[DONE] calibration__3421__clean__shuffled__r0 bl=-1 gwad+=-1 t=4.2s
[DONE] calibration__3421__clean__shuffled__r1 bl=-1 gwad+=-1 t=3.9s
[DONE] calibration__3421__clean__shuffled__r2 bl=-1 gwad+=-1 t=3.8s
[DONE] calibration__3421__clean__shuffled__r3 bl=-1 gwad+=-1 t=3.7s
[DONE] calibration__3421__clean__shuffled__r4 bl=-1 gwad+=-1 t=4.2s
[DONE] calibration__3421__clean__shuffled__r5 bl=-1 gwad+=-1 t=3.7s
[DONE] calibration__3421__clean__shuffled__r6 bl=-1 gwad+=-1 t=4.0s
[DONE] calibration__3421__clean__shuffled__r7 bl=-1 gwad+=-1 t=3.6s
[DONE] calibration__3421__clean__shuffled__r8 bl=-1 gwad+=-1 t=3.9s
[DONE] calibration__3421__clean__shuffled__r9 bl=-1 gwad+=-1 t=3.8s
[DONE] calibration__3421__clean__noise__r0 bl=-1 gwad+=259 t=4.2s
[DONE] calibration__3421__clean__sweep__r0 bl=498 gwad+=259 t=3.4s
[DONE] calibration__738__clean__shuffled__r0 bl=-1 gwad+=-1 t=4.0s
[DONE] calibration__738__clean__shuffled__r1 bl=-1 gwad+=-1 t=3.8s
[DONE] calibration__738__clean__shuffled__r2 bl=-1 gwad+=-1 t=3.9s
[DONE] calibration__738__clean__shuffled__r3 bl=-1 gwad+=-1 t=3.9s
[DONE] calibration__738__clean__shuffled__r4 bl=-1 gwad+=-1 t=4.1s
[DONE] calibration__738__clean__shuffled__r5 bl=-1 gwad+=-1 t=3.7s
[DONE] calibration__738__clean__shuffled__r6 bl=-1 gwad+=-1 t=3.9s
[DONE] calibration__738__clean__shuffled__r7 bl=-1 gwad+=-1 t=3.9s
[DONE] calibration__738__clean__shuffled__r8 bl=-1 gwad+=-1 t=3.9s
[DONE] calibration__738__clean__shuffled__r9 bl=-1 gwad+=-1 t=3.9s
[DONE] calibration__738__clean__noise__r0 bl=-1 gwad+=259 t=4.3s
[DONE] calibration__738__clean__sweep__r0 bl=3 gwad+=259 t=3.4s
[DONE] calibration__6417__clean__shuffled__r0 bl=-1 gwad+=-1 t=4.0s
[DONE] calibration__6417__clean__shuffled__r1 bl=-1 gwad+=-1 t=4.3s
[DONE] calibration__6417__clean__shuffled__r2 bl=-1 gwad+=-1 t=3.8s
[DONE] calibration__6417__clean__shuffled__r3 bl=-1 gwad+=-1 t=3.9s
[DONE] calibration__6417__clean__shuffled__r4 bl=-1 gwad+=-1 t=3.8s
[DONE] calibration__6417__clean__shuffled__r5 bl=-1 gwad+=-1 t=3.8s
[DONE] calibration__6417__clean__shuffled__r6 bl=-1 gwad+=-1 t=3.7s
[DONE] calibration__6417__clean__shuffled__r7 bl=-1 gwad+=-1 t=3.9s
[DONE] calibration__6417__clean__shuffled__r8 bl=-1 gwad+=-1 t=3.9s
[DONE] calibration__6417__clean__shuffled__r9 bl=-1 gwad+=-1 t=3.8s
[DONE] calibration__6417__clean__noise__r0 bl=-1 gwad+=259 t=3.9s
[DONE] calibration__6417__clean__sweep__r0 bl=616 gwad+=259 t=3.5s
[DONE] calibration__2985__clean__shuffled__r0 bl=-1 gwad+=-1 t=3.8s
[DONE] calibration__2985__clean__shuffled__r1 bl=-1 gwad+=-1 t=4.0s
[DONE] calibration__2985__clean__shuffled__r2 bl=-1 gwad+=-1 t=3.8s
[DONE] calibration__2985__clean__shuffled__r3 bl=-1 gwad+=-1 t=3.8s
[DONE] calibration__2985__clean__shuffled__r4 bl=-1 gwad+=-1 t=4.0s
[DONE] calibration__2985__clean__shuffled__r5 bl=-1 gwad+=-1 t=3.9s
[DONE] calibration__2985__clean__shuffled__r6 bl=-1 gwad+=-1 t=3.6s
[DONE] calibration__2985__clean__shuffled__r7 bl=-1 gwad+=-1 t=4.0s
[DONE] calibration__2985__clean__shuffled__r8 bl=-1 gwad+=-1 t=4.0s
[DONE] calibration__2985__clean__shuffled__r9 bl=-1 gwad+=-1 t=3.9s
[DONE] calibration__2985__clean__noise__r0 bl=-1 gwad+=259 t=4.2s
[DONE] calibration__2985__clean__sweep__r0 bl=227 gwad+=259 t=3.3s
[DONE] calibration__9917__clean__shuffled__r0 bl=-1 gwad+=-1 t=4.2s
[DONE] calibration__9917__clean__shuffled__r1 bl=-1 gwad+=-1 t=3.9s
[DONE] calibration__9917__clean__shuffled__r2 bl=-1 gwad+=-1 t=3.8s
[DONE] calibration__9917__clean__shuffled__r3 bl=-1 gwad+=-1 t=3.9s
[DONE] calibration__9917__clean__shuffled__r4 bl=-1 gwad+=-1 t=4.1s
[DONE] calibration__9917__clean__shuffled__r5 bl=-1 gwad+=-1 t=3.9s
[DONE] calibration__9917__clean__shuffled__r6 bl=-1 gwad+=-1 t=3.9s
[DONE] calibration__9917__clean__shuffled__r7 bl=-1 gwad+=-1 t=3.8s
[DONE] calibration__9917__clean__shuffled__r8 bl=-1 gwad+=-1 t=4.0s
[DONE] calibration__9917__clean__shuffled__r9 bl=-1 gwad+=-1 t=4.0s
[DONE] calibration__9917__clean__noise__r0 bl=-1 gwad+=259 t=4.2s
[DONE] calibration__9917__clean__sweep__r0 bl=226 gwad+=259 t=3.5s
[DONE] calibration__6769__clean__shuffled__r0 bl=-1 gwad+=-1 t=3.7s
[DONE] calibration__6769__clean__shuffled__r1 bl=-1 gwad+=-1 t=4.0s
[DONE] calibration__6769__clean__shuffled__r2 bl=290 gwad+=-1 t=3.8s
[DONE] calibration__6769__clean__shuffled__r3 bl=-1 gwad+=-1 t=4.1s
[DONE] calibration__6769__clean__shuffled__r4 bl=-1 gwad+=-1 t=4.0s
[DONE] calibration__6769__clean__shuffled__r5 bl=-1 gwad+=-1 t=4.0s
[DONE] calibration__6769__clean__shuffled__r6 bl=-1 gwad+=-1 t=4.0s
[DONE] calibration__6769__clean__shuffled__r7 bl=-1 gwad+=-1 t=4.0s
[DONE] calibration__6769__clean__shuffled__r8 bl=-1 gwad+=-1 t=4.0s
[DONE] calibration__6769__clean__shuffled__r9 bl=-1 gwad+=-1 t=3.9s
[DONE] calibration__6769__clean__noise__r0 bl=-1 gwad+=259 t=4.0s
[DONE] calibration__6769__clean__sweep__r0 bl=33 gwad+=259 t=3.3s
[DONE] calibration__807__clean__shuffled__r0 bl=-1 gwad+=-1 t=4.0s
[DONE] calibration__807__clean__shuffled__r1 bl=-1 gwad+=-1 t=3.9s
[DONE] calibration__807__clean__shuffled__r2 bl=-1 gwad+=-1 t=4.1s
[DONE] calibration__807__clean__shuffled__r3 bl=-1 gwad+=-1 t=3.9s
[DONE] calibration__807__clean__shuffled__r4 bl=-1 gwad+=-1 t=3.9s
[DONE] calibration__807__clean__shuffled__r5 bl=-1 gwad+=-1 t=3.8s
[DONE] calibration__807__clean__shuffled__r6 bl=-1 gwad+=-1 t=4.0s
[DONE] calibration__807__clean__shuffled__r7 bl=-1 gwad+=-1 t=3.8s
[DONE] calibration__807__clean__shuffled__r8 bl=-1 gwad+=-1 t=3.9s
[DONE] calibration__807__clean__shuffled__r9 bl=-1 gwad+=-1 t=3.8s
[DONE] calibration__807__clean__noise__r0 bl=-1 gwad+=292 t=4.1s
[DONE] calibration__807__clean__sweep__r0 bl=326 gwad+=259 t=3.4s
[DONE] calibration__7422__clean__shuffled__r0 bl=-1 gwad+=-1 t=3.9s
[DONE] calibration__7422__clean__shuffled__r1 bl=-1 gwad+=-1 t=3.9s
[DONE] calibration__7422__clean__shuffled__r2 bl=-1 gwad+=-1 t=4.1s
[DONE] calibration__7422__clean__shuffled__r3 bl=-1 gwad+=-1 t=3.9s
[DONE] calibration__7422__clean__shuffled__r4 bl=-1 gwad+=-1 t=3.9s
[DONE] calibration__7422__clean__shuffled__r5 bl=-1 gwad+=-1 t=4.0s
[DONE] calibration__7422__clean__shuffled__r6 bl=-1 gwad+=-1 t=4.0s
[DONE] calibration__7422__clean__shuffled__r7 bl=-1 gwad+=-1 t=3.8s
[DONE] calibration__7422__clean__shuffled__r8 bl=-1 gwad+=-1 t=3.9s
[DONE] calibration__7422__clean__shuffled__r9 bl=-1 gwad+=-1 t=3.9s
[DONE] calibration__7422__clean__noise__r0 bl=-1 gwad+=259 t=4.1s
[DONE] calibration__7422__clean__sweep__r0 bl=116 gwad+=259 t=3.5s
[DONE] calibration__1908__clean__shuffled__r0 bl=-1 gwad+=-1 t=3.9s
[DONE] calibration__1908__clean__shuffled__r1 bl=-1 gwad+=-1 t=3.8s
[DONE] calibration__1908__clean__shuffled__r2 bl=-1 gwad+=-1 t=3.8s
[DONE] calibration__1908__clean__shuffled__r3 bl=-1 gwad+=-1 t=4.0s
[DONE] calibration__1908__clean__shuffled__r4 bl=-1 gwad+=-1 t=3.9s
[DONE] calibration__1908__clean__shuffled__r5 bl=-1 gwad+=-1 t=3.9s
[DONE] calibration__1908__clean__shuffled__r6 bl=-1 gwad+=-1 t=3.8s
[DONE] calibration__1908__clean__shuffled__r7 bl=-1 gwad+=-1 t=4.0s
[DONE] calibration__1908__clean__shuffled__r8 bl=-1 gwad+=-1 t=4.0s
[DONE] calibration__1908__clean__shuffled__r9 bl=-1 gwad+=-1 t=3.8s
[DONE] calibration__1908__clean__noise__r0 bl=-1 gwad+=259 t=4.0s
[DONE] calibration__1908__clean__sweep__r0 bl=290 gwad+=259 t=3.3s
[DONE] calibration__9640__clean__shuffled__r0 bl=-1 gwad+=-1 t=4.2s
[DONE] calibration__9640__clean__shuffled__r1 bl=-1 gwad+=-1 t=4.1s
[DONE] calibration__9640__clean__shuffled__r2 bl=-1 gwad+=-1 t=3.7s
[DONE] calibration__9640__clean__shuffled__r3 bl=-1 gwad+=-1 t=4.1s
[DONE] calibration__9640__clean__shuffled__r4 bl=-1 gwad+=-1 t=3.8s
[DONE] calibration__9640__clean__shuffled__r5 bl=-1 gwad+=-1 t=4.1s
[DONE] calibration__9640__clean__shuffled__r6 bl=-1 gwad+=-1 t=4.0s
[DONE] calibration__9640__clean__shuffled__r7 bl=-1 gwad+=-1 t=3.8s
[DONE] calibration__9640__clean__shuffled__r8 bl=-1 gwad+=-1 t=4.0s
[DONE] calibration__9640__clean__shuffled__r9 bl=-1 gwad+=-1 t=4.0s
[DONE] calibration__9640__clean__noise__r0 bl=-1 gwad+=259 t=4.1s
[DONE] calibration__9640__clean__sweep__r0 bl=35 gwad+=259 t=3.4s
[DONE] calibration__6803__clean__shuffled__r0 bl=-1 gwad+=-1 t=4.0s
[DONE] calibration__6803__clean__shuffled__r1 bl=-1 gwad+=-1 t=4.0s
[DONE] calibration__6803__clean__shuffled__r2 bl=-1 gwad+=-1 t=4.1s
[DONE] calibration__6803__clean__shuffled__r3 bl=-1 gwad+=-1 t=3.8s
[DONE] calibration__6803__clean__shuffled__r4 bl=-1 gwad+=-1 t=3.8s
[DONE] calibration__6803__clean__shuffled__r5 bl=-1 gwad+=-1 t=3.8s
[DONE] calibration__6803__clean__shuffled__r6 bl=-1 gwad+=-1 t=4.0s
[DONE] calibration__6803__clean__shuffled__r7 bl=-1 gwad+=-1 t=4.0s
[DONE] calibration__6803__clean__shuffled__r8 bl=-1 gwad+=-1 t=4.0s
[DONE] calibration__6803__clean__shuffled__r9 bl=-1 gwad+=-1 t=4.0s
[DONE] calibration__6803__clean__noise__r0 bl=-1 gwad+=260 t=4.2s
[DONE] calibration__6803__clean__sweep__r0 bl=37 gwad+=259 t=3.3s
[DONE] calibration__99__clean__shuffled__r0 bl=-1 gwad+=-1 t=3.9s
[DONE] calibration__99__clean__shuffled__r1 bl=-1 gwad+=-1 t=3.9s
[DONE] calibration__99__clean__shuffled__r2 bl=-1 gwad+=-1 t=3.9s
[DONE] calibration__99__clean__shuffled__r3 bl=-1 gwad+=-1 t=3.9s
[DONE] calibration__99__clean__shuffled__r4 bl=-1 gwad+=-1 t=3.8s
[DONE] calibration__99__clean__shuffled__r5 bl=-1 gwad+=-1 t=4.1s
[DONE] calibration__99__clean__shuffled__r6 bl=-1 gwad+=-1 t=3.9s
[DONE] calibration__99__clean__shuffled__r7 bl=-1 gwad+=-1 t=4.0s
[DONE] calibration__99__clean__shuffled__r8 bl=-1 gwad+=-1 t=3.8s
[DONE] calibration__99__clean__shuffled__r9 bl=-1 gwad+=-1 t=4.0s
[DONE] calibration__99__clean__noise__r0 bl=-1 gwad+=259 t=4.1s
[DONE] calibration__99__clean__sweep__r0 bl=28 gwad+=259 t=3.5s
[DONE] calibration__5811__clean__shuffled__r0 bl=-1 gwad+=-1 t=4.2s
[DONE] calibration__5811__clean__shuffled__r1 bl=-1 gwad+=-1 t=4.0s
[DONE] calibration__5811__clean__shuffled__r2 bl=-1 gwad+=-1 t=4.1s
[DONE] calibration__5811__clean__shuffled__r3 bl=-1 gwad+=-1 t=3.8s
[DONE] calibration__5811__clean__shuffled__r4 bl=-1 gwad+=-1 t=3.9s
[DONE] calibration__5811__clean__shuffled__r5 bl=-1 gwad+=-1 t=4.0s
[DONE] calibration__5811__clean__shuffled__r6 bl=-1 gwad+=-1 t=4.0s
[DONE] calibration__5811__clean__shuffled__r7 bl=-1 gwad+=-1 t=3.8s
[DONE] calibration__5811__clean__shuffled__r8 bl=-1 gwad+=-1 t=3.8s
[DONE] calibration__5811__clean__shuffled__r9 bl=-1 gwad+=-1 t=4.0s
[DONE] calibration__5811__clean__noise__r0 bl=-1 gwad+=259 t=4.0s
[DONE] calibration__5811__clean__sweep__r0 bl=2 gwad+=259 t=3.4s
[DONE] calibration__3803__clean__shuffled__r0 bl=-1 gwad+=-1 t=3.9s
[DONE] calibration__3803__clean__shuffled__r1 bl=-1 gwad+=-1 t=3.9s
[DONE] calibration__3803__clean__shuffled__r2 bl=-1 gwad+=-1 t=3.9s
[DONE] calibration__3803__clean__shuffled__r3 bl=-1 gwad+=-1 t=3.9s
[DONE] calibration__3803__clean__shuffled__r4 bl=-1 gwad+=-1 t=3.9s
[DONE] calibration__3803__clean__shuffled__r5 bl=-1 gwad+=-1 t=4.2s
[DONE] calibration__3803__clean__shuffled__r6 bl=-1 gwad+=-1 t=4.0s
[DONE] calibration__3803__clean__shuffled__r7 bl=-1 gwad+=-1 t=4.1s
[DONE] calibration__3803__clean__shuffled__r8 bl=-1 gwad+=-1 t=3.9s
[DONE] calibration__3803__clean__shuffled__r9 bl=-1 gwad+=-1 t=4.0s
[DONE] calibration__3803__clean__noise__r0 bl=-1 gwad+=259 t=4.1s
[DONE] calibration__3803__clean__sweep__r0 bl=33 gwad+=259 t=3.2s
[DONE] calibration__7030__clean__shuffled__r0 bl=-1 gwad+=-1 t=4.0s
[DONE] calibration__7030__clean__shuffled__r1 bl=-1 gwad+=-1 t=4.0s
[DONE] calibration__7030__clean__shuffled__r2 bl=-1 gwad+=-1 t=4.0s
[DONE] calibration__7030__clean__shuffled__r3 bl=-1 gwad+=-1 t=3.9s
[DONE] calibration__7030__clean__shuffled__r4 bl=-1 gwad+=-1 t=4.0s
[DONE] calibration__7030__clean__shuffled__r5 bl=-1 gwad+=-1 t=3.8s
[DONE] calibration__7030__clean__shuffled__r6 bl=-1 gwad+=-1 t=4.1s
[DONE] calibration__7030__clean__shuffled__r7 bl=-1 gwad+=-1 t=3.8s
[DONE] calibration__7030__clean__shuffled__r8 bl=-1 gwad+=-1 t=4.1s
[DONE] calibration__7030__clean__shuffled__r9 bl=-1 gwad+=-1 t=3.7s
[DONE] calibration__7030__clean__noise__r0 bl=-1 gwad+=259 t=4.1s
[DONE] calibration__7030__clean__sweep__r0 bl=322 gwad+=259 t=3.6s
[DONE] calibration__5945__clean__shuffled__r0 bl=-1 gwad+=-1 t=4.0s
[DONE] calibration__5945__clean__shuffled__r1 bl=-1 gwad+=-1 t=3.9s
[DONE] calibration__5945__clean__shuffled__r2 bl=-1 gwad+=-1 t=3.7s
[DONE] calibration__5945__clean__shuffled__r3 bl=-1 gwad+=-1 t=4.0s
[DONE] calibration__5945__clean__shuffled__r4 bl=-1 gwad+=-1 t=3.7s
[DONE] calibration__5945__clean__shuffled__r5 bl=-1 gwad+=-1 t=3.9s
[DONE] calibration__5945__clean__shuffled__r6 bl=711 gwad+=-1 t=4.1s
[DONE] calibration__5945__clean__shuffled__r7 bl=-1 gwad+=-1 t=3.9s
[DONE] calibration__5945__clean__shuffled__r8 bl=-1 gwad+=-1 t=4.0s
[DONE] calibration__5945__clean__shuffled__r9 bl=-1 gwad+=-1 t=3.8s
[DONE] calibration__5945__clean__noise__r0 bl=-1 gwad+=259 t=3.9s
[DONE] calibration__5945__clean__sweep__r0 bl=614 gwad+=259 t=3.5s
[DONE] evaluation__791__clean__shuffled__r0 bl=-1 gwad+=-1 t=3.9s
[DONE] evaluation__791__clean__shuffled__r1 bl=-1 gwad+=-1 t=3.9s
[DONE] evaluation__791__clean__shuffled__r2 bl=-1 gwad+=-1 t=4.0s
[DONE] evaluation__791__clean__shuffled__r3 bl=-1 gwad+=-1 t=3.9s
[DONE] evaluation__791__clean__shuffled__r4 bl=-1 gwad+=-1 t=3.9s
[DONE] evaluation__791__clean__shuffled__r5 bl=-1 gwad+=-1 t=4.0s
[DONE] evaluation__791__clean__shuffled__r6 bl=-1 gwad+=-1 t=4.0s
[DONE] evaluation__791__clean__shuffled__r7 bl=-1 gwad+=-1 t=3.8s
[DONE] evaluation__791__clean__shuffled__r8 bl=-1 gwad+=-1 t=4.0s
[DONE] evaluation__791__clean__shuffled__r9 bl=-1 gwad+=-1 t=4.1s
[DONE] evaluation__791__clean__noise__r0 bl=-1 gwad+=259 t=4.1s
[DONE] evaluation__791__clean__sweep__r0 bl=62 gwad+=259 t=3.3s
[DONE] evaluation__5857__clean__shuffled__r0 bl=-1 gwad+=-1 t=3.7s
[DONE] evaluation__5857__clean__shuffled__r1 bl=-1 gwad+=-1 t=3.9s
[DONE] evaluation__5857__clean__shuffled__r2 bl=-1 gwad+=-1 t=3.8s
[DONE] evaluation__5857__clean__shuffled__r3 bl=-1 gwad+=-1 t=3.9s
[DONE] evaluation__5857__clean__shuffled__r4 bl=-1 gwad+=-1 t=4.0s
[DONE] evaluation__5857__clean__shuffled__r5 bl=-1 gwad+=-1 t=4.0s
[DONE] evaluation__5857__clean__shuffled__r6 bl=-1 gwad+=-1 t=4.1s
[DONE] evaluation__5857__clean__shuffled__r7 bl=-1 gwad+=-1 t=3.9s
[DONE] evaluation__5857__clean__shuffled__r8 bl=-1 gwad+=-1 t=3.9s
[DONE] evaluation__5857__clean__shuffled__r9 bl=-1 gwad+=-1 t=3.9s
[DONE] evaluation__5857__clean__noise__r0 bl=-1 gwad+=261 t=4.1s
[DONE] evaluation__5857__clean__sweep__r0 bl=327 gwad+=259 t=3.4s
[DONE] evaluation__8031__clean__shuffled__r0 bl=-1 gwad+=-1 t=3.9s
[DONE] evaluation__8031__clean__shuffled__r1 bl=-1 gwad+=-1 t=3.8s
[DONE] evaluation__8031__clean__shuffled__r2 bl=-1 gwad+=-1 t=3.8s
[DONE] evaluation__8031__clean__shuffled__r3 bl=-1 gwad+=-1 t=3.7s
[DONE] evaluation__8031__clean__shuffled__r4 bl=-1 gwad+=-1 t=3.7s
[DONE] evaluation__8031__clean__shuffled__r5 bl=-1 gwad+=-1 t=3.7s
[DONE] evaluation__8031__clean__shuffled__r6 bl=-1 gwad+=-1 t=3.8s
[DONE] evaluation__8031__clean__shuffled__r7 bl=-1 gwad+=-1 t=3.9s
[DONE] evaluation__8031__clean__shuffled__r8 bl=-1 gwad+=-1 t=4.0s
[DONE] evaluation__8031__clean__shuffled__r9 bl=-1 gwad+=-1 t=4.0s
[DONE] evaluation__8031__clean__noise__r0 bl=-1 gwad+=259 t=4.3s
[DONE] evaluation__8031__clean__sweep__r0 bl=125 gwad+=259 t=3.4s
[DONE] evaluation__9991__clean__shuffled__r0 bl=-1 gwad+=-1 t=3.9s
[DONE] evaluation__9991__clean__shuffled__r1 bl=-1 gwad+=-1 t=4.0s
[DONE] evaluation__9991__clean__shuffled__r2 bl=-1 gwad+=-1 t=3.7s
[DONE] evaluation__9991__clean__shuffled__r3 bl=-1 gwad+=-1 t=4.0s
[DONE] evaluation__9991__clean__shuffled__r4 bl=-1 gwad+=-1 t=3.8s
[DONE] evaluation__9991__clean__shuffled__r5 bl=-1 gwad+=-1 t=3.7s
[DONE] evaluation__9991__clean__shuffled__r6 bl=-1 gwad+=-1 t=3.9s
[DONE] evaluation__9991__clean__shuffled__r7 bl=-1 gwad+=-1 t=4.0s
[DONE] evaluation__9991__clean__shuffled__r8 bl=-1 gwad+=-1 t=3.8s
[DONE] evaluation__9991__clean__shuffled__r9 bl=-1 gwad+=-1 t=3.8s
[DONE] evaluation__9991__clean__noise__r0 bl=-1 gwad+=259 t=4.2s
[DONE] evaluation__9991__clean__sweep__r0 bl=50 gwad+=259 t=3.4s
[DONE] evaluation__1882__clean__shuffled__r0 bl=-1 gwad+=-1 t=4.1s
[DONE] evaluation__1882__clean__shuffled__r1 bl=-1 gwad+=-1 t=4.2s
[DONE] evaluation__1882__clean__shuffled__r2 bl=-1 gwad+=-1 t=3.9s
[DONE] evaluation__1882__clean__shuffled__r3 bl=-1 gwad+=-1 t=3.9s
[DONE] evaluation__1882__clean__shuffled__r4 bl=-1 gwad+=-1 t=3.9s
[DONE] evaluation__1882__clean__shuffled__r5 bl=-1 gwad+=-1 t=4.1s
[DONE] evaluation__1882__clean__shuffled__r6 bl=-1 gwad+=-1 t=4.1s
[DONE] evaluation__1882__clean__shuffled__r7 bl=-1 gwad+=-1 t=3.8s
[DONE] evaluation__1882__clean__shuffled__r8 bl=-1 gwad+=-1 t=3.9s
[DONE] evaluation__1882__clean__shuffled__r9 bl=-1 gwad+=-1 t=3.8s
[DONE] evaluation__1882__clean__noise__r0 bl=-1 gwad+=259 t=4.2s
[DONE] evaluation__1882__clean__sweep__r0 bl=37 gwad+=259 t=3.5s
[DONE] evaluation__6789__clean__shuffled__r0 bl=-1 gwad+=-1 t=3.9s
[DONE] evaluation__6789__clean__shuffled__r1 bl=-1 gwad+=-1 t=3.9s
[DONE] evaluation__6789__clean__shuffled__r2 bl=-1 gwad+=-1 t=4.0s
[DONE] evaluation__6789__clean__shuffled__r3 bl=-1 gwad+=-1 t=4.0s
[DONE] evaluation__6789__clean__shuffled__r4 bl=-1 gwad+=-1 t=3.8s
[DONE] evaluation__6789__clean__shuffled__r5 bl=-1 gwad+=-1 t=3.7s
[DONE] evaluation__6789__clean__shuffled__r6 bl=-1 gwad+=-1 t=4.2s
[DONE] evaluation__6789__clean__shuffled__r7 bl=-1 gwad+=-1 t=3.9s
[DONE] evaluation__6789__clean__shuffled__r8 bl=-1 gwad+=-1 t=3.8s
[DONE] evaluation__6789__clean__shuffled__r9 bl=-1 gwad+=-1 t=3.9s
[DONE] evaluation__6789__clean__noise__r0 bl=-1 gwad+=259 t=4.4s
[DONE] evaluation__6789__clean__sweep__r0 bl=37 gwad+=259 t=3.6s
[DONE] evaluation__8366__clean__shuffled__r0 bl=-1 gwad+=-1 t=4.0s
[DONE] evaluation__8366__clean__shuffled__r1 bl=-1 gwad+=-1 t=3.9s
[DONE] evaluation__8366__clean__shuffled__r2 bl=-1 gwad+=-1 t=4.0s
[DONE] evaluation__8366__clean__shuffled__r3 bl=-1 gwad+=-1 t=3.6s
[DONE] evaluation__8366__clean__shuffled__r4 bl=-1 gwad+=-1 t=4.0s
[DONE] evaluation__8366__clean__shuffled__r5 bl=-1 gwad+=-1 t=3.9s
[DONE] evaluation__8366__clean__shuffled__r6 bl=-1 gwad+=-1 t=3.9s
[DONE] evaluation__8366__clean__shuffled__r7 bl=-1 gwad+=-1 t=4.1s
[DONE] evaluation__8366__clean__shuffled__r8 bl=-1 gwad+=-1 t=4.1s
[DONE] evaluation__8366__clean__shuffled__r9 bl=-1 gwad+=-1 t=3.8s
[DONE] evaluation__8366__clean__noise__r0 bl=-1 gwad+=259 t=3.9s
[DONE] evaluation__8366__clean__sweep__r0 bl=322 gwad+=259 t=3.6s
[DONE] evaluation__1709__clean__shuffled__r0 bl=-1 gwad+=-1 t=3.8s
[DONE] evaluation__1709__clean__shuffled__r1 bl=-1 gwad+=-1 t=4.0s
[DONE] evaluation__1709__clean__shuffled__r2 bl=-1 gwad+=-1 t=3.9s
[DONE] evaluation__1709__clean__shuffled__r3 bl=-1 gwad+=-1 t=3.9s
[DONE] evaluation__1709__clean__shuffled__r4 bl=-1 gwad+=-1 t=3.9s
[DONE] evaluation__1709__clean__shuffled__r5 bl=-1 gwad+=-1 t=4.1s
[DONE] evaluation__1709__clean__shuffled__r6 bl=-1 gwad+=-1 t=3.8s
[DONE] evaluation__1709__clean__shuffled__r7 bl=-1 gwad+=-1 t=3.8s
[DONE] evaluation__1709__clean__shuffled__r8 bl=-1 gwad+=-1 t=4.0s
[DONE] evaluation__1709__clean__shuffled__r9 bl=-1 gwad+=-1 t=4.2s
[DONE] evaluation__1709__clean__noise__r0 bl=-1 gwad+=260 t=4.0s
[DONE] evaluation__1709__clean__sweep__r0 bl=481 gwad+=259 t=3.5s
[DONE] evaluation__4035__clean__shuffled__r0 bl=-1 gwad+=-1 t=3.9s
[DONE] evaluation__4035__clean__shuffled__r1 bl=-1 gwad+=-1 t=3.7s
[DONE] evaluation__4035__clean__shuffled__r2 bl=-1 gwad+=-1 t=4.0s
[DONE] evaluation__4035__clean__shuffled__r3 bl=-1 gwad+=-1 t=3.9s
[DONE] evaluation__4035__clean__shuffled__r4 bl=-1 gwad+=-1 t=3.8s
[DONE] evaluation__4035__clean__shuffled__r5 bl=-1 gwad+=-1 t=3.8s
[DONE] evaluation__4035__clean__shuffled__r6 bl=-1 gwad+=-1 t=3.9s
[DONE] evaluation__4035__clean__shuffled__r7 bl=-1 gwad+=-1 t=3.8s
[DONE] evaluation__4035__clean__shuffled__r8 bl=-1 gwad+=-1 t=4.0s
[DONE] evaluation__4035__clean__shuffled__r9 bl=-1 gwad+=-1 t=3.6s
[DONE] evaluation__4035__clean__noise__r0 bl=-1 gwad+=259 t=4.1s
[DONE] evaluation__4035__clean__sweep__r0 bl=3 gwad+=259 t=3.1s
[DONE] evaluation__7855__clean__shuffled__r0 bl=-1 gwad+=-1 t=3.8s
[DONE] evaluation__7855__clean__shuffled__r1 bl=-1 gwad+=-1 t=4.0s
[DONE] evaluation__7855__clean__shuffled__r2 bl=-1 gwad+=-1 t=3.8s
[DONE] evaluation__7855__clean__shuffled__r3 bl=-1 gwad+=-1 t=4.2s
[DONE] evaluation__7855__clean__shuffled__r4 bl=-1 gwad+=-1 t=4.1s
[DONE] evaluation__7855__clean__shuffled__r5 bl=-1 gwad+=-1 t=4.0s
[DONE] evaluation__7855__clean__shuffled__r6 bl=-1 gwad+=-1 t=4.1s
[DONE] evaluation__7855__clean__shuffled__r7 bl=-1 gwad+=-1 t=3.8s
[DONE] evaluation__7855__clean__shuffled__r8 bl=-1 gwad+=-1 t=3.9s
[DONE] evaluation__7855__clean__shuffled__r9 bl=-1 gwad+=-1 t=4.0s
[DONE] evaluation__7855__clean__noise__r0 bl=-1 gwad+=259 t=4.0s
[DONE] evaluation__7855__clean__sweep__r0 bl=609 gwad+=259 t=3.7s
[DONE] evaluation__1518__clean__shuffled__r0 bl=-1 gwad+=-1 t=3.9s
[DONE] evaluation__1518__clean__shuffled__r1 bl=-1 gwad+=-1 t=3.9s
[DONE] evaluation__1518__clean__shuffled__r2 bl=-1 gwad+=-1 t=4.0s
[DONE] evaluation__1518__clean__shuffled__r3 bl=-1 gwad+=-1 t=3.7s
[DONE] evaluation__1518__clean__shuffled__r4 bl=-1 gwad+=-1 t=4.0s
[DONE] evaluation__1518__clean__shuffled__r5 bl=-1 gwad+=-1 t=3.9s
[DONE] evaluation__1518__clean__shuffled__r6 bl=-1 gwad+=-1 t=3.9s
[DONE] evaluation__1518__clean__shuffled__r7 bl=-1 gwad+=-1 t=3.8s
[DONE] evaluation__1518__clean__shuffled__r8 bl=-1 gwad+=-1 t=4.0s
[DONE] evaluation__1518__clean__shuffled__r9 bl=-1 gwad+=-1 t=4.0s
[DONE] evaluation__1518__clean__noise__r0 bl=-1 gwad+=259 t=4.1s
[DONE] evaluation__1518__clean__sweep__r0 bl=328 gwad+=259 t=3.4s
[DONE] evaluation__4785__clean__shuffled__r0 bl=-1 gwad+=-1 t=3.7s
[DONE] evaluation__4785__clean__shuffled__r1 bl=-1 gwad+=-1 t=3.9s
[DONE] evaluation__4785__clean__shuffled__r2 bl=-1 gwad+=-1 t=3.9s
[DONE] evaluation__4785__clean__shuffled__r3 bl=-1 gwad+=-1 t=4.0s
[DONE] evaluation__4785__clean__shuffled__r4 bl=-1 gwad+=-1 t=3.7s
[DONE] evaluation__4785__clean__shuffled__r5 bl=-1 gwad+=-1 t=4.1s
[DONE] evaluation__4785__clean__shuffled__r6 bl=-1 gwad+=-1 t=3.8s
[DONE] evaluation__4785__clean__shuffled__r7 bl=-1 gwad+=-1 t=3.8s
[DONE] evaluation__4785__clean__shuffled__r8 bl=-1 gwad+=-1 t=3.9s
[DONE] evaluation__4785__clean__shuffled__r9 bl=-1 gwad+=-1 t=4.0s
[DONE] evaluation__4785__clean__noise__r0 bl=-1 gwad+=259 t=4.3s
[DONE] evaluation__4785__clean__sweep__r0 bl=329 gwad+=259 t=3.4s
[DONE] evaluation__6340__clean__shuffled__r0 bl=-1 gwad+=-1 t=3.9s
[DONE] evaluation__6340__clean__shuffled__r1 bl=-1 gwad+=-1 t=3.8s
[DONE] evaluation__6340__clean__shuffled__r2 bl=-1 gwad+=-1 t=4.0s
[DONE] evaluation__6340__clean__shuffled__r3 bl=-1 gwad+=-1 t=4.1s
[DONE] evaluation__6340__clean__shuffled__r4 bl=-1 gwad+=-1 t=3.8s
[DONE] evaluation__6340__clean__shuffled__r5 bl=-1 gwad+=-1 t=3.9s
[DONE] evaluation__6340__clean__shuffled__r6 bl=-1 gwad+=-1 t=3.8s
[DONE] evaluation__6340__clean__shuffled__r7 bl=-1 gwad+=-1 t=4.0s
[DONE] evaluation__6340__clean__shuffled__r8 bl=-1 gwad+=-1 t=3.9s
[DONE] evaluation__6340__clean__shuffled__r9 bl=-1 gwad+=-1 t=3.8s
[DONE] evaluation__6340__clean__noise__r0 bl=-1 gwad+=259 t=4.2s
[DONE] evaluation__6340__clean__sweep__r0 bl=34 gwad+=259 t=3.3s
[DONE] evaluation__9839__clean__shuffled__r0 bl=-1 gwad+=-1 t=4.0s
[DONE] evaluation__9839__clean__shuffled__r1 bl=-1 gwad+=-1 t=4.1s
[DONE] evaluation__9839__clean__shuffled__r2 bl=-1 gwad+=-1 t=3.9s
[DONE] evaluation__9839__clean__shuffled__r3 bl=-1 gwad+=-1 t=3.9s
[DONE] evaluation__9839__clean__shuffled__r4 bl=-1 gwad+=-1 t=3.6s
[DONE] evaluation__9839__clean__shuffled__r5 bl=-1 gwad+=-1 t=3.9s
[DONE] evaluation__9839__clean__shuffled__r6 bl=-1 gwad+=-1 t=4.0s
[DONE] evaluation__9839__clean__shuffled__r7 bl=-1 gwad+=-1 t=4.0s
[DONE] evaluation__9839__clean__shuffled__r8 bl=-1 gwad+=-1 t=4.0s
[DONE] evaluation__9839__clean__shuffled__r9 bl=-1 gwad+=-1 t=3.9s
[DONE] evaluation__9839__clean__noise__r0 bl=-1 gwad+=259 t=4.2s
[DONE] evaluation__9839__clean__sweep__r0 bl=609 gwad+=259 t=3.5s
[DONE] evaluation__3692__clean__shuffled__r0 bl=-1 gwad+=-1 t=3.9s
[DONE] evaluation__3692__clean__shuffled__r1 bl=-1 gwad+=-1 t=4.0s
[DONE] evaluation__3692__clean__shuffled__r2 bl=-1 gwad+=-1 t=3.9s
[DONE] evaluation__3692__clean__shuffled__r3 bl=-1 gwad+=-1 t=4.0s
[DONE] evaluation__3692__clean__shuffled__r4 bl=736 gwad+=-1 t=4.0s
[DONE] evaluation__3692__clean__shuffled__r5 bl=-1 gwad+=-1 t=4.0s
[DONE] evaluation__3692__clean__shuffled__r6 bl=-1 gwad+=-1 t=4.1s
[DONE] evaluation__3692__clean__shuffled__r7 bl=-1 gwad+=-1 t=3.9s
[DONE] evaluation__3692__clean__shuffled__r8 bl=-1 gwad+=-1 t=3.9s
[DONE] evaluation__3692__clean__shuffled__r9 bl=-1 gwad+=-1 t=3.8s
[DONE] evaluation__3692__clean__noise__r0 bl=-1 gwad+=259 t=4.1s
[DONE] evaluation__3692__clean__sweep__r0 bl=609 gwad+=259 t=3.4s
[DONE] evaluation__4362__clean__shuffled__r0 bl=-1 gwad+=-1 t=4.0s
[DONE] evaluation__4362__clean__shuffled__r1 bl=-1 gwad+=-1 t=3.9s
[DONE] evaluation__4362__clean__shuffled__r2 bl=-1 gwad+=-1 t=3.8s
[DONE] evaluation__4362__clean__shuffled__r3 bl=-1 gwad+=-1 t=3.9s
[DONE] evaluation__4362__clean__shuffled__r4 bl=-1 gwad+=-1 t=4.0s
[DONE] evaluation__4362__clean__shuffled__r5 bl=-1 gwad+=-1 t=3.8s
[DONE] evaluation__4362__clean__shuffled__r6 bl=-1 gwad+=-1 t=4.0s
[DONE] evaluation__4362__clean__shuffled__r7 bl=-1 gwad+=-1 t=4.0s
[DONE] evaluation__4362__clean__shuffled__r8 bl=-1 gwad+=-1 t=4.0s
[DONE] evaluation__4362__clean__shuffled__r9 bl=-1 gwad+=-1 t=3.8s
[DONE] evaluation__4362__clean__noise__r0 bl=-1 gwad+=259 t=4.1s
[DONE] evaluation__4362__clean__sweep__r0 bl=609 gwad+=259 t=3.8s
[DONE] evaluation__8540__clean__shuffled__r0 bl=-1 gwad+=-1 t=4.1s
[DONE] evaluation__8540__clean__shuffled__r1 bl=-1 gwad+=-1 t=4.1s
[DONE] evaluation__8540__clean__shuffled__r2 bl=-1 gwad+=-1 t=4.0s
[DONE] evaluation__8540__clean__shuffled__r3 bl=-1 gwad+=-1 t=3.9s
[DONE] evaluation__8540__clean__shuffled__r4 bl=-1 gwad+=-1 t=4.0s
[DONE] evaluation__8540__clean__shuffled__r5 bl=-1 gwad+=-1 t=3.9s
[DONE] evaluation__8540__clean__shuffled__r6 bl=-1 gwad+=-1 t=3.9s
[DONE] evaluation__8540__clean__shuffled__r7 bl=-1 gwad+=-1 t=4.0s
[DONE] evaluation__8540__clean__shuffled__r8 bl=-1 gwad+=-1 t=3.8s
[DONE] evaluation__8540__clean__shuffled__r9 bl=-1 gwad+=-1 t=4.1s
[DONE] evaluation__8540__clean__noise__r0 bl=-1 gwad+=307 t=4.1s
[DONE] evaluation__8540__clean__sweep__r0 bl=170 gwad+=259 t=3.0s
[DONE] evaluation__2281__clean__shuffled__r0 bl=-1 gwad+=-1 t=4.1s
[DONE] evaluation__2281__clean__shuffled__r1 bl=-1 gwad+=-1 t=3.9s
[DONE] evaluation__2281__clean__shuffled__r2 bl=-1 gwad+=-1 t=3.8s
[DONE] evaluation__2281__clean__shuffled__r3 bl=-1 gwad+=-1 t=3.9s
[DONE] evaluation__2281__clean__shuffled__r4 bl=-1 gwad+=-1 t=3.8s
[DONE] evaluation__2281__clean__shuffled__r5 bl=-1 gwad+=-1 t=3.9s
[DONE] evaluation__2281__clean__shuffled__r6 bl=-1 gwad+=-1 t=3.8s
[DONE] evaluation__2281__clean__shuffled__r7 bl=-1 gwad+=-1 t=4.0s
[DONE] evaluation__2281__clean__shuffled__r8 bl=-1 gwad+=-1 t=3.8s
[DONE] evaluation__2281__clean__shuffled__r9 bl=-1 gwad+=-1 t=3.9s
[DONE] evaluation__2281__clean__noise__r0 bl=-1 gwad+=259 t=4.2s
[DONE] evaluation__2281__clean__sweep__r0 bl=47 gwad+=259 t=3.4s
[DONE] evaluation__5615__clean__shuffled__r0 bl=-1 gwad+=-1 t=4.0s
[DONE] evaluation__5615__clean__shuffled__r1 bl=-1 gwad+=-1 t=3.9s
[DONE] evaluation__5615__clean__shuffled__r2 bl=-1 gwad+=-1 t=3.8s
[DONE] evaluation__5615__clean__shuffled__r3 bl=-1 gwad+=-1 t=3.9s
[DONE] evaluation__5615__clean__shuffled__r4 bl=-1 gwad+=-1 t=3.9s
[DONE] evaluation__5615__clean__shuffled__r5 bl=-1 gwad+=-1 t=4.0s
[DONE] evaluation__5615__clean__shuffled__r6 bl=-1 gwad+=-1 t=3.7s
[DONE] evaluation__5615__clean__shuffled__r7 bl=-1 gwad+=-1 t=3.7s
[DONE] evaluation__5615__clean__shuffled__r8 bl=-1 gwad+=-1 t=3.7s
[DONE] evaluation__5615__clean__shuffled__r9 bl=-1 gwad+=-1 t=4.0s
[DONE] evaluation__5615__clean__noise__r0 bl=-1 gwad+=259 t=4.0s
[DONE] evaluation__5615__clean__sweep__r0 bl=420 gwad+=259 t=3.2s
[DONE] evaluation__8789__clean__shuffled__r0 bl=-1 gwad+=-1 t=4.0s
[DONE] evaluation__8789__clean__shuffled__r1 bl=-1 gwad+=-1 t=3.8s
[DONE] evaluation__8789__clean__shuffled__r2 bl=-1 gwad+=-1 t=3.9s
[DONE] evaluation__8789__clean__shuffled__r3 bl=-1 gwad+=-1 t=3.8s
[DONE] evaluation__8789__clean__shuffled__r4 bl=-1 gwad+=-1 t=4.0s
[DONE] evaluation__8789__clean__shuffled__r5 bl=-1 gwad+=-1 t=3.9s
[DONE] evaluation__8789__clean__shuffled__r6 bl=-1 gwad+=-1 t=4.1s
[DONE] evaluation__8789__clean__shuffled__r7 bl=-1 gwad+=-1 t=3.9s
[DONE] evaluation__8789__clean__shuffled__r8 bl=-1 gwad+=-1 t=4.0s
[DONE] evaluation__8789__clean__shuffled__r9 bl=-1 gwad+=-1 t=4.1s
[DONE] evaluation__8789__clean__noise__r0 bl=-1 gwad+=259 t=4.2s
[DONE] evaluation__8789__clean__sweep__r0 bl=546 gwad+=259 t=3.3s
[DONE] evaluation__1147__clean__shuffled__r0 bl=-1 gwad+=-1 t=4.0s
[DONE] evaluation__1147__clean__shuffled__r1 bl=-1 gwad+=-1 t=3.9s
[DONE] evaluation__1147__clean__shuffled__r2 bl=-1 gwad+=-1 t=3.7s
[DONE] evaluation__1147__clean__shuffled__r3 bl=-1 gwad+=-1 t=3.8s
[DONE] evaluation__1147__clean__shuffled__r4 bl=-1 gwad+=-1 t=3.7s
[DONE] evaluation__1147__clean__shuffled__r5 bl=-1 gwad+=-1 t=4.0s
[DONE] evaluation__1147__clean__shuffled__r6 bl=-1 gwad+=-1 t=4.0s
[DONE] evaluation__1147__clean__shuffled__r7 bl=-1 gwad+=-1 t=3.9s
[DONE] evaluation__1147__clean__shuffled__r8 bl=-1 gwad+=-1 t=3.7s
[DONE] evaluation__1147__clean__shuffled__r9 bl=-1 gwad+=-1 t=3.8s
[DONE] evaluation__1147__clean__noise__r0 bl=-1 gwad+=259 t=4.1s
[DONE] evaluation__1147__clean__sweep__r0 bl=32 gwad+=259 t=3.2s
[DONE] evaluation__4291__clean__shuffled__r0 bl=-1 gwad+=-1 t=3.9s
[DONE] evaluation__4291__clean__shuffled__r1 bl=-1 gwad+=-1 t=4.1s
[DONE] evaluation__4291__clean__shuffled__r2 bl=-1 gwad+=-1 t=4.2s
[DONE] evaluation__4291__clean__shuffled__r3 bl=-1 gwad+=-1 t=3.7s
[DONE] evaluation__4291__clean__shuffled__r4 bl=-1 gwad+=-1 t=3.7s
[DONE] evaluation__4291__clean__shuffled__r5 bl=-1 gwad+=-1 t=3.9s
[DONE] evaluation__4291__clean__shuffled__r6 bl=-1 gwad+=-1 t=3.8s
[DONE] evaluation__4291__clean__shuffled__r7 bl=-1 gwad+=-1 t=4.0s
[DONE] evaluation__4291__clean__shuffled__r8 bl=-1 gwad+=-1 t=4.0s
[DONE] evaluation__4291__clean__shuffled__r9 bl=-1 gwad+=-1 t=3.9s
[DONE] evaluation__4291__clean__noise__r0 bl=-1 gwad+=259 t=4.1s
[DONE] evaluation__4291__clean__sweep__r0 bl=19 gwad+=259 t=3.2s
[DONE] evaluation__6894__clean__shuffled__r0 bl=-1 gwad+=-1 t=4.0s
[DONE] evaluation__6894__clean__shuffled__r1 bl=-1 gwad+=-1 t=3.7s
[DONE] evaluation__6894__clean__shuffled__r2 bl=-1 gwad+=-1 t=3.9s
[DONE] evaluation__6894__clean__shuffled__r3 bl=-1 gwad+=-1 t=3.8s
[DONE] evaluation__6894__clean__shuffled__r4 bl=-1 gwad+=-1 t=3.8s
[DONE] evaluation__6894__clean__shuffled__r5 bl=-1 gwad+=-1 t=4.0s
[DONE] evaluation__6894__clean__shuffled__r6 bl=-1 gwad+=-1 t=3.9s
[DONE] evaluation__6894__clean__shuffled__r7 bl=-1 gwad+=-1 t=3.9s
[DONE] evaluation__6894__clean__shuffled__r8 bl=-1 gwad+=-1 t=3.9s
[DONE] evaluation__6894__clean__shuffled__r9 bl=-1 gwad+=-1 t=4.0s
[DONE] evaluation__6894__clean__noise__r0 bl=-1 gwad+=352 t=4.0s
[DONE] evaluation__6894__clean__sweep__r0 bl=385 gwad+=259 t=3.5s
[DONE] evaluation__9762__clean__shuffled__r0 bl=-1 gwad+=-1 t=3.6s
[DONE] evaluation__9762__clean__shuffled__r1 bl=-1 gwad+=-1 t=4.0s
[DONE] evaluation__9762__clean__shuffled__r2 bl=-1 gwad+=-1 t=4.0s
[DONE] evaluation__9762__clean__shuffled__r3 bl=-1 gwad+=-1 t=3.9s
[DONE] evaluation__9762__clean__shuffled__r4 bl=-1 gwad+=-1 t=3.8s
[DONE] evaluation__9762__clean__shuffled__r5 bl=-1 gwad+=-1 t=4.0s
[DONE] evaluation__9762__clean__shuffled__r6 bl=-1 gwad+=-1 t=4.0s
[DONE] evaluation__9762__clean__shuffled__r7 bl=-1 gwad+=-1 t=3.8s
[DONE] evaluation__9762__clean__shuffled__r8 bl=-1 gwad+=-1 t=4.1s
[DONE] evaluation__9762__clean__shuffled__r9 bl=-1 gwad+=-1 t=3.9s
[DONE] evaluation__9762__clean__noise__r0 bl=-1 gwad+=-1 t=3.9s
[DONE] evaluation__9762__clean__sweep__r0 bl=322 gwad+=259 t=3.3s
[DONE] evaluation__3482__clean__shuffled__r0 bl=-1 gwad+=-1 t=3.9s
[DONE] evaluation__3482__clean__shuffled__r1 bl=-1 gwad+=-1 t=3.9s
[DONE] evaluation__3482__clean__shuffled__r2 bl=-1 gwad+=-1 t=4.1s
[DONE] evaluation__3482__clean__shuffled__r3 bl=-1 gwad+=-1 t=4.1s
[DONE] evaluation__3482__clean__shuffled__r4 bl=-1 gwad+=-1 t=4.1s
[DONE] evaluation__3482__clean__shuffled__r5 bl=-1 gwad+=-1 t=3.9s
[DONE] evaluation__3482__clean__shuffled__r6 bl=-1 gwad+=-1 t=4.2s
[DONE] evaluation__3482__clean__shuffled__r7 bl=-1 gwad+=-1 t=3.8s
[DONE] evaluation__3482__clean__shuffled__r8 bl=-1 gwad+=-1 t=3.8s
[DONE] evaluation__3482__clean__shuffled__r9 bl=-1 gwad+=-1 t=3.8s
[DONE] evaluation__3482__clean__noise__r0 bl=-1 gwad+=259 t=4.0s
[DONE] evaluation__3482__clean__sweep__r0 bl=285 gwad+=259 t=3.6s
[DONE] evaluation__5606__clean__shuffled__r0 bl=-1 gwad+=-1 t=4.1s
[DONE] evaluation__5606__clean__shuffled__r1 bl=-1 gwad+=-1 t=4.1s
[DONE] evaluation__5606__clean__shuffled__r2 bl=-1 gwad+=-1 t=3.9s
[DONE] evaluation__5606__clean__shuffled__r3 bl=-1 gwad+=-1 t=3.9s
[DONE] evaluation__5606__clean__shuffled__r4 bl=-1 gwad+=-1 t=3.8s
[DONE] evaluation__5606__clean__shuffled__r5 bl=-1 gwad+=-1 t=3.9s
[DONE] evaluation__5606__clean__shuffled__r6 bl=-1 gwad+=-1 t=3.9s
[DONE] evaluation__5606__clean__shuffled__r7 bl=-1 gwad+=-1 t=4.0s
[DONE] evaluation__5606__clean__shuffled__r8 bl=-1 gwad+=-1 t=3.8s
[DONE] evaluation__5606__clean__shuffled__r9 bl=-1 gwad+=-1 t=3.9s
[DONE] evaluation__5606__clean__noise__r0 bl=-1 gwad+=259 t=4.0s
[DONE] evaluation__5606__clean__sweep__r0 bl=-1 gwad+=259 t=3.6s
[DONE] evaluation__8327__clean__shuffled__r0 bl=-1 gwad+=-1 t=3.9s
[DONE] evaluation__8327__clean__shuffled__r1 bl=-1 gwad+=-1 t=3.8s
[DONE] evaluation__8327__clean__shuffled__r2 bl=-1 gwad+=-1 t=3.7s
[DONE] evaluation__8327__clean__shuffled__r3 bl=-1 gwad+=-1 t=3.8s
[DONE] evaluation__8327__clean__shuffled__r4 bl=-1 gwad+=-1 t=3.9s
[DONE] evaluation__8327__clean__shuffled__r5 bl=-1 gwad+=-1 t=3.9s
[DONE] evaluation__8327__clean__shuffled__r6 bl=-1 gwad+=-1 t=3.9s
[DONE] evaluation__8327__clean__shuffled__r7 bl=-1 gwad+=-1 t=3.9s
[DONE] evaluation__8327__clean__shuffled__r8 bl=-1 gwad+=-1 t=3.9s
[DONE] evaluation__8327__clean__shuffled__r9 bl=-1 gwad+=-1 t=3.9s
[DONE] evaluation__8327__clean__noise__r0 bl=-1 gwad+=259 t=4.0s
[DONE] evaluation__8327__clean__sweep__r0 bl=2 gwad+=259 t=3.1s
[DONE] evaluation__1142__clean__shuffled__r0 bl=-1 gwad+=-1 t=4.0s
[DONE] evaluation__1142__clean__shuffled__r1 bl=-1 gwad+=-1 t=3.8s
[DONE] evaluation__1142__clean__shuffled__r2 bl=-1 gwad+=-1 t=3.9s
[DONE] evaluation__1142__clean__shuffled__r3 bl=-1 gwad+=-1 t=4.0s
[DONE] evaluation__1142__clean__shuffled__r4 bl=-1 gwad+=-1 t=3.9s
[DONE] evaluation__1142__clean__shuffled__r5 bl=-1 gwad+=-1 t=3.8s
[DONE] evaluation__1142__clean__shuffled__r6 bl=-1 gwad+=-1 t=4.2s
[DONE] evaluation__1142__clean__shuffled__r7 bl=358 gwad+=-1 t=4.0s
[DONE] evaluation__1142__clean__shuffled__r8 bl=-1 gwad+=-1 t=3.8s
[DONE] evaluation__1142__clean__shuffled__r9 bl=-1 gwad+=-1 t=4.0s
[DONE] evaluation__1142__clean__noise__r0 bl=-1 gwad+=259 t=4.2s
[DONE] evaluation__1142__clean__sweep__r0 bl=322 gwad+=259 t=3.5s
[DONE] evaluation__3817__clean__shuffled__r0 bl=-1 gwad+=-1 t=3.9s
[DONE] evaluation__3817__clean__shuffled__r1 bl=-1 gwad+=-1 t=4.0s
[DONE] evaluation__3817__clean__shuffled__r2 bl=-1 gwad+=-1 t=3.7s
[DONE] evaluation__3817__clean__shuffled__r3 bl=-1 gwad+=-1 t=4.0s
[DONE] evaluation__3817__clean__shuffled__r4 bl=-1 gwad+=-1 t=4.0s
[DONE] evaluation__3817__clean__shuffled__r5 bl=-1 gwad+=-1 t=4.1s
[DONE] evaluation__3817__clean__shuffled__r6 bl=-1 gwad+=-1 t=4.2s
[DONE] evaluation__3817__clean__shuffled__r7 bl=-1 gwad+=-1 t=4.0s
[DONE] evaluation__3817__clean__shuffled__r8 bl=-1 gwad+=-1 t=4.0s
[DONE] evaluation__3817__clean__shuffled__r9 bl=-1 gwad+=-1 t=4.0s
[DONE] evaluation__3817__clean__noise__r0 bl=-1 gwad+=259 t=3.9s
[DONE] evaluation__3817__clean__sweep__r0 bl=-1 gwad+=259 t=3.5s
[DONE] evaluation__6395__clean__shuffled__r0 bl=-1 gwad+=-1 t=4.1s
[DONE] evaluation__6395__clean__shuffled__r1 bl=-1 gwad+=-1 t=3.8s
[DONE] evaluation__6395__clean__shuffled__r2 bl=-1 gwad+=-1 t=4.1s
[DONE] evaluation__6395__clean__shuffled__r3 bl=-1 gwad+=-1 t=3.9s
[DONE] evaluation__6395__clean__shuffled__r4 bl=-1 gwad+=-1 t=3.9s
[DONE] evaluation__6395__clean__shuffled__r5 bl=-1 gwad+=-1 t=4.0s
[DONE] evaluation__6395__clean__shuffled__r6 bl=-1 gwad+=-1 t=4.1s
[DONE] evaluation__6395__clean__shuffled__r7 bl=-1 gwad+=-1 t=3.9s
[DONE] evaluation__6395__clean__shuffled__r8 bl=-1 gwad+=-1 t=3.7s
[DONE] evaluation__6395__clean__shuffled__r9 bl=-1 gwad+=-1 t=3.8s
[DONE] evaluation__6395__clean__noise__r0 bl=-1 gwad+=259 t=4.0s
[DONE] evaluation__6395__clean__sweep__r0 bl=29 gwad+=259 t=3.2s
[DONE] evaluation__609__clean__shuffled__r0 bl=-1 gwad+=-1 t=3.9s
[DONE] evaluation__609__clean__shuffled__r1 bl=-1 gwad+=-1 t=4.0s
[DONE] evaluation__609__clean__shuffled__r2 bl=-1 gwad+=-1 t=3.8s
[DONE] evaluation__609__clean__shuffled__r3 bl=-1 gwad+=-1 t=3.7s
[DONE] evaluation__609__clean__shuffled__r4 bl=-1 gwad+=-1 t=3.9s
[DONE] evaluation__609__clean__shuffled__r5 bl=-1 gwad+=-1 t=3.9s
[DONE] evaluation__609__clean__shuffled__r6 bl=-1 gwad+=-1 t=3.9s
[DONE] evaluation__609__clean__shuffled__r7 bl=-1 gwad+=-1 t=3.9s
[DONE] evaluation__609__clean__shuffled__r8 bl=-1 gwad+=-1 t=3.8s
[DONE] evaluation__609__clean__shuffled__r9 bl=-1 gwad+=-1 t=3.8s
[DONE] evaluation__609__clean__noise__r0 bl=-1 gwad+=259 t=4.2s
[DONE] evaluation__609__clean__sweep__r0 bl=96 gwad+=259 t=3.5s
[DONE] evaluation__5397__clean__shuffled__r0 bl=-1 gwad+=-1 t=4.1s
[DONE] evaluation__5397__clean__shuffled__r1 bl=-1 gwad+=-1 t=3.8s
[DONE] evaluation__5397__clean__shuffled__r2 bl=-1 gwad+=-1 t=4.1s
[DONE] evaluation__5397__clean__shuffled__r3 bl=-1 gwad+=-1 t=3.9s
[DONE] evaluation__5397__clean__shuffled__r4 bl=-1 gwad+=-1 t=4.0s
[DONE] evaluation__5397__clean__shuffled__r5 bl=-1 gwad+=-1 t=3.8s
[DONE] evaluation__5397__clean__shuffled__r6 bl=-1 gwad+=-1 t=4.0s
[DONE] evaluation__5397__clean__shuffled__r7 bl=-1 gwad+=-1 t=4.1s
[DONE] evaluation__5397__clean__shuffled__r8 bl=-1 gwad+=-1 t=4.2s
[DONE] evaluation__5397__clean__shuffled__r9 bl=-1 gwad+=-1 t=3.9s
[DONE] evaluation__5397__clean__noise__r0 bl=-1 gwad+=259 t=4.1s
[DONE] evaluation__5397__clean__sweep__r0 bl=35 gwad+=259 t=3.3s
[DONE] evaluation__8312__clean__shuffled__r0 bl=-1 gwad+=-1 t=3.7s
[DONE] evaluation__8312__clean__shuffled__r1 bl=-1 gwad+=-1 t=3.9s
[DONE] evaluation__8312__clean__shuffled__r2 bl=-1 gwad+=-1 t=3.7s
[DONE] evaluation__8312__clean__shuffled__r3 bl=-1 gwad+=-1 t=4.0s
[DONE] evaluation__8312__clean__shuffled__r4 bl=-1 gwad+=-1 t=3.9s
[DONE] evaluation__8312__clean__shuffled__r5 bl=-1 gwad+=-1 t=3.9s
[DONE] evaluation__8312__clean__shuffled__r6 bl=-1 gwad+=-1 t=3.9s
[DONE] evaluation__8312__clean__shuffled__r7 bl=-1 gwad+=-1 t=3.9s
[DONE] evaluation__8312__clean__shuffled__r8 bl=-1 gwad+=-1 t=4.0s
[DONE] evaluation__8312__clean__shuffled__r9 bl=-1 gwad+=-1 t=4.0s
[DONE] evaluation__8312__clean__noise__r0 bl=-1 gwad+=259 t=4.1s
[DONE] evaluation__8312__clean__sweep__r0 bl=103 gwad+=259 t=3.5s
[DONE] evaluation__9362__clean__shuffled__r0 bl=-1 gwad+=-1 t=3.9s
[DONE] evaluation__9362__clean__shuffled__r1 bl=-1 gwad+=-1 t=4.0s
[DONE] evaluation__9362__clean__shuffled__r2 bl=-1 gwad+=-1 t=4.1s
[DONE] evaluation__9362__clean__shuffled__r3 bl=-1 gwad+=-1 t=3.9s
[DONE] evaluation__9362__clean__shuffled__r4 bl=-1 gwad+=-1 t=3.9s
[DONE] evaluation__9362__clean__shuffled__r5 bl=-1 gwad+=-1 t=4.0s
[DONE] evaluation__9362__clean__shuffled__r6 bl=-1 gwad+=-1 t=4.1s
[DONE] evaluation__9362__clean__shuffled__r7 bl=-1 gwad+=-1 t=3.9s
[DONE] evaluation__9362__clean__shuffled__r8 bl=-1 gwad+=-1 t=3.9s
[DONE] evaluation__9362__clean__shuffled__r9 bl=-1 gwad+=-1 t=3.9s
[DONE] evaluation__9362__clean__noise__r0 bl=-1 gwad+=259 t=4.3s
[DONE] evaluation__9362__clean__sweep__r0 bl=39 gwad+=259 t=3.1s
[DONE] fit__5256__clean__shuffled__r0 bl=-1 gwad+=-1 t=4.0s
[DONE] fit__5256__clean__shuffled__r1 bl=-1 gwad+=-1 t=4.0s
[DONE] fit__5256__clean__shuffled__r2 bl=-1 gwad+=-1 t=3.9s
[DONE] fit__5256__clean__shuffled__r3 bl=-1 gwad+=-1 t=3.9s
[DONE] fit__5256__clean__shuffled__r4 bl=-1 gwad+=-1 t=3.8s
[DONE] fit__5256__clean__shuffled__r5 bl=-1 gwad+=-1 t=3.8s
[DONE] fit__5256__clean__shuffled__r6 bl=-1 gwad+=-1 t=4.1s
[DONE] fit__5256__clean__shuffled__r7 bl=-1 gwad+=-1 t=4.0s
[DONE] fit__5256__clean__shuffled__r8 bl=-1 gwad+=-1 t=4.0s
[DONE] fit__5256__clean__shuffled__r9 bl=-1 gwad+=-1 t=3.9s
[DONE] fit__5256__clean__noise__r0 bl=-1 gwad+=259 t=4.0s
[DONE] fit__5256__clean__sweep__r0 bl=33 gwad+=259 t=3.4s
[DONE] fit__1810__clean__shuffled__r0 bl=-1 gwad+=-1 t=3.8s
[DONE] fit__1810__clean__shuffled__r1 bl=-1 gwad+=-1 t=4.0s
[DONE] fit__1810__clean__shuffled__r2 bl=-1 gwad+=-1 t=3.7s
[DONE] fit__1810__clean__shuffled__r3 bl=-1 gwad+=-1 t=4.0s
[DONE] fit__1810__clean__shuffled__r4 bl=-1 gwad+=-1 t=3.9s
[DONE] fit__1810__clean__shuffled__r5 bl=-1 gwad+=-1 t=3.8s
[DONE] fit__1810__clean__shuffled__r6 bl=-1 gwad+=-1 t=3.8s
[DONE] fit__1810__clean__shuffled__r7 bl=-1 gwad+=-1 t=3.9s
[DONE] fit__1810__clean__shuffled__r8 bl=-1 gwad+=-1 t=4.0s
[DONE] fit__1810__clean__shuffled__r9 bl=-1 gwad+=-1 t=3.8s
[DONE] fit__1810__clean__noise__r0 bl=-1 gwad+=259 t=4.2s
[DONE] fit__1810__clean__sweep__r0 bl=255 gwad+=259 t=3.3s
[DONE] fit__7329__clean__shuffled__r0 bl=-1 gwad+=-1 t=4.0s
[DONE] fit__7329__clean__shuffled__r1 bl=-1 gwad+=-1 t=4.0s
[DONE] fit__7329__clean__shuffled__r2 bl=-1 gwad+=-1 t=3.9s
[DONE] fit__7329__clean__shuffled__r3 bl=-1 gwad+=-1 t=4.0s
[DONE] fit__7329__clean__shuffled__r4 bl=-1 gwad+=-1 t=3.8s
[DONE] fit__7329__clean__shuffled__r5 bl=-1 gwad+=-1 t=3.9s
[DONE] fit__7329__clean__shuffled__r6 bl=-1 gwad+=-1 t=3.8s
[DONE] fit__7329__clean__shuffled__r7 bl=-1 gwad+=-1 t=4.1s
[DONE] fit__7329__clean__shuffled__r8 bl=-1 gwad+=-1 t=4.0s
[DONE] fit__7329__clean__shuffled__r9 bl=-1 gwad+=-1 t=3.8s
[DONE] fit__7329__clean__noise__r0 bl=-1 gwad+=259 t=4.1s
[DONE] fit__7329__clean__sweep__r0 bl=322 gwad+=259 t=3.7s
[DONE] fit__3480__clean__shuffled__r0 bl=-1 gwad+=-1 t=3.9s
[DONE] fit__3480__clean__shuffled__r1 bl=-1 gwad+=-1 t=3.9s
[DONE] fit__3480__clean__shuffled__r2 bl=-1 gwad+=-1 t=3.8s
[DONE] fit__3480__clean__shuffled__r3 bl=-1 gwad+=-1 t=4.0s
[DONE] fit__3480__clean__shuffled__r4 bl=-1 gwad+=-1 t=3.8s
[DONE] fit__3480__clean__shuffled__r5 bl=-1 gwad+=-1 t=3.9s
[DONE] fit__3480__clean__shuffled__r6 bl=-1 gwad+=-1 t=3.8s
[DONE] fit__3480__clean__shuffled__r7 bl=-1 gwad+=-1 t=4.0s
[DONE] fit__3480__clean__shuffled__r8 bl=-1 gwad+=-1 t=3.8s
[DONE] fit__3480__clean__shuffled__r9 bl=-1 gwad+=-1 t=3.7s
[DONE] fit__3480__clean__noise__r0 bl=-1 gwad+=286 t=3.9s
[DONE] fit__3480__clean__sweep__r0 bl=167 gwad+=259 t=3.5s
[DONE] fit__9423__clean__shuffled__r0 bl=-1 gwad+=-1 t=4.1s
[DONE] fit__9423__clean__shuffled__r1 bl=-1 gwad+=-1 t=4.1s
[DONE] fit__9423__clean__shuffled__r2 bl=-1 gwad+=-1 t=4.0s
[DONE] fit__9423__clean__shuffled__r3 bl=-1 gwad+=-1 t=3.9s
[DONE] fit__9423__clean__shuffled__r4 bl=-1 gwad+=-1 t=3.8s
[DONE] fit__9423__clean__shuffled__r5 bl=-1 gwad+=-1 t=3.9s
[DONE] fit__9423__clean__shuffled__r6 bl=-1 gwad+=-1 t=3.8s
[DONE] fit__9423__clean__shuffled__r7 bl=-1 gwad+=-1 t=3.9s
[DONE] fit__9423__clean__shuffled__r8 bl=-1 gwad+=-1 t=3.9s
[DONE] fit__9423__clean__shuffled__r9 bl=-1 gwad+=-1 t=4.1s
[DONE] fit__9423__clean__noise__r0 bl=-1 gwad+=588 t=4.2s
[DONE] fit__9423__clean__sweep__r0 bl=46 gwad+=259 t=3.5s
[DONE] fit__5817__clean__shuffled__r0 bl=-1 gwad+=-1 t=3.9s
[DONE] fit__5817__clean__shuffled__r1 bl=-1 gwad+=-1 t=4.0s
[DONE] fit__5817__clean__shuffled__r2 bl=-1 gwad+=-1 t=3.9s
[DONE] fit__5817__clean__shuffled__r3 bl=-1 gwad+=-1 t=4.1s
[DONE] fit__5817__clean__shuffled__r4 bl=-1 gwad+=-1 t=3.9s
[DONE] fit__5817__clean__shuffled__r5 bl=833 gwad+=-1 t=4.1s
[DONE] fit__5817__clean__shuffled__r6 bl=-1 gwad+=-1 t=4.0s
[DONE] fit__5817__clean__shuffled__r7 bl=-1 gwad+=-1 t=3.9s
[DONE] fit__5817__clean__shuffled__r8 bl=-1 gwad+=-1 t=3.8s
[DONE] fit__5817__clean__shuffled__r9 bl=-1 gwad+=-1 t=3.9s
[DONE] fit__5817__clean__noise__r0 bl=-1 gwad+=259 t=4.0s
[DONE] fit__5817__clean__sweep__r0 bl=33 gwad+=259 t=3.7s
[DONE] fit__1544__clean__shuffled__r0 bl=-1 gwad+=-1 t=4.0s
[DONE] fit__1544__clean__shuffled__r1 bl=-1 gwad+=-1 t=4.0s
[DONE] fit__1544__clean__shuffled__r2 bl=-1 gwad+=-1 t=4.0s
[DONE] fit__1544__clean__shuffled__r3 bl=-1 gwad+=-1 t=4.0s
[DONE] fit__1544__clean__shuffled__r4 bl=-1 gwad+=-1 t=3.9s
[DONE] fit__1544__clean__shuffled__r5 bl=-1 gwad+=-1 t=4.0s
[DONE] fit__1544__clean__shuffled__r6 bl=-1 gwad+=-1 t=3.8s
[DONE] fit__1544__clean__shuffled__r7 bl=-1 gwad+=-1 t=4.1s
[DONE] fit__1544__clean__shuffled__r8 bl=-1 gwad+=-1 t=3.9s
[DONE] fit__1544__clean__shuffled__r9 bl=-1 gwad+=-1 t=3.9s
[DONE] fit__1544__clean__noise__r0 bl=-1 gwad+=264 t=4.0s
[DONE] fit__1544__clean__sweep__r0 bl=121 gwad+=259 t=3.5s
[DONE] fit__5329__clean__shuffled__r0 bl=-1 gwad+=-1 t=3.9s
[DONE] fit__5329__clean__shuffled__r1 bl=-1 gwad+=-1 t=4.0s
[DONE] fit__5329__clean__shuffled__r2 bl=-1 gwad+=-1 t=3.6s
[DONE] fit__5329__clean__shuffled__r3 bl=-1 gwad+=-1 t=4.2s
[DONE] fit__5329__clean__shuffled__r4 bl=-1 gwad+=-1 t=3.9s
[DONE] fit__5329__clean__shuffled__r5 bl=-1 gwad+=-1 t=3.8s
[DONE] fit__5329__clean__shuffled__r6 bl=-1 gwad+=-1 t=4.0s
[DONE] fit__5329__clean__shuffled__r7 bl=-1 gwad+=-1 t=3.9s
[DONE] fit__5329__clean__shuffled__r8 bl=-1 gwad+=-1 t=4.0s
[DONE] fit__5329__clean__shuffled__r9 bl=-1 gwad+=-1 t=4.0s
[DONE] fit__5329__clean__noise__r0 bl=-1 gwad+=259 t=4.0s
[DONE] fit__5329__clean__sweep__r0 bl=116 gwad+=259 t=3.3s
[DONE] fit__4406__clean__shuffled__r0 bl=-1 gwad+=-1 t=4.0s
[DONE] fit__4406__clean__shuffled__r1 bl=-1 gwad+=-1 t=3.8s
[DONE] fit__4406__clean__shuffled__r2 bl=-1 gwad+=-1 t=4.0s
[DONE] fit__4406__clean__shuffled__r3 bl=-1 gwad+=-1 t=4.0s
[DONE] fit__4406__clean__shuffled__r4 bl=-1 gwad+=-1 t=3.8s
[DONE] fit__4406__clean__shuffled__r5 bl=-1 gwad+=-1 t=3.8s
[DONE] fit__4406__clean__shuffled__r6 bl=-1 gwad+=-1 t=3.8s
[DONE] fit__4406__clean__shuffled__r7 bl=-1 gwad+=-1 t=4.1s
[DONE] fit__4406__clean__shuffled__r8 bl=-1 gwad+=-1 t=3.7s
[DONE] fit__4406__clean__shuffled__r9 bl=-1 gwad+=-1 t=4.1s
[DONE] fit__4406__clean__noise__r0 bl=-1 gwad+=259 t=4.6s
[DONE] fit__4406__clean__sweep__r0 bl=609 gwad+=259 t=3.7s
[DONE] fit__9712__clean__shuffled__r0 bl=-1 gwad+=-1 t=4.1s
[DONE] fit__9712__clean__shuffled__r1 bl=-1 gwad+=-1 t=3.8s
[DONE] fit__9712__clean__shuffled__r2 bl=-1 gwad+=-1 t=3.8s
[DONE] fit__9712__clean__shuffled__r3 bl=-1 gwad+=-1 t=3.8s
[DONE] fit__9712__clean__shuffled__r4 bl=-1 gwad+=-1 t=3.7s
[DONE] fit__9712__clean__shuffled__r5 bl=-1 gwad+=-1 t=3.9s
[DONE] fit__9712__clean__shuffled__r6 bl=-1 gwad+=-1 t=3.8s
[DONE] fit__9712__clean__shuffled__r7 bl=-1 gwad+=-1 t=3.9s
[DONE] fit__9712__clean__shuffled__r8 bl=-1 gwad+=-1 t=3.8s
[DONE] fit__9712__clean__shuffled__r9 bl=-1 gwad+=-1 t=3.7s
[DONE] fit__9712__clean__noise__r0 bl=-1 gwad+=259 t=4.4s
[DONE] fit__9712__clean__sweep__r0 bl=2 gwad+=259 t=3.2s
[DONE] fit__4702__clean__shuffled__r0 bl=-1 gwad+=-1 t=3.8s
[DONE] fit__4702__clean__shuffled__r1 bl=-1 gwad+=-1 t=3.8s
[DONE] fit__4702__clean__shuffled__r2 bl=-1 gwad+=-1 t=4.1s
[DONE] fit__4702__clean__shuffled__r3 bl=-1 gwad+=-1 t=3.7s
[DONE] fit__4702__clean__shuffled__r4 bl=-1 gwad+=-1 t=4.0s
[DONE] fit__4702__clean__shuffled__r5 bl=-1 gwad+=-1 t=3.8s
[DONE] fit__4702__clean__shuffled__r6 bl=-1 gwad+=-1 t=3.8s
[DONE] fit__4702__clean__shuffled__r7 bl=-1 gwad+=-1 t=3.8s
[DONE] fit__4702__clean__shuffled__r8 bl=-1 gwad+=-1 t=3.8s
[DONE] fit__4702__clean__shuffled__r9 bl=-1 gwad+=-1 t=4.0s
[DONE] fit__4702__clean__noise__r0 bl=-1 gwad+=259 t=4.0s
[DONE] fit__4702__clean__sweep__r0 bl=3 gwad+=259 t=3.4s
[DONE] fit__955__clean__shuffled__r0 bl=-1 gwad+=-1 t=4.0s
[DONE] fit__955__clean__shuffled__r1 bl=-1 gwad+=-1 t=3.8s
[DONE] fit__955__clean__shuffled__r2 bl=-1 gwad+=-1 t=3.9s
[DONE] fit__955__clean__shuffled__r3 bl=-1 gwad+=-1 t=3.9s
[DONE] fit__955__clean__shuffled__r4 bl=-1 gwad+=-1 t=3.8s
[DONE] fit__955__clean__shuffled__r5 bl=-1 gwad+=-1 t=3.8s
[DONE] fit__955__clean__shuffled__r6 bl=-1 gwad+=-1 t=3.9s
[DONE] fit__955__clean__shuffled__r7 bl=-1 gwad+=-1 t=4.1s
[DONE] fit__955__clean__shuffled__r8 bl=-1 gwad+=-1 t=3.9s
[DONE] fit__955__clean__shuffled__r9 bl=-1 gwad+=-1 t=4.0s
[DONE] fit__955__clean__noise__r0 bl=-1 gwad+=259 t=4.0s
[DONE] fit__955__clean__sweep__r0 bl=333 gwad+=259 t=3.5s
[DONE] fit__6955__clean__shuffled__r0 bl=-1 gwad+=-1 t=4.1s
[DONE] fit__6955__clean__shuffled__r1 bl=-1 gwad+=-1 t=4.1s
[DONE] fit__6955__clean__shuffled__r2 bl=-1 gwad+=-1 t=4.2s
[DONE] fit__6955__clean__shuffled__r3 bl=-1 gwad+=-1 t=3.6s
[DONE] fit__6955__clean__shuffled__r4 bl=-1 gwad+=-1 t=4.0s
[DONE] fit__6955__clean__shuffled__r5 bl=-1 gwad+=-1 t=3.8s
[DONE] fit__6955__clean__shuffled__r6 bl=-1 gwad+=-1 t=3.9s
[DONE] fit__6955__clean__shuffled__r7 bl=-1 gwad+=-1 t=3.8s
[DONE] fit__6955__clean__shuffled__r8 bl=-1 gwad+=-1 t=4.0s
[DONE] fit__6955__clean__shuffled__r9 bl=-1 gwad+=-1 t=3.9s
[DONE] fit__6955__clean__noise__r0 bl=-1 gwad+=259 t=4.0s
[DONE] fit__6955__clean__sweep__r0 bl=609 gwad+=259 t=3.3s
[DONE] fit__2052__clean__shuffled__r0 bl=-1 gwad+=-1 t=4.0s
[DONE] fit__2052__clean__shuffled__r1 bl=-1 gwad+=-1 t=3.9s
[DONE] fit__2052__clean__shuffled__r2 bl=-1 gwad+=-1 t=3.8s
[DONE] fit__2052__clean__shuffled__r3 bl=-1 gwad+=-1 t=3.9s
[DONE] fit__2052__clean__shuffled__r4 bl=-1 gwad+=-1 t=3.7s
[DONE] fit__2052__clean__shuffled__r5 bl=-1 gwad+=-1 t=3.8s
[DONE] fit__2052__clean__shuffled__r6 bl=-1 gwad+=-1 t=3.8s
[DONE] fit__2052__clean__shuffled__r7 bl=-1 gwad+=-1 t=3.9s
[DONE] fit__2052__clean__shuffled__r8 bl=-1 gwad+=-1 t=4.1s
[DONE] fit__2052__clean__shuffled__r9 bl=-1 gwad+=-1 t=4.1s
[DONE] fit__2052__clean__noise__r0 bl=-1 gwad+=261 t=4.2s
[DONE] fit__2052__clean__sweep__r0 bl=33 gwad+=259 t=3.4s
[DONE] fit__9101__clean__shuffled__r0 bl=-1 gwad+=-1 t=3.8s
[DONE] fit__9101__clean__shuffled__r1 bl=-1 gwad+=-1 t=4.0s
[DONE] fit__9101__clean__shuffled__r2 bl=-1 gwad+=-1 t=3.7s
[DONE] fit__9101__clean__shuffled__r3 bl=-1 gwad+=-1 t=3.8s
[DONE] fit__9101__clean__shuffled__r4 bl=-1 gwad+=-1 t=4.1s
[DONE] fit__9101__clean__shuffled__r5 bl=-1 gwad+=-1 t=3.8s
[DONE] fit__9101__clean__shuffled__r6 bl=-1 gwad+=-1 t=4.0s
[DONE] fit__9101__clean__shuffled__r7 bl=-1 gwad+=-1 t=3.9s
[DONE] fit__9101__clean__shuffled__r8 bl=-1 gwad+=-1 t=3.8s
[DONE] fit__9101__clean__shuffled__r9 bl=-1 gwad+=-1 t=3.7s
[DONE] fit__9101__clean__noise__r0 bl=-1 gwad+=259 t=3.9s
[DONE] fit__9101__clean__sweep__r0 bl=38 gwad+=259 t=3.0s
[DONE] fit__5137__clean__shuffled__r0 bl=-1 gwad+=-1 t=3.7s
[DONE] fit__5137__clean__shuffled__r1 bl=-1 gwad+=-1 t=3.6s
[DONE] fit__5137__clean__shuffled__r2 bl=-1 gwad+=-1 t=3.6s
[DONE] fit__5137__clean__shuffled__r3 bl=-1 gwad+=-1 t=3.5s
[DONE] fit__5137__clean__shuffled__r4 bl=-1 gwad+=-1 t=3.5s
[DONE] fit__5137__clean__shuffled__r5 bl=-1 gwad+=-1 t=3.7s
[DONE] fit__5137__clean__shuffled__r6 bl=-1 gwad+=-1 t=3.7s
[DONE] fit__5137__clean__shuffled__r7 bl=-1 gwad+=-1 t=3.5s
[DONE] fit__5137__clean__shuffled__r8 bl=-1 gwad+=-1 t=3.5s
[DONE] fit__5137__clean__shuffled__r9 bl=-1 gwad+=-1 t=3.6s
[DONE] fit__5137__clean__noise__r0 bl=-1 gwad+=259 t=3.8s
[DONE] fit__5137__clean__sweep__r0 bl=62 gwad+=259 t=3.0s
