[DONE] calibration__868__clean__shuffled__r0 bl=-1 gwad+=-1 t=4.3s
[DONE] calibration__868__clean__shuffled__r1 bl=-1 gwad+=-1 t=4.0s
[DONE] calibration__868__clean__shuffled__r2 bl=-1 gwad+=-1 t=3.6s
[DONE] calibration__868__clean__shuffled__r3 bl=-1 gwad+=-1 t=3.7s
[DONE] calibration__868__clean__shuffled__r4 bl=-1 gwad+=-1 t=3.9s
[DONE] calibration__868__clean__shuffled__r5 bl=-1 gwad+=-1 t=4.0s
[DONE] calibration__868__clean__shuffled__r6 bl=-1 gwad+=-1 t=3.9s
[DONE] calibration__868__clean__shuffled__r7 bl=-1 gwad+=-1 t=3.6s
[DONE] calibration__868__clean__shuffled__r8 bl=-1 gwad+=-1 t=4.0s
[DONE] calibration__868__clean__shuffled__r9 bl=-1 gwad+=-1 t=4.0s
[DONE] calibration__868__clean__noise__r0 bl=-1 gwad+=260 t=4.2s
[DONE] calibration__868__clean__sweep__r0 bl=192 gwad+=259 t=3.3s
[DONE] calibration__5144__clean__shuffled__r0 bl=-1 gwad+=-1 t=3.9s
[DONE] calibration__5144__clean__shuffled__r1 bl=-1 gwad+=-1 t=3.9s
[DONE] calibration__5144__clean__shuffled__r2 bl=-1 gwad+=-1 t=4.0s
[DONE] calibration__5144__clean__shuffled__r3 bl=-1 gwad+=-1 t=3.9s
[DONE] calibration__5144__clean__shuffled__r4 bl=-1 gwad+=-1 t=3.8s
[DONE] calibration__5144__clean__shuffled__r5 bl=-1 gwad+=-1 t=3.6s
[DONE] calibration__5144__clean__shuffled__r6 bl=-1 gwad+=-1 t=3.7s
[DONE] calibration__5144__clean__shuffled__r7 bl=-1 gwad+=-1 t=3.8s
[DONE] calibration__5144__clean__shuffled__r8 bl=-1 gwad+=-1 t=3.7s
[DONE] calibration__5144__clean__shuffled__r9 bl=-1 gwad+=-1 t=3.9s
[DONE] calibration__5144__clean__noise__r0 bl=-1 gwad+=259 t=4.1s
[DONE] calibration__5144__clean__sweep__r0 bl=275 gwad+=259 t=3.2s
[DONE] calibration__2009__clean__shuffled__r0 bl=-1 gwad+=-1 t=3.8s
[DONE] calibration__2009__clean__shuffled__r1 bl=-1 gwad+=-1 t=3.7s
[DONE] calibration__2009__clean__shuffled__r2 bl=-1 gwad+=-1 t=3.8s
[DONE] calibration__2009__clean__shuffled__r3 bl=-1 gwad+=-1 t=3.9s
[DONE] calibration__2009__clean__shuffled__r4 bl=-1 gwad+=-1 t=3.9s
[DONE] calibration__2009__clean__shuffled__r5 bl=-1 gwad+=-1 t=3.9s
[DONE] calibration__2009__clean__shuffled__r6 bl=-1 gwad+=-1 t=3.8s
[DONE] calibration__2009__clean__shuffled__r7 bl=-1 gwad+=-1 t=4.0s
[DONE] calibration__2009__clean__shuffled__r8 bl=-1 gwad+=-1 t=3.7s
[DONE] calibration__2009__clean__shuffled__r9 bl=-1 gwad+=-1 t=3.9s
[DONE] calibration__2009__clean__noise__r0 bl=-1 gwad+=259 t=3.8s
[DONE] calibration__2009__clean__sweep__r0 bl=24 gwad+=259 t=3.0s
[DONE] calibration__7013__clean__shuffled__r0 bl=-1 gwad+=-1 t=4.0s
[DONE] calibration__7013__clean__shuffled__r1 bl=-1 gwad+=-1 t=4.0s
[DONE] calibration__7013__clean__shuffled__r2 bl=-1 gwad+=-1 t=3.9s
[DONE] calibration__7013__clean__shuffled__r3 bl=-1 gwad+=-1 t=4.0s
[DONE] calibration__7013__clean__shuffled__r4 bl=-1 gwad+=-1 t=3.7s
[DONE] calibration__7013__clean__shuffled__r5 bl=-1 gwad+=-1 t=3.8s
[DONE] calibration__7013__clean__shuffled__r6 bl=-1 gwad+=-1 t=3.9s
[DONE] calibration__7013__clean__shuffled__r7 bl=-1 gwad+=-1 t=3.6s
[DONE] calibration__7013__clean__shuffled__r8 bl=-1 gwad+=-1 t=3.9s
[DONE] calibration__7013__clean__shuffled__r9 bl=-1 gwad+=-1 t=3.7s
[DONE] calibration__7013__clean__noise__r0 bl=-1 gwad+=259 t=4.2s
[DONE] calibration__7013__clean__sweep__r0 bl=617 gwad+=259 t=3.6s
[DONE] calibration__3758__clean__shuffled__r0 bl=-1 gwad+=-1 t=3.9s
[DONE] calibration__3758__clean__shuffled__r1 bl=-1 gwad+=-1 t=3.8s
[DONE] calibration__3758__clean__shuffled__r2 bl=230 gwad+=-1 t=3.8s
[DONE] calibration__3758__clean__shuffled__r3 bl=-1 gwad+=-1 t=3.7s
[DONE] calibration__3758__clean__shuffled__r4 bl=-1 gwad+=-1 t=3.9s
[DONE] calibration__3758__clean__shuffled__r5 bl=-1 gwad+=-1 t=4.0s
[DONE] calibration__3758__clean__shuffled__r6 bl=-1 gwad+=-1 t=3.8s
[DONE] calibration__3758__clean__shuffled__r7 bl=-1 gwad+=-1 t=3.8s
[DONE] calibration__3758__clean__shuffled__r8 bl=-1 gwad+=-1 t=3.9s
[DONE] calibration__3758__clean__shuffled__r9 bl=-1 gwad+=-1 t=3.8s
[DONE] calibration__3758__clean__noise__r0 bl=-1 gwad+=276 t=4.0s
[DONE] calibration__3758__clean__sweep__r0 bl=2 gwad+=259 t=2.8s
[DONE] calibration__256__clean__shuffled__r0 bl=-1 gwad+=-1 t=3.9s
[DONE] calibration__256__clean__shuffled__r1 bl=-1 gwad+=-1 t=3.9s
[DONE] calibration__256__clean__shuffled__r2 bl=-1 gwad+=-1 t=3.8s
[DONE] calibration__256__clean__shuffled__r3 bl=-1 gwad+=-1 t=4.0s
[DONE] calibration__256__clean__shuffled__r4 bl=-1 gwad+=-1 t=3.7s
[DONE] calibration__256__clean__shuffled__r5 bl=-1 gwad+=-1 t=4.2s
[DONE] calibration__256__clean__shuffled__r6 bl=-1 gwad+=-1 t=4.0s
[DONE] calibration__256__clean__shuffled__r7 bl=-1 gwad+=-1 t=4.0s
[DONE] calibration__256__clean__shuffled__r8 bl=-1 gwad+=-1 t=4.2s
[DONE] calibration__256__clean__shuffled__r9 bl=-1 gwad+=-1 t=3.8s
[DONE] calibration__256__clean__noise__r0 bl=-1 gwad+=259 t=4.0s
[DONE] calibration__256__clean__sweep__r0 bl=610 gwad+=259 t=3.5s
[DONE] calibration__7618__clean__shuffled__r0 bl=-1 gwad+=-1 t=3.9s
[DONE] calibration__7618__clean__shuffled__r1 bl=-1 gwad+=-1 t=3.6s
[DONE] calibration__7618__clean__shuffled__r2 bl=-1 gwad+=-1 t=3.8s
[DONE] calibration__7618__clean__shuffled__r3 bl=-1 gwad+=-1 t=3.9s
[DONE] calibration__7618__clean__shuffled__r4 bl=-1 gwad+=-1 t=3.9s
[DONE] calibration__7618__clean__shuffled__r5 bl=-1 gwad+=-1 t=3.8s
[DONE] calibration__7618__clean__shuffled__r6 bl=-1 gwad+=-1 t=3.9s
[DONE] calibration__7618__clean__shuffled__r7 bl=-1 gwad+=-1 t=4.0s
[DONE] calibration__7618__clean__shuffled__r8 bl=-1 gwad+=-1 t=3.8s
[DONE] calibration__7618__clean__shuffled__r9 bl=-1 gwad+=-1 t=3.8s
[DONE] calibration__7618__clean__noise__r0 bl=-1 gwad+=259 t=3.7s
[DONE] calibration__7618__clean__sweep__r0 bl=98 gwad+=259 t=3.3s
[DONE] calibration__1003__clean__shuffled__r0 bl=-1 gwad+=-1 t=3.8s
[DONE] calibration__1003__clean__shuffled__r1 bl=-1 gwad+=-1 t=4.1s
[DONE] calibration__1003__clean__shuffled__r2 bl=-1 gwad+=-1 t=3.6s
[DONE] calibration__1003__clean__shuffled__r3 bl=-1 gwad+=-1 t=3.8s
[DONE] calibration__1003__clean__shuffled__r4 bl=-1 gwad+=-1 t=4.0s
[DONE] calibration__1003__clean__shuffled__r5 bl=-1 gwad+=-1 t=4.0s
[DONE] calibration__1003__clean__shuffled__r6 bl=-1 gwad+=-1 t=3.9s
[DONE] calibration__1003__clean__shuffled__r7 bl=-1 gwad+=-1 t=3.8s
[DONE] calibration__1003__clean__shuffled__r8 bl=-1 gwad+=-1 t=3.9s
[DONE] calibration__1003__clean__shuffled__r9 bl=-1 gwad+=-1 t=3.9s
[DONE] calibration__1003__clean__noise__r0 bl=-1 gwad+=326 t=4.2s
[DONE] calibration__1003__clean__sweep__r0 bl=329 gwad+=259 t=3.3s
[DONE] calibration__7552__clean__shuffled__r0 bl=-1 gwad+=-1 t=3.9s
[DONE] calibration__7552__clean__shuffled__r1 bl=-1 gwad+=-1 t=3.7s
[DONE] calibration__7552__clean__shuffled__r2 bl=-1 gwad+=-1 t=3.7s
[DONE] calibration__7552__clean__shuffled__r3 bl=-1 gwad+=-1 t=3.9s
[DONE] calibration__7552__clean__shuffled__r4 bl=-1 gwad+=-1 t=3.7s
[DONE] calibration__7552__clean__shuffled__r5 bl=-1 gwad+=-1 t=3.9s
[DONE] calibration__7552__clean__shuffled__r6 bl=-1 gwad+=-1 t=3.8s
[DONE] calibration__7552__clean__shuffled__r7 bl=-1 gwad+=-1 t=3.8s
[DONE] calibration__7552__clean__shuffled__r8 bl=-1 gwad+=-1 t=3.8s
[DONE] calibration__7552__clean__shuffled__r9 bl=-1 gwad+=-1 t=3.6s
[DONE] calibration__7552__clean__noise__r0 bl=-1 gwad+=261 t=3.9s
[DONE] calibration__7552__clean__sweep__r0 bl=64 gwad+=259 t=3.0s
[DONE] calibration__2885__clean__shuffled__r0 bl=-1 gwad+=-1 t=3.5s
[DONE] calibration__2885__clean__shuffled__r1 bl=-1 gwad+=-1 t=3.6s
[DONE] calibration__2885__clean__shuffled__r2 bl=-1 gwad+=-1 t=3.6s
[DONE] calibration__2885__clean__shuffled__r3 bl=-1 gwad+=-1 t=3.9s
[DONE] calibration__2885__clean__shuffled__r4 bl=-1 gwad+=-1 t=3.7s
[DONE] calibration__2885__clean__shuffled__r5 bl=-1 gwad+=-1 t=3.9s
[DONE] calibration__2885__clean__shuffled__r6 bl=-1 gwad+=-1 t=3.6s
[DONE] calibration__2885__clean__shuffled__r7 bl=-1 gwad+=-1 t=3.5s
[DONE] calibration__2885__clean__shuffled__r8 bl=-1 gwad+=-1 t=3.8s
[DONE] calibration__2885__clean__shuffled__r9 bl=-1 gwad+=-1 t=3.7s
[DONE] calibration__2885__clean__noise__r0 bl=-1 gwad+=259 t=4.2s
[DONE] calibration__2885__clean__sweep__r0 bl=33 gwad+=259 t=3.2s
[DONE] calibration__304__clean__shuffled__r0 bl=-1 gwad+=-1 t=4.0s
[DONE] calibration__304__clean__shuffled__r1 bl=-1 gwad+=-1 t=3.8s
[DONE] calibration__304__clean__shuffled__r2 bl=-1 gwad+=-1 t=3.8s
[DONE] calibration__304__clean__shuffled__r3 bl=-1 gwad+=-1 t=3.6s
[DONE] calibration__304__clean__shuffled__r4 bl=-1 gwad+=-1 t=4.0s
[DONE] calibration__304__clean__shuffled__r5 bl=-1 gwad+=-1 t=3.7s
[DONE] calibration__304__clean__shuffled__r6 bl=-1 gwad+=-1 t=3.7s
[DONE] calibration__304__clean__shuffled__r7 bl=-1 gwad+=-1 t=3.7s
[DONE] calibration__304__clean__shuffled__r8 bl=-1 gwad+=-1 t=3.8s
[DONE] calibration__304__clean__shuffled__r9 bl=-1 gwad+=-1 t=3.7s
[DONE] calibration__304__clean__noise__r0 bl=-1 gwad+=263 t=4.1s
[DONE] calibration__304__clean__sweep__r0 bl=171 gwad+=259 t=3.2s
[DONE] calibration__7333__clean__shuffled__r0 bl=-1 gwad+=-1 t=3.7s
[DONE] calibration__7333__clean__shuffled__r1 bl=-1 gwad+=-1 t=3.8s
[DONE] calibration__7333__clean__shuffled__r2 bl=-1 gwad+=-1 t=3.8s
[DONE] calibration__7333__clean__shuffled__r3 bl=-1 gwad+=-1 t=3.9s
[DONE] calibration__7333__clean__shuffled__r4 bl=-1 gwad+=-1 t=3.9s
[DONE] calibration__7333__clean__shuffled__r5 bl=-1 gwad+=-1 t=3.7s
[DONE] calibration__7333__clean__shuffled__r6 bl=-1 gwad+=-1 t=3.7s
[DONE] calibration__7333__clean__shuffled__r7 bl=-1 gwad+=-1 t=3.6s
[DONE] calibration__7333__clean__shuffled__r8 bl=-1 gwad+=-1 t=4.0s
[DONE] calibration__7333__clean__shuffled__r9 bl=-1 gwad+=-1 t=4.0s
[DONE] calibration__7333__clean__noise__r0 bl=-1 gwad+=259 t=3.9s
[DONE] calibration__7333__clean__sweep__r0 bl=609 gwad+=259 t=3.1s
[DONE] calibration__288__clean__shuffled__r0 bl=-1 gwad+=-1 t=3.9s
[DONE] calibration__288__clean__shuffled__r1 bl=-1 gwad+=-1 t=3.9s
[DONE] calibration__288__clean__shuffled__r2 bl=-1 gwad+=-1 t=3.7s
[DONE] calibration__288__clean__shuffled__r3 bl=-1 gwad+=-1 t=3.9s
[DONE] calibration__288__clean__shuffled__r4 bl=-1 gwad+=-1 t=3.9s
[DONE] calibration__288__clean__shuffled__r5 bl=-1 gwad+=-1 t=3.8s
[DONE] calibration__288__clean__shuffled__r6 bl=-1 gwad+=-1 t=3.8s
[DONE] calibration__288__clean__shuffled__r7 bl=-1 gwad+=-1 t=3.6s
[DONE] calibration__288__clean__shuffled__r8 bl=-1 gwad+=-1 t=3.8s
[DONE] calibration__288__clean__shuffled__r9 bl=-1 gwad+=-1 t=4.0s
[DONE] calibration__288__clean__noise__r0 bl=-1 gwad+=259 t=4.2s
[DONE] calibration__288__clean__sweep__r0 bl=36 gwad+=259 t=3.2s
[DONE] calibration__7505__clean__shuffled__r0 bl=-1 gwad+=-1 t=3.7s
[DONE] calibration__7505__clean__shuffled__r1 bl=-1 gwad+=-1 t=3.8s
[DONE] calibration__7505__clean__shuffled__r2 bl=-1 gwad+=-1 t=3.7s
[DONE] calibration__7505__clean__shuffled__r3 bl=-1 gwad+=-1 t=3.9s
[DONE] calibration__7505__clean__shuffled__r4 bl=-1 gwad+=-1 t=3.9s
[DONE] calibration__7505__clean__shuffled__r5 bl=-1 gwad+=-1 t=3.8s
[DONE] calibration__7505__clean__shuffled__r6 bl=-1 gwad+=-1 t=3.6s
[DONE] calibration__7505__clean__shuffled__r7 bl=-1 gwad+=-1 t=3.8s
[DONE] calibration__7505__clean__shuffled__r8 bl=1013 gwad+=-1 t=3.9s
[DONE] calibration__7505__clean__shuffled__r9 bl=-1 gwad+=-1 t=3.7s
[DONE] calibration__7505__clean__noise__r0 bl=-1 gwad+=259 t=4.1s
[DONE] calibration__7505__clean__sweep__r0 bl=614 gwad+=259 t=3.4s
[DONE] calibration__4296__clean__shuffled__r0 bl=-1 gwad+=-1 t=3.7s
[DONE] calibration__4296__clean__shuffled__r1 bl=-1 gwad+=-1 t=3.7s
[DONE] calibration__4296__clean__shuffled__r2 bl=-1 gwad+=-1 t=4.0s
[DONE] calibration__4296__clean__shuffled__r3 bl=-1 gwad+=-1 t=3.9s
[DONE] calibration__4296__clean__shuffled__r4 bl=-1 gwad+=-1 t=3.9s
[DONE] calibration__4296__clean__shuffled__r5 bl=-1 gwad+=-1 t=3.8s
[DONE] calibration__4296__clean__shuffled__r6 bl=-1 gwad+=-1 t=3.8s
[DONE] calibration__4296__clean__shuffled__r7 bl=-1 gwad+=-1 t=3.7s
[DONE] calibration__4296__clean__shuffled__r8 bl=-1 gwad+=-1 t=3.7s
[DONE] calibration__4296__clean__shuffled__r9 bl=-1 gwad+=-1 t=3.7s
[DONE] calibration__4296__clean__noise__r0 bl=-1 gwad+=259 t=3.9s
[DONE] calibration__4296__clean__sweep__r0 bl=124 gwad+=259 t=3.3s
[DONE] calibration__76__clean__shuffled__r0 bl=-1 gwad+=-1 t=3.7s
[DONE] calibration__76__clean__shuffled__r1 bl=-1 gwad+=-1 t=4.0s
[DONE] calibration__76__clean__shuffled__r2 bl=-1 gwad+=-1 t=3.8s
[DONE] calibration__76__clean__shuffled__r3 bl=-1 gwad+=-1 t=3.7s
[DONE] calibration__76__clean__shuffled__r4 bl=-1 gwad+=-1 t=3.6s
[DONE] calibration__76__clean__shuffled__r5 bl=-1 gwad+=-1 t=3.9s
[DONE] calibration__76__clean__shuffled__r6 bl=-1 gwad+=-1 t=4.0s
[DONE] calibration__76__clean__shuffled__r7 bl=-1 gwad+=-1 t=3.8s
[DONE] calibration__76__clean__shuffled__r8 bl=-1 gwad+=-1 t=3.6s
[DONE] calibration__76__clean__shuffled__r9 bl=-1 gwad+=-1 t=3.8s
[DONE] calibration__76__clean__noise__r0 bl=-1 gwad+=259 t=3.9s
[DONE] calibration__76__clean__sweep__r0 bl=609 gwad+=259 t=3.3s
[DONE] calibration__6256__clean__shuffled__r0 bl=-1 gwad+=-1 t=4.0s
[DONE] calibration__6256__clean__shuffled__r1 bl=-1 gwad+=-1 t=3.7s
[DONE] calibration__6256__clean__shuffled__r2 bl=-1 gwad+=-1 t=4.0s
[DONE] calibration__6256__clean__shuffled__r3 bl=-1 gwad+=-1 t=3.6s
[DONE] calibration__6256__clean__shuffled__r4 bl=-1 gwad+=-1 t=3.9s
[DONE] calibration__6256__clean__shuffled__r5 bl=-1 gwad+=-1 t=3.9s
[DONE] calibration__6256__clean__shuffled__r6 bl=-1 gwad+=-1 t=3.8s
[DONE] calibration__6256__clean__shuffled__r7 bl=-1 gwad+=-1 t=3.7s
[DONE] calibration__6256__clean__shuffled__r8 bl=-1 gwad+=-1 t=3.7s
[DONE] calibration__6256__clean__shuffled__r9 bl=-1 gwad+=-1 t=3.8s
[DONE] calibration__6256__clean__noise__r0 bl=-1 gwad+=259 t=3.9s
[DONE] calibration__6256__clean__sweep__r0 bl=627 gwad+=259 t=3.4s
[DONE] evaluation__1109__clean__shuffled__r0 bl=-1 gwad+=-1 t=3.8s
[DONE] evaluation__1109__clean__shuffled__r1 bl=-1 gwad+=-1 t=3.9s
[DONE] evaluation__1109__clean__shuffled__r2 bl=-1 gwad+=-1 t=3.9s
[DONE] evaluation__1109__clean__shuffled__r3 bl=-1 gwad+=-1 t=4.0s
[DONE] evaluation__1109__clean__shuffled__r4 bl=523 gwad+=-1 t=3.7s
[DONE] evaluation__1109__clean__shuffled__r5 bl=-1 gwad+=-1 t=3.7s
[DONE] evaluation__1109__clean__shuffled__r6 bl=-1 gwad+=-1 t=3.7s
[DONE] evaluation__1109__clean__shuffled__r7 bl=-1 gwad+=-1 t=3.7s
[DONE] evaluation__1109__clean__shuffled__r8 bl=-1 gwad+=-1 t=4.0s
[DONE] evaluation__1109__clean__shuffled__r9 bl=-1 gwad+=-1 t=3.7s
[DONE] evaluation__1109__clean__noise__r0 bl=-1 gwad+=259 t=3.9s
[DONE] evaluation__1109__clean__sweep__r0 bl=328 gwad+=259 t=3.2s
[DONE] evaluation__6003__clean__shuffled__r0 bl=-1 gwad+=-1 t=3.8s
[DONE] evaluation__6003__clean__shuffled__r1 bl=-1 gwad+=-1 t=3.9s
[DONE] evaluation__6003__clean__shuffled__r2 bl=-1 gwad+=-1 t=3.9s
[DONE] evaluation__6003__clean__shuffled__r3 bl=-1 gwad+=-1 t=3.6s
[DONE] evaluation__6003__clean__shuffled__r4 bl=-1 gwad+=-1 t=4.0s
[DONE] evaluation__6003__clean__shuffled__r5 bl=-1 gwad+=-1 t=3.8s
[DONE] evaluation__6003__clean__shuffled__r6 bl=-1 gwad+=-1 t=3.8s
[DONE] evaluation__6003__clean__shuffled__r7 bl=-1 gwad+=-1 t=4.1s
[DONE] evaluation__6003__clean__shuffled__r8 bl=-1 gwad+=-1 t=3.8s
[DONE] evaluation__6003__clean__shuffled__r9 bl=-1 gwad+=-1 t=3.7s
[DONE] evaluation__6003__clean__noise__r0 bl=-1 gwad+=259 t=3.9s
[DONE] evaluation__6003__clean__sweep__r0 bl=18 gwad+=259 t=2.8s
[DONE] evaluation__8884__clean__shuffled__r0 bl=-1 gwad+=-1 t=3.8s
[DONE] evaluation__8884__clean__shuffled__r1 bl=-1 gwad+=-1 t=3.6s
[DONE] evaluation__8884__clean__shuffled__r2 bl=-1 gwad+=-1 t=3.9s
[DONE] evaluation__8884__clean__shuffled__r3 bl=-1 gwad+=-1 t=3.8s
[DONE] evaluation__8884__clean__shuffled__r4 bl=-1 gwad+=-1 t=3.8s
[DONE] evaluation__8884__clean__shuffled__r5 bl=-1 gwad+=-1 t=4.0s
[DONE] evaluation__8884__clean__shuffled__r6 bl=-1 gwad+=-1 t=3.7s
[DONE] evaluation__8884__clean__shuffled__r7 bl=-1 gwad+=-1 t=3.8s
[DONE] evaluation__8884__clean__shuffled__r8 bl=-1 gwad+=-1 t=3.7s
[DONE] evaluation__8884__clean__shuffled__r9 bl=-1 gwad+=-1 t=4.0s
[DONE] evaluation__8884__clean__noise__r0 bl=-1 gwad+=259 t=4.1s
[DONE] evaluation__8884__clean__sweep__r0 bl=62 gwad+=259 t=3.2s
[DONE] evaluation__6__clean__shuffled__r0 bl=-1 gwad+=-1 t=4.0s
[DONE] evaluation__6__clean__shuffled__r1 bl=-1 gwad+=-1 t=4.0s
[DONE] evaluation__6__clean__shuffled__r2 bl=-1 gwad+=-1 t=3.7s
[DONE] evaluation__6__clean__shuffled__r3 bl=-1 gwad+=-1 t=3.8s
[DONE] evaluation__6__clean__shuffled__r4 bl=-1 gwad+=-1 t=3.7s
[DONE] evaluation__6__clean__shuffled__r5 bl=-1 gwad+=-1 t=4.0s
[DONE] evaluation__6__clean__shuffled__r6 bl=-1 gwad+=-1 t=3.9s
[DONE] evaluation__6__clean__shuffled__r7 bl=-1 gwad+=-1 t=3.8s
[DONE] evaluation__6__clean__shuffled__r8 bl=-1 gwad+=-1 t=3.9s
[DONE] evaluation__6__clean__shuffled__r9 bl=-1 gwad+=-1 t=3.7s
[DONE] evaluation__6__clean__noise__r0 bl=-1 gwad+=259 t=3.8s
[DONE] evaluation__6__clean__sweep__r0 bl=2 gwad+=259 t=3.4s
[DONE] evaluation__1991__clean__shuffled__r0 bl=-1 gwad+=-1 t=3.7s
[DONE] evaluation__1991__clean__shuffled__r1 bl=-1 gwad+=-1 t=3.8s
[DONE] evaluation__1991__clean__shuffled__r2 bl=-1 gwad+=-1 t=3.9s
[DONE] evaluation__1991__clean__shuffled__r3 bl=-1 gwad+=-1 t=3.8s
[DONE] evaluation__1991__clean__shuffled__r4 bl=-1 gwad+=-1 t=3.7s
[DONE] evaluation__1991__clean__shuffled__r5 bl=-1 gwad+=-1 t=3.8s
[DONE] evaluation__1991__clean__shuffled__r6 bl=-1 gwad+=-1 t=3.8s
[DONE] evaluation__1991__clean__shuffled__r7 bl=-1 gwad+=-1 t=4.0s
[DONE] evaluation__1991__clean__shuffled__r8 bl=-1 gwad+=-1 t=4.0s
[DONE] evaluation__1991__clean__shuffled__r9 bl=-1 gwad+=-1 t=3.8s
[DONE] evaluation__1991__clean__noise__r0 bl=-1 gwad+=259 t=4.2s
[DONE] evaluation__1991__clean__sweep__r0 bl=225 gwad+=259 t=3.2s
[DONE] evaluation__6984__clean__shuffled__r0 bl=856 gwad+=-1 t=3.8s
[DONE] evaluation__6984__clean__shuffled__r1 bl=-1 gwad+=-1 t=3.9s
[DONE] evaluation__6984__clean__shuffled__r2 bl=-1 gwad+=-1 t=4.0s
[DONE] evaluation__6984__clean__shuffled__r3 bl=-1 gwad+=-1 t=3.9s
[DONE] evaluation__6984__clean__shuffled__r4 bl=-1 gwad+=-1 t=3.7s
[DONE] evaluation__6984__clean__shuffled__r5 bl=-1 gwad+=-1 t=3.7s
[DONE] evaluation__6984__clean__shuffled__r6 bl=-1 gwad+=-1 t=3.8s
[DONE] evaluation__6984__clean__shuffled__r7 bl=-1 gwad+=-1 t=3.7s
[DONE] evaluation__6984__clean__shuffled__r8 bl=-1 gwad+=-1 t=4.0s
[DONE] evaluation__6984__clean__shuffled__r9 bl=-1 gwad+=-1 t=4.0s
[DONE] evaluation__6984__clean__noise__r0 bl=-1 gwad+=259 t=3.9s
[DONE] evaluation__6984__clean__sweep__r0 bl=609 gwad+=259 t=3.5s
[DONE] evaluation__8503__clean__shuffled__r0 bl=-1 gwad+=-1 t=3.7s
[DONE] evaluation__8503__clean__shuffled__r1 bl=-1 gwad+=-1 t=4.0s
[DONE] evaluation__8503__clean__shuffled__r2 bl=-1 gwad+=-1 t=3.9s
[DONE] evaluation__8503__clean__shuffled__r3 bl=-1 gwad+=-1 t=3.9s
[DONE] evaluation__8503__clean__shuffled__r4 bl=-1 gwad+=-1 t=3.9s
[DONE] evaluation__8503__clean__shuffled__r5 bl=-1 gwad+=-1 t=3.8s
[DONE] evaluation__8503__clean__shuffled__r6 bl=-1 gwad+=-1 t=3.8s
[DONE] evaluation__8503__clean__shuffled__r7 bl=-1 gwad+=-1 t=3.7s
[DONE] evaluation__8503__clean__shuffled__r8 bl=-1 gwad+=-1 t=3.6s
[DONE] evaluation__8503__clean__shuffled__r9 bl=-1 gwad+=-1 t=4.0s
[DONE] evaluation__8503__clean__noise__r0 bl=-1 gwad+=259 t=3.8s
[DONE] evaluation__8503__clean__sweep__r0 bl=417 gwad+=259 t=3.6s
[DONE] evaluation__2170__clean__shuffled__r0 bl=-1 gwad+=-1 t=3.9s
[DONE] evaluation__2170__clean__shuffled__r1 bl=-1 gwad+=-1 t=3.8s
[DONE] evaluation__2170__clean__shuffled__r2 bl=-1 gwad+=-1 t=3.7s
[DONE] evaluation__2170__clean__shuffled__r3 bl=-1 gwad+=-1 t=3.5s
[DONE] evaluation__2170__clean__shuffled__r4 bl=-1 gwad+=-1 t=3.9s
[DONE] evaluation__2170__clean__shuffled__r5 bl=-1 gwad+=-1 t=3.7s
[DONE] evaluation__2170__clean__shuffled__r6 bl=-1 gwad+=-1 t=3.9s
[DONE] evaluation__2170__clean__shuffled__r7 bl=-1 gwad+=-1 t=3.7s
[DONE] evaluation__2170__clean__shuffled__r8 bl=-1 gwad+=-1 t=3.8s
[DONE] evaluation__2170__clean__shuffled__r9 bl=-1 gwad+=-1 t=3.9s
[DONE] evaluation__2170__clean__noise__r0 bl=-1 gwad+=266 t=4.2s
[DONE] evaluation__2170__clean__sweep__r0 bl=69 gwad+=259 t=3.4s
[DONE] evaluation__4622__clean__shuffled__r0 bl=-1 gwad+=-1 t=4.1s
[DONE] evaluation__4622__clean__shuffled__r1 bl=-1 gwad+=-1 t=3.7s
[DONE] evaluation__4622__clean__shuffled__r2 bl=-1 gwad+=-1 t=3.8s
[DONE] evaluation__4622__clean__shuffled__r3 bl=-1 gwad+=-1 t=3.7s
[DONE] evaluation__4622__clean__shuffled__r4 bl=-1 gwad+=-1 t=3.7s
[DONE] evaluation__4622__clean__shuffled__r5 bl=-1 gwad+=-1 t=3.9s
[DONE] evaluation__4622__clean__shuffled__r6 bl=-1 gwad+=-1 t=3.7s
[DONE] evaluation__4622__clean__shuffled__r7 bl=-1 gwad+=-1 t=3.8s
[DONE] evaluation__4622__clean__shuffled__r8 bl=-1 gwad+=-1 t=3.6s
[DONE] evaluation__4622__clean__shuffled__r9 bl=-1 gwad+=-1 t=3.9s
[DONE] evaluation__4622__clean__noise__r0 bl=-1 gwad+=259 t=4.2s
[DONE] evaluation__4622__clean__sweep__r0 bl=237 gwad+=259 t=3.1s
[DONE] evaluation__7902__clean__shuffled__r0 bl=-1 gwad+=-1 t=3.9s
[DONE] evaluation__7902__clean__shuffled__r1 bl=-1 gwad+=-1 t=4.1s
[DONE] evaluation__7902__clean__shuffled__r2 bl=-1 gwad+=-1 t=3.7s
[DONE] evaluation__7902__clean__shuffled__r3 bl=-1 gwad+=-1 t=3.9s
[DONE] evaluation__7902__clean__shuffled__r4 bl=-1 gwad+=-1 t=3.6s
[DONE] evaluation__7902__clean__shuffled__r5 bl=-1 gwad+=-1 t=4.0s
[DONE] evaluation__7902__clean__shuffled__r6 bl=-1 gwad+=-1 t=3.9s
[DONE] evaluation__7902__clean__shuffled__r7 bl=-1 gwad+=-1 t=4.1s
[DONE] evaluation__7902__clean__shuffled__r8 bl=-1 gwad+=-1 t=3.7s
[DONE] evaluation__7902__clean__shuffled__r9 bl=-1 gwad+=-1 t=3.7s
[DONE] evaluation__7902__clean__noise__r0 bl=-1 gwad+=259 t=3.9s
[DONE] evaluation__7902__clean__sweep__r0 bl=609 gwad+=259 t=3.1s
[DONE] evaluation__1603__clean__shuffled__r0 bl=-1 gwad+=-1 t=4.3s
[DONE] evaluation__1603__clean__shuffled__r1 bl=-1 gwad+=-1 t=3.7s
[DONE] evaluation__1603__clean__shuffled__r2 bl=-1 gwad+=-1 t=3.7s
[DONE] evaluation__1603__clean__shuffled__r3 bl=-1 gwad+=-1 t=4.0s
[DONE] evaluation__1603__clean__shuffled__r4 bl=-1 gwad+=-1 t=3.9s
[DONE] evaluation__1603__clean__shuffled__r5 bl=-1 gwad+=-1 t=3.7s
[DONE] evaluation__1603__clean__shuffled__r6 bl=-1 gwad+=-1 t=3.7s
[DONE] evaluation__1603__clean__shuffled__r7 bl=-1 gwad+=-1 t=3.7s
[DONE] evaluation__1603__clean__shuffled__r8 bl=-1 gwad+=-1 t=3.8s
[DONE] evaluation__1603__clean__shuffled__r9 bl=-1 gwad+=-1 t=3.9s
[DONE] evaluation__1603__clean__noise__r0 bl=-1 gwad+=259 t=3.7s
[DONE] evaluation__1603__clean__sweep__r0 bl=128 gwad+=259 t=3.2s
[DONE] evaluation__5413__clean__shuffled__r0 bl=-1 gwad+=-1 t=3.8s
[DONE] evaluation__5413__clean__shuffled__r1 bl=-1 gwad+=-1 t=3.8s
[DONE] evaluation__5413__clean__shuffled__r2 bl=430 gwad+=-1 t=3.7s
[DONE] evaluation__5413__clean__shuffled__r3 bl=-1 gwad+=-1 t=3.7s
[DONE] evaluation__5413__clean__shuffled__r4 bl=-1 gwad+=-1 t=3.6s
[DONE] evaluation__5413__clean__shuffled__r5 bl=-1 gwad+=-1 t=3.7s
[DONE] evaluation__5413__clean__shuffled__r6 bl=-1 gwad+=-1 t=3.6s
[DONE] evaluation__5413__clean__shuffled__r7 bl=-1 gwad+=-1 t=3.7s
[DONE] evaluation__5413__clean__shuffled__r8 bl=-1 gwad+=-1 t=3.8s
[DONE] evaluation__5413__clean__shuffled__r9 bl=-1 gwad+=-1 t=3.6s
[DONE] evaluation__5413__clean__noise__r0 bl=-1 gwad+=259 t=4.0s
[DONE] evaluation__5413__clean__sweep__r0 bl=609 gwad+=259 t=3.2s
[DONE] evaluation__6786__clean__shuffled__r0 bl=-1 gwad+=-1 t=3.6s
[DONE] evaluation__6786__clean__shuffled__r1 bl=-1 gwad+=-1 t=3.8s
[DONE] evaluation__6786__clean__shuffled__r2 bl=-1 gwad+=-1 t=3.9s
[DONE] evaluation__6786__clean__shuffled__r3 bl=-1 gwad+=-1 t=3.8s
[DONE] evaluation__6786__clean__shuffled__r4 bl=-1 gwad+=-1 t=3.9s
[DONE] evaluation__6786__clean__shuffled__r5 bl=-1 gwad+=-1 t=4.0s
[DONE] evaluation__6786__clean__shuffled__r6 bl=-1 gwad+=-1 t=3.8s
[DONE] evaluation__6786__clean__shuffled__r7 bl=-1 gwad+=-1 t=3.7s
[DONE] evaluation__6786__clean__shuffled__r8 bl=-1 gwad+=-1 t=3.8s
[DONE] evaluation__6786__clean__shuffled__r9 bl=-1 gwad+=-1 t=3.7s
[DONE] evaluation__6786__clean__noise__r0 bl=-1 gwad+=259 t=4.0s
[DONE] evaluation__6786__clean__sweep__r0 bl=238 gwad+=259 t=3.2s
[DONE] evaluation__463__clean__shuffled__r0 bl=-1 gwad+=-1 t=3.7s
[DONE] evaluation__463__clean__shuffled__r1 bl=-1 gwad+=-1 t=3.8s
[DONE] evaluation__463__clean__shuffled__r2 bl=-1 gwad+=-1 t=3.7s
[DONE] evaluation__463__clean__shuffled__r3 bl=-1 gwad+=-1 t=3.6s
[DONE] evaluation__463__clean__shuffled__r4 bl=-1 gwad+=-1 t=3.9s
[DONE] evaluation__463__clean__shuffled__r5 bl=-1 gwad+=-1 t=3.8s
[DONE] evaluation__463__clean__shuffled__r6 bl=-1 gwad+=-1 t=3.8s
[DONE] evaluation__463__clean__shuffled__r7 bl=-1 gwad+=-1 t=3.8s
[DONE] evaluation__463__clean__shuffled__r8 bl=-1 gwad+=-1 t=3.9s
[DONE] evaluation__463__clean__shuffled__r9 bl=-1 gwad+=-1 t=3.7s
[DONE] evaluation__463__clean__noise__r0 bl=-1 gwad+=263 t=4.1s
[DONE] evaluation__463__clean__sweep__r0 bl=182 gwad+=259 t=3.1s
[DONE] evaluation__3809__clean__shuffled__r0 bl=-1 gwad+=-1 t=3.7s
[DONE] evaluation__3809__clean__shuffled__r1 bl=930 gwad+=-1 t=3.7s
[DONE] evaluation__3809__clean__shuffled__r2 bl=-1 gwad+=-1 t=3.8s
[DONE] evaluation__3809__clean__shuffled__r3 bl=-1 gwad+=-1 t=3.8s
[DONE] evaluation__3809__clean__shuffled__r4 bl=-1 gwad+=-1 t=3.9s
[DONE] evaluation__3809__clean__shuffled__r5 bl=-1 gwad+=-1 t=3.8s
[DONE] evaluation__3809__clean__shuffled__r6 bl=-1 gwad+=-1 t=3.7s
[DONE] evaluation__3809__clean__shuffled__r7 bl=-1 gwad+=-1 t=3.9s
[DONE] evaluation__3809__clean__shuffled__r8 bl=-1 gwad+=-1 t=3.8s
[DONE] evaluation__3809__clean__shuffled__r9 bl=-1 gwad+=-1 t=3.8s
[DONE] evaluation__3809__clean__noise__r0 bl=-1 gwad+=267 t=3.9s
[DONE] evaluation__3809__clean__sweep__r0 bl=33 gwad+=259 t=3.5s
[DONE] evaluation__4600__clean__shuffled__r0 bl=-1 gwad+=-1 t=3.9s
[DONE] evaluation__4600__clean__shuffled__r1 bl=-1 gwad+=-1 t=3.9s
[DONE] evaluation__4600__clean__shuffled__r2 bl=-1 gwad+=-1 t=3.7s
[DONE] evaluation__4600__clean__shuffled__r3 bl=-1 gwad+=-1 t=3.7s
[DONE] evaluation__4600__clean__shuffled__r4 bl=-1 gwad+=-1 t=3.7s
[DONE] evaluation__4600__clean__shuffled__r5 bl=-1 gwad+=-1 t=3.9s
[DONE] evaluation__4600__clean__shuffled__r6 bl=-1 gwad+=-1 t=3.7s
[DONE] evaluation__4600__clean__shuffled__r7 bl=-1 gwad+=-1 t=3.9s
[DONE] evaluation__4600__clean__shuffled__r8 bl=-1 gwad+=-1 t=3.7s
[DONE] evaluation__4600__clean__shuffled__r9 bl=-1 gwad+=-1 t=3.7s
[DONE] evaluation__4600__clean__noise__r0 bl=-1 gwad+=259 t=3.9s
[DONE] evaluation__4600__clean__sweep__r0 bl=34 gwad+=259 t=3.2s
[DONE] evaluation__9393__clean__shuffled__r0 bl=-1 gwad+=-1 t=4.2s
[DONE] evaluation__9393__clean__shuffled__r1 bl=-1 gwad+=-1 t=3.7s
[DONE] evaluation__9393__clean__shuffled__r2 bl=-1 gwad+=-1 t=3.7s
[DONE] evaluation__9393__clean__shuffled__r3 bl=-1 gwad+=-1 t=3.7s
[DONE] evaluation__9393__clean__shuffled__r4 bl=-1 gwad+=-1 t=3.5s
[DONE] evaluation__9393__clean__shuffled__r5 bl=-1 gwad+=-1 t=3.9s
[DONE] evaluation__9393__clean__shuffled__r6 bl=-1 gwad+=-1 t=4.1s
[DONE] evaluation__9393__clean__shuffled__r7 bl=-1 gwad+=-1 t=3.8s
[DONE] evaluation__9393__clean__shuffled__r8 bl=-1 gwad+=-1 t=3.8s
[DONE] evaluation__9393__clean__shuffled__r9 bl=-1 gwad+=-1 t=3.8s
[DONE] evaluation__9393__clean__noise__r0 bl=-1 gwad+=259 t=4.1s
[DONE] evaluation__9393__clean__sweep__r0 bl=2 gwad+=259 t=3.3s
[DONE] evaluation__2487__clean__shuffled__r0 bl=-1 gwad+=-1 t=3.9s
[DONE] evaluation__2487__clean__shuffled__r1 bl=-1 gwad+=-1 t=3.9s
[DONE] evaluation__2487__clean__shuffled__r2 bl=-1 gwad+=-1 t=4.0s
[DONE] evaluation__2487__clean__shuffled__r3 bl=-1 gwad+=-1 t=3.8s
[DONE] evaluation__2487__clean__shuffled__r4 bl=-1 gwad+=-1 t=3.8s
[DONE] evaluation__2487__clean__shuffled__r5 bl=-1 gwad+=-1 t=4.0s
[DONE] evaluation__2487__clean__shuffled__r6 bl=-1 gwad+=-1 t=3.7s
[DONE] evaluation__2487__clean__shuffled__r7 bl=-1 gwad+=-1 t=3.7s
[DONE] evaluation__2487__clean__shuffled__r8 bl=-1 gwad+=-1 t=3.9s
[DONE] evaluation__2487__clean__shuffled__r9 bl=-1 gwad+=-1 t=3.6s
[DONE] evaluation__2487__clean__noise__r0 bl=-1 gwad+=259 t=4.0s
[DONE] evaluation__2487__clean__sweep__r0 bl=421 gwad+=259 t=3.5s
[DONE] evaluation__5947__clean__shuffled__r0 bl=-1 gwad+=-1 t=3.9s
[DONE] evaluation__5947__clean__shuffled__r1 bl=-1 gwad+=-1 t=3.7s
[DONE] evaluation__5947__clean__shuffled__r2 bl=-1 gwad+=-1 t=4.0s
[DONE] evaluation__5947__clean__shuffled__r3 bl=-1 gwad+=-1 t=3.8s
[DONE] evaluation__5947__clean__shuffled__r4 bl=-1 gwad+=-1 t=3.8s
[DONE] evaluation__5947__clean__shuffled__r5 bl=-1 gwad+=-1 t=3.8s
[DONE] evaluation__5947__clean__shuffled__r6 bl=-1 gwad+=-1 t=3.9s
[DONE] evaluation__5947__clean__shuffled__r7 bl=-1 gwad+=-1 t=3.7s
[DONE] evaluation__5947__clean__shuffled__r8 bl=-1 gwad+=-1 t=3.8s
[DONE] evaluation__5947__clean__shuffled__r9 bl=-1 gwad+=-1 t=3.7s
[DONE] evaluation__5947__clean__noise__r0 bl=-1 gwad+=259 t=3.9s
[DONE] evaluation__5947__clean__sweep__r0 bl=62 gwad+=259 t=3.0s
[DONE] evaluation__9261__clean__shuffled__r0 bl=-1 gwad+=-1 t=3.9s
[DONE] evaluation__9261__clean__shuffled__r1 bl=-1 gwad+=-1 t=3.8s
[DONE] evaluation__9261__clean__shuffled__r2 bl=-1 gwad+=-1 t=3.7s
[DONE] evaluation__9261__clean__shuffled__r3 bl=-1 gwad+=-1 t=4.0s
[DONE] evaluation__9261__clean__shuffled__r4 bl=-1 gwad+=-1 t=3.6s
[DONE] evaluation__9261__clean__shuffled__r5 bl=-1 gwad+=-1 t=3.8s
[DONE] evaluation__9261__clean__shuffled__r6 bl=-1 gwad+=-1 t=3.8s
[DONE] evaluation__9261__clean__shuffled__r7 bl=-1 gwad+=-1 t=3.6s
[DONE] evaluation__9261__clean__shuffled__r8 bl=-1 gwad+=-1 t=3.7s
[DONE] evaluation__9261__clean__shuffled__r9 bl=-1 gwad+=-1 t=4.1s
[DONE] evaluation__9261__clean__noise__r0 bl=-1 gwad+=259 t=3.8s
[DONE] evaluation__9261__clean__sweep__r0 bl=65 gwad+=259 t=3.0s
[DONE] evaluation__1641__clean__shuffled__r0 bl=-1 gwad+=-1 t=4.1s
[DONE] evaluation__1641__clean__shuffled__r1 bl=-1 gwad+=-1 t=3.7s
[DONE] evaluation__1641__clean__shuffled__r2 bl=-1 gwad+=-1 t=3.8s
[DONE] evaluation__1641__clean__shuffled__r3 bl=-1 gwad+=-1 t=3.7s
[DONE] evaluation__1641__clean__shuffled__r4 bl=-1 gwad+=-1 t=3.7s
[DONE] evaluation__1641__clean__shuffled__r5 bl=-1 gwad+=-1 t=3.6s
[DONE] evaluation__1641__clean__shuffled__r6 bl=-1 gwad+=-1 t=3.8s
[DONE] evaluation__1641__clean__shuffled__r7 bl=-1 gwad+=-1 t=3.8s
[DONE] evaluation__1641__clean__shuffled__r8 bl=-1 gwad+=-1 t=3.8s
[DONE] evaluation__1641__clean__shuffled__r9 bl=-1 gwad+=-1 t=3.7s
[DONE] evaluation__1641__clean__noise__r0 bl=-1 gwad+=259 t=4.2s
[DONE] evaluation__1641__clean__sweep__r0 bl=481 gwad+=259 t=3.2s
[DONE] evaluation__4465__clean__shuffled__r0 bl=-1 gwad+=-1 t=3.6s
[DONE] evaluation__4465__clean__shuffled__r1 bl=-1 gwad+=-1 t=4.0s
[DONE] evaluation__4465__clean__shuffled__r2 bl=-1 gwad+=-1 t=3.6s
[DONE] evaluation__4465__clean__shuffled__r3 bl=-1 gwad+=-1 t=3.7s
[DONE] evaluation__4465__clean__shuffled__r4 bl=-1 gwad+=-1 t=3.7s
[DONE] evaluation__4465__clean__shuffled__r5 bl=-1 gwad+=-1 t=3.9s
[DONE] evaluation__4465__clean__shuffled__r6 bl=-1 gwad+=-1 t=3.7s
[DONE] evaluation__4465__clean__shuffled__r7 bl=-1 gwad+=-1 t=4.1s
[DONE] evaluation__4465__clean__shuffled__r8 bl=-1 gwad+=-1 t=3.7s
[DONE] evaluation__4465__clean__shuffled__r9 bl=-1 gwad+=-1 t=3.8s
[DONE] evaluation__4465__clean__noise__r0 bl=-1 gwad+=260 t=3.9s
[DONE] evaluation__4465__clean__sweep__r0 bl=327 gwad+=259 t=3.3s
[DONE] evaluation__7337__clean__shuffled__r0 bl=-1 gwad+=-1 t=3.8s
[DONE] evaluation__7337__clean__shuffled__r1 bl=-1 gwad+=-1 t=3.7s
[DONE] evaluation__7337__clean__shuffled__r2 bl=-1 gwad+=-1 t=3.8s
[DONE] evaluation__7337__clean__shuffled__r3 bl=-1 gwad+=-1 t=3.7s
[DONE] evaluation__7337__clean__shuffled__r4 bl=-1 gwad+=-1 t=3.8s
[DONE] evaluation__7337__clean__shuffled__r5 bl=-1 gwad+=-1 t=3.8s
[DONE] evaluation__7337__clean__shuffled__r6 bl=-1 gwad+=-1 t=3.7s
[DONE] evaluation__7337__clean__shuffled__r7 bl=-1 gwad+=-1 t=3.7s
[DONE] evaluation__7337__clean__shuffled__r8 bl=-1 gwad+=-1 t=3.8s
[DONE] evaluation__7337__clean__shuffled__r9 bl=-1 gwad+=-1 t=3.9s
[DONE] evaluation__7337__clean__noise__r0 bl=-1 gwad+=265 t=4.0s
[DONE] evaluation__7337__clean__sweep__r0 bl=534 gwad+=259 t=3.5s
[DONE] evaluation__56__clean__shuffled__r0 bl=-1 gwad+=-1 t=3.9s
[DONE] evaluation__56__clean__shuffled__r1 bl=-1 gwad+=-1 t=4.0s
[DONE] evaluation__56__clean__shuffled__r2 bl=-1 gwad+=-1 t=3.8s
[DONE] evaluation__56__clean__shuffled__r3 bl=-1 gwad+=-1 t=3.8s
[DONE] evaluation__56__clean__shuffled__r4 bl=-1 gwad+=-1 t=3.6s
[DONE] evaluation__56__clean__shuffled__r5 bl=-1 gwad+=-1 t=4.1s
[DONE] evaluation__56__clean__shuffled__r6 bl=-1 gwad+=-1 t=3.7s
[DONE] evaluation__56__clean__shuffled__r7 bl=-1 gwad+=-1 t=3.7s
[DONE] evaluation__56__clean__shuffled__r8 bl=-1 gwad+=-1 t=3.5s
[DONE] evaluation__56__clean__shuffled__r9 bl=-1 gwad+=-1 t=3.7s
[DONE] evaluation__56__clean__noise__r0 bl=-1 gwad+=259 t=3.9s
[DONE] evaluation__56__clean__sweep__r0 bl=-1 gwad+=259 t=3.3s
[DONE] evaluation__3788__clean__shuffled__r0 bl=-1 gwad+=-1 t=3.8s
[DONE] evaluation__3788__clean__shuffled__r1 bl=-1 gwad+=-1 t=3.5s
[DONE] evaluation__3788__clean__shuffled__r2 bl=-1 gwad+=-1 t=3.8s
[DONE] evaluation__3788__clean__shuffled__r3 bl=-1 gwad+=-1 t=3.8s
[DONE] evaluation__3788__clean__shuffled__r4 bl=-1 gwad+=-1 t=3.9s
[DONE] evaluation__3788__clean__shuffled__r5 bl=-1 gwad+=-1 t=3.7s
[DONE] evaluation__3788__clean__shuffled__r6 bl=-1 gwad+=-1 t=3.9s
[DONE] evaluation__3788__clean__shuffled__r7 bl=-1 gwad+=-1 t=3.9s
[DONE] evaluation__3788__clean__shuffled__r8 bl=-1 gwad+=-1 t=3.8s
[DONE] evaluation__3788__clean__shuffled__r9 bl=-1 gwad+=-1 t=3.9s
[DONE] evaluation__3788__clean__noise__r0 bl=-1 gwad+=259 t=4.0s
[DONE] evaluation__3788__clean__sweep__r0 bl=609 gwad+=259 t=3.2s
[DONE] evaluation__5668__clean__shuffled__r0 bl=-1 gwad+=-1 t=3.8s
[DONE] evaluation__5668__clean__shuffled__r1 bl=-1 gwad+=-1 t=3.7s
[DONE] evaluation__5668__clean__shuffled__r2 bl=-1 gwad+=-1 t=3.5s
[DONE] evaluation__5668__clean__shuffled__r3 bl=-1 gwad+=-1 t=3.8s
[DONE] evaluation__5668__clean__shuffled__r4 bl=-1 gwad+=-1 t=3.7s
[DONE] evaluation__5668__clean__shuffled__r5 bl=-1 gwad+=-1 t=3.8s
[DONE] evaluation__5668__clean__shuffled__r6 bl=-1 gwad+=-1 t=3.8s
[DONE] evaluation__5668__clean__shuffled__r7 bl=-1 gwad+=-1 t=3.8s
[DONE] evaluation__5668__clean__shuffled__r8 bl=-1 gwad+=-1 t=3.7s
[DONE] evaluation__5668__clean__shuffled__r9 bl=-1 gwad+=-1 t=3.7s
[DONE] evaluation__5668__clean__noise__r0 bl=-1 gwad+=259 t=4.2s
[DONE] evaluation__5668__clean__sweep__r0 bl=609 gwad+=259 t=3.2s
[DONE] evaluation__8466__clean__shuffled__r0 bl=-1 gwad+=-1 t=3.9s
[DONE] evaluation__8466__clean__shuffled__r1 bl=-1 gwad+=-1 t=3.7s
[DONE] evaluation__8466__clean__shuffled__r2 bl=-1 gwad+=-1 t=3.6s
[DONE] evaluation__8466__clean__shuffled__r3 bl=-1 gwad+=-1 t=3.7s
[DONE] evaluation__8466__clean__shuffled__r4 bl=-1 gwad+=-1 t=3.9s
[DONE] evaluation__8466__clean__shuffled__r5 bl=-1 gwad+=-1 t=3.7s
[DONE] evaluation__8466__clean__shuffled__r6 bl=-1 gwad+=-1 t=3.7s
[DONE] evaluation__8466__clean__shuffled__r7 bl=-1 gwad+=-1 t=4.0s
[DONE] evaluation__8466__clean__shuffled__r8 bl=-1 gwad+=-1 t=3.8s
[DONE] evaluation__8466__clean__shuffled__r9 bl=-1 gwad+=-1 t=4.1s
[DONE] evaluation__8466__clean__noise__r0 bl=-1 gwad+=259 t=4.2s
[DONE] evaluation__8466__clean__sweep__r0 bl=32 gwad+=259 t=3.3s
[DONE] evaluation__1866__clean__shuffled__r0 bl=-1 gwad+=-1 t=3.8s
[DONE] evaluation__1866__clean__shuffled__r1 bl=-1 gwad+=-1 t=3.8s
[DONE] evaluation__1866__clean__shuffled__r2 bl=-1 gwad+=-1 t=3.7s
[DONE] evaluation__1866__clean__shuffled__r3 bl=801 gwad+=-1 t=3.8s
[DONE] evaluation__1866__clean__shuffled__r4 bl=-1 gwad+=-1 t=3.8s
[DONE] evaluation__1866__clean__shuffled__r5 bl=-1 gwad+=-1 t=3.8s
[DONE] evaluation__1866__clean__shuffled__r6 bl=-1 gwad+=-1 t=3.8s
[DONE] evaluation__1866__clean__shuffled__r7 bl=-1 gwad+=-1 t=3.8s
[DONE] evaluation__1866__clean__shuffled__r8 bl=-1 gwad+=-1 t=3.9s
[DONE] evaluation__1866__clean__shuffled__r9 bl=-1 gwad+=-1 t=3.8s
[DONE] evaluation__1866__clean__noise__r0 bl=-1 gwad+=259 t=3.8s
[DONE] evaluation__1866__clean__sweep__r0 bl=64 gwad+=259 t=3.3s
[DONE] evaluation__4083__clean__shuffled__r0 bl=-1 gwad+=-1 t=4.0s
[DONE] evaluation__4083__clean__shuffled__r1 bl=-1 gwad+=-1 t=3.6s
[DONE] evaluation__4083__clean__shuffled__r2 bl=-1 gwad+=-1 t=3.9s
[DONE] evaluation__4083__clean__shuffled__r3 bl=-1 gwad+=-1 t=3.8s
[DONE] evaluation__4083__clean__shuffled__r4 bl=-1 gwad+=-1 t=3.9s
[DONE] evaluation__4083__clean__shuffled__r5 bl=-1 gwad+=-1 t=3.8s
[DONE] evaluation__4083__clean__shuffled__r6 bl=-1 gwad+=-1 t=3.9s
[DONE] evaluation__4083__clean__shuffled__r7 bl=-1 gwad+=-1 t=3.5s
[DONE] evaluation__4083__clean__shuffled__r8 bl=-1 gwad+=-1 t=3.9s
[DONE] evaluation__4083__clean__shuffled__r9 bl=-1 gwad+=-1 t=3.7s
[DONE] evaluation__4083__clean__noise__r0 bl=-1 gwad+=259 t=4.0s
[DONE] evaluation__4083__clean__sweep__r0 bl=281 gwad+=259 t=3.2s
[DONE] evaluation__6718__clean__shuffled__r0 bl=-1 gwad+=-1 t=3.8s
[DONE] evaluation__6718__clean__shuffled__r1 bl=-1 gwad+=-1 t=3.6s
[DONE] evaluation__6718__clean__shuffled__r2 bl=673 gwad+=-1 t=3.7s
[DONE] evaluation__6718__clean__shuffled__r3 bl=-1 gwad+=-1 t=3.6s
[DONE] evaluation__6718__clean__shuffled__r4 bl=-1 gwad+=-1 t=4.0s
[DONE] evaluation__6718__clean__shuffled__r5 bl=-1 gwad+=-1 t=3.8s
[DONE] evaluation__6718__clean__shuffled__r6 bl=-1 gwad+=-1 t=3.8s
[DONE] evaluation__6718__clean__shuffled__r7 bl=-1 gwad+=-1 t=3.8s
[DONE] evaluation__6718__clean__shuffled__r8 bl=-1 gwad+=-1 t=3.8s
[DONE] evaluation__6718__clean__shuffled__r9 bl=-1 gwad+=-1 t=4.0s
[DONE] evaluation__6718__clean__noise__r0 bl=-1 gwad+=259 t=4.0s
[DONE] evaluation__6718__clean__sweep__r0 bl=322 gwad+=259 t=3.4s
[DONE] evaluation__1654__clean__shuffled__r0 bl=-1 gwad+=-1 t=3.9s
[DONE] evaluation__1654__clean__shuffled__r1 bl=-1 gwad+=-1 t=3.8s
[DONE] evaluation__1654__clean__shuffled__r2 bl=-1 gwad+=-1 t=3.7s
[DONE] evaluation__1654__clean__shuffled__r3 bl=-1 gwad+=-1 t=3.6s
[DONE] evaluation__1654__clean__shuffled__r4 bl=-1 gwad+=-1 t=3.9s
[DONE] evaluation__1654__clean__shuffled__r5 bl=-1 gwad+=-1 t=3.5s
[DONE] evaluation__1654__clean__shuffled__r6 bl=-1 gwad+=-1 t=3.7s
[DONE] evaluation__1654__clean__shuffled__r7 bl=-1 gwad+=-1 t=3.8s
[DONE] evaluation__1654__clean__shuffled__r8 bl=-1 gwad+=-1 t=4.0s
[DONE] evaluation__1654__clean__shuffled__r9 bl=-1 gwad+=-1 t=3.9s
[DONE] evaluation__1654__clean__noise__r0 bl=-1 gwad+=259 t=3.9s
[DONE] evaluation__1654__clean__sweep__r0 bl=28 gwad+=259 t=3.2s
[DONE] evaluation__5966__clean__shuffled__r0 bl=-1 gwad+=-1 t=3.8s
[DONE] evaluation__5966__clean__shuffled__r1 bl=-1 gwad+=-1 t=3.5s
[DONE] evaluation__5966__clean__shuffled__r2 bl=-1 gwad+=-1 t=3.6s
[DONE] evaluation__5966__clean__shuffled__r3 bl=-1 gwad+=-1 t=3.7s
[DONE] evaluation__5966__clean__shuffled__r4 bl=-1 gwad+=-1 t=3.7s
[DONE] evaluation__5966__clean__shuffled__r5 bl=-1 gwad+=-1 t=3.7s
[DONE] evaluation__5966__clean__shuffled__r6 bl=-1 gwad+=-1 t=3.8s
[DONE] evaluation__5966__clean__shuffled__r7 bl=-1 gwad+=-1 t=3.8s
[DONE] evaluation__5966__clean__shuffled__r8 bl=-1 gwad+=-1 t=3.8s
[DONE] evaluation__5966__clean__shuffled__r9 bl=-1 gwad+=-1 t=3.8s
[DONE] evaluation__5966__clean__noise__r0 bl=-1 gwad+=259 t=4.1s
[DONE] evaluation__5966__clean__sweep__r0 bl=-1 gwad+=259 t=3.4s
[DONE] evaluation__8355__clean__shuffled__r0 bl=-1 gwad+=-1 t=3.6s
[DONE] evaluation__8355__clean__shuffled__r1 bl=-1 gwad+=-1 t=3.7s
[DONE] evaluation__8355__clean__shuffled__r2 bl=-1 gwad+=-1 t=3.7s
[DONE] evaluation__8355__clean__shuffled__r3 bl=-1 gwad+=-1 t=3.7s
[DONE] evaluation__8355__clean__shuffled__r4 bl=-1 gwad+=-1 t=3.6s
[DONE] evaluation__8355__clean__shuffled__r5 bl=-1 gwad+=-1 t=3.9s
[DONE] evaluation__8355__clean__shuffled__r6 bl=-1 gwad+=-1 t=3.8s
[DONE] evaluation__8355__clean__shuffled__r7 bl=-1 gwad+=-1 t=3.9s
[DONE] evaluation__8355__clean__shuffled__r8 bl=-1 gwad+=-1 t=3.8s
[DONE] evaluation__8355__clean__shuffled__r9 bl=-1 gwad+=-1 t=3.9s
[DONE] evaluation__8355__clean__noise__r0 bl=-1 gwad+=259 t=3.8s
[DONE] evaluation__8355__clean__sweep__r0 bl=412 gwad+=259 t=3.0s
[DONE] fit__90__clean__shuffled__r0 bl=-1 gwad+=-1 t=3.7s
[DONE] fit__90__clean__shuffled__r1 bl=-1 gwad+=-1 t=3.9s
[DONE] fit__90__clean__shuffled__r2 bl=-1 gwad+=-1 t=3.9s
[DONE] fit__90__clean__shuffled__r3 bl=-1 gwad+=-1 t=3.8s
[DONE] fit__90__clean__shuffled__r4 bl=-1 gwad+=-1 t=3.7s
[DONE] fit__90__clean__shuffled__r5 bl=-1 gwad+=-1 t=3.6s
[DONE] fit__90__clean__shuffled__r6 bl=-1 gwad+=-1 t=4.0s
[DONE] fit__90__clean__shuffled__r7 bl=-1 gwad+=-1 t=3.6s
[DONE] fit__90__clean__shuffled__r8 bl=-1 gwad+=-1 t=3.8s
[DONE] fit__90__clean__shuffled__r9 bl=-1 gwad+=-1 t=3.7s
[DONE] fit__90__clean__noise__r0 bl=-1 gwad+=259 t=4.0s
[DONE] fit__90__clean__sweep__r0 bl=62 gwad+=259 t=3.2s
[DONE] fit__6772__clean__shuffled__r0 bl=-1 gwad+=-1 t=3.6s
[DONE] fit__6772__clean__shuffled__r1 bl=-1 gwad+=-1 t=3.8s
[DONE] fit__6772__clean__shuffled__r2 bl=-1 gwad+=-1 t=3.8s
[DONE] fit__6772__clean__shuffled__r3 bl=-1 gwad+=-1 t=3.8s
[DONE] fit__6772__clean__shuffled__r4 bl=-1 gwad+=-1 t=3.9s
[DONE] fit__6772__clean__shuffled__r5 bl=-1 gwad+=-1 t=3.9s
[DONE] fit__6772__clean__shuffled__r6 bl=-1 gwad+=-1 t=3.7s
[DONE] fit__6772__clean__shuffled__r7 bl=-1 gwad+=-1 t=3.9s
[DONE] fit__6772__clean__shuffled__r8 bl=-1 gwad+=-1 t=3.8s
[DONE] fit__6772__clean__shuffled__r9 bl=-1 gwad+=-1 t=3.8s
[DONE] fit__6772__clean__noise__r0 bl=-1 gwad+=259 t=3.8s
[DONE] fit__6772__clean__sweep__r0 bl=100 gwad+=259 t=3.1s
[DONE] fit__3407__clean__shuffled__r0 bl=-1 gwad+=-1 t=3.6s
[DONE] fit__3407__clean__shuffled__r1 bl=-1 gwad+=-1 t=3.6s
[DONE] fit__3407__clean__shuffled__r2 bl=-1 gwad+=-1 t=3.8s
[DONE] fit__3407__clean__shuffled__r3 bl=-1 gwad+=-1 t=3.9s
[DONE] fit__3407__clean__shuffled__r4 bl=-1 gwad+=-1 t=3.9s
[DONE] fit__3407__clean__shuffled__r5 bl=-1 gwad+=-1 t=3.9s
[DONE] fit__3407__clean__shuffled__r6 bl=-1 gwad+=-1 t=3.7s
[DONE] fit__3407__clean__shuffled__r7 bl=-1 gwad+=-1 t=3.7s
[DONE] fit__3407__clean__shuffled__r8 bl=-1 gwad+=-1 t=3.9s
[DONE] fit__3407__clean__shuffled__r9 bl=-1 gwad+=-1 t=3.7s
[DONE] fit__3407__clean__noise__r0 bl=-1 gwad+=259 t=4.1s
[DONE] fit__3407__clean__sweep__r0 bl=34 gwad+=259 t=3.4s
[DONE] fit__7864__clean__shuffled__r0 bl=-1 gwad+=-1 t=3.9s
[DONE] fit__7864__clean__shuffled__r1 bl=-1 gwad+=-1 t=3.7s
[DONE] fit__7864__clean__shuffled__r2 bl=-1 gwad+=-1 t=3.8s
[DONE] fit__7864__clean__shuffled__r3 bl=-1 gwad+=-1 t=3.7s
[DONE] fit__7864__clean__shuffled__r4 bl=-1 gwad+=-1 t=3.9s
[DONE] fit__7864__clean__shuffled__r5 bl=-1 gwad+=-1 t=3.9s
[DONE] fit__7864__clean__shuffled__r6 bl=-1 gwad+=-1 t=4.0s
[DONE] fit__7864__clean__shuffled__r7 bl=729 gwad+=-1 t=3.6s
[DONE] fit__7864__clean__shuffled__r8 bl=-1 gwad+=-1 t=3.9s
[DONE] fit__7864__clean__shuffled__r9 bl=-1 gwad+=-1 t=4.1s
[DONE] fit__7864__clean__noise__r0 bl=-1 gwad+=259 t=4.0s
[DONE] fit__7864__clean__sweep__r0 bl=260 gwad+=259 t=3.4s
[DONE] fit__3844__clean__shuffled__r0 bl=-1 gwad+=-1 t=3.5s
[DONE] fit__3844__clean__shuffled__r1 bl=-1 gwad+=-1 t=3.7s
[DONE] fit__3844__clean__shuffled__r2 bl=-1 gwad+=-1 t=3.9s
[DONE] fit__3844__clean__shuffled__r3 bl=-1 gwad+=-1 t=3.9s
[DONE] fit__3844__clean__shuffled__r4 bl=-1 gwad+=-1 t=3.7s
[DONE] fit__3844__clean__shuffled__r5 bl=-1 gwad+=-1 t=3.7s
[DONE] fit__3844__clean__shuffled__r6 bl=-1 gwad+=-1 t=3.7s
[DONE] fit__3844__clean__shuffled__r7 bl=-1 gwad+=-1 t=3.7s
[DONE] fit__3844__clean__shuffled__r8 bl=-1 gwad+=-1 t=3.7s
[DONE] fit__3844__clean__shuffled__r9 bl=-1 gwad+=-1 t=3.6s
[DONE] fit__3844__clean__noise__r0 bl=-1 gwad+=259 t=3.9s
[DONE] fit__3844__clean__sweep__r0 bl=59 gwad+=259 t=3.3s
[DONE] fit__573__clean__shuffled__r0 bl=-1 gwad+=-1 t=3.9s
[DONE] fit__573__clean__shuffled__r1 bl=-1 gwad+=-1 t=3.6s
[DONE] fit__573__clean__shuffled__r2 bl=-1 gwad+=-1 t=3.8s
[DONE] fit__573__clean__shuffled__r3 bl=-1 gwad+=-1 t=3.6s
[DONE] fit__573__clean__shuffled__r4 bl=-1 gwad+=-1 t=3.9s
[DONE] fit__573__clean__shuffled__r5 bl=-1 gwad+=-1 t=3.8s
[DONE] fit__573__clean__shuffled__r6 bl=-1 gwad+=-1 t=3.7s
[DONE] fit__573__clean__shuffled__r7 bl=-1 gwad+=-1 t=3.7s
[DONE] fit__573__clean__shuffled__r8 bl=-1 gwad+=-1 t=3.7s
[DONE] fit__573__clean__shuffled__r9 bl=-1 gwad+=-1 t=3.8s
[DONE] fit__573__clean__noise__r0 bl=-1 gwad+=259 t=3.8s
[DONE] fit__573__clean__sweep__r0 bl=258 gwad+=259 t=3.3s
[DONE] fit__6196__clean__shuffled__r0 bl=-1 gwad+=-1 t=3.9s
[DONE] fit__6196__clean__shuffled__r1 bl=-1 gwad+=-1 t=3.7s
[DONE] fit__6196__clean__shuffled__r2 bl=-1 gwad+=-1 t=3.8s
[DONE] fit__6196__clean__shuffled__r3 bl=-1 gwad+=-1 t=4.3s
[DONE] fit__6196__clean__shuffled__r4 bl=-1 gwad+=-1 t=3.9s
[DONE] fit__6196__clean__shuffled__r5 bl=-1 gwad+=-1 t=3.8s
[DONE] fit__6196__clean__shuffled__r6 bl=-1 gwad+=-1 t=3.6s
[DONE] fit__6196__clean__shuffled__r7 bl=-1 gwad+=-1 t=3.7s
[DONE] fit__6196__clean__shuffled__r8 bl=-1 gwad+=-1 t=3.7s
[DONE] fit__6196__clean__shuffled__r9 bl=-1 gwad+=-1 t=4.1s
[DONE] fit__6196__clean__noise__r0 bl=-1 gwad+=259 t=3.9s
[DONE] fit__6196__clean__sweep__r0 bl=63 gwad+=259 t=3.2s
[DONE] fit__1658__clean__shuffled__r0 bl=-1 gwad+=-1 t=3.8s
[DONE] fit__1658__clean__shuffled__r1 bl=-1 gwad+=-1 t=3.6s
[DONE] fit__1658__clean__shuffled__r2 bl=-1 gwad+=-1 t=3.8s
[DONE] fit__1658__clean__shuffled__r3 bl=-1 gwad+=-1 t=3.8s
[DONE] fit__1658__clean__shuffled__r4 bl=-1 gwad+=-1 t=3.7s
[DONE] fit__1658__clean__shuffled__r5 bl=-1 gwad+=-1 t=3.8s
[DONE] fit__1658__clean__shuffled__r6 bl=-1 gwad+=-1 t=3.7s
[DONE] fit__1658__clean__shuffled__r7 bl=-1 gwad+=-1 t=3.8s
[DONE] fit__1658__clean__shuffled__r8 bl=-1 gwad+=-1 t=3.6s
[DONE] fit__1658__clean__shuffled__r9 bl=-1 gwad+=-1 t=4.0s
[DONE] fit__1658__clean__noise__r0 bl=-1 gwad+=259 t=4.2s
[DONE] fit__1658__clean__sweep__r0 bl=68 gwad+=259 t=3.2s
[DONE] fit__6664__clean__shuffled__r0 bl=-1 gwad+=-1 t=3.6s
[DONE] fit__6664__clean__shuffled__r1 bl=-1 gwad+=-1 t=3.9s
[DONE] fit__6664__clean__shuffled__r2 bl=-1 gwad+=-1 t=3.7s
[DONE] fit__6664__clean__shuffled__r3 bl=-1 gwad+=-1 t=3.7s
[DONE] fit__6664__clean__shuffled__r4 bl=-1 gwad+=-1 t=3.8s
[DONE] fit__6664__clean__shuffled__r5 bl=-1 gwad+=-1 t=3.9s
[DONE] fit__6664__clean__shuffled__r6 bl=-1 gwad+=-1 t=3.6s
[DONE] fit__6664__clean__shuffled__r7 bl=-1 gwad+=-1 t=3.8s
[DONE] fit__6664__clean__shuffled__r8 bl=-1 gwad+=-1 t=3.7s
[DONE] fit__6664__clean__shuffled__r9 bl=-1 gwad+=-1 t=3.8s
[DONE] fit__6664__clean__noise__r0 bl=-1 gwad+=259 t=3.8s
[DONE] fit__6664__clean__sweep__r0 bl=2 gwad+=259 t=3.0s
[DONE] fit__4420__clean__shuffled__r0 bl=-1 gwad+=-1 t=4.0s
[DONE] fit__4420__clean__shuffled__r1 bl=-1 gwad+=-1 t=3.8s
[DONE] fit__4420__clean__shuffled__r2 bl=-1 gwad+=-1 t=3.8s
[DONE] fit__4420__clean__shuffled__r3 bl=-1 gwad+=-1 t=3.6s
[DONE] fit__4420__clean__shuffled__r4 bl=-1 gwad+=-1 t=3.8s
[DONE] fit__4420__clean__shuffled__r5 bl=-1 gwad+=-1 t=3.5s
[DONE] fit__4420__clean__shuffled__r6 bl=-1 gwad+=-1 t=3.8s
[DONE] fit__4420__clean__shuffled__r7 bl=-1 gwad+=-1 t=3.7s
[DONE] fit__4420__clean__shuffled__r8 bl=-1 gwad+=-1 t=3.7s
[DONE] fit__4420__clean__shuffled__r9 bl=-1 gwad+=-1 t=3.8s
[DONE] fit__4420__clean__noise__r0 bl=-1 gwad+=259 t=4.1s
[DONE] fit__4420__clean__sweep__r0 bl=321 gwad+=259 t=3.4s
[DONE] fit__1211__clean__shuffled__r0 bl=-1 gwad+=-1 t=3.8s
[DONE] fit__1211__clean__shuffled__r1 bl=-1 gwad+=-1 t=3.8s
[DONE] fit__1211__clean__shuffled__r2 bl=-1 gwad+=-1 t=3.5s
[DONE] fit__1211__clean__shuffled__r3 bl=-1 gwad+=-1 t=4.0s
[DONE] fit__1211__clean__shuffled__r4 bl=-1 gwad+=-1 t=3.6s
[DONE] fit__1211__clean__shuffled__r5 bl=-1 gwad+=-1 t=3.6s
[DONE] fit__1211__clean__shuffled__r6 bl=-1 gwad+=-1 t=3.7s
[DONE] fit__1211__clean__shuffled__r7 bl=-1 gwad+=-1 t=3.7s
[DONE] fit__1211__clean__shuffled__r8 bl=-1 gwad+=-1 t=3.9s
[DONE] fit__1211__clean__shuffled__r9 bl=-1 gwad+=-1 t=3.7s
[DONE] fit__1211__clean__noise__r0 bl=-1 gwad+=259 t=4.1s
[DONE] fit__1211__clean__sweep__r0 bl=609 gwad+=259 t=3.5s
[DONE] fit__5089__clean__shuffled__r0 bl=-1 gwad+=-1 t=3.9s
[DONE] fit__5089__clean__shuffled__r1 bl=-1 gwad+=-1 t=3.7s
[DONE] fit__5089__clean__shuffled__r2 bl=-1 gwad+=-1 t=3.8s
[DONE] fit__5089__clean__shuffled__r3 bl=-1 gwad+=-1 t=3.7s
[DONE] fit__5089__clean__shuffled__r4 bl=-1 gwad+=-1 t=3.7s
[DONE] fit__5089__clean__shuffled__r5 bl=-1 gwad+=-1 t=3.9s
[DONE] fit__5089__clean__shuffled__r6 bl=-1 gwad+=-1 t=3.9s
[DONE] fit__5089__clean__shuffled__r7 bl=-1 gwad+=-1 t=3.8s
[DONE] fit__5089__clean__shuffled__r8 bl=-1 gwad+=-1 t=4.0s
[DONE] fit__5089__clean__shuffled__r9 bl=-1 gwad+=-1 t=3.5s
[DONE] fit__5089__clean__noise__r0 bl=-1 gwad+=259 t=3.9s
[DONE] fit__5089__clean__sweep__r0 bl=238 gwad+=259 t=3.2s
[DONE] fit__2518__clean__shuffled__r0 bl=-1 gwad+=-1 t=3.6s
[DONE] fit__2518__clean__shuffled__r1 bl=-1 gwad+=-1 t=3.8s
[DONE] fit__2518__clean__shuffled__r2 bl=-1 gwad+=-1 t=3.8s
[DONE] fit__2518__clean__shuffled__r3 bl=-1 gwad+=-1 t=3.6s
[DONE] fit__2518__clean__shuffled__r4 bl=-1 gwad+=-1 t=3.7s
[DONE] fit__2518__clean__shuffled__r5 bl=-1 gwad+=-1 t=3.9s
[DONE] fit__2518__clean__shuffled__r6 bl=-1 gwad+=-1 t=3.7s
[DONE] fit__2518__clean__shuffled__r7 bl=-1 gwad+=-1 t=3.7s
[DONE] fit__2518__clean__shuffled__r8 bl=-1 gwad+=-1 t=3.7s
[DONE] fit__2518__clean__shuffled__r9 bl=-1 gwad+=-1 t=3.8s
[DONE] fit__2518__clean__noise__r0 bl=-1 gwad+=259 t=3.7s
[DONE] fit__2518__clean__sweep__r0 bl=610 gwad+=259 t=3.3s
[DONE] fit__7703__clean__shuffled__r0 bl=-1 gwad+=-1 t=3.7s
[DONE] fit__7703__clean__shuffled__r1 bl=-1 gwad+=-1 t=3.7s
[DONE] fit__7703__clean__shuffled__r2 bl=-1 gwad+=-1 t=3.7s
[DONE] fit__7703__clean__shuffled__r3 bl=-1 gwad+=-1 t=3.8s
[DONE] fit__7703__clean__shuffled__r4 bl=-1 gwad+=-1 t=3.7s
[DONE] fit__7703__clean__shuffled__r5 bl=972 gwad+=-1 t=3.8s
[DONE] fit__7703__clean__shuffled__r6 bl=-1 gwad+=-1 t=3.6s
[DONE] fit__7703__clean__shuffled__r7 bl=-1 gwad+=-1 t=3.8s
[DONE] fit__7703__clean__shuffled__r8 bl=-1 gwad+=-1 t=4.1s
[DONE] fit__7703__clean__shuffled__r9 bl=-1 gwad+=-1 t=3.8s
[DONE] fit__7703__clean__noise__r0 bl=-1 gwad+=259 t=3.9s
[DONE] fit__7703__clean__sweep__r0 bl=288 gwad+=259 t=3.5s
[DONE] fit__2962__clean__shuffled__r0 bl=-1 gwad+=-1 t=3.8s
[DONE] fit__2962__clean__shuffled__r1 bl=-1 gwad+=-1 t=3.6s
[DONE] fit__2962__clean__shuffled__r2 bl=-1 gwad+=-1 t=3.6s
[DONE] fit__2962__clean__shuffled__r3 bl=-1 gwad+=-1 t=3.6s
[DONE] fit__2962__clean__shuffled__r4 bl=-1 gwad+=-1 t=3.8s
[DONE] fit__2962__clean__shuffled__r5 bl=-1 gwad+=-1 t=3.7s
[DONE] fit__2962__clean__shuffled__r6 bl=-1 gwad+=-1 t=3.9s
[DONE] fit__2962__clean__shuffled__r7 bl=-1 gwad+=-1 t=3.7s
[DONE] fit__2962__clean__shuffled__r8 bl=-1 gwad+=-1 t=4.0s
[DONE] fit__2962__clean__shuffled__r9 bl=-1 gwad+=-1 t=4.0s
[DONE] fit__2962__clean__noise__r0 bl=-1 gwad+=259 t=4.0s
[DONE] fit__2962__clean__sweep__r0 bl=33 gwad+=259 t=3.0s
[DONE] fit__1913__clean__shuffled__r0 bl=-1 gwad+=-1 t=3.9s
[DONE] fit__1913__clean__shuffled__r1 bl=-1 gwad+=-1 t=3.9s
[DONE] fit__1913__clean__shuffled__r2 bl=-1 gwad+=-1 t=3.7s
[DONE] fit__1913__clean__shuffled__r3 bl=-1 gwad+=-1 t=3.8s
[DONE] fit__1913__clean__shuffled__r4 bl=-1 gwad+=-1 t=4.0s
[DONE] fit__1913__clean__shuffled__r5 bl=-1 gwad+=-1 t=3.7s
[DONE] fit__1913__clean__shuffled__r6 bl=-1 gwad+=-1 t=3.8s
[DONE] fit__1913__clean__shuffled__r7 bl=-1 gwad+=-1 t=3.7s
[DONE] fit__1913__clean__shuffled__r8 bl=-1 gwad+=-1 t=3.9s
[DONE] fit__1913__clean__shuffled__r9 bl=-1 gwad+=-1 t=3.9s
[DONE] fit__1913__clean__noise__r0 bl=-1 gwad+=259 t=4.0s
[DONE] fit__1913__clean__sweep__r0 bl=18 gwad+=259 t=3.0s
[DONE] fit__5980__clean__shuffled__r0 bl=-1 gwad+=-1 t=3.6s
[DONE] fit__5980__clean__shuffled__r1 bl=-1 gwad+=-1 t=3.9s
[DONE] fit__5980__clean__shuffled__r2 bl=-1 gwad+=-1 t=3.8s
[DONE] fit__5980__clean__shuffled__r3 bl=-1 gwad+=-1 t=3.8s
[DONE] fit__5980__clean__shuffled__r4 bl=-1 gwad+=-1 t=3.7s
[DONE] fit__5980__clean__shuffled__r5 bl=-1 gwad+=-1 t=3.9s
[DONE] fit__5980__clean__shuffled__r6 bl=-1 gwad+=-1 t=3.7s
[DONE] fit__5980__clean__shuffled__r7 bl=-1 gwad+=-1 t=3.6s
[DONE] fit__5980__clean__shuffled__r8 bl=-1 gwad+=-1 t=3.9s
[DONE] fit__5980__clean__shuffled__r9 bl=-1 gwad+=-1 t=3.7s
[DONE] fit__5980__clean__noise__r0 bl=-1 gwad+=259 t=3.9s
[DONE] fit__5980__clean__sweep__r0 bl=30 gwad+=259 t=3.0s
