[denoise boundary_probe 128] done
[denoise boundary_probe 256] done
[denoise boundary_probe 512] done
[denoise boundary_probe 1024] done
[denoise boundary_probe attack_truncated] done
[denoise boundary_probe pre_either_flip] done
[denoise confidence_boost 128] done
[denoise confidence_boost 256] done
[denoise confidence_boost 512] done
[denoise confidence_boost 1024] done
[denoise confidence_boost attack_truncated] done
[denoise confidence_boost pre_either_flip] done
[denoise counterfactual 128] done
[denoise counterfactual 256] done
[denoise counterfactual 512] done
[denoise counterfactual 1024] done
[denoise counterfactual attack_truncated] done
[denoise counterfactual pre_either_flip] done
[denoise random_walk 128] done
[denoise random_walk 256] done
[denoise random_walk 512] done
[denoise random_walk 1024] done
[denoise random_walk attack_truncated] done
[denoise random_walk pre_either_flip] done
[denoise restore 128] done
[denoise restore 256] done
[denoise restore 512] done
[denoise restore 1024] done
[denoise restore attack_truncated] done
[denoise restore pre_either_flip] done
[deblur boundary_probe 128] done
[deblur boundary_probe 256] done
[deblur boundary_probe 512] done
[deblur boundary_probe 1024] done
[deblur boundary_probe attack_truncated] done
[deblur boundary_probe pre_either_flip] done
[deblur confidence_boost 128] done
[deblur confidence_boost 256] done
[deblur confidence_boost 512] done
[deblur confidence_boost 1024] done
[deblur confidence_boost attack_truncated] done
[deblur confidence_boost pre_either_flip] done
[deblur counterfactual 128] done
[deblur counterfactual 256] done
[deblur counterfactual 512] done
[deblur counterfactual 1024] done
[deblur counterfactual attack_truncated] done
[deblur counterfactual pre_either_flip] done
[deblur random_walk 128] done
[deblur random_walk 256] done
[deblur random_walk 512] done
[deblur random_walk 1024] done
[deblur random_walk attack_truncated] done
[deblur random_walk pre_either_flip] done
[deblur restore 128] done
[deblur restore 256] done
[deblur restore 512] done
[deblur restore 1024] done
[deblur restore attack_truncated] done
[deblur restore pre_either_flip] done
                             n  label_preserved  reached_target  start_p  final_p  final_margin  psnr_gain  blacklight_alarm  gwad_plus_native_alarm
workload objective                                                                                                                                  
deblur   attack            400            0.648           0.248    1.000    0.983         4.173     -0.349               1.0                     1.0
         boundary_probe    400            1.000           0.000    1.000    0.989         4.677     -0.293               1.0                     1.0
         confidence_boost  400            1.000           0.000    1.000    1.000         9.900     -0.301               1.0                     1.0
         counterfactual    400            0.672           0.300    1.000    0.990         4.876     -0.318               1.0                     1.0
         random_walk       400            0.988           0.010    1.000    1.000         8.841     -1.560               1.0                     1.0
         restore           400            1.000           0.000    1.000    1.000         9.047      0.367               1.0                     1.0
denoise  attack            400            0.290           0.545    0.998    0.004        -5.546     -0.067               1.0                     1.0
         boundary_probe    400            1.000           0.000    0.998    0.503         0.044     -0.032               1.0                     1.0
         confidence_boost  400            1.000           0.000    0.998    1.000         9.461     -0.037               1.0                     1.0
         counterfactual    400            0.325           0.672    0.998    0.008        -4.830     -0.060               1.0                     1.0
         random_walk       400            0.900           0.095    0.998    0.997         6.486     -0.317               1.0                     1.0
         restore           400            1.000           0.000    0.998    0.998         6.888      0.163               1.0                     1.0
workload                                  deblur                                                    denoise                                                   
prefix                                      1024   128   256   512 attack_truncated pre_either_flip    1024   128   256   512 attack_truncated pre_either_flip
negative         detector                                                                                                                                     
boundary_probe   logreg:blacklight          0.48  0.50  0.45  0.52             0.44            0.44    0.60  0.50  0.48  0.55             0.50            0.50
                 logreg:gwad_plus           0.54   NaN   NaN  0.50              NaN             NaN    0.60   NaN   NaN  0.44              NaN             NaN
                 logreg:output_trajectory   0.80  0.56  0.59  0.67             0.76            0.61    0.95  0.60  0.63  0.79             0.83            0.56
                 logreg:query_only_all      0.51  0.50  0.45  0.51             0.44            0.44    0.62  0.50  0.48  0.46             0.50            0.50
confidence_boost logreg:blacklight          0.49  0.51  0.48  0.53             0.46            0.46    0.46  0.51  0.46  0.43             0.48            0.48
                 logreg:gwad_plus           0.53   NaN   NaN  0.52              NaN             NaN    0.48   NaN   NaN  0.52              NaN             NaN
                 logreg:output_trajectory   1.00  0.99  1.00  1.00             1.00            1.00    1.00  1.00  1.00  1.00             0.99            0.99
                 logreg:query_only_all      0.51  0.51  0.48  0.52             0.46            0.46    0.47  0.51  0.46  0.49             0.48            0.48
counterfactual   logreg:blacklight          0.50  0.55  0.52  0.55             0.50            0.48    0.57  0.50  0.47  0.52             0.49            0.47
                 logreg:gwad_plus           0.51   NaN   NaN  0.53              NaN             NaN    0.45   NaN   NaN  0.46              NaN             NaN
                 logreg:output_trajectory   0.58  0.54  0.54  0.59             0.72            0.55    0.66  0.55  0.55  0.59             0.81            0.55
                 logreg:query_only_all      0.51  0.55  0.52  0.55             0.50            0.48    0.49  0.50  0.47  0.47             0.49            0.47
random_walk      logreg:blacklight          1.00  1.00  1.00  1.00             1.00            1.00    1.00  1.00  1.00  1.00             1.00            1.00
                 logreg:gwad_plus           1.00   NaN   NaN  1.00              NaN             NaN    1.00   NaN   NaN  1.00              NaN             NaN
                 logreg:output_trajectory   0.94  0.78  0.84  0.89             0.94            0.94    0.99  0.89  0.94  0.97             0.98            0.98
                 logreg:query_only_all      1.00  1.00  1.00  1.00             1.00            1.00    1.00  1.00  1.00  1.00             1.00            1.00
restore          logreg:blacklight          0.48  0.53  0.52  0.51             0.47            0.47    0.47  0.55  0.51  0.48             0.51            0.50
                 logreg:gwad_plus           0.49   NaN   NaN  0.54              NaN             NaN    0.43   NaN   NaN  0.42              NaN             NaN
                 logreg:output_trajectory   1.00  0.95  0.99  0.98             0.98            0.98    1.00  0.99  1.00  1.00             0.97            0.98
                 logreg:query_only_all      0.49  0.53  0.52  0.53             0.47            0.47    0.42  0.55  0.51  0.42             0.51            0.50
