Load BlackboxBench cifar model:  bbb_vgg19_bn
[INFO] Loading BlackboxBench CIFAR-10 checkpoint from checkpoints/blackboxbench_cifar10/ckpt/vgg19_bn/model_best.pth.tar
/home/sepi/projects/MCG-Blackbox/utils/load_models.py:71: FutureWarning: You are using `torch.load` with `weights_only=False` (the current default value), which uses the default pickle module implicitly. It is possible to construct malicious pickle data which will execute arbitrary code during unpickling (See https://github.com/pytorch/pytorch/blob/main/SECURITY.md#untrusted-models for more details). In a future release, the default value for `weights_only` will be flipped to `True`. This limits the functions that could be executed during unpickling. Arbitrary objects will no longer be allowed to be loaded via this mode unless they are explicitly allowlisted by the user via `torch.serialization.add_safe_globals`. We recommend you start setting `weights_only=True` for any use case where you don't have full control of the loaded file. Please open an issue on GitHub for any issues related to this experimental feature.
  checkpoint = torch.load(
[DONE] calibration__3548__denoise__attack__nes__l0.5 calls=1021 margin 0.38->-12.17 t=3.4s
[DONE] calibration__3548__denoise__restore__nes__l0.5 calls=1021 margin 0.38->0.28 t=3.0s
[DONE] calibration__3548__denoise__random_walk__random_walk__l0.5 calls=1024 margin 0.38->-0.79 t=5.4s
[DONE] calibration__3548__denoise__confidence_boost__nes__l0.5 calls=1021 margin 0.38->7.54 t=3.0s
[DONE] calibration__3548__denoise__boundary_probe__nes__l0.5 calls=1021 margin 0.38->0.02 t=3.0s
[DONE] calibration__3548__denoise__counterfactual__nes__l0.5 calls=1021 margin 0.38->-9.75 t=3.0s
[DONE] calibration__3548__deblur__attack__nes__l1 calls=1021 margin 8.67->2.79 t=3.0s
[DONE] calibration__3548__deblur__restore__nes__l1 calls=1021 margin 8.67->8.53 t=3.0s
[DONE] calibration__3548__deblur__random_walk__random_walk__l1 calls=1024 margin 8.67->5.32 t=5.4s
[DONE] calibration__3548__deblur__confidence_boost__nes__l1 calls=1021 margin 8.67->9.17 t=2.8s
[DONE] calibration__3548__deblur__boundary_probe__nes__l1 calls=1021 margin 8.67->3.23 t=3.2s
[DONE] calibration__3548__deblur__counterfactual__nes__l1 calls=1021 margin 8.67->2.42 t=2.9s
[DONE] calibration__8935__denoise__attack__nes__l0.5 calls=1021 margin 6.28->-6.39 t=3.0s
[DONE] calibration__8935__denoise__restore__nes__l0.5 calls=1021 margin 6.28->6.37 t=2.9s
[DONE] calibration__8935__denoise__random_walk__random_walk__l0.5 calls=1024 margin 6.28->3.25 t=5.3s
[DONE] calibration__8935__denoise__confidence_boost__nes__l0.5 calls=1021 margin 6.28->8.89 t=2.8s
[DONE] calibration__8935__denoise__boundary_probe__nes__l0.5 calls=1021 margin 6.28->0.04 t=3.0s
[DONE] calibration__8935__denoise__counterfactual__nes__l0.5 calls=1021 margin 6.28->-4.35 t=2.9s
[DONE] calibration__8935__deblur__attack__nes__l1 calls=1021 margin 8.82->5.74 t=3.0s
[DONE] calibration__8935__deblur__restore__nes__l1 calls=1021 margin 8.82->8.74 t=2.9s
[DONE] calibration__8935__deblur__random_walk__random_walk__l1 calls=1024 margin 8.82->8.57 t=5.1s
[DONE] calibration__8935__deblur__confidence_boost__nes__l1 calls=1021 margin 8.82->9.16 t=2.9s
[DONE] calibration__8935__deblur__boundary_probe__nes__l1 calls=1021 margin 8.82->5.87 t=3.0s
[DONE] calibration__8935__deblur__counterfactual__nes__l1 calls=1021 margin 8.82->5.47 t=3.2s
[DONE] calibration__6301__denoise__attack__nes__l0.5 calls=1021 margin 0.39->-9.67 t=3.0s
[DONE] calibration__6301__denoise__restore__nes__l0.5 calls=1021 margin 0.39->0.40 t=3.2s
[DONE] calibration__6301__denoise__random_walk__random_walk__l0.5 calls=1024 margin 0.39->0.50 t=4.9s
[DONE] calibration__6301__denoise__confidence_boost__nes__l0.5 calls=1021 margin 0.39->8.21 t=3.0s
[DONE] calibration__6301__denoise__boundary_probe__nes__l0.5 calls=1021 margin 0.39->0.03 t=2.8s
[DONE] calibration__6301__denoise__counterfactual__nes__l0.5 calls=1021 margin 0.39->-8.19 t=2.9s
[DONE] calibration__6301__deblur__attack__nes__l1 calls=1021 margin 8.92->3.87 t=3.2s
[DONE] calibration__6301__deblur__restore__nes__l1 calls=1021 margin 8.92->8.74 t=3.3s
[DONE] calibration__6301__deblur__random_walk__random_walk__l1 calls=1024 margin 8.92->7.75 t=5.0s
[DONE] calibration__6301__deblur__confidence_boost__nes__l1 calls=1021 margin 8.92->9.90 t=3.3s
[DONE] calibration__6301__deblur__boundary_probe__nes__l1 calls=1021 margin 8.92->4.69 t=3.4s
[DONE] calibration__6301__deblur__counterfactual__nes__l1 calls=1021 margin 8.92->4.02 t=3.3s
[DONE] calibration__630__denoise__attack__nes__l0.5 calls=1021 margin 8.37->-2.34 t=2.9s
[DONE] calibration__630__denoise__restore__nes__l0.5 calls=1021 margin 8.37->8.04 t=3.1s
[DONE] calibration__630__denoise__random_walk__random_walk__l0.5 calls=1024 margin 8.37->7.60 t=5.2s
[DONE] calibration__630__denoise__confidence_boost__nes__l0.5 calls=1021 margin 8.37->9.97 t=2.8s
[DONE] calibration__630__denoise__boundary_probe__nes__l0.5 calls=1021 margin 8.37->0.01 t=2.9s
[DONE] calibration__630__denoise__counterfactual__nes__l0.5 calls=1021 margin 8.37->-4.38 t=3.0s
[DONE] calibration__630__deblur__attack__nes__l1 calls=1021 margin 8.11->-7.89 t=3.0s
[DONE] calibration__630__deblur__restore__nes__l1 calls=1021 margin 8.11->8.26 t=3.2s
[DONE] calibration__630__deblur__random_walk__random_walk__l1 calls=1024 margin 8.11->7.96 t=4.8s
[DONE] calibration__630__deblur__confidence_boost__nes__l1 calls=1021 margin 8.11->9.68 t=3.2s
[DONE] calibration__630__deblur__boundary_probe__nes__l1 calls=1021 margin 8.11->0.11 t=2.9s
[DONE] calibration__630__deblur__counterfactual__nes__l1 calls=1021 margin 8.11->-1.82 t=2.8s
[DONE] calibration__7670__denoise__attack__nes__l0.5 calls=1021 margin 9.33->0.61 t=2.9s
[DONE] calibration__7670__denoise__restore__nes__l0.5 calls=1021 margin 9.33->9.25 t=3.0s
[DONE] calibration__7670__denoise__random_walk__random_walk__l0.5 calls=1024 margin 9.33->9.65 t=4.8s
[DONE] calibration__7670__denoise__confidence_boost__nes__l0.5 calls=1021 margin 9.33->10.47 t=3.1s
[DONE] calibration__7670__denoise__boundary_probe__nes__l0.5 calls=1021 margin 9.33->1.76 t=3.1s
[DONE] calibration__7670__denoise__counterfactual__nes__l0.5 calls=1021 margin 9.33->2.21 t=2.8s
[DONE] calibration__7670__deblur__attack__nes__l1 calls=1021 margin 8.48->-4.81 t=2.9s
[DONE] calibration__7670__deblur__restore__nes__l1 calls=1021 margin 8.48->8.30 t=2.8s
[DONE] calibration__7670__deblur__random_walk__random_walk__l1 calls=1024 margin 8.48->7.22 t=4.9s
[DONE] calibration__7670__deblur__confidence_boost__nes__l1 calls=1021 margin 8.48->10.11 t=2.9s
[DONE] calibration__7670__deblur__boundary_probe__nes__l1 calls=1021 margin 8.48->0.04 t=2.9s
[DONE] calibration__7670__deblur__counterfactual__nes__l1 calls=1021 margin 8.48->-2.88 t=2.9s
[DONE] calibration__2752__denoise__attack__nes__l0.5 calls=1021 margin 9.11->-6.90 t=2.9s
[DONE] calibration__2752__denoise__restore__nes__l0.5 calls=1021 margin 9.11->9.18 t=3.0s
[DONE] calibration__2752__denoise__random_walk__random_walk__l0.5 calls=1024 margin 9.11->8.42 t=5.0s
[DONE] calibration__2752__denoise__confidence_boost__nes__l0.5 calls=1021 margin 9.11->9.50 t=3.0s
[DONE] calibration__2752__denoise__boundary_probe__nes__l0.5 calls=1021 margin 9.11->0.17 t=2.8s
[DONE] calibration__2752__denoise__counterfactual__nes__l0.5 calls=1021 margin 9.11->0.06 t=2.9s
[DONE] calibration__2752__deblur__attack__nes__l1 calls=1021 margin 8.50->-8.64 t=3.0s
[DONE] calibration__2752__deblur__restore__nes__l1 calls=1021 margin 8.50->8.98 t=2.8s
[DONE] calibration__2752__deblur__random_walk__random_walk__l1 calls=1024 margin 8.50->8.68 t=4.9s
[DONE] calibration__2752__deblur__confidence_boost__nes__l1 calls=1021 margin 8.50->9.45 t=3.0s
[DONE] calibration__2752__deblur__boundary_probe__nes__l1 calls=1021 margin 8.50->0.09 t=2.9s
[DONE] calibration__2752__deblur__counterfactual__nes__l1 calls=1021 margin 8.50->-7.99 t=3.1s
[DONE] calibration__5732__denoise__attack__nes__l0.5 calls=1021 margin 4.24->-9.19 t=2.9s
[DONE] calibration__5732__denoise__restore__nes__l0.5 calls=1021 margin 4.24->3.12 t=2.9s
[DONE] calibration__5732__denoise__random_walk__random_walk__l0.5 calls=1024 margin 4.24->5.78 t=4.7s
[DONE] calibration__5732__denoise__confidence_boost__nes__l0.5 calls=1021 margin 4.24->9.33 t=3.1s
[DONE] calibration__5732__denoise__boundary_probe__nes__l0.5 calls=1021 margin 4.24->0.01 t=3.0s
[DONE] calibration__5732__denoise__counterfactual__nes__l0.5 calls=1021 margin 4.24->-7.71 t=2.8s
[DONE] calibration__5732__deblur__attack__nes__l1 calls=1021 margin 8.50->-9.58 t=3.0s
[DONE] calibration__5732__deblur__restore__nes__l1 calls=1021 margin 8.50->7.67 t=2.9s
[DONE] calibration__5732__deblur__random_walk__random_walk__l1 calls=1024 margin 8.50->5.95 t=4.6s
[DONE] calibration__5732__deblur__confidence_boost__nes__l1 calls=1021 margin 8.50->9.79 t=3.3s
[DONE] calibration__5732__deblur__boundary_probe__nes__l1 calls=1021 margin 8.50->0.05 t=2.9s
[DONE] calibration__5732__deblur__counterfactual__nes__l1 calls=1021 margin 8.50->-8.52 t=3.3s
[DONE] calibration__5292__denoise__attack__nes__l0.5 calls=1021 margin 3.64->-8.53 t=3.0s
[DONE] calibration__5292__denoise__restore__nes__l0.5 calls=1021 margin 3.64->4.52 t=3.0s
[DONE] calibration__5292__denoise__random_walk__random_walk__l0.5 calls=1024 margin 3.64->3.76 t=4.5s
[DONE] calibration__5292__denoise__confidence_boost__nes__l0.5 calls=1021 margin 3.64->10.07 t=3.3s
[DONE] calibration__5292__denoise__boundary_probe__nes__l0.5 calls=1021 margin 3.64->0.03 t=3.0s
[DONE] calibration__5292__denoise__counterfactual__nes__l0.5 calls=1021 margin 3.64->-7.47 t=2.8s
[DONE] calibration__5292__deblur__attack__nes__l1 calls=1021 margin 7.62->-3.54 t=3.2s
[DONE] calibration__5292__deblur__restore__nes__l1 calls=1021 margin 7.62->6.31 t=3.0s
[DONE] calibration__5292__deblur__random_walk__random_walk__l1 calls=1024 margin 7.62->7.68 t=4.8s
[DONE] calibration__5292__deblur__confidence_boost__nes__l1 calls=1021 margin 7.62->9.97 t=3.3s
[DONE] calibration__5292__deblur__boundary_probe__nes__l1 calls=1021 margin 7.62->0.03 t=3.0s
[DONE] calibration__5292__deblur__counterfactual__nes__l1 calls=1021 margin 7.62->-2.50 t=2.9s
[DONE] calibration__207__denoise__attack__nes__l0.5 calls=1021 margin 1.42->-10.42 t=2.9s
[DONE] calibration__207__denoise__restore__nes__l0.5 calls=1021 margin 1.42->2.70 t=3.0s
[DONE] calibration__207__denoise__random_walk__random_walk__l0.5 calls=1024 margin 1.42->-0.26 t=4.4s
[DONE] calibration__207__denoise__confidence_boost__nes__l0.5 calls=1021 margin 1.42->8.61 t=3.0s
[DONE] calibration__207__denoise__boundary_probe__nes__l0.5 calls=1021 margin 1.42->0.00 t=2.9s
[DONE] calibration__207__denoise__counterfactual__nes__l0.5 calls=1021 margin 1.42->-8.57 t=2.9s
[DONE] calibration__207__deblur__attack__nes__l1 calls=1021 margin 9.20->8.52 t=3.1s
[DONE] calibration__207__deblur__restore__nes__l1 calls=1021 margin 9.20->9.20 t=3.1s
[DONE] calibration__207__deblur__random_walk__random_walk__l1 calls=1024 margin 9.20->9.04 t=4.6s
[DONE] calibration__207__deblur__confidence_boost__nes__l1 calls=1021 margin 9.20->9.73 t=3.0s
[DONE] calibration__207__deblur__boundary_probe__nes__l1 calls=1021 margin 9.20->8.55 t=2.9s
[DONE] calibration__207__deblur__counterfactual__nes__l1 calls=1021 margin 9.20->8.47 t=2.8s
[DONE] calibration__6787__denoise__attack__nes__l0.5 calls=1021 margin 9.15->2.74 t=2.8s
[DONE] calibration__6787__denoise__restore__nes__l0.5 calls=1021 margin 9.15->9.32 t=3.1s
[DONE] calibration__6787__denoise__random_walk__random_walk__l0.5 calls=1024 margin 9.15->9.20 t=4.5s
[DONE] calibration__6787__denoise__confidence_boost__nes__l0.5 calls=1021 margin 9.15->9.78 t=3.1s
[DONE] calibration__6787__denoise__boundary_probe__nes__l0.5 calls=1021 margin 9.15->4.47 t=3.0s
[DONE] calibration__6787__denoise__counterfactual__nes__l0.5 calls=1021 margin 9.15->4.13 t=2.9s
[DONE] calibration__6787__deblur__attack__nes__l1 calls=1021 margin 9.50->9.01 t=2.5s
[DONE] calibration__6787__deblur__restore__nes__l1 calls=1021 margin 9.50->9.48 t=2.9s
[DONE] calibration__6787__deblur__random_walk__random_walk__l1 calls=1024 margin 9.50->9.47 t=4.6s
[DONE] calibration__6787__deblur__confidence_boost__nes__l1 calls=1021 margin 9.50->9.90 t=3.1s
[DONE] calibration__6787__deblur__boundary_probe__nes__l1 calls=1021 margin 9.50->8.93 t=3.3s
[DONE] calibration__6787__deblur__counterfactual__nes__l1 calls=1021 margin 9.50->8.95 t=3.1s
[DONE] calibration__2914__denoise__attack__nes__l0.5 calls=1021 margin 10.26->8.47 t=2.9s
[DONE] calibration__2914__denoise__restore__nes__l0.5 calls=1021 margin 10.26->10.21 t=2.8s
[DONE] calibration__2914__denoise__random_walk__random_walk__l0.5 calls=1024 margin 10.26->10.18 t=4.4s
[DONE] calibration__2914__denoise__confidence_boost__nes__l0.5 calls=1021 margin 10.26->11.35 t=3.3s
[DONE] calibration__2914__denoise__boundary_probe__nes__l0.5 calls=1021 margin 10.26->8.10 t=3.1s
[DONE] calibration__2914__denoise__counterfactual__nes__l0.5 calls=1021 margin 10.26->8.03 t=2.8s
[DONE] calibration__2914__deblur__attack__nes__l1 calls=1021 margin 7.76->0.90 t=3.1s
[DONE] calibration__2914__deblur__restore__nes__l1 calls=1021 margin 7.76->7.85 t=2.8s
[DONE] calibration__2914__deblur__random_walk__random_walk__l1 calls=1024 margin 7.76->7.07 t=4.6s
[DONE] calibration__2914__deblur__confidence_boost__nes__l1 calls=1021 margin 7.76->10.29 t=3.0s
[DONE] calibration__2914__deblur__boundary_probe__nes__l1 calls=1021 margin 7.76->0.22 t=3.3s
[DONE] calibration__2914__deblur__counterfactual__nes__l1 calls=1021 margin 7.76->-0.73 t=3.2s
[DONE] calibration__6917__denoise__attack__nes__l0.5 calls=1021 margin 10.63->7.56 t=3.1s
[DONE] calibration__6917__denoise__restore__nes__l0.5 calls=1021 margin 10.63->10.77 t=2.8s
[DONE] calibration__6917__denoise__random_walk__random_walk__l0.5 calls=1024 margin 10.63->10.77 t=4.5s
[DONE] calibration__6917__denoise__confidence_boost__nes__l0.5 calls=1021 margin 10.63->11.60 t=3.1s
[DONE] calibration__6917__denoise__boundary_probe__nes__l0.5 calls=1021 margin 10.63->8.42 t=3.2s
[DONE] calibration__6917__denoise__counterfactual__nes__l0.5 calls=1021 margin 10.63->8.20 t=3.1s
[DONE] calibration__6917__deblur__attack__nes__l1 calls=1021 margin 4.68->-10.45 t=2.8s
[DONE] calibration__6917__deblur__restore__nes__l1 calls=1021 margin 4.68->6.11 t=3.0s
[DONE] calibration__6917__deblur__random_walk__random_walk__l1 calls=1024 margin 4.68->5.39 t=4.6s
[DONE] calibration__6917__deblur__confidence_boost__nes__l1 calls=1021 margin 4.68->10.54 t=2.8s
[DONE] calibration__6917__deblur__boundary_probe__nes__l1 calls=1021 margin 4.68->0.02 t=3.0s
[DONE] calibration__6917__deblur__counterfactual__nes__l1 calls=1021 margin 4.68->-9.35 t=3.3s
[DONE] calibration__3811__denoise__attack__nes__l0.5 calls=1021 margin 2.59->-9.44 t=3.0s
[DONE] calibration__3811__denoise__restore__nes__l0.5 calls=1021 margin 2.59->2.60 t=2.8s
[DONE] calibration__3811__denoise__random_walk__random_walk__l0.5 calls=1024 margin 2.59->2.93 t=4.3s
[DONE] calibration__3811__denoise__confidence_boost__nes__l0.5 calls=1021 margin 2.59->9.88 t=3.1s
[DONE] calibration__3811__denoise__boundary_probe__nes__l0.5 calls=1021 margin 2.59->0.09 t=2.9s
[DONE] calibration__3811__denoise__counterfactual__nes__l0.5 calls=1021 margin 2.59->-8.45 t=3.1s
[DONE] calibration__3811__deblur__attack__nes__l1 calls=1021 margin 5.03->-6.73 t=3.0s
[DONE] calibration__3811__deblur__restore__nes__l1 calls=1021 margin 5.03->5.37 t=2.8s
[DONE] calibration__3811__deblur__random_walk__random_walk__l1 calls=1024 margin 5.03->3.86 t=4.4s
[DONE] calibration__3811__deblur__confidence_boost__nes__l1 calls=1021 margin 5.03->9.18 t=2.9s
[DONE] calibration__3811__deblur__boundary_probe__nes__l1 calls=1021 margin 5.03->0.01 t=3.0s
[DONE] calibration__3811__deblur__counterfactual__nes__l1 calls=1021 margin 5.03->-7.38 t=3.1s
[DONE] calibration__815__denoise__attack__nes__l0.5 calls=1021 margin 6.11->-4.75 t=3.1s
[DONE] calibration__815__denoise__restore__nes__l0.5 calls=1021 margin 6.11->6.36 t=3.0s
[DONE] calibration__815__denoise__random_walk__random_walk__l0.5 calls=1024 margin 6.11->4.29 t=4.7s
[DONE] calibration__815__denoise__confidence_boost__nes__l0.5 calls=1021 margin 6.11->9.73 t=2.9s
[DONE] calibration__815__denoise__boundary_probe__nes__l0.5 calls=1021 margin 6.11->0.05 t=3.0s
[DONE] calibration__815__denoise__counterfactual__nes__l0.5 calls=1021 margin 6.11->-4.64 t=2.9s
[DONE] calibration__815__deblur__attack__nes__l1 calls=1021 margin 9.57->4.19 t=3.2s
[DONE] calibration__815__deblur__restore__nes__l1 calls=1021 margin 9.57->9.67 t=3.3s
[DONE] calibration__815__deblur__random_walk__random_walk__l1 calls=1024 margin 9.57->9.54 t=4.4s
[DONE] calibration__815__deblur__confidence_boost__nes__l1 calls=1021 margin 9.57->10.32 t=3.0s
[DONE] calibration__815__deblur__boundary_probe__nes__l1 calls=1021 margin 9.57->7.66 t=2.9s
[DONE] calibration__815__deblur__counterfactual__nes__l1 calls=1021 margin 9.57->6.56 t=3.1s
[DONE] calibration__6691__denoise__attack__nes__l0.5 calls=1021 margin 4.30->-4.58 t=3.1s
[DONE] calibration__6691__denoise__restore__nes__l0.5 calls=1021 margin 4.30->4.70 t=3.2s
[DONE] calibration__6691__denoise__random_walk__random_walk__l0.5 calls=1024 margin 4.30->3.12 t=4.2s
[DONE] calibration__6691__denoise__confidence_boost__nes__l0.5 calls=1021 margin 4.30->8.20 t=3.1s
[DONE] calibration__6691__denoise__boundary_probe__nes__l0.5 calls=1021 margin 4.30->0.02 t=2.9s
[DONE] calibration__6691__denoise__counterfactual__nes__l0.5 calls=1021 margin 4.30->-4.49 t=3.0s
[DONE] calibration__6691__deblur__attack__nes__l1 calls=1021 margin 9.63->-0.38 t=3.0s
[DONE] calibration__6691__deblur__restore__nes__l1 calls=1021 margin 9.63->9.99 t=3.2s
[DONE] calibration__6691__deblur__random_walk__random_walk__l1 calls=1024 margin 9.63->10.13 t=4.3s
[DONE] calibration__6691__deblur__confidence_boost__nes__l1 calls=1021 margin 9.63->10.98 t=3.1s
[DONE] calibration__6691__deblur__boundary_probe__nes__l1 calls=1021 margin 9.63->0.62 t=3.0s
[DONE] calibration__6691__deblur__counterfactual__nes__l1 calls=1021 margin 9.63->2.92 t=2.9s
[DONE] calibration__4445__denoise__attack__nes__l0.5 calls=1021 margin 6.69->-9.46 t=3.2s
[DONE] calibration__4445__denoise__restore__nes__l0.5 calls=1021 margin 6.69->6.58 t=3.3s
[DONE] calibration__4445__denoise__random_walk__random_walk__l0.5 calls=1024 margin 6.69->6.91 t=4.2s
[DONE] calibration__4445__denoise__confidence_boost__nes__l0.5 calls=1021 margin 6.69->9.32 t=3.1s
[DONE] calibration__4445__denoise__boundary_probe__nes__l0.5 calls=1021 margin 6.69->0.01 t=3.1s
[DONE] calibration__4445__denoise__counterfactual__nes__l0.5 calls=1021 margin 6.69->-3.38 t=2.8s
[DONE] calibration__4445__deblur__attack__nes__l1 calls=1021 margin 8.96->7.78 t=3.0s
[DONE] calibration__4445__deblur__restore__nes__l1 calls=1021 margin 8.96->8.84 t=3.2s
[DONE] calibration__4445__deblur__random_walk__random_walk__l1 calls=1024 margin 8.96->8.98 t=4.2s
[DONE] calibration__4445__deblur__confidence_boost__nes__l1 calls=1021 margin 8.96->9.86 t=3.0s
[DONE] calibration__4445__deblur__boundary_probe__nes__l1 calls=1021 margin 8.96->8.09 t=2.9s
[DONE] calibration__4445__deblur__counterfactual__nes__l1 calls=1021 margin 8.96->7.98 t=3.0s
[DONE] calibration__9378__denoise__attack__nes__l0.5 calls=1021 margin 4.67->-6.11 t=3.1s
[DONE] calibration__9378__denoise__restore__nes__l0.5 calls=1021 margin 4.67->4.40 t=3.0s
[DONE] calibration__9378__denoise__random_walk__random_walk__l0.5 calls=1024 margin 4.67->6.20 t=4.3s
[DONE] calibration__9378__denoise__confidence_boost__nes__l0.5 calls=1021 margin 4.67->8.74 t=2.9s
[DONE] calibration__9378__denoise__boundary_probe__nes__l0.5 calls=1021 margin 4.67->0.00 t=2.9s
[DONE] calibration__9378__denoise__counterfactual__nes__l0.5 calls=1021 margin 4.67->-5.93 t=2.9s
[DONE] calibration__9378__deblur__attack__nes__l1 calls=1021 margin 8.83->3.11 t=3.0s
[DONE] calibration__9378__deblur__restore__nes__l1 calls=1021 margin 8.83->8.78 t=3.1s
[DONE] calibration__9378__deblur__random_walk__random_walk__l1 calls=1024 margin 8.83->8.71 t=4.4s
[DONE] calibration__9378__deblur__confidence_boost__nes__l1 calls=1021 margin 8.83->9.70 t=3.0s
[DONE] calibration__9378__deblur__boundary_probe__nes__l1 calls=1021 margin 8.83->6.79 t=3.0s
[DONE] calibration__9378__deblur__counterfactual__nes__l1 calls=1021 margin 8.83->6.55 t=3.2s
[DONE] evaluation__2185__denoise__attack__nes__l0.5 calls=1021 margin 8.21->1.52 t=3.0s
[DONE] evaluation__2185__denoise__restore__nes__l0.5 calls=1021 margin 8.21->8.05 t=3.0s
[DONE] evaluation__2185__denoise__random_walk__random_walk__l0.5 calls=1024 margin 8.21->7.79 t=4.3s
[DONE] evaluation__2185__denoise__confidence_boost__nes__l0.5 calls=1021 margin 8.21->9.04 t=2.8s
[DONE] evaluation__2185__denoise__boundary_probe__nes__l0.5 calls=1021 margin 8.21->1.14 t=3.0s
[DONE] evaluation__2185__denoise__counterfactual__nes__l0.5 calls=1021 margin 8.21->-1.23 t=3.1s
[DONE] evaluation__2185__deblur__attack__nes__l1 calls=1021 margin 8.82->3.65 t=3.0s
[DONE] evaluation__2185__deblur__restore__nes__l1 calls=1021 margin 8.82->8.75 t=3.0s
[DONE] evaluation__2185__deblur__random_walk__random_walk__l1 calls=1024 margin 8.82->8.34 t=4.4s
[DONE] evaluation__2185__deblur__confidence_boost__nes__l1 calls=1021 margin 8.82->9.29 t=2.7s
[DONE] evaluation__2185__deblur__boundary_probe__nes__l1 calls=1021 margin 8.82->4.80 t=3.0s
[DONE] evaluation__2185__deblur__counterfactual__nes__l1 calls=1021 margin 8.82->5.97 t=3.0s
[DONE] evaluation__7811__denoise__attack__nes__l0.5 calls=1021 margin 6.40->-2.08 t=3.1s
[DONE] evaluation__7811__denoise__restore__nes__l0.5 calls=1021 margin 6.40->6.52 t=3.2s
[DONE] evaluation__7811__denoise__random_walk__random_walk__l0.5 calls=1024 margin 6.40->5.77 t=4.3s
[DONE] evaluation__7811__denoise__confidence_boost__nes__l0.5 calls=1021 margin 6.40->9.29 t=2.6s
[DONE] evaluation__7811__denoise__boundary_probe__nes__l0.5 calls=1021 margin 6.40->0.03 t=2.9s
[DONE] evaluation__7811__denoise__counterfactual__nes__l0.5 calls=1021 margin 6.40->-1.61 t=3.0s
[DONE] evaluation__7811__deblur__attack__nes__l1 calls=1021 margin 8.71->-0.23 t=3.2s
[DONE] evaluation__7811__deblur__restore__nes__l1 calls=1021 margin 8.71->8.92 t=3.1s
[DONE] evaluation__7811__deblur__random_walk__random_walk__l1 calls=1024 margin 8.71->7.87 t=4.7s
[DONE] evaluation__7811__deblur__confidence_boost__nes__l1 calls=1021 margin 8.71->9.29 t=3.0s
[DONE] evaluation__7811__deblur__boundary_probe__nes__l1 calls=1021 margin 8.71->0.02 t=3.1s
[DONE] evaluation__7811__deblur__counterfactual__nes__l1 calls=1021 margin 8.71->-1.46 t=3.1s
[DONE] evaluation__9822__denoise__attack__nes__l0.5 calls=1021 margin 5.64->-3.98 t=3.1s
[DONE] evaluation__9822__denoise__restore__nes__l0.5 calls=1021 margin 5.64->5.92 t=3.1s
[DONE] evaluation__9822__denoise__random_walk__random_walk__l0.5 calls=1024 margin 5.64->5.75 t=4.5s
[DONE] evaluation__9822__denoise__confidence_boost__nes__l0.5 calls=1021 margin 5.64->8.48 t=2.8s
[DONE] evaluation__9822__denoise__boundary_probe__nes__l0.5 calls=1021 margin 5.64->0.01 t=3.0s
[DONE] evaluation__9822__denoise__counterfactual__nes__l0.5 calls=1021 margin 5.64->-2.65 t=2.9s
[DONE] evaluation__9822__deblur__attack__nes__l1 calls=1021 margin 9.23->6.60 t=2.9s
[DONE] evaluation__9822__deblur__restore__nes__l1 calls=1021 margin 9.23->9.11 t=3.0s
[DONE] evaluation__9822__deblur__random_walk__random_walk__l1 calls=1024 margin 9.23->8.40 t=4.6s
[DONE] evaluation__9822__deblur__confidence_boost__nes__l1 calls=1021 margin 9.23->9.30 t=3.1s
[DONE] evaluation__9822__deblur__boundary_probe__nes__l1 calls=1021 margin 9.23->5.81 t=3.0s
[DONE] evaluation__9822__deblur__counterfactual__nes__l1 calls=1021 margin 9.23->8.43 t=3.0s
[DONE] evaluation__1363__denoise__attack__nes__l0.5 calls=1021 margin 7.48->1.31 t=3.0s
[DONE] evaluation__1363__denoise__restore__nes__l0.5 calls=1021 margin 7.48->7.66 t=3.1s
[DONE] evaluation__1363__denoise__random_walk__random_walk__l0.5 calls=1024 margin 7.48->7.32 t=4.4s
[DONE] evaluation__1363__denoise__confidence_boost__nes__l0.5 calls=1021 margin 7.48->9.13 t=2.8s
[DONE] evaluation__1363__denoise__boundary_probe__nes__l0.5 calls=1021 margin 7.48->1.19 t=2.9s
[DONE] evaluation__1363__denoise__counterfactual__nes__l0.5 calls=1021 margin 7.48->1.79 t=2.9s
[DONE] evaluation__1363__deblur__attack__nes__l1 calls=1021 margin 9.32->6.34 t=2.9s
[DONE] evaluation__1363__deblur__restore__nes__l1 calls=1021 margin 9.32->9.28 t=3.1s
[DONE] evaluation__1363__deblur__random_walk__random_walk__l1 calls=1024 margin 9.32->9.24 t=4.6s
[DONE] evaluation__1363__deblur__confidence_boost__nes__l1 calls=1021 margin 9.32->10.35 t=3.0s
[DONE] evaluation__1363__deblur__boundary_probe__nes__l1 calls=1021 margin 9.32->6.12 t=2.6s
[DONE] evaluation__1363__deblur__counterfactual__nes__l1 calls=1021 margin 9.32->6.14 t=3.1s
[DONE] evaluation__3549__denoise__attack__nes__l0.5 calls=1021 margin 7.77->-6.68 t=3.2s
[DONE] evaluation__3549__denoise__restore__nes__l0.5 calls=1021 margin 7.77->7.45 t=3.4s
[DONE] evaluation__3549__denoise__random_walk__random_walk__l0.5 calls=1024 margin 7.77->8.25 t=4.8s
[DONE] evaluation__3549__denoise__confidence_boost__nes__l0.5 calls=1021 margin 7.77->9.67 t=3.3s
[DONE] evaluation__3549__denoise__boundary_probe__nes__l0.5 calls=1021 margin 7.77->0.14 t=3.3s
[DONE] evaluation__3549__denoise__counterfactual__nes__l0.5 calls=1021 margin 7.77->-6.03 t=3.2s
[DONE] evaluation__3549__deblur__attack__nes__l1 calls=1021 margin 7.87->-5.12 t=3.1s
[DONE] evaluation__3549__deblur__restore__nes__l1 calls=1021 margin 7.87->8.06 t=3.3s
[DONE] evaluation__3549__deblur__random_walk__random_walk__l1 calls=1024 margin 7.87->7.52 t=4.6s
[DONE] evaluation__3549__deblur__confidence_boost__nes__l1 calls=1021 margin 7.87->9.64 t=3.4s
[DONE] evaluation__3549__deblur__boundary_probe__nes__l1 calls=1021 margin 7.87->0.09 t=3.5s
[DONE] evaluation__3549__deblur__counterfactual__nes__l1 calls=1021 margin 7.87->-7.14 t=3.3s
[DONE] evaluation__7236__denoise__attack__nes__l0.5 calls=1021 margin 7.92->0.34 t=3.2s
[DONE] evaluation__7236__denoise__restore__nes__l0.5 calls=1021 margin 7.92->7.59 t=3.0s
[DONE] evaluation__7236__denoise__random_walk__random_walk__l0.5 calls=1024 margin 7.92->7.36 t=4.8s
[DONE] evaluation__7236__denoise__confidence_boost__nes__l0.5 calls=1021 margin 7.92->9.62 t=3.0s
[DONE] evaluation__7236__denoise__boundary_probe__nes__l0.5 calls=1021 margin 7.92->0.02 t=3.0s
[DONE] evaluation__7236__denoise__counterfactual__nes__l0.5 calls=1021 margin 7.92->-1.97 t=3.0s
[DONE] evaluation__7236__deblur__attack__nes__l1 calls=1021 margin 7.12->-7.16 t=3.2s
[DONE] evaluation__7236__deblur__restore__nes__l1 calls=1021 margin 7.12->6.85 t=3.0s
[DONE] evaluation__7236__deblur__random_walk__random_walk__l1 calls=1024 margin 7.12->5.40 t=4.7s
[DONE] evaluation__7236__deblur__confidence_boost__nes__l1 calls=1021 margin 7.12->9.50 t=3.1s
[DONE] evaluation__7236__deblur__boundary_probe__nes__l1 calls=1021 margin 7.12->0.00 t=3.0s
[DONE] evaluation__7236__deblur__counterfactual__nes__l1 calls=1021 margin 7.12->-6.86 t=3.1s
[DONE] evaluation__113__denoise__attack__nes__l0.5 calls=1021 margin 9.05->-7.92 t=3.0s
[DONE] evaluation__113__denoise__restore__nes__l0.5 calls=1021 margin 9.05->9.11 t=3.1s
[DONE] evaluation__113__denoise__random_walk__random_walk__l0.5 calls=1024 margin 9.05->9.41 t=4.7s
[DONE] evaluation__113__denoise__confidence_boost__nes__l0.5 calls=1021 margin 9.05->10.35 t=3.0s
[DONE] evaluation__113__denoise__boundary_probe__nes__l0.5 calls=1021 margin 9.05->0.11 t=2.9s
[DONE] evaluation__113__denoise__counterfactual__nes__l0.5 calls=1021 margin 9.05->-7.64 t=2.9s
[DONE] evaluation__113__deblur__attack__nes__l1 calls=1021 margin 9.61->-5.74 t=3.0s
[DONE] evaluation__113__deblur__restore__nes__l1 calls=1021 margin 9.61->9.39 t=3.0s
[DONE] evaluation__113__deblur__random_walk__random_walk__l1 calls=1024 margin 9.61->9.03 t=4.5s
[DONE] evaluation__113__deblur__confidence_boost__nes__l1 calls=1021 margin 9.61->10.15 t=3.0s
[DONE] evaluation__113__deblur__boundary_probe__nes__l1 calls=1021 margin 9.61->0.19 t=3.0s
[DONE] evaluation__113__deblur__counterfactual__nes__l1 calls=1021 margin 9.61->-5.36 t=3.0s
[DONE] evaluation__2303__denoise__attack__nes__l0.5 calls=1021 margin 9.84->2.09 t=3.0s
[DONE] evaluation__2303__denoise__restore__nes__l0.5 calls=1021 margin 9.84->9.81 t=3.0s
[DONE] evaluation__2303__denoise__random_walk__random_walk__l0.5 calls=1024 margin 9.84->10.14 t=4.5s
[DONE] evaluation__2303__denoise__confidence_boost__nes__l0.5 calls=1021 margin 9.84->10.56 t=3.2s
[DONE] evaluation__2303__denoise__boundary_probe__nes__l0.5 calls=1021 margin 9.84->2.39 t=2.8s
[DONE] evaluation__2303__denoise__counterfactual__nes__l0.5 calls=1021 margin 9.84->3.13 t=2.9s
[DONE] evaluation__2303__deblur__attack__nes__l1 calls=1021 margin 10.19->9.71 t=2.6s
[DONE] evaluation__2303__deblur__restore__nes__l1 calls=1021 margin 10.19->10.17 t=2.7s
[DONE] evaluation__2303__deblur__random_walk__random_walk__l1 calls=1024 margin 10.19->10.33 t=4.4s
[DONE] evaluation__2303__deblur__confidence_boost__nes__l1 calls=1021 margin 10.19->10.51 t=3.0s
[DONE] evaluation__2303__deblur__boundary_probe__nes__l1 calls=1021 margin 10.19->9.46 t=3.1s
[DONE] evaluation__2303__deblur__counterfactual__nes__l1 calls=1021 margin 10.19->9.48 t=3.0s
[DONE] evaluation__6170__denoise__attack__nes__l0.5 calls=1021 margin 1.09->-10.93 t=2.9s
[DONE] evaluation__6170__denoise__restore__nes__l0.5 calls=1021 margin 1.09->0.41 t=2.7s
[DONE] evaluation__6170__denoise__random_walk__random_walk__l0.5 calls=1024 margin 1.09->2.47 t=4.6s
[DONE] evaluation__6170__denoise__confidence_boost__nes__l0.5 calls=1021 margin 1.09->10.12 t=3.0s
[DONE] evaluation__6170__denoise__boundary_probe__nes__l0.5 calls=1021 margin 1.09->0.01 t=3.2s
[DONE] evaluation__6170__denoise__counterfactual__nes__l0.5 calls=1021 margin 1.09->-8.04 t=3.1s
[DONE] evaluation__6170__deblur__attack__nes__l1 calls=1021 margin 9.13->-9.02 t=2.9s
[DONE] evaluation__6170__deblur__restore__nes__l1 calls=1021 margin 9.13->8.92 t=2.9s
[DONE] evaluation__6170__deblur__random_walk__random_walk__l1 calls=1024 margin 9.13->7.46 t=4.8s
[DONE] evaluation__6170__deblur__confidence_boost__nes__l1 calls=1021 margin 9.13->10.25 t=3.0s
[DONE] evaluation__6170__deblur__boundary_probe__nes__l1 calls=1021 margin 9.13->0.10 t=3.3s
[DONE] evaluation__6170__deblur__counterfactual__nes__l1 calls=1021 margin 9.13->-7.62 t=3.1s
[DONE] evaluation__9267__denoise__attack__nes__l0.5 calls=1021 margin 6.94->-7.93 t=3.0s
[DONE] evaluation__9267__denoise__restore__nes__l0.5 calls=1021 margin 6.94->6.75 t=3.0s
[DONE] evaluation__9267__denoise__random_walk__random_walk__l0.5 calls=1024 margin 6.94->4.42 t=4.7s
[DONE] evaluation__9267__denoise__confidence_boost__nes__l0.5 calls=1021 margin 6.94->10.02 t=3.1s
[DONE] evaluation__9267__denoise__boundary_probe__nes__l0.5 calls=1021 margin 6.94->0.02 t=3.1s
[DONE] evaluation__9267__denoise__counterfactual__nes__l0.5 calls=1021 margin 6.94->-7.79 t=3.0s
[DONE] evaluation__9267__deblur__attack__nes__l1 calls=1021 margin 10.10->2.16 t=3.0s
[DONE] evaluation__9267__deblur__restore__nes__l1 calls=1021 margin 10.10->10.15 t=3.0s
[DONE] evaluation__9267__deblur__random_walk__random_walk__l1 calls=1024 margin 10.10->10.01 t=4.8s
[DONE] evaluation__9267__deblur__confidence_boost__nes__l1 calls=1021 margin 10.10->10.36 t=3.0s
[DONE] evaluation__9267__deblur__boundary_probe__nes__l1 calls=1021 margin 10.10->7.60 t=3.4s
[DONE] evaluation__9267__deblur__counterfactual__nes__l1 calls=1021 margin 10.10->6.17 t=3.0s
[DONE] evaluation__2410__denoise__attack__nes__l0.5 calls=1021 margin 8.49->-2.70 t=2.9s
[DONE] evaluation__2410__denoise__restore__nes__l0.5 calls=1021 margin 8.49->8.54 t=2.8s
[DONE] evaluation__2410__denoise__random_walk__random_walk__l0.5 calls=1024 margin 8.49->8.33 t=4.7s
[DONE] evaluation__2410__denoise__confidence_boost__nes__l0.5 calls=1021 margin 8.49->9.20 t=2.7s
[DONE] evaluation__2410__denoise__boundary_probe__nes__l0.5 calls=1021 margin 8.49->0.13 t=3.0s
[DONE] evaluation__2410__denoise__counterfactual__nes__l0.5 calls=1021 margin 8.49->0.28 t=3.2s
[DONE] evaluation__2410__deblur__attack__nes__l1 calls=1021 margin 8.60->8.22 t=3.0s
[DONE] evaluation__2410__deblur__restore__nes__l1 calls=1021 margin 8.60->8.62 t=3.1s
[DONE] evaluation__2410__deblur__random_walk__random_walk__l1 calls=1024 margin 8.60->8.73 t=4.4s
[DONE] evaluation__2410__deblur__confidence_boost__nes__l1 calls=1021 margin 8.60->8.93 t=2.9s
[DONE] evaluation__2410__deblur__boundary_probe__nes__l1 calls=1021 margin 8.60->8.05 t=3.1s
[DONE] evaluation__2410__deblur__counterfactual__nes__l1 calls=1021 margin 8.60->8.07 t=3.2s
[DONE] evaluation__6135__denoise__attack__nes__l0.5 calls=1021 margin 0.95->-11.15 t=2.9s
[DONE] evaluation__6135__denoise__restore__nes__l0.5 calls=1021 margin 0.95->0.13 t=3.0s
[DONE] evaluation__6135__denoise__random_walk__random_walk__l0.5 calls=1024 margin 0.95->1.42 t=4.5s
[DONE] evaluation__6135__denoise__confidence_boost__nes__l0.5 calls=1021 margin 0.95->9.07 t=3.0s
[DONE] evaluation__6135__denoise__boundary_probe__nes__l0.5 calls=1021 margin 0.95->0.05 t=2.9s
[DONE] evaluation__6135__denoise__counterfactual__nes__l0.5 calls=1021 margin 0.95->-8.58 t=2.9s
[DONE] evaluation__6135__deblur__attack__nes__l1 calls=1021 margin 9.15->-2.20 t=2.9s
[DONE] evaluation__6135__deblur__restore__nes__l1 calls=1021 margin 9.15->9.37 t=3.0s
[DONE] evaluation__6135__deblur__random_walk__random_walk__l1 calls=1024 margin 9.15->8.30 t=4.5s
[DONE] evaluation__6135__deblur__confidence_boost__nes__l1 calls=1021 margin 9.15->9.77 t=2.9s
[DONE] evaluation__6135__deblur__boundary_probe__nes__l1 calls=1021 margin 9.15->0.16 t=2.9s
[DONE] evaluation__6135__deblur__counterfactual__nes__l1 calls=1021 margin 9.15->-3.09 t=3.2s
[DONE] evaluation__8257__denoise__attack__nes__l0.5 calls=1021 margin 5.11->-8.27 t=3.0s
[DONE] evaluation__8257__denoise__restore__nes__l0.5 calls=1021 margin 5.11->4.35 t=3.2s
[DONE] evaluation__8257__denoise__random_walk__random_walk__l0.5 calls=1024 margin 5.11->2.25 t=4.4s
[DONE] evaluation__8257__denoise__confidence_boost__nes__l0.5 calls=1021 margin 5.11->9.50 t=3.0s
[DONE] evaluation__8257__denoise__boundary_probe__nes__l0.5 calls=1021 margin 5.11->0.03 t=3.3s
[DONE] evaluation__8257__denoise__counterfactual__nes__l0.5 calls=1021 margin 5.11->-7.81 t=3.2s
[DONE] evaluation__8257__deblur__attack__nes__l1 calls=1021 margin 9.52->-1.28 t=3.0s
[DONE] evaluation__8257__deblur__restore__nes__l1 calls=1021 margin 9.52->9.40 t=3.1s
[DONE] evaluation__8257__deblur__random_walk__random_walk__l1 calls=1024 margin 9.52->9.44 t=4.6s
[DONE] evaluation__8257__deblur__confidence_boost__nes__l1 calls=1021 margin 9.52->9.87 t=2.9s
[DONE] evaluation__8257__deblur__boundary_probe__nes__l1 calls=1021 margin 9.52->0.01 t=2.9s
[DONE] evaluation__8257__deblur__counterfactual__nes__l1 calls=1021 margin 9.52->-0.13 t=3.0s
[DONE] evaluation__1516__denoise__attack__nes__l0.5 calls=1021 margin 7.28->-3.60 t=2.8s
[DONE] evaluation__1516__denoise__restore__nes__l0.5 calls=1021 margin 7.28->7.26 t=3.2s
[DONE] evaluation__1516__denoise__random_walk__random_walk__l0.5 calls=1024 margin 7.28->8.76 t=4.6s
[DONE] evaluation__1516__denoise__confidence_boost__nes__l0.5 calls=1021 margin 7.28->10.33 t=3.0s
[DONE] evaluation__1516__denoise__boundary_probe__nes__l0.5 calls=1021 margin 7.28->0.04 t=3.0s
[DONE] evaluation__1516__denoise__counterfactual__nes__l0.5 calls=1021 margin 7.28->-5.30 t=3.1s
[DONE] evaluation__1516__deblur__attack__nes__l1 calls=1021 margin 9.31->-3.46 t=2.7s
[DONE] evaluation__1516__deblur__restore__nes__l1 calls=1021 margin 9.31->9.12 t=3.1s
[DONE] evaluation__1516__deblur__random_walk__random_walk__l1 calls=1024 margin 9.31->9.09 t=4.6s
[DONE] evaluation__1516__deblur__confidence_boost__nes__l1 calls=1021 margin 9.31->9.92 t=2.7s
[DONE] evaluation__1516__deblur__boundary_probe__nes__l1 calls=1021 margin 9.31->0.04 t=2.8s
[DONE] evaluation__1516__deblur__counterfactual__nes__l1 calls=1021 margin 9.31->-0.99 t=2.8s
[DONE] evaluation__4114__denoise__attack__nes__l0.5 calls=1021 margin 3.79->-7.14 t=3.2s
[DONE] evaluation__4114__denoise__restore__nes__l0.5 calls=1021 margin 3.79->3.34 t=3.2s
[DONE] evaluation__4114__denoise__random_walk__random_walk__l0.5 calls=1024 margin 3.79->1.96 t=4.6s
[DONE] evaluation__4114__denoise__confidence_boost__nes__l0.5 calls=1021 margin 3.79->8.73 t=3.1s
[DONE] evaluation__4114__denoise__boundary_probe__nes__l0.5 calls=1021 margin 3.79->0.05 t=3.0s
[DONE] evaluation__4114__denoise__counterfactual__nes__l0.5 calls=1021 margin 3.79->-4.75 t=2.8s
[DONE] evaluation__4114__deblur__attack__nes__l1 calls=1021 margin 2.59->-9.21 t=2.8s
[DONE] evaluation__4114__deblur__restore__nes__l1 calls=1021 margin 2.59->2.05 t=3.3s
[DONE] evaluation__4114__deblur__random_walk__random_walk__l1 calls=1024 margin 2.59->0.15 t=4.6s
[DONE] evaluation__4114__deblur__confidence_boost__nes__l1 calls=1021 margin 2.59->9.28 t=2.9s
[DONE] evaluation__4114__deblur__boundary_probe__nes__l1 calls=1021 margin 2.59->0.01 t=3.0s
[DONE] evaluation__4114__deblur__counterfactual__nes__l1 calls=1021 margin 2.59->-8.09 t=2.9s
[DONE] evaluation__7335__denoise__attack__nes__l0.5 calls=1021 margin 9.84->6.85 t=3.2s
[DONE] evaluation__7335__denoise__restore__nes__l0.5 calls=1021 margin 9.84->9.83 t=3.2s
[DONE] evaluation__7335__denoise__random_walk__random_walk__l0.5 calls=1024 margin 9.84->9.78 t=4.7s
[DONE] evaluation__7335__denoise__confidence_boost__nes__l0.5 calls=1021 margin 9.84->10.09 t=2.9s
[DONE] evaluation__7335__denoise__boundary_probe__nes__l0.5 calls=1021 margin 9.84->9.34 t=3.0s
[DONE] evaluation__7335__denoise__counterfactual__nes__l0.5 calls=1021 margin 9.84->9.37 t=3.0s
[DONE] evaluation__7335__deblur__attack__nes__l1 calls=1021 margin 9.46->9.11 t=3.0s
[DONE] evaluation__7335__deblur__restore__nes__l1 calls=1021 margin 9.46->9.46 t=3.2s
[DONE] evaluation__7335__deblur__random_walk__random_walk__l1 calls=1024 margin 9.46->9.47 t=4.6s
[DONE] evaluation__7335__deblur__confidence_boost__nes__l1 calls=1021 margin 9.46->9.70 t=3.2s
[DONE] evaluation__7335__deblur__boundary_probe__nes__l1 calls=1021 margin 9.46->9.09 t=2.9s
[DONE] evaluation__7335__deblur__counterfactual__nes__l1 calls=1021 margin 9.46->9.09 t=3.0s
[DONE] evaluation__39__denoise__attack__nes__l0.5 calls=1021 margin 7.66->-4.90 t=3.0s
[DONE] evaluation__39__denoise__restore__nes__l0.5 calls=1021 margin 7.66->7.25 t=3.4s
[DONE] evaluation__39__denoise__random_walk__random_walk__l0.5 calls=1024 margin 7.66->7.07 t=4.5s
[DONE] evaluation__39__denoise__confidence_boost__nes__l0.5 calls=1021 margin 7.66->9.21 t=2.9s
[DONE] evaluation__39__denoise__boundary_probe__nes__l0.5 calls=1021 margin 7.66->0.06 t=2.9s
[DONE] evaluation__39__denoise__counterfactual__nes__l0.5 calls=1021 margin 7.66->-5.07 t=3.0s
[DONE] evaluation__39__deblur__attack__nes__l1 calls=1021 margin 8.66->7.93 t=3.1s
[DONE] evaluation__39__deblur__restore__nes__l1 calls=1021 margin 8.66->8.64 t=3.3s
[DONE] evaluation__39__deblur__random_walk__random_walk__l1 calls=1024 margin 8.66->8.69 t=4.9s
[DONE] evaluation__39__deblur__confidence_boost__nes__l1 calls=1021 margin 8.66->9.42 t=3.0s
[DONE] evaluation__39__deblur__boundary_probe__nes__l1 calls=1021 margin 8.66->7.84 t=3.0s
[DONE] evaluation__39__deblur__counterfactual__nes__l1 calls=1021 margin 8.66->7.88 t=2.9s
[DONE] evaluation__5005__denoise__attack__nes__l0.5 calls=1021 margin 3.02->-8.61 t=2.9s
[DONE] evaluation__5005__denoise__restore__nes__l0.5 calls=1021 margin 3.02->4.77 t=3.2s
[DONE] evaluation__5005__denoise__random_walk__random_walk__l0.5 calls=1024 margin 3.02->-0.61 t=4.6s
[DONE] evaluation__5005__denoise__confidence_boost__nes__l0.5 calls=1021 margin 3.02->8.62 t=2.9s
[DONE] evaluation__5005__denoise__boundary_probe__nes__l0.5 calls=1021 margin 3.02->0.05 t=3.1s
[DONE] evaluation__5005__denoise__counterfactual__nes__l0.5 calls=1021 margin 3.02->-9.04 t=3.2s
[DONE] evaluation__5005__deblur__attack__nes__l1 calls=1021 margin 9.46->5.70 t=3.2s
[DONE] evaluation__5005__deblur__restore__nes__l1 calls=1021 margin 9.46->9.41 t=3.4s
[DONE] evaluation__5005__deblur__random_walk__random_walk__l1 calls=1024 margin 9.46->9.10 t=4.6s
[DONE] evaluation__5005__deblur__confidence_boost__nes__l1 calls=1021 margin 9.46->9.98 t=3.2s
[DONE] evaluation__5005__deblur__boundary_probe__nes__l1 calls=1021 margin 9.46->7.03 t=3.3s
[DONE] evaluation__5005__deblur__counterfactual__nes__l1 calls=1021 margin 9.46->8.00 t=3.1s
[DONE] evaluation__7528__denoise__attack__nes__l0.5 calls=1021 margin 7.10->-5.71 t=3.2s
[DONE] evaluation__7528__denoise__restore__nes__l0.5 calls=1021 margin 7.10->7.25 t=3.3s
[DONE] evaluation__7528__denoise__random_walk__random_walk__l0.5 calls=1024 margin 7.10->6.55 t=4.7s
[DONE] evaluation__7528__denoise__confidence_boost__nes__l0.5 calls=1021 margin 7.10->9.16 t=2.9s
[DONE] evaluation__7528__denoise__boundary_probe__nes__l0.5 calls=1021 margin 7.10->0.06 t=3.1s
[DONE] evaluation__7528__denoise__counterfactual__nes__l0.5 calls=1021 margin 7.10->-5.15 t=2.9s
[DONE] evaluation__7528__deblur__attack__nes__l1 calls=1021 margin 9.20->8.76 t=3.1s
[DONE] evaluation__7528__deblur__restore__nes__l1 calls=1021 margin 9.20->9.24 t=3.3s
[DONE] evaluation__7528__deblur__random_walk__random_walk__l1 calls=1024 margin 9.20->9.15 t=4.4s
[DONE] evaluation__7528__deblur__confidence_boost__nes__l1 calls=1021 margin 9.20->9.61 t=2.6s
[DONE] evaluation__7528__deblur__boundary_probe__nes__l1 calls=1021 margin 9.20->8.65 t=2.9s
[DONE] evaluation__7528__deblur__counterfactual__nes__l1 calls=1021 margin 9.20->8.66 t=3.0s
[DONE] evaluation__9084__denoise__attack__nes__l0.5 calls=1021 margin 2.90->-10.84 t=3.1s
[DONE] evaluation__9084__denoise__restore__nes__l0.5 calls=1021 margin 2.90->3.02 t=3.4s
[DONE] evaluation__9084__denoise__random_walk__random_walk__l0.5 calls=1024 margin 2.90->4.53 t=4.7s
[DONE] evaluation__9084__denoise__confidence_boost__nes__l0.5 calls=1021 margin 2.90->9.26 t=2.9s
[DONE] evaluation__9084__denoise__boundary_probe__nes__l0.5 calls=1021 margin 2.90->0.03 t=3.0s
[DONE] evaluation__9084__denoise__counterfactual__nes__l0.5 calls=1021 margin 2.90->-8.53 t=3.2s
[DONE] evaluation__9084__deblur__attack__nes__l1 calls=1021 margin 9.58->-0.11 t=3.0s
[DONE] evaluation__9084__deblur__restore__nes__l1 calls=1021 margin 9.58->9.88 t=3.3s
[DONE] evaluation__9084__deblur__random_walk__random_walk__l1 calls=1024 margin 9.58->7.85 t=4.6s
[DONE] evaluation__9084__deblur__confidence_boost__nes__l1 calls=1021 margin 9.58->10.05 t=3.1s
[DONE] evaluation__9084__deblur__boundary_probe__nes__l1 calls=1021 margin 9.58->0.05 t=3.1s
[DONE] evaluation__9084__deblur__counterfactual__nes__l1 calls=1021 margin 9.58->1.01 t=3.1s
[DONE] evaluation__1663__denoise__attack__nes__l0.5 calls=1021 margin 8.97->5.19 t=3.0s
[DONE] evaluation__1663__denoise__restore__nes__l0.5 calls=1021 margin 8.97->8.77 t=3.3s
[DONE] evaluation__1663__denoise__random_walk__random_walk__l0.5 calls=1024 margin 8.97->9.13 t=4.7s
[DONE] evaluation__1663__denoise__confidence_boost__nes__l0.5 calls=1021 margin 8.97->10.48 t=3.0s
[DONE] evaluation__1663__denoise__boundary_probe__nes__l0.5 calls=1021 margin 8.97->4.86 t=2.9s
[DONE] evaluation__1663__denoise__counterfactual__nes__l0.5 calls=1021 margin 8.97->4.79 t=3.1s
[DONE] evaluation__1663__deblur__attack__nes__l1 calls=1021 margin 8.66->-4.74 t=3.1s
[DONE] evaluation__1663__deblur__restore__nes__l1 calls=1021 margin 8.66->8.97 t=3.3s
[DONE] evaluation__1663__deblur__random_walk__random_walk__l1 calls=1024 margin 8.66->9.02 t=4.9s
[DONE] evaluation__1663__deblur__confidence_boost__nes__l1 calls=1021 margin 8.66->11.19 t=3.3s
[DONE] evaluation__1663__deblur__boundary_probe__nes__l1 calls=1021 margin 8.66->0.19 t=3.2s
[DONE] evaluation__1663__deblur__counterfactual__nes__l1 calls=1021 margin 8.66->-2.97 t=3.2s
[DONE] evaluation__5286__denoise__attack__nes__l0.5 calls=1021 margin 10.07->6.55 t=3.3s
[DONE] evaluation__5286__denoise__restore__nes__l0.5 calls=1021 margin 10.07->10.31 t=3.3s
[DONE] evaluation__5286__denoise__random_walk__random_walk__l0.5 calls=1024 margin 10.07->10.26 t=4.5s
[DONE] evaluation__5286__denoise__confidence_boost__nes__l0.5 calls=1021 margin 10.07->11.37 t=2.8s
[DONE] evaluation__5286__denoise__boundary_probe__nes__l0.5 calls=1021 margin 10.07->7.93 t=2.7s
[DONE] evaluation__5286__denoise__counterfactual__nes__l0.5 calls=1021 margin 10.07->7.99 t=2.7s
[DONE] evaluation__5286__deblur__attack__nes__l1 calls=1021 margin 7.12->-5.83 t=3.1s
[DONE] evaluation__5286__deblur__restore__nes__l1 calls=1021 margin 7.12->7.60 t=3.0s
[DONE] evaluation__5286__deblur__random_walk__random_walk__l1 calls=1024 margin 7.12->7.61 t=5.0s
[DONE] evaluation__5286__deblur__confidence_boost__nes__l1 calls=1021 margin 7.12->10.19 t=3.0s
[DONE] evaluation__5286__deblur__boundary_probe__nes__l1 calls=1021 margin 7.12->0.03 t=2.9s
[DONE] evaluation__5286__deblur__counterfactual__nes__l1 calls=1021 margin 7.12->-3.31 t=3.0s
[DONE] evaluation__8060__denoise__attack__nes__l0.5 calls=1021 margin 9.55->7.21 t=3.3s
[DONE] evaluation__8060__denoise__restore__nes__l0.5 calls=1021 margin 9.55->9.59 t=3.2s
[DONE] evaluation__8060__denoise__random_walk__random_walk__l0.5 calls=1024 margin 9.55->9.88 t=5.1s
[DONE] evaluation__8060__denoise__confidence_boost__nes__l0.5 calls=1021 margin 9.55->10.90 t=3.0s
[DONE] evaluation__8060__denoise__boundary_probe__nes__l0.5 calls=1021 margin 9.55->6.75 t=3.0s
[DONE] evaluation__8060__denoise__counterfactual__nes__l0.5 calls=1021 margin 9.55->6.42 t=3.1s
[DONE] evaluation__8060__deblur__attack__nes__l1 calls=1021 margin 10.59->6.46 t=3.3s
[DONE] evaluation__8060__deblur__restore__nes__l1 calls=1021 margin 10.59->10.72 t=3.2s
[DONE] evaluation__8060__deblur__random_walk__random_walk__l1 calls=1024 margin 10.59->10.91 t=4.6s
[DONE] evaluation__8060__deblur__confidence_boost__nes__l1 calls=1021 margin 10.59->11.82 t=3.1s
[DONE] evaluation__8060__deblur__boundary_probe__nes__l1 calls=1021 margin 10.59->7.83 t=3.0s
[DONE] evaluation__8060__deblur__counterfactual__nes__l1 calls=1021 margin 10.59->8.27 t=3.0s
[DONE] evaluation__1647__denoise__attack__nes__l0.5 calls=1021 margin 6.06->-2.40 t=3.1s
[DONE] evaluation__1647__denoise__restore__nes__l0.5 calls=1021 margin 6.06->5.78 t=3.0s
[DONE] evaluation__1647__denoise__random_walk__random_walk__l0.5 calls=1024 margin 6.06->6.38 t=4.7s
[DONE] evaluation__1647__denoise__confidence_boost__nes__l0.5 calls=1021 margin 6.06->8.75 t=2.8s
[DONE] evaluation__1647__denoise__boundary_probe__nes__l0.5 calls=1021 margin 6.06->0.06 t=2.8s
[DONE] evaluation__1647__denoise__counterfactual__nes__l0.5 calls=1021 margin 6.06->-3.60 t=2.6s
[DONE] evaluation__1647__deblur__attack__nes__l1 calls=1021 margin 8.31->0.99 t=3.2s
[DONE] evaluation__1647__deblur__restore__nes__l1 calls=1021 margin 8.31->8.56 t=3.1s
[DONE] evaluation__1647__deblur__random_walk__random_walk__l1 calls=1024 margin 8.31->6.95 t=4.7s
[DONE] evaluation__1647__deblur__confidence_boost__nes__l1 calls=1021 margin 8.31->9.12 t=2.8s
[DONE] evaluation__1647__deblur__boundary_probe__nes__l1 calls=1021 margin 8.31->0.06 t=3.1s
[DONE] evaluation__1647__deblur__counterfactual__nes__l1 calls=1021 margin 8.31->-0.62 t=3.3s
[DONE] evaluation__3985__denoise__attack__nes__l0.5 calls=1021 margin 4.86->-11.19 t=3.0s
[DONE] evaluation__3985__denoise__restore__nes__l0.5 calls=1021 margin 4.86->5.98 t=3.0s
[DONE] evaluation__3985__denoise__random_walk__random_walk__l0.5 calls=1024 margin 4.86->4.43 t=4.5s
[DONE] evaluation__3985__denoise__confidence_boost__nes__l0.5 calls=1021 margin 4.86->9.69 t=3.1s
[DONE] evaluation__3985__denoise__boundary_probe__nes__l0.5 calls=1021 margin 4.86->0.03 t=2.7s
[DONE] evaluation__3985__denoise__counterfactual__nes__l0.5 calls=1021 margin 4.86->-7.86 t=2.7s
[DONE] evaluation__3985__deblur__attack__nes__l1 calls=1021 margin 8.27->-5.77 t=3.2s
[DONE] evaluation__3985__deblur__restore__nes__l1 calls=1021 margin 8.27->8.04 t=3.1s
[DONE] evaluation__3985__deblur__random_walk__random_walk__l1 calls=1024 margin 8.27->5.93 t=4.8s
[DONE] evaluation__3985__deblur__confidence_boost__nes__l1 calls=1021 margin 8.27->9.70 t=3.2s
[DONE] evaluation__3985__deblur__boundary_probe__nes__l1 calls=1021 margin 8.27->0.02 t=3.0s
[DONE] evaluation__3985__deblur__counterfactual__nes__l1 calls=1021 margin 8.27->-4.47 t=3.0s
[DONE] evaluation__5894__denoise__attack__nes__l0.5 calls=1021 margin 4.50->-8.63 t=3.1s
[DONE] evaluation__5894__denoise__restore__nes__l0.5 calls=1021 margin 4.50->4.84 t=3.3s
[DONE] evaluation__5894__denoise__random_walk__random_walk__l0.5 calls=1024 margin 4.50->2.21 t=4.7s
[DONE] evaluation__5894__denoise__confidence_boost__nes__l0.5 calls=1021 margin 4.50->9.15 t=3.2s
[DONE] evaluation__5894__denoise__boundary_probe__nes__l0.5 calls=1021 margin 4.50->0.06 t=2.8s
[DONE] evaluation__5894__denoise__counterfactual__nes__l0.5 calls=1021 margin 4.50->-7.89 t=3.0s
[DONE] evaluation__5894__deblur__attack__nes__l1 calls=1021 margin 8.76->-9.51 t=2.8s
[DONE] evaluation__5894__deblur__restore__nes__l1 calls=1021 margin 8.76->9.21 t=3.4s
[DONE] evaluation__5894__deblur__random_walk__random_walk__l1 calls=1024 margin 8.76->8.97 t=4.6s
[DONE] evaluation__5894__deblur__confidence_boost__nes__l1 calls=1021 margin 8.76->9.99 t=2.9s
[DONE] evaluation__5894__deblur__boundary_probe__nes__l1 calls=1021 margin 8.76->0.06 t=3.0s
[DONE] evaluation__5894__deblur__counterfactual__nes__l1 calls=1021 margin 8.76->-1.07 t=3.0s
[DONE] evaluation__469__denoise__attack__nes__l0.5 calls=1021 margin 5.61->-6.61 t=2.8s
[DONE] evaluation__469__denoise__restore__nes__l0.5 calls=1021 margin 5.61->5.07 t=3.0s
[DONE] evaluation__469__denoise__random_walk__random_walk__l0.5 calls=1024 margin 5.61->4.93 t=4.7s
[DONE] evaluation__469__denoise__confidence_boost__nes__l0.5 calls=1021 margin 5.61->9.64 t=3.0s
[DONE] evaluation__469__denoise__boundary_probe__nes__l0.5 calls=1021 margin 5.61->0.01 t=2.9s
[DONE] evaluation__469__denoise__counterfactual__nes__l0.5 calls=1021 margin 5.61->-6.89 t=2.8s
[DONE] evaluation__469__deblur__attack__nes__l1 calls=1021 margin 9.83->-0.04 t=2.9s
[DONE] evaluation__469__deblur__restore__nes__l1 calls=1021 margin 9.83->10.01 t=3.1s
[DONE] evaluation__469__deblur__random_walk__random_walk__l1 calls=1024 margin 9.83->9.59 t=4.8s
[DONE] evaluation__469__deblur__confidence_boost__nes__l1 calls=1021 margin 9.83->11.01 t=3.1s
[DONE] evaluation__469__deblur__boundary_probe__nes__l1 calls=1021 margin 9.83->4.16 t=3.0s
[DONE] evaluation__469__deblur__counterfactual__nes__l1 calls=1021 margin 9.83->-0.85 t=3.1s
[DONE] evaluation__2196__denoise__attack__nes__l0.5 calls=1021 margin 7.60->-4.69 t=2.8s
[DONE] evaluation__2196__denoise__restore__nes__l0.5 calls=1021 margin 7.60->8.17 t=3.0s
[DONE] evaluation__2196__denoise__random_walk__random_walk__l0.5 calls=1024 margin 7.60->7.04 t=4.9s
[DONE] evaluation__2196__denoise__confidence_boost__nes__l0.5 calls=1021 margin 7.60->9.41 t=3.1s
[DONE] evaluation__2196__denoise__boundary_probe__nes__l0.5 calls=1021 margin 7.60->0.00 t=3.0s
[DONE] evaluation__2196__denoise__counterfactual__nes__l0.5 calls=1021 margin 7.60->-3.90 t=2.8s
[DONE] evaluation__2196__deblur__attack__nes__l1 calls=1021 margin 9.91->8.48 t=2.9s
[DONE] evaluation__2196__deblur__restore__nes__l1 calls=1021 margin 9.91->10.00 t=2.6s
[DONE] evaluation__2196__deblur__random_walk__random_walk__l1 calls=1024 margin 9.91->9.50 t=4.7s
[DONE] evaluation__2196__deblur__confidence_boost__nes__l1 calls=1021 margin 9.91->10.81 t=3.0s
[DONE] evaluation__2196__deblur__boundary_probe__nes__l1 calls=1021 margin 9.91->8.63 t=3.1s
[DONE] evaluation__2196__deblur__counterfactual__nes__l1 calls=1021 margin 9.91->8.50 t=2.9s
[DONE] evaluation__5619__denoise__attack__nes__l0.5 calls=1021 margin 8.31->6.08 t=2.9s
[DONE] evaluation__5619__denoise__restore__nes__l0.5 calls=1021 margin 8.31->8.29 t=2.9s
[DONE] evaluation__5619__denoise__random_walk__random_walk__l0.5 calls=1024 margin 8.31->8.29 t=4.8s
[DONE] evaluation__5619__denoise__confidence_boost__nes__l0.5 calls=1021 margin 8.31->9.15 t=3.2s
[DONE] evaluation__5619__denoise__boundary_probe__nes__l0.5 calls=1021 margin 8.31->5.65 t=3.1s
[DONE] evaluation__5619__denoise__counterfactual__nes__l0.5 calls=1021 margin 8.31->6.15 t=2.9s
[DONE] evaluation__5619__deblur__attack__nes__l1 calls=1021 margin 8.36->1.15 t=2.9s
[DONE] evaluation__5619__deblur__restore__nes__l1 calls=1021 margin 8.36->8.38 t=2.8s
[DONE] evaluation__5619__deblur__random_walk__random_walk__l1 calls=1024 margin 8.36->7.88 t=4.8s
[DONE] evaluation__5619__deblur__confidence_boost__nes__l1 calls=1021 margin 8.36->9.43 t=3.3s
[DONE] evaluation__5619__deblur__boundary_probe__nes__l1 calls=1021 margin 8.36->0.98 t=3.2s
[DONE] evaluation__5619__deblur__counterfactual__nes__l1 calls=1021 margin 8.36->2.31 t=3.0s
[DONE] evaluation__9000__denoise__attack__nes__l0.5 calls=1021 margin 7.51->1.18 t=2.9s
[DONE] evaluation__9000__denoise__restore__nes__l0.5 calls=1021 margin 7.51->7.58 t=2.6s
[DONE] evaluation__9000__denoise__random_walk__random_walk__l0.5 calls=1024 margin 7.51->7.27 t=4.7s
[DONE] evaluation__9000__denoise__confidence_boost__nes__l0.5 calls=1021 margin 7.51->8.97 t=3.0s
[DONE] evaluation__9000__denoise__boundary_probe__nes__l0.5 calls=1021 margin 7.51->2.26 t=3.2s
[DONE] evaluation__9000__denoise__counterfactual__nes__l0.5 calls=1021 margin 7.51->1.95 t=2.9s
[DONE] evaluation__9000__deblur__attack__nes__l1 calls=1021 margin 9.50->7.93 t=3.0s
[DONE] evaluation__9000__deblur__restore__nes__l1 calls=1021 margin 9.50->9.54 t=3.0s
[DONE] evaluation__9000__deblur__random_walk__random_walk__l1 calls=1024 margin 9.50->9.49 t=4.9s
[DONE] evaluation__9000__deblur__confidence_boost__nes__l1 calls=1021 margin 9.50->10.24 t=3.2s
[DONE] evaluation__9000__deblur__boundary_probe__nes__l1 calls=1021 margin 9.50->8.04 t=3.4s
[DONE] evaluation__9000__deblur__counterfactual__nes__l1 calls=1021 margin 9.50->8.40 t=2.9s
[DONE] evaluation__2184__denoise__attack__nes__l0.5 calls=1021 margin 9.65->8.56 t=3.0s
[DONE] evaluation__2184__denoise__restore__nes__l0.5 calls=1021 margin 9.65->9.65 t=3.1s
[DONE] evaluation__2184__denoise__random_walk__random_walk__l0.5 calls=1024 margin 9.65->9.67 t=4.8s
[DONE] evaluation__2184__denoise__confidence_boost__nes__l0.5 calls=1021 margin 9.65->10.20 t=2.8s
[DONE] evaluation__2184__denoise__boundary_probe__nes__l0.5 calls=1021 margin 9.65->8.87 t=3.2s
[DONE] evaluation__2184__denoise__counterfactual__nes__l0.5 calls=1021 margin 9.65->8.91 t=2.7s
[DONE] evaluation__2184__deblur__attack__nes__l1 calls=1021 margin 8.60->8.17 t=2.8s
[DONE] evaluation__2184__deblur__restore__nes__l1 calls=1021 margin 8.60->8.70 t=2.9s
[DONE] evaluation__2184__deblur__random_walk__random_walk__l1 calls=1024 margin 8.60->8.98 t=4.4s
[DONE] evaluation__2184__deblur__confidence_boost__nes__l1 calls=1021 margin 8.60->9.13 t=3.2s
[DONE] evaluation__2184__deblur__boundary_probe__nes__l1 calls=1021 margin 8.60->8.04 t=3.2s
[DONE] evaluation__2184__deblur__counterfactual__nes__l1 calls=1021 margin 8.60->8.04 t=3.2s
[DONE] evaluation__6274__denoise__attack__nes__l0.5 calls=1021 margin 8.86->7.16 t=2.8s
[DONE] evaluation__6274__denoise__restore__nes__l0.5 calls=1021 margin 8.86->8.89 t=2.8s
[DONE] evaluation__6274__denoise__random_walk__random_walk__l0.5 calls=1024 margin 8.86->8.73 t=4.5s
[DONE] evaluation__6274__denoise__confidence_boost__nes__l0.5 calls=1021 margin 8.86->9.15 t=2.9s
[DONE] evaluation__6274__denoise__boundary_probe__nes__l0.5 calls=1021 margin 8.86->8.09 t=3.2s
[DONE] evaluation__6274__denoise__counterfactual__nes__l0.5 calls=1021 margin 8.86->7.89 t=3.3s
[DONE] evaluation__6274__deblur__attack__nes__l1 calls=1021 margin 8.88->8.22 t=2.9s
[DONE] evaluation__6274__deblur__restore__nes__l1 calls=1021 margin 8.88->8.93 t=2.7s
[DONE] evaluation__6274__deblur__random_walk__random_walk__l1 calls=1024 margin 8.88->8.82 t=4.5s
[DONE] evaluation__6274__deblur__confidence_boost__nes__l1 calls=1021 margin 8.88->9.27 t=3.0s
[DONE] evaluation__6274__deblur__boundary_probe__nes__l1 calls=1021 margin 8.88->8.09 t=2.8s
[DONE] evaluation__6274__deblur__counterfactual__nes__l1 calls=1021 margin 8.88->8.11 t=3.2s
[DONE] evaluation__8814__denoise__attack__nes__l0.5 calls=1021 margin 6.21->-3.39 t=3.0s
[DONE] evaluation__8814__denoise__restore__nes__l0.5 calls=1021 margin 6.21->6.95 t=2.6s
[DONE] evaluation__8814__denoise__random_walk__random_walk__l0.5 calls=1024 margin 6.21->5.51 t=4.2s
[DONE] evaluation__8814__denoise__confidence_boost__nes__l0.5 calls=1021 margin 6.21->8.99 t=3.1s
[DONE] evaluation__8814__denoise__boundary_probe__nes__l0.5 calls=1021 margin 6.21->0.07 t=2.9s
[DONE] evaluation__8814__denoise__counterfactual__nes__l0.5 calls=1021 margin 6.21->-4.01 t=2.9s
[DONE] evaluation__8814__deblur__attack__nes__l1 calls=1021 margin 9.10->7.71 t=3.3s
[DONE] evaluation__8814__deblur__restore__nes__l1 calls=1021 margin 9.10->9.08 t=2.9s
[DONE] evaluation__8814__deblur__random_walk__random_walk__l1 calls=1024 margin 9.10->9.23 t=4.3s
[DONE] evaluation__8814__deblur__confidence_boost__nes__l1 calls=1021 margin 9.10->9.84 t=3.1s
[DONE] evaluation__8814__deblur__boundary_probe__nes__l1 calls=1021 margin 9.10->7.57 t=3.1s
[DONE] evaluation__8814__deblur__counterfactual__nes__l1 calls=1021 margin 9.10->7.55 t=2.8s
[DONE] fit__4817__denoise__attack__nes__l0.5 calls=1021 margin 7.49->-3.40 t=3.2s
[DONE] fit__4817__denoise__restore__nes__l0.5 calls=1021 margin 7.49->7.78 t=3.2s
[DONE] fit__4817__denoise__random_walk__random_walk__l0.5 calls=1024 margin 7.49->7.68 t=4.6s
[DONE] fit__4817__denoise__confidence_boost__nes__l0.5 calls=1021 margin 7.49->9.24 t=3.2s
[DONE] fit__4817__denoise__boundary_probe__nes__l0.5 calls=1021 margin 7.49->0.05 t=3.2s
[DONE] fit__4817__denoise__counterfactual__nes__l0.5 calls=1021 margin 7.49->-3.81 t=3.0s
[DONE] fit__4817__deblur__attack__nes__l1 calls=1021 margin 9.05->7.76 t=3.3s
[DONE] fit__4817__deblur__restore__nes__l1 calls=1021 margin 9.05->9.03 t=3.0s
[DONE] fit__4817__deblur__random_walk__random_walk__l1 calls=1024 margin 9.05->8.83 t=4.1s
[DONE] fit__4817__deblur__confidence_boost__nes__l1 calls=1021 margin 9.05->9.40 t=2.9s
[DONE] fit__4817__deblur__boundary_probe__nes__l1 calls=1021 margin 9.05->7.28 t=3.2s
[DONE] fit__4817__deblur__counterfactual__nes__l1 calls=1021 margin 9.05->7.55 t=2.9s
[DONE] fit__8894__denoise__attack__nes__l0.5 calls=1021 margin 4.64->-8.75 t=3.1s
[DONE] fit__8894__denoise__restore__nes__l0.5 calls=1021 margin 4.64->3.99 t=3.5s
[DONE] fit__8894__denoise__random_walk__random_walk__l0.5 calls=1024 margin 4.64->1.56 t=4.4s
[DONE] fit__8894__denoise__confidence_boost__nes__l0.5 calls=1021 margin 4.64->8.67 t=3.1s
[DONE] fit__8894__denoise__boundary_probe__nes__l0.5 calls=1021 margin 4.64->0.06 t=2.9s
[DONE] fit__8894__denoise__counterfactual__nes__l0.5 calls=1021 margin 4.64->-8.15 t=3.0s
[DONE] fit__8894__deblur__attack__nes__l1 calls=1021 margin 9.06->1.91 t=3.2s
[DONE] fit__8894__deblur__restore__nes__l1 calls=1021 margin 9.06->9.03 t=3.1s
[DONE] fit__8894__deblur__random_walk__random_walk__l1 calls=1024 margin 9.06->8.70 t=4.1s
[DONE] fit__8894__deblur__confidence_boost__nes__l1 calls=1021 margin 9.06->9.44 t=2.9s
[DONE] fit__8894__deblur__boundary_probe__nes__l1 calls=1021 margin 9.06->7.25 t=3.2s
[DONE] fit__8894__deblur__counterfactual__nes__l1 calls=1021 margin 9.06->6.40 t=2.9s
[DONE] fit__3838__denoise__attack__nes__l0.5 calls=1021 margin 1.58->-9.71 t=3.1s
[DONE] fit__3838__denoise__restore__nes__l0.5 calls=1021 margin 1.58->0.63 t=3.3s
[DONE] fit__3838__denoise__random_walk__random_walk__l0.5 calls=1024 margin 1.58->-3.59 t=4.4s
[DONE] fit__3838__denoise__confidence_boost__nes__l0.5 calls=1021 margin 1.58->7.71 t=2.8s
[DONE] fit__3838__denoise__boundary_probe__nes__l0.5 calls=1021 margin 1.58->0.04 t=3.0s
[DONE] fit__3838__denoise__counterfactual__nes__l0.5 calls=1021 margin 1.58->-8.10 t=3.2s
[DONE] fit__3838__deblur__attack__nes__l1 calls=1021 margin 8.62->-0.09 t=3.1s
[DONE] fit__3838__deblur__restore__nes__l1 calls=1021 margin 8.62->8.30 t=3.3s
[DONE] fit__3838__deblur__random_walk__random_walk__l1 calls=1024 margin 8.62->6.68 t=4.3s
[DONE] fit__3838__deblur__confidence_boost__nes__l1 calls=1021 margin 8.62->10.27 t=2.9s
[DONE] fit__3838__deblur__boundary_probe__nes__l1 calls=1021 margin 8.62->0.00 t=3.3s
[DONE] fit__3838__deblur__counterfactual__nes__l1 calls=1021 margin 8.62->0.04 t=3.3s
[DONE] fit__933__denoise__attack__nes__l0.5 calls=1021 margin 0.45->-10.55 t=3.1s
[DONE] fit__933__denoise__restore__nes__l0.5 calls=1021 margin 0.45->0.00 t=3.1s
[DONE] fit__933__denoise__random_walk__random_walk__l0.5 calls=1024 margin 0.45->-3.39 t=4.1s
[DONE] fit__933__denoise__confidence_boost__nes__l0.5 calls=1021 margin 0.45->9.96 t=3.1s
[DONE] fit__933__denoise__boundary_probe__nes__l0.5 calls=1021 margin 0.45->0.01 t=3.4s
[DONE] fit__933__denoise__counterfactual__nes__l0.5 calls=1021 margin 0.45->-8.83 t=3.1s
[DONE] fit__933__deblur__attack__nes__l1 calls=1021 margin 1.64->-11.26 t=2.9s
[DONE] fit__933__deblur__restore__nes__l1 calls=1021 margin 1.64->4.25 t=3.1s
[DONE] fit__933__deblur__random_walk__random_walk__l1 calls=1024 margin 1.64->-1.23 t=4.5s
[DONE] fit__933__deblur__confidence_boost__nes__l1 calls=1021 margin 1.64->9.69 t=2.9s
[DONE] fit__933__deblur__boundary_probe__nes__l1 calls=1021 margin 1.64->0.00 t=2.9s
[DONE] fit__933__deblur__counterfactual__nes__l1 calls=1021 margin 1.64->-9.34 t=3.0s
[DONE] fit__7666__denoise__attack__nes__l0.5 calls=1021 margin 0.61->-12.54 t=3.1s
[DONE] fit__7666__denoise__restore__nes__l0.5 calls=1021 margin 0.61->1.96 t=3.0s
[DONE] fit__7666__denoise__random_walk__random_walk__l0.5 calls=1024 margin 0.61->-4.83 t=4.6s
[DONE] fit__7666__denoise__confidence_boost__nes__l0.5 calls=1021 margin 0.61->10.35 t=3.0s
[DONE] fit__7666__denoise__boundary_probe__nes__l0.5 calls=1021 margin 0.61->0.02 t=3.1s
[DONE] fit__7666__denoise__counterfactual__nes__l0.5 calls=1021 margin 0.61->-8.74 t=3.1s
[DONE] fit__7666__deblur__attack__nes__l1 calls=1021 margin 5.03->-10.29 t=3.1s
[DONE] fit__7666__deblur__restore__nes__l1 calls=1021 margin 5.03->6.92 t=3.4s
[DONE] fit__7666__deblur__random_walk__random_walk__l1 calls=1024 margin 5.03->7.97 t=4.6s
[DONE] fit__7666__deblur__confidence_boost__nes__l1 calls=1021 margin 5.03->10.13 t=3.1s
[DONE] fit__7666__deblur__boundary_probe__nes__l1 calls=1021 margin 5.03->0.05 t=2.8s
[DONE] fit__7666__deblur__counterfactual__nes__l1 calls=1021 margin 5.03->-8.34 t=2.9s
[DONE] fit__1112__denoise__attack__nes__l0.5 calls=1021 margin 8.44->-0.50 t=3.1s
[DONE] fit__1112__denoise__restore__nes__l0.5 calls=1021 margin 8.44->8.33 t=3.0s
[DONE] fit__1112__denoise__random_walk__random_walk__l0.5 calls=1024 margin 8.44->8.38 t=4.4s
[DONE] fit__1112__denoise__confidence_boost__nes__l0.5 calls=1021 margin 8.44->9.36 t=3.0s
[DONE] fit__1112__denoise__boundary_probe__nes__l0.5 calls=1021 margin 8.44->0.02 t=3.3s
[DONE] fit__1112__denoise__counterfactual__nes__l0.5 calls=1021 margin 8.44->-2.01 t=3.1s
[DONE] fit__1112__deblur__attack__nes__l1 calls=1021 margin 9.04->7.33 t=3.2s
[DONE] fit__1112__deblur__restore__nes__l1 calls=1021 margin 9.04->8.81 t=3.4s
[DONE] fit__1112__deblur__random_walk__random_walk__l1 calls=1024 margin 9.04->8.98 t=4.7s
[DONE] fit__1112__deblur__confidence_boost__nes__l1 calls=1021 margin 9.04->9.64 t=3.1s
[DONE] fit__1112__deblur__boundary_probe__nes__l1 calls=1021 margin 9.04->7.16 t=3.4s
[DONE] fit__1112__deblur__counterfactual__nes__l1 calls=1021 margin 9.04->5.83 t=3.2s
[DONE] fit__5630__denoise__attack__nes__l0.5 calls=1021 margin 2.60->-10.64 t=3.2s
[DONE] fit__5630__denoise__restore__nes__l0.5 calls=1021 margin 2.60->3.59 t=3.1s
[DONE] fit__5630__denoise__random_walk__random_walk__l0.5 calls=1024 margin 2.60->1.64 t=4.6s
[DONE] fit__5630__denoise__confidence_boost__nes__l0.5 calls=1021 margin 2.60->9.82 t=2.9s
[DONE] fit__5630__denoise__boundary_probe__nes__l0.5 calls=1021 margin 2.60->0.00 t=3.0s
[DONE] fit__5630__denoise__counterfactual__nes__l0.5 calls=1021 margin 2.60->-8.01 t=3.2s
[DONE] fit__5630__deblur__attack__nes__l1 calls=1021 margin 8.99->-3.62 t=2.9s
[DONE] fit__5630__deblur__restore__nes__l1 calls=1021 margin 8.99->9.11 t=2.8s
[DONE] fit__5630__deblur__random_walk__random_walk__l1 calls=1024 margin 8.99->8.61 t=4.6s
[DONE] fit__5630__deblur__confidence_boost__nes__l1 calls=1021 margin 8.99->9.65 t=3.0s
[DONE] fit__5630__deblur__boundary_probe__nes__l1 calls=1021 margin 8.99->0.25 t=3.0s
[DONE] fit__5630__deblur__counterfactual__nes__l1 calls=1021 margin 8.99->-5.56 t=3.0s
[DONE] fit__3043__denoise__attack__nes__l0.5 calls=1021 margin 2.61->-10.10 t=3.0s
[DONE] fit__3043__denoise__restore__nes__l0.5 calls=1021 margin 2.61->4.60 t=2.8s
[DONE] fit__3043__denoise__random_walk__random_walk__l0.5 calls=1024 margin 2.61->0.42 t=4.6s
[DONE] fit__3043__denoise__confidence_boost__nes__l0.5 calls=1021 margin 2.61->8.72 t=3.0s
[DONE] fit__3043__denoise__boundary_probe__nes__l0.5 calls=1021 margin 2.61->0.10 t=3.0s
[DONE] fit__3043__denoise__counterfactual__nes__l0.5 calls=1021 margin 2.61->-8.14 t=2.9s
[DONE] fit__3043__deblur__attack__nes__l1 calls=1021 margin 9.28->-6.06 t=3.1s
[DONE] fit__3043__deblur__restore__nes__l1 calls=1021 margin 9.28->9.67 t=3.1s
[DONE] fit__3043__deblur__random_walk__random_walk__l1 calls=1024 margin 9.28->9.30 t=4.6s
[DONE] fit__3043__deblur__confidence_boost__nes__l1 calls=1021 margin 9.28->10.38 t=3.0s
[DONE] fit__3043__deblur__boundary_probe__nes__l1 calls=1021 margin 9.28->0.09 t=3.0s
[DONE] fit__3043__deblur__counterfactual__nes__l1 calls=1021 margin 9.28->1.67 t=3.0s
[DONE] fit__141__denoise__attack__nes__l0.5 calls=1021 margin 6.73->-2.62 t=3.1s
[DONE] fit__141__denoise__restore__nes__l0.5 calls=1021 margin 6.73->6.18 t=3.2s
[DONE] fit__141__denoise__random_walk__random_walk__l0.5 calls=1024 margin 6.73->7.50 t=4.5s
[DONE] fit__141__denoise__confidence_boost__nes__l0.5 calls=1021 margin 6.73->9.12 t=3.2s
[DONE] fit__141__denoise__boundary_probe__nes__l0.5 calls=1021 margin 6.73->0.04 t=3.1s
[DONE] fit__141__denoise__counterfactual__nes__l0.5 calls=1021 margin 6.73->-1.63 t=3.0s
[DONE] fit__141__deblur__attack__nes__l1 calls=1021 margin 9.27->4.58 t=3.0s
[DONE] fit__141__deblur__restore__nes__l1 calls=1021 margin 9.27->9.41 t=3.3s
[DONE] fit__141__deblur__random_walk__random_walk__l1 calls=1024 margin 9.27->9.37 t=4.3s
[DONE] fit__141__deblur__confidence_boost__nes__l1 calls=1021 margin 9.27->10.02 t=3.1s
[DONE] fit__141__deblur__boundary_probe__nes__l1 calls=1021 margin 9.27->4.92 t=3.0s
[DONE] fit__141__deblur__counterfactual__nes__l1 calls=1021 margin 9.27->4.81 t=2.9s
[DONE] fit__7985__denoise__attack__nes__l0.5 calls=1021 margin 1.03->-9.55 t=3.0s
[DONE] fit__7985__denoise__restore__nes__l0.5 calls=1021 margin 1.03->2.28 t=3.1s
[DONE] fit__7985__denoise__random_walk__random_walk__l0.5 calls=1024 margin 1.03->2.18 t=4.5s
[DONE] fit__7985__denoise__confidence_boost__nes__l0.5 calls=1021 margin 1.03->9.11 t=3.3s
[DONE] fit__7985__denoise__boundary_probe__nes__l0.5 calls=1021 margin 1.03->0.00 t=3.0s
[DONE] fit__7985__denoise__counterfactual__nes__l0.5 calls=1021 margin 1.03->-8.89 t=2.8s
[DONE] fit__7985__deblur__attack__nes__l1 calls=1021 margin 7.63->-6.33 t=3.1s
[DONE] fit__7985__deblur__restore__nes__l1 calls=1021 margin 7.63->7.82 t=3.2s
[DONE] fit__7985__deblur__random_walk__random_walk__l1 calls=1024 margin 7.63->3.13 t=4.6s
[DONE] fit__7985__deblur__confidence_boost__nes__l1 calls=1021 margin 7.63->10.02 t=3.2s
[DONE] fit__7985__deblur__boundary_probe__nes__l1 calls=1021 margin 7.63->0.06 t=2.7s
[DONE] fit__7985__deblur__counterfactual__nes__l1 calls=1021 margin 7.63->-6.58 t=2.9s
[DONE] fit__5001__denoise__attack__nes__l0.5 calls=1021 margin 10.29->8.50 t=3.2s
[DONE] fit__5001__denoise__restore__nes__l0.5 calls=1021 margin 10.29->10.32 t=3.1s
[DONE] fit__5001__denoise__random_walk__random_walk__l0.5 calls=1024 margin 10.29->10.34 t=4.3s
[DONE] fit__5001__denoise__confidence_boost__nes__l0.5 calls=1021 margin 10.29->11.33 t=2.9s
[DONE] fit__5001__denoise__boundary_probe__nes__l0.5 calls=1021 margin 10.29->6.71 t=3.2s
[DONE] fit__5001__denoise__counterfactual__nes__l0.5 calls=1021 margin 10.29->6.09 t=3.0s
[DONE] fit__5001__deblur__attack__nes__l1 calls=1021 margin 10.88->6.54 t=2.9s
[DONE] fit__5001__deblur__restore__nes__l1 calls=1021 margin 10.88->10.91 t=3.1s
[DONE] fit__5001__deblur__random_walk__random_walk__l1 calls=1024 margin 10.88->10.96 t=4.1s
[DONE] fit__5001__deblur__confidence_boost__nes__l1 calls=1021 margin 10.88->12.10 t=2.8s
[DONE] fit__5001__deblur__boundary_probe__nes__l1 calls=1021 margin 10.88->5.12 t=3.2s
[DONE] fit__5001__deblur__counterfactual__nes__l1 calls=1021 margin 10.88->5.27 t=3.1s
[DONE] fit__9049__denoise__attack__nes__l0.5 calls=1021 margin 10.56->8.89 t=3.0s
[DONE] fit__9049__denoise__restore__nes__l0.5 calls=1021 margin 10.56->10.51 t=3.3s
[DONE] fit__9049__denoise__random_walk__random_walk__l0.5 calls=1024 margin 10.56->10.32 t=4.5s
[DONE] fit__9049__denoise__confidence_boost__nes__l0.5 calls=1021 margin 10.56->11.26 t=3.0s
[DONE] fit__9049__denoise__boundary_probe__nes__l0.5 calls=1021 margin 10.56->8.61 t=3.1s
[DONE] fit__9049__denoise__counterfactual__nes__l0.5 calls=1021 margin 10.56->8.60 t=3.0s
[DONE] fit__9049__deblur__attack__nes__l1 calls=1021 margin 8.66->-9.15 t=3.0s
[DONE] fit__9049__deblur__restore__nes__l1 calls=1021 margin 8.66->9.26 t=3.1s
[DONE] fit__9049__deblur__random_walk__random_walk__l1 calls=1024 margin 8.66->10.68 t=4.5s
[DONE] fit__9049__deblur__confidence_boost__nes__l1 calls=1021 margin 8.66->11.63 t=3.1s
[DONE] fit__9049__deblur__boundary_probe__nes__l1 calls=1021 margin 8.66->0.03 t=3.1s
[DONE] fit__9049__deblur__counterfactual__nes__l1 calls=1021 margin 8.66->-8.19 t=2.9s
[DONE] fit__5606__denoise__attack__nes__l0.5 calls=1021 margin 6.21->-0.96 t=2.9s
[DONE] fit__5606__denoise__restore__nes__l0.5 calls=1021 margin 6.21->7.19 t=3.2s
[DONE] fit__5606__denoise__random_walk__random_walk__l0.5 calls=1024 margin 6.21->5.47 t=4.9s
[DONE] fit__5606__denoise__confidence_boost__nes__l0.5 calls=1021 margin 6.21->8.18 t=2.9s
[DONE] fit__5606__denoise__boundary_probe__nes__l0.5 calls=1021 margin 6.21->0.06 t=3.1s
[DONE] fit__5606__denoise__counterfactual__nes__l0.5 calls=1021 margin 6.21->-1.46 t=2.9s
[DONE] fit__5606__deblur__attack__nes__l1 calls=1021 margin 9.52->8.99 t=2.9s
[DONE] fit__5606__deblur__restore__nes__l1 calls=1021 margin 9.52->9.52 t=3.0s
[DONE] fit__5606__deblur__random_walk__random_walk__l1 calls=1024 margin 9.52->9.59 t=4.6s
[DONE] fit__5606__deblur__confidence_boost__nes__l1 calls=1021 margin 9.52->10.21 t=2.9s
[DONE] fit__5606__deblur__boundary_probe__nes__l1 calls=1021 margin 9.52->9.03 t=3.2s
[DONE] fit__5606__deblur__counterfactual__nes__l1 calls=1021 margin 9.52->8.98 t=3.5s
[DONE] fit__1200__denoise__attack__nes__l0.5 calls=1021 margin 4.71->-7.29 t=2.8s
[DONE] fit__1200__denoise__restore__nes__l0.5 calls=1021 margin 4.71->5.16 t=3.1s
[DONE] fit__1200__denoise__random_walk__random_walk__l0.5 calls=1024 margin 4.71->6.33 t=4.7s
[DONE] fit__1200__denoise__confidence_boost__nes__l0.5 calls=1021 margin 4.71->8.50 t=3.0s
[DONE] fit__1200__denoise__boundary_probe__nes__l0.5 calls=1021 margin 4.71->0.04 t=3.1s
[DONE] fit__1200__denoise__counterfactual__nes__l0.5 calls=1021 margin 4.71->-8.03 t=2.8s
[DONE] fit__1200__deblur__attack__nes__l1 calls=1021 margin 9.51->5.22 t=3.1s
[DONE] fit__1200__deblur__restore__nes__l1 calls=1021 margin 9.51->9.55 t=3.1s
[DONE] fit__1200__deblur__random_walk__random_walk__l1 calls=1024 margin 9.51->8.91 t=4.9s
[DONE] fit__1200__deblur__confidence_boost__nes__l1 calls=1021 margin 9.51->10.35 t=2.9s
[DONE] fit__1200__deblur__boundary_probe__nes__l1 calls=1021 margin 9.51->4.37 t=3.1s
[DONE] fit__1200__deblur__counterfactual__nes__l1 calls=1021 margin 9.51->5.32 t=3.1s
[DONE] fit__5766__denoise__attack__nes__l0.5 calls=1021 margin 9.03->6.06 t=3.0s
[DONE] fit__5766__denoise__restore__nes__l0.5 calls=1021 margin 9.03->8.99 t=3.1s
[DONE] fit__5766__denoise__random_walk__random_walk__l0.5 calls=1024 margin 9.03->8.37 t=4.7s
[DONE] fit__5766__denoise__confidence_boost__nes__l0.5 calls=1021 margin 9.03->9.78 t=2.9s
[DONE] fit__5766__denoise__boundary_probe__nes__l0.5 calls=1021 margin 9.03->5.37 t=3.1s
[DONE] fit__5766__denoise__counterfactual__nes__l0.5 calls=1021 margin 9.03->6.03 t=2.9s
[DONE] fit__5766__deblur__attack__nes__l1 calls=1021 margin 3.07->-8.65 t=2.9s
[DONE] fit__5766__deblur__restore__nes__l1 calls=1021 margin 3.07->4.35 t=3.2s
[DONE] fit__5766__deblur__random_walk__random_walk__l1 calls=1024 margin 3.07->6.61 t=4.7s
[DONE] fit__5766__deblur__confidence_boost__nes__l1 calls=1021 margin 3.07->9.51 t=2.7s
[DONE] fit__5766__deblur__boundary_probe__nes__l1 calls=1021 margin 3.07->0.00 t=3.1s
[DONE] fit__5766__deblur__counterfactual__nes__l1 calls=1021 margin 3.07->-7.63 t=2.9s
[DONE] fit__4330__denoise__attack__nes__l0.5 calls=1021 margin 5.98->-1.40 t=3.1s
[DONE] fit__4330__denoise__restore__nes__l0.5 calls=1021 margin 5.98->5.68 t=2.9s
[DONE] fit__4330__denoise__random_walk__random_walk__l0.5 calls=1024 margin 5.98->6.17 t=4.9s
[DONE] fit__4330__denoise__confidence_boost__nes__l0.5 calls=1021 margin 5.98->9.14 t=3.0s
[DONE] fit__4330__denoise__boundary_probe__nes__l0.5 calls=1021 margin 5.98->0.01 t=3.1s
[DONE] fit__4330__denoise__counterfactual__nes__l0.5 calls=1021 margin 5.98->0.51 t=3.3s
[DONE] fit__4330__deblur__attack__nes__l1 calls=1021 margin 8.95->8.17 t=3.0s
[DONE] fit__4330__deblur__restore__nes__l1 calls=1021 margin 8.95->9.05 t=3.2s
[DONE] fit__4330__deblur__random_walk__random_walk__l1 calls=1024 margin 8.95->9.26 t=4.8s
[DONE] fit__4330__deblur__confidence_boost__nes__l1 calls=1021 margin 8.95->9.80 t=3.1s
[DONE] fit__4330__deblur__boundary_probe__nes__l1 calls=1021 margin 8.95->8.12 t=3.1s
[DONE] fit__4330__deblur__counterfactual__nes__l1 calls=1021 margin 8.95->8.16 t=3.0s
[DONE] fit__8731__denoise__attack__nes__l0.5 calls=1021 margin 7.36->-9.18 t=3.0s
[DONE] fit__8731__denoise__restore__nes__l0.5 calls=1021 margin 7.36->6.88 t=3.0s
[DONE] fit__8731__denoise__random_walk__random_walk__l0.5 calls=1024 margin 7.36->3.97 t=4.9s
[DONE] fit__8731__denoise__confidence_boost__nes__l0.5 calls=1021 margin 7.36->9.86 t=3.0s
[DONE] fit__8731__denoise__boundary_probe__nes__l0.5 calls=1021 margin 7.36->0.02 t=3.0s
[DONE] fit__8731__denoise__counterfactual__nes__l0.5 calls=1021 margin 7.36->-3.58 t=3.2s
[DONE] fit__8731__deblur__attack__nes__l1 calls=1021 margin 6.16->-7.03 t=3.0s
[DONE] fit__8731__deblur__restore__nes__l1 calls=1021 margin 6.16->5.94 t=2.9s
[DONE] fit__8731__deblur__random_walk__random_walk__l1 calls=1024 margin 6.16->7.43 t=4.7s
[DONE] fit__8731__deblur__confidence_boost__nes__l1 calls=1021 margin 6.16->10.03 t=2.8s
[DONE] fit__8731__deblur__boundary_probe__nes__l1 calls=1021 margin 6.16->0.02 t=3.0s
[DONE] fit__8731__deblur__counterfactual__nes__l1 calls=1021 margin 6.16->-6.89 t=2.9s
