Load BlackboxBench cifar model:  bbb_vgg19_bn
[INFO] Loading BlackboxBench CIFAR-10 checkpoint from checkpoints/blackboxbench_cifar10/ckpt/vgg19_bn/model_best.pth.tar
/home/sepi/projects/MCG-Blackbox/utils/load_models.py:71: FutureWarning: You are using `torch.load` with `weights_only=False` (the current default value), which uses the default pickle module implicitly. It is possible to construct malicious pickle data which will execute arbitrary code during unpickling (See https://github.com/pytorch/pytorch/blob/main/SECURITY.md#untrusted-models for more details). In a future release, the default value for `weights_only` will be flipped to `True`. This limits the functions that could be executed during unpickling. Arbitrary objects will no longer be allowed to be loaded via this mode unless they are explicitly allowlisted by the user via `torch.serialization.add_safe_globals`. We recommend you start setting `weights_only=True` for any use case where you don't have full control of the loaded file. Please open an issue on GitHub for any issues related to this experimental feature.
  checkpoint = torch.load(
[DONE] calibration__4037__denoise__attack__nes__l0.5 calls=1021 margin 3.62->-6.40 t=3.3s
[DONE] calibration__4037__denoise__restore__nes__l0.5 calls=1021 margin 3.62->5.32 t=2.7s
[DONE] calibration__4037__denoise__random_walk__random_walk__l0.5 calls=1024 margin 3.62->-0.35 t=5.4s
[DONE] calibration__4037__denoise__confidence_boost__nes__l0.5 calls=1021 margin 3.62->8.28 t=3.1s
[DONE] calibration__4037__denoise__boundary_probe__nes__l0.5 calls=1021 margin 3.62->0.02 t=2.9s
[DONE] calibration__4037__denoise__counterfactual__nes__l0.5 calls=1021 margin 3.62->-7.08 t=3.2s
[DONE] calibration__4037__deblur__attack__nes__l1 calls=1021 margin 8.84->2.93 t=3.1s
[DONE] calibration__4037__deblur__restore__nes__l1 calls=1021 margin 8.84->8.89 t=2.9s
[DONE] calibration__4037__deblur__random_walk__random_walk__l1 calls=1024 margin 8.84->8.34 t=5.4s
[DONE] calibration__4037__deblur__confidence_boost__nes__l1 calls=1021 margin 8.84->9.17 t=3.1s
[DONE] calibration__4037__deblur__boundary_probe__nes__l1 calls=1021 margin 8.84->2.48 t=2.8s
[DONE] calibration__4037__deblur__counterfactual__nes__l1 calls=1021 margin 8.84->4.65 t=2.8s
[DONE] calibration__9921__denoise__attack__nes__l0.5 calls=1021 margin 8.34->2.80 t=2.8s
[DONE] calibration__9921__denoise__restore__nes__l0.5 calls=1021 margin 8.34->8.42 t=2.8s
[DONE] calibration__9921__denoise__random_walk__random_walk__l0.5 calls=1024 margin 8.34->8.51 t=5.2s
[DONE] calibration__9921__denoise__confidence_boost__nes__l0.5 calls=1021 margin 8.34->8.97 t=3.3s
[DONE] calibration__9921__denoise__boundary_probe__nes__l0.5 calls=1021 margin 8.34->3.43 t=3.1s
[DONE] calibration__9921__denoise__counterfactual__nes__l0.5 calls=1021 margin 8.34->1.58 t=2.9s
[DONE] calibration__9921__deblur__attack__nes__l1 calls=1021 margin 5.96->-2.51 t=2.9s
[DONE] calibration__9921__deblur__restore__nes__l1 calls=1021 margin 5.96->5.87 t=2.8s
[DONE] calibration__9921__deblur__random_walk__random_walk__l1 calls=1024 margin 5.96->8.59 t=5.0s
[DONE] calibration__9921__deblur__confidence_boost__nes__l1 calls=1021 margin 5.96->9.43 t=3.0s
[DONE] calibration__9921__deblur__boundary_probe__nes__l1 calls=1021 margin 5.96->0.02 t=2.6s
[DONE] calibration__9921__deblur__counterfactual__nes__l1 calls=1021 margin 5.96->-2.56 t=2.8s
[DONE] calibration__7215__denoise__attack__nes__l0.5 calls=1021 margin 7.77->5.59 t=2.8s
[DONE] calibration__7215__denoise__restore__nes__l0.5 calls=1021 margin 7.77->7.75 t=2.8s
[DONE] calibration__7215__denoise__random_walk__random_walk__l0.5 calls=1024 margin 7.77->7.57 t=4.8s
[DONE] calibration__7215__denoise__confidence_boost__nes__l0.5 calls=1021 margin 7.77->9.34 t=3.2s
[DONE] calibration__7215__denoise__boundary_probe__nes__l0.5 calls=1021 margin 7.77->5.16 t=3.2s
[DONE] calibration__7215__denoise__counterfactual__nes__l0.5 calls=1021 margin 7.77->5.26 t=3.1s
[DONE] calibration__7215__deblur__attack__nes__l1 calls=1021 margin 9.27->8.37 t=3.0s
[DONE] calibration__7215__deblur__restore__nes__l1 calls=1021 margin 9.27->9.32 t=2.8s
[DONE] calibration__7215__deblur__random_walk__random_walk__l1 calls=1024 margin 9.27->9.56 t=4.9s
[DONE] calibration__7215__deblur__confidence_boost__nes__l1 calls=1021 margin 9.27->10.21 t=3.2s
[DONE] calibration__7215__deblur__boundary_probe__nes__l1 calls=1021 margin 9.27->7.85 t=2.9s
[DONE] calibration__7215__deblur__counterfactual__nes__l1 calls=1021 margin 9.27->7.87 t=2.9s
[DONE] calibration__3167__denoise__attack__nes__l0.5 calls=1021 margin 6.40->-4.31 t=3.1s
[DONE] calibration__3167__denoise__restore__nes__l0.5 calls=1021 margin 6.40->6.22 t=3.0s
[DONE] calibration__3167__denoise__random_walk__random_walk__l0.5 calls=1024 margin 6.40->3.82 t=4.9s
[DONE] calibration__3167__denoise__confidence_boost__nes__l0.5 calls=1021 margin 6.40->9.81 t=3.4s
[DONE] calibration__3167__denoise__boundary_probe__nes__l0.5 calls=1021 margin 6.40->0.00 t=3.0s
[DONE] calibration__3167__denoise__counterfactual__nes__l0.5 calls=1021 margin 6.40->-4.80 t=3.0s
[DONE] calibration__3167__deblur__attack__nes__l1 calls=1021 margin 9.26->0.29 t=2.9s
[DONE] calibration__3167__deblur__restore__nes__l1 calls=1021 margin 9.26->9.57 t=2.9s
[DONE] calibration__3167__deblur__random_walk__random_walk__l1 calls=1024 margin 9.26->9.88 t=4.8s
[DONE] calibration__3167__deblur__confidence_boost__nes__l1 calls=1021 margin 9.26->10.21 t=3.3s
[DONE] calibration__3167__deblur__boundary_probe__nes__l1 calls=1021 margin 9.26->0.35 t=2.7s
[DONE] calibration__3167__deblur__counterfactual__nes__l1 calls=1021 margin 9.26->0.98 t=2.9s
[DONE] calibration__7708__denoise__attack__nes__l0.5 calls=1021 margin 9.33->-3.83 t=3.1s
[DONE] calibration__7708__denoise__restore__nes__l0.5 calls=1021 margin 9.33->9.27 t=3.1s
[DONE] calibration__7708__denoise__random_walk__random_walk__l0.5 calls=1024 margin 9.33->9.36 t=4.7s
[DONE] calibration__7708__denoise__confidence_boost__nes__l0.5 calls=1021 margin 9.33->10.50 t=3.3s
[DONE] calibration__7708__denoise__boundary_probe__nes__l0.5 calls=1021 margin 9.33->0.09 t=3.3s
[DONE] calibration__7708__denoise__counterfactual__nes__l0.5 calls=1021 margin 9.33->-2.14 t=3.0s
[DONE] calibration__7708__deblur__attack__nes__l1 calls=1021 margin 8.44->-8.92 t=3.4s
[DONE] calibration__7708__deblur__restore__nes__l1 calls=1021 margin 8.44->9.31 t=3.3s
[DONE] calibration__7708__deblur__random_walk__random_walk__l1 calls=1024 margin 8.44->9.18 t=4.7s
[DONE] calibration__7708__deblur__confidence_boost__nes__l1 calls=1021 margin 8.44->10.46 t=3.4s
[DONE] calibration__7708__deblur__boundary_probe__nes__l1 calls=1021 margin 8.44->0.08 t=3.4s
[DONE] calibration__7708__deblur__counterfactual__nes__l1 calls=1021 margin 8.44->-8.09 t=3.3s
[DONE] calibration__2822__denoise__attack__nes__l0.5 calls=1021 margin 2.53->-8.14 t=3.2s
[DONE] calibration__2822__denoise__restore__nes__l0.5 calls=1021 margin 2.53->3.59 t=2.9s
[DONE] calibration__2822__denoise__random_walk__random_walk__l0.5 calls=1024 margin 2.53->3.73 t=4.8s
[DONE] calibration__2822__denoise__confidence_boost__nes__l0.5 calls=1021 margin 2.53->9.52 t=3.0s
[DONE] calibration__2822__denoise__boundary_probe__nes__l0.5 calls=1021 margin 2.53->0.04 t=2.8s
[DONE] calibration__2822__denoise__counterfactual__nes__l0.5 calls=1021 margin 2.53->-8.46 t=2.7s
[DONE] calibration__2822__deblur__attack__nes__l1 calls=1021 margin 8.84->-5.05 t=3.2s
[DONE] calibration__2822__deblur__restore__nes__l1 calls=1021 margin 8.84->8.79 t=3.3s
[DONE] calibration__2822__deblur__random_walk__random_walk__l1 calls=1024 margin 8.84->9.07 t=4.6s
[DONE] calibration__2822__deblur__confidence_boost__nes__l1 calls=1021 margin 8.84->9.71 t=3.3s
[DONE] calibration__2822__deblur__boundary_probe__nes__l1 calls=1021 margin 8.84->0.03 t=2.9s
[DONE] calibration__2822__deblur__counterfactual__nes__l1 calls=1021 margin 8.84->-5.59 t=3.4s
[DONE] calibration__9255__denoise__attack__nes__l0.5 calls=1021 margin 0.57->-7.12 t=3.0s
[DONE] calibration__9255__denoise__restore__nes__l0.5 calls=1021 margin 0.57->0.97 t=3.1s
[DONE] calibration__9255__denoise__random_walk__random_walk__l0.5 calls=1024 margin 0.57->2.15 t=4.6s
[DONE] calibration__9255__denoise__confidence_boost__nes__l0.5 calls=1021 margin 0.57->9.37 t=3.1s
[DONE] calibration__9255__denoise__boundary_probe__nes__l0.5 calls=1021 margin 0.57->0.01 t=3.1s
[DONE] calibration__9255__denoise__counterfactual__nes__l0.5 calls=1021 margin 0.57->-7.14 t=2.7s
[DONE] calibration__9255__deblur__attack__nes__l1 calls=1021 margin 9.38->1.24 t=3.1s
[DONE] calibration__9255__deblur__restore__nes__l1 calls=1021 margin 9.38->9.37 t=3.2s
[DONE] calibration__9255__deblur__random_walk__random_walk__l1 calls=1024 margin 9.38->9.30 t=4.8s
[DONE] calibration__9255__deblur__confidence_boost__nes__l1 calls=1021 margin 9.38->9.70 t=3.2s
[DONE] calibration__9255__deblur__boundary_probe__nes__l1 calls=1021 margin 9.38->2.41 t=3.2s
[DONE] calibration__9255__deblur__counterfactual__nes__l1 calls=1021 margin 9.38->3.48 t=3.3s
[DONE] calibration__6617__denoise__attack__nes__l0.5 calls=1021 margin 10.66->9.21 t=2.9s
[DONE] calibration__6617__denoise__restore__nes__l0.5 calls=1021 margin 10.66->10.64 t=3.2s
[DONE] calibration__6617__denoise__random_walk__random_walk__l0.5 calls=1024 margin 10.66->10.55 t=4.8s
[DONE] calibration__6617__denoise__confidence_boost__nes__l0.5 calls=1021 margin 10.66->10.83 t=3.2s
[DONE] calibration__6617__denoise__boundary_probe__nes__l0.5 calls=1021 margin 10.66->9.41 t=3.1s
[DONE] calibration__6617__denoise__counterfactual__nes__l0.5 calls=1021 margin 10.66->9.91 t=3.3s
[DONE] calibration__6617__deblur__attack__nes__l1 calls=1021 margin 10.32->9.07 t=3.0s
[DONE] calibration__6617__deblur__restore__nes__l1 calls=1021 margin 10.32->10.28 t=3.3s
[DONE] calibration__6617__deblur__random_walk__random_walk__l1 calls=1024 margin 10.32->10.08 t=4.8s
[DONE] calibration__6617__deblur__confidence_boost__nes__l1 calls=1021 margin 10.32->10.77 t=2.9s
[DONE] calibration__6617__deblur__boundary_probe__nes__l1 calls=1021 margin 10.32->9.17 t=3.1s
[DONE] calibration__6617__deblur__counterfactual__nes__l1 calls=1021 margin 10.32->9.38 t=3.0s
[DONE] calibration__212__denoise__attack__nes__l0.5 calls=1021 margin 4.53->-10.88 t=3.0s
[DONE] calibration__212__denoise__restore__nes__l0.5 calls=1021 margin 4.53->6.15 t=3.4s
[DONE] calibration__212__denoise__random_walk__random_walk__l0.5 calls=1024 margin 4.53->4.07 t=4.5s
[DONE] calibration__212__denoise__confidence_boost__nes__l0.5 calls=1021 margin 4.53->9.36 t=3.1s
[DONE] calibration__212__denoise__boundary_probe__nes__l0.5 calls=1021 margin 4.53->0.06 t=3.0s
[DONE] calibration__212__denoise__counterfactual__nes__l0.5 calls=1021 margin 4.53->-9.32 t=2.9s
[DONE] calibration__212__deblur__attack__nes__l1 calls=1021 margin 9.88->8.67 t=3.0s
[DONE] calibration__212__deblur__restore__nes__l1 calls=1021 margin 9.88->9.88 t=3.0s
[DONE] calibration__212__deblur__random_walk__random_walk__l1 calls=1024 margin 9.88->9.61 t=4.5s
[DONE] calibration__212__deblur__confidence_boost__nes__l1 calls=1021 margin 9.88->10.27 t=3.0s
[DONE] calibration__212__deblur__boundary_probe__nes__l1 calls=1021 margin 9.88->9.16 t=3.0s
[DONE] calibration__212__deblur__counterfactual__nes__l1 calls=1021 margin 9.88->8.84 t=3.2s
[DONE] calibration__7346__denoise__attack__nes__l0.5 calls=1021 margin 4.48->-6.87 t=3.2s
[DONE] calibration__7346__denoise__restore__nes__l0.5 calls=1021 margin 4.48->4.87 t=3.2s
[DONE] calibration__7346__denoise__random_walk__random_walk__l0.5 calls=1024 margin 4.48->4.95 t=4.4s
[DONE] calibration__7346__denoise__confidence_boost__nes__l0.5 calls=1021 margin 4.48->9.17 t=3.2s
[DONE] calibration__7346__denoise__boundary_probe__nes__l0.5 calls=1021 margin 4.48->0.00 t=3.2s
[DONE] calibration__7346__denoise__counterfactual__nes__l0.5 calls=1021 margin 4.48->-6.56 t=3.0s
[DONE] calibration__7346__deblur__attack__nes__l1 calls=1021 margin 8.64->6.75 t=3.0s
[DONE] calibration__7346__deblur__restore__nes__l1 calls=1021 margin 8.64->8.92 t=3.1s
[DONE] calibration__7346__deblur__random_walk__random_walk__l1 calls=1024 margin 8.64->9.21 t=4.3s
[DONE] calibration__7346__deblur__confidence_boost__nes__l1 calls=1021 margin 8.64->10.00 t=2.9s
[DONE] calibration__7346__deblur__boundary_probe__nes__l1 calls=1021 margin 8.64->6.44 t=3.1s
[DONE] calibration__7346__deblur__counterfactual__nes__l1 calls=1021 margin 8.64->6.29 t=2.9s
[DONE] calibration__4575__denoise__attack__nes__l0.5 calls=1021 margin 10.84->9.46 t=3.1s
[DONE] calibration__4575__denoise__restore__nes__l0.5 calls=1021 margin 10.84->10.68 t=3.5s
[DONE] calibration__4575__denoise__random_walk__random_walk__l0.5 calls=1024 margin 10.84->10.43 t=4.7s
[DONE] calibration__4575__denoise__confidence_boost__nes__l0.5 calls=1021 margin 10.84->11.80 t=3.2s
[DONE] calibration__4575__denoise__boundary_probe__nes__l0.5 calls=1021 margin 10.84->9.25 t=3.3s
[DONE] calibration__4575__denoise__counterfactual__nes__l0.5 calls=1021 margin 10.84->9.11 t=3.3s
[DONE] calibration__4575__deblur__attack__nes__l1 calls=1021 margin 9.45->-1.47 t=3.5s
[DONE] calibration__4575__deblur__restore__nes__l1 calls=1021 margin 9.45->9.55 t=3.3s
[DONE] calibration__4575__deblur__random_walk__random_walk__l1 calls=1024 margin 9.45->9.90 t=4.7s
[DONE] calibration__4575__deblur__confidence_boost__nes__l1 calls=1021 margin 9.45->11.11 t=3.3s
[DONE] calibration__4575__deblur__boundary_probe__nes__l1 calls=1021 margin 9.45->0.02 t=3.0s
[DONE] calibration__4575__deblur__counterfactual__nes__l1 calls=1021 margin 9.45->-1.81 t=2.9s
[DONE] calibration__7589__denoise__attack__nes__l0.5 calls=1021 margin 11.21->8.03 t=3.4s
[DONE] calibration__7589__denoise__restore__nes__l0.5 calls=1021 margin 11.21->10.92 t=3.2s
[DONE] calibration__7589__denoise__random_walk__random_walk__l0.5 calls=1024 margin 11.21->10.71 t=4.3s
[DONE] calibration__7589__denoise__confidence_boost__nes__l0.5 calls=1021 margin 11.21->12.02 t=3.1s
[DONE] calibration__7589__denoise__boundary_probe__nes__l0.5 calls=1021 margin 11.21->8.08 t=3.0s
[DONE] calibration__7589__denoise__counterfactual__nes__l0.5 calls=1021 margin 11.21->7.75 t=3.1s
[DONE] calibration__7589__deblur__attack__nes__l1 calls=1021 margin 6.64->-9.51 t=3.5s
[DONE] calibration__7589__deblur__restore__nes__l1 calls=1021 margin 6.64->8.13 t=3.5s
[DONE] calibration__7589__deblur__random_walk__random_walk__l1 calls=1024 margin 6.64->8.30 t=4.7s
[DONE] calibration__7589__deblur__confidence_boost__nes__l1 calls=1021 margin 6.64->11.17 t=3.0s
[DONE] calibration__7589__deblur__boundary_probe__nes__l1 calls=1021 margin 6.64->0.01 t=3.0s
[DONE] calibration__7589__deblur__counterfactual__nes__l1 calls=1021 margin 6.64->-8.19 t=3.1s
[DONE] calibration__4092__denoise__attack__nes__l0.5 calls=1021 margin 0.49->-9.84 t=3.3s
[DONE] calibration__4092__denoise__restore__nes__l0.5 calls=1021 margin 0.49->0.40 t=3.4s
[DONE] calibration__4092__denoise__random_walk__random_walk__l0.5 calls=1024 margin 0.49->-0.90 t=4.4s
[DONE] calibration__4092__denoise__confidence_boost__nes__l0.5 calls=1021 margin 0.49->8.92 t=3.4s
[DONE] calibration__4092__denoise__boundary_probe__nes__l0.5 calls=1021 margin 0.49->0.00 t=3.4s
[DONE] calibration__4092__denoise__counterfactual__nes__l0.5 calls=1021 margin 0.49->-8.18 t=3.2s
[DONE] calibration__4092__deblur__attack__nes__l1 calls=1021 margin 2.38->-7.55 t=3.1s
[DONE] calibration__4092__deblur__restore__nes__l1 calls=1021 margin 2.38->3.36 t=3.1s
[DONE] calibration__4092__deblur__random_walk__random_walk__l1 calls=1024 margin 2.38->1.94 t=4.6s
[DONE] calibration__4092__deblur__confidence_boost__nes__l1 calls=1021 margin 2.38->9.06 t=3.2s
[DONE] calibration__4092__deblur__boundary_probe__nes__l1 calls=1021 margin 2.38->0.03 t=3.1s
[DONE] calibration__4092__deblur__counterfactual__nes__l1 calls=1021 margin 2.38->-6.72 t=3.0s
[DONE] calibration__1271__denoise__attack__nes__l0.5 calls=1021 margin 8.70->4.30 t=3.3s
[DONE] calibration__1271__denoise__restore__nes__l0.5 calls=1021 margin 8.70->9.05 t=3.0s
[DONE] calibration__1271__denoise__random_walk__random_walk__l0.5 calls=1024 margin 8.70->8.38 t=4.3s
[DONE] calibration__1271__denoise__confidence_boost__nes__l0.5 calls=1021 margin 8.70->9.95 t=2.7s
[DONE] calibration__1271__denoise__boundary_probe__nes__l0.5 calls=1021 margin 8.70->4.28 t=3.0s
[DONE] calibration__1271__denoise__counterfactual__nes__l0.5 calls=1021 margin 8.70->4.20 t=3.2s
[DONE] calibration__1271__deblur__attack__nes__l1 calls=1021 margin 9.33->8.56 t=3.3s
[DONE] calibration__1271__deblur__restore__nes__l1 calls=1021 margin 9.33->9.29 t=3.1s
[DONE] calibration__1271__deblur__random_walk__random_walk__l1 calls=1024 margin 9.33->9.15 t=4.4s
[DONE] calibration__1271__deblur__confidence_boost__nes__l1 calls=1021 margin 9.33->10.03 t=3.1s
[DONE] calibration__1271__deblur__boundary_probe__nes__l1 calls=1021 margin 9.33->8.52 t=3.0s
[DONE] calibration__1271__deblur__counterfactual__nes__l1 calls=1021 margin 9.33->8.43 t=2.9s
[DONE] calibration__7396__denoise__attack__nes__l0.5 calls=1021 margin 9.44->4.57 t=3.1s
[DONE] calibration__7396__denoise__restore__nes__l0.5 calls=1021 margin 9.44->9.44 t=3.2s
[DONE] calibration__7396__denoise__random_walk__random_walk__l0.5 calls=1024 margin 9.44->9.49 t=4.7s
[DONE] calibration__7396__denoise__confidence_boost__nes__l0.5 calls=1021 margin 9.44->10.32 t=3.3s
[DONE] calibration__7396__denoise__boundary_probe__nes__l0.5 calls=1021 margin 9.44->4.56 t=3.0s
[DONE] calibration__7396__denoise__counterfactual__nes__l0.5 calls=1021 margin 9.44->5.03 t=3.0s
[DONE] calibration__7396__deblur__attack__nes__l1 calls=1021 margin 10.21->9.32 t=3.0s
[DONE] calibration__7396__deblur__restore__nes__l1 calls=1021 margin 10.21->10.31 t=3.3s
[DONE] calibration__7396__deblur__random_walk__random_walk__l1 calls=1024 margin 10.21->10.24 t=4.7s
[DONE] calibration__7396__deblur__confidence_boost__nes__l1 calls=1021 margin 10.21->10.77 t=3.2s
[DONE] calibration__7396__deblur__boundary_probe__nes__l1 calls=1021 margin 10.21->7.97 t=2.9s
[DONE] calibration__7396__deblur__counterfactual__nes__l1 calls=1021 margin 10.21->8.34 t=3.0s
[DONE] calibration__5054__denoise__attack__nes__l0.5 calls=1021 margin 8.89->7.78 t=3.1s
[DONE] calibration__5054__denoise__restore__nes__l0.5 calls=1021 margin 8.89->8.88 t=3.1s
[DONE] calibration__5054__denoise__random_walk__random_walk__l0.5 calls=1024 margin 8.89->8.83 t=4.5s
[DONE] calibration__5054__denoise__confidence_boost__nes__l0.5 calls=1021 margin 8.89->9.65 t=3.0s
[DONE] calibration__5054__denoise__boundary_probe__nes__l0.5 calls=1021 margin 8.89->7.62 t=3.1s
[DONE] calibration__5054__denoise__counterfactual__nes__l0.5 calls=1021 margin 8.89->7.73 t=3.0s
[DONE] calibration__5054__deblur__attack__nes__l1 calls=1021 margin 8.51->8.00 t=3.1s
[DONE] calibration__5054__deblur__restore__nes__l1 calls=1021 margin 8.51->8.49 t=3.2s
[DONE] calibration__5054__deblur__random_walk__random_walk__l1 calls=1024 margin 8.51->8.44 t=4.6s
[DONE] calibration__5054__deblur__confidence_boost__nes__l1 calls=1021 margin 8.51->8.79 t=3.2s
[DONE] calibration__5054__deblur__boundary_probe__nes__l1 calls=1021 margin 8.51->7.85 t=3.1s
[DONE] calibration__5054__deblur__counterfactual__nes__l1 calls=1021 margin 8.51->7.90 t=3.2s
[DONE] calibration__9689__denoise__attack__nes__l0.5 calls=1021 margin 8.56->1.75 t=3.0s
[DONE] calibration__9689__denoise__restore__nes__l0.5 calls=1021 margin 8.56->8.69 t=3.1s
[DONE] calibration__9689__denoise__random_walk__random_walk__l0.5 calls=1024 margin 8.56->8.22 t=4.6s
[DONE] calibration__9689__denoise__confidence_boost__nes__l0.5 calls=1021 margin 8.56->9.87 t=3.2s
[DONE] calibration__9689__denoise__boundary_probe__nes__l0.5 calls=1021 margin 8.56->1.75 t=3.3s
[DONE] calibration__9689__denoise__counterfactual__nes__l0.5 calls=1021 margin 8.56->0.95 t=3.1s
[DONE] calibration__9689__deblur__attack__nes__l1 calls=1021 margin 7.29->-5.07 t=2.9s
[DONE] calibration__9689__deblur__restore__nes__l1 calls=1021 margin 7.29->6.93 t=2.9s
[DONE] calibration__9689__deblur__random_walk__random_walk__l1 calls=1024 margin 7.29->4.85 t=4.3s
[DONE] calibration__9689__deblur__confidence_boost__nes__l1 calls=1021 margin 7.29->9.63 t=3.1s
[DONE] calibration__9689__deblur__boundary_probe__nes__l1 calls=1021 margin 7.29->0.01 t=3.0s
[DONE] calibration__9689__deblur__counterfactual__nes__l1 calls=1021 margin 7.29->-4.40 t=2.8s
[DONE] evaluation__3117__denoise__attack__nes__l0.5 calls=1021 margin 2.67->-7.63 t=2.8s
[DONE] evaluation__3117__denoise__restore__nes__l0.5 calls=1021 margin 2.67->3.19 t=3.1s
[DONE] evaluation__3117__denoise__random_walk__random_walk__l0.5 calls=1024 margin 2.67->3.17 t=4.3s
[DONE] evaluation__3117__denoise__confidence_boost__nes__l0.5 calls=1021 margin 2.67->8.28 t=2.9s
[DONE] evaluation__3117__denoise__boundary_probe__nes__l0.5 calls=1021 margin 2.67->0.00 t=3.0s
[DONE] evaluation__3117__denoise__counterfactual__nes__l0.5 calls=1021 margin 2.67->-6.72 t=2.9s
[DONE] evaluation__3117__deblur__attack__nes__l1 calls=1021 margin 8.55->1.27 t=3.0s
[DONE] evaluation__3117__deblur__restore__nes__l1 calls=1021 margin 8.55->8.54 t=3.0s
[DONE] evaluation__3117__deblur__random_walk__random_walk__l1 calls=1024 margin 8.55->7.35 t=4.6s
[DONE] evaluation__3117__deblur__confidence_boost__nes__l1 calls=1021 margin 8.55->9.01 t=3.4s
[DONE] evaluation__3117__deblur__boundary_probe__nes__l1 calls=1021 margin 8.55->0.06 t=3.0s
[DONE] evaluation__3117__deblur__counterfactual__nes__l1 calls=1021 margin 8.55->2.38 t=3.0s
[DONE] evaluation__8829__denoise__attack__nes__l0.5 calls=1021 margin 0.94->-7.94 t=3.0s
[DONE] evaluation__8829__denoise__restore__nes__l0.5 calls=1021 margin 0.94->0.78 t=3.1s
[DONE] evaluation__8829__denoise__random_walk__random_walk__l0.5 calls=1024 margin 0.94->0.66 t=4.5s
[DONE] evaluation__8829__denoise__confidence_boost__nes__l0.5 calls=1021 margin 0.94->8.77 t=3.4s
[DONE] evaluation__8829__denoise__boundary_probe__nes__l0.5 calls=1021 margin 0.94->0.02 t=3.1s
[DONE] evaluation__8829__denoise__counterfactual__nes__l0.5 calls=1021 margin 0.94->-7.73 t=3.2s
[DONE] evaluation__8829__deblur__attack__nes__l1 calls=1021 margin 8.94->6.70 t=3.0s
[DONE] evaluation__8829__deblur__restore__nes__l1 calls=1021 margin 8.94->8.99 t=3.3s
[DONE] evaluation__8829__deblur__random_walk__random_walk__l1 calls=1024 margin 8.94->8.60 t=4.5s
[DONE] evaluation__8829__deblur__confidence_boost__nes__l1 calls=1021 margin 8.94->9.06 t=3.1s
[DONE] evaluation__8829__deblur__boundary_probe__nes__l1 calls=1021 margin 8.94->8.54 t=2.9s
[DONE] evaluation__8829__deblur__counterfactual__nes__l1 calls=1021 margin 8.94->8.53 t=2.8s
[DONE] evaluation__9852__denoise__attack__nes__l0.5 calls=1021 margin 8.32->-3.73 t=3.1s
[DONE] evaluation__9852__denoise__restore__nes__l0.5 calls=1021 margin 8.32->8.21 t=3.3s
[DONE] evaluation__9852__denoise__random_walk__random_walk__l0.5 calls=1024 margin 8.32->6.13 t=4.6s
[DONE] evaluation__9852__denoise__confidence_boost__nes__l0.5 calls=1021 margin 8.32->9.00 t=3.3s
[DONE] evaluation__9852__denoise__boundary_probe__nes__l0.5 calls=1021 margin 8.32->0.59 t=3.3s
[DONE] evaluation__9852__denoise__counterfactual__nes__l0.5 calls=1021 margin 8.32->1.12 t=2.8s
[DONE] evaluation__9852__deblur__attack__nes__l1 calls=1021 margin 8.96->7.63 t=3.2s
[DONE] evaluation__9852__deblur__restore__nes__l1 calls=1021 margin 8.96->8.89 t=3.3s
[DONE] evaluation__9852__deblur__random_walk__random_walk__l1 calls=1024 margin 8.96->8.23 t=4.6s
[DONE] evaluation__9852__deblur__confidence_boost__nes__l1 calls=1021 margin 8.96->9.13 t=3.2s
[DONE] evaluation__9852__deblur__boundary_probe__nes__l1 calls=1021 margin 8.96->7.64 t=3.2s
[DONE] evaluation__9852__deblur__counterfactual__nes__l1 calls=1021 margin 8.96->7.16 t=3.3s
[DONE] evaluation__1631__denoise__attack__nes__l0.5 calls=1021 margin 2.82->-11.65 t=3.0s
[DONE] evaluation__1631__denoise__restore__nes__l0.5 calls=1021 margin 2.82->1.97 t=3.2s
[DONE] evaluation__1631__denoise__random_walk__random_walk__l0.5 calls=1024 margin 2.82->-0.90 t=4.5s
[DONE] evaluation__1631__denoise__confidence_boost__nes__l0.5 calls=1021 margin 2.82->9.00 t=3.2s
[DONE] evaluation__1631__denoise__boundary_probe__nes__l0.5 calls=1021 margin 2.82->0.00 t=3.1s
[DONE] evaluation__1631__denoise__counterfactual__nes__l0.5 calls=1021 margin 2.82->-9.40 t=3.4s
[DONE] evaluation__1631__deblur__attack__nes__l1 calls=1021 margin 8.60->-1.88 t=3.1s
[DONE] evaluation__1631__deblur__restore__nes__l1 calls=1021 margin 8.60->8.55 t=3.2s
[DONE] evaluation__1631__deblur__random_walk__random_walk__l1 calls=1024 margin 8.60->8.34 t=4.8s
[DONE] evaluation__1631__deblur__confidence_boost__nes__l1 calls=1021 margin 8.60->10.13 t=3.4s
[DONE] evaluation__1631__deblur__boundary_probe__nes__l1 calls=1021 margin 8.60->1.17 t=3.2s
[DONE] evaluation__1631__deblur__counterfactual__nes__l1 calls=1021 margin 8.60->-0.08 t=3.1s
[DONE] evaluation__4201__denoise__attack__nes__l0.5 calls=1021 margin 7.52->0.83 t=3.1s
[DONE] evaluation__4201__denoise__restore__nes__l0.5 calls=1021 margin 7.52->7.32 t=3.2s
[DONE] evaluation__4201__denoise__random_walk__random_walk__l0.5 calls=1024 margin 7.52->7.90 t=4.7s
[DONE] evaluation__4201__denoise__confidence_boost__nes__l0.5 calls=1021 margin 7.52->9.05 t=3.3s
[DONE] evaluation__4201__denoise__boundary_probe__nes__l0.5 calls=1021 margin 7.52->1.02 t=2.9s
[DONE] evaluation__4201__denoise__counterfactual__nes__l0.5 calls=1021 margin 7.52->1.28 t=3.3s
[DONE] evaluation__4201__deblur__attack__nes__l1 calls=1021 margin 8.19->6.91 t=3.2s
[DONE] evaluation__4201__deblur__restore__nes__l1 calls=1021 margin 8.19->8.48 t=3.1s
[DONE] evaluation__4201__deblur__random_walk__random_walk__l1 calls=1024 margin 8.19->8.50 t=4.8s
[DONE] evaluation__4201__deblur__confidence_boost__nes__l1 calls=1021 margin 8.19->9.16 t=3.2s
[DONE] evaluation__4201__deblur__boundary_probe__nes__l1 calls=1021 margin 8.19->6.30 t=3.0s
[DONE] evaluation__4201__deblur__counterfactual__nes__l1 calls=1021 margin 8.19->6.57 t=3.3s
[DONE] evaluation__7276__denoise__attack__nes__l0.5 calls=1021 margin 2.72->-7.78 t=3.2s
[DONE] evaluation__7276__denoise__restore__nes__l0.5 calls=1021 margin 2.72->2.78 t=3.1s
[DONE] evaluation__7276__denoise__random_walk__random_walk__l0.5 calls=1024 margin 2.72->1.27 t=4.6s
[DONE] evaluation__7276__denoise__confidence_boost__nes__l0.5 calls=1021 margin 2.72->7.89 t=3.3s
[DONE] evaluation__7276__denoise__boundary_probe__nes__l0.5 calls=1021 margin 2.72->0.00 t=3.3s
[DONE] evaluation__7276__denoise__counterfactual__nes__l0.5 calls=1021 margin 2.72->-6.87 t=3.1s
[DONE] evaluation__7276__deblur__attack__nes__l1 calls=1021 margin 8.47->3.64 t=3.3s
[DONE] evaluation__7276__deblur__restore__nes__l1 calls=1021 margin 8.47->8.65 t=3.4s
[DONE] evaluation__7276__deblur__random_walk__random_walk__l1 calls=1024 margin 8.47->7.59 t=4.6s
[DONE] evaluation__7276__deblur__confidence_boost__nes__l1 calls=1021 margin 8.47->9.59 t=3.4s
[DONE] evaluation__7276__deblur__boundary_probe__nes__l1 calls=1021 margin 8.47->3.79 t=3.4s
[DONE] evaluation__7276__deblur__counterfactual__nes__l1 calls=1021 margin 8.47->3.91 t=3.3s
[DONE] evaluation__674__denoise__attack__nes__l0.5 calls=1021 margin 4.18->-11.33 t=2.9s
[DONE] evaluation__674__denoise__restore__nes__l0.5 calls=1021 margin 4.18->7.03 t=3.1s
[DONE] evaluation__674__denoise__random_walk__random_walk__l0.5 calls=1024 margin 4.18->-2.70 t=4.7s
[DONE] evaluation__674__denoise__confidence_boost__nes__l0.5 calls=1021 margin 4.18->10.52 t=3.4s
[DONE] evaluation__674__denoise__boundary_probe__nes__l0.5 calls=1021 margin 4.18->0.02 t=3.0s
[DONE] evaluation__674__denoise__counterfactual__nes__l0.5 calls=1021 margin 4.18->-8.37 t=2.8s
[DONE] evaluation__674__deblur__attack__nes__l1 calls=1021 margin 9.94->-9.67 t=3.2s
[DONE] evaluation__674__deblur__restore__nes__l1 calls=1021 margin 9.94->10.02 t=3.4s
[DONE] evaluation__674__deblur__random_walk__random_walk__l1 calls=1024 margin 9.94->10.05 t=4.6s
[DONE] evaluation__674__deblur__confidence_boost__nes__l1 calls=1021 margin 9.94->10.34 t=3.3s
[DONE] evaluation__674__deblur__boundary_probe__nes__l1 calls=1021 margin 9.94->6.43 t=3.1s
[DONE] evaluation__674__deblur__counterfactual__nes__l1 calls=1021 margin 9.94->6.93 t=3.3s
[DONE] evaluation__2695__denoise__attack__nes__l0.5 calls=1021 margin 5.65->-8.95 t=3.0s
[DONE] evaluation__2695__denoise__restore__nes__l0.5 calls=1021 margin 5.65->5.00 t=3.3s
[DONE] evaluation__2695__denoise__random_walk__random_walk__l0.5 calls=1024 margin 5.65->8.23 t=4.9s
[DONE] evaluation__2695__denoise__confidence_boost__nes__l0.5 calls=1021 margin 5.65->10.05 t=3.3s
[DONE] evaluation__2695__denoise__boundary_probe__nes__l0.5 calls=1021 margin 5.65->0.03 t=3.1s
[DONE] evaluation__2695__denoise__counterfactual__nes__l0.5 calls=1021 margin 5.65->-8.24 t=3.0s
[DONE] evaluation__2695__deblur__attack__nes__l1 calls=1021 margin 8.96->-7.28 t=3.1s
[DONE] evaluation__2695__deblur__restore__nes__l1 calls=1021 margin 8.96->9.64 t=3.2s
[DONE] evaluation__2695__deblur__random_walk__random_walk__l1 calls=1024 margin 8.96->8.36 t=4.8s
[DONE] evaluation__2695__deblur__confidence_boost__nes__l1 calls=1021 margin 8.96->10.32 t=3.2s
[DONE] evaluation__2695__deblur__boundary_probe__nes__l1 calls=1021 margin 8.96->0.01 t=3.1s
[DONE] evaluation__2695__deblur__counterfactual__nes__l1 calls=1021 margin 8.96->-7.29 t=3.2s
[DONE] evaluation__6457__denoise__attack__nes__l0.5 calls=1021 margin 3.02->-9.70 t=3.2s
[DONE] evaluation__6457__denoise__restore__nes__l0.5 calls=1021 margin 3.02->3.96 t=2.8s
[DONE] evaluation__6457__denoise__random_walk__random_walk__l0.5 calls=1024 margin 3.02->3.02 t=4.8s
[DONE] evaluation__6457__denoise__confidence_boost__nes__l0.5 calls=1021 margin 3.02->9.48 t=2.9s
[DONE] evaluation__6457__denoise__boundary_probe__nes__l0.5 calls=1021 margin 3.02->0.07 t=2.9s
[DONE] evaluation__6457__denoise__counterfactual__nes__l0.5 calls=1021 margin 3.02->-7.85 t=3.3s
[DONE] evaluation__6457__deblur__attack__nes__l1 calls=1021 margin 9.07->7.38 t=3.0s
[DONE] evaluation__6457__deblur__restore__nes__l1 calls=1021 margin 9.07->8.93 t=2.6s
[DONE] evaluation__6457__deblur__random_walk__random_walk__l1 calls=1024 margin 9.07->9.33 t=4.4s
[DONE] evaluation__6457__deblur__confidence_boost__nes__l1 calls=1021 margin 9.07->9.67 t=3.0s
[DONE] evaluation__6457__deblur__boundary_probe__nes__l1 calls=1021 margin 9.07->7.63 t=2.8s
[DONE] evaluation__6457__deblur__counterfactual__nes__l1 calls=1021 margin 9.07->7.44 t=3.0s
[DONE] evaluation__9475__denoise__attack__nes__l0.5 calls=1021 margin 9.58->-5.64 t=3.1s
[DONE] evaluation__9475__denoise__restore__nes__l0.5 calls=1021 margin 9.58->9.59 t=3.4s
[DONE] evaluation__9475__denoise__random_walk__random_walk__l0.5 calls=1024 margin 9.58->9.11 t=4.7s
[DONE] evaluation__9475__denoise__confidence_boost__nes__l0.5 calls=1021 margin 9.58->10.41 t=3.2s
[DONE] evaluation__9475__denoise__boundary_probe__nes__l0.5 calls=1021 margin 9.58->0.01 t=3.0s
[DONE] evaluation__9475__denoise__counterfactual__nes__l0.5 calls=1021 margin 9.58->-6.52 t=3.2s
[DONE] evaluation__9475__deblur__attack__nes__l1 calls=1021 margin 9.97->8.68 t=3.0s
[DONE] evaluation__9475__deblur__restore__nes__l1 calls=1021 margin 9.97->9.83 t=3.0s
[DONE] evaluation__9475__deblur__random_walk__random_walk__l1 calls=1024 margin 9.97->9.87 t=4.7s
[DONE] evaluation__9475__deblur__confidence_boost__nes__l1 calls=1021 margin 9.97->10.44 t=3.4s
[DONE] evaluation__9475__deblur__boundary_probe__nes__l1 calls=1021 margin 9.97->8.35 t=3.3s
[DONE] evaluation__9475__deblur__counterfactual__nes__l1 calls=1021 margin 9.97->8.27 t=2.9s
[DONE] evaluation__3073__denoise__attack__nes__l0.5 calls=1021 margin 5.78->-8.75 t=3.1s
[DONE] evaluation__3073__denoise__restore__nes__l0.5 calls=1021 margin 5.78->6.74 t=2.9s
[DONE] evaluation__3073__denoise__random_walk__random_walk__l0.5 calls=1024 margin 5.78->6.11 t=4.3s
[DONE] evaluation__3073__denoise__confidence_boost__nes__l0.5 calls=1021 margin 5.78->9.21 t=3.2s
[DONE] evaluation__3073__denoise__boundary_probe__nes__l0.5 calls=1021 margin 5.78->0.16 t=3.0s
[DONE] evaluation__3073__denoise__counterfactual__nes__l0.5 calls=1021 margin 5.78->-4.89 t=2.8s
[DONE] evaluation__3073__deblur__attack__nes__l1 calls=1021 margin 3.01->-7.56 t=3.0s
[DONE] evaluation__3073__deblur__restore__nes__l1 calls=1021 margin 3.01->2.52 t=3.3s
[DONE] evaluation__3073__deblur__random_walk__random_walk__l1 calls=1024 margin 3.01->6.14 t=4.6s
[DONE] evaluation__3073__deblur__confidence_boost__nes__l1 calls=1021 margin 3.01->9.74 t=3.3s
[DONE] evaluation__3073__deblur__boundary_probe__nes__l1 calls=1021 margin 3.01->0.04 t=3.2s
[DONE] evaluation__3073__deblur__counterfactual__nes__l1 calls=1021 margin 3.01->-7.07 t=3.1s
[DONE] evaluation__6293__denoise__attack__nes__l0.5 calls=1021 margin 2.66->-10.68 t=3.1s
[DONE] evaluation__6293__denoise__restore__nes__l0.5 calls=1021 margin 2.66->3.58 t=2.9s
[DONE] evaluation__6293__denoise__random_walk__random_walk__l0.5 calls=1024 margin 2.66->0.03 t=4.5s
[DONE] evaluation__6293__denoise__confidence_boost__nes__l0.5 calls=1021 margin 2.66->8.05 t=3.2s
[DONE] evaluation__6293__denoise__boundary_probe__nes__l0.5 calls=1021 margin 2.66->0.09 t=3.2s
[DONE] evaluation__6293__denoise__counterfactual__nes__l0.5 calls=1021 margin 2.66->-8.24 t=3.0s
[DONE] evaluation__6293__deblur__attack__nes__l1 calls=1021 margin 7.20->-7.96 t=3.1s
[DONE] evaluation__6293__deblur__restore__nes__l1 calls=1021 margin 7.20->8.04 t=3.2s
[DONE] evaluation__6293__deblur__random_walk__random_walk__l1 calls=1024 margin 7.20->8.49 t=4.4s
[DONE] evaluation__6293__deblur__confidence_boost__nes__l1 calls=1021 margin 7.20->8.69 t=2.9s
[DONE] evaluation__6293__deblur__boundary_probe__nes__l1 calls=1021 margin 7.20->0.12 t=3.1s
[DONE] evaluation__6293__deblur__counterfactual__nes__l1 calls=1021 margin 7.20->-7.45 t=3.3s
[DONE] evaluation__8310__denoise__attack__nes__l0.5 calls=1021 margin 9.18->1.52 t=3.2s
[DONE] evaluation__8310__denoise__restore__nes__l0.5 calls=1021 margin 9.18->9.13 t=3.3s
[DONE] evaluation__8310__denoise__random_walk__random_walk__l0.5 calls=1024 margin 9.18->8.61 t=4.5s
[DONE] evaluation__8310__denoise__confidence_boost__nes__l0.5 calls=1021 margin 9.18->9.88 t=3.2s
[DONE] evaluation__8310__denoise__boundary_probe__nes__l0.5 calls=1021 margin 9.18->1.68 t=3.3s
[DONE] evaluation__8310__denoise__counterfactual__nes__l0.5 calls=1021 margin 9.18->1.85 t=3.2s
[DONE] evaluation__8310__deblur__attack__nes__l1 calls=1021 margin 7.06->-7.85 t=2.8s
[DONE] evaluation__8310__deblur__restore__nes__l1 calls=1021 margin 7.06->7.06 t=3.1s
[DONE] evaluation__8310__deblur__random_walk__random_walk__l1 calls=1024 margin 7.06->8.38 t=4.6s
[DONE] evaluation__8310__deblur__confidence_boost__nes__l1 calls=1021 margin 7.06->9.18 t=3.2s
[DONE] evaluation__8310__deblur__boundary_probe__nes__l1 calls=1021 margin 7.06->0.02 t=3.2s
[DONE] evaluation__8310__deblur__counterfactual__nes__l1 calls=1021 margin 7.06->-7.43 t=3.3s
[DONE] evaluation__2631__denoise__attack__nes__l0.5 calls=1021 margin 9.77->6.02 t=3.1s
[DONE] evaluation__2631__denoise__restore__nes__l0.5 calls=1021 margin 9.77->9.83 t=3.2s
[DONE] evaluation__2631__denoise__random_walk__random_walk__l0.5 calls=1024 margin 9.77->9.47 t=4.5s
[DONE] evaluation__2631__denoise__confidence_boost__nes__l0.5 calls=1021 margin 9.77->10.59 t=3.3s
[DONE] evaluation__2631__denoise__boundary_probe__nes__l0.5 calls=1021 margin 9.77->4.75 t=3.2s
[DONE] evaluation__2631__denoise__counterfactual__nes__l0.5 calls=1021 margin 9.77->5.40 t=3.0s
[DONE] evaluation__2631__deblur__attack__nes__l1 calls=1021 margin 9.11->3.19 t=3.0s
[DONE] evaluation__2631__deblur__restore__nes__l1 calls=1021 margin 9.11->9.10 t=3.1s
[DONE] evaluation__2631__deblur__random_walk__random_walk__l1 calls=1024 margin 9.11->8.94 t=4.7s
[DONE] evaluation__2631__deblur__confidence_boost__nes__l1 calls=1021 margin 9.11->10.25 t=3.2s
[DONE] evaluation__2631__deblur__boundary_probe__nes__l1 calls=1021 margin 9.11->4.05 t=3.3s
[DONE] evaluation__2631__deblur__counterfactual__nes__l1 calls=1021 margin 9.11->4.86 t=3.2s
[DONE] evaluation__4159__denoise__attack__nes__l0.5 calls=1021 margin 9.98->-5.55 t=3.1s
[DONE] evaluation__4159__denoise__restore__nes__l0.5 calls=1021 margin 9.98->10.35 t=3.1s
[DONE] evaluation__4159__denoise__random_walk__random_walk__l0.5 calls=1024 margin 9.98->8.87 t=4.6s
[DONE] evaluation__4159__denoise__confidence_boost__nes__l0.5 calls=1021 margin 9.98->10.95 t=3.2s
[DONE] evaluation__4159__denoise__boundary_probe__nes__l0.5 calls=1021 margin 9.98->0.16 t=3.3s
[DONE] evaluation__4159__denoise__counterfactual__nes__l0.5 calls=1021 margin 9.98->-4.46 t=3.0s
[DONE] evaluation__4159__deblur__attack__nes__l1 calls=1021 margin 10.58->8.61 t=3.0s
[DONE] evaluation__4159__deblur__restore__nes__l1 calls=1021 margin 10.58->10.58 t=3.2s
[DONE] evaluation__4159__deblur__random_walk__random_walk__l1 calls=1024 margin 10.58->10.61 t=4.7s
[DONE] evaluation__4159__deblur__confidence_boost__nes__l1 calls=1021 margin 10.58->10.95 t=3.4s
[DONE] evaluation__4159__deblur__boundary_probe__nes__l1 calls=1021 margin 10.58->9.61 t=3.3s
[DONE] evaluation__4159__deblur__counterfactual__nes__l1 calls=1021 margin 10.58->9.62 t=3.4s
[DONE] evaluation__7785__denoise__attack__nes__l0.5 calls=1021 margin 0.15->-9.70 t=3.0s
[DONE] evaluation__7785__denoise__restore__nes__l0.5 calls=1021 margin 0.15->0.57 t=3.3s
[DONE] evaluation__7785__denoise__random_walk__random_walk__l0.5 calls=1024 margin 0.15->-3.33 t=4.6s
[DONE] evaluation__7785__denoise__confidence_boost__nes__l0.5 calls=1021 margin 0.15->10.00 t=3.3s
[DONE] evaluation__7785__denoise__boundary_probe__nes__l0.5 calls=1021 margin 0.15->0.04 t=3.1s
[DONE] evaluation__7785__denoise__counterfactual__nes__l0.5 calls=1021 margin 0.15->-8.20 t=2.9s
[DONE] evaluation__7785__deblur__attack__nes__l1 calls=1021 margin 8.35->-8.37 t=2.8s
[DONE] evaluation__7785__deblur__restore__nes__l1 calls=1021 margin 8.35->9.15 t=2.7s
[DONE] evaluation__7785__deblur__random_walk__random_walk__l1 calls=1024 margin 8.35->7.25 t=4.0s
[DONE] evaluation__7785__deblur__confidence_boost__nes__l1 calls=1021 margin 8.35->10.39 t=3.4s
[DONE] evaluation__7785__deblur__boundary_probe__nes__l1 calls=1021 margin 8.35->0.02 t=3.0s
[DONE] evaluation__7785__deblur__counterfactual__nes__l1 calls=1021 margin 8.35->-7.63 t=3.0s
[DONE] evaluation__649__denoise__attack__nes__l0.5 calls=1021 margin 2.23->-9.82 t=3.1s
[DONE] evaluation__649__denoise__restore__nes__l0.5 calls=1021 margin 2.23->2.03 t=2.9s
[DONE] evaluation__649__denoise__random_walk__random_walk__l0.5 calls=1024 margin 2.23->-1.15 t=4.5s
[DONE] evaluation__649__denoise__confidence_boost__nes__l0.5 calls=1021 margin 2.23->9.79 t=3.4s
[DONE] evaluation__649__denoise__boundary_probe__nes__l0.5 calls=1021 margin 2.23->0.05 t=3.4s
[DONE] evaluation__649__denoise__counterfactual__nes__l0.5 calls=1021 margin 2.23->-9.23 t=3.1s
[DONE] evaluation__649__deblur__attack__nes__l1 calls=1021 margin 9.29->2.24 t=3.3s
[DONE] evaluation__649__deblur__restore__nes__l1 calls=1021 margin 9.29->9.53 t=3.1s
[DONE] evaluation__649__deblur__random_walk__random_walk__l1 calls=1024 margin 9.29->9.81 t=4.5s
[DONE] evaluation__649__deblur__confidence_boost__nes__l1 calls=1021 margin 9.29->10.17 t=3.5s
[DONE] evaluation__649__deblur__boundary_probe__nes__l1 calls=1021 margin 9.29->2.17 t=3.3s
[DONE] evaluation__649__deblur__counterfactual__nes__l1 calls=1021 margin 9.29->1.56 t=3.3s
[DONE] evaluation__5570__denoise__attack__nes__l0.5 calls=1021 margin 8.96->-2.52 t=3.2s
[DONE] evaluation__5570__denoise__restore__nes__l0.5 calls=1021 margin 8.96->9.04 t=3.2s
[DONE] evaluation__5570__denoise__random_walk__random_walk__l0.5 calls=1024 margin 8.96->6.95 t=4.5s
[DONE] evaluation__5570__denoise__confidence_boost__nes__l0.5 calls=1021 margin 8.96->9.60 t=3.1s
[DONE] evaluation__5570__denoise__boundary_probe__nes__l0.5 calls=1021 margin 8.96->0.12 t=3.2s
[DONE] evaluation__5570__denoise__counterfactual__nes__l0.5 calls=1021 margin 8.96->-2.81 t=3.2s
[DONE] evaluation__5570__deblur__attack__nes__l1 calls=1021 margin 9.33->5.88 t=2.9s
[DONE] evaluation__5570__deblur__restore__nes__l1 calls=1021 margin 9.33->9.43 t=3.1s
[DONE] evaluation__5570__deblur__random_walk__random_walk__l1 calls=1024 margin 9.33->9.54 t=4.4s
[DONE] evaluation__5570__deblur__confidence_boost__nes__l1 calls=1021 margin 9.33->9.82 t=3.4s
[DONE] evaluation__5570__deblur__boundary_probe__nes__l1 calls=1021 margin 9.33->8.84 t=3.2s
[DONE] evaluation__5570__deblur__counterfactual__nes__l1 calls=1021 margin 9.33->8.81 t=2.9s
[DONE] evaluation__7720__denoise__attack__nes__l0.5 calls=1021 margin 8.32->3.56 t=3.2s
[DONE] evaluation__7720__denoise__restore__nes__l0.5 calls=1021 margin 8.32->8.30 t=3.1s
[DONE] evaluation__7720__denoise__random_walk__random_walk__l0.5 calls=1024 margin 8.32->7.77 t=4.8s
[DONE] evaluation__7720__denoise__confidence_boost__nes__l0.5 calls=1021 margin 8.32->9.05 t=3.5s
[DONE] evaluation__7720__denoise__boundary_probe__nes__l0.5 calls=1021 margin 8.32->5.50 t=3.1s
[DONE] evaluation__7720__denoise__counterfactual__nes__l0.5 calls=1021 margin 8.32->5.49 t=3.2s
[DONE] evaluation__7720__deblur__attack__nes__l1 calls=1021 margin 9.28->8.47 t=3.3s
[DONE] evaluation__7720__deblur__restore__nes__l1 calls=1021 margin 9.28->9.12 t=3.2s
[DONE] evaluation__7720__deblur__random_walk__random_walk__l1 calls=1024 margin 9.28->9.08 t=4.7s
[DONE] evaluation__7720__deblur__confidence_boost__nes__l1 calls=1021 margin 9.28->9.67 t=3.4s
[DONE] evaluation__7720__deblur__boundary_probe__nes__l1 calls=1021 margin 9.28->8.45 t=2.9s
[DONE] evaluation__7720__deblur__counterfactual__nes__l1 calls=1021 margin 9.28->8.31 t=2.8s
[DONE] evaluation__9741__denoise__attack__nes__l0.5 calls=1021 margin 6.50->-4.53 t=2.9s
[DONE] evaluation__9741__denoise__restore__nes__l0.5 calls=1021 margin 6.50->6.50 t=2.9s
[DONE] evaluation__9741__denoise__random_walk__random_walk__l0.5 calls=1024 margin 6.50->6.54 t=4.5s
[DONE] evaluation__9741__denoise__confidence_boost__nes__l0.5 calls=1021 margin 6.50->8.86 t=3.4s
[DONE] evaluation__9741__denoise__boundary_probe__nes__l0.5 calls=1021 margin 6.50->0.04 t=2.9s
[DONE] evaluation__9741__denoise__counterfactual__nes__l0.5 calls=1021 margin 6.50->-2.58 t=2.7s
[DONE] evaluation__9741__deblur__attack__nes__l1 calls=1021 margin 4.64->-9.51 t=3.0s
[DONE] evaluation__9741__deblur__restore__nes__l1 calls=1021 margin 4.64->5.15 t=3.4s
[DONE] evaluation__9741__deblur__random_walk__random_walk__l1 calls=1024 margin 4.64->4.46 t=4.4s
[DONE] evaluation__9741__deblur__confidence_boost__nes__l1 calls=1021 margin 4.64->9.62 t=3.3s
[DONE] evaluation__9741__deblur__boundary_probe__nes__l1 calls=1021 margin 4.64->0.06 t=3.3s
[DONE] evaluation__9741__deblur__counterfactual__nes__l1 calls=1021 margin 4.64->-8.12 t=3.2s
[DONE] evaluation__1737__denoise__attack__nes__l0.5 calls=1021 margin 8.77->6.54 t=2.9s
[DONE] evaluation__1737__denoise__restore__nes__l0.5 calls=1021 margin 8.77->8.67 t=2.8s
[DONE] evaluation__1737__denoise__random_walk__random_walk__l0.5 calls=1024 margin 8.77->9.02 t=4.3s
[DONE] evaluation__1737__denoise__confidence_boost__nes__l0.5 calls=1021 margin 8.77->9.90 t=3.0s
[DONE] evaluation__1737__denoise__boundary_probe__nes__l0.5 calls=1021 margin 8.77->5.72 t=3.4s
[DONE] evaluation__1737__denoise__counterfactual__nes__l0.5 calls=1021 margin 8.77->6.07 t=2.8s
[DONE] evaluation__1737__deblur__attack__nes__l1 calls=1021 margin 7.70->-9.10 t=2.8s
[DONE] evaluation__1737__deblur__restore__nes__l1 calls=1021 margin 7.70->7.85 t=3.1s
[DONE] evaluation__1737__deblur__random_walk__random_walk__l1 calls=1024 margin 7.70->7.94 t=4.3s
[DONE] evaluation__1737__deblur__confidence_boost__nes__l1 calls=1021 margin 7.70->10.58 t=3.2s
[DONE] evaluation__1737__deblur__boundary_probe__nes__l1 calls=1021 margin 7.70->0.00 t=3.4s
[DONE] evaluation__1737__deblur__counterfactual__nes__l1 calls=1021 margin 7.70->-8.47 t=2.8s
[DONE] evaluation__5865__denoise__attack__nes__l0.5 calls=1021 margin 10.67->3.38 t=2.8s
[DONE] evaluation__5865__denoise__restore__nes__l0.5 calls=1021 margin 10.67->10.66 t=3.2s
[DONE] evaluation__5865__denoise__random_walk__random_walk__l0.5 calls=1024 margin 10.67->10.79 t=4.4s
[DONE] evaluation__5865__denoise__confidence_boost__nes__l0.5 calls=1021 margin 10.67->11.78 t=3.0s
[DONE] evaluation__5865__denoise__boundary_probe__nes__l0.5 calls=1021 margin 10.67->2.54 t=3.8s
[DONE] evaluation__5865__denoise__counterfactual__nes__l0.5 calls=1021 margin 10.67->3.32 t=3.2s
[DONE] evaluation__5865__deblur__attack__nes__l1 calls=1021 margin 9.82->-5.22 t=3.2s
[DONE] evaluation__5865__deblur__restore__nes__l1 calls=1021 margin 9.82->9.87 t=3.1s
[DONE] evaluation__5865__deblur__random_walk__random_walk__l1 calls=1024 margin 9.82->9.26 t=4.1s
[DONE] evaluation__5865__deblur__confidence_boost__nes__l1 calls=1021 margin 9.82->11.63 t=3.0s
[DONE] evaluation__5865__deblur__boundary_probe__nes__l1 calls=1021 margin 9.82->0.04 t=3.6s
[DONE] evaluation__5865__deblur__counterfactual__nes__l1 calls=1021 margin 9.82->-5.44 t=3.0s
[DONE] evaluation__8247__denoise__attack__nes__l0.5 calls=1021 margin 9.41->7.68 t=3.1s
[DONE] evaluation__8247__denoise__restore__nes__l0.5 calls=1021 margin 9.41->9.45 t=3.0s
[DONE] evaluation__8247__denoise__random_walk__random_walk__l0.5 calls=1024 margin 9.41->9.13 t=4.3s
[DONE] evaluation__8247__denoise__confidence_boost__nes__l0.5 calls=1021 margin 9.41->10.61 t=3.0s
[DONE] evaluation__8247__denoise__boundary_probe__nes__l0.5 calls=1021 margin 9.41->7.60 t=3.4s
[DONE] evaluation__8247__denoise__counterfactual__nes__l0.5 calls=1021 margin 9.41->7.41 t=3.0s
[DONE] evaluation__8247__deblur__attack__nes__l1 calls=1021 margin 9.23->8.09 t=3.1s
[DONE] evaluation__8247__deblur__restore__nes__l1 calls=1021 margin 9.23->9.05 t=3.1s
[DONE] evaluation__8247__deblur__random_walk__random_walk__l1 calls=1024 margin 9.23->9.08 t=4.6s
[DONE] evaluation__8247__deblur__confidence_boost__nes__l1 calls=1021 margin 9.23->10.19 t=3.1s
[DONE] evaluation__8247__deblur__boundary_probe__nes__l1 calls=1021 margin 9.23->7.24 t=3.5s
[DONE] evaluation__8247__deblur__counterfactual__nes__l1 calls=1021 margin 9.23->7.27 t=3.1s
[DONE] evaluation__1878__denoise__attack__nes__l0.5 calls=1021 margin 7.82->-0.91 t=3.3s
[DONE] evaluation__1878__denoise__restore__nes__l0.5 calls=1021 margin 7.82->8.16 t=3.3s
[DONE] evaluation__1878__denoise__random_walk__random_walk__l0.5 calls=1024 margin 7.82->8.29 t=4.7s
[DONE] evaluation__1878__denoise__confidence_boost__nes__l0.5 calls=1021 margin 7.82->9.45 t=3.3s
[DONE] evaluation__1878__denoise__boundary_probe__nes__l0.5 calls=1021 margin 7.82->0.02 t=3.5s
[DONE] evaluation__1878__denoise__counterfactual__nes__l0.5 calls=1021 margin 7.82->0.53 t=3.1s
[DONE] evaluation__1878__deblur__attack__nes__l1 calls=1021 margin 9.03->6.22 t=3.3s
[DONE] evaluation__1878__deblur__restore__nes__l1 calls=1021 margin 9.03->9.11 t=2.9s
[DONE] evaluation__1878__deblur__random_walk__random_walk__l1 calls=1024 margin 9.03->9.28 t=4.5s
[DONE] evaluation__1878__deblur__confidence_boost__nes__l1 calls=1021 margin 9.03->9.84 t=3.7s
[DONE] evaluation__1878__deblur__boundary_probe__nes__l1 calls=1021 margin 9.03->5.84 t=3.4s
[DONE] evaluation__1878__deblur__counterfactual__nes__l1 calls=1021 margin 9.03->5.16 t=3.4s
[DONE] evaluation__4058__denoise__attack__nes__l0.5 calls=1021 margin 5.03->-6.30 t=3.0s
[DONE] evaluation__4058__denoise__restore__nes__l0.5 calls=1021 margin 5.03->5.19 t=3.0s
[DONE] evaluation__4058__denoise__random_walk__random_walk__l0.5 calls=1024 margin 5.03->5.66 t=4.9s
[DONE] evaluation__4058__denoise__confidence_boost__nes__l0.5 calls=1021 margin 5.03->9.40 t=3.3s
[DONE] evaluation__4058__denoise__boundary_probe__nes__l0.5 calls=1021 margin 5.03->0.00 t=3.2s
[DONE] evaluation__4058__denoise__counterfactual__nes__l0.5 calls=1021 margin 5.03->-6.54 t=3.3s
[DONE] evaluation__4058__deblur__attack__nes__l1 calls=1021 margin 1.13->-9.09 t=3.0s
[DONE] evaluation__4058__deblur__restore__nes__l1 calls=1021 margin 1.13->0.09 t=2.9s
[DONE] evaluation__4058__deblur__random_walk__random_walk__l1 calls=1024 margin 1.13->-0.58 t=4.9s
[DONE] evaluation__4058__deblur__confidence_boost__nes__l1 calls=1021 margin 1.13->8.72 t=3.2s
[DONE] evaluation__4058__deblur__boundary_probe__nes__l1 calls=1021 margin 1.13->0.01 t=3.0s
[DONE] evaluation__4058__deblur__counterfactual__nes__l1 calls=1021 margin 1.13->-7.58 t=2.7s
[DONE] evaluation__6600__denoise__attack__nes__l0.5 calls=1021 margin 8.46->-7.52 t=3.1s
[DONE] evaluation__6600__denoise__restore__nes__l0.5 calls=1021 margin 8.46->8.84 t=3.2s
[DONE] evaluation__6600__denoise__random_walk__random_walk__l0.5 calls=1024 margin 8.46->8.33 t=4.8s
[DONE] evaluation__6600__denoise__confidence_boost__nes__l0.5 calls=1021 margin 8.46->9.63 t=3.4s
[DONE] evaluation__6600__denoise__boundary_probe__nes__l0.5 calls=1021 margin 8.46->0.02 t=3.0s
[DONE] evaluation__6600__denoise__counterfactual__nes__l0.5 calls=1021 margin 8.46->0.73 t=3.1s
[DONE] evaluation__6600__deblur__attack__nes__l1 calls=1021 margin 8.91->4.70 t=3.1s
[DONE] evaluation__6600__deblur__restore__nes__l1 calls=1021 margin 8.91->9.00 t=3.0s
[DONE] evaluation__6600__deblur__random_walk__random_walk__l1 calls=1024 margin 8.91->8.68 t=4.7s
[DONE] evaluation__6600__deblur__confidence_boost__nes__l1 calls=1021 margin 8.91->9.46 t=3.0s
[DONE] evaluation__6600__deblur__boundary_probe__nes__l1 calls=1021 margin 8.91->5.87 t=2.9s
[DONE] evaluation__6600__deblur__counterfactual__nes__l1 calls=1021 margin 8.91->8.35 t=2.8s
[DONE] evaluation__613__denoise__attack__nes__l0.5 calls=1021 margin 2.52->-6.13 t=3.1s
[DONE] evaluation__613__denoise__restore__nes__l0.5 calls=1021 margin 2.52->3.94 t=3.2s
[DONE] evaluation__613__denoise__random_walk__random_walk__l0.5 calls=1024 margin 2.52->-0.77 t=4.5s
[DONE] evaluation__613__denoise__confidence_boost__nes__l0.5 calls=1021 margin 2.52->8.61 t=3.2s
[DONE] evaluation__613__denoise__boundary_probe__nes__l0.5 calls=1021 margin 2.52->0.00 t=3.3s
[DONE] evaluation__613__denoise__counterfactual__nes__l0.5 calls=1021 margin 2.52->-6.68 t=2.9s
[DONE] evaluation__613__deblur__attack__nes__l1 calls=1021 margin 9.39->-7.54 t=3.1s
[DONE] evaluation__613__deblur__restore__nes__l1 calls=1021 margin 9.39->9.60 t=3.1s
[DONE] evaluation__613__deblur__random_walk__random_walk__l1 calls=1024 margin 9.39->8.09 t=4.6s
[DONE] evaluation__613__deblur__confidence_boost__nes__l1 calls=1021 margin 9.39->10.37 t=3.4s
[DONE] evaluation__613__deblur__boundary_probe__nes__l1 calls=1021 margin 9.39->0.06 t=3.1s
[DONE] evaluation__613__deblur__counterfactual__nes__l1 calls=1021 margin 9.39->0.59 t=3.0s
[DONE] evaluation__2458__denoise__attack__nes__l0.5 calls=1021 margin 0.46->-12.42 t=2.8s
[DONE] evaluation__2458__denoise__restore__nes__l0.5 calls=1021 margin 0.46->1.00 t=3.2s
[DONE] evaluation__2458__denoise__random_walk__random_walk__l0.5 calls=1024 margin 0.46->0.82 t=4.6s
[DONE] evaluation__2458__denoise__confidence_boost__nes__l0.5 calls=1021 margin 0.46->7.26 t=3.2s
[DONE] evaluation__2458__denoise__boundary_probe__nes__l0.5 calls=1021 margin 0.46->0.00 t=3.0s
[DONE] evaluation__2458__denoise__counterfactual__nes__l0.5 calls=1021 margin 0.46->-11.11 t=3.1s
[DONE] evaluation__2458__deblur__attack__nes__l1 calls=1021 margin 9.51->5.09 t=3.0s
[DONE] evaluation__2458__deblur__restore__nes__l1 calls=1021 margin 9.51->9.52 t=3.0s
[DONE] evaluation__2458__deblur__random_walk__random_walk__l1 calls=1024 margin 9.51->9.74 t=4.5s
[DONE] evaluation__2458__deblur__confidence_boost__nes__l1 calls=1021 margin 9.51->10.17 t=3.0s
[DONE] evaluation__2458__deblur__boundary_probe__nes__l1 calls=1021 margin 9.51->5.50 t=3.1s
[DONE] evaluation__2458__deblur__counterfactual__nes__l1 calls=1021 margin 9.51->4.99 t=3.0s
[DONE] evaluation__7515__denoise__attack__nes__l0.5 calls=1021 margin 3.26->-2.93 t=3.2s
[DONE] evaluation__7515__denoise__restore__nes__l0.5 calls=1021 margin 3.26->3.33 t=2.9s
[DONE] evaluation__7515__denoise__random_walk__random_walk__l0.5 calls=1024 margin 3.26->2.70 t=4.5s
[DONE] evaluation__7515__denoise__confidence_boost__nes__l0.5 calls=1021 margin 3.26->7.10 t=3.2s
[DONE] evaluation__7515__denoise__boundary_probe__nes__l0.5 calls=1021 margin 3.26->0.02 t=3.1s
[DONE] evaluation__7515__denoise__counterfactual__nes__l0.5 calls=1021 margin 3.26->-3.28 t=2.9s
[DONE] evaluation__7515__deblur__attack__nes__l1 calls=1021 margin 1.82->-5.52 t=3.0s
[DONE] evaluation__7515__deblur__restore__nes__l1 calls=1021 margin 1.82->3.17 t=3.2s
[DONE] evaluation__7515__deblur__random_walk__random_walk__l1 calls=1024 margin 1.82->5.97 t=4.3s
[DONE] evaluation__7515__deblur__confidence_boost__nes__l1 calls=1021 margin 1.82->9.84 t=3.0s
[DONE] evaluation__7515__deblur__boundary_probe__nes__l1 calls=1021 margin 1.82->0.01 t=3.2s
[DONE] evaluation__7515__deblur__counterfactual__nes__l1 calls=1021 margin 1.82->-6.17 t=3.1s
[DONE] evaluation__9405__denoise__attack__nes__l0.5 calls=1021 margin 8.43->3.20 t=3.2s
[DONE] evaluation__9405__denoise__restore__nes__l0.5 calls=1021 margin 8.43->8.40 t=3.3s
[DONE] evaluation__9405__denoise__random_walk__random_walk__l0.5 calls=1024 margin 8.43->7.92 t=4.6s
[DONE] evaluation__9405__denoise__confidence_boost__nes__l0.5 calls=1021 margin 8.43->9.85 t=3.3s
[DONE] evaluation__9405__denoise__boundary_probe__nes__l0.5 calls=1021 margin 8.43->2.88 t=3.5s
[DONE] evaluation__9405__denoise__counterfactual__nes__l0.5 calls=1021 margin 8.43->1.55 t=3.2s
[DONE] evaluation__9405__deblur__attack__nes__l1 calls=1021 margin 9.60->7.48 t=3.1s
[DONE] evaluation__9405__deblur__restore__nes__l1 calls=1021 margin 9.60->9.72 t=3.3s
[DONE] evaluation__9405__deblur__random_walk__random_walk__l1 calls=1024 margin 9.60->10.03 t=4.6s
[DONE] evaluation__9405__deblur__confidence_boost__nes__l1 calls=1021 margin 9.60->10.47 t=3.1s
[DONE] evaluation__9405__deblur__boundary_probe__nes__l1 calls=1021 margin 9.60->6.84 t=3.3s
[DONE] evaluation__9405__deblur__counterfactual__nes__l1 calls=1021 margin 9.60->7.78 t=3.2s
[DONE] evaluation__2756__denoise__attack__nes__l0.5 calls=1021 margin 4.00->-4.84 t=3.1s
[DONE] evaluation__2756__denoise__restore__nes__l0.5 calls=1021 margin 4.00->4.10 t=2.9s
[DONE] evaluation__2756__denoise__random_walk__random_walk__l0.5 calls=1024 margin 4.00->4.76 t=4.5s
[DONE] evaluation__2756__denoise__confidence_boost__nes__l0.5 calls=1021 margin 4.00->8.78 t=3.0s
[DONE] evaluation__2756__denoise__boundary_probe__nes__l0.5 calls=1021 margin 4.00->0.03 t=3.0s
[DONE] evaluation__2756__denoise__counterfactual__nes__l0.5 calls=1021 margin 4.00->-5.14 t=2.7s
[DONE] evaluation__2756__deblur__attack__nes__l1 calls=1021 margin 7.69->-4.99 t=2.8s
[DONE] evaluation__2756__deblur__restore__nes__l1 calls=1021 margin 7.69->6.89 t=3.1s
[DONE] evaluation__2756__deblur__random_walk__random_walk__l1 calls=1024 margin 7.69->5.74 t=4.4s
[DONE] evaluation__2756__deblur__confidence_boost__nes__l1 calls=1021 margin 7.69->9.87 t=2.6s
[DONE] evaluation__2756__deblur__boundary_probe__nes__l1 calls=1021 margin 7.69->0.08 t=3.1s
[DONE] evaluation__2756__deblur__counterfactual__nes__l1 calls=1021 margin 7.69->-3.27 t=3.0s
[DONE] evaluation__6313__denoise__attack__nes__l0.5 calls=1021 margin 9.16->3.97 t=3.0s
[DONE] evaluation__6313__denoise__restore__nes__l0.5 calls=1021 margin 9.16->9.36 t=3.1s
[DONE] evaluation__6313__denoise__random_walk__random_walk__l0.5 calls=1024 margin 9.16->9.25 t=4.7s
[DONE] evaluation__6313__denoise__confidence_boost__nes__l0.5 calls=1021 margin 9.16->10.11 t=3.1s
[DONE] evaluation__6313__denoise__boundary_probe__nes__l0.5 calls=1021 margin 9.16->4.13 t=3.3s
[DONE] evaluation__6313__denoise__counterfactual__nes__l0.5 calls=1021 margin 9.16->4.37 t=3.1s
[DONE] evaluation__6313__deblur__attack__nes__l1 calls=1021 margin 9.28->6.90 t=2.8s
[DONE] evaluation__6313__deblur__restore__nes__l1 calls=1021 margin 9.28->9.33 t=3.1s
[DONE] evaluation__6313__deblur__random_walk__random_walk__l1 calls=1024 margin 9.28->9.12 t=4.5s
[DONE] evaluation__6313__deblur__confidence_boost__nes__l1 calls=1021 margin 9.28->10.02 t=2.7s
[DONE] evaluation__6313__deblur__boundary_probe__nes__l1 calls=1021 margin 9.28->6.52 t=3.0s
[DONE] evaluation__6313__deblur__counterfactual__nes__l1 calls=1021 margin 9.28->6.96 t=3.4s
[DONE] evaluation__8927__denoise__attack__nes__l0.5 calls=1021 margin 7.30->-1.13 t=3.2s
[DONE] evaluation__8927__denoise__restore__nes__l0.5 calls=1021 margin 7.30->7.13 t=3.1s
[DONE] evaluation__8927__denoise__random_walk__random_walk__l0.5 calls=1024 margin 7.30->7.59 t=4.5s
[DONE] evaluation__8927__denoise__confidence_boost__nes__l0.5 calls=1021 margin 7.30->9.21 t=3.3s
[DONE] evaluation__8927__denoise__boundary_probe__nes__l0.5 calls=1021 margin 7.30->0.11 t=3.3s
[DONE] evaluation__8927__denoise__counterfactual__nes__l0.5 calls=1021 margin 7.30->-0.81 t=3.4s
[DONE] evaluation__8927__deblur__attack__nes__l1 calls=1021 margin 9.27->8.57 t=3.0s
[DONE] evaluation__8927__deblur__restore__nes__l1 calls=1021 margin 9.27->9.28 t=3.0s
[DONE] evaluation__8927__deblur__random_walk__random_walk__l1 calls=1024 margin 9.27->9.31 t=4.3s
[DONE] evaluation__8927__deblur__confidence_boost__nes__l1 calls=1021 margin 9.27->10.09 t=3.2s
[DONE] evaluation__8927__deblur__boundary_probe__nes__l1 calls=1021 margin 9.27->7.85 t=3.2s
[DONE] evaluation__8927__deblur__counterfactual__nes__l1 calls=1021 margin 9.27->8.00 t=3.6s
[DONE] fit__4824__denoise__attack__nes__l0.5 calls=1021 margin 6.68->-6.86 t=3.1s
[DONE] fit__4824__denoise__restore__nes__l0.5 calls=1021 margin 6.68->7.28 t=3.2s
[DONE] fit__4824__denoise__random_walk__random_walk__l0.5 calls=1024 margin 6.68->7.00 t=4.6s
[DONE] fit__4824__denoise__confidence_boost__nes__l0.5 calls=1021 margin 6.68->9.14 t=3.1s
[DONE] fit__4824__denoise__boundary_probe__nes__l0.5 calls=1021 margin 6.68->0.02 t=3.2s
[DONE] fit__4824__denoise__counterfactual__nes__l0.5 calls=1021 margin 6.68->-7.71 t=3.1s
[DONE] fit__4824__deblur__attack__nes__l1 calls=1021 margin 8.45->-1.49 t=2.9s
[DONE] fit__4824__deblur__restore__nes__l1 calls=1021 margin 8.45->8.24 t=3.0s
[DONE] fit__4824__deblur__random_walk__random_walk__l1 calls=1024 margin 8.45->8.32 t=4.5s
[DONE] fit__4824__deblur__confidence_boost__nes__l1 calls=1021 margin 8.45->9.58 t=3.2s
[DONE] fit__4824__deblur__boundary_probe__nes__l1 calls=1021 margin 8.45->0.00 t=3.1s
[DONE] fit__4824__deblur__counterfactual__nes__l1 calls=1021 margin 8.45->0.75 t=3.2s
[DONE] fit__9602__denoise__attack__nes__l0.5 calls=1021 margin 9.22->7.86 t=3.2s
[DONE] fit__9602__denoise__restore__nes__l0.5 calls=1021 margin 9.22->9.22 t=3.1s
[DONE] fit__9602__denoise__random_walk__random_walk__l0.5 calls=1024 margin 9.22->9.20 t=4.3s
[DONE] fit__9602__denoise__confidence_boost__nes__l0.5 calls=1021 margin 9.22->9.31 t=3.1s
[DONE] fit__9602__denoise__boundary_probe__nes__l0.5 calls=1021 margin 9.22->8.44 t=3.1s
[DONE] fit__9602__denoise__counterfactual__nes__l0.5 calls=1021 margin 9.22->8.75 t=3.6s
[DONE] fit__9602__deblur__attack__nes__l1 calls=1021 margin 8.74->8.23 t=2.9s
[DONE] fit__9602__deblur__restore__nes__l1 calls=1021 margin 8.74->8.82 t=2.9s
[DONE] fit__9602__deblur__random_walk__random_walk__l1 calls=1024 margin 8.74->8.85 t=4.6s
[DONE] fit__9602__deblur__confidence_boost__nes__l1 calls=1021 margin 8.74->9.07 t=3.2s
[DONE] fit__9602__deblur__boundary_probe__nes__l1 calls=1021 margin 8.74->8.13 t=3.0s
[DONE] fit__9602__deblur__counterfactual__nes__l1 calls=1021 margin 8.74->8.22 t=3.1s
[DONE] fit__4602__denoise__attack__nes__l0.5 calls=1021 margin 8.57->7.87 t=3.3s
[DONE] fit__4602__denoise__restore__nes__l0.5 calls=1021 margin 8.57->8.56 t=2.9s
[DONE] fit__4602__denoise__random_walk__random_walk__l0.5 calls=1024 margin 8.57->8.45 t=4.1s
[DONE] fit__4602__denoise__confidence_boost__nes__l0.5 calls=1021 margin 8.57->9.23 t=2.8s
[DONE] fit__4602__denoise__boundary_probe__nes__l0.5 calls=1021 margin 8.57->7.41 t=3.3s
[DONE] fit__4602__denoise__counterfactual__nes__l0.5 calls=1021 margin 8.57->7.57 t=3.1s
[DONE] fit__4602__deblur__attack__nes__l1 calls=1021 margin 8.89->8.48 t=3.0s
[DONE] fit__4602__deblur__restore__nes__l1 calls=1021 margin 8.89->8.90 t=3.0s
[DONE] fit__4602__deblur__random_walk__random_walk__l1 calls=1024 margin 8.89->9.04 t=4.2s
[DONE] fit__4602__deblur__confidence_boost__nes__l1 calls=1021 margin 8.89->9.14 t=3.1s
[DONE] fit__4602__deblur__boundary_probe__nes__l1 calls=1021 margin 8.89->8.27 t=2.9s
[DONE] fit__4602__deblur__counterfactual__nes__l1 calls=1021 margin 8.89->8.20 t=3.1s
[DONE] fit__2083__denoise__attack__nes__l0.5 calls=1021 margin 3.73->-8.43 t=3.3s
[DONE] fit__2083__denoise__restore__nes__l0.5 calls=1021 margin 3.73->3.92 t=3.2s
[DONE] fit__2083__denoise__random_walk__random_walk__l0.5 calls=1024 margin 3.73->3.68 t=4.2s
[DONE] fit__2083__denoise__confidence_boost__nes__l0.5 calls=1021 margin 3.73->9.22 t=3.1s
[DONE] fit__2083__denoise__boundary_probe__nes__l0.5 calls=1021 margin 3.73->0.01 t=3.1s
[DONE] fit__2083__denoise__counterfactual__nes__l0.5 calls=1021 margin 3.73->-7.66 t=3.2s
[DONE] fit__2083__deblur__attack__nes__l1 calls=1021 margin 3.49->-10.17 t=3.0s
[DONE] fit__2083__deblur__restore__nes__l1 calls=1021 margin 3.49->4.06 t=2.9s
[DONE] fit__2083__deblur__random_walk__random_walk__l1 calls=1024 margin 3.49->1.64 t=4.4s
[DONE] fit__2083__deblur__confidence_boost__nes__l1 calls=1021 margin 3.49->9.99 t=3.1s
[DONE] fit__2083__deblur__boundary_probe__nes__l1 calls=1021 margin 3.49->0.15 t=3.4s
[DONE] fit__2083__deblur__counterfactual__nes__l1 calls=1021 margin 3.49->-8.20 t=3.1s
[DONE] fit__7902__denoise__attack__nes__l0.5 calls=1021 margin 9.00->-0.67 t=3.3s
[DONE] fit__7902__denoise__restore__nes__l0.5 calls=1021 margin 9.00->8.96 t=3.4s
[DONE] fit__7902__denoise__random_walk__random_walk__l0.5 calls=1024 margin 9.00->8.53 t=4.5s
[DONE] fit__7902__denoise__confidence_boost__nes__l0.5 calls=1021 margin 9.00->10.04 t=3.1s
[DONE] fit__7902__denoise__boundary_probe__nes__l0.5 calls=1021 margin 9.00->0.04 t=3.2s
[DONE] fit__7902__denoise__counterfactual__nes__l0.5 calls=1021 margin 9.00->-0.15 t=3.2s
[DONE] fit__7902__deblur__attack__nes__l1 calls=1021 margin 9.66->7.07 t=3.3s
[DONE] fit__7902__deblur__restore__nes__l1 calls=1021 margin 9.66->9.67 t=3.2s
[DONE] fit__7902__deblur__random_walk__random_walk__l1 calls=1024 margin 9.66->9.80 t=4.3s
[DONE] fit__7902__deblur__confidence_boost__nes__l1 calls=1021 margin 9.66->10.20 t=3.1s
[DONE] fit__7902__deblur__boundary_probe__nes__l1 calls=1021 margin 9.66->8.39 t=3.1s
[DONE] fit__7902__deblur__counterfactual__nes__l1 calls=1021 margin 9.66->8.55 t=3.3s
[DONE] fit__1894__denoise__attack__nes__l0.5 calls=1021 margin 7.27->-7.60 t=3.5s
[DONE] fit__1894__denoise__restore__nes__l0.5 calls=1021 margin 7.27->7.17 t=3.3s
[DONE] fit__1894__denoise__random_walk__random_walk__l0.5 calls=1024 margin 7.27->6.24 t=4.4s
[DONE] fit__1894__denoise__confidence_boost__nes__l0.5 calls=1021 margin 7.27->9.25 t=3.4s
[DONE] fit__1894__denoise__boundary_probe__nes__l0.5 calls=1021 margin 7.27->0.02 t=3.1s
[DONE] fit__1894__denoise__counterfactual__nes__l0.5 calls=1021 margin 7.27->-6.92 t=3.2s
[DONE] fit__1894__deblur__attack__nes__l1 calls=1021 margin 8.13->7.49 t=3.4s
[DONE] fit__1894__deblur__restore__nes__l1 calls=1021 margin 8.13->8.05 t=3.1s
[DONE] fit__1894__deblur__random_walk__random_walk__l1 calls=1024 margin 8.13->8.05 t=4.3s
[DONE] fit__1894__deblur__confidence_boost__nes__l1 calls=1021 margin 8.13->8.95 t=3.2s
[DONE] fit__1894__deblur__boundary_probe__nes__l1 calls=1021 margin 8.13->6.98 t=3.4s
[DONE] fit__1894__deblur__counterfactual__nes__l1 calls=1021 margin 8.13->6.84 t=3.3s
[DONE] fit__7045__denoise__attack__nes__l0.5 calls=1021 margin 0.17->-10.76 t=3.3s
[DONE] fit__7045__denoise__restore__nes__l0.5 calls=1021 margin 0.17->0.47 t=2.9s
[DONE] fit__7045__denoise__random_walk__random_walk__l0.5 calls=1024 margin 0.17->-1.77 t=4.5s
[DONE] fit__7045__denoise__confidence_boost__nes__l0.5 calls=1021 margin 0.17->8.84 t=2.9s
[DONE] fit__7045__denoise__boundary_probe__nes__l0.5 calls=1021 margin 0.17->0.03 t=3.0s
[DONE] fit__7045__denoise__counterfactual__nes__l0.5 calls=1021 margin 0.17->-8.36 t=3.0s
[DONE] fit__7045__deblur__attack__nes__l1 calls=1021 margin 8.25->7.68 t=3.6s
[DONE] fit__7045__deblur__restore__nes__l1 calls=1021 margin 8.25->8.25 t=2.9s
[DONE] fit__7045__deblur__random_walk__random_walk__l1 calls=1024 margin 8.25->8.52 t=4.3s
[DONE] fit__7045__deblur__confidence_boost__nes__l1 calls=1021 margin 8.25->9.41 t=3.3s
[DONE] fit__7045__deblur__boundary_probe__nes__l1 calls=1021 margin 8.25->7.47 t=3.6s
[DONE] fit__7045__deblur__counterfactual__nes__l1 calls=1021 margin 8.25->7.40 t=3.3s
[DONE] fit__3056__denoise__attack__nes__l0.5 calls=1021 margin 1.74->-8.94 t=3.5s
[DONE] fit__3056__denoise__restore__nes__l0.5 calls=1021 margin 1.74->2.12 t=2.9s
[DONE] fit__3056__denoise__random_walk__random_walk__l0.5 calls=1024 margin 1.74->1.68 t=4.6s
[DONE] fit__3056__denoise__confidence_boost__nes__l0.5 calls=1021 margin 1.74->9.67 t=3.2s
[DONE] fit__3056__denoise__boundary_probe__nes__l0.5 calls=1021 margin 1.74->0.01 t=3.4s
[DONE] fit__3056__denoise__counterfactual__nes__l0.5 calls=1021 margin 1.74->-7.85 t=3.3s
[DONE] fit__3056__deblur__attack__nes__l1 calls=1021 margin 7.37->-4.17 t=3.4s
[DONE] fit__3056__deblur__restore__nes__l1 calls=1021 margin 7.37->7.17 t=3.2s
[DONE] fit__3056__deblur__random_walk__random_walk__l1 calls=1024 margin 7.37->7.78 t=4.6s
[DONE] fit__3056__deblur__confidence_boost__nes__l1 calls=1021 margin 7.37->10.69 t=3.2s
[DONE] fit__3056__deblur__boundary_probe__nes__l1 calls=1021 margin 7.37->0.02 t=3.2s
[DONE] fit__3056__deblur__counterfactual__nes__l1 calls=1021 margin 7.37->-3.58 t=3.3s
[DONE] fit__3291__denoise__attack__nes__l0.5 calls=1021 margin 6.66->-9.22 t=3.0s
[DONE] fit__3291__denoise__restore__nes__l0.5 calls=1021 margin 6.66->7.05 t=3.1s
[DONE] fit__3291__denoise__random_walk__random_walk__l0.5 calls=1024 margin 6.66->5.62 t=4.6s
[DONE] fit__3291__denoise__confidence_boost__nes__l0.5 calls=1021 margin 6.66->9.50 t=3.0s
[DONE] fit__3291__denoise__boundary_probe__nes__l0.5 calls=1021 margin 6.66->0.02 t=3.0s
[DONE] fit__3291__denoise__counterfactual__nes__l0.5 calls=1021 margin 6.66->-8.49 t=3.3s
[DONE] fit__3291__deblur__attack__nes__l1 calls=1021 margin 7.23->-4.36 t=3.3s
[DONE] fit__3291__deblur__restore__nes__l1 calls=1021 margin 7.23->8.00 t=3.0s
[DONE] fit__3291__deblur__random_walk__random_walk__l1 calls=1024 margin 7.23->8.79 t=4.4s
[DONE] fit__3291__deblur__confidence_boost__nes__l1 calls=1021 margin 7.23->9.75 t=3.3s
[DONE] fit__3291__deblur__boundary_probe__nes__l1 calls=1021 margin 7.23->0.01 t=3.4s
[DONE] fit__3291__deblur__counterfactual__nes__l1 calls=1021 margin 7.23->-4.31 t=3.4s
[DONE] fit__8045__denoise__attack__nes__l0.5 calls=1021 margin 2.43->-9.04 t=3.2s
[DONE] fit__8045__denoise__restore__nes__l0.5 calls=1021 margin 2.43->3.39 t=3.0s
[DONE] fit__8045__denoise__random_walk__random_walk__l0.5 calls=1024 margin 2.43->-0.61 t=4.7s
[DONE] fit__8045__denoise__confidence_boost__nes__l0.5 calls=1021 margin 2.43->9.20 t=3.4s
[DONE] fit__8045__denoise__boundary_probe__nes__l0.5 calls=1021 margin 2.43->0.03 t=3.3s
[DONE] fit__8045__denoise__counterfactual__nes__l0.5 calls=1021 margin 2.43->-8.45 t=3.3s
[DONE] fit__8045__deblur__attack__nes__l1 calls=1021 margin 9.07->-7.14 t=3.1s
[DONE] fit__8045__deblur__restore__nes__l1 calls=1021 margin 9.07->8.47 t=3.0s
[DONE] fit__8045__deblur__random_walk__random_walk__l1 calls=1024 margin 9.07->8.80 t=4.7s
[DONE] fit__8045__deblur__confidence_boost__nes__l1 calls=1021 margin 9.07->9.83 t=3.3s
[DONE] fit__8045__deblur__boundary_probe__nes__l1 calls=1021 margin 9.07->0.00 t=3.1s
[DONE] fit__8045__deblur__counterfactual__nes__l1 calls=1021 margin 9.07->-7.52 t=3.3s
[DONE] fit__5106__denoise__attack__nes__l0.5 calls=1021 margin 5.90->-7.29 t=3.1s
[DONE] fit__5106__denoise__restore__nes__l0.5 calls=1021 margin 5.90->6.83 t=3.0s
[DONE] fit__5106__denoise__random_walk__random_walk__l0.5 calls=1024 margin 5.90->8.28 t=4.6s
[DONE] fit__5106__denoise__confidence_boost__nes__l0.5 calls=1021 margin 5.90->10.99 t=3.1s
[DONE] fit__5106__denoise__boundary_probe__nes__l0.5 calls=1021 margin 5.90->0.09 t=3.0s
[DONE] fit__5106__denoise__counterfactual__nes__l0.5 calls=1021 margin 5.90->-7.26 t=3.1s
[DONE] fit__5106__deblur__attack__nes__l1 calls=1021 margin 8.88->-9.29 t=3.3s
[DONE] fit__5106__deblur__restore__nes__l1 calls=1021 margin 8.88->8.38 t=3.0s
[DONE] fit__5106__deblur__random_walk__random_walk__l1 calls=1024 margin 8.88->2.86 t=4.8s
[DONE] fit__5106__deblur__confidence_boost__nes__l1 calls=1021 margin 8.88->10.95 t=3.6s
[DONE] fit__5106__deblur__boundary_probe__nes__l1 calls=1021 margin 8.88->0.01 t=3.5s
[DONE] fit__5106__deblur__counterfactual__nes__l1 calls=1021 margin 8.88->-8.37 t=3.2s
[DONE] fit__9489__denoise__attack__nes__l0.5 calls=1021 margin 10.23->9.36 t=2.9s
[DONE] fit__9489__denoise__restore__nes__l0.5 calls=1021 margin 10.23->10.18 t=3.1s
[DONE] fit__9489__denoise__random_walk__random_walk__l0.5 calls=1024 margin 10.23->10.18 t=4.6s
[DONE] fit__9489__denoise__confidence_boost__nes__l0.5 calls=1021 margin 10.23->10.98 t=3.0s
[DONE] fit__9489__denoise__boundary_probe__nes__l0.5 calls=1021 margin 10.23->9.12 t=3.1s
[DONE] fit__9489__denoise__counterfactual__nes__l0.5 calls=1021 margin 10.23->9.21 t=3.4s
[DONE] fit__9489__deblur__attack__nes__l1 calls=1021 margin 9.39->3.13 t=3.1s
[DONE] fit__9489__deblur__restore__nes__l1 calls=1021 margin 9.39->9.29 t=3.2s
[DONE] fit__9489__deblur__random_walk__random_walk__l1 calls=1024 margin 9.39->9.11 t=4.6s
[DONE] fit__9489__deblur__confidence_boost__nes__l1 calls=1021 margin 9.39->10.59 t=3.1s
[DONE] fit__9489__deblur__boundary_probe__nes__l1 calls=1021 margin 9.39->6.62 t=3.3s
[DONE] fit__9489__deblur__counterfactual__nes__l1 calls=1021 margin 9.39->6.27 t=3.3s
[DONE] fit__6356__denoise__attack__nes__l0.5 calls=1021 margin 7.20->-4.09 t=3.2s
[DONE] fit__6356__denoise__restore__nes__l0.5 calls=1021 margin 7.20->7.81 t=3.2s
[DONE] fit__6356__denoise__random_walk__random_walk__l0.5 calls=1024 margin 7.20->7.69 t=4.5s
[DONE] fit__6356__denoise__confidence_boost__nes__l0.5 calls=1021 margin 7.20->8.79 t=2.9s
[DONE] fit__6356__denoise__boundary_probe__nes__l0.5 calls=1021 margin 7.20->0.00 t=3.2s
[DONE] fit__6356__denoise__counterfactual__nes__l0.5 calls=1021 margin 7.20->-4.27 t=3.2s
[DONE] fit__6356__deblur__attack__nes__l1 calls=1021 margin 8.99->7.69 t=3.0s
[DONE] fit__6356__deblur__restore__nes__l1 calls=1021 margin 8.99->8.92 t=3.1s
[DONE] fit__6356__deblur__random_walk__random_walk__l1 calls=1024 margin 8.99->8.72 t=4.5s
[DONE] fit__6356__deblur__confidence_boost__nes__l1 calls=1021 margin 8.99->9.54 t=3.3s
[DONE] fit__6356__deblur__boundary_probe__nes__l1 calls=1021 margin 8.99->7.02 t=3.1s
[DONE] fit__6356__deblur__counterfactual__nes__l1 calls=1021 margin 8.99->6.69 t=3.0s
[DONE] fit__3366__denoise__attack__nes__l0.5 calls=1021 margin 2.37->-8.29 t=2.9s
[DONE] fit__3366__denoise__restore__nes__l0.5 calls=1021 margin 2.37->2.21 t=3.5s
[DONE] fit__3366__denoise__random_walk__random_walk__l0.5 calls=1024 margin 2.37->-0.46 t=4.7s
[DONE] fit__3366__denoise__confidence_boost__nes__l0.5 calls=1021 margin 2.37->7.58 t=3.1s
[DONE] fit__3366__denoise__boundary_probe__nes__l0.5 calls=1021 margin 2.37->0.00 t=3.1s
[DONE] fit__3366__denoise__counterfactual__nes__l0.5 calls=1021 margin 2.37->-6.89 t=3.3s
[DONE] fit__3366__deblur__attack__nes__l1 calls=1021 margin 8.47->-11.08 t=3.1s
[DONE] fit__3366__deblur__restore__nes__l1 calls=1021 margin 8.47->8.51 t=3.1s
[DONE] fit__3366__deblur__random_walk__random_walk__l1 calls=1024 margin 8.47->-0.86 t=4.8s
[DONE] fit__3366__deblur__confidence_boost__nes__l1 calls=1021 margin 8.47->10.47 t=3.1s
[DONE] fit__3366__deblur__boundary_probe__nes__l1 calls=1021 margin 8.47->0.12 t=3.1s
[DONE] fit__3366__deblur__counterfactual__nes__l1 calls=1021 margin 8.47->-0.17 t=3.1s
[DONE] fit__6280__denoise__attack__nes__l0.5 calls=1021 margin 6.94->-4.17 t=2.9s
[DONE] fit__6280__denoise__restore__nes__l0.5 calls=1021 margin 6.94->6.65 t=3.1s
[DONE] fit__6280__denoise__random_walk__random_walk__l0.5 calls=1024 margin 6.94->5.65 t=4.6s
[DONE] fit__6280__denoise__confidence_boost__nes__l0.5 calls=1021 margin 6.94->9.35 t=3.2s
[DONE] fit__6280__denoise__boundary_probe__nes__l0.5 calls=1021 margin 6.94->0.03 t=3.1s
[DONE] fit__6280__denoise__counterfactual__nes__l0.5 calls=1021 margin 6.94->-3.74 t=3.1s
[DONE] fit__6280__deblur__attack__nes__l1 calls=1021 margin 5.39->-10.15 t=3.1s
[DONE] fit__6280__deblur__restore__nes__l1 calls=1021 margin 5.39->5.96 t=3.3s
[DONE] fit__6280__deblur__random_walk__random_walk__l1 calls=1024 margin 5.39->0.87 t=4.7s
[DONE] fit__6280__deblur__confidence_boost__nes__l1 calls=1021 margin 5.39->8.87 t=3.2s
[DONE] fit__6280__deblur__boundary_probe__nes__l1 calls=1021 margin 5.39->0.01 t=3.2s
[DONE] fit__6280__deblur__counterfactual__nes__l1 calls=1021 margin 5.39->-5.71 t=2.9s
[DONE] fit__4338__denoise__attack__nes__l0.5 calls=1021 margin 5.68->-2.93 t=3.1s
[DONE] fit__4338__denoise__restore__nes__l0.5 calls=1021 margin 5.68->6.04 t=3.0s
[DONE] fit__4338__denoise__random_walk__random_walk__l0.5 calls=1024 margin 5.68->4.53 t=4.5s
[DONE] fit__4338__denoise__confidence_boost__nes__l0.5 calls=1021 margin 5.68->8.55 t=3.0s
[DONE] fit__4338__denoise__boundary_probe__nes__l0.5 calls=1021 margin 5.68->0.00 t=3.0s
[DONE] fit__4338__denoise__counterfactual__nes__l0.5 calls=1021 margin 5.68->-4.16 t=3.0s
[DONE] fit__4338__deblur__attack__nes__l1 calls=1021 margin 8.83->2.89 t=2.6s
[DONE] fit__4338__deblur__restore__nes__l1 calls=1021 margin 8.83->8.83 t=2.6s
[DONE] fit__4338__deblur__random_walk__random_walk__l1 calls=1024 margin 8.83->7.88 t=4.0s
[DONE] fit__4338__deblur__confidence_boost__nes__l1 calls=1021 margin 8.83->9.60 t=2.8s
[DONE] fit__4338__deblur__boundary_probe__nes__l1 calls=1021 margin 8.83->2.98 t=3.0s
[DONE] fit__4338__deblur__counterfactual__nes__l1 calls=1021 margin 8.83->3.26 t=2.7s
[DONE] fit__8908__denoise__attack__nes__l0.5 calls=1021 margin 0.97->-10.03 t=2.7s
[DONE] fit__8908__denoise__restore__nes__l0.5 calls=1021 margin 0.97->1.88 t=2.7s
[DONE] fit__8908__denoise__random_walk__random_walk__l0.5 calls=1024 margin 0.97->0.06 t=3.7s
[DONE] fit__8908__denoise__confidence_boost__nes__l0.5 calls=1021 margin 0.97->8.89 t=2.7s
[DONE] fit__8908__denoise__boundary_probe__nes__l0.5 calls=1021 margin 0.97->0.02 t=2.7s
[DONE] fit__8908__denoise__counterfactual__nes__l0.5 calls=1021 margin 0.97->-6.50 t=2.7s
[DONE] fit__8908__deblur__attack__nes__l1 calls=1021 margin 9.14->-4.07 t=2.7s
[DONE] fit__8908__deblur__restore__nes__l1 calls=1021 margin 9.14->9.24 t=2.6s
[DONE] fit__8908__deblur__random_walk__random_walk__l1 calls=1024 margin 9.14->8.94 t=3.6s
[DONE] fit__8908__deblur__confidence_boost__nes__l1 calls=1021 margin 9.14->10.13 t=2.6s
[DONE] fit__8908__deblur__boundary_probe__nes__l1 calls=1021 margin 9.14->0.02 t=2.7s
[DONE] fit__8908__deblur__counterfactual__nes__l1 calls=1021 margin 9.14->-3.66 t=2.7s
