Load BlackboxBench cifar model:  bbb_vgg19_bn
[INFO] Loading BlackboxBench CIFAR-10 checkpoint from checkpoints/blackboxbench_cifar10/ckpt/vgg19_bn/model_best.pth.tar
/home/sepi/projects/MCG-Blackbox/utils/load_models.py:71: FutureWarning: You are using `torch.load` with `weights_only=False` (the current default value), which uses the default pickle module implicitly. It is possible to construct malicious pickle data which will execute arbitrary code during unpickling (See https://github.com/pytorch/pytorch/blob/main/SECURITY.md#untrusted-models for more details). In a future release, the default value for `weights_only` will be flipped to `True`. This limits the functions that could be executed during unpickling. Arbitrary objects will no longer be allowed to be loaded via this mode unless they are explicitly allowlisted by the user via `torch.serialization.add_safe_globals`. We recommend you start setting `weights_only=True` for any use case where you don't have full control of the loaded file. Please open an issue on GitHub for any issues related to this experimental feature.
  checkpoint = torch.load(
[DONE] calibration__4591__denoise__attack__nes__l0.5 calls=1021 margin 3.25->-4.99 t=3.2s
[DONE] calibration__4591__denoise__restore__nes__l0.5 calls=1021 margin 3.25->3.12 t=3.3s
[DONE] calibration__4591__denoise__random_walk__random_walk__l0.5 calls=1024 margin 3.25->4.84 t=5.4s
[DONE] calibration__4591__denoise__confidence_boost__nes__l0.5 calls=1021 margin 3.25->8.30 t=3.2s
[DONE] calibration__4591__denoise__boundary_probe__nes__l0.5 calls=1021 margin 3.25->0.00 t=3.0s
[DONE] calibration__4591__denoise__counterfactual__nes__l0.5 calls=1021 margin 3.25->-5.84 t=2.8s
[DONE] calibration__4591__deblur__attack__nes__l1 calls=1021 margin 9.09->3.40 t=2.8s
[DONE] calibration__4591__deblur__restore__nes__l1 calls=1021 margin 9.09->9.11 t=3.1s
[DONE] calibration__4591__deblur__random_walk__random_walk__l1 calls=1024 margin 9.09->8.84 t=5.4s
[DONE] calibration__4591__deblur__confidence_boost__nes__l1 calls=1021 margin 9.09->9.55 t=3.0s
[DONE] calibration__4591__deblur__boundary_probe__nes__l1 calls=1021 margin 9.09->5.05 t=3.0s
[DONE] calibration__4591__deblur__counterfactual__nes__l1 calls=1021 margin 9.09->3.90 t=3.0s
[DONE] calibration__2541__denoise__attack__nes__l0.5 calls=1021 margin 8.99->5.28 t=2.8s
[DONE] calibration__2541__denoise__restore__nes__l0.5 calls=1021 margin 8.99->9.03 t=3.0s
[DONE] calibration__2541__denoise__random_walk__random_walk__l0.5 calls=1024 margin 8.99->8.68 t=5.3s
[DONE] calibration__2541__denoise__confidence_boost__nes__l0.5 calls=1021 margin 8.99->9.79 t=3.3s
[DONE] calibration__2541__denoise__boundary_probe__nes__l0.5 calls=1021 margin 8.99->5.55 t=3.2s
[DONE] calibration__2541__denoise__counterfactual__nes__l0.5 calls=1021 margin 8.99->5.56 t=2.9s
[DONE] calibration__2541__deblur__attack__nes__l1 calls=1021 margin 9.70->8.82 t=3.2s
[DONE] calibration__2541__deblur__restore__nes__l1 calls=1021 margin 9.70->9.67 t=3.0s
[DONE] calibration__2541__deblur__random_walk__random_walk__l1 calls=1024 margin 9.70->9.61 t=5.2s
[DONE] calibration__2541__deblur__confidence_boost__nes__l1 calls=1021 margin 9.70->10.30 t=3.3s
[DONE] calibration__2541__deblur__boundary_probe__nes__l1 calls=1021 margin 9.70->8.50 t=3.3s
[DONE] calibration__2541__deblur__counterfactual__nes__l1 calls=1021 margin 9.70->8.51 t=3.1s
[DONE] calibration__7483__denoise__attack__nes__l0.5 calls=1021 margin 8.34->5.33 t=2.9s
[DONE] calibration__7483__denoise__restore__nes__l0.5 calls=1021 margin 8.34->8.35 t=3.2s
[DONE] calibration__7483__denoise__random_walk__random_walk__l0.5 calls=1024 margin 8.34->8.36 t=4.9s
[DONE] calibration__7483__denoise__confidence_boost__nes__l0.5 calls=1021 margin 8.34->9.03 t=2.7s
[DONE] calibration__7483__denoise__boundary_probe__nes__l0.5 calls=1021 margin 8.34->4.57 t=2.8s
[DONE] calibration__7483__denoise__counterfactual__nes__l0.5 calls=1021 margin 8.34->5.11 t=3.1s
[DONE] calibration__7483__deblur__attack__nes__l1 calls=1021 margin 8.09->6.47 t=2.9s
[DONE] calibration__7483__deblur__restore__nes__l1 calls=1021 margin 8.09->8.21 t=3.3s
[DONE] calibration__7483__deblur__random_walk__random_walk__l1 calls=1024 margin 8.09->8.21 t=4.8s
[DONE] calibration__7483__deblur__confidence_boost__nes__l1 calls=1021 margin 8.09->8.99 t=3.0s
[DONE] calibration__7483__deblur__boundary_probe__nes__l1 calls=1021 margin 8.09->6.55 t=3.2s
[DONE] calibration__7483__deblur__counterfactual__nes__l1 calls=1021 margin 8.09->6.51 t=3.2s
[DONE] calibration__3319__denoise__attack__nes__l0.5 calls=1021 margin 9.52->3.58 t=2.9s
[DONE] calibration__3319__denoise__restore__nes__l0.5 calls=1021 margin 9.52->9.38 t=3.3s
[DONE] calibration__3319__denoise__random_walk__random_walk__l0.5 calls=1024 margin 9.52->9.41 t=4.9s
[DONE] calibration__3319__denoise__confidence_boost__nes__l0.5 calls=1021 margin 9.52->10.14 t=2.9s
[DONE] calibration__3319__denoise__boundary_probe__nes__l0.5 calls=1021 margin 9.52->3.87 t=3.1s
[DONE] calibration__3319__denoise__counterfactual__nes__l0.5 calls=1021 margin 9.52->3.38 t=3.3s
[DONE] calibration__3319__deblur__attack__nes__l1 calls=1021 margin 8.58->7.44 t=3.0s
[DONE] calibration__3319__deblur__restore__nes__l1 calls=1021 margin 8.58->8.58 t=3.1s
[DONE] calibration__3319__deblur__random_walk__random_walk__l1 calls=1024 margin 8.58->9.07 t=5.0s
[DONE] calibration__3319__deblur__confidence_boost__nes__l1 calls=1021 margin 8.58->9.48 t=3.1s
[DONE] calibration__3319__deblur__boundary_probe__nes__l1 calls=1021 margin 8.58->7.39 t=2.9s
[DONE] calibration__3319__deblur__counterfactual__nes__l1 calls=1021 margin 8.58->7.26 t=3.1s
[DONE] calibration__8765__denoise__attack__nes__l0.5 calls=1021 margin 4.38->-9.13 t=3.0s
[DONE] calibration__8765__denoise__restore__nes__l0.5 calls=1021 margin 4.38->4.26 t=3.1s
[DONE] calibration__8765__denoise__random_walk__random_walk__l0.5 calls=1024 margin 4.38->2.41 t=4.8s
[DONE] calibration__8765__denoise__confidence_boost__nes__l0.5 calls=1021 margin 4.38->10.37 t=3.2s
[DONE] calibration__8765__denoise__boundary_probe__nes__l0.5 calls=1021 margin 4.38->0.03 t=2.8s
[DONE] calibration__8765__denoise__counterfactual__nes__l0.5 calls=1021 margin 4.38->-8.33 t=3.0s
[DONE] calibration__8765__deblur__attack__nes__l1 calls=1021 margin 9.88->-1.26 t=2.9s
[DONE] calibration__8765__deblur__restore__nes__l1 calls=1021 margin 9.88->9.98 t=3.3s
[DONE] calibration__8765__deblur__random_walk__random_walk__l1 calls=1024 margin 9.88->10.44 t=4.7s
[DONE] calibration__8765__deblur__confidence_boost__nes__l1 calls=1021 margin 9.88->10.55 t=2.9s
[DONE] calibration__8765__deblur__boundary_probe__nes__l1 calls=1021 margin 9.88->6.36 t=3.0s
[DONE] calibration__8765__deblur__counterfactual__nes__l1 calls=1021 margin 9.88->6.18 t=3.0s
[DONE] calibration__4845__denoise__attack__nes__l0.5 calls=1021 margin 1.67->-10.79 t=3.0s
[DONE] calibration__4845__denoise__restore__nes__l0.5 calls=1021 margin 1.67->1.68 t=3.1s
[DONE] calibration__4845__denoise__random_walk__random_walk__l0.5 calls=1024 margin 1.67->-1.87 t=4.7s
[DONE] calibration__4845__denoise__confidence_boost__nes__l0.5 calls=1021 margin 1.67->9.50 t=3.0s
[DONE] calibration__4845__denoise__boundary_probe__nes__l0.5 calls=1021 margin 1.67->0.05 t=2.8s
[DONE] calibration__4845__denoise__counterfactual__nes__l0.5 calls=1021 margin 1.67->-8.25 t=3.1s
[DONE] calibration__4845__deblur__attack__nes__l1 calls=1021 margin 9.07->7.66 t=3.0s
[DONE] calibration__4845__deblur__restore__nes__l1 calls=1021 margin 9.07->8.96 t=3.3s
[DONE] calibration__4845__deblur__random_walk__random_walk__l1 calls=1024 margin 9.07->8.69 t=4.8s
[DONE] calibration__4845__deblur__confidence_boost__nes__l1 calls=1021 margin 9.07->9.52 t=3.0s
[DONE] calibration__4845__deblur__boundary_probe__nes__l1 calls=1021 margin 9.07->7.17 t=3.1s
[DONE] calibration__4845__deblur__counterfactual__nes__l1 calls=1021 margin 9.07->7.55 t=2.8s
[DONE] calibration__455__denoise__attack__nes__l0.5 calls=1021 margin 8.70->1.18 t=3.1s
[DONE] calibration__455__denoise__restore__nes__l0.5 calls=1021 margin 8.70->8.65 t=3.2s
[DONE] calibration__455__denoise__random_walk__random_walk__l0.5 calls=1024 margin 8.70->8.95 t=4.8s
[DONE] calibration__455__denoise__confidence_boost__nes__l0.5 calls=1021 margin 8.70->10.21 t=2.9s
[DONE] calibration__455__denoise__boundary_probe__nes__l0.5 calls=1021 margin 8.70->2.00 t=3.0s
[DONE] calibration__455__denoise__counterfactual__nes__l0.5 calls=1021 margin 8.70->2.95 t=3.0s
[DONE] calibration__455__deblur__attack__nes__l1 calls=1021 margin 9.59->5.43 t=2.9s
[DONE] calibration__455__deblur__restore__nes__l1 calls=1021 margin 9.59->9.62 t=3.3s
[DONE] calibration__455__deblur__random_walk__random_walk__l1 calls=1024 margin 9.59->9.48 t=4.8s
[DONE] calibration__455__deblur__confidence_boost__nes__l1 calls=1021 margin 9.59->10.22 t=3.1s
[DONE] calibration__455__deblur__boundary_probe__nes__l1 calls=1021 margin 9.59->5.81 t=3.3s
[DONE] calibration__455__deblur__counterfactual__nes__l1 calls=1021 margin 9.59->5.29 t=3.1s
[DONE] calibration__7725__denoise__attack__nes__l0.5 calls=1021 margin 8.14->-1.34 t=2.9s
[DONE] calibration__7725__denoise__restore__nes__l0.5 calls=1021 margin 8.14->8.42 t=3.1s
[DONE] calibration__7725__denoise__random_walk__random_walk__l0.5 calls=1024 margin 8.14->9.13 t=4.7s
[DONE] calibration__7725__denoise__confidence_boost__nes__l0.5 calls=1021 margin 8.14->10.49 t=2.9s
[DONE] calibration__7725__denoise__boundary_probe__nes__l0.5 calls=1021 margin 8.14->0.03 t=2.9s
[DONE] calibration__7725__denoise__counterfactual__nes__l0.5 calls=1021 margin 8.14->-1.80 t=2.8s
[DONE] calibration__7725__deblur__attack__nes__l1 calls=1021 margin 9.40->8.69 t=3.1s
[DONE] calibration__7725__deblur__restore__nes__l1 calls=1021 margin 9.40->9.39 t=3.2s
[DONE] calibration__7725__deblur__random_walk__random_walk__l1 calls=1024 margin 9.40->9.46 t=4.6s
[DONE] calibration__7725__deblur__confidence_boost__nes__l1 calls=1021 margin 9.40->10.41 t=3.0s
[DONE] calibration__7725__deblur__boundary_probe__nes__l1 calls=1021 margin 9.40->8.51 t=2.9s
[DONE] calibration__7725__deblur__counterfactual__nes__l1 calls=1021 margin 9.40->8.60 t=2.9s
[DONE] calibration__3798__denoise__attack__nes__l0.5 calls=1021 margin 3.79->-8.40 t=3.1s
[DONE] calibration__3798__denoise__restore__nes__l0.5 calls=1021 margin 3.79->3.08 t=3.3s
[DONE] calibration__3798__denoise__random_walk__random_walk__l0.5 calls=1024 margin 3.79->-0.86 t=4.6s
[DONE] calibration__3798__denoise__confidence_boost__nes__l0.5 calls=1021 margin 3.79->9.24 t=3.1s
[DONE] calibration__3798__denoise__boundary_probe__nes__l0.5 calls=1021 margin 3.79->0.00 t=3.0s
[DONE] calibration__3798__denoise__counterfactual__nes__l0.5 calls=1021 margin 3.79->-7.77 t=3.0s
[DONE] calibration__3798__deblur__attack__nes__l1 calls=1021 margin 8.74->-1.31 t=3.1s
[DONE] calibration__3798__deblur__restore__nes__l1 calls=1021 margin 8.74->9.24 t=3.2s
[DONE] calibration__3798__deblur__random_walk__random_walk__l1 calls=1024 margin 8.74->9.18 t=4.6s
[DONE] calibration__3798__deblur__confidence_boost__nes__l1 calls=1021 margin 8.74->9.79 t=3.1s
[DONE] calibration__3798__deblur__boundary_probe__nes__l1 calls=1021 margin 8.74->0.06 t=3.1s
[DONE] calibration__3798__deblur__counterfactual__nes__l1 calls=1021 margin 8.74->-2.46 t=3.2s
[DONE] calibration__9180__denoise__attack__nes__l0.5 calls=1021 margin 0.11->-10.07 t=3.2s
[DONE] calibration__9180__denoise__restore__nes__l0.5 calls=1021 margin 0.11->1.09 t=3.3s
[DONE] calibration__9180__denoise__random_walk__random_walk__l0.5 calls=1024 margin 0.11->1.56 t=4.5s
[DONE] calibration__9180__denoise__confidence_boost__nes__l0.5 calls=1021 margin 0.11->9.29 t=3.2s
[DONE] calibration__9180__denoise__boundary_probe__nes__l0.5 calls=1021 margin 0.11->0.04 t=3.2s
[DONE] calibration__9180__denoise__counterfactual__nes__l0.5 calls=1021 margin 0.11->-9.14 t=3.2s
[DONE] calibration__9180__deblur__attack__nes__l1 calls=1021 margin 9.28->5.47 t=3.2s
[DONE] calibration__9180__deblur__restore__nes__l1 calls=1021 margin 9.28->9.29 t=3.2s
[DONE] calibration__9180__deblur__random_walk__random_walk__l1 calls=1024 margin 9.28->9.44 t=4.6s
[DONE] calibration__9180__deblur__confidence_boost__nes__l1 calls=1021 margin 9.28->9.79 t=2.9s
[DONE] calibration__9180__deblur__boundary_probe__nes__l1 calls=1021 margin 9.28->8.74 t=3.1s
[DONE] calibration__9180__deblur__counterfactual__nes__l1 calls=1021 margin 9.28->8.64 t=2.9s
[DONE] calibration__5121__denoise__attack__nes__l0.5 calls=1021 margin 9.14->3.26 t=3.2s
[DONE] calibration__5121__denoise__restore__nes__l0.5 calls=1021 margin 9.14->9.28 t=3.4s
[DONE] calibration__5121__denoise__random_walk__random_walk__l0.5 calls=1024 margin 9.14->7.70 t=4.8s
[DONE] calibration__5121__denoise__confidence_boost__nes__l0.5 calls=1021 margin 9.14->10.80 t=3.5s
[DONE] calibration__5121__denoise__boundary_probe__nes__l0.5 calls=1021 margin 9.14->4.65 t=3.5s
[DONE] calibration__5121__denoise__counterfactual__nes__l0.5 calls=1021 margin 9.14->4.64 t=3.3s
[DONE] calibration__5121__deblur__attack__nes__l1 calls=1021 margin 10.19->7.47 t=3.2s
[DONE] calibration__5121__deblur__restore__nes__l1 calls=1021 margin 10.19->10.16 t=3.0s
[DONE] calibration__5121__deblur__random_walk__random_walk__l1 calls=1024 margin 10.19->10.14 t=4.8s
[DONE] calibration__5121__deblur__confidence_boost__nes__l1 calls=1021 margin 10.19->11.69 t=3.3s
[DONE] calibration__5121__deblur__boundary_probe__nes__l1 calls=1021 margin 10.19->6.76 t=2.9s
[DONE] calibration__5121__deblur__counterfactual__nes__l1 calls=1021 margin 10.19->7.05 t=3.1s
[DONE] calibration__371__denoise__attack__nes__l0.5 calls=1021 margin 9.21->-4.04 t=3.2s
[DONE] calibration__371__denoise__restore__nes__l0.5 calls=1021 margin 9.21->9.23 t=3.2s
[DONE] calibration__371__denoise__random_walk__random_walk__l0.5 calls=1024 margin 9.21->9.19 t=4.6s
[DONE] calibration__371__denoise__confidence_boost__nes__l0.5 calls=1021 margin 9.21->9.64 t=3.1s
[DONE] calibration__371__denoise__boundary_probe__nes__l0.5 calls=1021 margin 9.21->0.03 t=2.8s
[DONE] calibration__371__denoise__counterfactual__nes__l0.5 calls=1021 margin 9.21->-4.56 t=3.1s
[DONE] calibration__371__deblur__attack__nes__l1 calls=1021 margin 9.05->8.03 t=3.3s
[DONE] calibration__371__deblur__restore__nes__l1 calls=1021 margin 9.05->9.08 t=3.3s
[DONE] calibration__371__deblur__random_walk__random_walk__l1 calls=1024 margin 9.05->9.00 t=4.5s
[DONE] calibration__371__deblur__confidence_boost__nes__l1 calls=1021 margin 9.05->9.35 t=3.1s
[DONE] calibration__371__deblur__boundary_probe__nes__l1 calls=1021 margin 9.05->8.02 t=3.0s
[DONE] calibration__371__deblur__counterfactual__nes__l1 calls=1021 margin 9.05->8.48 t=3.2s
[DONE] calibration__5693__denoise__attack__nes__l0.5 calls=1021 margin 6.38->-7.80 t=3.2s
[DONE] calibration__5693__denoise__restore__nes__l0.5 calls=1021 margin 6.38->7.74 t=3.2s
[DONE] calibration__5693__denoise__random_walk__random_walk__l0.5 calls=1024 margin 6.38->3.06 t=4.6s
[DONE] calibration__5693__denoise__confidence_boost__nes__l0.5 calls=1021 margin 6.38->9.23 t=3.1s
[DONE] calibration__5693__denoise__boundary_probe__nes__l0.5 calls=1021 margin 6.38->0.01 t=3.0s
[DONE] calibration__5693__denoise__counterfactual__nes__l0.5 calls=1021 margin 6.38->-7.27 t=3.1s
[DONE] calibration__5693__deblur__attack__nes__l1 calls=1021 margin 8.56->5.10 t=3.1s
[DONE] calibration__5693__deblur__restore__nes__l1 calls=1021 margin 8.56->8.57 t=2.9s
[DONE] calibration__5693__deblur__random_walk__random_walk__l1 calls=1024 margin 8.56->6.13 t=4.7s
[DONE] calibration__5693__deblur__confidence_boost__nes__l1 calls=1021 margin 8.56->9.10 t=3.0s
[DONE] calibration__5693__deblur__boundary_probe__nes__l1 calls=1021 margin 8.56->0.15 t=2.8s
[DONE] calibration__5693__deblur__counterfactual__nes__l1 calls=1021 margin 8.56->-4.69 t=2.9s
[DONE] calibration__2921__denoise__attack__nes__l0.5 calls=1021 margin 8.90->7.93 t=3.1s
[DONE] calibration__2921__denoise__restore__nes__l0.5 calls=1021 margin 8.90->8.92 t=2.9s
[DONE] calibration__2921__denoise__random_walk__random_walk__l0.5 calls=1024 margin 8.90->8.96 t=4.7s
[DONE] calibration__2921__denoise__confidence_boost__nes__l0.5 calls=1021 margin 8.90->9.31 t=3.1s
[DONE] calibration__2921__denoise__boundary_probe__nes__l0.5 calls=1021 margin 8.90->8.01 t=2.9s
[DONE] calibration__2921__denoise__counterfactual__nes__l0.5 calls=1021 margin 8.90->8.26 t=3.0s
[DONE] calibration__2921__deblur__attack__nes__l1 calls=1021 margin 8.49->7.27 t=3.4s
[DONE] calibration__2921__deblur__restore__nes__l1 calls=1021 margin 8.49->8.49 t=3.0s
[DONE] calibration__2921__deblur__random_walk__random_walk__l1 calls=1024 margin 8.49->8.50 t=4.4s
[DONE] calibration__2921__deblur__confidence_boost__nes__l1 calls=1021 margin 8.49->9.26 t=3.2s
[DONE] calibration__2921__deblur__boundary_probe__nes__l1 calls=1021 margin 8.49->7.34 t=3.1s
[DONE] calibration__2921__deblur__counterfactual__nes__l1 calls=1021 margin 8.49->7.33 t=3.1s
[DONE] calibration__7995__denoise__attack__nes__l0.5 calls=1021 margin 8.59->2.65 t=3.0s
[DONE] calibration__7995__denoise__restore__nes__l0.5 calls=1021 margin 8.59->8.75 t=3.1s
[DONE] calibration__7995__denoise__random_walk__random_walk__l0.5 calls=1024 margin 8.59->9.11 t=4.6s
[DONE] calibration__7995__denoise__confidence_boost__nes__l0.5 calls=1021 margin 8.59->10.06 t=3.2s
[DONE] calibration__7995__denoise__boundary_probe__nes__l0.5 calls=1021 margin 8.59->2.50 t=3.0s
[DONE] calibration__7995__denoise__counterfactual__nes__l0.5 calls=1021 margin 8.59->2.16 t=3.1s
[DONE] calibration__7995__deblur__attack__nes__l1 calls=1021 margin 9.81->8.94 t=3.0s
[DONE] calibration__7995__deblur__restore__nes__l1 calls=1021 margin 9.81->9.85 t=2.9s
[DONE] calibration__7995__deblur__random_walk__random_walk__l1 calls=1024 margin 9.81->9.64 t=4.8s
[DONE] calibration__7995__deblur__confidence_boost__nes__l1 calls=1021 margin 9.81->10.50 t=3.2s
[DONE] calibration__7995__deblur__boundary_probe__nes__l1 calls=1021 margin 9.81->8.94 t=3.2s
[DONE] calibration__7995__deblur__counterfactual__nes__l1 calls=1021 margin 9.81->8.99 t=3.2s
[DONE] calibration__5980__denoise__attack__nes__l0.5 calls=1021 margin 6.46->-0.45 t=2.8s
[DONE] calibration__5980__denoise__restore__nes__l0.5 calls=1021 margin 6.46->6.56 t=3.0s
[DONE] calibration__5980__denoise__random_walk__random_walk__l0.5 calls=1024 margin 6.46->6.51 t=4.5s
[DONE] calibration__5980__denoise__confidence_boost__nes__l0.5 calls=1021 margin 6.46->8.49 t=3.0s
[DONE] calibration__5980__denoise__boundary_probe__nes__l0.5 calls=1021 margin 6.46->0.02 t=3.0s
[DONE] calibration__5980__denoise__counterfactual__nes__l0.5 calls=1021 margin 6.46->-0.65 t=2.8s
[DONE] calibration__5980__deblur__attack__nes__l1 calls=1021 margin 9.51->3.27 t=2.7s
[DONE] calibration__5980__deblur__restore__nes__l1 calls=1021 margin 9.51->9.48 t=3.1s
[DONE] calibration__5980__deblur__random_walk__random_walk__l1 calls=1024 margin 9.51->9.13 t=4.4s
[DONE] calibration__5980__deblur__confidence_boost__nes__l1 calls=1021 margin 9.51->10.06 t=2.9s
[DONE] calibration__5980__deblur__boundary_probe__nes__l1 calls=1021 margin 9.51->0.10 t=3.2s
[DONE] calibration__5980__deblur__counterfactual__nes__l1 calls=1021 margin 9.51->0.53 t=3.0s
[DONE] evaluation__215__denoise__attack__nes__l0.5 calls=1021 margin 0.52->-8.34 t=3.1s
[DONE] evaluation__215__denoise__restore__nes__l0.5 calls=1021 margin 0.52->0.96 t=3.0s
[DONE] evaluation__215__denoise__random_walk__random_walk__l0.5 calls=1024 margin 0.52->4.77 t=4.5s
[DONE] evaluation__215__denoise__confidence_boost__nes__l0.5 calls=1021 margin 0.52->8.62 t=2.9s
[DONE] evaluation__215__denoise__boundary_probe__nes__l0.5 calls=1021 margin 0.52->0.02 t=3.2s
[DONE] evaluation__215__denoise__counterfactual__nes__l0.5 calls=1021 margin 0.52->-7.61 t=2.9s
[DONE] evaluation__215__deblur__attack__nes__l1 calls=1021 margin 5.68->-4.48 t=2.8s
[DONE] evaluation__215__deblur__restore__nes__l1 calls=1021 margin 5.68->6.96 t=3.0s
[DONE] evaluation__215__deblur__random_walk__random_walk__l1 calls=1024 margin 5.68->5.80 t=4.4s
[DONE] evaluation__215__deblur__confidence_boost__nes__l1 calls=1021 margin 5.68->8.89 t=3.0s
[DONE] evaluation__215__deblur__boundary_probe__nes__l1 calls=1021 margin 5.68->0.00 t=3.0s
[DONE] evaluation__215__deblur__counterfactual__nes__l1 calls=1021 margin 5.68->-5.42 t=2.9s
[DONE] evaluation__4113__denoise__attack__nes__l0.5 calls=1021 margin 5.46->-3.18 t=2.9s
[DONE] evaluation__4113__denoise__restore__nes__l0.5 calls=1021 margin 5.46->6.05 t=2.9s
[DONE] evaluation__4113__denoise__random_walk__random_walk__l0.5 calls=1024 margin 5.46->5.38 t=4.5s
[DONE] evaluation__4113__denoise__confidence_boost__nes__l0.5 calls=1021 margin 5.46->8.96 t=3.2s
[DONE] evaluation__4113__denoise__boundary_probe__nes__l0.5 calls=1021 margin 5.46->0.06 t=3.1s
[DONE] evaluation__4113__denoise__counterfactual__nes__l0.5 calls=1021 margin 5.46->-2.83 t=3.1s
[DONE] evaluation__4113__deblur__attack__nes__l1 calls=1021 margin 9.00->4.87 t=3.0s
[DONE] evaluation__4113__deblur__restore__nes__l1 calls=1021 margin 9.00->8.98 t=3.3s
[DONE] evaluation__4113__deblur__random_walk__random_walk__l1 calls=1024 margin 9.00->8.84 t=4.6s
[DONE] evaluation__4113__deblur__confidence_boost__nes__l1 calls=1021 margin 9.00->9.34 t=3.2s
[DONE] evaluation__4113__deblur__boundary_probe__nes__l1 calls=1021 margin 9.00->4.97 t=3.2s
[DONE] evaluation__4113__deblur__counterfactual__nes__l1 calls=1021 margin 9.00->5.52 t=3.2s
[DONE] evaluation__9021__denoise__attack__nes__l0.5 calls=1021 margin 0.93->-6.92 t=3.0s
[DONE] evaluation__9021__denoise__restore__nes__l0.5 calls=1021 margin 0.93->1.31 t=3.0s
[DONE] evaluation__9021__denoise__random_walk__random_walk__l0.5 calls=1024 margin 0.93->0.79 t=4.6s
[DONE] evaluation__9021__denoise__confidence_boost__nes__l0.5 calls=1021 margin 0.93->7.83 t=3.2s
[DONE] evaluation__9021__denoise__boundary_probe__nes__l0.5 calls=1021 margin 0.93->0.00 t=3.0s
[DONE] evaluation__9021__denoise__counterfactual__nes__l0.5 calls=1021 margin 0.93->-8.00 t=2.8s
[DONE] evaluation__9021__deblur__attack__nes__l1 calls=1021 margin 8.00->-9.51 t=3.1s
[DONE] evaluation__9021__deblur__restore__nes__l1 calls=1021 margin 8.00->8.13 t=2.9s
[DONE] evaluation__9021__deblur__random_walk__random_walk__l1 calls=1024 margin 8.00->7.13 t=4.8s
[DONE] evaluation__9021__deblur__confidence_boost__nes__l1 calls=1021 margin 8.00->9.33 t=3.2s
[DONE] evaluation__9021__deblur__boundary_probe__nes__l1 calls=1021 margin 8.00->0.04 t=3.0s
[DONE] evaluation__9021__deblur__counterfactual__nes__l1 calls=1021 margin 8.00->-0.14 t=3.1s
[DONE] evaluation__9888__denoise__attack__nes__l0.5 calls=1021 margin 1.80->-9.29 t=2.8s
[DONE] evaluation__9888__denoise__restore__nes__l0.5 calls=1021 margin 1.80->1.98 t=2.8s
[DONE] evaluation__9888__denoise__random_walk__random_walk__l0.5 calls=1024 margin 1.80->0.46 t=4.6s
[DONE] evaluation__9888__denoise__confidence_boost__nes__l0.5 calls=1021 margin 1.80->8.03 t=3.2s
[DONE] evaluation__9888__denoise__boundary_probe__nes__l0.5 calls=1021 margin 1.80->0.01 t=3.2s
[DONE] evaluation__9888__denoise__counterfactual__nes__l0.5 calls=1021 margin 1.80->-6.56 t=3.0s
[DONE] evaluation__9888__deblur__attack__nes__l1 calls=1021 margin 9.11->5.27 t=3.1s
[DONE] evaluation__9888__deblur__restore__nes__l1 calls=1021 margin 9.11->9.09 t=2.9s
[DONE] evaluation__9888__deblur__random_walk__random_walk__l1 calls=1024 margin 9.11->8.96 t=4.6s
[DONE] evaluation__9888__deblur__confidence_boost__nes__l1 calls=1021 margin 9.11->9.47 t=3.0s
[DONE] evaluation__9888__deblur__boundary_probe__nes__l1 calls=1021 margin 9.11->5.45 t=3.0s
[DONE] evaluation__9888__deblur__counterfactual__nes__l1 calls=1021 margin 9.11->6.87 t=3.1s
[DONE] evaluation__1677__denoise__attack__nes__l0.5 calls=1021 margin 8.60->7.15 t=3.2s
[DONE] evaluation__1677__denoise__restore__nes__l0.5 calls=1021 margin 8.60->8.55 t=3.0s
[DONE] evaluation__1677__denoise__random_walk__random_walk__l0.5 calls=1024 margin 8.60->8.44 t=4.5s
[DONE] evaluation__1677__denoise__confidence_boost__nes__l0.5 calls=1021 margin 8.60->9.63 t=3.4s
[DONE] evaluation__1677__denoise__boundary_probe__nes__l0.5 calls=1021 margin 8.60->7.25 t=3.2s
[DONE] evaluation__1677__denoise__counterfactual__nes__l0.5 calls=1021 margin 8.60->7.28 t=3.2s
[DONE] evaluation__1677__deblur__attack__nes__l1 calls=1021 margin 9.68->8.79 t=3.0s
[DONE] evaluation__1677__deblur__restore__nes__l1 calls=1021 margin 9.68->9.71 t=3.2s
[DONE] evaluation__1677__deblur__random_walk__random_walk__l1 calls=1024 margin 9.68->9.55 t=4.8s
[DONE] evaluation__1677__deblur__confidence_boost__nes__l1 calls=1021 margin 9.68->10.41 t=3.4s
[DONE] evaluation__1677__deblur__boundary_probe__nes__l1 calls=1021 margin 9.68->8.64 t=3.3s
[DONE] evaluation__1677__deblur__counterfactual__nes__l1 calls=1021 margin 9.68->8.58 t=3.3s
[DONE] evaluation__4378__denoise__attack__nes__l0.5 calls=1021 margin 4.89->-9.05 t=3.1s
[DONE] evaluation__4378__denoise__restore__nes__l0.5 calls=1021 margin 4.89->4.74 t=3.0s
[DONE] evaluation__4378__denoise__random_walk__random_walk__l0.5 calls=1024 margin 4.89->0.13 t=4.6s
[DONE] evaluation__4378__denoise__confidence_boost__nes__l0.5 calls=1021 margin 4.89->8.35 t=3.3s
[DONE] evaluation__4378__denoise__boundary_probe__nes__l0.5 calls=1021 margin 4.89->0.00 t=3.3s
[DONE] evaluation__4378__denoise__counterfactual__nes__l0.5 calls=1021 margin 4.89->-8.22 t=3.2s
[DONE] evaluation__4378__deblur__attack__nes__l1 calls=1021 margin 10.19->7.84 t=3.1s
[DONE] evaluation__4378__deblur__restore__nes__l1 calls=1021 margin 10.19->10.18 t=3.1s
[DONE] evaluation__4378__deblur__random_walk__random_walk__l1 calls=1024 margin 10.19->9.36 t=4.7s
[DONE] evaluation__4378__deblur__confidence_boost__nes__l1 calls=1021 margin 10.19->10.51 t=3.3s
[DONE] evaluation__4378__deblur__boundary_probe__nes__l1 calls=1021 margin 10.19->7.26 t=3.1s
[DONE] evaluation__4378__deblur__counterfactual__nes__l1 calls=1021 margin 10.19->7.44 t=3.0s
[DONE] evaluation__8053__denoise__attack__nes__l0.5 calls=1021 margin 0.48->-10.21 t=3.1s
[DONE] evaluation__8053__denoise__restore__nes__l0.5 calls=1021 margin 0.48->0.31 t=3.0s
[DONE] evaluation__8053__denoise__random_walk__random_walk__l0.5 calls=1024 margin 0.48->2.93 t=4.3s
[DONE] evaluation__8053__denoise__confidence_boost__nes__l0.5 calls=1021 margin 0.48->8.30 t=3.3s
[DONE] evaluation__8053__denoise__boundary_probe__nes__l0.5 calls=1021 margin 0.48->0.00 t=3.4s
[DONE] evaluation__8053__denoise__counterfactual__nes__l0.5 calls=1021 margin 0.48->-7.23 t=2.9s
[DONE] evaluation__8053__deblur__attack__nes__l1 calls=1021 margin 9.26->7.74 t=2.9s
[DONE] evaluation__8053__deblur__restore__nes__l1 calls=1021 margin 9.26->9.31 t=3.0s
[DONE] evaluation__8053__deblur__random_walk__random_walk__l1 calls=1024 margin 9.26->9.18 t=4.2s
[DONE] evaluation__8053__deblur__confidence_boost__nes__l1 calls=1021 margin 9.26->9.67 t=3.2s
[DONE] evaluation__8053__deblur__boundary_probe__nes__l1 calls=1021 margin 9.26->7.48 t=3.4s
[DONE] evaluation__8053__deblur__counterfactual__nes__l1 calls=1021 margin 9.26->7.65 t=3.2s
[DONE] evaluation__754__denoise__attack__nes__l0.5 calls=1021 margin 4.83->-10.03 t=3.0s
[DONE] evaluation__754__denoise__restore__nes__l0.5 calls=1021 margin 4.83->2.36 t=3.0s
[DONE] evaluation__754__denoise__random_walk__random_walk__l0.5 calls=1024 margin 4.83->-1.45 t=4.2s
[DONE] evaluation__754__denoise__confidence_boost__nes__l0.5 calls=1021 margin 4.83->10.12 t=3.3s
[DONE] evaluation__754__denoise__boundary_probe__nes__l0.5 calls=1021 margin 4.83->0.02 t=3.4s
[DONE] evaluation__754__denoise__counterfactual__nes__l0.5 calls=1021 margin 4.83->-9.11 t=3.2s
[DONE] evaluation__754__deblur__attack__nes__l1 calls=1021 margin 10.01->-10.89 t=3.1s
[DONE] evaluation__754__deblur__restore__nes__l1 calls=1021 margin 10.01->9.56 t=3.0s
[DONE] evaluation__754__deblur__random_walk__random_walk__l1 calls=1024 margin 10.01->7.27 t=4.5s
[DONE] evaluation__754__deblur__confidence_boost__nes__l1 calls=1021 margin 10.01->10.40 t=3.4s
[DONE] evaluation__754__deblur__boundary_probe__nes__l1 calls=1021 margin 10.01->0.11 t=3.3s
[DONE] evaluation__754__deblur__counterfactual__nes__l1 calls=1021 margin 10.01->-8.07 t=3.1s
[DONE] evaluation__2984__denoise__attack__nes__l0.5 calls=1021 margin 4.46->-4.94 t=2.9s
[DONE] evaluation__2984__denoise__restore__nes__l0.5 calls=1021 margin 4.46->4.81 t=3.2s
[DONE] evaluation__2984__denoise__random_walk__random_walk__l0.5 calls=1024 margin 4.46->6.19 t=4.5s
[DONE] evaluation__2984__denoise__confidence_boost__nes__l0.5 calls=1021 margin 4.46->9.93 t=3.2s
[DONE] evaluation__2984__denoise__boundary_probe__nes__l0.5 calls=1021 margin 4.46->0.00 t=3.1s
[DONE] evaluation__2984__denoise__counterfactual__nes__l0.5 calls=1021 margin 4.46->-5.92 t=3.3s
[DONE] evaluation__2984__deblur__attack__nes__l1 calls=1021 margin 10.08->8.37 t=3.2s
[DONE] evaluation__2984__deblur__restore__nes__l1 calls=1021 margin 10.08->10.01 t=2.9s
[DONE] evaluation__2984__deblur__random_walk__random_walk__l1 calls=1024 margin 10.08->9.82 t=4.4s
[DONE] evaluation__2984__deblur__confidence_boost__nes__l1 calls=1021 margin 10.08->10.11 t=3.0s
[DONE] evaluation__2984__deblur__boundary_probe__nes__l1 calls=1021 margin 10.08->10.07 t=3.3s
[DONE] evaluation__2984__deblur__counterfactual__nes__l1 calls=1021 margin 10.08->7.84 t=3.1s
[DONE] evaluation__6529__denoise__attack__nes__l0.5 calls=1021 margin 6.91->-9.28 t=2.8s
[DONE] evaluation__6529__denoise__restore__nes__l0.5 calls=1021 margin 6.91->7.24 t=3.2s
[DONE] evaluation__6529__denoise__random_walk__random_walk__l0.5 calls=1024 margin 6.91->8.10 t=4.3s
[DONE] evaluation__6529__denoise__confidence_boost__nes__l0.5 calls=1021 margin 6.91->10.32 t=2.9s
[DONE] evaluation__6529__denoise__boundary_probe__nes__l0.5 calls=1021 margin 6.91->0.02 t=3.0s
[DONE] evaluation__6529__denoise__counterfactual__nes__l0.5 calls=1021 margin 6.91->-7.84 t=3.2s
[DONE] evaluation__6529__deblur__attack__nes__l1 calls=1021 margin 9.62->0.25 t=3.2s
[DONE] evaluation__6529__deblur__restore__nes__l1 calls=1021 margin 9.62->9.53 t=2.7s
[DONE] evaluation__6529__deblur__random_walk__random_walk__l1 calls=1024 margin 9.62->9.94 t=4.2s
[DONE] evaluation__6529__deblur__confidence_boost__nes__l1 calls=1021 margin 9.62->10.14 t=3.1s
[DONE] evaluation__6529__deblur__boundary_probe__nes__l1 calls=1021 margin 9.62->5.28 t=3.2s
[DONE] evaluation__6529__deblur__counterfactual__nes__l1 calls=1021 margin 9.62->0.07 t=3.3s
[DONE] evaluation__115__denoise__attack__nes__l0.5 calls=1021 margin 1.01->-10.92 t=2.9s
[DONE] evaluation__115__denoise__restore__nes__l0.5 calls=1021 margin 1.01->2.07 t=3.2s
[DONE] evaluation__115__denoise__random_walk__random_walk__l0.5 calls=1024 margin 1.01->-5.87 t=4.6s
[DONE] evaluation__115__denoise__confidence_boost__nes__l0.5 calls=1021 margin 1.01->8.83 t=3.2s
[DONE] evaluation__115__denoise__boundary_probe__nes__l0.5 calls=1021 margin 1.01->0.08 t=3.4s
[DONE] evaluation__115__denoise__counterfactual__nes__l0.5 calls=1021 margin 1.01->-8.37 t=3.3s
[DONE] evaluation__115__deblur__attack__nes__l1 calls=1021 margin 8.93->6.68 t=3.1s
[DONE] evaluation__115__deblur__restore__nes__l1 calls=1021 margin 8.93->9.08 t=3.1s
[DONE] evaluation__115__deblur__random_walk__random_walk__l1 calls=1024 margin 8.93->6.60 t=4.4s
[DONE] evaluation__115__deblur__confidence_boost__nes__l1 calls=1021 margin 8.93->9.43 t=3.0s
[DONE] evaluation__115__deblur__boundary_probe__nes__l1 calls=1021 margin 8.93->2.13 t=3.2s
[DONE] evaluation__115__deblur__counterfactual__nes__l1 calls=1021 margin 8.93->6.14 t=3.1s
[DONE] evaluation__3413__denoise__attack__nes__l0.5 calls=1021 margin 2.50->-9.70 t=3.2s
[DONE] evaluation__3413__denoise__restore__nes__l0.5 calls=1021 margin 2.50->3.64 t=3.0s
[DONE] evaluation__3413__denoise__random_walk__random_walk__l0.5 calls=1024 margin 2.50->-0.12 t=4.5s
[DONE] evaluation__3413__denoise__confidence_boost__nes__l0.5 calls=1021 margin 2.50->9.14 t=2.9s
[DONE] evaluation__3413__denoise__boundary_probe__nes__l0.5 calls=1021 margin 2.50->0.04 t=3.3s
[DONE] evaluation__3413__denoise__counterfactual__nes__l0.5 calls=1021 margin 2.50->-8.38 t=3.2s
[DONE] evaluation__3413__deblur__attack__nes__l1 calls=1021 margin 8.18->-2.87 t=3.0s
[DONE] evaluation__3413__deblur__restore__nes__l1 calls=1021 margin 8.18->7.66 t=3.1s
[DONE] evaluation__3413__deblur__random_walk__random_walk__l1 calls=1024 margin 8.18->6.74 t=4.5s
[DONE] evaluation__3413__deblur__confidence_boost__nes__l1 calls=1021 margin 8.18->9.55 t=2.7s
[DONE] evaluation__3413__deblur__boundary_probe__nes__l1 calls=1021 margin 8.18->0.03 t=3.0s
[DONE] evaluation__3413__deblur__counterfactual__nes__l1 calls=1021 margin 8.18->-5.36 t=3.2s
[DONE] evaluation__6587__denoise__attack__nes__l0.5 calls=1021 margin 4.90->-5.36 t=3.2s
[DONE] evaluation__6587__denoise__restore__nes__l0.5 calls=1021 margin 4.90->5.26 t=2.9s
[DONE] evaluation__6587__denoise__random_walk__random_walk__l0.5 calls=1024 margin 4.90->5.08 t=4.5s
[DONE] evaluation__6587__denoise__confidence_boost__nes__l0.5 calls=1021 margin 4.90->9.17 t=3.1s
[DONE] evaluation__6587__denoise__boundary_probe__nes__l0.5 calls=1021 margin 4.90->0.07 t=3.2s
[DONE] evaluation__6587__denoise__counterfactual__nes__l0.5 calls=1021 margin 4.90->-5.70 t=3.3s
[DONE] evaluation__6587__deblur__attack__nes__l1 calls=1021 margin 9.22->5.79 t=3.1s
[DONE] evaluation__6587__deblur__restore__nes__l1 calls=1021 margin 9.22->9.31 t=3.0s
[DONE] evaluation__6587__deblur__random_walk__random_walk__l1 calls=1024 margin 9.22->9.21 t=4.4s
[DONE] evaluation__6587__deblur__confidence_boost__nes__l1 calls=1021 margin 9.22->9.72 t=2.7s
[DONE] evaluation__6587__deblur__boundary_probe__nes__l1 calls=1021 margin 9.22->8.21 t=2.8s
[DONE] evaluation__6587__deblur__counterfactual__nes__l1 calls=1021 margin 9.22->6.11 t=3.1s
[DONE] evaluation__8526__denoise__attack__nes__l0.5 calls=1021 margin 5.60->-9.50 t=3.3s
[DONE] evaluation__8526__denoise__restore__nes__l0.5 calls=1021 margin 5.60->6.89 t=3.1s
[DONE] evaluation__8526__denoise__random_walk__random_walk__l0.5 calls=1024 margin 5.60->6.34 t=4.3s
[DONE] evaluation__8526__denoise__confidence_boost__nes__l0.5 calls=1021 margin 5.60->9.74 t=3.1s
[DONE] evaluation__8526__denoise__boundary_probe__nes__l0.5 calls=1021 margin 5.60->0.06 t=3.1s
[DONE] evaluation__8526__denoise__counterfactual__nes__l0.5 calls=1021 margin 5.60->-8.66 t=3.2s
[DONE] evaluation__8526__deblur__attack__nes__l1 calls=1021 margin 8.77->8.05 t=3.4s
[DONE] evaluation__8526__deblur__restore__nes__l1 calls=1021 margin 8.77->8.73 t=3.2s
[DONE] evaluation__8526__deblur__random_walk__random_walk__l1 calls=1024 margin 8.77->8.98 t=4.2s
[DONE] evaluation__8526__deblur__confidence_boost__nes__l1 calls=1021 margin 8.77->9.44 t=3.1s
[DONE] evaluation__8526__deblur__boundary_probe__nes__l1 calls=1021 margin 8.77->0.55 t=3.3s
[DONE] evaluation__8526__deblur__counterfactual__nes__l1 calls=1021 margin 8.77->3.14 t=3.6s
[DONE] evaluation__3510__denoise__attack__nes__l0.5 calls=1021 margin 4.37->-10.49 t=3.2s
[DONE] evaluation__3510__denoise__restore__nes__l0.5 calls=1021 margin 4.37->5.10 t=3.1s
[DONE] evaluation__3510__denoise__random_walk__random_walk__l0.5 calls=1024 margin 4.37->4.21 t=4.7s
[DONE] evaluation__3510__denoise__confidence_boost__nes__l0.5 calls=1021 margin 4.37->10.37 t=2.8s
[DONE] evaluation__3510__denoise__boundary_probe__nes__l0.5 calls=1021 margin 4.37->0.17 t=3.1s
[DONE] evaluation__3510__denoise__counterfactual__nes__l0.5 calls=1021 margin 4.37->-8.26 t=2.9s
[DONE] evaluation__3510__deblur__attack__nes__l1 calls=1021 margin 4.98->-9.89 t=3.0s
[DONE] evaluation__3510__deblur__restore__nes__l1 calls=1021 margin 4.98->7.34 t=3.1s
[DONE] evaluation__3510__deblur__random_walk__random_walk__l1 calls=1024 margin 4.98->8.72 t=4.2s
[DONE] evaluation__3510__deblur__confidence_boost__nes__l1 calls=1021 margin 4.98->10.57 t=3.0s
[DONE] evaluation__3510__deblur__boundary_probe__nes__l1 calls=1021 margin 4.98->0.03 t=3.1s
[DONE] evaluation__3510__deblur__counterfactual__nes__l1 calls=1021 margin 4.98->-8.99 t=3.4s
[DONE] evaluation__4627__denoise__attack__nes__l0.5 calls=1021 margin 7.86->-8.76 t=3.1s
[DONE] evaluation__4627__denoise__restore__nes__l0.5 calls=1021 margin 7.86->8.18 t=3.2s
[DONE] evaluation__4627__denoise__random_walk__random_walk__l0.5 calls=1024 margin 7.86->4.90 t=4.6s
[DONE] evaluation__4627__denoise__confidence_boost__nes__l0.5 calls=1021 margin 7.86->10.88 t=3.0s
[DONE] evaluation__4627__denoise__boundary_probe__nes__l0.5 calls=1021 margin 7.86->0.02 t=3.1s
[DONE] evaluation__4627__denoise__counterfactual__nes__l0.5 calls=1021 margin 7.86->-8.12 t=3.1s
[DONE] evaluation__4627__deblur__attack__nes__l1 calls=1021 margin 10.07->5.60 t=3.2s
[DONE] evaluation__4627__deblur__restore__nes__l1 calls=1021 margin 10.07->10.09 t=3.3s
[DONE] evaluation__4627__deblur__random_walk__random_walk__l1 calls=1024 margin 10.07->10.42 t=4.3s
[DONE] evaluation__4627__deblur__confidence_boost__nes__l1 calls=1021 margin 10.07->10.71 t=2.8s
[DONE] evaluation__4627__deblur__boundary_probe__nes__l1 calls=1021 margin 10.07->7.38 t=3.3s
[DONE] evaluation__4627__deblur__counterfactual__nes__l1 calls=1021 margin 10.07->7.24 t=3.2s
[DONE] evaluation__8823__denoise__attack__nes__l0.5 calls=1021 margin 8.16->-4.82 t=3.3s
[DONE] evaluation__8823__denoise__restore__nes__l0.5 calls=1021 margin 8.16->8.36 t=3.1s
[DONE] evaluation__8823__denoise__random_walk__random_walk__l0.5 calls=1024 margin 8.16->7.70 t=4.7s
[DONE] evaluation__8823__denoise__confidence_boost__nes__l0.5 calls=1021 margin 8.16->10.08 t=3.0s
[DONE] evaluation__8823__denoise__boundary_probe__nes__l0.5 calls=1021 margin 8.16->0.02 t=3.2s
[DONE] evaluation__8823__denoise__counterfactual__nes__l0.5 calls=1021 margin 8.16->-6.45 t=3.3s
[DONE] evaluation__8823__deblur__attack__nes__l1 calls=1021 margin 9.59->5.37 t=3.0s
[DONE] evaluation__8823__deblur__restore__nes__l1 calls=1021 margin 9.59->9.37 t=3.1s
[DONE] evaluation__8823__deblur__random_walk__random_walk__l1 calls=1024 margin 9.59->9.15 t=4.5s
[DONE] evaluation__8823__deblur__confidence_boost__nes__l1 calls=1021 margin 9.59->10.15 t=2.9s
[DONE] evaluation__8823__deblur__boundary_probe__nes__l1 calls=1021 margin 9.59->7.56 t=3.3s
[DONE] evaluation__8823__deblur__counterfactual__nes__l1 calls=1021 margin 9.59->5.74 t=3.2s
[DONE] evaluation__1586__denoise__attack__nes__l0.5 calls=1021 margin 7.59->-10.89 t=3.5s
[DONE] evaluation__1586__denoise__restore__nes__l0.5 calls=1021 margin 7.59->7.53 t=3.4s
[DONE] evaluation__1586__denoise__random_walk__random_walk__l0.5 calls=1024 margin 7.59->4.54 t=4.2s
[DONE] evaluation__1586__denoise__confidence_boost__nes__l0.5 calls=1021 margin 7.59->9.31 t=3.2s
[DONE] evaluation__1586__denoise__boundary_probe__nes__l0.5 calls=1021 margin 7.59->0.01 t=2.9s
[DONE] evaluation__1586__denoise__counterfactual__nes__l0.5 calls=1021 margin 7.59->-9.50 t=3.0s
[DONE] evaluation__1586__deblur__attack__nes__l1 calls=1021 margin 8.33->5.30 t=3.6s
[DONE] evaluation__1586__deblur__restore__nes__l1 calls=1021 margin 8.33->8.03 t=3.5s
[DONE] evaluation__1586__deblur__random_walk__random_walk__l1 calls=1024 margin 8.33->7.95 t=4.5s
[DONE] evaluation__1586__deblur__confidence_boost__nes__l1 calls=1021 margin 8.33->9.36 t=3.4s
[DONE] evaluation__1586__deblur__boundary_probe__nes__l1 calls=1021 margin 8.33->5.27 t=3.4s
[DONE] evaluation__1586__deblur__counterfactual__nes__l1 calls=1021 margin 8.33->5.24 t=3.8s
[DONE] evaluation__5984__denoise__attack__nes__l0.5 calls=1021 margin 0.11->-10.35 t=3.4s
[DONE] evaluation__5984__denoise__restore__nes__l0.5 calls=1021 margin 0.11->2.25 t=3.4s
[DONE] evaluation__5984__denoise__random_walk__random_walk__l0.5 calls=1024 margin 0.11->-2.97 t=4.5s
[DONE] evaluation__5984__denoise__confidence_boost__nes__l0.5 calls=1021 margin 0.11->9.37 t=3.3s
[DONE] evaluation__5984__denoise__boundary_probe__nes__l0.5 calls=1021 margin 0.11->0.04 t=3.3s
[DONE] evaluation__5984__denoise__counterfactual__nes__l0.5 calls=1021 margin 0.11->-8.11 t=3.4s
[DONE] evaluation__5984__deblur__attack__nes__l1 calls=1021 margin 9.54->5.82 t=3.2s
[DONE] evaluation__5984__deblur__restore__nes__l1 calls=1021 margin 9.54->9.62 t=3.2s
[DONE] evaluation__5984__deblur__random_walk__random_walk__l1 calls=1024 margin 9.54->9.46 t=4.4s
[DONE] evaluation__5984__deblur__confidence_boost__nes__l1 calls=1021 margin 9.54->10.05 t=2.9s
[DONE] evaluation__5984__deblur__boundary_probe__nes__l1 calls=1021 margin 9.54->7.08 t=3.2s
[DONE] evaluation__5984__deblur__counterfactual__nes__l1 calls=1021 margin 9.54->7.71 t=3.2s
[DONE] evaluation__7779__denoise__attack__nes__l0.5 calls=1021 margin 5.44->-8.07 t=3.1s
[DONE] evaluation__7779__denoise__restore__nes__l0.5 calls=1021 margin 5.44->5.90 t=3.2s
[DONE] evaluation__7779__denoise__random_walk__random_walk__l0.5 calls=1024 margin 5.44->3.57 t=4.3s
[DONE] evaluation__7779__denoise__confidence_boost__nes__l0.5 calls=1021 margin 5.44->8.84 t=3.2s
[DONE] evaluation__7779__denoise__boundary_probe__nes__l0.5 calls=1021 margin 5.44->0.10 t=3.3s
[DONE] evaluation__7779__denoise__counterfactual__nes__l0.5 calls=1021 margin 5.44->-8.18 t=3.4s
[DONE] evaluation__7779__deblur__attack__nes__l1 calls=1021 margin 9.08->3.53 t=3.2s
[DONE] evaluation__7779__deblur__restore__nes__l1 calls=1021 margin 9.08->8.99 t=3.1s
[DONE] evaluation__7779__deblur__random_walk__random_walk__l1 calls=1024 margin 9.08->9.09 t=4.6s
[DONE] evaluation__7779__deblur__confidence_boost__nes__l1 calls=1021 margin 9.08->9.77 t=3.2s
[DONE] evaluation__7779__deblur__boundary_probe__nes__l1 calls=1021 margin 9.08->4.22 t=3.3s
[DONE] evaluation__7779__deblur__counterfactual__nes__l1 calls=1021 margin 9.08->6.38 t=3.4s
[DONE] evaluation__861__denoise__attack__nes__l0.5 calls=1021 margin 9.51->2.31 t=3.2s
[DONE] evaluation__861__denoise__restore__nes__l0.5 calls=1021 margin 9.51->9.58 t=3.2s
[DONE] evaluation__861__denoise__random_walk__random_walk__l0.5 calls=1024 margin 9.51->9.81 t=4.4s
[DONE] evaluation__861__denoise__confidence_boost__nes__l0.5 calls=1021 margin 9.51->10.72 t=3.1s
[DONE] evaluation__861__denoise__boundary_probe__nes__l0.5 calls=1021 margin 9.51->1.94 t=3.3s
[DONE] evaluation__861__denoise__counterfactual__nes__l0.5 calls=1021 margin 9.51->2.34 t=3.6s
[DONE] evaluation__861__deblur__attack__nes__l1 calls=1021 margin 5.07->-9.60 t=3.5s
[DONE] evaluation__861__deblur__restore__nes__l1 calls=1021 margin 5.07->6.20 t=3.2s
[DONE] evaluation__861__deblur__random_walk__random_walk__l1 calls=1024 margin 5.07->5.69 t=4.6s
[DONE] evaluation__861__deblur__confidence_boost__nes__l1 calls=1021 margin 5.07->10.65 t=3.1s
[DONE] evaluation__861__deblur__boundary_probe__nes__l1 calls=1021 margin 5.07->0.00 t=3.6s
[DONE] evaluation__861__deblur__counterfactual__nes__l1 calls=1021 margin 5.07->-8.05 t=3.6s
[DONE] evaluation__1890__denoise__attack__nes__l0.5 calls=1021 margin 10.76->9.06 t=3.3s
[DONE] evaluation__1890__denoise__restore__nes__l0.5 calls=1021 margin 10.76->10.76 t=3.3s
[DONE] evaluation__1890__denoise__random_walk__random_walk__l0.5 calls=1024 margin 10.76->10.66 t=4.6s
[DONE] evaluation__1890__denoise__confidence_boost__nes__l0.5 calls=1021 margin 10.76->11.73 t=3.3s
[DONE] evaluation__1890__denoise__boundary_probe__nes__l0.5 calls=1021 margin 10.76->8.85 t=3.5s
[DONE] evaluation__1890__denoise__counterfactual__nes__l0.5 calls=1021 margin 10.76->9.06 t=3.2s
[DONE] evaluation__1890__deblur__attack__nes__l1 calls=1021 margin 9.11->-3.44 t=3.0s
[DONE] evaluation__1890__deblur__restore__nes__l1 calls=1021 margin 9.11->9.44 t=2.9s
[DONE] evaluation__1890__deblur__random_walk__random_walk__l1 calls=1024 margin 9.11->9.53 t=4.3s
[DONE] evaluation__1890__deblur__confidence_boost__nes__l1 calls=1021 margin 9.11->11.27 t=2.8s
[DONE] evaluation__1890__deblur__boundary_probe__nes__l1 calls=1021 margin 9.11->0.04 t=3.6s
[DONE] evaluation__1890__deblur__counterfactual__nes__l1 calls=1021 margin 9.11->-2.49 t=3.2s
[DONE] evaluation__6850__denoise__attack__nes__l0.5 calls=1021 margin 9.04->1.06 t=3.1s
[DONE] evaluation__6850__denoise__restore__nes__l0.5 calls=1021 margin 9.04->9.11 t=3.2s
[DONE] evaluation__6850__denoise__random_walk__random_walk__l0.5 calls=1024 margin 9.04->9.30 t=4.4s
[DONE] evaluation__6850__denoise__confidence_boost__nes__l0.5 calls=1021 margin 9.04->11.46 t=3.0s
[DONE] evaluation__6850__denoise__boundary_probe__nes__l0.5 calls=1021 margin 9.04->0.02 t=3.7s
[DONE] evaluation__6850__denoise__counterfactual__nes__l0.5 calls=1021 margin 9.04->0.33 t=3.3s
[DONE] evaluation__6850__deblur__attack__nes__l1 calls=1021 margin 9.34->-6.09 t=3.1s
[DONE] evaluation__6850__deblur__restore__nes__l1 calls=1021 margin 9.34->10.01 t=3.2s
[DONE] evaluation__6850__deblur__random_walk__random_walk__l1 calls=1024 margin 9.34->10.56 t=4.7s
[DONE] evaluation__6850__deblur__confidence_boost__nes__l1 calls=1021 margin 9.34->11.76 t=3.0s
[DONE] evaluation__6850__deblur__boundary_probe__nes__l1 calls=1021 margin 9.34->0.20 t=3.4s
[DONE] evaluation__6850__deblur__counterfactual__nes__l1 calls=1021 margin 9.34->-7.37 t=3.2s
[DONE] evaluation__8346__denoise__attack__nes__l0.5 calls=1021 margin 10.17->6.85 t=3.0s
[DONE] evaluation__8346__denoise__restore__nes__l0.5 calls=1021 margin 10.17->10.14 t=3.3s
[DONE] evaluation__8346__denoise__random_walk__random_walk__l0.5 calls=1024 margin 10.17->9.92 t=4.7s
[DONE] evaluation__8346__denoise__confidence_boost__nes__l0.5 calls=1021 margin 10.17->11.88 t=3.1s
[DONE] evaluation__8346__denoise__boundary_probe__nes__l0.5 calls=1021 margin 10.17->6.81 t=3.5s
[DONE] evaluation__8346__denoise__counterfactual__nes__l0.5 calls=1021 margin 10.17->6.56 t=3.1s
[DONE] evaluation__8346__deblur__attack__nes__l1 calls=1021 margin 2.65->-9.55 t=3.1s
[DONE] evaluation__8346__deblur__restore__nes__l1 calls=1021 margin 2.65->2.66 t=2.8s
[DONE] evaluation__8346__deblur__random_walk__random_walk__l1 calls=1024 margin 2.65->7.59 t=4.6s
[DONE] evaluation__8346__deblur__confidence_boost__nes__l1 calls=1021 margin 2.65->10.02 t=3.1s
[DONE] evaluation__8346__deblur__boundary_probe__nes__l1 calls=1021 margin 2.65->0.00 t=3.1s
[DONE] evaluation__8346__deblur__counterfactual__nes__l1 calls=1021 margin 2.65->-9.15 t=3.0s
[DONE] evaluation__2004__denoise__attack__nes__l0.5 calls=1021 margin 8.51->7.26 t=2.9s
[DONE] evaluation__2004__denoise__restore__nes__l0.5 calls=1021 margin 8.51->8.57 t=3.3s
[DONE] evaluation__2004__denoise__random_walk__random_walk__l0.5 calls=1024 margin 8.51->8.46 t=4.5s
[DONE] evaluation__2004__denoise__confidence_boost__nes__l0.5 calls=1021 margin 8.51->8.86 t=3.1s
[DONE] evaluation__2004__denoise__boundary_probe__nes__l0.5 calls=1021 margin 8.51->7.11 t=3.3s
[DONE] evaluation__2004__denoise__counterfactual__nes__l0.5 calls=1021 margin 8.51->7.12 t=3.1s
[DONE] evaluation__2004__deblur__attack__nes__l1 calls=1021 margin 7.93->5.80 t=3.1s
[DONE] evaluation__2004__deblur__restore__nes__l1 calls=1021 margin 7.93->8.10 t=3.4s
[DONE] evaluation__2004__deblur__random_walk__random_walk__l1 calls=1024 margin 7.93->7.90 t=4.6s
[DONE] evaluation__2004__deblur__confidence_boost__nes__l1 calls=1021 margin 7.93->8.81 t=3.3s
[DONE] evaluation__2004__deblur__boundary_probe__nes__l1 calls=1021 margin 7.93->5.96 t=3.4s
[DONE] evaluation__2004__deblur__counterfactual__nes__l1 calls=1021 margin 7.93->5.87 t=3.1s
[DONE] evaluation__4100__denoise__attack__nes__l0.5 calls=1021 margin 8.58->-0.35 t=3.2s
[DONE] evaluation__4100__denoise__restore__nes__l0.5 calls=1021 margin 8.58->8.59 t=3.0s
[DONE] evaluation__4100__denoise__random_walk__random_walk__l0.5 calls=1024 margin 8.58->8.93 t=4.4s
[DONE] evaluation__4100__denoise__confidence_boost__nes__l0.5 calls=1021 margin 8.58->9.60 t=3.3s
[DONE] evaluation__4100__denoise__boundary_probe__nes__l0.5 calls=1021 margin 8.58->0.66 t=3.2s
[DONE] evaluation__4100__denoise__counterfactual__nes__l0.5 calls=1021 margin 8.58->1.01 t=3.1s
[DONE] evaluation__4100__deblur__attack__nes__l1 calls=1021 margin 8.89->8.54 t=3.2s
[DONE] evaluation__4100__deblur__restore__nes__l1 calls=1021 margin 8.89->8.92 t=3.0s
[DONE] evaluation__4100__deblur__random_walk__random_walk__l1 calls=1024 margin 8.89->9.19 t=4.8s
[DONE] evaluation__4100__deblur__confidence_boost__nes__l1 calls=1021 margin 8.89->9.78 t=3.4s
[DONE] evaluation__4100__deblur__boundary_probe__nes__l1 calls=1021 margin 8.89->8.46 t=3.2s
[DONE] evaluation__4100__deblur__counterfactual__nes__l1 calls=1021 margin 8.89->8.51 t=3.0s
[DONE] evaluation__7089__denoise__attack__nes__l0.5 calls=1021 margin 6.47->-5.85 t=2.9s
[DONE] evaluation__7089__denoise__restore__nes__l0.5 calls=1021 margin 6.47->6.51 t=3.1s
[DONE] evaluation__7089__denoise__random_walk__random_walk__l0.5 calls=1024 margin 6.47->6.28 t=4.6s
[DONE] evaluation__7089__denoise__confidence_boost__nes__l0.5 calls=1021 margin 6.47->8.39 t=3.2s
[DONE] evaluation__7089__denoise__boundary_probe__nes__l0.5 calls=1021 margin 6.47->0.03 t=3.1s
[DONE] evaluation__7089__denoise__counterfactual__nes__l0.5 calls=1021 margin 6.47->-1.74 t=3.2s
[DONE] evaluation__7089__deblur__attack__nes__l1 calls=1021 margin 7.99->5.60 t=3.1s
[DONE] evaluation__7089__deblur__restore__nes__l1 calls=1021 margin 7.99->7.85 t=2.9s
[DONE] evaluation__7089__deblur__random_walk__random_walk__l1 calls=1024 margin 7.99->8.28 t=4.5s
[DONE] evaluation__7089__deblur__confidence_boost__nes__l1 calls=1021 margin 7.99->9.42 t=3.4s
[DONE] evaluation__7089__deblur__boundary_probe__nes__l1 calls=1021 margin 7.99->5.07 t=3.0s
[DONE] evaluation__7089__deblur__counterfactual__nes__l1 calls=1021 margin 7.99->4.88 t=3.0s
[DONE] evaluation__757__denoise__attack__nes__l0.5 calls=1021 margin 1.22->-8.53 t=2.8s
[DONE] evaluation__757__denoise__restore__nes__l0.5 calls=1021 margin 1.22->2.06 t=3.0s
[DONE] evaluation__757__denoise__random_walk__random_walk__l0.5 calls=1024 margin 1.22->-1.79 t=4.8s
[DONE] evaluation__757__denoise__confidence_boost__nes__l0.5 calls=1021 margin 1.22->8.22 t=3.3s
[DONE] evaluation__757__denoise__boundary_probe__nes__l0.5 calls=1021 margin 1.22->0.04 t=3.1s
[DONE] evaluation__757__denoise__counterfactual__nes__l0.5 calls=1021 margin 1.22->-7.50 t=2.9s
[DONE] evaluation__757__deblur__attack__nes__l1 calls=1021 margin 9.90->8.08 t=2.8s
[DONE] evaluation__757__deblur__restore__nes__l1 calls=1021 margin 9.90->9.84 t=3.2s
[DONE] evaluation__757__deblur__random_walk__random_walk__l1 calls=1024 margin 9.90->8.72 t=4.7s
[DONE] evaluation__757__deblur__confidence_boost__nes__l1 calls=1021 margin 9.90->10.30 t=3.2s
[DONE] evaluation__757__deblur__boundary_probe__nes__l1 calls=1021 margin 9.90->8.00 t=3.4s
[DONE] evaluation__757__deblur__counterfactual__nes__l1 calls=1021 margin 9.90->8.47 t=3.1s
[DONE] evaluation__2996__denoise__attack__nes__l0.5 calls=1021 margin 6.47->-0.22 t=3.1s
[DONE] evaluation__2996__denoise__restore__nes__l0.5 calls=1021 margin 6.47->6.89 t=3.0s
[DONE] evaluation__2996__denoise__random_walk__random_walk__l0.5 calls=1024 margin 6.47->7.06 t=4.5s
[DONE] evaluation__2996__denoise__confidence_boost__nes__l0.5 calls=1021 margin 6.47->8.98 t=3.3s
[DONE] evaluation__2996__denoise__boundary_probe__nes__l0.5 calls=1021 margin 6.47->0.02 t=3.3s
[DONE] evaluation__2996__denoise__counterfactual__nes__l0.5 calls=1021 margin 6.47->-0.89 t=2.9s
[DONE] evaluation__2996__deblur__attack__nes__l1 calls=1021 margin 9.65->8.64 t=3.1s
[DONE] evaluation__2996__deblur__restore__nes__l1 calls=1021 margin 9.65->9.62 t=2.9s
[DONE] evaluation__2996__deblur__random_walk__random_walk__l1 calls=1024 margin 9.65->9.67 t=4.6s
[DONE] evaluation__2996__deblur__confidence_boost__nes__l1 calls=1021 margin 9.65->10.42 t=3.1s
[DONE] evaluation__2996__deblur__boundary_probe__nes__l1 calls=1021 margin 9.65->8.56 t=3.4s
[DONE] evaluation__2996__deblur__counterfactual__nes__l1 calls=1021 margin 9.65->8.49 t=3.0s
[DONE] evaluation__7576__denoise__attack__nes__l0.5 calls=1021 margin 2.90->-5.33 t=2.7s
[DONE] evaluation__7576__denoise__restore__nes__l0.5 calls=1021 margin 2.90->2.67 t=3.1s
[DONE] evaluation__7576__denoise__random_walk__random_walk__l0.5 calls=1024 margin 2.90->2.69 t=4.7s
[DONE] evaluation__7576__denoise__confidence_boost__nes__l0.5 calls=1021 margin 2.90->7.20 t=3.0s
[DONE] evaluation__7576__denoise__boundary_probe__nes__l0.5 calls=1021 margin 2.90->0.01 t=3.2s
[DONE] evaluation__7576__denoise__counterfactual__nes__l0.5 calls=1021 margin 2.90->-5.62 t=3.1s
[DONE] evaluation__7576__deblur__attack__nes__l1 calls=1021 margin 9.52->8.02 t=3.0s
[DONE] evaluation__7576__deblur__restore__nes__l1 calls=1021 margin 9.52->9.48 t=3.0s
[DONE] evaluation__7576__deblur__random_walk__random_walk__l1 calls=1024 margin 9.52->8.84 t=4.6s
[DONE] evaluation__7576__deblur__confidence_boost__nes__l1 calls=1021 margin 9.52->10.57 t=3.4s
[DONE] evaluation__7576__deblur__boundary_probe__nes__l1 calls=1021 margin 9.52->7.67 t=3.4s
[DONE] evaluation__7576__deblur__counterfactual__nes__l1 calls=1021 margin 9.52->7.68 t=3.0s
[DONE] evaluation__217__denoise__attack__nes__l0.5 calls=1021 margin 0.23->-13.38 t=3.1s
[DONE] evaluation__217__denoise__restore__nes__l0.5 calls=1021 margin 0.23->1.65 t=3.0s
[DONE] evaluation__217__denoise__random_walk__random_walk__l0.5 calls=1024 margin 0.23->-5.28 t=4.5s
[DONE] evaluation__217__denoise__confidence_boost__nes__l0.5 calls=1021 margin 0.23->8.91 t=3.1s
[DONE] evaluation__217__denoise__boundary_probe__nes__l0.5 calls=1021 margin 0.23->0.00 t=3.2s
[DONE] evaluation__217__denoise__counterfactual__nes__l0.5 calls=1021 margin 0.23->-9.35 t=3.2s
[DONE] evaluation__217__deblur__attack__nes__l1 calls=1021 margin 8.36->-6.80 t=3.0s
[DONE] evaluation__217__deblur__restore__nes__l1 calls=1021 margin 8.36->8.45 t=3.0s
[DONE] evaluation__217__deblur__random_walk__random_walk__l1 calls=1024 margin 8.36->7.14 t=4.5s
[DONE] evaluation__217__deblur__confidence_boost__nes__l1 calls=1021 margin 8.36->10.06 t=3.0s
[DONE] evaluation__217__deblur__boundary_probe__nes__l1 calls=1021 margin 8.36->0.06 t=3.2s
[DONE] evaluation__217__deblur__counterfactual__nes__l1 calls=1021 margin 8.36->-7.06 t=3.3s
[DONE] evaluation__2873__denoise__attack__nes__l0.5 calls=1021 margin 6.66->1.56 t=3.0s
[DONE] evaluation__2873__denoise__restore__nes__l0.5 calls=1021 margin 6.66->6.30 t=3.0s
[DONE] evaluation__2873__denoise__random_walk__random_walk__l0.5 calls=1024 margin 6.66->6.63 t=4.5s
[DONE] evaluation__2873__denoise__confidence_boost__nes__l0.5 calls=1021 margin 6.66->8.85 t=2.9s
[DONE] evaluation__2873__denoise__boundary_probe__nes__l0.5 calls=1021 margin 6.66->1.50 t=3.4s
[DONE] evaluation__2873__denoise__counterfactual__nes__l0.5 calls=1021 margin 6.66->1.87 t=3.3s
[DONE] evaluation__2873__deblur__attack__nes__l1 calls=1021 margin 8.80->6.05 t=3.1s
[DONE] evaluation__2873__deblur__restore__nes__l1 calls=1021 margin 8.80->8.67 t=2.9s
[DONE] evaluation__2873__deblur__random_walk__random_walk__l1 calls=1024 margin 8.80->8.69 t=4.7s
[DONE] evaluation__2873__deblur__confidence_boost__nes__l1 calls=1021 margin 8.80->9.44 t=3.0s
[DONE] evaluation__2873__deblur__boundary_probe__nes__l1 calls=1021 margin 8.80->6.98 t=3.1s
[DONE] evaluation__2873__deblur__counterfactual__nes__l1 calls=1021 margin 8.80->6.69 t=3.5s
[DONE] evaluation__6642__denoise__attack__nes__l0.5 calls=1021 margin 3.95->-11.29 t=2.8s
[DONE] evaluation__6642__denoise__restore__nes__l0.5 calls=1021 margin 3.95->3.67 t=3.1s
[DONE] evaluation__6642__denoise__random_walk__random_walk__l0.5 calls=1024 margin 3.95->-0.50 t=4.8s
[DONE] evaluation__6642__denoise__confidence_boost__nes__l0.5 calls=1021 margin 3.95->9.23 t=3.1s
[DONE] evaluation__6642__denoise__boundary_probe__nes__l0.5 calls=1021 margin 3.95->0.05 t=3.2s
[DONE] evaluation__6642__denoise__counterfactual__nes__l0.5 calls=1021 margin 3.95->-5.45 t=3.3s
[DONE] evaluation__6642__deblur__attack__nes__l1 calls=1021 margin 9.01->-9.32 t=3.1s
[DONE] evaluation__6642__deblur__restore__nes__l1 calls=1021 margin 9.01->9.34 t=3.2s
[DONE] evaluation__6642__deblur__random_walk__random_walk__l1 calls=1024 margin 9.01->6.60 t=4.6s
[DONE] evaluation__6642__deblur__confidence_boost__nes__l1 calls=1021 margin 9.01->10.07 t=3.1s
[DONE] evaluation__6642__deblur__boundary_probe__nes__l1 calls=1021 margin 9.01->0.01 t=3.2s
[DONE] evaluation__6642__deblur__counterfactual__nes__l1 calls=1021 margin 9.01->0.13 t=3.2s
[DONE] evaluation__9594__denoise__attack__nes__l0.5 calls=1021 margin 4.63->-11.39 t=3.1s
[DONE] evaluation__9594__denoise__restore__nes__l0.5 calls=1021 margin 4.63->5.32 t=3.1s
[DONE] evaluation__9594__denoise__random_walk__random_walk__l0.5 calls=1024 margin 4.63->3.95 t=4.7s
[DONE] evaluation__9594__denoise__confidence_boost__nes__l0.5 calls=1021 margin 4.63->9.10 t=3.3s
[DONE] evaluation__9594__denoise__boundary_probe__nes__l0.5 calls=1021 margin 4.63->0.02 t=3.2s
[DONE] evaluation__9594__denoise__counterfactual__nes__l0.5 calls=1021 margin 4.63->-10.36 t=3.6s
[DONE] evaluation__9594__deblur__attack__nes__l1 calls=1021 margin 7.67->-10.33 t=3.1s
[DONE] evaluation__9594__deblur__restore__nes__l1 calls=1021 margin 7.67->8.14 t=3.0s
[DONE] evaluation__9594__deblur__random_walk__random_walk__l1 calls=1024 margin 7.67->7.33 t=4.4s
[DONE] evaluation__9594__deblur__confidence_boost__nes__l1 calls=1021 margin 7.67->9.88 t=2.7s
[DONE] evaluation__9594__deblur__boundary_probe__nes__l1 calls=1021 margin 7.67->0.18 t=3.2s
[DONE] evaluation__9594__deblur__counterfactual__nes__l1 calls=1021 margin 7.67->1.37 t=3.3s
[DONE] fit__5124__denoise__attack__nes__l0.5 calls=1021 margin 3.97->-6.78 t=3.3s
[DONE] fit__5124__denoise__restore__nes__l0.5 calls=1021 margin 3.97->4.11 t=2.9s
[DONE] fit__5124__denoise__random_walk__random_walk__l0.5 calls=1024 margin 3.97->1.95 t=4.8s
[DONE] fit__5124__denoise__confidence_boost__nes__l0.5 calls=1021 margin 3.97->8.16 t=3.3s
[DONE] fit__5124__denoise__boundary_probe__nes__l0.5 calls=1021 margin 3.97->0.03 t=3.4s
[DONE] fit__5124__denoise__counterfactual__nes__l0.5 calls=1021 margin 3.97->-7.28 t=3.1s
[DONE] fit__5124__deblur__attack__nes__l1 calls=1021 margin 9.02->8.50 t=3.2s
[DONE] fit__5124__deblur__restore__nes__l1 calls=1021 margin 9.02->8.97 t=3.1s
[DONE] fit__5124__deblur__random_walk__random_walk__l1 calls=1024 margin 9.02->8.05 t=4.9s
[DONE] fit__5124__deblur__confidence_boost__nes__l1 calls=1021 margin 9.02->9.13 t=3.0s
[DONE] fit__5124__deblur__boundary_probe__nes__l1 calls=1021 margin 9.02->8.26 t=3.5s
[DONE] fit__5124__deblur__counterfactual__nes__l1 calls=1021 margin 9.02->8.13 t=3.0s
[DONE] fit__6__denoise__attack__nes__l0.5 calls=1021 margin 5.18->-6.00 t=3.0s
[DONE] fit__6__denoise__restore__nes__l0.5 calls=1021 margin 5.18->6.11 t=3.1s
[DONE] fit__6__denoise__random_walk__random_walk__l0.5 calls=1024 margin 5.18->6.50 t=4.8s
[DONE] fit__6__denoise__confidence_boost__nes__l0.5 calls=1021 margin 5.18->9.40 t=3.3s
[DONE] fit__6__denoise__boundary_probe__nes__l0.5 calls=1021 margin 5.18->0.02 t=3.1s
[DONE] fit__6__denoise__counterfactual__nes__l0.5 calls=1021 margin 5.18->-6.36 t=3.0s
[DONE] fit__6__deblur__attack__nes__l1 calls=1021 margin 5.95->-7.29 t=3.1s
[DONE] fit__6__deblur__restore__nes__l1 calls=1021 margin 5.95->4.97 t=3.2s
[DONE] fit__6__deblur__random_walk__random_walk__l1 calls=1024 margin 5.95->6.64 t=4.2s
[DONE] fit__6__deblur__confidence_boost__nes__l1 calls=1021 margin 5.95->9.20 t=3.2s
[DONE] fit__6__deblur__boundary_probe__nes__l1 calls=1021 margin 5.95->0.07 t=3.6s
[DONE] fit__6__deblur__counterfactual__nes__l1 calls=1021 margin 5.95->-6.73 t=3.4s
[DONE] fit__6788__denoise__attack__nes__l0.5 calls=1021 margin 9.32->5.73 t=3.1s
[DONE] fit__6788__denoise__restore__nes__l0.5 calls=1021 margin 9.32->9.41 t=3.3s
[DONE] fit__6788__denoise__random_walk__random_walk__l0.5 calls=1024 margin 9.32->9.46 t=4.7s
[DONE] fit__6788__denoise__confidence_boost__nes__l0.5 calls=1021 margin 9.32->10.08 t=3.3s
[DONE] fit__6788__denoise__boundary_probe__nes__l0.5 calls=1021 margin 9.32->5.84 t=3.2s
[DONE] fit__6788__denoise__counterfactual__nes__l0.5 calls=1021 margin 9.32->5.41 t=3.2s
[DONE] fit__6788__deblur__attack__nes__l1 calls=1021 margin 10.12->9.21 t=3.3s
[DONE] fit__6788__deblur__restore__nes__l1 calls=1021 margin 10.12->10.08 t=3.2s
[DONE] fit__6788__deblur__random_walk__random_walk__l1 calls=1024 margin 10.12->9.87 t=4.3s
[DONE] fit__6788__deblur__confidence_boost__nes__l1 calls=1021 margin 10.12->10.52 t=3.3s
[DONE] fit__6788__deblur__boundary_probe__nes__l1 calls=1021 margin 10.12->8.08 t=3.4s
[DONE] fit__6788__deblur__counterfactual__nes__l1 calls=1021 margin 10.12->8.22 t=3.1s
[DONE] fit__2315__denoise__attack__nes__l0.5 calls=1021 margin 9.57->6.04 t=2.9s
[DONE] fit__2315__denoise__restore__nes__l0.5 calls=1021 margin 9.57->9.53 t=3.2s
[DONE] fit__2315__denoise__random_walk__random_walk__l0.5 calls=1024 margin 9.57->9.75 t=4.2s
[DONE] fit__2315__denoise__confidence_boost__nes__l0.5 calls=1021 margin 9.57->10.02 t=2.9s
[DONE] fit__2315__denoise__boundary_probe__nes__l0.5 calls=1021 margin 9.57->5.29 t=3.3s
[DONE] fit__2315__denoise__counterfactual__nes__l0.5 calls=1021 margin 9.57->6.68 t=3.3s
[DONE] fit__2315__deblur__attack__nes__l1 calls=1021 margin 8.94->6.88 t=2.9s
[DONE] fit__2315__deblur__restore__nes__l1 calls=1021 margin 8.94->8.89 t=3.0s
[DONE] fit__2315__deblur__random_walk__random_walk__l1 calls=1024 margin 8.94->8.52 t=4.2s
[DONE] fit__2315__deblur__confidence_boost__nes__l1 calls=1021 margin 8.94->9.52 t=2.9s
[DONE] fit__2315__deblur__boundary_probe__nes__l1 calls=1021 margin 8.94->7.02 t=3.1s
[DONE] fit__2315__deblur__counterfactual__nes__l1 calls=1021 margin 8.94->7.13 t=3.3s
[DONE] fit__8318__denoise__attack__nes__l0.5 calls=1021 margin 7.20->-8.31 t=3.3s
[DONE] fit__8318__denoise__restore__nes__l0.5 calls=1021 margin 7.20->6.39 t=3.3s
[DONE] fit__8318__denoise__random_walk__random_walk__l0.5 calls=1024 margin 7.20->3.60 t=4.5s
[DONE] fit__8318__denoise__confidence_boost__nes__l0.5 calls=1021 margin 7.20->10.73 t=3.2s
[DONE] fit__8318__denoise__boundary_probe__nes__l0.5 calls=1021 margin 7.20->0.05 t=3.4s
[DONE] fit__8318__denoise__counterfactual__nes__l0.5 calls=1021 margin 7.20->-7.38 t=3.4s
[DONE] fit__8318__deblur__attack__nes__l1 calls=1021 margin 10.21->2.10 t=3.2s
[DONE] fit__8318__deblur__restore__nes__l1 calls=1021 margin 10.21->10.36 t=3.2s
[DONE] fit__8318__deblur__random_walk__random_walk__l1 calls=1024 margin 10.21->8.34 t=4.4s
[DONE] fit__8318__deblur__confidence_boost__nes__l1 calls=1021 margin 10.21->10.62 t=3.1s
[DONE] fit__8318__deblur__boundary_probe__nes__l1 calls=1021 margin 10.21->2.95 t=3.6s
[DONE] fit__8318__deblur__counterfactual__nes__l1 calls=1021 margin 10.21->3.59 t=3.4s
[DONE] fit__2526__denoise__attack__nes__l0.5 calls=1021 margin 4.81->-8.21 t=3.2s
[DONE] fit__2526__denoise__restore__nes__l0.5 calls=1021 margin 4.81->5.29 t=2.9s
[DONE] fit__2526__denoise__random_walk__random_walk__l0.5 calls=1024 margin 4.81->3.82 t=4.2s
[DONE] fit__2526__denoise__confidence_boost__nes__l0.5 calls=1021 margin 4.81->9.61 t=3.0s
[DONE] fit__2526__denoise__boundary_probe__nes__l0.5 calls=1021 margin 4.81->0.00 t=3.0s
[DONE] fit__2526__denoise__counterfactual__nes__l0.5 calls=1021 margin 4.81->-7.65 t=3.1s
[DONE] fit__2526__deblur__attack__nes__l1 calls=1021 margin 8.57->-9.82 t=2.9s
[DONE] fit__2526__deblur__restore__nes__l1 calls=1021 margin 8.57->8.54 t=3.1s
[DONE] fit__2526__deblur__random_walk__random_walk__l1 calls=1024 margin 8.57->9.46 t=4.6s
[DONE] fit__2526__deblur__confidence_boost__nes__l1 calls=1021 margin 8.57->9.68 t=3.0s
[DONE] fit__2526__deblur__boundary_probe__nes__l1 calls=1021 margin 8.57->0.02 t=3.3s
[DONE] fit__2526__deblur__counterfactual__nes__l1 calls=1021 margin 8.57->-0.18 t=3.1s
[DONE] fit__1315__denoise__attack__nes__l0.5 calls=1021 margin 6.15->-1.62 t=2.9s
[DONE] fit__1315__denoise__restore__nes__l0.5 calls=1021 margin 6.15->6.48 t=3.2s
[DONE] fit__1315__denoise__random_walk__random_walk__l0.5 calls=1024 margin 6.15->6.23 t=4.8s
[DONE] fit__1315__denoise__confidence_boost__nes__l0.5 calls=1021 margin 6.15->9.18 t=3.2s
[DONE] fit__1315__denoise__boundary_probe__nes__l0.5 calls=1021 margin 6.15->0.03 t=3.2s
[DONE] fit__1315__denoise__counterfactual__nes__l0.5 calls=1021 margin 6.15->-1.91 t=3.2s
[DONE] fit__1315__deblur__attack__nes__l1 calls=1021 margin 8.06->6.72 t=3.1s
[DONE] fit__1315__deblur__restore__nes__l1 calls=1021 margin 8.06->8.18 t=3.1s
[DONE] fit__1315__deblur__random_walk__random_walk__l1 calls=1024 margin 8.06->8.34 t=4.5s
[DONE] fit__1315__deblur__confidence_boost__nes__l1 calls=1021 margin 8.06->9.33 t=3.3s
[DONE] fit__1315__deblur__boundary_probe__nes__l1 calls=1021 margin 8.06->7.07 t=3.4s
[DONE] fit__1315__deblur__counterfactual__nes__l1 calls=1021 margin 8.06->6.68 t=3.4s
[DONE] fit__6582__denoise__attack__nes__l0.5 calls=1021 margin 10.09->9.55 t=3.2s
[DONE] fit__6582__denoise__restore__nes__l0.5 calls=1021 margin 10.09->10.07 t=3.2s
[DONE] fit__6582__denoise__random_walk__random_walk__l0.5 calls=1024 margin 10.09->10.16 t=4.8s
[DONE] fit__6582__denoise__confidence_boost__nes__l0.5 calls=1021 margin 10.09->10.65 t=3.4s
[DONE] fit__6582__denoise__boundary_probe__nes__l0.5 calls=1021 margin 10.09->9.44 t=3.2s
[DONE] fit__6582__denoise__counterfactual__nes__l0.5 calls=1021 margin 10.09->9.43 t=3.0s
[DONE] fit__6582__deblur__attack__nes__l1 calls=1021 margin 9.47->7.46 t=2.9s
[DONE] fit__6582__deblur__restore__nes__l1 calls=1021 margin 9.47->9.40 t=2.9s
[DONE] fit__6582__deblur__random_walk__random_walk__l1 calls=1024 margin 9.47->9.41 t=4.8s
[DONE] fit__6582__deblur__confidence_boost__nes__l1 calls=1021 margin 9.47->10.11 t=2.9s
[DONE] fit__6582__deblur__boundary_probe__nes__l1 calls=1021 margin 9.47->6.84 t=3.2s
[DONE] fit__6582__deblur__counterfactual__nes__l1 calls=1021 margin 9.47->7.35 t=3.2s
[DONE] fit__6199__denoise__attack__nes__l0.5 calls=1021 margin 8.50->-7.66 t=3.0s
[DONE] fit__6199__denoise__restore__nes__l0.5 calls=1021 margin 8.50->8.84 t=3.1s
[DONE] fit__6199__denoise__random_walk__random_walk__l0.5 calls=1024 margin 8.50->7.85 t=4.8s
[DONE] fit__6199__denoise__confidence_boost__nes__l0.5 calls=1021 margin 8.50->9.58 t=3.2s
[DONE] fit__6199__denoise__boundary_probe__nes__l0.5 calls=1021 margin 8.50->0.01 t=3.0s
[DONE] fit__6199__denoise__counterfactual__nes__l0.5 calls=1021 margin 8.50->-7.35 t=3.1s
[DONE] fit__6199__deblur__attack__nes__l1 calls=1021 margin 9.74->8.51 t=3.1s
[DONE] fit__6199__deblur__restore__nes__l1 calls=1021 margin 9.74->9.65 t=2.9s
[DONE] fit__6199__deblur__random_walk__random_walk__l1 calls=1024 margin 9.74->9.49 t=4.9s
[DONE] fit__6199__deblur__confidence_boost__nes__l1 calls=1021 margin 9.74->9.96 t=3.0s
[DONE] fit__6199__deblur__boundary_probe__nes__l1 calls=1021 margin 9.74->8.98 t=3.2s
[DONE] fit__6199__deblur__counterfactual__nes__l1 calls=1021 margin 9.74->9.02 t=3.1s
[DONE] fit__8789__denoise__attack__nes__l0.5 calls=1021 margin 6.34->-4.25 t=3.0s
[DONE] fit__8789__denoise__restore__nes__l0.5 calls=1021 margin 6.34->7.01 t=3.0s
[DONE] fit__8789__denoise__random_walk__random_walk__l0.5 calls=1024 margin 6.34->4.98 t=4.7s
[DONE] fit__8789__denoise__confidence_boost__nes__l0.5 calls=1021 margin 6.34->9.10 t=3.2s
[DONE] fit__8789__denoise__boundary_probe__nes__l0.5 calls=1021 margin 6.34->0.03 t=3.1s
[DONE] fit__8789__denoise__counterfactual__nes__l0.5 calls=1021 margin 6.34->-5.86 t=3.2s
[DONE] fit__8789__deblur__attack__nes__l1 calls=1021 margin 8.57->8.10 t=3.1s
[DONE] fit__8789__deblur__restore__nes__l1 calls=1021 margin 8.57->8.65 t=3.2s
[DONE] fit__8789__deblur__random_walk__random_walk__l1 calls=1024 margin 8.57->9.00 t=4.7s
[DONE] fit__8789__deblur__confidence_boost__nes__l1 calls=1021 margin 8.57->9.39 t=3.1s
[DONE] fit__8789__deblur__boundary_probe__nes__l1 calls=1021 margin 8.57->8.05 t=3.3s
[DONE] fit__8789__deblur__counterfactual__nes__l1 calls=1021 margin 8.57->8.05 t=3.0s
[DONE] fit__6088__denoise__attack__nes__l0.5 calls=1021 margin 10.40->-4.78 t=3.0s
[DONE] fit__6088__denoise__restore__nes__l0.5 calls=1021 margin 10.40->9.97 t=3.2s
[DONE] fit__6088__denoise__random_walk__random_walk__l0.5 calls=1024 margin 10.40->10.12 t=4.7s
[DONE] fit__6088__denoise__confidence_boost__nes__l0.5 calls=1021 margin 10.40->11.24 t=3.0s
[DONE] fit__6088__denoise__boundary_probe__nes__l0.5 calls=1021 margin 10.40->0.02 t=3.2s
[DONE] fit__6088__denoise__counterfactual__nes__l0.5 calls=1021 margin 10.40->-6.43 t=3.1s
[DONE] fit__6088__deblur__attack__nes__l1 calls=1021 margin 9.59->-9.78 t=3.1s
[DONE] fit__6088__deblur__restore__nes__l1 calls=1021 margin 9.59->10.24 t=3.3s
[DONE] fit__6088__deblur__random_walk__random_walk__l1 calls=1024 margin 9.59->9.98 t=4.8s
[DONE] fit__6088__deblur__confidence_boost__nes__l1 calls=1021 margin 9.59->11.32 t=3.3s
[DONE] fit__6088__deblur__boundary_probe__nes__l1 calls=1021 margin 9.59->0.10 t=3.1s
[DONE] fit__6088__deblur__counterfactual__nes__l1 calls=1021 margin 9.59->-7.99 t=3.0s
[DONE] fit__1209__denoise__attack__nes__l0.5 calls=1021 margin 6.78->-5.23 t=2.9s
[DONE] fit__1209__denoise__restore__nes__l0.5 calls=1021 margin 6.78->7.21 t=3.0s
[DONE] fit__1209__denoise__random_walk__random_walk__l0.5 calls=1024 margin 6.78->6.25 t=4.6s
[DONE] fit__1209__denoise__confidence_boost__nes__l0.5 calls=1021 margin 6.78->9.55 t=2.9s
[DONE] fit__1209__denoise__boundary_probe__nes__l0.5 calls=1021 margin 6.78->0.01 t=3.2s
[DONE] fit__1209__denoise__counterfactual__nes__l0.5 calls=1021 margin 6.78->-5.43 t=3.2s
[DONE] fit__1209__deblur__attack__nes__l1 calls=1021 margin 9.60->9.20 t=2.8s
[DONE] fit__1209__deblur__restore__nes__l1 calls=1021 margin 9.60->9.63 t=3.0s
[DONE] fit__1209__deblur__random_walk__random_walk__l1 calls=1024 margin 9.60->9.83 t=4.6s
[DONE] fit__1209__deblur__confidence_boost__nes__l1 calls=1021 margin 9.60->10.08 t=3.1s
[DONE] fit__1209__deblur__boundary_probe__nes__l1 calls=1021 margin 9.60->9.09 t=3.2s
[DONE] fit__1209__deblur__counterfactual__nes__l1 calls=1021 margin 9.60->9.06 t=3.1s
[DONE] fit__7380__denoise__attack__nes__l0.5 calls=1021 margin 5.79->-6.91 t=3.0s
[DONE] fit__7380__denoise__restore__nes__l0.5 calls=1021 margin 5.79->4.98 t=3.0s
[DONE] fit__7380__denoise__random_walk__random_walk__l0.5 calls=1024 margin 5.79->3.52 t=4.6s
[DONE] fit__7380__denoise__confidence_boost__nes__l0.5 calls=1021 margin 5.79->9.25 t=2.9s
[DONE] fit__7380__denoise__boundary_probe__nes__l0.5 calls=1021 margin 5.79->0.10 t=2.8s
[DONE] fit__7380__denoise__counterfactual__nes__l0.5 calls=1021 margin 5.79->-7.57 t=3.0s
[DONE] fit__7380__deblur__attack__nes__l1 calls=1021 margin 3.76->-10.68 t=2.8s
[DONE] fit__7380__deblur__restore__nes__l1 calls=1021 margin 3.76->3.34 t=2.9s
[DONE] fit__7380__deblur__random_walk__random_walk__l1 calls=1024 margin 3.76->-3.90 t=4.7s
[DONE] fit__7380__deblur__confidence_boost__nes__l1 calls=1021 margin 3.76->9.13 t=3.1s
[DONE] fit__7380__deblur__boundary_probe__nes__l1 calls=1021 margin 3.76->0.05 t=2.9s
[DONE] fit__7380__deblur__counterfactual__nes__l1 calls=1021 margin 3.76->-9.07 t=3.1s
[DONE] fit__3562__denoise__attack__nes__l0.5 calls=1021 margin 4.65->-3.47 t=3.1s
[DONE] fit__3562__denoise__restore__nes__l0.5 calls=1021 margin 4.65->4.70 t=3.0s
[DONE] fit__3562__denoise__random_walk__random_walk__l0.5 calls=1024 margin 4.65->4.80 t=4.8s
[DONE] fit__3562__denoise__confidence_boost__nes__l0.5 calls=1021 margin 4.65->8.63 t=3.0s
[DONE] fit__3562__denoise__boundary_probe__nes__l0.5 calls=1021 margin 4.65->0.02 t=3.2s
[DONE] fit__3562__denoise__counterfactual__nes__l0.5 calls=1021 margin 4.65->-4.97 t=3.2s
[DONE] fit__3562__deblur__attack__nes__l1 calls=1021 margin 9.63->2.83 t=3.0s
[DONE] fit__3562__deblur__restore__nes__l1 calls=1021 margin 9.63->9.64 t=3.3s
[DONE] fit__3562__deblur__random_walk__random_walk__l1 calls=1024 margin 9.63->6.79 t=4.5s
[DONE] fit__3562__deblur__confidence_boost__nes__l1 calls=1021 margin 9.63->10.49 t=3.2s
[DONE] fit__3562__deblur__boundary_probe__nes__l1 calls=1021 margin 9.63->4.28 t=2.9s
[DONE] fit__3562__deblur__counterfactual__nes__l1 calls=1021 margin 9.63->2.43 t=3.2s
[DONE] fit__6737__denoise__attack__nes__l0.5 calls=1021 margin 7.77->0.37 t=3.1s
[DONE] fit__6737__denoise__restore__nes__l0.5 calls=1021 margin 7.77->7.96 t=3.0s
[DONE] fit__6737__denoise__random_walk__random_walk__l0.5 calls=1024 margin 7.77->8.24 t=4.7s
[DONE] fit__6737__denoise__confidence_boost__nes__l0.5 calls=1021 margin 7.77->9.67 t=3.0s
[DONE] fit__6737__denoise__boundary_probe__nes__l0.5 calls=1021 margin 7.77->0.14 t=3.1s
[DONE] fit__6737__denoise__counterfactual__nes__l0.5 calls=1021 margin 7.77->-1.57 t=3.2s
[DONE] fit__6737__deblur__attack__nes__l1 calls=1021 margin 6.78->-8.52 t=3.2s
[DONE] fit__6737__deblur__restore__nes__l1 calls=1021 margin 6.78->7.29 t=3.2s
[DONE] fit__6737__deblur__random_walk__random_walk__l1 calls=1024 margin 6.78->6.35 t=4.7s
[DONE] fit__6737__deblur__confidence_boost__nes__l1 calls=1021 margin 6.78->10.03 t=3.2s
[DONE] fit__6737__deblur__boundary_probe__nes__l1 calls=1021 margin 6.78->0.06 t=3.1s
[DONE] fit__6737__deblur__counterfactual__nes__l1 calls=1021 margin 6.78->-7.86 t=3.1s
[DONE] fit__4928__denoise__attack__nes__l0.5 calls=1021 margin 6.23->-4.69 t=3.2s
[DONE] fit__4928__denoise__restore__nes__l0.5 calls=1021 margin 6.23->6.47 t=3.1s
[DONE] fit__4928__denoise__random_walk__random_walk__l0.5 calls=1024 margin 6.23->7.50 t=4.5s
[DONE] fit__4928__denoise__confidence_boost__nes__l0.5 calls=1021 margin 6.23->10.07 t=3.2s
[DONE] fit__4928__denoise__boundary_probe__nes__l0.5 calls=1021 margin 6.23->0.02 t=3.0s
[DONE] fit__4928__denoise__counterfactual__nes__l0.5 calls=1021 margin 6.23->-4.83 t=2.9s
[DONE] fit__4928__deblur__attack__nes__l1 calls=1021 margin 9.59->8.44 t=2.9s
[DONE] fit__4928__deblur__restore__nes__l1 calls=1021 margin 9.59->9.55 t=2.7s
[DONE] fit__4928__deblur__random_walk__random_walk__l1 calls=1024 margin 9.59->9.24 t=4.0s
[DONE] fit__4928__deblur__confidence_boost__nes__l1 calls=1021 margin 9.59->10.14 t=2.7s
[DONE] fit__4928__deblur__boundary_probe__nes__l1 calls=1021 margin 9.59->8.36 t=2.9s
[DONE] fit__4928__deblur__counterfactual__nes__l1 calls=1021 margin 9.59->8.30 t=2.9s
