Load BlackboxBench cifar model:  bbb_vgg19_bn
[INFO] Loading BlackboxBench CIFAR-10 checkpoint from checkpoints/blackboxbench_cifar10/ckpt/vgg19_bn/model_best.pth.tar
/home/sepi/projects/MCG-Blackbox/utils/load_models.py:71: FutureWarning: You are using `torch.load` with `weights_only=False` (the current default value), which uses the default pickle module implicitly. It is possible to construct malicious pickle data which will execute arbitrary code during unpickling (See https://github.com/pytorch/pytorch/blob/main/SECURITY.md#untrusted-models for more details). In a future release, the default value for `weights_only` will be flipped to `True`. This limits the functions that could be executed during unpickling. Arbitrary objects will no longer be allowed to be loaded via this mode unless they are explicitly allowlisted by the user via `torch.serialization.add_safe_globals`. We recommend you start setting `weights_only=True` for any use case where you don't have full control of the loaded file. Please open an issue on GitHub for any issues related to this experimental feature.
  checkpoint = torch.load(
[DONE] calibration__7616__denoise__attack__nes__l0.5 calls=1021 margin 1.91->-8.71 t=3.2s
[DONE] calibration__7616__denoise__restore__nes__l0.5 calls=1021 margin 1.91->1.53 t=2.9s
[DONE] calibration__7616__denoise__random_walk__random_walk__l0.5 calls=1024 margin 1.91->0.46 t=5.4s
[DONE] calibration__7616__denoise__confidence_boost__nes__l0.5 calls=1021 margin 1.91->7.90 t=2.7s
[DONE] calibration__7616__denoise__boundary_probe__nes__l0.5 calls=1021 margin 1.91->0.00 t=2.8s
[DONE] calibration__7616__denoise__counterfactual__nes__l0.5 calls=1021 margin 1.91->-7.77 t=3.3s
[DONE] calibration__7616__deblur__attack__nes__l1 calls=1021 margin 8.66->0.84 t=3.0s
[DONE] calibration__7616__deblur__restore__nes__l1 calls=1021 margin 8.66->8.53 t=2.9s
[DONE] calibration__7616__deblur__random_walk__random_walk__l1 calls=1024 margin 8.66->8.34 t=5.2s
[DONE] calibration__7616__deblur__confidence_boost__nes__l1 calls=1021 margin 8.66->9.27 t=2.8s
[DONE] calibration__7616__deblur__boundary_probe__nes__l1 calls=1021 margin 8.66->1.99 t=2.9s
[DONE] calibration__7616__deblur__counterfactual__nes__l1 calls=1021 margin 8.66->1.75 t=2.9s
[DONE] calibration__2694__denoise__attack__nes__l0.5 calls=1021 margin 7.48->5.15 t=3.0s
[DONE] calibration__2694__denoise__restore__nes__l0.5 calls=1021 margin 7.48->7.59 t=2.9s
[DONE] calibration__2694__denoise__random_walk__random_walk__l0.5 calls=1024 margin 7.48->7.37 t=5.0s
[DONE] calibration__2694__denoise__confidence_boost__nes__l0.5 calls=1021 margin 7.48->8.62 t=3.1s
[DONE] calibration__2694__denoise__boundary_probe__nes__l0.5 calls=1021 margin 7.48->5.18 t=2.8s
[DONE] calibration__2694__denoise__counterfactual__nes__l0.5 calls=1021 margin 7.48->5.25 t=3.1s
[DONE] calibration__2694__deblur__attack__nes__l1 calls=1021 margin 8.68->7.55 t=2.7s
[DONE] calibration__2694__deblur__restore__nes__l1 calls=1021 margin 8.68->8.62 t=2.9s
[DONE] calibration__2694__deblur__random_walk__random_walk__l1 calls=1024 margin 8.68->8.69 t=4.9s
[DONE] calibration__2694__deblur__confidence_boost__nes__l1 calls=1021 margin 8.68->9.81 t=3.1s
[DONE] calibration__2694__deblur__boundary_probe__nes__l1 calls=1021 margin 8.68->7.57 t=3.1s
[DONE] calibration__2694__deblur__counterfactual__nes__l1 calls=1021 margin 8.68->7.55 t=3.1s
[DONE] calibration__7894__denoise__attack__nes__l0.5 calls=1021 margin 6.91->-3.55 t=3.0s
[DONE] calibration__7894__denoise__restore__nes__l0.5 calls=1021 margin 6.91->6.90 t=2.9s
[DONE] calibration__7894__denoise__random_walk__random_walk__l0.5 calls=1024 margin 6.91->7.12 t=4.8s
[DONE] calibration__7894__denoise__confidence_boost__nes__l0.5 calls=1021 margin 6.91->9.10 t=3.1s
[DONE] calibration__7894__denoise__boundary_probe__nes__l0.5 calls=1021 margin 6.91->0.00 t=3.0s
[DONE] calibration__7894__denoise__counterfactual__nes__l0.5 calls=1021 margin 6.91->-3.88 t=3.0s
[DONE] calibration__7894__deblur__attack__nes__l1 calls=1021 margin 8.40->-0.47 t=3.0s
[DONE] calibration__7894__deblur__restore__nes__l1 calls=1021 margin 8.40->8.02 t=3.1s
[DONE] calibration__7894__deblur__random_walk__random_walk__l1 calls=1024 margin 8.40->7.21 t=4.7s
[DONE] calibration__7894__deblur__confidence_boost__nes__l1 calls=1021 margin 8.40->9.85 t=3.2s
[DONE] calibration__7894__deblur__boundary_probe__nes__l1 calls=1021 margin 8.40->0.16 t=3.3s
[DONE] calibration__7894__deblur__counterfactual__nes__l1 calls=1021 margin 8.40->-0.91 t=3.1s
[DONE] calibration__3733__denoise__attack__nes__l0.5 calls=1021 margin 3.18->-9.59 t=3.2s
[DONE] calibration__3733__denoise__restore__nes__l0.5 calls=1021 margin 3.18->3.81 t=3.0s
[DONE] calibration__3733__denoise__random_walk__random_walk__l0.5 calls=1024 margin 3.18->1.23 t=4.8s
[DONE] calibration__3733__denoise__confidence_boost__nes__l0.5 calls=1021 margin 3.18->10.13 t=3.3s
[DONE] calibration__3733__denoise__boundary_probe__nes__l0.5 calls=1021 margin 3.18->0.09 t=2.9s
[DONE] calibration__3733__denoise__counterfactual__nes__l0.5 calls=1021 margin 3.18->-7.76 t=3.1s
[DONE] calibration__3733__deblur__attack__nes__l1 calls=1021 margin 9.52->-4.22 t=3.1s
[DONE] calibration__3733__deblur__restore__nes__l1 calls=1021 margin 9.52->9.66 t=3.0s
[DONE] calibration__3733__deblur__random_walk__random_walk__l1 calls=1024 margin 9.52->10.02 t=4.6s
[DONE] calibration__3733__deblur__confidence_boost__nes__l1 calls=1021 margin 9.52->10.11 t=3.3s
[DONE] calibration__3733__deblur__boundary_probe__nes__l1 calls=1021 margin 9.52->0.05 t=3.1s
[DONE] calibration__3733__deblur__counterfactual__nes__l1 calls=1021 margin 9.52->-1.05 t=2.8s
[DONE] calibration__8988__denoise__attack__nes__l0.5 calls=1021 margin 9.45->7.22 t=2.9s
[DONE] calibration__8988__denoise__restore__nes__l0.5 calls=1021 margin 9.45->9.52 t=2.8s
[DONE] calibration__8988__denoise__random_walk__random_walk__l0.5 calls=1024 margin 9.45->9.78 t=4.4s
[DONE] calibration__8988__denoise__confidence_boost__nes__l0.5 calls=1021 margin 9.45->10.18 t=3.0s
[DONE] calibration__8988__denoise__boundary_probe__nes__l0.5 calls=1021 margin 9.45->7.33 t=3.1s
[DONE] calibration__8988__denoise__counterfactual__nes__l0.5 calls=1021 margin 9.45->7.48 t=2.9s
[DONE] calibration__8988__deblur__attack__nes__l1 calls=1021 margin 9.60->9.06 t=2.8s
[DONE] calibration__8988__deblur__restore__nes__l1 calls=1021 margin 9.60->9.48 t=2.9s
[DONE] calibration__8988__deblur__random_walk__random_walk__l1 calls=1024 margin 9.60->9.62 t=4.4s
[DONE] calibration__8988__deblur__confidence_boost__nes__l1 calls=1021 margin 9.60->10.37 t=3.2s
[DONE] calibration__8988__deblur__boundary_probe__nes__l1 calls=1021 margin 9.60->8.89 t=3.0s
[DONE] calibration__8988__deblur__counterfactual__nes__l1 calls=1021 margin 9.60->8.87 t=2.8s
[DONE] calibration__4914__denoise__attack__nes__l0.5 calls=1021 margin 1.14->-11.70 t=2.9s
[DONE] calibration__4914__denoise__restore__nes__l0.5 calls=1021 margin 1.14->1.52 t=3.2s
[DONE] calibration__4914__denoise__random_walk__random_walk__l0.5 calls=1024 margin 1.14->0.59 t=4.6s
[DONE] calibration__4914__denoise__confidence_boost__nes__l0.5 calls=1021 margin 1.14->8.90 t=3.4s
[DONE] calibration__4914__denoise__boundary_probe__nes__l0.5 calls=1021 margin 1.14->0.01 t=3.3s
[DONE] calibration__4914__denoise__counterfactual__nes__l0.5 calls=1021 margin 1.14->-8.53 t=3.2s
[DONE] calibration__4914__deblur__attack__nes__l1 calls=1021 margin 9.16->7.51 t=3.1s
[DONE] calibration__4914__deblur__restore__nes__l1 calls=1021 margin 9.16->9.09 t=3.1s
[DONE] calibration__4914__deblur__random_walk__random_walk__l1 calls=1024 margin 9.16->8.68 t=4.4s
[DONE] calibration__4914__deblur__confidence_boost__nes__l1 calls=1021 margin 9.16->9.59 t=3.2s
[DONE] calibration__4914__deblur__boundary_probe__nes__l1 calls=1021 margin 9.16->6.69 t=3.1s
[DONE] calibration__4914__deblur__counterfactual__nes__l1 calls=1021 margin 9.16->7.15 t=3.1s
[DONE] calibration__3447__denoise__attack__nes__l0.5 calls=1021 margin 3.61->-10.58 t=3.1s
[DONE] calibration__3447__denoise__restore__nes__l0.5 calls=1021 margin 3.61->1.52 t=3.0s
[DONE] calibration__3447__denoise__random_walk__random_walk__l0.5 calls=1024 margin 3.61->4.20 t=4.4s
[DONE] calibration__3447__denoise__confidence_boost__nes__l0.5 calls=1021 margin 3.61->10.00 t=3.2s
[DONE] calibration__3447__denoise__boundary_probe__nes__l0.5 calls=1021 margin 3.61->0.01 t=3.1s
[DONE] calibration__3447__denoise__counterfactual__nes__l0.5 calls=1021 margin 3.61->-8.28 t=3.0s
[DONE] calibration__3447__deblur__attack__nes__l1 calls=1021 margin 7.76->-8.00 t=3.3s
[DONE] calibration__3447__deblur__restore__nes__l1 calls=1021 margin 7.76->8.09 t=3.3s
[DONE] calibration__3447__deblur__random_walk__random_walk__l1 calls=1024 margin 7.76->6.92 t=4.6s
[DONE] calibration__3447__deblur__confidence_boost__nes__l1 calls=1021 margin 7.76->9.93 t=3.1s
[DONE] calibration__3447__deblur__boundary_probe__nes__l1 calls=1021 margin 7.76->0.06 t=3.2s
[DONE] calibration__3447__deblur__counterfactual__nes__l1 calls=1021 margin 7.76->-5.98 t=3.2s
[DONE] calibration__8500__denoise__attack__nes__l0.5 calls=1021 margin 10.19->5.06 t=3.1s
[DONE] calibration__8500__denoise__restore__nes__l0.5 calls=1021 margin 10.19->10.21 t=3.1s
[DONE] calibration__8500__denoise__random_walk__random_walk__l0.5 calls=1024 margin 10.19->10.20 t=4.6s
[DONE] calibration__8500__denoise__confidence_boost__nes__l0.5 calls=1021 margin 10.19->10.78 t=3.3s
[DONE] calibration__8500__denoise__boundary_probe__nes__l0.5 calls=1021 margin 10.19->7.40 t=3.0s
[DONE] calibration__8500__denoise__counterfactual__nes__l0.5 calls=1021 margin 10.19->6.03 t=2.9s
[DONE] calibration__8500__deblur__attack__nes__l1 calls=1021 margin 9.57->8.42 t=3.0s
[DONE] calibration__8500__deblur__restore__nes__l1 calls=1021 margin 9.57->9.44 t=2.9s
[DONE] calibration__8500__deblur__random_walk__random_walk__l1 calls=1024 margin 9.57->9.36 t=4.3s
[DONE] calibration__8500__deblur__confidence_boost__nes__l1 calls=1021 margin 9.57->10.23 t=3.1s
[DONE] calibration__8500__deblur__boundary_probe__nes__l1 calls=1021 margin 9.57->8.35 t=3.0s
[DONE] calibration__8500__deblur__counterfactual__nes__l1 calls=1021 margin 9.57->8.49 t=2.9s
[DONE] calibration__5673__denoise__attack__nes__l0.5 calls=1021 margin 6.10->-2.81 t=2.8s
[DONE] calibration__5673__denoise__restore__nes__l0.5 calls=1021 margin 6.10->6.73 t=3.0s
[DONE] calibration__5673__denoise__random_walk__random_walk__l0.5 calls=1024 margin 6.10->6.09 t=4.5s
[DONE] calibration__5673__denoise__confidence_boost__nes__l0.5 calls=1021 margin 6.10->8.84 t=3.4s
[DONE] calibration__5673__denoise__boundary_probe__nes__l0.5 calls=1021 margin 6.10->0.01 t=3.0s
[DONE] calibration__5673__denoise__counterfactual__nes__l0.5 calls=1021 margin 6.10->-2.01 t=2.8s
[DONE] calibration__5673__deblur__attack__nes__l1 calls=1021 margin 9.52->8.59 t=2.8s
[DONE] calibration__5673__deblur__restore__nes__l1 calls=1021 margin 9.52->9.63 t=3.2s
[DONE] calibration__5673__deblur__random_walk__random_walk__l1 calls=1024 margin 9.52->9.31 t=4.6s
[DONE] calibration__5673__deblur__confidence_boost__nes__l1 calls=1021 margin 9.52->10.04 t=3.1s
[DONE] calibration__5673__deblur__boundary_probe__nes__l1 calls=1021 margin 9.52->8.66 t=3.1s
[DONE] calibration__5673__deblur__counterfactual__nes__l1 calls=1021 margin 9.52->8.62 t=3.0s
[DONE] calibration__9654__denoise__attack__nes__l0.5 calls=1021 margin 2.32->-9.95 t=3.3s
[DONE] calibration__9654__denoise__restore__nes__l0.5 calls=1021 margin 2.32->1.60 t=2.8s
[DONE] calibration__9654__denoise__random_walk__random_walk__l0.5 calls=1024 margin 2.32->2.27 t=4.7s
[DONE] calibration__9654__denoise__confidence_boost__nes__l0.5 calls=1021 margin 2.32->9.84 t=3.1s
[DONE] calibration__9654__denoise__boundary_probe__nes__l0.5 calls=1021 margin 2.32->0.02 t=3.0s
[DONE] calibration__9654__denoise__counterfactual__nes__l0.5 calls=1021 margin 2.32->-8.64 t=3.1s
[DONE] calibration__9654__deblur__attack__nes__l1 calls=1021 margin 2.49->-9.14 t=3.2s
[DONE] calibration__9654__deblur__restore__nes__l1 calls=1021 margin 2.49->1.83 t=3.2s
[DONE] calibration__9654__deblur__random_walk__random_walk__l1 calls=1024 margin 2.49->-5.28 t=4.8s
[DONE] calibration__9654__deblur__confidence_boost__nes__l1 calls=1021 margin 2.49->8.99 t=3.1s
[DONE] calibration__9654__deblur__boundary_probe__nes__l1 calls=1021 margin 2.49->0.01 t=2.8s
[DONE] calibration__9654__deblur__counterfactual__nes__l1 calls=1021 margin 2.49->-8.14 t=3.1s
[DONE] calibration__5761__denoise__attack__nes__l0.5 calls=1021 margin 9.65->4.66 t=3.0s
[DONE] calibration__5761__denoise__restore__nes__l0.5 calls=1021 margin 9.65->9.66 t=3.1s
[DONE] calibration__5761__denoise__random_walk__random_walk__l0.5 calls=1024 margin 9.65->9.84 t=4.4s
[DONE] calibration__5761__denoise__confidence_boost__nes__l0.5 calls=1021 margin 9.65->10.98 t=2.8s
[DONE] calibration__5761__denoise__boundary_probe__nes__l0.5 calls=1021 margin 9.65->5.18 t=3.1s
[DONE] calibration__5761__denoise__counterfactual__nes__l0.5 calls=1021 margin 9.65->4.64 t=2.7s
[DONE] calibration__5761__deblur__attack__nes__l1 calls=1021 margin 9.48->6.63 t=2.7s
[DONE] calibration__5761__deblur__restore__nes__l1 calls=1021 margin 9.48->9.76 t=2.8s
[DONE] calibration__5761__deblur__random_walk__random_walk__l1 calls=1024 margin 9.48->10.14 t=4.9s
[DONE] calibration__5761__deblur__confidence_boost__nes__l1 calls=1021 margin 9.48->11.16 t=3.0s
[DONE] calibration__5761__deblur__boundary_probe__nes__l1 calls=1021 margin 9.48->5.41 t=3.6s
[DONE] calibration__5761__deblur__counterfactual__nes__l1 calls=1021 margin 9.48->5.50 t=3.2s
[DONE] calibration__1476__denoise__attack__nes__l0.5 calls=1021 margin 8.74->-2.84 t=3.0s
[DONE] calibration__1476__denoise__restore__nes__l0.5 calls=1021 margin 8.74->8.69 t=2.9s
[DONE] calibration__1476__denoise__random_walk__random_walk__l0.5 calls=1024 margin 8.74->7.21 t=4.8s
[DONE] calibration__1476__denoise__confidence_boost__nes__l0.5 calls=1021 margin 8.74->9.68 t=2.9s
[DONE] calibration__1476__denoise__boundary_probe__nes__l0.5 calls=1021 margin 8.74->0.02 t=3.2s
[DONE] calibration__1476__denoise__counterfactual__nes__l0.5 calls=1021 margin 8.74->-4.87 t=3.1s
[DONE] calibration__1476__deblur__attack__nes__l1 calls=1021 margin 9.65->7.87 t=3.0s
[DONE] calibration__1476__deblur__restore__nes__l1 calls=1021 margin 9.65->9.71 t=2.8s
[DONE] calibration__1476__deblur__random_walk__random_walk__l1 calls=1024 margin 9.65->9.67 t=4.8s
[DONE] calibration__1476__deblur__confidence_boost__nes__l1 calls=1021 margin 9.65->10.12 t=3.2s
[DONE] calibration__1476__deblur__boundary_probe__nes__l1 calls=1021 margin 9.65->9.04 t=3.2s
[DONE] calibration__1476__deblur__counterfactual__nes__l1 calls=1021 margin 9.65->9.00 t=3.2s
[DONE] calibration__5998__denoise__attack__nes__l0.5 calls=1021 margin 3.22->-12.57 t=2.9s
[DONE] calibration__5998__denoise__restore__nes__l0.5 calls=1021 margin 3.22->1.06 t=3.0s
[DONE] calibration__5998__denoise__random_walk__random_walk__l0.5 calls=1024 margin 3.22->3.76 t=4.6s
[DONE] calibration__5998__denoise__confidence_boost__nes__l0.5 calls=1021 margin 3.22->8.88 t=2.9s
[DONE] calibration__5998__denoise__boundary_probe__nes__l0.5 calls=1021 margin 3.22->0.13 t=3.0s
[DONE] calibration__5998__denoise__counterfactual__nes__l0.5 calls=1021 margin 3.22->-9.88 t=3.1s
[DONE] calibration__5998__deblur__attack__nes__l1 calls=1021 margin 7.83->-5.83 t=3.2s
[DONE] calibration__5998__deblur__restore__nes__l1 calls=1021 margin 7.83->7.45 t=3.0s
[DONE] calibration__5998__deblur__random_walk__random_walk__l1 calls=1024 margin 7.83->8.81 t=4.5s
[DONE] calibration__5998__deblur__confidence_boost__nes__l1 calls=1021 margin 7.83->9.04 t=3.0s
[DONE] calibration__5998__deblur__boundary_probe__nes__l1 calls=1021 margin 7.83->0.01 t=3.2s
[DONE] calibration__5998__deblur__counterfactual__nes__l1 calls=1021 margin 7.83->-5.73 t=3.2s
[DONE] calibration__4115__denoise__attack__nes__l0.5 calls=1021 margin 7.08->-4.93 t=2.8s
[DONE] calibration__4115__denoise__restore__nes__l0.5 calls=1021 margin 7.08->5.70 t=3.0s
[DONE] calibration__4115__denoise__random_walk__random_walk__l0.5 calls=1024 margin 7.08->7.17 t=4.6s
[DONE] calibration__4115__denoise__confidence_boost__nes__l0.5 calls=1021 margin 7.08->9.44 t=3.1s
[DONE] calibration__4115__denoise__boundary_probe__nes__l0.5 calls=1021 margin 7.08->0.00 t=3.1s
[DONE] calibration__4115__denoise__counterfactual__nes__l0.5 calls=1021 margin 7.08->-4.33 t=3.3s
[DONE] calibration__4115__deblur__attack__nes__l1 calls=1021 margin 10.63->8.55 t=3.3s
[DONE] calibration__4115__deblur__restore__nes__l1 calls=1021 margin 10.63->10.61 t=3.1s
[DONE] calibration__4115__deblur__random_walk__random_walk__l1 calls=1024 margin 10.63->10.44 t=4.8s
[DONE] calibration__4115__deblur__confidence_boost__nes__l1 calls=1021 margin 10.63->11.31 t=3.1s
[DONE] calibration__4115__deblur__boundary_probe__nes__l1 calls=1021 margin 10.63->8.51 t=3.1s
[DONE] calibration__4115__deblur__counterfactual__nes__l1 calls=1021 margin 10.63->9.44 t=3.1s
[DONE] calibration__9115__denoise__attack__nes__l0.5 calls=1021 margin 9.18->7.21 t=3.1s
[DONE] calibration__9115__denoise__restore__nes__l0.5 calls=1021 margin 9.18->9.13 t=3.0s
[DONE] calibration__9115__denoise__random_walk__random_walk__l0.5 calls=1024 margin 9.18->9.18 t=4.5s
[DONE] calibration__9115__denoise__confidence_boost__nes__l0.5 calls=1021 margin 9.18->10.00 t=2.9s
[DONE] calibration__9115__denoise__boundary_probe__nes__l0.5 calls=1021 margin 9.18->7.34 t=3.2s
[DONE] calibration__9115__denoise__counterfactual__nes__l0.5 calls=1021 margin 9.18->7.56 t=3.0s
[DONE] calibration__9115__deblur__attack__nes__l1 calls=1021 margin 10.01->8.97 t=3.1s
[DONE] calibration__9115__deblur__restore__nes__l1 calls=1021 margin 10.01->9.99 t=3.0s
[DONE] calibration__9115__deblur__random_walk__random_walk__l1 calls=1024 margin 10.01->9.75 t=4.3s
[DONE] calibration__9115__deblur__confidence_boost__nes__l1 calls=1021 margin 10.01->10.62 t=2.9s
[DONE] calibration__9115__deblur__boundary_probe__nes__l1 calls=1021 margin 10.01->8.94 t=2.8s
[DONE] calibration__9115__deblur__counterfactual__nes__l1 calls=1021 margin 10.01->9.00 t=3.4s
[DONE] calibration__7729__denoise__attack__nes__l0.5 calls=1021 margin 6.64->-2.24 t=3.2s
[DONE] calibration__7729__denoise__restore__nes__l0.5 calls=1021 margin 6.64->6.82 t=3.0s
[DONE] calibration__7729__denoise__random_walk__random_walk__l0.5 calls=1024 margin 6.64->6.49 t=4.4s
[DONE] calibration__7729__denoise__confidence_boost__nes__l0.5 calls=1021 margin 6.64->9.71 t=3.0s
[DONE] calibration__7729__denoise__boundary_probe__nes__l0.5 calls=1021 margin 6.64->0.04 t=3.0s
[DONE] calibration__7729__denoise__counterfactual__nes__l0.5 calls=1021 margin 6.64->-3.03 t=3.3s
[DONE] calibration__7729__deblur__attack__nes__l1 calls=1021 margin 9.03->4.59 t=3.0s
[DONE] calibration__7729__deblur__restore__nes__l1 calls=1021 margin 9.03->9.03 t=2.9s
[DONE] calibration__7729__deblur__random_walk__random_walk__l1 calls=1024 margin 9.03->9.13 t=4.4s
[DONE] calibration__7729__deblur__confidence_boost__nes__l1 calls=1021 margin 9.03->10.09 t=3.0s
[DONE] calibration__7729__deblur__boundary_probe__nes__l1 calls=1021 margin 9.03->3.03 t=3.1s
[DONE] calibration__7729__deblur__counterfactual__nes__l1 calls=1021 margin 9.03->3.72 t=2.9s
[DONE] evaluation__406__denoise__attack__nes__l0.5 calls=1021 margin 7.22->-0.39 t=3.2s
[DONE] evaluation__406__denoise__restore__nes__l0.5 calls=1021 margin 7.22->7.63 t=3.0s
[DONE] evaluation__406__denoise__random_walk__random_walk__l0.5 calls=1024 margin 7.22->5.89 t=4.3s
[DONE] evaluation__406__denoise__confidence_boost__nes__l0.5 calls=1021 margin 7.22->9.16 t=3.1s
[DONE] evaluation__406__denoise__boundary_probe__nes__l0.5 calls=1021 margin 7.22->0.10 t=3.2s
[DONE] evaluation__406__denoise__counterfactual__nes__l0.5 calls=1021 margin 7.22->0.03 t=3.3s
[DONE] evaluation__406__deblur__attack__nes__l1 calls=1021 margin 9.19->8.57 t=3.0s
[DONE] evaluation__406__deblur__restore__nes__l1 calls=1021 margin 9.19->9.20 t=3.1s
[DONE] evaluation__406__deblur__random_walk__random_walk__l1 calls=1024 margin 9.19->9.09 t=4.4s
[DONE] evaluation__406__deblur__confidence_boost__nes__l1 calls=1021 margin 9.19->9.44 t=3.1s
[DONE] evaluation__406__deblur__boundary_probe__nes__l1 calls=1021 margin 9.19->8.50 t=3.3s
[DONE] evaluation__406__deblur__counterfactual__nes__l1 calls=1021 margin 9.19->8.48 t=3.3s
[DONE] evaluation__6350__denoise__attack__nes__l0.5 calls=1021 margin 8.99->7.82 t=3.1s
[DONE] evaluation__6350__denoise__restore__nes__l0.5 calls=1021 margin 8.99->9.08 t=3.0s
[DONE] evaluation__6350__denoise__random_walk__random_walk__l0.5 calls=1024 margin 8.99->8.84 t=4.5s
[DONE] evaluation__6350__denoise__confidence_boost__nes__l0.5 calls=1021 margin 8.99->9.43 t=3.1s
[DONE] evaluation__6350__denoise__boundary_probe__nes__l0.5 calls=1021 margin 8.99->6.94 t=3.0s
[DONE] evaluation__6350__denoise__counterfactual__nes__l0.5 calls=1021 margin 8.99->7.30 t=3.1s
[DONE] evaluation__6350__deblur__attack__nes__l1 calls=1021 margin 9.07->8.27 t=3.1s
[DONE] evaluation__6350__deblur__restore__nes__l1 calls=1021 margin 9.07->9.09 t=3.1s
[DONE] evaluation__6350__deblur__random_walk__random_walk__l1 calls=1024 margin 9.07->9.03 t=4.4s
[DONE] evaluation__6350__deblur__confidence_boost__nes__l1 calls=1021 margin 9.07->9.51 t=3.1s
[DONE] evaluation__6350__deblur__boundary_probe__nes__l1 calls=1021 margin 9.07->8.28 t=3.1s
[DONE] evaluation__6350__deblur__counterfactual__nes__l1 calls=1021 margin 9.07->8.11 t=3.2s
[DONE] evaluation__9144__denoise__attack__nes__l0.5 calls=1021 margin 2.40->-10.99 t=3.2s
[DONE] evaluation__9144__denoise__restore__nes__l0.5 calls=1021 margin 2.40->1.06 t=3.1s
[DONE] evaluation__9144__denoise__random_walk__random_walk__l0.5 calls=1024 margin 2.40->-3.74 t=4.3s
[DONE] evaluation__9144__denoise__confidence_boost__nes__l0.5 calls=1021 margin 2.40->8.90 t=2.9s
[DONE] evaluation__9144__denoise__boundary_probe__nes__l0.5 calls=1021 margin 2.40->0.02 t=3.1s
[DONE] evaluation__9144__denoise__counterfactual__nes__l0.5 calls=1021 margin 2.40->-6.73 t=3.3s
[DONE] evaluation__9144__deblur__attack__nes__l1 calls=1021 margin 9.22->5.63 t=3.3s
[DONE] evaluation__9144__deblur__restore__nes__l1 calls=1021 margin 9.22->9.22 t=3.1s
[DONE] evaluation__9144__deblur__random_walk__random_walk__l1 calls=1024 margin 9.22->8.55 t=4.3s
[DONE] evaluation__9144__deblur__confidence_boost__nes__l1 calls=1021 margin 9.22->9.33 t=3.2s
[DONE] evaluation__9144__deblur__boundary_probe__nes__l1 calls=1021 margin 9.22->8.57 t=3.4s
[DONE] evaluation__9144__deblur__counterfactual__nes__l1 calls=1021 margin 9.22->8.37 t=3.1s
[DONE] evaluation__9991__denoise__attack__nes__l0.5 calls=1021 margin 3.10->-8.43 t=3.1s
[DONE] evaluation__9991__denoise__restore__nes__l0.5 calls=1021 margin 3.10->3.16 t=3.0s
[DONE] evaluation__9991__denoise__random_walk__random_walk__l0.5 calls=1024 margin 3.10->0.48 t=4.3s
[DONE] evaluation__9991__denoise__confidence_boost__nes__l0.5 calls=1021 margin 3.10->8.64 t=3.0s
[DONE] evaluation__9991__denoise__boundary_probe__nes__l0.5 calls=1021 margin 3.10->0.00 t=3.4s
[DONE] evaluation__9991__denoise__counterfactual__nes__l0.5 calls=1021 margin 3.10->-7.52 t=3.4s
[DONE] evaluation__9991__deblur__attack__nes__l1 calls=1021 margin 6.38->-7.81 t=2.9s
[DONE] evaluation__9991__deblur__restore__nes__l1 calls=1021 margin 6.38->7.26 t=2.9s
[DONE] evaluation__9991__deblur__random_walk__random_walk__l1 calls=1024 margin 6.38->8.26 t=4.2s
[DONE] evaluation__9991__deblur__confidence_boost__nes__l1 calls=1021 margin 6.38->9.24 t=3.0s
[DONE] evaluation__9991__deblur__boundary_probe__nes__l1 calls=1021 margin 6.38->0.02 t=3.1s
[DONE] evaluation__9991__deblur__counterfactual__nes__l1 calls=1021 margin 6.38->-7.42 t=3.2s
[DONE] evaluation__1706__denoise__attack__nes__l0.5 calls=1021 margin 8.19->-3.98 t=2.9s
[DONE] evaluation__1706__denoise__restore__nes__l0.5 calls=1021 margin 8.19->8.20 t=2.9s
[DONE] evaluation__1706__denoise__random_walk__random_walk__l0.5 calls=1024 margin 8.19->6.07 t=4.3s
[DONE] evaluation__1706__denoise__confidence_boost__nes__l0.5 calls=1021 margin 8.19->9.42 t=3.0s
[DONE] evaluation__1706__denoise__boundary_probe__nes__l0.5 calls=1021 margin 8.19->0.03 t=3.1s
[DONE] evaluation__1706__denoise__counterfactual__nes__l0.5 calls=1021 margin 8.19->-0.28 t=3.0s
[DONE] evaluation__1706__deblur__attack__nes__l1 calls=1021 margin 8.33->1.37 t=3.1s
[DONE] evaluation__1706__deblur__restore__nes__l1 calls=1021 margin 8.33->8.46 t=3.0s
[DONE] evaluation__1706__deblur__random_walk__random_walk__l1 calls=1024 margin 8.33->8.13 t=4.3s
[DONE] evaluation__1706__deblur__confidence_boost__nes__l1 calls=1021 margin 8.33->9.42 t=2.9s
[DONE] evaluation__1706__deblur__boundary_probe__nes__l1 calls=1021 margin 8.33->0.63 t=3.2s
[DONE] evaluation__1706__deblur__counterfactual__nes__l1 calls=1021 margin 8.33->4.09 t=3.2s
[DONE] evaluation__4647__denoise__attack__nes__l0.5 calls=1021 margin 7.23->-4.79 t=3.1s
[DONE] evaluation__4647__denoise__restore__nes__l0.5 calls=1021 margin 7.23->7.18 t=2.9s
[DONE] evaluation__4647__denoise__random_walk__random_walk__l0.5 calls=1024 margin 7.23->7.69 t=3.9s
[DONE] evaluation__4647__denoise__confidence_boost__nes__l0.5 calls=1021 margin 7.23->9.28 t=2.9s
[DONE] evaluation__4647__denoise__boundary_probe__nes__l0.5 calls=1021 margin 7.23->0.07 t=3.0s
[DONE] evaluation__4647__denoise__counterfactual__nes__l0.5 calls=1021 margin 7.23->-3.40 t=3.1s
[DONE] evaluation__4647__deblur__attack__nes__l1 calls=1021 margin 8.81->3.65 t=3.1s
[DONE] evaluation__4647__deblur__restore__nes__l1 calls=1021 margin 8.81->8.73 t=3.4s
[DONE] evaluation__4647__deblur__random_walk__random_walk__l1 calls=1024 margin 8.81->7.32 t=4.5s
[DONE] evaluation__4647__deblur__confidence_boost__nes__l1 calls=1021 margin 8.81->9.78 t=3.0s
[DONE] evaluation__4647__deblur__boundary_probe__nes__l1 calls=1021 margin 8.81->3.82 t=3.3s
[DONE] evaluation__4647__deblur__counterfactual__nes__l1 calls=1021 margin 8.81->3.13 t=3.3s
[DONE] evaluation__9016__denoise__attack__nes__l0.5 calls=1021 margin 2.60->-9.65 t=3.0s
[DONE] evaluation__9016__denoise__restore__nes__l0.5 calls=1021 margin 2.60->2.35 t=3.0s
[DONE] evaluation__9016__denoise__random_walk__random_walk__l0.5 calls=1024 margin 2.60->-2.21 t=4.1s
[DONE] evaluation__9016__denoise__confidence_boost__nes__l0.5 calls=1021 margin 2.60->8.63 t=3.1s
[DONE] evaluation__9016__denoise__boundary_probe__nes__l0.5 calls=1021 margin 2.60->0.02 t=3.1s
[DONE] evaluation__9016__denoise__counterfactual__nes__l0.5 calls=1021 margin 2.60->-8.96 t=3.2s
[DONE] evaluation__9016__deblur__attack__nes__l1 calls=1021 margin 9.68->8.10 t=3.4s
[DONE] evaluation__9016__deblur__restore__nes__l1 calls=1021 margin 9.68->9.73 t=3.5s
[DONE] evaluation__9016__deblur__random_walk__random_walk__l1 calls=1024 margin 9.68->9.11 t=4.6s
[DONE] evaluation__9016__deblur__confidence_boost__nes__l1 calls=1021 margin 9.68->9.91 t=2.9s
[DONE] evaluation__9016__deblur__boundary_probe__nes__l1 calls=1021 margin 9.68->7.98 t=3.1s
[DONE] evaluation__9016__deblur__counterfactual__nes__l1 calls=1021 margin 9.68->8.27 t=3.4s
[DONE] evaluation__1528__denoise__attack__nes__l0.5 calls=1021 margin 9.05->8.31 t=3.3s
[DONE] evaluation__1528__denoise__restore__nes__l0.5 calls=1021 margin 9.05->9.01 t=3.1s
[DONE] evaluation__1528__denoise__random_walk__random_walk__l0.5 calls=1024 margin 9.05->9.31 t=4.3s
[DONE] evaluation__1528__denoise__confidence_boost__nes__l0.5 calls=1021 margin 9.05->9.80 t=2.9s
[DONE] evaluation__1528__denoise__boundary_probe__nes__l0.5 calls=1021 margin 9.05->8.20 t=2.9s
[DONE] evaluation__1528__denoise__counterfactual__nes__l0.5 calls=1021 margin 9.05->8.18 t=2.9s
[DONE] evaluation__1528__deblur__attack__nes__l1 calls=1021 margin 9.16->9.03 t=3.2s
[DONE] evaluation__1528__deblur__restore__nes__l1 calls=1021 margin 9.16->9.15 t=3.2s
[DONE] evaluation__1528__deblur__random_walk__random_walk__l1 calls=1024 margin 9.16->9.38 t=4.5s
[DONE] evaluation__1528__deblur__confidence_boost__nes__l1 calls=1021 margin 9.16->9.58 t=3.0s
[DONE] evaluation__1528__deblur__boundary_probe__nes__l1 calls=1021 margin 9.16->8.79 t=2.9s
[DONE] evaluation__1528__deblur__counterfactual__nes__l1 calls=1021 margin 9.16->8.79 t=2.8s
[DONE] evaluation__3541__denoise__attack__nes__l0.5 calls=1021 margin 7.00->-6.91 t=3.3s
[DONE] evaluation__3541__denoise__restore__nes__l0.5 calls=1021 margin 7.00->5.43 t=3.2s
[DONE] evaluation__3541__denoise__random_walk__random_walk__l0.5 calls=1024 margin 7.00->6.96 t=4.5s
[DONE] evaluation__3541__denoise__confidence_boost__nes__l0.5 calls=1021 margin 7.00->9.59 t=3.2s
[DONE] evaluation__3541__denoise__boundary_probe__nes__l0.5 calls=1021 margin 7.00->0.05 t=2.7s
[DONE] evaluation__3541__denoise__counterfactual__nes__l0.5 calls=1021 margin 7.00->-6.48 t=3.2s
[DONE] evaluation__3541__deblur__attack__nes__l1 calls=1021 margin 8.75->4.27 t=3.0s
[DONE] evaluation__3541__deblur__restore__nes__l1 calls=1021 margin 8.75->8.61 t=2.9s
[DONE] evaluation__3541__deblur__random_walk__random_walk__l1 calls=1024 margin 8.75->8.38 t=4.2s
[DONE] evaluation__3541__deblur__confidence_boost__nes__l1 calls=1021 margin 8.75->10.15 t=2.7s
[DONE] evaluation__3541__deblur__boundary_probe__nes__l1 calls=1021 margin 8.75->3.10 t=3.0s
[DONE] evaluation__3541__deblur__counterfactual__nes__l1 calls=1021 margin 8.75->3.23 t=3.2s
[DONE] evaluation__6881__denoise__attack__nes__l0.5 calls=1021 margin 0.45->-10.46 t=2.9s
[DONE] evaluation__6881__denoise__restore__nes__l0.5 calls=1021 margin 0.45->1.83 t=3.1s
[DONE] evaluation__6881__denoise__random_walk__random_walk__l0.5 calls=1024 margin 0.45->-1.86 t=4.6s
[DONE] evaluation__6881__denoise__confidence_boost__nes__l0.5 calls=1021 margin 0.45->9.40 t=2.9s
[DONE] evaluation__6881__denoise__boundary_probe__nes__l0.5 calls=1021 margin 0.45->0.03 t=2.7s
[DONE] evaluation__6881__denoise__counterfactual__nes__l0.5 calls=1021 margin 0.45->-8.47 t=3.1s
[DONE] evaluation__6881__deblur__attack__nes__l1 calls=1021 margin 7.80->-6.72 t=3.2s
[DONE] evaluation__6881__deblur__restore__nes__l1 calls=1021 margin 7.80->7.25 t=3.0s
[DONE] evaluation__6881__deblur__random_walk__random_walk__l1 calls=1024 margin 7.80->6.14 t=4.6s
[DONE] evaluation__6881__deblur__confidence_boost__nes__l1 calls=1021 margin 7.80->9.44 t=2.8s
[DONE] evaluation__6881__deblur__boundary_probe__nes__l1 calls=1021 margin 7.80->0.04 t=2.8s
[DONE] evaluation__6881__deblur__counterfactual__nes__l1 calls=1021 margin 7.80->-7.46 t=3.0s
[DONE] evaluation__121__denoise__attack__nes__l0.5 calls=1021 margin 3.38->-8.58 t=3.0s
[DONE] evaluation__121__denoise__restore__nes__l0.5 calls=1021 margin 3.38->3.66 t=3.4s
[DONE] evaluation__121__denoise__random_walk__random_walk__l0.5 calls=1024 margin 3.38->0.56 t=4.8s
[DONE] evaluation__121__denoise__confidence_boost__nes__l0.5 calls=1021 margin 3.38->9.77 t=3.2s
[DONE] evaluation__121__denoise__boundary_probe__nes__l0.5 calls=1021 margin 3.38->0.01 t=3.1s
[DONE] evaluation__121__denoise__counterfactual__nes__l0.5 calls=1021 margin 3.38->-7.50 t=3.3s
[DONE] evaluation__121__deblur__attack__nes__l1 calls=1021 margin 8.89->-8.70 t=3.3s
[DONE] evaluation__121__deblur__restore__nes__l1 calls=1021 margin 8.89->9.10 t=2.9s
[DONE] evaluation__121__deblur__random_walk__random_walk__l1 calls=1024 margin 8.89->8.12 t=4.9s
[DONE] evaluation__121__deblur__confidence_boost__nes__l1 calls=1021 margin 8.89->9.66 t=2.8s
[DONE] evaluation__121__deblur__boundary_probe__nes__l1 calls=1021 margin 8.89->0.12 t=3.0s
[DONE] evaluation__121__deblur__counterfactual__nes__l1 calls=1021 margin 8.89->0.09 t=3.3s
[DONE] evaluation__3508__denoise__attack__nes__l0.5 calls=1021 margin 9.19->-3.32 t=3.2s
[DONE] evaluation__3508__denoise__restore__nes__l0.5 calls=1021 margin 9.19->9.24 t=3.1s
[DONE] evaluation__3508__denoise__random_walk__random_walk__l0.5 calls=1024 margin 9.19->8.83 t=4.6s
[DONE] evaluation__3508__denoise__confidence_boost__nes__l0.5 calls=1021 margin 9.19->9.81 t=2.9s
[DONE] evaluation__3508__denoise__boundary_probe__nes__l0.5 calls=1021 margin 9.19->0.02 t=2.8s
[DONE] evaluation__3508__denoise__counterfactual__nes__l0.5 calls=1021 margin 9.19->-5.07 t=3.2s
[DONE] evaluation__3508__deblur__attack__nes__l1 calls=1021 margin 8.84->8.18 t=3.1s
[DONE] evaluation__3508__deblur__restore__nes__l1 calls=1021 margin 8.84->8.86 t=3.2s
[DONE] evaluation__3508__deblur__random_walk__random_walk__l1 calls=1024 margin 8.84->8.64 t=4.6s
[DONE] evaluation__3508__deblur__confidence_boost__nes__l1 calls=1021 margin 8.84->9.26 t=3.0s
[DONE] evaluation__3508__deblur__boundary_probe__nes__l1 calls=1021 margin 8.84->0.86 t=3.0s
[DONE] evaluation__3508__deblur__counterfactual__nes__l1 calls=1021 margin 8.84->0.41 t=3.3s
[DONE] evaluation__7004__denoise__attack__nes__l0.5 calls=1021 margin 7.28->-7.59 t=3.1s
[DONE] evaluation__7004__denoise__restore__nes__l0.5 calls=1021 margin 7.28->7.52 t=2.7s
[DONE] evaluation__7004__denoise__random_walk__random_walk__l0.5 calls=1024 margin 7.28->4.65 t=4.7s
[DONE] evaluation__7004__denoise__confidence_boost__nes__l0.5 calls=1021 margin 7.28->9.12 t=3.0s
[DONE] evaluation__7004__denoise__boundary_probe__nes__l0.5 calls=1021 margin 7.28->0.06 t=3.0s
[DONE] evaluation__7004__denoise__counterfactual__nes__l0.5 calls=1021 margin 7.28->0.35 t=2.9s
[DONE] evaluation__7004__deblur__attack__nes__l1 calls=1021 margin 7.93->-3.46 t=3.1s
[DONE] evaluation__7004__deblur__restore__nes__l1 calls=1021 margin 7.93->7.61 t=3.1s
[DONE] evaluation__7004__deblur__random_walk__random_walk__l1 calls=1024 margin 7.93->7.87 t=4.7s
[DONE] evaluation__7004__deblur__confidence_boost__nes__l1 calls=1021 margin 7.93->8.88 t=3.1s
[DONE] evaluation__7004__deblur__boundary_probe__nes__l1 calls=1021 margin 7.93->2.95 t=3.1s
[DONE] evaluation__7004__deblur__counterfactual__nes__l1 calls=1021 margin 7.93->2.39 t=3.0s
[DONE] evaluation__9277__denoise__attack__nes__l0.5 calls=1021 margin 2.57->-9.62 t=3.1s
[DONE] evaluation__9277__denoise__restore__nes__l0.5 calls=1021 margin 2.57->3.14 t=3.1s
[DONE] evaluation__9277__denoise__random_walk__random_walk__l0.5 calls=1024 margin 2.57->3.58 t=4.4s
[DONE] evaluation__9277__denoise__confidence_boost__nes__l0.5 calls=1021 margin 2.57->8.15 t=3.1s
[DONE] evaluation__9277__denoise__boundary_probe__nes__l0.5 calls=1021 margin 2.57->0.00 t=3.3s
[DONE] evaluation__9277__denoise__counterfactual__nes__l0.5 calls=1021 margin 2.57->-8.11 t=3.1s
[DONE] evaluation__9277__deblur__attack__nes__l1 calls=1021 margin 9.14->0.96 t=3.0s
[DONE] evaluation__9277__deblur__restore__nes__l1 calls=1021 margin 9.14->9.24 t=2.9s
[DONE] evaluation__9277__deblur__random_walk__random_walk__l1 calls=1024 margin 9.14->8.96 t=4.4s
[DONE] evaluation__9277__deblur__confidence_boost__nes__l1 calls=1021 margin 9.14->9.53 t=3.1s
[DONE] evaluation__9277__deblur__boundary_probe__nes__l1 calls=1021 margin 9.14->0.66 t=3.1s
[DONE] evaluation__9277__deblur__counterfactual__nes__l1 calls=1021 margin 9.14->0.71 t=3.2s
[DONE] evaluation__3809__denoise__attack__nes__l0.5 calls=1021 margin 8.26->-7.68 t=3.5s
[DONE] evaluation__3809__denoise__restore__nes__l0.5 calls=1021 margin 8.26->8.30 t=3.1s
[DONE] evaluation__3809__denoise__random_walk__random_walk__l0.5 calls=1024 margin 8.26->9.29 t=4.6s
[DONE] evaluation__3809__denoise__confidence_boost__nes__l0.5 calls=1021 margin 8.26->10.75 t=3.4s
[DONE] evaluation__3809__denoise__boundary_probe__nes__l0.5 calls=1021 margin 8.26->0.02 t=3.3s
[DONE] evaluation__3809__denoise__counterfactual__nes__l0.5 calls=1021 margin 8.26->-3.70 t=3.3s
[DONE] evaluation__3809__deblur__attack__nes__l1 calls=1021 margin 10.08->-0.40 t=3.2s
[DONE] evaluation__3809__deblur__restore__nes__l1 calls=1021 margin 10.08->9.98 t=3.3s
[DONE] evaluation__3809__deblur__random_walk__random_walk__l1 calls=1024 margin 10.08->10.46 t=4.4s
[DONE] evaluation__3809__deblur__confidence_boost__nes__l1 calls=1021 margin 10.08->10.83 t=3.4s
[DONE] evaluation__3809__deblur__boundary_probe__nes__l1 calls=1021 margin 10.08->8.02 t=3.4s
[DONE] evaluation__3809__deblur__counterfactual__nes__l1 calls=1021 margin 10.08->8.06 t=3.1s
[DONE] evaluation__5866__denoise__attack__nes__l0.5 calls=1021 margin 5.79->-9.63 t=3.1s
[DONE] evaluation__5866__denoise__restore__nes__l0.5 calls=1021 margin 5.79->6.14 t=3.3s
[DONE] evaluation__5866__denoise__random_walk__random_walk__l0.5 calls=1024 margin 5.79->8.85 t=4.7s
[DONE] evaluation__5866__denoise__confidence_boost__nes__l0.5 calls=1021 margin 5.79->10.56 t=3.2s
[DONE] evaluation__5866__denoise__boundary_probe__nes__l0.5 calls=1021 margin 5.79->0.10 t=3.3s
[DONE] evaluation__5866__denoise__counterfactual__nes__l0.5 calls=1021 margin 5.79->-8.40 t=3.0s
[DONE] evaluation__5866__deblur__attack__nes__l1 calls=1021 margin 10.65->8.14 t=2.9s
[DONE] evaluation__5866__deblur__restore__nes__l1 calls=1021 margin 10.65->10.57 t=3.0s
[DONE] evaluation__5866__deblur__random_walk__random_walk__l1 calls=1024 margin 10.65->10.76 t=4.6s
[DONE] evaluation__5866__deblur__confidence_boost__nes__l1 calls=1021 margin 10.65->11.13 t=3.2s
[DONE] evaluation__5866__deblur__boundary_probe__nes__l1 calls=1021 margin 10.65->8.21 t=3.1s
[DONE] evaluation__5866__deblur__counterfactual__nes__l1 calls=1021 margin 10.65->8.58 t=3.0s
[DONE] evaluation__9035__denoise__attack__nes__l0.5 calls=1021 margin 8.32->-2.17 t=3.2s
[DONE] evaluation__9035__denoise__restore__nes__l0.5 calls=1021 margin 8.32->7.31 t=3.0s
[DONE] evaluation__9035__denoise__random_walk__random_walk__l0.5 calls=1024 margin 8.32->8.73 t=4.4s
[DONE] evaluation__9035__denoise__confidence_boost__nes__l0.5 calls=1021 margin 8.32->10.80 t=3.2s
[DONE] evaluation__9035__denoise__boundary_probe__nes__l0.5 calls=1021 margin 8.32->0.01 t=3.2s
[DONE] evaluation__9035__denoise__counterfactual__nes__l0.5 calls=1021 margin 8.32->-1.32 t=3.1s
[DONE] evaluation__9035__deblur__attack__nes__l1 calls=1021 margin 7.56->-7.98 t=3.3s
[DONE] evaluation__9035__deblur__restore__nes__l1 calls=1021 margin 7.56->8.21 t=3.0s
[DONE] evaluation__9035__deblur__random_walk__random_walk__l1 calls=1024 margin 7.56->8.49 t=4.7s
[DONE] evaluation__9035__deblur__confidence_boost__nes__l1 calls=1021 margin 7.56->10.56 t=3.4s
[DONE] evaluation__9035__deblur__boundary_probe__nes__l1 calls=1021 margin 7.56->0.13 t=3.1s
[DONE] evaluation__9035__deblur__counterfactual__nes__l1 calls=1021 margin 7.56->-6.77 t=3.1s
[DONE] evaluation__3178__denoise__attack__nes__l0.5 calls=1021 margin 2.06->-10.10 t=3.4s
[DONE] evaluation__3178__denoise__restore__nes__l0.5 calls=1021 margin 2.06->0.48 t=3.3s
[DONE] evaluation__3178__denoise__random_walk__random_walk__l0.5 calls=1024 margin 2.06->1.97 t=4.6s
[DONE] evaluation__3178__denoise__confidence_boost__nes__l0.5 calls=1021 margin 2.06->9.56 t=3.4s
[DONE] evaluation__3178__denoise__boundary_probe__nes__l0.5 calls=1021 margin 2.06->0.02 t=3.2s
[DONE] evaluation__3178__denoise__counterfactual__nes__l0.5 calls=1021 margin 2.06->-8.31 t=3.2s
[DONE] evaluation__3178__deblur__attack__nes__l1 calls=1021 margin 8.85->-2.73 t=2.9s
[DONE] evaluation__3178__deblur__restore__nes__l1 calls=1021 margin 8.85->9.07 t=2.9s
[DONE] evaluation__3178__deblur__random_walk__random_walk__l1 calls=1024 margin 8.85->9.06 t=4.6s
[DONE] evaluation__3178__deblur__confidence_boost__nes__l1 calls=1021 margin 8.85->10.10 t=3.0s
[DONE] evaluation__3178__deblur__boundary_probe__nes__l1 calls=1021 margin 8.85->0.09 t=3.0s
[DONE] evaluation__3178__deblur__counterfactual__nes__l1 calls=1021 margin 8.85->-0.74 t=3.3s
[DONE] evaluation__6092__denoise__attack__nes__l0.5 calls=1021 margin 9.18->-7.16 t=2.9s
[DONE] evaluation__6092__denoise__restore__nes__l0.5 calls=1021 margin 9.18->9.26 t=3.1s
[DONE] evaluation__6092__denoise__random_walk__random_walk__l0.5 calls=1024 margin 9.18->9.18 t=4.9s
[DONE] evaluation__6092__denoise__confidence_boost__nes__l0.5 calls=1021 margin 9.18->9.60 t=3.1s
[DONE] evaluation__6092__denoise__boundary_probe__nes__l0.5 calls=1021 margin 9.18->0.27 t=3.3s
[DONE] evaluation__6092__denoise__counterfactual__nes__l0.5 calls=1021 margin 9.18->0.71 t=3.2s
[DONE] evaluation__6092__deblur__attack__nes__l1 calls=1021 margin 9.60->7.28 t=3.2s
[DONE] evaluation__6092__deblur__restore__nes__l1 calls=1021 margin 9.60->9.47 t=3.4s
[DONE] evaluation__6092__deblur__random_walk__random_walk__l1 calls=1024 margin 9.60->9.30 t=4.7s
[DONE] evaluation__6092__deblur__confidence_boost__nes__l1 calls=1021 margin 9.60->10.04 t=2.9s
[DONE] evaluation__6092__deblur__boundary_probe__nes__l1 calls=1021 margin 9.60->7.72 t=2.7s
[DONE] evaluation__6092__deblur__counterfactual__nes__l1 calls=1021 margin 9.60->8.39 t=3.0s
[DONE] evaluation__8108__denoise__attack__nes__l0.5 calls=1021 margin 7.30->-9.15 t=3.0s
[DONE] evaluation__8108__denoise__restore__nes__l0.5 calls=1021 margin 7.30->7.97 t=3.1s
[DONE] evaluation__8108__denoise__random_walk__random_walk__l0.5 calls=1024 margin 7.30->8.59 t=4.9s
[DONE] evaluation__8108__denoise__confidence_boost__nes__l0.5 calls=1021 margin 7.30->9.72 t=3.1s
[DONE] evaluation__8108__denoise__boundary_probe__nes__l0.5 calls=1021 margin 7.30->0.00 t=3.2s
[DONE] evaluation__8108__denoise__counterfactual__nes__l0.5 calls=1021 margin 7.30->-8.00 t=3.0s
[DONE] evaluation__8108__deblur__attack__nes__l1 calls=1021 margin 9.48->7.49 t=2.9s
[DONE] evaluation__8108__deblur__restore__nes__l1 calls=1021 margin 9.48->9.45 t=3.1s
[DONE] evaluation__8108__deblur__random_walk__random_walk__l1 calls=1024 margin 9.48->9.53 t=4.5s
[DONE] evaluation__8108__deblur__confidence_boost__nes__l1 calls=1021 margin 9.48->9.88 t=3.3s
[DONE] evaluation__8108__deblur__boundary_probe__nes__l1 calls=1021 margin 9.48->8.93 t=3.0s
[DONE] evaluation__8108__deblur__counterfactual__nes__l1 calls=1021 margin 9.48->8.83 t=3.0s
[DONE] evaluation__1032__denoise__attack__nes__l0.5 calls=1021 margin 3.39->-8.85 t=3.2s
[DONE] evaluation__1032__denoise__restore__nes__l0.5 calls=1021 margin 3.39->3.40 t=3.3s
[DONE] evaluation__1032__denoise__random_walk__random_walk__l0.5 calls=1024 margin 3.39->3.02 t=4.7s
[DONE] evaluation__1032__denoise__confidence_boost__nes__l0.5 calls=1021 margin 3.39->9.75 t=3.3s
[DONE] evaluation__1032__denoise__boundary_probe__nes__l0.5 calls=1021 margin 3.39->0.04 t=3.2s
[DONE] evaluation__1032__denoise__counterfactual__nes__l0.5 calls=1021 margin 3.39->-8.02 t=3.0s
[DONE] evaluation__1032__deblur__attack__nes__l1 calls=1021 margin 6.86->-6.40 t=3.1s
[DONE] evaluation__1032__deblur__restore__nes__l1 calls=1021 margin 6.86->6.87 t=3.0s
[DONE] evaluation__1032__deblur__random_walk__random_walk__l1 calls=1024 margin 6.86->5.72 t=4.8s
[DONE] evaluation__1032__deblur__confidence_boost__nes__l1 calls=1021 margin 6.86->11.19 t=3.4s
[DONE] evaluation__1032__deblur__boundary_probe__nes__l1 calls=1021 margin 6.86->0.02 t=3.1s
[DONE] evaluation__1032__deblur__counterfactual__nes__l1 calls=1021 margin 6.86->-6.55 t=3.3s
[DONE] evaluation__3996__denoise__attack__nes__l0.5 calls=1021 margin 9.69->-2.32 t=3.3s
[DONE] evaluation__3996__denoise__restore__nes__l0.5 calls=1021 margin 9.69->9.50 t=3.2s
[DONE] evaluation__3996__denoise__random_walk__random_walk__l0.5 calls=1024 margin 9.69->8.72 t=5.1s
[DONE] evaluation__3996__denoise__confidence_boost__nes__l0.5 calls=1021 margin 9.69->11.57 t=3.0s
[DONE] evaluation__3996__denoise__boundary_probe__nes__l0.5 calls=1021 margin 9.69->0.08 t=3.0s
[DONE] evaluation__3996__denoise__counterfactual__nes__l0.5 calls=1021 margin 9.69->-0.89 t=3.2s
[DONE] evaluation__3996__deblur__attack__nes__l1 calls=1021 margin 0.97->-9.89 t=3.0s
[DONE] evaluation__3996__deblur__restore__nes__l1 calls=1021 margin 0.97->1.58 t=3.0s
[DONE] evaluation__3996__deblur__random_walk__random_walk__l1 calls=1024 margin 0.97->3.09 t=5.0s
[DONE] evaluation__3996__deblur__confidence_boost__nes__l1 calls=1021 margin 0.97->9.83 t=3.1s
[DONE] evaluation__3996__deblur__boundary_probe__nes__l1 calls=1021 margin 0.97->0.00 t=3.2s
[DONE] evaluation__3996__deblur__counterfactual__nes__l1 calls=1021 margin 0.97->-8.15 t=2.9s
[DONE] evaluation__7180__denoise__attack__nes__l0.5 calls=1021 margin 9.98->4.37 t=3.2s
[DONE] evaluation__7180__denoise__restore__nes__l0.5 calls=1021 margin 9.98->10.15 t=3.2s
[DONE] evaluation__7180__denoise__random_walk__random_walk__l0.5 calls=1024 margin 9.98->10.17 t=4.8s
[DONE] evaluation__7180__denoise__confidence_boost__nes__l0.5 calls=1021 margin 9.98->11.33 t=3.0s
[DONE] evaluation__7180__denoise__boundary_probe__nes__l0.5 calls=1021 margin 9.98->4.42 t=3.2s
[DONE] evaluation__7180__denoise__counterfactual__nes__l0.5 calls=1021 margin 9.98->4.42 t=3.2s
[DONE] evaluation__7180__deblur__attack__nes__l1 calls=1021 margin 10.99->8.85 t=3.5s
[DONE] evaluation__7180__deblur__restore__nes__l1 calls=1021 margin 10.99->11.14 t=3.5s
[DONE] evaluation__7180__deblur__random_walk__random_walk__l1 calls=1024 margin 10.99->10.96 t=5.1s
[DONE] evaluation__7180__deblur__confidence_boost__nes__l1 calls=1021 margin 10.99->11.98 t=3.4s
[DONE] evaluation__7180__deblur__boundary_probe__nes__l1 calls=1021 margin 10.99->7.66 t=3.2s
[DONE] evaluation__7180__deblur__counterfactual__nes__l1 calls=1021 margin 10.99->7.64 t=3.4s
[DONE] evaluation__9969__denoise__attack__nes__l0.5 calls=1021 margin 9.60->3.08 t=3.2s
[DONE] evaluation__9969__denoise__restore__nes__l0.5 calls=1021 margin 9.60->9.69 t=3.3s
[DONE] evaluation__9969__denoise__random_walk__random_walk__l0.5 calls=1024 margin 9.60->9.89 t=4.8s
[DONE] evaluation__9969__denoise__confidence_boost__nes__l0.5 calls=1021 margin 9.60->11.39 t=2.8s
[DONE] evaluation__9969__denoise__boundary_probe__nes__l0.5 calls=1021 margin 9.60->1.68 t=2.9s
[DONE] evaluation__9969__denoise__counterfactual__nes__l0.5 calls=1021 margin 9.60->2.03 t=3.1s
[DONE] evaluation__9969__deblur__attack__nes__l1 calls=1021 margin 8.09->-1.09 t=3.2s
[DONE] evaluation__9969__deblur__restore__nes__l1 calls=1021 margin 8.09->8.49 t=3.2s
[DONE] evaluation__9969__deblur__random_walk__random_walk__l1 calls=1024 margin 8.09->8.70 t=4.9s
[DONE] evaluation__9969__deblur__confidence_boost__nes__l1 calls=1021 margin 8.09->10.30 t=3.1s
[DONE] evaluation__9969__deblur__boundary_probe__nes__l1 calls=1021 margin 8.09->2.74 t=3.0s
[DONE] evaluation__9969__deblur__counterfactual__nes__l1 calls=1021 margin 8.09->2.65 t=3.0s
[DONE] evaluation__2505__denoise__attack__nes__l0.5 calls=1021 margin 5.57->-4.59 t=3.1s
[DONE] evaluation__2505__denoise__restore__nes__l0.5 calls=1021 margin 5.57->4.69 t=3.4s
[DONE] evaluation__2505__denoise__random_walk__random_walk__l0.5 calls=1024 margin 5.57->6.71 t=4.8s
[DONE] evaluation__2505__denoise__confidence_boost__nes__l0.5 calls=1021 margin 5.57->8.89 t=3.0s
[DONE] evaluation__2505__denoise__boundary_probe__nes__l0.5 calls=1021 margin 5.57->0.01 t=3.5s
[DONE] evaluation__2505__denoise__counterfactual__nes__l0.5 calls=1021 margin 5.57->-1.57 t=3.0s
[DONE] evaluation__2505__deblur__attack__nes__l1 calls=1021 margin 7.03->-4.14 t=2.9s
[DONE] evaluation__2505__deblur__restore__nes__l1 calls=1021 margin 7.03->6.84 t=3.2s
[DONE] evaluation__2505__deblur__random_walk__random_walk__l1 calls=1024 margin 7.03->5.90 t=4.9s
[DONE] evaluation__2505__deblur__confidence_boost__nes__l1 calls=1021 margin 7.03->8.98 t=3.1s
[DONE] evaluation__2505__deblur__boundary_probe__nes__l1 calls=1021 margin 7.03->0.03 t=3.2s
[DONE] evaluation__2505__deblur__counterfactual__nes__l1 calls=1021 margin 7.03->-2.15 t=3.2s
[DONE] evaluation__4240__denoise__attack__nes__l0.5 calls=1021 margin 6.25->-8.89 t=3.0s
[DONE] evaluation__4240__denoise__restore__nes__l0.5 calls=1021 margin 6.25->6.59 t=2.9s
[DONE] evaluation__4240__denoise__random_walk__random_walk__l0.5 calls=1024 margin 6.25->7.06 t=4.7s
[DONE] evaluation__4240__denoise__confidence_boost__nes__l0.5 calls=1021 margin 6.25->9.84 t=3.0s
[DONE] evaluation__4240__denoise__boundary_probe__nes__l0.5 calls=1021 margin 6.25->0.02 t=2.9s
[DONE] evaluation__4240__denoise__counterfactual__nes__l0.5 calls=1021 margin 6.25->-7.52 t=2.9s
[DONE] evaluation__4240__deblur__attack__nes__l1 calls=1021 margin 9.52->9.00 t=3.2s
[DONE] evaluation__4240__deblur__restore__nes__l1 calls=1021 margin 9.52->9.59 t=3.4s
[DONE] evaluation__4240__deblur__random_walk__random_walk__l1 calls=1024 margin 9.52->9.81 t=4.8s
[DONE] evaluation__4240__deblur__confidence_boost__nes__l1 calls=1021 margin 9.52->10.13 t=3.0s
[DONE] evaluation__4240__deblur__boundary_probe__nes__l1 calls=1021 margin 9.52->8.83 t=3.3s
[DONE] evaluation__4240__deblur__counterfactual__nes__l1 calls=1021 margin 9.52->8.91 t=3.2s
[DONE] evaluation__7388__denoise__attack__nes__l0.5 calls=1021 margin 1.80->-8.03 t=3.3s
[DONE] evaluation__7388__denoise__restore__nes__l0.5 calls=1021 margin 1.80->1.94 t=3.4s
[DONE] evaluation__7388__denoise__random_walk__random_walk__l0.5 calls=1024 margin 1.80->0.01 t=4.6s
[DONE] evaluation__7388__denoise__confidence_boost__nes__l0.5 calls=1021 margin 1.80->8.46 t=3.0s
[DONE] evaluation__7388__denoise__boundary_probe__nes__l0.5 calls=1021 margin 1.80->0.01 t=3.0s
[DONE] evaluation__7388__denoise__counterfactual__nes__l0.5 calls=1021 margin 1.80->-7.77 t=2.9s
[DONE] evaluation__7388__deblur__attack__nes__l1 calls=1021 margin 8.86->4.16 t=3.2s
[DONE] evaluation__7388__deblur__restore__nes__l1 calls=1021 margin 8.86->8.78 t=3.4s
[DONE] evaluation__7388__deblur__random_walk__random_walk__l1 calls=1024 margin 8.86->7.95 t=4.6s
[DONE] evaluation__7388__deblur__confidence_boost__nes__l1 calls=1021 margin 8.86->9.64 t=3.0s
[DONE] evaluation__7388__deblur__boundary_probe__nes__l1 calls=1021 margin 8.86->0.15 t=3.0s
[DONE] evaluation__7388__deblur__counterfactual__nes__l1 calls=1021 margin 8.86->1.40 t=3.0s
[DONE] evaluation__999__denoise__attack__nes__l0.5 calls=1021 margin 9.03->3.38 t=3.2s
[DONE] evaluation__999__denoise__restore__nes__l0.5 calls=1021 margin 9.03->9.18 t=3.3s
[DONE] evaluation__999__denoise__random_walk__random_walk__l0.5 calls=1024 margin 9.03->9.16 t=4.9s
[DONE] evaluation__999__denoise__confidence_boost__nes__l0.5 calls=1021 margin 9.03->10.11 t=2.9s
[DONE] evaluation__999__denoise__boundary_probe__nes__l0.5 calls=1021 margin 9.03->2.40 t=3.0s
[DONE] evaluation__999__denoise__counterfactual__nes__l0.5 calls=1021 margin 9.03->1.88 t=2.7s
[DONE] evaluation__999__deblur__attack__nes__l1 calls=1021 margin 9.66->8.74 t=3.3s
[DONE] evaluation__999__deblur__restore__nes__l1 calls=1021 margin 9.66->9.63 t=3.1s
[DONE] evaluation__999__deblur__random_walk__random_walk__l1 calls=1024 margin 9.66->9.69 t=4.5s
[DONE] evaluation__999__deblur__confidence_boost__nes__l1 calls=1021 margin 9.66->10.23 t=2.9s
[DONE] evaluation__999__deblur__boundary_probe__nes__l1 calls=1021 margin 9.66->8.79 t=2.9s
[DONE] evaluation__999__deblur__counterfactual__nes__l1 calls=1021 margin 9.66->8.85 t=3.1s
[DONE] evaluation__3151__denoise__attack__nes__l0.5 calls=1021 margin 1.48->-8.43 t=3.2s
[DONE] evaluation__3151__denoise__restore__nes__l0.5 calls=1021 margin 1.48->0.86 t=3.1s
[DONE] evaluation__3151__denoise__random_walk__random_walk__l0.5 calls=1024 margin 1.48->1.58 t=4.7s
[DONE] evaluation__3151__denoise__confidence_boost__nes__l0.5 calls=1021 margin 1.48->9.00 t=3.2s
[DONE] evaluation__3151__denoise__boundary_probe__nes__l0.5 calls=1021 margin 1.48->0.02 t=2.9s
[DONE] evaluation__3151__denoise__counterfactual__nes__l0.5 calls=1021 margin 1.48->-8.15 t=3.0s
[DONE] evaluation__3151__deblur__attack__nes__l1 calls=1021 margin 1.97->-7.54 t=3.3s
[DONE] evaluation__3151__deblur__restore__nes__l1 calls=1021 margin 1.97->2.76 t=3.1s
[DONE] evaluation__3151__deblur__random_walk__random_walk__l1 calls=1024 margin 1.97->7.21 t=4.7s
[DONE] evaluation__3151__deblur__confidence_boost__nes__l1 calls=1021 margin 1.97->9.62 t=2.8s
[DONE] evaluation__3151__deblur__boundary_probe__nes__l1 calls=1021 margin 1.97->0.03 t=2.8s
[DONE] evaluation__3151__deblur__counterfactual__nes__l1 calls=1021 margin 1.97->-7.88 t=3.2s
[DONE] evaluation__7984__denoise__attack__nes__l0.5 calls=1021 margin 5.75->-7.71 t=3.4s
[DONE] evaluation__7984__denoise__restore__nes__l0.5 calls=1021 margin 5.75->5.71 t=2.9s
[DONE] evaluation__7984__denoise__random_walk__random_walk__l0.5 calls=1024 margin 5.75->5.81 t=4.6s
[DONE] evaluation__7984__denoise__confidence_boost__nes__l0.5 calls=1021 margin 5.75->8.98 t=3.1s
[DONE] evaluation__7984__denoise__boundary_probe__nes__l0.5 calls=1021 margin 5.75->0.12 t=2.8s
[DONE] evaluation__7984__denoise__counterfactual__nes__l0.5 calls=1021 margin 5.75->-6.99 t=3.3s
[DONE] evaluation__7984__deblur__attack__nes__l1 calls=1021 margin 9.06->7.91 t=3.2s
[DONE] evaluation__7984__deblur__restore__nes__l1 calls=1021 margin 9.06->9.07 t=2.9s
[DONE] evaluation__7984__deblur__random_walk__random_walk__l1 calls=1024 margin 9.06->9.20 t=5.0s
[DONE] evaluation__7984__deblur__confidence_boost__nes__l1 calls=1021 margin 9.06->10.07 t=2.8s
[DONE] evaluation__7984__deblur__boundary_probe__nes__l1 calls=1021 margin 9.06->8.15 t=2.9s
[DONE] evaluation__7984__deblur__counterfactual__nes__l1 calls=1021 margin 9.06->7.80 t=2.8s
[DONE] evaluation__364__denoise__attack__nes__l0.5 calls=1021 margin 9.24->1.90 t=3.6s
[DONE] evaluation__364__denoise__restore__nes__l0.5 calls=1021 margin 9.24->9.46 t=3.3s
[DONE] evaluation__364__denoise__random_walk__random_walk__l0.5 calls=1024 margin 9.24->7.92 t=4.8s
[DONE] evaluation__364__denoise__confidence_boost__nes__l0.5 calls=1021 margin 9.24->10.08 t=2.9s
[DONE] evaluation__364__denoise__boundary_probe__nes__l0.5 calls=1021 margin 9.24->1.23 t=2.8s
[DONE] evaluation__364__denoise__counterfactual__nes__l0.5 calls=1021 margin 9.24->2.51 t=2.8s
[DONE] evaluation__364__deblur__attack__nes__l1 calls=1021 margin 8.65->8.06 t=3.5s
[DONE] evaluation__364__deblur__restore__nes__l1 calls=1021 margin 8.65->8.64 t=3.1s
[DONE] evaluation__364__deblur__random_walk__random_walk__l1 calls=1024 margin 8.65->8.83 t=5.0s
[DONE] evaluation__364__deblur__confidence_boost__nes__l1 calls=1021 margin 8.65->9.32 t=3.3s
[DONE] evaluation__364__deblur__boundary_probe__nes__l1 calls=1021 margin 8.65->8.02 t=3.2s
[DONE] evaluation__364__deblur__counterfactual__nes__l1 calls=1021 margin 8.65->8.04 t=3.1s
[DONE] evaluation__3166__denoise__attack__nes__l0.5 calls=1021 margin 4.84->-8.35 t=3.1s
[DONE] evaluation__3166__denoise__restore__nes__l0.5 calls=1021 margin 4.84->4.46 t=3.0s
[DONE] evaluation__3166__denoise__random_walk__random_walk__l0.5 calls=1024 margin 4.84->6.39 t=4.8s
[DONE] evaluation__3166__denoise__confidence_boost__nes__l0.5 calls=1021 margin 4.84->8.98 t=2.9s
[DONE] evaluation__3166__denoise__boundary_probe__nes__l0.5 calls=1021 margin 4.84->0.03 t=3.1s
[DONE] evaluation__3166__denoise__counterfactual__nes__l0.5 calls=1021 margin 4.84->-4.60 t=3.0s
[DONE] evaluation__3166__deblur__attack__nes__l1 calls=1021 margin 8.81->1.20 t=3.2s
[DONE] evaluation__3166__deblur__restore__nes__l1 calls=1021 margin 8.81->8.91 t=3.0s
[DONE] evaluation__3166__deblur__random_walk__random_walk__l1 calls=1024 margin 8.81->8.98 t=4.9s
[DONE] evaluation__3166__deblur__confidence_boost__nes__l1 calls=1021 margin 8.81->9.88 t=3.1s
[DONE] evaluation__3166__deblur__boundary_probe__nes__l1 calls=1021 margin 8.81->1.35 t=3.0s
[DONE] evaluation__3166__deblur__counterfactual__nes__l1 calls=1021 margin 8.81->0.35 t=3.1s
[DONE] evaluation__7170__denoise__attack__nes__l0.5 calls=1021 margin 9.12->-3.86 t=3.2s
[DONE] evaluation__7170__denoise__restore__nes__l0.5 calls=1021 margin 9.12->9.08 t=3.0s
[DONE] evaluation__7170__denoise__random_walk__random_walk__l0.5 calls=1024 margin 9.12->9.04 t=4.8s
[DONE] evaluation__7170__denoise__confidence_boost__nes__l0.5 calls=1021 margin 9.12->9.87 t=3.2s
[DONE] evaluation__7170__denoise__boundary_probe__nes__l0.5 calls=1021 margin 9.12->0.04 t=3.2s
[DONE] evaluation__7170__denoise__counterfactual__nes__l0.5 calls=1021 margin 9.12->7.58 t=3.1s
[DONE] evaluation__7170__deblur__attack__nes__l1 calls=1021 margin 8.95->7.99 t=3.2s
[DONE] evaluation__7170__deblur__restore__nes__l1 calls=1021 margin 8.95->9.00 t=3.1s
[DONE] evaluation__7170__deblur__random_walk__random_walk__l1 calls=1024 margin 8.95->9.20 t=4.8s
[DONE] evaluation__7170__deblur__confidence_boost__nes__l1 calls=1021 margin 8.95->9.67 t=3.1s
[DONE] evaluation__7170__deblur__boundary_probe__nes__l1 calls=1021 margin 8.95->7.79 t=3.2s
[DONE] evaluation__7170__deblur__counterfactual__nes__l1 calls=1021 margin 8.95->7.80 t=3.1s
[DONE] evaluation__9708__denoise__attack__nes__l0.5 calls=1021 margin 8.49->4.03 t=2.9s
[DONE] evaluation__9708__denoise__restore__nes__l0.5 calls=1021 margin 8.49->8.68 t=3.0s
[DONE] evaluation__9708__denoise__random_walk__random_walk__l0.5 calls=1024 margin 8.49->8.34 t=4.8s
[DONE] evaluation__9708__denoise__confidence_boost__nes__l0.5 calls=1021 margin 8.49->9.60 t=2.8s
[DONE] evaluation__9708__denoise__boundary_probe__nes__l0.5 calls=1021 margin 8.49->6.04 t=2.9s
[DONE] evaluation__9708__denoise__counterfactual__nes__l0.5 calls=1021 margin 8.49->6.13 t=3.1s
[DONE] evaluation__9708__deblur__attack__nes__l1 calls=1021 margin 8.58->4.11 t=3.0s
[DONE] evaluation__9708__deblur__restore__nes__l1 calls=1021 margin 8.58->8.40 t=3.2s
[DONE] evaluation__9708__deblur__random_walk__random_walk__l1 calls=1024 margin 8.58->8.32 t=4.7s
[DONE] evaluation__9708__deblur__confidence_boost__nes__l1 calls=1021 margin 8.58->9.56 t=3.2s
[DONE] evaluation__9708__deblur__boundary_probe__nes__l1 calls=1021 margin 8.58->5.28 t=3.3s
[DONE] evaluation__9708__deblur__counterfactual__nes__l1 calls=1021 margin 8.58->5.03 t=3.0s
[DONE] fit__5585__denoise__attack__nes__l0.5 calls=1021 margin 9.12->6.78 t=3.1s
[DONE] fit__5585__denoise__restore__nes__l0.5 calls=1021 margin 9.12->9.12 t=3.0s
[DONE] fit__5585__denoise__random_walk__random_walk__l0.5 calls=1024 margin 9.12->8.98 t=4.9s
[DONE] fit__5585__denoise__confidence_boost__nes__l0.5 calls=1021 margin 9.12->9.52 t=3.1s
[DONE] fit__5585__denoise__boundary_probe__nes__l0.5 calls=1021 margin 9.12->6.36 t=2.9s
[DONE] fit__5585__denoise__counterfactual__nes__l0.5 calls=1021 margin 9.12->7.40 t=3.1s
[DONE] fit__5585__deblur__attack__nes__l1 calls=1021 margin 9.47->8.68 t=3.3s
[DONE] fit__5585__deblur__restore__nes__l1 calls=1021 margin 9.47->9.47 t=2.7s
[DONE] fit__5585__deblur__random_walk__random_walk__l1 calls=1024 margin 9.47->9.38 t=4.6s
[DONE] fit__5585__deblur__confidence_boost__nes__l1 calls=1021 margin 9.47->9.76 t=3.1s
[DONE] fit__5585__deblur__boundary_probe__nes__l1 calls=1021 margin 9.47->8.80 t=3.1s
[DONE] fit__5585__deblur__counterfactual__nes__l1 calls=1021 margin 9.47->8.72 t=3.0s
[DONE] fit__114__denoise__attack__nes__l0.5 calls=1021 margin 0.50->-8.61 t=3.2s
[DONE] fit__114__denoise__restore__nes__l0.5 calls=1021 margin 0.50->1.50 t=2.9s
[DONE] fit__114__denoise__random_walk__random_walk__l0.5 calls=1024 margin 0.50->2.71 t=4.7s
[DONE] fit__114__denoise__confidence_boost__nes__l0.5 calls=1021 margin 0.50->8.34 t=3.2s
[DONE] fit__114__denoise__boundary_probe__nes__l0.5 calls=1021 margin 0.50->0.05 t=3.0s
[DONE] fit__114__denoise__counterfactual__nes__l0.5 calls=1021 margin 0.50->-7.49 t=3.0s
[DONE] fit__114__deblur__attack__nes__l1 calls=1021 margin 9.54->3.28 t=3.2s
[DONE] fit__114__deblur__restore__nes__l1 calls=1021 margin 9.54->9.53 t=2.9s
[DONE] fit__114__deblur__random_walk__random_walk__l1 calls=1024 margin 9.54->8.84 t=4.6s
[DONE] fit__114__deblur__confidence_boost__nes__l1 calls=1021 margin 9.54->10.37 t=3.1s
[DONE] fit__114__deblur__boundary_probe__nes__l1 calls=1021 margin 9.54->3.99 t=3.1s
[DONE] fit__114__deblur__counterfactual__nes__l1 calls=1021 margin 9.54->2.78 t=2.8s
[DONE] fit__6816__denoise__attack__nes__l0.5 calls=1021 margin 4.78->-7.52 t=3.1s
[DONE] fit__6816__denoise__restore__nes__l0.5 calls=1021 margin 4.78->4.41 t=3.1s
[DONE] fit__6816__denoise__random_walk__random_walk__l0.5 calls=1024 margin 4.78->4.99 t=4.6s
[DONE] fit__6816__denoise__confidence_boost__nes__l0.5 calls=1021 margin 4.78->8.54 t=3.2s
[DONE] fit__6816__denoise__boundary_probe__nes__l0.5 calls=1021 margin 4.78->0.01 t=2.9s
[DONE] fit__6816__denoise__counterfactual__nes__l0.5 calls=1021 margin 4.78->-7.77 t=3.1s
[DONE] fit__6816__deblur__attack__nes__l1 calls=1021 margin 6.88->-8.82 t=3.4s
[DONE] fit__6816__deblur__restore__nes__l1 calls=1021 margin 6.88->6.45 t=3.4s
[DONE] fit__6816__deblur__random_walk__random_walk__l1 calls=1024 margin 6.88->7.56 t=4.3s
[DONE] fit__6816__deblur__confidence_boost__nes__l1 calls=1021 margin 6.88->9.86 t=3.1s
[DONE] fit__6816__deblur__boundary_probe__nes__l1 calls=1021 margin 6.88->0.14 t=3.0s
[DONE] fit__6816__deblur__counterfactual__nes__l1 calls=1021 margin 6.88->-7.67 t=2.9s
[DONE] fit__3139__denoise__attack__nes__l0.5 calls=1021 margin 9.01->-3.79 t=3.2s
[DONE] fit__3139__denoise__restore__nes__l0.5 calls=1021 margin 9.01->9.09 t=3.0s
[DONE] fit__3139__denoise__random_walk__random_walk__l0.5 calls=1024 margin 9.01->9.54 t=4.6s
[DONE] fit__3139__denoise__confidence_boost__nes__l0.5 calls=1021 margin 9.01->10.52 t=3.0s
[DONE] fit__3139__denoise__boundary_probe__nes__l0.5 calls=1021 margin 9.01->0.11 t=3.4s
[DONE] fit__3139__denoise__counterfactual__nes__l0.5 calls=1021 margin 9.01->-5.77 t=3.0s
[DONE] fit__3139__deblur__attack__nes__l1 calls=1021 margin 10.14->2.70 t=3.0s
[DONE] fit__3139__deblur__restore__nes__l1 calls=1021 margin 10.14->10.22 t=3.1s
[DONE] fit__3139__deblur__random_walk__random_walk__l1 calls=1024 margin 10.14->9.48 t=4.3s
[DONE] fit__3139__deblur__confidence_boost__nes__l1 calls=1021 margin 10.14->10.56 t=3.2s
[DONE] fit__3139__deblur__boundary_probe__nes__l1 calls=1021 margin 10.14->5.43 t=3.2s
[DONE] fit__3139__deblur__counterfactual__nes__l1 calls=1021 margin 10.14->3.49 t=3.0s
[DONE] fit__9964__denoise__attack__nes__l0.5 calls=1021 margin 9.73->1.58 t=3.1s
[DONE] fit__9964__denoise__restore__nes__l0.5 calls=1021 margin 9.73->9.65 t=3.2s
[DONE] fit__9964__denoise__random_walk__random_walk__l0.5 calls=1024 margin 9.73->8.91 t=4.5s
[DONE] fit__9964__denoise__confidence_boost__nes__l0.5 calls=1021 margin 9.73->10.42 t=3.2s
[DONE] fit__9964__denoise__boundary_probe__nes__l0.5 calls=1021 margin 9.73->1.55 t=3.1s
[DONE] fit__9964__denoise__counterfactual__nes__l0.5 calls=1021 margin 9.73->0.96 t=3.1s
[DONE] fit__9964__deblur__attack__nes__l1 calls=1021 margin 10.39->-1.12 t=3.1s
[DONE] fit__9964__deblur__restore__nes__l1 calls=1021 margin 10.39->10.41 t=2.9s
[DONE] fit__9964__deblur__random_walk__random_walk__l1 calls=1024 margin 10.39->10.28 t=4.2s
[DONE] fit__9964__deblur__confidence_boost__nes__l1 calls=1021 margin 10.39->10.54 t=3.2s
[DONE] fit__9964__deblur__boundary_probe__nes__l1 calls=1021 margin 10.39->0.00 t=3.2s
[DONE] fit__9964__deblur__counterfactual__nes__l1 calls=1021 margin 10.39->-0.45 t=2.8s
[DONE] fit__3190__denoise__attack__nes__l0.5 calls=1021 margin 7.90->0.74 t=2.8s
[DONE] fit__3190__denoise__restore__nes__l0.5 calls=1021 margin 7.90->7.75 t=3.0s
[DONE] fit__3190__denoise__random_walk__random_walk__l0.5 calls=1024 margin 7.90->8.36 t=4.4s
[DONE] fit__3190__denoise__confidence_boost__nes__l0.5 calls=1021 margin 7.90->9.22 t=3.0s
[DONE] fit__3190__denoise__boundary_probe__nes__l0.5 calls=1021 margin 7.90->2.02 t=3.1s
[DONE] fit__3190__denoise__counterfactual__nes__l0.5 calls=1021 margin 7.90->1.71 t=2.7s
[DONE] fit__3190__deblur__attack__nes__l1 calls=1021 margin 6.03->-7.29 t=2.9s
[DONE] fit__3190__deblur__restore__nes__l1 calls=1021 margin 6.03->5.08 t=3.2s
[DONE] fit__3190__deblur__random_walk__random_walk__l1 calls=1024 margin 6.03->6.28 t=4.5s
[DONE] fit__3190__deblur__confidence_boost__nes__l1 calls=1021 margin 6.03->8.62 t=2.9s
[DONE] fit__3190__deblur__boundary_probe__nes__l1 calls=1021 margin 6.03->0.01 t=3.1s
[DONE] fit__3190__deblur__counterfactual__nes__l1 calls=1021 margin 6.03->-7.62 t=3.1s
[DONE] fit__1928__denoise__attack__nes__l0.5 calls=1021 margin 10.28->1.97 t=3.0s
[DONE] fit__1928__denoise__restore__nes__l0.5 calls=1021 margin 10.28->10.37 t=3.1s
[DONE] fit__1928__denoise__random_walk__random_walk__l0.5 calls=1024 margin 10.28->10.40 t=4.5s
[DONE] fit__1928__denoise__confidence_boost__nes__l0.5 calls=1021 margin 10.28->10.67 t=3.0s
[DONE] fit__1928__denoise__boundary_probe__nes__l0.5 calls=1021 margin 10.28->3.31 t=3.4s
[DONE] fit__1928__denoise__counterfactual__nes__l0.5 calls=1021 margin 10.28->5.65 t=2.9s
[DONE] fit__1928__deblur__attack__nes__l1 calls=1021 margin 9.97->-0.23 t=3.1s
[DONE] fit__1928__deblur__restore__nes__l1 calls=1021 margin 9.97->10.00 t=3.0s
[DONE] fit__1928__deblur__random_walk__random_walk__l1 calls=1024 margin 9.97->9.67 t=4.9s
[DONE] fit__1928__deblur__confidence_boost__nes__l1 calls=1021 margin 9.97->10.47 t=3.0s
[DONE] fit__1928__deblur__boundary_probe__nes__l1 calls=1021 margin 9.97->0.20 t=3.2s
[DONE] fit__1928__deblur__counterfactual__nes__l1 calls=1021 margin 9.97->2.97 t=3.0s
[DONE] fit__7094__denoise__attack__nes__l0.5 calls=1021 margin 5.12->-10.35 t=3.1s
[DONE] fit__7094__denoise__restore__nes__l0.5 calls=1021 margin 5.12->5.99 t=2.9s
[DONE] fit__7094__denoise__random_walk__random_walk__l0.5 calls=1024 margin 5.12->5.37 t=4.4s
[DONE] fit__7094__denoise__confidence_boost__nes__l0.5 calls=1021 margin 5.12->10.59 t=3.3s
[DONE] fit__7094__denoise__boundary_probe__nes__l0.5 calls=1021 margin 5.12->0.03 t=3.0s
[DONE] fit__7094__denoise__counterfactual__nes__l0.5 calls=1021 margin 5.12->-8.42 t=3.3s
[DONE] fit__7094__deblur__attack__nes__l1 calls=1021 margin 9.97->2.50 t=3.1s
[DONE] fit__7094__deblur__restore__nes__l1 calls=1021 margin 9.97->9.95 t=3.1s
[DONE] fit__7094__deblur__random_walk__random_walk__l1 calls=1024 margin 9.97->10.21 t=4.4s
[DONE] fit__7094__deblur__confidence_boost__nes__l1 calls=1021 margin 9.97->10.66 t=3.1s
[DONE] fit__7094__deblur__boundary_probe__nes__l1 calls=1021 margin 9.97->4.54 t=3.2s
[DONE] fit__7094__deblur__counterfactual__nes__l1 calls=1021 margin 9.97->3.07 t=3.2s
[DONE] fit__6571__denoise__attack__nes__l0.5 calls=1021 margin 3.67->-9.46 t=3.1s
[DONE] fit__6571__denoise__restore__nes__l0.5 calls=1021 margin 3.67->3.61 t=3.0s
[DONE] fit__6571__denoise__random_walk__random_walk__l0.5 calls=1024 margin 3.67->2.74 t=4.7s
[DONE] fit__6571__denoise__confidence_boost__nes__l0.5 calls=1021 margin 3.67->9.65 t=2.9s
[DONE] fit__6571__denoise__boundary_probe__nes__l0.5 calls=1021 margin 3.67->0.04 t=3.1s
[DONE] fit__6571__denoise__counterfactual__nes__l0.5 calls=1021 margin 3.67->-8.57 t=3.2s
[DONE] fit__6571__deblur__attack__nes__l1 calls=1021 margin 10.03->3.23 t=3.0s
[DONE] fit__6571__deblur__restore__nes__l1 calls=1021 margin 10.03->9.98 t=3.0s
[DONE] fit__6571__deblur__random_walk__random_walk__l1 calls=1024 margin 10.03->9.82 t=4.6s
[DONE] fit__6571__deblur__confidence_boost__nes__l1 calls=1021 margin 10.03->10.04 t=3.2s
[DONE] fit__6571__deblur__boundary_probe__nes__l1 calls=1021 margin 10.03->9.41 t=3.3s
[DONE] fit__6571__deblur__counterfactual__nes__l1 calls=1021 margin 10.03->9.41 t=3.1s
[DONE] fit__9311__denoise__attack__nes__l0.5 calls=1021 margin 5.76->-7.41 t=3.1s
[DONE] fit__9311__denoise__restore__nes__l0.5 calls=1021 margin 5.76->5.85 t=3.1s
[DONE] fit__9311__denoise__random_walk__random_walk__l0.5 calls=1024 margin 5.76->4.07 t=4.5s
[DONE] fit__9311__denoise__confidence_boost__nes__l0.5 calls=1021 margin 5.76->8.83 t=2.9s
[DONE] fit__9311__denoise__boundary_probe__nes__l0.5 calls=1021 margin 5.76->0.10 t=3.0s
[DONE] fit__9311__denoise__counterfactual__nes__l0.5 calls=1021 margin 5.76->-7.01 t=3.1s
[DONE] fit__9311__deblur__attack__nes__l1 calls=1021 margin 8.54->6.23 t=2.9s
[DONE] fit__9311__deblur__restore__nes__l1 calls=1021 margin 8.54->8.53 t=2.9s
[DONE] fit__9311__deblur__random_walk__random_walk__l1 calls=1024 margin 8.54->8.51 t=4.5s
[DONE] fit__9311__deblur__confidence_boost__nes__l1 calls=1021 margin 8.54->8.87 t=3.2s
[DONE] fit__9311__deblur__boundary_probe__nes__l1 calls=1021 margin 8.54->7.46 t=3.0s
[DONE] fit__9311__deblur__counterfactual__nes__l1 calls=1021 margin 8.54->6.72 t=3.2s
[DONE] fit__7390__denoise__attack__nes__l0.5 calls=1021 margin 10.08->5.40 t=2.8s
[DONE] fit__7390__denoise__restore__nes__l0.5 calls=1021 margin 10.08->10.10 t=3.0s
[DONE] fit__7390__denoise__random_walk__random_walk__l0.5 calls=1024 margin 10.08->9.72 t=4.4s
[DONE] fit__7390__denoise__confidence_boost__nes__l0.5 calls=1021 margin 10.08->10.86 t=3.1s
[DONE] fit__7390__denoise__boundary_probe__nes__l0.5 calls=1021 margin 10.08->6.25 t=3.0s
[DONE] fit__7390__denoise__counterfactual__nes__l0.5 calls=1021 margin 10.08->6.21 t=3.0s
[DONE] fit__7390__deblur__attack__nes__l1 calls=1021 margin 9.70->7.60 t=3.0s
[DONE] fit__7390__deblur__restore__nes__l1 calls=1021 margin 9.70->9.88 t=2.9s
[DONE] fit__7390__deblur__random_walk__random_walk__l1 calls=1024 margin 9.70->9.81 t=4.3s
[DONE] fit__7390__deblur__confidence_boost__nes__l1 calls=1021 margin 9.70->10.88 t=3.1s
[DONE] fit__7390__deblur__boundary_probe__nes__l1 calls=1021 margin 9.70->6.90 t=3.1s
[DONE] fit__7390__deblur__counterfactual__nes__l1 calls=1021 margin 9.70->7.15 t=3.1s
[DONE] fit__3101__denoise__attack__nes__l0.5 calls=1021 margin 8.81->8.39 t=3.1s
[DONE] fit__3101__denoise__restore__nes__l0.5 calls=1021 margin 8.81->8.78 t=2.9s
[DONE] fit__3101__denoise__random_walk__random_walk__l0.5 calls=1024 margin 8.81->8.79 t=4.4s
[DONE] fit__3101__denoise__confidence_boost__nes__l0.5 calls=1021 margin 8.81->9.21 t=3.1s
[DONE] fit__3101__denoise__boundary_probe__nes__l0.5 calls=1021 margin 8.81->8.20 t=2.7s
[DONE] fit__3101__denoise__counterfactual__nes__l0.5 calls=1021 margin 8.81->8.20 t=2.9s
[DONE] fit__3101__deblur__attack__nes__l1 calls=1021 margin 8.59->5.89 t=3.2s
[DONE] fit__3101__deblur__restore__nes__l1 calls=1021 margin 8.59->8.56 t=2.8s
[DONE] fit__3101__deblur__random_walk__random_walk__l1 calls=1024 margin 8.59->8.20 t=4.2s
[DONE] fit__3101__deblur__confidence_boost__nes__l1 calls=1021 margin 8.59->8.95 t=3.5s
[DONE] fit__3101__deblur__boundary_probe__nes__l1 calls=1021 margin 8.59->5.33 t=3.2s
[DONE] fit__3101__deblur__counterfactual__nes__l1 calls=1021 margin 8.59->5.78 t=2.9s
[DONE] fit__8733__denoise__attack__nes__l0.5 calls=1021 margin 3.27->-7.71 t=3.2s
[DONE] fit__8733__denoise__restore__nes__l0.5 calls=1021 margin 3.27->1.99 t=3.0s
[DONE] fit__8733__denoise__random_walk__random_walk__l0.5 calls=1024 margin 3.27->2.84 t=4.5s
[DONE] fit__8733__denoise__confidence_boost__nes__l0.5 calls=1021 margin 3.27->8.79 t=3.3s
[DONE] fit__8733__denoise__boundary_probe__nes__l0.5 calls=1021 margin 3.27->0.04 t=3.2s
[DONE] fit__8733__denoise__counterfactual__nes__l0.5 calls=1021 margin 3.27->-6.87 t=3.2s
[DONE] fit__8733__deblur__attack__nes__l1 calls=1021 margin 9.13->4.30 t=3.1s
[DONE] fit__8733__deblur__restore__nes__l1 calls=1021 margin 9.13->9.17 t=3.0s
[DONE] fit__8733__deblur__random_walk__random_walk__l1 calls=1024 margin 9.13->8.34 t=4.4s
[DONE] fit__8733__deblur__confidence_boost__nes__l1 calls=1021 margin 9.13->9.71 t=3.0s
[DONE] fit__8733__deblur__boundary_probe__nes__l1 calls=1021 margin 9.13->3.54 t=3.1s
[DONE] fit__8733__deblur__counterfactual__nes__l1 calls=1021 margin 9.13->4.30 t=3.1s
[DONE] fit__3858__denoise__attack__nes__l0.5 calls=1021 margin 0.15->-8.58 t=3.1s
[DONE] fit__3858__denoise__restore__nes__l0.5 calls=1021 margin 0.15->0.19 t=2.9s
[DONE] fit__3858__denoise__random_walk__random_walk__l0.5 calls=1024 margin 0.15->1.53 t=4.5s
[DONE] fit__3858__denoise__confidence_boost__nes__l0.5 calls=1021 margin 0.15->6.68 t=3.0s
[DONE] fit__3858__denoise__boundary_probe__nes__l0.5 calls=1021 margin 0.15->0.02 t=2.9s
[DONE] fit__3858__denoise__counterfactual__nes__l0.5 calls=1021 margin 0.15->-7.92 t=3.0s
[DONE] fit__3858__deblur__attack__nes__l1 calls=1021 margin 9.00->-7.64 t=3.1s
[DONE] fit__3858__deblur__restore__nes__l1 calls=1021 margin 9.00->9.02 t=3.0s
[DONE] fit__3858__deblur__random_walk__random_walk__l1 calls=1024 margin 9.00->4.76 t=4.8s
[DONE] fit__3858__deblur__confidence_boost__nes__l1 calls=1021 margin 9.00->10.16 t=3.4s
[DONE] fit__3858__deblur__boundary_probe__nes__l1 calls=1021 margin 9.00->0.00 t=3.0s
[DONE] fit__3858__deblur__counterfactual__nes__l1 calls=1021 margin 9.00->0.78 t=3.0s
[DONE] fit__7977__denoise__attack__nes__l0.5 calls=1021 margin 2.84->-12.47 t=3.2s
[DONE] fit__7977__denoise__restore__nes__l0.5 calls=1021 margin 2.84->4.68 t=3.0s
[DONE] fit__7977__denoise__random_walk__random_walk__l0.5 calls=1024 margin 2.84->-1.55 t=4.2s
[DONE] fit__7977__denoise__confidence_boost__nes__l0.5 calls=1021 margin 2.84->9.08 t=3.3s
[DONE] fit__7977__denoise__boundary_probe__nes__l0.5 calls=1021 margin 2.84->0.01 t=3.3s
[DONE] fit__7977__denoise__counterfactual__nes__l0.5 calls=1021 margin 2.84->-10.48 t=3.3s
[DONE] fit__7977__deblur__attack__nes__l1 calls=1021 margin 10.23->7.00 t=3.1s
[DONE] fit__7977__deblur__restore__nes__l1 calls=1021 margin 10.23->10.32 t=3.1s
[DONE] fit__7977__deblur__random_walk__random_walk__l1 calls=1024 margin 10.23->9.51 t=4.2s
[DONE] fit__7977__deblur__confidence_boost__nes__l1 calls=1021 margin 10.23->10.83 t=3.0s
[DONE] fit__7977__deblur__boundary_probe__nes__l1 calls=1021 margin 10.23->5.06 t=3.1s
[DONE] fit__7977__deblur__counterfactual__nes__l1 calls=1021 margin 10.23->6.55 t=3.0s
[DONE] fit__5041__denoise__attack__nes__l0.5 calls=1021 margin 7.75->-4.09 t=3.2s
[DONE] fit__5041__denoise__restore__nes__l0.5 calls=1021 margin 7.75->7.78 t=2.9s
[DONE] fit__5041__denoise__random_walk__random_walk__l0.5 calls=1024 margin 7.75->5.56 t=4.2s
[DONE] fit__5041__denoise__confidence_boost__nes__l0.5 calls=1021 margin 7.75->9.59 t=3.5s
[DONE] fit__5041__denoise__boundary_probe__nes__l0.5 calls=1021 margin 7.75->0.02 t=3.3s
[DONE] fit__5041__denoise__counterfactual__nes__l0.5 calls=1021 margin 7.75->0.24 t=3.3s
[DONE] fit__5041__deblur__attack__nes__l1 calls=1021 margin 8.17->1.74 t=3.1s
[DONE] fit__5041__deblur__restore__nes__l1 calls=1021 margin 8.17->8.40 t=3.3s
[DONE] fit__5041__deblur__random_walk__random_walk__l1 calls=1024 margin 8.17->8.42 t=4.3s
[DONE] fit__5041__deblur__confidence_boost__nes__l1 calls=1021 margin 8.17->9.88 t=3.1s
[DONE] fit__5041__deblur__boundary_probe__nes__l1 calls=1021 margin 8.17->1.40 t=3.1s
[DONE] fit__5041__deblur__counterfactual__nes__l1 calls=1021 margin 8.17->0.37 t=2.9s
