Load BlackboxBench cifar model:  bbb_vgg19_bn
[INFO] Loading BlackboxBench CIFAR-10 checkpoint from checkpoints/blackboxbench_cifar10/ckpt/vgg19_bn/model_best.pth.tar
/home/sepi/projects/MCG-Blackbox/utils/load_models.py:71: FutureWarning: You are using `torch.load` with `weights_only=False` (the current default value), which uses the default pickle module implicitly. It is possible to construct malicious pickle data which will execute arbitrary code during unpickling (See https://github.com/pytorch/pytorch/blob/main/SECURITY.md#untrusted-models for more details). In a future release, the default value for `weights_only` will be flipped to `True`. This limits the functions that could be executed during unpickling. Arbitrary objects will no longer be allowed to be loaded via this mode unless they are explicitly allowlisted by the user via `torch.serialization.add_safe_globals`. We recommend you start setting `weights_only=True` for any use case where you don't have full control of the loaded file. Please open an issue on GitHub for any issues related to this experimental feature.
  checkpoint = torch.load(
[DONE] calibration__2404__denoise__attack__nes__l0.5 calls=1021 margin 1.17->-8.92 t=3.3s
[DONE] calibration__2404__denoise__restore__nes__l0.5 calls=1021 margin 1.17->1.52 t=2.7s
[DONE] calibration__2404__denoise__random_walk__random_walk__l0.5 calls=1024 margin 1.17->-0.84 t=5.3s
[DONE] calibration__2404__denoise__confidence_boost__nes__l0.5 calls=1021 margin 1.17->7.77 t=3.3s
[DONE] calibration__2404__denoise__boundary_probe__nes__l0.5 calls=1021 margin 1.17->0.06 t=3.1s
[DONE] calibration__2404__denoise__counterfactual__nes__l0.5 calls=1021 margin 1.17->-7.98 t=3.3s
[DONE] calibration__2404__deblur__attack__nes__l1 calls=1021 margin 8.71->1.15 t=3.0s
[DONE] calibration__2404__deblur__restore__nes__l1 calls=1021 margin 8.71->8.40 t=3.1s
[DONE] calibration__2404__deblur__random_walk__random_walk__l1 calls=1024 margin 8.71->8.55 t=5.4s
[DONE] calibration__2404__deblur__confidence_boost__nes__l1 calls=1021 margin 8.71->9.14 t=2.9s
[DONE] calibration__2404__deblur__boundary_probe__nes__l1 calls=1021 margin 8.71->1.94 t=3.1s
[DONE] calibration__2404__deblur__counterfactual__nes__l1 calls=1021 margin 8.71->1.59 t=3.0s
[DONE] calibration__8777__denoise__attack__nes__l0.5 calls=1021 margin 1.55->-8.74 t=3.0s
[DONE] calibration__8777__denoise__restore__nes__l0.5 calls=1021 margin 1.55->0.90 t=3.2s
[DONE] calibration__8777__denoise__random_walk__random_walk__l0.5 calls=1024 margin 1.55->-1.26 t=5.3s
[DONE] calibration__8777__denoise__confidence_boost__nes__l0.5 calls=1021 margin 1.55->7.54 t=3.0s
[DONE] calibration__8777__denoise__boundary_probe__nes__l0.5 calls=1021 margin 1.55->0.03 t=3.1s
[DONE] calibration__8777__denoise__counterfactual__nes__l0.5 calls=1021 margin 1.55->-8.17 t=3.0s
[DONE] calibration__8777__deblur__attack__nes__l1 calls=1021 margin 8.95->-7.27 t=3.1s
[DONE] calibration__8777__deblur__restore__nes__l1 calls=1021 margin 8.95->8.63 t=3.2s
[DONE] calibration__8777__deblur__random_walk__random_walk__l1 calls=1024 margin 8.95->3.29 t=5.2s
[DONE] calibration__8777__deblur__confidence_boost__nes__l1 calls=1021 margin 8.95->9.05 t=3.0s
[DONE] calibration__8777__deblur__boundary_probe__nes__l1 calls=1021 margin 8.95->0.16 t=3.3s
[DONE] calibration__8777__deblur__counterfactual__nes__l1 calls=1021 margin 8.95->-3.13 t=3.0s
[DONE] calibration__6279__denoise__attack__nes__l0.5 calls=1021 margin 6.26->0.45 t=2.8s
[DONE] calibration__6279__denoise__restore__nes__l0.5 calls=1021 margin 6.26->6.43 t=3.1s
[DONE] calibration__6279__denoise__random_walk__random_walk__l0.5 calls=1024 margin 6.26->6.76 t=4.9s
[DONE] calibration__6279__denoise__confidence_boost__nes__l0.5 calls=1021 margin 6.26->8.29 t=2.9s
[DONE] calibration__6279__denoise__boundary_probe__nes__l0.5 calls=1021 margin 6.26->0.39 t=3.1s
[DONE] calibration__6279__denoise__counterfactual__nes__l0.5 calls=1021 margin 6.26->0.30 t=2.8s
[DONE] calibration__6279__deblur__attack__nes__l1 calls=1021 margin 9.16->7.54 t=2.9s
[DONE] calibration__6279__deblur__restore__nes__l1 calls=1021 margin 9.16->9.18 t=3.1s
[DONE] calibration__6279__deblur__random_walk__random_walk__l1 calls=1024 margin 9.16->8.57 t=5.0s
[DONE] calibration__6279__deblur__confidence_boost__nes__l1 calls=1021 margin 9.16->9.53 t=3.0s
[DONE] calibration__6279__deblur__boundary_probe__nes__l1 calls=1021 margin 9.16->7.41 t=3.1s
[DONE] calibration__6279__deblur__counterfactual__nes__l1 calls=1021 margin 9.16->7.65 t=3.2s
[DONE] calibration__9455__denoise__attack__nes__l0.5 calls=1021 margin 0.36->-7.63 t=3.0s
[DONE] calibration__9455__denoise__restore__nes__l0.5 calls=1021 margin 0.36->0.22 t=3.3s
[DONE] calibration__9455__denoise__random_walk__random_walk__l0.5 calls=1024 margin 0.36->0.77 t=5.3s
[DONE] calibration__9455__denoise__confidence_boost__nes__l0.5 calls=1021 margin 0.36->7.59 t=3.0s
[DONE] calibration__9455__denoise__boundary_probe__nes__l0.5 calls=1021 margin 0.36->0.00 t=2.9s
[DONE] calibration__9455__denoise__counterfactual__nes__l0.5 calls=1021 margin 0.36->-6.87 t=2.9s
[DONE] calibration__9455__deblur__attack__nes__l1 calls=1021 margin 9.70->7.30 t=3.1s
[DONE] calibration__9455__deblur__restore__nes__l1 calls=1021 margin 9.70->9.57 t=3.3s
[DONE] calibration__9455__deblur__random_walk__random_walk__l1 calls=1024 margin 9.70->8.73 t=5.2s
[DONE] calibration__9455__deblur__confidence_boost__nes__l1 calls=1021 margin 9.70->10.21 t=3.1s
[DONE] calibration__9455__deblur__boundary_probe__nes__l1 calls=1021 margin 9.70->6.38 t=3.2s
[DONE] calibration__9455__deblur__counterfactual__nes__l1 calls=1021 margin 9.70->8.18 t=3.0s
[DONE] calibration__6512__denoise__attack__nes__l0.5 calls=1021 margin 8.42->-10.82 t=3.0s
[DONE] calibration__6512__denoise__restore__nes__l0.5 calls=1021 margin 8.42->8.41 t=3.3s
[DONE] calibration__6512__denoise__random_walk__random_walk__l0.5 calls=1024 margin 8.42->8.49 t=4.7s
[DONE] calibration__6512__denoise__confidence_boost__nes__l0.5 calls=1021 margin 8.42->10.36 t=2.9s
[DONE] calibration__6512__denoise__boundary_probe__nes__l0.5 calls=1021 margin 8.42->0.00 t=2.9s
[DONE] calibration__6512__denoise__counterfactual__nes__l0.5 calls=1021 margin 8.42->-8.75 t=3.2s
[DONE] calibration__6512__deblur__attack__nes__l1 calls=1021 margin 9.42->-10.66 t=3.1s
[DONE] calibration__6512__deblur__restore__nes__l1 calls=1021 margin 9.42->9.83 t=3.1s
[DONE] calibration__6512__deblur__random_walk__random_walk__l1 calls=1024 margin 9.42->9.56 t=4.7s
[DONE] calibration__6512__deblur__confidence_boost__nes__l1 calls=1021 margin 9.42->10.02 t=2.9s
[DONE] calibration__6512__deblur__boundary_probe__nes__l1 calls=1021 margin 9.42->0.01 t=3.0s
[DONE] calibration__6512__deblur__counterfactual__nes__l1 calls=1021 margin 9.42->-9.82 t=3.0s
[DONE] calibration__2181__denoise__attack__nes__l0.5 calls=1021 margin 0.17->-9.90 t=3.1s
[DONE] calibration__2181__denoise__restore__nes__l0.5 calls=1021 margin 0.17->3.34 t=3.6s
[DONE] calibration__2181__denoise__random_walk__random_walk__l0.5 calls=1024 margin 0.17->4.11 t=4.8s
[DONE] calibration__2181__denoise__confidence_boost__nes__l0.5 calls=1021 margin 0.17->9.26 t=2.8s
[DONE] calibration__2181__denoise__boundary_probe__nes__l0.5 calls=1021 margin 0.17->0.08 t=3.1s
[DONE] calibration__2181__denoise__counterfactual__nes__l0.5 calls=1021 margin 0.17->-8.20 t=3.2s
[DONE] calibration__2181__deblur__attack__nes__l1 calls=1021 margin 9.04->8.08 t=3.0s
[DONE] calibration__2181__deblur__restore__nes__l1 calls=1021 margin 9.04->8.95 t=3.5s
[DONE] calibration__2181__deblur__random_walk__random_walk__l1 calls=1024 margin 9.04->9.24 t=4.6s
[DONE] calibration__2181__deblur__confidence_boost__nes__l1 calls=1021 margin 9.04->9.39 t=3.1s
[DONE] calibration__2181__deblur__boundary_probe__nes__l1 calls=1021 margin 9.04->4.31 t=3.3s
[DONE] calibration__2181__deblur__counterfactual__nes__l1 calls=1021 margin 9.04->5.42 t=2.9s
[DONE] calibration__5343__denoise__attack__nes__l0.5 calls=1021 margin 5.61->-8.68 t=3.0s
[DONE] calibration__5343__denoise__restore__nes__l0.5 calls=1021 margin 5.61->6.65 t=3.5s
[DONE] calibration__5343__denoise__random_walk__random_walk__l0.5 calls=1024 margin 5.61->8.13 t=4.5s
[DONE] calibration__5343__denoise__confidence_boost__nes__l0.5 calls=1021 margin 5.61->9.70 t=3.1s
[DONE] calibration__5343__denoise__boundary_probe__nes__l0.5 calls=1021 margin 5.61->0.02 t=3.0s
[DONE] calibration__5343__denoise__counterfactual__nes__l0.5 calls=1021 margin 5.61->-7.32 t=3.0s
[DONE] calibration__5343__deblur__attack__nes__l1 calls=1021 margin 9.04->1.38 t=3.5s
[DONE] calibration__5343__deblur__restore__nes__l1 calls=1021 margin 9.04->8.92 t=3.6s
[DONE] calibration__5343__deblur__random_walk__random_walk__l1 calls=1024 margin 9.04->9.25 t=4.4s
[DONE] calibration__5343__deblur__confidence_boost__nes__l1 calls=1021 margin 9.04->9.73 t=3.5s
[DONE] calibration__5343__deblur__boundary_probe__nes__l1 calls=1021 margin 9.04->0.01 t=3.1s
[DONE] calibration__5343__deblur__counterfactual__nes__l1 calls=1021 margin 9.04->-0.40 t=3.2s
[DONE] calibration__4443__denoise__attack__nes__l0.5 calls=1021 margin 1.76->-9.63 t=3.2s
[DONE] calibration__4443__denoise__restore__nes__l0.5 calls=1021 margin 1.76->3.08 t=3.4s
[DONE] calibration__4443__denoise__random_walk__random_walk__l0.5 calls=1024 margin 1.76->0.96 t=4.5s
[DONE] calibration__4443__denoise__confidence_boost__nes__l0.5 calls=1021 margin 1.76->10.51 t=3.1s
[DONE] calibration__4443__denoise__boundary_probe__nes__l0.5 calls=1021 margin 1.76->0.03 t=3.2s
[DONE] calibration__4443__denoise__counterfactual__nes__l0.5 calls=1021 margin 1.76->-7.96 t=3.1s
[DONE] calibration__4443__deblur__attack__nes__l1 calls=1021 margin 10.29->-5.71 t=3.2s
[DONE] calibration__4443__deblur__restore__nes__l1 calls=1021 margin 10.29->10.31 t=3.3s
[DONE] calibration__4443__deblur__random_walk__random_walk__l1 calls=1024 margin 10.29->10.27 t=4.4s
[DONE] calibration__4443__deblur__confidence_boost__nes__l1 calls=1021 margin 10.29->10.90 t=3.1s
[DONE] calibration__4443__deblur__boundary_probe__nes__l1 calls=1021 margin 10.29->0.03 t=3.2s
[DONE] calibration__4443__deblur__counterfactual__nes__l1 calls=1021 margin 10.29->-0.31 t=3.0s
[DONE] calibration__9112__denoise__attack__nes__l0.5 calls=1021 margin 9.64->8.13 t=3.3s
[DONE] calibration__9112__denoise__restore__nes__l0.5 calls=1021 margin 9.64->9.66 t=3.1s
[DONE] calibration__9112__denoise__random_walk__random_walk__l0.5 calls=1024 margin 9.64->9.58 t=4.3s
[DONE] calibration__9112__denoise__confidence_boost__nes__l0.5 calls=1021 margin 9.64->9.95 t=3.0s
[DONE] calibration__9112__denoise__boundary_probe__nes__l0.5 calls=1021 margin 9.64->7.68 t=2.9s
[DONE] calibration__9112__denoise__counterfactual__nes__l0.5 calls=1021 margin 9.64->7.89 t=3.2s
[DONE] calibration__9112__deblur__attack__nes__l1 calls=1021 margin 9.48->8.89 t=3.3s
[DONE] calibration__9112__deblur__restore__nes__l1 calls=1021 margin 9.48->9.45 t=3.3s
[DONE] calibration__9112__deblur__random_walk__random_walk__l1 calls=1024 margin 9.48->9.70 t=4.2s
[DONE] calibration__9112__deblur__confidence_boost__nes__l1 calls=1021 margin 9.48->10.22 t=3.1s
[DONE] calibration__9112__deblur__boundary_probe__nes__l1 calls=1021 margin 9.48->8.80 t=3.2s
[DONE] calibration__9112__deblur__counterfactual__nes__l1 calls=1021 margin 9.48->8.82 t=3.2s
[DONE] calibration__5947__denoise__attack__nes__l0.5 calls=1021 margin 5.09->-7.94 t=3.2s
[DONE] calibration__5947__denoise__restore__nes__l0.5 calls=1021 margin 5.09->5.84 t=3.2s
[DONE] calibration__5947__denoise__random_walk__random_walk__l0.5 calls=1024 margin 5.09->5.35 t=4.2s
[DONE] calibration__5947__denoise__confidence_boost__nes__l0.5 calls=1021 margin 5.09->8.87 t=3.1s
[DONE] calibration__5947__denoise__boundary_probe__nes__l0.5 calls=1021 margin 5.09->0.12 t=3.1s
[DONE] calibration__5947__denoise__counterfactual__nes__l0.5 calls=1021 margin 5.09->-7.25 t=3.4s
[DONE] calibration__5947__deblur__attack__nes__l1 calls=1021 margin 9.13->8.83 t=3.2s
[DONE] calibration__5947__deblur__restore__nes__l1 calls=1021 margin 9.13->9.11 t=3.3s
[DONE] calibration__5947__deblur__random_walk__random_walk__l1 calls=1024 margin 9.13->9.14 t=4.3s
[DONE] calibration__5947__deblur__confidence_boost__nes__l1 calls=1021 margin 9.13->9.48 t=2.8s
[DONE] calibration__5947__deblur__boundary_probe__nes__l1 calls=1021 margin 9.13->8.81 t=3.1s
[DONE] calibration__5947__deblur__counterfactual__nes__l1 calls=1021 margin 9.13->8.76 t=3.3s
[DONE] calibration__1140__denoise__attack__nes__l0.5 calls=1021 margin 10.56->4.20 t=3.1s
[DONE] calibration__1140__denoise__restore__nes__l0.5 calls=1021 margin 10.56->10.77 t=2.9s
[DONE] calibration__1140__denoise__random_walk__random_walk__l0.5 calls=1024 margin 10.56->10.90 t=4.6s
[DONE] calibration__1140__denoise__confidence_boost__nes__l0.5 calls=1021 margin 10.56->12.11 t=3.2s
[DONE] calibration__1140__denoise__boundary_probe__nes__l0.5 calls=1021 margin 10.56->4.08 t=3.2s
[DONE] calibration__1140__denoise__counterfactual__nes__l0.5 calls=1021 margin 10.56->3.08 t=3.0s
[DONE] calibration__1140__deblur__attack__nes__l1 calls=1021 margin 9.52->-2.76 t=3.1s
[DONE] calibration__1140__deblur__restore__nes__l1 calls=1021 margin 9.52->10.35 t=3.3s
[DONE] calibration__1140__deblur__random_walk__random_walk__l1 calls=1024 margin 9.52->10.26 t=4.4s
[DONE] calibration__1140__deblur__confidence_boost__nes__l1 calls=1021 margin 9.52->12.23 t=2.8s
[DONE] calibration__1140__deblur__boundary_probe__nes__l1 calls=1021 margin 9.52->0.02 t=2.9s
[DONE] calibration__1140__deblur__counterfactual__nes__l1 calls=1021 margin 9.52->-4.54 t=3.4s
[DONE] calibration__6801__denoise__attack__nes__l0.5 calls=1021 margin 10.85->10.23 t=3.1s
[DONE] calibration__6801__denoise__restore__nes__l0.5 calls=1021 margin 10.85->10.77 t=3.3s
[DONE] calibration__6801__denoise__random_walk__random_walk__l0.5 calls=1024 margin 10.85->10.58 t=4.3s
[DONE] calibration__6801__denoise__confidence_boost__nes__l0.5 calls=1021 margin 10.85->11.46 t=3.1s
[DONE] calibration__6801__denoise__boundary_probe__nes__l0.5 calls=1021 margin 10.85->9.58 t=3.3s
[DONE] calibration__6801__denoise__counterfactual__nes__l0.5 calls=1021 margin 10.85->9.67 t=3.6s
[DONE] calibration__6801__deblur__attack__nes__l1 calls=1021 margin 9.56->5.56 t=3.6s
[DONE] calibration__6801__deblur__restore__nes__l1 calls=1021 margin 9.56->9.89 t=3.3s
[DONE] calibration__6801__deblur__random_walk__random_walk__l1 calls=1024 margin 9.56->10.04 t=4.4s
[DONE] calibration__6801__deblur__confidence_boost__nes__l1 calls=1021 margin 9.56->11.58 t=3.0s
[DONE] calibration__6801__deblur__boundary_probe__nes__l1 calls=1021 margin 9.56->4.50 t=3.4s
[DONE] calibration__6801__deblur__counterfactual__nes__l1 calls=1021 margin 9.56->4.28 t=3.2s
[DONE] calibration__2141__denoise__attack__nes__l0.5 calls=1021 margin 2.17->-10.89 t=3.2s
[DONE] calibration__2141__denoise__restore__nes__l0.5 calls=1021 margin 2.17->3.15 t=3.2s
[DONE] calibration__2141__denoise__random_walk__random_walk__l0.5 calls=1024 margin 2.17->1.55 t=4.6s
[DONE] calibration__2141__denoise__confidence_boost__nes__l0.5 calls=1021 margin 2.17->9.11 t=3.0s
[DONE] calibration__2141__denoise__boundary_probe__nes__l0.5 calls=1021 margin 2.17->0.02 t=3.1s
[DONE] calibration__2141__denoise__counterfactual__nes__l0.5 calls=1021 margin 2.17->-10.50 t=3.2s
[DONE] calibration__2141__deblur__attack__nes__l1 calls=1021 margin 7.52->-8.37 t=2.9s
[DONE] calibration__2141__deblur__restore__nes__l1 calls=1021 margin 7.52->7.04 t=3.1s
[DONE] calibration__2141__deblur__random_walk__random_walk__l1 calls=1024 margin 7.52->5.36 t=4.4s
[DONE] calibration__2141__deblur__confidence_boost__nes__l1 calls=1021 margin 7.52->9.98 t=3.1s
[DONE] calibration__2141__deblur__boundary_probe__nes__l1 calls=1021 margin 7.52->0.01 t=3.3s
[DONE] calibration__2141__deblur__counterfactual__nes__l1 calls=1021 margin 7.52->-7.96 t=2.9s
[DONE] calibration__9799__denoise__attack__nes__l0.5 calls=1021 margin 3.77->-7.99 t=3.1s
[DONE] calibration__9799__denoise__restore__nes__l0.5 calls=1021 margin 3.77->4.99 t=3.4s
[DONE] calibration__9799__denoise__random_walk__random_walk__l0.5 calls=1024 margin 3.77->-0.04 t=4.6s
[DONE] calibration__9799__denoise__confidence_boost__nes__l0.5 calls=1021 margin 3.77->9.65 t=3.1s
[DONE] calibration__9799__denoise__boundary_probe__nes__l0.5 calls=1021 margin 3.77->0.07 t=3.0s
[DONE] calibration__9799__denoise__counterfactual__nes__l0.5 calls=1021 margin 3.77->-7.43 t=3.3s
[DONE] calibration__9799__deblur__attack__nes__l1 calls=1021 margin 8.56->-7.75 t=3.0s
[DONE] calibration__9799__deblur__restore__nes__l1 calls=1021 margin 8.56->9.04 t=3.1s
[DONE] calibration__9799__deblur__random_walk__random_walk__l1 calls=1024 margin 8.56->2.60 t=4.0s
[DONE] calibration__9799__deblur__confidence_boost__nes__l1 calls=1021 margin 8.56->9.99 t=3.0s
[DONE] calibration__9799__deblur__boundary_probe__nes__l1 calls=1021 margin 8.56->0.05 t=2.8s
[DONE] calibration__9799__deblur__counterfactual__nes__l1 calls=1021 margin 8.56->-6.90 t=3.0s
[DONE] calibration__5418__denoise__attack__nes__l0.5 calls=1021 margin 1.86->-5.69 t=3.4s
[DONE] calibration__5418__denoise__restore__nes__l0.5 calls=1021 margin 1.86->2.47 t=3.3s
[DONE] calibration__5418__denoise__random_walk__random_walk__l0.5 calls=1024 margin 1.86->2.82 t=4.1s
[DONE] calibration__5418__denoise__confidence_boost__nes__l0.5 calls=1021 margin 1.86->7.78 t=3.0s
[DONE] calibration__5418__denoise__boundary_probe__nes__l0.5 calls=1021 margin 1.86->0.03 t=3.0s
[DONE] calibration__5418__denoise__counterfactual__nes__l0.5 calls=1021 margin 1.86->-5.95 t=3.1s
[DONE] calibration__5418__deblur__attack__nes__l1 calls=1021 margin 9.85->8.75 t=3.4s
[DONE] calibration__5418__deblur__restore__nes__l1 calls=1021 margin 9.85->9.88 t=3.2s
[DONE] calibration__5418__deblur__random_walk__random_walk__l1 calls=1024 margin 9.85->9.72 t=4.2s
[DONE] calibration__5418__deblur__confidence_boost__nes__l1 calls=1021 margin 9.85->10.56 t=3.1s
[DONE] calibration__5418__deblur__boundary_probe__nes__l1 calls=1021 margin 9.85->6.09 t=3.2s
[DONE] calibration__5418__deblur__counterfactual__nes__l1 calls=1021 margin 9.85->7.14 t=3.2s
[DONE] calibration__4191__denoise__attack__nes__l0.5 calls=1021 margin 0.88->-7.62 t=3.0s
[DONE] calibration__4191__denoise__restore__nes__l0.5 calls=1021 margin 0.88->0.15 t=3.2s
[DONE] calibration__4191__denoise__random_walk__random_walk__l0.5 calls=1024 margin 0.88->-0.33 t=4.7s
[DONE] calibration__4191__denoise__confidence_boost__nes__l0.5 calls=1021 margin 0.88->8.25 t=3.2s
[DONE] calibration__4191__denoise__boundary_probe__nes__l0.5 calls=1021 margin 0.88->0.02 t=3.1s
[DONE] calibration__4191__denoise__counterfactual__nes__l0.5 calls=1021 margin 0.88->-7.57 t=3.2s
[DONE] calibration__4191__deblur__attack__nes__l1 calls=1021 margin 9.54->5.36 t=3.2s
[DONE] calibration__4191__deblur__restore__nes__l1 calls=1021 margin 9.54->9.49 t=3.1s
[DONE] calibration__4191__deblur__random_walk__random_walk__l1 calls=1024 margin 9.54->9.18 t=4.5s
[DONE] calibration__4191__deblur__confidence_boost__nes__l1 calls=1021 margin 9.54->10.15 t=2.9s
[DONE] calibration__4191__deblur__boundary_probe__nes__l1 calls=1021 margin 9.54->5.50 t=2.9s
[DONE] calibration__4191__deblur__counterfactual__nes__l1 calls=1021 margin 9.54->7.26 t=2.8s
[DONE] calibration__9032__denoise__attack__nes__l0.5 calls=1021 margin 8.36->5.10 t=3.0s
[DONE] calibration__9032__denoise__restore__nes__l0.5 calls=1021 margin 8.36->8.42 t=3.2s
[DONE] calibration__9032__denoise__random_walk__random_walk__l0.5 calls=1024 margin 8.36->8.35 t=4.7s
[DONE] calibration__9032__denoise__confidence_boost__nes__l0.5 calls=1021 margin 8.36->9.45 t=2.8s
[DONE] calibration__9032__denoise__boundary_probe__nes__l0.5 calls=1021 margin 8.36->4.53 t=3.0s
[DONE] calibration__9032__denoise__counterfactual__nes__l0.5 calls=1021 margin 8.36->4.60 t=3.1s
[DONE] calibration__9032__deblur__attack__nes__l1 calls=1021 margin 8.47->6.46 t=3.2s
[DONE] calibration__9032__deblur__restore__nes__l1 calls=1021 margin 8.47->8.52 t=3.2s
[DONE] calibration__9032__deblur__random_walk__random_walk__l1 calls=1024 margin 8.47->8.77 t=4.5s
[DONE] calibration__9032__deblur__confidence_boost__nes__l1 calls=1021 margin 8.47->8.79 t=3.1s
[DONE] calibration__9032__deblur__boundary_probe__nes__l1 calls=1021 margin 8.47->7.92 t=3.3s
[DONE] calibration__9032__deblur__counterfactual__nes__l1 calls=1021 margin 8.47->8.03 t=3.1s
[DONE] evaluation__1879__denoise__attack__nes__l0.5 calls=1021 margin 0.94->-8.80 t=3.2s
[DONE] evaluation__1879__denoise__restore__nes__l0.5 calls=1021 margin 0.94->1.67 t=3.1s
[DONE] evaluation__1879__denoise__random_walk__random_walk__l0.5 calls=1024 margin 0.94->1.41 t=4.6s
[DONE] evaluation__1879__denoise__confidence_boost__nes__l0.5 calls=1021 margin 0.94->8.17 t=3.0s
[DONE] evaluation__1879__denoise__boundary_probe__nes__l0.5 calls=1021 margin 0.94->0.01 t=3.3s
[DONE] evaluation__1879__denoise__counterfactual__nes__l0.5 calls=1021 margin 0.94->-7.61 t=3.2s
[DONE] evaluation__1879__deblur__attack__nes__l1 calls=1021 margin 8.68->5.70 t=3.2s
[DONE] evaluation__1879__deblur__restore__nes__l1 calls=1021 margin 8.68->8.75 t=2.9s
[DONE] evaluation__1879__deblur__random_walk__random_walk__l1 calls=1024 margin 8.68->8.27 t=4.7s
[DONE] evaluation__1879__deblur__confidence_boost__nes__l1 calls=1021 margin 8.68->9.31 t=3.1s
[DONE] evaluation__1879__deblur__boundary_probe__nes__l1 calls=1021 margin 8.68->5.11 t=3.0s
[DONE] evaluation__1879__deblur__counterfactual__nes__l1 calls=1021 margin 8.68->6.42 t=2.9s
[DONE] evaluation__7594__denoise__attack__nes__l0.5 calls=1021 margin 3.09->-8.63 t=3.1s
[DONE] evaluation__7594__denoise__restore__nes__l0.5 calls=1021 margin 3.09->1.89 t=3.2s
[DONE] evaluation__7594__denoise__random_walk__random_walk__l0.5 calls=1024 margin 3.09->3.16 t=4.5s
[DONE] evaluation__7594__denoise__confidence_boost__nes__l0.5 calls=1021 margin 3.09->8.88 t=3.2s
[DONE] evaluation__7594__denoise__boundary_probe__nes__l0.5 calls=1021 margin 3.09->0.00 t=3.3s
[DONE] evaluation__7594__denoise__counterfactual__nes__l0.5 calls=1021 margin 3.09->-8.13 t=3.2s
[DONE] evaluation__7594__deblur__attack__nes__l1 calls=1021 margin 8.74->4.53 t=3.3s
[DONE] evaluation__7594__deblur__restore__nes__l1 calls=1021 margin 8.74->8.74 t=3.2s
[DONE] evaluation__7594__deblur__random_walk__random_walk__l1 calls=1024 margin 8.74->8.59 t=4.5s
[DONE] evaluation__7594__deblur__confidence_boost__nes__l1 calls=1021 margin 8.74->9.16 t=2.9s
[DONE] evaluation__7594__deblur__boundary_probe__nes__l1 calls=1021 margin 8.74->4.97 t=3.3s
[DONE] evaluation__7594__deblur__counterfactual__nes__l1 calls=1021 margin 8.74->4.87 t=3.0s
[DONE] evaluation__9544__denoise__attack__nes__l0.5 calls=1021 margin 3.82->-8.07 t=3.2s
[DONE] evaluation__9544__denoise__restore__nes__l0.5 calls=1021 margin 3.82->4.19 t=3.1s
[DONE] evaluation__9544__denoise__random_walk__random_walk__l0.5 calls=1024 margin 3.82->1.38 t=4.4s
[DONE] evaluation__9544__denoise__confidence_boost__nes__l0.5 calls=1021 margin 3.82->8.71 t=3.1s
[DONE] evaluation__9544__denoise__boundary_probe__nes__l0.5 calls=1021 margin 3.82->0.00 t=3.1s
[DONE] evaluation__9544__denoise__counterfactual__nes__l0.5 calls=1021 margin 3.82->-5.13 t=3.2s
[DONE] evaluation__9544__deblur__attack__nes__l1 calls=1021 margin 9.23->3.98 t=3.5s
[DONE] evaluation__9544__deblur__restore__nes__l1 calls=1021 margin 9.23->9.15 t=3.3s
[DONE] evaluation__9544__deblur__random_walk__random_walk__l1 calls=1024 margin 9.23->8.86 t=4.4s
[DONE] evaluation__9544__deblur__confidence_boost__nes__l1 calls=1021 margin 9.23->9.58 t=3.0s
[DONE] evaluation__9544__deblur__boundary_probe__nes__l1 calls=1021 margin 9.23->4.45 t=3.1s
[DONE] evaluation__9544__deblur__counterfactual__nes__l1 calls=1021 margin 9.23->5.55 t=3.1s
[DONE] evaluation__645__denoise__attack__nes__l0.5 calls=1021 margin 5.99->-7.86 t=3.2s
[DONE] evaluation__645__denoise__restore__nes__l0.5 calls=1021 margin 5.99->5.98 t=3.3s
[DONE] evaluation__645__denoise__random_walk__random_walk__l0.5 calls=1024 margin 5.99->6.84 t=4.3s
[DONE] evaluation__645__denoise__confidence_boost__nes__l0.5 calls=1021 margin 5.99->9.18 t=3.2s
[DONE] evaluation__645__denoise__boundary_probe__nes__l0.5 calls=1021 margin 5.99->0.00 t=3.1s
[DONE] evaluation__645__denoise__counterfactual__nes__l0.5 calls=1021 margin 5.99->-7.52 t=3.0s
[DONE] evaluation__645__deblur__attack__nes__l1 calls=1021 margin 9.13->5.10 t=3.3s
[DONE] evaluation__645__deblur__restore__nes__l1 calls=1021 margin 9.13->8.82 t=3.1s
[DONE] evaluation__645__deblur__random_walk__random_walk__l1 calls=1024 margin 9.13->6.94 t=4.2s
[DONE] evaluation__645__deblur__confidence_boost__nes__l1 calls=1021 margin 9.13->9.74 t=2.8s
[DONE] evaluation__645__deblur__boundary_probe__nes__l1 calls=1021 margin 9.13->4.15 t=2.9s
[DONE] evaluation__645__deblur__counterfactual__nes__l1 calls=1021 margin 9.13->4.63 t=2.9s
[DONE] evaluation__2813__denoise__attack__nes__l0.5 calls=1021 margin 7.74->-5.62 t=3.0s
[DONE] evaluation__2813__denoise__restore__nes__l0.5 calls=1021 margin 7.74->7.82 t=3.2s
[DONE] evaluation__2813__denoise__random_walk__random_walk__l0.5 calls=1024 margin 7.74->7.30 t=4.9s
[DONE] evaluation__2813__denoise__confidence_boost__nes__l0.5 calls=1021 margin 7.74->9.43 t=3.2s
[DONE] evaluation__2813__denoise__boundary_probe__nes__l0.5 calls=1021 margin 7.74->0.00 t=3.1s
[DONE] evaluation__2813__denoise__counterfactual__nes__l0.5 calls=1021 margin 7.74->-5.63 t=2.9s
[DONE] evaluation__2813__deblur__attack__nes__l1 calls=1021 margin 9.51->8.51 t=3.2s
[DONE] evaluation__2813__deblur__restore__nes__l1 calls=1021 margin 9.51->9.52 t=3.3s
[DONE] evaluation__2813__deblur__random_walk__random_walk__l1 calls=1024 margin 9.51->9.34 t=4.6s
[DONE] evaluation__2813__deblur__confidence_boost__nes__l1 calls=1021 margin 9.51->9.35 t=3.0s
[DONE] evaluation__2813__deblur__boundary_probe__nes__l1 calls=1021 margin 9.51->8.31 t=3.1s
[DONE] evaluation__2813__deblur__counterfactual__nes__l1 calls=1021 margin 9.51->8.41 t=3.2s
[DONE] evaluation__5307__denoise__attack__nes__l0.5 calls=1021 margin 7.08->-0.49 t=3.3s
[DONE] evaluation__5307__denoise__restore__nes__l0.5 calls=1021 margin 7.08->7.15 t=3.4s
[DONE] evaluation__5307__denoise__random_walk__random_walk__l0.5 calls=1024 margin 7.08->6.64 t=4.8s
[DONE] evaluation__5307__denoise__confidence_boost__nes__l0.5 calls=1021 margin 7.08->9.19 t=3.3s
[DONE] evaluation__5307__denoise__boundary_probe__nes__l0.5 calls=1021 margin 7.08->0.14 t=3.2s
[DONE] evaluation__5307__denoise__counterfactual__nes__l0.5 calls=1021 margin 7.08->-1.17 t=3.3s
[DONE] evaluation__5307__deblur__attack__nes__l1 calls=1021 margin 8.22->5.24 t=3.2s
[DONE] evaluation__5307__deblur__restore__nes__l1 calls=1021 margin 8.22->8.18 t=3.3s
[DONE] evaluation__5307__deblur__random_walk__random_walk__l1 calls=1024 margin 8.22->8.15 t=4.6s
[DONE] evaluation__5307__deblur__confidence_boost__nes__l1 calls=1021 margin 8.22->9.54 t=3.1s
[DONE] evaluation__5307__deblur__boundary_probe__nes__l1 calls=1021 margin 8.22->5.13 t=3.1s
[DONE] evaluation__5307__deblur__counterfactual__nes__l1 calls=1021 margin 8.22->5.25 t=3.2s
[DONE] evaluation__9645__denoise__attack__nes__l0.5 calls=1021 margin 8.90->6.23 t=3.2s
[DONE] evaluation__9645__denoise__restore__nes__l0.5 calls=1021 margin 8.90->9.10 t=3.3s
[DONE] evaluation__9645__denoise__random_walk__random_walk__l0.5 calls=1024 margin 8.90->8.91 t=4.7s
[DONE] evaluation__9645__denoise__confidence_boost__nes__l0.5 calls=1021 margin 8.90->9.93 t=3.0s
[DONE] evaluation__9645__denoise__boundary_probe__nes__l0.5 calls=1021 margin 8.90->6.09 t=3.0s
[DONE] evaluation__9645__denoise__counterfactual__nes__l0.5 calls=1021 margin 8.90->6.02 t=2.9s
[DONE] evaluation__9645__deblur__attack__nes__l1 calls=1021 margin 9.94->9.14 t=2.8s
[DONE] evaluation__9645__deblur__restore__nes__l1 calls=1021 margin 9.94->10.00 t=3.3s
[DONE] evaluation__9645__deblur__random_walk__random_walk__l1 calls=1024 margin 9.94->9.87 t=4.6s
[DONE] evaluation__9645__deblur__confidence_boost__nes__l1 calls=1021 margin 9.94->10.43 t=3.2s
[DONE] evaluation__9645__deblur__boundary_probe__nes__l1 calls=1021 margin 9.94->8.77 t=3.1s
[DONE] evaluation__9645__deblur__counterfactual__nes__l1 calls=1021 margin 9.94->8.49 t=3.1s
[DONE] evaluation__2100__denoise__attack__nes__l0.5 calls=1021 margin 8.09->-10.00 t=3.3s
[DONE] evaluation__2100__denoise__restore__nes__l0.5 calls=1021 margin 8.09->8.52 t=3.4s
[DONE] evaluation__2100__denoise__random_walk__random_walk__l0.5 calls=1024 margin 8.09->6.22 t=4.7s
[DONE] evaluation__2100__denoise__confidence_boost__nes__l0.5 calls=1021 margin 8.09->10.56 t=3.6s
[DONE] evaluation__2100__denoise__boundary_probe__nes__l0.5 calls=1021 margin 8.09->0.09 t=3.2s
[DONE] evaluation__2100__denoise__counterfactual__nes__l0.5 calls=1021 margin 8.09->-8.30 t=3.5s
[DONE] evaluation__2100__deblur__attack__nes__l1 calls=1021 margin 10.11->-5.11 t=3.4s
[DONE] evaluation__2100__deblur__restore__nes__l1 calls=1021 margin 10.11->10.07 t=3.3s
[DONE] evaluation__2100__deblur__random_walk__random_walk__l1 calls=1024 margin 10.11->9.95 t=4.5s
[DONE] evaluation__2100__deblur__confidence_boost__nes__l1 calls=1021 margin 10.11->10.56 t=3.3s
[DONE] evaluation__2100__deblur__boundary_probe__nes__l1 calls=1021 margin 10.11->4.51 t=3.3s
[DONE] evaluation__2100__deblur__counterfactual__nes__l1 calls=1021 margin 10.11->4.19 t=3.5s
[DONE] evaluation__5691__denoise__attack__nes__l0.5 calls=1021 margin 9.14->8.23 t=3.3s
[DONE] evaluation__5691__denoise__restore__nes__l0.5 calls=1021 margin 9.14->9.12 t=3.3s
[DONE] evaluation__5691__denoise__random_walk__random_walk__l0.5 calls=1024 margin 9.14->9.15 t=4.6s
[DONE] evaluation__5691__denoise__confidence_boost__nes__l0.5 calls=1021 margin 9.14->9.93 t=3.2s
[DONE] evaluation__5691__denoise__boundary_probe__nes__l0.5 calls=1021 margin 9.14->8.31 t=3.2s
[DONE] evaluation__5691__denoise__counterfactual__nes__l0.5 calls=1021 margin 9.14->8.24 t=3.2s
[DONE] evaluation__5691__deblur__attack__nes__l1 calls=1021 margin 9.54->8.06 t=3.5s
[DONE] evaluation__5691__deblur__restore__nes__l1 calls=1021 margin 9.54->9.28 t=3.4s
[DONE] evaluation__5691__deblur__random_walk__random_walk__l1 calls=1024 margin 9.54->8.88 t=4.7s
[DONE] evaluation__5691__deblur__confidence_boost__nes__l1 calls=1021 margin 9.54->10.31 t=3.2s
[DONE] evaluation__5691__deblur__boundary_probe__nes__l1 calls=1021 margin 9.54->8.06 t=3.4s
[DONE] evaluation__5691__deblur__counterfactual__nes__l1 calls=1021 margin 9.54->8.02 t=3.4s
[DONE] evaluation__8954__denoise__attack__nes__l0.5 calls=1021 margin 1.00->-11.23 t=3.2s
[DONE] evaluation__8954__denoise__restore__nes__l0.5 calls=1021 margin 1.00->0.61 t=3.3s
[DONE] evaluation__8954__denoise__random_walk__random_walk__l0.5 calls=1024 margin 1.00->-0.01 t=4.5s
[DONE] evaluation__8954__denoise__confidence_boost__nes__l0.5 calls=1021 margin 1.00->8.79 t=2.7s
[DONE] evaluation__8954__denoise__boundary_probe__nes__l0.5 calls=1021 margin 1.00->0.00 t=3.1s
[DONE] evaluation__8954__denoise__counterfactual__nes__l0.5 calls=1021 margin 1.00->-8.76 t=3.1s
[DONE] evaluation__8954__deblur__attack__nes__l1 calls=1021 margin 8.42->-9.63 t=3.0s
[DONE] evaluation__8954__deblur__restore__nes__l1 calls=1021 margin 8.42->8.20 t=3.3s
[DONE] evaluation__8954__deblur__random_walk__random_walk__l1 calls=1024 margin 8.42->9.74 t=4.6s
[DONE] evaluation__8954__deblur__confidence_boost__nes__l1 calls=1021 margin 8.42->10.15 t=3.1s
[DONE] evaluation__8954__deblur__boundary_probe__nes__l1 calls=1021 margin 8.42->0.09 t=3.2s
[DONE] evaluation__8954__deblur__counterfactual__nes__l1 calls=1021 margin 8.42->-7.96 t=3.0s
[DONE] evaluation__650__denoise__attack__nes__l0.5 calls=1021 margin 7.85->-5.05 t=2.9s
[DONE] evaluation__650__denoise__restore__nes__l0.5 calls=1021 margin 7.85->8.60 t=3.0s
[DONE] evaluation__650__denoise__random_walk__random_walk__l0.5 calls=1024 margin 7.85->7.98 t=4.6s
[DONE] evaluation__650__denoise__confidence_boost__nes__l0.5 calls=1021 margin 7.85->9.79 t=3.1s
[DONE] evaluation__650__denoise__boundary_probe__nes__l0.5 calls=1021 margin 7.85->0.01 t=3.4s
[DONE] evaluation__650__denoise__counterfactual__nes__l0.5 calls=1021 margin 7.85->-6.92 t=3.2s
[DONE] evaluation__650__deblur__attack__nes__l1 calls=1021 margin 8.72->7.93 t=3.0s
[DONE] evaluation__650__deblur__restore__nes__l1 calls=1021 margin 8.72->8.60 t=3.4s
[DONE] evaluation__650__deblur__random_walk__random_walk__l1 calls=1024 margin 8.72->8.72 t=4.7s
[DONE] evaluation__650__deblur__confidence_boost__nes__l1 calls=1021 margin 8.72->9.06 t=3.3s
[DONE] evaluation__650__deblur__boundary_probe__nes__l1 calls=1021 margin 8.72->8.01 t=3.4s
[DONE] evaluation__650__deblur__counterfactual__nes__l1 calls=1021 margin 8.72->8.36 t=3.1s
[DONE] evaluation__6075__denoise__attack__nes__l0.5 calls=1021 margin 0.00->-11.46 t=3.2s
[DONE] evaluation__6075__denoise__restore__nes__l0.5 calls=1021 margin 0.00->0.89 t=3.4s
[DONE] evaluation__6075__denoise__random_walk__random_walk__l0.5 calls=1024 margin 0.00->1.84 t=4.4s
[DONE] evaluation__6075__denoise__confidence_boost__nes__l0.5 calls=1021 margin 0.00->8.49 t=3.0s
[DONE] evaluation__6075__denoise__boundary_probe__nes__l0.5 calls=1021 margin 0.00->0.00 t=3.0s
[DONE] evaluation__6075__denoise__counterfactual__nes__l0.5 calls=1021 margin 0.00->-8.45 t=3.0s
[DONE] evaluation__6075__deblur__attack__nes__l1 calls=1021 margin 7.87->0.73 t=2.9s
[DONE] evaluation__6075__deblur__restore__nes__l1 calls=1021 margin 7.87->7.58 t=3.2s
[DONE] evaluation__6075__deblur__random_walk__random_walk__l1 calls=1024 margin 7.87->8.22 t=4.4s
[DONE] evaluation__6075__deblur__confidence_boost__nes__l1 calls=1021 margin 7.87->9.38 t=2.8s
[DONE] evaluation__6075__deblur__boundary_probe__nes__l1 calls=1021 margin 7.87->0.08 t=3.1s
[DONE] evaluation__6075__deblur__counterfactual__nes__l1 calls=1021 margin 7.87->-3.77 t=3.1s
[DONE] evaluation__8023__denoise__attack__nes__l0.5 calls=1021 margin 5.31->-9.93 t=3.1s
[DONE] evaluation__8023__denoise__restore__nes__l0.5 calls=1021 margin 5.31->6.05 t=3.4s
[DONE] evaluation__8023__denoise__random_walk__random_walk__l0.5 calls=1024 margin 5.31->4.91 t=4.7s
[DONE] evaluation__8023__denoise__confidence_boost__nes__l0.5 calls=1021 margin 5.31->9.54 t=3.2s
[DONE] evaluation__8023__denoise__boundary_probe__nes__l0.5 calls=1021 margin 5.31->0.12 t=3.4s
[DONE] evaluation__8023__denoise__counterfactual__nes__l0.5 calls=1021 margin 5.31->-8.71 t=2.8s
[DONE] evaluation__8023__deblur__attack__nes__l1 calls=1021 margin 9.03->6.24 t=2.9s
[DONE] evaluation__8023__deblur__restore__nes__l1 calls=1021 margin 9.03->9.08 t=3.4s
[DONE] evaluation__8023__deblur__random_walk__random_walk__l1 calls=1024 margin 9.03->9.04 t=4.6s
[DONE] evaluation__8023__deblur__confidence_boost__nes__l1 calls=1021 margin 9.03->9.68 t=3.0s
[DONE] evaluation__8023__deblur__boundary_probe__nes__l1 calls=1021 margin 9.03->1.76 t=3.2s
[DONE] evaluation__8023__deblur__counterfactual__nes__l1 calls=1021 margin 9.03->4.54 t=2.9s
[DONE] evaluation__211__denoise__attack__nes__l0.5 calls=1021 margin 5.34->-6.41 t=3.0s
[DONE] evaluation__211__denoise__restore__nes__l0.5 calls=1021 margin 5.34->5.71 t=3.1s
[DONE] evaluation__211__denoise__random_walk__random_walk__l0.5 calls=1024 margin 5.34->6.61 t=4.7s
[DONE] evaluation__211__denoise__confidence_boost__nes__l0.5 calls=1021 margin 5.34->9.41 t=3.1s
[DONE] evaluation__211__denoise__boundary_probe__nes__l0.5 calls=1021 margin 5.34->0.04 t=3.0s
[DONE] evaluation__211__denoise__counterfactual__nes__l0.5 calls=1021 margin 5.34->-5.57 t=2.6s
[DONE] evaluation__211__deblur__attack__nes__l1 calls=1021 margin 6.83->-4.17 t=3.2s
[DONE] evaluation__211__deblur__restore__nes__l1 calls=1021 margin 6.83->8.19 t=3.3s
[DONE] evaluation__211__deblur__random_walk__random_walk__l1 calls=1024 margin 6.83->8.29 t=4.7s
[DONE] evaluation__211__deblur__confidence_boost__nes__l1 calls=1021 margin 6.83->9.48 t=3.3s
[DONE] evaluation__211__deblur__boundary_probe__nes__l1 calls=1021 margin 6.83->0.07 t=3.3s
[DONE] evaluation__211__deblur__counterfactual__nes__l1 calls=1021 margin 6.83->-3.63 t=2.8s
[DONE] evaluation__3935__denoise__attack__nes__l0.5 calls=1021 margin 9.89->0.05 t=3.0s
[DONE] evaluation__3935__denoise__restore__nes__l0.5 calls=1021 margin 9.89->9.86 t=3.1s
[DONE] evaluation__3935__denoise__random_walk__random_walk__l0.5 calls=1024 margin 9.89->10.07 t=4.8s
[DONE] evaluation__3935__denoise__confidence_boost__nes__l0.5 calls=1021 margin 9.89->10.55 t=3.2s
[DONE] evaluation__3935__denoise__boundary_probe__nes__l0.5 calls=1021 margin 9.89->0.02 t=3.1s
[DONE] evaluation__3935__denoise__counterfactual__nes__l0.5 calls=1021 margin 9.89->-1.45 t=3.1s
[DONE] evaluation__3935__deblur__attack__nes__l1 calls=1021 margin 8.26->-9.45 t=3.0s
[DONE] evaluation__3935__deblur__restore__nes__l1 calls=1021 margin 8.26->8.32 t=3.2s
[DONE] evaluation__3935__deblur__random_walk__random_walk__l1 calls=1024 margin 8.26->8.00 t=4.8s
[DONE] evaluation__3935__deblur__confidence_boost__nes__l1 calls=1021 margin 8.26->10.06 t=3.3s
[DONE] evaluation__3935__deblur__boundary_probe__nes__l1 calls=1021 margin 8.26->0.03 t=2.8s
[DONE] evaluation__3935__deblur__counterfactual__nes__l1 calls=1021 margin 8.26->-8.16 t=2.9s
[DONE] evaluation__7277__denoise__attack__nes__l0.5 calls=1021 margin 1.42->-10.05 t=3.0s
[DONE] evaluation__7277__denoise__restore__nes__l0.5 calls=1021 margin 1.42->1.98 t=3.4s
[DONE] evaluation__7277__denoise__random_walk__random_walk__l0.5 calls=1024 margin 1.42->-1.06 t=4.7s
[DONE] evaluation__7277__denoise__confidence_boost__nes__l0.5 calls=1021 margin 1.42->9.57 t=3.2s
[DONE] evaluation__7277__denoise__boundary_probe__nes__l0.5 calls=1021 margin 1.42->0.03 t=3.1s
[DONE] evaluation__7277__denoise__counterfactual__nes__l0.5 calls=1021 margin 1.42->-8.14 t=3.1s
[DONE] evaluation__7277__deblur__attack__nes__l1 calls=1021 margin 9.14->-3.26 t=3.3s
[DONE] evaluation__7277__deblur__restore__nes__l1 calls=1021 margin 9.14->9.57 t=3.2s
[DONE] evaluation__7277__deblur__random_walk__random_walk__l1 calls=1024 margin 9.14->8.93 t=5.0s
[DONE] evaluation__7277__deblur__confidence_boost__nes__l1 calls=1021 margin 9.14->10.77 t=2.9s
[DONE] evaluation__7277__deblur__boundary_probe__nes__l1 calls=1021 margin 9.14->0.04 t=3.2s
[DONE] evaluation__7277__deblur__counterfactual__nes__l1 calls=1021 margin 9.14->-3.66 t=3.2s
[DONE] evaluation__9441__denoise__attack__nes__l0.5 calls=1021 margin 5.31->-10.58 t=3.1s
[DONE] evaluation__9441__denoise__restore__nes__l0.5 calls=1021 margin 5.31->5.17 t=3.2s
[DONE] evaluation__9441__denoise__random_walk__random_walk__l0.5 calls=1024 margin 5.31->2.84 t=4.7s
[DONE] evaluation__9441__denoise__confidence_boost__nes__l0.5 calls=1021 margin 5.31->9.66 t=2.9s
[DONE] evaluation__9441__denoise__boundary_probe__nes__l0.5 calls=1021 margin 5.31->0.02 t=2.8s
[DONE] evaluation__9441__denoise__counterfactual__nes__l0.5 calls=1021 margin 5.31->-8.10 t=2.9s
[DONE] evaluation__9441__deblur__attack__nes__l1 calls=1021 margin 9.86->-10.42 t=3.3s
[DONE] evaluation__9441__deblur__restore__nes__l1 calls=1021 margin 9.86->9.66 t=3.2s
[DONE] evaluation__9441__deblur__random_walk__random_walk__l1 calls=1024 margin 9.86->9.14 t=4.8s
[DONE] evaluation__9441__deblur__confidence_boost__nes__l1 calls=1021 margin 9.86->10.38 t=2.8s
[DONE] evaluation__9441__deblur__boundary_probe__nes__l1 calls=1021 margin 9.86->0.14 t=3.0s
[DONE] evaluation__9441__deblur__counterfactual__nes__l1 calls=1021 margin 9.86->0.11 t=2.8s
[DONE] evaluation__4420__denoise__attack__nes__l0.5 calls=1021 margin 5.06->-9.08 t=3.3s
[DONE] evaluation__4420__denoise__restore__nes__l0.5 calls=1021 margin 5.06->5.73 t=3.4s
[DONE] evaluation__4420__denoise__random_walk__random_walk__l0.5 calls=1024 margin 5.06->0.11 t=4.7s
[DONE] evaluation__4420__denoise__confidence_boost__nes__l0.5 calls=1021 margin 5.06->9.22 t=3.0s
[DONE] evaluation__4420__denoise__boundary_probe__nes__l0.5 calls=1021 margin 5.06->0.00 t=3.1s
[DONE] evaluation__4420__denoise__counterfactual__nes__l0.5 calls=1021 margin 5.06->-9.56 t=2.8s
[DONE] evaluation__4420__deblur__attack__nes__l1 calls=1021 margin 9.10->2.13 t=2.9s
[DONE] evaluation__4420__deblur__restore__nes__l1 calls=1021 margin 9.10->9.15 t=3.3s
[DONE] evaluation__4420__deblur__random_walk__random_walk__l1 calls=1024 margin 9.10->8.82 t=4.6s
[DONE] evaluation__4420__deblur__confidence_boost__nes__l1 calls=1021 margin 9.10->9.70 t=3.0s
[DONE] evaluation__4420__deblur__boundary_probe__nes__l1 calls=1021 margin 9.10->0.04 t=3.4s
[DONE] evaluation__4420__deblur__counterfactual__nes__l1 calls=1021 margin 9.10->-0.32 t=3.2s
[DONE] evaluation__7258__denoise__attack__nes__l0.5 calls=1021 margin 0.91->-9.96 t=3.1s
[DONE] evaluation__7258__denoise__restore__nes__l0.5 calls=1021 margin 0.91->1.58 t=3.3s
[DONE] evaluation__7258__denoise__random_walk__random_walk__l0.5 calls=1024 margin 0.91->-2.91 t=4.7s
[DONE] evaluation__7258__denoise__confidence_boost__nes__l0.5 calls=1021 margin 0.91->8.82 t=2.7s
[DONE] evaluation__7258__denoise__boundary_probe__nes__l0.5 calls=1021 margin 0.91->0.04 t=2.9s
[DONE] evaluation__7258__denoise__counterfactual__nes__l0.5 calls=1021 margin 0.91->-8.77 t=2.8s
[DONE] evaluation__7258__deblur__attack__nes__l1 calls=1021 margin 9.43->3.11 t=2.6s
[DONE] evaluation__7258__deblur__restore__nes__l1 calls=1021 margin 9.43->9.37 t=3.3s
[DONE] evaluation__7258__deblur__random_walk__random_walk__l1 calls=1024 margin 9.43->8.48 t=4.8s
[DONE] evaluation__7258__deblur__confidence_boost__nes__l1 calls=1021 margin 9.43->9.91 t=3.3s
[DONE] evaluation__7258__deblur__boundary_probe__nes__l1 calls=1021 margin 9.43->3.19 t=3.1s
[DONE] evaluation__7258__deblur__counterfactual__nes__l1 calls=1021 margin 9.43->8.09 t=3.0s
[DONE] evaluation__8901__denoise__attack__nes__l0.5 calls=1021 margin 1.22->-8.15 t=3.1s
[DONE] evaluation__8901__denoise__restore__nes__l0.5 calls=1021 margin 1.22->1.56 t=3.0s
[DONE] evaluation__8901__denoise__random_walk__random_walk__l0.5 calls=1024 margin 1.22->1.26 t=4.8s
[DONE] evaluation__8901__denoise__confidence_boost__nes__l0.5 calls=1021 margin 1.22->8.23 t=3.3s
[DONE] evaluation__8901__denoise__boundary_probe__nes__l0.5 calls=1021 margin 1.22->0.01 t=3.3s
[DONE] evaluation__8901__denoise__counterfactual__nes__l0.5 calls=1021 margin 1.22->-7.98 t=3.0s
[DONE] evaluation__8901__deblur__attack__nes__l1 calls=1021 margin 8.23->0.47 t=3.0s
[DONE] evaluation__8901__deblur__restore__nes__l1 calls=1021 margin 8.23->8.09 t=3.2s
[DONE] evaluation__8901__deblur__random_walk__random_walk__l1 calls=1024 margin 8.23->6.89 t=5.0s
[DONE] evaluation__8901__deblur__confidence_boost__nes__l1 calls=1021 margin 8.23->10.02 t=3.1s
[DONE] evaluation__8901__deblur__boundary_probe__nes__l1 calls=1021 margin 8.23->0.03 t=3.2s
[DONE] evaluation__8901__deblur__counterfactual__nes__l1 calls=1021 margin 8.23->-0.41 t=2.9s
[DONE] evaluation__1326__denoise__attack__nes__l0.5 calls=1021 margin 8.55->-5.54 t=3.0s
[DONE] evaluation__1326__denoise__restore__nes__l0.5 calls=1021 margin 8.55->8.65 t=3.3s
[DONE] evaluation__1326__denoise__random_walk__random_walk__l0.5 calls=1024 margin 8.55->8.42 t=5.0s
[DONE] evaluation__1326__denoise__confidence_boost__nes__l0.5 calls=1021 margin 8.55->10.54 t=3.2s
[DONE] evaluation__1326__denoise__boundary_probe__nes__l0.5 calls=1021 margin 8.55->0.07 t=3.1s
[DONE] evaluation__1326__denoise__counterfactual__nes__l0.5 calls=1021 margin 8.55->-5.80 t=3.2s
[DONE] evaluation__1326__deblur__attack__nes__l1 calls=1021 margin 4.21->-10.03 t=3.0s
[DONE] evaluation__1326__deblur__restore__nes__l1 calls=1021 margin 4.21->5.96 t=3.1s
[DONE] evaluation__1326__deblur__random_walk__random_walk__l1 calls=1024 margin 4.21->8.16 t=5.1s
[DONE] evaluation__1326__deblur__confidence_boost__nes__l1 calls=1021 margin 4.21->11.08 t=3.0s
[DONE] evaluation__1326__deblur__boundary_probe__nes__l1 calls=1021 margin 4.21->0.00 t=2.8s
[DONE] evaluation__1326__deblur__counterfactual__nes__l1 calls=1021 margin 4.21->-8.30 t=3.0s
[DONE] evaluation__4746__denoise__attack__nes__l0.5 calls=1021 margin 10.13->9.14 t=3.2s
[DONE] evaluation__4746__denoise__restore__nes__l0.5 calls=1021 margin 10.13->10.21 t=2.7s
[DONE] evaluation__4746__denoise__random_walk__random_walk__l0.5 calls=1024 margin 10.13->9.95 t=5.0s
[DONE] evaluation__4746__denoise__confidence_boost__nes__l0.5 calls=1021 margin 10.13->11.63 t=2.9s
[DONE] evaluation__4746__denoise__boundary_probe__nes__l0.5 calls=1021 margin 10.13->8.68 t=2.7s
[DONE] evaluation__4746__denoise__counterfactual__nes__l0.5 calls=1021 margin 10.13->8.64 t=2.7s
[DONE] evaluation__4746__deblur__attack__nes__l1 calls=1021 margin 9.71->4.98 t=3.1s
[DONE] evaluation__4746__deblur__restore__nes__l1 calls=1021 margin 9.71->9.77 t=3.2s
[DONE] evaluation__4746__deblur__random_walk__random_walk__l1 calls=1024 margin 9.71->9.76 t=4.7s
[DONE] evaluation__4746__deblur__confidence_boost__nes__l1 calls=1021 margin 9.71->10.96 t=3.2s
[DONE] evaluation__4746__deblur__boundary_probe__nes__l1 calls=1021 margin 9.71->7.87 t=3.0s
[DONE] evaluation__4746__deblur__counterfactual__nes__l1 calls=1021 margin 9.71->7.55 t=3.0s
[DONE] evaluation__8038__denoise__attack__nes__l0.5 calls=1021 margin 10.24->8.07 t=3.2s
[DONE] evaluation__8038__denoise__restore__nes__l0.5 calls=1021 margin 10.24->10.01 t=3.4s
[DONE] evaluation__8038__denoise__random_walk__random_walk__l0.5 calls=1024 margin 10.24->10.47 t=4.9s
[DONE] evaluation__8038__denoise__confidence_boost__nes__l0.5 calls=1021 margin 10.24->11.52 t=2.9s
[DONE] evaluation__8038__denoise__boundary_probe__nes__l0.5 calls=1021 margin 10.24->7.42 t=2.7s
[DONE] evaluation__8038__denoise__counterfactual__nes__l0.5 calls=1021 margin 10.24->7.76 t=3.1s
[DONE] evaluation__8038__deblur__attack__nes__l1 calls=1021 margin 9.18->5.54 t=2.9s
[DONE] evaluation__8038__deblur__restore__nes__l1 calls=1021 margin 9.18->9.50 t=2.9s
[DONE] evaluation__8038__deblur__random_walk__random_walk__l1 calls=1024 margin 9.18->9.59 t=4.6s
[DONE] evaluation__8038__deblur__confidence_boost__nes__l1 calls=1021 margin 9.18->10.70 t=3.1s
[DONE] evaluation__8038__deblur__boundary_probe__nes__l1 calls=1021 margin 9.18->5.04 t=3.1s
[DONE] evaluation__8038__deblur__counterfactual__nes__l1 calls=1021 margin 9.18->5.06 t=3.3s
[DONE] evaluation__700__denoise__attack__nes__l0.5 calls=1021 margin 9.19->1.37 t=3.2s
[DONE] evaluation__700__denoise__restore__nes__l0.5 calls=1021 margin 9.19->9.30 t=3.3s
[DONE] evaluation__700__denoise__random_walk__random_walk__l0.5 calls=1024 margin 9.19->8.89 t=4.7s
[DONE] evaluation__700__denoise__confidence_boost__nes__l0.5 calls=1021 margin 9.19->9.81 t=2.6s
[DONE] evaluation__700__denoise__boundary_probe__nes__l0.5 calls=1021 margin 9.19->1.93 t=3.0s
[DONE] evaluation__700__denoise__counterfactual__nes__l0.5 calls=1021 margin 9.19->1.02 t=3.2s
[DONE] evaluation__700__deblur__attack__nes__l1 calls=1021 margin 9.33->8.39 t=3.1s
[DONE] evaluation__700__deblur__restore__nes__l1 calls=1021 margin 9.33->9.36 t=3.4s
[DONE] evaluation__700__deblur__random_walk__random_walk__l1 calls=1024 margin 9.33->9.28 t=4.9s
[DONE] evaluation__700__deblur__confidence_boost__nes__l1 calls=1021 margin 9.33->9.91 t=2.8s
[DONE] evaluation__700__deblur__boundary_probe__nes__l1 calls=1021 margin 9.33->8.69 t=3.0s
[DONE] evaluation__700__deblur__counterfactual__nes__l1 calls=1021 margin 9.33->8.74 t=2.9s
[DONE] evaluation__3788__denoise__attack__nes__l0.5 calls=1021 margin 6.07->-7.33 t=3.1s
[DONE] evaluation__3788__denoise__restore__nes__l0.5 calls=1021 margin 6.07->6.20 t=3.4s
[DONE] evaluation__3788__denoise__random_walk__random_walk__l0.5 calls=1024 margin 6.07->4.87 t=4.9s
[DONE] evaluation__3788__denoise__confidence_boost__nes__l0.5 calls=1021 margin 6.07->9.38 t=3.1s
[DONE] evaluation__3788__denoise__boundary_probe__nes__l0.5 calls=1021 margin 6.07->0.05 t=3.1s
[DONE] evaluation__3788__denoise__counterfactual__nes__l0.5 calls=1021 margin 6.07->-8.19 t=3.2s
[DONE] evaluation__3788__deblur__attack__nes__l1 calls=1021 margin 8.81->7.64 t=3.1s
[DONE] evaluation__3788__deblur__restore__nes__l1 calls=1021 margin 8.81->8.79 t=3.3s
[DONE] evaluation__3788__deblur__random_walk__random_walk__l1 calls=1024 margin 8.81->8.91 t=5.0s
[DONE] evaluation__3788__deblur__confidence_boost__nes__l1 calls=1021 margin 8.81->9.63 t=3.1s
[DONE] evaluation__3788__deblur__boundary_probe__nes__l1 calls=1021 margin 8.81->7.57 t=3.0s
[DONE] evaluation__3788__deblur__counterfactual__nes__l1 calls=1021 margin 8.81->7.92 t=3.1s
[DONE] evaluation__5546__denoise__attack__nes__l0.5 calls=1021 margin 3.35->-9.83 t=3.0s
[DONE] evaluation__5546__denoise__restore__nes__l0.5 calls=1021 margin 3.35->3.78 t=3.4s
[DONE] evaluation__5546__denoise__random_walk__random_walk__l0.5 calls=1024 margin 3.35->1.30 t=4.6s
[DONE] evaluation__5546__denoise__confidence_boost__nes__l0.5 calls=1021 margin 3.35->7.99 t=3.2s
[DONE] evaluation__5546__denoise__boundary_probe__nes__l0.5 calls=1021 margin 3.35->0.11 t=2.9s
[DONE] evaluation__5546__denoise__counterfactual__nes__l0.5 calls=1021 margin 3.35->-8.13 t=3.0s
[DONE] evaluation__5546__deblur__attack__nes__l1 calls=1021 margin 8.84->5.01 t=3.1s
[DONE] evaluation__5546__deblur__restore__nes__l1 calls=1021 margin 8.84->8.81 t=3.5s
[DONE] evaluation__5546__deblur__random_walk__random_walk__l1 calls=1024 margin 8.84->8.56 t=4.8s
[DONE] evaluation__5546__deblur__confidence_boost__nes__l1 calls=1021 margin 8.84->9.29 t=3.2s
[DONE] evaluation__5546__deblur__boundary_probe__nes__l1 calls=1021 margin 8.84->7.82 t=3.0s
[DONE] evaluation__5546__deblur__counterfactual__nes__l1 calls=1021 margin 8.84->7.68 t=3.2s
[DONE] evaluation__9307__denoise__attack__nes__l0.5 calls=1021 margin 8.16->-3.93 t=3.3s
[DONE] evaluation__9307__denoise__restore__nes__l0.5 calls=1021 margin 8.16->8.22 t=3.2s
[DONE] evaluation__9307__denoise__random_walk__random_walk__l0.5 calls=1024 margin 8.16->8.23 t=4.8s
[DONE] evaluation__9307__denoise__confidence_boost__nes__l0.5 calls=1021 margin 8.16->9.37 t=3.1s
[DONE] evaluation__9307__denoise__boundary_probe__nes__l0.5 calls=1021 margin 8.16->0.00 t=3.3s
[DONE] evaluation__9307__denoise__counterfactual__nes__l0.5 calls=1021 margin 8.16->-2.98 t=3.0s
[DONE] evaluation__9307__deblur__attack__nes__l1 calls=1021 margin 8.66->7.97 t=3.0s
[DONE] evaluation__9307__deblur__restore__nes__l1 calls=1021 margin 8.66->8.71 t=3.1s
[DONE] evaluation__9307__deblur__random_walk__random_walk__l1 calls=1024 margin 8.66->8.69 t=4.8s
[DONE] evaluation__9307__deblur__confidence_boost__nes__l1 calls=1021 margin 8.66->9.55 t=3.0s
[DONE] evaluation__9307__deblur__boundary_probe__nes__l1 calls=1021 margin 8.66->7.87 t=3.1s
[DONE] evaluation__9307__deblur__counterfactual__nes__l1 calls=1021 margin 8.66->7.88 t=2.8s
[DONE] evaluation__1856__denoise__attack__nes__l0.5 calls=1021 margin 9.14->1.14 t=3.2s
[DONE] evaluation__1856__denoise__restore__nes__l0.5 calls=1021 margin 9.14->9.11 t=3.3s
[DONE] evaluation__1856__denoise__random_walk__random_walk__l0.5 calls=1024 margin 9.14->8.95 t=4.6s
[DONE] evaluation__1856__denoise__confidence_boost__nes__l0.5 calls=1021 margin 9.14->10.12 t=2.9s
[DONE] evaluation__1856__denoise__boundary_probe__nes__l0.5 calls=1021 margin 9.14->3.50 t=2.8s
[DONE] evaluation__1856__denoise__counterfactual__nes__l0.5 calls=1021 margin 9.14->3.54 t=3.1s
[DONE] evaluation__1856__deblur__attack__nes__l1 calls=1021 margin 10.56->9.55 t=3.3s
[DONE] evaluation__1856__deblur__restore__nes__l1 calls=1021 margin 10.56->10.53 t=3.2s
[DONE] evaluation__1856__deblur__random_walk__random_walk__l1 calls=1024 margin 10.56->10.18 t=4.6s
[DONE] evaluation__1856__deblur__confidence_boost__nes__l1 calls=1021 margin 10.56->10.98 t=3.1s
[DONE] evaluation__1856__deblur__boundary_probe__nes__l1 calls=1021 margin 10.56->9.43 t=3.0s
[DONE] evaluation__1856__deblur__counterfactual__nes__l1 calls=1021 margin 10.56->9.50 t=3.1s
[DONE] evaluation__4370__denoise__attack__nes__l0.5 calls=1021 margin 9.65->8.34 t=3.2s
[DONE] evaluation__4370__denoise__restore__nes__l0.5 calls=1021 margin 9.65->9.67 t=3.0s
[DONE] evaluation__4370__denoise__random_walk__random_walk__l0.5 calls=1024 margin 9.65->9.72 t=4.7s
[DONE] evaluation__4370__denoise__confidence_boost__nes__l0.5 calls=1021 margin 9.65->10.44 t=3.2s
[DONE] evaluation__4370__denoise__boundary_probe__nes__l0.5 calls=1021 margin 9.65->8.17 t=3.0s
[DONE] evaluation__4370__denoise__counterfactual__nes__l0.5 calls=1021 margin 9.65->7.98 t=2.9s
[DONE] evaluation__4370__deblur__attack__nes__l1 calls=1021 margin 10.26->9.46 t=3.4s
[DONE] evaluation__4370__deblur__restore__nes__l1 calls=1021 margin 10.26->10.40 t=3.2s
[DONE] evaluation__4370__deblur__random_walk__random_walk__l1 calls=1024 margin 10.26->10.61 t=4.8s
[DONE] evaluation__4370__deblur__confidence_boost__nes__l1 calls=1021 margin 10.26->11.01 t=3.0s
[DONE] evaluation__4370__deblur__boundary_probe__nes__l1 calls=1021 margin 10.26->9.20 t=3.2s
[DONE] evaluation__4370__deblur__counterfactual__nes__l1 calls=1021 margin 10.26->9.15 t=3.0s
[DONE] evaluation__8732__denoise__attack__nes__l0.5 calls=1021 margin 6.12->-5.84 t=3.4s
[DONE] evaluation__8732__denoise__restore__nes__l0.5 calls=1021 margin 6.12->6.25 t=3.0s
[DONE] evaluation__8732__denoise__random_walk__random_walk__l0.5 calls=1024 margin 6.12->4.00 t=4.7s
[DONE] evaluation__8732__denoise__confidence_boost__nes__l0.5 calls=1021 margin 6.12->9.04 t=3.1s
[DONE] evaluation__8732__denoise__boundary_probe__nes__l0.5 calls=1021 margin 6.12->0.03 t=3.0s
[DONE] evaluation__8732__denoise__counterfactual__nes__l0.5 calls=1021 margin 6.12->-6.62 t=2.9s
[DONE] evaluation__8732__deblur__attack__nes__l1 calls=1021 margin 8.45->0.12 t=3.0s
[DONE] evaluation__8732__deblur__restore__nes__l1 calls=1021 margin 8.45->8.11 t=3.1s
[DONE] evaluation__8732__deblur__random_walk__random_walk__l1 calls=1024 margin 8.45->7.37 t=4.4s
[DONE] evaluation__8732__deblur__confidence_boost__nes__l1 calls=1021 margin 8.45->10.00 t=3.0s
[DONE] evaluation__8732__deblur__boundary_probe__nes__l1 calls=1021 margin 8.45->0.86 t=3.0s
[DONE] evaluation__8732__deblur__counterfactual__nes__l1 calls=1021 margin 8.45->0.58 t=3.1s
[DONE] evaluation__1916__denoise__attack__nes__l0.5 calls=1021 margin 8.78->2.50 t=3.5s
[DONE] evaluation__1916__denoise__restore__nes__l0.5 calls=1021 margin 8.78->8.61 t=3.2s
[DONE] evaluation__1916__denoise__random_walk__random_walk__l0.5 calls=1024 margin 8.78->8.90 t=4.8s
[DONE] evaluation__1916__denoise__confidence_boost__nes__l0.5 calls=1021 margin 8.78->10.14 t=3.5s
[DONE] evaluation__1916__denoise__boundary_probe__nes__l0.5 calls=1021 margin 8.78->1.42 t=3.2s
[DONE] evaluation__1916__denoise__counterfactual__nes__l0.5 calls=1021 margin 8.78->1.18 t=3.3s
[DONE] evaluation__1916__deblur__attack__nes__l1 calls=1021 margin 7.69->0.63 t=3.5s
[DONE] evaluation__1916__deblur__restore__nes__l1 calls=1021 margin 7.69->7.76 t=3.2s
[DONE] evaluation__1916__deblur__random_walk__random_walk__l1 calls=1024 margin 7.69->7.60 t=4.7s
[DONE] evaluation__1916__deblur__confidence_boost__nes__l1 calls=1021 margin 7.69->9.65 t=3.4s
[DONE] evaluation__1916__deblur__boundary_probe__nes__l1 calls=1021 margin 7.69->0.12 t=3.3s
[DONE] evaluation__1916__deblur__counterfactual__nes__l1 calls=1021 margin 7.69->-0.13 t=3.5s
[DONE] evaluation__5916__denoise__attack__nes__l0.5 calls=1021 margin 5.72->-5.92 t=2.9s
[DONE] evaluation__5916__denoise__restore__nes__l0.5 calls=1021 margin 5.72->6.10 t=3.0s
[DONE] evaluation__5916__denoise__random_walk__random_walk__l0.5 calls=1024 margin 5.72->5.24 t=4.5s
[DONE] evaluation__5916__denoise__confidence_boost__nes__l0.5 calls=1021 margin 5.72->8.95 t=3.1s
[DONE] evaluation__5916__denoise__boundary_probe__nes__l0.5 calls=1021 margin 5.72->0.05 t=3.1s
[DONE] evaluation__5916__denoise__counterfactual__nes__l0.5 calls=1021 margin 5.72->-4.27 t=3.1s
[DONE] evaluation__5916__deblur__attack__nes__l1 calls=1021 margin 9.50->4.08 t=3.0s
[DONE] evaluation__5916__deblur__restore__nes__l1 calls=1021 margin 9.50->9.49 t=3.3s
[DONE] evaluation__5916__deblur__random_walk__random_walk__l1 calls=1024 margin 9.50->8.91 t=4.6s
[DONE] evaluation__5916__deblur__confidence_boost__nes__l1 calls=1021 margin 9.50->10.11 t=3.0s
[DONE] evaluation__5916__deblur__boundary_probe__nes__l1 calls=1021 margin 9.50->3.34 t=3.1s
[DONE] evaluation__5916__deblur__counterfactual__nes__l1 calls=1021 margin 9.50->2.69 t=3.4s
[DONE] evaluation__8178__denoise__attack__nes__l0.5 calls=1021 margin 8.03->3.90 t=3.4s
[DONE] evaluation__8178__denoise__restore__nes__l0.5 calls=1021 margin 8.03->8.28 t=3.1s
[DONE] evaluation__8178__denoise__random_walk__random_walk__l0.5 calls=1024 margin 8.03->7.56 t=5.0s
[DONE] evaluation__8178__denoise__confidence_boost__nes__l0.5 calls=1021 margin 8.03->9.21 t=3.0s
[DONE] evaluation__8178__denoise__boundary_probe__nes__l0.5 calls=1021 margin 8.03->4.02 t=3.1s
[DONE] evaluation__8178__denoise__counterfactual__nes__l0.5 calls=1021 margin 8.03->3.90 t=3.1s
[DONE] evaluation__8178__deblur__attack__nes__l1 calls=1021 margin 0.82->-6.96 t=3.0s
[DONE] evaluation__8178__deblur__restore__nes__l1 calls=1021 margin 0.82->3.39 t=3.0s
[DONE] evaluation__8178__deblur__random_walk__random_walk__l1 calls=1024 margin 0.82->6.50 t=5.0s
[DONE] evaluation__8178__deblur__confidence_boost__nes__l1 calls=1021 margin 0.82->8.40 t=3.2s
[DONE] evaluation__8178__deblur__boundary_probe__nes__l1 calls=1021 margin 0.82->0.01 t=3.0s
[DONE] evaluation__8178__deblur__counterfactual__nes__l1 calls=1021 margin 0.82->-6.82 t=3.1s
[DONE] fit__4474__denoise__attack__nes__l0.5 calls=1021 margin 4.27->-8.01 t=3.1s
[DONE] fit__4474__denoise__restore__nes__l0.5 calls=1021 margin 4.27->4.61 t=3.1s
[DONE] fit__4474__denoise__random_walk__random_walk__l0.5 calls=1024 margin 4.27->0.17 t=4.5s
[DONE] fit__4474__denoise__confidence_boost__nes__l0.5 calls=1021 margin 4.27->9.36 t=3.0s
[DONE] fit__4474__denoise__boundary_probe__nes__l0.5 calls=1021 margin 4.27->0.00 t=3.2s
[DONE] fit__4474__denoise__counterfactual__nes__l0.5 calls=1021 margin 4.27->-7.76 t=3.2s
[DONE] fit__4474__deblur__attack__nes__l1 calls=1021 margin 9.72->9.26 t=3.3s
[DONE] fit__4474__deblur__restore__nes__l1 calls=1021 margin 9.72->9.68 t=3.3s
[DONE] fit__4474__deblur__random_walk__random_walk__l1 calls=1024 margin 9.72->9.25 t=4.8s
[DONE] fit__4474__deblur__confidence_boost__nes__l1 calls=1021 margin 9.72->9.89 t=3.0s
[DONE] fit__4474__deblur__boundary_probe__nes__l1 calls=1021 margin 9.72->8.81 t=3.2s
[DONE] fit__4474__deblur__counterfactual__nes__l1 calls=1021 margin 9.72->8.71 t=3.5s
[DONE] fit__8543__denoise__attack__nes__l0.5 calls=1021 margin 6.84->-2.12 t=3.0s
[DONE] fit__8543__denoise__restore__nes__l0.5 calls=1021 margin 6.84->6.65 t=2.9s
[DONE] fit__8543__denoise__random_walk__random_walk__l0.5 calls=1024 margin 6.84->6.00 t=4.8s
[DONE] fit__8543__denoise__confidence_boost__nes__l0.5 calls=1021 margin 6.84->9.14 t=3.0s
[DONE] fit__8543__denoise__boundary_probe__nes__l0.5 calls=1021 margin 6.84->0.02 t=3.0s
[DONE] fit__8543__denoise__counterfactual__nes__l0.5 calls=1021 margin 6.84->-1.05 t=3.3s
[DONE] fit__8543__deblur__attack__nes__l1 calls=1021 margin 8.71->6.36 t=3.4s
[DONE] fit__8543__deblur__restore__nes__l1 calls=1021 margin 8.71->8.68 t=3.4s
[DONE] fit__8543__deblur__random_walk__random_walk__l1 calls=1024 margin 8.71->8.26 t=4.9s
[DONE] fit__8543__deblur__confidence_boost__nes__l1 calls=1021 margin 8.71->9.23 t=3.2s
[DONE] fit__8543__deblur__boundary_probe__nes__l1 calls=1021 margin 8.71->5.13 t=3.6s
[DONE] fit__8543__deblur__counterfactual__nes__l1 calls=1021 margin 8.71->5.80 t=3.6s
[DONE] fit__2220__denoise__attack__nes__l0.5 calls=1021 margin 7.31->4.05 t=3.3s
[DONE] fit__2220__denoise__restore__nes__l0.5 calls=1021 margin 7.31->7.49 t=3.1s
[DONE] fit__2220__denoise__random_walk__random_walk__l0.5 calls=1024 margin 7.31->7.11 t=4.6s
[DONE] fit__2220__denoise__confidence_boost__nes__l0.5 calls=1021 margin 7.31->9.05 t=3.0s
[DONE] fit__2220__denoise__boundary_probe__nes__l0.5 calls=1021 margin 7.31->3.97 t=3.2s
[DONE] fit__2220__denoise__counterfactual__nes__l0.5 calls=1021 margin 7.31->3.79 t=2.9s
[DONE] fit__2220__deblur__attack__nes__l1 calls=1021 margin 8.33->6.88 t=2.8s
[DONE] fit__2220__deblur__restore__nes__l1 calls=1021 margin 8.33->8.37 t=3.1s
[DONE] fit__2220__deblur__random_walk__random_walk__l1 calls=1024 margin 8.33->8.59 t=4.7s
[DONE] fit__2220__deblur__confidence_boost__nes__l1 calls=1021 margin 8.33->9.42 t=3.1s
[DONE] fit__2220__deblur__boundary_probe__nes__l1 calls=1021 margin 8.33->6.75 t=3.0s
[DONE] fit__2220__deblur__counterfactual__nes__l1 calls=1021 margin 8.33->6.98 t=2.7s
[DONE] fit__9373__denoise__attack__nes__l0.5 calls=1021 margin 8.22->-0.65 t=3.0s
[DONE] fit__9373__denoise__restore__nes__l0.5 calls=1021 margin 8.22->8.51 t=3.3s
[DONE] fit__9373__denoise__random_walk__random_walk__l0.5 calls=1024 margin 8.22->7.78 t=4.8s
[DONE] fit__9373__denoise__confidence_boost__nes__l0.5 calls=1021 margin 8.22->9.96 t=3.2s
[DONE] fit__9373__denoise__boundary_probe__nes__l0.5 calls=1021 margin 8.22->0.08 t=3.2s
[DONE] fit__9373__denoise__counterfactual__nes__l0.5 calls=1021 margin 8.22->-1.28 t=3.2s
[DONE] fit__9373__deblur__attack__nes__l1 calls=1021 margin 9.50->3.45 t=3.2s
[DONE] fit__9373__deblur__restore__nes__l1 calls=1021 margin 9.50->9.16 t=2.9s
[DONE] fit__9373__deblur__random_walk__random_walk__l1 calls=1024 margin 9.50->7.08 t=4.9s
[DONE] fit__9373__deblur__confidence_boost__nes__l1 calls=1021 margin 9.50->10.43 t=2.7s
[DONE] fit__9373__deblur__boundary_probe__nes__l1 calls=1021 margin 9.50->1.91 t=2.8s
[DONE] fit__9373__deblur__counterfactual__nes__l1 calls=1021 margin 9.50->2.30 t=3.1s
[DONE] fit__5442__denoise__attack__nes__l0.5 calls=1021 margin 9.73->7.62 t=3.1s
[DONE] fit__5442__denoise__restore__nes__l0.5 calls=1021 margin 9.73->9.68 t=3.2s
[DONE] fit__5442__denoise__random_walk__random_walk__l0.5 calls=1024 margin 9.73->9.69 t=4.9s
[DONE] fit__5442__denoise__confidence_boost__nes__l0.5 calls=1021 margin 9.73->10.21 t=3.1s
[DONE] fit__5442__denoise__boundary_probe__nes__l0.5 calls=1021 margin 9.73->8.47 t=3.2s
[DONE] fit__5442__denoise__counterfactual__nes__l0.5 calls=1021 margin 9.73->8.10 t=2.9s
[DONE] fit__5442__deblur__attack__nes__l1 calls=1021 margin 9.29->9.02 t=3.1s
[DONE] fit__5442__deblur__restore__nes__l1 calls=1021 margin 9.29->9.25 t=3.1s
[DONE] fit__5442__deblur__random_walk__random_walk__l1 calls=1024 margin 9.29->9.52 t=4.7s
[DONE] fit__5442__deblur__confidence_boost__nes__l1 calls=1021 margin 9.29->9.68 t=3.1s
[DONE] fit__5442__deblur__boundary_probe__nes__l1 calls=1021 margin 9.29->8.64 t=3.1s
[DONE] fit__5442__deblur__counterfactual__nes__l1 calls=1021 margin 9.29->8.64 t=3.4s
[DONE] fit__986__denoise__attack__nes__l0.5 calls=1021 margin 5.25->-8.67 t=3.2s
[DONE] fit__986__denoise__restore__nes__l0.5 calls=1021 margin 5.25->4.98 t=3.0s
[DONE] fit__986__denoise__random_walk__random_walk__l0.5 calls=1024 margin 5.25->2.42 t=4.8s
[DONE] fit__986__denoise__confidence_boost__nes__l0.5 calls=1021 margin 5.25->9.55 t=3.0s
[DONE] fit__986__denoise__boundary_probe__nes__l0.5 calls=1021 margin 5.25->0.03 t=3.0s
[DONE] fit__986__denoise__counterfactual__nes__l0.5 calls=1021 margin 5.25->-7.78 t=2.9s
[DONE] fit__986__deblur__attack__nes__l1 calls=1021 margin 8.08->-9.13 t=3.0s
[DONE] fit__986__deblur__restore__nes__l1 calls=1021 margin 8.08->8.06 t=2.9s
[DONE] fit__986__deblur__random_walk__random_walk__l1 calls=1024 margin 8.08->7.99 t=4.9s
[DONE] fit__986__deblur__confidence_boost__nes__l1 calls=1021 margin 8.08->8.96 t=3.1s
[DONE] fit__986__deblur__boundary_probe__nes__l1 calls=1021 margin 8.08->0.00 t=3.2s
[DONE] fit__986__deblur__counterfactual__nes__l1 calls=1021 margin 8.08->-8.07 t=3.1s
[DONE] fit__4500__denoise__attack__nes__l0.5 calls=1021 margin 2.34->-9.63 t=3.3s
[DONE] fit__4500__denoise__restore__nes__l0.5 calls=1021 margin 2.34->3.34 t=3.3s
[DONE] fit__4500__denoise__random_walk__random_walk__l0.5 calls=1024 margin 2.34->2.49 t=4.7s
[DONE] fit__4500__denoise__confidence_boost__nes__l0.5 calls=1021 margin 2.34->9.81 t=2.8s
[DONE] fit__4500__denoise__boundary_probe__nes__l0.5 calls=1021 margin 2.34->0.01 t=3.2s
[DONE] fit__4500__denoise__counterfactual__nes__l0.5 calls=1021 margin 2.34->-8.06 t=3.2s
[DONE] fit__4500__deblur__attack__nes__l1 calls=1021 margin 8.77->5.38 t=3.1s
[DONE] fit__4500__deblur__restore__nes__l1 calls=1021 margin 8.77->8.66 t=3.5s
[DONE] fit__4500__deblur__random_walk__random_walk__l1 calls=1024 margin 8.77->8.99 t=4.9s
[DONE] fit__4500__deblur__confidence_boost__nes__l1 calls=1021 margin 8.77->9.51 t=3.0s
[DONE] fit__4500__deblur__boundary_probe__nes__l1 calls=1021 margin 8.77->4.39 t=3.3s
[DONE] fit__4500__deblur__counterfactual__nes__l1 calls=1021 margin 8.77->6.33 t=3.2s
[DONE] fit__2260__denoise__attack__nes__l0.5 calls=1021 margin 2.78->-9.36 t=3.3s
[DONE] fit__2260__denoise__restore__nes__l0.5 calls=1021 margin 2.78->3.88 t=3.1s
[DONE] fit__2260__denoise__random_walk__random_walk__l0.5 calls=1024 margin 2.78->1.26 t=4.7s
[DONE] fit__2260__denoise__confidence_boost__nes__l0.5 calls=1021 margin 2.78->10.54 t=3.1s
[DONE] fit__2260__denoise__boundary_probe__nes__l0.5 calls=1021 margin 2.78->0.01 t=3.0s
[DONE] fit__2260__denoise__counterfactual__nes__l0.5 calls=1021 margin 2.78->-9.36 t=3.3s
[DONE] fit__2260__deblur__attack__nes__l1 calls=1021 margin 9.85->7.79 t=3.0s
[DONE] fit__2260__deblur__restore__nes__l1 calls=1021 margin 9.85->9.78 t=3.0s
[DONE] fit__2260__deblur__random_walk__random_walk__l1 calls=1024 margin 9.85->9.39 t=4.8s
[DONE] fit__2260__deblur__confidence_boost__nes__l1 calls=1021 margin 9.85->10.51 t=2.9s
[DONE] fit__2260__deblur__boundary_probe__nes__l1 calls=1021 margin 9.85->6.99 t=3.0s
[DONE] fit__2260__deblur__counterfactual__nes__l1 calls=1021 margin 9.85->7.82 t=3.1s
[DONE] fit__9675__denoise__attack__nes__l0.5 calls=1021 margin 6.53->-6.84 t=3.2s
[DONE] fit__9675__denoise__restore__nes__l0.5 calls=1021 margin 6.53->6.41 t=3.2s
[DONE] fit__9675__denoise__random_walk__random_walk__l0.5 calls=1024 margin 6.53->3.94 t=4.8s
[DONE] fit__9675__denoise__confidence_boost__nes__l0.5 calls=1021 margin 6.53->10.58 t=3.2s
[DONE] fit__9675__denoise__boundary_probe__nes__l0.5 calls=1021 margin 6.53->0.04 t=3.1s
[DONE] fit__9675__denoise__counterfactual__nes__l0.5 calls=1021 margin 6.53->-6.86 t=3.2s
[DONE] fit__9675__deblur__attack__nes__l1 calls=1021 margin 6.44->-8.15 t=3.2s
[DONE] fit__9675__deblur__restore__nes__l1 calls=1021 margin 6.44->7.82 t=3.2s
[DONE] fit__9675__deblur__random_walk__random_walk__l1 calls=1024 margin 6.44->9.45 t=4.5s
[DONE] fit__9675__deblur__confidence_boost__nes__l1 calls=1021 margin 6.44->10.42 t=2.9s
[DONE] fit__9675__deblur__boundary_probe__nes__l1 calls=1021 margin 6.44->0.07 t=3.0s
[DONE] fit__9675__deblur__counterfactual__nes__l1 calls=1021 margin 6.44->-7.88 t=3.3s
[DONE] fit__7338__denoise__attack__nes__l0.5 calls=1021 margin 9.33->-0.54 t=3.6s
[DONE] fit__7338__denoise__restore__nes__l0.5 calls=1021 margin 9.33->9.34 t=3.4s
[DONE] fit__7338__denoise__random_walk__random_walk__l0.5 calls=1024 margin 9.33->9.31 t=4.5s
[DONE] fit__7338__denoise__confidence_boost__nes__l0.5 calls=1021 margin 9.33->9.65 t=3.0s
[DONE] fit__7338__denoise__boundary_probe__nes__l0.5 calls=1021 margin 9.33->0.14 t=2.9s
[DONE] fit__7338__denoise__counterfactual__nes__l0.5 calls=1021 margin 9.33->5.16 t=3.4s
[DONE] fit__7338__deblur__attack__nes__l1 calls=1021 margin 9.62->8.60 t=3.3s
[DONE] fit__7338__deblur__restore__nes__l1 calls=1021 margin 9.62->9.57 t=3.4s
[DONE] fit__7338__deblur__random_walk__random_walk__l1 calls=1024 margin 9.62->9.49 t=4.4s
[DONE] fit__7338__deblur__confidence_boost__nes__l1 calls=1021 margin 9.62->9.77 t=3.3s
[DONE] fit__7338__deblur__boundary_probe__nes__l1 calls=1021 margin 9.62->9.05 t=3.4s
[DONE] fit__7338__deblur__counterfactual__nes__l1 calls=1021 margin 9.62->9.09 t=3.4s
[DONE] fit__4127__denoise__attack__nes__l0.5 calls=1021 margin 9.41->0.61 t=3.1s
[DONE] fit__4127__denoise__restore__nes__l0.5 calls=1021 margin 9.41->9.61 t=2.9s
[DONE] fit__4127__denoise__random_walk__random_walk__l0.5 calls=1024 margin 9.41->8.47 t=4.5s
[DONE] fit__4127__denoise__confidence_boost__nes__l0.5 calls=1021 margin 9.41->11.19 t=2.8s
[DONE] fit__4127__denoise__boundary_probe__nes__l0.5 calls=1021 margin 9.41->2.22 t=3.1s
[DONE] fit__4127__denoise__counterfactual__nes__l0.5 calls=1021 margin 9.41->1.84 t=3.2s
[DONE] fit__4127__deblur__attack__nes__l1 calls=1021 margin 5.26->-9.96 t=3.3s
[DONE] fit__4127__deblur__restore__nes__l1 calls=1021 margin 5.26->6.43 t=3.1s
[DONE] fit__4127__deblur__random_walk__random_walk__l1 calls=1024 margin 5.26->8.05 t=4.5s
[DONE] fit__4127__deblur__confidence_boost__nes__l1 calls=1021 margin 5.26->11.01 t=3.2s
[DONE] fit__4127__deblur__boundary_probe__nes__l1 calls=1021 margin 5.26->0.07 t=2.9s
[DONE] fit__4127__deblur__counterfactual__nes__l1 calls=1021 margin 5.26->-8.24 t=3.3s
[DONE] fit__8569__denoise__attack__nes__l0.5 calls=1021 margin 9.36->4.27 t=3.2s
[DONE] fit__8569__denoise__restore__nes__l0.5 calls=1021 margin 9.36->9.45 t=3.0s
[DONE] fit__8569__denoise__random_walk__random_walk__l0.5 calls=1024 margin 9.36->9.81 t=4.9s
[DONE] fit__8569__denoise__confidence_boost__nes__l0.5 calls=1021 margin 9.36->11.23 t=2.9s
[DONE] fit__8569__denoise__boundary_probe__nes__l0.5 calls=1021 margin 9.36->3.59 t=2.9s
[DONE] fit__8569__denoise__counterfactual__nes__l0.5 calls=1021 margin 9.36->3.10 t=3.2s
[DONE] fit__8569__deblur__attack__nes__l1 calls=1021 margin 3.51->-6.72 t=3.3s
[DONE] fit__8569__deblur__restore__nes__l1 calls=1021 margin 3.51->3.22 t=3.1s
[DONE] fit__8569__deblur__random_walk__random_walk__l1 calls=1024 margin 3.51->6.15 t=4.5s
[DONE] fit__8569__deblur__confidence_boost__nes__l1 calls=1021 margin 3.51->10.03 t=2.8s
[DONE] fit__8569__deblur__boundary_probe__nes__l1 calls=1021 margin 3.51->0.03 t=2.9s
[DONE] fit__8569__deblur__counterfactual__nes__l1 calls=1021 margin 3.51->-6.56 t=3.3s
[DONE] fit__4281__denoise__attack__nes__l0.5 calls=1021 margin 6.49->-6.15 t=3.3s
[DONE] fit__4281__denoise__restore__nes__l0.5 calls=1021 margin 6.49->5.54 t=3.3s
[DONE] fit__4281__denoise__random_walk__random_walk__l0.5 calls=1024 margin 6.49->2.75 t=4.6s
[DONE] fit__4281__denoise__confidence_boost__nes__l0.5 calls=1021 margin 6.49->9.30 t=2.9s
[DONE] fit__4281__denoise__boundary_probe__nes__l0.5 calls=1021 margin 6.49->0.03 t=3.1s
[DONE] fit__4281__denoise__counterfactual__nes__l0.5 calls=1021 margin 6.49->-6.14 t=3.4s
[DONE] fit__4281__deblur__attack__nes__l1 calls=1021 margin 6.92->-8.88 t=2.9s
[DONE] fit__4281__deblur__restore__nes__l1 calls=1021 margin 6.92->7.65 t=2.9s
[DONE] fit__4281__deblur__random_walk__random_walk__l1 calls=1024 margin 6.92->6.67 t=4.7s
[DONE] fit__4281__deblur__confidence_boost__nes__l1 calls=1021 margin 6.92->9.68 t=2.9s
[DONE] fit__4281__deblur__boundary_probe__nes__l1 calls=1021 margin 6.92->0.07 t=2.9s
[DONE] fit__4281__deblur__counterfactual__nes__l1 calls=1021 margin 6.92->-9.01 t=3.2s
[DONE] fit__9990__denoise__attack__nes__l0.5 calls=1021 margin 9.35->-0.40 t=2.9s
[DONE] fit__9990__denoise__restore__nes__l0.5 calls=1021 margin 9.35->9.48 t=2.9s
[DONE] fit__9990__denoise__random_walk__random_walk__l0.5 calls=1024 margin 9.35->9.44 t=4.4s
[DONE] fit__9990__denoise__confidence_boost__nes__l0.5 calls=1021 margin 9.35->10.00 t=3.1s
[DONE] fit__9990__denoise__boundary_probe__nes__l0.5 calls=1021 margin 9.35->0.04 t=2.9s
[DONE] fit__9990__denoise__counterfactual__nes__l0.5 calls=1021 margin 9.35->-0.63 t=3.2s
[DONE] fit__9990__deblur__attack__nes__l1 calls=1021 margin 9.72->4.73 t=3.5s
[DONE] fit__9990__deblur__restore__nes__l1 calls=1021 margin 9.72->9.75 t=3.3s
[DONE] fit__9990__deblur__random_walk__random_walk__l1 calls=1024 margin 9.72->9.73 t=4.7s
[DONE] fit__9990__deblur__confidence_boost__nes__l1 calls=1021 margin 9.72->10.21 t=3.2s
[DONE] fit__9990__deblur__boundary_probe__nes__l1 calls=1021 margin 9.72->5.62 t=3.1s
[DONE] fit__9990__deblur__counterfactual__nes__l1 calls=1021 margin 9.72->5.56 t=3.4s
[DONE] fit__4068__denoise__attack__nes__l0.5 calls=1021 margin 6.15->-5.45 t=3.0s
[DONE] fit__4068__denoise__restore__nes__l0.5 calls=1021 margin 6.15->6.73 t=3.0s
[DONE] fit__4068__denoise__random_walk__random_walk__l0.5 calls=1024 margin 6.15->6.60 t=4.4s
[DONE] fit__4068__denoise__confidence_boost__nes__l0.5 calls=1021 margin 6.15->8.94 t=3.3s
[DONE] fit__4068__denoise__boundary_probe__nes__l0.5 calls=1021 margin 6.15->0.07 t=3.2s
[DONE] fit__4068__denoise__counterfactual__nes__l0.5 calls=1021 margin 6.15->-1.40 t=3.5s
[DONE] fit__4068__deblur__attack__nes__l1 calls=1021 margin 9.06->1.31 t=3.4s
[DONE] fit__4068__deblur__restore__nes__l1 calls=1021 margin 9.06->9.23 t=3.3s
[DONE] fit__4068__deblur__random_walk__random_walk__l1 calls=1024 margin 9.06->8.77 t=4.2s
[DONE] fit__4068__deblur__confidence_boost__nes__l1 calls=1021 margin 9.06->10.36 t=3.1s
[DONE] fit__4068__deblur__boundary_probe__nes__l1 calls=1021 margin 9.06->0.09 t=3.4s
[DONE] fit__4068__deblur__counterfactual__nes__l1 calls=1021 margin 9.06->4.04 t=3.7s
[DONE] fit__1285__denoise__attack__nes__l0.5 calls=1021 margin 7.68->-6.10 t=3.0s
[DONE] fit__1285__denoise__restore__nes__l0.5 calls=1021 margin 7.68->6.85 t=2.9s
[DONE] fit__1285__denoise__random_walk__random_walk__l0.5 calls=1024 margin 7.68->4.75 t=4.0s
[DONE] fit__1285__denoise__confidence_boost__nes__l0.5 calls=1021 margin 7.68->10.06 t=2.6s
[DONE] fit__1285__denoise__boundary_probe__nes__l0.5 calls=1021 margin 7.68->0.02 t=2.9s
[DONE] fit__1285__denoise__counterfactual__nes__l0.5 calls=1021 margin 7.68->-5.62 t=3.0s
[DONE] fit__1285__deblur__attack__nes__l1 calls=1021 margin 9.21->-3.65 t=2.7s
[DONE] fit__1285__deblur__restore__nes__l1 calls=1021 margin 9.21->9.58 t=3.0s
[DONE] fit__1285__deblur__random_walk__random_walk__l1 calls=1024 margin 9.21->9.26 t=3.8s
[DONE] fit__1285__deblur__confidence_boost__nes__l1 calls=1021 margin 9.21->10.11 t=2.6s
[DONE] fit__1285__deblur__boundary_probe__nes__l1 calls=1021 margin 9.21->0.03 t=2.5s
[DONE] fit__1285__deblur__counterfactual__nes__l1 calls=1021 margin 9.21->-4.55 t=2.6s
[DONE] fit__8673__denoise__attack__nes__l0.5 calls=1021 margin 8.75->1.06 t=2.7s
[DONE] fit__8673__denoise__restore__nes__l0.5 calls=1021 margin 8.75->8.90 t=2.7s
[DONE] fit__8673__denoise__random_walk__random_walk__l0.5 calls=1024 margin 8.75->8.90 t=3.7s
[DONE] fit__8673__denoise__confidence_boost__nes__l0.5 calls=1021 margin 8.75->9.88 t=2.6s
[DONE] fit__8673__denoise__boundary_probe__nes__l0.5 calls=1021 margin 8.75->2.09 t=2.6s
[DONE] fit__8673__denoise__counterfactual__nes__l0.5 calls=1021 margin 8.75->1.48 t=2.7s
[DONE] fit__8673__deblur__attack__nes__l1 calls=1021 margin 8.67->6.36 t=2.6s
[DONE] fit__8673__deblur__restore__nes__l1 calls=1021 margin 8.67->8.75 t=2.7s
[DONE] fit__8673__deblur__random_walk__random_walk__l1 calls=1024 margin 8.67->9.36 t=3.8s
[DONE] fit__8673__deblur__confidence_boost__nes__l1 calls=1021 margin 8.67->9.68 t=2.5s
[DONE] fit__8673__deblur__boundary_probe__nes__l1 calls=1021 margin 8.67->5.61 t=2.4s
[DONE] fit__8673__deblur__counterfactual__nes__l1 calls=1021 margin 8.67->4.33 t=2.3s
