Load BlackboxBench cifar model:  bbb_vgg19_bn
[INFO] Loading BlackboxBench CIFAR-10 checkpoint from checkpoints/blackboxbench_cifar10/ckpt/vgg19_bn/model_best.pth.tar
/home/sepi/projects/MCG-Blackbox/utils/load_models.py:71: FutureWarning: You are using `torch.load` with `weights_only=False` (the current default value), which uses the default pickle module implicitly. It is possible to construct malicious pickle data which will execute arbitrary code during unpickling (See https://github.com/pytorch/pytorch/blob/main/SECURITY.md#untrusted-models for more details). In a future release, the default value for `weights_only` will be flipped to `True`. This limits the functions that could be executed during unpickling. Arbitrary objects will no longer be allowed to be loaded via this mode unless they are explicitly allowlisted by the user via `torch.serialization.add_safe_globals`. We recommend you start setting `weights_only=True` for any use case where you don't have full control of the loaded file. Please open an issue on GitHub for any issues related to this experimental feature.
  checkpoint = torch.load(
[DONE] calibration__1719__denoise__attack__nes__l0.5 calls=1021 margin 1.32->-11.21 t=2.4s
[DONE] calibration__1719__denoise__restore__nes__l0.5 calls=1021 margin 1.32->1.09 t=2.3s
[DONE] calibration__1719__denoise__random_walk__random_walk__l0.5 calls=1024 margin 1.32->1.14 t=4.0s
[DONE] calibration__1719__denoise__confidence_boost__nes__l0.5 calls=1021 margin 1.32->8.31 t=3.3s
[DONE] calibration__1719__denoise__boundary_probe__nes__l0.5 calls=1021 margin 1.32->0.01 t=3.4s
[DONE] calibration__1719__denoise__counterfactual__nes__l0.5 calls=1021 margin 1.32->-7.21 t=3.7s
[DONE] calibration__1719__deblur__attack__nes__l1 calls=1021 margin 8.95->0.45 t=3.2s
[DONE] calibration__1719__deblur__restore__nes__l1 calls=1021 margin 8.95->8.98 t=3.0s
[DONE] calibration__1719__deblur__random_walk__random_walk__l1 calls=1024 margin 8.95->6.35 t=4.4s
[DONE] calibration__1719__deblur__confidence_boost__nes__l1 calls=1021 margin 8.95->9.21 t=2.8s
[DONE] calibration__1719__deblur__boundary_probe__nes__l1 calls=1021 margin 8.95->1.90 t=3.1s
[DONE] calibration__1719__deblur__counterfactual__nes__l1 calls=1021 margin 8.95->2.38 t=3.8s
[DONE] calibration__8537__denoise__attack__nes__l0.5 calls=1021 margin 8.83->7.12 t=3.0s
[DONE] calibration__8537__denoise__restore__nes__l0.5 calls=1021 margin 8.83->8.90 t=2.6s
[DONE] calibration__8537__denoise__random_walk__random_walk__l0.5 calls=1024 margin 8.83->8.91 t=4.3s
[DONE] calibration__8537__denoise__confidence_boost__nes__l0.5 calls=1021 margin 8.83->9.26 t=3.1s
[DONE] calibration__8537__denoise__boundary_probe__nes__l0.5 calls=1021 margin 8.83->6.90 t=3.3s
[DONE] calibration__8537__denoise__counterfactual__nes__l0.5 calls=1021 margin 8.83->6.29 t=3.5s
[DONE] calibration__8537__deblur__attack__nes__l1 calls=1021 margin 8.78->4.63 t=2.7s
[DONE] calibration__8537__deblur__restore__nes__l1 calls=1021 margin 8.78->8.80 t=2.7s
[DONE] calibration__8537__deblur__random_walk__random_walk__l1 calls=1024 margin 8.78->8.92 t=4.3s
[DONE] calibration__8537__deblur__confidence_boost__nes__l1 calls=1021 margin 8.78->9.10 t=2.8s
[DONE] calibration__8537__deblur__boundary_probe__nes__l1 calls=1021 margin 8.78->5.27 t=2.8s
[DONE] calibration__8537__deblur__counterfactual__nes__l1 calls=1021 margin 8.78->6.21 t=3.3s
[DONE] calibration__4954__denoise__attack__nes__l0.5 calls=1021 margin 8.16->-8.35 t=3.2s
[DONE] calibration__4954__denoise__restore__nes__l0.5 calls=1021 margin 8.16->8.35 t=3.4s
[DONE] calibration__4954__denoise__random_walk__random_walk__l0.5 calls=1024 margin 8.16->7.53 t=4.7s
[DONE] calibration__4954__denoise__confidence_boost__nes__l0.5 calls=1021 margin 8.16->10.67 t=3.1s
[DONE] calibration__4954__denoise__boundary_probe__nes__l0.5 calls=1021 margin 8.16->0.03 t=3.4s
[DONE] calibration__4954__denoise__counterfactual__nes__l0.5 calls=1021 margin 8.16->-4.18 t=3.4s
[DONE] calibration__4954__deblur__attack__nes__l1 calls=1021 margin 7.35->-7.41 t=3.2s
[DONE] calibration__4954__deblur__restore__nes__l1 calls=1021 margin 7.35->8.91 t=3.2s
[DONE] calibration__4954__deblur__random_walk__random_walk__l1 calls=1024 margin 7.35->8.96 t=4.4s
[DONE] calibration__4954__deblur__confidence_boost__nes__l1 calls=1021 margin 7.35->10.47 t=3.2s
[DONE] calibration__4954__deblur__boundary_probe__nes__l1 calls=1021 margin 7.35->0.12 t=3.2s
[DONE] calibration__4954__deblur__counterfactual__nes__l1 calls=1021 margin 7.35->-7.18 t=3.5s
[DONE] calibration__8097__denoise__attack__nes__l0.5 calls=1021 margin 4.11->-7.36 t=3.4s
[DONE] calibration__8097__denoise__restore__nes__l0.5 calls=1021 margin 4.11->3.06 t=2.8s
[DONE] calibration__8097__denoise__random_walk__random_walk__l0.5 calls=1024 margin 4.11->2.59 t=4.6s
[DONE] calibration__8097__denoise__confidence_boost__nes__l0.5 calls=1021 margin 4.11->9.24 t=2.9s
[DONE] calibration__8097__denoise__boundary_probe__nes__l0.5 calls=1021 margin 4.11->0.01 t=3.3s
[DONE] calibration__8097__denoise__counterfactual__nes__l0.5 calls=1021 margin 4.11->-7.12 t=3.6s
[DONE] calibration__8097__deblur__attack__nes__l1 calls=1021 margin 9.05->7.02 t=3.2s
[DONE] calibration__8097__deblur__restore__nes__l1 calls=1021 margin 9.05->8.88 t=3.2s
[DONE] calibration__8097__deblur__random_walk__random_walk__l1 calls=1024 margin 9.05->8.64 t=4.5s
[DONE] calibration__8097__deblur__confidence_boost__nes__l1 calls=1021 margin 9.05->10.03 t=3.1s
[DONE] calibration__8097__deblur__boundary_probe__nes__l1 calls=1021 margin 9.05->6.68 t=3.5s
[DONE] calibration__8097__deblur__counterfactual__nes__l1 calls=1021 margin 9.05->6.88 t=3.3s
[DONE] calibration__4706__denoise__attack__nes__l0.5 calls=1021 margin 10.31->-4.70 t=3.2s
[DONE] calibration__4706__denoise__restore__nes__l0.5 calls=1021 margin 10.31->10.29 t=3.0s
[DONE] calibration__4706__denoise__random_walk__random_walk__l0.5 calls=1024 margin 10.31->8.12 t=4.3s
[DONE] calibration__4706__denoise__confidence_boost__nes__l0.5 calls=1021 margin 10.31->10.61 t=3.1s
[DONE] calibration__4706__denoise__boundary_probe__nes__l0.5 calls=1021 margin 10.31->0.24 t=3.3s
[DONE] calibration__4706__denoise__counterfactual__nes__l0.5 calls=1021 margin 10.31->0.12 t=3.3s
[DONE] calibration__4706__deblur__attack__nes__l1 calls=1021 margin 9.90->1.26 t=3.1s
[DONE] calibration__4706__deblur__restore__nes__l1 calls=1021 margin 9.90->10.12 t=2.9s
[DONE] calibration__4706__deblur__random_walk__random_walk__l1 calls=1024 margin 9.90->10.50 t=4.3s
[DONE] calibration__4706__deblur__confidence_boost__nes__l1 calls=1021 margin 9.90->10.46 t=3.2s
[DONE] calibration__4706__deblur__boundary_probe__nes__l1 calls=1021 margin 9.90->0.52 t=3.3s
[DONE] calibration__4706__deblur__counterfactual__nes__l1 calls=1021 margin 9.90->-1.54 t=3.3s
[DONE] calibration__176__denoise__attack__nes__l0.5 calls=1021 margin 0.61->-9.51 t=3.1s
[DONE] calibration__176__denoise__restore__nes__l0.5 calls=1021 margin 0.61->0.36 t=3.0s
[DONE] calibration__176__denoise__random_walk__random_walk__l0.5 calls=1024 margin 0.61->-1.06 t=4.1s
[DONE] calibration__176__denoise__confidence_boost__nes__l0.5 calls=1021 margin 0.61->8.74 t=3.2s
[DONE] calibration__176__denoise__boundary_probe__nes__l0.5 calls=1021 margin 0.61->0.03 t=3.6s
[DONE] calibration__176__denoise__counterfactual__nes__l0.5 calls=1021 margin 0.61->-8.49 t=3.2s
[DONE] calibration__176__deblur__attack__nes__l1 calls=1021 margin 8.31->3.26 t=3.1s
[DONE] calibration__176__deblur__restore__nes__l1 calls=1021 margin 8.31->8.28 t=3.3s
[DONE] calibration__176__deblur__random_walk__random_walk__l1 calls=1024 margin 8.31->7.70 t=4.3s
[DONE] calibration__176__deblur__confidence_boost__nes__l1 calls=1021 margin 8.31->9.71 t=3.2s
[DONE] calibration__176__deblur__boundary_probe__nes__l1 calls=1021 margin 8.31->2.85 t=3.6s
[DONE] calibration__176__deblur__counterfactual__nes__l1 calls=1021 margin 8.31->3.86 t=3.2s
[DONE] calibration__5228__denoise__attack__nes__l0.5 calls=1021 margin 3.21->-9.62 t=3.3s
[DONE] calibration__5228__denoise__restore__nes__l0.5 calls=1021 margin 3.21->3.79 t=3.0s
[DONE] calibration__5228__denoise__random_walk__random_walk__l0.5 calls=1024 margin 3.21->6.48 t=4.5s
[DONE] calibration__5228__denoise__confidence_boost__nes__l0.5 calls=1021 margin 3.21->9.57 t=3.2s
[DONE] calibration__5228__denoise__boundary_probe__nes__l0.5 calls=1021 margin 3.21->0.02 t=3.4s
[DONE] calibration__5228__denoise__counterfactual__nes__l0.5 calls=1021 margin 3.21->-8.12 t=3.1s
[DONE] calibration__5228__deblur__attack__nes__l1 calls=1021 margin 9.11->3.71 t=3.0s
[DONE] calibration__5228__deblur__restore__nes__l1 calls=1021 margin 9.11->9.19 t=3.1s
[DONE] calibration__5228__deblur__random_walk__random_walk__l1 calls=1024 margin 9.11->8.86 t=4.4s
[DONE] calibration__5228__deblur__confidence_boost__nes__l1 calls=1021 margin 9.11->9.46 t=3.1s
[DONE] calibration__5228__deblur__boundary_probe__nes__l1 calls=1021 margin 9.11->7.87 t=3.3s
[DONE] calibration__5228__deblur__counterfactual__nes__l1 calls=1021 margin 9.11->-2.84 t=3.1s
[DONE] calibration__3757__denoise__attack__nes__l0.5 calls=1021 margin 9.92->1.38 t=2.9s
[DONE] calibration__3757__denoise__restore__nes__l0.5 calls=1021 margin 9.92->10.07 t=2.7s
[DONE] calibration__3757__denoise__random_walk__random_walk__l0.5 calls=1024 margin 9.92->9.57 t=4.3s
[DONE] calibration__3757__denoise__confidence_boost__nes__l0.5 calls=1021 margin 9.92->10.51 t=2.9s
[DONE] calibration__3757__denoise__boundary_probe__nes__l0.5 calls=1021 margin 9.92->0.00 t=3.3s
[DONE] calibration__3757__denoise__counterfactual__nes__l0.5 calls=1021 margin 9.92->0.39 t=3.4s
[DONE] calibration__3757__deblur__attack__nes__l1 calls=1021 margin 9.43->6.30 t=3.0s
[DONE] calibration__3757__deblur__restore__nes__l1 calls=1021 margin 9.43->9.62 t=2.9s
[DONE] calibration__3757__deblur__random_walk__random_walk__l1 calls=1024 margin 9.43->10.02 t=4.4s
[DONE] calibration__3757__deblur__confidence_boost__nes__l1 calls=1021 margin 9.43->10.24 t=3.3s
[DONE] calibration__3757__deblur__boundary_probe__nes__l1 calls=1021 margin 9.43->7.03 t=3.3s
[DONE] calibration__3757__deblur__counterfactual__nes__l1 calls=1021 margin 9.43->6.91 t=3.3s
[DONE] calibration__8659__denoise__attack__nes__l0.5 calls=1021 margin 7.11->-6.19 t=3.0s
[DONE] calibration__8659__denoise__restore__nes__l0.5 calls=1021 margin 7.11->7.68 t=3.1s
[DONE] calibration__8659__denoise__random_walk__random_walk__l0.5 calls=1024 margin 7.11->6.39 t=4.4s
[DONE] calibration__8659__denoise__confidence_boost__nes__l0.5 calls=1021 margin 7.11->10.18 t=3.1s
[DONE] calibration__8659__denoise__boundary_probe__nes__l0.5 calls=1021 margin 7.11->0.02 t=3.4s
[DONE] calibration__8659__denoise__counterfactual__nes__l0.5 calls=1021 margin 7.11->-6.69 t=3.1s
[DONE] calibration__8659__deblur__attack__nes__l1 calls=1021 margin 8.38->0.82 t=3.0s
[DONE] calibration__8659__deblur__restore__nes__l1 calls=1021 margin 8.38->9.07 t=3.0s
[DONE] calibration__8659__deblur__random_walk__random_walk__l1 calls=1024 margin 8.38->9.32 t=4.5s
[DONE] calibration__8659__deblur__confidence_boost__nes__l1 calls=1021 margin 8.38->10.39 t=3.4s
[DONE] calibration__8659__deblur__boundary_probe__nes__l1 calls=1021 margin 8.38->2.57 t=3.3s
[DONE] calibration__8659__deblur__counterfactual__nes__l1 calls=1021 margin 8.38->3.12 t=3.2s
[DONE] calibration__5713__denoise__attack__nes__l0.5 calls=1021 margin 9.73->2.13 t=3.2s
[DONE] calibration__5713__denoise__restore__nes__l0.5 calls=1021 margin 9.73->9.75 t=3.1s
[DONE] calibration__5713__denoise__random_walk__random_walk__l0.5 calls=1024 margin 9.73->9.32 t=4.5s
[DONE] calibration__5713__denoise__confidence_boost__nes__l0.5 calls=1021 margin 9.73->10.06 t=3.2s
[DONE] calibration__5713__denoise__boundary_probe__nes__l0.5 calls=1021 margin 9.73->0.09 t=3.4s
[DONE] calibration__5713__denoise__counterfactual__nes__l0.5 calls=1021 margin 9.73->2.13 t=3.1s
[DONE] calibration__5713__deblur__attack__nes__l1 calls=1021 margin 9.70->8.10 t=3.4s
[DONE] calibration__5713__deblur__restore__nes__l1 calls=1021 margin 9.70->9.62 t=3.1s
[DONE] calibration__5713__deblur__random_walk__random_walk__l1 calls=1024 margin 9.70->9.69 t=4.6s
[DONE] calibration__5713__deblur__confidence_boost__nes__l1 calls=1021 margin 9.70->10.11 t=3.4s
[DONE] calibration__5713__deblur__boundary_probe__nes__l1 calls=1021 margin 9.70->8.84 t=3.3s
[DONE] calibration__5713__deblur__counterfactual__nes__l1 calls=1021 margin 9.70->9.00 t=3.3s
[DONE] calibration__304__denoise__attack__nes__l0.5 calls=1021 margin 10.12->-5.07 t=2.9s
[DONE] calibration__304__denoise__restore__nes__l0.5 calls=1021 margin 10.12->10.68 t=2.9s
[DONE] calibration__304__denoise__random_walk__random_walk__l0.5 calls=1024 margin 10.12->9.57 t=4.6s
[DONE] calibration__304__denoise__confidence_boost__nes__l0.5 calls=1021 margin 10.12->11.96 t=3.4s
[DONE] calibration__304__denoise__boundary_probe__nes__l0.5 calls=1021 margin 10.12->0.02 t=3.2s
[DONE] calibration__304__denoise__counterfactual__nes__l0.5 calls=1021 margin 10.12->-2.99 t=3.2s
[DONE] calibration__304__deblur__attack__nes__l1 calls=1021 margin 9.19->0.26 t=3.2s
[DONE] calibration__304__deblur__restore__nes__l1 calls=1021 margin 9.19->9.46 t=3.3s
[DONE] calibration__304__deblur__random_walk__random_walk__l1 calls=1024 margin 9.19->9.98 t=4.8s
[DONE] calibration__304__deblur__confidence_boost__nes__l1 calls=1021 margin 9.19->11.72 t=3.2s
[DONE] calibration__304__deblur__boundary_probe__nes__l1 calls=1021 margin 9.19->0.12 t=3.5s
[DONE] calibration__304__deblur__counterfactual__nes__l1 calls=1021 margin 9.19->-0.40 t=3.3s
[DONE] calibration__6563__denoise__attack__nes__l0.5 calls=1021 margin 8.73->7.32 t=3.1s
[DONE] calibration__6563__denoise__restore__nes__l0.5 calls=1021 margin 8.73->8.64 t=3.1s
[DONE] calibration__6563__denoise__random_walk__random_walk__l0.5 calls=1024 margin 8.73->8.88 t=4.7s
[DONE] calibration__6563__denoise__confidence_boost__nes__l0.5 calls=1021 margin 8.73->9.87 t=2.9s
[DONE] calibration__6563__denoise__boundary_probe__nes__l0.5 calls=1021 margin 8.73->7.24 t=3.0s
[DONE] calibration__6563__denoise__counterfactual__nes__l0.5 calls=1021 margin 8.73->7.25 t=3.1s
[DONE] calibration__6563__deblur__attack__nes__l1 calls=1021 margin 9.13->6.56 t=3.1s
[DONE] calibration__6563__deblur__restore__nes__l1 calls=1021 margin 9.13->9.15 t=3.1s
[DONE] calibration__6563__deblur__random_walk__random_walk__l1 calls=1024 margin 9.13->9.14 t=5.0s
[DONE] calibration__6563__deblur__confidence_boost__nes__l1 calls=1021 margin 9.13->10.37 t=3.2s
[DONE] calibration__6563__deblur__boundary_probe__nes__l1 calls=1021 margin 9.13->6.61 t=3.2s
[DONE] calibration__6563__deblur__counterfactual__nes__l1 calls=1021 margin 9.13->6.56 t=2.9s
[DONE] calibration__1770__denoise__attack__nes__l0.5 calls=1021 margin 5.47->-8.66 t=2.9s
[DONE] calibration__1770__denoise__restore__nes__l0.5 calls=1021 margin 5.47->5.05 t=3.2s
[DONE] calibration__1770__denoise__random_walk__random_walk__l0.5 calls=1024 margin 5.47->5.23 t=4.6s
[DONE] calibration__1770__denoise__confidence_boost__nes__l0.5 calls=1021 margin 5.47->9.56 t=3.0s
[DONE] calibration__1770__denoise__boundary_probe__nes__l0.5 calls=1021 margin 5.47->0.11 t=3.3s
[DONE] calibration__1770__denoise__counterfactual__nes__l0.5 calls=1021 margin 5.47->-8.77 t=3.3s
[DONE] calibration__1770__deblur__attack__nes__l1 calls=1021 margin 7.79->-6.86 t=3.1s
[DONE] calibration__1770__deblur__restore__nes__l1 calls=1021 margin 7.79->7.18 t=3.1s
[DONE] calibration__1770__deblur__random_walk__random_walk__l1 calls=1024 margin 7.79->6.63 t=4.5s
[DONE] calibration__1770__deblur__confidence_boost__nes__l1 calls=1021 margin 7.79->9.29 t=2.9s
[DONE] calibration__1770__deblur__boundary_probe__nes__l1 calls=1021 margin 7.79->0.00 t=3.2s
[DONE] calibration__1770__deblur__counterfactual__nes__l1 calls=1021 margin 7.79->-7.02 t=3.2s
[DONE] calibration__7293__denoise__attack__nes__l0.5 calls=1021 margin 7.90->-1.74 t=3.0s
[DONE] calibration__7293__denoise__restore__nes__l0.5 calls=1021 margin 7.90->7.84 t=3.3s
[DONE] calibration__7293__denoise__random_walk__random_walk__l0.5 calls=1024 margin 7.90->8.19 t=4.6s
[DONE] calibration__7293__denoise__confidence_boost__nes__l0.5 calls=1021 margin 7.90->9.07 t=3.1s
[DONE] calibration__7293__denoise__boundary_probe__nes__l0.5 calls=1021 margin 7.90->0.04 t=3.5s
[DONE] calibration__7293__denoise__counterfactual__nes__l0.5 calls=1021 margin 7.90->-0.44 t=3.4s
[DONE] calibration__7293__deblur__attack__nes__l1 calls=1021 margin 8.72->8.35 t=3.1s
[DONE] calibration__7293__deblur__restore__nes__l1 calls=1021 margin 8.72->8.72 t=3.1s
[DONE] calibration__7293__deblur__random_walk__random_walk__l1 calls=1024 margin 8.72->8.98 t=4.7s
[DONE] calibration__7293__deblur__confidence_boost__nes__l1 calls=1021 margin 8.72->9.16 t=3.3s
[DONE] calibration__7293__deblur__boundary_probe__nes__l1 calls=1021 margin 8.72->8.22 t=3.0s
[DONE] calibration__7293__deblur__counterfactual__nes__l1 calls=1021 margin 8.72->8.24 t=3.4s
[DONE] calibration__4787__denoise__attack__nes__l0.5 calls=1021 margin 6.91->-5.34 t=3.0s
[DONE] calibration__4787__denoise__restore__nes__l0.5 calls=1021 margin 6.91->7.58 t=3.2s
[DONE] calibration__4787__denoise__random_walk__random_walk__l0.5 calls=1024 margin 6.91->6.46 t=4.2s
[DONE] calibration__4787__denoise__confidence_boost__nes__l0.5 calls=1021 margin 6.91->9.72 t=3.2s
[DONE] calibration__4787__denoise__boundary_probe__nes__l0.5 calls=1021 margin 6.91->0.05 t=3.0s
[DONE] calibration__4787__denoise__counterfactual__nes__l0.5 calls=1021 margin 6.91->-5.95 t=3.3s
[DONE] calibration__4787__deblur__attack__nes__l1 calls=1021 margin 10.30->5.51 t=3.1s
[DONE] calibration__4787__deblur__restore__nes__l1 calls=1021 margin 10.30->10.28 t=3.1s
[DONE] calibration__4787__deblur__random_walk__random_walk__l1 calls=1024 margin 10.30->9.42 t=4.5s
[DONE] calibration__4787__deblur__confidence_boost__nes__l1 calls=1021 margin 10.30->11.29 t=3.2s
[DONE] calibration__4787__deblur__boundary_probe__nes__l1 calls=1021 margin 10.30->5.65 t=3.3s
[DONE] calibration__4787__deblur__counterfactual__nes__l1 calls=1021 margin 10.30->5.44 t=3.2s
[DONE] calibration__1695__denoise__attack__nes__l0.5 calls=1021 margin 8.20->2.96 t=2.8s
[DONE] calibration__1695__denoise__restore__nes__l0.5 calls=1021 margin 8.20->8.47 t=3.4s
[DONE] calibration__1695__denoise__random_walk__random_walk__l0.5 calls=1024 margin 8.20->8.21 t=4.4s
[DONE] calibration__1695__denoise__confidence_boost__nes__l0.5 calls=1021 margin 8.20->9.78 t=3.1s
[DONE] calibration__1695__denoise__boundary_probe__nes__l0.5 calls=1021 margin 8.20->2.84 t=3.2s
[DONE] calibration__1695__denoise__counterfactual__nes__l0.5 calls=1021 margin 8.20->3.29 t=3.0s
[DONE] calibration__1695__deblur__attack__nes__l1 calls=1021 margin 9.76->8.61 t=3.1s
[DONE] calibration__1695__deblur__restore__nes__l1 calls=1021 margin 9.76->9.76 t=3.3s
[DONE] calibration__1695__deblur__random_walk__random_walk__l1 calls=1024 margin 9.76->9.86 t=4.2s
[DONE] calibration__1695__deblur__confidence_boost__nes__l1 calls=1021 margin 9.76->10.12 t=3.3s
[DONE] calibration__1695__deblur__boundary_probe__nes__l1 calls=1021 margin 9.76->8.39 t=3.0s
[DONE] calibration__1695__deblur__counterfactual__nes__l1 calls=1021 margin 9.76->8.38 t=3.2s
[DONE] calibration__7950__denoise__attack__nes__l0.5 calls=1021 margin 7.35->0.21 t=3.1s
[DONE] calibration__7950__denoise__restore__nes__l0.5 calls=1021 margin 7.35->7.56 t=2.9s
[DONE] calibration__7950__denoise__random_walk__random_walk__l0.5 calls=1024 margin 7.35->7.29 t=4.4s
[DONE] calibration__7950__denoise__confidence_boost__nes__l0.5 calls=1021 margin 7.35->8.71 t=3.1s
[DONE] calibration__7950__denoise__boundary_probe__nes__l0.5 calls=1021 margin 7.35->0.48 t=3.2s
[DONE] calibration__7950__denoise__counterfactual__nes__l0.5 calls=1021 margin 7.35->1.07 t=3.0s
[DONE] calibration__7950__deblur__attack__nes__l1 calls=1021 margin 8.92->8.27 t=2.7s
[DONE] calibration__7950__deblur__restore__nes__l1 calls=1021 margin 8.92->8.92 t=3.1s
[DONE] calibration__7950__deblur__random_walk__random_walk__l1 calls=1024 margin 8.92->8.97 t=4.6s
[DONE] calibration__7950__deblur__confidence_boost__nes__l1 calls=1021 margin 8.92->9.14 t=3.2s
[DONE] calibration__7950__deblur__boundary_probe__nes__l1 calls=1021 margin 8.92->7.99 t=3.2s
[DONE] calibration__7950__deblur__counterfactual__nes__l1 calls=1021 margin 8.92->8.13 t=3.2s
[DONE] evaluation__791__denoise__attack__nes__l0.5 calls=1021 margin 4.07->-10.01 t=3.0s
[DONE] evaluation__791__denoise__restore__nes__l0.5 calls=1021 margin 4.07->4.89 t=3.3s
[DONE] evaluation__791__denoise__random_walk__random_walk__l0.5 calls=1024 margin 4.07->5.36 t=4.5s
[DONE] evaluation__791__denoise__confidence_boost__nes__l0.5 calls=1021 margin 4.07->9.23 t=3.2s
[DONE] evaluation__791__denoise__boundary_probe__nes__l0.5 calls=1021 margin 4.07->0.05 t=3.2s
[DONE] evaluation__791__denoise__counterfactual__nes__l0.5 calls=1021 margin 4.07->-3.61 t=3.1s
[DONE] evaluation__791__deblur__attack__nes__l1 calls=1021 margin 9.05->8.54 t=3.1s
[DONE] evaluation__791__deblur__restore__nes__l1 calls=1021 margin 9.05->9.08 t=3.1s
[DONE] evaluation__791__deblur__random_walk__random_walk__l1 calls=1024 margin 9.05->9.14 t=4.5s
[DONE] evaluation__791__deblur__confidence_boost__nes__l1 calls=1021 margin 9.05->9.39 t=3.2s
[DONE] evaluation__791__deblur__boundary_probe__nes__l1 calls=1021 margin 9.05->8.55 t=3.4s
[DONE] evaluation__791__deblur__counterfactual__nes__l1 calls=1021 margin 9.05->8.48 t=3.0s
[DONE] evaluation__6815__denoise__attack__nes__l0.5 calls=1021 margin 0.03->-8.91 t=2.8s
[DONE] evaluation__6815__denoise__restore__nes__l0.5 calls=1021 margin 0.03->0.65 t=3.0s
[DONE] evaluation__6815__denoise__random_walk__random_walk__l0.5 calls=1024 margin 0.03->-1.64 t=4.6s
[DONE] evaluation__6815__denoise__confidence_boost__nes__l0.5 calls=1021 margin 0.03->7.78 t=3.1s
[DONE] evaluation__6815__denoise__boundary_probe__nes__l0.5 calls=1021 margin 0.03->0.00 t=3.4s
[DONE] evaluation__6815__denoise__counterfactual__nes__l0.5 calls=1021 margin 0.03->-8.67 t=3.3s
[DONE] evaluation__6815__deblur__attack__nes__l1 calls=1021 margin 9.10->8.64 t=3.3s
[DONE] evaluation__6815__deblur__restore__nes__l1 calls=1021 margin 9.10->9.08 t=3.2s
[DONE] evaluation__6815__deblur__random_walk__random_walk__l1 calls=1024 margin 9.10->8.94 t=4.8s
[DONE] evaluation__6815__deblur__confidence_boost__nes__l1 calls=1021 margin 9.10->9.32 t=3.4s
[DONE] evaluation__6815__deblur__boundary_probe__nes__l1 calls=1021 margin 9.10->7.74 t=3.3s
[DONE] evaluation__6815__deblur__counterfactual__nes__l1 calls=1021 margin 9.10->8.12 t=3.0s
[DONE] evaluation__9356__denoise__attack__nes__l0.5 calls=1021 margin 1.46->-8.73 t=3.2s
[DONE] evaluation__9356__denoise__restore__nes__l0.5 calls=1021 margin 1.46->1.88 t=3.0s
[DONE] evaluation__9356__denoise__random_walk__random_walk__l0.5 calls=1024 margin 1.46->0.82 t=4.7s
[DONE] evaluation__9356__denoise__confidence_boost__nes__l0.5 calls=1021 margin 1.46->7.34 t=3.2s
[DONE] evaluation__9356__denoise__boundary_probe__nes__l0.5 calls=1021 margin 1.46->0.00 t=3.2s
[DONE] evaluation__9356__denoise__counterfactual__nes__l0.5 calls=1021 margin 1.46->-8.01 t=3.1s
[DONE] evaluation__9356__deblur__attack__nes__l1 calls=1021 margin 9.23->6.77 t=3.2s
[DONE] evaluation__9356__deblur__restore__nes__l1 calls=1021 margin 9.23->9.20 t=3.0s
[DONE] evaluation__9356__deblur__random_walk__random_walk__l1 calls=1024 margin 9.23->7.18 t=4.5s
[DONE] evaluation__9356__deblur__confidence_boost__nes__l1 calls=1021 margin 9.23->9.28 t=2.9s
[DONE] evaluation__9356__deblur__boundary_probe__nes__l1 calls=1021 margin 9.23->4.79 t=3.1s
[DONE] evaluation__9356__deblur__counterfactual__nes__l1 calls=1021 margin 9.23->5.50 t=3.0s
[DONE] evaluation__81__denoise__attack__nes__l0.5 calls=1021 margin 8.53->-2.52 t=3.0s
[DONE] evaluation__81__denoise__restore__nes__l0.5 calls=1021 margin 8.53->8.49 t=3.3s
[DONE] evaluation__81__denoise__random_walk__random_walk__l0.5 calls=1024 margin 8.53->8.08 t=4.7s
[DONE] evaluation__81__denoise__confidence_boost__nes__l0.5 calls=1021 margin 8.53->9.40 t=3.4s
[DONE] evaluation__81__denoise__boundary_probe__nes__l0.5 calls=1021 margin 8.53->0.03 t=3.2s
[DONE] evaluation__81__denoise__counterfactual__nes__l0.5 calls=1021 margin 8.53->-1.31 t=3.3s
[DONE] evaluation__81__deblur__attack__nes__l1 calls=1021 margin 8.85->7.61 t=3.2s
[DONE] evaluation__81__deblur__restore__nes__l1 calls=1021 margin 8.85->9.17 t=3.0s
[DONE] evaluation__81__deblur__random_walk__random_walk__l1 calls=1024 margin 8.85->8.52 t=4.6s
[DONE] evaluation__81__deblur__confidence_boost__nes__l1 calls=1021 margin 8.85->9.17 t=3.3s
[DONE] evaluation__81__deblur__boundary_probe__nes__l1 calls=1021 margin 8.85->6.05 t=2.9s
[DONE] evaluation__81__deblur__counterfactual__nes__l1 calls=1021 margin 8.85->6.23 t=3.3s
[DONE] evaluation__1907__denoise__attack__nes__l0.5 calls=1021 margin 6.54->-0.59 t=3.2s
[DONE] evaluation__1907__denoise__restore__nes__l0.5 calls=1021 margin 6.54->6.92 t=3.0s
[DONE] evaluation__1907__denoise__random_walk__random_walk__l0.5 calls=1024 margin 6.54->6.58 t=4.7s
[DONE] evaluation__1907__denoise__confidence_boost__nes__l0.5 calls=1021 margin 6.54->8.53 t=3.4s
[DONE] evaluation__1907__denoise__boundary_probe__nes__l0.5 calls=1021 margin 6.54->0.04 t=3.0s
[DONE] evaluation__1907__denoise__counterfactual__nes__l0.5 calls=1021 margin 6.54->0.54 t=3.4s
[DONE] evaluation__1907__deblur__attack__nes__l1 calls=1021 margin 9.07->5.61 t=3.2s
[DONE] evaluation__1907__deblur__restore__nes__l1 calls=1021 margin 9.07->9.20 t=3.5s
[DONE] evaluation__1907__deblur__random_walk__random_walk__l1 calls=1024 margin 9.07->8.23 t=4.8s
[DONE] evaluation__1907__deblur__confidence_boost__nes__l1 calls=1021 margin 9.07->9.86 t=3.5s
[DONE] evaluation__1907__deblur__boundary_probe__nes__l1 calls=1021 margin 9.07->4.27 t=3.3s
[DONE] evaluation__1907__deblur__counterfactual__nes__l1 calls=1021 margin 9.07->4.99 t=3.2s
[DONE] evaluation__5217__denoise__attack__nes__l0.5 calls=1021 margin 6.09->-2.99 t=3.4s
[DONE] evaluation__5217__denoise__restore__nes__l0.5 calls=1021 margin 6.09->5.98 t=3.1s
[DONE] evaluation__5217__denoise__random_walk__random_walk__l0.5 calls=1024 margin 6.09->6.46 t=4.9s
[DONE] evaluation__5217__denoise__confidence_boost__nes__l0.5 calls=1021 margin 6.09->8.79 t=3.4s
[DONE] evaluation__5217__denoise__boundary_probe__nes__l0.5 calls=1021 margin 6.09->0.03 t=3.2s
[DONE] evaluation__5217__denoise__counterfactual__nes__l0.5 calls=1021 margin 6.09->-3.09 t=3.4s
[DONE] evaluation__5217__deblur__attack__nes__l1 calls=1021 margin 8.95->-1.47 t=3.2s
[DONE] evaluation__5217__deblur__restore__nes__l1 calls=1021 margin 8.95->8.87 t=3.0s
[DONE] evaluation__5217__deblur__random_walk__random_walk__l1 calls=1024 margin 8.95->6.90 t=4.8s
[DONE] evaluation__5217__deblur__confidence_boost__nes__l1 calls=1021 margin 8.95->10.12 t=3.3s
[DONE] evaluation__5217__deblur__boundary_probe__nes__l1 calls=1021 margin 8.95->0.26 t=3.3s
[DONE] evaluation__5217__deblur__counterfactual__nes__l1 calls=1021 margin 8.95->1.21 t=3.1s
[DONE] evaluation__9542__denoise__attack__nes__l0.5 calls=1021 margin 4.19->-6.84 t=3.0s
[DONE] evaluation__9542__denoise__restore__nes__l0.5 calls=1021 margin 4.19->3.96 t=3.2s
[DONE] evaluation__9542__denoise__random_walk__random_walk__l0.5 calls=1024 margin 4.19->5.72 t=4.8s
[DONE] evaluation__9542__denoise__confidence_boost__nes__l0.5 calls=1021 margin 4.19->9.11 t=2.9s
[DONE] evaluation__9542__denoise__boundary_probe__nes__l0.5 calls=1021 margin 4.19->0.00 t=3.0s
[DONE] evaluation__9542__denoise__counterfactual__nes__l0.5 calls=1021 margin 4.19->-6.17 t=3.0s
[DONE] evaluation__9542__deblur__attack__nes__l1 calls=1021 margin 7.49->-8.10 t=2.8s
[DONE] evaluation__9542__deblur__restore__nes__l1 calls=1021 margin 7.49->8.28 t=3.4s
[DONE] evaluation__9542__deblur__random_walk__random_walk__l1 calls=1024 margin 7.49->7.44 t=4.5s
[DONE] evaluation__9542__deblur__confidence_boost__nes__l1 calls=1021 margin 7.49->10.04 t=3.2s
[DONE] evaluation__9542__deblur__boundary_probe__nes__l1 calls=1021 margin 7.49->0.07 t=3.3s
[DONE] evaluation__9542__deblur__counterfactual__nes__l1 calls=1021 margin 7.49->-6.51 t=3.1s
[DONE] evaluation__1921__denoise__attack__nes__l0.5 calls=1021 margin 5.75->-8.04 t=3.2s
[DONE] evaluation__1921__denoise__restore__nes__l0.5 calls=1021 margin 5.75->7.54 t=3.3s
[DONE] evaluation__1921__denoise__random_walk__random_walk__l0.5 calls=1024 margin 5.75->7.47 t=4.8s
[DONE] evaluation__1921__denoise__confidence_boost__nes__l0.5 calls=1021 margin 5.75->10.58 t=3.2s
[DONE] evaluation__1921__denoise__boundary_probe__nes__l0.5 calls=1021 margin 5.75->0.02 t=3.6s
[DONE] evaluation__1921__denoise__counterfactual__nes__l0.5 calls=1021 margin 5.75->-8.23 t=3.0s
[DONE] evaluation__1921__deblur__attack__nes__l1 calls=1021 margin 2.85->-7.76 t=3.4s
[DONE] evaluation__1921__deblur__restore__nes__l1 calls=1021 margin 2.85->4.57 t=3.3s
[DONE] evaluation__1921__deblur__random_walk__random_walk__l1 calls=1024 margin 2.85->2.30 t=4.5s
[DONE] evaluation__1921__deblur__confidence_boost__nes__l1 calls=1021 margin 2.85->10.01 t=3.6s
[DONE] evaluation__1921__deblur__boundary_probe__nes__l1 calls=1021 margin 2.85->0.03 t=3.1s
[DONE] evaluation__1921__deblur__counterfactual__nes__l1 calls=1021 margin 2.85->-7.51 t=3.2s
[DONE] evaluation__3710__denoise__attack__nes__l0.5 calls=1021 margin 7.86->-5.64 t=3.2s
[DONE] evaluation__3710__denoise__restore__nes__l0.5 calls=1021 margin 7.86->7.77 t=3.2s
[DONE] evaluation__3710__denoise__random_walk__random_walk__l0.5 calls=1024 margin 7.86->7.70 t=4.7s
[DONE] evaluation__3710__denoise__confidence_boost__nes__l0.5 calls=1021 margin 7.86->9.69 t=3.4s
[DONE] evaluation__3710__denoise__boundary_probe__nes__l0.5 calls=1021 margin 7.86->0.09 t=2.8s
[DONE] evaluation__3710__denoise__counterfactual__nes__l0.5 calls=1021 margin 7.86->-6.52 t=3.4s
[DONE] evaluation__3710__deblur__attack__nes__l1 calls=1021 margin 9.17->8.46 t=3.3s
[DONE] evaluation__3710__deblur__restore__nes__l1 calls=1021 margin 9.17->9.06 t=3.5s
[DONE] evaluation__3710__deblur__random_walk__random_walk__l1 calls=1024 margin 9.17->9.30 t=4.8s
[DONE] evaluation__3710__deblur__confidence_boost__nes__l1 calls=1021 margin 9.17->9.92 t=3.3s
[DONE] evaluation__3710__deblur__boundary_probe__nes__l1 calls=1021 margin 9.17->8.18 t=3.2s
[DONE] evaluation__3710__deblur__counterfactual__nes__l1 calls=1021 margin 9.17->8.26 t=3.3s
[DONE] evaluation__6969__denoise__attack__nes__l0.5 calls=1021 margin 7.05->-6.73 t=3.4s
[DONE] evaluation__6969__denoise__restore__nes__l0.5 calls=1021 margin 7.05->7.20 t=3.3s
[DONE] evaluation__6969__denoise__random_walk__random_walk__l0.5 calls=1024 margin 7.05->4.06 t=4.9s
[DONE] evaluation__6969__denoise__confidence_boost__nes__l0.5 calls=1021 margin 7.05->10.33 t=3.2s
[DONE] evaluation__6969__denoise__boundary_probe__nes__l0.5 calls=1021 margin 7.05->0.05 t=3.1s
[DONE] evaluation__6969__denoise__counterfactual__nes__l0.5 calls=1021 margin 7.05->-4.54 t=3.4s
[DONE] evaluation__6969__deblur__attack__nes__l1 calls=1021 margin 5.66->-10.61 t=3.1s
[DONE] evaluation__6969__deblur__restore__nes__l1 calls=1021 margin 5.66->5.57 t=3.2s
[DONE] evaluation__6969__deblur__random_walk__random_walk__l1 calls=1024 margin 5.66->5.53 t=4.6s
[DONE] evaluation__6969__deblur__confidence_boost__nes__l1 calls=1021 margin 5.66->10.11 t=3.2s
[DONE] evaluation__6969__deblur__boundary_probe__nes__l1 calls=1021 margin 5.66->0.03 t=3.2s
[DONE] evaluation__6969__deblur__counterfactual__nes__l1 calls=1021 margin 5.66->-8.92 t=3.4s
[DONE] evaluation__256__denoise__attack__nes__l0.5 calls=1021 margin 7.10->-3.15 t=3.0s
[DONE] evaluation__256__denoise__restore__nes__l0.5 calls=1021 margin 7.10->6.73 t=3.3s
[DONE] evaluation__256__denoise__random_walk__random_walk__l0.5 calls=1024 margin 7.10->5.29 t=4.7s
[DONE] evaluation__256__denoise__confidence_boost__nes__l0.5 calls=1021 margin 7.10->8.77 t=2.9s
[DONE] evaluation__256__denoise__boundary_probe__nes__l0.5 calls=1021 margin 7.10->0.01 t=3.2s
[DONE] evaluation__256__denoise__counterfactual__nes__l0.5 calls=1021 margin 7.10->-1.47 t=3.1s
[DONE] evaluation__256__deblur__attack__nes__l1 calls=1021 margin 9.09->7.11 t=3.2s
[DONE] evaluation__256__deblur__restore__nes__l1 calls=1021 margin 9.09->9.05 t=3.3s
[DONE] evaluation__256__deblur__random_walk__random_walk__l1 calls=1024 margin 9.09->8.97 t=4.7s
[DONE] evaluation__256__deblur__confidence_boost__nes__l1 calls=1021 margin 9.09->9.57 t=3.1s
[DONE] evaluation__256__deblur__boundary_probe__nes__l1 calls=1021 margin 9.09->8.12 t=3.3s
[DONE] evaluation__256__deblur__counterfactual__nes__l1 calls=1021 margin 9.09->8.02 t=3.3s
[DONE] evaluation__4804__denoise__attack__nes__l0.5 calls=1021 margin 8.88->-1.49 t=3.2s
[DONE] evaluation__4804__denoise__restore__nes__l0.5 calls=1021 margin 8.88->8.95 t=3.0s
[DONE] evaluation__4804__denoise__random_walk__random_walk__l0.5 calls=1024 margin 8.88->8.85 t=4.5s
[DONE] evaluation__4804__denoise__confidence_boost__nes__l0.5 calls=1021 margin 8.88->9.56 t=3.1s
[DONE] evaluation__4804__denoise__boundary_probe__nes__l0.5 calls=1021 margin 8.88->1.38 t=3.3s
[DONE] evaluation__4804__denoise__counterfactual__nes__l0.5 calls=1021 margin 8.88->3.53 t=3.0s
[DONE] evaluation__4804__deblur__attack__nes__l1 calls=1021 margin 9.05->1.77 t=3.3s
[DONE] evaluation__4804__deblur__restore__nes__l1 calls=1021 margin 9.05->8.92 t=3.5s
[DONE] evaluation__4804__deblur__random_walk__random_walk__l1 calls=1024 margin 9.05->9.12 t=4.5s
[DONE] evaluation__4804__deblur__confidence_boost__nes__l1 calls=1021 margin 9.05->9.69 t=3.3s
[DONE] evaluation__4804__deblur__boundary_probe__nes__l1 calls=1021 margin 9.05->0.40 t=3.3s
[DONE] evaluation__4804__deblur__counterfactual__nes__l1 calls=1021 margin 9.05->0.69 t=3.2s
[DONE] evaluation__7370__denoise__attack__nes__l0.5 calls=1021 margin 4.95->-6.54 t=3.1s
[DONE] evaluation__7370__denoise__restore__nes__l0.5 calls=1021 margin 4.95->5.62 t=3.3s
[DONE] evaluation__7370__denoise__random_walk__random_walk__l0.5 calls=1024 margin 4.95->4.46 t=4.5s
[DONE] evaluation__7370__denoise__confidence_boost__nes__l0.5 calls=1021 margin 4.95->8.64 t=3.1s
[DONE] evaluation__7370__denoise__boundary_probe__nes__l0.5 calls=1021 margin 4.95->0.03 t=3.3s
[DONE] evaluation__7370__denoise__counterfactual__nes__l0.5 calls=1021 margin 4.95->-4.86 t=3.2s
[DONE] evaluation__7370__deblur__attack__nes__l1 calls=1021 margin 8.99->8.08 t=3.2s
[DONE] evaluation__7370__deblur__restore__nes__l1 calls=1021 margin 8.99->8.75 t=3.4s
[DONE] evaluation__7370__deblur__random_walk__random_walk__l1 calls=1024 margin 8.99->9.06 t=4.4s
[DONE] evaluation__7370__deblur__confidence_boost__nes__l1 calls=1021 margin 8.99->9.69 t=3.3s
[DONE] evaluation__7370__deblur__boundary_probe__nes__l1 calls=1021 margin 8.99->5.87 t=3.4s
[DONE] evaluation__7370__deblur__counterfactual__nes__l1 calls=1021 margin 8.99->5.40 t=3.0s
[DONE] evaluation__40__denoise__attack__nes__l0.5 calls=1021 margin 5.93->-7.51 t=3.2s
[DONE] evaluation__40__denoise__restore__nes__l0.5 calls=1021 margin 5.93->6.37 t=3.4s
[DONE] evaluation__40__denoise__random_walk__random_walk__l0.5 calls=1024 margin 5.93->3.90 t=4.6s
[DONE] evaluation__40__denoise__confidence_boost__nes__l0.5 calls=1021 margin 5.93->10.42 t=3.1s
[DONE] evaluation__40__denoise__boundary_probe__nes__l0.5 calls=1021 margin 5.93->0.08 t=2.9s
[DONE] evaluation__40__denoise__counterfactual__nes__l0.5 calls=1021 margin 5.93->-7.71 t=3.0s
[DONE] evaluation__40__deblur__attack__nes__l1 calls=1021 margin 6.49->-4.44 t=3.3s
[DONE] evaluation__40__deblur__restore__nes__l1 calls=1021 margin 6.49->6.78 t=3.2s
[DONE] evaluation__40__deblur__random_walk__random_walk__l1 calls=1024 margin 6.49->5.80 t=4.7s
[DONE] evaluation__40__deblur__confidence_boost__nes__l1 calls=1021 margin 6.49->9.22 t=2.8s
[DONE] evaluation__40__deblur__boundary_probe__nes__l1 calls=1021 margin 6.49->0.04 t=2.9s
[DONE] evaluation__40__deblur__counterfactual__nes__l1 calls=1021 margin 6.49->-3.64 t=3.0s
[DONE] evaluation__3914__denoise__attack__nes__l0.5 calls=1021 margin 6.54->-8.79 t=2.9s
[DONE] evaluation__3914__denoise__restore__nes__l0.5 calls=1021 margin 6.54->6.47 t=3.2s
[DONE] evaluation__3914__denoise__random_walk__random_walk__l0.5 calls=1024 margin 6.54->7.82 t=4.7s
[DONE] evaluation__3914__denoise__confidence_boost__nes__l0.5 calls=1021 margin 6.54->10.58 t=2.9s
[DONE] evaluation__3914__denoise__boundary_probe__nes__l0.5 calls=1021 margin 6.54->0.12 t=2.9s
[DONE] evaluation__3914__denoise__counterfactual__nes__l0.5 calls=1021 margin 6.54->-7.67 t=2.7s
[DONE] evaluation__3914__deblur__attack__nes__l1 calls=1021 margin 6.15->-10.27 t=2.9s
[DONE] evaluation__3914__deblur__restore__nes__l1 calls=1021 margin 6.15->6.94 t=3.2s
[DONE] evaluation__3914__deblur__random_walk__random_walk__l1 calls=1024 margin 6.15->8.66 t=4.6s
[DONE] evaluation__3914__deblur__confidence_boost__nes__l1 calls=1021 margin 6.15->10.86 t=3.2s
[DONE] evaluation__3914__deblur__boundary_probe__nes__l1 calls=1021 margin 6.15->0.06 t=2.7s
[DONE] evaluation__3914__deblur__counterfactual__nes__l1 calls=1021 margin 6.15->-8.32 t=3.0s
[DONE] evaluation__6909__denoise__attack__nes__l0.5 calls=1021 margin 8.15->-8.48 t=2.9s
[DONE] evaluation__6909__denoise__restore__nes__l0.5 calls=1021 margin 8.15->7.93 t=3.0s
[DONE] evaluation__6909__denoise__random_walk__random_walk__l0.5 calls=1024 margin 8.15->6.88 t=4.6s
[DONE] evaluation__6909__denoise__confidence_boost__nes__l0.5 calls=1021 margin 8.15->10.38 t=3.0s
[DONE] evaluation__6909__denoise__boundary_probe__nes__l0.5 calls=1021 margin 8.15->0.04 t=3.0s
[DONE] evaluation__6909__denoise__counterfactual__nes__l0.5 calls=1021 margin 8.15->-7.99 t=3.2s
[DONE] evaluation__6909__deblur__attack__nes__l1 calls=1021 margin 10.10->8.94 t=3.0s
[DONE] evaluation__6909__deblur__restore__nes__l1 calls=1021 margin 10.10->10.07 t=3.3s
[DONE] evaluation__6909__deblur__random_walk__random_walk__l1 calls=1024 margin 10.10->10.21 t=4.7s
[DONE] evaluation__6909__deblur__confidence_boost__nes__l1 calls=1021 margin 10.10->10.59 t=3.5s
[DONE] evaluation__6909__deblur__boundary_probe__nes__l1 calls=1021 margin 10.10->9.30 t=3.2s
[DONE] evaluation__6909__deblur__counterfactual__nes__l1 calls=1021 margin 10.10->9.34 t=2.8s
[DONE] evaluation__9163__denoise__attack__nes__l0.5 calls=1021 margin 8.81->5.79 t=3.0s
[DONE] evaluation__9163__denoise__restore__nes__l0.5 calls=1021 margin 8.81->8.93 t=3.1s
[DONE] evaluation__9163__denoise__random_walk__random_walk__l0.5 calls=1024 margin 8.81->8.70 t=4.5s
[DONE] evaluation__9163__denoise__confidence_boost__nes__l0.5 calls=1021 margin 8.81->9.74 t=3.4s
[DONE] evaluation__9163__denoise__boundary_probe__nes__l0.5 calls=1021 margin 8.81->5.32 t=3.0s
[DONE] evaluation__9163__denoise__counterfactual__nes__l0.5 calls=1021 margin 8.81->5.19 t=2.8s
[DONE] evaluation__9163__deblur__attack__nes__l1 calls=1021 margin 8.83->7.79 t=3.0s
[DONE] evaluation__9163__deblur__restore__nes__l1 calls=1021 margin 8.83->8.82 t=3.3s
[DONE] evaluation__9163__deblur__random_walk__random_walk__l1 calls=1024 margin 8.83->8.64 t=4.8s
[DONE] evaluation__9163__deblur__confidence_boost__nes__l1 calls=1021 margin 8.83->9.30 t=3.2s
[DONE] evaluation__9163__deblur__boundary_probe__nes__l1 calls=1021 margin 8.83->7.65 t=3.2s
[DONE] evaluation__9163__deblur__counterfactual__nes__l1 calls=1021 margin 8.83->8.23 t=2.9s
[DONE] evaluation__3667__denoise__attack__nes__l0.5 calls=1021 margin 5.13->-7.87 t=2.7s
[DONE] evaluation__3667__denoise__restore__nes__l0.5 calls=1021 margin 5.13->5.75 t=2.5s
[DONE] evaluation__3667__denoise__random_walk__random_walk__l0.5 calls=1024 margin 5.13->3.51 t=4.8s
[DONE] evaluation__3667__denoise__confidence_boost__nes__l0.5 calls=1021 margin 5.13->9.82 t=3.3s
[DONE] evaluation__3667__denoise__boundary_probe__nes__l0.5 calls=1021 margin 5.13->0.13 t=2.9s
[DONE] evaluation__3667__denoise__counterfactual__nes__l0.5 calls=1021 margin 5.13->-6.55 t=3.2s
[DONE] evaluation__3667__deblur__attack__nes__l1 calls=1021 margin 9.63->7.58 t=3.1s
[DONE] evaluation__3667__deblur__restore__nes__l1 calls=1021 margin 9.63->9.72 t=3.6s
[DONE] evaluation__3667__deblur__random_walk__random_walk__l1 calls=1024 margin 9.63->9.86 t=4.9s
[DONE] evaluation__3667__deblur__confidence_boost__nes__l1 calls=1021 margin 9.63->10.43 t=3.3s
[DONE] evaluation__3667__deblur__boundary_probe__nes__l1 calls=1021 margin 9.63->8.75 t=2.9s
[DONE] evaluation__3667__deblur__counterfactual__nes__l1 calls=1021 margin 9.63->8.33 t=3.2s
[DONE] evaluation__6278__denoise__attack__nes__l0.5 calls=1021 margin 7.59->-7.34 t=2.9s
[DONE] evaluation__6278__denoise__restore__nes__l0.5 calls=1021 margin 7.59->7.81 t=2.8s
[DONE] evaluation__6278__denoise__random_walk__random_walk__l0.5 calls=1024 margin 7.59->7.27 t=4.9s
[DONE] evaluation__6278__denoise__confidence_boost__nes__l0.5 calls=1021 margin 7.59->9.17 t=3.2s
[DONE] evaluation__6278__denoise__boundary_probe__nes__l0.5 calls=1021 margin 7.59->0.07 t=3.0s
[DONE] evaluation__6278__denoise__counterfactual__nes__l0.5 calls=1021 margin 7.59->0.29 t=3.1s
[DONE] evaluation__6278__deblur__attack__nes__l1 calls=1021 margin 9.24->-4.99 t=3.1s
[DONE] evaluation__6278__deblur__restore__nes__l1 calls=1021 margin 9.24->9.27 t=3.1s
[DONE] evaluation__6278__deblur__random_walk__random_walk__l1 calls=1024 margin 9.24->9.14 t=4.7s
[DONE] evaluation__6278__deblur__confidence_boost__nes__l1 calls=1021 margin 9.24->9.70 t=3.2s
[DONE] evaluation__6278__deblur__boundary_probe__nes__l1 calls=1021 margin 9.24->0.14 t=3.4s
[DONE] evaluation__6278__deblur__counterfactual__nes__l1 calls=1021 margin 9.24->6.93 t=3.2s
[DONE] evaluation__8729__denoise__attack__nes__l0.5 calls=1021 margin 1.54->-10.11 t=3.0s
[DONE] evaluation__8729__denoise__restore__nes__l0.5 calls=1021 margin 1.54->2.62 t=3.2s
[DONE] evaluation__8729__denoise__random_walk__random_walk__l0.5 calls=1024 margin 1.54->1.98 t=4.7s
[DONE] evaluation__8729__denoise__confidence_boost__nes__l0.5 calls=1021 margin 1.54->8.88 t=2.9s
[DONE] evaluation__8729__denoise__boundary_probe__nes__l0.5 calls=1021 margin 1.54->0.07 t=2.9s
[DONE] evaluation__8729__denoise__counterfactual__nes__l0.5 calls=1021 margin 1.54->-8.50 t=3.1s
[DONE] evaluation__8729__deblur__attack__nes__l1 calls=1021 margin 8.57->3.73 t=3.1s
[DONE] evaluation__8729__deblur__restore__nes__l1 calls=1021 margin 8.57->8.60 t=3.1s
[DONE] evaluation__8729__deblur__random_walk__random_walk__l1 calls=1024 margin 8.57->8.67 t=4.8s
[DONE] evaluation__8729__deblur__confidence_boost__nes__l1 calls=1021 margin 8.57->9.20 t=3.3s
[DONE] evaluation__8729__deblur__boundary_probe__nes__l1 calls=1021 margin 8.57->4.93 t=3.4s
[DONE] evaluation__8729__deblur__counterfactual__nes__l1 calls=1021 margin 8.57->6.68 t=3.2s
[DONE] evaluation__1195__denoise__attack__nes__l0.5 calls=1021 margin 10.10->5.99 t=3.2s
[DONE] evaluation__1195__denoise__restore__nes__l0.5 calls=1021 margin 10.10->10.13 t=3.2s
[DONE] evaluation__1195__denoise__random_walk__random_walk__l0.5 calls=1024 margin 10.10->10.16 t=4.8s
[DONE] evaluation__1195__denoise__confidence_boost__nes__l0.5 calls=1021 margin 10.10->11.16 t=3.4s
[DONE] evaluation__1195__denoise__boundary_probe__nes__l0.5 calls=1021 margin 10.10->6.04 t=3.1s
[DONE] evaluation__1195__denoise__counterfactual__nes__l0.5 calls=1021 margin 10.10->6.72 t=3.1s
[DONE] evaluation__1195__deblur__attack__nes__l1 calls=1021 margin 0.44->-8.54 t=3.2s
[DONE] evaluation__1195__deblur__restore__nes__l1 calls=1021 margin 0.44->3.68 t=3.1s
[DONE] evaluation__1195__deblur__random_walk__random_walk__l1 calls=1024 margin 0.44->5.74 t=4.9s
[DONE] evaluation__1195__deblur__confidence_boost__nes__l1 calls=1021 margin 0.44->10.19 t=3.0s
[DONE] evaluation__1195__deblur__boundary_probe__nes__l1 calls=1021 margin 0.44->0.02 t=3.1s
[DONE] evaluation__1195__deblur__counterfactual__nes__l1 calls=1021 margin 0.44->-7.57 t=3.0s
[DONE] evaluation__4263__denoise__attack__nes__l0.5 calls=1021 margin 9.95->8.14 t=3.1s
[DONE] evaluation__4263__denoise__restore__nes__l0.5 calls=1021 margin 9.95->9.88 t=3.1s
[DONE] evaluation__4263__denoise__random_walk__random_walk__l0.5 calls=1024 margin 9.95->10.05 t=5.0s
[DONE] evaluation__4263__denoise__confidence_boost__nes__l0.5 calls=1021 margin 9.95->10.93 t=3.0s
[DONE] evaluation__4263__denoise__boundary_probe__nes__l0.5 calls=1021 margin 9.95->7.86 t=3.1s
[DONE] evaluation__4263__denoise__counterfactual__nes__l0.5 calls=1021 margin 9.95->8.12 t=3.1s
[DONE] evaluation__4263__deblur__attack__nes__l1 calls=1021 margin 10.01->4.96 t=3.0s
[DONE] evaluation__4263__deblur__restore__nes__l1 calls=1021 margin 10.01->10.00 t=3.3s
[DONE] evaluation__4263__deblur__random_walk__random_walk__l1 calls=1024 margin 10.01->10.36 t=4.7s
[DONE] evaluation__4263__deblur__confidence_boost__nes__l1 calls=1021 margin 10.01->10.70 t=3.2s
[DONE] evaluation__4263__deblur__boundary_probe__nes__l1 calls=1021 margin 10.01->5.56 t=2.8s
[DONE] evaluation__4263__deblur__counterfactual__nes__l1 calls=1021 margin 10.01->7.98 t=2.7s
[DONE] evaluation__7907__denoise__attack__nes__l0.5 calls=1021 margin 9.79->7.92 t=3.1s
[DONE] evaluation__7907__denoise__restore__nes__l0.5 calls=1021 margin 9.79->9.95 t=2.9s
[DONE] evaluation__7907__denoise__random_walk__random_walk__l0.5 calls=1024 margin 9.79->9.88 t=4.7s
[DONE] evaluation__7907__denoise__confidence_boost__nes__l0.5 calls=1021 margin 9.79->11.17 t=3.2s
[DONE] evaluation__7907__denoise__boundary_probe__nes__l0.5 calls=1021 margin 9.79->6.96 t=3.3s
[DONE] evaluation__7907__denoise__counterfactual__nes__l0.5 calls=1021 margin 9.79->6.38 t=3.1s
[DONE] evaluation__7907__deblur__attack__nes__l1 calls=1021 margin 9.45->7.09 t=3.2s
[DONE] evaluation__7907__deblur__restore__nes__l1 calls=1021 margin 9.45->9.49 t=3.1s
[DONE] evaluation__7907__deblur__random_walk__random_walk__l1 calls=1024 margin 9.45->9.58 t=4.8s
[DONE] evaluation__7907__deblur__confidence_boost__nes__l1 calls=1021 margin 9.45->10.62 t=3.1s
[DONE] evaluation__7907__deblur__boundary_probe__nes__l1 calls=1021 margin 9.45->4.67 t=2.7s
[DONE] evaluation__7907__deblur__counterfactual__nes__l1 calls=1021 margin 9.45->2.30 t=2.6s
[DONE] evaluation__208__denoise__attack__nes__l0.5 calls=1021 margin 8.54->6.60 t=2.8s
[DONE] evaluation__208__denoise__restore__nes__l0.5 calls=1021 margin 8.54->8.49 t=3.1s
[DONE] evaluation__208__denoise__random_walk__random_walk__l0.5 calls=1024 margin 8.54->8.51 t=4.6s
[DONE] evaluation__208__denoise__confidence_boost__nes__l0.5 calls=1021 margin 8.54->8.92 t=3.4s
[DONE] evaluation__208__denoise__boundary_probe__nes__l0.5 calls=1021 margin 8.54->6.47 t=3.0s
[DONE] evaluation__208__denoise__counterfactual__nes__l0.5 calls=1021 margin 8.54->6.86 t=2.8s
[DONE] evaluation__208__deblur__attack__nes__l1 calls=1021 margin 9.23->8.75 t=3.1s
[DONE] evaluation__208__deblur__restore__nes__l1 calls=1021 margin 9.23->9.28 t=3.1s
[DONE] evaluation__208__deblur__random_walk__random_walk__l1 calls=1024 margin 9.23->9.18 t=4.9s
[DONE] evaluation__208__deblur__confidence_boost__nes__l1 calls=1021 margin 9.23->9.61 t=2.8s
[DONE] evaluation__208__deblur__boundary_probe__nes__l1 calls=1021 margin 9.23->8.63 t=2.8s
[DONE] evaluation__208__deblur__counterfactual__nes__l1 calls=1021 margin 9.23->8.65 t=2.8s
[DONE] evaluation__2658__denoise__attack__nes__l0.5 calls=1021 margin 1.02->-11.73 t=3.0s
[DONE] evaluation__2658__denoise__restore__nes__l0.5 calls=1021 margin 1.02->1.00 t=3.2s
[DONE] evaluation__2658__denoise__random_walk__random_walk__l0.5 calls=1024 margin 1.02->-2.55 t=4.7s
[DONE] evaluation__2658__denoise__confidence_boost__nes__l0.5 calls=1021 margin 1.02->9.41 t=3.1s
[DONE] evaluation__2658__denoise__boundary_probe__nes__l0.5 calls=1021 margin 1.02->0.01 t=3.0s
[DONE] evaluation__2658__denoise__counterfactual__nes__l0.5 calls=1021 margin 1.02->-9.40 t=3.3s
[DONE] evaluation__2658__deblur__attack__nes__l1 calls=1021 margin 9.07->8.36 t=3.0s
[DONE] evaluation__2658__deblur__restore__nes__l1 calls=1021 margin 9.07->9.19 t=3.2s
[DONE] evaluation__2658__deblur__random_walk__random_walk__l1 calls=1024 margin 9.07->9.29 t=5.0s
[DONE] evaluation__2658__deblur__confidence_boost__nes__l1 calls=1021 margin 9.07->10.09 t=3.2s
[DONE] evaluation__2658__deblur__boundary_probe__nes__l1 calls=1021 margin 9.07->8.18 t=2.8s
[DONE] evaluation__2658__deblur__counterfactual__nes__l1 calls=1021 margin 9.07->8.09 t=2.9s
[DONE] evaluation__5444__denoise__attack__nes__l0.5 calls=1021 margin 4.17->-6.38 t=2.9s
[DONE] evaluation__5444__denoise__restore__nes__l0.5 calls=1021 margin 4.17->4.71 t=3.1s
[DONE] evaluation__5444__denoise__random_walk__random_walk__l0.5 calls=1024 margin 4.17->3.02 t=5.0s
[DONE] evaluation__5444__denoise__confidence_boost__nes__l0.5 calls=1021 margin 4.17->8.79 t=3.2s
[DONE] evaluation__5444__denoise__boundary_probe__nes__l0.5 calls=1021 margin 4.17->0.00 t=3.1s
[DONE] evaluation__5444__denoise__counterfactual__nes__l0.5 calls=1021 margin 4.17->-5.49 t=3.0s
[DONE] evaluation__5444__deblur__attack__nes__l1 calls=1021 margin 4.60->-3.02 t=3.0s
[DONE] evaluation__5444__deblur__restore__nes__l1 calls=1021 margin 4.60->5.18 t=3.3s
[DONE] evaluation__5444__deblur__random_walk__random_walk__l1 calls=1024 margin 4.60->3.27 t=4.9s
[DONE] evaluation__5444__deblur__confidence_boost__nes__l1 calls=1021 margin 4.60->8.75 t=3.2s
[DONE] evaluation__5444__deblur__boundary_probe__nes__l1 calls=1021 margin 4.60->0.01 t=3.1s
[DONE] evaluation__5444__deblur__counterfactual__nes__l1 calls=1021 margin 4.60->-4.55 t=3.2s
[DONE] evaluation__8437__denoise__attack__nes__l0.5 calls=1021 margin 2.18->-8.21 t=3.3s
[DONE] evaluation__8437__denoise__restore__nes__l0.5 calls=1021 margin 2.18->2.36 t=3.4s
[DONE] evaluation__8437__denoise__random_walk__random_walk__l0.5 calls=1024 margin 2.18->2.71 t=4.8s
[DONE] evaluation__8437__denoise__confidence_boost__nes__l0.5 calls=1021 margin 2.18->8.11 t=3.3s
[DONE] evaluation__8437__denoise__boundary_probe__nes__l0.5 calls=1021 margin 2.18->0.01 t=3.2s
[DONE] evaluation__8437__denoise__counterfactual__nes__l0.5 calls=1021 margin 2.18->-7.83 t=3.2s
[DONE] evaluation__8437__deblur__attack__nes__l1 calls=1021 margin 8.34->6.99 t=3.3s
[DONE] evaluation__8437__deblur__restore__nes__l1 calls=1021 margin 8.34->8.44 t=3.4s
[DONE] evaluation__8437__deblur__random_walk__random_walk__l1 calls=1024 margin 8.34->8.41 t=4.5s
[DONE] evaluation__8437__deblur__confidence_boost__nes__l1 calls=1021 margin 8.34->8.75 t=3.0s
[DONE] evaluation__8437__deblur__boundary_probe__nes__l1 calls=1021 margin 8.34->6.80 t=2.8s
[DONE] evaluation__8437__deblur__counterfactual__nes__l1 calls=1021 margin 8.34->6.67 t=3.1s
[DONE] evaluation__1508__denoise__attack__nes__l0.5 calls=1021 margin 7.64->-5.46 t=3.1s
[DONE] evaluation__1508__denoise__restore__nes__l0.5 calls=1021 margin 7.64->7.25 t=3.2s
[DONE] evaluation__1508__denoise__random_walk__random_walk__l0.5 calls=1024 margin 7.64->6.92 t=4.6s
[DONE] evaluation__1508__denoise__confidence_boost__nes__l0.5 calls=1021 margin 7.64->9.60 t=3.1s
[DONE] evaluation__1508__denoise__boundary_probe__nes__l0.5 calls=1021 margin 7.64->0.08 t=3.2s
[DONE] evaluation__1508__denoise__counterfactual__nes__l0.5 calls=1021 margin 7.64->-4.00 t=3.0s
[DONE] evaluation__1508__deblur__attack__nes__l1 calls=1021 margin 9.02->-5.15 t=3.2s
[DONE] evaluation__1508__deblur__restore__nes__l1 calls=1021 margin 9.02->9.02 t=3.3s
[DONE] evaluation__1508__deblur__random_walk__random_walk__l1 calls=1024 margin 9.02->4.80 t=4.7s
[DONE] evaluation__1508__deblur__confidence_boost__nes__l1 calls=1021 margin 9.02->9.82 t=3.2s
[DONE] evaluation__1508__deblur__boundary_probe__nes__l1 calls=1021 margin 9.02->0.14 t=3.0s
[DONE] evaluation__1508__deblur__counterfactual__nes__l1 calls=1021 margin 9.02->-0.05 t=3.1s
[DONE] evaluation__3585__denoise__attack__nes__l0.5 calls=1021 margin 7.62->-3.32 t=3.4s
[DONE] evaluation__3585__denoise__restore__nes__l0.5 calls=1021 margin 7.62->7.62 t=3.3s
[DONE] evaluation__3585__denoise__random_walk__random_walk__l0.5 calls=1024 margin 7.62->6.18 t=4.5s
[DONE] evaluation__3585__denoise__confidence_boost__nes__l0.5 calls=1021 margin 7.62->9.47 t=3.2s
[DONE] evaluation__3585__denoise__boundary_probe__nes__l0.5 calls=1021 margin 7.62->0.01 t=2.9s
[DONE] evaluation__3585__denoise__counterfactual__nes__l0.5 calls=1021 margin 7.62->-3.42 t=3.3s
[DONE] evaluation__3585__deblur__attack__nes__l1 calls=1021 margin 10.16->9.27 t=3.4s
[DONE] evaluation__3585__deblur__restore__nes__l1 calls=1021 margin 10.16->10.22 t=3.2s
[DONE] evaluation__3585__deblur__random_walk__random_walk__l1 calls=1024 margin 10.16->9.74 t=4.4s
[DONE] evaluation__3585__deblur__confidence_boost__nes__l1 calls=1021 margin 10.16->10.59 t=3.0s
[DONE] evaluation__3585__deblur__boundary_probe__nes__l1 calls=1021 margin 10.16->8.43 t=3.4s
[DONE] evaluation__3585__deblur__counterfactual__nes__l1 calls=1021 margin 10.16->8.49 t=3.1s
[DONE] evaluation__8159__denoise__attack__nes__l0.5 calls=1021 margin 7.97->3.38 t=3.5s
[DONE] evaluation__8159__denoise__restore__nes__l0.5 calls=1021 margin 7.97->8.10 t=3.3s
[DONE] evaluation__8159__denoise__random_walk__random_walk__l0.5 calls=1024 margin 7.97->7.14 t=4.6s
[DONE] evaluation__8159__denoise__confidence_boost__nes__l0.5 calls=1021 margin 7.97->8.85 t=3.3s
[DONE] evaluation__8159__denoise__boundary_probe__nes__l0.5 calls=1021 margin 7.97->2.98 t=3.0s
[DONE] evaluation__8159__denoise__counterfactual__nes__l0.5 calls=1021 margin 7.97->4.00 t=3.2s
[DONE] evaluation__8159__deblur__attack__nes__l1 calls=1021 margin 8.29->6.52 t=3.1s
[DONE] evaluation__8159__deblur__restore__nes__l1 calls=1021 margin 8.29->8.41 t=3.1s
[DONE] evaluation__8159__deblur__random_walk__random_walk__l1 calls=1024 margin 8.29->7.69 t=4.4s
[DONE] evaluation__8159__deblur__confidence_boost__nes__l1 calls=1021 margin 8.29->9.52 t=3.1s
[DONE] evaluation__8159__deblur__boundary_probe__nes__l1 calls=1021 margin 8.29->6.37 t=2.9s
[DONE] evaluation__8159__deblur__counterfactual__nes__l1 calls=1021 margin 8.29->6.28 t=3.3s
[DONE] evaluation__1692__denoise__attack__nes__l0.5 calls=1021 margin 9.76->9.11 t=3.2s
[DONE] evaluation__1692__denoise__restore__nes__l0.5 calls=1021 margin 9.76->9.76 t=3.1s
[DONE] evaluation__1692__denoise__random_walk__random_walk__l0.5 calls=1024 margin 9.76->9.72 t=4.7s
[DONE] evaluation__1692__denoise__confidence_boost__nes__l0.5 calls=1021 margin 9.76->10.10 t=3.2s
[DONE] evaluation__1692__denoise__boundary_probe__nes__l0.5 calls=1021 margin 9.76->6.29 t=3.2s
[DONE] evaluation__1692__denoise__counterfactual__nes__l0.5 calls=1021 margin 9.76->7.17 t=3.2s
[DONE] evaluation__1692__deblur__attack__nes__l1 calls=1021 margin 9.38->2.95 t=3.4s
[DONE] evaluation__1692__deblur__restore__nes__l1 calls=1021 margin 9.38->9.36 t=3.3s
[DONE] evaluation__1692__deblur__random_walk__random_walk__l1 calls=1024 margin 9.38->9.34 t=4.6s
[DONE] evaluation__1692__deblur__confidence_boost__nes__l1 calls=1021 margin 9.38->9.93 t=3.2s
[DONE] evaluation__1692__deblur__boundary_probe__nes__l1 calls=1021 margin 9.38->0.03 t=3.3s
[DONE] evaluation__1692__deblur__counterfactual__nes__l1 calls=1021 margin 9.38->-2.76 t=3.3s
[DONE] evaluation__4872__denoise__attack__nes__l0.5 calls=1021 margin 7.86->-6.74 t=3.3s
[DONE] evaluation__4872__denoise__restore__nes__l0.5 calls=1021 margin 7.86->8.06 t=3.2s
[DONE] evaluation__4872__denoise__random_walk__random_walk__l0.5 calls=1024 margin 7.86->7.84 t=4.7s
[DONE] evaluation__4872__denoise__confidence_boost__nes__l0.5 calls=1021 margin 7.86->9.39 t=2.9s
[DONE] evaluation__4872__denoise__boundary_probe__nes__l0.5 calls=1021 margin 7.86->0.01 t=2.9s
[DONE] evaluation__4872__denoise__counterfactual__nes__l0.5 calls=1021 margin 7.86->0.35 t=3.2s
[DONE] evaluation__4872__deblur__attack__nes__l1 calls=1021 margin 8.46->7.93 t=3.1s
[DONE] evaluation__4872__deblur__restore__nes__l1 calls=1021 margin 8.46->8.45 t=3.1s
[DONE] evaluation__4872__deblur__random_walk__random_walk__l1 calls=1024 margin 8.46->8.52 t=4.5s
[DONE] evaluation__4872__deblur__confidence_boost__nes__l1 calls=1021 margin 8.46->9.29 t=2.7s
[DONE] evaluation__4872__deblur__boundary_probe__nes__l1 calls=1021 margin 8.46->7.87 t=2.9s
[DONE] evaluation__4872__deblur__counterfactual__nes__l1 calls=1021 margin 8.46->7.88 t=3.1s
[DONE] evaluation__7923__denoise__attack__nes__l0.5 calls=1021 margin 9.04->6.30 t=3.1s
[DONE] evaluation__7923__denoise__restore__nes__l0.5 calls=1021 margin 9.04->9.03 t=3.2s
[DONE] evaluation__7923__denoise__random_walk__random_walk__l0.5 calls=1024 margin 9.04->8.51 t=4.6s
[DONE] evaluation__7923__denoise__confidence_boost__nes__l0.5 calls=1021 margin 9.04->9.87 t=3.3s
[DONE] evaluation__7923__denoise__boundary_probe__nes__l0.5 calls=1021 margin 9.04->6.35 t=3.2s
[DONE] evaluation__7923__denoise__counterfactual__nes__l0.5 calls=1021 margin 9.04->6.17 t=3.1s
[DONE] evaluation__7923__deblur__attack__nes__l1 calls=1021 margin 8.50->3.19 t=3.2s
[DONE] evaluation__7923__deblur__restore__nes__l1 calls=1021 margin 8.50->8.57 t=3.3s
[DONE] evaluation__7923__deblur__random_walk__random_walk__l1 calls=1024 margin 8.50->8.51 t=4.9s
[DONE] evaluation__7923__deblur__confidence_boost__nes__l1 calls=1021 margin 8.50->9.63 t=2.8s
[DONE] evaluation__7923__deblur__boundary_probe__nes__l1 calls=1021 margin 8.50->3.14 t=3.1s
[DONE] evaluation__7923__deblur__counterfactual__nes__l1 calls=1021 margin 8.50->2.52 t=3.1s
[DONE] fit__1103__denoise__attack__nes__l0.5 calls=1021 margin 1.92->-8.56 t=2.9s
[DONE] fit__1103__denoise__restore__nes__l0.5 calls=1021 margin 1.92->2.09 t=3.2s
[DONE] fit__1103__denoise__random_walk__random_walk__l0.5 calls=1024 margin 1.92->2.07 t=4.5s
[DONE] fit__1103__denoise__confidence_boost__nes__l0.5 calls=1021 margin 1.92->8.63 t=2.9s
[DONE] fit__1103__denoise__boundary_probe__nes__l0.5 calls=1021 margin 1.92->0.03 t=3.0s
[DONE] fit__1103__denoise__counterfactual__nes__l0.5 calls=1021 margin 1.92->-7.53 t=3.0s
[DONE] fit__1103__deblur__attack__nes__l1 calls=1021 margin 8.69->-7.52 t=3.0s
[DONE] fit__1103__deblur__restore__nes__l1 calls=1021 margin 8.69->8.79 t=3.0s
[DONE] fit__1103__deblur__random_walk__random_walk__l1 calls=1024 margin 8.69->7.69 t=4.4s
[DONE] fit__1103__deblur__confidence_boost__nes__l1 calls=1021 margin 8.69->9.25 t=3.2s
[DONE] fit__1103__deblur__boundary_probe__nes__l1 calls=1021 margin 8.69->0.00 t=3.3s
[DONE] fit__1103__deblur__counterfactual__nes__l1 calls=1021 margin 8.69->-6.36 t=3.1s
[DONE] fit__6621__denoise__attack__nes__l0.5 calls=1021 margin 3.66->-9.58 t=3.3s
[DONE] fit__6621__denoise__restore__nes__l0.5 calls=1021 margin 3.66->4.24 t=3.3s
[DONE] fit__6621__denoise__random_walk__random_walk__l0.5 calls=1024 margin 3.66->0.63 t=4.8s
[DONE] fit__6621__denoise__confidence_boost__nes__l0.5 calls=1021 margin 3.66->8.64 t=3.3s
[DONE] fit__6621__denoise__boundary_probe__nes__l0.5 calls=1021 margin 3.66->0.04 t=3.2s
[DONE] fit__6621__denoise__counterfactual__nes__l0.5 calls=1021 margin 3.66->-6.10 t=3.0s
[DONE] fit__6621__deblur__attack__nes__l1 calls=1021 margin 9.36->0.29 t=3.4s
[DONE] fit__6621__deblur__restore__nes__l1 calls=1021 margin 9.36->9.34 t=3.1s
[DONE] fit__6621__deblur__random_walk__random_walk__l1 calls=1024 margin 9.36->8.86 t=4.6s
[DONE] fit__6621__deblur__confidence_boost__nes__l1 calls=1021 margin 9.36->9.64 t=3.0s
[DONE] fit__6621__deblur__boundary_probe__nes__l1 calls=1021 margin 9.36->5.58 t=3.1s
[DONE] fit__6621__deblur__counterfactual__nes__l1 calls=1021 margin 9.36->1.20 t=3.3s
[DONE] fit__962__denoise__attack__nes__l0.5 calls=1021 margin 5.24->-8.51 t=3.2s
[DONE] fit__962__denoise__restore__nes__l0.5 calls=1021 margin 5.24->6.17 t=3.1s
[DONE] fit__962__denoise__random_walk__random_walk__l0.5 calls=1024 margin 5.24->5.86 t=4.4s
[DONE] fit__962__denoise__confidence_boost__nes__l0.5 calls=1021 margin 5.24->9.84 t=3.4s
[DONE] fit__962__denoise__boundary_probe__nes__l0.5 calls=1021 margin 5.24->0.00 t=3.1s
[DONE] fit__962__denoise__counterfactual__nes__l0.5 calls=1021 margin 5.24->-8.25 t=3.3s
[DONE] fit__962__deblur__attack__nes__l1 calls=1021 margin 9.24->5.74 t=3.0s
[DONE] fit__962__deblur__restore__nes__l1 calls=1021 margin 9.24->9.21 t=3.1s
[DONE] fit__962__deblur__random_walk__random_walk__l1 calls=1024 margin 9.24->8.33 t=4.7s
[DONE] fit__962__deblur__confidence_boost__nes__l1 calls=1021 margin 9.24->10.07 t=3.1s
[DONE] fit__962__deblur__boundary_probe__nes__l1 calls=1021 margin 9.24->5.13 t=2.9s
[DONE] fit__962__deblur__counterfactual__nes__l1 calls=1021 margin 9.24->4.95 t=3.1s
[DONE] fit__7570__denoise__attack__nes__l0.5 calls=1021 margin 6.02->-2.39 t=3.4s
[DONE] fit__7570__denoise__restore__nes__l0.5 calls=1021 margin 6.02->6.23 t=3.2s
[DONE] fit__7570__denoise__random_walk__random_walk__l0.5 calls=1024 margin 6.02->5.65 t=4.7s
[DONE] fit__7570__denoise__confidence_boost__nes__l0.5 calls=1021 margin 6.02->8.96 t=3.4s
[DONE] fit__7570__denoise__boundary_probe__nes__l0.5 calls=1021 margin 6.02->0.04 t=3.3s
[DONE] fit__7570__denoise__counterfactual__nes__l0.5 calls=1021 margin 6.02->-1.92 t=3.2s
[DONE] fit__7570__deblur__attack__nes__l1 calls=1021 margin 9.53->7.94 t=3.1s
[DONE] fit__7570__deblur__restore__nes__l1 calls=1021 margin 9.53->9.68 t=3.4s
[DONE] fit__7570__deblur__random_walk__random_walk__l1 calls=1024 margin 9.53->8.80 t=4.8s
[DONE] fit__7570__deblur__confidence_boost__nes__l1 calls=1021 margin 9.53->10.14 t=3.3s
[DONE] fit__7570__deblur__boundary_probe__nes__l1 calls=1021 margin 9.53->8.10 t=3.1s
[DONE] fit__7570__deblur__counterfactual__nes__l1 calls=1021 margin 9.53->7.79 t=3.3s
[DONE] fit__3947__denoise__attack__nes__l0.5 calls=1021 margin 9.97->-4.74 t=3.0s
[DONE] fit__3947__denoise__restore__nes__l0.5 calls=1021 margin 9.97->10.03 t=3.0s
[DONE] fit__3947__denoise__random_walk__random_walk__l0.5 calls=1024 margin 9.97->9.82 t=4.5s
[DONE] fit__3947__denoise__confidence_boost__nes__l0.5 calls=1021 margin 9.97->10.28 t=2.9s
[DONE] fit__3947__denoise__boundary_probe__nes__l0.5 calls=1021 margin 9.97->0.06 t=3.0s
[DONE] fit__3947__denoise__counterfactual__nes__l0.5 calls=1021 margin 9.97->-4.24 t=3.0s
[DONE] fit__3947__deblur__attack__nes__l1 calls=1021 margin 9.42->6.95 t=3.1s
[DONE] fit__3947__deblur__restore__nes__l1 calls=1021 margin 9.42->9.47 t=3.1s
[DONE] fit__3947__deblur__random_walk__random_walk__l1 calls=1024 margin 9.42->9.48 t=4.4s
[DONE] fit__3947__deblur__confidence_boost__nes__l1 calls=1021 margin 9.42->9.87 t=2.9s
[DONE] fit__3947__deblur__boundary_probe__nes__l1 calls=1021 margin 9.42->8.43 t=2.9s
[DONE] fit__3947__deblur__counterfactual__nes__l1 calls=1021 margin 9.42->8.52 t=3.2s
[DONE] fit__825__denoise__attack__nes__l0.5 calls=1021 margin 7.22->-5.89 t=3.5s
[DONE] fit__825__denoise__restore__nes__l0.5 calls=1021 margin 7.22->7.27 t=3.2s
[DONE] fit__825__denoise__random_walk__random_walk__l0.5 calls=1024 margin 7.22->5.97 t=4.7s
[DONE] fit__825__denoise__confidence_boost__nes__l0.5 calls=1021 margin 7.22->9.24 t=3.0s
[DONE] fit__825__denoise__boundary_probe__nes__l0.5 calls=1021 margin 7.22->0.01 t=3.2s
[DONE] fit__825__denoise__counterfactual__nes__l0.5 calls=1021 margin 7.22->-4.83 t=3.2s
[DONE] fit__825__deblur__attack__nes__l1 calls=1021 margin 8.68->4.94 t=3.4s
[DONE] fit__825__deblur__restore__nes__l1 calls=1021 margin 8.68->8.84 t=3.5s
[DONE] fit__825__deblur__random_walk__random_walk__l1 calls=1024 margin 8.68->8.82 t=4.8s
[DONE] fit__825__deblur__confidence_boost__nes__l1 calls=1021 margin 8.68->9.20 t=3.1s
[DONE] fit__825__deblur__boundary_probe__nes__l1 calls=1021 margin 8.68->4.31 t=3.5s
[DONE] fit__825__deblur__counterfactual__nes__l1 calls=1021 margin 8.68->3.85 t=3.2s
[DONE] fit__4248__denoise__attack__nes__l0.5 calls=1021 margin 8.36->-5.59 t=3.5s
[DONE] fit__4248__denoise__restore__nes__l0.5 calls=1021 margin 8.36->8.42 t=3.0s
[DONE] fit__4248__denoise__random_walk__random_walk__l0.5 calls=1024 margin 8.36->7.96 t=4.6s
[DONE] fit__4248__denoise__confidence_boost__nes__l0.5 calls=1021 margin 8.36->9.36 t=3.3s
[DONE] fit__4248__denoise__boundary_probe__nes__l0.5 calls=1021 margin 8.36->0.04 t=3.3s
[DONE] fit__4248__denoise__counterfactual__nes__l0.5 calls=1021 margin 8.36->-5.35 t=3.1s
[DONE] fit__4248__deblur__attack__nes__l1 calls=1021 margin 8.35->-7.11 t=3.2s
[DONE] fit__4248__deblur__restore__nes__l1 calls=1021 margin 8.35->8.34 t=3.3s
[DONE] fit__4248__deblur__random_walk__random_walk__l1 calls=1024 margin 8.35->7.98 t=4.9s
[DONE] fit__4248__deblur__confidence_boost__nes__l1 calls=1021 margin 8.35->9.28 t=3.1s
[DONE] fit__4248__deblur__boundary_probe__nes__l1 calls=1021 margin 8.35->0.01 t=3.1s
[DONE] fit__4248__deblur__counterfactual__nes__l1 calls=1021 margin 8.35->-7.49 t=3.0s
[DONE] fit__1953__denoise__attack__nes__l0.5 calls=1021 margin 2.50->-10.54 t=2.9s
[DONE] fit__1953__denoise__restore__nes__l0.5 calls=1021 margin 2.50->2.63 t=2.8s
[DONE] fit__1953__denoise__random_walk__random_walk__l0.5 calls=1024 margin 2.50->-0.97 t=4.5s
[DONE] fit__1953__denoise__confidence_boost__nes__l0.5 calls=1021 margin 2.50->10.17 t=3.0s
[DONE] fit__1953__denoise__boundary_probe__nes__l0.5 calls=1021 margin 2.50->0.02 t=3.0s
[DONE] fit__1953__denoise__counterfactual__nes__l0.5 calls=1021 margin 2.50->-8.66 t=3.3s
[DONE] fit__1953__deblur__attack__nes__l1 calls=1021 margin 10.21->-6.65 t=3.2s
[DONE] fit__1953__deblur__restore__nes__l1 calls=1021 margin 10.21->10.02 t=3.0s
[DONE] fit__1953__deblur__random_walk__random_walk__l1 calls=1024 margin 10.21->8.19 t=4.7s
[DONE] fit__1953__deblur__confidence_boost__nes__l1 calls=1021 margin 10.21->10.47 t=3.1s
[DONE] fit__1953__deblur__boundary_probe__nes__l1 calls=1021 margin 10.21->0.15 t=3.0s
[DONE] fit__1953__deblur__counterfactual__nes__l1 calls=1021 margin 10.21->0.01 t=3.3s
[DONE] fit__7318__denoise__attack__nes__l0.5 calls=1021 margin 6.14->-9.98 t=3.1s
[DONE] fit__7318__denoise__restore__nes__l0.5 calls=1021 margin 6.14->5.49 t=3.2s
[DONE] fit__7318__denoise__random_walk__random_walk__l0.5 calls=1024 margin 6.14->0.08 t=4.5s
[DONE] fit__7318__denoise__confidence_boost__nes__l0.5 calls=1021 margin 6.14->10.40 t=3.2s
[DONE] fit__7318__denoise__boundary_probe__nes__l0.5 calls=1021 margin 6.14->0.10 t=3.1s
[DONE] fit__7318__denoise__counterfactual__nes__l0.5 calls=1021 margin 6.14->-8.53 t=3.3s
[DONE] fit__7318__deblur__attack__nes__l1 calls=1021 margin 9.65->5.31 t=3.1s
[DONE] fit__7318__deblur__restore__nes__l1 calls=1021 margin 9.65->9.58 t=3.0s
[DONE] fit__7318__deblur__random_walk__random_walk__l1 calls=1024 margin 9.65->9.54 t=4.5s
[DONE] fit__7318__deblur__confidence_boost__nes__l1 calls=1021 margin 9.65->10.17 t=3.1s
[DONE] fit__7318__deblur__boundary_probe__nes__l1 calls=1021 margin 9.65->3.52 t=3.0s
[DONE] fit__7318__deblur__counterfactual__nes__l1 calls=1021 margin 9.65->4.11 t=3.1s
[DONE] fit__7263__denoise__attack__nes__l0.5 calls=1021 margin 8.86->6.34 t=3.3s
[DONE] fit__7263__denoise__restore__nes__l0.5 calls=1021 margin 8.86->8.82 t=3.3s
[DONE] fit__7263__denoise__random_walk__random_walk__l0.5 calls=1024 margin 8.86->8.77 t=4.4s
[DONE] fit__7263__denoise__confidence_boost__nes__l0.5 calls=1021 margin 8.86->9.51 t=3.0s
[DONE] fit__7263__denoise__boundary_probe__nes__l0.5 calls=1021 margin 8.86->6.44 t=3.0s
[DONE] fit__7263__denoise__counterfactual__nes__l0.5 calls=1021 margin 8.86->6.76 t=3.4s
[DONE] fit__7263__deblur__attack__nes__l1 calls=1021 margin 9.67->8.85 t=3.3s
[DONE] fit__7263__deblur__restore__nes__l1 calls=1021 margin 9.67->9.64 t=3.0s
[DONE] fit__7263__deblur__random_walk__random_walk__l1 calls=1024 margin 9.67->9.53 t=4.2s
[DONE] fit__7263__deblur__confidence_boost__nes__l1 calls=1021 margin 9.67->10.20 t=3.2s
[DONE] fit__7263__deblur__boundary_probe__nes__l1 calls=1021 margin 9.67->8.66 t=3.0s
[DONE] fit__7263__deblur__counterfactual__nes__l1 calls=1021 margin 9.67->8.76 t=3.4s
[DONE] fit__1892__denoise__attack__nes__l0.5 calls=1021 margin 10.23->-0.83 t=3.2s
[DONE] fit__1892__denoise__restore__nes__l0.5 calls=1021 margin 10.23->10.42 t=3.1s
[DONE] fit__1892__denoise__random_walk__random_walk__l0.5 calls=1024 margin 10.23->10.14 t=4.5s
[DONE] fit__1892__denoise__confidence_boost__nes__l0.5 calls=1021 margin 10.23->11.66 t=3.2s
[DONE] fit__1892__denoise__boundary_probe__nes__l0.5 calls=1021 margin 10.23->1.54 t=3.2s
[DONE] fit__1892__denoise__counterfactual__nes__l0.5 calls=1021 margin 10.23->0.63 t=3.1s
[DONE] fit__1892__deblur__attack__nes__l1 calls=1021 margin 6.97->-9.57 t=3.1s
[DONE] fit__1892__deblur__restore__nes__l1 calls=1021 margin 6.97->7.43 t=3.2s
[DONE] fit__1892__deblur__random_walk__random_walk__l1 calls=1024 margin 6.97->7.27 t=4.4s
[DONE] fit__1892__deblur__confidence_boost__nes__l1 calls=1021 margin 6.97->10.38 t=3.2s
[DONE] fit__1892__deblur__boundary_probe__nes__l1 calls=1021 margin 6.97->0.11 t=3.1s
[DONE] fit__1892__deblur__counterfactual__nes__l1 calls=1021 margin 6.97->-8.20 t=3.0s
[DONE] fit__8365__denoise__attack__nes__l0.5 calls=1021 margin 9.93->7.28 t=3.2s
[DONE] fit__8365__denoise__restore__nes__l0.5 calls=1021 margin 9.93->9.99 t=3.1s
[DONE] fit__8365__denoise__random_walk__random_walk__l0.5 calls=1024 margin 9.93->9.80 t=4.3s
[DONE] fit__8365__denoise__confidence_boost__nes__l0.5 calls=1021 margin 9.93->11.06 t=2.6s
[DONE] fit__8365__denoise__boundary_probe__nes__l0.5 calls=1021 margin 9.93->6.91 t=3.3s
[DONE] fit__8365__denoise__counterfactual__nes__l0.5 calls=1021 margin 9.93->7.61 t=3.2s
[DONE] fit__8365__deblur__attack__nes__l1 calls=1021 margin 9.87->8.15 t=3.3s
[DONE] fit__8365__deblur__restore__nes__l1 calls=1021 margin 9.87->9.99 t=2.8s
[DONE] fit__8365__deblur__random_walk__random_walk__l1 calls=1024 margin 9.87->10.08 t=4.1s
[DONE] fit__8365__deblur__confidence_boost__nes__l1 calls=1021 margin 9.87->11.14 t=3.0s
[DONE] fit__8365__deblur__boundary_probe__nes__l1 calls=1021 margin 9.87->7.88 t=3.1s
[DONE] fit__8365__deblur__counterfactual__nes__l1 calls=1021 margin 9.87->7.71 t=3.0s
[DONE] fit__3266__denoise__attack__nes__l0.5 calls=1021 margin 4.46->-10.41 t=3.3s
[DONE] fit__3266__denoise__restore__nes__l0.5 calls=1021 margin 4.46->4.03 t=3.2s
[DONE] fit__3266__denoise__random_walk__random_walk__l0.5 calls=1024 margin 4.46->1.93 t=4.7s
[DONE] fit__3266__denoise__confidence_boost__nes__l0.5 calls=1021 margin 4.46->8.42 t=3.2s
[DONE] fit__3266__denoise__boundary_probe__nes__l0.5 calls=1021 margin 4.46->0.05 t=3.2s
[DONE] fit__3266__denoise__counterfactual__nes__l0.5 calls=1021 margin 4.46->-8.60 t=3.2s
[DONE] fit__3266__deblur__attack__nes__l1 calls=1021 margin 8.20->6.01 t=3.2s
[DONE] fit__3266__deblur__restore__nes__l1 calls=1021 margin 8.20->8.17 t=3.0s
[DONE] fit__3266__deblur__random_walk__random_walk__l1 calls=1024 margin 8.20->8.37 t=4.4s
[DONE] fit__3266__deblur__confidence_boost__nes__l1 calls=1021 margin 8.20->9.19 t=3.0s
[DONE] fit__3266__deblur__boundary_probe__nes__l1 calls=1021 margin 8.20->6.26 t=3.3s
[DONE] fit__3266__deblur__counterfactual__nes__l1 calls=1021 margin 8.20->6.39 t=3.4s
[DONE] fit__8937__denoise__attack__nes__l0.5 calls=1021 margin 9.47->8.19 t=3.3s
[DONE] fit__8937__denoise__restore__nes__l0.5 calls=1021 margin 9.47->9.50 t=3.2s
[DONE] fit__8937__denoise__random_walk__random_walk__l0.5 calls=1024 margin 9.47->9.33 t=4.4s
[DONE] fit__8937__denoise__confidence_boost__nes__l0.5 calls=1021 margin 9.47->9.81 t=3.0s
[DONE] fit__8937__denoise__boundary_probe__nes__l0.5 calls=1021 margin 9.47->8.38 t=3.2s
[DONE] fit__8937__denoise__counterfactual__nes__l0.5 calls=1021 margin 9.47->8.34 t=3.1s
[DONE] fit__8937__deblur__attack__nes__l1 calls=1021 margin 10.00->9.13 t=3.0s
[DONE] fit__8937__deblur__restore__nes__l1 calls=1021 margin 10.00->10.02 t=2.7s
[DONE] fit__8937__deblur__random_walk__random_walk__l1 calls=1024 margin 10.00->10.08 t=4.2s
[DONE] fit__8937__deblur__confidence_boost__nes__l1 calls=1021 margin 10.00->10.53 t=2.8s
[DONE] fit__8937__deblur__boundary_probe__nes__l1 calls=1021 margin 10.00->9.07 t=3.0s
[DONE] fit__8937__deblur__counterfactual__nes__l1 calls=1021 margin 10.00->9.14 t=3.1s
[DONE] fit__3994__denoise__attack__nes__l0.5 calls=1021 margin 8.05->4.65 t=3.2s
[DONE] fit__3994__denoise__restore__nes__l0.5 calls=1021 margin 8.05->8.01 t=3.1s
[DONE] fit__3994__denoise__random_walk__random_walk__l0.5 calls=1024 margin 8.05->8.11 t=4.5s
[DONE] fit__3994__denoise__confidence_boost__nes__l0.5 calls=1021 margin 8.05->9.42 t=3.3s
[DONE] fit__3994__denoise__boundary_probe__nes__l0.5 calls=1021 margin 8.05->5.12 t=3.4s
[DONE] fit__3994__denoise__counterfactual__nes__l0.5 calls=1021 margin 8.05->4.50 t=3.2s
[DONE] fit__3994__deblur__attack__nes__l1 calls=1021 margin 9.89->-0.06 t=3.4s
[DONE] fit__3994__deblur__restore__nes__l1 calls=1021 margin 9.89->9.94 t=3.2s
[DONE] fit__3994__deblur__random_walk__random_walk__l1 calls=1024 margin 9.89->8.49 t=4.3s
[DONE] fit__3994__deblur__confidence_boost__nes__l1 calls=1021 margin 9.89->10.74 t=3.2s
[DONE] fit__3994__deblur__boundary_probe__nes__l1 calls=1021 margin 9.89->2.42 t=3.0s
[DONE] fit__3994__deblur__counterfactual__nes__l1 calls=1021 margin 9.89->0.03 t=3.0s
[DONE] fit__133__denoise__attack__nes__l0.5 calls=1021 margin 8.58->8.16 t=3.4s
[DONE] fit__133__denoise__restore__nes__l0.5 calls=1021 margin 8.58->8.57 t=3.0s
[DONE] fit__133__denoise__random_walk__random_walk__l0.5 calls=1024 margin 8.58->8.74 t=4.3s
[DONE] fit__133__denoise__confidence_boost__nes__l0.5 calls=1021 margin 8.58->8.97 t=3.0s
[DONE] fit__133__denoise__boundary_probe__nes__l0.5 calls=1021 margin 8.58->8.15 t=2.8s
[DONE] fit__133__denoise__counterfactual__nes__l0.5 calls=1021 margin 8.58->8.09 t=2.8s
[DONE] fit__133__deblur__attack__nes__l1 calls=1021 margin 8.29->7.38 t=2.9s
[DONE] fit__133__deblur__restore__nes__l1 calls=1021 margin 8.29->8.31 t=2.8s
[DONE] fit__133__deblur__random_walk__random_walk__l1 calls=1024 margin 8.29->8.39 t=4.1s
[DONE] fit__133__deblur__confidence_boost__nes__l1 calls=1021 margin 8.29->8.79 t=2.8s
[DONE] fit__133__deblur__boundary_probe__nes__l1 calls=1021 margin 8.29->7.28 t=2.8s
[DONE] fit__133__deblur__counterfactual__nes__l1 calls=1021 margin 8.29->7.42 t=2.6s
[DONE] fit__7499__denoise__attack__nes__l0.5 calls=1021 margin 9.09->0.03 t=2.6s
[DONE] fit__7499__denoise__restore__nes__l0.5 calls=1021 margin 9.09->9.10 t=2.8s
[DONE] fit__7499__denoise__random_walk__random_walk__l0.5 calls=1024 margin 9.09->9.17 t=3.7s
[DONE] fit__7499__denoise__confidence_boost__nes__l0.5 calls=1021 margin 9.09->10.24 t=2.7s
[DONE] fit__7499__denoise__boundary_probe__nes__l0.5 calls=1021 margin 9.09->0.07 t=2.7s
[DONE] fit__7499__denoise__counterfactual__nes__l0.5 calls=1021 margin 9.09->-0.50 t=2.6s
[DONE] fit__7499__deblur__attack__nes__l1 calls=1021 margin 8.17->-7.11 t=2.7s
[DONE] fit__7499__deblur__restore__nes__l1 calls=1021 margin 8.17->8.39 t=2.6s
[DONE] fit__7499__deblur__random_walk__random_walk__l1 calls=1024 margin 8.17->9.25 t=3.7s
[DONE] fit__7499__deblur__confidence_boost__nes__l1 calls=1021 margin 8.17->10.18 t=2.7s
[DONE] fit__7499__deblur__boundary_probe__nes__l1 calls=1021 margin 8.17->0.11 t=2.4s
[DONE] fit__7499__deblur__counterfactual__nes__l1 calls=1021 margin 8.17->-7.01 t=2.4s
