[denoise boundary_probe 128] done
[denoise boundary_probe 256] done
[denoise boundary_probe 512] done
[denoise boundary_probe 1024] done
[denoise boundary_probe attack_truncated] done
[denoise boundary_probe pre_either_flip] done
[denoise confidence_boost 128] done
[denoise confidence_boost 256] done
[denoise confidence_boost 512] done
[denoise confidence_boost 1024] done
[denoise confidence_boost attack_truncated] done
[denoise confidence_boost pre_either_flip] done
[denoise counterfactual 128] done
[denoise counterfactual 256] done
[denoise counterfactual 512] done
[denoise counterfactual 1024] done
[denoise counterfactual attack_truncated] done
[denoise counterfactual pre_either_flip] done
[denoise random_walk 128] done
[denoise random_walk 256] done
[denoise random_walk 512] done
[denoise random_walk 1024] done
[denoise random_walk attack_truncated] done
[denoise random_walk pre_either_flip] done
[denoise restore 128] done
[denoise restore 256] done
[denoise restore 512] done
[denoise restore 1024] done
[denoise restore attack_truncated] done
[denoise restore pre_either_flip] done
[deblur boundary_probe 128] done
[deblur boundary_probe 256] done
[deblur boundary_probe 512] done
[deblur boundary_probe 1024] done
[deblur boundary_probe attack_truncated] done
[deblur boundary_probe pre_either_flip] done
[deblur confidence_boost 128] done
[deblur confidence_boost 256] done
[deblur confidence_boost 512] done
[deblur confidence_boost 1024] done
[deblur confidence_boost attack_truncated] done
[deblur confidence_boost pre_either_flip] done
[deblur counterfactual 128] done
[deblur counterfactual 256] done
[deblur counterfactual 512] done
[deblur counterfactual 1024] done
[deblur counterfactual attack_truncated] done
[deblur counterfactual pre_either_flip] done
[deblur random_walk 128] done
[deblur random_walk 256] done
[deblur random_walk 512] done
[deblur random_walk 1024] done
[deblur random_walk attack_truncated] done
[deblur random_walk pre_either_flip] done
[deblur restore 128] done
[deblur restore 256] done
[deblur restore 512] done
[deblur restore 1024] done
[deblur restore attack_truncated] done
[deblur restore pre_either_flip] done
                             n  label_preserved  reached_target  start_p  final_p  final_margin  psnr_gain  blacklight_alarm  gwad_plus_native_alarm
workload objective                                                                                                                                  
deblur   attack            400            0.520           0.382    0.999    0.521         0.393     -0.369               1.0                     1.0
         boundary_probe    400            1.000           0.000    0.999    0.527         0.307     -0.287               1.0                     1.0
         confidence_boost  400            1.000           0.000    0.999    1.000        12.022     -0.273               1.0                     1.0
         counterfactual    400            0.518           0.482    0.999    0.535         0.302     -0.372               1.0                     1.0
         random_walk       400            0.982           0.018    0.999    0.999         7.505     -1.565               1.0                     1.0
         restore           400            1.000           0.000    0.999    1.000         8.189      0.370               1.0                     1.0
denoise  attack            400            0.332           0.562    0.967    0.127        -1.733     -0.070               1.0                     1.0
         boundary_probe    400            1.000           0.000    0.967    0.488         0.023     -0.042               1.0                     1.0
         confidence_boost  400            1.000           0.000    0.967    1.000         8.573     -0.031               1.0                     1.0
         counterfactual    400            0.338           0.662    0.967    0.134        -1.774     -0.067               1.0                     1.0
         random_walk       400            0.922           0.065    0.967    0.965         3.845     -0.312               1.0                     1.0
         restore           400            1.000           0.000    0.967    0.972         4.127      0.166               1.0                     1.0
workload                                  deblur                                                    denoise                                                   
prefix                                      1024   128   256   512 attack_truncated pre_either_flip    1024   128   256   512 attack_truncated pre_either_flip
negative         detector                                                                                                                                     
boundary_probe   logreg:blacklight          0.51  0.46  0.50  0.55             0.48            0.47    0.54  0.54  0.49  0.52             0.51            0.51
                 logreg:gwad_plus           0.49   NaN   NaN  0.50              NaN             NaN    0.61   NaN   NaN  0.53              NaN             NaN
                 logreg:output_trajectory   0.83  0.49  0.54  0.61             0.75            0.58    0.93  0.54  0.63  0.76             0.76            0.57
                 logreg:query_only_all      0.50  0.46  0.50  0.51             0.48            0.47    0.59  0.54  0.49  0.53             0.51            0.51
confidence_boost logreg:blacklight          0.48  0.43  0.43  0.42             0.49            0.48    0.47  0.53  0.51  0.52             0.50            0.50
                 logreg:gwad_plus           0.49   NaN   NaN  0.47              NaN             NaN    0.45   NaN   NaN  0.49              NaN             NaN
                 logreg:output_trajectory   1.00  1.00  1.00  1.00             1.00            1.00    1.00  1.00  1.00  1.00             0.99            0.99
                 logreg:query_only_all      0.47  0.43  0.43  0.42             0.49            0.48    0.45  0.53  0.51  0.50             0.50            0.50
counterfactual   logreg:blacklight          0.49  0.45  0.43  0.43             0.48            0.48    0.43  0.54  0.54  0.52             0.48            0.46
                 logreg:gwad_plus           0.47   NaN   NaN  0.49              NaN             NaN    0.49   NaN   NaN  0.49              NaN             NaN
                 logreg:output_trajectory   0.59  0.53  0.56  0.54             0.77            0.59    0.67  0.58  0.59  0.61             0.75            0.54
                 logreg:query_only_all      0.47  0.45  0.43  0.47             0.48            0.48    0.44  0.54  0.54  0.50             0.48            0.46
random_walk      logreg:blacklight          1.00  1.00  1.00  1.00             1.00            1.00    1.00  1.00  1.00  1.00             1.00            1.00
                 logreg:gwad_plus           1.00   NaN   NaN  1.00              NaN             NaN    1.00   NaN   NaN  1.00              NaN             NaN
                 logreg:output_trajectory   0.99  0.83  0.88  0.92             0.98            0.98    1.00  0.91  0.96  0.98             0.99            0.99
                 logreg:query_only_all      1.00  1.00  1.00  1.00             1.00            1.00    1.00  1.00  1.00  1.00             1.00            1.00
restore          logreg:blacklight          0.53  0.50  0.53  0.56             0.48            0.53    0.48  0.56  0.51  0.51             0.51            0.51
                 logreg:gwad_plus           0.52   NaN   NaN  0.48              NaN             NaN    0.51   NaN   NaN  0.52              NaN             NaN
                 logreg:output_trajectory   1.00  0.99  1.00  1.00             1.00            1.00    1.00  1.00  1.00  1.00             0.99            0.99
                 logreg:query_only_all      0.54  0.50  0.53  0.55             0.48            0.53    0.49  0.56  0.51  0.52             0.51            0.51
