[DONE] calibration__2951__denoise__attack__nes__l0.5 calls=1021 margin 2.04->-1.43 t=3.1s
[DONE] calibration__2951__denoise__restore__nes__l0.5 calls=1021 margin 2.04->2.00 t=3.0s
[DONE] calibration__2951__denoise__random_walk__random_walk__l0.5 calls=1024 margin 2.04->1.95 t=4.6s
[DONE] calibration__2951__denoise__confidence_boost__nes__l0.5 calls=1021 margin 2.04->6.27 t=3.0s
[DONE] calibration__2951__denoise__boundary_probe__nes__l0.5 calls=1021 margin 2.04->0.02 t=2.9s
[DONE] calibration__2951__denoise__counterfactual__nes__l0.5 calls=1021 margin 2.04->-2.12 t=3.1s
[DONE] calibration__2951__deblur__attack__nes__l1 calls=1021 margin 2.65->-3.70 t=3.0s
[DONE] calibration__2951__deblur__restore__nes__l1 calls=1021 margin 2.65->3.01 t=3.2s
[DONE] calibration__2951__deblur__random_walk__random_walk__l1 calls=1024 margin 2.65->2.30 t=4.6s
[DONE] calibration__2951__deblur__confidence_boost__nes__l1 calls=1021 margin 2.65->8.96 t=3.0s
[DONE] calibration__2951__deblur__boundary_probe__nes__l1 calls=1021 margin 2.65->0.00 t=2.9s
[DONE] calibration__2951__deblur__counterfactual__nes__l1 calls=1021 margin 2.65->-3.45 t=2.9s
[DONE] calibration__7010__denoise__attack__nes__l0.5 calls=1021 margin 1.10->-4.46 t=3.0s
[DONE] calibration__7010__denoise__restore__nes__l0.5 calls=1021 margin 1.10->1.61 t=3.1s
[DONE] calibration__7010__denoise__random_walk__random_walk__l0.5 calls=1024 margin 1.10->1.13 t=4.4s
[DONE] calibration__7010__denoise__confidence_boost__nes__l0.5 calls=1021 margin 1.10->7.11 t=2.7s
[DONE] calibration__7010__denoise__boundary_probe__nes__l0.5 calls=1021 margin 1.10->0.01 t=3.0s
[DONE] calibration__7010__denoise__counterfactual__nes__l0.5 calls=1021 margin 1.10->-3.42 t=2.9s
[DONE] calibration__7010__deblur__attack__nes__l1 calls=1021 margin 6.50->-1.87 t=2.7s
[DONE] calibration__7010__deblur__restore__nes__l1 calls=1021 margin 6.50->5.90 t=3.0s
[DONE] calibration__7010__deblur__random_walk__random_walk__l1 calls=1024 margin 6.50->2.81 t=4.6s
[DONE] calibration__7010__deblur__confidence_boost__nes__l1 calls=1021 margin 6.50->9.73 t=3.1s
[DONE] calibration__7010__deblur__boundary_probe__nes__l1 calls=1021 margin 6.50->0.04 t=3.0s
[DONE] calibration__7010__deblur__counterfactual__nes__l1 calls=1021 margin 6.50->-1.44 t=3.0s
[DONE] calibration__3488__denoise__attack__nes__l0.5 calls=1021 margin 8.21->4.90 t=2.9s
[DONE] calibration__3488__denoise__restore__nes__l0.5 calls=1021 margin 8.21->8.15 t=3.1s
[DONE] calibration__3488__denoise__random_walk__random_walk__l0.5 calls=1024 margin 8.21->8.74 t=4.9s
[DONE] calibration__3488__denoise__confidence_boost__nes__l0.5 calls=1021 margin 8.21->10.88 t=3.0s
[DONE] calibration__3488__denoise__boundary_probe__nes__l0.5 calls=1021 margin 8.21->4.50 t=2.8s
[DONE] calibration__3488__denoise__counterfactual__nes__l0.5 calls=1021 margin 8.21->4.53 t=2.8s
[DONE] calibration__3488__deblur__attack__nes__l1 calls=1021 margin 10.11->6.11 t=2.9s
[DONE] calibration__3488__deblur__restore__nes__l1 calls=1021 margin 10.11->9.80 t=2.9s
[DONE] calibration__3488__deblur__random_walk__random_walk__l1 calls=1024 margin 10.11->9.26 t=4.6s
[DONE] calibration__3488__deblur__confidence_boost__nes__l1 calls=1021 margin 10.11->11.75 t=2.9s
[DONE] calibration__3488__deblur__boundary_probe__nes__l1 calls=1021 margin 10.11->5.39 t=2.9s
[DONE] calibration__3488__deblur__counterfactual__nes__l1 calls=1021 margin 10.11->5.36 t=2.8s
[DONE] calibration__8880__denoise__attack__nes__l0.5 calls=1021 margin 6.40->0.92 t=3.2s
[DONE] calibration__8880__denoise__restore__nes__l0.5 calls=1021 margin 6.40->6.36 t=3.1s
[DONE] calibration__8880__denoise__random_walk__random_walk__l0.5 calls=1024 margin 6.40->6.09 t=4.5s
[DONE] calibration__8880__denoise__confidence_boost__nes__l0.5 calls=1021 margin 6.40->9.82 t=3.4s
[DONE] calibration__8880__denoise__boundary_probe__nes__l0.5 calls=1021 margin 6.40->0.62 t=3.2s
[DONE] calibration__8880__denoise__counterfactual__nes__l0.5 calls=1021 margin 6.40->0.13 t=3.0s
[DONE] calibration__8880__deblur__attack__nes__l1 calls=1021 margin 10.87->6.44 t=3.1s
[DONE] calibration__8880__deblur__restore__nes__l1 calls=1021 margin 10.87->11.19 t=3.3s
[DONE] calibration__8880__deblur__random_walk__random_walk__l1 calls=1024 margin 10.87->10.13 t=4.4s
[DONE] calibration__8880__deblur__confidence_boost__nes__l1 calls=1021 margin 10.87->13.07 t=2.9s
[DONE] calibration__8880__deblur__boundary_probe__nes__l1 calls=1021 margin 10.87->6.71 t=3.1s
[DONE] calibration__8880__deblur__counterfactual__nes__l1 calls=1021 margin 10.87->6.62 t=3.0s
[DONE] calibration__4234__denoise__attack__nes__l0.5 calls=1021 margin 10.72->2.78 t=2.8s
[DONE] calibration__4234__denoise__restore__nes__l0.5 calls=1021 margin 10.72->10.67 t=3.2s
[DONE] calibration__4234__denoise__random_walk__random_walk__l0.5 calls=1024 margin 10.72->9.83 t=4.5s
[DONE] calibration__4234__denoise__confidence_boost__nes__l0.5 calls=1021 margin 10.72->14.09 t=2.9s
[DONE] calibration__4234__denoise__boundary_probe__nes__l0.5 calls=1021 margin 10.72->1.79 t=2.8s
[DONE] calibration__4234__denoise__counterfactual__nes__l0.5 calls=1021 margin 10.72->2.60 t=3.0s
[DONE] calibration__4234__deblur__attack__nes__l1 calls=1021 margin 14.27->2.19 t=2.8s
[DONE] calibration__4234__deblur__restore__nes__l1 calls=1021 margin 14.27->13.82 t=3.1s
[DONE] calibration__4234__deblur__random_walk__random_walk__l1 calls=1024 margin 14.27->11.47 t=4.5s
[DONE] calibration__4234__deblur__confidence_boost__nes__l1 calls=1021 margin 14.27->14.42 t=3.1s
[DONE] calibration__4234__deblur__boundary_probe__nes__l1 calls=1021 margin 14.27->0.32 t=3.0s
[DONE] calibration__4234__deblur__counterfactual__nes__l1 calls=1021 margin 14.27->2.11 t=3.1s
[DONE] calibration__1593__denoise__attack__nes__l0.5 calls=1021 margin 4.78->-1.16 t=3.2s
[DONE] calibration__1593__denoise__restore__nes__l0.5 calls=1021 margin 4.78->4.39 t=3.1s
[DONE] calibration__1593__denoise__random_walk__random_walk__l0.5 calls=1024 margin 4.78->4.56 t=4.5s
[DONE] calibration__1593__denoise__confidence_boost__nes__l0.5 calls=1021 margin 4.78->9.11 t=3.0s
[DONE] calibration__1593__denoise__boundary_probe__nes__l0.5 calls=1021 margin 4.78->0.00 t=2.7s
[DONE] calibration__1593__denoise__counterfactual__nes__l0.5 calls=1021 margin 4.78->-1.64 t=3.0s
[DONE] calibration__1593__deblur__attack__nes__l1 calls=1021 margin 2.94->-0.86 t=3.2s
[DONE] calibration__1593__deblur__restore__nes__l1 calls=1021 margin 2.94->3.76 t=3.3s
[DONE] calibration__1593__deblur__random_walk__random_walk__l1 calls=1024 margin 2.94->5.75 t=4.4s
[DONE] calibration__1593__deblur__confidence_boost__nes__l1 calls=1021 margin 2.94->8.61 t=3.1s
[DONE] calibration__1593__deblur__boundary_probe__nes__l1 calls=1021 margin 2.94->0.00 t=3.1s
[DONE] calibration__1593__deblur__counterfactual__nes__l1 calls=1021 margin 2.94->-1.00 t=3.1s
[DONE] calibration__7772__denoise__attack__nes__l0.5 calls=1021 margin 0.32->-4.81 t=3.1s
[DONE] calibration__7772__denoise__restore__nes__l0.5 calls=1021 margin 0.32->0.32 t=3.4s
[DONE] calibration__7772__denoise__random_walk__random_walk__l0.5 calls=1024 margin 0.32->0.69 t=4.4s
[DONE] calibration__7772__denoise__confidence_boost__nes__l0.5 calls=1021 margin 0.32->6.20 t=2.9s
[DONE] calibration__7772__denoise__boundary_probe__nes__l0.5 calls=1021 margin 0.32->0.01 t=3.1s
[DONE] calibration__7772__denoise__counterfactual__nes__l0.5 calls=1021 margin 0.32->-5.58 t=3.0s
[DONE] calibration__7772__deblur__attack__nes__l1 calls=1021 margin 5.13->-3.13 t=3.0s
[DONE] calibration__7772__deblur__restore__nes__l1 calls=1021 margin 5.13->4.81 t=3.2s
[DONE] calibration__7772__deblur__random_walk__random_walk__l1 calls=1024 margin 5.13->6.88 t=4.5s
[DONE] calibration__7772__deblur__confidence_boost__nes__l1 calls=1021 margin 5.13->10.75 t=3.0s
[DONE] calibration__7772__deblur__boundary_probe__nes__l1 calls=1021 margin 5.13->0.04 t=3.1s
[DONE] calibration__7772__deblur__counterfactual__nes__l1 calls=1021 margin 5.13->-3.37 t=2.8s
[DONE] calibration__3375__denoise__attack__nes__l0.5 calls=1021 margin 0.98->-6.98 t=2.9s
[DONE] calibration__3375__denoise__restore__nes__l0.5 calls=1021 margin 0.98->1.60 t=3.4s
[DONE] calibration__3375__denoise__random_walk__random_walk__l0.5 calls=1024 margin 0.98->-1.28 t=4.3s
[DONE] calibration__3375__denoise__confidence_boost__nes__l0.5 calls=1021 margin 0.98->7.17 t=2.8s
[DONE] calibration__3375__denoise__boundary_probe__nes__l0.5 calls=1021 margin 0.98->0.02 t=2.8s
[DONE] calibration__3375__denoise__counterfactual__nes__l0.5 calls=1021 margin 0.98->-7.27 t=2.9s
[DONE] calibration__3375__deblur__attack__nes__l1 calls=1021 margin 1.78->-9.39 t=2.9s
[DONE] calibration__3375__deblur__restore__nes__l1 calls=1021 margin 1.78->2.01 t=3.2s
[DONE] calibration__3375__deblur__random_walk__random_walk__l1 calls=1024 margin 1.78->2.35 t=4.6s
[DONE] calibration__3375__deblur__confidence_boost__nes__l1 calls=1021 margin 1.78->10.21 t=3.2s
[DONE] calibration__3375__deblur__boundary_probe__nes__l1 calls=1021 margin 1.78->0.02 t=2.8s
[DONE] calibration__3375__deblur__counterfactual__nes__l1 calls=1021 margin 1.78->-4.42 t=2.9s
[DONE] calibration__8307__denoise__attack__nes__l0.5 calls=1021 margin 2.87->-5.23 t=2.9s
[DONE] calibration__8307__denoise__restore__nes__l0.5 calls=1021 margin 2.87->3.37 t=3.4s
[DONE] calibration__8307__denoise__random_walk__random_walk__l0.5 calls=1024 margin 2.87->3.23 t=4.6s
[DONE] calibration__8307__denoise__confidence_boost__nes__l0.5 calls=1021 margin 2.87->10.07 t=3.1s
[DONE] calibration__8307__denoise__boundary_probe__nes__l0.5 calls=1021 margin 2.87->0.00 t=3.0s
[DONE] calibration__8307__denoise__counterfactual__nes__l0.5 calls=1021 margin 2.87->-4.61 t=3.2s
[DONE] calibration__8307__deblur__attack__nes__l1 calls=1021 margin 10.53->2.92 t=3.3s
[DONE] calibration__8307__deblur__restore__nes__l1 calls=1021 margin 10.53->11.98 t=3.2s
[DONE] calibration__8307__deblur__random_walk__random_walk__l1 calls=1024 margin 10.53->11.39 t=4.3s
[DONE] calibration__8307__deblur__confidence_boost__nes__l1 calls=1021 margin 10.53->14.63 t=3.2s
[DONE] calibration__8307__deblur__boundary_probe__nes__l1 calls=1021 margin 10.53->2.08 t=3.2s
[DONE] calibration__8307__deblur__counterfactual__nes__l1 calls=1021 margin 10.53->3.04 t=2.9s
[DONE] calibration__5647__denoise__attack__nes__l0.5 calls=1021 margin 3.05->-2.44 t=3.2s
[DONE] calibration__5647__denoise__restore__nes__l0.5 calls=1021 margin 3.05->3.49 t=3.6s
[DONE] calibration__5647__denoise__random_walk__random_walk__l0.5 calls=1024 margin 3.05->3.64 t=4.4s
[DONE] calibration__5647__denoise__confidence_boost__nes__l0.5 calls=1021 margin 3.05->7.94 t=3.4s
[DONE] calibration__5647__denoise__boundary_probe__nes__l0.5 calls=1021 margin 3.05->0.02 t=3.4s
[DONE] calibration__5647__denoise__counterfactual__nes__l0.5 calls=1021 margin 3.05->-1.90 t=3.3s
[DONE] calibration__5647__deblur__attack__nes__l1 calls=1021 margin 0.87->-4.32 t=3.4s
[DONE] calibration__5647__deblur__restore__nes__l1 calls=1021 margin 0.87->1.14 t=3.4s
[DONE] calibration__5647__deblur__random_walk__random_walk__l1 calls=1024 margin 0.87->2.75 t=4.4s
[DONE] calibration__5647__deblur__confidence_boost__nes__l1 calls=1021 margin 0.87->6.64 t=3.3s
[DONE] calibration__5647__deblur__boundary_probe__nes__l1 calls=1021 margin 0.87->0.01 t=3.6s
[DONE] calibration__5647__deblur__counterfactual__nes__l1 calls=1021 margin 0.87->-4.81 t=3.1s
[DONE] calibration__556__denoise__attack__nes__l0.5 calls=1021 margin 6.09->0.56 t=3.2s
[DONE] calibration__556__denoise__restore__nes__l0.5 calls=1021 margin 6.09->6.00 t=3.3s
[DONE] calibration__556__denoise__random_walk__random_walk__l0.5 calls=1024 margin 6.09->6.38 t=3.9s
[DONE] calibration__556__denoise__confidence_boost__nes__l0.5 calls=1021 margin 6.09->10.21 t=2.8s
[DONE] calibration__556__denoise__boundary_probe__nes__l0.5 calls=1021 margin 6.09->0.00 t=2.8s
[DONE] calibration__556__denoise__counterfactual__nes__l0.5 calls=1021 margin 6.09->0.19 t=3.1s
[DONE] calibration__556__deblur__attack__nes__l1 calls=1021 margin 7.69->-5.38 t=2.9s
[DONE] calibration__556__deblur__restore__nes__l1 calls=1021 margin 7.69->8.94 t=3.4s
[DONE] calibration__556__deblur__random_walk__random_walk__l1 calls=1024 margin 7.69->6.36 t=4.4s
[DONE] calibration__556__deblur__confidence_boost__nes__l1 calls=1021 margin 7.69->13.31 t=2.7s
[DONE] calibration__556__deblur__boundary_probe__nes__l1 calls=1021 margin 7.69->0.03 t=3.0s
[DONE] calibration__556__deblur__counterfactual__nes__l1 calls=1021 margin 7.69->-5.06 t=3.1s
[DONE] calibration__8334__denoise__attack__nes__l0.5 calls=1021 margin 9.48->4.70 t=3.0s
[DONE] calibration__8334__denoise__restore__nes__l0.5 calls=1021 margin 9.48->9.42 t=3.4s
[DONE] calibration__8334__denoise__random_walk__random_walk__l0.5 calls=1024 margin 9.48->8.78 t=4.1s
[DONE] calibration__8334__denoise__confidence_boost__nes__l0.5 calls=1021 margin 9.48->12.45 t=3.0s
[DONE] calibration__8334__denoise__boundary_probe__nes__l0.5 calls=1021 margin 9.48->4.17 t=3.1s
[DONE] calibration__8334__denoise__counterfactual__nes__l0.5 calls=1021 margin 9.48->4.40 t=2.8s
[DONE] calibration__8334__deblur__attack__nes__l1 calls=1021 margin 3.99->-4.83 t=3.0s
[DONE] calibration__8334__deblur__restore__nes__l1 calls=1021 margin 3.99->4.29 t=3.1s
[DONE] calibration__8334__deblur__random_walk__random_walk__l1 calls=1024 margin 3.99->6.07 t=4.0s
[DONE] calibration__8334__deblur__confidence_boost__nes__l1 calls=1021 margin 3.99->11.27 t=2.7s
[DONE] calibration__8334__deblur__boundary_probe__nes__l1 calls=1021 margin 3.99->0.00 t=2.7s
[DONE] calibration__8334__deblur__counterfactual__nes__l1 calls=1021 margin 3.99->-5.64 t=2.9s
[DONE] calibration__2518__denoise__attack__nes__l0.5 calls=1021 margin 2.23->-3.83 t=3.2s
[DONE] calibration__2518__denoise__restore__nes__l0.5 calls=1021 margin 2.23->2.54 t=3.2s
[DONE] calibration__2518__denoise__random_walk__random_walk__l0.5 calls=1024 margin 2.23->0.84 t=4.4s
[DONE] calibration__2518__denoise__confidence_boost__nes__l0.5 calls=1021 margin 2.23->5.37 t=2.9s
[DONE] calibration__2518__denoise__boundary_probe__nes__l0.5 calls=1021 margin 2.23->0.02 t=3.1s
[DONE] calibration__2518__denoise__counterfactual__nes__l0.5 calls=1021 margin 2.23->-4.00 t=3.1s
[DONE] calibration__2518__deblur__attack__nes__l1 calls=1021 margin 5.49->-1.23 t=3.0s
[DONE] calibration__2518__deblur__restore__nes__l1 calls=1021 margin 5.49->5.76 t=3.1s
[DONE] calibration__2518__deblur__random_walk__random_walk__l1 calls=1024 margin 5.49->4.31 t=4.3s
[DONE] calibration__2518__deblur__confidence_boost__nes__l1 calls=1021 margin 5.49->10.13 t=2.9s
[DONE] calibration__2518__deblur__boundary_probe__nes__l1 calls=1021 margin 5.49->0.00 t=3.0s
[DONE] calibration__2518__deblur__counterfactual__nes__l1 calls=1021 margin 5.49->-0.77 t=3.0s
[DONE] calibration__9684__denoise__attack__nes__l0.5 calls=1021 margin 3.81->-3.60 t=2.9s
[DONE] calibration__9684__denoise__restore__nes__l0.5 calls=1021 margin 3.81->3.64 t=3.4s
[DONE] calibration__9684__denoise__random_walk__random_walk__l0.5 calls=1024 margin 3.81->3.92 t=4.2s
[DONE] calibration__9684__denoise__confidence_boost__nes__l0.5 calls=1021 margin 3.81->9.43 t=3.0s
[DONE] calibration__9684__denoise__boundary_probe__nes__l0.5 calls=1021 margin 3.81->0.05 t=3.2s
[DONE] calibration__9684__denoise__counterfactual__nes__l0.5 calls=1021 margin 3.81->-3.87 t=3.0s
[DONE] calibration__9684__deblur__attack__nes__l1 calls=1021 margin 10.05->2.57 t=3.2s
[DONE] calibration__9684__deblur__restore__nes__l1 calls=1021 margin 10.05->10.43 t=3.2s
[DONE] calibration__9684__deblur__random_walk__random_walk__l1 calls=1024 margin 10.05->6.64 t=4.2s
[DONE] calibration__9684__deblur__confidence_boost__nes__l1 calls=1021 margin 10.05->13.61 t=3.1s
[DONE] calibration__9684__deblur__boundary_probe__nes__l1 calls=1021 margin 10.05->1.74 t=2.9s
[DONE] calibration__9684__deblur__counterfactual__nes__l1 calls=1021 margin 10.05->1.54 t=3.1s
[DONE] calibration__4086__denoise__attack__nes__l0.5 calls=1021 margin 7.97->2.81 t=3.0s
[DONE] calibration__4086__denoise__restore__nes__l0.5 calls=1021 margin 7.97->8.42 t=3.3s
[DONE] calibration__4086__denoise__random_walk__random_walk__l0.5 calls=1024 margin 7.97->7.77 t=4.2s
[DONE] calibration__4086__denoise__confidence_boost__nes__l0.5 calls=1021 margin 7.97->10.19 t=3.0s
[DONE] calibration__4086__denoise__boundary_probe__nes__l0.5 calls=1021 margin 7.97->3.29 t=2.8s
[DONE] calibration__4086__denoise__counterfactual__nes__l0.5 calls=1021 margin 7.97->3.25 t=2.7s
[DONE] calibration__4086__deblur__attack__nes__l1 calls=1021 margin 6.01->-0.45 t=3.0s
[DONE] calibration__4086__deblur__restore__nes__l1 calls=1021 margin 6.01->7.32 t=3.5s
[DONE] calibration__4086__deblur__random_walk__random_walk__l1 calls=1024 margin 6.01->8.95 t=4.6s
[DONE] calibration__4086__deblur__confidence_boost__nes__l1 calls=1021 margin 6.01->11.30 t=3.3s
[DONE] calibration__4086__deblur__boundary_probe__nes__l1 calls=1021 margin 6.01->0.19 t=2.8s
[DONE] calibration__4086__deblur__counterfactual__nes__l1 calls=1021 margin 6.01->0.27 t=3.2s
[DONE] calibration__372__denoise__attack__nes__l0.5 calls=1021 margin 2.24->-7.10 t=2.9s
[DONE] calibration__372__denoise__restore__nes__l0.5 calls=1021 margin 2.24->3.21 t=3.3s
[DONE] calibration__372__denoise__random_walk__random_walk__l0.5 calls=1024 margin 2.24->2.19 t=4.4s
[DONE] calibration__372__denoise__confidence_boost__nes__l0.5 calls=1021 margin 2.24->8.59 t=3.0s
[DONE] calibration__372__denoise__boundary_probe__nes__l0.5 calls=1021 margin 2.24->0.04 t=3.0s
[DONE] calibration__372__denoise__counterfactual__nes__l0.5 calls=1021 margin 2.24->-7.10 t=3.1s
[DONE] calibration__372__deblur__attack__nes__l1 calls=1021 margin 9.26->4.57 t=3.2s
[DONE] calibration__372__deblur__restore__nes__l1 calls=1021 margin 9.26->9.51 t=3.2s
[DONE] calibration__372__deblur__random_walk__random_walk__l1 calls=1024 margin 9.26->9.74 t=4.5s
[DONE] calibration__372__deblur__confidence_boost__nes__l1 calls=1021 margin 9.26->12.30 t=3.1s
[DONE] calibration__372__deblur__boundary_probe__nes__l1 calls=1021 margin 9.26->3.71 t=2.8s
[DONE] calibration__372__deblur__counterfactual__nes__l1 calls=1021 margin 9.26->3.89 t=2.9s
[DONE] calibration__5594__denoise__attack__nes__l0.5 calls=1021 margin 9.23->5.36 t=3.1s
[DONE] calibration__5594__denoise__restore__nes__l0.5 calls=1021 margin 9.23->8.92 t=3.1s
[DONE] calibration__5594__denoise__random_walk__random_walk__l0.5 calls=1024 margin 9.23->8.60 t=4.6s
[DONE] calibration__5594__denoise__confidence_boost__nes__l0.5 calls=1021 margin 9.23->11.65 t=3.0s
[DONE] calibration__5594__denoise__boundary_probe__nes__l0.5 calls=1021 margin 9.23->5.36 t=2.9s
[DONE] calibration__5594__denoise__counterfactual__nes__l0.5 calls=1021 margin 9.23->5.61 t=3.1s
[DONE] calibration__5594__deblur__attack__nes__l1 calls=1021 margin 10.06->-1.33 t=3.0s
[DONE] calibration__5594__deblur__restore__nes__l1 calls=1021 margin 10.06->10.53 t=3.2s
[DONE] calibration__5594__deblur__random_walk__random_walk__l1 calls=1024 margin 10.06->9.45 t=4.7s
[DONE] calibration__5594__deblur__confidence_boost__nes__l1 calls=1021 margin 10.06->13.56 t=3.3s
[DONE] calibration__5594__deblur__boundary_probe__nes__l1 calls=1021 margin 10.06->0.12 t=3.0s
[DONE] calibration__5594__deblur__counterfactual__nes__l1 calls=1021 margin 10.06->0.87 t=3.1s
[DONE] evaluation__2185__denoise__attack__nes__l0.5 calls=1021 margin 8.12->4.05 t=2.9s
[DONE] evaluation__2185__denoise__restore__nes__l0.5 calls=1021 margin 8.12->8.16 t=2.8s
[DONE] evaluation__2185__denoise__random_walk__random_walk__l0.5 calls=1024 margin 8.12->8.21 t=4.3s
[DONE] evaluation__2185__denoise__confidence_boost__nes__l0.5 calls=1021 margin 8.12->11.21 t=2.9s
[DONE] evaluation__2185__denoise__boundary_probe__nes__l0.5 calls=1021 margin 8.12->4.29 t=3.0s
[DONE] evaluation__2185__denoise__counterfactual__nes__l0.5 calls=1021 margin 8.12->4.03 t=2.9s
[DONE] evaluation__2185__deblur__attack__nes__l1 calls=1021 margin 10.17->4.99 t=3.0s
[DONE] evaluation__2185__deblur__restore__nes__l1 calls=1021 margin 10.17->9.62 t=3.2s
[DONE] evaluation__2185__deblur__random_walk__random_walk__l1 calls=1024 margin 10.17->9.36 t=4.5s
[DONE] evaluation__2185__deblur__confidence_boost__nes__l1 calls=1021 margin 10.17->13.34 t=2.8s
[DONE] evaluation__2185__deblur__boundary_probe__nes__l1 calls=1021 margin 10.17->4.65 t=2.9s
[DONE] evaluation__2185__deblur__counterfactual__nes__l1 calls=1021 margin 10.17->4.46 t=3.2s
[DONE] evaluation__4295__denoise__attack__nes__l0.5 calls=1021 margin 0.96->-0.78 t=3.1s
[DONE] evaluation__4295__denoise__restore__nes__l0.5 calls=1021 margin 0.96->1.01 t=2.8s
[DONE] evaluation__4295__denoise__random_walk__random_walk__l0.5 calls=1024 margin 0.96->0.88 t=4.3s
[DONE] evaluation__4295__denoise__confidence_boost__nes__l0.5 calls=1021 margin 0.96->2.99 t=3.0s
[DONE] evaluation__4295__denoise__boundary_probe__nes__l0.5 calls=1021 margin 0.96->0.00 t=3.0s
[DONE] evaluation__4295__denoise__counterfactual__nes__l0.5 calls=1021 margin 0.96->-0.81 t=3.1s
[DONE] evaluation__4295__deblur__attack__nes__l1 calls=1021 margin 3.33->1.10 t=3.1s
[DONE] evaluation__4295__deblur__restore__nes__l1 calls=1021 margin 3.33->3.00 t=2.9s
[DONE] evaluation__4295__deblur__random_walk__random_walk__l1 calls=1024 margin 3.33->2.77 t=4.2s
[DONE] evaluation__4295__deblur__confidence_boost__nes__l1 calls=1021 margin 3.33->6.33 t=3.2s
[DONE] evaluation__4295__deblur__boundary_probe__nes__l1 calls=1021 margin 3.33->0.67 t=3.0s
[DONE] evaluation__4295__deblur__counterfactual__nes__l1 calls=1021 margin 3.33->0.63 t=3.0s
[DONE] evaluation__7838__denoise__attack__nes__l0.5 calls=1021 margin 5.07->-1.90 t=2.9s
[DONE] evaluation__7838__denoise__restore__nes__l0.5 calls=1021 margin 5.07->4.39 t=3.1s
[DONE] evaluation__7838__denoise__random_walk__random_walk__l0.5 calls=1024 margin 5.07->4.59 t=4.3s
[DONE] evaluation__7838__denoise__confidence_boost__nes__l0.5 calls=1021 margin 5.07->9.59 t=3.3s
[DONE] evaluation__7838__denoise__boundary_probe__nes__l0.5 calls=1021 margin 5.07->0.04 t=3.0s
[DONE] evaluation__7838__denoise__counterfactual__nes__l0.5 calls=1021 margin 5.07->-1.88 t=3.1s
[DONE] evaluation__7838__deblur__attack__nes__l1 calls=1021 margin 12.14->1.94 t=2.8s
[DONE] evaluation__7838__deblur__restore__nes__l1 calls=1021 margin 12.14->11.93 t=3.1s
[DONE] evaluation__7838__deblur__random_walk__random_walk__l1 calls=1024 margin 12.14->10.94 t=4.4s
[DONE] evaluation__7838__deblur__confidence_boost__nes__l1 calls=1021 margin 12.14->14.73 t=3.0s
[DONE] evaluation__7838__deblur__boundary_probe__nes__l1 calls=1021 margin 12.14->2.27 t=3.2s
[DONE] evaluation__7838__deblur__counterfactual__nes__l1 calls=1021 margin 12.14->2.46 t=2.9s
[DONE] evaluation__1013__denoise__attack__nes__l0.5 calls=1021 margin 5.44->-0.79 t=2.9s
[DONE] evaluation__1013__denoise__restore__nes__l0.5 calls=1021 margin 5.44->5.60 t=3.1s
[DONE] evaluation__1013__denoise__random_walk__random_walk__l0.5 calls=1024 margin 5.44->5.51 t=4.1s
[DONE] evaluation__1013__denoise__confidence_boost__nes__l0.5 calls=1021 margin 5.44->10.34 t=3.1s
[DONE] evaluation__1013__denoise__boundary_probe__nes__l0.5 calls=1021 margin 5.44->0.07 t=3.1s
[DONE] evaluation__1013__denoise__counterfactual__nes__l0.5 calls=1021 margin 5.44->-0.54 t=2.8s
[DONE] evaluation__1013__deblur__attack__nes__l1 calls=1021 margin 10.45->7.02 t=3.1s
[DONE] evaluation__1013__deblur__restore__nes__l1 calls=1021 margin 10.45->10.43 t=2.9s
[DONE] evaluation__1013__deblur__random_walk__random_walk__l1 calls=1024 margin 10.45->10.27 t=4.2s
[DONE] evaluation__1013__deblur__confidence_boost__nes__l1 calls=1021 margin 10.45->11.98 t=3.2s
[DONE] evaluation__1013__deblur__boundary_probe__nes__l1 calls=1021 margin 10.45->7.35 t=3.2s
[DONE] evaluation__1013__deblur__counterfactual__nes__l1 calls=1021 margin 10.45->7.58 t=2.9s
[DONE] evaluation__3647__denoise__attack__nes__l0.5 calls=1021 margin 7.44->3.32 t=3.2s
[DONE] evaluation__3647__denoise__restore__nes__l0.5 calls=1021 margin 7.44->7.14 t=3.0s
[DONE] evaluation__3647__denoise__random_walk__random_walk__l0.5 calls=1024 margin 7.44->7.52 t=4.3s
[DONE] evaluation__3647__denoise__confidence_boost__nes__l0.5 calls=1021 margin 7.44->9.61 t=3.2s
[DONE] evaluation__3647__denoise__boundary_probe__nes__l0.5 calls=1021 margin 7.44->3.30 t=3.1s
[DONE] evaluation__3647__denoise__counterfactual__nes__l0.5 calls=1021 margin 7.44->3.77 t=3.0s
[DONE] evaluation__3647__deblur__attack__nes__l1 calls=1021 margin 7.54->0.16 t=3.0s
[DONE] evaluation__3647__deblur__restore__nes__l1 calls=1021 margin 7.54->7.51 t=2.9s
[DONE] evaluation__3647__deblur__random_walk__random_walk__l1 calls=1024 margin 7.54->6.80 t=4.3s
[DONE] evaluation__3647__deblur__confidence_boost__nes__l1 calls=1021 margin 7.54->10.31 t=3.0s
[DONE] evaluation__3647__deblur__boundary_probe__nes__l1 calls=1021 margin 7.54->0.59 t=3.1s
[DONE] evaluation__3647__deblur__counterfactual__nes__l1 calls=1021 margin 7.54->2.48 t=2.7s
[DONE] evaluation__7282__denoise__attack__nes__l0.5 calls=1021 margin 5.37->1.62 t=2.9s
[DONE] evaluation__7282__denoise__restore__nes__l0.5 calls=1021 margin 5.37->5.18 t=2.9s
[DONE] evaluation__7282__denoise__random_walk__random_walk__l0.5 calls=1024 margin 5.37->5.45 t=4.3s
[DONE] evaluation__7282__denoise__confidence_boost__nes__l0.5 calls=1021 margin 5.37->8.72 t=3.1s
[DONE] evaluation__7282__denoise__boundary_probe__nes__l0.5 calls=1021 margin 5.37->1.46 t=3.6s
[DONE] evaluation__7282__denoise__counterfactual__nes__l0.5 calls=1021 margin 5.37->1.02 t=3.2s
[DONE] evaluation__7282__deblur__attack__nes__l1 calls=1021 margin 9.34->4.74 t=3.0s
[DONE] evaluation__7282__deblur__restore__nes__l1 calls=1021 margin 9.34->9.33 t=3.3s
[DONE] evaluation__7282__deblur__random_walk__random_walk__l1 calls=1024 margin 9.34->8.45 t=4.4s
[DONE] evaluation__7282__deblur__confidence_boost__nes__l1 calls=1021 margin 9.34->11.24 t=3.4s
[DONE] evaluation__7282__deblur__boundary_probe__nes__l1 calls=1021 margin 9.34->4.84 t=3.3s
[DONE] evaluation__7282__deblur__counterfactual__nes__l1 calls=1021 margin 9.34->6.43 t=3.1s
[DONE] evaluation__9816__denoise__attack__nes__l0.5 calls=1021 margin 4.03->-1.37 t=3.2s
[DONE] evaluation__9816__denoise__restore__nes__l0.5 calls=1021 margin 4.03->3.63 t=2.9s
[DONE] evaluation__9816__denoise__random_walk__random_walk__l0.5 calls=1024 margin 4.03->2.60 t=4.4s
[DONE] evaluation__9816__denoise__confidence_boost__nes__l0.5 calls=1021 margin 4.03->8.57 t=3.2s
[DONE] evaluation__9816__denoise__boundary_probe__nes__l0.5 calls=1021 margin 4.03->0.04 t=3.0s
[DONE] evaluation__9816__denoise__counterfactual__nes__l0.5 calls=1021 margin 4.03->-1.49 t=3.0s
[DONE] evaluation__9816__deblur__attack__nes__l1 calls=1021 margin 9.91->6.55 t=3.0s
[DONE] evaluation__9816__deblur__restore__nes__l1 calls=1021 margin 9.91->9.94 t=3.1s
[DONE] evaluation__9816__deblur__random_walk__random_walk__l1 calls=1024 margin 9.91->8.74 t=4.0s
[DONE] evaluation__9816__deblur__confidence_boost__nes__l1 calls=1021 margin 9.91->11.13 t=3.1s
[DONE] evaluation__9816__deblur__boundary_probe__nes__l1 calls=1021 margin 9.91->5.88 t=2.9s
[DONE] evaluation__9816__deblur__counterfactual__nes__l1 calls=1021 margin 9.91->6.30 t=3.0s
[DONE] evaluation__3538__denoise__attack__nes__l0.5 calls=1021 margin 6.94->-2.92 t=3.1s
[DONE] evaluation__3538__denoise__restore__nes__l0.5 calls=1021 margin 6.94->7.35 t=3.2s
[DONE] evaluation__3538__denoise__random_walk__random_walk__l0.5 calls=1024 margin 6.94->5.51 t=4.2s
[DONE] evaluation__3538__denoise__confidence_boost__nes__l0.5 calls=1021 margin 6.94->11.72 t=3.4s
[DONE] evaluation__3538__denoise__boundary_probe__nes__l0.5 calls=1021 margin 6.94->0.00 t=3.2s
[DONE] evaluation__3538__denoise__counterfactual__nes__l0.5 calls=1021 margin 6.94->-2.99 t=2.9s
[DONE] evaluation__3538__deblur__attack__nes__l1 calls=1021 margin 9.21->-1.65 t=2.9s
[DONE] evaluation__3538__deblur__restore__nes__l1 calls=1021 margin 9.21->8.60 t=3.0s
[DONE] evaluation__3538__deblur__random_walk__random_walk__l1 calls=1024 margin 9.21->11.43 t=4.3s
[DONE] evaluation__3538__deblur__confidence_boost__nes__l1 calls=1021 margin 9.21->13.38 t=3.1s
[DONE] evaluation__3538__deblur__boundary_probe__nes__l1 calls=1021 margin 9.21->0.13 t=2.8s
[DONE] evaluation__3538__deblur__counterfactual__nes__l1 calls=1021 margin 9.21->-2.02 t=2.9s
[DONE] evaluation__5129__denoise__attack__nes__l0.5 calls=1021 margin 1.49->-4.52 t=3.1s
[DONE] evaluation__5129__denoise__restore__nes__l0.5 calls=1021 margin 1.49->1.94 t=3.1s
[DONE] evaluation__5129__denoise__random_walk__random_walk__l0.5 calls=1024 margin 1.49->1.51 t=3.9s
[DONE] evaluation__5129__denoise__confidence_boost__nes__l0.5 calls=1021 margin 1.49->6.20 t=3.1s
[DONE] evaluation__5129__denoise__boundary_probe__nes__l0.5 calls=1021 margin 1.49->0.01 t=3.0s
[DONE] evaluation__5129__denoise__counterfactual__nes__l0.5 calls=1021 margin 1.49->-4.38 t=2.9s
[DONE] evaluation__5129__deblur__attack__nes__l1 calls=1021 margin 5.53->-2.15 t=3.3s
[DONE] evaluation__5129__deblur__restore__nes__l1 calls=1021 margin 5.53->5.80 t=3.0s
[DONE] evaluation__5129__deblur__random_walk__random_walk__l1 calls=1024 margin 5.53->5.80 t=4.0s
[DONE] evaluation__5129__deblur__confidence_boost__nes__l1 calls=1021 margin 5.53->10.67 t=3.1s
[DONE] evaluation__5129__deblur__boundary_probe__nes__l1 calls=1021 margin 5.53->0.05 t=3.0s
[DONE] evaluation__5129__deblur__counterfactual__nes__l1 calls=1021 margin 5.53->-2.20 t=3.1s
[DONE] evaluation__7458__denoise__attack__nes__l0.5 calls=1021 margin 0.39->-5.28 t=3.3s
[DONE] evaluation__7458__denoise__restore__nes__l0.5 calls=1021 margin 0.39->0.18 t=3.2s
[DONE] evaluation__7458__denoise__random_walk__random_walk__l0.5 calls=1024 margin 0.39->0.18 t=4.1s
[DONE] evaluation__7458__denoise__confidence_boost__nes__l0.5 calls=1021 margin 0.39->3.95 t=3.2s
[DONE] evaluation__7458__denoise__boundary_probe__nes__l0.5 calls=1021 margin 0.39->0.01 t=3.1s
[DONE] evaluation__7458__denoise__counterfactual__nes__l0.5 calls=1021 margin 0.39->-4.43 t=2.9s
[DONE] evaluation__7458__deblur__attack__nes__l1 calls=1021 margin 2.73->-5.06 t=3.1s
[DONE] evaluation__7458__deblur__restore__nes__l1 calls=1021 margin 2.73->2.39 t=3.2s
[DONE] evaluation__7458__deblur__random_walk__random_walk__l1 calls=1024 margin 2.73->0.63 t=4.0s
[DONE] evaluation__7458__deblur__confidence_boost__nes__l1 calls=1021 margin 2.73->9.54 t=2.9s
[DONE] evaluation__7458__deblur__boundary_probe__nes__l1 calls=1021 margin 2.73->0.02 t=3.2s
[DONE] evaluation__7458__deblur__counterfactual__nes__l1 calls=1021 margin 2.73->-4.18 t=2.9s
[DONE] evaluation__896__denoise__attack__nes__l0.5 calls=1021 margin 7.70->3.59 t=2.9s
[DONE] evaluation__896__denoise__restore__nes__l0.5 calls=1021 margin 7.70->7.56 t=3.0s
[DONE] evaluation__896__denoise__random_walk__random_walk__l0.5 calls=1024 margin 7.70->7.32 t=4.4s
[DONE] evaluation__896__denoise__confidence_boost__nes__l0.5 calls=1021 margin 7.70->10.35 t=3.2s
[DONE] evaluation__896__denoise__boundary_probe__nes__l0.5 calls=1021 margin 7.70->3.33 t=2.8s
[DONE] evaluation__896__denoise__counterfactual__nes__l0.5 calls=1021 margin 7.70->3.40 t=3.1s
[DONE] evaluation__896__deblur__attack__nes__l1 calls=1021 margin 9.03->4.88 t=3.3s
[DONE] evaluation__896__deblur__restore__nes__l1 calls=1021 margin 9.03->9.08 t=3.0s
[DONE] evaluation__896__deblur__random_walk__random_walk__l1 calls=1024 margin 9.03->9.78 t=4.0s
[DONE] evaluation__896__deblur__confidence_boost__nes__l1 calls=1021 margin 9.03->12.22 t=3.3s
[DONE] evaluation__896__deblur__boundary_probe__nes__l1 calls=1021 margin 9.03->5.06 t=3.2s
[DONE] evaluation__896__deblur__counterfactual__nes__l1 calls=1021 margin 9.03->5.02 t=3.1s
[DONE] evaluation__3575__denoise__attack__nes__l0.5 calls=1021 margin 4.64->-3.07 t=3.2s
[DONE] evaluation__3575__denoise__restore__nes__l0.5 calls=1021 margin 4.64->5.14 t=3.0s
[DONE] evaluation__3575__denoise__random_walk__random_walk__l0.5 calls=1024 margin 4.64->4.50 t=4.1s
[DONE] evaluation__3575__denoise__confidence_boost__nes__l0.5 calls=1021 margin 4.64->10.80 t=3.1s
[DONE] evaluation__3575__denoise__boundary_probe__nes__l0.5 calls=1021 margin 4.64->0.01 t=3.2s
[DONE] evaluation__3575__denoise__counterfactual__nes__l0.5 calls=1021 margin 4.64->-3.22 t=2.9s
[DONE] evaluation__3575__deblur__attack__nes__l1 calls=1021 margin 7.36->-4.22 t=3.1s
[DONE] evaluation__3575__deblur__restore__nes__l1 calls=1021 margin 7.36->7.41 t=2.9s
[DONE] evaluation__3575__deblur__random_walk__random_walk__l1 calls=1024 margin 7.36->8.18 t=4.0s
[DONE] evaluation__3575__deblur__confidence_boost__nes__l1 calls=1021 margin 7.36->12.09 t=3.4s
[DONE] evaluation__3575__deblur__boundary_probe__nes__l1 calls=1021 margin 7.36->0.04 t=3.3s
[DONE] evaluation__3575__deblur__counterfactual__nes__l1 calls=1021 margin 7.36->-0.08 t=3.2s
[DONE] evaluation__5754__denoise__attack__nes__l0.5 calls=1021 margin 2.51->-2.49 t=3.1s
[DONE] evaluation__5754__denoise__restore__nes__l0.5 calls=1021 margin 2.51->2.43 t=2.7s
[DONE] evaluation__5754__denoise__random_walk__random_walk__l0.5 calls=1024 margin 2.51->2.46 t=4.3s
[DONE] evaluation__5754__denoise__confidence_boost__nes__l0.5 calls=1021 margin 2.51->6.97 t=3.3s
[DONE] evaluation__5754__denoise__boundary_probe__nes__l0.5 calls=1021 margin 2.51->0.00 t=3.1s
[DONE] evaluation__5754__denoise__counterfactual__nes__l0.5 calls=1021 margin 2.51->-2.26 t=3.2s
[DONE] evaluation__5754__deblur__attack__nes__l1 calls=1021 margin 4.77->0.81 t=3.3s
[DONE] evaluation__5754__deblur__restore__nes__l1 calls=1021 margin 4.77->4.56 t=3.1s
[DONE] evaluation__5754__deblur__random_walk__random_walk__l1 calls=1024 margin 4.77->3.99 t=4.1s
[DONE] evaluation__5754__deblur__confidence_boost__nes__l1 calls=1021 margin 4.77->8.51 t=3.0s
[DONE] evaluation__5754__deblur__boundary_probe__nes__l1 calls=1021 margin 4.77->0.45 t=3.1s
[DONE] evaluation__5754__deblur__counterfactual__nes__l1 calls=1021 margin 4.77->0.84 t=3.4s
[DONE] evaluation__983__denoise__attack__nes__l0.5 calls=1021 margin 5.69->-1.93 t=2.8s
[DONE] evaluation__983__denoise__restore__nes__l0.5 calls=1021 margin 5.69->5.35 t=2.7s
[DONE] evaluation__983__denoise__random_walk__random_walk__l0.5 calls=1024 margin 5.69->5.28 t=4.4s
[DONE] evaluation__983__denoise__confidence_boost__nes__l0.5 calls=1021 margin 5.69->10.98 t=3.1s
[DONE] evaluation__983__denoise__boundary_probe__nes__l0.5 calls=1021 margin 5.69->0.05 t=2.9s
[DONE] evaluation__983__denoise__counterfactual__nes__l0.5 calls=1021 margin 5.69->-1.93 t=2.9s
[DONE] evaluation__983__deblur__attack__nes__l1 calls=1021 margin 7.35->-1.62 t=3.2s
[DONE] evaluation__983__deblur__restore__nes__l1 calls=1021 margin 7.35->8.28 t=3.0s
[DONE] evaluation__983__deblur__random_walk__random_walk__l1 calls=1024 margin 7.35->8.63 t=4.2s
[DONE] evaluation__983__deblur__confidence_boost__nes__l1 calls=1021 margin 7.35->14.09 t=3.0s
[DONE] evaluation__983__deblur__boundary_probe__nes__l1 calls=1021 margin 7.35->0.01 t=3.1s
[DONE] evaluation__983__deblur__counterfactual__nes__l1 calls=1021 margin 7.35->-1.42 t=3.2s
[DONE] evaluation__2961__denoise__attack__nes__l0.5 calls=1021 margin 7.47->0.95 t=3.0s
[DONE] evaluation__2961__denoise__restore__nes__l0.5 calls=1021 margin 7.47->8.39 t=3.0s
[DONE] evaluation__2961__denoise__random_walk__random_walk__l0.5 calls=1024 margin 7.47->7.43 t=4.1s
[DONE] evaluation__2961__denoise__confidence_boost__nes__l0.5 calls=1021 margin 7.47->13.07 t=3.2s
[DONE] evaluation__2961__denoise__boundary_probe__nes__l0.5 calls=1021 margin 7.47->1.00 t=3.0s
[DONE] evaluation__2961__denoise__counterfactual__nes__l0.5 calls=1021 margin 7.47->-0.18 t=2.8s
[DONE] evaluation__2961__deblur__attack__nes__l1 calls=1021 margin 0.25->-5.88 t=3.2s
[DONE] evaluation__2961__deblur__restore__nes__l1 calls=1021 margin 0.25->0.19 t=3.2s
[DONE] evaluation__2961__deblur__random_walk__random_walk__l1 calls=1024 margin 0.25->4.61 t=4.2s
[DONE] evaluation__2961__deblur__confidence_boost__nes__l1 calls=1021 margin 0.25->9.14 t=3.0s
[DONE] evaluation__2961__deblur__boundary_probe__nes__l1 calls=1021 margin 0.25->0.01 t=2.9s
[DONE] evaluation__2961__deblur__counterfactual__nes__l1 calls=1021 margin 0.25->-6.41 t=2.9s
[DONE] evaluation__5888__denoise__attack__nes__l0.5 calls=1021 margin 3.35->-3.10 t=3.0s
[DONE] evaluation__5888__denoise__restore__nes__l0.5 calls=1021 margin 3.35->3.41 t=3.2s
[DONE] evaluation__5888__denoise__random_walk__random_walk__l0.5 calls=1024 margin 3.35->3.56 t=4.4s
[DONE] evaluation__5888__denoise__confidence_boost__nes__l0.5 calls=1021 margin 3.35->9.02 t=3.4s
[DONE] evaluation__5888__denoise__boundary_probe__nes__l0.5 calls=1021 margin 3.35->0.04 t=3.2s
[DONE] evaluation__5888__denoise__counterfactual__nes__l0.5 calls=1021 margin 3.35->-2.29 t=3.0s
[DONE] evaluation__5888__deblur__attack__nes__l1 calls=1021 margin 9.84->0.82 t=2.8s
[DONE] evaluation__5888__deblur__restore__nes__l1 calls=1021 margin 9.84->9.51 t=2.7s
[DONE] evaluation__5888__deblur__random_walk__random_walk__l1 calls=1024 margin 9.84->8.77 t=4.3s
[DONE] evaluation__5888__deblur__confidence_boost__nes__l1 calls=1021 margin 9.84->14.38 t=3.0s
[DONE] evaluation__5888__deblur__boundary_probe__nes__l1 calls=1021 margin 9.84->1.04 t=3.1s
[DONE] evaluation__5888__deblur__counterfactual__nes__l1 calls=1021 margin 9.84->-0.14 t=3.0s
[DONE] evaluation__8887__denoise__attack__nes__l0.5 calls=1021 margin 0.81->-4.66 t=2.9s
[DONE] evaluation__8887__denoise__restore__nes__l0.5 calls=1021 margin 0.81->1.29 t=2.9s
[DONE] evaluation__8887__denoise__random_walk__random_walk__l0.5 calls=1024 margin 0.81->0.45 t=4.1s
[DONE] evaluation__8887__denoise__confidence_boost__nes__l0.5 calls=1021 margin 0.81->5.98 t=3.2s
[DONE] evaluation__8887__denoise__boundary_probe__nes__l0.5 calls=1021 margin 0.81->0.00 t=3.3s
[DONE] evaluation__8887__denoise__counterfactual__nes__l0.5 calls=1021 margin 0.81->-4.82 t=3.3s
[DONE] evaluation__8887__deblur__attack__nes__l1 calls=1021 margin 6.01->-4.00 t=3.0s
[DONE] evaluation__8887__deblur__restore__nes__l1 calls=1021 margin 6.01->5.62 t=3.0s
[DONE] evaluation__8887__deblur__random_walk__random_walk__l1 calls=1024 margin 6.01->6.96 t=4.0s
[DONE] evaluation__8887__deblur__confidence_boost__nes__l1 calls=1021 margin 6.01->13.48 t=2.7s
[DONE] evaluation__8887__deblur__boundary_probe__nes__l1 calls=1021 margin 6.01->0.01 t=2.9s
[DONE] evaluation__8887__deblur__counterfactual__nes__l1 calls=1021 margin 6.01->-4.95 t=3.2s
[DONE] evaluation__4777__denoise__attack__nes__l0.5 calls=1021 margin 6.01->2.12 t=3.2s
[DONE] evaluation__4777__denoise__restore__nes__l0.5 calls=1021 margin 6.01->6.46 t=3.0s
[DONE] evaluation__4777__denoise__random_walk__random_walk__l0.5 calls=1024 margin 6.01->5.54 t=4.1s
[DONE] evaluation__4777__denoise__confidence_boost__nes__l0.5 calls=1021 margin 6.01->8.85 t=2.9s
[DONE] evaluation__4777__denoise__boundary_probe__nes__l0.5 calls=1021 margin 6.01->2.31 t=3.1s
[DONE] evaluation__4777__denoise__counterfactual__nes__l0.5 calls=1021 margin 6.01->2.54 t=3.2s
[DONE] evaluation__4777__deblur__attack__nes__l1 calls=1021 margin 8.83->5.70 t=3.2s
[DONE] evaluation__4777__deblur__restore__nes__l1 calls=1021 margin 8.83->9.27 t=2.9s
[DONE] evaluation__4777__deblur__random_walk__random_walk__l1 calls=1024 margin 8.83->8.57 t=4.2s
[DONE] evaluation__4777__deblur__confidence_boost__nes__l1 calls=1021 margin 8.83->11.62 t=3.1s
[DONE] evaluation__4777__deblur__boundary_probe__nes__l1 calls=1021 margin 8.83->5.71 t=3.3s
[DONE] evaluation__4777__deblur__counterfactual__nes__l1 calls=1021 margin 8.83->5.70 t=3.1s
[DONE] evaluation__5820__denoise__attack__nes__l0.5 calls=1021 margin 2.61->-4.86 t=3.1s
[DONE] evaluation__5820__denoise__restore__nes__l0.5 calls=1021 margin 2.61->3.05 t=3.0s
[DONE] evaluation__5820__denoise__random_walk__random_walk__l0.5 calls=1024 margin 2.61->0.82 t=4.3s
[DONE] evaluation__5820__denoise__confidence_boost__nes__l0.5 calls=1021 margin 2.61->8.07 t=3.3s
[DONE] evaluation__5820__denoise__boundary_probe__nes__l0.5 calls=1021 margin 2.61->0.02 t=3.2s
[DONE] evaluation__5820__denoise__counterfactual__nes__l0.5 calls=1021 margin 2.61->-4.97 t=3.2s
[DONE] evaluation__5820__deblur__attack__nes__l1 calls=1021 margin 8.64->-0.16 t=3.1s
[DONE] evaluation__5820__deblur__restore__nes__l1 calls=1021 margin 8.64->8.88 t=3.2s
[DONE] evaluation__5820__deblur__random_walk__random_walk__l1 calls=1024 margin 8.64->8.66 t=4.0s
[DONE] evaluation__5820__deblur__confidence_boost__nes__l1 calls=1021 margin 8.64->13.85 t=3.0s
[DONE] evaluation__5820__deblur__boundary_probe__nes__l1 calls=1021 margin 8.64->0.05 t=3.4s
[DONE] evaluation__5820__deblur__counterfactual__nes__l1 calls=1021 margin 8.64->-0.51 t=3.2s
[DONE] evaluation__9261__denoise__attack__nes__l0.5 calls=1021 margin 2.38->-3.09 t=3.1s
[DONE] evaluation__9261__denoise__restore__nes__l0.5 calls=1021 margin 2.38->3.47 t=3.1s
[DONE] evaluation__9261__denoise__random_walk__random_walk__l0.5 calls=1024 margin 2.38->2.33 t=4.4s
[DONE] evaluation__9261__denoise__confidence_boost__nes__l0.5 calls=1021 margin 2.38->7.84 t=3.1s
[DONE] evaluation__9261__denoise__boundary_probe__nes__l0.5 calls=1021 margin 2.38->0.01 t=3.1s
[DONE] evaluation__9261__denoise__counterfactual__nes__l0.5 calls=1021 margin 2.38->-2.38 t=3.3s
[DONE] evaluation__9261__deblur__attack__nes__l1 calls=1021 margin 8.98->5.98 t=3.3s
[DONE] evaluation__9261__deblur__restore__nes__l1 calls=1021 margin 8.98->10.03 t=3.1s
[DONE] evaluation__9261__deblur__random_walk__random_walk__l1 calls=1024 margin 8.98->12.64 t=4.4s
[DONE] evaluation__9261__deblur__confidence_boost__nes__l1 calls=1021 margin 8.98->14.31 t=3.1s
[DONE] evaluation__9261__deblur__boundary_probe__nes__l1 calls=1021 margin 8.98->5.50 t=3.3s
[DONE] evaluation__9261__deblur__counterfactual__nes__l1 calls=1021 margin 8.98->5.69 t=3.2s
[DONE] evaluation__1667__denoise__attack__nes__l0.5 calls=1021 margin 5.71->0.01 t=3.0s
[DONE] evaluation__1667__denoise__restore__nes__l0.5 calls=1021 margin 5.71->5.69 t=3.2s
[DONE] evaluation__1667__denoise__random_walk__random_walk__l0.5 calls=1024 margin 5.71->5.70 t=4.4s
[DONE] evaluation__1667__denoise__confidence_boost__nes__l0.5 calls=1021 margin 5.71->10.37 t=3.1s
[DONE] evaluation__1667__denoise__boundary_probe__nes__l0.5 calls=1021 margin 5.71->0.57 t=3.1s
[DONE] evaluation__1667__denoise__counterfactual__nes__l0.5 calls=1021 margin 5.71->0.03 t=3.2s
[DONE] evaluation__1667__deblur__attack__nes__l1 calls=1021 margin 3.62->-7.20 t=3.2s
[DONE] evaluation__1667__deblur__restore__nes__l1 calls=1021 margin 3.62->5.30 t=3.4s
[DONE] evaluation__1667__deblur__random_walk__random_walk__l1 calls=1024 margin 3.62->3.52 t=4.1s
[DONE] evaluation__1667__deblur__confidence_boost__nes__l1 calls=1021 margin 3.62->12.59 t=3.3s
[DONE] evaluation__1667__deblur__boundary_probe__nes__l1 calls=1021 margin 3.62->0.01 t=3.5s
[DONE] evaluation__1667__deblur__counterfactual__nes__l1 calls=1021 margin 3.62->-7.01 t=3.1s
[DONE] evaluation__4650__denoise__attack__nes__l0.5 calls=1021 margin 4.99->-1.69 t=2.9s
[DONE] evaluation__4650__denoise__restore__nes__l0.5 calls=1021 margin 4.99->4.56 t=3.2s
[DONE] evaluation__4650__denoise__random_walk__random_walk__l0.5 calls=1024 margin 4.99->5.32 t=4.4s
[DONE] evaluation__4650__denoise__confidence_boost__nes__l0.5 calls=1021 margin 4.99->11.12 t=3.3s
[DONE] evaluation__4650__denoise__boundary_probe__nes__l0.5 calls=1021 margin 4.99->0.01 t=3.1s
[DONE] evaluation__4650__denoise__counterfactual__nes__l0.5 calls=1021 margin 4.99->-1.39 t=3.1s
[DONE] evaluation__4650__deblur__attack__nes__l1 calls=1021 margin 1.39->-6.59 t=3.1s
[DONE] evaluation__4650__deblur__restore__nes__l1 calls=1021 margin 1.39->2.73 t=2.9s
[DONE] evaluation__4650__deblur__random_walk__random_walk__l1 calls=1024 margin 1.39->3.67 t=4.1s
[DONE] evaluation__4650__deblur__confidence_boost__nes__l1 calls=1021 margin 1.39->10.80 t=3.4s
[DONE] evaluation__4650__deblur__boundary_probe__nes__l1 calls=1021 margin 1.39->0.00 t=3.0s
[DONE] evaluation__4650__deblur__counterfactual__nes__l1 calls=1021 margin 1.39->-6.08 t=3.0s
[DONE] evaluation__7290__denoise__attack__nes__l0.5 calls=1021 margin 11.18->6.70 t=3.1s
[DONE] evaluation__7290__denoise__restore__nes__l0.5 calls=1021 margin 11.18->11.73 t=3.0s
[DONE] evaluation__7290__denoise__random_walk__random_walk__l0.5 calls=1024 margin 11.18->11.60 t=4.2s
[DONE] evaluation__7290__denoise__confidence_boost__nes__l0.5 calls=1021 margin 11.18->13.70 t=3.1s
[DONE] evaluation__7290__denoise__boundary_probe__nes__l0.5 calls=1021 margin 11.18->7.01 t=2.7s
[DONE] evaluation__7290__denoise__counterfactual__nes__l0.5 calls=1021 margin 11.18->7.26 t=3.0s
[DONE] evaluation__7290__deblur__attack__nes__l1 calls=1021 margin 15.34->15.34 t=3.3s
[DONE] evaluation__7290__deblur__restore__nes__l1 calls=1021 margin 15.34->15.53 t=3.2s
[DONE] evaluation__7290__deblur__random_walk__random_walk__l1 calls=1024 margin 15.34->16.86 t=4.0s
[DONE] evaluation__7290__deblur__confidence_boost__nes__l1 calls=1021 margin 15.34->15.50 t=3.0s
[DONE] evaluation__7290__deblur__boundary_probe__nes__l1 calls=1021 margin 15.34->10.09 t=3.1s
[DONE] evaluation__7290__deblur__counterfactual__nes__l1 calls=1021 margin 15.34->9.99 t=3.2s
[DONE] evaluation__571__denoise__attack__nes__l0.5 calls=1021 margin 2.40->-5.28 t=3.4s
[DONE] evaluation__571__denoise__restore__nes__l0.5 calls=1021 margin 2.40->2.39 t=3.0s
[DONE] evaluation__571__denoise__random_walk__random_walk__l0.5 calls=1024 margin 2.40->2.91 t=4.3s
[DONE] evaluation__571__denoise__confidence_boost__nes__l0.5 calls=1021 margin 2.40->7.44 t=2.9s
[DONE] evaluation__571__denoise__boundary_probe__nes__l0.5 calls=1021 margin 2.40->0.02 t=3.5s
[DONE] evaluation__571__denoise__counterfactual__nes__l0.5 calls=1021 margin 2.40->-5.20 t=2.9s
[DONE] evaluation__571__deblur__attack__nes__l1 calls=1021 margin 9.22->2.76 t=3.0s
[DONE] evaluation__571__deblur__restore__nes__l1 calls=1021 margin 9.22->9.06 t=3.1s
[DONE] evaluation__571__deblur__random_walk__random_walk__l1 calls=1024 margin 9.22->7.65 t=4.2s
[DONE] evaluation__571__deblur__confidence_boost__nes__l1 calls=1021 margin 9.22->11.88 t=3.3s
[DONE] evaluation__571__deblur__boundary_probe__nes__l1 calls=1021 margin 9.22->2.47 t=3.0s
[DONE] evaluation__571__deblur__counterfactual__nes__l1 calls=1021 margin 9.22->2.58 t=2.8s
[DONE] evaluation__4289__denoise__attack__nes__l0.5 calls=1021 margin 1.12->-7.25 t=3.0s
[DONE] evaluation__4289__denoise__restore__nes__l0.5 calls=1021 margin 1.12->0.22 t=3.1s
[DONE] evaluation__4289__denoise__random_walk__random_walk__l0.5 calls=1024 margin 1.12->-0.90 t=4.0s
[DONE] evaluation__4289__denoise__confidence_boost__nes__l0.5 calls=1021 margin 1.12->7.92 t=3.1s
[DONE] evaluation__4289__denoise__boundary_probe__nes__l0.5 calls=1021 margin 1.12->0.01 t=3.1s
[DONE] evaluation__4289__denoise__counterfactual__nes__l0.5 calls=1021 margin 1.12->-6.64 t=3.1s
[DONE] evaluation__4289__deblur__attack__nes__l1 calls=1021 margin 6.48->-0.96 t=3.2s
[DONE] evaluation__4289__deblur__restore__nes__l1 calls=1021 margin 6.48->6.02 t=3.2s
[DONE] evaluation__4289__deblur__random_walk__random_walk__l1 calls=1024 margin 6.48->5.82 t=4.1s
[DONE] evaluation__4289__deblur__confidence_boost__nes__l1 calls=1021 margin 6.48->11.09 t=3.1s
[DONE] evaluation__4289__deblur__boundary_probe__nes__l1 calls=1021 margin 6.48->0.07 t=3.3s
[DONE] evaluation__4289__deblur__counterfactual__nes__l1 calls=1021 margin 6.48->-2.81 t=3.2s
[DONE] evaluation__7078__denoise__attack__nes__l0.5 calls=1021 margin 4.68->-1.13 t=2.9s
[DONE] evaluation__7078__denoise__restore__nes__l0.5 calls=1021 margin 4.68->4.34 t=3.1s
[DONE] evaluation__7078__denoise__random_walk__random_walk__l0.5 calls=1024 margin 4.68->3.89 t=4.1s
[DONE] evaluation__7078__denoise__confidence_boost__nes__l0.5 calls=1021 margin 4.68->8.94 t=2.9s
[DONE] evaluation__7078__denoise__boundary_probe__nes__l0.5 calls=1021 margin 4.68->0.00 t=3.2s
[DONE] evaluation__7078__denoise__counterfactual__nes__l0.5 calls=1021 margin 4.68->-1.67 t=3.1s
[DONE] evaluation__7078__deblur__attack__nes__l1 calls=1021 margin 4.21->-6.64 t=3.0s
[DONE] evaluation__7078__deblur__restore__nes__l1 calls=1021 margin 4.21->3.73 t=3.2s
[DONE] evaluation__7078__deblur__random_walk__random_walk__l1 calls=1024 margin 4.21->2.96 t=3.9s
[DONE] evaluation__7078__deblur__confidence_boost__nes__l1 calls=1021 margin 4.21->8.56 t=3.2s
[DONE] evaluation__7078__deblur__boundary_probe__nes__l1 calls=1021 margin 4.21->0.06 t=3.4s
[DONE] evaluation__7078__deblur__counterfactual__nes__l1 calls=1021 margin 4.21->-5.96 t=3.1s
[DONE] evaluation__9259__denoise__attack__nes__l0.5 calls=1021 margin 6.28->0.41 t=3.6s
[DONE] evaluation__9259__denoise__restore__nes__l0.5 calls=1021 margin 6.28->6.21 t=3.1s
[DONE] evaluation__9259__denoise__random_walk__random_walk__l0.5 calls=1024 margin 6.28->4.49 t=4.2s
[DONE] evaluation__9259__denoise__confidence_boost__nes__l0.5 calls=1021 margin 6.28->9.19 t=3.2s
[DONE] evaluation__9259__denoise__boundary_probe__nes__l0.5 calls=1021 margin 6.28->0.67 t=3.1s
[DONE] evaluation__9259__denoise__counterfactual__nes__l0.5 calls=1021 margin 6.28->0.61 t=3.1s
[DONE] evaluation__9259__deblur__attack__nes__l1 calls=1021 margin 9.34->6.31 t=3.1s
[DONE] evaluation__9259__deblur__restore__nes__l1 calls=1021 margin 9.34->9.25 t=2.9s
[DONE] evaluation__9259__deblur__random_walk__random_walk__l1 calls=1024 margin 9.34->7.72 t=4.2s
[DONE] evaluation__9259__deblur__confidence_boost__nes__l1 calls=1021 margin 9.34->11.25 t=3.1s
[DONE] evaluation__9259__deblur__boundary_probe__nes__l1 calls=1021 margin 9.34->6.38 t=3.2s
[DONE] evaluation__9259__deblur__counterfactual__nes__l1 calls=1021 margin 9.34->5.60 t=2.8s
[DONE] evaluation__3630__denoise__attack__nes__l0.5 calls=1021 margin 0.24->-5.44 t=2.7s
[DONE] evaluation__3630__denoise__restore__nes__l0.5 calls=1021 margin 0.24->0.10 t=3.1s
[DONE] evaluation__3630__denoise__random_walk__random_walk__l0.5 calls=1024 margin 0.24->-0.11 t=4.2s
[DONE] evaluation__3630__denoise__confidence_boost__nes__l0.5 calls=1021 margin 0.24->5.85 t=3.0s
[DONE] evaluation__3630__denoise__boundary_probe__nes__l0.5 calls=1021 margin 0.24->0.03 t=2.9s
[DONE] evaluation__3630__denoise__counterfactual__nes__l0.5 calls=1021 margin 0.24->-5.41 t=3.1s
[DONE] evaluation__3630__deblur__attack__nes__l1 calls=1021 margin 12.54->5.31 t=3.1s
[DONE] evaluation__3630__deblur__restore__nes__l1 calls=1021 margin 12.54->12.53 t=3.1s
[DONE] evaluation__3630__deblur__random_walk__random_walk__l1 calls=1024 margin 12.54->10.34 t=4.5s
[DONE] evaluation__3630__deblur__confidence_boost__nes__l1 calls=1021 margin 12.54->14.33 t=3.1s
[DONE] evaluation__3630__deblur__boundary_probe__nes__l1 calls=1021 margin 12.54->5.20 t=3.1s
[DONE] evaluation__3630__deblur__counterfactual__nes__l1 calls=1021 margin 12.54->5.44 t=2.9s
[DONE] evaluation__6141__denoise__attack__nes__l0.5 calls=1021 margin 1.56->-4.78 t=3.1s
[DONE] evaluation__6141__denoise__restore__nes__l0.5 calls=1021 margin 1.56->1.81 t=3.0s
[DONE] evaluation__6141__denoise__random_walk__random_walk__l0.5 calls=1024 margin 1.56->-0.62 t=4.1s
[DONE] evaluation__6141__denoise__confidence_boost__nes__l0.5 calls=1021 margin 1.56->6.61 t=2.9s
[DONE] evaluation__6141__denoise__boundary_probe__nes__l0.5 calls=1021 margin 1.56->0.00 t=3.0s
[DONE] evaluation__6141__denoise__counterfactual__nes__l0.5 calls=1021 margin 1.56->-4.72 t=3.1s
[DONE] evaluation__6141__deblur__attack__nes__l1 calls=1021 margin 11.40->6.60 t=2.8s
[DONE] evaluation__6141__deblur__restore__nes__l1 calls=1021 margin 11.40->12.08 t=2.9s
[DONE] evaluation__6141__deblur__random_walk__random_walk__l1 calls=1024 margin 11.40->11.25 t=4.2s
[DONE] evaluation__6141__deblur__confidence_boost__nes__l1 calls=1021 margin 11.40->13.80 t=3.1s
[DONE] evaluation__6141__deblur__boundary_probe__nes__l1 calls=1021 margin 11.40->6.31 t=3.1s
[DONE] evaluation__6141__deblur__counterfactual__nes__l1 calls=1021 margin 11.40->6.53 t=3.0s
[DONE] evaluation__8969__denoise__attack__nes__l0.5 calls=1021 margin 3.44->-3.45 t=2.9s
[DONE] evaluation__8969__denoise__restore__nes__l0.5 calls=1021 margin 3.44->3.19 t=3.0s
[DONE] evaluation__8969__denoise__random_walk__random_walk__l0.5 calls=1024 margin 3.44->0.95 t=4.2s
[DONE] evaluation__8969__denoise__confidence_boost__nes__l0.5 calls=1021 margin 3.44->8.16 t=2.9s
[DONE] evaluation__8969__denoise__boundary_probe__nes__l0.5 calls=1021 margin 3.44->0.03 t=3.1s
[DONE] evaluation__8969__denoise__counterfactual__nes__l0.5 calls=1021 margin 3.44->-2.32 t=2.9s
[DONE] evaluation__8969__deblur__attack__nes__l1 calls=1021 margin 11.08->-0.89 t=2.8s
[DONE] evaluation__8969__deblur__restore__nes__l1 calls=1021 margin 11.08->11.82 t=3.0s
[DONE] evaluation__8969__deblur__random_walk__random_walk__l1 calls=1024 margin 11.08->7.95 t=4.3s
[DONE] evaluation__8969__deblur__confidence_boost__nes__l1 calls=1021 margin 11.08->15.35 t=3.2s
[DONE] evaluation__8969__deblur__boundary_probe__nes__l1 calls=1021 margin 11.08->0.05 t=3.2s
[DONE] evaluation__8969__deblur__counterfactual__nes__l1 calls=1021 margin 11.08->-1.41 t=3.0s
[DONE] evaluation__1231__denoise__attack__nes__l0.5 calls=1021 margin 5.23->1.63 t=3.1s
[DONE] evaluation__1231__denoise__restore__nes__l0.5 calls=1021 margin 5.23->5.46 t=3.0s
[DONE] evaluation__1231__denoise__random_walk__random_walk__l0.5 calls=1024 margin 5.23->5.38 t=4.2s
[DONE] evaluation__1231__denoise__confidence_boost__nes__l0.5 calls=1021 margin 5.23->8.00 t=2.8s
[DONE] evaluation__1231__denoise__boundary_probe__nes__l0.5 calls=1021 margin 5.23->1.99 t=3.4s
[DONE] evaluation__1231__denoise__counterfactual__nes__l0.5 calls=1021 margin 5.23->1.88 t=3.1s
[DONE] evaluation__1231__deblur__attack__nes__l1 calls=1021 margin 7.89->1.83 t=3.2s
[DONE] evaluation__1231__deblur__restore__nes__l1 calls=1021 margin 7.89->7.75 t=3.0s
[DONE] evaluation__1231__deblur__random_walk__random_walk__l1 calls=1024 margin 7.89->7.66 t=4.4s
[DONE] evaluation__1231__deblur__confidence_boost__nes__l1 calls=1021 margin 7.89->10.92 t=3.5s
[DONE] evaluation__1231__deblur__boundary_probe__nes__l1 calls=1021 margin 7.89->1.25 t=3.4s
[DONE] evaluation__1231__deblur__counterfactual__nes__l1 calls=1021 margin 7.89->1.59 t=3.5s
[DONE] evaluation__3747__denoise__attack__nes__l0.5 calls=1021 margin 0.86->-5.32 t=3.1s
[DONE] evaluation__3747__denoise__restore__nes__l0.5 calls=1021 margin 0.86->1.15 t=3.2s
[DONE] evaluation__3747__denoise__random_walk__random_walk__l0.5 calls=1024 margin 0.86->0.48 t=4.3s
[DONE] evaluation__3747__denoise__confidence_boost__nes__l0.5 calls=1021 margin 0.86->5.73 t=3.1s
[DONE] evaluation__3747__denoise__boundary_probe__nes__l0.5 calls=1021 margin 0.86->0.01 t=2.9s
[DONE] evaluation__3747__denoise__counterfactual__nes__l0.5 calls=1021 margin 0.86->-4.81 t=3.1s
[DONE] evaluation__3747__deblur__attack__nes__l1 calls=1021 margin 6.68->-2.67 t=3.2s
[DONE] evaluation__3747__deblur__restore__nes__l1 calls=1021 margin 6.68->7.15 t=3.4s
[DONE] evaluation__3747__deblur__random_walk__random_walk__l1 calls=1024 margin 6.68->7.64 t=4.4s
[DONE] evaluation__3747__deblur__confidence_boost__nes__l1 calls=1021 margin 6.68->10.59 t=3.0s
[DONE] evaluation__3747__deblur__boundary_probe__nes__l1 calls=1021 margin 6.68->0.02 t=3.2s
[DONE] evaluation__3747__deblur__counterfactual__nes__l1 calls=1021 margin 6.68->-2.81 t=2.9s
[DONE] evaluation__8332__denoise__attack__nes__l0.5 calls=1021 margin 0.57->-5.56 t=2.8s
[DONE] evaluation__8332__denoise__restore__nes__l0.5 calls=1021 margin 0.57->1.49 t=3.3s
[DONE] evaluation__8332__denoise__random_walk__random_walk__l0.5 calls=1024 margin 0.57->-0.63 t=4.0s
[DONE] evaluation__8332__denoise__confidence_boost__nes__l0.5 calls=1021 margin 0.57->6.66 t=3.0s
[DONE] evaluation__8332__denoise__boundary_probe__nes__l0.5 calls=1021 margin 0.57->0.00 t=2.9s
[DONE] evaluation__8332__denoise__counterfactual__nes__l0.5 calls=1021 margin 0.57->-5.66 t=2.8s
[DONE] evaluation__8332__deblur__attack__nes__l1 calls=1021 margin 4.24->-5.92 t=3.0s
[DONE] evaluation__8332__deblur__restore__nes__l1 calls=1021 margin 4.24->4.59 t=2.9s
[DONE] evaluation__8332__deblur__random_walk__random_walk__l1 calls=1024 margin 4.24->1.28 t=4.6s
[DONE] evaluation__8332__deblur__confidence_boost__nes__l1 calls=1021 margin 4.24->10.47 t=3.3s
[DONE] evaluation__8332__deblur__boundary_probe__nes__l1 calls=1021 margin 4.24->0.06 t=2.9s
[DONE] evaluation__8332__deblur__counterfactual__nes__l1 calls=1021 margin 4.24->-6.53 t=3.2s
[DONE] fit__560__denoise__attack__nes__l0.5 calls=1021 margin 0.58->-4.69 t=3.2s
[DONE] fit__560__denoise__restore__nes__l0.5 calls=1021 margin 0.58->1.02 t=2.9s
[DONE] fit__560__denoise__random_walk__random_walk__l0.5 calls=1024 margin 0.58->-0.03 t=4.3s
[DONE] fit__560__denoise__confidence_boost__nes__l0.5 calls=1021 margin 0.58->5.35 t=3.3s
[DONE] fit__560__denoise__boundary_probe__nes__l0.5 calls=1021 margin 0.58->0.01 t=3.0s
[DONE] fit__560__denoise__counterfactual__nes__l0.5 calls=1021 margin 0.58->-4.89 t=3.0s
[DONE] fit__560__deblur__attack__nes__l1 calls=1021 margin 7.60->1.08 t=3.0s
[DONE] fit__560__deblur__restore__nes__l1 calls=1021 margin 7.60->8.02 t=3.2s
[DONE] fit__560__deblur__random_walk__random_walk__l1 calls=1024 margin 7.60->7.39 t=4.5s
[DONE] fit__560__deblur__confidence_boost__nes__l1 calls=1021 margin 7.60->11.59 t=3.0s
[DONE] fit__560__deblur__boundary_probe__nes__l1 calls=1021 margin 7.60->0.29 t=3.1s
[DONE] fit__560__deblur__counterfactual__nes__l1 calls=1021 margin 7.60->1.22 t=3.0s
[DONE] fit__8769__denoise__attack__nes__l0.5 calls=1021 margin 3.14->-2.31 t=2.8s
[DONE] fit__8769__denoise__restore__nes__l0.5 calls=1021 margin 3.14->3.13 t=3.1s
[DONE] fit__8769__denoise__random_walk__random_walk__l0.5 calls=1024 margin 3.14->3.00 t=4.4s
[DONE] fit__8769__denoise__confidence_boost__nes__l0.5 calls=1021 margin 3.14->6.66 t=3.0s
[DONE] fit__8769__denoise__boundary_probe__nes__l0.5 calls=1021 margin 3.14->0.02 t=2.9s
[DONE] fit__8769__denoise__counterfactual__nes__l0.5 calls=1021 margin 3.14->-1.22 t=3.1s
[DONE] fit__8769__deblur__attack__nes__l1 calls=1021 margin 6.91->-7.15 t=3.0s
[DONE] fit__8769__deblur__restore__nes__l1 calls=1021 margin 6.91->6.61 t=3.2s
[DONE] fit__8769__deblur__random_walk__random_walk__l1 calls=1024 margin 6.91->3.87 t=4.5s
[DONE] fit__8769__deblur__confidence_boost__nes__l1 calls=1021 margin 6.91->12.74 t=3.2s
[DONE] fit__8769__deblur__boundary_probe__nes__l1 calls=1021 margin 6.91->0.03 t=3.0s
[DONE] fit__8769__deblur__counterfactual__nes__l1 calls=1021 margin 6.91->-6.18 t=3.0s
[DONE] fit__4736__denoise__attack__nes__l0.5 calls=1021 margin 3.45->-3.01 t=2.9s
[DONE] fit__4736__denoise__restore__nes__l0.5 calls=1021 margin 3.45->3.19 t=3.1s
[DONE] fit__4736__denoise__random_walk__random_walk__l0.5 calls=1024 margin 3.45->4.31 t=4.4s
[DONE] fit__4736__denoise__confidence_boost__nes__l0.5 calls=1021 margin 3.45->8.47 t=3.2s
[DONE] fit__4736__denoise__boundary_probe__nes__l0.5 calls=1021 margin 3.45->0.01 t=3.2s
[DONE] fit__4736__denoise__counterfactual__nes__l0.5 calls=1021 margin 3.45->-3.10 t=3.1s
[DONE] fit__4736__deblur__attack__nes__l1 calls=1021 margin 9.42->5.53 t=3.2s
[DONE] fit__4736__deblur__restore__nes__l1 calls=1021 margin 9.42->9.80 t=3.2s
[DONE] fit__4736__deblur__random_walk__random_walk__l1 calls=1024 margin 9.42->8.83 t=4.6s
[DONE] fit__4736__deblur__confidence_boost__nes__l1 calls=1021 margin 9.42->10.93 t=3.1s
[DONE] fit__4736__deblur__boundary_probe__nes__l1 calls=1021 margin 9.42->5.54 t=3.2s
[DONE] fit__4736__deblur__counterfactual__nes__l1 calls=1021 margin 9.42->4.97 t=3.1s
[DONE] fit__9663__denoise__attack__nes__l0.5 calls=1021 margin 5.67->-3.70 t=3.0s
[DONE] fit__9663__denoise__restore__nes__l0.5 calls=1021 margin 5.67->4.65 t=3.1s
[DONE] fit__9663__denoise__random_walk__random_walk__l0.5 calls=1024 margin 5.67->4.61 t=4.3s
[DONE] fit__9663__denoise__confidence_boost__nes__l0.5 calls=1021 margin 5.67->9.86 t=3.1s
[DONE] fit__9663__denoise__boundary_probe__nes__l0.5 calls=1021 margin 5.67->0.03 t=3.0s
[DONE] fit__9663__denoise__counterfactual__nes__l0.5 calls=1021 margin 5.67->-3.14 t=3.1s
[DONE] fit__9663__deblur__attack__nes__l1 calls=1021 margin 10.27->7.24 t=3.0s
[DONE] fit__9663__deblur__restore__nes__l1 calls=1021 margin 10.27->10.39 t=3.1s
[DONE] fit__9663__deblur__random_walk__random_walk__l1 calls=1024 margin 10.27->8.37 t=4.5s
[DONE] fit__9663__deblur__confidence_boost__nes__l1 calls=1021 margin 10.27->12.05 t=3.1s
[DONE] fit__9663__deblur__boundary_probe__nes__l1 calls=1021 margin 10.27->6.51 t=3.0s
[DONE] fit__9663__deblur__counterfactual__nes__l1 calls=1021 margin 10.27->6.97 t=3.0s
[DONE] fit__5265__denoise__attack__nes__l0.5 calls=1021 margin 7.05->1.27 t=2.7s
[DONE] fit__5265__denoise__restore__nes__l0.5 calls=1021 margin 7.05->7.15 t=2.9s
[DONE] fit__5265__denoise__random_walk__random_walk__l0.5 calls=1024 margin 7.05->7.46 t=4.4s
[DONE] fit__5265__denoise__confidence_boost__nes__l0.5 calls=1021 margin 7.05->11.36 t=3.1s
[DONE] fit__5265__denoise__boundary_probe__nes__l0.5 calls=1021 margin 7.05->0.86 t=3.1s
[DONE] fit__5265__denoise__counterfactual__nes__l0.5 calls=1021 margin 7.05->0.35 t=3.1s
[DONE] fit__5265__deblur__attack__nes__l1 calls=1021 margin 4.86->-4.55 t=3.4s
[DONE] fit__5265__deblur__restore__nes__l1 calls=1021 margin 4.86->5.21 t=3.4s
[DONE] fit__5265__deblur__random_walk__random_walk__l1 calls=1024 margin 4.86->4.50 t=4.4s
[DONE] fit__5265__deblur__confidence_boost__nes__l1 calls=1021 margin 4.86->10.69 t=3.1s
[DONE] fit__5265__deblur__boundary_probe__nes__l1 calls=1021 margin 4.86->0.01 t=3.0s
[DONE] fit__5265__deblur__counterfactual__nes__l1 calls=1021 margin 4.86->-4.30 t=3.3s
[DONE] fit__1275__denoise__attack__nes__l0.5 calls=1021 margin 0.91->-5.52 t=2.9s
[DONE] fit__1275__denoise__restore__nes__l0.5 calls=1021 margin 0.91->1.41 t=3.1s
[DONE] fit__1275__denoise__random_walk__random_walk__l0.5 calls=1024 margin 0.91->0.56 t=4.4s
[DONE] fit__1275__denoise__confidence_boost__nes__l0.5 calls=1021 margin 0.91->7.97 t=2.9s
[DONE] fit__1275__denoise__boundary_probe__nes__l0.5 calls=1021 margin 0.91->0.03 t=3.0s
[DONE] fit__1275__denoise__counterfactual__nes__l0.5 calls=1021 margin 0.91->-6.50 t=3.1s
[DONE] fit__1275__deblur__attack__nes__l1 calls=1021 margin 2.93->-1.62 t=3.0s
[DONE] fit__1275__deblur__restore__nes__l1 calls=1021 margin 2.93->3.28 t=3.3s
[DONE] fit__1275__deblur__random_walk__random_walk__l1 calls=1024 margin 2.93->6.22 t=4.4s
[DONE] fit__1275__deblur__confidence_boost__nes__l1 calls=1021 margin 2.93->8.02 t=3.1s
[DONE] fit__1275__deblur__boundary_probe__nes__l1 calls=1021 margin 2.93->0.02 t=3.1s
[DONE] fit__1275__deblur__counterfactual__nes__l1 calls=1021 margin 2.93->-1.09 t=3.1s
[DONE] fit__7275__denoise__attack__nes__l0.5 calls=1021 margin 4.55->0.21 t=3.2s
[DONE] fit__7275__denoise__restore__nes__l0.5 calls=1021 margin 4.55->4.45 t=3.3s
[DONE] fit__7275__denoise__random_walk__random_walk__l0.5 calls=1024 margin 4.55->3.67 t=4.4s
[DONE] fit__7275__denoise__confidence_boost__nes__l0.5 calls=1021 margin 4.55->8.26 t=3.2s
[DONE] fit__7275__denoise__boundary_probe__nes__l0.5 calls=1021 margin 4.55->0.07 t=3.3s
[DONE] fit__7275__denoise__counterfactual__nes__l0.5 calls=1021 margin 4.55->-0.21 t=3.0s
[DONE] fit__7275__deblur__attack__nes__l1 calls=1021 margin 3.03->-2.91 t=3.2s
[DONE] fit__7275__deblur__restore__nes__l1 calls=1021 margin 3.03->3.23 t=3.3s
[DONE] fit__7275__deblur__random_walk__random_walk__l1 calls=1024 margin 3.03->5.24 t=4.1s
[DONE] fit__7275__deblur__confidence_boost__nes__l1 calls=1021 margin 3.03->9.61 t=3.0s
[DONE] fit__7275__deblur__boundary_probe__nes__l1 calls=1021 margin 3.03->0.01 t=3.0s
[DONE] fit__7275__deblur__counterfactual__nes__l1 calls=1021 margin 3.03->-2.72 t=3.3s
[DONE] fit__3780__denoise__attack__nes__l0.5 calls=1021 margin 1.01->-7.17 t=3.0s
[DONE] fit__3780__denoise__restore__nes__l0.5 calls=1021 margin 1.01->1.00 t=3.3s
[DONE] fit__3780__denoise__random_walk__random_walk__l0.5 calls=1024 margin 1.01->2.04 t=4.2s
[DONE] fit__3780__denoise__confidence_boost__nes__l0.5 calls=1021 margin 1.01->8.94 t=2.7s
[DONE] fit__3780__denoise__boundary_probe__nes__l0.5 calls=1021 margin 1.01->0.00 t=2.8s
[DONE] fit__3780__denoise__counterfactual__nes__l0.5 calls=1021 margin 1.01->-6.92 t=3.0s
[DONE] fit__3780__deblur__attack__nes__l1 calls=1021 margin 1.89->-7.33 t=2.9s
[DONE] fit__3780__deblur__restore__nes__l1 calls=1021 margin 1.89->4.58 t=3.1s
[DONE] fit__3780__deblur__random_walk__random_walk__l1 calls=1024 margin 1.89->6.70 t=4.3s
[DONE] fit__3780__deblur__confidence_boost__nes__l1 calls=1021 margin 1.89->13.62 t=3.0s
[DONE] fit__3780__deblur__boundary_probe__nes__l1 calls=1021 margin 1.89->0.04 t=2.9s
[DONE] fit__3780__deblur__counterfactual__nes__l1 calls=1021 margin 1.89->-6.55 t=3.1s
[DONE] fit__9047__denoise__attack__nes__l0.5 calls=1021 margin 2.54->-5.58 t=3.2s
[DONE] fit__9047__denoise__restore__nes__l0.5 calls=1021 margin 2.54->2.35 t=3.1s
[DONE] fit__9047__denoise__random_walk__random_walk__l0.5 calls=1024 margin 2.54->0.96 t=4.1s
[DONE] fit__9047__denoise__confidence_boost__nes__l0.5 calls=1021 margin 2.54->11.39 t=3.0s
[DONE] fit__9047__denoise__boundary_probe__nes__l0.5 calls=1021 margin 2.54->0.00 t=2.8s
[DONE] fit__9047__denoise__counterfactual__nes__l0.5 calls=1021 margin 2.54->-5.27 t=3.0s
[DONE] fit__9047__deblur__attack__nes__l1 calls=1021 margin 10.02->-2.79 t=2.8s
[DONE] fit__9047__deblur__restore__nes__l1 calls=1021 margin 10.02->11.86 t=3.0s
[DONE] fit__9047__deblur__random_walk__random_walk__l1 calls=1024 margin 10.02->10.88 t=4.3s
[DONE] fit__9047__deblur__confidence_boost__nes__l1 calls=1021 margin 10.02->14.84 t=3.1s
[DONE] fit__9047__deblur__boundary_probe__nes__l1 calls=1021 margin 10.02->0.06 t=3.2s
[DONE] fit__9047__deblur__counterfactual__nes__l1 calls=1021 margin 10.02->-2.50 t=2.9s
[DONE] fit__5119__denoise__attack__nes__l0.5 calls=1021 margin 0.35->-3.39 t=3.1s
[DONE] fit__5119__denoise__restore__nes__l0.5 calls=1021 margin 0.35->0.79 t=3.2s
[DONE] fit__5119__denoise__random_walk__random_walk__l0.5 calls=1024 margin 0.35->0.69 t=4.5s
[DONE] fit__5119__denoise__confidence_boost__nes__l0.5 calls=1021 margin 0.35->3.23 t=3.0s
[DONE] fit__5119__denoise__boundary_probe__nes__l0.5 calls=1021 margin 0.35->0.01 t=3.0s
[DONE] fit__5119__denoise__counterfactual__nes__l0.5 calls=1021 margin 0.35->-2.67 t=3.1s
[DONE] fit__5119__deblur__attack__nes__l1 calls=1021 margin 2.24->-2.81 t=3.1s
[DONE] fit__5119__deblur__restore__nes__l1 calls=1021 margin 2.24->2.80 t=3.0s
[DONE] fit__5119__deblur__random_walk__random_walk__l1 calls=1024 margin 2.24->4.01 t=4.1s
[DONE] fit__5119__deblur__confidence_boost__nes__l1 calls=1021 margin 2.24->6.84 t=3.1s
[DONE] fit__5119__deblur__boundary_probe__nes__l1 calls=1021 margin 2.24->0.00 t=3.1s
[DONE] fit__5119__deblur__counterfactual__nes__l1 calls=1021 margin 2.24->-1.61 t=3.1s
[DONE] fit__3486__denoise__attack__nes__l0.5 calls=1021 margin 10.48->6.27 t=2.9s
[DONE] fit__3486__denoise__restore__nes__l0.5 calls=1021 margin 10.48->10.68 t=3.1s
[DONE] fit__3486__denoise__random_walk__random_walk__l0.5 calls=1024 margin 10.48->9.94 t=4.0s
[DONE] fit__3486__denoise__confidence_boost__nes__l0.5 calls=1021 margin 10.48->13.29 t=3.1s
[DONE] fit__3486__denoise__boundary_probe__nes__l0.5 calls=1021 margin 10.48->6.87 t=3.1s
[DONE] fit__3486__denoise__counterfactual__nes__l0.5 calls=1021 margin 10.48->6.87 t=2.9s
[DONE] fit__3486__deblur__attack__nes__l1 calls=1021 margin 7.91->-1.28 t=3.2s
[DONE] fit__3486__deblur__restore__nes__l1 calls=1021 margin 7.91->8.60 t=3.3s
[DONE] fit__3486__deblur__random_walk__random_walk__l1 calls=1024 margin 7.91->10.44 t=4.3s
[DONE] fit__3486__deblur__confidence_boost__nes__l1 calls=1021 margin 7.91->14.26 t=3.2s
[DONE] fit__3486__deblur__boundary_probe__nes__l1 calls=1021 margin 7.91->0.07 t=3.4s
[DONE] fit__3486__deblur__counterfactual__nes__l1 calls=1021 margin 7.91->-0.94 t=3.1s
[DONE] fit__6487__denoise__attack__nes__l0.5 calls=1021 margin 9.50->2.77 t=2.9s
[DONE] fit__6487__denoise__restore__nes__l0.5 calls=1021 margin 9.50->9.29 t=3.0s
[DONE] fit__6487__denoise__random_walk__random_walk__l0.5 calls=1024 margin 9.50->9.80 t=4.1s
[DONE] fit__6487__denoise__confidence_boost__nes__l0.5 calls=1021 margin 9.50->12.26 t=3.1s
[DONE] fit__6487__denoise__boundary_probe__nes__l0.5 calls=1021 margin 9.50->2.32 t=3.0s
[DONE] fit__6487__denoise__counterfactual__nes__l0.5 calls=1021 margin 9.50->3.47 t=3.0s
[DONE] fit__6487__deblur__attack__nes__l1 calls=1021 margin 8.81->1.07 t=2.9s
[DONE] fit__6487__deblur__restore__nes__l1 calls=1021 margin 8.81->8.65 t=3.1s
[DONE] fit__6487__deblur__random_walk__random_walk__l1 calls=1024 margin 8.81->7.83 t=4.2s
[DONE] fit__6487__deblur__confidence_boost__nes__l1 calls=1021 margin 8.81->13.56 t=2.8s
[DONE] fit__6487__deblur__boundary_probe__nes__l1 calls=1021 margin 8.81->1.37 t=2.8s
[DONE] fit__6487__deblur__counterfactual__nes__l1 calls=1021 margin 8.81->1.24 t=3.4s
[DONE] fit__2505__denoise__attack__nes__l0.5 calls=1021 margin 6.05->-1.62 t=2.9s
[DONE] fit__2505__denoise__restore__nes__l0.5 calls=1021 margin 6.05->6.09 t=3.2s
[DONE] fit__2505__denoise__random_walk__random_walk__l0.5 calls=1024 margin 6.05->6.70 t=4.2s
[DONE] fit__2505__denoise__confidence_boost__nes__l0.5 calls=1021 margin 6.05->10.01 t=2.9s
[DONE] fit__2505__denoise__boundary_probe__nes__l0.5 calls=1021 margin 6.05->0.01 t=3.2s
[DONE] fit__2505__denoise__counterfactual__nes__l0.5 calls=1021 margin 6.05->-1.66 t=3.0s
[DONE] fit__2505__deblur__attack__nes__l1 calls=1021 margin 4.89->0.52 t=3.2s
[DONE] fit__2505__deblur__restore__nes__l1 calls=1021 margin 4.89->4.77 t=3.3s
[DONE] fit__2505__deblur__random_walk__random_walk__l1 calls=1024 margin 4.89->4.36 t=4.6s
[DONE] fit__2505__deblur__confidence_boost__nes__l1 calls=1021 margin 4.89->9.27 t=3.2s
[DONE] fit__2505__deblur__boundary_probe__nes__l1 calls=1021 margin 4.89->0.07 t=3.3s
[DONE] fit__2505__deblur__counterfactual__nes__l1 calls=1021 margin 4.89->-1.26 t=3.0s
[DONE] fit__9942__denoise__attack__nes__l0.5 calls=1021 margin 0.02->-3.59 t=2.9s
[DONE] fit__9942__denoise__restore__nes__l0.5 calls=1021 margin 0.02->0.12 t=3.2s
[DONE] fit__9942__denoise__random_walk__random_walk__l0.5 calls=1024 margin 0.02->-0.87 t=4.0s
[DONE] fit__9942__denoise__confidence_boost__nes__l0.5 calls=1021 margin 0.02->4.78 t=3.1s
[DONE] fit__9942__denoise__boundary_probe__nes__l0.5 calls=1021 margin 0.02->0.02 t=3.2s
[DONE] fit__9942__denoise__counterfactual__nes__l0.5 calls=1021 margin 0.02->-3.71 t=3.1s
[DONE] fit__9942__deblur__attack__nes__l1 calls=1021 margin 3.91->-3.19 t=2.9s
[DONE] fit__9942__deblur__restore__nes__l1 calls=1021 margin 3.91->4.48 t=3.1s
[DONE] fit__9942__deblur__random_walk__random_walk__l1 calls=1024 margin 3.91->4.64 t=4.3s
[DONE] fit__9942__deblur__confidence_boost__nes__l1 calls=1021 margin 3.91->10.46 t=3.2s
[DONE] fit__9942__deblur__boundary_probe__nes__l1 calls=1021 margin 3.91->0.01 t=3.1s
[DONE] fit__9942__deblur__counterfactual__nes__l1 calls=1021 margin 3.91->-4.14 t=3.4s
[DONE] fit__2429__denoise__attack__nes__l0.5 calls=1021 margin 4.28->-2.02 t=3.0s
[DONE] fit__2429__denoise__restore__nes__l0.5 calls=1021 margin 4.28->5.05 t=2.9s
[DONE] fit__2429__denoise__random_walk__random_walk__l0.5 calls=1024 margin 4.28->4.57 t=4.0s
[DONE] fit__2429__denoise__confidence_boost__nes__l0.5 calls=1021 margin 4.28->9.20 t=3.0s
[DONE] fit__2429__denoise__boundary_probe__nes__l0.5 calls=1021 margin 4.28->0.00 t=2.9s
[DONE] fit__2429__denoise__counterfactual__nes__l0.5 calls=1021 margin 4.28->-1.61 t=2.9s
[DONE] fit__2429__deblur__attack__nes__l1 calls=1021 margin 9.22->-3.65 t=2.8s
[DONE] fit__2429__deblur__restore__nes__l1 calls=1021 margin 9.22->8.46 t=3.2s
[DONE] fit__2429__deblur__random_walk__random_walk__l1 calls=1024 margin 9.22->11.11 t=4.0s
[DONE] fit__2429__deblur__confidence_boost__nes__l1 calls=1021 margin 9.22->13.95 t=2.9s
[DONE] fit__2429__deblur__boundary_probe__nes__l1 calls=1021 margin 9.22->0.02 t=2.7s
[DONE] fit__2429__deblur__counterfactual__nes__l1 calls=1021 margin 9.22->-2.85 t=2.7s
[DONE] fit__1689__denoise__attack__nes__l0.5 calls=1021 margin 4.85->-0.09 t=3.0s
[DONE] fit__1689__denoise__restore__nes__l0.5 calls=1021 margin 4.85->5.35 t=3.0s
[DONE] fit__1689__denoise__random_walk__random_walk__l0.5 calls=1024 margin 4.85->3.88 t=3.7s
[DONE] fit__1689__denoise__confidence_boost__nes__l0.5 calls=1021 margin 4.85->8.50 t=3.0s
[DONE] fit__1689__denoise__boundary_probe__nes__l0.5 calls=1021 margin 4.85->0.01 t=2.9s
[DONE] fit__1689__denoise__counterfactual__nes__l0.5 calls=1021 margin 4.85->0.37 t=2.8s
[DONE] fit__1689__deblur__attack__nes__l1 calls=1021 margin 4.97->-0.65 t=3.0s
[DONE] fit__1689__deblur__restore__nes__l1 calls=1021 margin 4.97->4.60 t=2.8s
[DONE] fit__1689__deblur__random_walk__random_walk__l1 calls=1024 margin 4.97->5.24 t=3.6s
[DONE] fit__1689__deblur__confidence_boost__nes__l1 calls=1021 margin 4.97->10.95 t=2.8s
[DONE] fit__1689__deblur__boundary_probe__nes__l1 calls=1021 margin 4.97->0.00 t=2.7s
[DONE] fit__1689__deblur__counterfactual__nes__l1 calls=1021 margin 4.97->-1.41 t=2.8s
[DONE] fit__7592__denoise__attack__nes__l0.5 calls=1021 margin 3.58->-2.51 t=2.7s
[DONE] fit__7592__denoise__restore__nes__l0.5 calls=1021 margin 3.58->3.62 t=2.8s
[DONE] fit__7592__denoise__random_walk__random_walk__l0.5 calls=1024 margin 3.58->2.88 t=3.5s
[DONE] fit__7592__denoise__confidence_boost__nes__l0.5 calls=1021 margin 3.58->8.23 t=2.6s
[DONE] fit__7592__denoise__boundary_probe__nes__l0.5 calls=1021 margin 3.58->0.02 t=2.5s
[DONE] fit__7592__denoise__counterfactual__nes__l0.5 calls=1021 margin 3.58->-2.36 t=2.4s
[DONE] fit__7592__deblur__attack__nes__l1 calls=1021 margin 10.45->5.83 t=2.4s
[DONE] fit__7592__deblur__restore__nes__l1 calls=1021 margin 10.45->10.00 t=2.4s
[DONE] fit__7592__deblur__random_walk__random_walk__l1 calls=1024 margin 10.45->7.82 t=3.2s
[DONE] fit__7592__deblur__confidence_boost__nes__l1 calls=1021 margin 10.45->12.88 t=2.4s
[DONE] fit__7592__deblur__boundary_probe__nes__l1 calls=1021 margin 10.45->6.29 t=2.4s
[DONE] fit__7592__deblur__counterfactual__nes__l1 calls=1021 margin 10.45->6.64 t=2.5s
