[DONE] calibration__4991__denoise__attack__nes__l0.5 calls=1021 margin 0.40->-3.48 t=3.3s
[DONE] calibration__4991__denoise__restore__nes__l0.5 calls=1021 margin 0.40->0.26 t=3.2s
[DONE] calibration__4991__denoise__random_walk__random_walk__l0.5 calls=1024 margin 0.40->0.24 t=4.7s
[DONE] calibration__4991__denoise__confidence_boost__nes__l0.5 calls=1021 margin 0.40->3.53 t=3.3s
[DONE] calibration__4991__denoise__boundary_probe__nes__l0.5 calls=1021 margin 0.40->0.01 t=2.8s
[DONE] calibration__4991__denoise__counterfactual__nes__l0.5 calls=1021 margin 0.40->-2.20 t=3.0s
[DONE] calibration__4991__deblur__attack__nes__l1 calls=1021 margin 2.51->-10.27 t=2.9s
[DONE] calibration__4991__deblur__restore__nes__l1 calls=1021 margin 2.51->1.28 t=3.3s
[DONE] calibration__4991__deblur__random_walk__random_walk__l1 calls=1024 margin 2.51->-2.97 t=4.5s
[DONE] calibration__4991__deblur__confidence_boost__nes__l1 calls=1021 margin 2.51->7.68 t=3.2s
[DONE] calibration__4991__deblur__boundary_probe__nes__l1 calls=1021 margin 2.51->0.04 t=3.0s
[DONE] calibration__4991__deblur__counterfactual__nes__l1 calls=1021 margin 2.51->-8.18 t=2.8s
[DONE] calibration__1410__denoise__attack__nes__l0.5 calls=1021 margin 7.01->2.53 t=3.1s
[DONE] calibration__1410__denoise__restore__nes__l0.5 calls=1021 margin 7.01->7.48 t=3.2s
[DONE] calibration__1410__denoise__random_walk__random_walk__l0.5 calls=1024 margin 7.01->7.17 t=4.6s
[DONE] calibration__1410__denoise__confidence_boost__nes__l0.5 calls=1021 margin 7.01->9.85 t=2.9s
[DONE] calibration__1410__denoise__boundary_probe__nes__l0.5 calls=1021 margin 7.01->2.09 t=2.9s
[DONE] calibration__1410__denoise__counterfactual__nes__l0.5 calls=1021 margin 7.01->1.65 t=2.7s
[DONE] calibration__1410__deblur__attack__nes__l1 calls=1021 margin 10.12->6.64 t=3.0s
[DONE] calibration__1410__deblur__restore__nes__l1 calls=1021 margin 10.12->10.42 t=3.2s
[DONE] calibration__1410__deblur__random_walk__random_walk__l1 calls=1024 margin 10.12->10.40 t=4.6s
[DONE] calibration__1410__deblur__confidence_boost__nes__l1 calls=1021 margin 10.12->12.55 t=3.0s
[DONE] calibration__1410__deblur__boundary_probe__nes__l1 calls=1021 margin 10.12->6.87 t=3.0s
[DONE] calibration__1410__deblur__counterfactual__nes__l1 calls=1021 margin 10.12->6.87 t=3.0s
[DONE] calibration__6816__denoise__attack__nes__l0.5 calls=1021 margin 0.50->-4.90 t=2.7s
[DONE] calibration__6816__denoise__restore__nes__l0.5 calls=1021 margin 0.50->0.53 t=3.2s
[DONE] calibration__6816__denoise__random_walk__random_walk__l0.5 calls=1024 margin 0.50->0.70 t=4.5s
[DONE] calibration__6816__denoise__confidence_boost__nes__l0.5 calls=1021 margin 0.50->5.13 t=2.6s
[DONE] calibration__6816__denoise__boundary_probe__nes__l0.5 calls=1021 margin 0.50->0.01 t=2.7s
[DONE] calibration__6816__denoise__counterfactual__nes__l0.5 calls=1021 margin 0.50->-4.49 t=3.1s
[DONE] calibration__6816__deblur__attack__nes__l1 calls=1021 margin 5.42->-1.00 t=3.2s
[DONE] calibration__6816__deblur__restore__nes__l1 calls=1021 margin 5.42->5.15 t=3.0s
[DONE] calibration__6816__deblur__random_walk__random_walk__l1 calls=1024 margin 5.42->1.79 t=4.6s
[DONE] calibration__6816__deblur__confidence_boost__nes__l1 calls=1021 margin 5.42->8.28 t=3.1s
[DONE] calibration__6816__deblur__boundary_probe__nes__l1 calls=1021 margin 5.42->0.02 t=3.0s
[DONE] calibration__6816__deblur__counterfactual__nes__l1 calls=1021 margin 5.42->-1.87 t=2.9s
[DONE] calibration__3304__denoise__attack__nes__l0.5 calls=1021 margin 4.26->-0.48 t=2.9s
[DONE] calibration__3304__denoise__restore__nes__l0.5 calls=1021 margin 4.26->4.70 t=3.0s
[DONE] calibration__3304__denoise__random_walk__random_walk__l0.5 calls=1024 margin 4.26->4.97 t=4.7s
[DONE] calibration__3304__denoise__confidence_boost__nes__l0.5 calls=1021 margin 4.26->8.09 t=3.1s
[DONE] calibration__3304__denoise__boundary_probe__nes__l0.5 calls=1021 margin 4.26->0.06 t=2.9s
[DONE] calibration__3304__denoise__counterfactual__nes__l0.5 calls=1021 margin 4.26->-0.24 t=3.0s
[DONE] calibration__3304__deblur__attack__nes__l1 calls=1021 margin 9.46->5.36 t=2.7s
[DONE] calibration__3304__deblur__restore__nes__l1 calls=1021 margin 9.46->9.14 t=3.2s
[DONE] calibration__3304__deblur__random_walk__random_walk__l1 calls=1024 margin 9.46->7.78 t=4.6s
[DONE] calibration__3304__deblur__confidence_boost__nes__l1 calls=1021 margin 9.46->11.40 t=2.9s
[DONE] calibration__3304__deblur__boundary_probe__nes__l1 calls=1021 margin 9.46->5.49 t=2.9s
[DONE] calibration__3304__deblur__counterfactual__nes__l1 calls=1021 margin 9.46->5.41 t=3.2s
[DONE] calibration__9090__denoise__attack__nes__l0.5 calls=1021 margin 0.34->-4.40 t=3.0s
[DONE] calibration__9090__denoise__restore__nes__l0.5 calls=1021 margin 0.34->0.75 t=3.4s
[DONE] calibration__9090__denoise__random_walk__random_walk__l0.5 calls=1024 margin 0.34->0.83 t=4.7s
[DONE] calibration__9090__denoise__confidence_boost__nes__l0.5 calls=1021 margin 0.34->5.06 t=3.0s
[DONE] calibration__9090__denoise__boundary_probe__nes__l0.5 calls=1021 margin 0.34->0.00 t=2.9s
[DONE] calibration__9090__denoise__counterfactual__nes__l0.5 calls=1021 margin 0.34->-3.99 t=3.1s
[DONE] calibration__9090__deblur__attack__nes__l1 calls=1021 margin 3.39->-6.84 t=3.1s
[DONE] calibration__9090__deblur__restore__nes__l1 calls=1021 margin 3.39->4.16 t=3.5s
[DONE] calibration__9090__deblur__random_walk__random_walk__l1 calls=1024 margin 3.39->5.15 t=4.4s
[DONE] calibration__9090__deblur__confidence_boost__nes__l1 calls=1021 margin 3.39->11.11 t=2.9s
[DONE] calibration__9090__deblur__boundary_probe__nes__l1 calls=1021 margin 3.39->0.00 t=2.8s
[DONE] calibration__9090__deblur__counterfactual__nes__l1 calls=1021 margin 3.39->-6.80 t=2.9s
[DONE] calibration__4785__denoise__attack__nes__l0.5 calls=1021 margin 7.57->0.33 t=3.0s
[DONE] calibration__4785__denoise__restore__nes__l0.5 calls=1021 margin 7.57->7.62 t=3.1s
[DONE] calibration__4785__denoise__random_walk__random_walk__l0.5 calls=1024 margin 7.57->4.05 t=4.5s
[DONE] calibration__4785__denoise__confidence_boost__nes__l0.5 calls=1021 margin 7.57->11.74 t=3.1s
[DONE] calibration__4785__denoise__boundary_probe__nes__l0.5 calls=1021 margin 7.57->0.71 t=3.0s
[DONE] calibration__4785__denoise__counterfactual__nes__l0.5 calls=1021 margin 7.57->-0.72 t=3.0s
[DONE] calibration__4785__deblur__attack__nes__l1 calls=1021 margin 12.43->5.91 t=2.7s
[DONE] calibration__4785__deblur__restore__nes__l1 calls=1021 margin 12.43->12.27 t=3.3s
[DONE] calibration__4785__deblur__random_walk__random_walk__l1 calls=1024 margin 12.43->11.95 t=4.5s
[DONE] calibration__4785__deblur__confidence_boost__nes__l1 calls=1021 margin 12.43->13.93 t=2.8s
[DONE] calibration__4785__deblur__boundary_probe__nes__l1 calls=1021 margin 12.43->4.28 t=3.0s
[DONE] calibration__4785__deblur__counterfactual__nes__l1 calls=1021 margin 12.43->5.10 t=3.0s
[DONE] calibration__1401__denoise__attack__nes__l0.5 calls=1021 margin 1.92->-3.44 t=3.1s
[DONE] calibration__1401__denoise__restore__nes__l0.5 calls=1021 margin 1.92->2.01 t=3.2s
[DONE] calibration__1401__denoise__random_walk__random_walk__l0.5 calls=1024 margin 1.92->2.02 t=4.5s
[DONE] calibration__1401__denoise__confidence_boost__nes__l0.5 calls=1021 margin 1.92->7.16 t=2.9s
[DONE] calibration__1401__denoise__boundary_probe__nes__l0.5 calls=1021 margin 1.92->0.00 t=2.8s
[DONE] calibration__1401__denoise__counterfactual__nes__l0.5 calls=1021 margin 1.92->-4.10 t=3.0s
[DONE] calibration__1401__deblur__attack__nes__l1 calls=1021 margin 7.24->-0.75 t=3.1s
[DONE] calibration__1401__deblur__restore__nes__l1 calls=1021 margin 7.24->7.89 t=3.2s
[DONE] calibration__1401__deblur__random_walk__random_walk__l1 calls=1024 margin 7.24->8.08 t=4.5s
[DONE] calibration__1401__deblur__confidence_boost__nes__l1 calls=1021 margin 7.24->12.66 t=3.1s
[DONE] calibration__1401__deblur__boundary_probe__nes__l1 calls=1021 margin 7.24->0.04 t=2.9s
[DONE] calibration__1401__deblur__counterfactual__nes__l1 calls=1021 margin 7.24->-0.43 t=2.8s
[DONE] calibration__7322__denoise__attack__nes__l0.5 calls=1021 margin 5.50->-1.87 t=2.8s
[DONE] calibration__7322__denoise__restore__nes__l0.5 calls=1021 margin 5.50->5.27 t=3.3s
[DONE] calibration__7322__denoise__random_walk__random_walk__l0.5 calls=1024 margin 5.50->5.19 t=4.5s
[DONE] calibration__7322__denoise__confidence_boost__nes__l0.5 calls=1021 margin 5.50->11.24 t=2.9s
[DONE] calibration__7322__denoise__boundary_probe__nes__l0.5 calls=1021 margin 5.50->0.01 t=3.1s
[DONE] calibration__7322__denoise__counterfactual__nes__l0.5 calls=1021 margin 5.50->-1.61 t=3.0s
[DONE] calibration__7322__deblur__attack__nes__l1 calls=1021 margin 8.95->0.28 t=3.0s
[DONE] calibration__7322__deblur__restore__nes__l1 calls=1021 margin 8.95->10.34 t=3.3s
[DONE] calibration__7322__deblur__random_walk__random_walk__l1 calls=1024 margin 8.95->8.07 t=4.5s
[DONE] calibration__7322__deblur__confidence_boost__nes__l1 calls=1021 margin 8.95->14.95 t=2.8s
[DONE] calibration__7322__deblur__boundary_probe__nes__l1 calls=1021 margin 8.95->1.15 t=2.9s
[DONE] calibration__7322__deblur__counterfactual__nes__l1 calls=1021 margin 8.95->0.19 t=2.8s
[DONE] calibration__3830__denoise__attack__nes__l0.5 calls=1021 margin 1.01->-4.07 t=2.9s
[DONE] calibration__3830__denoise__restore__nes__l0.5 calls=1021 margin 1.01->1.35 t=3.3s
[DONE] calibration__3830__denoise__random_walk__random_walk__l0.5 calls=1024 margin 1.01->0.14 t=4.6s
[DONE] calibration__3830__denoise__confidence_boost__nes__l0.5 calls=1021 margin 1.01->5.76 t=3.0s
[DONE] calibration__3830__denoise__boundary_probe__nes__l0.5 calls=1021 margin 1.01->0.00 t=3.0s
[DONE] calibration__3830__denoise__counterfactual__nes__l0.5 calls=1021 margin 1.01->-4.23 t=2.9s
[DONE] calibration__3830__deblur__attack__nes__l1 calls=1021 margin 8.27->3.73 t=2.7s
[DONE] calibration__3830__deblur__restore__nes__l1 calls=1021 margin 8.27->8.57 t=3.0s
[DONE] calibration__3830__deblur__random_walk__random_walk__l1 calls=1024 margin 8.27->7.72 t=4.4s
[DONE] calibration__3830__deblur__confidence_boost__nes__l1 calls=1021 margin 8.27->11.57 t=3.1s
[DONE] calibration__3830__deblur__boundary_probe__nes__l1 calls=1021 margin 8.27->3.02 t=3.3s
[DONE] calibration__3830__deblur__counterfactual__nes__l1 calls=1021 margin 8.27->3.28 t=2.8s
[DONE] calibration__8211__denoise__attack__nes__l0.5 calls=1021 margin 7.31->2.11 t=2.9s
[DONE] calibration__8211__denoise__restore__nes__l0.5 calls=1021 margin 7.31->7.67 t=3.2s
[DONE] calibration__8211__denoise__random_walk__random_walk__l0.5 calls=1024 margin 7.31->6.84 t=4.4s
[DONE] calibration__8211__denoise__confidence_boost__nes__l0.5 calls=1021 margin 7.31->11.48 t=3.0s
[DONE] calibration__8211__denoise__boundary_probe__nes__l0.5 calls=1021 margin 7.31->2.20 t=3.1s
[DONE] calibration__8211__denoise__counterfactual__nes__l0.5 calls=1021 margin 7.31->2.06 t=3.1s
[DONE] calibration__8211__deblur__attack__nes__l1 calls=1021 margin 11.27->8.22 t=3.1s
[DONE] calibration__8211__deblur__restore__nes__l1 calls=1021 margin 11.27->12.49 t=3.1s
[DONE] calibration__8211__deblur__random_walk__random_walk__l1 calls=1024 margin 11.27->13.46 t=4.4s
[DONE] calibration__8211__deblur__confidence_boost__nes__l1 calls=1021 margin 11.27->14.09 t=3.1s
[DONE] calibration__8211__deblur__boundary_probe__nes__l1 calls=1021 margin 11.27->8.23 t=2.8s
[DONE] calibration__8211__deblur__counterfactual__nes__l1 calls=1021 margin 11.27->8.08 t=3.2s
[DONE] calibration__7999__denoise__attack__nes__l0.5 calls=1021 margin 3.13->-1.33 t=3.1s
[DONE] calibration__7999__denoise__restore__nes__l0.5 calls=1021 margin 3.13->2.99 t=3.1s
[DONE] calibration__7999__denoise__random_walk__random_walk__l0.5 calls=1024 margin 3.13->4.27 t=4.1s
[DONE] calibration__7999__denoise__confidence_boost__nes__l0.5 calls=1021 margin 3.13->7.05 t=3.0s
[DONE] calibration__7999__denoise__boundary_probe__nes__l0.5 calls=1021 margin 3.13->0.00 t=3.1s
[DONE] calibration__7999__denoise__counterfactual__nes__l0.5 calls=1021 margin 3.13->-1.93 t=2.9s
[DONE] calibration__7999__deblur__attack__nes__l1 calls=1021 margin 0.87->-6.03 t=2.8s
[DONE] calibration__7999__deblur__restore__nes__l1 calls=1021 margin 0.87->1.50 t=2.8s
[DONE] calibration__7999__deblur__random_walk__random_walk__l1 calls=1024 margin 0.87->0.86 t=4.2s
[DONE] calibration__7999__deblur__confidence_boost__nes__l1 calls=1021 margin 0.87->8.63 t=2.7s
[DONE] calibration__7999__deblur__boundary_probe__nes__l1 calls=1021 margin 0.87->0.01 t=3.2s
[DONE] calibration__7999__deblur__counterfactual__nes__l1 calls=1021 margin 0.87->-6.26 t=2.6s
[DONE] calibration__1351__denoise__attack__nes__l0.5 calls=1021 margin 5.92->1.54 t=2.8s
[DONE] calibration__1351__denoise__restore__nes__l0.5 calls=1021 margin 5.92->5.65 t=3.0s
[DONE] calibration__1351__denoise__random_walk__random_walk__l0.5 calls=1024 margin 5.92->6.70 t=4.1s
[DONE] calibration__1351__denoise__confidence_boost__nes__l0.5 calls=1021 margin 5.92->9.46 t=3.1s
[DONE] calibration__1351__denoise__boundary_probe__nes__l0.5 calls=1021 margin 5.92->1.62 t=2.9s
[DONE] calibration__1351__denoise__counterfactual__nes__l0.5 calls=1021 margin 5.92->1.30 t=2.9s
[DONE] calibration__1351__deblur__attack__nes__l1 calls=1021 margin 9.81->6.03 t=3.1s
[DONE] calibration__1351__deblur__restore__nes__l1 calls=1021 margin 9.81->10.13 t=2.9s
[DONE] calibration__1351__deblur__random_walk__random_walk__l1 calls=1024 margin 9.81->8.79 t=4.0s
[DONE] calibration__1351__deblur__confidence_boost__nes__l1 calls=1021 margin 9.81->12.38 t=3.0s
[DONE] calibration__1351__deblur__boundary_probe__nes__l1 calls=1021 margin 9.81->5.32 t=3.0s
[DONE] calibration__1351__deblur__counterfactual__nes__l1 calls=1021 margin 9.81->4.99 t=3.0s
[DONE] calibration__7996__denoise__attack__nes__l0.5 calls=1021 margin 4.57->0.35 t=3.0s
[DONE] calibration__7996__denoise__restore__nes__l0.5 calls=1021 margin 4.57->4.83 t=3.0s
[DONE] calibration__7996__denoise__random_walk__random_walk__l0.5 calls=1024 margin 4.57->4.03 t=4.1s
[DONE] calibration__7996__denoise__confidence_boost__nes__l0.5 calls=1021 margin 4.57->8.21 t=3.1s
[DONE] calibration__7996__denoise__boundary_probe__nes__l0.5 calls=1021 margin 4.57->0.02 t=3.0s
[DONE] calibration__7996__denoise__counterfactual__nes__l0.5 calls=1021 margin 4.57->-0.01 t=3.0s
[DONE] calibration__7996__deblur__attack__nes__l1 calls=1021 margin 8.39->1.66 t=3.1s
[DONE] calibration__7996__deblur__restore__nes__l1 calls=1021 margin 8.39->8.82 t=2.9s
[DONE] calibration__7996__deblur__random_walk__random_walk__l1 calls=1024 margin 8.39->7.54 t=4.2s
[DONE] calibration__7996__deblur__confidence_boost__nes__l1 calls=1021 margin 8.39->12.34 t=3.1s
[DONE] calibration__7996__deblur__boundary_probe__nes__l1 calls=1021 margin 8.39->1.50 t=3.1s
[DONE] calibration__7996__deblur__counterfactual__nes__l1 calls=1021 margin 8.39->2.22 t=2.9s
[DONE] calibration__2265__denoise__attack__nes__l0.5 calls=1021 margin 10.39->7.02 t=2.9s
[DONE] calibration__2265__denoise__restore__nes__l0.5 calls=1021 margin 10.39->10.67 t=2.9s
[DONE] calibration__2265__denoise__random_walk__random_walk__l0.5 calls=1024 margin 10.39->10.38 t=4.0s
[DONE] calibration__2265__denoise__confidence_boost__nes__l0.5 calls=1021 margin 10.39->12.49 t=3.1s
[DONE] calibration__2265__denoise__boundary_probe__nes__l0.5 calls=1021 margin 10.39->7.13 t=3.3s
[DONE] calibration__2265__denoise__counterfactual__nes__l0.5 calls=1021 margin 10.39->6.77 t=3.0s
[DONE] calibration__2265__deblur__attack__nes__l1 calls=1021 margin 8.79->4.17 t=3.2s
[DONE] calibration__2265__deblur__restore__nes__l1 calls=1021 margin 8.79->9.49 t=3.0s
[DONE] calibration__2265__deblur__random_walk__random_walk__l1 calls=1024 margin 8.79->10.27 t=3.8s
[DONE] calibration__2265__deblur__confidence_boost__nes__l1 calls=1021 margin 8.79->13.09 t=3.1s
[DONE] calibration__2265__deblur__boundary_probe__nes__l1 calls=1021 margin 8.79->4.57 t=3.0s
[DONE] calibration__2265__deblur__counterfactual__nes__l1 calls=1021 margin 8.79->4.41 t=3.1s
[DONE] calibration__8875__denoise__attack__nes__l0.5 calls=1021 margin 7.46->5.10 t=2.9s
[DONE] calibration__8875__denoise__restore__nes__l0.5 calls=1021 margin 7.46->7.47 t=3.0s
[DONE] calibration__8875__denoise__random_walk__random_walk__l0.5 calls=1024 margin 7.46->7.04 t=4.0s
[DONE] calibration__8875__denoise__confidence_boost__nes__l0.5 calls=1021 margin 7.46->9.32 t=2.9s
[DONE] calibration__8875__denoise__boundary_probe__nes__l0.5 calls=1021 margin 7.46->4.68 t=3.0s
[DONE] calibration__8875__denoise__counterfactual__nes__l0.5 calls=1021 margin 7.46->4.77 t=2.8s
[DONE] calibration__8875__deblur__attack__nes__l1 calls=1021 margin 7.88->4.08 t=2.8s
[DONE] calibration__8875__deblur__restore__nes__l1 calls=1021 margin 7.88->7.97 t=2.6s
[DONE] calibration__8875__deblur__random_walk__random_walk__l1 calls=1024 margin 7.88->7.97 t=4.4s
[DONE] calibration__8875__deblur__confidence_boost__nes__l1 calls=1021 margin 7.88->10.92 t=3.0s
[DONE] calibration__8875__deblur__boundary_probe__nes__l1 calls=1021 margin 7.88->4.13 t=3.3s
[DONE] calibration__8875__deblur__counterfactual__nes__l1 calls=1021 margin 7.88->4.11 t=3.1s
[DONE] calibration__5311__denoise__attack__nes__l0.5 calls=1021 margin 2.10->-1.76 t=3.0s
[DONE] calibration__5311__denoise__restore__nes__l0.5 calls=1021 margin 2.10->2.41 t=2.7s
[DONE] calibration__5311__denoise__random_walk__random_walk__l0.5 calls=1024 margin 2.10->3.21 t=4.0s
[DONE] calibration__5311__denoise__confidence_boost__nes__l0.5 calls=1021 margin 2.10->5.12 t=2.9s
[DONE] calibration__5311__denoise__boundary_probe__nes__l0.5 calls=1021 margin 2.10->0.03 t=2.9s
[DONE] calibration__5311__denoise__counterfactual__nes__l0.5 calls=1021 margin 2.10->-2.10 t=3.0s
[DONE] calibration__5311__deblur__attack__nes__l1 calls=1021 margin 3.64->-0.74 t=3.2s
[DONE] calibration__5311__deblur__restore__nes__l1 calls=1021 margin 3.64->3.17 t=3.0s
[DONE] calibration__5311__deblur__random_walk__random_walk__l1 calls=1024 margin 3.64->2.23 t=3.9s
[DONE] calibration__5311__deblur__confidence_boost__nes__l1 calls=1021 margin 3.64->6.51 t=2.7s
[DONE] calibration__5311__deblur__boundary_probe__nes__l1 calls=1021 margin 3.64->0.01 t=3.3s
[DONE] calibration__5311__deblur__counterfactual__nes__l1 calls=1021 margin 3.64->-1.73 t=3.2s
[DONE] evaluation__778__denoise__attack__nes__l0.5 calls=1021 margin 1.08->-4.35 t=2.7s
[DONE] evaluation__778__denoise__restore__nes__l0.5 calls=1021 margin 1.08->1.18 t=2.9s
[DONE] evaluation__778__denoise__random_walk__random_walk__l0.5 calls=1024 margin 1.08->0.34 t=4.0s
[DONE] evaluation__778__denoise__confidence_boost__nes__l0.5 calls=1021 margin 1.08->5.38 t=3.1s
[DONE] evaluation__778__denoise__boundary_probe__nes__l0.5 calls=1021 margin 1.08->0.02 t=3.0s
[DONE] evaluation__778__denoise__counterfactual__nes__l0.5 calls=1021 margin 1.08->-3.52 t=3.4s
[DONE] evaluation__778__deblur__attack__nes__l1 calls=1021 margin 5.91->-3.18 t=3.1s
[DONE] evaluation__778__deblur__restore__nes__l1 calls=1021 margin 5.91->4.92 t=3.1s
[DONE] evaluation__778__deblur__random_walk__random_walk__l1 calls=1024 margin 5.91->0.24 t=3.9s
[DONE] evaluation__778__deblur__confidence_boost__nes__l1 calls=1021 margin 5.91->9.58 t=3.0s
[DONE] evaluation__778__deblur__boundary_probe__nes__l1 calls=1021 margin 5.91->0.03 t=3.1s
[DONE] evaluation__778__deblur__counterfactual__nes__l1 calls=1021 margin 5.91->-0.66 t=3.1s
[DONE] evaluation__3219__denoise__attack__nes__l0.5 calls=1021 margin 2.95->-1.34 t=3.3s
[DONE] evaluation__3219__denoise__restore__nes__l0.5 calls=1021 margin 2.95->2.88 t=3.0s
[DONE] evaluation__3219__denoise__random_walk__random_walk__l0.5 calls=1024 margin 2.95->3.62 t=4.2s
[DONE] evaluation__3219__denoise__confidence_boost__nes__l0.5 calls=1021 margin 2.95->6.94 t=2.9s
[DONE] evaluation__3219__denoise__boundary_probe__nes__l0.5 calls=1021 margin 2.95->0.00 t=3.1s
[DONE] evaluation__3219__denoise__counterfactual__nes__l0.5 calls=1021 margin 2.95->-1.37 t=3.2s
[DONE] evaluation__3219__deblur__attack__nes__l1 calls=1021 margin 8.13->3.66 t=3.1s
[DONE] evaluation__3219__deblur__restore__nes__l1 calls=1021 margin 8.13->8.60 t=2.8s
[DONE] evaluation__3219__deblur__random_walk__random_walk__l1 calls=1024 margin 8.13->7.97 t=4.1s
[DONE] evaluation__3219__deblur__confidence_boost__nes__l1 calls=1021 margin 8.13->12.05 t=2.9s
[DONE] evaluation__3219__deblur__boundary_probe__nes__l1 calls=1021 margin 8.13->3.41 t=3.0s
[DONE] evaluation__3219__deblur__counterfactual__nes__l1 calls=1021 margin 8.13->2.91 t=3.2s
[DONE] evaluation__5569__denoise__attack__nes__l0.5 calls=1021 margin 4.28->-1.57 t=3.3s
[DONE] evaluation__5569__denoise__restore__nes__l0.5 calls=1021 margin 4.28->5.33 t=3.1s
[DONE] evaluation__5569__denoise__random_walk__random_walk__l0.5 calls=1024 margin 4.28->4.07 t=4.1s
[DONE] evaluation__5569__denoise__confidence_boost__nes__l0.5 calls=1021 margin 4.28->8.45 t=2.7s
[DONE] evaluation__5569__denoise__boundary_probe__nes__l0.5 calls=1021 margin 4.28->0.06 t=3.0s
[DONE] evaluation__5569__denoise__counterfactual__nes__l0.5 calls=1021 margin 4.28->-2.20 t=3.3s
[DONE] evaluation__5569__deblur__attack__nes__l1 calls=1021 margin 5.89->-3.18 t=3.1s
[DONE] evaluation__5569__deblur__restore__nes__l1 calls=1021 margin 5.89->6.29 t=3.0s
[DONE] evaluation__5569__deblur__random_walk__random_walk__l1 calls=1024 margin 5.89->7.14 t=3.8s
[DONE] evaluation__5569__deblur__confidence_boost__nes__l1 calls=1021 margin 5.89->11.77 t=3.0s
[DONE] evaluation__5569__deblur__boundary_probe__nes__l1 calls=1021 margin 5.89->0.00 t=3.0s
[DONE] evaluation__5569__deblur__counterfactual__nes__l1 calls=1021 margin 5.89->-1.92 t=3.0s
[DONE] evaluation__9802__denoise__attack__nes__l0.5 calls=1021 margin 1.75->-5.30 t=3.1s
[DONE] evaluation__9802__denoise__restore__nes__l0.5 calls=1021 margin 1.75->1.58 t=2.9s
[DONE] evaluation__9802__denoise__random_walk__random_walk__l0.5 calls=1024 margin 1.75->0.37 t=4.0s
[DONE] evaluation__9802__denoise__confidence_boost__nes__l0.5 calls=1021 margin 1.75->6.85 t=2.8s
[DONE] evaluation__9802__denoise__boundary_probe__nes__l0.5 calls=1021 margin 1.75->0.03 t=3.0s
[DONE] evaluation__9802__denoise__counterfactual__nes__l0.5 calls=1021 margin 1.75->-5.83 t=2.9s
[DONE] evaluation__9802__deblur__attack__nes__l1 calls=1021 margin 7.73->5.33 t=3.1s
[DONE] evaluation__9802__deblur__restore__nes__l1 calls=1021 margin 7.73->8.18 t=3.0s
[DONE] evaluation__9802__deblur__random_walk__random_walk__l1 calls=1024 margin 7.73->8.24 t=4.0s
[DONE] evaluation__9802__deblur__confidence_boost__nes__l1 calls=1021 margin 7.73->11.41 t=2.9s
[DONE] evaluation__9802__deblur__boundary_probe__nes__l1 calls=1021 margin 7.73->4.89 t=2.9s
[DONE] evaluation__9802__deblur__counterfactual__nes__l1 calls=1021 margin 7.73->4.24 t=3.0s
[DONE] evaluation__2712__denoise__attack__nes__l0.5 calls=1021 margin 0.82->-5.56 t=3.3s
[DONE] evaluation__2712__denoise__restore__nes__l0.5 calls=1021 margin 0.82->0.63 t=3.0s
[DONE] evaluation__2712__denoise__random_walk__random_walk__l0.5 calls=1024 margin 0.82->0.32 t=4.1s
[DONE] evaluation__2712__denoise__confidence_boost__nes__l0.5 calls=1021 margin 0.82->5.01 t=3.1s
[DONE] evaluation__2712__denoise__boundary_probe__nes__l0.5 calls=1021 margin 0.82->0.00 t=3.0s
[DONE] evaluation__2712__denoise__counterfactual__nes__l0.5 calls=1021 margin 0.82->-5.71 t=3.1s
[DONE] evaluation__2712__deblur__attack__nes__l1 calls=1021 margin 4.65->-0.24 t=3.0s
[DONE] evaluation__2712__deblur__restore__nes__l1 calls=1021 margin 4.65->4.47 t=2.9s
[DONE] evaluation__2712__deblur__random_walk__random_walk__l1 calls=1024 margin 4.65->3.74 t=3.9s
[DONE] evaluation__2712__deblur__confidence_boost__nes__l1 calls=1021 margin 4.65->7.61 t=2.9s
[DONE] evaluation__2712__deblur__boundary_probe__nes__l1 calls=1021 margin 4.65->0.39 t=2.8s
[DONE] evaluation__2712__deblur__counterfactual__nes__l1 calls=1021 margin 4.65->0.39 t=2.8s
[DONE] evaluation__6550__denoise__attack__nes__l0.5 calls=1021 margin 3.04->-3.16 t=2.9s
[DONE] evaluation__6550__denoise__restore__nes__l0.5 calls=1021 margin 3.04->2.75 t=3.1s
[DONE] evaluation__6550__denoise__random_walk__random_walk__l0.5 calls=1024 margin 3.04->2.38 t=4.2s
[DONE] evaluation__6550__denoise__confidence_boost__nes__l0.5 calls=1021 margin 3.04->7.42 t=2.8s
[DONE] evaluation__6550__denoise__boundary_probe__nes__l0.5 calls=1021 margin 3.04->0.00 t=3.1s
[DONE] evaluation__6550__denoise__counterfactual__nes__l0.5 calls=1021 margin 3.04->-3.56 t=3.0s
[DONE] evaluation__6550__deblur__attack__nes__l1 calls=1021 margin 9.18->3.93 t=2.8s
[DONE] evaluation__6550__deblur__restore__nes__l1 calls=1021 margin 9.18->9.23 t=3.0s
[DONE] evaluation__6550__deblur__random_walk__random_walk__l1 calls=1024 margin 9.18->8.35 t=4.3s
[DONE] evaluation__6550__deblur__confidence_boost__nes__l1 calls=1021 margin 9.18->11.11 t=2.8s
[DONE] evaluation__6550__deblur__boundary_probe__nes__l1 calls=1021 margin 9.18->4.42 t=3.0s
[DONE] evaluation__6550__deblur__counterfactual__nes__l1 calls=1021 margin 9.18->4.12 t=2.9s
[DONE] evaluation__8772__denoise__attack__nes__l0.5 calls=1021 margin 6.10->1.69 t=3.1s
[DONE] evaluation__8772__denoise__restore__nes__l0.5 calls=1021 margin 6.10->6.37 t=3.2s
[DONE] evaluation__8772__denoise__random_walk__random_walk__l0.5 calls=1024 margin 6.10->6.82 t=4.3s
[DONE] evaluation__8772__denoise__confidence_boost__nes__l0.5 calls=1021 margin 6.10->9.38 t=3.1s
[DONE] evaluation__8772__denoise__boundary_probe__nes__l0.5 calls=1021 margin 6.10->1.03 t=3.0s
[DONE] evaluation__8772__denoise__counterfactual__nes__l0.5 calls=1021 margin 6.10->0.66 t=3.1s
[DONE] evaluation__8772__deblur__attack__nes__l1 calls=1021 margin 9.65->5.70 t=3.2s
[DONE] evaluation__8772__deblur__restore__nes__l1 calls=1021 margin 9.65->9.60 t=3.1s
[DONE] evaluation__8772__deblur__random_walk__random_walk__l1 calls=1024 margin 9.65->8.16 t=4.2s
[DONE] evaluation__8772__deblur__confidence_boost__nes__l1 calls=1021 margin 9.65->11.76 t=3.2s
[DONE] evaluation__8772__deblur__boundary_probe__nes__l1 calls=1021 margin 9.65->6.18 t=3.0s
[DONE] evaluation__8772__deblur__counterfactual__nes__l1 calls=1021 margin 9.65->6.17 t=3.1s
[DONE] evaluation__1539__denoise__attack__nes__l0.5 calls=1021 margin 5.76->-4.10 t=2.9s
[DONE] evaluation__1539__denoise__restore__nes__l0.5 calls=1021 margin 5.76->5.17 t=2.8s
[DONE] evaluation__1539__denoise__random_walk__random_walk__l0.5 calls=1024 margin 5.76->3.61 t=4.4s
[DONE] evaluation__1539__denoise__confidence_boost__nes__l0.5 calls=1021 margin 5.76->12.13 t=2.8s
[DONE] evaluation__1539__denoise__boundary_probe__nes__l0.5 calls=1021 margin 5.76->0.03 t=2.7s
[DONE] evaluation__1539__denoise__counterfactual__nes__l0.5 calls=1021 margin 5.76->-4.51 t=2.9s
[DONE] evaluation__1539__deblur__attack__nes__l1 calls=1021 margin 11.80->-0.52 t=2.8s
[DONE] evaluation__1539__deblur__restore__nes__l1 calls=1021 margin 11.80->12.54 t=3.0s
[DONE] evaluation__1539__deblur__random_walk__random_walk__l1 calls=1024 margin 11.80->10.20 t=4.5s
[DONE] evaluation__1539__deblur__confidence_boost__nes__l1 calls=1021 margin 11.80->14.39 t=3.0s
[DONE] evaluation__1539__deblur__boundary_probe__nes__l1 calls=1021 margin 11.80->0.03 t=2.8s
[DONE] evaluation__1539__deblur__counterfactual__nes__l1 calls=1021 margin 11.80->-1.32 t=3.0s
[DONE] evaluation__4753__denoise__attack__nes__l0.5 calls=1021 margin 1.02->-3.42 t=3.0s
[DONE] evaluation__4753__denoise__restore__nes__l0.5 calls=1021 margin 1.02->0.29 t=3.0s
[DONE] evaluation__4753__denoise__random_walk__random_walk__l0.5 calls=1024 margin 1.02->0.85 t=4.5s
[DONE] evaluation__4753__denoise__confidence_boost__nes__l0.5 calls=1021 margin 1.02->5.07 t=2.8s
[DONE] evaluation__4753__denoise__boundary_probe__nes__l0.5 calls=1021 margin 1.02->0.01 t=2.9s
[DONE] evaluation__4753__denoise__counterfactual__nes__l0.5 calls=1021 margin 1.02->-3.44 t=3.0s
[DONE] evaluation__4753__deblur__attack__nes__l1 calls=1021 margin 1.05->-3.00 t=3.1s
[DONE] evaluation__4753__deblur__restore__nes__l1 calls=1021 margin 1.05->0.33 t=3.1s
[DONE] evaluation__4753__deblur__random_walk__random_walk__l1 calls=1024 margin 1.05->-0.83 t=4.5s
[DONE] evaluation__4753__deblur__confidence_boost__nes__l1 calls=1021 margin 1.05->3.32 t=3.0s
[DONE] evaluation__4753__deblur__boundary_probe__nes__l1 calls=1021 margin 1.05->0.01 t=2.8s
[DONE] evaluation__4753__deblur__counterfactual__nes__l1 calls=1021 margin 1.05->-3.32 t=2.9s
[DONE] evaluation__6895__denoise__attack__nes__l0.5 calls=1021 margin 6.41->0.98 t=3.1s
[DONE] evaluation__6895__denoise__restore__nes__l0.5 calls=1021 margin 6.41->6.03 t=3.3s
[DONE] evaluation__6895__denoise__random_walk__random_walk__l0.5 calls=1024 margin 6.41->5.01 t=4.3s
[DONE] evaluation__6895__denoise__confidence_boost__nes__l0.5 calls=1021 margin 6.41->10.66 t=3.4s
[DONE] evaluation__6895__denoise__boundary_probe__nes__l0.5 calls=1021 margin 6.41->0.66 t=3.0s
[DONE] evaluation__6895__denoise__counterfactual__nes__l0.5 calls=1021 margin 6.41->0.31 t=3.2s
[DONE] evaluation__6895__deblur__attack__nes__l1 calls=1021 margin 3.17->-2.29 t=3.1s
[DONE] evaluation__6895__deblur__restore__nes__l1 calls=1021 margin 3.17->3.29 t=3.3s
[DONE] evaluation__6895__deblur__random_walk__random_walk__l1 calls=1024 margin 3.17->5.52 t=4.3s
[DONE] evaluation__6895__deblur__confidence_boost__nes__l1 calls=1021 margin 3.17->9.70 t=3.3s
[DONE] evaluation__6895__deblur__boundary_probe__nes__l1 calls=1021 margin 3.17->0.00 t=3.3s
[DONE] evaluation__6895__deblur__counterfactual__nes__l1 calls=1021 margin 3.17->-2.66 t=3.1s
[DONE] evaluation__467__denoise__attack__nes__l0.5 calls=1021 margin 7.82->2.57 t=2.9s
[DONE] evaluation__467__denoise__restore__nes__l0.5 calls=1021 margin 7.82->7.92 t=3.0s
[DONE] evaluation__467__denoise__random_walk__random_walk__l0.5 calls=1024 margin 7.82->8.12 t=4.3s
[DONE] evaluation__467__denoise__confidence_boost__nes__l0.5 calls=1021 margin 7.82->10.63 t=2.7s
[DONE] evaluation__467__denoise__boundary_probe__nes__l0.5 calls=1021 margin 7.82->1.50 t=2.7s
[DONE] evaluation__467__denoise__counterfactual__nes__l0.5 calls=1021 margin 7.82->1.48 t=2.8s
[DONE] evaluation__467__deblur__attack__nes__l1 calls=1021 margin 7.90->3.22 t=2.9s
[DONE] evaluation__467__deblur__restore__nes__l1 calls=1021 margin 7.90->8.30 t=3.1s
[DONE] evaluation__467__deblur__random_walk__random_walk__l1 calls=1024 margin 7.90->8.50 t=4.2s
[DONE] evaluation__467__deblur__confidence_boost__nes__l1 calls=1021 margin 7.90->11.41 t=2.8s
[DONE] evaluation__467__deblur__boundary_probe__nes__l1 calls=1021 margin 7.90->3.17 t=2.9s
[DONE] evaluation__467__deblur__counterfactual__nes__l1 calls=1021 margin 7.90->2.94 t=3.4s
[DONE] evaluation__3065__denoise__attack__nes__l0.5 calls=1021 margin 0.00->-5.15 t=3.1s
[DONE] evaluation__3065__denoise__restore__nes__l0.5 calls=1021 margin 0.00->0.11 t=2.9s
[DONE] evaluation__3065__denoise__random_walk__random_walk__l0.5 calls=1024 margin 0.00->-1.50 t=4.3s
[DONE] evaluation__3065__denoise__confidence_boost__nes__l0.5 calls=1021 margin 0.00->5.24 t=2.9s
[DONE] evaluation__3065__denoise__boundary_probe__nes__l0.5 calls=1021 margin 0.00->0.00 t=2.8s
[DONE] evaluation__3065__denoise__counterfactual__nes__l0.5 calls=1021 margin 0.00->-4.18 t=3.3s
[DONE] evaluation__3065__deblur__attack__nes__l1 calls=1021 margin 6.38->-1.11 t=3.2s
[DONE] evaluation__3065__deblur__restore__nes__l1 calls=1021 margin 6.38->7.43 t=3.3s
[DONE] evaluation__3065__deblur__random_walk__random_walk__l1 calls=1024 margin 6.38->6.09 t=4.2s
[DONE] evaluation__3065__deblur__confidence_boost__nes__l1 calls=1021 margin 6.38->11.89 t=2.9s
[DONE] evaluation__3065__deblur__boundary_probe__nes__l1 calls=1021 margin 6.38->0.02 t=2.9s
[DONE] evaluation__3065__deblur__counterfactual__nes__l1 calls=1021 margin 6.38->-1.18 t=3.1s
[DONE] evaluation__5343__denoise__attack__nes__l0.5 calls=1021 margin 2.86->-3.62 t=2.9s
[DONE] evaluation__5343__denoise__restore__nes__l0.5 calls=1021 margin 2.86->2.97 t=3.1s
[DONE] evaluation__5343__denoise__random_walk__random_walk__l0.5 calls=1024 margin 2.86->1.25 t=4.2s
[DONE] evaluation__5343__denoise__confidence_boost__nes__l0.5 calls=1021 margin 2.86->8.09 t=3.2s
[DONE] evaluation__5343__denoise__boundary_probe__nes__l0.5 calls=1021 margin 2.86->0.01 t=3.1s
[DONE] evaluation__5343__denoise__counterfactual__nes__l0.5 calls=1021 margin 2.86->-3.30 t=3.2s
[DONE] evaluation__5343__deblur__attack__nes__l1 calls=1021 margin 0.33->-4.26 t=3.2s
[DONE] evaluation__5343__deblur__restore__nes__l1 calls=1021 margin 0.33->0.63 t=3.2s
[DONE] evaluation__5343__deblur__random_walk__random_walk__l1 calls=1024 margin 0.33->-0.36 t=4.2s
[DONE] evaluation__5343__deblur__confidence_boost__nes__l1 calls=1021 margin 0.33->5.20 t=3.1s
[DONE] evaluation__5343__deblur__boundary_probe__nes__l1 calls=1021 margin 0.33->0.01 t=3.3s
[DONE] evaluation__5343__deblur__counterfactual__nes__l1 calls=1021 margin 0.33->-4.06 t=3.2s
[DONE] evaluation__8754__denoise__attack__nes__l0.5 calls=1021 margin 5.10->-0.97 t=2.9s
[DONE] evaluation__8754__denoise__restore__nes__l0.5 calls=1021 margin 5.10->5.58 t=2.8s
[DONE] evaluation__8754__denoise__random_walk__random_walk__l0.5 calls=1024 margin 5.10->4.25 t=4.2s
[DONE] evaluation__8754__denoise__confidence_boost__nes__l0.5 calls=1021 margin 5.10->10.90 t=2.9s
[DONE] evaluation__8754__denoise__boundary_probe__nes__l0.5 calls=1021 margin 5.10->0.03 t=2.9s
[DONE] evaluation__8754__denoise__counterfactual__nes__l0.5 calls=1021 margin 5.10->-1.67 t=3.0s
[DONE] evaluation__8754__deblur__attack__nes__l1 calls=1021 margin 8.69->0.80 t=3.1s
[DONE] evaluation__8754__deblur__restore__nes__l1 calls=1021 margin 8.69->9.32 t=2.8s
[DONE] evaluation__8754__deblur__random_walk__random_walk__l1 calls=1024 margin 8.69->9.63 t=4.1s
[DONE] evaluation__8754__deblur__confidence_boost__nes__l1 calls=1021 margin 8.69->13.93 t=3.1s
[DONE] evaluation__8754__deblur__boundary_probe__nes__l1 calls=1021 margin 8.69->0.68 t=2.7s
[DONE] evaluation__8754__deblur__counterfactual__nes__l1 calls=1021 margin 8.69->0.84 t=3.1s
[DONE] evaluation__1953__denoise__attack__nes__l0.5 calls=1021 margin 2.97->-4.39 t=2.8s
[DONE] evaluation__1953__denoise__restore__nes__l0.5 calls=1021 margin 2.97->3.28 t=2.9s
[DONE] evaluation__1953__denoise__random_walk__random_walk__l0.5 calls=1024 margin 2.97->3.49 t=4.1s
[DONE] evaluation__1953__denoise__confidence_boost__nes__l0.5 calls=1021 margin 2.97->9.09 t=3.0s
[DONE] evaluation__1953__denoise__boundary_probe__nes__l0.5 calls=1021 margin 2.97->0.05 t=3.1s
[DONE] evaluation__1953__denoise__counterfactual__nes__l0.5 calls=1021 margin 2.97->-5.05 t=3.1s
[DONE] evaluation__1953__deblur__attack__nes__l1 calls=1021 margin 7.62->-3.27 t=2.9s
[DONE] evaluation__1953__deblur__restore__nes__l1 calls=1021 margin 7.62->8.43 t=3.0s
[DONE] evaluation__1953__deblur__random_walk__random_walk__l1 calls=1024 margin 7.62->8.27 t=4.4s
[DONE] evaluation__1953__deblur__confidence_boost__nes__l1 calls=1021 margin 7.62->12.98 t=3.1s
[DONE] evaluation__1953__deblur__boundary_probe__nes__l1 calls=1021 margin 7.62->0.04 t=2.9s
[DONE] evaluation__1953__deblur__counterfactual__nes__l1 calls=1021 margin 7.62->-2.63 t=3.1s
[DONE] evaluation__5231__denoise__attack__nes__l0.5 calls=1021 margin 6.28->1.99 t=2.8s
[DONE] evaluation__5231__denoise__restore__nes__l0.5 calls=1021 margin 6.28->6.06 t=3.0s
[DONE] evaluation__5231__denoise__random_walk__random_walk__l0.5 calls=1024 margin 6.28->6.12 t=4.1s
[DONE] evaluation__5231__denoise__confidence_boost__nes__l0.5 calls=1021 margin 6.28->9.34 t=3.1s
[DONE] evaluation__5231__denoise__boundary_probe__nes__l0.5 calls=1021 margin 6.28->1.50 t=2.9s
[DONE] evaluation__5231__denoise__counterfactual__nes__l0.5 calls=1021 margin 6.28->1.99 t=3.1s
[DONE] evaluation__5231__deblur__attack__nes__l1 calls=1021 margin 5.83->-0.53 t=2.9s
[DONE] evaluation__5231__deblur__restore__nes__l1 calls=1021 margin 5.83->8.25 t=2.7s
[DONE] evaluation__5231__deblur__random_walk__random_walk__l1 calls=1024 margin 5.83->9.23 t=4.1s
[DONE] evaluation__5231__deblur__confidence_boost__nes__l1 calls=1021 margin 5.83->13.85 t=3.0s
[DONE] evaluation__5231__deblur__boundary_probe__nes__l1 calls=1021 margin 5.83->0.03 t=3.0s
[DONE] evaluation__5231__deblur__counterfactual__nes__l1 calls=1021 margin 5.83->-1.22 t=3.1s
[DONE] evaluation__7109__denoise__attack__nes__l0.5 calls=1021 margin 0.10->-7.34 t=3.0s
[DONE] evaluation__7109__denoise__restore__nes__l0.5 calls=1021 margin 0.10->0.06 t=3.2s
[DONE] evaluation__7109__denoise__random_walk__random_walk__l0.5 calls=1024 margin 0.10->-1.09 t=4.4s
[DONE] evaluation__7109__denoise__confidence_boost__nes__l0.5 calls=1021 margin 0.10->6.25 t=3.1s
[DONE] evaluation__7109__denoise__boundary_probe__nes__l0.5 calls=1021 margin 0.10->0.01 t=3.1s
[DONE] evaluation__7109__denoise__counterfactual__nes__l0.5 calls=1021 margin 0.10->-7.18 t=2.9s
[DONE] evaluation__7109__deblur__attack__nes__l1 calls=1021 margin 1.43->-6.77 t=2.8s
[DONE] evaluation__7109__deblur__restore__nes__l1 calls=1021 margin 1.43->1.96 t=3.1s
[DONE] evaluation__7109__deblur__random_walk__random_walk__l1 calls=1024 margin 1.43->-0.22 t=4.2s
[DONE] evaluation__7109__deblur__confidence_boost__nes__l1 calls=1021 margin 1.43->10.65 t=3.2s
[DONE] evaluation__7109__deblur__boundary_probe__nes__l1 calls=1021 margin 1.43->0.04 t=3.0s
[DONE] evaluation__7109__deblur__counterfactual__nes__l1 calls=1021 margin 1.43->-6.38 t=3.0s
[DONE] evaluation__3954__denoise__attack__nes__l0.5 calls=1021 margin 3.25->-2.54 t=2.9s
[DONE] evaluation__3954__denoise__restore__nes__l0.5 calls=1021 margin 3.25->3.65 t=3.2s
[DONE] evaluation__3954__denoise__random_walk__random_walk__l0.5 calls=1024 margin 3.25->3.51 t=4.0s
[DONE] evaluation__3954__denoise__confidence_boost__nes__l0.5 calls=1021 margin 3.25->8.43 t=3.1s
[DONE] evaluation__3954__denoise__boundary_probe__nes__l0.5 calls=1021 margin 3.25->0.03 t=3.0s
[DONE] evaluation__3954__denoise__counterfactual__nes__l0.5 calls=1021 margin 3.25->-2.33 t=3.2s
[DONE] evaluation__3954__deblur__attack__nes__l1 calls=1021 margin 2.21->-4.54 t=3.0s
[DONE] evaluation__3954__deblur__restore__nes__l1 calls=1021 margin 2.21->3.06 t=3.0s
[DONE] evaluation__3954__deblur__random_walk__random_walk__l1 calls=1024 margin 2.21->1.32 t=4.1s
[DONE] evaluation__3954__deblur__confidence_boost__nes__l1 calls=1021 margin 2.21->8.44 t=3.1s
[DONE] evaluation__3954__deblur__boundary_probe__nes__l1 calls=1021 margin 2.21->0.03 t=3.2s
[DONE] evaluation__3954__deblur__counterfactual__nes__l1 calls=1021 margin 2.21->-4.47 t=3.1s
[DONE] evaluation__5625__denoise__attack__nes__l0.5 calls=1021 margin 1.53->-3.08 t=3.1s
[DONE] evaluation__5625__denoise__restore__nes__l0.5 calls=1021 margin 1.53->1.46 t=2.8s
[DONE] evaluation__5625__denoise__random_walk__random_walk__l0.5 calls=1024 margin 1.53->1.26 t=4.2s
[DONE] evaluation__5625__denoise__confidence_boost__nes__l0.5 calls=1021 margin 1.53->4.86 t=3.1s
[DONE] evaluation__5625__denoise__boundary_probe__nes__l0.5 calls=1021 margin 1.53->0.01 t=3.0s
[DONE] evaluation__5625__denoise__counterfactual__nes__l0.5 calls=1021 margin 1.53->-3.29 t=3.1s
[DONE] evaluation__5625__deblur__attack__nes__l1 calls=1021 margin 6.32->0.72 t=3.0s
[DONE] evaluation__5625__deblur__restore__nes__l1 calls=1021 margin 6.32->6.81 t=2.9s
[DONE] evaluation__5625__deblur__random_walk__random_walk__l1 calls=1024 margin 6.32->5.50 t=4.2s
[DONE] evaluation__5625__deblur__confidence_boost__nes__l1 calls=1021 margin 6.32->10.43 t=3.0s
[DONE] evaluation__5625__deblur__boundary_probe__nes__l1 calls=1021 margin 6.32->1.39 t=3.1s
[DONE] evaluation__5625__deblur__counterfactual__nes__l1 calls=1021 margin 6.32->0.67 t=3.1s
[DONE] evaluation__7972__denoise__attack__nes__l0.5 calls=1021 margin 0.16->-6.53 t=3.0s
[DONE] evaluation__7972__denoise__restore__nes__l0.5 calls=1021 margin 0.16->1.40 t=3.0s
[DONE] evaluation__7972__denoise__random_walk__random_walk__l0.5 calls=1024 margin 0.16->-1.07 t=4.2s
[DONE] evaluation__7972__denoise__confidence_boost__nes__l0.5 calls=1021 margin 0.16->6.93 t=3.0s
[DONE] evaluation__7972__denoise__boundary_probe__nes__l0.5 calls=1021 margin 0.16->0.01 t=3.1s
[DONE] evaluation__7972__denoise__counterfactual__nes__l0.5 calls=1021 margin 0.16->-6.06 t=3.1s
[DONE] evaluation__7972__deblur__attack__nes__l1 calls=1021 margin 7.19->0.10 t=3.1s
[DONE] evaluation__7972__deblur__restore__nes__l1 calls=1021 margin 7.19->8.50 t=2.8s
[DONE] evaluation__7972__deblur__random_walk__random_walk__l1 calls=1024 margin 7.19->9.27 t=4.2s
[DONE] evaluation__7972__deblur__confidence_boost__nes__l1 calls=1021 margin 7.19->12.63 t=3.4s
[DONE] evaluation__7972__deblur__boundary_probe__nes__l1 calls=1021 margin 7.19->0.51 t=3.2s
[DONE] evaluation__7972__deblur__counterfactual__nes__l1 calls=1021 margin 7.19->-0.19 t=2.9s
[DONE] evaluation__64__denoise__attack__nes__l0.5 calls=1021 margin 9.93->5.28 t=3.1s
[DONE] evaluation__64__denoise__restore__nes__l0.5 calls=1021 margin 9.93->9.53 t=3.0s
[DONE] evaluation__64__denoise__random_walk__random_walk__l0.5 calls=1024 margin 9.93->9.78 t=4.1s
[DONE] evaluation__64__denoise__confidence_boost__nes__l0.5 calls=1021 margin 9.93->13.00 t=3.2s
[DONE] evaluation__64__denoise__boundary_probe__nes__l0.5 calls=1021 margin 9.93->5.07 t=3.2s
[DONE] evaluation__64__denoise__counterfactual__nes__l0.5 calls=1021 margin 9.93->4.96 t=3.2s
[DONE] evaluation__64__deblur__attack__nes__l1 calls=1021 margin 9.28->-3.89 t=3.0s
[DONE] evaluation__64__deblur__restore__nes__l1 calls=1021 margin 9.28->10.54 t=2.7s
[DONE] evaluation__64__deblur__random_walk__random_walk__l1 calls=1024 margin 9.28->8.41 t=4.1s
[DONE] evaluation__64__deblur__confidence_boost__nes__l1 calls=1021 margin 9.28->14.24 t=3.0s
[DONE] evaluation__64__deblur__boundary_probe__nes__l1 calls=1021 margin 9.28->0.09 t=3.2s
[DONE] evaluation__64__deblur__counterfactual__nes__l1 calls=1021 margin 9.28->-3.47 t=2.8s
[DONE] evaluation__3889__denoise__attack__nes__l0.5 calls=1021 margin 12.29->8.21 t=2.7s
[DONE] evaluation__3889__denoise__restore__nes__l0.5 calls=1021 margin 12.29->12.18 t=2.8s
[DONE] evaluation__3889__denoise__random_walk__random_walk__l0.5 calls=1024 margin 12.29->11.55 t=4.0s
[DONE] evaluation__3889__denoise__confidence_boost__nes__l0.5 calls=1021 margin 12.29->13.49 t=3.1s
[DONE] evaluation__3889__denoise__boundary_probe__nes__l0.5 calls=1021 margin 12.29->7.58 t=3.0s
[DONE] evaluation__3889__denoise__counterfactual__nes__l0.5 calls=1021 margin 12.29->8.81 t=3.3s
[DONE] evaluation__3889__deblur__attack__nes__l1 calls=1021 margin 12.33->6.31 t=2.8s
[DONE] evaluation__3889__deblur__restore__nes__l1 calls=1021 margin 12.33->12.98 t=3.1s
[DONE] evaluation__3889__deblur__random_walk__random_walk__l1 calls=1024 margin 12.33->10.93 t=4.4s
[DONE] evaluation__3889__deblur__confidence_boost__nes__l1 calls=1021 margin 12.33->14.54 t=3.1s
[DONE] evaluation__3889__deblur__boundary_probe__nes__l1 calls=1021 margin 12.33->6.51 t=3.1s
[DONE] evaluation__3889__deblur__counterfactual__nes__l1 calls=1021 margin 12.33->6.76 t=3.1s
[DONE] evaluation__6098__denoise__attack__nes__l0.5 calls=1021 margin 11.05->4.81 t=3.0s
[DONE] evaluation__6098__denoise__restore__nes__l0.5 calls=1021 margin 11.05->11.20 t=3.0s
[DONE] evaluation__6098__denoise__random_walk__random_walk__l0.5 calls=1024 margin 11.05->12.02 t=4.2s
[DONE] evaluation__6098__denoise__confidence_boost__nes__l0.5 calls=1021 margin 11.05->13.84 t=3.1s
[DONE] evaluation__6098__denoise__boundary_probe__nes__l0.5 calls=1021 margin 11.05->5.27 t=3.0s
[DONE] evaluation__6098__denoise__counterfactual__nes__l0.5 calls=1021 margin 11.05->5.00 t=3.2s
[DONE] evaluation__6098__deblur__attack__nes__l1 calls=1021 margin 4.10->-9.85 t=2.7s
[DONE] evaluation__6098__deblur__restore__nes__l1 calls=1021 margin 4.10->5.10 t=2.9s
[DONE] evaluation__6098__deblur__random_walk__random_walk__l1 calls=1024 margin 4.10->11.92 t=4.1s
[DONE] evaluation__6098__deblur__confidence_boost__nes__l1 calls=1021 margin 4.10->14.58 t=2.8s
[DONE] evaluation__6098__deblur__boundary_probe__nes__l1 calls=1021 margin 4.10->0.02 t=3.2s
[DONE] evaluation__6098__deblur__counterfactual__nes__l1 calls=1021 margin 4.10->-8.85 t=3.0s
[DONE] evaluation__8423__denoise__attack__nes__l0.5 calls=1021 margin 10.76->6.74 t=2.8s
[DONE] evaluation__8423__denoise__restore__nes__l0.5 calls=1021 margin 10.76->10.48 t=3.0s
[DONE] evaluation__8423__denoise__random_walk__random_walk__l0.5 calls=1024 margin 10.76->11.23 t=3.9s
[DONE] evaluation__8423__denoise__confidence_boost__nes__l0.5 calls=1021 margin 10.76->13.62 t=2.9s
[DONE] evaluation__8423__denoise__boundary_probe__nes__l0.5 calls=1021 margin 10.76->6.34 t=3.1s
[DONE] evaluation__8423__denoise__counterfactual__nes__l0.5 calls=1021 margin 10.76->6.91 t=3.3s
[DONE] evaluation__8423__deblur__attack__nes__l1 calls=1021 margin 8.78->-1.45 t=2.8s
[DONE] evaluation__8423__deblur__restore__nes__l1 calls=1021 margin 8.78->9.39 t=2.9s
[DONE] evaluation__8423__deblur__random_walk__random_walk__l1 calls=1024 margin 8.78->8.63 t=4.1s
[DONE] evaluation__8423__deblur__confidence_boost__nes__l1 calls=1021 margin 8.78->14.10 t=2.8s
[DONE] evaluation__8423__deblur__boundary_probe__nes__l1 calls=1021 margin 8.78->0.01 t=2.7s
[DONE] evaluation__8423__deblur__counterfactual__nes__l1 calls=1021 margin 8.78->-1.80 t=3.0s
[DONE] evaluation__2117__denoise__attack__nes__l0.5 calls=1021 margin 8.44->2.11 t=3.3s
[DONE] evaluation__2117__denoise__restore__nes__l0.5 calls=1021 margin 8.44->8.37 t=3.0s
[DONE] evaluation__2117__denoise__random_walk__random_walk__l0.5 calls=1024 margin 8.44->8.45 t=4.2s
[DONE] evaluation__2117__denoise__confidence_boost__nes__l0.5 calls=1021 margin 8.44->10.88 t=3.2s
[DONE] evaluation__2117__denoise__boundary_probe__nes__l0.5 calls=1021 margin 8.44->4.69 t=3.1s
[DONE] evaluation__2117__denoise__counterfactual__nes__l0.5 calls=1021 margin 8.44->4.53 t=3.2s
[DONE] evaluation__2117__deblur__attack__nes__l1 calls=1021 margin 11.59->5.80 t=3.2s
[DONE] evaluation__2117__deblur__restore__nes__l1 calls=1021 margin 11.59->11.88 t=3.2s
[DONE] evaluation__2117__deblur__random_walk__random_walk__l1 calls=1024 margin 11.59->11.14 t=4.2s
[DONE] evaluation__2117__deblur__confidence_boost__nes__l1 calls=1021 margin 11.59->14.01 t=3.1s
[DONE] evaluation__2117__deblur__boundary_probe__nes__l1 calls=1021 margin 11.59->5.42 t=3.3s
[DONE] evaluation__2117__deblur__counterfactual__nes__l1 calls=1021 margin 11.59->5.70 t=3.4s
[DONE] evaluation__6357__denoise__attack__nes__l0.5 calls=1021 margin 1.73->-5.22 t=3.1s
[DONE] evaluation__6357__denoise__restore__nes__l0.5 calls=1021 margin 1.73->2.04 t=3.2s
[DONE] evaluation__6357__denoise__random_walk__random_walk__l0.5 calls=1024 margin 1.73->2.41 t=4.1s
[DONE] evaluation__6357__denoise__confidence_boost__nes__l0.5 calls=1021 margin 1.73->5.79 t=3.0s
[DONE] evaluation__6357__denoise__boundary_probe__nes__l0.5 calls=1021 margin 1.73->0.00 t=3.1s
[DONE] evaluation__6357__denoise__counterfactual__nes__l0.5 calls=1021 margin 1.73->-5.58 t=3.2s
[DONE] evaluation__6357__deblur__attack__nes__l1 calls=1021 margin 6.77->-1.12 t=2.9s
[DONE] evaluation__6357__deblur__restore__nes__l1 calls=1021 margin 6.77->6.95 t=3.1s
[DONE] evaluation__6357__deblur__random_walk__random_walk__l1 calls=1024 margin 6.77->5.98 t=4.2s
[DONE] evaluation__6357__deblur__confidence_boost__nes__l1 calls=1021 margin 6.77->10.17 t=2.8s
[DONE] evaluation__6357__deblur__boundary_probe__nes__l1 calls=1021 margin 6.77->0.03 t=3.0s
[DONE] evaluation__6357__deblur__counterfactual__nes__l1 calls=1021 margin 6.77->-0.88 t=2.9s
[DONE] evaluation__9014__denoise__attack__nes__l0.5 calls=1021 margin 4.67->-2.32 t=3.0s
[DONE] evaluation__9014__denoise__restore__nes__l0.5 calls=1021 margin 4.67->4.65 t=2.8s
[DONE] evaluation__9014__denoise__random_walk__random_walk__l0.5 calls=1024 margin 4.67->4.33 t=4.2s
[DONE] evaluation__9014__denoise__confidence_boost__nes__l0.5 calls=1021 margin 4.67->8.81 t=3.0s
[DONE] evaluation__9014__denoise__boundary_probe__nes__l0.5 calls=1021 margin 4.67->0.02 t=3.1s
[DONE] evaluation__9014__denoise__counterfactual__nes__l0.5 calls=1021 margin 4.67->-2.12 t=2.7s
[DONE] evaluation__9014__deblur__attack__nes__l1 calls=1021 margin 4.91->-6.34 t=2.9s
[DONE] evaluation__9014__deblur__restore__nes__l1 calls=1021 margin 4.91->4.41 t=2.7s
[DONE] evaluation__9014__deblur__random_walk__random_walk__l1 calls=1024 margin 4.91->0.12 t=4.2s
[DONE] evaluation__9014__deblur__confidence_boost__nes__l1 calls=1021 margin 4.91->10.32 t=3.1s
[DONE] evaluation__9014__deblur__boundary_probe__nes__l1 calls=1021 margin 4.91->0.05 t=3.1s
[DONE] evaluation__9014__deblur__counterfactual__nes__l1 calls=1021 margin 4.91->-3.62 t=3.0s
[DONE] evaluation__2194__denoise__attack__nes__l0.5 calls=1021 margin 4.15->-2.91 t=3.1s
[DONE] evaluation__2194__denoise__restore__nes__l0.5 calls=1021 margin 4.15->4.22 t=3.2s
[DONE] evaluation__2194__denoise__random_walk__random_walk__l0.5 calls=1024 margin 4.15->3.55 t=4.0s
[DONE] evaluation__2194__denoise__confidence_boost__nes__l0.5 calls=1021 margin 4.15->9.38 t=3.1s
[DONE] evaluation__2194__denoise__boundary_probe__nes__l0.5 calls=1021 margin 4.15->0.01 t=3.1s
[DONE] evaluation__2194__denoise__counterfactual__nes__l0.5 calls=1021 margin 4.15->-4.05 t=3.0s
[DONE] evaluation__2194__deblur__attack__nes__l1 calls=1021 margin 13.27->8.07 t=2.7s
[DONE] evaluation__2194__deblur__restore__nes__l1 calls=1021 margin 13.27->13.58 t=2.7s
[DONE] evaluation__2194__deblur__random_walk__random_walk__l1 calls=1024 margin 13.27->12.77 t=3.9s
[DONE] evaluation__2194__deblur__confidence_boost__nes__l1 calls=1021 margin 13.27->14.35 t=3.3s
[DONE] evaluation__2194__deblur__boundary_probe__nes__l1 calls=1021 margin 13.27->7.96 t=2.7s
[DONE] evaluation__2194__deblur__counterfactual__nes__l1 calls=1021 margin 13.27->8.29 t=2.9s
[DONE] evaluation__5263__denoise__attack__nes__l0.5 calls=1021 margin 5.03->-0.20 t=2.8s
[DONE] evaluation__5263__denoise__restore__nes__l0.5 calls=1021 margin 5.03->5.09 t=3.1s
[DONE] evaluation__5263__denoise__random_walk__random_walk__l0.5 calls=1024 margin 5.03->5.52 t=4.1s
[DONE] evaluation__5263__denoise__confidence_boost__nes__l0.5 calls=1021 margin 5.03->10.00 t=2.8s
[DONE] evaluation__5263__denoise__boundary_probe__nes__l0.5 calls=1021 margin 5.03->0.01 t=3.0s
[DONE] evaluation__5263__denoise__counterfactual__nes__l0.5 calls=1021 margin 5.03->-0.23 t=3.1s
[DONE] evaluation__5263__deblur__attack__nes__l1 calls=1021 margin 9.43->0.59 t=3.0s
[DONE] evaluation__5263__deblur__restore__nes__l1 calls=1021 margin 9.43->10.71 t=2.9s
[DONE] evaluation__5263__deblur__random_walk__random_walk__l1 calls=1024 margin 9.43->7.50 t=4.1s
[DONE] evaluation__5263__deblur__confidence_boost__nes__l1 calls=1021 margin 9.43->14.77 t=2.9s
[DONE] evaluation__5263__deblur__boundary_probe__nes__l1 calls=1021 margin 9.43->0.60 t=3.1s
[DONE] evaluation__5263__deblur__counterfactual__nes__l1 calls=1021 margin 9.43->-1.38 t=2.8s
[DONE] evaluation__7782__denoise__attack__nes__l0.5 calls=1021 margin 7.07->1.95 t=3.2s
[DONE] evaluation__7782__denoise__restore__nes__l0.5 calls=1021 margin 7.07->7.50 t=3.1s
[DONE] evaluation__7782__denoise__random_walk__random_walk__l0.5 calls=1024 margin 7.07->7.74 t=4.2s
[DONE] evaluation__7782__denoise__confidence_boost__nes__l0.5 calls=1021 margin 7.07->10.69 t=3.0s
[DONE] evaluation__7782__denoise__boundary_probe__nes__l0.5 calls=1021 margin 7.07->1.59 t=3.1s
[DONE] evaluation__7782__denoise__counterfactual__nes__l0.5 calls=1021 margin 7.07->1.83 t=2.9s
[DONE] evaluation__7782__deblur__attack__nes__l1 calls=1021 margin 12.75->7.19 t=3.2s
[DONE] evaluation__7782__deblur__restore__nes__l1 calls=1021 margin 12.75->13.04 t=3.0s
[DONE] evaluation__7782__deblur__random_walk__random_walk__l1 calls=1024 margin 12.75->12.55 t=3.9s
[DONE] evaluation__7782__deblur__confidence_boost__nes__l1 calls=1021 margin 12.75->14.65 t=3.1s
[DONE] evaluation__7782__deblur__boundary_probe__nes__l1 calls=1021 margin 12.75->7.13 t=3.1s
[DONE] evaluation__7782__deblur__counterfactual__nes__l1 calls=1021 margin 12.75->7.95 t=3.0s
[DONE] evaluation__566__denoise__attack__nes__l0.5 calls=1021 margin 5.98->-4.70 t=3.1s
[DONE] evaluation__566__denoise__restore__nes__l0.5 calls=1021 margin 5.98->5.88 t=3.1s
[DONE] evaluation__566__denoise__random_walk__random_walk__l0.5 calls=1024 margin 5.98->6.20 t=4.1s
[DONE] evaluation__566__denoise__confidence_boost__nes__l0.5 calls=1021 margin 5.98->11.05 t=2.8s
[DONE] evaluation__566__denoise__boundary_probe__nes__l0.5 calls=1021 margin 5.98->0.03 t=3.1s
[DONE] evaluation__566__denoise__counterfactual__nes__l0.5 calls=1021 margin 5.98->-5.84 t=3.1s
[DONE] evaluation__566__deblur__attack__nes__l1 calls=1021 margin 9.57->2.38 t=3.0s
[DONE] evaluation__566__deblur__restore__nes__l1 calls=1021 margin 9.57->9.70 t=2.9s
[DONE] evaluation__566__deblur__random_walk__random_walk__l1 calls=1024 margin 9.57->9.37 t=4.0s
[DONE] evaluation__566__deblur__confidence_boost__nes__l1 calls=1021 margin 9.57->12.59 t=2.8s
[DONE] evaluation__566__deblur__boundary_probe__nes__l1 calls=1021 margin 9.57->3.68 t=3.0s
[DONE] evaluation__566__deblur__counterfactual__nes__l1 calls=1021 margin 9.57->4.16 t=2.9s
[DONE] evaluation__2954__denoise__attack__nes__l0.5 calls=1021 margin 3.20->-2.97 t=3.2s
[DONE] evaluation__2954__denoise__restore__nes__l0.5 calls=1021 margin 3.20->3.60 t=3.2s
[DONE] evaluation__2954__denoise__random_walk__random_walk__l0.5 calls=1024 margin 3.20->4.30 t=4.0s
[DONE] evaluation__2954__denoise__confidence_boost__nes__l0.5 calls=1021 margin 3.20->7.93 t=2.9s
[DONE] evaluation__2954__denoise__boundary_probe__nes__l0.5 calls=1021 margin 3.20->0.00 t=2.9s
[DONE] evaluation__2954__denoise__counterfactual__nes__l0.5 calls=1021 margin 3.20->-3.16 t=3.1s
[DONE] evaluation__2954__deblur__attack__nes__l1 calls=1021 margin 4.85->-3.91 t=2.9s
[DONE] evaluation__2954__deblur__restore__nes__l1 calls=1021 margin 4.85->5.80 t=3.0s
[DONE] evaluation__2954__deblur__random_walk__random_walk__l1 calls=1024 margin 4.85->5.28 t=3.9s
[DONE] evaluation__2954__deblur__confidence_boost__nes__l1 calls=1021 margin 4.85->10.60 t=2.8s
[DONE] evaluation__2954__deblur__boundary_probe__nes__l1 calls=1021 margin 4.85->0.01 t=2.8s
[DONE] evaluation__2954__deblur__counterfactual__nes__l1 calls=1021 margin 4.85->-3.72 t=3.1s
[DONE] evaluation__5087__denoise__attack__nes__l0.5 calls=1021 margin 7.26->4.12 t=3.1s
[DONE] evaluation__5087__denoise__restore__nes__l0.5 calls=1021 margin 7.26->7.48 t=3.2s
[DONE] evaluation__5087__denoise__random_walk__random_walk__l0.5 calls=1024 margin 7.26->6.22 t=4.3s
[DONE] evaluation__5087__denoise__confidence_boost__nes__l0.5 calls=1021 margin 7.26->9.82 t=3.0s
[DONE] evaluation__5087__denoise__boundary_probe__nes__l0.5 calls=1021 margin 7.26->4.00 t=2.9s
[DONE] evaluation__5087__denoise__counterfactual__nes__l0.5 calls=1021 margin 7.26->4.07 t=3.0s
[DONE] evaluation__5087__deblur__attack__nes__l1 calls=1021 margin 9.72->4.93 t=3.0s
[DONE] evaluation__5087__deblur__restore__nes__l1 calls=1021 margin 9.72->10.49 t=3.1s
[DONE] evaluation__5087__deblur__random_walk__random_walk__l1 calls=1024 margin 9.72->10.78 t=4.0s
[DONE] evaluation__5087__deblur__confidence_boost__nes__l1 calls=1021 margin 9.72->13.53 t=3.1s
[DONE] evaluation__5087__deblur__boundary_probe__nes__l1 calls=1021 margin 9.72->5.14 t=2.8s
[DONE] evaluation__5087__deblur__counterfactual__nes__l1 calls=1021 margin 9.72->4.48 t=3.0s
[DONE] evaluation__9927__denoise__attack__nes__l0.5 calls=1021 margin 2.68->-3.10 t=3.2s
[DONE] evaluation__9927__denoise__restore__nes__l0.5 calls=1021 margin 2.68->3.07 t=3.0s
[DONE] evaluation__9927__denoise__random_walk__random_walk__l0.5 calls=1024 margin 2.68->2.68 t=4.1s
[DONE] evaluation__9927__denoise__confidence_boost__nes__l0.5 calls=1021 margin 2.68->8.47 t=3.0s
[DONE] evaluation__9927__denoise__boundary_probe__nes__l0.5 calls=1021 margin 2.68->0.00 t=2.8s
[DONE] evaluation__9927__denoise__counterfactual__nes__l0.5 calls=1021 margin 2.68->-3.07 t=3.1s
[DONE] evaluation__9927__deblur__attack__nes__l1 calls=1021 margin 8.94->-3.43 t=3.0s
[DONE] evaluation__9927__deblur__restore__nes__l1 calls=1021 margin 8.94->9.57 t=3.2s
[DONE] evaluation__9927__deblur__random_walk__random_walk__l1 calls=1024 margin 8.94->1.71 t=4.3s
[DONE] evaluation__9927__deblur__confidence_boost__nes__l1 calls=1021 margin 8.94->13.20 t=2.7s
[DONE] evaluation__9927__deblur__boundary_probe__nes__l1 calls=1021 margin 8.94->0.03 t=2.8s
[DONE] evaluation__9927__deblur__counterfactual__nes__l1 calls=1021 margin 8.94->-2.43 t=3.2s
[DONE] fit__7115__denoise__attack__nes__l0.5 calls=1021 margin 3.06->0.37 t=3.1s
[DONE] fit__7115__denoise__restore__nes__l0.5 calls=1021 margin 3.06->3.09 t=2.8s
[DONE] fit__7115__denoise__random_walk__random_walk__l0.5 calls=1024 margin 3.06->3.35 t=4.3s
[DONE] fit__7115__denoise__confidence_boost__nes__l0.5 calls=1021 margin 3.06->5.39 t=3.0s
[DONE] fit__7115__denoise__boundary_probe__nes__l0.5 calls=1021 margin 3.06->0.36 t=3.0s
[DONE] fit__7115__denoise__counterfactual__nes__l0.5 calls=1021 margin 3.06->0.45 t=3.0s
[DONE] fit__7115__deblur__attack__nes__l1 calls=1021 margin 7.30->3.51 t=3.0s
[DONE] fit__7115__deblur__restore__nes__l1 calls=1021 margin 7.30->7.15 t=3.3s
[DONE] fit__7115__deblur__random_walk__random_walk__l1 calls=1024 margin 7.30->5.76 t=4.3s
[DONE] fit__7115__deblur__confidence_boost__nes__l1 calls=1021 margin 7.30->9.15 t=3.0s
[DONE] fit__7115__deblur__boundary_probe__nes__l1 calls=1021 margin 7.30->3.77 t=3.0s
[DONE] fit__7115__deblur__counterfactual__nes__l1 calls=1021 margin 7.30->3.36 t=3.1s
[DONE] fit__4292__denoise__attack__nes__l0.5 calls=1021 margin 10.39->6.18 t=3.3s
[DONE] fit__4292__denoise__restore__nes__l0.5 calls=1021 margin 10.39->10.58 t=3.0s
[DONE] fit__4292__denoise__random_walk__random_walk__l0.5 calls=1024 margin 10.39->10.59 t=4.0s
[DONE] fit__4292__denoise__confidence_boost__nes__l0.5 calls=1021 margin 10.39->12.20 t=2.6s
[DONE] fit__4292__denoise__boundary_probe__nes__l0.5 calls=1021 margin 10.39->6.41 t=2.8s
[DONE] fit__4292__denoise__counterfactual__nes__l0.5 calls=1021 margin 10.39->6.38 t=2.7s
[DONE] fit__4292__deblur__attack__nes__l1 calls=1021 margin 11.09->7.56 t=2.7s
[DONE] fit__4292__deblur__restore__nes__l1 calls=1021 margin 11.09->11.25 t=2.8s
[DONE] fit__4292__deblur__random_walk__random_walk__l1 calls=1024 margin 11.09->11.13 t=4.4s
[DONE] fit__4292__deblur__confidence_boost__nes__l1 calls=1021 margin 11.09->12.77 t=3.1s
[DONE] fit__4292__deblur__boundary_probe__nes__l1 calls=1021 margin 11.09->6.98 t=3.2s
[DONE] fit__4292__deblur__counterfactual__nes__l1 calls=1021 margin 11.09->7.47 t=2.8s
[DONE] fit__8282__denoise__attack__nes__l0.5 calls=1021 margin 2.24->-6.63 t=2.9s
[DONE] fit__8282__denoise__restore__nes__l0.5 calls=1021 margin 2.24->2.33 t=2.9s
[DONE] fit__8282__denoise__random_walk__random_walk__l0.5 calls=1024 margin 2.24->-0.20 t=4.5s
[DONE] fit__8282__denoise__confidence_boost__nes__l0.5 calls=1021 margin 2.24->9.04 t=3.0s
[DONE] fit__8282__denoise__boundary_probe__nes__l0.5 calls=1021 margin 2.24->0.00 t=2.8s
[DONE] fit__8282__denoise__counterfactual__nes__l0.5 calls=1021 margin 2.24->-5.93 t=3.1s
[DONE] fit__8282__deblur__attack__nes__l1 calls=1021 margin 11.08->6.57 t=2.7s
[DONE] fit__8282__deblur__restore__nes__l1 calls=1021 margin 11.08->11.23 t=2.9s
[DONE] fit__8282__deblur__random_walk__random_walk__l1 calls=1024 margin 11.08->11.13 t=4.4s
[DONE] fit__8282__deblur__confidence_boost__nes__l1 calls=1021 margin 11.08->12.56 t=2.9s
[DONE] fit__8282__deblur__boundary_probe__nes__l1 calls=1021 margin 11.08->6.81 t=2.8s
[DONE] fit__8282__deblur__counterfactual__nes__l1 calls=1021 margin 11.08->6.57 t=3.0s
[DONE] fit__2610__denoise__attack__nes__l0.5 calls=1021 margin 9.46->4.49 t=3.0s
[DONE] fit__2610__denoise__restore__nes__l0.5 calls=1021 margin 9.46->9.83 t=3.2s
[DONE] fit__2610__denoise__random_walk__random_walk__l0.5 calls=1024 margin 9.46->8.34 t=4.4s
[DONE] fit__2610__denoise__confidence_boost__nes__l0.5 calls=1021 margin 9.46->12.48 t=3.1s
[DONE] fit__2610__denoise__boundary_probe__nes__l0.5 calls=1021 margin 9.46->4.93 t=2.8s
[DONE] fit__2610__denoise__counterfactual__nes__l0.5 calls=1021 margin 9.46->4.71 t=3.1s
[DONE] fit__2610__deblur__attack__nes__l1 calls=1021 margin 9.28->2.19 t=3.0s
[DONE] fit__2610__deblur__restore__nes__l1 calls=1021 margin 9.28->9.75 t=3.1s
[DONE] fit__2610__deblur__random_walk__random_walk__l1 calls=1024 margin 9.28->9.40 t=4.5s
[DONE] fit__2610__deblur__confidence_boost__nes__l1 calls=1021 margin 9.28->13.19 t=3.1s
[DONE] fit__2610__deblur__boundary_probe__nes__l1 calls=1021 margin 9.28->1.57 t=3.0s
[DONE] fit__2610__deblur__counterfactual__nes__l1 calls=1021 margin 9.28->5.62 t=3.0s
[DONE] fit__9424__denoise__attack__nes__l0.5 calls=1021 margin 7.95->2.33 t=3.0s
[DONE] fit__9424__denoise__restore__nes__l0.5 calls=1021 margin 7.95->8.25 t=2.9s
[DONE] fit__9424__denoise__random_walk__random_walk__l0.5 calls=1024 margin 7.95->7.38 t=4.3s
[DONE] fit__9424__denoise__confidence_boost__nes__l0.5 calls=1021 margin 7.95->11.39 t=2.9s
[DONE] fit__9424__denoise__boundary_probe__nes__l0.5 calls=1021 margin 7.95->2.27 t=3.0s
[DONE] fit__9424__denoise__counterfactual__nes__l0.5 calls=1021 margin 7.95->2.87 t=2.8s
[DONE] fit__9424__deblur__attack__nes__l1 calls=1021 margin 9.16->2.86 t=2.9s
[DONE] fit__9424__deblur__restore__nes__l1 calls=1021 margin 9.16->8.91 t=2.9s
[DONE] fit__9424__deblur__random_walk__random_walk__l1 calls=1024 margin 9.16->8.12 t=4.3s
[DONE] fit__9424__deblur__confidence_boost__nes__l1 calls=1021 margin 9.16->11.98 t=3.1s
[DONE] fit__9424__deblur__boundary_probe__nes__l1 calls=1021 margin 9.16->3.12 t=3.1s
[DONE] fit__9424__deblur__counterfactual__nes__l1 calls=1021 margin 9.16->3.03 t=3.0s
[DONE] fit__5620__denoise__attack__nes__l0.5 calls=1021 margin 3.26->-1.93 t=2.7s
[DONE] fit__5620__denoise__restore__nes__l0.5 calls=1021 margin 3.26->3.66 t=3.0s
[DONE] fit__5620__denoise__random_walk__random_walk__l0.5 calls=1024 margin 3.26->2.64 t=4.4s
[DONE] fit__5620__denoise__confidence_boost__nes__l0.5 calls=1021 margin 3.26->7.49 t=2.9s
[DONE] fit__5620__denoise__boundary_probe__nes__l0.5 calls=1021 margin 3.26->0.01 t=3.0s
[DONE] fit__5620__denoise__counterfactual__nes__l0.5 calls=1021 margin 3.26->-2.36 t=2.9s
[DONE] fit__5620__deblur__attack__nes__l1 calls=1021 margin 1.90->-4.27 t=2.9s
[DONE] fit__5620__deblur__restore__nes__l1 calls=1021 margin 1.90->1.46 t=3.3s
[DONE] fit__5620__deblur__random_walk__random_walk__l1 calls=1024 margin 1.90->1.37 t=4.3s
[DONE] fit__5620__deblur__confidence_boost__nes__l1 calls=1021 margin 1.90->6.92 t=3.3s
[DONE] fit__5620__deblur__boundary_probe__nes__l1 calls=1021 margin 1.90->0.00 t=3.1s
[DONE] fit__5620__deblur__counterfactual__nes__l1 calls=1021 margin 1.90->-4.16 t=2.9s
[DONE] fit__1267__denoise__attack__nes__l0.5 calls=1021 margin 3.29->-6.31 t=2.8s
[DONE] fit__1267__denoise__restore__nes__l0.5 calls=1021 margin 3.29->3.36 t=3.1s
[DONE] fit__1267__denoise__random_walk__random_walk__l0.5 calls=1024 margin 3.29->2.48 t=4.2s
[DONE] fit__1267__denoise__confidence_boost__nes__l0.5 calls=1021 margin 3.29->11.48 t=3.0s
[DONE] fit__1267__denoise__boundary_probe__nes__l0.5 calls=1021 margin 3.29->0.03 t=3.0s
[DONE] fit__1267__denoise__counterfactual__nes__l0.5 calls=1021 margin 3.29->-7.00 t=2.7s
[DONE] fit__1267__deblur__attack__nes__l1 calls=1021 margin 8.17->1.02 t=2.8s
[DONE] fit__1267__deblur__restore__nes__l1 calls=1021 margin 8.17->10.08 t=3.1s
[DONE] fit__1267__deblur__random_walk__random_walk__l1 calls=1024 margin 8.17->10.99 t=4.1s
[DONE] fit__1267__deblur__confidence_boost__nes__l1 calls=1021 margin 8.17->14.91 t=3.1s
[DONE] fit__1267__deblur__boundary_probe__nes__l1 calls=1021 margin 8.17->0.04 t=2.9s
[DONE] fit__1267__deblur__counterfactual__nes__l1 calls=1021 margin 8.17->-0.53 t=3.1s
[DONE] fit__8784__denoise__attack__nes__l0.5 calls=1021 margin 4.11->-4.84 t=2.8s
[DONE] fit__8784__denoise__restore__nes__l0.5 calls=1021 margin 4.11->4.65 t=3.1s
[DONE] fit__8784__denoise__random_walk__random_walk__l0.5 calls=1024 margin 4.11->3.68 t=4.1s
[DONE] fit__8784__denoise__confidence_boost__nes__l0.5 calls=1021 margin 4.11->9.74 t=3.1s
[DONE] fit__8784__denoise__boundary_probe__nes__l0.5 calls=1021 margin 4.11->0.01 t=2.8s
[DONE] fit__8784__denoise__counterfactual__nes__l0.5 calls=1021 margin 4.11->-1.88 t=2.8s
[DONE] fit__8784__deblur__attack__nes__l1 calls=1021 margin 11.75->2.09 t=2.7s
[DONE] fit__8784__deblur__restore__nes__l1 calls=1021 margin 11.75->11.51 t=3.0s
[DONE] fit__8784__deblur__random_walk__random_walk__l1 calls=1024 margin 11.75->8.62 t=4.1s
[DONE] fit__8784__deblur__confidence_boost__nes__l1 calls=1021 margin 11.75->14.72 t=3.0s
[DONE] fit__8784__deblur__boundary_probe__nes__l1 calls=1021 margin 11.75->1.83 t=3.2s
[DONE] fit__8784__deblur__counterfactual__nes__l1 calls=1021 margin 11.75->1.28 t=2.8s
[DONE] fit__4420__denoise__attack__nes__l0.5 calls=1021 margin 1.88->-5.19 t=2.9s
[DONE] fit__4420__denoise__restore__nes__l0.5 calls=1021 margin 1.88->1.51 t=2.9s
[DONE] fit__4420__denoise__random_walk__random_walk__l0.5 calls=1024 margin 1.88->2.95 t=4.1s
[DONE] fit__4420__denoise__confidence_boost__nes__l0.5 calls=1021 margin 1.88->6.68 t=3.2s
[DONE] fit__4420__denoise__boundary_probe__nes__l0.5 calls=1021 margin 1.88->0.04 t=3.1s
[DONE] fit__4420__denoise__counterfactual__nes__l0.5 calls=1021 margin 1.88->-5.19 t=2.9s
[DONE] fit__4420__deblur__attack__nes__l1 calls=1021 margin 10.33->2.46 t=3.1s
[DONE] fit__4420__deblur__restore__nes__l1 calls=1021 margin 10.33->11.30 t=2.9s
[DONE] fit__4420__deblur__random_walk__random_walk__l1 calls=1024 margin 10.33->8.32 t=4.1s
[DONE] fit__4420__deblur__confidence_boost__nes__l1 calls=1021 margin 10.33->13.96 t=2.9s
[DONE] fit__4420__deblur__boundary_probe__nes__l1 calls=1021 margin 10.33->0.69 t=3.0s
[DONE] fit__4420__deblur__counterfactual__nes__l1 calls=1021 margin 10.33->1.09 t=3.0s
[DONE] fit__9589__denoise__attack__nes__l0.5 calls=1021 margin 2.68->-2.05 t=3.1s
[DONE] fit__9589__denoise__restore__nes__l0.5 calls=1021 margin 2.68->2.45 t=3.2s
[DONE] fit__9589__denoise__random_walk__random_walk__l0.5 calls=1024 margin 2.68->3.15 t=4.2s
[DONE] fit__9589__denoise__confidence_boost__nes__l0.5 calls=1021 margin 2.68->6.94 t=3.0s
[DONE] fit__9589__denoise__boundary_probe__nes__l0.5 calls=1021 margin 2.68->0.01 t=3.2s
[DONE] fit__9589__denoise__counterfactual__nes__l0.5 calls=1021 margin 2.68->-2.16 t=3.0s
[DONE] fit__9589__deblur__attack__nes__l1 calls=1021 margin 6.67->2.31 t=2.8s
[DONE] fit__9589__deblur__restore__nes__l1 calls=1021 margin 6.67->7.23 t=3.0s
[DONE] fit__9589__deblur__random_walk__random_walk__l1 calls=1024 margin 6.67->7.11 t=4.2s
[DONE] fit__9589__deblur__confidence_boost__nes__l1 calls=1021 margin 6.67->9.89 t=3.0s
[DONE] fit__9589__deblur__boundary_probe__nes__l1 calls=1021 margin 6.67->2.93 t=3.2s
[DONE] fit__9589__deblur__counterfactual__nes__l1 calls=1021 margin 6.67->2.76 t=3.1s
[DONE] fit__4916__denoise__attack__nes__l0.5 calls=1021 margin 3.54->-2.31 t=3.1s
[DONE] fit__4916__denoise__restore__nes__l0.5 calls=1021 margin 3.54->3.60 t=3.1s
[DONE] fit__4916__denoise__random_walk__random_walk__l0.5 calls=1024 margin 3.54->4.45 t=4.2s
[DONE] fit__4916__denoise__confidence_boost__nes__l0.5 calls=1021 margin 3.54->8.31 t=3.0s
[DONE] fit__4916__denoise__boundary_probe__nes__l0.5 calls=1021 margin 3.54->0.00 t=3.2s
[DONE] fit__4916__denoise__counterfactual__nes__l0.5 calls=1021 margin 3.54->-1.74 t=2.9s
[DONE] fit__4916__deblur__attack__nes__l1 calls=1021 margin 3.18->-5.72 t=2.9s
[DONE] fit__4916__deblur__restore__nes__l1 calls=1021 margin 3.18->4.26 t=3.0s
[DONE] fit__4916__deblur__random_walk__random_walk__l1 calls=1024 margin 3.18->6.29 t=4.0s
[DONE] fit__4916__deblur__confidence_boost__nes__l1 calls=1021 margin 3.18->11.67 t=2.9s
[DONE] fit__4916__deblur__boundary_probe__nes__l1 calls=1021 margin 3.18->0.00 t=3.2s
[DONE] fit__4916__deblur__counterfactual__nes__l1 calls=1021 margin 3.18->-6.01 t=3.1s
[DONE] fit__1426__denoise__attack__nes__l0.5 calls=1021 margin 8.34->4.49 t=3.0s
[DONE] fit__1426__denoise__restore__nes__l0.5 calls=1021 margin 8.34->8.26 t=3.0s
[DONE] fit__1426__denoise__random_walk__random_walk__l0.5 calls=1024 margin 8.34->8.02 t=4.0s
[DONE] fit__1426__denoise__confidence_boost__nes__l0.5 calls=1021 margin 8.34->10.75 t=3.0s
[DONE] fit__1426__denoise__boundary_probe__nes__l0.5 calls=1021 margin 8.34->5.05 t=3.0s
[DONE] fit__1426__denoise__counterfactual__nes__l0.5 calls=1021 margin 8.34->4.98 t=2.9s
[DONE] fit__1426__deblur__attack__nes__l1 calls=1021 margin 9.82->1.83 t=2.8s
[DONE] fit__1426__deblur__restore__nes__l1 calls=1021 margin 9.82->10.01 t=2.9s
[DONE] fit__1426__deblur__random_walk__random_walk__l1 calls=1024 margin 9.82->9.10 t=4.0s
[DONE] fit__1426__deblur__confidence_boost__nes__l1 calls=1021 margin 9.82->14.00 t=3.0s
[DONE] fit__1426__deblur__boundary_probe__nes__l1 calls=1021 margin 9.82->2.63 t=3.0s
[DONE] fit__1426__deblur__counterfactual__nes__l1 calls=1021 margin 9.82->1.96 t=3.2s
[DONE] fit__9395__denoise__attack__nes__l0.5 calls=1021 margin 3.66->-2.13 t=3.1s
[DONE] fit__9395__denoise__restore__nes__l0.5 calls=1021 margin 3.66->4.04 t=3.3s
[DONE] fit__9395__denoise__random_walk__random_walk__l0.5 calls=1024 margin 3.66->4.62 t=4.0s
[DONE] fit__9395__denoise__confidence_boost__nes__l0.5 calls=1021 margin 3.66->7.93 t=3.2s
[DONE] fit__9395__denoise__boundary_probe__nes__l0.5 calls=1021 margin 3.66->0.02 t=3.2s
[DONE] fit__9395__denoise__counterfactual__nes__l0.5 calls=1021 margin 3.66->-2.28 t=3.1s
[DONE] fit__9395__deblur__attack__nes__l1 calls=1021 margin 7.26->1.15 t=3.0s
[DONE] fit__9395__deblur__restore__nes__l1 calls=1021 margin 7.26->7.23 t=3.1s
[DONE] fit__9395__deblur__random_walk__random_walk__l1 calls=1024 margin 7.26->5.86 t=4.1s
[DONE] fit__9395__deblur__confidence_boost__nes__l1 calls=1021 margin 7.26->11.61 t=3.3s
[DONE] fit__9395__deblur__boundary_probe__nes__l1 calls=1021 margin 7.26->1.23 t=3.2s
[DONE] fit__9395__deblur__counterfactual__nes__l1 calls=1021 margin 7.26->1.97 t=3.1s
[DONE] fit__1259__denoise__attack__nes__l0.5 calls=1021 margin 6.61->2.91 t=3.1s
[DONE] fit__1259__denoise__restore__nes__l0.5 calls=1021 margin 6.61->6.77 t=3.3s
[DONE] fit__1259__denoise__random_walk__random_walk__l0.5 calls=1024 margin 6.61->6.52 t=4.4s
[DONE] fit__1259__denoise__confidence_boost__nes__l0.5 calls=1021 margin 6.61->9.52 t=3.1s
[DONE] fit__1259__denoise__boundary_probe__nes__l0.5 calls=1021 margin 6.61->2.05 t=3.2s
[DONE] fit__1259__denoise__counterfactual__nes__l0.5 calls=1021 margin 6.61->2.28 t=2.9s
[DONE] fit__1259__deblur__attack__nes__l1 calls=1021 margin 11.28->7.45 t=3.0s
[DONE] fit__1259__deblur__restore__nes__l1 calls=1021 margin 11.28->11.83 t=3.1s
[DONE] fit__1259__deblur__random_walk__random_walk__l1 calls=1024 margin 11.28->12.13 t=4.0s
[DONE] fit__1259__deblur__confidence_boost__nes__l1 calls=1021 margin 11.28->13.97 t=2.9s
[DONE] fit__1259__deblur__boundary_probe__nes__l1 calls=1021 margin 11.28->8.13 t=2.7s
[DONE] fit__1259__deblur__counterfactual__nes__l1 calls=1021 margin 11.28->8.30 t=2.8s
[DONE] fit__9451__denoise__attack__nes__l0.5 calls=1021 margin 4.38->-0.15 t=2.7s
[DONE] fit__9451__denoise__restore__nes__l0.5 calls=1021 margin 4.38->4.16 t=2.8s
[DONE] fit__9451__denoise__random_walk__random_walk__l0.5 calls=1024 margin 4.38->4.08 t=4.0s
[DONE] fit__9451__denoise__confidence_boost__nes__l0.5 calls=1021 margin 4.38->8.29 t=2.8s
[DONE] fit__9451__denoise__boundary_probe__nes__l0.5 calls=1021 margin 4.38->0.04 t=3.1s
[DONE] fit__9451__denoise__counterfactual__nes__l0.5 calls=1021 margin 4.38->-0.64 t=3.1s
[DONE] fit__9451__deblur__attack__nes__l1 calls=1021 margin 2.96->-4.84 t=3.0s
[DONE] fit__9451__deblur__restore__nes__l1 calls=1021 margin 2.96->5.01 t=3.3s
[DONE] fit__9451__deblur__random_walk__random_walk__l1 calls=1024 margin 2.96->7.91 t=4.1s
[DONE] fit__9451__deblur__confidence_boost__nes__l1 calls=1021 margin 2.96->10.49 t=2.8s
[DONE] fit__9451__deblur__boundary_probe__nes__l1 calls=1021 margin 2.96->0.00 t=3.0s
[DONE] fit__9451__deblur__counterfactual__nes__l1 calls=1021 margin 2.96->-4.81 t=3.0s
[DONE] fit__6207__denoise__attack__nes__l0.5 calls=1021 margin 6.89->3.24 t=3.1s
[DONE] fit__6207__denoise__restore__nes__l0.5 calls=1021 margin 6.89->6.87 t=3.0s
[DONE] fit__6207__denoise__random_walk__random_walk__l0.5 calls=1024 margin 6.89->6.85 t=4.2s
[DONE] fit__6207__denoise__confidence_boost__nes__l0.5 calls=1021 margin 6.89->8.71 t=2.9s
[DONE] fit__6207__denoise__boundary_probe__nes__l0.5 calls=1021 margin 6.89->3.69 t=3.0s
[DONE] fit__6207__denoise__counterfactual__nes__l0.5 calls=1021 margin 6.89->4.67 t=3.1s
[DONE] fit__6207__deblur__attack__nes__l1 calls=1021 margin 8.33->4.08 t=3.0s
[DONE] fit__6207__deblur__restore__nes__l1 calls=1021 margin 8.33->9.23 t=3.0s
[DONE] fit__6207__deblur__random_walk__random_walk__l1 calls=1024 margin 8.33->9.20 t=4.0s
[DONE] fit__6207__deblur__confidence_boost__nes__l1 calls=1021 margin 8.33->11.45 t=2.9s
[DONE] fit__6207__deblur__boundary_probe__nes__l1 calls=1021 margin 8.33->3.87 t=3.1s
[DONE] fit__6207__deblur__counterfactual__nes__l1 calls=1021 margin 8.33->3.87 t=2.8s
