[DONE] calibration__2877__denoise__attack__nes__l0.5 calls=1021 margin 2.70->-3.73 t=2.6s
[DONE] calibration__2877__denoise__restore__nes__l0.5 calls=1021 margin 2.70->2.93 t=2.9s
[DONE] calibration__2877__denoise__random_walk__random_walk__l0.5 calls=1024 margin 2.70->2.35 t=4.0s
[DONE] calibration__2877__denoise__confidence_boost__nes__l0.5 calls=1021 margin 2.70->7.06 t=3.4s
[DONE] calibration__2877__denoise__boundary_probe__nes__l0.5 calls=1021 margin 2.70->0.01 t=3.5s
[DONE] calibration__2877__denoise__counterfactual__nes__l0.5 calls=1021 margin 2.70->-3.35 t=3.2s
[DONE] calibration__2877__deblur__attack__nes__l1 calls=1021 margin 3.24->-0.97 t=3.0s
[DONE] calibration__2877__deblur__restore__nes__l1 calls=1021 margin 3.24->3.70 t=3.0s
[DONE] calibration__2877__deblur__random_walk__random_walk__l1 calls=1024 margin 3.24->3.61 t=4.2s
[DONE] calibration__2877__deblur__confidence_boost__nes__l1 calls=1021 margin 3.24->7.94 t=3.5s
[DONE] calibration__2877__deblur__boundary_probe__nes__l1 calls=1021 margin 3.24->0.01 t=3.0s
[DONE] calibration__2877__deblur__counterfactual__nes__l1 calls=1021 margin 3.24->-0.90 t=2.9s
[DONE] calibration__6128__denoise__attack__nes__l0.5 calls=1021 margin 3.30->-2.04 t=3.0s
[DONE] calibration__6128__denoise__restore__nes__l0.5 calls=1021 margin 3.30->3.47 t=2.9s
[DONE] calibration__6128__denoise__random_walk__random_walk__l0.5 calls=1024 margin 3.30->2.81 t=4.0s
[DONE] calibration__6128__denoise__confidence_boost__nes__l0.5 calls=1021 margin 3.30->6.06 t=3.4s
[DONE] calibration__6128__denoise__boundary_probe__nes__l0.5 calls=1021 margin 3.30->0.02 t=3.1s
[DONE] calibration__6128__denoise__counterfactual__nes__l0.5 calls=1021 margin 3.30->0.69 t=3.0s
[DONE] calibration__6128__deblur__attack__nes__l1 calls=1021 margin 7.06->2.91 t=3.0s
[DONE] calibration__6128__deblur__restore__nes__l1 calls=1021 margin 7.06->7.55 t=3.2s
[DONE] calibration__6128__deblur__random_walk__random_walk__l1 calls=1024 margin 7.06->7.19 t=4.3s
[DONE] calibration__6128__deblur__confidence_boost__nes__l1 calls=1021 margin 7.06->11.02 t=3.5s
[DONE] calibration__6128__deblur__boundary_probe__nes__l1 calls=1021 margin 7.06->2.49 t=3.0s
[DONE] calibration__6128__deblur__counterfactual__nes__l1 calls=1021 margin 7.06->2.70 t=2.8s
[DONE] calibration__1751__denoise__attack__nes__l0.5 calls=1021 margin 4.84->0.15 t=2.9s
[DONE] calibration__1751__denoise__restore__nes__l0.5 calls=1021 margin 4.84->4.96 t=3.2s
[DONE] calibration__1751__denoise__random_walk__random_walk__l0.5 calls=1024 margin 4.84->4.41 t=4.2s
[DONE] calibration__1751__denoise__confidence_boost__nes__l0.5 calls=1021 margin 4.84->7.58 t=3.7s
[DONE] calibration__1751__denoise__boundary_probe__nes__l0.5 calls=1021 margin 4.84->0.09 t=3.1s
[DONE] calibration__1751__denoise__counterfactual__nes__l0.5 calls=1021 margin 4.84->0.93 t=3.2s
[DONE] calibration__1751__deblur__attack__nes__l1 calls=1021 margin 6.19->1.06 t=3.0s
[DONE] calibration__1751__deblur__restore__nes__l1 calls=1021 margin 6.19->6.03 t=2.8s
[DONE] calibration__1751__deblur__random_walk__random_walk__l1 calls=1024 margin 6.19->5.08 t=4.2s
[DONE] calibration__1751__deblur__confidence_boost__nes__l1 calls=1021 margin 6.19->9.88 t=3.2s
[DONE] calibration__1751__deblur__boundary_probe__nes__l1 calls=1021 margin 6.19->1.23 t=3.1s
[DONE] calibration__1751__deblur__counterfactual__nes__l1 calls=1021 margin 6.19->1.27 t=3.2s
[DONE] calibration__7260__denoise__attack__nes__l0.5 calls=1021 margin 2.94->-4.09 t=3.0s
[DONE] calibration__7260__denoise__restore__nes__l0.5 calls=1021 margin 2.94->3.37 t=2.7s
[DONE] calibration__7260__denoise__random_walk__random_walk__l0.5 calls=1024 margin 2.94->3.08 t=4.4s
[DONE] calibration__7260__denoise__confidence_boost__nes__l0.5 calls=1021 margin 2.94->8.17 t=3.4s
[DONE] calibration__7260__denoise__boundary_probe__nes__l0.5 calls=1021 margin 2.94->0.04 t=3.3s
[DONE] calibration__7260__denoise__counterfactual__nes__l0.5 calls=1021 margin 2.94->-4.37 t=2.6s
[DONE] calibration__7260__deblur__attack__nes__l1 calls=1021 margin 8.86->2.62 t=2.9s
[DONE] calibration__7260__deblur__restore__nes__l1 calls=1021 margin 8.86->8.97 t=2.9s
[DONE] calibration__7260__deblur__random_walk__random_walk__l1 calls=1024 margin 8.86->7.90 t=4.3s
[DONE] calibration__7260__deblur__confidence_boost__nes__l1 calls=1021 margin 8.86->11.56 t=3.5s
[DONE] calibration__7260__deblur__boundary_probe__nes__l1 calls=1021 margin 8.86->3.19 t=2.9s
[DONE] calibration__7260__deblur__counterfactual__nes__l1 calls=1021 margin 8.86->2.94 t=3.0s
[DONE] calibration__3694__denoise__attack__nes__l0.5 calls=1021 margin 3.09->-3.10 t=3.1s
[DONE] calibration__3694__denoise__restore__nes__l0.5 calls=1021 margin 3.09->2.83 t=3.0s
[DONE] calibration__3694__denoise__random_walk__random_walk__l0.5 calls=1024 margin 3.09->3.74 t=4.5s
[DONE] calibration__3694__denoise__confidence_boost__nes__l0.5 calls=1021 margin 3.09->7.74 t=3.5s
[DONE] calibration__3694__denoise__boundary_probe__nes__l0.5 calls=1021 margin 3.09->0.02 t=2.9s
[DONE] calibration__3694__denoise__counterfactual__nes__l0.5 calls=1021 margin 3.09->-2.81 t=3.0s
[DONE] calibration__3694__deblur__attack__nes__l1 calls=1021 margin 6.53->-3.30 t=2.8s
[DONE] calibration__3694__deblur__restore__nes__l1 calls=1021 margin 6.53->7.01 t=3.0s
[DONE] calibration__3694__deblur__random_walk__random_walk__l1 calls=1024 margin 6.53->6.91 t=4.3s
[DONE] calibration__3694__deblur__confidence_boost__nes__l1 calls=1021 margin 6.53->11.96 t=3.3s
[DONE] calibration__3694__deblur__boundary_probe__nes__l1 calls=1021 margin 6.53->0.02 t=2.7s
[DONE] calibration__3694__deblur__counterfactual__nes__l1 calls=1021 margin 6.53->-2.21 t=3.0s
[DONE] calibration__1474__denoise__attack__nes__l0.5 calls=1021 margin 3.26->-0.16 t=3.0s
[DONE] calibration__1474__denoise__restore__nes__l0.5 calls=1021 margin 3.26->3.58 t=2.9s
[DONE] calibration__1474__denoise__random_walk__random_walk__l0.5 calls=1024 margin 3.26->3.70 t=4.4s
[DONE] calibration__1474__denoise__confidence_boost__nes__l0.5 calls=1021 margin 3.26->6.81 t=3.0s
[DONE] calibration__1474__denoise__boundary_probe__nes__l0.5 calls=1021 margin 3.26->0.00 t=3.0s
[DONE] calibration__1474__denoise__counterfactual__nes__l0.5 calls=1021 margin 3.26->-1.50 t=2.9s
[DONE] calibration__1474__deblur__attack__nes__l1 calls=1021 margin 5.33->0.98 t=3.0s
[DONE] calibration__1474__deblur__restore__nes__l1 calls=1021 margin 5.33->5.39 t=2.9s
[DONE] calibration__1474__deblur__random_walk__random_walk__l1 calls=1024 margin 5.33->6.47 t=4.2s
[DONE] calibration__1474__deblur__confidence_boost__nes__l1 calls=1021 margin 5.33->9.44 t=3.1s
[DONE] calibration__1474__deblur__boundary_probe__nes__l1 calls=1021 margin 5.33->0.78 t=2.9s
[DONE] calibration__1474__deblur__counterfactual__nes__l1 calls=1021 margin 5.33->0.49 t=2.8s
[DONE] calibration__6406__denoise__attack__nes__l0.5 calls=1021 margin 2.90->-0.78 t=3.0s
[DONE] calibration__6406__denoise__restore__nes__l0.5 calls=1021 margin 2.90->3.14 t=3.3s
[DONE] calibration__6406__denoise__random_walk__random_walk__l0.5 calls=1024 margin 2.90->3.34 t=4.7s
[DONE] calibration__6406__denoise__confidence_boost__nes__l0.5 calls=1021 margin 2.90->6.40 t=3.5s
[DONE] calibration__6406__denoise__boundary_probe__nes__l0.5 calls=1021 margin 2.90->0.04 t=3.0s
[DONE] calibration__6406__denoise__counterfactual__nes__l0.5 calls=1021 margin 2.90->-1.93 t=3.1s
[DONE] calibration__6406__deblur__attack__nes__l1 calls=1021 margin 1.79->-5.24 t=3.0s
[DONE] calibration__6406__deblur__restore__nes__l1 calls=1021 margin 1.79->1.96 t=3.0s
[DONE] calibration__6406__deblur__random_walk__random_walk__l1 calls=1024 margin 1.79->0.95 t=4.5s
[DONE] calibration__6406__deblur__confidence_boost__nes__l1 calls=1021 margin 1.79->9.04 t=3.2s
[DONE] calibration__6406__deblur__boundary_probe__nes__l1 calls=1021 margin 1.79->0.02 t=2.8s
[DONE] calibration__6406__deblur__counterfactual__nes__l1 calls=1021 margin 1.79->-4.89 t=3.1s
[DONE] calibration__2925__denoise__attack__nes__l0.5 calls=1021 margin 0.01->-5.83 t=3.1s
[DONE] calibration__2925__denoise__restore__nes__l0.5 calls=1021 margin 0.01->1.00 t=3.1s
[DONE] calibration__2925__denoise__random_walk__random_walk__l0.5 calls=1024 margin 0.01->0.81 t=4.6s
[DONE] calibration__2925__denoise__confidence_boost__nes__l0.5 calls=1021 margin 0.01->6.42 t=3.2s
[DONE] calibration__2925__denoise__boundary_probe__nes__l0.5 calls=1021 margin 0.01->0.01 t=2.9s
[DONE] calibration__2925__denoise__counterfactual__nes__l0.5 calls=1021 margin 0.01->-5.72 t=2.9s
[DONE] calibration__2925__deblur__attack__nes__l1 calls=1021 margin 5.03->-3.31 t=3.0s
[DONE] calibration__2925__deblur__restore__nes__l1 calls=1021 margin 5.03->6.65 t=3.2s
[DONE] calibration__2925__deblur__random_walk__random_walk__l1 calls=1024 margin 5.03->7.94 t=4.6s
[DONE] calibration__2925__deblur__confidence_boost__nes__l1 calls=1021 margin 5.03->12.16 t=3.3s
[DONE] calibration__2925__deblur__boundary_probe__nes__l1 calls=1021 margin 5.03->0.00 t=3.1s
[DONE] calibration__2925__deblur__counterfactual__nes__l1 calls=1021 margin 5.03->-2.69 t=3.2s
[DONE] calibration__8305__denoise__attack__nes__l0.5 calls=1021 margin 4.30->-1.18 t=3.0s
[DONE] calibration__8305__denoise__restore__nes__l0.5 calls=1021 margin 4.30->4.17 t=3.1s
[DONE] calibration__8305__denoise__random_walk__random_walk__l0.5 calls=1024 margin 4.30->3.25 t=4.9s
[DONE] calibration__8305__denoise__confidence_boost__nes__l0.5 calls=1021 margin 4.30->9.02 t=3.4s
[DONE] calibration__8305__denoise__boundary_probe__nes__l0.5 calls=1021 margin 4.30->0.00 t=3.1s
[DONE] calibration__8305__denoise__counterfactual__nes__l0.5 calls=1021 margin 4.30->-2.09 t=3.0s
[DONE] calibration__8305__deblur__attack__nes__l1 calls=1021 margin 3.73->-9.83 t=3.1s
[DONE] calibration__8305__deblur__restore__nes__l1 calls=1021 margin 3.73->4.50 t=3.0s
[DONE] calibration__8305__deblur__random_walk__random_walk__l1 calls=1024 margin 3.73->2.61 t=4.5s
[DONE] calibration__8305__deblur__confidence_boost__nes__l1 calls=1021 margin 3.73->12.54 t=2.9s
[DONE] calibration__8305__deblur__boundary_probe__nes__l1 calls=1021 margin 3.73->0.02 t=2.7s
[DONE] calibration__8305__deblur__counterfactual__nes__l1 calls=1021 margin 3.73->-5.00 t=2.8s
[DONE] calibration__4225__denoise__attack__nes__l0.5 calls=1021 margin 0.30->-6.63 t=2.9s
[DONE] calibration__4225__denoise__restore__nes__l0.5 calls=1021 margin 0.30->1.19 t=3.1s
[DONE] calibration__4225__denoise__random_walk__random_walk__l0.5 calls=1024 margin 0.30->-0.41 t=4.6s
[DONE] calibration__4225__denoise__confidence_boost__nes__l0.5 calls=1021 margin 0.30->6.60 t=3.1s
[DONE] calibration__4225__denoise__boundary_probe__nes__l0.5 calls=1021 margin 0.30->0.00 t=2.9s
[DONE] calibration__4225__denoise__counterfactual__nes__l0.5 calls=1021 margin 0.30->-6.92 t=3.2s
[DONE] calibration__4225__deblur__attack__nes__l1 calls=1021 margin 8.72->1.70 t=3.2s
[DONE] calibration__4225__deblur__restore__nes__l1 calls=1021 margin 8.72->10.03 t=3.4s
[DONE] calibration__4225__deblur__random_walk__random_walk__l1 calls=1024 margin 8.72->11.61 t=4.5s
[DONE] calibration__4225__deblur__confidence_boost__nes__l1 calls=1021 margin 8.72->14.27 t=3.4s
[DONE] calibration__4225__deblur__boundary_probe__nes__l1 calls=1021 margin 8.72->1.54 t=3.4s
[DONE] calibration__4225__deblur__counterfactual__nes__l1 calls=1021 margin 8.72->2.18 t=2.9s
[DONE] calibration__311__denoise__attack__nes__l0.5 calls=1021 margin 11.62->8.86 t=2.7s
[DONE] calibration__311__denoise__restore__nes__l0.5 calls=1021 margin 11.62->11.61 t=3.1s
[DONE] calibration__311__denoise__random_walk__random_walk__l0.5 calls=1024 margin 11.62->11.85 t=4.4s
[DONE] calibration__311__denoise__confidence_boost__nes__l0.5 calls=1021 margin 11.62->13.10 t=3.0s
[DONE] calibration__311__denoise__boundary_probe__nes__l0.5 calls=1021 margin 11.62->9.09 t=3.2s
[DONE] calibration__311__denoise__counterfactual__nes__l0.5 calls=1021 margin 11.62->8.92 t=2.8s
[DONE] calibration__311__deblur__attack__nes__l1 calls=1021 margin 13.73->7.82 t=3.4s
[DONE] calibration__311__deblur__restore__nes__l1 calls=1021 margin 13.73->13.81 t=3.2s
[DONE] calibration__311__deblur__random_walk__random_walk__l1 calls=1024 margin 13.73->15.17 t=4.3s
[DONE] calibration__311__deblur__confidence_boost__nes__l1 calls=1021 margin 13.73->14.06 t=3.1s
[DONE] calibration__311__deblur__boundary_probe__nes__l1 calls=1021 margin 13.73->6.99 t=3.1s
[DONE] calibration__311__deblur__counterfactual__nes__l1 calls=1021 margin 13.73->6.91 t=2.9s
[DONE] calibration__8250__denoise__attack__nes__l0.5 calls=1021 margin 10.62->4.95 t=3.2s
[DONE] calibration__8250__denoise__restore__nes__l0.5 calls=1021 margin 10.62->10.88 t=3.2s
[DONE] calibration__8250__denoise__random_walk__random_walk__l0.5 calls=1024 margin 10.62->9.55 t=4.3s
[DONE] calibration__8250__denoise__confidence_boost__nes__l0.5 calls=1021 margin 10.62->13.53 t=2.8s
[DONE] calibration__8250__denoise__boundary_probe__nes__l0.5 calls=1021 margin 10.62->4.67 t=3.0s
[DONE] calibration__8250__denoise__counterfactual__nes__l0.5 calls=1021 margin 10.62->5.41 t=3.1s
[DONE] calibration__8250__deblur__attack__nes__l1 calls=1021 margin 6.38->-4.00 t=2.9s
[DONE] calibration__8250__deblur__restore__nes__l1 calls=1021 margin 6.38->6.59 t=2.9s
[DONE] calibration__8250__deblur__random_walk__random_walk__l1 calls=1024 margin 6.38->6.25 t=4.3s
[DONE] calibration__8250__deblur__confidence_boost__nes__l1 calls=1021 margin 6.38->14.32 t=3.3s
[DONE] calibration__8250__deblur__boundary_probe__nes__l1 calls=1021 margin 6.38->0.02 t=3.0s
[DONE] calibration__8250__deblur__counterfactual__nes__l1 calls=1021 margin 6.38->-4.28 t=3.2s
[DONE] calibration__2326__denoise__attack__nes__l0.5 calls=1021 margin 9.49->6.42 t=2.9s
[DONE] calibration__2326__denoise__restore__nes__l0.5 calls=1021 margin 9.49->9.69 t=2.7s
[DONE] calibration__2326__denoise__random_walk__random_walk__l0.5 calls=1024 margin 9.49->8.90 t=4.4s
[DONE] calibration__2326__denoise__confidence_boost__nes__l0.5 calls=1021 margin 9.49->11.87 t=3.0s
[DONE] calibration__2326__denoise__boundary_probe__nes__l0.5 calls=1021 margin 9.49->6.19 t=3.1s
[DONE] calibration__2326__denoise__counterfactual__nes__l0.5 calls=1021 margin 9.49->6.31 t=3.0s
[DONE] calibration__2326__deblur__attack__nes__l1 calls=1021 margin 11.47->6.41 t=3.2s
[DONE] calibration__2326__deblur__restore__nes__l1 calls=1021 margin 11.47->11.55 t=3.2s
[DONE] calibration__2326__deblur__random_walk__random_walk__l1 calls=1024 margin 11.47->9.66 t=4.4s
[DONE] calibration__2326__deblur__confidence_boost__nes__l1 calls=1021 margin 11.47->13.44 t=3.2s
[DONE] calibration__2326__deblur__boundary_probe__nes__l1 calls=1021 margin 11.47->6.46 t=3.1s
[DONE] calibration__2326__deblur__counterfactual__nes__l1 calls=1021 margin 11.47->6.01 t=3.0s
[DONE] calibration__8767__denoise__attack__nes__l0.5 calls=1021 margin 2.25->-4.59 t=3.3s
[DONE] calibration__8767__denoise__restore__nes__l0.5 calls=1021 margin 2.25->2.58 t=3.0s
[DONE] calibration__8767__denoise__random_walk__random_walk__l0.5 calls=1024 margin 2.25->-0.11 t=4.2s
[DONE] calibration__8767__denoise__confidence_boost__nes__l0.5 calls=1021 margin 2.25->7.71 t=3.1s
[DONE] calibration__8767__denoise__boundary_probe__nes__l0.5 calls=1021 margin 2.25->0.02 t=3.0s
[DONE] calibration__8767__denoise__counterfactual__nes__l0.5 calls=1021 margin 2.25->-4.14 t=3.0s
[DONE] calibration__8767__deblur__attack__nes__l1 calls=1021 margin 6.95->-6.47 t=3.3s
[DONE] calibration__8767__deblur__restore__nes__l1 calls=1021 margin 6.95->6.51 t=3.1s
[DONE] calibration__8767__deblur__random_walk__random_walk__l1 calls=1024 margin 6.95->5.67 t=4.5s
[DONE] calibration__8767__deblur__confidence_boost__nes__l1 calls=1021 margin 6.95->11.67 t=3.2s
[DONE] calibration__8767__deblur__boundary_probe__nes__l1 calls=1021 margin 6.95->0.06 t=3.3s
[DONE] calibration__8767__deblur__counterfactual__nes__l1 calls=1021 margin 6.95->-7.15 t=3.3s
[DONE] calibration__2578__denoise__attack__nes__l0.5 calls=1021 margin 7.82->4.70 t=2.9s
[DONE] calibration__2578__denoise__restore__nes__l0.5 calls=1021 margin 7.82->7.98 t=3.0s
[DONE] calibration__2578__denoise__random_walk__random_walk__l0.5 calls=1024 margin 7.82->6.78 t=4.5s
[DONE] calibration__2578__denoise__confidence_boost__nes__l0.5 calls=1021 margin 7.82->9.79 t=3.0s
[DONE] calibration__2578__denoise__boundary_probe__nes__l0.5 calls=1021 margin 7.82->4.40 t=3.1s
[DONE] calibration__2578__denoise__counterfactual__nes__l0.5 calls=1021 margin 7.82->4.60 t=3.2s
[DONE] calibration__2578__deblur__attack__nes__l1 calls=1021 margin 9.86->5.32 t=3.4s
[DONE] calibration__2578__deblur__restore__nes__l1 calls=1021 margin 9.86->10.14 t=3.2s
[DONE] calibration__2578__deblur__random_walk__random_walk__l1 calls=1024 margin 9.86->10.09 t=4.5s
[DONE] calibration__2578__deblur__confidence_boost__nes__l1 calls=1021 margin 9.86->13.07 t=2.7s
[DONE] calibration__2578__deblur__boundary_probe__nes__l1 calls=1021 margin 9.86->4.30 t=3.0s
[DONE] calibration__2578__deblur__counterfactual__nes__l1 calls=1021 margin 9.86->4.84 t=3.1s
[DONE] calibration__136__denoise__attack__nes__l0.5 calls=1021 margin 7.08->0.99 t=3.1s
[DONE] calibration__136__denoise__restore__nes__l0.5 calls=1021 margin 7.08->7.65 t=3.3s
[DONE] calibration__136__denoise__random_walk__random_walk__l0.5 calls=1024 margin 7.08->8.11 t=4.5s
[DONE] calibration__136__denoise__confidence_boost__nes__l0.5 calls=1021 margin 7.08->10.89 t=3.0s
[DONE] calibration__136__denoise__boundary_probe__nes__l0.5 calls=1021 margin 7.08->0.96 t=3.3s
[DONE] calibration__136__denoise__counterfactual__nes__l0.5 calls=1021 margin 7.08->1.01 t=3.0s
[DONE] calibration__136__deblur__attack__nes__l1 calls=1021 margin 9.58->5.03 t=2.9s
[DONE] calibration__136__deblur__restore__nes__l1 calls=1021 margin 9.58->9.74 t=3.1s
[DONE] calibration__136__deblur__random_walk__random_walk__l1 calls=1024 margin 9.58->11.25 t=4.3s
[DONE] calibration__136__deblur__confidence_boost__nes__l1 calls=1021 margin 9.58->13.07 t=3.4s
[DONE] calibration__136__deblur__boundary_probe__nes__l1 calls=1021 margin 9.58->5.73 t=3.2s
[DONE] calibration__136__deblur__counterfactual__nes__l1 calls=1021 margin 9.58->5.34 t=3.2s
[DONE] calibration__5315__denoise__attack__nes__l0.5 calls=1021 margin 9.39->4.92 t=3.0s
[DONE] calibration__5315__denoise__restore__nes__l0.5 calls=1021 margin 9.39->9.70 t=3.1s
[DONE] calibration__5315__denoise__random_walk__random_walk__l0.5 calls=1024 margin 9.39->9.92 t=4.5s
[DONE] calibration__5315__denoise__confidence_boost__nes__l0.5 calls=1021 margin 9.39->12.54 t=3.0s
[DONE] calibration__5315__denoise__boundary_probe__nes__l0.5 calls=1021 margin 9.39->4.94 t=3.0s
[DONE] calibration__5315__denoise__counterfactual__nes__l0.5 calls=1021 margin 9.39->4.73 t=2.9s
[DONE] calibration__5315__deblur__attack__nes__l1 calls=1021 margin 7.91->1.95 t=2.9s
[DONE] calibration__5315__deblur__restore__nes__l1 calls=1021 margin 7.91->8.70 t=3.1s
[DONE] calibration__5315__deblur__random_walk__random_walk__l1 calls=1024 margin 7.91->8.11 t=4.6s
[DONE] calibration__5315__deblur__confidence_boost__nes__l1 calls=1021 margin 7.91->12.74 t=3.4s
[DONE] calibration__5315__deblur__boundary_probe__nes__l1 calls=1021 margin 7.91->2.08 t=3.1s
[DONE] calibration__5315__deblur__counterfactual__nes__l1 calls=1021 margin 7.91->2.37 t=2.8s
[DONE] evaluation__791__denoise__attack__nes__l0.5 calls=1021 margin 1.99->-2.77 t=3.0s
[DONE] evaluation__791__denoise__restore__nes__l0.5 calls=1021 margin 1.99->2.47 t=3.2s
[DONE] evaluation__791__denoise__random_walk__random_walk__l0.5 calls=1024 margin 1.99->1.75 t=4.5s
[DONE] evaluation__791__denoise__confidence_boost__nes__l0.5 calls=1021 margin 1.99->5.30 t=3.0s
[DONE] evaluation__791__denoise__boundary_probe__nes__l0.5 calls=1021 margin 1.99->0.00 t=2.9s
[DONE] evaluation__791__denoise__counterfactual__nes__l0.5 calls=1021 margin 1.99->-3.24 t=3.1s
[DONE] evaluation__791__deblur__attack__nes__l1 calls=1021 margin 10.63->4.41 t=2.9s
[DONE] evaluation__791__deblur__restore__nes__l1 calls=1021 margin 10.63->11.05 t=3.1s
[DONE] evaluation__791__deblur__random_walk__random_walk__l1 calls=1024 margin 10.63->8.93 t=4.5s
[DONE] evaluation__791__deblur__confidence_boost__nes__l1 calls=1021 margin 10.63->13.54 t=3.3s
[DONE] evaluation__791__deblur__boundary_probe__nes__l1 calls=1021 margin 10.63->4.56 t=3.2s
[DONE] evaluation__791__deblur__counterfactual__nes__l1 calls=1021 margin 10.63->4.81 t=3.2s
[DONE] evaluation__4153__denoise__attack__nes__l0.5 calls=1021 margin 8.88->5.89 t=3.0s
[DONE] evaluation__4153__denoise__restore__nes__l0.5 calls=1021 margin 8.88->9.30 t=2.9s
[DONE] evaluation__4153__denoise__random_walk__random_walk__l0.5 calls=1024 margin 8.88->8.51 t=4.4s
[DONE] evaluation__4153__denoise__confidence_boost__nes__l0.5 calls=1021 margin 8.88->11.19 t=3.1s
[DONE] evaluation__4153__denoise__boundary_probe__nes__l0.5 calls=1021 margin 8.88->6.28 t=3.0s
[DONE] evaluation__4153__denoise__counterfactual__nes__l0.5 calls=1021 margin 8.88->6.18 t=3.3s
[DONE] evaluation__4153__deblur__attack__nes__l1 calls=1021 margin 11.10->7.19 t=3.0s
[DONE] evaluation__4153__deblur__restore__nes__l1 calls=1021 margin 11.10->11.32 t=2.7s
[DONE] evaluation__4153__deblur__random_walk__random_walk__l1 calls=1024 margin 11.10->11.34 t=4.5s
[DONE] evaluation__4153__deblur__confidence_boost__nes__l1 calls=1021 margin 11.10->13.28 t=3.1s
[DONE] evaluation__4153__deblur__boundary_probe__nes__l1 calls=1021 margin 11.10->6.53 t=2.9s
[DONE] evaluation__4153__deblur__counterfactual__nes__l1 calls=1021 margin 11.10->6.53 t=3.0s
[DONE] evaluation__6081__denoise__attack__nes__l0.5 calls=1021 margin 6.41->1.70 t=3.1s
[DONE] evaluation__6081__denoise__restore__nes__l0.5 calls=1021 margin 6.41->6.33 t=3.3s
[DONE] evaluation__6081__denoise__random_walk__random_walk__l0.5 calls=1024 margin 6.41->6.46 t=4.7s
[DONE] evaluation__6081__denoise__confidence_boost__nes__l0.5 calls=1021 margin 6.41->9.58 t=3.2s
[DONE] evaluation__6081__denoise__boundary_probe__nes__l0.5 calls=1021 margin 6.41->1.32 t=3.0s
[DONE] evaluation__6081__denoise__counterfactual__nes__l0.5 calls=1021 margin 6.41->1.93 t=3.1s
[DONE] evaluation__6081__deblur__attack__nes__l1 calls=1021 margin 6.80->-2.71 t=3.3s
[DONE] evaluation__6081__deblur__restore__nes__l1 calls=1021 margin 6.80->8.16 t=3.6s
[DONE] evaluation__6081__deblur__random_walk__random_walk__l1 calls=1024 margin 6.80->7.50 t=4.3s
[DONE] evaluation__6081__deblur__confidence_boost__nes__l1 calls=1021 margin 6.80->12.33 t=3.1s
[DONE] evaluation__6081__deblur__boundary_probe__nes__l1 calls=1021 margin 6.80->0.02 t=3.3s
[DONE] evaluation__6081__deblur__counterfactual__nes__l1 calls=1021 margin 6.80->-2.55 t=3.2s
[DONE] evaluation__6__denoise__attack__nes__l0.5 calls=1021 margin 3.48->-1.02 t=3.2s
[DONE] evaluation__6__denoise__restore__nes__l0.5 calls=1021 margin 3.48->3.87 t=3.3s
[DONE] evaluation__6__denoise__random_walk__random_walk__l0.5 calls=1024 margin 3.48->3.52 t=4.2s
[DONE] evaluation__6__denoise__confidence_boost__nes__l0.5 calls=1021 margin 3.48->6.11 t=3.1s
[DONE] evaluation__6__denoise__boundary_probe__nes__l0.5 calls=1021 margin 3.48->0.00 t=3.0s
[DONE] evaluation__6__denoise__counterfactual__nes__l0.5 calls=1021 margin 3.48->0.14 t=3.1s
[DONE] evaluation__6__deblur__attack__nes__l1 calls=1021 margin 2.11->-4.85 t=3.3s
[DONE] evaluation__6__deblur__restore__nes__l1 calls=1021 margin 2.11->2.18 t=3.4s
[DONE] evaluation__6__deblur__random_walk__random_walk__l1 calls=1024 margin 2.11->2.03 t=4.3s
[DONE] evaluation__6__deblur__confidence_boost__nes__l1 calls=1021 margin 2.11->5.88 t=3.0s
[DONE] evaluation__6__deblur__boundary_probe__nes__l1 calls=1021 margin 2.11->0.00 t=3.2s
[DONE] evaluation__6__deblur__counterfactual__nes__l1 calls=1021 margin 2.11->-4.50 t=2.8s
[DONE] evaluation__3527__denoise__attack__nes__l0.5 calls=1021 margin 3.19->-2.21 t=3.1s
[DONE] evaluation__3527__denoise__restore__nes__l0.5 calls=1021 margin 3.19->3.13 t=3.2s
[DONE] evaluation__3527__denoise__random_walk__random_walk__l0.5 calls=1024 margin 3.19->3.10 t=4.2s
[DONE] evaluation__3527__denoise__confidence_boost__nes__l0.5 calls=1021 margin 3.19->6.66 t=3.1s
[DONE] evaluation__3527__denoise__boundary_probe__nes__l0.5 calls=1021 margin 3.19->0.01 t=3.2s
[DONE] evaluation__3527__denoise__counterfactual__nes__l0.5 calls=1021 margin 3.19->-1.95 t=2.9s
[DONE] evaluation__3527__deblur__attack__nes__l1 calls=1021 margin 8.08->4.42 t=3.3s
[DONE] evaluation__3527__deblur__restore__nes__l1 calls=1021 margin 8.08->8.20 t=3.4s
[DONE] evaluation__3527__deblur__random_walk__random_walk__l1 calls=1024 margin 8.08->6.58 t=4.6s
[DONE] evaluation__3527__deblur__confidence_boost__nes__l1 calls=1021 margin 8.08->9.64 t=3.1s
[DONE] evaluation__3527__deblur__boundary_probe__nes__l1 calls=1021 margin 8.08->4.52 t=3.2s
[DONE] evaluation__3527__deblur__counterfactual__nes__l1 calls=1021 margin 8.08->3.81 t=3.3s
[DONE] evaluation__6886__denoise__attack__nes__l0.5 calls=1021 margin 8.64->6.38 t=3.1s
[DONE] evaluation__6886__denoise__restore__nes__l0.5 calls=1021 margin 8.64->8.72 t=3.0s
[DONE] evaluation__6886__denoise__random_walk__random_walk__l0.5 calls=1024 margin 8.64->8.46 t=4.3s
[DONE] evaluation__6886__denoise__confidence_boost__nes__l0.5 calls=1021 margin 8.64->10.66 t=2.7s
[DONE] evaluation__6886__denoise__boundary_probe__nes__l0.5 calls=1021 margin 8.64->6.12 t=3.0s
[DONE] evaluation__6886__denoise__counterfactual__nes__l0.5 calls=1021 margin 8.64->6.12 t=3.0s
[DONE] evaluation__6886__deblur__attack__nes__l1 calls=1021 margin 11.12->6.26 t=3.0s
[DONE] evaluation__6886__deblur__restore__nes__l1 calls=1021 margin 11.12->11.10 t=3.3s
[DONE] evaluation__6886__deblur__random_walk__random_walk__l1 calls=1024 margin 11.12->10.77 t=4.5s
[DONE] evaluation__6886__deblur__confidence_boost__nes__l1 calls=1021 margin 11.12->12.94 t=3.2s
[DONE] evaluation__6886__deblur__boundary_probe__nes__l1 calls=1021 margin 11.12->6.18 t=3.1s
[DONE] evaluation__6886__deblur__counterfactual__nes__l1 calls=1021 margin 11.12->7.07 t=3.3s
[DONE] evaluation__8866__denoise__attack__nes__l0.5 calls=1021 margin 3.01->-3.64 t=2.9s
[DONE] evaluation__8866__denoise__restore__nes__l0.5 calls=1021 margin 3.01->3.27 t=3.2s
[DONE] evaluation__8866__denoise__random_walk__random_walk__l0.5 calls=1024 margin 3.01->2.17 t=4.2s
[DONE] evaluation__8866__denoise__confidence_boost__nes__l0.5 calls=1021 margin 3.01->8.08 t=2.7s
[DONE] evaluation__8866__denoise__boundary_probe__nes__l0.5 calls=1021 margin 3.01->0.02 t=3.1s
[DONE] evaluation__8866__denoise__counterfactual__nes__l0.5 calls=1021 margin 3.01->-3.64 t=3.0s
[DONE] evaluation__8866__deblur__attack__nes__l1 calls=1021 margin 10.12->1.29 t=3.1s
[DONE] evaluation__8866__deblur__restore__nes__l1 calls=1021 margin 10.12->10.06 t=3.3s
[DONE] evaluation__8866__deblur__random_walk__random_walk__l1 calls=1024 margin 10.12->8.70 t=4.2s
[DONE] evaluation__8866__deblur__confidence_boost__nes__l1 calls=1021 margin 10.12->11.70 t=3.0s
[DONE] evaluation__8866__deblur__boundary_probe__nes__l1 calls=1021 margin 10.12->1.76 t=3.3s
[DONE] evaluation__8866__deblur__counterfactual__nes__l1 calls=1021 margin 10.12->0.51 t=3.2s
[DONE] evaluation__2691__denoise__attack__nes__l0.5 calls=1021 margin 12.16->9.59 t=3.2s
[DONE] evaluation__2691__denoise__restore__nes__l0.5 calls=1021 margin 12.16->12.18 t=3.1s
[DONE] evaluation__2691__denoise__random_walk__random_walk__l0.5 calls=1024 margin 12.16->12.18 t=4.6s
[DONE] evaluation__2691__denoise__confidence_boost__nes__l0.5 calls=1021 margin 12.16->13.62 t=2.8s
[DONE] evaluation__2691__denoise__boundary_probe__nes__l0.5 calls=1021 margin 12.16->9.18 t=2.9s
[DONE] evaluation__2691__denoise__counterfactual__nes__l0.5 calls=1021 margin 12.16->9.26 t=3.0s
[DONE] evaluation__2691__deblur__attack__nes__l1 calls=1021 margin 12.37->8.53 t=2.7s
[DONE] evaluation__2691__deblur__restore__nes__l1 calls=1021 margin 12.37->12.91 t=3.0s
[DONE] evaluation__2691__deblur__random_walk__random_walk__l1 calls=1024 margin 12.37->13.88 t=4.3s
[DONE] evaluation__2691__deblur__confidence_boost__nes__l1 calls=1021 margin 12.37->14.10 t=2.8s
[DONE] evaluation__2691__deblur__boundary_probe__nes__l1 calls=1021 margin 12.37->7.51 t=3.1s
[DONE] evaluation__2691__deblur__counterfactual__nes__l1 calls=1021 margin 12.37->8.30 t=3.0s
[DONE] evaluation__5015__denoise__attack__nes__l0.5 calls=1021 margin 11.36->5.60 t=3.1s
[DONE] evaluation__5015__denoise__restore__nes__l0.5 calls=1021 margin 11.36->11.74 t=3.1s
[DONE] evaluation__5015__denoise__random_walk__random_walk__l0.5 calls=1024 margin 11.36->11.09 t=4.7s
[DONE] evaluation__5015__denoise__confidence_boost__nes__l0.5 calls=1021 margin 11.36->13.73 t=2.9s
[DONE] evaluation__5015__denoise__boundary_probe__nes__l0.5 calls=1021 margin 11.36->4.61 t=3.0s
[DONE] evaluation__5015__denoise__counterfactual__nes__l0.5 calls=1021 margin 11.36->5.98 t=3.2s
[DONE] evaluation__5015__deblur__attack__nes__l1 calls=1021 margin 8.31->0.45 t=3.1s
[DONE] evaluation__5015__deblur__restore__nes__l1 calls=1021 margin 8.31->8.95 t=3.1s
[DONE] evaluation__5015__deblur__random_walk__random_walk__l1 calls=1024 margin 8.31->10.75 t=4.4s
[DONE] evaluation__5015__deblur__confidence_boost__nes__l1 calls=1021 margin 8.31->12.62 t=3.1s
[DONE] evaluation__5015__deblur__boundary_probe__nes__l1 calls=1021 margin 8.31->0.13 t=3.3s
[DONE] evaluation__5015__deblur__counterfactual__nes__l1 calls=1021 margin 8.31->1.89 t=3.0s
[DONE] evaluation__7093__denoise__attack__nes__l0.5 calls=1021 margin 5.65->-0.74 t=2.9s
[DONE] evaluation__7093__denoise__restore__nes__l0.5 calls=1021 margin 5.65->5.53 t=3.1s
[DONE] evaluation__7093__denoise__random_walk__random_walk__l0.5 calls=1024 margin 5.65->4.92 t=4.3s
[DONE] evaluation__7093__denoise__confidence_boost__nes__l0.5 calls=1021 margin 5.65->9.89 t=2.9s
[DONE] evaluation__7093__denoise__boundary_probe__nes__l0.5 calls=1021 margin 5.65->0.00 t=3.3s
[DONE] evaluation__7093__denoise__counterfactual__nes__l0.5 calls=1021 margin 5.65->-0.51 t=2.9s
[DONE] evaluation__7093__deblur__attack__nes__l1 calls=1021 margin 5.61->-2.99 t=3.1s
[DONE] evaluation__7093__deblur__restore__nes__l1 calls=1021 margin 5.61->5.36 t=3.0s
[DONE] evaluation__7093__deblur__random_walk__random_walk__l1 calls=1024 margin 5.61->6.18 t=4.2s
[DONE] evaluation__7093__deblur__confidence_boost__nes__l1 calls=1021 margin 5.61->11.09 t=3.0s
[DONE] evaluation__7093__deblur__boundary_probe__nes__l1 calls=1021 margin 5.61->0.02 t=3.2s
[DONE] evaluation__7093__deblur__counterfactual__nes__l1 calls=1021 margin 5.61->-3.05 t=2.6s
[DONE] evaluation__558__denoise__attack__nes__l0.5 calls=1021 margin 0.21->-3.72 t=3.2s
[DONE] evaluation__558__denoise__restore__nes__l0.5 calls=1021 margin 0.21->0.61 t=3.3s
[DONE] evaluation__558__denoise__random_walk__random_walk__l0.5 calls=1024 margin 0.21->0.16 t=4.1s
[DONE] evaluation__558__denoise__confidence_boost__nes__l0.5 calls=1021 margin 0.21->5.35 t=3.0s
[DONE] evaluation__558__denoise__boundary_probe__nes__l0.5 calls=1021 margin 0.21->0.01 t=3.0s
[DONE] evaluation__558__denoise__counterfactual__nes__l0.5 calls=1021 margin 0.21->-3.47 t=3.0s
[DONE] evaluation__558__deblur__attack__nes__l1 calls=1021 margin 9.04->4.42 t=3.1s
[DONE] evaluation__558__deblur__restore__nes__l1 calls=1021 margin 9.04->9.09 t=3.2s
[DONE] evaluation__558__deblur__random_walk__random_walk__l1 calls=1024 margin 9.04->8.69 t=4.1s
[DONE] evaluation__558__deblur__confidence_boost__nes__l1 calls=1021 margin 9.04->11.91 t=3.1s
[DONE] evaluation__558__deblur__boundary_probe__nes__l1 calls=1021 margin 9.04->3.54 t=3.1s
[DONE] evaluation__558__deblur__counterfactual__nes__l1 calls=1021 margin 9.04->3.68 t=3.0s
[DONE] evaluation__3129__denoise__attack__nes__l0.5 calls=1021 margin 4.78->-0.98 t=3.1s
[DONE] evaluation__3129__denoise__restore__nes__l0.5 calls=1021 margin 4.78->4.64 t=3.3s
[DONE] evaluation__3129__denoise__random_walk__random_walk__l0.5 calls=1024 margin 4.78->5.63 t=4.3s
[DONE] evaluation__3129__denoise__confidence_boost__nes__l0.5 calls=1021 margin 4.78->9.74 t=3.0s
[DONE] evaluation__3129__denoise__boundary_probe__nes__l0.5 calls=1021 margin 4.78->0.03 t=3.0s
[DONE] evaluation__3129__denoise__counterfactual__nes__l0.5 calls=1021 margin 4.78->-1.89 t=3.0s
[DONE] evaluation__3129__deblur__attack__nes__l1 calls=1021 margin 5.19->-2.77 t=3.3s
[DONE] evaluation__3129__deblur__restore__nes__l1 calls=1021 margin 5.19->4.62 t=3.0s
[DONE] evaluation__3129__deblur__random_walk__random_walk__l1 calls=1024 margin 5.19->5.01 t=4.4s
[DONE] evaluation__3129__deblur__confidence_boost__nes__l1 calls=1021 margin 5.19->11.68 t=3.1s
[DONE] evaluation__3129__deblur__boundary_probe__nes__l1 calls=1021 margin 5.19->0.01 t=3.2s
[DONE] evaluation__3129__deblur__counterfactual__nes__l1 calls=1021 margin 5.19->-3.28 t=2.9s
[DONE] evaluation__5478__denoise__attack__nes__l0.5 calls=1021 margin 2.51->-2.83 t=3.2s
[DONE] evaluation__5478__denoise__restore__nes__l0.5 calls=1021 margin 2.51->2.03 t=3.0s
[DONE] evaluation__5478__denoise__random_walk__random_walk__l0.5 calls=1024 margin 2.51->1.53 t=4.1s
[DONE] evaluation__5478__denoise__confidence_boost__nes__l0.5 calls=1021 margin 2.51->7.15 t=3.0s
[DONE] evaluation__5478__denoise__boundary_probe__nes__l0.5 calls=1021 margin 2.51->0.01 t=3.3s
[DONE] evaluation__5478__denoise__counterfactual__nes__l0.5 calls=1021 margin 2.51->-3.32 t=3.2s
[DONE] evaluation__5478__deblur__attack__nes__l1 calls=1021 margin 6.67->2.43 t=3.0s
[DONE] evaluation__5478__deblur__restore__nes__l1 calls=1021 margin 6.67->7.32 t=3.0s
[DONE] evaluation__5478__deblur__random_walk__random_walk__l1 calls=1024 margin 6.67->6.87 t=4.2s
[DONE] evaluation__5478__deblur__confidence_boost__nes__l1 calls=1021 margin 6.67->10.88 t=3.1s
[DONE] evaluation__5478__deblur__boundary_probe__nes__l1 calls=1021 margin 6.67->1.05 t=3.2s
[DONE] evaluation__5478__deblur__counterfactual__nes__l1 calls=1021 margin 6.67->1.44 t=3.0s
[DONE] evaluation__40__denoise__attack__nes__l0.5 calls=1021 margin 2.78->-1.87 t=3.2s
[DONE] evaluation__40__denoise__restore__nes__l0.5 calls=1021 margin 2.78->3.10 t=3.3s
[DONE] evaluation__40__denoise__random_walk__random_walk__l0.5 calls=1024 margin 2.78->1.47 t=4.1s
[DONE] evaluation__40__denoise__confidence_boost__nes__l0.5 calls=1021 margin 2.78->8.41 t=3.1s
[DONE] evaluation__40__denoise__boundary_probe__nes__l0.5 calls=1021 margin 2.78->0.01 t=3.1s
[DONE] evaluation__40__denoise__counterfactual__nes__l0.5 calls=1021 margin 2.78->-2.00 t=3.0s
[DONE] evaluation__40__deblur__attack__nes__l1 calls=1021 margin 11.20->4.36 t=3.0s
[DONE] evaluation__40__deblur__restore__nes__l1 calls=1021 margin 11.20->11.05 t=3.0s
[DONE] evaluation__40__deblur__random_walk__random_walk__l1 calls=1024 margin 11.20->10.04 t=4.1s
[DONE] evaluation__40__deblur__confidence_boost__nes__l1 calls=1021 margin 11.20->14.03 t=3.0s
[DONE] evaluation__40__deblur__boundary_probe__nes__l1 calls=1021 margin 11.20->3.97 t=3.1s
[DONE] evaluation__40__deblur__counterfactual__nes__l1 calls=1021 margin 11.20->4.87 t=3.2s
[DONE] evaluation__2183__denoise__attack__nes__l0.5 calls=1021 margin 0.48->-6.94 t=3.0s
[DONE] evaluation__2183__denoise__restore__nes__l0.5 calls=1021 margin 0.48->0.67 t=3.0s
[DONE] evaluation__2183__denoise__random_walk__random_walk__l0.5 calls=1024 margin 0.48->0.44 t=4.0s
[DONE] evaluation__2183__denoise__confidence_boost__nes__l0.5 calls=1021 margin 0.48->7.40 t=3.2s
[DONE] evaluation__2183__denoise__boundary_probe__nes__l0.5 calls=1021 margin 0.48->0.01 t=3.2s
[DONE] evaluation__2183__denoise__counterfactual__nes__l0.5 calls=1021 margin 0.48->-7.09 t=3.2s
[DONE] evaluation__2183__deblur__attack__nes__l1 calls=1021 margin 7.93->-1.12 t=3.3s
[DONE] evaluation__2183__deblur__restore__nes__l1 calls=1021 margin 7.93->9.34 t=3.2s
[DONE] evaluation__2183__deblur__random_walk__random_walk__l1 calls=1024 margin 7.93->7.32 t=4.3s
[DONE] evaluation__2183__deblur__confidence_boost__nes__l1 calls=1021 margin 7.93->14.40 t=3.3s
[DONE] evaluation__2183__deblur__boundary_probe__nes__l1 calls=1021 margin 7.93->0.03 t=3.1s
[DONE] evaluation__2183__deblur__counterfactual__nes__l1 calls=1021 margin 7.93->-3.71 t=3.3s
[DONE] evaluation__5602__denoise__attack__nes__l0.5 calls=1021 margin 3.57->-7.94 t=3.2s
[DONE] evaluation__5602__denoise__restore__nes__l0.5 calls=1021 margin 3.57->3.73 t=3.3s
[DONE] evaluation__5602__denoise__random_walk__random_walk__l0.5 calls=1024 margin 3.57->3.16 t=4.2s
[DONE] evaluation__5602__denoise__confidence_boost__nes__l0.5 calls=1021 margin 3.57->11.80 t=3.0s
[DONE] evaluation__5602__denoise__boundary_probe__nes__l0.5 calls=1021 margin 3.57->0.03 t=3.1s
[DONE] evaluation__5602__denoise__counterfactual__nes__l0.5 calls=1021 margin 3.57->-7.39 t=3.1s
[DONE] evaluation__5602__deblur__attack__nes__l1 calls=1021 margin 7.86->-2.70 t=3.4s
[DONE] evaluation__5602__deblur__restore__nes__l1 calls=1021 margin 7.86->9.90 t=3.1s
[DONE] evaluation__5602__deblur__random_walk__random_walk__l1 calls=1024 margin 7.86->12.32 t=4.4s
[DONE] evaluation__5602__deblur__confidence_boost__nes__l1 calls=1021 margin 7.86->15.19 t=3.2s
[DONE] evaluation__5602__deblur__boundary_probe__nes__l1 calls=1021 margin 7.86->0.03 t=3.1s
[DONE] evaluation__5602__deblur__counterfactual__nes__l1 calls=1021 margin 7.86->-2.81 t=3.0s
[DONE] evaluation__8375__denoise__attack__nes__l0.5 calls=1021 margin 2.46->-6.01 t=3.3s
[DONE] evaluation__8375__denoise__restore__nes__l0.5 calls=1021 margin 2.46->2.63 t=3.3s
[DONE] evaluation__8375__denoise__random_walk__random_walk__l0.5 calls=1024 margin 2.46->1.61 t=4.4s
[DONE] evaluation__8375__denoise__confidence_boost__nes__l0.5 calls=1021 margin 2.46->9.91 t=3.3s
[DONE] evaluation__8375__denoise__boundary_probe__nes__l0.5 calls=1021 margin 2.46->0.03 t=3.1s
[DONE] evaluation__8375__denoise__counterfactual__nes__l0.5 calls=1021 margin 2.46->-6.25 t=3.5s
[DONE] evaluation__8375__deblur__attack__nes__l1 calls=1021 margin 9.30->1.60 t=3.7s
[DONE] evaluation__8375__deblur__restore__nes__l1 calls=1021 margin 9.30->9.23 t=3.6s
[DONE] evaluation__8375__deblur__random_walk__random_walk__l1 calls=1024 margin 9.30->9.07 t=4.3s
[DONE] evaluation__8375__deblur__confidence_boost__nes__l1 calls=1021 margin 9.30->14.01 t=3.1s
[DONE] evaluation__8375__deblur__boundary_probe__nes__l1 calls=1021 margin 9.30->0.29 t=3.3s
[DONE] evaluation__8375__deblur__counterfactual__nes__l1 calls=1021 margin 9.30->-0.58 t=3.3s
[DONE] evaluation__4390__denoise__attack__nes__l0.5 calls=1021 margin 2.68->-4.43 t=3.2s
[DONE] evaluation__4390__denoise__restore__nes__l0.5 calls=1021 margin 2.68->2.31 t=3.1s
[DONE] evaluation__4390__denoise__random_walk__random_walk__l0.5 calls=1024 margin 2.68->1.06 t=4.3s
[DONE] evaluation__4390__denoise__confidence_boost__nes__l0.5 calls=1021 margin 2.68->7.66 t=3.2s
[DONE] evaluation__4390__denoise__boundary_probe__nes__l0.5 calls=1021 margin 2.68->0.01 t=3.3s
[DONE] evaluation__4390__denoise__counterfactual__nes__l0.5 calls=1021 margin 2.68->-4.57 t=3.2s
[DONE] evaluation__4390__deblur__attack__nes__l1 calls=1021 margin 6.29->1.78 t=3.0s
[DONE] evaluation__4390__deblur__restore__nes__l1 calls=1021 margin 6.29->6.83 t=3.6s
[DONE] evaluation__4390__deblur__random_walk__random_walk__l1 calls=1024 margin 6.29->7.26 t=4.2s
[DONE] evaluation__4390__deblur__confidence_boost__nes__l1 calls=1021 margin 6.29->11.29 t=3.1s
[DONE] evaluation__4390__deblur__boundary_probe__nes__l1 calls=1021 margin 6.29->0.92 t=3.2s
[DONE] evaluation__4390__deblur__counterfactual__nes__l1 calls=1021 margin 6.29->1.12 t=3.6s
[DONE] evaluation__5673__denoise__attack__nes__l0.5 calls=1021 margin 2.45->-2.66 t=3.1s
[DONE] evaluation__5673__denoise__restore__nes__l0.5 calls=1021 margin 2.45->3.20 t=3.3s
[DONE] evaluation__5673__denoise__random_walk__random_walk__l0.5 calls=1024 margin 2.45->3.02 t=4.1s
[DONE] evaluation__5673__denoise__confidence_boost__nes__l0.5 calls=1021 margin 2.45->6.32 t=3.1s
[DONE] evaluation__5673__denoise__boundary_probe__nes__l0.5 calls=1021 margin 2.45->0.01 t=3.2s
[DONE] evaluation__5673__denoise__counterfactual__nes__l0.5 calls=1021 margin 2.45->-2.16 t=3.0s
[DONE] evaluation__5673__deblur__attack__nes__l1 calls=1021 margin 5.02->-1.10 t=2.9s
[DONE] evaluation__5673__deblur__restore__nes__l1 calls=1021 margin 5.02->5.66 t=2.9s
[DONE] evaluation__5673__deblur__random_walk__random_walk__l1 calls=1024 margin 5.02->6.91 t=4.3s
[DONE] evaluation__5673__deblur__confidence_boost__nes__l1 calls=1021 margin 5.02->9.83 t=3.2s
[DONE] evaluation__5673__deblur__boundary_probe__nes__l1 calls=1021 margin 5.02->0.01 t=3.2s
[DONE] evaluation__5673__deblur__counterfactual__nes__l1 calls=1021 margin 5.02->0.04 t=3.0s
[DONE] evaluation__8172__denoise__attack__nes__l0.5 calls=1021 margin 0.57->-6.93 t=3.2s
[DONE] evaluation__8172__denoise__restore__nes__l0.5 calls=1021 margin 0.57->1.26 t=3.4s
[DONE] evaluation__8172__denoise__random_walk__random_walk__l0.5 calls=1024 margin 0.57->-1.04 t=4.2s
[DONE] evaluation__8172__denoise__confidence_boost__nes__l0.5 calls=1021 margin 0.57->6.02 t=2.9s
[DONE] evaluation__8172__denoise__boundary_probe__nes__l0.5 calls=1021 margin 0.57->0.00 t=3.3s
[DONE] evaluation__8172__denoise__counterfactual__nes__l0.5 calls=1021 margin 0.57->-6.79 t=3.0s
[DONE] evaluation__8172__deblur__attack__nes__l1 calls=1021 margin 4.06->-5.92 t=3.1s
[DONE] evaluation__8172__deblur__restore__nes__l1 calls=1021 margin 4.06->5.67 t=3.3s
[DONE] evaluation__8172__deblur__random_walk__random_walk__l1 calls=1024 margin 4.06->6.31 t=4.3s
[DONE] evaluation__8172__deblur__confidence_boost__nes__l1 calls=1021 margin 4.06->11.93 t=3.4s
[DONE] evaluation__8172__deblur__boundary_probe__nes__l1 calls=1021 margin 4.06->0.01 t=2.9s
[DONE] evaluation__8172__deblur__counterfactual__nes__l1 calls=1021 margin 4.06->-5.91 t=3.1s
[DONE] evaluation__952__denoise__attack__nes__l0.5 calls=1021 margin 9.87->2.40 t=3.4s
[DONE] evaluation__952__denoise__restore__nes__l0.5 calls=1021 margin 9.87->10.32 t=3.3s
[DONE] evaluation__952__denoise__random_walk__random_walk__l0.5 calls=1024 margin 9.87->8.91 t=4.1s
[DONE] evaluation__952__denoise__confidence_boost__nes__l0.5 calls=1021 margin 9.87->13.64 t=2.9s
[DONE] evaluation__952__denoise__boundary_probe__nes__l0.5 calls=1021 margin 9.87->2.32 t=3.2s
[DONE] evaluation__952__denoise__counterfactual__nes__l0.5 calls=1021 margin 9.87->2.35 t=3.1s
[DONE] evaluation__952__deblur__attack__nes__l1 calls=1021 margin 9.50->2.43 t=3.3s
[DONE] evaluation__952__deblur__restore__nes__l1 calls=1021 margin 9.50->10.39 t=3.1s
[DONE] evaluation__952__deblur__random_walk__random_walk__l1 calls=1024 margin 9.50->9.99 t=4.2s
[DONE] evaluation__952__deblur__confidence_boost__nes__l1 calls=1021 margin 9.50->14.47 t=3.0s
[DONE] evaluation__952__deblur__boundary_probe__nes__l1 calls=1021 margin 9.50->2.31 t=2.9s
[DONE] evaluation__952__deblur__counterfactual__nes__l1 calls=1021 margin 9.50->1.65 t=3.4s
[DONE] evaluation__4579__denoise__attack__nes__l0.5 calls=1021 margin 6.89->0.99 t=3.3s
[DONE] evaluation__4579__denoise__restore__nes__l0.5 calls=1021 margin 6.89->7.12 t=3.0s
[DONE] evaluation__4579__denoise__random_walk__random_walk__l0.5 calls=1024 margin 6.89->6.63 t=4.3s
[DONE] evaluation__4579__denoise__confidence_boost__nes__l0.5 calls=1021 margin 6.89->10.04 t=3.2s
[DONE] evaluation__4579__denoise__boundary_probe__nes__l0.5 calls=1021 margin 6.89->1.17 t=3.4s
[DONE] evaluation__4579__denoise__counterfactual__nes__l0.5 calls=1021 margin 6.89->1.46 t=3.4s
[DONE] evaluation__4579__deblur__attack__nes__l1 calls=1021 margin 1.40->-5.47 t=3.1s
[DONE] evaluation__4579__deblur__restore__nes__l1 calls=1021 margin 1.40->1.26 t=2.9s
[DONE] evaluation__4579__deblur__random_walk__random_walk__l1 calls=1024 margin 1.40->2.16 t=4.1s
[DONE] evaluation__4579__deblur__confidence_boost__nes__l1 calls=1021 margin 1.40->8.42 t=3.1s
[DONE] evaluation__4579__deblur__boundary_probe__nes__l1 calls=1021 margin 1.40->0.01 t=3.3s
[DONE] evaluation__4579__deblur__counterfactual__nes__l1 calls=1021 margin 1.40->-5.03 t=3.2s
[DONE] evaluation__7131__denoise__attack__nes__l0.5 calls=1021 margin 10.50->5.77 t=3.1s
[DONE] evaluation__7131__denoise__restore__nes__l0.5 calls=1021 margin 10.50->10.97 t=3.2s
[DONE] evaluation__7131__denoise__random_walk__random_walk__l0.5 calls=1024 margin 10.50->10.73 t=4.4s
[DONE] evaluation__7131__denoise__confidence_boost__nes__l0.5 calls=1021 margin 10.50->13.53 t=2.9s
[DONE] evaluation__7131__denoise__boundary_probe__nes__l0.5 calls=1021 margin 10.50->5.37 t=3.0s
[DONE] evaluation__7131__denoise__counterfactual__nes__l0.5 calls=1021 margin 10.50->5.49 t=3.3s
[DONE] evaluation__7131__deblur__attack__nes__l1 calls=1021 margin 11.99->3.68 t=3.3s
[DONE] evaluation__7131__deblur__restore__nes__l1 calls=1021 margin 11.99->12.26 t=3.0s
[DONE] evaluation__7131__deblur__random_walk__random_walk__l1 calls=1024 margin 11.99->11.40 t=4.3s
[DONE] evaluation__7131__deblur__confidence_boost__nes__l1 calls=1021 margin 11.99->14.23 t=3.0s
[DONE] evaluation__7131__deblur__boundary_probe__nes__l1 calls=1021 margin 11.99->4.04 t=3.1s
[DONE] evaluation__7131__deblur__counterfactual__nes__l1 calls=1021 margin 11.99->3.76 t=3.2s
[DONE] evaluation__471__denoise__attack__nes__l0.5 calls=1021 margin 2.38->-4.63 t=3.3s
[DONE] evaluation__471__denoise__restore__nes__l0.5 calls=1021 margin 2.38->1.82 t=3.2s
[DONE] evaluation__471__denoise__random_walk__random_walk__l0.5 calls=1024 margin 2.38->0.91 t=4.2s
[DONE] evaluation__471__denoise__confidence_boost__nes__l0.5 calls=1021 margin 2.38->6.07 t=3.0s
[DONE] evaluation__471__denoise__boundary_probe__nes__l0.5 calls=1021 margin 2.38->0.02 t=3.3s
[DONE] evaluation__471__denoise__counterfactual__nes__l0.5 calls=1021 margin 2.38->-4.47 t=3.2s
[DONE] evaluation__471__deblur__attack__nes__l1 calls=1021 margin 5.57->-0.91 t=3.1s
[DONE] evaluation__471__deblur__restore__nes__l1 calls=1021 margin 5.57->6.54 t=3.0s
[DONE] evaluation__471__deblur__random_walk__random_walk__l1 calls=1024 margin 5.57->4.66 t=4.3s
[DONE] evaluation__471__deblur__confidence_boost__nes__l1 calls=1021 margin 5.57->10.42 t=3.2s
[DONE] evaluation__471__deblur__boundary_probe__nes__l1 calls=1021 margin 5.57->0.03 t=3.3s
[DONE] evaluation__471__deblur__counterfactual__nes__l1 calls=1021 margin 5.57->-1.18 t=3.0s
[DONE] evaluation__2640__denoise__attack__nes__l0.5 calls=1021 margin 3.67->-3.52 t=3.0s
[DONE] evaluation__2640__denoise__restore__nes__l0.5 calls=1021 margin 3.67->3.86 t=3.1s
[DONE] evaluation__2640__denoise__random_walk__random_walk__l0.5 calls=1024 margin 3.67->3.91 t=4.2s
[DONE] evaluation__2640__denoise__confidence_boost__nes__l0.5 calls=1021 margin 3.67->8.76 t=3.0s
[DONE] evaluation__2640__denoise__boundary_probe__nes__l0.5 calls=1021 margin 3.67->0.01 t=3.0s
[DONE] evaluation__2640__denoise__counterfactual__nes__l0.5 calls=1021 margin 3.67->-3.65 t=3.2s
[DONE] evaluation__2640__deblur__attack__nes__l1 calls=1021 margin 10.47->0.99 t=3.0s
[DONE] evaluation__2640__deblur__restore__nes__l1 calls=1021 margin 10.47->10.47 t=3.1s
[DONE] evaluation__2640__deblur__random_walk__random_walk__l1 calls=1024 margin 10.47->7.34 t=4.4s
[DONE] evaluation__2640__deblur__confidence_boost__nes__l1 calls=1021 margin 10.47->13.97 t=3.3s
[DONE] evaluation__2640__deblur__boundary_probe__nes__l1 calls=1021 margin 10.47->0.85 t=3.4s
[DONE] evaluation__2640__deblur__counterfactual__nes__l1 calls=1021 margin 10.47->0.34 t=3.2s
[DONE] evaluation__6844__denoise__attack__nes__l0.5 calls=1021 margin 6.23->-1.50 t=3.1s
[DONE] evaluation__6844__denoise__restore__nes__l0.5 calls=1021 margin 6.23->6.28 t=3.1s
[DONE] evaluation__6844__denoise__random_walk__random_walk__l0.5 calls=1024 margin 6.23->6.17 t=4.3s
[DONE] evaluation__6844__denoise__confidence_boost__nes__l0.5 calls=1021 margin 6.23->11.08 t=3.2s
[DONE] evaluation__6844__denoise__boundary_probe__nes__l0.5 calls=1021 margin 6.23->0.04 t=3.2s
[DONE] evaluation__6844__denoise__counterfactual__nes__l0.5 calls=1021 margin 6.23->-1.91 t=3.3s
[DONE] evaluation__6844__deblur__attack__nes__l1 calls=1021 margin 10.56->5.09 t=3.2s
[DONE] evaluation__6844__deblur__restore__nes__l1 calls=1021 margin 10.56->10.45 t=3.3s
[DONE] evaluation__6844__deblur__random_walk__random_walk__l1 calls=1024 margin 10.56->9.15 t=4.4s
[DONE] evaluation__6844__deblur__confidence_boost__nes__l1 calls=1021 margin 10.56->13.26 t=3.1s
[DONE] evaluation__6844__deblur__boundary_probe__nes__l1 calls=1021 margin 10.56->4.74 t=3.4s
[DONE] evaluation__6844__deblur__counterfactual__nes__l1 calls=1021 margin 10.56->5.18 t=3.0s
[DONE] evaluation__9063__denoise__attack__nes__l0.5 calls=1021 margin 4.04->-1.74 t=2.9s
[DONE] evaluation__9063__denoise__restore__nes__l0.5 calls=1021 margin 4.04->3.59 t=2.7s
[DONE] evaluation__9063__denoise__random_walk__random_walk__l0.5 calls=1024 margin 4.04->3.83 t=4.1s
[DONE] evaluation__9063__denoise__confidence_boost__nes__l0.5 calls=1021 margin 4.04->8.82 t=3.2s
[DONE] evaluation__9063__denoise__boundary_probe__nes__l0.5 calls=1021 margin 4.04->0.02 t=3.3s
[DONE] evaluation__9063__denoise__counterfactual__nes__l0.5 calls=1021 margin 4.04->-1.80 t=3.4s
[DONE] evaluation__9063__deblur__attack__nes__l1 calls=1021 margin 8.45->2.28 t=3.1s
[DONE] evaluation__9063__deblur__restore__nes__l1 calls=1021 margin 8.45->7.76 t=3.1s
[DONE] evaluation__9063__deblur__random_walk__random_walk__l1 calls=1024 margin 8.45->4.72 t=3.8s
[DONE] evaluation__9063__deblur__confidence_boost__nes__l1 calls=1021 margin 8.45->10.96 t=3.3s
[DONE] evaluation__9063__deblur__boundary_probe__nes__l1 calls=1021 margin 8.45->1.81 t=3.3s
[DONE] evaluation__9063__deblur__counterfactual__nes__l1 calls=1021 margin 8.45->2.06 t=3.0s
[DONE] evaluation__2624__denoise__attack__nes__l0.5 calls=1021 margin 6.17->1.74 t=3.0s
[DONE] evaluation__2624__denoise__restore__nes__l0.5 calls=1021 margin 6.17->5.70 t=3.0s
[DONE] evaluation__2624__denoise__random_walk__random_walk__l0.5 calls=1024 margin 6.17->5.57 t=4.4s
[DONE] evaluation__2624__denoise__confidence_boost__nes__l0.5 calls=1021 margin 6.17->9.18 t=3.5s
[DONE] evaluation__2624__denoise__boundary_probe__nes__l0.5 calls=1021 margin 6.17->1.22 t=3.3s
[DONE] evaluation__2624__denoise__counterfactual__nes__l0.5 calls=1021 margin 6.17->1.36 t=3.1s
[DONE] evaluation__2624__deblur__attack__nes__l1 calls=1021 margin 3.93->-1.10 t=3.0s
[DONE] evaluation__2624__deblur__restore__nes__l1 calls=1021 margin 3.93->3.88 t=2.9s
[DONE] evaluation__2624__deblur__random_walk__random_walk__l1 calls=1024 margin 3.93->5.14 t=4.1s
[DONE] evaluation__2624__deblur__confidence_boost__nes__l1 calls=1021 margin 3.93->8.05 t=3.2s
[DONE] evaluation__2624__deblur__boundary_probe__nes__l1 calls=1021 margin 3.93->0.00 t=3.0s
[DONE] evaluation__2624__deblur__counterfactual__nes__l1 calls=1021 margin 3.93->-1.49 t=3.0s
[DONE] evaluation__5619__denoise__attack__nes__l0.5 calls=1021 margin 3.69->0.92 t=2.8s
[DONE] evaluation__5619__denoise__restore__nes__l0.5 calls=1021 margin 3.69->3.43 t=2.9s
[DONE] evaluation__5619__denoise__random_walk__random_walk__l0.5 calls=1024 margin 3.69->3.96 t=4.0s
[DONE] evaluation__5619__denoise__confidence_boost__nes__l0.5 calls=1021 margin 3.69->6.97 t=3.2s
[DONE] evaluation__5619__denoise__boundary_probe__nes__l0.5 calls=1021 margin 3.69->0.09 t=3.1s
[DONE] evaluation__5619__denoise__counterfactual__nes__l0.5 calls=1021 margin 3.69->0.30 t=2.8s
[DONE] evaluation__5619__deblur__attack__nes__l1 calls=1021 margin 2.13->-4.94 t=3.0s
[DONE] evaluation__5619__deblur__restore__nes__l1 calls=1021 margin 2.13->2.37 t=3.0s
[DONE] evaluation__5619__deblur__random_walk__random_walk__l1 calls=1024 margin 2.13->0.58 t=4.3s
[DONE] evaluation__5619__deblur__confidence_boost__nes__l1 calls=1021 margin 2.13->7.89 t=3.1s
[DONE] evaluation__5619__deblur__boundary_probe__nes__l1 calls=1021 margin 2.13->0.01 t=3.1s
[DONE] evaluation__5619__deblur__counterfactual__nes__l1 calls=1021 margin 2.13->-5.27 t=3.0s
[DONE] evaluation__8120__denoise__attack__nes__l0.5 calls=1021 margin 1.73->-2.51 t=2.9s
[DONE] evaluation__8120__denoise__restore__nes__l0.5 calls=1021 margin 1.73->1.95 t=3.0s
[DONE] evaluation__8120__denoise__random_walk__random_walk__l0.5 calls=1024 margin 1.73->1.30 t=4.0s
[DONE] evaluation__8120__denoise__confidence_boost__nes__l0.5 calls=1021 margin 1.73->5.85 t=3.2s
[DONE] evaluation__8120__denoise__boundary_probe__nes__l0.5 calls=1021 margin 1.73->0.00 t=3.4s
[DONE] evaluation__8120__denoise__counterfactual__nes__l0.5 calls=1021 margin 1.73->-3.02 t=3.2s
[DONE] evaluation__8120__deblur__attack__nes__l1 calls=1021 margin 8.81->1.64 t=2.8s
[DONE] evaluation__8120__deblur__restore__nes__l1 calls=1021 margin 8.81->9.00 t=3.1s
[DONE] evaluation__8120__deblur__random_walk__random_walk__l1 calls=1024 margin 8.81->9.10 t=4.3s
[DONE] evaluation__8120__deblur__confidence_boost__nes__l1 calls=1021 margin 8.81->12.28 t=3.1s
[DONE] evaluation__8120__deblur__boundary_probe__nes__l1 calls=1021 margin 8.81->2.79 t=3.2s
[DONE] evaluation__8120__deblur__counterfactual__nes__l1 calls=1021 margin 8.81->3.28 t=3.3s
[DONE] evaluation__940__denoise__attack__nes__l0.5 calls=1021 margin 10.03->8.71 t=3.1s
[DONE] evaluation__940__denoise__restore__nes__l0.5 calls=1021 margin 10.03->9.99 t=3.1s
[DONE] evaluation__940__denoise__random_walk__random_walk__l0.5 calls=1024 margin 10.03->9.67 t=4.2s
[DONE] evaluation__940__denoise__confidence_boost__nes__l0.5 calls=1021 margin 10.03->11.27 t=3.2s
[DONE] evaluation__940__denoise__boundary_probe__nes__l0.5 calls=1021 margin 10.03->8.43 t=3.2s
[DONE] evaluation__940__denoise__counterfactual__nes__l0.5 calls=1021 margin 10.03->8.56 t=3.0s
[DONE] evaluation__940__deblur__attack__nes__l1 calls=1021 margin 9.65->4.42 t=3.3s
[DONE] evaluation__940__deblur__restore__nes__l1 calls=1021 margin 9.65->9.61 t=3.1s
[DONE] evaluation__940__deblur__random_walk__random_walk__l1 calls=1024 margin 9.65->10.42 t=4.2s
[DONE] evaluation__940__deblur__confidence_boost__nes__l1 calls=1021 margin 9.65->12.35 t=3.1s
[DONE] evaluation__940__deblur__boundary_probe__nes__l1 calls=1021 margin 9.65->4.60 t=3.1s
[DONE] evaluation__940__deblur__counterfactual__nes__l1 calls=1021 margin 9.65->5.59 t=3.0s
[DONE] evaluation__3166__denoise__attack__nes__l0.5 calls=1021 margin 2.62->-3.16 t=3.0s
[DONE] evaluation__3166__denoise__restore__nes__l0.5 calls=1021 margin 2.62->3.09 t=3.1s
[DONE] evaluation__3166__denoise__random_walk__random_walk__l0.5 calls=1024 margin 2.62->1.84 t=4.3s
[DONE] evaluation__3166__denoise__confidence_boost__nes__l0.5 calls=1021 margin 2.62->7.24 t=3.0s
[DONE] evaluation__3166__denoise__boundary_probe__nes__l0.5 calls=1021 margin 2.62->0.01 t=3.2s
[DONE] evaluation__3166__denoise__counterfactual__nes__l0.5 calls=1021 margin 2.62->-3.58 t=3.0s
[DONE] evaluation__3166__deblur__attack__nes__l1 calls=1021 margin 2.27->-5.67 t=3.0s
[DONE] evaluation__3166__deblur__restore__nes__l1 calls=1021 margin 2.27->3.19 t=3.0s
[DONE] evaluation__3166__deblur__random_walk__random_walk__l1 calls=1024 margin 2.27->3.87 t=4.3s
[DONE] evaluation__3166__deblur__confidence_boost__nes__l1 calls=1021 margin 2.27->10.61 t=3.2s
[DONE] evaluation__3166__deblur__boundary_probe__nes__l1 calls=1021 margin 2.27->0.03 t=3.5s
[DONE] evaluation__3166__deblur__counterfactual__nes__l1 calls=1021 margin 2.27->-5.35 t=3.0s
[DONE] evaluation__7613__denoise__attack__nes__l0.5 calls=1021 margin 2.33->-3.12 t=3.3s
[DONE] evaluation__7613__denoise__restore__nes__l0.5 calls=1021 margin 2.33->2.41 t=3.3s
[DONE] evaluation__7613__denoise__random_walk__random_walk__l0.5 calls=1024 margin 2.33->2.33 t=4.4s
[DONE] evaluation__7613__denoise__confidence_boost__nes__l0.5 calls=1021 margin 2.33->6.95 t=3.5s
[DONE] evaluation__7613__denoise__boundary_probe__nes__l0.5 calls=1021 margin 2.33->0.05 t=3.2s
[DONE] evaluation__7613__denoise__counterfactual__nes__l0.5 calls=1021 margin 2.33->-2.98 t=3.0s
[DONE] evaluation__7613__deblur__attack__nes__l1 calls=1021 margin 8.40->2.33 t=3.0s
[DONE] evaluation__7613__deblur__restore__nes__l1 calls=1021 margin 8.40->8.71 t=3.1s
[DONE] evaluation__7613__deblur__random_walk__random_walk__l1 calls=1024 margin 8.40->8.47 t=4.4s
[DONE] evaluation__7613__deblur__confidence_boost__nes__l1 calls=1021 margin 8.40->11.05 t=3.3s
[DONE] evaluation__7613__deblur__boundary_probe__nes__l1 calls=1021 margin 8.40->3.68 t=3.4s
[DONE] evaluation__7613__deblur__counterfactual__nes__l1 calls=1021 margin 8.40->3.26 t=3.1s
[DONE] fit__74__denoise__attack__nes__l0.5 calls=1021 margin 0.15->-5.50 t=3.2s
[DONE] fit__74__denoise__restore__nes__l0.5 calls=1021 margin 0.15->0.43 t=3.1s
[DONE] fit__74__denoise__random_walk__random_walk__l0.5 calls=1024 margin 0.15->-0.58 t=4.6s
[DONE] fit__74__denoise__confidence_boost__nes__l0.5 calls=1021 margin 0.15->5.56 t=3.2s
[DONE] fit__74__denoise__boundary_probe__nes__l0.5 calls=1021 margin 0.15->0.01 t=3.3s
[DONE] fit__74__denoise__counterfactual__nes__l0.5 calls=1021 margin 0.15->-5.77 t=2.8s
[DONE] fit__74__deblur__attack__nes__l1 calls=1021 margin 7.34->-2.18 t=2.9s
[DONE] fit__74__deblur__restore__nes__l1 calls=1021 margin 7.34->7.61 t=2.9s
[DONE] fit__74__deblur__random_walk__random_walk__l1 calls=1024 margin 7.34->6.24 t=4.2s
[DONE] fit__74__deblur__confidence_boost__nes__l1 calls=1021 margin 7.34->12.36 t=3.2s
[DONE] fit__74__deblur__boundary_probe__nes__l1 calls=1021 margin 7.34->0.02 t=2.8s
[DONE] fit__74__deblur__counterfactual__nes__l1 calls=1021 margin 7.34->-2.81 t=2.8s
[DONE] fit__7354__denoise__attack__nes__l0.5 calls=1021 margin 4.04->-0.79 t=2.9s
[DONE] fit__7354__denoise__restore__nes__l0.5 calls=1021 margin 4.04->4.47 t=2.9s
[DONE] fit__7354__denoise__random_walk__random_walk__l0.5 calls=1024 margin 4.04->4.34 t=4.5s
[DONE] fit__7354__denoise__confidence_boost__nes__l0.5 calls=1021 margin 4.04->8.18 t=3.0s
[DONE] fit__7354__denoise__boundary_probe__nes__l0.5 calls=1021 margin 4.04->0.05 t=3.0s
[DONE] fit__7354__denoise__counterfactual__nes__l0.5 calls=1021 margin 4.04->0.25 t=3.1s
[DONE] fit__7354__deblur__attack__nes__l1 calls=1021 margin 9.00->0.27 t=3.1s
[DONE] fit__7354__deblur__restore__nes__l1 calls=1021 margin 9.00->8.89 t=3.0s
[DONE] fit__7354__deblur__random_walk__random_walk__l1 calls=1024 margin 9.00->7.76 t=4.1s
[DONE] fit__7354__deblur__confidence_boost__nes__l1 calls=1021 margin 9.00->13.71 t=3.0s
[DONE] fit__7354__deblur__boundary_probe__nes__l1 calls=1021 margin 9.00->1.77 t=2.9s
[DONE] fit__7354__deblur__counterfactual__nes__l1 calls=1021 margin 9.00->0.71 t=2.7s
[DONE] fit__4506__denoise__attack__nes__l0.5 calls=1021 margin 3.54->-1.04 t=3.1s
[DONE] fit__4506__denoise__restore__nes__l0.5 calls=1021 margin 3.54->3.49 t=3.4s
[DONE] fit__4506__denoise__random_walk__random_walk__l0.5 calls=1024 margin 3.54->3.59 t=4.5s
[DONE] fit__4506__denoise__confidence_boost__nes__l0.5 calls=1021 margin 3.54->6.22 t=3.6s
[DONE] fit__4506__denoise__boundary_probe__nes__l0.5 calls=1021 margin 3.54->0.41 t=3.4s
[DONE] fit__4506__denoise__counterfactual__nes__l0.5 calls=1021 margin 3.54->0.11 t=3.2s
[DONE] fit__4506__deblur__attack__nes__l1 calls=1021 margin 10.84->6.34 t=3.2s
[DONE] fit__4506__deblur__restore__nes__l1 calls=1021 margin 10.84->10.75 t=3.1s
[DONE] fit__4506__deblur__random_walk__random_walk__l1 calls=1024 margin 10.84->9.10 t=4.4s
[DONE] fit__4506__deblur__confidence_boost__nes__l1 calls=1021 margin 10.84->12.56 t=3.2s
[DONE] fit__4506__deblur__boundary_probe__nes__l1 calls=1021 margin 10.84->6.94 t=3.0s
[DONE] fit__4506__deblur__counterfactual__nes__l1 calls=1021 margin 10.84->5.88 t=2.9s
[DONE] fit__9559__denoise__attack__nes__l0.5 calls=1021 margin 5.63->0.06 t=3.3s
[DONE] fit__9559__denoise__restore__nes__l0.5 calls=1021 margin 5.63->5.23 t=2.9s
[DONE] fit__9559__denoise__random_walk__random_walk__l0.5 calls=1024 margin 5.63->4.52 t=4.5s
[DONE] fit__9559__denoise__confidence_boost__nes__l0.5 calls=1021 margin 5.63->8.85 t=3.1s
[DONE] fit__9559__denoise__boundary_probe__nes__l0.5 calls=1021 margin 5.63->0.03 t=2.8s
[DONE] fit__9559__denoise__counterfactual__nes__l0.5 calls=1021 margin 5.63->0.87 t=3.2s
[DONE] fit__9559__deblur__attack__nes__l1 calls=1021 margin 8.08->5.30 t=3.1s
[DONE] fit__9559__deblur__restore__nes__l1 calls=1021 margin 8.08->8.22 t=2.8s
[DONE] fit__9559__deblur__random_walk__random_walk__l1 calls=1024 margin 8.08->6.89 t=4.3s
[DONE] fit__9559__deblur__confidence_boost__nes__l1 calls=1021 margin 8.08->10.02 t=3.2s
[DONE] fit__9559__deblur__boundary_probe__nes__l1 calls=1021 margin 8.08->4.70 t=3.0s
[DONE] fit__9559__deblur__counterfactual__nes__l1 calls=1021 margin 8.08->4.90 t=2.7s
[DONE] fit__2625__denoise__attack__nes__l0.5 calls=1021 margin 3.67->-4.76 t=2.7s
[DONE] fit__2625__denoise__restore__nes__l0.5 calls=1021 margin 3.67->3.65 t=2.9s
[DONE] fit__2625__denoise__random_walk__random_walk__l0.5 calls=1024 margin 3.67->2.51 t=4.4s
[DONE] fit__2625__denoise__confidence_boost__nes__l0.5 calls=1021 margin 3.67->9.17 t=3.2s
[DONE] fit__2625__denoise__boundary_probe__nes__l0.5 calls=1021 margin 3.67->0.00 t=2.9s
[DONE] fit__2625__denoise__counterfactual__nes__l0.5 calls=1021 margin 3.67->-5.64 t=3.0s
[DONE] fit__2625__deblur__attack__nes__l1 calls=1021 margin 7.57->-2.81 t=3.1s
[DONE] fit__2625__deblur__restore__nes__l1 calls=1021 margin 7.57->7.89 t=3.0s
[DONE] fit__2625__deblur__random_walk__random_walk__l1 calls=1024 margin 7.57->7.28 t=4.1s
[DONE] fit__2625__deblur__confidence_boost__nes__l1 calls=1021 margin 7.57->12.49 t=3.1s
[DONE] fit__2625__deblur__boundary_probe__nes__l1 calls=1021 margin 7.57->0.08 t=3.0s
[DONE] fit__2625__deblur__counterfactual__nes__l1 calls=1021 margin 7.57->-2.60 t=3.0s
[DONE] fit__397__denoise__attack__nes__l0.5 calls=1021 margin 5.00->-1.80 t=3.1s
[DONE] fit__397__denoise__restore__nes__l0.5 calls=1021 margin 5.00->5.03 t=3.1s
[DONE] fit__397__denoise__random_walk__random_walk__l0.5 calls=1024 margin 5.00->3.85 t=4.2s
[DONE] fit__397__denoise__confidence_boost__nes__l0.5 calls=1021 margin 5.00->8.39 t=3.1s
[DONE] fit__397__denoise__boundary_probe__nes__l0.5 calls=1021 margin 5.00->0.03 t=2.9s
[DONE] fit__397__denoise__counterfactual__nes__l0.5 calls=1021 margin 5.00->-1.89 t=3.2s
[DONE] fit__397__deblur__attack__nes__l1 calls=1021 margin 0.68->-3.90 t=2.9s
[DONE] fit__397__deblur__restore__nes__l1 calls=1021 margin 0.68->0.98 t=3.2s
[DONE] fit__397__deblur__random_walk__random_walk__l1 calls=1024 margin 0.68->4.35 t=4.2s
[DONE] fit__397__deblur__confidence_boost__nes__l1 calls=1021 margin 0.68->6.74 t=3.3s
[DONE] fit__397__deblur__boundary_probe__nes__l1 calls=1021 margin 0.68->0.00 t=2.9s
[DONE] fit__397__deblur__counterfactual__nes__l1 calls=1021 margin 0.68->-1.67 t=2.9s
[DONE] fit__6364__denoise__attack__nes__l0.5 calls=1021 margin 4.09->-0.11 t=3.2s
[DONE] fit__6364__denoise__restore__nes__l0.5 calls=1021 margin 4.09->4.33 t=3.1s
[DONE] fit__6364__denoise__random_walk__random_walk__l0.5 calls=1024 margin 4.09->4.55 t=4.4s
[DONE] fit__6364__denoise__confidence_boost__nes__l0.5 calls=1021 margin 4.09->7.49 t=3.1s
[DONE] fit__6364__denoise__boundary_probe__nes__l0.5 calls=1021 margin 4.09->0.02 t=3.1s
[DONE] fit__6364__denoise__counterfactual__nes__l0.5 calls=1021 margin 4.09->-0.76 t=3.0s
[DONE] fit__6364__deblur__attack__nes__l1 calls=1021 margin 6.17->-1.76 t=3.1s
[DONE] fit__6364__deblur__restore__nes__l1 calls=1021 margin 6.17->6.60 t=3.1s
[DONE] fit__6364__deblur__random_walk__random_walk__l1 calls=1024 margin 6.17->5.62 t=4.3s
[DONE] fit__6364__deblur__confidence_boost__nes__l1 calls=1021 margin 6.17->10.57 t=3.3s
[DONE] fit__6364__deblur__boundary_probe__nes__l1 calls=1021 margin 6.17->0.00 t=3.0s
[DONE] fit__6364__deblur__counterfactual__nes__l1 calls=1021 margin 6.17->-1.97 t=2.9s
[DONE] fit__3759__denoise__attack__nes__l0.5 calls=1021 margin 3.76->-3.58 t=2.8s
[DONE] fit__3759__denoise__restore__nes__l0.5 calls=1021 margin 3.76->4.53 t=3.0s
[DONE] fit__3759__denoise__random_walk__random_walk__l0.5 calls=1024 margin 3.76->3.15 t=4.4s
[DONE] fit__3759__denoise__confidence_boost__nes__l0.5 calls=1021 margin 3.76->9.03 t=3.1s
[DONE] fit__3759__denoise__boundary_probe__nes__l0.5 calls=1021 margin 3.76->0.02 t=3.1s
[DONE] fit__3759__denoise__counterfactual__nes__l0.5 calls=1021 margin 3.76->-2.87 t=2.8s
[DONE] fit__3759__deblur__attack__nes__l1 calls=1021 margin 7.38->2.33 t=2.8s
[DONE] fit__3759__deblur__restore__nes__l1 calls=1021 margin 7.38->8.92 t=2.9s
[DONE] fit__3759__deblur__random_walk__random_walk__l1 calls=1024 margin 7.38->8.44 t=4.2s
[DONE] fit__3759__deblur__confidence_boost__nes__l1 calls=1021 margin 7.38->14.29 t=3.1s
[DONE] fit__3759__deblur__boundary_probe__nes__l1 calls=1021 margin 7.38->2.08 t=3.1s
[DONE] fit__3759__deblur__counterfactual__nes__l1 calls=1021 margin 7.38->1.36 t=3.0s
[DONE] fit__8801__denoise__attack__nes__l0.5 calls=1021 margin 7.09->1.02 t=3.0s
[DONE] fit__8801__denoise__restore__nes__l0.5 calls=1021 margin 7.09->7.71 t=3.2s
[DONE] fit__8801__denoise__random_walk__random_walk__l0.5 calls=1024 margin 7.09->6.09 t=4.1s
[DONE] fit__8801__denoise__confidence_boost__nes__l0.5 calls=1021 margin 7.09->11.48 t=3.3s
[DONE] fit__8801__denoise__boundary_probe__nes__l0.5 calls=1021 margin 7.09->0.87 t=3.1s
[DONE] fit__8801__denoise__counterfactual__nes__l0.5 calls=1021 margin 7.09->0.44 t=3.2s
[DONE] fit__8801__deblur__attack__nes__l1 calls=1021 margin 5.33->-2.52 t=2.9s
[DONE] fit__8801__deblur__restore__nes__l1 calls=1021 margin 5.33->5.56 t=2.8s
[DONE] fit__8801__deblur__random_walk__random_walk__l1 calls=1024 margin 5.33->6.63 t=4.2s
[DONE] fit__8801__deblur__confidence_boost__nes__l1 calls=1021 margin 5.33->12.70 t=2.9s
[DONE] fit__8801__deblur__boundary_probe__nes__l1 calls=1021 margin 5.33->0.01 t=2.9s
[DONE] fit__8801__deblur__counterfactual__nes__l1 calls=1021 margin 5.33->-2.40 t=2.9s
[DONE] fit__5112__denoise__attack__nes__l0.5 calls=1021 margin 0.41->-5.88 t=3.0s
[DONE] fit__5112__denoise__restore__nes__l0.5 calls=1021 margin 0.41->0.86 t=3.0s
[DONE] fit__5112__denoise__random_walk__random_walk__l0.5 calls=1024 margin 0.41->1.23 t=4.1s
[DONE] fit__5112__denoise__confidence_boost__nes__l0.5 calls=1021 margin 0.41->5.35 t=3.2s
[DONE] fit__5112__denoise__boundary_probe__nes__l0.5 calls=1021 margin 0.41->0.01 t=3.0s
[DONE] fit__5112__denoise__counterfactual__nes__l0.5 calls=1021 margin 0.41->-6.14 t=2.8s
[DONE] fit__5112__deblur__attack__nes__l1 calls=1021 margin 4.30->-3.83 t=3.0s
[DONE] fit__5112__deblur__restore__nes__l1 calls=1021 margin 4.30->4.75 t=3.1s
[DONE] fit__5112__deblur__random_walk__random_walk__l1 calls=1024 margin 4.30->4.74 t=4.1s
[DONE] fit__5112__deblur__confidence_boost__nes__l1 calls=1021 margin 4.30->9.12 t=3.5s
[DONE] fit__5112__deblur__boundary_probe__nes__l1 calls=1021 margin 4.30->0.03 t=3.2s
[DONE] fit__5112__deblur__counterfactual__nes__l1 calls=1021 margin 4.30->-3.47 t=3.4s
[DONE] fit__2121__denoise__attack__nes__l0.5 calls=1021 margin 7.03->-0.91 t=2.9s
[DONE] fit__2121__denoise__restore__nes__l0.5 calls=1021 margin 7.03->7.08 t=2.9s
[DONE] fit__2121__denoise__random_walk__random_walk__l0.5 calls=1024 margin 7.03->5.81 t=4.4s
[DONE] fit__2121__denoise__confidence_boost__nes__l0.5 calls=1021 margin 7.03->10.32 t=3.2s
[DONE] fit__2121__denoise__boundary_probe__nes__l0.5 calls=1021 margin 7.03->0.01 t=3.3s
[DONE] fit__2121__denoise__counterfactual__nes__l0.5 calls=1021 margin 7.03->1.84 t=3.1s
[DONE] fit__2121__deblur__attack__nes__l1 calls=1021 margin 8.68->-0.50 t=3.2s
[DONE] fit__2121__deblur__restore__nes__l1 calls=1021 margin 8.68->7.21 t=3.0s
[DONE] fit__2121__deblur__random_walk__random_walk__l1 calls=1024 margin 8.68->5.96 t=4.2s
[DONE] fit__2121__deblur__confidence_boost__nes__l1 calls=1021 margin 8.68->13.74 t=3.1s
[DONE] fit__2121__deblur__boundary_probe__nes__l1 calls=1021 margin 8.68->0.02 t=3.0s
[DONE] fit__2121__deblur__counterfactual__nes__l1 calls=1021 margin 8.68->-0.41 t=3.1s
[DONE] fit__6235__denoise__attack__nes__l0.5 calls=1021 margin 5.47->-0.51 t=3.0s
[DONE] fit__6235__denoise__restore__nes__l0.5 calls=1021 margin 5.47->5.31 t=3.2s
[DONE] fit__6235__denoise__random_walk__random_walk__l0.5 calls=1024 margin 5.47->6.49 t=4.3s
[DONE] fit__6235__denoise__confidence_boost__nes__l0.5 calls=1021 margin 5.47->9.60 t=3.1s
[DONE] fit__6235__denoise__boundary_probe__nes__l0.5 calls=1021 margin 5.47->0.01 t=3.0s
[DONE] fit__6235__denoise__counterfactual__nes__l0.5 calls=1021 margin 5.47->-1.03 t=3.0s
[DONE] fit__6235__deblur__attack__nes__l1 calls=1021 margin 9.26->-1.82 t=2.5s
[DONE] fit__6235__deblur__restore__nes__l1 calls=1021 margin 9.26->9.57 t=2.9s
[DONE] fit__6235__deblur__random_walk__random_walk__l1 calls=1024 margin 9.26->10.36 t=4.2s
[DONE] fit__6235__deblur__confidence_boost__nes__l1 calls=1021 margin 9.26->13.96 t=3.1s
[DONE] fit__6235__deblur__boundary_probe__nes__l1 calls=1021 margin 9.26->0.04 t=3.0s
[DONE] fit__6235__deblur__counterfactual__nes__l1 calls=1021 margin 9.26->-1.02 t=2.8s
[DONE] fit__2470__denoise__attack__nes__l0.5 calls=1021 margin 5.88->-0.04 t=3.1s
[DONE] fit__2470__denoise__restore__nes__l0.5 calls=1021 margin 5.88->6.04 t=2.9s
[DONE] fit__2470__denoise__random_walk__random_walk__l0.5 calls=1024 margin 5.88->5.64 t=4.2s
[DONE] fit__2470__denoise__confidence_boost__nes__l0.5 calls=1021 margin 5.88->8.98 t=3.3s
[DONE] fit__2470__denoise__boundary_probe__nes__l0.5 calls=1021 margin 5.88->0.03 t=3.5s
[DONE] fit__2470__denoise__counterfactual__nes__l0.5 calls=1021 margin 5.88->1.84 t=3.3s
[DONE] fit__2470__deblur__attack__nes__l1 calls=1021 margin 13.09->5.35 t=3.1s
[DONE] fit__2470__deblur__restore__nes__l1 calls=1021 margin 13.09->12.69 t=2.9s
[DONE] fit__2470__deblur__random_walk__random_walk__l1 calls=1024 margin 13.09->10.63 t=4.3s
[DONE] fit__2470__deblur__confidence_boost__nes__l1 calls=1021 margin 13.09->13.99 t=3.0s
[DONE] fit__2470__deblur__boundary_probe__nes__l1 calls=1021 margin 13.09->5.94 t=3.1s
[DONE] fit__2470__deblur__counterfactual__nes__l1 calls=1021 margin 13.09->6.09 t=3.1s
[DONE] fit__9899__denoise__attack__nes__l0.5 calls=1021 margin 4.71->-0.42 t=2.9s
[DONE] fit__9899__denoise__restore__nes__l0.5 calls=1021 margin 4.71->4.67 t=2.9s
[DONE] fit__9899__denoise__random_walk__random_walk__l0.5 calls=1024 margin 4.71->4.05 t=4.2s
[DONE] fit__9899__denoise__confidence_boost__nes__l0.5 calls=1021 margin 4.71->9.03 t=3.1s
[DONE] fit__9899__denoise__boundary_probe__nes__l0.5 calls=1021 margin 4.71->0.02 t=3.3s
[DONE] fit__9899__denoise__counterfactual__nes__l0.5 calls=1021 margin 4.71->-0.11 t=3.0s
[DONE] fit__9899__deblur__attack__nes__l1 calls=1021 margin 4.37->-1.32 t=3.1s
[DONE] fit__9899__deblur__restore__nes__l1 calls=1021 margin 4.37->4.83 t=3.1s
[DONE] fit__9899__deblur__random_walk__random_walk__l1 calls=1024 margin 4.37->4.14 t=4.2s
[DONE] fit__9899__deblur__confidence_boost__nes__l1 calls=1021 margin 4.37->8.32 t=3.0s
[DONE] fit__9899__deblur__boundary_probe__nes__l1 calls=1021 margin 4.37->0.01 t=3.0s
[DONE] fit__9899__deblur__counterfactual__nes__l1 calls=1021 margin 4.37->-1.59 t=3.0s
[DONE] fit__2380__denoise__attack__nes__l0.5 calls=1021 margin 6.32->-1.26 t=3.0s
[DONE] fit__2380__denoise__restore__nes__l0.5 calls=1021 margin 6.32->7.10 t=3.0s
[DONE] fit__2380__denoise__random_walk__random_walk__l0.5 calls=1024 margin 6.32->6.06 t=4.4s
[DONE] fit__2380__denoise__confidence_boost__nes__l0.5 calls=1021 margin 6.32->10.55 t=3.2s
[DONE] fit__2380__denoise__boundary_probe__nes__l0.5 calls=1021 margin 6.32->0.01 t=2.9s
[DONE] fit__2380__denoise__counterfactual__nes__l0.5 calls=1021 margin 6.32->-0.93 t=3.1s
[DONE] fit__2380__deblur__attack__nes__l1 calls=1021 margin 9.54->2.68 t=2.7s
[DONE] fit__2380__deblur__restore__nes__l1 calls=1021 margin 9.54->10.22 t=2.7s
[DONE] fit__2380__deblur__random_walk__random_walk__l1 calls=1024 margin 9.54->10.12 t=3.9s
[DONE] fit__2380__deblur__confidence_boost__nes__l1 calls=1021 margin 9.54->14.84 t=2.8s
[DONE] fit__2380__deblur__boundary_probe__nes__l1 calls=1021 margin 9.54->3.08 t=2.9s
[DONE] fit__2380__deblur__counterfactual__nes__l1 calls=1021 margin 9.54->3.35 t=2.7s
[DONE] fit__1082__denoise__attack__nes__l0.5 calls=1021 margin 1.38->-4.63 t=2.6s
[DONE] fit__1082__denoise__restore__nes__l0.5 calls=1021 margin 1.38->1.85 t=2.9s
[DONE] fit__1082__denoise__random_walk__random_walk__l0.5 calls=1024 margin 1.38->0.72 t=3.9s
[DONE] fit__1082__denoise__confidence_boost__nes__l0.5 calls=1021 margin 1.38->7.18 t=2.9s
[DONE] fit__1082__denoise__boundary_probe__nes__l0.5 calls=1021 margin 1.38->0.00 t=2.8s
[DONE] fit__1082__denoise__counterfactual__nes__l0.5 calls=1021 margin 1.38->-5.01 t=2.8s
[DONE] fit__1082__deblur__attack__nes__l1 calls=1021 margin 4.68->-3.08 t=2.8s
[DONE] fit__1082__deblur__restore__nes__l1 calls=1021 margin 4.68->4.81 t=2.8s
[DONE] fit__1082__deblur__random_walk__random_walk__l1 calls=1024 margin 4.68->5.68 t=3.6s
[DONE] fit__1082__deblur__confidence_boost__nes__l1 calls=1021 margin 4.68->10.63 t=2.7s
[DONE] fit__1082__deblur__boundary_probe__nes__l1 calls=1021 margin 4.68->0.02 t=2.7s
[DONE] fit__1082__deblur__counterfactual__nes__l1 calls=1021 margin 4.68->-2.59 t=2.6s
[DONE] fit__7170__denoise__attack__nes__l0.5 calls=1021 margin 3.69->-2.82 t=2.5s
[DONE] fit__7170__denoise__restore__nes__l0.5 calls=1021 margin 3.69->4.05 t=2.5s
[DONE] fit__7170__denoise__random_walk__random_walk__l0.5 calls=1024 margin 3.69->3.57 t=3.2s
[DONE] fit__7170__denoise__confidence_boost__nes__l0.5 calls=1021 margin 3.69->8.28 t=2.5s
[DONE] fit__7170__denoise__boundary_probe__nes__l0.5 calls=1021 margin 3.69->0.05 t=2.5s
[DONE] fit__7170__denoise__counterfactual__nes__l0.5 calls=1021 margin 3.69->-2.08 t=2.4s
[DONE] fit__7170__deblur__attack__nes__l1 calls=1021 margin 2.74->-2.15 t=2.5s
[DONE] fit__7170__deblur__restore__nes__l1 calls=1021 margin 2.74->3.31 t=2.4s
[DONE] fit__7170__deblur__random_walk__random_walk__l1 calls=1024 margin 2.74->3.32 t=3.1s
[DONE] fit__7170__deblur__confidence_boost__nes__l1 calls=1021 margin 2.74->8.54 t=2.4s
[DONE] fit__7170__deblur__boundary_probe__nes__l1 calls=1021 margin 2.74->0.00 t=2.4s
[DONE] fit__7170__deblur__counterfactual__nes__l1 calls=1021 margin 2.74->-1.96 t=2.4s
