[DONE] calibration__3754__denoise__attack__nes__l0.5 calls=1021 margin 3.68->-1.54 t=3.1s
[DONE] calibration__3754__denoise__restore__nes__l0.5 calls=1021 margin 3.68->3.39 t=2.8s
[DONE] calibration__3754__denoise__random_walk__random_walk__l0.5 calls=1024 margin 3.68->3.33 t=4.7s
[DONE] calibration__3754__denoise__confidence_boost__nes__l0.5 calls=1021 margin 3.68->7.21 t=3.3s
[DONE] calibration__3754__denoise__boundary_probe__nes__l0.5 calls=1021 margin 3.68->0.01 t=2.9s
[DONE] calibration__3754__denoise__counterfactual__nes__l0.5 calls=1021 margin 3.68->-2.09 t=2.8s
[DONE] calibration__3754__deblur__attack__nes__l1 calls=1021 margin 7.31->1.73 t=3.3s
[DONE] calibration__3754__deblur__restore__nes__l1 calls=1021 margin 7.31->6.69 t=2.7s
[DONE] calibration__3754__deblur__random_walk__random_walk__l1 calls=1024 margin 7.31->3.59 t=4.6s
[DONE] calibration__3754__deblur__confidence_boost__nes__l1 calls=1021 margin 7.31->10.60 t=2.9s
[DONE] calibration__3754__deblur__boundary_probe__nes__l1 calls=1021 margin 7.31->1.75 t=3.1s
[DONE] calibration__3754__deblur__counterfactual__nes__l1 calls=1021 margin 7.31->1.15 t=3.1s
[DONE] calibration__7737__denoise__attack__nes__l0.5 calls=1021 margin 3.41->-0.82 t=3.1s
[DONE] calibration__7737__denoise__restore__nes__l0.5 calls=1021 margin 3.41->3.73 t=3.0s
[DONE] calibration__7737__denoise__random_walk__random_walk__l0.5 calls=1024 margin 3.41->3.83 t=4.6s
[DONE] calibration__7737__denoise__confidence_boost__nes__l0.5 calls=1021 margin 3.41->7.50 t=3.0s
[DONE] calibration__7737__denoise__boundary_probe__nes__l0.5 calls=1021 margin 3.41->0.03 t=2.7s
[DONE] calibration__7737__denoise__counterfactual__nes__l0.5 calls=1021 margin 3.41->-0.66 t=3.0s
[DONE] calibration__7737__deblur__attack__nes__l1 calls=1021 margin 5.09->1.20 t=3.0s
[DONE] calibration__7737__deblur__restore__nes__l1 calls=1021 margin 5.09->5.35 t=2.9s
[DONE] calibration__7737__deblur__random_walk__random_walk__l1 calls=1024 margin 5.09->3.58 t=4.5s
[DONE] calibration__7737__deblur__confidence_boost__nes__l1 calls=1021 margin 5.09->9.10 t=3.0s
[DONE] calibration__7737__deblur__boundary_probe__nes__l1 calls=1021 margin 5.09->1.71 t=2.9s
[DONE] calibration__7737__deblur__counterfactual__nes__l1 calls=1021 margin 5.09->1.32 t=3.0s
[DONE] calibration__5181__denoise__attack__nes__l0.5 calls=1021 margin 8.69->3.96 t=2.9s
[DONE] calibration__5181__denoise__restore__nes__l0.5 calls=1021 margin 8.69->8.70 t=2.9s
[DONE] calibration__5181__denoise__random_walk__random_walk__l0.5 calls=1024 margin 8.69->7.46 t=4.8s
[DONE] calibration__5181__denoise__confidence_boost__nes__l0.5 calls=1021 margin 8.69->11.38 t=3.0s
[DONE] calibration__5181__denoise__boundary_probe__nes__l0.5 calls=1021 margin 8.69->3.60 t=2.9s
[DONE] calibration__5181__denoise__counterfactual__nes__l0.5 calls=1021 margin 8.69->3.70 t=2.7s
[DONE] calibration__5181__deblur__attack__nes__l1 calls=1021 margin 10.05->5.79 t=2.9s
[DONE] calibration__5181__deblur__restore__nes__l1 calls=1021 margin 10.05->10.04 t=2.9s
[DONE] calibration__5181__deblur__random_walk__random_walk__l1 calls=1024 margin 10.05->9.72 t=4.7s
[DONE] calibration__5181__deblur__confidence_boost__nes__l1 calls=1021 margin 10.05->12.43 t=2.9s
[DONE] calibration__5181__deblur__boundary_probe__nes__l1 calls=1021 margin 10.05->5.48 t=3.0s
[DONE] calibration__5181__deblur__counterfactual__nes__l1 calls=1021 margin 10.05->5.64 t=2.8s
[DONE] calibration__2096__denoise__attack__nes__l0.5 calls=1021 margin 1.26->-4.82 t=3.3s
[DONE] calibration__2096__denoise__restore__nes__l0.5 calls=1021 margin 1.26->1.02 t=3.0s
[DONE] calibration__2096__denoise__random_walk__random_walk__l0.5 calls=1024 margin 1.26->0.52 t=4.5s
[DONE] calibration__2096__denoise__confidence_boost__nes__l0.5 calls=1021 margin 1.26->6.88 t=2.6s
[DONE] calibration__2096__denoise__boundary_probe__nes__l0.5 calls=1021 margin 1.26->0.00 t=2.6s
[DONE] calibration__2096__denoise__counterfactual__nes__l0.5 calls=1021 margin 1.26->-5.20 t=2.9s
[DONE] calibration__2096__deblur__attack__nes__l1 calls=1021 margin 5.52->-0.86 t=2.8s
[DONE] calibration__2096__deblur__restore__nes__l1 calls=1021 margin 5.52->5.44 t=2.9s
[DONE] calibration__2096__deblur__random_walk__random_walk__l1 calls=1024 margin 5.52->5.44 t=4.4s
[DONE] calibration__2096__deblur__confidence_boost__nes__l1 calls=1021 margin 5.52->9.58 t=3.1s
[DONE] calibration__2096__deblur__boundary_probe__nes__l1 calls=1021 margin 5.52->0.06 t=3.0s
[DONE] calibration__2096__deblur__counterfactual__nes__l1 calls=1021 margin 5.52->-0.44 t=2.8s
[DONE] calibration__6475__denoise__attack__nes__l0.5 calls=1021 margin 7.28->1.61 t=2.7s
[DONE] calibration__6475__denoise__restore__nes__l0.5 calls=1021 margin 7.28->6.99 t=3.0s
[DONE] calibration__6475__denoise__random_walk__random_walk__l0.5 calls=1024 margin 7.28->6.49 t=4.5s
[DONE] calibration__6475__denoise__confidence_boost__nes__l0.5 calls=1021 margin 7.28->10.30 t=2.9s
[DONE] calibration__6475__denoise__boundary_probe__nes__l0.5 calls=1021 margin 7.28->1.67 t=3.0s
[DONE] calibration__6475__denoise__counterfactual__nes__l0.5 calls=1021 margin 7.28->1.94 t=3.0s
[DONE] calibration__6475__deblur__attack__nes__l1 calls=1021 margin 10.66->4.34 t=3.1s
[DONE] calibration__6475__deblur__restore__nes__l1 calls=1021 margin 10.66->10.26 t=2.9s
[DONE] calibration__6475__deblur__random_walk__random_walk__l1 calls=1024 margin 10.66->9.24 t=4.3s
[DONE] calibration__6475__deblur__confidence_boost__nes__l1 calls=1021 margin 10.66->13.14 t=2.9s
[DONE] calibration__6475__deblur__boundary_probe__nes__l1 calls=1021 margin 10.66->5.23 t=3.2s
[DONE] calibration__6475__deblur__counterfactual__nes__l1 calls=1021 margin 10.66->6.14 t=2.9s
[DONE] calibration__3654__denoise__attack__nes__l0.5 calls=1021 margin 4.71->-0.78 t=2.8s
[DONE] calibration__3654__denoise__restore__nes__l0.5 calls=1021 margin 4.71->4.81 t=3.2s
[DONE] calibration__3654__denoise__random_walk__random_walk__l0.5 calls=1024 margin 4.71->4.46 t=4.4s
[DONE] calibration__3654__denoise__confidence_boost__nes__l0.5 calls=1021 margin 4.71->8.58 t=3.3s
[DONE] calibration__3654__denoise__boundary_probe__nes__l0.5 calls=1021 margin 4.71->0.01 t=3.1s
[DONE] calibration__3654__denoise__counterfactual__nes__l0.5 calls=1021 margin 4.71->-1.37 t=3.1s
[DONE] calibration__3654__deblur__attack__nes__l1 calls=1021 margin 2.46->-2.45 t=2.8s
[DONE] calibration__3654__deblur__restore__nes__l1 calls=1021 margin 2.46->2.80 t=3.1s
[DONE] calibration__3654__deblur__random_walk__random_walk__l1 calls=1024 margin 2.46->5.16 t=4.5s
[DONE] calibration__3654__deblur__confidence_boost__nes__l1 calls=1021 margin 2.46->7.21 t=3.1s
[DONE] calibration__3654__deblur__boundary_probe__nes__l1 calls=1021 margin 2.46->0.02 t=2.9s
[DONE] calibration__3654__deblur__counterfactual__nes__l1 calls=1021 margin 2.46->-2.76 t=2.9s
[DONE] calibration__9201__denoise__attack__nes__l0.5 calls=1021 margin 0.23->-4.25 t=2.8s
[DONE] calibration__9201__denoise__restore__nes__l0.5 calls=1021 margin 0.23->0.69 t=2.8s
[DONE] calibration__9201__denoise__random_walk__random_walk__l0.5 calls=1024 margin 0.23->-0.44 t=4.7s
[DONE] calibration__9201__denoise__confidence_boost__nes__l0.5 calls=1021 margin 0.23->4.64 t=3.3s
[DONE] calibration__9201__denoise__boundary_probe__nes__l0.5 calls=1021 margin 0.23->0.01 t=2.9s
[DONE] calibration__9201__denoise__counterfactual__nes__l0.5 calls=1021 margin 0.23->-4.62 t=2.8s
[DONE] calibration__9201__deblur__attack__nes__l1 calls=1021 margin 3.41->-6.79 t=2.9s
[DONE] calibration__9201__deblur__restore__nes__l1 calls=1021 margin 3.41->3.23 t=2.9s
[DONE] calibration__9201__deblur__random_walk__random_walk__l1 calls=1024 margin 3.41->5.86 t=4.5s
[DONE] calibration__9201__deblur__confidence_boost__nes__l1 calls=1021 margin 3.41->10.64 t=3.3s
[DONE] calibration__9201__deblur__boundary_probe__nes__l1 calls=1021 margin 3.41->0.01 t=2.7s
[DONE] calibration__9201__deblur__counterfactual__nes__l1 calls=1021 margin 3.41->-6.70 t=2.9s
[DONE] calibration__5942__denoise__attack__nes__l0.5 calls=1021 margin 7.02->-1.18 t=3.0s
[DONE] calibration__5942__denoise__restore__nes__l0.5 calls=1021 margin 7.02->6.65 t=3.0s
[DONE] calibration__5942__denoise__random_walk__random_walk__l0.5 calls=1024 margin 7.02->7.00 t=4.2s
[DONE] calibration__5942__denoise__confidence_boost__nes__l0.5 calls=1021 margin 7.02->10.75 t=2.9s
[DONE] calibration__5942__denoise__boundary_probe__nes__l0.5 calls=1021 margin 7.02->0.11 t=3.1s
[DONE] calibration__5942__denoise__counterfactual__nes__l0.5 calls=1021 margin 7.02->0.73 t=3.0s
[DONE] calibration__5942__deblur__attack__nes__l1 calls=1021 margin 10.52->1.80 t=3.0s
[DONE] calibration__5942__deblur__restore__nes__l1 calls=1021 margin 10.52->10.87 t=2.8s
[DONE] calibration__5942__deblur__random_walk__random_walk__l1 calls=1024 margin 10.52->10.87 t=4.3s
[DONE] calibration__5942__deblur__confidence_boost__nes__l1 calls=1021 margin 10.52->14.11 t=3.5s
[DONE] calibration__5942__deblur__boundary_probe__nes__l1 calls=1021 margin 10.52->0.84 t=3.0s
[DONE] calibration__5942__deblur__counterfactual__nes__l1 calls=1021 margin 10.52->1.21 t=2.9s
[DONE] calibration__1498__denoise__attack__nes__l0.5 calls=1021 margin 2.71->-3.07 t=2.9s
[DONE] calibration__1498__denoise__restore__nes__l0.5 calls=1021 margin 2.71->2.49 t=3.0s
[DONE] calibration__1498__denoise__random_walk__random_walk__l0.5 calls=1024 margin 2.71->1.83 t=4.6s
[DONE] calibration__1498__denoise__confidence_boost__nes__l0.5 calls=1021 margin 2.71->6.94 t=3.6s
[DONE] calibration__1498__denoise__boundary_probe__nes__l0.5 calls=1021 margin 2.71->0.00 t=3.3s
[DONE] calibration__1498__denoise__counterfactual__nes__l0.5 calls=1021 margin 2.71->-2.53 t=3.0s
[DONE] calibration__1498__deblur__attack__nes__l1 calls=1021 margin 5.41->-2.62 t=3.2s
[DONE] calibration__1498__deblur__restore__nes__l1 calls=1021 margin 5.41->4.67 t=3.3s
[DONE] calibration__1498__deblur__random_walk__random_walk__l1 calls=1024 margin 5.41->3.43 t=4.5s
[DONE] calibration__1498__deblur__confidence_boost__nes__l1 calls=1021 margin 5.41->10.29 t=3.3s
[DONE] calibration__1498__deblur__boundary_probe__nes__l1 calls=1021 margin 5.41->0.05 t=3.2s
[DONE] calibration__1498__deblur__counterfactual__nes__l1 calls=1021 margin 5.41->-2.87 t=3.2s
[DONE] calibration__6733__denoise__attack__nes__l0.5 calls=1021 margin 4.38->-2.33 t=2.8s
[DONE] calibration__6733__denoise__restore__nes__l0.5 calls=1021 margin 4.38->4.63 t=3.0s
[DONE] calibration__6733__denoise__random_walk__random_walk__l0.5 calls=1024 margin 4.38->4.43 t=4.6s
[DONE] calibration__6733__denoise__confidence_boost__nes__l0.5 calls=1021 margin 4.38->9.10 t=3.3s
[DONE] calibration__6733__denoise__boundary_probe__nes__l0.5 calls=1021 margin 4.38->0.01 t=3.0s
[DONE] calibration__6733__denoise__counterfactual__nes__l0.5 calls=1021 margin 4.38->-2.13 t=2.8s
[DONE] calibration__6733__deblur__attack__nes__l1 calls=1021 margin 10.99->5.54 t=2.9s
[DONE] calibration__6733__deblur__restore__nes__l1 calls=1021 margin 10.99->11.43 t=3.2s
[DONE] calibration__6733__deblur__random_walk__random_walk__l1 calls=1024 margin 10.99->11.37 t=4.5s
[DONE] calibration__6733__deblur__confidence_boost__nes__l1 calls=1021 margin 10.99->13.36 t=3.3s
[DONE] calibration__6733__deblur__boundary_probe__nes__l1 calls=1021 margin 10.99->5.97 t=3.4s
[DONE] calibration__6733__deblur__counterfactual__nes__l1 calls=1021 margin 10.99->6.33 t=3.1s
[DONE] calibration__2013__denoise__attack__nes__l0.5 calls=1021 margin 7.45->-0.34 t=3.1s
[DONE] calibration__2013__denoise__restore__nes__l0.5 calls=1021 margin 7.45->6.78 t=3.0s
[DONE] calibration__2013__denoise__random_walk__random_walk__l0.5 calls=1024 margin 7.45->8.53 t=4.3s
[DONE] calibration__2013__denoise__confidence_boost__nes__l0.5 calls=1021 margin 7.45->11.66 t=3.2s
[DONE] calibration__2013__denoise__boundary_probe__nes__l0.5 calls=1021 margin 7.45->0.34 t=2.9s
[DONE] calibration__2013__denoise__counterfactual__nes__l0.5 calls=1021 margin 7.45->0.69 t=3.0s
[DONE] calibration__2013__deblur__attack__nes__l1 calls=1021 margin 3.09->-8.53 t=3.0s
[DONE] calibration__2013__deblur__restore__nes__l1 calls=1021 margin 3.09->4.08 t=3.3s
[DONE] calibration__2013__deblur__random_walk__random_walk__l1 calls=1024 margin 3.09->3.44 t=4.4s
[DONE] calibration__2013__deblur__confidence_boost__nes__l1 calls=1021 margin 3.09->11.27 t=3.4s
[DONE] calibration__2013__deblur__boundary_probe__nes__l1 calls=1021 margin 3.09->0.01 t=3.4s
[DONE] calibration__2013__deblur__counterfactual__nes__l1 calls=1021 margin 3.09->-7.87 t=3.2s
[DONE] calibration__9501__denoise__attack__nes__l0.5 calls=1021 margin 3.94->-0.11 t=3.0s
[DONE] calibration__9501__denoise__restore__nes__l0.5 calls=1021 margin 3.94->4.01 t=3.1s
[DONE] calibration__9501__denoise__random_walk__random_walk__l0.5 calls=1024 margin 3.94->3.84 t=4.5s
[DONE] calibration__9501__denoise__confidence_boost__nes__l0.5 calls=1021 margin 3.94->6.58 t=3.2s
[DONE] calibration__9501__denoise__boundary_probe__nes__l0.5 calls=1021 margin 3.94->0.02 t=3.0s
[DONE] calibration__9501__denoise__counterfactual__nes__l0.5 calls=1021 margin 3.94->-0.30 t=3.0s
[DONE] calibration__9501__deblur__attack__nes__l1 calls=1021 margin 2.48->-3.58 t=3.0s
[DONE] calibration__9501__deblur__restore__nes__l1 calls=1021 margin 2.48->3.59 t=2.8s
[DONE] calibration__9501__deblur__random_walk__random_walk__l1 calls=1024 margin 2.48->6.31 t=4.4s
[DONE] calibration__9501__deblur__confidence_boost__nes__l1 calls=1021 margin 2.48->8.91 t=3.0s
[DONE] calibration__9501__deblur__boundary_probe__nes__l1 calls=1021 margin 2.48->0.01 t=3.0s
[DONE] calibration__9501__deblur__counterfactual__nes__l1 calls=1021 margin 2.48->-3.27 t=3.0s
[DONE] calibration__4039__denoise__attack__nes__l0.5 calls=1021 margin 10.15->4.25 t=3.1s
[DONE] calibration__4039__denoise__restore__nes__l0.5 calls=1021 margin 10.15->10.56 t=3.2s
[DONE] calibration__4039__denoise__random_walk__random_walk__l0.5 calls=1024 margin 10.15->8.82 t=4.4s
[DONE] calibration__4039__denoise__confidence_boost__nes__l0.5 calls=1021 margin 10.15->14.18 t=3.2s
[DONE] calibration__4039__denoise__boundary_probe__nes__l0.5 calls=1021 margin 10.15->4.00 t=3.2s
[DONE] calibration__4039__denoise__counterfactual__nes__l0.5 calls=1021 margin 10.15->4.06 t=3.0s
[DONE] calibration__4039__deblur__attack__nes__l1 calls=1021 margin 9.11->-0.97 t=3.0s
[DONE] calibration__4039__deblur__restore__nes__l1 calls=1021 margin 9.11->8.78 t=2.9s
[DONE] calibration__4039__deblur__random_walk__random_walk__l1 calls=1024 margin 9.11->7.87 t=4.5s
[DONE] calibration__4039__deblur__confidence_boost__nes__l1 calls=1021 margin 9.11->14.32 t=2.7s
[DONE] calibration__4039__deblur__boundary_probe__nes__l1 calls=1021 margin 9.11->0.00 t=2.9s
[DONE] calibration__4039__deblur__counterfactual__nes__l1 calls=1021 margin 9.11->0.79 t=3.1s
[DONE] calibration__1430__denoise__attack__nes__l0.5 calls=1021 margin 0.61->-7.27 t=2.7s
[DONE] calibration__1430__denoise__restore__nes__l0.5 calls=1021 margin 0.61->0.57 t=3.0s
[DONE] calibration__1430__denoise__random_walk__random_walk__l0.5 calls=1024 margin 0.61->-0.39 t=4.1s
[DONE] calibration__1430__denoise__confidence_boost__nes__l0.5 calls=1021 margin 0.61->7.63 t=2.9s
[DONE] calibration__1430__denoise__boundary_probe__nes__l0.5 calls=1021 margin 0.61->0.00 t=2.9s
[DONE] calibration__1430__denoise__counterfactual__nes__l0.5 calls=1021 margin 0.61->-7.65 t=2.8s
[DONE] calibration__1430__deblur__attack__nes__l1 calls=1021 margin 1.37->-12.32 t=3.1s
[DONE] calibration__1430__deblur__restore__nes__l1 calls=1021 margin 1.37->4.00 t=3.2s
[DONE] calibration__1430__deblur__random_walk__random_walk__l1 calls=1024 margin 1.37->2.12 t=4.2s
[DONE] calibration__1430__deblur__confidence_boost__nes__l1 calls=1021 margin 1.37->13.05 t=3.2s
[DONE] calibration__1430__deblur__boundary_probe__nes__l1 calls=1021 margin 1.37->0.07 t=2.9s
[DONE] calibration__1430__deblur__counterfactual__nes__l1 calls=1021 margin 1.37->-9.75 t=3.1s
[DONE] calibration__7833__denoise__attack__nes__l0.5 calls=1021 margin 2.89->-4.39 t=3.0s
[DONE] calibration__7833__denoise__restore__nes__l0.5 calls=1021 margin 2.89->2.70 t=3.2s
[DONE] calibration__7833__denoise__random_walk__random_walk__l0.5 calls=1024 margin 2.89->3.66 t=4.1s
[DONE] calibration__7833__denoise__confidence_boost__nes__l0.5 calls=1021 margin 2.89->7.92 t=3.1s
[DONE] calibration__7833__denoise__boundary_probe__nes__l0.5 calls=1021 margin 2.89->0.01 t=3.1s
[DONE] calibration__7833__denoise__counterfactual__nes__l0.5 calls=1021 margin 2.89->-4.40 t=3.0s
[DONE] calibration__7833__deblur__attack__nes__l1 calls=1021 margin 8.99->4.90 t=3.1s
[DONE] calibration__7833__deblur__restore__nes__l1 calls=1021 margin 8.99->9.91 t=3.4s
[DONE] calibration__7833__deblur__random_walk__random_walk__l1 calls=1024 margin 8.99->10.34 t=4.6s
[DONE] calibration__7833__deblur__confidence_boost__nes__l1 calls=1021 margin 8.99->13.41 t=3.1s
[DONE] calibration__7833__deblur__boundary_probe__nes__l1 calls=1021 margin 8.99->4.48 t=3.1s
[DONE] calibration__7833__deblur__counterfactual__nes__l1 calls=1021 margin 8.99->5.85 t=2.7s
[DONE] calibration__2946__denoise__attack__nes__l0.5 calls=1021 margin 6.61->-1.54 t=3.2s
[DONE] calibration__2946__denoise__restore__nes__l0.5 calls=1021 margin 6.61->7.02 t=3.1s
[DONE] calibration__2946__denoise__random_walk__random_walk__l0.5 calls=1024 margin 6.61->5.20 t=4.5s
[DONE] calibration__2946__denoise__confidence_boost__nes__l0.5 calls=1021 margin 6.61->10.80 t=3.1s
[DONE] calibration__2946__denoise__boundary_probe__nes__l0.5 calls=1021 margin 6.61->0.04 t=3.0s
[DONE] calibration__2946__denoise__counterfactual__nes__l0.5 calls=1021 margin 6.61->-1.18 t=3.1s
[DONE] calibration__2946__deblur__attack__nes__l1 calls=1021 margin 7.60->-2.22 t=3.1s
[DONE] calibration__2946__deblur__restore__nes__l1 calls=1021 margin 7.60->7.86 t=3.2s
[DONE] calibration__2946__deblur__random_walk__random_walk__l1 calls=1024 margin 7.60->5.84 t=4.3s
[DONE] calibration__2946__deblur__confidence_boost__nes__l1 calls=1021 margin 7.60->12.00 t=3.3s
[DONE] calibration__2946__deblur__boundary_probe__nes__l1 calls=1021 margin 7.60->0.02 t=3.1s
[DONE] calibration__2946__deblur__counterfactual__nes__l1 calls=1021 margin 7.60->-2.53 t=3.0s
[DONE] calibration__9159__denoise__attack__nes__l0.5 calls=1021 margin 6.37->2.90 t=3.0s
[DONE] calibration__9159__denoise__restore__nes__l0.5 calls=1021 margin 6.37->6.36 t=3.0s
[DONE] calibration__9159__denoise__random_walk__random_walk__l0.5 calls=1024 margin 6.37->4.81 t=4.5s
[DONE] calibration__9159__denoise__confidence_boost__nes__l0.5 calls=1021 margin 6.37->9.04 t=3.2s
[DONE] calibration__9159__denoise__boundary_probe__nes__l0.5 calls=1021 margin 6.37->2.47 t=3.0s
[DONE] calibration__9159__denoise__counterfactual__nes__l0.5 calls=1021 margin 6.37->2.32 t=2.9s
[DONE] calibration__9159__deblur__attack__nes__l1 calls=1021 margin 2.04->-8.17 t=2.9s
[DONE] calibration__9159__deblur__restore__nes__l1 calls=1021 margin 2.04->3.20 t=2.8s
[DONE] calibration__9159__deblur__random_walk__random_walk__l1 calls=1024 margin 2.04->1.39 t=4.1s
[DONE] calibration__9159__deblur__confidence_boost__nes__l1 calls=1021 margin 2.04->8.64 t=3.2s
[DONE] calibration__9159__deblur__boundary_probe__nes__l1 calls=1021 margin 2.04->0.00 t=3.4s
[DONE] calibration__9159__deblur__counterfactual__nes__l1 calls=1021 margin 2.04->-6.74 t=3.1s
[DONE] evaluation__2913__denoise__attack__nes__l0.5 calls=1021 margin 3.13->-3.04 t=3.1s
[DONE] evaluation__2913__denoise__restore__nes__l0.5 calls=1021 margin 3.13->3.35 t=3.0s
[DONE] evaluation__2913__denoise__random_walk__random_walk__l0.5 calls=1024 margin 3.13->4.98 t=4.2s
[DONE] evaluation__2913__denoise__confidence_boost__nes__l0.5 calls=1021 margin 3.13->8.84 t=3.2s
[DONE] evaluation__2913__denoise__boundary_probe__nes__l0.5 calls=1021 margin 3.13->0.03 t=3.0s
[DONE] evaluation__2913__denoise__counterfactual__nes__l0.5 calls=1021 margin 3.13->-2.68 t=2.8s
[DONE] evaluation__2913__deblur__attack__nes__l1 calls=1021 margin 8.01->-2.81 t=2.9s
[DONE] evaluation__2913__deblur__restore__nes__l1 calls=1021 margin 8.01->7.34 t=2.8s
[DONE] evaluation__2913__deblur__random_walk__random_walk__l1 calls=1024 margin 8.01->4.44 t=3.9s
[DONE] evaluation__2913__deblur__confidence_boost__nes__l1 calls=1021 margin 8.01->12.22 t=3.1s
[DONE] evaluation__2913__deblur__boundary_probe__nes__l1 calls=1021 margin 8.01->0.01 t=3.1s
[DONE] evaluation__2913__deblur__counterfactual__nes__l1 calls=1021 margin 8.01->-2.70 t=3.1s
[DONE] evaluation__5173__denoise__attack__nes__l0.5 calls=1021 margin 4.67->-2.73 t=3.2s
[DONE] evaluation__5173__denoise__restore__nes__l0.5 calls=1021 margin 4.67->4.47 t=3.0s
[DONE] evaluation__5173__denoise__random_walk__random_walk__l0.5 calls=1024 margin 4.67->4.36 t=4.2s
[DONE] evaluation__5173__denoise__confidence_boost__nes__l0.5 calls=1021 margin 4.67->9.09 t=3.3s
[DONE] evaluation__5173__denoise__boundary_probe__nes__l0.5 calls=1021 margin 4.67->0.05 t=3.0s
[DONE] evaluation__5173__denoise__counterfactual__nes__l0.5 calls=1021 margin 4.67->-3.17 t=3.0s
[DONE] evaluation__5173__deblur__attack__nes__l1 calls=1021 margin 6.46->-2.51 t=2.9s
[DONE] evaluation__5173__deblur__restore__nes__l1 calls=1021 margin 6.46->7.06 t=2.7s
[DONE] evaluation__5173__deblur__random_walk__random_walk__l1 calls=1024 margin 6.46->4.63 t=4.2s
[DONE] evaluation__5173__deblur__confidence_boost__nes__l1 calls=1021 margin 6.46->11.43 t=3.3s
[DONE] evaluation__5173__deblur__boundary_probe__nes__l1 calls=1021 margin 6.46->0.00 t=3.3s
[DONE] evaluation__5173__deblur__counterfactual__nes__l1 calls=1021 margin 6.46->-2.72 t=2.9s
[DONE] evaluation__9052__denoise__attack__nes__l0.5 calls=1021 margin 1.19->-4.77 t=3.0s
[DONE] evaluation__9052__denoise__restore__nes__l0.5 calls=1021 margin 1.19->1.47 t=2.8s
[DONE] evaluation__9052__denoise__random_walk__random_walk__l0.5 calls=1024 margin 1.19->0.57 t=4.1s
[DONE] evaluation__9052__denoise__confidence_boost__nes__l0.5 calls=1021 margin 1.19->6.48 t=3.2s
[DONE] evaluation__9052__denoise__boundary_probe__nes__l0.5 calls=1021 margin 1.19->0.00 t=3.5s
[DONE] evaluation__9052__denoise__counterfactual__nes__l0.5 calls=1021 margin 1.19->-4.61 t=3.0s
[DONE] evaluation__9052__deblur__attack__nes__l1 calls=1021 margin 4.15->-0.76 t=3.0s
[DONE] evaluation__9052__deblur__restore__nes__l1 calls=1021 margin 4.15->4.42 t=2.8s
[DONE] evaluation__9052__deblur__random_walk__random_walk__l1 calls=1024 margin 4.15->5.10 t=4.0s
[DONE] evaluation__9052__deblur__confidence_boost__nes__l1 calls=1021 margin 4.15->8.97 t=3.0s
[DONE] evaluation__9052__deblur__boundary_probe__nes__l1 calls=1021 margin 4.15->0.01 t=3.2s
[DONE] evaluation__9052__deblur__counterfactual__nes__l1 calls=1021 margin 4.15->-0.87 t=2.9s
[DONE] evaluation__2031__denoise__attack__nes__l0.5 calls=1021 margin 4.04->-0.65 t=2.9s
[DONE] evaluation__2031__denoise__restore__nes__l0.5 calls=1021 margin 4.04->4.21 t=3.1s
[DONE] evaluation__2031__denoise__random_walk__random_walk__l0.5 calls=1024 margin 4.04->3.44 t=4.1s
[DONE] evaluation__2031__denoise__confidence_boost__nes__l0.5 calls=1021 margin 4.04->7.54 t=3.3s
[DONE] evaluation__2031__denoise__boundary_probe__nes__l0.5 calls=1021 margin 4.04->0.03 t=3.1s
[DONE] evaluation__2031__denoise__counterfactual__nes__l0.5 calls=1021 margin 4.04->0.09 t=3.2s
[DONE] evaluation__2031__deblur__attack__nes__l1 calls=1021 margin 7.53->-1.91 t=3.0s
[DONE] evaluation__2031__deblur__restore__nes__l1 calls=1021 margin 7.53->7.18 t=2.8s
[DONE] evaluation__2031__deblur__random_walk__random_walk__l1 calls=1024 margin 7.53->4.91 t=4.0s
[DONE] evaluation__2031__deblur__confidence_boost__nes__l1 calls=1021 margin 7.53->10.43 t=3.2s
[DONE] evaluation__2031__deblur__boundary_probe__nes__l1 calls=1021 margin 7.53->0.05 t=3.3s
[DONE] evaluation__2031__deblur__counterfactual__nes__l1 calls=1021 margin 7.53->-2.04 t=3.2s
[DONE] evaluation__4015__denoise__attack__nes__l0.5 calls=1021 margin 9.19->5.79 t=3.0s
[DONE] evaluation__4015__denoise__restore__nes__l0.5 calls=1021 margin 9.19->9.31 t=3.1s
[DONE] evaluation__4015__denoise__random_walk__random_walk__l0.5 calls=1024 margin 9.19->8.89 t=4.2s
[DONE] evaluation__4015__denoise__confidence_boost__nes__l0.5 calls=1021 margin 9.19->11.78 t=3.0s
[DONE] evaluation__4015__denoise__boundary_probe__nes__l0.5 calls=1021 margin 9.19->5.29 t=3.2s
[DONE] evaluation__4015__denoise__counterfactual__nes__l0.5 calls=1021 margin 9.19->5.26 t=3.2s
[DONE] evaluation__4015__deblur__attack__nes__l1 calls=1021 margin 8.11->4.63 t=3.0s
[DONE] evaluation__4015__deblur__restore__nes__l1 calls=1021 margin 8.11->8.33 t=3.0s
[DONE] evaluation__4015__deblur__random_walk__random_walk__l1 calls=1024 margin 8.11->7.11 t=4.0s
[DONE] evaluation__4015__deblur__confidence_boost__nes__l1 calls=1021 margin 8.11->10.83 t=2.9s
[DONE] evaluation__4015__deblur__boundary_probe__nes__l1 calls=1021 margin 8.11->4.69 t=2.7s
[DONE] evaluation__4015__deblur__counterfactual__nes__l1 calls=1021 margin 8.11->4.56 t=3.0s
[DONE] evaluation__8584__denoise__attack__nes__l0.5 calls=1021 margin 0.71->-7.09 t=3.1s
[DONE] evaluation__8584__denoise__restore__nes__l0.5 calls=1021 margin 0.71->0.35 t=2.8s
[DONE] evaluation__8584__denoise__random_walk__random_walk__l0.5 calls=1024 margin 0.71->0.61 t=3.8s
[DONE] evaluation__8584__denoise__confidence_boost__nes__l0.5 calls=1021 margin 0.71->7.58 t=3.0s
[DONE] evaluation__8584__denoise__boundary_probe__nes__l0.5 calls=1021 margin 0.71->0.02 t=3.1s
[DONE] evaluation__8584__denoise__counterfactual__nes__l0.5 calls=1021 margin 0.71->-6.61 t=3.0s
[DONE] evaluation__8584__deblur__attack__nes__l1 calls=1021 margin 9.07->0.98 t=3.1s
[DONE] evaluation__8584__deblur__restore__nes__l1 calls=1021 margin 9.07->8.62 t=3.2s
[DONE] evaluation__8584__deblur__random_walk__random_walk__l1 calls=1024 margin 9.07->6.27 t=4.1s
[DONE] evaluation__8584__deblur__confidence_boost__nes__l1 calls=1021 margin 9.07->10.97 t=3.1s
[DONE] evaluation__8584__deblur__boundary_probe__nes__l1 calls=1021 margin 9.07->1.43 t=3.2s
[DONE] evaluation__8584__deblur__counterfactual__nes__l1 calls=1021 margin 9.07->1.59 t=3.0s
[DONE] evaluation__740__denoise__attack__nes__l0.5 calls=1021 margin 0.99->-3.25 t=2.8s
[DONE] evaluation__740__denoise__restore__nes__l0.5 calls=1021 margin 0.99->0.68 t=3.1s
[DONE] evaluation__740__denoise__random_walk__random_walk__l0.5 calls=1024 margin 0.99->1.44 t=3.9s
[DONE] evaluation__740__denoise__confidence_boost__nes__l0.5 calls=1021 margin 0.99->3.74 t=3.1s
[DONE] evaluation__740__denoise__boundary_probe__nes__l0.5 calls=1021 margin 0.99->0.00 t=3.3s
[DONE] evaluation__740__denoise__counterfactual__nes__l0.5 calls=1021 margin 0.99->-2.43 t=3.4s
[DONE] evaluation__740__deblur__attack__nes__l1 calls=1021 margin 5.31->0.05 t=3.0s
[DONE] evaluation__740__deblur__restore__nes__l1 calls=1021 margin 5.31->4.64 t=2.9s
[DONE] evaluation__740__deblur__random_walk__random_walk__l1 calls=1024 margin 5.31->3.69 t=3.9s
[DONE] evaluation__740__deblur__confidence_boost__nes__l1 calls=1021 margin 5.31->8.37 t=2.8s
[DONE] evaluation__740__deblur__boundary_probe__nes__l1 calls=1021 margin 5.31->0.12 t=3.0s
[DONE] evaluation__740__deblur__counterfactual__nes__l1 calls=1021 margin 5.31->-0.11 t=3.2s
[DONE] evaluation__3960__denoise__attack__nes__l0.5 calls=1021 margin 3.97->-0.13 t=2.9s
[DONE] evaluation__3960__denoise__restore__nes__l0.5 calls=1021 margin 3.97->4.32 t=2.9s
[DONE] evaluation__3960__denoise__random_walk__random_walk__l0.5 calls=1024 margin 3.97->3.38 t=4.3s
[DONE] evaluation__3960__denoise__confidence_boost__nes__l0.5 calls=1021 margin 3.97->7.53 t=3.1s
[DONE] evaluation__3960__denoise__boundary_probe__nes__l0.5 calls=1021 margin 3.97->0.02 t=3.1s
[DONE] evaluation__3960__denoise__counterfactual__nes__l0.5 calls=1021 margin 3.97->-0.53 t=3.4s
[DONE] evaluation__3960__deblur__attack__nes__l1 calls=1021 margin 8.92->4.57 t=3.4s
[DONE] evaluation__3960__deblur__restore__nes__l1 calls=1021 margin 8.92->9.60 t=2.9s
[DONE] evaluation__3960__deblur__random_walk__random_walk__l1 calls=1024 margin 8.92->7.38 t=4.0s
[DONE] evaluation__3960__deblur__confidence_boost__nes__l1 calls=1021 margin 8.92->12.46 t=3.0s
[DONE] evaluation__3960__deblur__boundary_probe__nes__l1 calls=1021 margin 8.92->3.94 t=3.1s
[DONE] evaluation__3960__deblur__counterfactual__nes__l1 calls=1021 margin 8.92->3.58 t=3.0s
[DONE] evaluation__5771__denoise__attack__nes__l0.5 calls=1021 margin 0.88->-7.58 t=3.2s
[DONE] evaluation__5771__denoise__restore__nes__l0.5 calls=1021 margin 0.88->0.37 t=3.3s
[DONE] evaluation__5771__denoise__random_walk__random_walk__l0.5 calls=1024 margin 0.88->1.01 t=3.9s
[DONE] evaluation__5771__denoise__confidence_boost__nes__l0.5 calls=1021 margin 0.88->6.64 t=3.1s
[DONE] evaluation__5771__denoise__boundary_probe__nes__l0.5 calls=1021 margin 0.88->0.01 t=3.2s
[DONE] evaluation__5771__denoise__counterfactual__nes__l0.5 calls=1021 margin 0.88->-6.98 t=3.3s
[DONE] evaluation__5771__deblur__attack__nes__l1 calls=1021 margin 6.48->-1.03 t=3.2s
[DONE] evaluation__5771__deblur__restore__nes__l1 calls=1021 margin 6.48->6.15 t=3.0s
[DONE] evaluation__5771__deblur__random_walk__random_walk__l1 calls=1024 margin 6.48->3.38 t=4.2s
[DONE] evaluation__5771__deblur__confidence_boost__nes__l1 calls=1021 margin 6.48->9.53 t=3.1s
[DONE] evaluation__5771__deblur__boundary_probe__nes__l1 calls=1021 margin 6.48->0.02 t=3.0s
[DONE] evaluation__5771__deblur__counterfactual__nes__l1 calls=1021 margin 6.48->-1.08 t=3.2s
[DONE] evaluation__9681__denoise__attack__nes__l0.5 calls=1021 margin 2.62->-1.47 t=3.1s
[DONE] evaluation__9681__denoise__restore__nes__l0.5 calls=1021 margin 2.62->2.78 t=3.1s
[DONE] evaluation__9681__denoise__random_walk__random_walk__l0.5 calls=1024 margin 2.62->2.71 t=4.2s
[DONE] evaluation__9681__denoise__confidence_boost__nes__l0.5 calls=1021 margin 2.62->7.34 t=2.7s
[DONE] evaluation__9681__denoise__boundary_probe__nes__l0.5 calls=1021 margin 2.62->0.01 t=3.0s
[DONE] evaluation__9681__denoise__counterfactual__nes__l0.5 calls=1021 margin 2.62->-1.75 t=3.0s
[DONE] evaluation__9681__deblur__attack__nes__l1 calls=1021 margin 6.14->-4.51 t=2.9s
[DONE] evaluation__9681__deblur__restore__nes__l1 calls=1021 margin 6.14->6.83 t=3.0s
[DONE] evaluation__9681__deblur__random_walk__random_walk__l1 calls=1024 margin 6.14->5.36 t=4.0s
[DONE] evaluation__9681__deblur__confidence_boost__nes__l1 calls=1021 margin 6.14->11.03 t=2.6s
[DONE] evaluation__9681__deblur__boundary_probe__nes__l1 calls=1021 margin 6.14->0.02 t=2.9s
[DONE] evaluation__9681__deblur__counterfactual__nes__l1 calls=1021 margin 6.14->0.26 t=3.1s
[DONE] evaluation__2529__denoise__attack__nes__l0.5 calls=1021 margin 9.92->6.71 t=3.2s
[DONE] evaluation__2529__denoise__restore__nes__l0.5 calls=1021 margin 9.92->9.71 t=3.0s
[DONE] evaluation__2529__denoise__random_walk__random_walk__l0.5 calls=1024 margin 9.92->9.83 t=4.2s
[DONE] evaluation__2529__denoise__confidence_boost__nes__l0.5 calls=1021 margin 9.92->11.96 t=3.3s
[DONE] evaluation__2529__denoise__boundary_probe__nes__l0.5 calls=1021 margin 9.92->6.29 t=3.3s
[DONE] evaluation__2529__denoise__counterfactual__nes__l0.5 calls=1021 margin 9.92->5.83 t=3.3s
[DONE] evaluation__2529__deblur__attack__nes__l1 calls=1021 margin 12.27->7.97 t=3.1s
[DONE] evaluation__2529__deblur__restore__nes__l1 calls=1021 margin 12.27->12.30 t=2.9s
[DONE] evaluation__2529__deblur__random_walk__random_walk__l1 calls=1024 margin 12.27->11.45 t=4.0s
[DONE] evaluation__2529__deblur__confidence_boost__nes__l1 calls=1021 margin 12.27->13.82 t=2.8s
[DONE] evaluation__2529__deblur__boundary_probe__nes__l1 calls=1021 margin 12.27->7.54 t=2.9s
[DONE] evaluation__2529__deblur__counterfactual__nes__l1 calls=1021 margin 12.27->6.68 t=3.0s
[DONE] evaluation__4407__denoise__attack__nes__l0.5 calls=1021 margin 4.14->-1.03 t=3.0s
[DONE] evaluation__4407__denoise__restore__nes__l0.5 calls=1021 margin 4.14->4.58 t=2.9s
[DONE] evaluation__4407__denoise__random_walk__random_walk__l0.5 calls=1024 margin 4.14->3.10 t=4.1s
[DONE] evaluation__4407__denoise__confidence_boost__nes__l0.5 calls=1021 margin 4.14->8.23 t=3.1s
[DONE] evaluation__4407__denoise__boundary_probe__nes__l0.5 calls=1021 margin 4.14->0.00 t=3.0s
[DONE] evaluation__4407__denoise__counterfactual__nes__l0.5 calls=1021 margin 4.14->-0.80 t=3.1s
[DONE] evaluation__4407__deblur__attack__nes__l1 calls=1021 margin 8.79->3.85 t=3.3s
[DONE] evaluation__4407__deblur__restore__nes__l1 calls=1021 margin 8.79->9.27 t=3.4s
[DONE] evaluation__4407__deblur__random_walk__random_walk__l1 calls=1024 margin 8.79->10.17 t=4.1s
[DONE] evaluation__4407__deblur__confidence_boost__nes__l1 calls=1021 margin 8.79->12.91 t=3.1s
[DONE] evaluation__4407__deblur__boundary_probe__nes__l1 calls=1021 margin 8.79->4.07 t=3.2s
[DONE] evaluation__4407__deblur__counterfactual__nes__l1 calls=1021 margin 8.79->4.33 t=3.2s
[DONE] evaluation__6138__denoise__attack__nes__l0.5 calls=1021 margin 6.79->1.98 t=3.2s
[DONE] evaluation__6138__denoise__restore__nes__l0.5 calls=1021 margin 6.79->6.86 t=2.8s
[DONE] evaluation__6138__denoise__random_walk__random_walk__l0.5 calls=1024 margin 6.79->6.71 t=4.1s
[DONE] evaluation__6138__denoise__confidence_boost__nes__l0.5 calls=1021 margin 6.79->9.55 t=3.0s
[DONE] evaluation__6138__denoise__boundary_probe__nes__l0.5 calls=1021 margin 6.79->1.86 t=3.1s
[DONE] evaluation__6138__denoise__counterfactual__nes__l0.5 calls=1021 margin 6.79->1.87 t=3.1s
[DONE] evaluation__6138__deblur__attack__nes__l1 calls=1021 margin 4.86->-1.23 t=3.2s
[DONE] evaluation__6138__deblur__restore__nes__l1 calls=1021 margin 4.86->5.32 t=2.9s
[DONE] evaluation__6138__deblur__random_walk__random_walk__l1 calls=1024 margin 4.86->5.05 t=3.9s
[DONE] evaluation__6138__deblur__confidence_boost__nes__l1 calls=1021 margin 4.86->9.32 t=2.9s
[DONE] evaluation__6138__deblur__boundary_probe__nes__l1 calls=1021 margin 4.86->0.56 t=2.7s
[DONE] evaluation__6138__deblur__counterfactual__nes__l1 calls=1021 margin 4.86->-0.03 t=3.0s
[DONE] evaluation__1345__denoise__attack__nes__l0.5 calls=1021 margin 3.32->-6.75 t=3.1s
[DONE] evaluation__1345__denoise__restore__nes__l0.5 calls=1021 margin 3.32->4.07 t=3.0s
[DONE] evaluation__1345__denoise__random_walk__random_walk__l0.5 calls=1024 margin 3.32->1.71 t=4.2s
[DONE] evaluation__1345__denoise__confidence_boost__nes__l0.5 calls=1021 margin 3.32->9.41 t=3.1s
[DONE] evaluation__1345__denoise__boundary_probe__nes__l0.5 calls=1021 margin 3.32->0.01 t=3.1s
[DONE] evaluation__1345__denoise__counterfactual__nes__l0.5 calls=1021 margin 3.32->-5.99 t=3.2s
[DONE] evaluation__1345__deblur__attack__nes__l1 calls=1021 margin 9.03->-2.21 t=3.1s
[DONE] evaluation__1345__deblur__restore__nes__l1 calls=1021 margin 9.03->10.16 t=3.1s
[DONE] evaluation__1345__deblur__random_walk__random_walk__l1 calls=1024 margin 9.03->8.88 t=4.1s
[DONE] evaluation__1345__deblur__confidence_boost__nes__l1 calls=1021 margin 9.03->14.31 t=3.1s
[DONE] evaluation__1345__deblur__boundary_probe__nes__l1 calls=1021 margin 9.03->0.03 t=2.8s
[DONE] evaluation__1345__deblur__counterfactual__nes__l1 calls=1021 margin 9.03->-2.05 t=3.0s
[DONE] evaluation__4211__denoise__attack__nes__l0.5 calls=1021 margin 10.45->5.37 t=3.0s
[DONE] evaluation__4211__denoise__restore__nes__l0.5 calls=1021 margin 10.45->10.29 t=3.2s
[DONE] evaluation__4211__denoise__random_walk__random_walk__l0.5 calls=1024 margin 10.45->10.37 t=4.0s
[DONE] evaluation__4211__denoise__confidence_boost__nes__l0.5 calls=1021 margin 10.45->13.57 t=2.8s
[DONE] evaluation__4211__denoise__boundary_probe__nes__l0.5 calls=1021 margin 10.45->5.79 t=3.1s
[DONE] evaluation__4211__denoise__counterfactual__nes__l0.5 calls=1021 margin 10.45->6.09 t=3.1s
[DONE] evaluation__4211__deblur__attack__nes__l1 calls=1021 margin 7.90->0.62 t=2.9s
[DONE] evaluation__4211__deblur__restore__nes__l1 calls=1021 margin 7.90->8.06 t=3.0s
[DONE] evaluation__4211__deblur__random_walk__random_walk__l1 calls=1024 margin 7.90->9.28 t=4.2s
[DONE] evaluation__4211__deblur__confidence_boost__nes__l1 calls=1021 margin 7.90->13.16 t=2.7s
[DONE] evaluation__4211__deblur__boundary_probe__nes__l1 calls=1021 margin 7.90->0.11 t=2.6s
[DONE] evaluation__4211__deblur__counterfactual__nes__l1 calls=1021 margin 7.90->0.11 t=2.8s
[DONE] evaluation__6521__denoise__attack__nes__l0.5 calls=1021 margin 11.54->5.91 t=3.1s
[DONE] evaluation__6521__denoise__restore__nes__l0.5 calls=1021 margin 11.54->11.41 t=3.0s
[DONE] evaluation__6521__denoise__random_walk__random_walk__l0.5 calls=1024 margin 11.54->11.10 t=4.2s
[DONE] evaluation__6521__denoise__confidence_boost__nes__l0.5 calls=1021 margin 11.54->14.32 t=3.0s
[DONE] evaluation__6521__denoise__boundary_probe__nes__l0.5 calls=1021 margin 11.54->5.32 t=3.0s
[DONE] evaluation__6521__denoise__counterfactual__nes__l0.5 calls=1021 margin 11.54->6.26 t=3.0s
[DONE] evaluation__6521__deblur__attack__nes__l1 calls=1021 margin 10.81->4.21 t=3.0s
[DONE] evaluation__6521__deblur__restore__nes__l1 calls=1021 margin 10.81->10.96 t=3.2s
[DONE] evaluation__6521__deblur__random_walk__random_walk__l1 calls=1024 margin 10.81->11.35 t=4.3s
[DONE] evaluation__6521__deblur__confidence_boost__nes__l1 calls=1021 margin 10.81->14.59 t=2.8s
[DONE] evaluation__6521__deblur__boundary_probe__nes__l1 calls=1021 margin 10.81->4.02 t=2.7s
[DONE] evaluation__6521__deblur__counterfactual__nes__l1 calls=1021 margin 10.81->3.25 t=3.1s
[DONE] evaluation__899__denoise__attack__nes__l0.5 calls=1021 margin 2.65->-2.25 t=3.1s
[DONE] evaluation__899__denoise__restore__nes__l0.5 calls=1021 margin 2.65->3.35 t=3.0s
[DONE] evaluation__899__denoise__random_walk__random_walk__l0.5 calls=1024 margin 2.65->3.06 t=4.3s
[DONE] evaluation__899__denoise__confidence_boost__nes__l0.5 calls=1021 margin 2.65->7.14 t=3.0s
[DONE] evaluation__899__denoise__boundary_probe__nes__l0.5 calls=1021 margin 2.65->0.01 t=3.1s
[DONE] evaluation__899__denoise__counterfactual__nes__l0.5 calls=1021 margin 2.65->-1.64 t=3.1s
[DONE] evaluation__899__deblur__attack__nes__l1 calls=1021 margin 3.56->-4.31 t=3.2s
[DONE] evaluation__899__deblur__restore__nes__l1 calls=1021 margin 3.56->4.15 t=3.2s
[DONE] evaluation__899__deblur__random_walk__random_walk__l1 calls=1024 margin 3.56->3.93 t=4.4s
[DONE] evaluation__899__deblur__confidence_boost__nes__l1 calls=1021 margin 3.56->10.22 t=3.2s
[DONE] evaluation__899__deblur__boundary_probe__nes__l1 calls=1021 margin 3.56->0.00 t=3.1s
[DONE] evaluation__899__deblur__counterfactual__nes__l1 calls=1021 margin 3.56->-4.18 t=3.1s
[DONE] evaluation__5312__denoise__attack__nes__l0.5 calls=1021 margin 6.35->1.27 t=3.1s
[DONE] evaluation__5312__denoise__restore__nes__l0.5 calls=1021 margin 6.35->7.31 t=3.1s
[DONE] evaluation__5312__denoise__random_walk__random_walk__l0.5 calls=1024 margin 6.35->6.15 t=4.2s
[DONE] evaluation__5312__denoise__confidence_boost__nes__l0.5 calls=1021 margin 6.35->10.72 t=3.0s
[DONE] evaluation__5312__denoise__boundary_probe__nes__l0.5 calls=1021 margin 6.35->1.42 t=3.0s
[DONE] evaluation__5312__denoise__counterfactual__nes__l0.5 calls=1021 margin 6.35->1.40 t=3.3s
[DONE] evaluation__5312__deblur__attack__nes__l1 calls=1021 margin 11.31->7.95 t=3.1s
[DONE] evaluation__5312__deblur__restore__nes__l1 calls=1021 margin 11.31->11.56 t=2.8s
[DONE] evaluation__5312__deblur__random_walk__random_walk__l1 calls=1024 margin 11.31->12.32 t=4.2s
[DONE] evaluation__5312__deblur__confidence_boost__nes__l1 calls=1021 margin 11.31->13.96 t=3.0s
[DONE] evaluation__5312__deblur__boundary_probe__nes__l1 calls=1021 margin 11.31->7.68 t=2.8s
[DONE] evaluation__5312__deblur__counterfactual__nes__l1 calls=1021 margin 11.31->7.51 t=3.3s
[DONE] evaluation__7697__denoise__attack__nes__l0.5 calls=1021 margin 3.78->0.10 t=2.9s
[DONE] evaluation__7697__denoise__restore__nes__l0.5 calls=1021 margin 3.78->4.10 t=2.8s
[DONE] evaluation__7697__denoise__random_walk__random_walk__l0.5 calls=1024 margin 3.78->3.97 t=4.2s
[DONE] evaluation__7697__denoise__confidence_boost__nes__l0.5 calls=1021 margin 3.78->6.84 t=3.1s
[DONE] evaluation__7697__denoise__boundary_probe__nes__l0.5 calls=1021 margin 3.78->0.00 t=3.0s
[DONE] evaluation__7697__denoise__counterfactual__nes__l0.5 calls=1021 margin 3.78->-0.39 t=3.0s
[DONE] evaluation__7697__deblur__attack__nes__l1 calls=1021 margin 5.39->1.11 t=3.2s
[DONE] evaluation__7697__deblur__restore__nes__l1 calls=1021 margin 5.39->5.34 t=3.0s
[DONE] evaluation__7697__deblur__random_walk__random_walk__l1 calls=1024 margin 5.39->5.75 t=4.4s
[DONE] evaluation__7697__deblur__confidence_boost__nes__l1 calls=1021 margin 5.39->8.38 t=3.0s
[DONE] evaluation__7697__deblur__boundary_probe__nes__l1 calls=1021 margin 5.39->0.74 t=2.7s
[DONE] evaluation__7697__deblur__counterfactual__nes__l1 calls=1021 margin 5.39->1.21 t=2.9s
[DONE] evaluation__9649__denoise__attack__nes__l0.5 calls=1021 margin 3.06->-2.70 t=3.1s
[DONE] evaluation__9649__denoise__restore__nes__l0.5 calls=1021 margin 3.06->3.04 t=3.2s
[DONE] evaluation__9649__denoise__random_walk__random_walk__l0.5 calls=1024 margin 3.06->2.83 t=4.1s
[DONE] evaluation__9649__denoise__confidence_boost__nes__l0.5 calls=1021 margin 3.06->6.90 t=3.0s
[DONE] evaluation__9649__denoise__boundary_probe__nes__l0.5 calls=1021 margin 3.06->0.00 t=2.8s
[DONE] evaluation__9649__denoise__counterfactual__nes__l0.5 calls=1021 margin 3.06->-2.04 t=2.8s
[DONE] evaluation__9649__deblur__attack__nes__l1 calls=1021 margin 8.12->1.88 t=3.1s
[DONE] evaluation__9649__deblur__restore__nes__l1 calls=1021 margin 8.12->8.40 t=3.0s
[DONE] evaluation__9649__deblur__random_walk__random_walk__l1 calls=1024 margin 8.12->5.95 t=4.2s
[DONE] evaluation__9649__deblur__confidence_boost__nes__l1 calls=1021 margin 8.12->11.59 t=3.3s
[DONE] evaluation__9649__deblur__boundary_probe__nes__l1 calls=1021 margin 8.12->1.06 t=3.1s
[DONE] evaluation__9649__deblur__counterfactual__nes__l1 calls=1021 margin 8.12->1.77 t=3.1s
[DONE] evaluation__3477__denoise__attack__nes__l0.5 calls=1021 margin 10.46->4.27 t=3.4s
[DONE] evaluation__3477__denoise__restore__nes__l0.5 calls=1021 margin 10.46->10.64 t=3.0s
[DONE] evaluation__3477__denoise__random_walk__random_walk__l0.5 calls=1024 margin 10.46->10.97 t=4.0s
[DONE] evaluation__3477__denoise__confidence_boost__nes__l0.5 calls=1021 margin 10.46->13.63 t=2.8s
[DONE] evaluation__3477__denoise__boundary_probe__nes__l0.5 calls=1021 margin 10.46->4.84 t=3.1s
[DONE] evaluation__3477__denoise__counterfactual__nes__l0.5 calls=1021 margin 10.46->4.96 t=3.2s
[DONE] evaluation__3477__deblur__attack__nes__l1 calls=1021 margin 8.64->-4.04 t=3.3s
[DONE] evaluation__3477__deblur__restore__nes__l1 calls=1021 margin 8.64->9.84 t=3.0s
[DONE] evaluation__3477__deblur__random_walk__random_walk__l1 calls=1024 margin 8.64->12.00 t=4.3s
[DONE] evaluation__3477__deblur__confidence_boost__nes__l1 calls=1021 margin 8.64->14.48 t=3.2s
[DONE] evaluation__3477__deblur__boundary_probe__nes__l1 calls=1021 margin 8.64->0.01 t=3.0s
[DONE] evaluation__3477__deblur__counterfactual__nes__l1 calls=1021 margin 8.64->-4.05 t=3.0s
[DONE] evaluation__5434__denoise__attack__nes__l0.5 calls=1021 margin 9.42->4.45 t=3.0s
[DONE] evaluation__5434__denoise__restore__nes__l0.5 calls=1021 margin 9.42->9.44 t=3.0s
[DONE] evaluation__5434__denoise__random_walk__random_walk__l0.5 calls=1024 margin 9.42->9.03 t=4.0s
[DONE] evaluation__5434__denoise__confidence_boost__nes__l0.5 calls=1021 margin 9.42->12.51 t=2.9s
[DONE] evaluation__5434__denoise__boundary_probe__nes__l0.5 calls=1021 margin 9.42->4.21 t=3.0s
[DONE] evaluation__5434__denoise__counterfactual__nes__l0.5 calls=1021 margin 9.42->5.19 t=3.0s
[DONE] evaluation__5434__deblur__attack__nes__l1 calls=1021 margin 3.51->-8.78 t=2.9s
[DONE] evaluation__5434__deblur__restore__nes__l1 calls=1021 margin 3.51->5.71 t=2.9s
[DONE] evaluation__5434__deblur__random_walk__random_walk__l1 calls=1024 margin 3.51->8.23 t=4.2s
[DONE] evaluation__5434__deblur__confidence_boost__nes__l1 calls=1021 margin 3.51->13.77 t=3.0s
[DONE] evaluation__5434__deblur__boundary_probe__nes__l1 calls=1021 margin 3.51->0.03 t=2.8s
[DONE] evaluation__5434__deblur__counterfactual__nes__l1 calls=1021 margin 3.51->-2.61 t=3.1s
[DONE] evaluation__8213__denoise__attack__nes__l0.5 calls=1021 margin 8.70->3.79 t=3.0s
[DONE] evaluation__8213__denoise__restore__nes__l0.5 calls=1021 margin 8.70->8.66 t=3.2s
[DONE] evaluation__8213__denoise__random_walk__random_walk__l0.5 calls=1024 margin 8.70->9.49 t=4.6s
[DONE] evaluation__8213__denoise__confidence_boost__nes__l0.5 calls=1021 margin 8.70->12.20 t=3.0s
[DONE] evaluation__8213__denoise__boundary_probe__nes__l0.5 calls=1021 margin 8.70->3.11 t=3.0s
[DONE] evaluation__8213__denoise__counterfactual__nes__l0.5 calls=1021 margin 8.70->2.60 t=3.1s
[DONE] evaluation__8213__deblur__attack__nes__l1 calls=1021 margin 6.10->-4.27 t=2.8s
[DONE] evaluation__8213__deblur__restore__nes__l1 calls=1021 margin 6.10->6.49 t=3.0s
[DONE] evaluation__8213__deblur__random_walk__random_walk__l1 calls=1024 margin 6.10->8.11 t=4.3s
[DONE] evaluation__8213__deblur__confidence_boost__nes__l1 calls=1021 margin 6.10->12.63 t=3.1s
[DONE] evaluation__8213__deblur__boundary_probe__nes__l1 calls=1021 margin 6.10->0.07 t=3.2s
[DONE] evaluation__8213__deblur__counterfactual__nes__l1 calls=1021 margin 6.10->-3.88 t=3.3s
[DONE] evaluation__1402__denoise__attack__nes__l0.5 calls=1021 margin 5.35->-0.77 t=3.0s
[DONE] evaluation__1402__denoise__restore__nes__l0.5 calls=1021 margin 5.35->5.50 t=3.2s
[DONE] evaluation__1402__denoise__random_walk__random_walk__l0.5 calls=1024 margin 5.35->4.16 t=4.2s
[DONE] evaluation__1402__denoise__confidence_boost__nes__l0.5 calls=1021 margin 5.35->8.93 t=2.9s
[DONE] evaluation__1402__denoise__boundary_probe__nes__l0.5 calls=1021 margin 5.35->0.03 t=3.2s
[DONE] evaluation__1402__denoise__counterfactual__nes__l0.5 calls=1021 margin 5.35->-0.44 t=3.1s
[DONE] evaluation__1402__deblur__attack__nes__l1 calls=1021 margin 9.39->5.28 t=3.0s
[DONE] evaluation__1402__deblur__restore__nes__l1 calls=1021 margin 9.39->9.47 t=3.3s
[DONE] evaluation__1402__deblur__random_walk__random_walk__l1 calls=1024 margin 9.39->8.01 t=4.1s
[DONE] evaluation__1402__deblur__confidence_boost__nes__l1 calls=1021 margin 9.39->12.37 t=3.3s
[DONE] evaluation__1402__deblur__boundary_probe__nes__l1 calls=1021 margin 9.39->3.59 t=3.3s
[DONE] evaluation__1402__deblur__counterfactual__nes__l1 calls=1021 margin 9.39->4.46 t=3.1s
[DONE] evaluation__6004__denoise__attack__nes__l0.5 calls=1021 margin 2.78->-3.25 t=3.0s
[DONE] evaluation__6004__denoise__restore__nes__l0.5 calls=1021 margin 2.78->3.44 t=3.4s
[DONE] evaluation__6004__denoise__random_walk__random_walk__l0.5 calls=1024 margin 2.78->4.28 t=4.4s
[DONE] evaluation__6004__denoise__confidence_boost__nes__l0.5 calls=1021 margin 2.78->8.11 t=2.9s
[DONE] evaluation__6004__denoise__boundary_probe__nes__l0.5 calls=1021 margin 2.78->0.02 t=3.1s
[DONE] evaluation__6004__denoise__counterfactual__nes__l0.5 calls=1021 margin 2.78->-3.44 t=3.2s
[DONE] evaluation__6004__deblur__attack__nes__l1 calls=1021 margin 4.77->-4.35 t=3.2s
[DONE] evaluation__6004__deblur__restore__nes__l1 calls=1021 margin 4.77->4.59 t=3.0s
[DONE] evaluation__6004__deblur__random_walk__random_walk__l1 calls=1024 margin 4.77->2.03 t=4.1s
[DONE] evaluation__6004__deblur__confidence_boost__nes__l1 calls=1021 margin 4.77->8.47 t=2.9s
[DONE] evaluation__6004__deblur__boundary_probe__nes__l1 calls=1021 margin 4.77->0.00 t=3.0s
[DONE] evaluation__6004__deblur__counterfactual__nes__l1 calls=1021 margin 4.77->-3.83 t=3.2s
[DONE] evaluation__8344__denoise__attack__nes__l0.5 calls=1021 margin 0.41->-4.91 t=3.1s
[DONE] evaluation__8344__denoise__restore__nes__l0.5 calls=1021 margin 0.41->0.15 t=3.2s
[DONE] evaluation__8344__denoise__random_walk__random_walk__l0.5 calls=1024 margin 0.41->0.66 t=4.1s
[DONE] evaluation__8344__denoise__confidence_boost__nes__l0.5 calls=1021 margin 0.41->6.17 t=3.1s
[DONE] evaluation__8344__denoise__boundary_probe__nes__l0.5 calls=1021 margin 0.41->0.01 t=3.2s
[DONE] evaluation__8344__denoise__counterfactual__nes__l0.5 calls=1021 margin 0.41->-4.79 t=3.3s
[DONE] evaluation__8344__deblur__attack__nes__l1 calls=1021 margin 2.49->-8.52 t=3.1s
[DONE] evaluation__8344__deblur__restore__nes__l1 calls=1021 margin 2.49->2.91 t=3.2s
[DONE] evaluation__8344__deblur__random_walk__random_walk__l1 calls=1024 margin 2.49->0.83 t=4.4s
[DONE] evaluation__8344__deblur__confidence_boost__nes__l1 calls=1021 margin 2.49->10.46 t=3.0s
[DONE] evaluation__8344__deblur__boundary_probe__nes__l1 calls=1021 margin 2.49->0.02 t=3.0s
[DONE] evaluation__8344__deblur__counterfactual__nes__l1 calls=1021 margin 2.49->-8.42 t=2.9s
[DONE] evaluation__1223__denoise__attack__nes__l0.5 calls=1021 margin 5.12->1.24 t=3.2s
[DONE] evaluation__1223__denoise__restore__nes__l0.5 calls=1021 margin 5.12->5.27 t=3.2s
[DONE] evaluation__1223__denoise__random_walk__random_walk__l0.5 calls=1024 margin 5.12->4.75 t=4.5s
[DONE] evaluation__1223__denoise__confidence_boost__nes__l0.5 calls=1021 margin 5.12->7.92 t=3.0s
[DONE] evaluation__1223__denoise__boundary_probe__nes__l0.5 calls=1021 margin 5.12->0.43 t=3.2s
[DONE] evaluation__1223__denoise__counterfactual__nes__l0.5 calls=1021 margin 5.12->0.92 t=3.1s
[DONE] evaluation__1223__deblur__attack__nes__l1 calls=1021 margin 8.12->1.38 t=3.3s
[DONE] evaluation__1223__deblur__restore__nes__l1 calls=1021 margin 8.12->9.20 t=3.3s
[DONE] evaluation__1223__deblur__random_walk__random_walk__l1 calls=1024 margin 8.12->7.71 t=4.2s
[DONE] evaluation__1223__deblur__confidence_boost__nes__l1 calls=1021 margin 8.12->11.95 t=3.2s
[DONE] evaluation__1223__deblur__boundary_probe__nes__l1 calls=1021 margin 8.12->0.07 t=3.0s
[DONE] evaluation__1223__deblur__counterfactual__nes__l1 calls=1021 margin 8.12->0.80 t=2.9s
[DONE] evaluation__4636__denoise__attack__nes__l0.5 calls=1021 margin 6.35->1.78 t=3.2s
[DONE] evaluation__4636__denoise__restore__nes__l0.5 calls=1021 margin 6.35->6.44 t=3.2s
[DONE] evaluation__4636__denoise__random_walk__random_walk__l0.5 calls=1024 margin 6.35->6.40 t=4.3s
[DONE] evaluation__4636__denoise__confidence_boost__nes__l0.5 calls=1021 margin 6.35->9.44 t=3.1s
[DONE] evaluation__4636__denoise__boundary_probe__nes__l0.5 calls=1021 margin 6.35->1.68 t=3.0s
[DONE] evaluation__4636__denoise__counterfactual__nes__l0.5 calls=1021 margin 6.35->1.47 t=3.1s
[DONE] evaluation__4636__deblur__attack__nes__l1 calls=1021 margin 7.04->1.10 t=2.9s
[DONE] evaluation__4636__deblur__restore__nes__l1 calls=1021 margin 7.04->7.16 t=3.1s
[DONE] evaluation__4636__deblur__random_walk__random_walk__l1 calls=1024 margin 7.04->6.96 t=4.1s
[DONE] evaluation__4636__deblur__confidence_boost__nes__l1 calls=1021 margin 7.04->11.95 t=3.1s
[DONE] evaluation__4636__deblur__boundary_probe__nes__l1 calls=1021 margin 7.04->1.06 t=3.1s
[DONE] evaluation__4636__deblur__counterfactual__nes__l1 calls=1021 margin 7.04->1.19 t=2.9s
[DONE] evaluation__7404__denoise__attack__nes__l0.5 calls=1021 margin 4.20->-0.33 t=3.2s
[DONE] evaluation__7404__denoise__restore__nes__l0.5 calls=1021 margin 4.20->4.71 t=3.2s
[DONE] evaluation__7404__denoise__random_walk__random_walk__l0.5 calls=1024 margin 4.20->5.27 t=3.9s
[DONE] evaluation__7404__denoise__confidence_boost__nes__l0.5 calls=1021 margin 4.20->7.17 t=2.8s
[DONE] evaluation__7404__denoise__boundary_probe__nes__l0.5 calls=1021 margin 4.20->0.01 t=2.8s
[DONE] evaluation__7404__denoise__counterfactual__nes__l0.5 calls=1021 margin 4.20->-0.12 t=2.7s
[DONE] evaluation__7404__deblur__attack__nes__l1 calls=1021 margin 10.04->4.64 t=3.1s
[DONE] evaluation__7404__deblur__restore__nes__l1 calls=1021 margin 10.04->10.41 t=2.9s
[DONE] evaluation__7404__deblur__random_walk__random_walk__l1 calls=1024 margin 10.04->10.10 t=4.2s
[DONE] evaluation__7404__deblur__confidence_boost__nes__l1 calls=1021 margin 10.04->13.27 t=2.9s
[DONE] evaluation__7404__deblur__boundary_probe__nes__l1 calls=1021 margin 10.04->5.21 t=2.9s
[DONE] evaluation__7404__deblur__counterfactual__nes__l1 calls=1021 margin 10.04->3.77 t=3.2s
[DONE] evaluation__9669__denoise__attack__nes__l0.5 calls=1021 margin 1.54->-7.13 t=3.0s
[DONE] evaluation__9669__denoise__restore__nes__l0.5 calls=1021 margin 1.54->1.71 t=3.2s
[DONE] evaluation__9669__denoise__random_walk__random_walk__l0.5 calls=1024 margin 1.54->0.48 t=4.3s
[DONE] evaluation__9669__denoise__confidence_boost__nes__l0.5 calls=1021 margin 1.54->7.76 t=3.0s
[DONE] evaluation__9669__denoise__boundary_probe__nes__l0.5 calls=1021 margin 1.54->0.06 t=3.0s
[DONE] evaluation__9669__denoise__counterfactual__nes__l0.5 calls=1021 margin 1.54->-7.21 t=2.9s
[DONE] evaluation__9669__deblur__attack__nes__l1 calls=1021 margin 9.50->0.98 t=3.0s
[DONE] evaluation__9669__deblur__restore__nes__l1 calls=1021 margin 9.50->10.10 t=3.3s
[DONE] evaluation__9669__deblur__random_walk__random_walk__l1 calls=1024 margin 9.50->10.54 t=4.4s
[DONE] evaluation__9669__deblur__confidence_boost__nes__l1 calls=1021 margin 9.50->14.23 t=2.9s
[DONE] evaluation__9669__deblur__boundary_probe__nes__l1 calls=1021 margin 9.50->0.03 t=2.9s
[DONE] evaluation__9669__deblur__counterfactual__nes__l1 calls=1021 margin 9.50->-0.48 t=2.9s
[DONE] evaluation__1654__denoise__attack__nes__l0.5 calls=1021 margin 3.48->0.61 t=3.0s
[DONE] evaluation__1654__denoise__restore__nes__l0.5 calls=1021 margin 3.48->3.57 t=3.2s
[DONE] evaluation__1654__denoise__random_walk__random_walk__l0.5 calls=1024 margin 3.48->3.64 t=4.5s
[DONE] evaluation__1654__denoise__confidence_boost__nes__l0.5 calls=1021 margin 3.48->7.14 t=3.2s
[DONE] evaluation__1654__denoise__boundary_probe__nes__l0.5 calls=1021 margin 3.48->0.03 t=3.1s
[DONE] evaluation__1654__denoise__counterfactual__nes__l0.5 calls=1021 margin 3.48->0.05 t=3.0s
[DONE] evaluation__1654__deblur__attack__nes__l1 calls=1021 margin 6.69->0.86 t=3.0s
[DONE] evaluation__1654__deblur__restore__nes__l1 calls=1021 margin 6.69->6.14 t=3.1s
[DONE] evaluation__1654__deblur__random_walk__random_walk__l1 calls=1024 margin 6.69->5.76 t=4.2s
[DONE] evaluation__1654__deblur__confidence_boost__nes__l1 calls=1021 margin 6.69->12.17 t=2.6s
[DONE] evaluation__1654__deblur__boundary_probe__nes__l1 calls=1021 margin 6.69->0.75 t=2.6s
[DONE] evaluation__1654__deblur__counterfactual__nes__l1 calls=1021 margin 6.69->0.39 t=3.2s
[DONE] evaluation__4252__denoise__attack__nes__l0.5 calls=1021 margin 4.96->-1.87 t=3.0s
[DONE] evaluation__4252__denoise__restore__nes__l0.5 calls=1021 margin 4.96->5.08 t=3.0s
[DONE] evaluation__4252__denoise__random_walk__random_walk__l0.5 calls=1024 margin 4.96->5.31 t=4.4s
[DONE] evaluation__4252__denoise__confidence_boost__nes__l0.5 calls=1021 margin 4.96->8.51 t=3.2s
[DONE] evaluation__4252__denoise__boundary_probe__nes__l0.5 calls=1021 margin 4.96->0.00 t=3.3s
[DONE] evaluation__4252__denoise__counterfactual__nes__l0.5 calls=1021 margin 4.96->-1.66 t=2.9s
[DONE] evaluation__4252__deblur__attack__nes__l1 calls=1021 margin 6.22->-1.91 t=3.3s
[DONE] evaluation__4252__deblur__restore__nes__l1 calls=1021 margin 6.22->6.89 t=3.3s
[DONE] evaluation__4252__deblur__random_walk__random_walk__l1 calls=1024 margin 6.22->6.80 t=4.4s
[DONE] evaluation__4252__deblur__confidence_boost__nes__l1 calls=1021 margin 6.22->11.21 t=2.8s
[DONE] evaluation__4252__deblur__boundary_probe__nes__l1 calls=1021 margin 6.22->0.01 t=2.7s
[DONE] evaluation__4252__deblur__counterfactual__nes__l1 calls=1021 margin 6.22->-1.73 t=2.8s
[DONE] evaluation__8459__denoise__attack__nes__l0.5 calls=1021 margin 3.94->-4.54 t=2.8s
[DONE] evaluation__8459__denoise__restore__nes__l0.5 calls=1021 margin 3.94->5.02 t=3.0s
[DONE] evaluation__8459__denoise__random_walk__random_walk__l0.5 calls=1024 margin 3.94->3.21 t=4.3s
[DONE] evaluation__8459__denoise__confidence_boost__nes__l0.5 calls=1021 margin 3.94->10.53 t=2.9s
[DONE] evaluation__8459__denoise__boundary_probe__nes__l0.5 calls=1021 margin 3.94->0.01 t=3.0s
[DONE] evaluation__8459__denoise__counterfactual__nes__l0.5 calls=1021 margin 3.94->-3.89 t=2.8s
[DONE] evaluation__8459__deblur__attack__nes__l1 calls=1021 margin 7.85->1.46 t=2.9s
[DONE] evaluation__8459__deblur__restore__nes__l1 calls=1021 margin 7.85->8.50 t=3.2s
[DONE] evaluation__8459__deblur__random_walk__random_walk__l1 calls=1024 margin 7.85->8.42 t=4.6s
[DONE] evaluation__8459__deblur__confidence_boost__nes__l1 calls=1021 margin 7.85->12.92 t=2.9s
[DONE] evaluation__8459__deblur__boundary_probe__nes__l1 calls=1021 margin 7.85->1.69 t=2.8s
[DONE] evaluation__8459__deblur__counterfactual__nes__l1 calls=1021 margin 7.85->0.96 t=2.9s
[DONE] fit__4374__denoise__attack__nes__l0.5 calls=1021 margin 0.62->-2.04 t=3.0s
[DONE] fit__4374__denoise__restore__nes__l0.5 calls=1021 margin 0.62->0.31 t=3.3s
[DONE] fit__4374__denoise__random_walk__random_walk__l0.5 calls=1024 margin 0.62->0.30 t=4.4s
[DONE] fit__4374__denoise__confidence_boost__nes__l0.5 calls=1021 margin 0.62->4.69 t=3.2s
[DONE] fit__4374__denoise__boundary_probe__nes__l0.5 calls=1021 margin 0.62->0.01 t=3.2s
[DONE] fit__4374__denoise__counterfactual__nes__l0.5 calls=1021 margin 0.62->-3.28 t=2.9s
[DONE] fit__4374__deblur__attack__nes__l1 calls=1021 margin 5.87->-2.80 t=3.0s
[DONE] fit__4374__deblur__restore__nes__l1 calls=1021 margin 5.87->4.84 t=3.1s
[DONE] fit__4374__deblur__random_walk__random_walk__l1 calls=1024 margin 5.87->1.67 t=4.5s
[DONE] fit__4374__deblur__confidence_boost__nes__l1 calls=1021 margin 5.87->11.24 t=3.1s
[DONE] fit__4374__deblur__boundary_probe__nes__l1 calls=1021 margin 5.87->0.02 t=2.9s
[DONE] fit__4374__deblur__counterfactual__nes__l1 calls=1021 margin 5.87->-2.65 t=3.2s
[DONE] fit__9872__denoise__attack__nes__l0.5 calls=1021 margin 0.74->-3.27 t=3.1s
[DONE] fit__9872__denoise__restore__nes__l0.5 calls=1021 margin 0.74->0.74 t=3.4s
[DONE] fit__9872__denoise__random_walk__random_walk__l0.5 calls=1024 margin 0.74->0.89 t=4.6s
[DONE] fit__9872__denoise__confidence_boost__nes__l0.5 calls=1021 margin 0.74->5.17 t=3.0s
[DONE] fit__9872__denoise__boundary_probe__nes__l0.5 calls=1021 margin 0.74->0.00 t=2.8s
[DONE] fit__9872__denoise__counterfactual__nes__l0.5 calls=1021 margin 0.74->-3.44 t=2.9s
[DONE] fit__9872__deblur__attack__nes__l1 calls=1021 margin 3.66->-5.04 t=3.0s
[DONE] fit__9872__deblur__restore__nes__l1 calls=1021 margin 3.66->2.02 t=3.0s
[DONE] fit__9872__deblur__random_walk__random_walk__l1 calls=1024 margin 3.66->1.46 t=4.7s
[DONE] fit__9872__deblur__confidence_boost__nes__l1 calls=1021 margin 3.66->10.05 t=3.0s
[DONE] fit__9872__deblur__boundary_probe__nes__l1 calls=1021 margin 3.66->0.02 t=3.1s
[DONE] fit__9872__deblur__counterfactual__nes__l1 calls=1021 margin 3.66->-5.26 t=3.2s
[DONE] fit__7487__denoise__attack__nes__l0.5 calls=1021 margin 4.42->-2.16 t=2.9s
[DONE] fit__7487__denoise__restore__nes__l0.5 calls=1021 margin 4.42->4.52 t=3.2s
[DONE] fit__7487__denoise__random_walk__random_walk__l0.5 calls=1024 margin 4.42->3.19 t=4.3s
[DONE] fit__7487__denoise__confidence_boost__nes__l0.5 calls=1021 margin 4.42->9.52 t=2.8s
[DONE] fit__7487__denoise__boundary_probe__nes__l0.5 calls=1021 margin 4.42->0.00 t=2.8s
[DONE] fit__7487__denoise__counterfactual__nes__l0.5 calls=1021 margin 4.42->-2.20 t=3.1s
[DONE] fit__7487__deblur__attack__nes__l1 calls=1021 margin 8.63->2.66 t=2.9s
[DONE] fit__7487__deblur__restore__nes__l1 calls=1021 margin 8.63->8.84 t=3.1s
[DONE] fit__7487__deblur__random_walk__random_walk__l1 calls=1024 margin 8.63->7.16 t=4.6s
[DONE] fit__7487__deblur__confidence_boost__nes__l1 calls=1021 margin 8.63->10.97 t=2.9s
[DONE] fit__7487__deblur__boundary_probe__nes__l1 calls=1021 margin 8.63->2.12 t=3.2s
[DONE] fit__7487__deblur__counterfactual__nes__l1 calls=1021 margin 8.63->2.12 t=3.0s
[DONE] fit__1547__denoise__attack__nes__l0.5 calls=1021 margin 1.65->-3.99 t=2.8s
[DONE] fit__1547__denoise__restore__nes__l0.5 calls=1021 margin 1.65->2.01 t=2.9s
[DONE] fit__1547__denoise__random_walk__random_walk__l0.5 calls=1024 margin 1.65->0.56 t=4.3s
[DONE] fit__1547__denoise__confidence_boost__nes__l0.5 calls=1021 margin 1.65->8.78 t=2.7s
[DONE] fit__1547__denoise__boundary_probe__nes__l0.5 calls=1021 margin 1.65->0.02 t=2.8s
[DONE] fit__1547__denoise__counterfactual__nes__l0.5 calls=1021 margin 1.65->-3.49 t=2.9s
[DONE] fit__1547__deblur__attack__nes__l1 calls=1021 margin 5.52->-1.26 t=3.1s
[DONE] fit__1547__deblur__restore__nes__l1 calls=1021 margin 5.52->5.26 t=3.1s
[DONE] fit__1547__deblur__random_walk__random_walk__l1 calls=1024 margin 5.52->5.65 t=4.6s
[DONE] fit__1547__deblur__confidence_boost__nes__l1 calls=1021 margin 5.52->8.26 t=3.0s
[DONE] fit__1547__deblur__boundary_probe__nes__l1 calls=1021 margin 5.52->0.07 t=2.9s
[DONE] fit__1547__deblur__counterfactual__nes__l1 calls=1021 margin 5.52->-0.93 t=3.0s
[DONE] fit__7829__denoise__attack__nes__l0.5 calls=1021 margin 4.12->-0.75 t=2.9s
[DONE] fit__7829__denoise__restore__nes__l0.5 calls=1021 margin 4.12->4.03 t=2.9s
[DONE] fit__7829__denoise__random_walk__random_walk__l0.5 calls=1024 margin 4.12->3.30 t=4.5s
[DONE] fit__7829__denoise__confidence_boost__nes__l0.5 calls=1021 margin 4.12->7.57 t=3.1s
[DONE] fit__7829__denoise__boundary_probe__nes__l0.5 calls=1021 margin 4.12->0.00 t=3.0s
[DONE] fit__7829__denoise__counterfactual__nes__l0.5 calls=1021 margin 4.12->-1.24 t=3.3s
[DONE] fit__7829__deblur__attack__nes__l1 calls=1021 margin 2.94->-5.87 t=3.1s
[DONE] fit__7829__deblur__restore__nes__l1 calls=1021 margin 2.94->2.76 t=3.0s
[DONE] fit__7829__deblur__random_walk__random_walk__l1 calls=1024 margin 2.94->3.69 t=4.6s
[DONE] fit__7829__deblur__confidence_boost__nes__l1 calls=1021 margin 2.94->9.04 t=3.0s
[DONE] fit__7829__deblur__boundary_probe__nes__l1 calls=1021 margin 2.94->0.03 t=2.8s
[DONE] fit__7829__deblur__counterfactual__nes__l1 calls=1021 margin 2.94->-5.85 t=3.2s
[DONE] fit__4820__denoise__attack__nes__l0.5 calls=1021 margin 0.76->-4.21 t=3.1s
[DONE] fit__4820__denoise__restore__nes__l0.5 calls=1021 margin 0.76->0.39 t=3.2s
[DONE] fit__4820__denoise__random_walk__random_walk__l0.5 calls=1024 margin 0.76->0.22 t=4.6s
[DONE] fit__4820__denoise__confidence_boost__nes__l0.5 calls=1021 margin 0.76->5.47 t=3.0s
[DONE] fit__4820__denoise__boundary_probe__nes__l0.5 calls=1021 margin 0.76->0.03 t=2.9s
[DONE] fit__4820__denoise__counterfactual__nes__l0.5 calls=1021 margin 0.76->-4.05 t=2.9s
[DONE] fit__4820__deblur__attack__nes__l1 calls=1021 margin 0.46->-4.54 t=3.1s
[DONE] fit__4820__deblur__restore__nes__l1 calls=1021 margin 0.46->0.52 t=3.0s
[DONE] fit__4820__deblur__random_walk__random_walk__l1 calls=1024 margin 0.46->-0.99 t=4.6s
[DONE] fit__4820__deblur__confidence_boost__nes__l1 calls=1021 margin 0.46->5.32 t=3.0s
[DONE] fit__4820__deblur__boundary_probe__nes__l1 calls=1021 margin 0.46->0.00 t=3.1s
[DONE] fit__4820__deblur__counterfactual__nes__l1 calls=1021 margin 0.46->-4.54 t=2.8s
[DONE] fit__9755__denoise__attack__nes__l0.5 calls=1021 margin 0.71->-2.34 t=2.8s
[DONE] fit__9755__denoise__restore__nes__l0.5 calls=1021 margin 0.71->0.76 t=3.0s
[DONE] fit__9755__denoise__random_walk__random_walk__l0.5 calls=1024 margin 0.71->0.16 t=4.7s
[DONE] fit__9755__denoise__confidence_boost__nes__l0.5 calls=1021 margin 0.71->4.23 t=3.1s
[DONE] fit__9755__denoise__boundary_probe__nes__l0.5 calls=1021 margin 0.71->0.01 t=3.0s
[DONE] fit__9755__denoise__counterfactual__nes__l0.5 calls=1021 margin 0.71->-2.73 t=3.2s
[DONE] fit__9755__deblur__attack__nes__l1 calls=1021 margin 3.18->-4.73 t=3.0s
[DONE] fit__9755__deblur__restore__nes__l1 calls=1021 margin 3.18->3.83 t=3.2s
[DONE] fit__9755__deblur__random_walk__random_walk__l1 calls=1024 margin 3.18->1.91 t=4.3s
[DONE] fit__9755__deblur__confidence_boost__nes__l1 calls=1021 margin 3.18->8.37 t=3.0s
[DONE] fit__9755__deblur__boundary_probe__nes__l1 calls=1021 margin 3.18->0.00 t=3.0s
[DONE] fit__9755__deblur__counterfactual__nes__l1 calls=1021 margin 3.18->-4.86 t=3.1s
[DONE] fit__6918__denoise__attack__nes__l0.5 calls=1021 margin 4.34->-2.47 t=2.9s
[DONE] fit__6918__denoise__restore__nes__l0.5 calls=1021 margin 4.34->4.25 t=3.2s
[DONE] fit__6918__denoise__random_walk__random_walk__l0.5 calls=1024 margin 4.34->5.36 t=4.4s
[DONE] fit__6918__denoise__confidence_boost__nes__l0.5 calls=1021 margin 4.34->8.72 t=3.2s
[DONE] fit__6918__denoise__boundary_probe__nes__l0.5 calls=1021 margin 4.34->0.00 t=3.1s
[DONE] fit__6918__denoise__counterfactual__nes__l0.5 calls=1021 margin 4.34->-2.25 t=3.0s
[DONE] fit__6918__deblur__attack__nes__l1 calls=1021 margin 8.02->1.73 t=3.0s
[DONE] fit__6918__deblur__restore__nes__l1 calls=1021 margin 8.02->8.24 t=3.0s
[DONE] fit__6918__deblur__random_walk__random_walk__l1 calls=1024 margin 8.02->7.28 t=4.5s
[DONE] fit__6918__deblur__confidence_boost__nes__l1 calls=1021 margin 8.02->12.89 t=3.0s
[DONE] fit__6918__deblur__boundary_probe__nes__l1 calls=1021 margin 8.02->0.88 t=2.9s
[DONE] fit__6918__deblur__counterfactual__nes__l1 calls=1021 margin 8.02->1.17 t=3.1s
[DONE] fit__4072__denoise__attack__nes__l0.5 calls=1021 margin 7.79->5.45 t=2.9s
[DONE] fit__4072__denoise__restore__nes__l0.5 calls=1021 margin 7.79->7.57 t=3.2s
[DONE] fit__4072__denoise__random_walk__random_walk__l0.5 calls=1024 margin 7.79->7.13 t=4.3s
[DONE] fit__4072__denoise__confidence_boost__nes__l0.5 calls=1021 margin 7.79->9.81 t=2.9s
[DONE] fit__4072__denoise__boundary_probe__nes__l0.5 calls=1021 margin 7.79->5.35 t=2.7s
[DONE] fit__4072__denoise__counterfactual__nes__l0.5 calls=1021 margin 7.79->5.32 t=3.2s
[DONE] fit__4072__deblur__attack__nes__l1 calls=1021 margin 7.69->4.20 t=2.9s
[DONE] fit__4072__deblur__restore__nes__l1 calls=1021 margin 7.69->8.52 t=3.0s
[DONE] fit__4072__deblur__random_walk__random_walk__l1 calls=1024 margin 7.69->9.16 t=4.2s
[DONE] fit__4072__deblur__confidence_boost__nes__l1 calls=1021 margin 7.69->11.26 t=2.8s
[DONE] fit__4072__deblur__boundary_probe__nes__l1 calls=1021 margin 7.69->4.29 t=3.0s
[DONE] fit__4072__deblur__counterfactual__nes__l1 calls=1021 margin 7.69->4.99 t=2.8s
[DONE] fit__7364__denoise__attack__nes__l0.5 calls=1021 margin 0.96->-6.48 t=2.9s
[DONE] fit__7364__denoise__restore__nes__l0.5 calls=1021 margin 0.96->0.58 t=3.0s
[DONE] fit__7364__denoise__random_walk__random_walk__l0.5 calls=1024 margin 0.96->-0.28 t=4.6s
[DONE] fit__7364__denoise__confidence_boost__nes__l0.5 calls=1021 margin 0.96->6.45 t=2.9s
[DONE] fit__7364__denoise__boundary_probe__nes__l0.5 calls=1021 margin 0.96->0.02 t=3.1s
[DONE] fit__7364__denoise__counterfactual__nes__l0.5 calls=1021 margin 0.96->-4.17 t=3.1s
[DONE] fit__7364__deblur__attack__nes__l1 calls=1021 margin 3.09->-5.43 t=3.1s
[DONE] fit__7364__deblur__restore__nes__l1 calls=1021 margin 3.09->4.18 t=3.0s
[DONE] fit__7364__deblur__random_walk__random_walk__l1 calls=1024 margin 3.09->0.97 t=4.4s
[DONE] fit__7364__deblur__confidence_boost__nes__l1 calls=1021 margin 3.09->10.14 t=3.0s
[DONE] fit__7364__deblur__boundary_probe__nes__l1 calls=1021 margin 3.09->0.01 t=3.0s
[DONE] fit__7364__deblur__counterfactual__nes__l1 calls=1021 margin 3.09->-5.29 t=3.1s
[DONE] fit__4384__denoise__attack__nes__l0.5 calls=1021 margin 6.34->2.34 t=3.0s
[DONE] fit__4384__denoise__restore__nes__l0.5 calls=1021 margin 6.34->6.47 t=3.2s
[DONE] fit__4384__denoise__random_walk__random_walk__l0.5 calls=1024 margin 6.34->6.52 t=4.2s
[DONE] fit__4384__denoise__confidence_boost__nes__l0.5 calls=1021 margin 6.34->8.81 t=2.9s
[DONE] fit__4384__denoise__boundary_probe__nes__l0.5 calls=1021 margin 6.34->2.47 t=2.8s
[DONE] fit__4384__denoise__counterfactual__nes__l0.5 calls=1021 margin 6.34->2.28 t=3.1s
[DONE] fit__4384__deblur__attack__nes__l1 calls=1021 margin 5.26->-1.80 t=3.0s
[DONE] fit__4384__deblur__restore__nes__l1 calls=1021 margin 5.26->5.48 t=3.1s
[DONE] fit__4384__deblur__random_walk__random_walk__l1 calls=1024 margin 5.26->5.14 t=4.0s
[DONE] fit__4384__deblur__confidence_boost__nes__l1 calls=1021 margin 5.26->9.44 t=3.0s
[DONE] fit__4384__deblur__boundary_probe__nes__l1 calls=1021 margin 5.26->0.02 t=3.0s
[DONE] fit__4384__deblur__counterfactual__nes__l1 calls=1021 margin 5.26->-1.08 t=2.9s
[DONE] fit__9194__denoise__attack__nes__l0.5 calls=1021 margin 10.80->7.41 t=2.9s
[DONE] fit__9194__denoise__restore__nes__l0.5 calls=1021 margin 10.80->10.89 t=2.9s
[DONE] fit__9194__denoise__random_walk__random_walk__l0.5 calls=1024 margin 10.80->10.70 t=4.4s
[DONE] fit__9194__denoise__confidence_boost__nes__l0.5 calls=1021 margin 10.80->13.16 t=3.4s
[DONE] fit__9194__denoise__boundary_probe__nes__l0.5 calls=1021 margin 10.80->6.03 t=2.8s
[DONE] fit__9194__denoise__counterfactual__nes__l0.5 calls=1021 margin 10.80->6.59 t=3.1s
[DONE] fit__9194__deblur__attack__nes__l1 calls=1021 margin 7.51->-0.96 t=3.2s
[DONE] fit__9194__deblur__restore__nes__l1 calls=1021 margin 7.51->8.75 t=3.1s
[DONE] fit__9194__deblur__random_walk__random_walk__l1 calls=1024 margin 7.51->8.17 t=4.2s
[DONE] fit__9194__deblur__confidence_boost__nes__l1 calls=1021 margin 7.51->13.71 t=3.2s
[DONE] fit__9194__deblur__boundary_probe__nes__l1 calls=1021 margin 7.51->0.04 t=3.1s
[DONE] fit__9194__deblur__counterfactual__nes__l1 calls=1021 margin 7.51->-2.87 t=2.9s
[DONE] fit__5818__denoise__attack__nes__l0.5 calls=1021 margin 3.15->-4.50 t=2.8s
[DONE] fit__5818__denoise__restore__nes__l0.5 calls=1021 margin 3.15->2.54 t=2.9s
[DONE] fit__5818__denoise__random_walk__random_walk__l0.5 calls=1024 margin 3.15->2.41 t=4.3s
[DONE] fit__5818__denoise__confidence_boost__nes__l0.5 calls=1021 margin 3.15->8.70 t=3.1s
[DONE] fit__5818__denoise__boundary_probe__nes__l0.5 calls=1021 margin 3.15->0.00 t=3.1s
[DONE] fit__5818__denoise__counterfactual__nes__l0.5 calls=1021 margin 3.15->-4.20 t=3.1s
[DONE] fit__5818__deblur__attack__nes__l1 calls=1021 margin 7.15->0.12 t=3.2s
[DONE] fit__5818__deblur__restore__nes__l1 calls=1021 margin 7.15->7.12 t=3.0s
[DONE] fit__5818__deblur__random_walk__random_walk__l1 calls=1024 margin 7.15->5.83 t=4.2s
[DONE] fit__5818__deblur__confidence_boost__nes__l1 calls=1021 margin 7.15->11.37 t=3.1s
[DONE] fit__5818__deblur__boundary_probe__nes__l1 calls=1021 margin 7.15->0.71 t=2.9s
[DONE] fit__5818__deblur__counterfactual__nes__l1 calls=1021 margin 7.15->1.36 t=2.8s
[DONE] fit__337__denoise__attack__nes__l0.5 calls=1021 margin 4.99->-0.84 t=3.0s
[DONE] fit__337__denoise__restore__nes__l0.5 calls=1021 margin 4.99->5.17 t=3.0s
[DONE] fit__337__denoise__random_walk__random_walk__l0.5 calls=1024 margin 4.99->4.89 t=4.3s
[DONE] fit__337__denoise__confidence_boost__nes__l0.5 calls=1021 margin 4.99->9.05 t=3.4s
[DONE] fit__337__denoise__boundary_probe__nes__l0.5 calls=1021 margin 4.99->0.01 t=3.2s
[DONE] fit__337__denoise__counterfactual__nes__l0.5 calls=1021 margin 4.99->-0.70 t=3.1s
[DONE] fit__337__deblur__attack__nes__l1 calls=1021 margin 3.24->-6.39 t=3.1s
[DONE] fit__337__deblur__restore__nes__l1 calls=1021 margin 3.24->4.22 t=3.0s
[DONE] fit__337__deblur__random_walk__random_walk__l1 calls=1024 margin 3.24->2.27 t=4.3s
[DONE] fit__337__deblur__confidence_boost__nes__l1 calls=1021 margin 3.24->12.12 t=2.9s
[DONE] fit__337__deblur__boundary_probe__nes__l1 calls=1021 margin 3.24->0.00 t=3.1s
[DONE] fit__337__deblur__counterfactual__nes__l1 calls=1021 margin 3.24->-6.02 t=2.9s
[DONE] fit__5294__denoise__attack__nes__l0.5 calls=1021 margin 3.29->-2.53 t=2.7s
[DONE] fit__5294__denoise__restore__nes__l0.5 calls=1021 margin 3.29->3.46 t=2.9s
[DONE] fit__5294__denoise__random_walk__random_walk__l0.5 calls=1024 margin 3.29->0.89 t=4.2s
[DONE] fit__5294__denoise__confidence_boost__nes__l0.5 calls=1021 margin 3.29->8.44 t=3.2s
[DONE] fit__5294__denoise__boundary_probe__nes__l0.5 calls=1021 margin 3.29->0.00 t=3.4s
[DONE] fit__5294__denoise__counterfactual__nes__l0.5 calls=1021 margin 3.29->-2.87 t=3.0s
[DONE] fit__5294__deblur__attack__nes__l1 calls=1021 margin 7.72->-2.45 t=2.9s
[DONE] fit__5294__deblur__restore__nes__l1 calls=1021 margin 7.72->9.18 t=2.7s
[DONE] fit__5294__deblur__random_walk__random_walk__l1 calls=1024 margin 7.72->8.03 t=4.2s
[DONE] fit__5294__deblur__confidence_boost__nes__l1 calls=1021 margin 7.72->13.37 t=2.9s
[DONE] fit__5294__deblur__boundary_probe__nes__l1 calls=1021 margin 7.72->0.03 t=3.0s
[DONE] fit__5294__deblur__counterfactual__nes__l1 calls=1021 margin 7.72->-0.25 t=2.9s
[DONE] fit__4284__denoise__attack__nes__l0.5 calls=1021 margin 7.35->5.29 t=2.9s
[DONE] fit__4284__denoise__restore__nes__l0.5 calls=1021 margin 7.35->7.22 t=2.9s
[DONE] fit__4284__denoise__random_walk__random_walk__l0.5 calls=1024 margin 7.35->7.24 t=4.1s
[DONE] fit__4284__denoise__confidence_boost__nes__l0.5 calls=1021 margin 7.35->8.90 t=2.9s
[DONE] fit__4284__denoise__boundary_probe__nes__l0.5 calls=1021 margin 7.35->5.22 t=3.0s
[DONE] fit__4284__denoise__counterfactual__nes__l0.5 calls=1021 margin 7.35->5.02 t=3.0s
[DONE] fit__4284__deblur__attack__nes__l1 calls=1021 margin 8.11->4.25 t=2.8s
[DONE] fit__4284__deblur__restore__nes__l1 calls=1021 margin 8.11->8.05 t=2.6s
[DONE] fit__4284__deblur__random_walk__random_walk__l1 calls=1024 margin 8.11->8.03 t=3.9s
[DONE] fit__4284__deblur__confidence_boost__nes__l1 calls=1021 margin 8.11->10.77 t=2.8s
[DONE] fit__4284__deblur__boundary_probe__nes__l1 calls=1021 margin 8.11->4.63 t=2.9s
[DONE] fit__4284__deblur__counterfactual__nes__l1 calls=1021 margin 8.11->4.23 t=2.8s
[DONE] fit__9199__denoise__attack__nes__l0.5 calls=1021 margin 8.34->5.17 t=2.8s
[DONE] fit__9199__denoise__restore__nes__l0.5 calls=1021 margin 8.34->8.59 t=2.6s
[DONE] fit__9199__denoise__random_walk__random_walk__l0.5 calls=1024 margin 8.34->8.60 t=3.8s
[DONE] fit__9199__denoise__confidence_boost__nes__l0.5 calls=1021 margin 8.34->11.39 t=2.7s
[DONE] fit__9199__denoise__boundary_probe__nes__l0.5 calls=1021 margin 8.34->4.60 t=2.7s
[DONE] fit__9199__denoise__counterfactual__nes__l0.5 calls=1021 margin 8.34->4.75 t=2.7s
[DONE] fit__9199__deblur__attack__nes__l1 calls=1021 margin 10.50->6.53 t=2.7s
[DONE] fit__9199__deblur__restore__nes__l1 calls=1021 margin 10.50->10.47 t=2.7s
[DONE] fit__9199__deblur__random_walk__random_walk__l1 calls=1024 margin 10.50->11.10 t=3.6s
[DONE] fit__9199__deblur__confidence_boost__nes__l1 calls=1021 margin 10.50->13.08 t=2.6s
[DONE] fit__9199__deblur__boundary_probe__nes__l1 calls=1021 margin 10.50->6.75 t=2.6s
[DONE] fit__9199__deblur__counterfactual__nes__l1 calls=1021 margin 10.50->7.20 t=2.5s
