[DONE] calibration__2993__denoise__attack__nes__l0.5 calls=1021 margin 0.76->-3.82 t=3.0s
[DONE] calibration__2993__denoise__restore__nes__l0.5 calls=1021 margin 0.76->0.89 t=3.0s
[DONE] calibration__2993__denoise__random_walk__random_walk__l0.5 calls=1024 margin 0.76->0.93 t=4.7s
[DONE] calibration__2993__denoise__confidence_boost__nes__l0.5 calls=1021 margin 0.76->5.70 t=3.1s
[DONE] calibration__2993__denoise__boundary_probe__nes__l0.5 calls=1021 margin 0.76->0.00 t=2.9s
[DONE] calibration__2993__denoise__counterfactual__nes__l0.5 calls=1021 margin 0.76->-3.78 t=2.9s
[DONE] calibration__2993__deblur__attack__nes__l1 calls=1021 margin 8.63->3.02 t=3.1s
[DONE] calibration__2993__deblur__restore__nes__l1 calls=1021 margin 8.63->8.65 t=3.1s
[DONE] calibration__2993__deblur__random_walk__random_walk__l1 calls=1024 margin 8.63->5.54 t=4.6s
[DONE] calibration__2993__deblur__confidence_boost__nes__l1 calls=1021 margin 8.63->11.00 t=2.6s
[DONE] calibration__2993__deblur__boundary_probe__nes__l1 calls=1021 margin 8.63->2.05 t=2.8s
[DONE] calibration__2993__deblur__counterfactual__nes__l1 calls=1021 margin 8.63->2.56 t=3.0s
[DONE] calibration__7689__denoise__attack__nes__l0.5 calls=1021 margin 4.03->-0.55 t=2.9s
[DONE] calibration__7689__denoise__restore__nes__l0.5 calls=1021 margin 4.03->4.02 t=2.8s
[DONE] calibration__7689__denoise__random_walk__random_walk__l0.5 calls=1024 margin 4.03->3.96 t=4.3s
[DONE] calibration__7689__denoise__confidence_boost__nes__l0.5 calls=1021 margin 4.03->7.27 t=2.9s
[DONE] calibration__7689__denoise__boundary_probe__nes__l0.5 calls=1021 margin 4.03->0.03 t=2.7s
[DONE] calibration__7689__denoise__counterfactual__nes__l0.5 calls=1021 margin 4.03->-0.42 t=2.7s
[DONE] calibration__7689__deblur__attack__nes__l1 calls=1021 margin 1.11->-4.08 t=2.9s
[DONE] calibration__7689__deblur__restore__nes__l1 calls=1021 margin 1.11->1.30 t=2.8s
[DONE] calibration__7689__deblur__random_walk__random_walk__l1 calls=1024 margin 1.11->1.69 t=4.4s
[DONE] calibration__7689__deblur__confidence_boost__nes__l1 calls=1021 margin 1.11->7.87 t=3.1s
[DONE] calibration__7689__deblur__boundary_probe__nes__l1 calls=1021 margin 1.11->0.02 t=3.0s
[DONE] calibration__7689__deblur__counterfactual__nes__l1 calls=1021 margin 1.11->-4.12 t=3.0s
[DONE] calibration__3745__denoise__attack__nes__l0.5 calls=1021 margin 6.87->1.48 t=2.9s
[DONE] calibration__3745__denoise__restore__nes__l0.5 calls=1021 margin 6.87->6.68 t=3.0s
[DONE] calibration__3745__denoise__random_walk__random_walk__l0.5 calls=1024 margin 6.87->5.91 t=4.3s
[DONE] calibration__3745__denoise__confidence_boost__nes__l0.5 calls=1021 margin 6.87->10.31 t=3.1s
[DONE] calibration__3745__denoise__boundary_probe__nes__l0.5 calls=1021 margin 6.87->1.19 t=3.1s
[DONE] calibration__3745__denoise__counterfactual__nes__l0.5 calls=1021 margin 6.87->1.73 t=2.8s
[DONE] calibration__3745__deblur__attack__nes__l1 calls=1021 margin 9.02->3.60 t=2.7s
[DONE] calibration__3745__deblur__restore__nes__l1 calls=1021 margin 9.02->9.23 t=3.1s
[DONE] calibration__3745__deblur__random_walk__random_walk__l1 calls=1024 margin 9.02->7.64 t=4.3s
[DONE] calibration__3745__deblur__confidence_boost__nes__l1 calls=1021 margin 9.02->11.19 t=3.1s
[DONE] calibration__3745__deblur__boundary_probe__nes__l1 calls=1021 margin 9.02->2.97 t=2.9s
[DONE] calibration__3745__deblur__counterfactual__nes__l1 calls=1021 margin 9.02->3.70 t=2.8s
[DONE] calibration__374__denoise__attack__nes__l0.5 calls=1021 margin 6.80->2.11 t=3.1s
[DONE] calibration__374__denoise__restore__nes__l0.5 calls=1021 margin 6.80->6.81 t=3.1s
[DONE] calibration__374__denoise__random_walk__random_walk__l0.5 calls=1024 margin 6.80->6.38 t=4.4s
[DONE] calibration__374__denoise__confidence_boost__nes__l0.5 calls=1021 margin 6.80->10.29 t=3.3s
[DONE] calibration__374__denoise__boundary_probe__nes__l0.5 calls=1021 margin 6.80->1.73 t=3.0s
[DONE] calibration__374__denoise__counterfactual__nes__l0.5 calls=1021 margin 6.80->1.87 t=3.0s
[DONE] calibration__374__deblur__attack__nes__l1 calls=1021 margin 8.13->4.14 t=2.9s
[DONE] calibration__374__deblur__restore__nes__l1 calls=1021 margin 8.13->8.31 t=3.3s
[DONE] calibration__374__deblur__random_walk__random_walk__l1 calls=1024 margin 8.13->7.85 t=4.4s
[DONE] calibration__374__deblur__confidence_boost__nes__l1 calls=1021 margin 8.13->11.28 t=3.4s
[DONE] calibration__374__deblur__boundary_probe__nes__l1 calls=1021 margin 8.13->3.68 t=3.0s
[DONE] calibration__374__deblur__counterfactual__nes__l1 calls=1021 margin 8.13->3.88 t=2.8s
[DONE] calibration__6335__denoise__attack__nes__l0.5 calls=1021 margin 7.14->0.10 t=2.9s
[DONE] calibration__6335__denoise__restore__nes__l0.5 calls=1021 margin 7.14->7.84 t=2.8s
[DONE] calibration__6335__denoise__random_walk__random_walk__l0.5 calls=1024 margin 7.14->7.99 t=4.4s
[DONE] calibration__6335__denoise__confidence_boost__nes__l0.5 calls=1021 margin 7.14->11.02 t=3.1s
[DONE] calibration__6335__denoise__boundary_probe__nes__l0.5 calls=1021 margin 7.14->0.00 t=3.0s
[DONE] calibration__6335__denoise__counterfactual__nes__l0.5 calls=1021 margin 7.14->-0.26 t=2.9s
[DONE] calibration__6335__deblur__attack__nes__l1 calls=1021 margin 11.22->3.30 t=2.8s
[DONE] calibration__6335__deblur__restore__nes__l1 calls=1021 margin 11.22->11.61 t=2.9s
[DONE] calibration__6335__deblur__random_walk__random_walk__l1 calls=1024 margin 11.22->12.37 t=4.3s
[DONE] calibration__6335__deblur__confidence_boost__nes__l1 calls=1021 margin 11.22->14.57 t=3.1s
[DONE] calibration__6335__deblur__boundary_probe__nes__l1 calls=1021 margin 11.22->3.09 t=3.0s
[DONE] calibration__6335__deblur__counterfactual__nes__l1 calls=1021 margin 11.22->3.18 t=3.0s
[DONE] calibration__3353__denoise__attack__nes__l0.5 calls=1021 margin 5.74->-3.74 t=2.9s
[DONE] calibration__3353__denoise__restore__nes__l0.5 calls=1021 margin 5.74->5.73 t=3.0s
[DONE] calibration__3353__denoise__random_walk__random_walk__l0.5 calls=1024 margin 5.74->5.57 t=4.3s
[DONE] calibration__3353__denoise__confidence_boost__nes__l0.5 calls=1021 margin 5.74->11.40 t=3.2s
[DONE] calibration__3353__denoise__boundary_probe__nes__l0.5 calls=1021 margin 5.74->0.04 t=3.1s
[DONE] calibration__3353__denoise__counterfactual__nes__l0.5 calls=1021 margin 5.74->-2.77 t=3.0s
[DONE] calibration__3353__deblur__attack__nes__l1 calls=1021 margin 8.99->3.14 t=2.8s
[DONE] calibration__3353__deblur__restore__nes__l1 calls=1021 margin 8.99->8.92 t=2.9s
[DONE] calibration__3353__deblur__random_walk__random_walk__l1 calls=1024 margin 8.99->10.81 t=4.4s
[DONE] calibration__3353__deblur__confidence_boost__nes__l1 calls=1021 margin 8.99->13.24 t=3.1s
[DONE] calibration__3353__deblur__boundary_probe__nes__l1 calls=1021 margin 8.99->4.17 t=3.1s
[DONE] calibration__3353__deblur__counterfactual__nes__l1 calls=1021 margin 8.99->3.81 t=2.9s
[DONE] calibration__8528__denoise__attack__nes__l0.5 calls=1021 margin 0.16->-10.33 t=2.8s
[DONE] calibration__8528__denoise__restore__nes__l0.5 calls=1021 margin 0.16->0.73 t=2.9s
[DONE] calibration__8528__denoise__random_walk__random_walk__l0.5 calls=1024 margin 0.16->-1.66 t=4.1s
[DONE] calibration__8528__denoise__confidence_boost__nes__l0.5 calls=1021 margin 0.16->9.07 t=3.4s
[DONE] calibration__8528__denoise__boundary_probe__nes__l0.5 calls=1021 margin 0.16->0.03 t=3.0s
[DONE] calibration__8528__denoise__counterfactual__nes__l0.5 calls=1021 margin 0.16->-7.89 t=3.0s
[DONE] calibration__8528__deblur__attack__nes__l1 calls=1021 margin 7.77->3.77 t=3.0s
[DONE] calibration__8528__deblur__restore__nes__l1 calls=1021 margin 7.77->7.52 t=2.8s
[DONE] calibration__8528__deblur__random_walk__random_walk__l1 calls=1024 margin 7.77->7.71 t=4.3s
[DONE] calibration__8528__deblur__confidence_boost__nes__l1 calls=1021 margin 7.77->10.43 t=3.4s
[DONE] calibration__8528__deblur__boundary_probe__nes__l1 calls=1021 margin 7.77->3.31 t=3.1s
[DONE] calibration__8528__deblur__counterfactual__nes__l1 calls=1021 margin 7.77->3.21 t=2.8s
[DONE] calibration__5813__denoise__attack__nes__l0.5 calls=1021 margin 7.63->3.20 t=2.9s
[DONE] calibration__5813__denoise__restore__nes__l0.5 calls=1021 margin 7.63->7.74 t=3.0s
[DONE] calibration__5813__denoise__random_walk__random_walk__l0.5 calls=1024 margin 7.63->7.36 t=4.4s
[DONE] calibration__5813__denoise__confidence_boost__nes__l0.5 calls=1021 margin 7.63->9.74 t=3.2s
[DONE] calibration__5813__denoise__boundary_probe__nes__l0.5 calls=1021 margin 7.63->3.53 t=3.2s
[DONE] calibration__5813__denoise__counterfactual__nes__l0.5 calls=1021 margin 7.63->3.00 t=3.0s
[DONE] calibration__5813__deblur__attack__nes__l1 calls=1021 margin 10.73->3.65 t=3.1s
[DONE] calibration__5813__deblur__restore__nes__l1 calls=1021 margin 10.73->11.03 t=3.0s
[DONE] calibration__5813__deblur__random_walk__random_walk__l1 calls=1024 margin 10.73->11.33 t=4.3s
[DONE] calibration__5813__deblur__confidence_boost__nes__l1 calls=1021 margin 10.73->13.77 t=3.5s
[DONE] calibration__5813__deblur__boundary_probe__nes__l1 calls=1021 margin 10.73->2.59 t=3.0s
[DONE] calibration__5813__deblur__counterfactual__nes__l1 calls=1021 margin 10.73->3.29 t=3.3s
[DONE] calibration__1041__denoise__attack__nes__l0.5 calls=1021 margin 1.60->-3.55 t=2.7s
[DONE] calibration__1041__denoise__restore__nes__l0.5 calls=1021 margin 1.60->1.44 t=2.7s
[DONE] calibration__1041__denoise__random_walk__random_walk__l0.5 calls=1024 margin 1.60->0.96 t=4.4s
[DONE] calibration__1041__denoise__confidence_boost__nes__l0.5 calls=1021 margin 1.60->5.67 t=2.9s
[DONE] calibration__1041__denoise__boundary_probe__nes__l0.5 calls=1021 margin 1.60->0.00 t=3.1s
[DONE] calibration__1041__denoise__counterfactual__nes__l0.5 calls=1021 margin 1.60->-3.21 t=3.0s
[DONE] calibration__1041__deblur__attack__nes__l1 calls=1021 margin 9.95->2.36 t=2.9s
[DONE] calibration__1041__deblur__restore__nes__l1 calls=1021 margin 9.95->9.86 t=3.0s
[DONE] calibration__1041__deblur__random_walk__random_walk__l1 calls=1024 margin 9.95->8.57 t=4.2s
[DONE] calibration__1041__deblur__confidence_boost__nes__l1 calls=1021 margin 9.95->13.55 t=3.2s
[DONE] calibration__1041__deblur__boundary_probe__nes__l1 calls=1021 margin 9.95->4.04 t=3.0s
[DONE] calibration__1041__deblur__counterfactual__nes__l1 calls=1021 margin 9.95->3.15 t=3.0s
[DONE] calibration__5947__denoise__attack__nes__l0.5 calls=1021 margin 4.74->-2.14 t=3.0s
[DONE] calibration__5947__denoise__restore__nes__l0.5 calls=1021 margin 4.74->4.89 t=2.9s
[DONE] calibration__5947__denoise__random_walk__random_walk__l0.5 calls=1024 margin 4.74->5.02 t=4.0s
[DONE] calibration__5947__denoise__confidence_boost__nes__l0.5 calls=1021 margin 4.74->8.93 t=3.3s
[DONE] calibration__5947__denoise__boundary_probe__nes__l0.5 calls=1021 margin 4.74->0.02 t=3.2s
[DONE] calibration__5947__denoise__counterfactual__nes__l0.5 calls=1021 margin 4.74->-1.88 t=2.8s
[DONE] calibration__5947__deblur__attack__nes__l1 calls=1021 margin 6.53->1.59 t=2.9s
[DONE] calibration__5947__deblur__restore__nes__l1 calls=1021 margin 6.53->7.69 t=2.8s
[DONE] calibration__5947__deblur__random_walk__random_walk__l1 calls=1024 margin 6.53->7.82 t=4.1s
[DONE] calibration__5947__deblur__confidence_boost__nes__l1 calls=1021 margin 6.53->11.11 t=3.0s
[DONE] calibration__5947__deblur__boundary_probe__nes__l1 calls=1021 margin 6.53->1.79 t=3.1s
[DONE] calibration__5947__deblur__counterfactual__nes__l1 calls=1021 margin 6.53->1.71 t=2.8s
[DONE] calibration__1978__denoise__attack__nes__l0.5 calls=1021 margin 10.67->5.34 t=2.8s
[DONE] calibration__1978__denoise__restore__nes__l0.5 calls=1021 margin 10.67->10.39 t=3.0s
[DONE] calibration__1978__denoise__random_walk__random_walk__l0.5 calls=1024 margin 10.67->10.91 t=3.9s
[DONE] calibration__1978__denoise__confidence_boost__nes__l0.5 calls=1021 margin 10.67->13.42 t=2.7s
[DONE] calibration__1978__denoise__boundary_probe__nes__l0.5 calls=1021 margin 10.67->4.88 t=3.3s
[DONE] calibration__1978__denoise__counterfactual__nes__l0.5 calls=1021 margin 10.67->4.82 t=2.9s
[DONE] calibration__1978__deblur__attack__nes__l1 calls=1021 margin 8.45->-1.72 t=2.8s
[DONE] calibration__1978__deblur__restore__nes__l1 calls=1021 margin 8.45->8.48 t=2.7s
[DONE] calibration__1978__deblur__random_walk__random_walk__l1 calls=1024 margin 8.45->11.87 t=4.1s
[DONE] calibration__1978__deblur__confidence_boost__nes__l1 calls=1021 margin 8.45->14.49 t=2.9s
[DONE] calibration__1978__deblur__boundary_probe__nes__l1 calls=1021 margin 8.45->0.04 t=3.1s
[DONE] calibration__1978__deblur__counterfactual__nes__l1 calls=1021 margin 8.45->-3.00 t=3.1s
[DONE] calibration__9076__denoise__attack__nes__l0.5 calls=1021 margin 11.24->5.37 t=3.0s
[DONE] calibration__9076__denoise__restore__nes__l0.5 calls=1021 margin 11.24->11.38 t=2.9s
[DONE] calibration__9076__denoise__random_walk__random_walk__l0.5 calls=1024 margin 11.24->11.12 t=3.9s
[DONE] calibration__9076__denoise__confidence_boost__nes__l0.5 calls=1021 margin 11.24->13.83 t=2.6s
[DONE] calibration__9076__denoise__boundary_probe__nes__l0.5 calls=1021 margin 11.24->5.05 t=3.1s
[DONE] calibration__9076__denoise__counterfactual__nes__l0.5 calls=1021 margin 11.24->5.64 t=3.2s
[DONE] calibration__9076__deblur__attack__nes__l1 calls=1021 margin 6.99->-3.84 t=2.9s
[DONE] calibration__9076__deblur__restore__nes__l1 calls=1021 margin 6.99->8.61 t=3.0s
[DONE] calibration__9076__deblur__random_walk__random_walk__l1 calls=1024 margin 6.99->9.57 t=4.0s
[DONE] calibration__9076__deblur__confidence_boost__nes__l1 calls=1021 margin 6.99->14.63 t=2.9s
[DONE] calibration__9076__deblur__boundary_probe__nes__l1 calls=1021 margin 6.99->0.02 t=3.0s
[DONE] calibration__9076__deblur__counterfactual__nes__l1 calls=1021 margin 6.99->-3.41 t=3.0s
[DONE] calibration__3131__denoise__attack__nes__l0.5 calls=1021 margin 0.78->-3.21 t=3.0s
[DONE] calibration__3131__denoise__restore__nes__l0.5 calls=1021 margin 0.78->0.74 t=2.7s
[DONE] calibration__3131__denoise__random_walk__random_walk__l0.5 calls=1024 margin 0.78->0.59 t=4.0s
[DONE] calibration__3131__denoise__confidence_boost__nes__l0.5 calls=1021 margin 0.78->4.14 t=2.9s
[DONE] calibration__3131__denoise__boundary_probe__nes__l0.5 calls=1021 margin 0.78->0.00 t=3.1s
[DONE] calibration__3131__denoise__counterfactual__nes__l0.5 calls=1021 margin 0.78->-3.17 t=3.1s
[DONE] calibration__3131__deblur__attack__nes__l1 calls=1021 margin 2.03->-5.38 t=3.0s
[DONE] calibration__3131__deblur__restore__nes__l1 calls=1021 margin 2.03->1.61 t=2.8s
[DONE] calibration__3131__deblur__random_walk__random_walk__l1 calls=1024 margin 2.03->-0.22 t=4.0s
[DONE] calibration__3131__deblur__confidence_boost__nes__l1 calls=1021 margin 2.03->5.92 t=2.8s
[DONE] calibration__3131__deblur__boundary_probe__nes__l1 calls=1021 margin 2.03->0.02 t=2.9s
[DONE] calibration__3131__deblur__counterfactual__nes__l1 calls=1021 margin 2.03->-5.17 t=3.1s
[DONE] calibration__469__denoise__attack__nes__l0.5 calls=1021 margin 5.94->-0.39 t=3.0s
[DONE] calibration__469__denoise__restore__nes__l0.5 calls=1021 margin 5.94->5.62 t=2.8s
[DONE] calibration__469__denoise__random_walk__random_walk__l0.5 calls=1024 margin 5.94->5.04 t=4.0s
[DONE] calibration__469__denoise__confidence_boost__nes__l0.5 calls=1021 margin 5.94->10.20 t=2.8s
[DONE] calibration__469__denoise__boundary_probe__nes__l0.5 calls=1021 margin 5.94->0.01 t=2.8s
[DONE] calibration__469__denoise__counterfactual__nes__l0.5 calls=1021 margin 5.94->-0.78 t=3.1s
[DONE] calibration__469__deblur__attack__nes__l1 calls=1021 margin 9.25->3.53 t=3.2s
[DONE] calibration__469__deblur__restore__nes__l1 calls=1021 margin 9.25->10.44 t=3.0s
[DONE] calibration__469__deblur__random_walk__random_walk__l1 calls=1024 margin 9.25->10.78 t=4.2s
[DONE] calibration__469__deblur__confidence_boost__nes__l1 calls=1021 margin 9.25->14.34 t=2.9s
[DONE] calibration__469__deblur__boundary_probe__nes__l1 calls=1021 margin 9.25->2.16 t=3.0s
[DONE] calibration__469__deblur__counterfactual__nes__l1 calls=1021 margin 9.25->2.77 t=3.2s
[DONE] calibration__7144__denoise__attack__nes__l0.5 calls=1021 margin 1.70->-5.84 t=3.1s
[DONE] calibration__7144__denoise__restore__nes__l0.5 calls=1021 margin 1.70->1.51 t=3.0s
[DONE] calibration__7144__denoise__random_walk__random_walk__l0.5 calls=1024 margin 1.70->1.46 t=4.0s
[DONE] calibration__7144__denoise__confidence_boost__nes__l0.5 calls=1021 margin 1.70->8.03 t=2.8s
[DONE] calibration__7144__denoise__boundary_probe__nes__l0.5 calls=1021 margin 1.70->0.01 t=2.8s
[DONE] calibration__7144__denoise__counterfactual__nes__l0.5 calls=1021 margin 1.70->-5.49 t=2.9s
[DONE] calibration__7144__deblur__attack__nes__l1 calls=1021 margin 9.86->2.21 t=2.9s
[DONE] calibration__7144__deblur__restore__nes__l1 calls=1021 margin 9.86->9.29 t=3.1s
[DONE] calibration__7144__deblur__random_walk__random_walk__l1 calls=1024 margin 9.86->7.47 t=3.9s
[DONE] calibration__7144__deblur__confidence_boost__nes__l1 calls=1021 margin 9.86->13.81 t=2.9s
[DONE] calibration__7144__deblur__boundary_probe__nes__l1 calls=1021 margin 9.86->2.29 t=3.1s
[DONE] calibration__7144__deblur__counterfactual__nes__l1 calls=1021 margin 9.86->2.31 t=3.2s
[DONE] calibration__1136__denoise__attack__nes__l0.5 calls=1021 margin 1.01->-4.15 t=3.2s
[DONE] calibration__1136__denoise__restore__nes__l0.5 calls=1021 margin 1.01->0.88 t=3.1s
[DONE] calibration__1136__denoise__random_walk__random_walk__l0.5 calls=1024 margin 1.01->0.74 t=3.7s
[DONE] calibration__1136__denoise__confidence_boost__nes__l0.5 calls=1021 margin 1.01->6.07 t=2.9s
[DONE] calibration__1136__denoise__boundary_probe__nes__l0.5 calls=1021 margin 1.01->0.02 t=3.0s
[DONE] calibration__1136__denoise__counterfactual__nes__l0.5 calls=1021 margin 1.01->-5.16 t=2.9s
[DONE] calibration__1136__deblur__attack__nes__l1 calls=1021 margin 7.72->-3.70 t=2.9s
[DONE] calibration__1136__deblur__restore__nes__l1 calls=1021 margin 7.72->9.57 t=3.2s
[DONE] calibration__1136__deblur__random_walk__random_walk__l1 calls=1024 margin 7.72->7.43 t=4.1s
[DONE] calibration__1136__deblur__confidence_boost__nes__l1 calls=1021 margin 7.72->13.69 t=3.0s
[DONE] calibration__1136__deblur__boundary_probe__nes__l1 calls=1021 margin 7.72->0.03 t=2.8s
[DONE] calibration__1136__deblur__counterfactual__nes__l1 calls=1021 margin 7.72->-3.98 t=2.8s
[DONE] calibration__8272__denoise__attack__nes__l0.5 calls=1021 margin 6.50->1.47 t=3.0s
[DONE] calibration__8272__denoise__restore__nes__l0.5 calls=1021 margin 6.50->7.11 t=3.2s
[DONE] calibration__8272__denoise__random_walk__random_walk__l0.5 calls=1024 margin 6.50->6.05 t=4.2s
[DONE] calibration__8272__denoise__confidence_boost__nes__l0.5 calls=1021 margin 6.50->10.40 t=2.7s
[DONE] calibration__8272__denoise__boundary_probe__nes__l0.5 calls=1021 margin 6.50->0.42 t=2.9s
[DONE] calibration__8272__denoise__counterfactual__nes__l0.5 calls=1021 margin 6.50->0.47 t=3.0s
[DONE] calibration__8272__deblur__attack__nes__l1 calls=1021 margin 6.53->-2.46 t=3.1s
[DONE] calibration__8272__deblur__restore__nes__l1 calls=1021 margin 6.53->6.44 t=3.6s
[DONE] calibration__8272__deblur__random_walk__random_walk__l1 calls=1024 margin 6.53->7.25 t=4.2s
[DONE] calibration__8272__deblur__confidence_boost__nes__l1 calls=1021 margin 6.53->12.18 t=3.2s
[DONE] calibration__8272__deblur__boundary_probe__nes__l1 calls=1021 margin 6.53->0.02 t=3.2s
[DONE] calibration__8272__deblur__counterfactual__nes__l1 calls=1021 margin 6.53->-1.83 t=3.4s
[DONE] evaluation__2680__denoise__attack__nes__l0.5 calls=1021 margin 2.69->-0.42 t=2.8s
[DONE] evaluation__2680__denoise__restore__nes__l0.5 calls=1021 margin 2.69->2.93 t=3.1s
[DONE] evaluation__2680__denoise__random_walk__random_walk__l0.5 calls=1024 margin 2.69->2.76 t=4.6s
[DONE] evaluation__2680__denoise__confidence_boost__nes__l0.5 calls=1021 margin 2.69->6.51 t=3.1s
[DONE] evaluation__2680__denoise__boundary_probe__nes__l0.5 calls=1021 margin 2.69->0.01 t=2.8s
[DONE] evaluation__2680__denoise__counterfactual__nes__l0.5 calls=1021 margin 2.69->-0.47 t=3.0s
[DONE] evaluation__2680__deblur__attack__nes__l1 calls=1021 margin 9.77->3.77 t=3.0s
[DONE] evaluation__2680__deblur__restore__nes__l1 calls=1021 margin 9.77->9.22 t=3.1s
[DONE] evaluation__2680__deblur__random_walk__random_walk__l1 calls=1024 margin 9.77->7.51 t=4.2s
[DONE] evaluation__2680__deblur__confidence_boost__nes__l1 calls=1021 margin 9.77->13.09 t=3.0s
[DONE] evaluation__2680__deblur__boundary_probe__nes__l1 calls=1021 margin 9.77->3.70 t=2.9s
[DONE] evaluation__2680__deblur__counterfactual__nes__l1 calls=1021 margin 9.77->3.33 t=2.9s
[DONE] evaluation__4922__denoise__attack__nes__l0.5 calls=1021 margin 0.29->-8.18 t=2.9s
[DONE] evaluation__4922__denoise__restore__nes__l0.5 calls=1021 margin 0.29->0.81 t=3.2s
[DONE] evaluation__4922__denoise__random_walk__random_walk__l0.5 calls=1024 margin 0.29->1.12 t=4.4s
[DONE] evaluation__4922__denoise__confidence_boost__nes__l0.5 calls=1021 margin 0.29->6.16 t=2.8s
[DONE] evaluation__4922__denoise__boundary_probe__nes__l0.5 calls=1021 margin 0.29->0.03 t=3.1s
[DONE] evaluation__4922__denoise__counterfactual__nes__l0.5 calls=1021 margin 0.29->-7.44 t=2.9s
[DONE] evaluation__4922__deblur__attack__nes__l1 calls=1021 margin 4.12->-5.11 t=2.8s
[DONE] evaluation__4922__deblur__restore__nes__l1 calls=1021 margin 4.12->3.77 t=3.2s
[DONE] evaluation__4922__deblur__random_walk__random_walk__l1 calls=1024 margin 4.12->0.70 t=4.3s
[DONE] evaluation__4922__deblur__confidence_boost__nes__l1 calls=1021 margin 4.12->7.59 t=2.7s
[DONE] evaluation__4922__deblur__boundary_probe__nes__l1 calls=1021 margin 4.12->0.00 t=2.8s
[DONE] evaluation__4922__deblur__counterfactual__nes__l1 calls=1021 margin 4.12->-2.15 t=2.8s
[DONE] evaluation__8026__denoise__attack__nes__l0.5 calls=1021 margin 2.97->-4.17 t=3.0s
[DONE] evaluation__8026__denoise__restore__nes__l0.5 calls=1021 margin 2.97->3.04 t=3.0s
[DONE] evaluation__8026__denoise__random_walk__random_walk__l0.5 calls=1024 margin 2.97->2.63 t=4.3s
[DONE] evaluation__8026__denoise__confidence_boost__nes__l0.5 calls=1021 margin 2.97->9.03 t=2.8s
[DONE] evaluation__8026__denoise__boundary_probe__nes__l0.5 calls=1021 margin 2.97->0.02 t=2.8s
[DONE] evaluation__8026__denoise__counterfactual__nes__l0.5 calls=1021 margin 2.97->-2.96 t=3.0s
[DONE] evaluation__8026__deblur__attack__nes__l1 calls=1021 margin 11.60->0.56 t=2.9s
[DONE] evaluation__8026__deblur__restore__nes__l1 calls=1021 margin 11.60->11.62 t=3.1s
[DONE] evaluation__8026__deblur__random_walk__random_walk__l1 calls=1024 margin 11.60->7.42 t=4.2s
[DONE] evaluation__8026__deblur__confidence_boost__nes__l1 calls=1021 margin 11.60->13.93 t=3.1s
[DONE] evaluation__8026__deblur__boundary_probe__nes__l1 calls=1021 margin 11.60->0.78 t=3.0s
[DONE] evaluation__8026__deblur__counterfactual__nes__l1 calls=1021 margin 11.60->2.78 t=3.2s
[DONE] evaluation__1923__denoise__attack__nes__l0.5 calls=1021 margin 2.33->-4.38 t=3.1s
[DONE] evaluation__1923__denoise__restore__nes__l0.5 calls=1021 margin 2.33->2.67 t=3.0s
[DONE] evaluation__1923__denoise__random_walk__random_walk__l0.5 calls=1024 margin 2.33->2.34 t=4.2s
[DONE] evaluation__1923__denoise__confidence_boost__nes__l0.5 calls=1021 margin 2.33->6.82 t=2.9s
[DONE] evaluation__1923__denoise__boundary_probe__nes__l0.5 calls=1021 margin 2.33->0.01 t=3.1s
[DONE] evaluation__1923__denoise__counterfactual__nes__l0.5 calls=1021 margin 2.33->-4.04 t=2.9s
[DONE] evaluation__1923__deblur__attack__nes__l1 calls=1021 margin 8.93->3.33 t=2.9s
[DONE] evaluation__1923__deblur__restore__nes__l1 calls=1021 margin 8.93->8.53 t=2.8s
[DONE] evaluation__1923__deblur__random_walk__random_walk__l1 calls=1024 margin 8.93->7.06 t=4.2s
[DONE] evaluation__1923__deblur__confidence_boost__nes__l1 calls=1021 margin 8.93->10.88 t=3.0s
[DONE] evaluation__1923__deblur__boundary_probe__nes__l1 calls=1021 margin 8.93->4.83 t=3.2s
[DONE] evaluation__1923__deblur__counterfactual__nes__l1 calls=1021 margin 8.93->3.87 t=2.9s
[DONE] evaluation__3764__denoise__attack__nes__l0.5 calls=1021 margin 4.48->-1.98 t=2.8s
[DONE] evaluation__3764__denoise__restore__nes__l0.5 calls=1021 margin 4.48->4.26 t=3.0s
[DONE] evaluation__3764__denoise__random_walk__random_walk__l0.5 calls=1024 margin 4.48->3.61 t=4.1s
[DONE] evaluation__3764__denoise__confidence_boost__nes__l0.5 calls=1021 margin 4.48->9.69 t=3.1s
[DONE] evaluation__3764__denoise__boundary_probe__nes__l0.5 calls=1021 margin 4.48->0.00 t=3.0s
[DONE] evaluation__3764__denoise__counterfactual__nes__l0.5 calls=1021 margin 4.48->-2.24 t=2.7s
[DONE] evaluation__3764__deblur__attack__nes__l1 calls=1021 margin 10.83->7.77 t=2.8s
[DONE] evaluation__3764__deblur__restore__nes__l1 calls=1021 margin 10.83->10.88 t=3.0s
[DONE] evaluation__3764__deblur__random_walk__random_walk__l1 calls=1024 margin 10.83->10.31 t=4.3s
[DONE] evaluation__3764__deblur__confidence_boost__nes__l1 calls=1021 margin 10.83->12.20 t=2.9s
[DONE] evaluation__3764__deblur__boundary_probe__nes__l1 calls=1021 margin 10.83->7.70 t=3.1s
[DONE] evaluation__3764__deblur__counterfactual__nes__l1 calls=1021 margin 10.83->8.48 t=2.8s
[DONE] evaluation__7535__denoise__attack__nes__l0.5 calls=1021 margin 1.33->-5.00 t=2.9s
[DONE] evaluation__7535__denoise__restore__nes__l0.5 calls=1021 margin 1.33->1.61 t=3.0s
[DONE] evaluation__7535__denoise__random_walk__random_walk__l0.5 calls=1024 margin 1.33->0.34 t=4.4s
[DONE] evaluation__7535__denoise__confidence_boost__nes__l0.5 calls=1021 margin 1.33->6.02 t=3.3s
[DONE] evaluation__7535__denoise__boundary_probe__nes__l0.5 calls=1021 margin 1.33->0.01 t=3.3s
[DONE] evaluation__7535__denoise__counterfactual__nes__l0.5 calls=1021 margin 1.33->-4.34 t=3.2s
[DONE] evaluation__7535__deblur__attack__nes__l1 calls=1021 margin 10.23->4.11 t=2.9s
[DONE] evaluation__7535__deblur__restore__nes__l1 calls=1021 margin 10.23->9.76 t=3.2s
[DONE] evaluation__7535__deblur__random_walk__random_walk__l1 calls=1024 margin 10.23->8.31 t=4.2s
[DONE] evaluation__7535__deblur__confidence_boost__nes__l1 calls=1021 margin 10.23->11.79 t=2.9s
[DONE] evaluation__7535__deblur__boundary_probe__nes__l1 calls=1021 margin 10.23->5.91 t=3.1s
[DONE] evaluation__7535__deblur__counterfactual__nes__l1 calls=1021 margin 10.23->5.26 t=3.0s
[DONE] evaluation__129__denoise__attack__nes__l0.5 calls=1021 margin 2.75->-1.18 t=3.0s
[DONE] evaluation__129__denoise__restore__nes__l0.5 calls=1021 margin 2.75->2.76 t=3.1s
[DONE] evaluation__129__denoise__random_walk__random_walk__l0.5 calls=1024 margin 2.75->2.20 t=4.1s
[DONE] evaluation__129__denoise__confidence_boost__nes__l0.5 calls=1021 margin 2.75->7.56 t=3.2s
[DONE] evaluation__129__denoise__boundary_probe__nes__l0.5 calls=1021 margin 2.75->0.01 t=3.3s
[DONE] evaluation__129__denoise__counterfactual__nes__l0.5 calls=1021 margin 2.75->-1.70 t=3.0s
[DONE] evaluation__129__deblur__attack__nes__l1 calls=1021 margin 5.75->-3.06 t=2.7s
[DONE] evaluation__129__deblur__restore__nes__l1 calls=1021 margin 5.75->5.67 t=3.1s
[DONE] evaluation__129__deblur__random_walk__random_walk__l1 calls=1024 margin 5.75->4.56 t=4.1s
[DONE] evaluation__129__deblur__confidence_boost__nes__l1 calls=1021 margin 5.75->10.07 t=2.8s
[DONE] evaluation__129__deblur__boundary_probe__nes__l1 calls=1021 margin 5.75->0.01 t=2.8s
[DONE] evaluation__129__deblur__counterfactual__nes__l1 calls=1021 margin 5.75->-2.54 t=3.1s
[DONE] evaluation__3681__denoise__attack__nes__l0.5 calls=1021 margin 6.09->-2.42 t=2.9s
[DONE] evaluation__3681__denoise__restore__nes__l0.5 calls=1021 margin 6.09->5.84 t=3.0s
[DONE] evaluation__3681__denoise__random_walk__random_walk__l0.5 calls=1024 margin 6.09->6.27 t=4.2s
[DONE] evaluation__3681__denoise__confidence_boost__nes__l0.5 calls=1021 margin 6.09->11.79 t=2.9s
[DONE] evaluation__3681__denoise__boundary_probe__nes__l0.5 calls=1021 margin 6.09->0.03 t=3.0s
[DONE] evaluation__3681__denoise__counterfactual__nes__l0.5 calls=1021 margin 6.09->-1.88 t=2.9s
[DONE] evaluation__3681__deblur__attack__nes__l1 calls=1021 margin 4.68->-6.14 t=2.9s
[DONE] evaluation__3681__deblur__restore__nes__l1 calls=1021 margin 4.68->4.96 t=2.9s
[DONE] evaluation__3681__deblur__random_walk__random_walk__l1 calls=1024 margin 4.68->5.39 t=4.2s
[DONE] evaluation__3681__deblur__confidence_boost__nes__l1 calls=1021 margin 4.68->10.58 t=2.9s
[DONE] evaluation__3681__deblur__boundary_probe__nes__l1 calls=1021 margin 4.68->0.11 t=3.1s
[DONE] evaluation__3681__deblur__counterfactual__nes__l1 calls=1021 margin 4.68->-6.70 t=3.0s
[DONE] evaluation__5331__denoise__attack__nes__l0.5 calls=1021 margin 9.68->2.46 t=2.9s
[DONE] evaluation__5331__denoise__restore__nes__l0.5 calls=1021 margin 9.68->9.50 t=3.1s
[DONE] evaluation__5331__denoise__random_walk__random_walk__l0.5 calls=1024 margin 9.68->9.46 t=4.3s
[DONE] evaluation__5331__denoise__confidence_boost__nes__l0.5 calls=1021 margin 9.68->13.62 t=3.1s
[DONE] evaluation__5331__denoise__boundary_probe__nes__l0.5 calls=1021 margin 9.68->2.88 t=3.2s
[DONE] evaluation__5331__denoise__counterfactual__nes__l0.5 calls=1021 margin 9.68->2.70 t=3.0s
[DONE] evaluation__5331__deblur__attack__nes__l1 calls=1021 margin 11.58->0.11 t=2.8s
[DONE] evaluation__5331__deblur__restore__nes__l1 calls=1021 margin 11.58->11.43 t=3.0s
[DONE] evaluation__5331__deblur__random_walk__random_walk__l1 calls=1024 margin 11.58->9.55 t=4.3s
[DONE] evaluation__5331__deblur__confidence_boost__nes__l1 calls=1021 margin 11.58->14.17 t=2.8s
[DONE] evaluation__5331__deblur__boundary_probe__nes__l1 calls=1021 margin 11.58->0.10 t=3.0s
[DONE] evaluation__5331__deblur__counterfactual__nes__l1 calls=1021 margin 11.58->3.14 t=3.3s
[DONE] evaluation__8412__denoise__attack__nes__l0.5 calls=1021 margin 2.63->-3.50 t=3.0s
[DONE] evaluation__8412__denoise__restore__nes__l0.5 calls=1021 margin 2.63->2.16 t=2.9s
[DONE] evaluation__8412__denoise__random_walk__random_walk__l0.5 calls=1024 margin 2.63->2.02 t=4.3s
[DONE] evaluation__8412__denoise__confidence_boost__nes__l0.5 calls=1021 margin 2.63->7.97 t=3.0s
[DONE] evaluation__8412__denoise__boundary_probe__nes__l0.5 calls=1021 margin 2.63->0.01 t=3.0s
[DONE] evaluation__8412__denoise__counterfactual__nes__l0.5 calls=1021 margin 2.63->-4.18 t=3.1s
[DONE] evaluation__8412__deblur__attack__nes__l1 calls=1021 margin 2.36->-6.29 t=2.9s
[DONE] evaluation__8412__deblur__restore__nes__l1 calls=1021 margin 2.36->2.43 t=2.8s
[DONE] evaluation__8412__deblur__random_walk__random_walk__l1 calls=1024 margin 2.36->0.56 t=4.2s
[DONE] evaluation__8412__deblur__confidence_boost__nes__l1 calls=1021 margin 2.36->7.56 t=2.9s
[DONE] evaluation__8412__deblur__boundary_probe__nes__l1 calls=1021 margin 2.36->0.02 t=3.1s
[DONE] evaluation__8412__deblur__counterfactual__nes__l1 calls=1021 margin 2.36->-5.59 t=3.1s
[DONE] evaluation__986__denoise__attack__nes__l0.5 calls=1021 margin 1.67->-2.03 t=3.0s
[DONE] evaluation__986__denoise__restore__nes__l0.5 calls=1021 margin 1.67->2.24 t=2.8s
[DONE] evaluation__986__denoise__random_walk__random_walk__l0.5 calls=1024 margin 1.67->0.61 t=4.4s
[DONE] evaluation__986__denoise__confidence_boost__nes__l0.5 calls=1021 margin 1.67->5.56 t=3.0s
[DONE] evaluation__986__denoise__boundary_probe__nes__l0.5 calls=1021 margin 1.67->0.01 t=3.1s
[DONE] evaluation__986__denoise__counterfactual__nes__l0.5 calls=1021 margin 1.67->-2.41 t=3.1s
[DONE] evaluation__986__deblur__attack__nes__l1 calls=1021 margin 8.94->2.19 t=3.0s
[DONE] evaluation__986__deblur__restore__nes__l1 calls=1021 margin 8.94->9.25 t=2.9s
[DONE] evaluation__986__deblur__random_walk__random_walk__l1 calls=1024 margin 8.94->8.88 t=4.4s
[DONE] evaluation__986__deblur__confidence_boost__nes__l1 calls=1021 margin 8.94->13.28 t=3.0s
[DONE] evaluation__986__deblur__boundary_probe__nes__l1 calls=1021 margin 8.94->1.89 t=2.7s
[DONE] evaluation__986__deblur__counterfactual__nes__l1 calls=1021 margin 8.94->2.18 t=3.0s
[DONE] evaluation__3633__denoise__attack__nes__l0.5 calls=1021 margin 3.29->-3.48 t=3.0s
[DONE] evaluation__3633__denoise__restore__nes__l0.5 calls=1021 margin 3.29->3.38 t=2.8s
[DONE] evaluation__3633__denoise__random_walk__random_walk__l0.5 calls=1024 margin 3.29->2.29 t=4.3s
[DONE] evaluation__3633__denoise__confidence_boost__nes__l0.5 calls=1021 margin 3.29->8.37 t=2.9s
[DONE] evaluation__3633__denoise__boundary_probe__nes__l0.5 calls=1021 margin 3.29->0.03 t=2.9s
[DONE] evaluation__3633__denoise__counterfactual__nes__l0.5 calls=1021 margin 3.29->-3.17 t=3.0s
[DONE] evaluation__3633__deblur__attack__nes__l1 calls=1021 margin 9.19->5.03 t=3.1s
[DONE] evaluation__3633__deblur__restore__nes__l1 calls=1021 margin 9.19->8.44 t=3.0s
[DONE] evaluation__3633__deblur__random_walk__random_walk__l1 calls=1024 margin 9.19->7.24 t=4.3s
[DONE] evaluation__3633__deblur__confidence_boost__nes__l1 calls=1021 margin 9.19->11.91 t=2.8s
[DONE] evaluation__3633__deblur__boundary_probe__nes__l1 calls=1021 margin 9.19->4.79 t=3.1s
[DONE] evaluation__3633__deblur__counterfactual__nes__l1 calls=1021 margin 9.19->4.80 t=3.1s
[DONE] evaluation__5943__denoise__attack__nes__l0.5 calls=1021 margin 1.27->-3.96 t=3.1s
[DONE] evaluation__5943__denoise__restore__nes__l0.5 calls=1021 margin 1.27->1.26 t=2.9s
[DONE] evaluation__5943__denoise__random_walk__random_walk__l0.5 calls=1024 margin 1.27->1.66 t=4.3s
[DONE] evaluation__5943__denoise__confidence_boost__nes__l0.5 calls=1021 margin 1.27->5.34 t=2.8s
[DONE] evaluation__5943__denoise__boundary_probe__nes__l0.5 calls=1021 margin 1.27->0.00 t=2.9s
[DONE] evaluation__5943__denoise__counterfactual__nes__l0.5 calls=1021 margin 1.27->-4.12 t=3.2s
[DONE] evaluation__5943__deblur__attack__nes__l1 calls=1021 margin 3.09->-4.88 t=3.3s
[DONE] evaluation__5943__deblur__restore__nes__l1 calls=1021 margin 3.09->3.04 t=3.2s
[DONE] evaluation__5943__deblur__random_walk__random_walk__l1 calls=1024 margin 3.09->2.34 t=4.3s
[DONE] evaluation__5943__deblur__confidence_boost__nes__l1 calls=1021 margin 3.09->7.12 t=3.1s
[DONE] evaluation__5943__deblur__boundary_probe__nes__l1 calls=1021 margin 3.09->0.01 t=3.2s
[DONE] evaluation__5943__deblur__counterfactual__nes__l1 calls=1021 margin 3.09->-2.67 t=3.2s
[DONE] evaluation__1194__denoise__attack__nes__l0.5 calls=1021 margin 1.69->-5.04 t=3.2s
[DONE] evaluation__1194__denoise__restore__nes__l0.5 calls=1021 margin 1.69->2.30 t=3.2s
[DONE] evaluation__1194__denoise__random_walk__random_walk__l0.5 calls=1024 margin 1.69->-0.06 t=4.3s
[DONE] evaluation__1194__denoise__confidence_boost__nes__l0.5 calls=1021 margin 1.69->9.14 t=3.1s
[DONE] evaluation__1194__denoise__boundary_probe__nes__l0.5 calls=1021 margin 1.69->0.03 t=2.9s
[DONE] evaluation__1194__denoise__counterfactual__nes__l0.5 calls=1021 margin 1.69->-4.94 t=3.1s
[DONE] evaluation__1194__deblur__attack__nes__l1 calls=1021 margin 12.39->7.07 t=3.1s
[DONE] evaluation__1194__deblur__restore__nes__l1 calls=1021 margin 12.39->12.91 t=3.1s
[DONE] evaluation__1194__deblur__random_walk__random_walk__l1 calls=1024 margin 12.39->12.66 t=4.3s
[DONE] evaluation__1194__deblur__confidence_boost__nes__l1 calls=1021 margin 12.39->14.32 t=3.0s
[DONE] evaluation__1194__deblur__boundary_probe__nes__l1 calls=1021 margin 12.39->7.11 t=3.2s
[DONE] evaluation__1194__deblur__counterfactual__nes__l1 calls=1021 margin 12.39->7.47 t=3.1s
[DONE] evaluation__3216__denoise__attack__nes__l0.5 calls=1021 margin 0.19->-4.40 t=3.0s
[DONE] evaluation__3216__denoise__restore__nes__l0.5 calls=1021 margin 0.19->0.16 t=2.9s
[DONE] evaluation__3216__denoise__random_walk__random_walk__l0.5 calls=1024 margin 0.19->-0.48 t=4.2s
[DONE] evaluation__3216__denoise__confidence_boost__nes__l0.5 calls=1021 margin 0.19->4.76 t=3.0s
[DONE] evaluation__3216__denoise__boundary_probe__nes__l0.5 calls=1021 margin 0.19->0.01 t=3.1s
[DONE] evaluation__3216__denoise__counterfactual__nes__l0.5 calls=1021 margin 0.19->-4.70 t=2.9s
[DONE] evaluation__3216__deblur__attack__nes__l1 calls=1021 margin 4.57->-3.10 t=3.1s
[DONE] evaluation__3216__deblur__restore__nes__l1 calls=1021 margin 4.57->4.94 t=2.9s
[DONE] evaluation__3216__deblur__random_walk__random_walk__l1 calls=1024 margin 4.57->3.63 t=4.2s
[DONE] evaluation__3216__deblur__confidence_boost__nes__l1 calls=1021 margin 4.57->11.08 t=2.9s
[DONE] evaluation__3216__deblur__boundary_probe__nes__l1 calls=1021 margin 4.57->0.00 t=3.1s
[DONE] evaluation__3216__deblur__counterfactual__nes__l1 calls=1021 margin 4.57->-4.84 t=3.0s
[DONE] evaluation__6327__denoise__attack__nes__l0.5 calls=1021 margin 7.92->2.29 t=3.0s
[DONE] evaluation__6327__denoise__restore__nes__l0.5 calls=1021 margin 7.92->7.79 t=3.2s
[DONE] evaluation__6327__denoise__random_walk__random_walk__l0.5 calls=1024 margin 7.92->7.37 t=4.4s
[DONE] evaluation__6327__denoise__confidence_boost__nes__l0.5 calls=1021 margin 7.92->11.74 t=3.2s
[DONE] evaluation__6327__denoise__boundary_probe__nes__l0.5 calls=1021 margin 7.92->1.94 t=3.2s
[DONE] evaluation__6327__denoise__counterfactual__nes__l0.5 calls=1021 margin 7.92->2.09 t=2.9s
[DONE] evaluation__6327__deblur__attack__nes__l1 calls=1021 margin 10.67->1.72 t=3.1s
[DONE] evaluation__6327__deblur__restore__nes__l1 calls=1021 margin 10.67->10.73 t=3.1s
[DONE] evaluation__6327__deblur__random_walk__random_walk__l1 calls=1024 margin 10.67->12.15 t=4.4s
[DONE] evaluation__6327__deblur__confidence_boost__nes__l1 calls=1021 margin 10.67->14.48 t=3.1s
[DONE] evaluation__6327__deblur__boundary_probe__nes__l1 calls=1021 margin 10.67->1.77 t=3.1s
[DONE] evaluation__6327__deblur__counterfactual__nes__l1 calls=1021 margin 10.67->2.22 t=3.2s
[DONE] evaluation__212__denoise__attack__nes__l0.5 calls=1021 margin 2.87->-1.79 t=2.9s
[DONE] evaluation__212__denoise__restore__nes__l0.5 calls=1021 margin 2.87->3.26 t=3.0s
[DONE] evaluation__212__denoise__random_walk__random_walk__l0.5 calls=1024 margin 2.87->3.59 t=4.1s
[DONE] evaluation__212__denoise__confidence_boost__nes__l0.5 calls=1021 margin 2.87->6.66 t=2.9s
[DONE] evaluation__212__denoise__boundary_probe__nes__l0.5 calls=1021 margin 2.87->0.01 t=3.2s
[DONE] evaluation__212__denoise__counterfactual__nes__l0.5 calls=1021 margin 2.87->-1.68 t=2.9s
[DONE] evaluation__212__deblur__attack__nes__l1 calls=1021 margin 8.88->5.63 t=2.7s
[DONE] evaluation__212__deblur__restore__nes__l1 calls=1021 margin 8.88->9.72 t=3.0s
[DONE] evaluation__212__deblur__random_walk__random_walk__l1 calls=1024 margin 8.88->9.97 t=4.2s
[DONE] evaluation__212__deblur__confidence_boost__nes__l1 calls=1021 margin 8.88->13.00 t=2.9s
[DONE] evaluation__212__deblur__boundary_probe__nes__l1 calls=1021 margin 8.88->6.04 t=3.1s
[DONE] evaluation__212__deblur__counterfactual__nes__l1 calls=1021 margin 8.88->5.41 t=3.0s
[DONE] evaluation__5222__denoise__attack__nes__l0.5 calls=1021 margin 2.23->-3.35 t=3.0s
[DONE] evaluation__5222__denoise__restore__nes__l0.5 calls=1021 margin 2.23->2.65 t=3.2s
[DONE] evaluation__5222__denoise__random_walk__random_walk__l0.5 calls=1024 margin 2.23->1.93 t=4.2s
[DONE] evaluation__5222__denoise__confidence_boost__nes__l0.5 calls=1021 margin 2.23->7.25 t=2.8s
[DONE] evaluation__5222__denoise__boundary_probe__nes__l0.5 calls=1021 margin 2.23->0.00 t=2.9s
[DONE] evaluation__5222__denoise__counterfactual__nes__l0.5 calls=1021 margin 2.23->-3.88 t=3.1s
[DONE] evaluation__5222__deblur__attack__nes__l1 calls=1021 margin 15.04->15.04 t=3.0s
[DONE] evaluation__5222__deblur__restore__nes__l1 calls=1021 margin 15.04->14.99 t=3.2s
[DONE] evaluation__5222__deblur__random_walk__random_walk__l1 calls=1024 margin 15.04->12.13 t=4.2s
[DONE] evaluation__5222__deblur__confidence_boost__nes__l1 calls=1021 margin 15.04->15.17 t=2.9s
[DONE] evaluation__5222__deblur__boundary_probe__nes__l1 calls=1021 margin 15.04->7.06 t=3.0s
[DONE] evaluation__5222__deblur__counterfactual__nes__l1 calls=1021 margin 15.04->7.23 t=3.1s
[DONE] evaluation__6528__denoise__attack__nes__l0.5 calls=1021 margin 0.39->-4.95 t=2.9s
[DONE] evaluation__6528__denoise__restore__nes__l0.5 calls=1021 margin 0.39->0.94 t=3.1s
[DONE] evaluation__6528__denoise__random_walk__random_walk__l0.5 calls=1024 margin 0.39->0.05 t=4.3s
[DONE] evaluation__6528__denoise__confidence_boost__nes__l0.5 calls=1021 margin 0.39->5.36 t=2.9s
[DONE] evaluation__6528__denoise__boundary_probe__nes__l0.5 calls=1021 margin 0.39->0.00 t=3.0s
[DONE] evaluation__6528__denoise__counterfactual__nes__l0.5 calls=1021 margin 0.39->-5.24 t=3.1s
[DONE] evaluation__6528__deblur__attack__nes__l1 calls=1021 margin 7.51->-0.04 t=2.9s
[DONE] evaluation__6528__deblur__restore__nes__l1 calls=1021 margin 7.51->6.71 t=2.7s
[DONE] evaluation__6528__deblur__random_walk__random_walk__l1 calls=1024 margin 7.51->7.50 t=4.4s
[DONE] evaluation__6528__deblur__confidence_boost__nes__l1 calls=1021 margin 7.51->11.90 t=2.8s
[DONE] evaluation__6528__deblur__boundary_probe__nes__l1 calls=1021 margin 7.51->0.12 t=2.8s
[DONE] evaluation__6528__deblur__counterfactual__nes__l1 calls=1021 margin 7.51->-0.09 t=3.1s
[DONE] evaluation__9540__denoise__attack__nes__l0.5 calls=1021 margin 7.63->2.86 t=3.4s
[DONE] evaluation__9540__denoise__restore__nes__l0.5 calls=1021 margin 7.63->7.26 t=2.8s
[DONE] evaluation__9540__denoise__random_walk__random_walk__l0.5 calls=1024 margin 7.63->7.74 t=4.2s
[DONE] evaluation__9540__denoise__confidence_boost__nes__l0.5 calls=1021 margin 7.63->10.88 t=2.9s
[DONE] evaluation__9540__denoise__boundary_probe__nes__l0.5 calls=1021 margin 7.63->3.12 t=3.1s
[DONE] evaluation__9540__denoise__counterfactual__nes__l0.5 calls=1021 margin 7.63->2.34 t=3.0s
[DONE] evaluation__9540__deblur__attack__nes__l1 calls=1021 margin 10.85->5.04 t=3.0s
[DONE] evaluation__9540__deblur__restore__nes__l1 calls=1021 margin 10.85->10.94 t=2.7s
[DONE] evaluation__9540__deblur__random_walk__random_walk__l1 calls=1024 margin 10.85->12.14 t=4.4s
[DONE] evaluation__9540__deblur__confidence_boost__nes__l1 calls=1021 margin 10.85->14.29 t=3.0s
[DONE] evaluation__9540__deblur__boundary_probe__nes__l1 calls=1021 margin 10.85->5.32 t=3.0s
[DONE] evaluation__9540__deblur__counterfactual__nes__l1 calls=1021 margin 10.85->5.38 t=2.9s
[DONE] evaluation__2478__denoise__attack__nes__l0.5 calls=1021 margin 10.08->3.81 t=3.1s
[DONE] evaluation__2478__denoise__restore__nes__l0.5 calls=1021 margin 10.08->10.14 t=2.8s
[DONE] evaluation__2478__denoise__random_walk__random_walk__l0.5 calls=1024 margin 10.08->9.24 t=4.2s
[DONE] evaluation__2478__denoise__confidence_boost__nes__l0.5 calls=1021 margin 10.08->13.99 t=3.1s
[DONE] evaluation__2478__denoise__boundary_probe__nes__l0.5 calls=1021 margin 10.08->4.21 t=3.0s
[DONE] evaluation__2478__denoise__counterfactual__nes__l0.5 calls=1021 margin 10.08->3.56 t=3.3s
[DONE] evaluation__2478__deblur__attack__nes__l1 calls=1021 margin 5.41->-4.52 t=2.9s
[DONE] evaluation__2478__deblur__restore__nes__l1 calls=1021 margin 5.41->7.51 t=2.9s
[DONE] evaluation__2478__deblur__random_walk__random_walk__l1 calls=1024 margin 5.41->8.63 t=4.3s
[DONE] evaluation__2478__deblur__confidence_boost__nes__l1 calls=1021 margin 5.41->13.85 t=2.9s
[DONE] evaluation__2478__deblur__boundary_probe__nes__l1 calls=1021 margin 5.41->0.03 t=3.0s
[DONE] evaluation__2478__deblur__counterfactual__nes__l1 calls=1021 margin 5.41->-4.52 t=3.2s
[DONE] evaluation__4793__denoise__attack__nes__l0.5 calls=1021 margin 9.01->2.56 t=3.2s
[DONE] evaluation__4793__denoise__restore__nes__l0.5 calls=1021 margin 9.01->8.95 t=3.1s
[DONE] evaluation__4793__denoise__random_walk__random_walk__l0.5 calls=1024 margin 9.01->9.75 t=4.3s
[DONE] evaluation__4793__denoise__confidence_boost__nes__l0.5 calls=1021 margin 9.01->12.89 t=2.7s
[DONE] evaluation__4793__denoise__boundary_probe__nes__l0.5 calls=1021 margin 9.01->2.34 t=3.1s
[DONE] evaluation__4793__denoise__counterfactual__nes__l0.5 calls=1021 margin 9.01->2.92 t=2.9s
[DONE] evaluation__4793__deblur__attack__nes__l1 calls=1021 margin 6.21->-0.51 t=3.1s
[DONE] evaluation__4793__deblur__restore__nes__l1 calls=1021 margin 6.21->7.58 t=2.9s
[DONE] evaluation__4793__deblur__random_walk__random_walk__l1 calls=1024 margin 6.21->8.77 t=4.3s
[DONE] evaluation__4793__deblur__confidence_boost__nes__l1 calls=1021 margin 6.21->12.40 t=2.9s
[DONE] evaluation__4793__deblur__boundary_probe__nes__l1 calls=1021 margin 6.21->0.05 t=3.1s
[DONE] evaluation__4793__deblur__counterfactual__nes__l1 calls=1021 margin 6.21->-0.70 t=3.1s
[DONE] evaluation__7299__denoise__attack__nes__l0.5 calls=1021 margin 8.01->2.08 t=3.0s
[DONE] evaluation__7299__denoise__restore__nes__l0.5 calls=1021 margin 8.01->7.79 t=3.3s
[DONE] evaluation__7299__denoise__random_walk__random_walk__l0.5 calls=1024 margin 8.01->8.04 t=4.3s
[DONE] evaluation__7299__denoise__confidence_boost__nes__l0.5 calls=1021 margin 8.01->11.80 t=3.0s
[DONE] evaluation__7299__denoise__boundary_probe__nes__l0.5 calls=1021 margin 8.01->1.79 t=3.1s
[DONE] evaluation__7299__denoise__counterfactual__nes__l0.5 calls=1021 margin 8.01->2.54 t=3.1s
[DONE] evaluation__7299__deblur__attack__nes__l1 calls=1021 margin 5.79->-6.46 t=2.9s
[DONE] evaluation__7299__deblur__restore__nes__l1 calls=1021 margin 5.79->7.02 t=3.3s
[DONE] evaluation__7299__deblur__random_walk__random_walk__l1 calls=1024 margin 5.79->4.15 t=4.3s
[DONE] evaluation__7299__deblur__confidence_boost__nes__l1 calls=1021 margin 5.79->12.52 t=2.7s
[DONE] evaluation__7299__deblur__boundary_probe__nes__l1 calls=1021 margin 5.79->0.01 t=2.8s
[DONE] evaluation__7299__deblur__counterfactual__nes__l1 calls=1021 margin 5.79->-4.27 t=3.0s
[DONE] evaluation__784__denoise__attack__nes__l0.5 calls=1021 margin 0.09->-6.43 t=3.4s
[DONE] evaluation__784__denoise__restore__nes__l0.5 calls=1021 margin 0.09->0.28 t=3.3s
[DONE] evaluation__784__denoise__random_walk__random_walk__l0.5 calls=1024 margin 0.09->-1.58 t=4.3s
[DONE] evaluation__784__denoise__confidence_boost__nes__l0.5 calls=1021 margin 0.09->6.09 t=3.0s
[DONE] evaluation__784__denoise__boundary_probe__nes__l0.5 calls=1021 margin 0.09->0.02 t=3.3s
[DONE] evaluation__784__denoise__counterfactual__nes__l0.5 calls=1021 margin 0.09->-6.05 t=3.0s
[DONE] evaluation__784__deblur__attack__nes__l1 calls=1021 margin 6.50->-2.40 t=3.2s
[DONE] evaluation__784__deblur__restore__nes__l1 calls=1021 margin 6.50->6.86 t=3.3s
[DONE] evaluation__784__deblur__random_walk__random_walk__l1 calls=1024 margin 6.50->5.04 t=4.4s
[DONE] evaluation__784__deblur__confidence_boost__nes__l1 calls=1021 margin 6.50->12.35 t=3.1s
[DONE] evaluation__784__deblur__boundary_probe__nes__l1 calls=1021 margin 6.50->0.00 t=3.5s
[DONE] evaluation__784__deblur__counterfactual__nes__l1 calls=1021 margin 6.50->-2.17 t=3.3s
[DONE] evaluation__4905__denoise__attack__nes__l0.5 calls=1021 margin 3.04->-5.45 t=3.2s
[DONE] evaluation__4905__denoise__restore__nes__l0.5 calls=1021 margin 3.04->3.56 t=3.1s
[DONE] evaluation__4905__denoise__random_walk__random_walk__l0.5 calls=1024 margin 3.04->1.68 t=4.4s
[DONE] evaluation__4905__denoise__confidence_boost__nes__l0.5 calls=1021 margin 3.04->7.63 t=3.0s
[DONE] evaluation__4905__denoise__boundary_probe__nes__l0.5 calls=1021 margin 3.04->0.04 t=3.3s
[DONE] evaluation__4905__denoise__counterfactual__nes__l0.5 calls=1021 margin 3.04->-4.95 t=3.0s
[DONE] evaluation__4905__deblur__attack__nes__l1 calls=1021 margin 10.52->6.48 t=3.0s
[DONE] evaluation__4905__deblur__restore__nes__l1 calls=1021 margin 10.52->10.14 t=3.0s
[DONE] evaluation__4905__deblur__random_walk__random_walk__l1 calls=1024 margin 10.52->8.30 t=4.0s
[DONE] evaluation__4905__deblur__confidence_boost__nes__l1 calls=1021 margin 10.52->13.24 t=2.9s
[DONE] evaluation__4905__deblur__boundary_probe__nes__l1 calls=1021 margin 10.52->5.30 t=3.1s
[DONE] evaluation__4905__deblur__counterfactual__nes__l1 calls=1021 margin 10.52->5.71 t=3.1s
[DONE] evaluation__7293__denoise__attack__nes__l0.5 calls=1021 margin 7.06->2.53 t=3.0s
[DONE] evaluation__7293__denoise__restore__nes__l0.5 calls=1021 margin 7.06->6.93 t=3.2s
[DONE] evaluation__7293__denoise__random_walk__random_walk__l0.5 calls=1024 margin 7.06->7.30 t=4.2s
[DONE] evaluation__7293__denoise__confidence_boost__nes__l0.5 calls=1021 margin 7.06->10.43 t=2.8s
[DONE] evaluation__7293__denoise__boundary_probe__nes__l0.5 calls=1021 margin 7.06->2.47 t=2.9s
[DONE] evaluation__7293__denoise__counterfactual__nes__l0.5 calls=1021 margin 7.06->2.99 t=3.0s
[DONE] evaluation__7293__deblur__attack__nes__l1 calls=1021 margin 8.65->5.44 t=3.0s
[DONE] evaluation__7293__deblur__restore__nes__l1 calls=1021 margin 8.65->8.78 t=3.0s
[DONE] evaluation__7293__deblur__random_walk__random_walk__l1 calls=1024 margin 8.65->8.79 t=4.2s
[DONE] evaluation__7293__deblur__confidence_boost__nes__l1 calls=1021 margin 8.65->11.24 t=2.9s
[DONE] evaluation__7293__deblur__boundary_probe__nes__l1 calls=1021 margin 8.65->5.29 t=3.2s
[DONE] evaluation__7293__deblur__counterfactual__nes__l1 calls=1021 margin 8.65->5.78 t=2.8s
[DONE] evaluation__196__denoise__attack__nes__l0.5 calls=1021 margin 3.32->-1.53 t=2.8s
[DONE] evaluation__196__denoise__restore__nes__l0.5 calls=1021 margin 3.32->3.36 t=3.1s
[DONE] evaluation__196__denoise__random_walk__random_walk__l0.5 calls=1024 margin 3.32->2.86 t=4.0s
[DONE] evaluation__196__denoise__confidence_boost__nes__l0.5 calls=1021 margin 3.32->8.06 t=2.6s
[DONE] evaluation__196__denoise__boundary_probe__nes__l0.5 calls=1021 margin 3.32->0.00 t=2.9s
[DONE] evaluation__196__denoise__counterfactual__nes__l0.5 calls=1021 margin 3.32->-1.89 t=2.9s
[DONE] evaluation__196__deblur__attack__nes__l1 calls=1021 margin 9.28->2.70 t=3.1s
[DONE] evaluation__196__deblur__restore__nes__l1 calls=1021 margin 9.28->9.28 t=3.1s
[DONE] evaluation__196__deblur__random_walk__random_walk__l1 calls=1024 margin 9.28->7.53 t=4.6s
[DONE] evaluation__196__deblur__confidence_boost__nes__l1 calls=1021 margin 9.28->13.17 t=2.9s
[DONE] evaluation__196__deblur__boundary_probe__nes__l1 calls=1021 margin 9.28->0.96 t=2.9s
[DONE] evaluation__196__deblur__counterfactual__nes__l1 calls=1021 margin 9.28->2.89 t=3.3s
[DONE] evaluation__4006__denoise__attack__nes__l0.5 calls=1021 margin 8.83->4.43 t=3.2s
[DONE] evaluation__4006__denoise__restore__nes__l0.5 calls=1021 margin 8.83->8.85 t=3.1s
[DONE] evaluation__4006__denoise__random_walk__random_walk__l0.5 calls=1024 margin 8.83->8.30 t=4.4s
[DONE] evaluation__4006__denoise__confidence_boost__nes__l0.5 calls=1021 margin 8.83->11.45 t=2.9s
[DONE] evaluation__4006__denoise__boundary_probe__nes__l0.5 calls=1021 margin 8.83->5.16 t=3.1s
[DONE] evaluation__4006__denoise__counterfactual__nes__l0.5 calls=1021 margin 8.83->5.01 t=3.0s
[DONE] evaluation__4006__deblur__attack__nes__l1 calls=1021 margin 10.86->6.58 t=2.9s
[DONE] evaluation__4006__deblur__restore__nes__l1 calls=1021 margin 10.86->11.48 t=2.8s
[DONE] evaluation__4006__deblur__random_walk__random_walk__l1 calls=1024 margin 10.86->11.38 t=4.0s
[DONE] evaluation__4006__deblur__confidence_boost__nes__l1 calls=1021 margin 10.86->14.04 t=2.7s
[DONE] evaluation__4006__deblur__boundary_probe__nes__l1 calls=1021 margin 10.86->6.37 t=2.7s
[DONE] evaluation__4006__deblur__counterfactual__nes__l1 calls=1021 margin 10.86->6.51 t=2.7s
[DONE] evaluation__6321__denoise__attack__nes__l0.5 calls=1021 margin 5.73->0.74 t=2.7s
[DONE] evaluation__6321__denoise__restore__nes__l0.5 calls=1021 margin 5.73->5.73 t=3.0s
[DONE] evaluation__6321__denoise__random_walk__random_walk__l0.5 calls=1024 margin 5.73->4.62 t=4.4s
[DONE] evaluation__6321__denoise__confidence_boost__nes__l0.5 calls=1021 margin 5.73->10.23 t=2.8s
[DONE] evaluation__6321__denoise__boundary_probe__nes__l0.5 calls=1021 margin 5.73->0.19 t=2.9s
[DONE] evaluation__6321__denoise__counterfactual__nes__l0.5 calls=1021 margin 5.73->0.39 t=2.7s
[DONE] evaluation__6321__deblur__attack__nes__l1 calls=1021 margin 10.43->5.08 t=2.8s
[DONE] evaluation__6321__deblur__restore__nes__l1 calls=1021 margin 10.43->11.21 t=2.9s
[DONE] evaluation__6321__deblur__random_walk__random_walk__l1 calls=1024 margin 10.43->9.71 t=4.5s
[DONE] evaluation__6321__deblur__confidence_boost__nes__l1 calls=1021 margin 10.43->14.88 t=3.0s
[DONE] evaluation__6321__deblur__boundary_probe__nes__l1 calls=1021 margin 10.43->4.89 t=3.1s
[DONE] evaluation__6321__deblur__counterfactual__nes__l1 calls=1021 margin 10.43->4.21 t=2.9s
[DONE] evaluation__9476__denoise__attack__nes__l0.5 calls=1021 margin 3.01->-2.49 t=2.7s
[DONE] evaluation__9476__denoise__restore__nes__l0.5 calls=1021 margin 3.01->2.88 t=3.1s
[DONE] evaluation__9476__denoise__random_walk__random_walk__l0.5 calls=1024 margin 3.01->1.48 t=4.5s
[DONE] evaluation__9476__denoise__confidence_boost__nes__l0.5 calls=1021 margin 3.01->7.10 t=2.8s
[DONE] evaluation__9476__denoise__boundary_probe__nes__l0.5 calls=1021 margin 3.01->0.01 t=2.9s
[DONE] evaluation__9476__denoise__counterfactual__nes__l0.5 calls=1021 margin 3.01->-0.93 t=3.0s
[DONE] evaluation__9476__deblur__attack__nes__l1 calls=1021 margin 6.96->-1.37 t=3.1s
[DONE] evaluation__9476__deblur__restore__nes__l1 calls=1021 margin 6.96->7.26 t=2.9s
[DONE] evaluation__9476__deblur__random_walk__random_walk__l1 calls=1024 margin 6.96->6.46 t=4.4s
[DONE] evaluation__9476__deblur__confidence_boost__nes__l1 calls=1021 margin 6.96->12.62 t=3.1s
[DONE] evaluation__9476__deblur__boundary_probe__nes__l1 calls=1021 margin 6.96->0.01 t=3.0s
[DONE] evaluation__9476__deblur__counterfactual__nes__l1 calls=1021 margin 6.96->-1.93 t=2.9s
[DONE] evaluation__1344__denoise__attack__nes__l0.5 calls=1021 margin 1.43->-4.29 t=2.9s
[DONE] evaluation__1344__denoise__restore__nes__l0.5 calls=1021 margin 1.43->1.64 t=3.0s
[DONE] evaluation__1344__denoise__random_walk__random_walk__l0.5 calls=1024 margin 1.43->1.34 t=4.5s
[DONE] evaluation__1344__denoise__confidence_boost__nes__l0.5 calls=1021 margin 1.43->7.26 t=3.2s
[DONE] evaluation__1344__denoise__boundary_probe__nes__l0.5 calls=1021 margin 1.43->0.01 t=2.9s
[DONE] evaluation__1344__denoise__counterfactual__nes__l0.5 calls=1021 margin 1.43->-4.20 t=2.8s
[DONE] evaluation__1344__deblur__attack__nes__l1 calls=1021 margin 4.34->-2.38 t=2.9s
[DONE] evaluation__1344__deblur__restore__nes__l1 calls=1021 margin 4.34->4.99 t=3.1s
[DONE] evaluation__1344__deblur__random_walk__random_walk__l1 calls=1024 margin 4.34->6.59 t=4.1s
[DONE] evaluation__1344__deblur__confidence_boost__nes__l1 calls=1021 margin 4.34->9.35 t=3.0s
[DONE] evaluation__1344__deblur__boundary_probe__nes__l1 calls=1021 margin 4.34->0.00 t=3.1s
[DONE] evaluation__1344__deblur__counterfactual__nes__l1 calls=1021 margin 4.34->-1.98 t=3.2s
[DONE] evaluation__4218__denoise__attack__nes__l0.5 calls=1021 margin 6.16->2.29 t=3.0s
[DONE] evaluation__4218__denoise__restore__nes__l0.5 calls=1021 margin 6.16->6.14 t=3.1s
[DONE] evaluation__4218__denoise__random_walk__random_walk__l0.5 calls=1024 margin 6.16->4.86 t=4.1s
[DONE] evaluation__4218__denoise__confidence_boost__nes__l0.5 calls=1021 margin 6.16->8.93 t=3.1s
[DONE] evaluation__4218__denoise__boundary_probe__nes__l0.5 calls=1021 margin 6.16->2.39 t=3.0s
[DONE] evaluation__4218__denoise__counterfactual__nes__l0.5 calls=1021 margin 6.16->1.98 t=2.8s
[DONE] evaluation__4218__deblur__attack__nes__l1 calls=1021 margin 10.39->5.68 t=3.0s
[DONE] evaluation__4218__deblur__restore__nes__l1 calls=1021 margin 10.39->10.45 t=3.1s
[DONE] evaluation__4218__deblur__random_walk__random_walk__l1 calls=1024 margin 10.39->9.26 t=4.2s
[DONE] evaluation__4218__deblur__confidence_boost__nes__l1 calls=1021 margin 10.39->13.21 t=3.2s
[DONE] evaluation__4218__deblur__boundary_probe__nes__l1 calls=1021 margin 10.39->4.71 t=3.0s
[DONE] evaluation__4218__deblur__counterfactual__nes__l1 calls=1021 margin 10.39->5.18 t=3.1s
[DONE] evaluation__8453__denoise__attack__nes__l0.5 calls=1021 margin 2.95->-1.35 t=2.9s
[DONE] evaluation__8453__denoise__restore__nes__l0.5 calls=1021 margin 2.95->2.91 t=3.0s
[DONE] evaluation__8453__denoise__random_walk__random_walk__l0.5 calls=1024 margin 2.95->2.84 t=4.2s
[DONE] evaluation__8453__denoise__confidence_boost__nes__l0.5 calls=1021 margin 2.95->7.79 t=3.0s
[DONE] evaluation__8453__denoise__boundary_probe__nes__l0.5 calls=1021 margin 2.95->0.01 t=2.9s
[DONE] evaluation__8453__denoise__counterfactual__nes__l0.5 calls=1021 margin 2.95->-1.36 t=2.7s
[DONE] evaluation__8453__deblur__attack__nes__l1 calls=1021 margin 5.46->-0.51 t=2.7s
[DONE] evaluation__8453__deblur__restore__nes__l1 calls=1021 margin 5.46->5.91 t=3.0s
[DONE] evaluation__8453__deblur__random_walk__random_walk__l1 calls=1024 margin 5.46->5.69 t=4.1s
[DONE] evaluation__8453__deblur__confidence_boost__nes__l1 calls=1021 margin 5.46->10.02 t=2.9s
[DONE] evaluation__8453__deblur__boundary_probe__nes__l1 calls=1021 margin 5.46->0.02 t=3.0s
[DONE] evaluation__8453__deblur__counterfactual__nes__l1 calls=1021 margin 5.46->-0.38 t=3.0s
[DONE] fit__3825__denoise__attack__nes__l0.5 calls=1021 margin 0.92->-3.28 t=2.8s
[DONE] fit__3825__denoise__restore__nes__l0.5 calls=1021 margin 0.92->0.60 t=3.0s
[DONE] fit__3825__denoise__random_walk__random_walk__l0.5 calls=1024 margin 0.92->0.37 t=4.3s
[DONE] fit__3825__denoise__confidence_boost__nes__l0.5 calls=1021 margin 0.92->4.60 t=3.1s
[DONE] fit__3825__denoise__boundary_probe__nes__l0.5 calls=1021 margin 0.92->0.03 t=3.1s
[DONE] fit__3825__denoise__counterfactual__nes__l0.5 calls=1021 margin 0.92->-3.02 t=2.8s
[DONE] fit__3825__deblur__attack__nes__l1 calls=1021 margin 5.68->1.18 t=2.8s
[DONE] fit__3825__deblur__restore__nes__l1 calls=1021 margin 5.68->5.51 t=3.0s
[DONE] fit__3825__deblur__random_walk__random_walk__l1 calls=1024 margin 5.68->4.32 t=4.1s
[DONE] fit__3825__deblur__confidence_boost__nes__l1 calls=1021 margin 5.68->6.81 t=3.1s
[DONE] fit__3825__deblur__boundary_probe__nes__l1 calls=1021 margin 5.68->1.97 t=3.1s
[DONE] fit__3825__deblur__counterfactual__nes__l1 calls=1021 margin 5.68->1.27 t=2.9s
[DONE] fit__8925__denoise__attack__nes__l0.5 calls=1021 margin 2.16->-0.79 t=2.7s
[DONE] fit__8925__denoise__restore__nes__l0.5 calls=1021 margin 2.16->2.11 t=3.0s
[DONE] fit__8925__denoise__random_walk__random_walk__l0.5 calls=1024 margin 2.16->1.99 t=4.2s
[DONE] fit__8925__denoise__confidence_boost__nes__l0.5 calls=1021 margin 2.16->4.66 t=3.2s
[DONE] fit__8925__denoise__boundary_probe__nes__l0.5 calls=1021 margin 2.16->0.02 t=3.4s
[DONE] fit__8925__denoise__counterfactual__nes__l0.5 calls=1021 margin 2.16->-0.31 t=3.0s
[DONE] fit__8925__deblur__attack__nes__l1 calls=1021 margin 7.20->-2.93 t=2.7s
[DONE] fit__8925__deblur__restore__nes__l1 calls=1021 margin 7.20->6.18 t=2.9s
[DONE] fit__8925__deblur__random_walk__random_walk__l1 calls=1024 margin 7.20->4.13 t=4.2s
[DONE] fit__8925__deblur__confidence_boost__nes__l1 calls=1021 margin 7.20->9.40 t=3.2s
[DONE] fit__8925__deblur__boundary_probe__nes__l1 calls=1021 margin 7.20->0.01 t=3.0s
[DONE] fit__8925__deblur__counterfactual__nes__l1 calls=1021 margin 7.20->-1.84 t=2.7s
[DONE] fit__7063__denoise__attack__nes__l0.5 calls=1021 margin 5.65->2.64 t=2.6s
[DONE] fit__7063__denoise__restore__nes__l0.5 calls=1021 margin 5.65->5.68 t=2.9s
[DONE] fit__7063__denoise__random_walk__random_walk__l0.5 calls=1024 margin 5.65->4.54 t=3.9s
[DONE] fit__7063__denoise__confidence_boost__nes__l0.5 calls=1021 margin 5.65->8.87 t=3.1s
[DONE] fit__7063__denoise__boundary_probe__nes__l0.5 calls=1021 margin 5.65->2.31 t=3.4s
[DONE] fit__7063__denoise__counterfactual__nes__l0.5 calls=1021 margin 5.65->2.49 t=3.0s
[DONE] fit__7063__deblur__attack__nes__l1 calls=1021 margin 7.32->2.68 t=3.1s
[DONE] fit__7063__deblur__restore__nes__l1 calls=1021 margin 7.32->7.99 t=3.0s
[DONE] fit__7063__deblur__random_walk__random_walk__l1 calls=1024 margin 7.32->6.44 t=4.0s
[DONE] fit__7063__deblur__confidence_boost__nes__l1 calls=1021 margin 7.32->10.35 t=3.2s
[DONE] fit__7063__deblur__boundary_probe__nes__l1 calls=1021 margin 7.32->2.20 t=3.2s
[DONE] fit__7063__deblur__counterfactual__nes__l1 calls=1021 margin 7.32->2.18 t=2.9s
[DONE] fit__873__denoise__attack__nes__l0.5 calls=1021 margin 4.91->-1.73 t=2.9s
[DONE] fit__873__denoise__restore__nes__l0.5 calls=1021 margin 4.91->4.75 t=2.8s
[DONE] fit__873__denoise__random_walk__random_walk__l0.5 calls=1024 margin 4.91->4.43 t=3.9s
[DONE] fit__873__denoise__confidence_boost__nes__l0.5 calls=1021 margin 4.91->9.71 t=3.0s
[DONE] fit__873__denoise__boundary_probe__nes__l0.5 calls=1021 margin 4.91->0.01 t=3.2s
[DONE] fit__873__denoise__counterfactual__nes__l0.5 calls=1021 margin 4.91->-1.79 t=3.1s
[DONE] fit__873__deblur__attack__nes__l1 calls=1021 margin 11.38->1.68 t=3.0s
[DONE] fit__873__deblur__restore__nes__l1 calls=1021 margin 11.38->11.38 t=2.7s
[DONE] fit__873__deblur__random_walk__random_walk__l1 calls=1024 margin 11.38->10.77 t=4.1s
[DONE] fit__873__deblur__confidence_boost__nes__l1 calls=1021 margin 11.38->14.41 t=3.1s
[DONE] fit__873__deblur__boundary_probe__nes__l1 calls=1021 margin 11.38->1.79 t=3.1s
[DONE] fit__873__deblur__counterfactual__nes__l1 calls=1021 margin 11.38->0.99 t=3.1s
[DONE] fit__5712__denoise__attack__nes__l0.5 calls=1021 margin 7.97->3.24 t=2.9s
[DONE] fit__5712__denoise__restore__nes__l0.5 calls=1021 margin 7.97->8.12 t=3.1s
[DONE] fit__5712__denoise__random_walk__random_walk__l0.5 calls=1024 margin 7.97->7.80 t=3.9s
[DONE] fit__5712__denoise__confidence_boost__nes__l0.5 calls=1021 margin 7.97->11.11 t=2.8s
[DONE] fit__5712__denoise__boundary_probe__nes__l0.5 calls=1021 margin 7.97->2.73 t=3.3s
[DONE] fit__5712__denoise__counterfactual__nes__l0.5 calls=1021 margin 7.97->3.01 t=3.1s
[DONE] fit__5712__deblur__attack__nes__l1 calls=1021 margin 10.77->2.99 t=3.1s
[DONE] fit__5712__deblur__restore__nes__l1 calls=1021 margin 10.77->9.90 t=3.0s
[DONE] fit__5712__deblur__random_walk__random_walk__l1 calls=1024 margin 10.77->10.07 t=3.9s
[DONE] fit__5712__deblur__confidence_boost__nes__l1 calls=1021 margin 10.77->13.01 t=2.9s
[DONE] fit__5712__deblur__boundary_probe__nes__l1 calls=1021 margin 10.77->2.63 t=3.1s
[DONE] fit__5712__deblur__counterfactual__nes__l1 calls=1021 margin 10.77->2.69 t=3.3s
[DONE] fit__3714__denoise__attack__nes__l0.5 calls=1021 margin 9.48->6.83 t=3.0s
[DONE] fit__3714__denoise__restore__nes__l0.5 calls=1021 margin 9.48->9.59 t=2.7s
[DONE] fit__3714__denoise__random_walk__random_walk__l0.5 calls=1024 margin 9.48->10.07 t=4.2s
[DONE] fit__3714__denoise__confidence_boost__nes__l0.5 calls=1021 margin 9.48->11.44 t=3.2s
[DONE] fit__3714__denoise__boundary_probe__nes__l0.5 calls=1021 margin 9.48->6.23 t=3.4s
[DONE] fit__3714__denoise__counterfactual__nes__l0.5 calls=1021 margin 9.48->6.99 t=3.3s
[DONE] fit__3714__deblur__attack__nes__l1 calls=1021 margin 9.52->4.63 t=3.1s
[DONE] fit__3714__deblur__restore__nes__l1 calls=1021 margin 9.52->9.32 t=3.2s
[DONE] fit__3714__deblur__random_walk__random_walk__l1 calls=1024 margin 9.52->8.79 t=4.0s
[DONE] fit__3714__deblur__confidence_boost__nes__l1 calls=1021 margin 9.52->12.33 t=2.9s
[DONE] fit__3714__deblur__boundary_probe__nes__l1 calls=1021 margin 9.52->4.98 t=3.3s
[DONE] fit__3714__deblur__counterfactual__nes__l1 calls=1021 margin 9.52->4.53 t=3.2s
[DONE] fit__8526__denoise__attack__nes__l0.5 calls=1021 margin 2.53->-2.71 t=3.1s
[DONE] fit__8526__denoise__restore__nes__l0.5 calls=1021 margin 2.53->2.77 t=3.1s
[DONE] fit__8526__denoise__random_walk__random_walk__l0.5 calls=1024 margin 2.53->2.47 t=3.9s
[DONE] fit__8526__denoise__confidence_boost__nes__l0.5 calls=1021 margin 2.53->6.64 t=3.1s
[DONE] fit__8526__denoise__boundary_probe__nes__l0.5 calls=1021 margin 2.53->0.00 t=3.3s
[DONE] fit__8526__denoise__counterfactual__nes__l0.5 calls=1021 margin 2.53->-3.08 t=3.3s
[DONE] fit__8526__deblur__attack__nes__l1 calls=1021 margin 4.88->-5.39 t=3.2s
[DONE] fit__8526__deblur__restore__nes__l1 calls=1021 margin 4.88->4.46 t=3.0s
[DONE] fit__8526__deblur__random_walk__random_walk__l1 calls=1024 margin 4.88->5.08 t=4.1s
[DONE] fit__8526__deblur__confidence_boost__nes__l1 calls=1021 margin 4.88->10.47 t=3.3s
[DONE] fit__8526__deblur__boundary_probe__nes__l1 calls=1021 margin 4.88->0.00 t=3.4s
[DONE] fit__8526__deblur__counterfactual__nes__l1 calls=1021 margin 4.88->-5.83 t=3.4s
[DONE] fit__5379__denoise__attack__nes__l0.5 calls=1021 margin 1.66->-5.49 t=3.1s
[DONE] fit__5379__denoise__restore__nes__l0.5 calls=1021 margin 1.66->1.39 t=2.9s
[DONE] fit__5379__denoise__random_walk__random_walk__l0.5 calls=1024 margin 1.66->1.47 t=4.1s
[DONE] fit__5379__denoise__confidence_boost__nes__l0.5 calls=1021 margin 1.66->7.26 t=3.1s
[DONE] fit__5379__denoise__boundary_probe__nes__l0.5 calls=1021 margin 1.66->0.00 t=3.0s
[DONE] fit__5379__denoise__counterfactual__nes__l0.5 calls=1021 margin 1.66->-4.60 t=3.2s
[DONE] fit__5379__deblur__attack__nes__l1 calls=1021 margin 9.18->0.33 t=2.9s
[DONE] fit__5379__deblur__restore__nes__l1 calls=1021 margin 9.18->9.56 t=3.1s
[DONE] fit__5379__deblur__random_walk__random_walk__l1 calls=1024 margin 9.18->6.41 t=4.0s
[DONE] fit__5379__deblur__confidence_boost__nes__l1 calls=1021 margin 9.18->14.62 t=3.1s
[DONE] fit__5379__deblur__boundary_probe__nes__l1 calls=1021 margin 9.18->0.08 t=3.0s
[DONE] fit__5379__deblur__counterfactual__nes__l1 calls=1021 margin 9.18->-0.45 t=3.1s
[DONE] fit__937__denoise__attack__nes__l0.5 calls=1021 margin 4.41->0.44 t=2.9s
[DONE] fit__937__denoise__restore__nes__l0.5 calls=1021 margin 4.41->4.92 t=3.0s
[DONE] fit__937__denoise__random_walk__random_walk__l0.5 calls=1024 margin 4.41->4.35 t=4.0s
[DONE] fit__937__denoise__confidence_boost__nes__l0.5 calls=1021 margin 4.41->7.33 t=2.9s
[DONE] fit__937__denoise__boundary_probe__nes__l0.5 calls=1021 margin 4.41->0.03 t=3.0s
[DONE] fit__937__denoise__counterfactual__nes__l0.5 calls=1021 margin 4.41->-0.39 t=3.0s
[DONE] fit__937__deblur__attack__nes__l1 calls=1021 margin 7.80->3.81 t=3.0s
[DONE] fit__937__deblur__restore__nes__l1 calls=1021 margin 7.80->8.28 t=2.8s
[DONE] fit__937__deblur__random_walk__random_walk__l1 calls=1024 margin 7.80->8.79 t=4.1s
[DONE] fit__937__deblur__confidence_boost__nes__l1 calls=1021 margin 7.80->11.54 t=2.9s
[DONE] fit__937__deblur__boundary_probe__nes__l1 calls=1021 margin 7.80->3.98 t=3.0s
[DONE] fit__937__deblur__counterfactual__nes__l1 calls=1021 margin 7.80->4.06 t=3.2s
[DONE] fit__6397__denoise__attack__nes__l0.5 calls=1021 margin 5.33->0.58 t=3.0s
[DONE] fit__6397__denoise__restore__nes__l0.5 calls=1021 margin 5.33->5.66 t=2.9s
[DONE] fit__6397__denoise__random_walk__random_walk__l0.5 calls=1024 margin 5.33->6.01 t=4.2s
[DONE] fit__6397__denoise__confidence_boost__nes__l0.5 calls=1021 margin 5.33->9.44 t=3.1s
[DONE] fit__6397__denoise__boundary_probe__nes__l0.5 calls=1021 margin 5.33->0.46 t=2.8s
[DONE] fit__6397__denoise__counterfactual__nes__l0.5 calls=1021 margin 5.33->0.52 t=3.0s
[DONE] fit__6397__deblur__attack__nes__l1 calls=1021 margin 4.32->-0.40 t=3.0s
[DONE] fit__6397__deblur__restore__nes__l1 calls=1021 margin 4.32->4.61 t=3.0s
[DONE] fit__6397__deblur__random_walk__random_walk__l1 calls=1024 margin 4.32->6.96 t=4.0s
[DONE] fit__6397__deblur__confidence_boost__nes__l1 calls=1021 margin 4.32->9.71 t=3.0s
[DONE] fit__6397__deblur__boundary_probe__nes__l1 calls=1021 margin 4.32->0.01 t=2.9s
[DONE] fit__6397__deblur__counterfactual__nes__l1 calls=1021 margin 4.32->-0.51 t=3.2s
[DONE] fit__3918__denoise__attack__nes__l0.5 calls=1021 margin 13.35->10.13 t=3.0s
[DONE] fit__3918__denoise__restore__nes__l0.5 calls=1021 margin 13.35->13.29 t=2.8s
[DONE] fit__3918__denoise__random_walk__random_walk__l0.5 calls=1024 margin 13.35->13.47 t=3.8s
[DONE] fit__3918__denoise__confidence_boost__nes__l0.5 calls=1021 margin 13.35->14.00 t=2.9s
[DONE] fit__3918__denoise__boundary_probe__nes__l0.5 calls=1021 margin 13.35->10.41 t=3.2s
[DONE] fit__3918__denoise__counterfactual__nes__l0.5 calls=1021 margin 13.35->10.60 t=3.0s
[DONE] fit__3918__deblur__attack__nes__l1 calls=1021 margin 16.52->16.52 t=3.1s
[DONE] fit__3918__deblur__restore__nes__l1 calls=1021 margin 16.52->16.19 t=2.8s
[DONE] fit__3918__deblur__random_walk__random_walk__l1 calls=1024 margin 16.52->14.81 t=4.0s
[DONE] fit__3918__deblur__confidence_boost__nes__l1 calls=1021 margin 16.52->16.52 t=2.9s
[DONE] fit__3918__deblur__boundary_probe__nes__l1 calls=1021 margin 16.52->11.93 t=2.7s
[DONE] fit__3918__deblur__counterfactual__nes__l1 calls=1021 margin 16.52->12.00 t=2.8s
[DONE] fit__8807__denoise__attack__nes__l0.5 calls=1021 margin 12.55->8.10 t=3.2s
[DONE] fit__8807__denoise__restore__nes__l0.5 calls=1021 margin 12.55->12.44 t=3.3s
[DONE] fit__8807__denoise__random_walk__random_walk__l0.5 calls=1024 margin 12.55->12.62 t=4.1s
[DONE] fit__8807__denoise__confidence_boost__nes__l0.5 calls=1021 margin 12.55->14.23 t=3.2s
[DONE] fit__8807__denoise__boundary_probe__nes__l0.5 calls=1021 margin 12.55->8.09 t=3.1s
[DONE] fit__8807__denoise__counterfactual__nes__l0.5 calls=1021 margin 12.55->7.85 t=3.1s
[DONE] fit__8807__deblur__attack__nes__l1 calls=1021 margin 8.95->-1.09 t=3.3s
[DONE] fit__8807__deblur__restore__nes__l1 calls=1021 margin 8.95->10.71 t=3.2s
[DONE] fit__8807__deblur__random_walk__random_walk__l1 calls=1024 margin 8.95->10.81 t=4.1s
[DONE] fit__8807__deblur__confidence_boost__nes__l1 calls=1021 margin 8.95->14.39 t=3.0s
[DONE] fit__8807__deblur__boundary_probe__nes__l1 calls=1021 margin 8.95->0.00 t=3.2s
[DONE] fit__8807__deblur__counterfactual__nes__l1 calls=1021 margin 8.95->-2.70 t=3.1s
[DONE] fit__5637__denoise__attack__nes__l0.5 calls=1021 margin 3.10->-1.96 t=3.2s
[DONE] fit__5637__denoise__restore__nes__l0.5 calls=1021 margin 3.10->3.20 t=3.1s
[DONE] fit__5637__denoise__random_walk__random_walk__l0.5 calls=1024 margin 3.10->4.18 t=4.2s
[DONE] fit__5637__denoise__confidence_boost__nes__l0.5 calls=1021 margin 3.10->7.13 t=3.0s
[DONE] fit__5637__denoise__boundary_probe__nes__l0.5 calls=1021 margin 3.10->0.00 t=2.7s
[DONE] fit__5637__denoise__counterfactual__nes__l0.5 calls=1021 margin 3.10->-1.84 t=2.9s
[DONE] fit__5637__deblur__attack__nes__l1 calls=1021 margin 3.31->-3.95 t=3.2s
[DONE] fit__5637__deblur__restore__nes__l1 calls=1021 margin 3.31->3.35 t=2.9s
[DONE] fit__5637__deblur__random_walk__random_walk__l1 calls=1024 margin 3.31->2.07 t=3.9s
[DONE] fit__5637__deblur__confidence_boost__nes__l1 calls=1021 margin 3.31->8.53 t=3.1s
[DONE] fit__5637__deblur__boundary_probe__nes__l1 calls=1021 margin 3.31->0.01 t=3.0s
[DONE] fit__5637__deblur__counterfactual__nes__l1 calls=1021 margin 3.31->-4.48 t=2.9s
[DONE] fit__144__denoise__attack__nes__l0.5 calls=1021 margin 0.23->-5.08 t=3.0s
[DONE] fit__144__denoise__restore__nes__l0.5 calls=1021 margin 0.23->0.47 t=3.0s
[DONE] fit__144__denoise__random_walk__random_walk__l0.5 calls=1024 margin 0.23->-0.09 t=4.4s
[DONE] fit__144__denoise__confidence_boost__nes__l0.5 calls=1021 margin 0.23->5.04 t=3.0s
[DONE] fit__144__denoise__boundary_probe__nes__l0.5 calls=1021 margin 0.23->0.00 t=3.1s
[DONE] fit__144__denoise__counterfactual__nes__l0.5 calls=1021 margin 0.23->-4.20 t=2.9s
[DONE] fit__144__deblur__attack__nes__l1 calls=1021 margin 6.97->0.88 t=2.9s
[DONE] fit__144__deblur__restore__nes__l1 calls=1021 margin 6.97->7.04 t=3.0s
[DONE] fit__144__deblur__random_walk__random_walk__l1 calls=1024 margin 6.97->4.60 t=4.2s
[DONE] fit__144__deblur__confidence_boost__nes__l1 calls=1021 margin 6.97->10.56 t=2.8s
[DONE] fit__144__deblur__boundary_probe__nes__l1 calls=1021 margin 6.97->0.81 t=3.0s
[DONE] fit__144__deblur__counterfactual__nes__l1 calls=1021 margin 6.97->1.58 t=3.1s
[DONE] fit__3763__denoise__attack__nes__l0.5 calls=1021 margin 6.21->2.72 t=3.2s
[DONE] fit__3763__denoise__restore__nes__l0.5 calls=1021 margin 6.21->6.19 t=3.3s
[DONE] fit__3763__denoise__random_walk__random_walk__l0.5 calls=1024 margin 6.21->5.82 t=4.3s
[DONE] fit__3763__denoise__confidence_boost__nes__l0.5 calls=1021 margin 6.21->9.77 t=2.8s
[DONE] fit__3763__denoise__boundary_probe__nes__l0.5 calls=1021 margin 6.21->2.65 t=3.0s
[DONE] fit__3763__denoise__counterfactual__nes__l0.5 calls=1021 margin 6.21->2.48 t=3.0s
[DONE] fit__3763__deblur__attack__nes__l1 calls=1021 margin 9.32->4.36 t=2.9s
[DONE] fit__3763__deblur__restore__nes__l1 calls=1021 margin 9.32->9.95 t=3.1s
[DONE] fit__3763__deblur__random_walk__random_walk__l1 calls=1024 margin 9.32->10.00 t=4.1s
[DONE] fit__3763__deblur__confidence_boost__nes__l1 calls=1021 margin 9.32->13.41 t=2.9s
[DONE] fit__3763__deblur__boundary_probe__nes__l1 calls=1021 margin 9.32->4.45 t=3.0s
[DONE] fit__3763__deblur__counterfactual__nes__l1 calls=1021 margin 9.32->4.22 t=3.0s
[DONE] fit__3307__denoise__attack__nes__l0.5 calls=1021 margin 8.23->5.11 t=2.9s
[DONE] fit__3307__denoise__restore__nes__l0.5 calls=1021 margin 8.23->8.23 t=3.0s
[DONE] fit__3307__denoise__random_walk__random_walk__l0.5 calls=1024 margin 8.23->7.55 t=4.3s
[DONE] fit__3307__denoise__confidence_boost__nes__l0.5 calls=1021 margin 8.23->10.31 t=3.0s
[DONE] fit__3307__denoise__boundary_probe__nes__l0.5 calls=1021 margin 8.23->4.56 t=3.1s
[DONE] fit__3307__denoise__counterfactual__nes__l0.5 calls=1021 margin 8.23->4.72 t=2.8s
[DONE] fit__3307__deblur__attack__nes__l1 calls=1021 margin 8.20->2.48 t=3.0s
[DONE] fit__3307__deblur__restore__nes__l1 calls=1021 margin 8.20->8.58 t=2.8s
[DONE] fit__3307__deblur__random_walk__random_walk__l1 calls=1024 margin 8.20->7.62 t=4.2s
[DONE] fit__3307__deblur__confidence_boost__nes__l1 calls=1021 margin 8.20->11.39 t=2.9s
[DONE] fit__3307__deblur__boundary_probe__nes__l1 calls=1021 margin 8.20->2.78 t=3.0s
[DONE] fit__3307__deblur__counterfactual__nes__l1 calls=1021 margin 8.20->3.18 t=3.0s
[DONE] fit__9122__denoise__attack__nes__l0.5 calls=1021 margin 0.21->-5.93 t=3.1s
[DONE] fit__9122__denoise__restore__nes__l0.5 calls=1021 margin 0.21->0.62 t=2.9s
[DONE] fit__9122__denoise__random_walk__random_walk__l0.5 calls=1024 margin 0.21->1.73 t=4.1s
[DONE] fit__9122__denoise__confidence_boost__nes__l0.5 calls=1021 margin 0.21->7.08 t=2.8s
[DONE] fit__9122__denoise__boundary_probe__nes__l0.5 calls=1021 margin 0.21->0.04 t=2.7s
[DONE] fit__9122__denoise__counterfactual__nes__l0.5 calls=1021 margin 0.21->-6.46 t=2.9s
[DONE] fit__9122__deblur__attack__nes__l1 calls=1021 margin 0.22->-5.70 t=2.8s
[DONE] fit__9122__deblur__restore__nes__l1 calls=1021 margin 0.22->0.81 t=2.7s
[DONE] fit__9122__deblur__random_walk__random_walk__l1 calls=1024 margin 0.22->2.48 t=3.8s
[DONE] fit__9122__deblur__confidence_boost__nes__l1 calls=1021 margin 0.22->7.21 t=2.8s
[DONE] fit__9122__deblur__boundary_probe__nes__l1 calls=1021 margin 0.22->0.01 t=2.6s
[DONE] fit__9122__deblur__counterfactual__nes__l1 calls=1021 margin 0.22->-5.47 t=2.8s
