[DONE] calibration__868__denoise__attack__simba__l0.5 calls=1023 margin 6.26->-1.98 t=4.3s
[DONE] calibration__868__denoise__restore__simba__l0.5 calls=1023 margin 6.26->5.90 t=4.3s
[DONE] calibration__868__denoise__confidence_boost__simba__l0.5 calls=1023 margin 6.26->11.40 t=4.0s
[DONE] calibration__868__denoise__boundary_probe__simba__l0.5 calls=1023 margin 6.26->0.00 t=4.3s
[DONE] calibration__868__denoise__counterfactual__simba__l0.5 calls=1023 margin 6.26->-2.41 t=4.1s
[DONE] calibration__868__deblur__attack__simba__l1 calls=1023 margin 5.04->-3.92 t=4.0s
[DONE] calibration__868__deblur__restore__simba__l1 calls=1023 margin 5.04->5.59 t=4.4s
[DONE] calibration__868__deblur__confidence_boost__simba__l1 calls=1023 margin 5.04->13.77 t=4.0s
[DONE] calibration__868__deblur__boundary_probe__simba__l1 calls=1023 margin 5.04->0.00 t=4.3s
[DONE] calibration__868__deblur__counterfactual__simba__l1 calls=1023 margin 5.04->-5.24 t=4.1s
[DONE] calibration__5144__denoise__attack__simba__l0.5 calls=1023 margin 0.20->-8.41 t=4.0s
[DONE] calibration__5144__denoise__restore__simba__l0.5 calls=1023 margin 0.20->0.28 t=4.5s
[DONE] calibration__5144__denoise__confidence_boost__simba__l0.5 calls=1023 margin 0.20->9.30 t=4.0s
[DONE] calibration__5144__denoise__boundary_probe__simba__l0.5 calls=1023 margin 0.20->0.00 t=4.3s
[DONE] calibration__5144__denoise__counterfactual__simba__l0.5 calls=1023 margin 0.20->-7.03 t=4.0s
[DONE] calibration__5144__deblur__attack__simba__l1 calls=1023 margin 6.41->-8.09 t=4.2s
[DONE] calibration__5144__deblur__restore__simba__l1 calls=1023 margin 6.41->5.67 t=4.5s
[DONE] calibration__5144__deblur__confidence_boost__simba__l1 calls=1023 margin 6.41->13.42 t=4.1s
[DONE] calibration__5144__deblur__boundary_probe__simba__l1 calls=1023 margin 6.41->0.00 t=4.4s
[DONE] calibration__5144__deblur__counterfactual__simba__l1 calls=1023 margin 6.41->-7.64 t=4.2s
[DONE] calibration__2009__denoise__attack__simba__l0.5 calls=1023 margin 5.61->-4.25 t=4.1s
[DONE] calibration__2009__denoise__restore__simba__l0.5 calls=1023 margin 5.61->4.67 t=4.4s
[DONE] calibration__2009__denoise__confidence_boost__simba__l0.5 calls=1023 margin 5.61->10.81 t=4.2s
[DONE] calibration__2009__denoise__boundary_probe__simba__l0.5 calls=1023 margin 5.61->0.00 t=4.4s
[DONE] calibration__2009__denoise__counterfactual__simba__l0.5 calls=1023 margin 5.61->-4.34 t=4.2s
[DONE] calibration__2009__deblur__attack__simba__l1 calls=1023 margin 7.50->-6.42 t=4.1s
[DONE] calibration__2009__deblur__restore__simba__l1 calls=1023 margin 7.50->7.19 t=4.4s
[DONE] calibration__2009__deblur__confidence_boost__simba__l1 calls=1023 margin 7.50->11.86 t=4.0s
[DONE] calibration__2009__deblur__boundary_probe__simba__l1 calls=1023 margin 7.50->0.00 t=4.4s
[DONE] calibration__2009__deblur__counterfactual__simba__l1 calls=1023 margin 7.50->-4.78 t=4.2s
[DONE] calibration__7013__denoise__attack__simba__l0.5 calls=1023 margin 7.73->-1.75 t=4.0s
[DONE] calibration__7013__denoise__restore__simba__l0.5 calls=1023 margin 7.73->7.47 t=4.4s
[DONE] calibration__7013__denoise__confidence_boost__simba__l0.5 calls=1023 margin 7.73->11.46 t=4.0s
[DONE] calibration__7013__denoise__boundary_probe__simba__l0.5 calls=1023 margin 7.73->0.00 t=4.2s
[DONE] calibration__7013__denoise__counterfactual__simba__l0.5 calls=1023 margin 7.73->0.24 t=4.2s
[DONE] calibration__7013__deblur__attack__simba__l1 calls=1023 margin 10.26->-1.54 t=4.1s
[DONE] calibration__7013__deblur__restore__simba__l1 calls=1023 margin 10.26->10.04 t=4.2s
[DONE] calibration__7013__deblur__confidence_boost__simba__l1 calls=1023 margin 10.26->13.22 t=4.0s
[DONE] calibration__7013__deblur__boundary_probe__simba__l1 calls=1023 margin 10.26->0.00 t=4.3s
[DONE] calibration__7013__deblur__counterfactual__simba__l1 calls=1023 margin 10.26->-1.77 t=4.0s
[DONE] calibration__3758__denoise__attack__simba__l0.5 calls=1023 margin 2.73->-5.27 t=4.2s
[DONE] calibration__3758__denoise__restore__simba__l0.5 calls=1023 margin 2.73->3.16 t=4.6s
[DONE] calibration__3758__denoise__confidence_boost__simba__l0.5 calls=1023 margin 2.73->8.96 t=3.9s
[DONE] calibration__3758__denoise__boundary_probe__simba__l0.5 calls=1023 margin 2.73->0.00 t=4.2s
[DONE] calibration__3758__denoise__counterfactual__simba__l0.5 calls=1023 margin 2.73->-5.37 t=4.1s
[DONE] calibration__3758__deblur__attack__simba__l1 calls=1023 margin 4.66->-5.68 t=3.9s
[DONE] calibration__3758__deblur__restore__simba__l1 calls=1023 margin 4.66->4.19 t=4.2s
[DONE] calibration__3758__deblur__confidence_boost__simba__l1 calls=1023 margin 4.66->12.50 t=4.0s
[DONE] calibration__3758__deblur__boundary_probe__simba__l1 calls=1023 margin 4.66->0.00 t=4.3s
[DONE] calibration__3758__deblur__counterfactual__simba__l1 calls=1023 margin 4.66->-5.34 t=4.0s
[DONE] calibration__256__denoise__attack__simba__l0.5 calls=1023 margin 2.81->-6.75 t=4.2s
[DONE] calibration__256__denoise__restore__simba__l0.5 calls=1023 margin 2.81->3.31 t=4.5s
[DONE] calibration__256__denoise__confidence_boost__simba__l0.5 calls=1023 margin 2.81->11.18 t=4.1s
[DONE] calibration__256__denoise__boundary_probe__simba__l0.5 calls=1023 margin 2.81->0.00 t=4.3s
[DONE] calibration__256__denoise__counterfactual__simba__l0.5 calls=1023 margin 2.81->-7.28 t=4.1s
[DONE] calibration__256__deblur__attack__simba__l1 calls=1023 margin 4.32->-9.47 t=3.9s
[DONE] calibration__256__deblur__restore__simba__l1 calls=1023 margin 4.32->5.28 t=4.5s
[DONE] calibration__256__deblur__confidence_boost__simba__l1 calls=1023 margin 4.32->13.61 t=4.2s
[DONE] calibration__256__deblur__boundary_probe__simba__l1 calls=1023 margin 4.32->0.00 t=4.3s
[DONE] calibration__256__deblur__counterfactual__simba__l1 calls=1023 margin 4.32->-7.93 t=4.0s
[DONE] calibration__7618__denoise__attack__simba__l0.5 calls=1023 margin 3.59->-8.88 t=4.1s
[DONE] calibration__7618__denoise__restore__simba__l0.5 calls=1023 margin 3.59->4.34 t=4.4s
[DONE] calibration__7618__denoise__confidence_boost__simba__l0.5 calls=1023 margin 3.59->12.96 t=4.1s
[DONE] calibration__7618__denoise__boundary_probe__simba__l0.5 calls=1023 margin 3.59->0.00 t=4.3s
[DONE] calibration__7618__denoise__counterfactual__simba__l0.5 calls=1023 margin 3.59->-7.64 t=4.0s
[DONE] calibration__7618__deblur__attack__simba__l1 calls=1023 margin 8.36->-5.13 t=4.1s
[DONE] calibration__7618__deblur__restore__simba__l1 calls=1023 margin 8.36->8.50 t=4.4s
[DONE] calibration__7618__deblur__confidence_boost__simba__l1 calls=1023 margin 8.36->14.12 t=4.0s
[DONE] calibration__7618__deblur__boundary_probe__simba__l1 calls=1023 margin 8.36->0.00 t=4.4s
[DONE] calibration__7618__deblur__counterfactual__simba__l1 calls=1023 margin 8.36->-5.13 t=4.1s
[DONE] calibration__1003__denoise__attack__simba__l0.5 calls=1023 margin 6.78->-0.71 t=4.1s
[DONE] calibration__1003__denoise__restore__simba__l0.5 calls=1023 margin 6.78->6.80 t=4.4s
[DONE] calibration__1003__denoise__confidence_boost__simba__l0.5 calls=1023 margin 6.78->12.41 t=4.0s
[DONE] calibration__1003__denoise__boundary_probe__simba__l0.5 calls=1023 margin 6.78->0.21 t=4.3s
[DONE] calibration__1003__denoise__counterfactual__simba__l0.5 calls=1023 margin 6.78->-0.44 t=4.0s
[DONE] calibration__1003__deblur__attack__simba__l1 calls=1023 margin 6.32->-4.10 t=4.2s
[DONE] calibration__1003__deblur__restore__simba__l1 calls=1023 margin 6.32->6.60 t=4.4s
[DONE] calibration__1003__deblur__confidence_boost__simba__l1 calls=1023 margin 6.32->14.14 t=4.0s
[DONE] calibration__1003__deblur__boundary_probe__simba__l1 calls=1023 margin 6.32->0.00 t=4.2s
[DONE] calibration__1003__deblur__counterfactual__simba__l1 calls=1023 margin 6.32->-4.29 t=4.1s
[DONE] calibration__7552__denoise__attack__simba__l0.5 calls=1023 margin 6.84->-5.42 t=4.1s
[DONE] calibration__7552__denoise__restore__simba__l0.5 calls=1023 margin 6.84->6.92 t=4.4s
[DONE] calibration__7552__denoise__confidence_boost__simba__l0.5 calls=1023 margin 6.84->13.75 t=4.0s
[DONE] calibration__7552__denoise__boundary_probe__simba__l0.5 calls=1023 margin 6.84->0.00 t=4.3s
[DONE] calibration__7552__denoise__counterfactual__simba__l0.5 calls=1023 margin 6.84->-4.29 t=4.0s
[DONE] calibration__7552__deblur__attack__simba__l1 calls=1023 margin 9.80->-2.19 t=4.1s
[DONE] calibration__7552__deblur__restore__simba__l1 calls=1023 margin 9.80->10.37 t=4.4s
[DONE] calibration__7552__deblur__confidence_boost__simba__l1 calls=1023 margin 9.80->14.52 t=4.1s
[DONE] calibration__7552__deblur__boundary_probe__simba__l1 calls=1023 margin 9.80->0.00 t=4.4s
[DONE] calibration__7552__deblur__counterfactual__simba__l1 calls=1023 margin 9.80->-3.12 t=4.1s
[DONE] calibration__2885__denoise__attack__simba__l0.5 calls=1023 margin 6.53->-1.48 t=4.0s
[DONE] calibration__2885__denoise__restore__simba__l0.5 calls=1023 margin 6.53->7.22 t=4.4s
[DONE] calibration__2885__denoise__confidence_boost__simba__l0.5 calls=1023 margin 6.53->11.63 t=4.0s
[DONE] calibration__2885__denoise__boundary_probe__simba__l0.5 calls=1023 margin 6.53->0.00 t=4.3s
[DONE] calibration__2885__denoise__counterfactual__simba__l0.5 calls=1023 margin 6.53->-1.27 t=4.0s
[DONE] calibration__2885__deblur__attack__simba__l1 calls=1023 margin 5.89->-2.78 t=4.0s
[DONE] calibration__2885__deblur__restore__simba__l1 calls=1023 margin 5.89->7.34 t=4.4s
[DONE] calibration__2885__deblur__confidence_boost__simba__l1 calls=1023 margin 5.89->13.09 t=4.1s
[DONE] calibration__2885__deblur__boundary_probe__simba__l1 calls=1023 margin 5.89->0.00 t=4.3s
[DONE] calibration__2885__deblur__counterfactual__simba__l1 calls=1023 margin 5.89->-3.31 t=4.2s
[DONE] calibration__304__denoise__attack__simba__l0.5 calls=1023 margin 8.70->-0.52 t=4.1s
[DONE] calibration__304__denoise__restore__simba__l0.5 calls=1023 margin 8.70->8.57 t=4.2s
[DONE] calibration__304__denoise__confidence_boost__simba__l0.5 calls=1023 margin 8.70->12.79 t=4.1s
[DONE] calibration__304__denoise__boundary_probe__simba__l0.5 calls=1023 margin 8.70->0.14 t=4.4s
[DONE] calibration__304__denoise__counterfactual__simba__l0.5 calls=1023 margin 8.70->0.51 t=4.1s
[DONE] calibration__304__deblur__attack__simba__l1 calls=1023 margin 7.41->-6.98 t=4.0s
[DONE] calibration__304__deblur__restore__simba__l1 calls=1023 margin 7.41->8.46 t=4.3s
[DONE] calibration__304__deblur__confidence_boost__simba__l1 calls=1023 margin 7.41->13.73 t=4.1s
[DONE] calibration__304__deblur__boundary_probe__simba__l1 calls=1023 margin 7.41->0.00 t=4.3s
[DONE] calibration__304__deblur__counterfactual__simba__l1 calls=1023 margin 7.41->-5.54 t=4.1s
[DONE] calibration__7333__denoise__attack__simba__l0.5 calls=1023 margin 12.91->5.67 t=4.0s
[DONE] calibration__7333__denoise__restore__simba__l0.5 calls=1023 margin 12.91->13.19 t=4.3s
[DONE] calibration__7333__denoise__confidence_boost__simba__l0.5 calls=1023 margin 12.91->13.61 t=4.1s
[DONE] calibration__7333__denoise__boundary_probe__simba__l0.5 calls=1023 margin 12.91->4.38 t=4.2s
[DONE] calibration__7333__denoise__counterfactual__simba__l0.5 calls=1023 margin 12.91->4.03 t=3.9s
[DONE] calibration__7333__deblur__attack__simba__l1 calls=1023 margin 4.15->-10.87 t=4.1s
[DONE] calibration__7333__deblur__restore__simba__l1 calls=1023 margin 4.15->6.67 t=4.4s
[DONE] calibration__7333__deblur__confidence_boost__simba__l1 calls=1023 margin 4.15->14.10 t=4.0s
[DONE] calibration__7333__deblur__boundary_probe__simba__l1 calls=1023 margin 4.15->0.00 t=4.4s
[DONE] calibration__7333__deblur__counterfactual__simba__l1 calls=1023 margin 4.15->-8.55 t=4.1s
[DONE] calibration__288__denoise__attack__simba__l0.5 calls=1023 margin 2.89->-7.43 t=4.0s
[DONE] calibration__288__denoise__restore__simba__l0.5 calls=1023 margin 2.89->2.87 t=4.4s
[DONE] calibration__288__denoise__confidence_boost__simba__l0.5 calls=1023 margin 2.89->9.28 t=4.1s
[DONE] calibration__288__denoise__boundary_probe__simba__l0.5 calls=1023 margin 2.89->0.00 t=4.3s
[DONE] calibration__288__denoise__counterfactual__simba__l0.5 calls=1023 margin 2.89->-7.32 t=4.0s
[DONE] calibration__288__deblur__attack__simba__l1 calls=1023 margin 4.04->-9.91 t=4.2s
[DONE] calibration__288__deblur__restore__simba__l1 calls=1023 margin 4.04->3.93 t=4.4s
[DONE] calibration__288__deblur__confidence_boost__simba__l1 calls=1023 margin 4.04->9.85 t=4.2s
[DONE] calibration__288__deblur__boundary_probe__simba__l1 calls=1023 margin 4.04->0.00 t=4.4s
[DONE] calibration__288__deblur__counterfactual__simba__l1 calls=1023 margin 4.04->-3.92 t=4.1s
[DONE] calibration__7505__denoise__attack__simba__l0.5 calls=1023 margin 4.06->-3.81 t=4.0s
[DONE] calibration__7505__denoise__restore__simba__l0.5 calls=1023 margin 4.06->4.55 t=4.4s
[DONE] calibration__7505__denoise__confidence_boost__simba__l0.5 calls=1023 margin 4.06->10.54 t=4.2s
[DONE] calibration__7505__denoise__boundary_probe__simba__l0.5 calls=1023 margin 4.06->0.00 t=4.3s
[DONE] calibration__7505__denoise__counterfactual__simba__l0.5 calls=1023 margin 4.06->-4.45 t=4.0s
[DONE] calibration__7505__deblur__attack__simba__l1 calls=1023 margin 1.96->-5.70 t=4.1s
[DONE] calibration__7505__deblur__restore__simba__l1 calls=1023 margin 1.96->2.56 t=4.3s
[DONE] calibration__7505__deblur__confidence_boost__simba__l1 calls=1023 margin 1.96->9.12 t=4.0s
[DONE] calibration__7505__deblur__boundary_probe__simba__l1 calls=1023 margin 1.96->0.00 t=4.3s
[DONE] calibration__7505__deblur__counterfactual__simba__l1 calls=1023 margin 1.96->-5.62 t=4.1s
[DONE] calibration__4296__denoise__attack__simba__l0.5 calls=1023 margin 0.03->-11.07 t=4.0s
[DONE] calibration__4296__denoise__restore__simba__l0.5 calls=1023 margin 0.03->0.04 t=4.3s
[DONE] calibration__4296__denoise__confidence_boost__simba__l0.5 calls=1023 margin 0.03->8.61 t=4.0s
[DONE] calibration__4296__denoise__boundary_probe__simba__l0.5 calls=1023 margin 0.03->0.00 t=4.3s
[DONE] calibration__4296__denoise__counterfactual__simba__l0.5 calls=1023 margin 0.03->-8.18 t=4.2s
[DONE] calibration__4296__deblur__attack__simba__l1 calls=1023 margin 5.73->-5.90 t=4.1s
[DONE] calibration__4296__deblur__restore__simba__l1 calls=1023 margin 5.73->7.24 t=4.5s
[DONE] calibration__4296__deblur__confidence_boost__simba__l1 calls=1023 margin 5.73->13.92 t=4.1s
[DONE] calibration__4296__deblur__boundary_probe__simba__l1 calls=1023 margin 5.73->0.00 t=4.2s
[DONE] calibration__4296__deblur__counterfactual__simba__l1 calls=1023 margin 5.73->-5.46 t=4.1s
[DONE] calibration__76__denoise__attack__simba__l0.5 calls=1023 margin 2.05->-6.04 t=4.2s
[DONE] calibration__76__denoise__restore__simba__l0.5 calls=1023 margin 2.05->0.48 t=4.3s
[DONE] calibration__76__denoise__confidence_boost__simba__l0.5 calls=1023 margin 2.05->10.86 t=4.0s
[DONE] calibration__76__denoise__boundary_probe__simba__l0.5 calls=1023 margin 2.05->0.00 t=4.4s
[DONE] calibration__76__denoise__counterfactual__simba__l0.5 calls=1023 margin 2.05->-5.70 t=4.0s
[DONE] calibration__76__deblur__attack__simba__l1 calls=1023 margin 6.10->-7.01 t=4.2s
[DONE] calibration__76__deblur__restore__simba__l1 calls=1023 margin 6.10->7.25 t=4.4s
[DONE] calibration__76__deblur__confidence_boost__simba__l1 calls=1023 margin 6.10->13.03 t=4.1s
[DONE] calibration__76__deblur__boundary_probe__simba__l1 calls=1023 margin 6.10->0.00 t=4.4s
[DONE] calibration__76__deblur__counterfactual__simba__l1 calls=1023 margin 6.10->-7.32 t=4.1s
[DONE] calibration__6256__denoise__attack__simba__l0.5 calls=1023 margin 4.73->-3.18 t=4.0s
[DONE] calibration__6256__denoise__restore__simba__l0.5 calls=1023 margin 4.73->4.52 t=4.5s
[DONE] calibration__6256__denoise__confidence_boost__simba__l0.5 calls=1023 margin 4.73->10.50 t=4.0s
[DONE] calibration__6256__denoise__boundary_probe__simba__l0.5 calls=1023 margin 4.73->0.00 t=4.3s
[DONE] calibration__6256__denoise__counterfactual__simba__l0.5 calls=1023 margin 4.73->-3.53 t=4.0s
[DONE] calibration__6256__deblur__attack__simba__l1 calls=1023 margin 7.65->-5.93 t=3.9s
[DONE] calibration__6256__deblur__restore__simba__l1 calls=1023 margin 7.65->7.45 t=4.3s
[DONE] calibration__6256__deblur__confidence_boost__simba__l1 calls=1023 margin 7.65->13.14 t=4.0s
[DONE] calibration__6256__deblur__boundary_probe__simba__l1 calls=1023 margin 7.65->0.00 t=4.3s
[DONE] calibration__6256__deblur__counterfactual__simba__l1 calls=1023 margin 7.65->-4.19 t=4.0s
[DONE] evaluation__1109__denoise__attack__simba__l0.5 calls=1023 margin 1.95->-9.41 t=4.0s
[DONE] evaluation__1109__denoise__restore__simba__l0.5 calls=1023 margin 1.95->2.20 t=4.4s
[DONE] evaluation__1109__denoise__confidence_boost__simba__l0.5 calls=1023 margin 1.95->8.23 t=4.1s
[DONE] evaluation__1109__denoise__boundary_probe__simba__l0.5 calls=1023 margin 1.95->0.00 t=4.2s
[DONE] evaluation__1109__denoise__counterfactual__simba__l0.5 calls=1023 margin 1.95->-4.14 t=4.0s
[DONE] evaluation__1109__deblur__attack__simba__l1 calls=1023 margin 8.19->-3.92 t=4.1s
[DONE] evaluation__1109__deblur__restore__simba__l1 calls=1023 margin 8.19->8.69 t=4.3s
[DONE] evaluation__1109__deblur__confidence_boost__simba__l1 calls=1023 margin 8.19->13.14 t=4.1s
[DONE] evaluation__1109__deblur__boundary_probe__simba__l1 calls=1023 margin 8.19->0.00 t=4.4s
[DONE] evaluation__1109__deblur__counterfactual__simba__l1 calls=1023 margin 8.19->-4.08 t=4.1s
[DONE] evaluation__6003__denoise__attack__simba__l0.5 calls=1023 margin 5.78->-0.67 t=4.1s
[DONE] evaluation__6003__denoise__restore__simba__l0.5 calls=1023 margin 5.78->5.64 t=4.2s
[DONE] evaluation__6003__denoise__confidence_boost__simba__l0.5 calls=1023 margin 5.78->10.22 t=4.0s
[DONE] evaluation__6003__denoise__boundary_probe__simba__l0.5 calls=1023 margin 5.78->0.00 t=4.3s
[DONE] evaluation__6003__denoise__counterfactual__simba__l0.5 calls=1023 margin 5.78->-1.25 t=4.1s
[DONE] evaluation__6003__deblur__attack__simba__l1 calls=1023 margin 10.21->7.36 t=4.0s
[DONE] evaluation__6003__deblur__restore__simba__l1 calls=1023 margin 10.21->10.20 t=4.4s
[DONE] evaluation__6003__deblur__confidence_boost__simba__l1 calls=1023 margin 10.21->13.00 t=4.0s
[DONE] evaluation__6003__deblur__boundary_probe__simba__l1 calls=1023 margin 10.21->6.95 t=4.2s
[DONE] evaluation__6003__deblur__counterfactual__simba__l1 calls=1023 margin 10.21->6.96 t=4.2s
[DONE] evaluation__8884__denoise__attack__simba__l0.5 calls=1023 margin 5.96->-6.72 t=4.0s
[DONE] evaluation__8884__denoise__restore__simba__l0.5 calls=1023 margin 5.96->5.50 t=4.3s
[DONE] evaluation__8884__denoise__confidence_boost__simba__l0.5 calls=1023 margin 5.96->12.59 t=4.2s
[DONE] evaluation__8884__denoise__boundary_probe__simba__l0.5 calls=1023 margin 5.96->0.00 t=4.3s
[DONE] evaluation__8884__denoise__counterfactual__simba__l0.5 calls=1023 margin 5.96->-7.07 t=4.0s
[DONE] evaluation__8884__deblur__attack__simba__l1 calls=1023 margin 8.51->-7.85 t=4.1s
[DONE] evaluation__8884__deblur__restore__simba__l1 calls=1023 margin 8.51->8.59 t=4.3s
[DONE] evaluation__8884__deblur__confidence_boost__simba__l1 calls=1023 margin 8.51->13.94 t=4.0s
[DONE] evaluation__8884__deblur__boundary_probe__simba__l1 calls=1023 margin 8.51->0.00 t=4.3s
[DONE] evaluation__8884__deblur__counterfactual__simba__l1 calls=1023 margin 8.51->-7.01 t=4.1s
[DONE] evaluation__6__denoise__attack__simba__l0.5 calls=1023 margin 1.17->-10.15 t=4.1s
[DONE] evaluation__6__denoise__restore__simba__l0.5 calls=1023 margin 1.17->1.06 t=4.4s
[DONE] evaluation__6__denoise__confidence_boost__simba__l0.5 calls=1023 margin 1.17->9.33 t=4.0s
[DONE] evaluation__6__denoise__boundary_probe__simba__l0.5 calls=1023 margin 1.17->0.00 t=4.2s
[DONE] evaluation__6__denoise__counterfactual__simba__l0.5 calls=1023 margin 1.17->-9.54 t=4.0s
[DONE] evaluation__6__deblur__attack__simba__l1 calls=1023 margin 0.18->-12.94 t=4.1s
[DONE] evaluation__6__deblur__restore__simba__l1 calls=1023 margin 0.18->1.78 t=4.5s
[DONE] evaluation__6__deblur__confidence_boost__simba__l1 calls=1023 margin 0.18->8.72 t=4.0s
[DONE] evaluation__6__deblur__boundary_probe__simba__l1 calls=1023 margin 0.18->0.00 t=4.3s
[DONE] evaluation__6__deblur__counterfactual__simba__l1 calls=1023 margin 0.18->-10.15 t=4.2s
[DONE] evaluation__1991__denoise__attack__simba__l0.5 calls=1023 margin 9.56->3.54 t=4.1s
[DONE] evaluation__1991__denoise__restore__simba__l0.5 calls=1023 margin 9.56->9.21 t=4.5s
[DONE] evaluation__1991__denoise__confidence_boost__simba__l0.5 calls=1023 margin 9.56->12.43 t=4.1s
[DONE] evaluation__1991__denoise__boundary_probe__simba__l0.5 calls=1023 margin 9.56->4.13 t=4.3s
[DONE] evaluation__1991__denoise__counterfactual__simba__l0.5 calls=1023 margin 9.56->3.92 t=4.2s
[DONE] evaluation__1991__deblur__attack__simba__l1 calls=1023 margin 11.58->5.18 t=4.0s
[DONE] evaluation__1991__deblur__restore__simba__l1 calls=1023 margin 11.58->11.03 t=4.4s
[DONE] evaluation__1991__deblur__confidence_boost__simba__l1 calls=1023 margin 11.58->13.03 t=4.2s
[DONE] evaluation__1991__deblur__boundary_probe__simba__l1 calls=1023 margin 11.58->5.10 t=4.4s
[DONE] evaluation__1991__deblur__counterfactual__simba__l1 calls=1023 margin 11.58->4.46 t=4.1s
[DONE] evaluation__6984__denoise__attack__simba__l0.5 calls=1023 margin 8.02->0.15 t=4.0s
[DONE] evaluation__6984__denoise__restore__simba__l0.5 calls=1023 margin 8.02->8.59 t=4.4s
[DONE] evaluation__6984__denoise__confidence_boost__simba__l0.5 calls=1023 margin 8.02->12.20 t=4.1s
[DONE] evaluation__6984__denoise__boundary_probe__simba__l0.5 calls=1023 margin 8.02->0.00 t=4.3s
[DONE] evaluation__6984__denoise__counterfactual__simba__l0.5 calls=1023 margin 8.02->-0.46 t=4.1s
[DONE] evaluation__6984__deblur__attack__simba__l1 calls=1023 margin 8.69->0.38 t=4.0s
[DONE] evaluation__6984__deblur__restore__simba__l1 calls=1023 margin 8.69->9.11 t=4.3s
[DONE] evaluation__6984__deblur__confidence_boost__simba__l1 calls=1023 margin 8.69->12.06 t=4.0s
[DONE] evaluation__6984__deblur__boundary_probe__simba__l1 calls=1023 margin 8.69->0.29 t=4.3s
[DONE] evaluation__6984__deblur__counterfactual__simba__l1 calls=1023 margin 8.69->3.54 t=4.1s
[DONE] evaluation__8503__denoise__attack__simba__l0.5 calls=1023 margin 1.23->-5.12 t=4.1s
[DONE] evaluation__8503__denoise__restore__simba__l0.5 calls=1023 margin 1.23->1.07 t=4.2s
[DONE] evaluation__8503__denoise__confidence_boost__simba__l0.5 calls=1023 margin 1.23->6.69 t=4.0s
[DONE] evaluation__8503__denoise__boundary_probe__simba__l0.5 calls=1023 margin 1.23->0.00 t=4.3s
[DONE] evaluation__8503__denoise__counterfactual__simba__l0.5 calls=1023 margin 1.23->-4.52 t=4.2s
[DONE] evaluation__8503__deblur__attack__simba__l1 calls=1023 margin 5.89->-3.60 t=4.2s
[DONE] evaluation__8503__deblur__restore__simba__l1 calls=1023 margin 5.89->5.59 t=4.4s
[DONE] evaluation__8503__deblur__confidence_boost__simba__l1 calls=1023 margin 5.89->10.88 t=4.0s
[DONE] evaluation__8503__deblur__boundary_probe__simba__l1 calls=1023 margin 5.89->0.00 t=4.4s
[DONE] evaluation__8503__deblur__counterfactual__simba__l1 calls=1023 margin 5.89->-4.21 t=4.2s
[DONE] evaluation__2170__denoise__attack__simba__l0.5 calls=1023 margin 1.85->-10.14 t=4.0s
[DONE] evaluation__2170__denoise__restore__simba__l0.5 calls=1023 margin 1.85->0.42 t=4.4s
[DONE] evaluation__2170__denoise__confidence_boost__simba__l0.5 calls=1023 margin 1.85->9.70 t=4.0s
[DONE] evaluation__2170__denoise__boundary_probe__simba__l0.5 calls=1023 margin 1.85->0.00 t=4.3s
[DONE] evaluation__2170__denoise__counterfactual__simba__l0.5 calls=1023 margin 1.85->-8.68 t=4.1s
[DONE] evaluation__2170__deblur__attack__simba__l1 calls=1023 margin 11.69->-2.06 t=4.1s
[DONE] evaluation__2170__deblur__restore__simba__l1 calls=1023 margin 11.69->11.96 t=4.4s
[DONE] evaluation__2170__deblur__confidence_boost__simba__l1 calls=1023 margin 11.69->13.78 t=4.0s
[DONE] evaluation__2170__deblur__boundary_probe__simba__l1 calls=1023 margin 11.69->0.00 t=4.3s
[DONE] evaluation__2170__deblur__counterfactual__simba__l1 calls=1023 margin 11.69->-5.23 t=3.9s
[DONE] evaluation__4622__denoise__attack__simba__l0.5 calls=1023 margin 3.89->-5.91 t=4.0s
[DONE] evaluation__4622__denoise__restore__simba__l0.5 calls=1023 margin 3.89->4.38 t=4.2s
[DONE] evaluation__4622__denoise__confidence_boost__simba__l0.5 calls=1023 margin 3.89->10.38 t=4.0s
[DONE] evaluation__4622__denoise__boundary_probe__simba__l0.5 calls=1023 margin 3.89->0.00 t=4.3s
[DONE] evaluation__4622__denoise__counterfactual__simba__l0.5 calls=1023 margin 3.89->-6.29 t=4.2s
[DONE] evaluation__4622__deblur__attack__simba__l1 calls=1023 margin 5.54->-10.13 t=3.9s
[DONE] evaluation__4622__deblur__restore__simba__l1 calls=1023 margin 5.54->5.66 t=4.3s
[DONE] evaluation__4622__deblur__confidence_boost__simba__l1 calls=1023 margin 5.54->12.50 t=4.1s
[DONE] evaluation__4622__deblur__boundary_probe__simba__l1 calls=1023 margin 5.54->0.00 t=4.3s
[DONE] evaluation__4622__deblur__counterfactual__simba__l1 calls=1023 margin 5.54->-8.58 t=4.2s
[DONE] evaluation__7902__denoise__attack__simba__l0.5 calls=1023 margin 7.99->-1.37 t=3.9s
[DONE] evaluation__7902__denoise__restore__simba__l0.5 calls=1023 margin 7.99->7.66 t=4.3s
[DONE] evaluation__7902__denoise__confidence_boost__simba__l0.5 calls=1023 margin 7.99->11.68 t=4.0s
[DONE] evaluation__7902__denoise__boundary_probe__simba__l0.5 calls=1023 margin 7.99->0.00 t=4.3s
[DONE] evaluation__7902__denoise__counterfactual__simba__l0.5 calls=1023 margin 7.99->-2.15 t=4.0s
[DONE] evaluation__7902__deblur__attack__simba__l1 calls=1023 margin 11.33->2.44 t=3.9s
[DONE] evaluation__7902__deblur__restore__simba__l1 calls=1023 margin 11.33->11.15 t=4.3s
[DONE] evaluation__7902__deblur__confidence_boost__simba__l1 calls=1023 margin 11.33->13.74 t=4.1s
[DONE] evaluation__7902__deblur__boundary_probe__simba__l1 calls=1023 margin 11.33->0.53 t=4.4s
[DONE] evaluation__7902__deblur__counterfactual__simba__l1 calls=1023 margin 11.33->0.23 t=4.1s
[DONE] evaluation__1603__denoise__attack__simba__l0.5 calls=1023 margin 0.13->-9.18 t=4.1s
[DONE] evaluation__1603__denoise__restore__simba__l0.5 calls=1023 margin 0.13->0.02 t=4.4s
[DONE] evaluation__1603__denoise__confidence_boost__simba__l0.5 calls=1023 margin 0.13->7.38 t=4.1s
[DONE] evaluation__1603__denoise__boundary_probe__simba__l0.5 calls=1023 margin 0.13->0.00 t=4.3s
[DONE] evaluation__1603__denoise__counterfactual__simba__l0.5 calls=1023 margin 0.13->-7.79 t=4.0s
[DONE] evaluation__1603__deblur__attack__simba__l1 calls=1023 margin 5.62->-8.85 t=3.9s
[DONE] evaluation__1603__deblur__restore__simba__l1 calls=1023 margin 5.62->6.00 t=4.5s
[DONE] evaluation__1603__deblur__confidence_boost__simba__l1 calls=1023 margin 5.62->11.78 t=4.1s
[DONE] evaluation__1603__deblur__boundary_probe__simba__l1 calls=1023 margin 5.62->0.00 t=4.4s
[DONE] evaluation__1603__deblur__counterfactual__simba__l1 calls=1023 margin 5.62->-5.02 t=4.1s
[DONE] evaluation__5413__denoise__attack__simba__l0.5 calls=1023 margin 5.02->-3.70 t=4.1s
[DONE] evaluation__5413__denoise__restore__simba__l0.5 calls=1023 margin 5.02->5.17 t=4.4s
[DONE] evaluation__5413__denoise__confidence_boost__simba__l0.5 calls=1023 margin 5.02->10.64 t=4.0s
[DONE] evaluation__5413__denoise__boundary_probe__simba__l0.5 calls=1023 margin 5.02->0.00 t=4.4s
[DONE] evaluation__5413__denoise__counterfactual__simba__l0.5 calls=1023 margin 5.02->-4.18 t=4.1s
[DONE] evaluation__5413__deblur__attack__simba__l1 calls=1023 margin 6.78->-2.38 t=3.9s
[DONE] evaluation__5413__deblur__restore__simba__l1 calls=1023 margin 6.78->6.47 t=4.3s
[DONE] evaluation__5413__deblur__confidence_boost__simba__l1 calls=1023 margin 6.78->12.63 t=4.0s
[DONE] evaluation__5413__deblur__boundary_probe__simba__l1 calls=1023 margin 6.78->0.00 t=4.3s
[DONE] evaluation__5413__deblur__counterfactual__simba__l1 calls=1023 margin 6.78->-3.94 t=4.2s
[DONE] evaluation__6786__denoise__attack__simba__l0.5 calls=1023 margin 1.24->-9.15 t=4.0s
[DONE] evaluation__6786__denoise__restore__simba__l0.5 calls=1023 margin 1.24->1.55 t=4.3s
[DONE] evaluation__6786__denoise__confidence_boost__simba__l0.5 calls=1023 margin 1.24->7.77 t=4.0s
[DONE] evaluation__6786__denoise__boundary_probe__simba__l0.5 calls=1023 margin 1.24->0.00 t=4.4s
[DONE] evaluation__6786__denoise__counterfactual__simba__l0.5 calls=1023 margin 1.24->-7.02 t=4.3s
[DONE] evaluation__6786__deblur__attack__simba__l1 calls=1023 margin 1.98->-9.09 t=4.1s
[DONE] evaluation__6786__deblur__restore__simba__l1 calls=1023 margin 1.98->2.24 t=4.2s
[DONE] evaluation__6786__deblur__confidence_boost__simba__l1 calls=1023 margin 1.98->11.13 t=3.9s
[DONE] evaluation__6786__deblur__boundary_probe__simba__l1 calls=1023 margin 1.98->0.00 t=4.2s
[DONE] evaluation__6786__deblur__counterfactual__simba__l1 calls=1023 margin 1.98->-5.80 t=4.1s
[DONE] evaluation__463__denoise__attack__simba__l0.5 calls=1023 margin 0.50->-9.86 t=3.9s
[DONE] evaluation__463__denoise__restore__simba__l0.5 calls=1023 margin 0.50->0.68 t=4.3s
[DONE] evaluation__463__denoise__confidence_boost__simba__l0.5 calls=1023 margin 0.50->9.74 t=3.9s
[DONE] evaluation__463__denoise__boundary_probe__simba__l0.5 calls=1023 margin 0.50->0.00 t=4.3s
[DONE] evaluation__463__denoise__counterfactual__simba__l0.5 calls=1023 margin 0.50->-7.63 t=4.4s
[DONE] evaluation__463__deblur__attack__simba__l1 calls=1023 margin 3.07->-8.66 t=4.0s
[DONE] evaluation__463__deblur__restore__simba__l1 calls=1023 margin 3.07->3.49 t=4.4s
[DONE] evaluation__463__deblur__confidence_boost__simba__l1 calls=1023 margin 3.07->13.73 t=4.0s
[DONE] evaluation__463__deblur__boundary_probe__simba__l1 calls=1023 margin 3.07->0.00 t=4.3s
[DONE] evaluation__463__deblur__counterfactual__simba__l1 calls=1023 margin 3.07->-8.53 t=4.1s
[DONE] evaluation__3809__denoise__attack__simba__l0.5 calls=1023 margin 1.50->-4.59 t=3.9s
[DONE] evaluation__3809__denoise__restore__simba__l0.5 calls=1023 margin 1.50->1.72 t=4.4s
[DONE] evaluation__3809__denoise__confidence_boost__simba__l0.5 calls=1023 margin 1.50->9.40 t=4.1s
[DONE] evaluation__3809__denoise__boundary_probe__simba__l0.5 calls=1023 margin 1.50->0.00 t=4.4s
[DONE] evaluation__3809__denoise__counterfactual__simba__l0.5 calls=1023 margin 1.50->-5.53 t=4.1s
[DONE] evaluation__3809__deblur__attack__simba__l1 calls=1023 margin 7.89->-8.93 t=4.0s
[DONE] evaluation__3809__deblur__restore__simba__l1 calls=1023 margin 7.89->7.75 t=4.4s
[DONE] evaluation__3809__deblur__confidence_boost__simba__l1 calls=1023 margin 7.89->14.14 t=4.1s
[DONE] evaluation__3809__deblur__boundary_probe__simba__l1 calls=1023 margin 7.89->0.00 t=4.4s
[DONE] evaluation__3809__deblur__counterfactual__simba__l1 calls=1023 margin 7.89->-4.75 t=4.0s
[DONE] evaluation__4600__denoise__attack__simba__l0.5 calls=1023 margin 2.86->-6.07 t=4.0s
[DONE] evaluation__4600__denoise__restore__simba__l0.5 calls=1023 margin 2.86->3.66 t=4.4s
[DONE] evaluation__4600__denoise__confidence_boost__simba__l0.5 calls=1023 margin 2.86->10.14 t=4.0s
[DONE] evaluation__4600__denoise__boundary_probe__simba__l0.5 calls=1023 margin 2.86->0.00 t=4.4s
[DONE] evaluation__4600__denoise__counterfactual__simba__l0.5 calls=1023 margin 2.86->-4.91 t=4.0s
[DONE] evaluation__4600__deblur__attack__simba__l1 calls=1023 margin 10.21->-1.01 t=4.1s
[DONE] evaluation__4600__deblur__restore__simba__l1 calls=1023 margin 10.21->10.26 t=4.3s
[DONE] evaluation__4600__deblur__confidence_boost__simba__l1 calls=1023 margin 10.21->13.74 t=4.0s
[DONE] evaluation__4600__deblur__boundary_probe__simba__l1 calls=1023 margin 10.21->2.74 t=4.4s
[DONE] evaluation__4600__deblur__counterfactual__simba__l1 calls=1023 margin 10.21->1.57 t=4.1s
[DONE] evaluation__9393__denoise__attack__simba__l0.5 calls=1023 margin 5.85->-6.27 t=3.9s
[DONE] evaluation__9393__denoise__restore__simba__l0.5 calls=1023 margin 5.85->6.03 t=4.3s
[DONE] evaluation__9393__denoise__confidence_boost__simba__l0.5 calls=1023 margin 5.85->11.60 t=4.0s
[DONE] evaluation__9393__denoise__boundary_probe__simba__l0.5 calls=1023 margin 5.85->0.00 t=4.4s
[DONE] evaluation__9393__denoise__counterfactual__simba__l0.5 calls=1023 margin 5.85->-6.24 t=4.0s
[DONE] evaluation__9393__deblur__attack__simba__l1 calls=1023 margin 6.04->-10.14 t=4.0s
[DONE] evaluation__9393__deblur__restore__simba__l1 calls=1023 margin 6.04->6.55 t=4.3s
[DONE] evaluation__9393__deblur__confidence_boost__simba__l1 calls=1023 margin 6.04->13.84 t=4.1s
[DONE] evaluation__9393__deblur__boundary_probe__simba__l1 calls=1023 margin 6.04->0.00 t=4.2s
[DONE] evaluation__9393__deblur__counterfactual__simba__l1 calls=1023 margin 6.04->-8.98 t=3.9s
[DONE] evaluation__2487__denoise__attack__simba__l0.5 calls=1023 margin 4.44->-2.05 t=4.1s
[DONE] evaluation__2487__denoise__restore__simba__l0.5 calls=1023 margin 4.44->4.33 t=4.3s
[DONE] evaluation__2487__denoise__confidence_boost__simba__l0.5 calls=1023 margin 4.44->8.48 t=4.1s
[DONE] evaluation__2487__denoise__boundary_probe__simba__l0.5 calls=1023 margin 4.44->0.00 t=4.4s
[DONE] evaluation__2487__denoise__counterfactual__simba__l0.5 calls=1023 margin 4.44->-2.01 t=4.1s
[DONE] evaluation__2487__deblur__attack__simba__l1 calls=1023 margin 1.87->-7.95 t=4.1s
[DONE] evaluation__2487__deblur__restore__simba__l1 calls=1023 margin 1.87->2.33 t=4.3s
[DONE] evaluation__2487__deblur__confidence_boost__simba__l1 calls=1023 margin 1.87->9.60 t=4.0s
[DONE] evaluation__2487__deblur__boundary_probe__simba__l1 calls=1023 margin 1.87->0.00 t=4.2s
[DONE] evaluation__2487__deblur__counterfactual__simba__l1 calls=1023 margin 1.87->-6.87 t=4.0s
[DONE] evaluation__5947__denoise__attack__simba__l0.5 calls=1023 margin 7.93->-0.86 t=4.0s
[DONE] evaluation__5947__denoise__restore__simba__l0.5 calls=1023 margin 7.93->8.27 t=4.4s
[DONE] evaluation__5947__denoise__confidence_boost__simba__l0.5 calls=1023 margin 7.93->12.54 t=4.1s
[DONE] evaluation__5947__denoise__boundary_probe__simba__l0.5 calls=1023 margin 7.93->0.00 t=4.5s
[DONE] evaluation__5947__denoise__counterfactual__simba__l0.5 calls=1023 margin 7.93->-0.97 t=4.0s
[DONE] evaluation__5947__deblur__attack__simba__l1 calls=1023 margin 3.56->-4.51 t=4.0s
[DONE] evaluation__5947__deblur__restore__simba__l1 calls=1023 margin 3.56->4.72 t=4.3s
[DONE] evaluation__5947__deblur__confidence_boost__simba__l1 calls=1023 margin 3.56->12.65 t=4.1s
[DONE] evaluation__5947__deblur__boundary_probe__simba__l1 calls=1023 margin 3.56->0.00 t=4.5s
[DONE] evaluation__5947__deblur__counterfactual__simba__l1 calls=1023 margin 3.56->-3.11 t=4.1s
[DONE] evaluation__9261__denoise__attack__simba__l0.5 calls=1023 margin 2.48->-7.33 t=4.0s
[DONE] evaluation__9261__denoise__restore__simba__l0.5 calls=1023 margin 2.48->2.79 t=4.5s
[DONE] evaluation__9261__denoise__confidence_boost__simba__l0.5 calls=1023 margin 2.48->10.20 t=4.1s
[DONE] evaluation__9261__denoise__boundary_probe__simba__l0.5 calls=1023 margin 2.48->0.00 t=4.3s
[DONE] evaluation__9261__denoise__counterfactual__simba__l0.5 calls=1023 margin 2.48->-6.78 t=4.0s
[DONE] evaluation__9261__deblur__attack__simba__l1 calls=1023 margin 8.69->3.38 t=4.0s
[DONE] evaluation__9261__deblur__restore__simba__l1 calls=1023 margin 8.69->9.63 t=4.3s
[DONE] evaluation__9261__deblur__confidence_boost__simba__l1 calls=1023 margin 8.69->13.51 t=4.0s
[DONE] evaluation__9261__deblur__boundary_probe__simba__l1 calls=1023 margin 8.69->2.84 t=4.5s
[DONE] evaluation__9261__deblur__counterfactual__simba__l1 calls=1023 margin 8.69->1.89 t=4.2s
[DONE] evaluation__1641__denoise__attack__simba__l0.5 calls=1023 margin 7.84->-2.96 t=4.1s
[DONE] evaluation__1641__denoise__restore__simba__l0.5 calls=1023 margin 7.84->7.90 t=4.3s
[DONE] evaluation__1641__denoise__confidence_boost__simba__l0.5 calls=1023 margin 7.84->12.83 t=4.0s
[DONE] evaluation__1641__denoise__boundary_probe__simba__l0.5 calls=1023 margin 7.84->0.00 t=4.4s
[DONE] evaluation__1641__denoise__counterfactual__simba__l0.5 calls=1023 margin 7.84->-2.29 t=4.1s
[DONE] evaluation__1641__deblur__attack__simba__l1 calls=1023 margin 8.86->1.15 t=4.2s
[DONE] evaluation__1641__deblur__restore__simba__l1 calls=1023 margin 8.86->9.21 t=4.5s
[DONE] evaluation__1641__deblur__confidence_boost__simba__l1 calls=1023 margin 8.86->13.61 t=4.1s
[DONE] evaluation__1641__deblur__boundary_probe__simba__l1 calls=1023 margin 8.86->0.00 t=4.4s
[DONE] evaluation__1641__deblur__counterfactual__simba__l1 calls=1023 margin 8.86->1.05 t=4.0s
[DONE] evaluation__4465__denoise__attack__simba__l0.5 calls=1023 margin 5.37->-3.43 t=4.0s
[DONE] evaluation__4465__denoise__restore__simba__l0.5 calls=1023 margin 5.37->5.43 t=4.3s
[DONE] evaluation__4465__denoise__confidence_boost__simba__l0.5 calls=1023 margin 5.37->12.22 t=4.1s
[DONE] evaluation__4465__denoise__boundary_probe__simba__l0.5 calls=1023 margin 5.37->0.00 t=4.3s
[DONE] evaluation__4465__denoise__counterfactual__simba__l0.5 calls=1023 margin 5.37->-4.07 t=3.9s
[DONE] evaluation__4465__deblur__attack__simba__l1 calls=1023 margin 4.98->-10.46 t=4.0s
[DONE] evaluation__4465__deblur__restore__simba__l1 calls=1023 margin 4.98->5.14 t=4.5s
[DONE] evaluation__4465__deblur__confidence_boost__simba__l1 calls=1023 margin 4.98->14.71 t=4.0s
[DONE] evaluation__4465__deblur__boundary_probe__simba__l1 calls=1023 margin 4.98->0.00 t=4.2s
[DONE] evaluation__4465__deblur__counterfactual__simba__l1 calls=1023 margin 4.98->-8.49 t=4.0s
[DONE] evaluation__7337__denoise__attack__simba__l0.5 calls=1023 margin 3.22->-4.95 t=4.0s
[DONE] evaluation__7337__denoise__restore__simba__l0.5 calls=1023 margin 3.22->2.97 t=4.4s
[DONE] evaluation__7337__denoise__confidence_boost__simba__l0.5 calls=1023 margin 3.22->11.31 t=4.0s
[DONE] evaluation__7337__denoise__boundary_probe__simba__l0.5 calls=1023 margin 3.22->0.00 t=4.2s
[DONE] evaluation__7337__denoise__counterfactual__simba__l0.5 calls=1023 margin 3.22->-3.90 t=4.0s
[DONE] evaluation__7337__deblur__attack__simba__l1 calls=1023 margin 13.81->-3.58 t=4.0s
[DONE] evaluation__7337__deblur__restore__simba__l1 calls=1023 margin 13.81->13.06 t=4.2s
[DONE] evaluation__7337__deblur__confidence_boost__simba__l1 calls=1023 margin 13.81->14.26 t=3.9s
[DONE] evaluation__7337__deblur__boundary_probe__simba__l1 calls=1023 margin 13.81->0.00 t=4.3s
[DONE] evaluation__7337__deblur__counterfactual__simba__l1 calls=1023 margin 13.81->0.38 t=4.1s
[DONE] evaluation__56__denoise__attack__simba__l0.5 calls=1023 margin 1.73->-7.15 t=4.0s
[DONE] evaluation__56__denoise__restore__simba__l0.5 calls=1023 margin 1.73->2.21 t=4.3s
[DONE] evaluation__56__denoise__confidence_boost__simba__l0.5 calls=1023 margin 1.73->10.25 t=3.9s
[DONE] evaluation__56__denoise__boundary_probe__simba__l0.5 calls=1023 margin 1.73->0.00 t=4.4s
[DONE] evaluation__56__denoise__counterfactual__simba__l0.5 calls=1023 margin 1.73->-6.25 t=4.0s
[DONE] evaluation__56__deblur__attack__simba__l1 calls=1023 margin 4.61->-10.76 t=4.0s
[DONE] evaluation__56__deblur__restore__simba__l1 calls=1023 margin 4.61->3.79 t=4.3s
[DONE] evaluation__56__deblur__confidence_boost__simba__l1 calls=1023 margin 4.61->13.15 t=3.9s
[DONE] evaluation__56__deblur__boundary_probe__simba__l1 calls=1023 margin 4.61->0.00 t=4.3s
[DONE] evaluation__56__deblur__counterfactual__simba__l1 calls=1023 margin 4.61->-9.26 t=4.0s
[DONE] evaluation__3788__denoise__attack__simba__l0.5 calls=1023 margin 2.72->-10.72 t=4.0s
[DONE] evaluation__3788__denoise__restore__simba__l0.5 calls=1023 margin 2.72->3.06 t=4.4s
[DONE] evaluation__3788__denoise__confidence_boost__simba__l0.5 calls=1023 margin 2.72->10.27 t=4.0s
[DONE] evaluation__3788__denoise__boundary_probe__simba__l0.5 calls=1023 margin 2.72->0.00 t=4.3s
[DONE] evaluation__3788__denoise__counterfactual__simba__l0.5 calls=1023 margin 2.72->-9.63 t=4.2s
[DONE] evaluation__3788__deblur__attack__simba__l1 calls=1023 margin 7.16->-3.36 t=4.1s
[DONE] evaluation__3788__deblur__restore__simba__l1 calls=1023 margin 7.16->6.87 t=4.3s
[DONE] evaluation__3788__deblur__confidence_boost__simba__l1 calls=1023 margin 7.16->13.38 t=4.0s
[DONE] evaluation__3788__deblur__boundary_probe__simba__l1 calls=1023 margin 7.16->0.00 t=4.4s
[DONE] evaluation__3788__deblur__counterfactual__simba__l1 calls=1023 margin 7.16->-3.65 t=4.2s
[DONE] evaluation__5668__denoise__attack__simba__l0.5 calls=1023 margin 5.47->-4.94 t=4.2s
[DONE] evaluation__5668__denoise__restore__simba__l0.5 calls=1023 margin 5.47->5.66 t=4.4s
[DONE] evaluation__5668__denoise__confidence_boost__simba__l0.5 calls=1023 margin 5.47->11.45 t=4.1s
[DONE] evaluation__5668__denoise__boundary_probe__simba__l0.5 calls=1023 margin 5.47->0.00 t=4.1s
[DONE] evaluation__5668__denoise__counterfactual__simba__l0.5 calls=1023 margin 5.47->-2.40 t=4.0s
[DONE] evaluation__5668__deblur__attack__simba__l1 calls=1023 margin 9.61->0.27 t=4.2s
[DONE] evaluation__5668__deblur__restore__simba__l1 calls=1023 margin 9.61->9.64 t=4.4s
[DONE] evaluation__5668__deblur__confidence_boost__simba__l1 calls=1023 margin 9.61->12.85 t=4.2s
[DONE] evaluation__5668__deblur__boundary_probe__simba__l1 calls=1023 margin 9.61->2.72 t=4.4s
[DONE] evaluation__5668__deblur__counterfactual__simba__l1 calls=1023 margin 9.61->2.91 t=3.9s
[DONE] evaluation__8466__denoise__attack__simba__l0.5 calls=1023 margin 3.74->-3.35 t=4.0s
[DONE] evaluation__8466__denoise__restore__simba__l0.5 calls=1023 margin 3.74->4.00 t=4.4s
[DONE] evaluation__8466__denoise__confidence_boost__simba__l0.5 calls=1023 margin 3.74->10.18 t=4.1s
[DONE] evaluation__8466__denoise__boundary_probe__simba__l0.5 calls=1023 margin 3.74->0.00 t=4.3s
[DONE] evaluation__8466__denoise__counterfactual__simba__l0.5 calls=1023 margin 3.74->-3.38 t=4.0s
[DONE] evaluation__8466__deblur__attack__simba__l1 calls=1023 margin 9.87->-6.31 t=4.1s
[DONE] evaluation__8466__deblur__restore__simba__l1 calls=1023 margin 9.87->10.31 t=4.4s
[DONE] evaluation__8466__deblur__confidence_boost__simba__l1 calls=1023 margin 9.87->14.17 t=4.1s
[DONE] evaluation__8466__deblur__boundary_probe__simba__l1 calls=1023 margin 9.87->0.00 t=4.4s
[DONE] evaluation__8466__deblur__counterfactual__simba__l1 calls=1023 margin 9.87->-3.99 t=4.1s
[DONE] evaluation__1866__denoise__attack__simba__l0.5 calls=1023 margin 4.90->-2.94 t=4.1s
[DONE] evaluation__1866__denoise__restore__simba__l0.5 calls=1023 margin 4.90->5.15 t=4.3s
[DONE] evaluation__1866__denoise__confidence_boost__simba__l0.5 calls=1023 margin 4.90->11.07 t=4.0s
[DONE] evaluation__1866__denoise__boundary_probe__simba__l0.5 calls=1023 margin 4.90->0.00 t=4.5s
[DONE] evaluation__1866__denoise__counterfactual__simba__l0.5 calls=1023 margin 4.90->-3.18 t=4.0s
[DONE] evaluation__1866__deblur__attack__simba__l1 calls=1023 margin 12.12->2.48 t=4.1s
[DONE] evaluation__1866__deblur__restore__simba__l1 calls=1023 margin 12.12->12.70 t=4.4s
[DONE] evaluation__1866__deblur__confidence_boost__simba__l1 calls=1023 margin 12.12->13.42 t=4.2s
[DONE] evaluation__1866__deblur__boundary_probe__simba__l1 calls=1023 margin 12.12->2.60 t=4.3s
[DONE] evaluation__1866__deblur__counterfactual__simba__l1 calls=1023 margin 12.12->0.84 t=3.9s
[DONE] evaluation__4083__denoise__attack__simba__l0.5 calls=1023 margin 10.15->-1.65 t=4.2s
[DONE] evaluation__4083__denoise__restore__simba__l0.5 calls=1023 margin 10.15->10.70 t=4.4s
[DONE] evaluation__4083__denoise__confidence_boost__simba__l0.5 calls=1023 margin 10.15->13.88 t=4.1s
[DONE] evaluation__4083__denoise__boundary_probe__simba__l0.5 calls=1023 margin 10.15->0.00 t=4.3s
[DONE] evaluation__4083__denoise__counterfactual__simba__l0.5 calls=1023 margin 10.15->-1.45 t=4.1s
[DONE] evaluation__4083__deblur__attack__simba__l1 calls=1023 margin 13.24->5.49 t=4.0s
[DONE] evaluation__4083__deblur__restore__simba__l1 calls=1023 margin 13.24->13.60 t=4.4s
[DONE] evaluation__4083__deblur__confidence_boost__simba__l1 calls=1023 margin 13.24->14.52 t=4.2s
[DONE] evaluation__4083__deblur__boundary_probe__simba__l1 calls=1023 margin 13.24->2.13 t=4.3s
[DONE] evaluation__4083__deblur__counterfactual__simba__l1 calls=1023 margin 13.24->3.72 t=4.0s
[DONE] evaluation__6718__denoise__attack__simba__l0.5 calls=1023 margin 1.68->-9.13 t=4.0s
[DONE] evaluation__6718__denoise__restore__simba__l0.5 calls=1023 margin 1.68->2.00 t=4.3s
[DONE] evaluation__6718__denoise__confidence_boost__simba__l0.5 calls=1023 margin 1.68->10.25 t=4.2s
[DONE] evaluation__6718__denoise__boundary_probe__simba__l0.5 calls=1023 margin 1.68->0.00 t=4.1s
[DONE] evaluation__6718__denoise__counterfactual__simba__l0.5 calls=1023 margin 1.68->-7.58 t=4.0s
[DONE] evaluation__6718__deblur__attack__simba__l1 calls=1023 margin 8.16->-5.05 t=4.1s
[DONE] evaluation__6718__deblur__restore__simba__l1 calls=1023 margin 8.16->9.22 t=4.4s
[DONE] evaluation__6718__deblur__confidence_boost__simba__l1 calls=1023 margin 8.16->14.92 t=4.1s
[DONE] evaluation__6718__deblur__boundary_probe__simba__l1 calls=1023 margin 8.16->0.00 t=4.4s
[DONE] evaluation__6718__deblur__counterfactual__simba__l1 calls=1023 margin 8.16->-5.22 t=4.0s
[DONE] evaluation__1654__denoise__attack__simba__l0.5 calls=1023 margin 3.39->-2.41 t=4.1s
[DONE] evaluation__1654__denoise__restore__simba__l0.5 calls=1023 margin 3.39->3.10 t=4.3s
[DONE] evaluation__1654__denoise__confidence_boost__simba__l0.5 calls=1023 margin 3.39->8.58 t=4.0s
[DONE] evaluation__1654__denoise__boundary_probe__simba__l0.5 calls=1023 margin 3.39->0.00 t=4.3s
[DONE] evaluation__1654__denoise__counterfactual__simba__l0.5 calls=1023 margin 3.39->-2.50 t=4.1s
[DONE] evaluation__1654__deblur__attack__simba__l1 calls=1023 margin 4.10->-6.14 t=4.0s
[DONE] evaluation__1654__deblur__restore__simba__l1 calls=1023 margin 4.10->5.11 t=4.3s
[DONE] evaluation__1654__deblur__confidence_boost__simba__l1 calls=1023 margin 4.10->11.50 t=4.1s
[DONE] evaluation__1654__deblur__boundary_probe__simba__l1 calls=1023 margin 4.10->0.00 t=4.3s
[DONE] evaluation__1654__deblur__counterfactual__simba__l1 calls=1023 margin 4.10->-5.79 t=4.1s
[DONE] evaluation__5966__denoise__attack__simba__l0.5 calls=1023 margin 7.89->-3.03 t=4.0s
[DONE] evaluation__5966__denoise__restore__simba__l0.5 calls=1023 margin 7.89->8.15 t=4.4s
[DONE] evaluation__5966__denoise__confidence_boost__simba__l0.5 calls=1023 margin 7.89->12.16 t=4.1s
[DONE] evaluation__5966__denoise__boundary_probe__simba__l0.5 calls=1023 margin 7.89->0.00 t=4.4s
[DONE] evaluation__5966__denoise__counterfactual__simba__l0.5 calls=1023 margin 7.89->-0.00 t=4.1s
[DONE] evaluation__5966__deblur__attack__simba__l1 calls=1023 margin 12.61->0.46 t=4.1s
[DONE] evaluation__5966__deblur__restore__simba__l1 calls=1023 margin 12.61->12.40 t=4.3s
[DONE] evaluation__5966__deblur__confidence_boost__simba__l1 calls=1023 margin 12.61->13.21 t=4.2s
[DONE] evaluation__5966__deblur__boundary_probe__simba__l1 calls=1023 margin 12.61->3.64 t=4.3s
[DONE] evaluation__5966__deblur__counterfactual__simba__l1 calls=1023 margin 12.61->4.82 t=4.0s
[DONE] evaluation__8355__denoise__attack__simba__l0.5 calls=1023 margin 10.40->1.60 t=4.1s
[DONE] evaluation__8355__denoise__restore__simba__l0.5 calls=1023 margin 10.40->10.03 t=4.3s
[DONE] evaluation__8355__denoise__confidence_boost__simba__l0.5 calls=1023 margin 10.40->12.28 t=4.0s
[DONE] evaluation__8355__denoise__boundary_probe__simba__l0.5 calls=1023 margin 10.40->1.13 t=4.5s
[DONE] evaluation__8355__denoise__counterfactual__simba__l0.5 calls=1023 margin 10.40->2.10 t=4.0s
[DONE] evaluation__8355__deblur__attack__simba__l1 calls=1023 margin 10.72->3.31 t=4.0s
[DONE] evaluation__8355__deblur__restore__simba__l1 calls=1023 margin 10.72->11.50 t=4.3s
[DONE] evaluation__8355__deblur__confidence_boost__simba__l1 calls=1023 margin 10.72->13.43 t=4.0s
[DONE] evaluation__8355__deblur__boundary_probe__simba__l1 calls=1023 margin 10.72->1.23 t=4.4s
[DONE] evaluation__8355__deblur__counterfactual__simba__l1 calls=1023 margin 10.72->1.86 t=4.0s
[DONE] fit__90__denoise__attack__simba__l0.5 calls=1023 margin 4.88->-6.44 t=4.2s
[DONE] fit__90__denoise__restore__simba__l0.5 calls=1023 margin 4.88->4.69 t=4.4s
[DONE] fit__90__denoise__confidence_boost__simba__l0.5 calls=1023 margin 4.88->11.48 t=4.0s
[DONE] fit__90__denoise__boundary_probe__simba__l0.5 calls=1023 margin 4.88->0.00 t=4.4s
[DONE] fit__90__denoise__counterfactual__simba__l0.5 calls=1023 margin 4.88->-6.73 t=4.0s
[DONE] fit__90__deblur__attack__simba__l1 calls=1023 margin 7.09->-5.75 t=4.1s
[DONE] fit__90__deblur__restore__simba__l1 calls=1023 margin 7.09->7.67 t=4.4s
[DONE] fit__90__deblur__confidence_boost__simba__l1 calls=1023 margin 7.09->14.26 t=4.1s
[DONE] fit__90__deblur__boundary_probe__simba__l1 calls=1023 margin 7.09->0.00 t=4.2s
[DONE] fit__90__deblur__counterfactual__simba__l1 calls=1023 margin 7.09->-4.89 t=3.9s
[DONE] fit__6772__denoise__attack__simba__l0.5 calls=1023 margin 2.57->-7.47 t=4.2s
[DONE] fit__6772__denoise__restore__simba__l0.5 calls=1023 margin 2.57->3.31 t=4.4s
[DONE] fit__6772__denoise__confidence_boost__simba__l0.5 calls=1023 margin 2.57->11.30 t=4.1s
[DONE] fit__6772__denoise__boundary_probe__simba__l0.5 calls=1023 margin 2.57->0.00 t=4.2s
[DONE] fit__6772__denoise__counterfactual__simba__l0.5 calls=1023 margin 2.57->-7.12 t=4.1s
[DONE] fit__6772__deblur__attack__simba__l1 calls=1023 margin 4.90->-6.30 t=4.1s
[DONE] fit__6772__deblur__restore__simba__l1 calls=1023 margin 4.90->5.29 t=4.3s
[DONE] fit__6772__deblur__confidence_boost__simba__l1 calls=1023 margin 4.90->13.91 t=4.1s
[DONE] fit__6772__deblur__boundary_probe__simba__l1 calls=1023 margin 4.90->0.00 t=4.5s
[DONE] fit__6772__deblur__counterfactual__simba__l1 calls=1023 margin 4.90->-6.74 t=4.0s
[DONE] fit__3407__denoise__attack__simba__l0.5 calls=1023 margin 4.85->-1.23 t=4.1s
[DONE] fit__3407__denoise__restore__simba__l0.5 calls=1023 margin 4.85->4.43 t=4.3s
[DONE] fit__3407__denoise__confidence_boost__simba__l0.5 calls=1023 margin 4.85->9.02 t=4.2s
[DONE] fit__3407__denoise__boundary_probe__simba__l0.5 calls=1023 margin 4.85->0.00 t=4.4s
[DONE] fit__3407__denoise__counterfactual__simba__l0.5 calls=1023 margin 4.85->-1.76 t=4.0s
[DONE] fit__3407__deblur__attack__simba__l1 calls=1023 margin 7.73->-2.37 t=4.0s
[DONE] fit__3407__deblur__restore__simba__l1 calls=1023 margin 7.73->7.35 t=4.4s
[DONE] fit__3407__deblur__confidence_boost__simba__l1 calls=1023 margin 7.73->12.77 t=4.1s
[DONE] fit__3407__deblur__boundary_probe__simba__l1 calls=1023 margin 7.73->0.00 t=4.3s
[DONE] fit__3407__deblur__counterfactual__simba__l1 calls=1023 margin 7.73->-1.86 t=4.0s
[DONE] fit__7864__denoise__attack__simba__l0.5 calls=1023 margin 1.86->-6.48 t=4.0s
[DONE] fit__7864__denoise__restore__simba__l0.5 calls=1023 margin 1.86->1.43 t=4.3s
[DONE] fit__7864__denoise__confidence_boost__simba__l0.5 calls=1023 margin 1.86->9.03 t=4.1s
[DONE] fit__7864__denoise__boundary_probe__simba__l0.5 calls=1023 margin 1.86->0.00 t=4.4s
[DONE] fit__7864__denoise__counterfactual__simba__l0.5 calls=1023 margin 1.86->-6.78 t=4.1s
[DONE] fit__7864__deblur__attack__simba__l1 calls=1023 margin 10.86->-1.77 t=4.1s
[DONE] fit__7864__deblur__restore__simba__l1 calls=1023 margin 10.86->10.00 t=4.3s
[DONE] fit__7864__deblur__confidence_boost__simba__l1 calls=1023 margin 10.86->12.76 t=4.0s
[DONE] fit__7864__deblur__boundary_probe__simba__l1 calls=1023 margin 10.86->0.00 t=4.4s
[DONE] fit__7864__deblur__counterfactual__simba__l1 calls=1023 margin 10.86->-1.77 t=4.0s
[DONE] fit__3844__denoise__attack__simba__l0.5 calls=1023 margin 8.45->-1.13 t=4.0s
[DONE] fit__3844__denoise__restore__simba__l0.5 calls=1023 margin 8.45->8.82 t=4.3s
[DONE] fit__3844__denoise__confidence_boost__simba__l0.5 calls=1023 margin 8.45->12.69 t=4.0s
[DONE] fit__3844__denoise__boundary_probe__simba__l0.5 calls=1023 margin 8.45->0.00 t=4.3s
[DONE] fit__3844__denoise__counterfactual__simba__l0.5 calls=1023 margin 8.45->-1.23 t=4.0s
[DONE] fit__3844__deblur__attack__simba__l1 calls=1023 margin 7.18->-6.83 t=3.9s
[DONE] fit__3844__deblur__restore__simba__l1 calls=1023 margin 7.18->7.03 t=4.5s
[DONE] fit__3844__deblur__confidence_boost__simba__l1 calls=1023 margin 7.18->13.31 t=4.0s
[DONE] fit__3844__deblur__boundary_probe__simba__l1 calls=1023 margin 7.18->0.00 t=4.3s
[DONE] fit__3844__deblur__counterfactual__simba__l1 calls=1023 margin 7.18->-6.91 t=4.1s
[DONE] fit__573__denoise__attack__simba__l0.5 calls=1023 margin 7.80->-7.63 t=4.0s
[DONE] fit__573__denoise__restore__simba__l0.5 calls=1023 margin 7.80->7.19 t=4.3s
[DONE] fit__573__denoise__confidence_boost__simba__l0.5 calls=1023 margin 7.80->12.17 t=4.0s
[DONE] fit__573__denoise__boundary_probe__simba__l0.5 calls=1023 margin 7.80->0.00 t=4.3s
[DONE] fit__573__denoise__counterfactual__simba__l0.5 calls=1023 margin 7.80->-6.87 t=4.0s
[DONE] fit__573__deblur__attack__simba__l1 calls=1023 margin 5.28->-11.90 t=4.2s
[DONE] fit__573__deblur__restore__simba__l1 calls=1023 margin 5.28->5.11 t=4.4s
[DONE] fit__573__deblur__confidence_boost__simba__l1 calls=1023 margin 5.28->12.39 t=4.1s
[DONE] fit__573__deblur__boundary_probe__simba__l1 calls=1023 margin 5.28->0.00 t=4.4s
[DONE] fit__573__deblur__counterfactual__simba__l1 calls=1023 margin 5.28->-3.34 t=4.2s
[DONE] fit__6196__denoise__attack__simba__l0.5 calls=1023 margin 4.17->-8.17 t=4.1s
[DONE] fit__6196__denoise__restore__simba__l0.5 calls=1023 margin 4.17->4.35 t=4.5s
[DONE] fit__6196__denoise__confidence_boost__simba__l0.5 calls=1023 margin 4.17->11.84 t=4.1s
[DONE] fit__6196__denoise__boundary_probe__simba__l0.5 calls=1023 margin 4.17->0.00 t=4.4s
[DONE] fit__6196__denoise__counterfactual__simba__l0.5 calls=1023 margin 4.17->-7.73 t=4.0s
[DONE] fit__6196__deblur__attack__simba__l1 calls=1023 margin 7.42->-6.39 t=4.2s
[DONE] fit__6196__deblur__restore__simba__l1 calls=1023 margin 7.42->7.54 t=4.4s
[DONE] fit__6196__deblur__confidence_boost__simba__l1 calls=1023 margin 7.42->13.35 t=4.2s
[DONE] fit__6196__deblur__boundary_probe__simba__l1 calls=1023 margin 7.42->0.00 t=4.3s
[DONE] fit__6196__deblur__counterfactual__simba__l1 calls=1023 margin 7.42->-6.13 t=4.1s
[DONE] fit__1658__denoise__attack__simba__l0.5 calls=1023 margin 5.38->-6.43 t=4.0s
[DONE] fit__1658__denoise__restore__simba__l0.5 calls=1023 margin 5.38->4.03 t=4.3s
[DONE] fit__1658__denoise__confidence_boost__simba__l0.5 calls=1023 margin 5.38->12.82 t=3.9s
[DONE] fit__1658__denoise__boundary_probe__simba__l0.5 calls=1023 margin 5.38->0.00 t=4.3s
[DONE] fit__1658__denoise__counterfactual__simba__l0.5 calls=1023 margin 5.38->-6.31 t=4.0s
[DONE] fit__1658__deblur__attack__simba__l1 calls=1023 margin 1.92->-8.42 t=4.0s
[DONE] fit__1658__deblur__restore__simba__l1 calls=1023 margin 1.92->4.20 t=4.4s
[DONE] fit__1658__deblur__confidence_boost__simba__l1 calls=1023 margin 1.92->14.25 t=4.2s
[DONE] fit__1658__deblur__boundary_probe__simba__l1 calls=1023 margin 1.92->0.00 t=4.3s
[DONE] fit__1658__deblur__counterfactual__simba__l1 calls=1023 margin 1.92->-3.24 t=4.1s
[DONE] fit__6664__denoise__attack__simba__l0.5 calls=1023 margin 3.57->-7.33 t=4.1s
[DONE] fit__6664__denoise__restore__simba__l0.5 calls=1023 margin 3.57->3.49 t=4.3s
[DONE] fit__6664__denoise__confidence_boost__simba__l0.5 calls=1023 margin 3.57->9.49 t=4.0s
[DONE] fit__6664__denoise__boundary_probe__simba__l0.5 calls=1023 margin 3.57->0.00 t=4.3s
[DONE] fit__6664__denoise__counterfactual__simba__l0.5 calls=1023 margin 3.57->-6.86 t=4.1s
[DONE] fit__6664__deblur__attack__simba__l1 calls=1023 margin 7.97->-1.16 t=4.0s
[DONE] fit__6664__deblur__restore__simba__l1 calls=1023 margin 7.97->8.45 t=4.4s
[DONE] fit__6664__deblur__confidence_boost__simba__l1 calls=1023 margin 7.97->13.26 t=4.1s
[DONE] fit__6664__deblur__boundary_probe__simba__l1 calls=1023 margin 7.97->0.00 t=4.3s
[DONE] fit__6664__deblur__counterfactual__simba__l1 calls=1023 margin 7.97->-2.60 t=4.1s
[DONE] fit__4420__denoise__attack__simba__l0.5 calls=1023 margin 0.77->-10.85 t=4.0s
[DONE] fit__4420__denoise__restore__simba__l0.5 calls=1023 margin 0.77->1.49 t=4.3s
[DONE] fit__4420__denoise__confidence_boost__simba__l0.5 calls=1023 margin 0.77->8.01 t=4.2s
[DONE] fit__4420__denoise__boundary_probe__simba__l0.5 calls=1023 margin 0.77->0.00 t=4.4s
[DONE] fit__4420__denoise__counterfactual__simba__l0.5 calls=1023 margin 0.77->-8.92 t=4.1s
[DONE] fit__4420__deblur__attack__simba__l1 calls=1023 margin 7.40->-4.59 t=4.0s
[DONE] fit__4420__deblur__restore__simba__l1 calls=1023 margin 7.40->7.62 t=4.3s
[DONE] fit__4420__deblur__confidence_boost__simba__l1 calls=1023 margin 7.40->13.23 t=4.2s
[DONE] fit__4420__deblur__boundary_probe__simba__l1 calls=1023 margin 7.40->0.00 t=4.3s
[DONE] fit__4420__deblur__counterfactual__simba__l1 calls=1023 margin 7.40->-5.12 t=4.0s
[DONE] fit__1211__denoise__attack__simba__l0.5 calls=1023 margin 8.98->-2.28 t=4.2s
[DONE] fit__1211__denoise__restore__simba__l0.5 calls=1023 margin 8.98->8.63 t=4.3s
[DONE] fit__1211__denoise__confidence_boost__simba__l0.5 calls=1023 margin 8.98->13.14 t=4.0s
[DONE] fit__1211__denoise__boundary_probe__simba__l0.5 calls=1023 margin 8.98->0.00 t=4.2s
[DONE] fit__1211__denoise__counterfactual__simba__l0.5 calls=1023 margin 8.98->-2.59 t=4.1s
[DONE] fit__1211__deblur__attack__simba__l1 calls=1023 margin 7.52->-12.65 t=4.2s
[DONE] fit__1211__deblur__restore__simba__l1 calls=1023 margin 7.52->6.38 t=4.4s
[DONE] fit__1211__deblur__confidence_boost__simba__l1 calls=1023 margin 7.52->13.72 t=4.1s
[DONE] fit__1211__deblur__boundary_probe__simba__l1 calls=1023 margin 7.52->0.00 t=4.3s
[DONE] fit__1211__deblur__counterfactual__simba__l1 calls=1023 margin 7.52->-8.52 t=4.2s
[DONE] fit__5089__denoise__attack__simba__l0.5 calls=1023 margin 11.69->0.58 t=3.9s
[DONE] fit__5089__denoise__restore__simba__l0.5 calls=1023 margin 11.69->11.30 t=4.3s
[DONE] fit__5089__denoise__confidence_boost__simba__l0.5 calls=1023 margin 11.69->13.30 t=4.2s
[DONE] fit__5089__denoise__boundary_probe__simba__l0.5 calls=1023 margin 11.69->0.00 t=4.3s
[DONE] fit__5089__denoise__counterfactual__simba__l0.5 calls=1023 margin 11.69->0.35 t=4.1s
[DONE] fit__5089__deblur__attack__simba__l1 calls=1023 margin 5.02->-11.41 t=4.1s
[DONE] fit__5089__deblur__restore__simba__l1 calls=1023 margin 5.02->8.39 t=4.2s
[DONE] fit__5089__deblur__confidence_boost__simba__l1 calls=1023 margin 5.02->14.20 t=4.1s
[DONE] fit__5089__deblur__boundary_probe__simba__l1 calls=1023 margin 5.02->0.00 t=4.2s
[DONE] fit__5089__deblur__counterfactual__simba__l1 calls=1023 margin 5.02->-8.13 t=4.1s
[DONE] fit__2518__denoise__attack__simba__l0.5 calls=1023 margin 1.28->-5.81 t=4.1s
[DONE] fit__2518__denoise__restore__simba__l0.5 calls=1023 margin 1.28->1.39 t=4.3s
[DONE] fit__2518__denoise__confidence_boost__simba__l0.5 calls=1023 margin 1.28->6.82 t=4.0s
[DONE] fit__2518__denoise__boundary_probe__simba__l0.5 calls=1023 margin 1.28->0.00 t=4.2s
[DONE] fit__2518__denoise__counterfactual__simba__l0.5 calls=1023 margin 1.28->-5.49 t=4.1s
[DONE] fit__2518__deblur__attack__simba__l1 calls=1023 margin 4.56->-7.25 t=4.1s
[DONE] fit__2518__deblur__restore__simba__l1 calls=1023 margin 4.56->4.81 t=4.4s
[DONE] fit__2518__deblur__confidence_boost__simba__l1 calls=1023 margin 4.56->10.56 t=4.1s
[DONE] fit__2518__deblur__boundary_probe__simba__l1 calls=1023 margin 4.56->0.00 t=4.3s
[DONE] fit__2518__deblur__counterfactual__simba__l1 calls=1023 margin 4.56->-5.99 t=4.0s
[DONE] fit__7703__denoise__attack__simba__l0.5 calls=1023 margin 6.23->-2.96 t=4.0s
[DONE] fit__7703__denoise__restore__simba__l0.5 calls=1023 margin 6.23->6.30 t=4.2s
[DONE] fit__7703__denoise__confidence_boost__simba__l0.5 calls=1023 margin 6.23->11.07 t=4.1s
[DONE] fit__7703__denoise__boundary_probe__simba__l0.5 calls=1023 margin 6.23->0.00 t=4.3s
[DONE] fit__7703__denoise__counterfactual__simba__l0.5 calls=1023 margin 6.23->0.51 t=4.2s
[DONE] fit__7703__deblur__attack__simba__l1 calls=1023 margin 7.26->-1.01 t=4.1s
[DONE] fit__7703__deblur__restore__simba__l1 calls=1023 margin 7.26->7.65 t=4.4s
[DONE] fit__7703__deblur__confidence_boost__simba__l1 calls=1023 margin 7.26->12.45 t=4.1s
[DONE] fit__7703__deblur__boundary_probe__simba__l1 calls=1023 margin 7.26->0.00 t=4.2s
[DONE] fit__7703__deblur__counterfactual__simba__l1 calls=1023 margin 7.26->-0.41 t=4.1s
[DONE] fit__2962__denoise__attack__simba__l0.5 calls=1023 margin 1.02->-7.23 t=4.0s
[DONE] fit__2962__denoise__restore__simba__l0.5 calls=1023 margin 1.02->1.33 t=4.2s
[DONE] fit__2962__denoise__confidence_boost__simba__l0.5 calls=1023 margin 1.02->7.83 t=4.2s
[DONE] fit__2962__denoise__boundary_probe__simba__l0.5 calls=1023 margin 1.02->0.00 t=4.3s
[DONE] fit__2962__denoise__counterfactual__simba__l0.5 calls=1023 margin 1.02->-7.48 t=4.1s
[DONE] fit__2962__deblur__attack__simba__l1 calls=1023 margin 3.56->-12.14 t=4.1s
[DONE] fit__2962__deblur__restore__simba__l1 calls=1023 margin 3.56->5.23 t=4.3s
[DONE] fit__2962__deblur__confidence_boost__simba__l1 calls=1023 margin 3.56->11.79 t=4.1s
[DONE] fit__2962__deblur__boundary_probe__simba__l1 calls=1023 margin 3.56->0.00 t=4.2s
[DONE] fit__2962__deblur__counterfactual__simba__l1 calls=1023 margin 3.56->-8.68 t=4.1s
[DONE] fit__1913__denoise__attack__simba__l0.5 calls=1023 margin 1.20->-6.13 t=4.0s
[DONE] fit__1913__denoise__restore__simba__l0.5 calls=1023 margin 1.20->0.20 t=4.4s
[DONE] fit__1913__denoise__confidence_boost__simba__l0.5 calls=1023 margin 1.20->7.54 t=4.1s
[DONE] fit__1913__denoise__boundary_probe__simba__l0.5 calls=1023 margin 1.20->0.00 t=4.3s
[DONE] fit__1913__denoise__counterfactual__simba__l0.5 calls=1023 margin 1.20->-6.32 t=3.9s
[DONE] fit__1913__deblur__attack__simba__l1 calls=1023 margin 0.47->-10.45 t=3.6s
[DONE] fit__1913__deblur__restore__simba__l1 calls=1023 margin 0.47->1.68 t=3.5s
[DONE] fit__1913__deblur__confidence_boost__simba__l1 calls=1023 margin 0.47->8.22 t=3.3s
[DONE] fit__1913__deblur__boundary_probe__simba__l1 calls=1023 margin 0.47->0.00 t=3.5s
[DONE] fit__1913__deblur__counterfactual__simba__l1 calls=1023 margin 0.47->-9.85 t=3.5s
[DONE] fit__5980__denoise__attack__simba__l0.5 calls=1023 margin 4.84->-4.62 t=3.4s
[DONE] fit__5980__denoise__restore__simba__l0.5 calls=1023 margin 4.84->4.63 t=3.4s
[DONE] fit__5980__denoise__confidence_boost__simba__l0.5 calls=1023 margin 4.84->10.42 t=3.3s
[DONE] fit__5980__denoise__boundary_probe__simba__l0.5 calls=1023 margin 4.84->0.00 t=3.5s
[DONE] fit__5980__denoise__counterfactual__simba__l0.5 calls=1023 margin 4.84->-5.75 t=3.4s
[DONE] fit__5980__deblur__attack__simba__l1 calls=1023 margin 8.97->-2.52 t=3.4s
[DONE] fit__5980__deblur__restore__simba__l1 calls=1023 margin 8.97->9.87 t=3.4s
[DONE] fit__5980__deblur__confidence_boost__simba__l1 calls=1023 margin 8.97->13.19 t=3.3s
[DONE] fit__5980__deblur__boundary_probe__simba__l1 calls=1023 margin 8.97->0.00 t=3.4s
[DONE] fit__5980__deblur__counterfactual__simba__l1 calls=1023 margin 8.97->-1.04 t=3.2s
