[DONE] calibration__3421__denoise__attack__simba__l0.5 calls=1023 margin 0.16->-9.26 t=4.2s
[DONE] calibration__3421__denoise__restore__simba__l0.5 calls=1023 margin 0.16->0.43 t=4.4s
[DONE] calibration__3421__denoise__confidence_boost__simba__l0.5 calls=1023 margin 0.16->8.26 t=4.0s
[DONE] calibration__3421__denoise__boundary_probe__simba__l0.5 calls=1023 margin 0.16->0.00 t=4.3s
[DONE] calibration__3421__denoise__counterfactual__simba__l0.5 calls=1023 margin 0.16->-8.31 t=4.1s
[DONE] calibration__3421__deblur__attack__simba__l1 calls=1023 margin 6.94->-6.60 t=4.0s
[DONE] calibration__3421__deblur__restore__simba__l1 calls=1023 margin 6.94->7.39 t=4.4s
[DONE] calibration__3421__deblur__confidence_boost__simba__l1 calls=1023 margin 6.94->13.89 t=4.0s
[DONE] calibration__3421__deblur__boundary_probe__simba__l1 calls=1023 margin 6.94->0.00 t=4.3s
[DONE] calibration__3421__deblur__counterfactual__simba__l1 calls=1023 margin 6.94->-5.59 t=4.0s
[DONE] calibration__738__denoise__attack__simba__l0.5 calls=1023 margin 0.78->-8.66 t=4.0s
[DONE] calibration__738__denoise__restore__simba__l0.5 calls=1023 margin 0.78->2.15 t=4.3s
[DONE] calibration__738__denoise__confidence_boost__simba__l0.5 calls=1023 margin 0.78->9.07 t=4.0s
[DONE] calibration__738__denoise__boundary_probe__simba__l0.5 calls=1023 margin 0.78->0.00 t=4.1s
[DONE] calibration__738__denoise__counterfactual__simba__l0.5 calls=1023 margin 0.78->-7.53 t=3.9s
[DONE] calibration__738__deblur__attack__simba__l1 calls=1023 margin 8.65->-5.10 t=4.2s
[DONE] calibration__738__deblur__restore__simba__l1 calls=1023 margin 8.65->8.26 t=4.4s
[DONE] calibration__738__deblur__confidence_boost__simba__l1 calls=1023 margin 8.65->13.08 t=4.0s
[DONE] calibration__738__deblur__boundary_probe__simba__l1 calls=1023 margin 8.65->0.00 t=4.2s
[DONE] calibration__738__deblur__counterfactual__simba__l1 calls=1023 margin 8.65->-3.48 t=3.9s
[DONE] calibration__6417__denoise__attack__simba__l0.5 calls=1023 margin 3.01->-5.40 t=4.0s
[DONE] calibration__6417__denoise__restore__simba__l0.5 calls=1023 margin 3.01->4.57 t=4.3s
[DONE] calibration__6417__denoise__confidence_boost__simba__l0.5 calls=1023 margin 3.01->10.09 t=4.1s
[DONE] calibration__6417__denoise__boundary_probe__simba__l0.5 calls=1023 margin 3.01->0.00 t=4.1s
[DONE] calibration__6417__denoise__counterfactual__simba__l0.5 calls=1023 margin 3.01->-6.16 t=4.1s
[DONE] calibration__6417__deblur__attack__simba__l1 calls=1023 margin 5.49->-5.36 t=3.9s
[DONE] calibration__6417__deblur__restore__simba__l1 calls=1023 margin 5.49->4.60 t=4.4s
[DONE] calibration__6417__deblur__confidence_boost__simba__l1 calls=1023 margin 5.49->11.30 t=4.1s
[DONE] calibration__6417__deblur__boundary_probe__simba__l1 calls=1023 margin 5.49->0.00 t=4.3s
[DONE] calibration__6417__deblur__counterfactual__simba__l1 calls=1023 margin 5.49->-6.38 t=4.0s
[DONE] calibration__2985__denoise__attack__simba__l0.5 calls=1023 margin 2.84->-4.51 t=4.0s
[DONE] calibration__2985__denoise__restore__simba__l0.5 calls=1023 margin 2.84->2.61 t=4.4s
[DONE] calibration__2985__denoise__confidence_boost__simba__l0.5 calls=1023 margin 2.84->9.15 t=4.1s
[DONE] calibration__2985__denoise__boundary_probe__simba__l0.5 calls=1023 margin 2.84->0.00 t=4.3s
[DONE] calibration__2985__denoise__counterfactual__simba__l0.5 calls=1023 margin 2.84->-5.25 t=4.1s
[DONE] calibration__2985__deblur__attack__simba__l1 calls=1023 margin 8.01->-3.65 t=4.0s
[DONE] calibration__2985__deblur__restore__simba__l1 calls=1023 margin 8.01->8.70 t=4.3s
[DONE] calibration__2985__deblur__confidence_boost__simba__l1 calls=1023 margin 8.01->13.13 t=4.0s
[DONE] calibration__2985__deblur__boundary_probe__simba__l1 calls=1023 margin 8.01->0.00 t=4.3s
[DONE] calibration__2985__deblur__counterfactual__simba__l1 calls=1023 margin 8.01->-2.60 t=4.0s
[DONE] calibration__9917__denoise__attack__simba__l0.5 calls=1023 margin 2.38->-11.32 t=4.1s
[DONE] calibration__9917__denoise__restore__simba__l0.5 calls=1023 margin 2.38->3.18 t=4.3s
[DONE] calibration__9917__denoise__confidence_boost__simba__l0.5 calls=1023 margin 2.38->11.39 t=4.0s
[DONE] calibration__9917__denoise__boundary_probe__simba__l0.5 calls=1023 margin 2.38->0.00 t=4.3s
[DONE] calibration__9917__denoise__counterfactual__simba__l0.5 calls=1023 margin 2.38->-8.02 t=4.0s
[DONE] calibration__9917__deblur__attack__simba__l1 calls=1023 margin 12.11->-1.86 t=4.1s
[DONE] calibration__9917__deblur__restore__simba__l1 calls=1023 margin 12.11->12.82 t=4.5s
[DONE] calibration__9917__deblur__confidence_boost__simba__l1 calls=1023 margin 12.11->14.09 t=4.2s
[DONE] calibration__9917__deblur__boundary_probe__simba__l1 calls=1023 margin 12.11->0.00 t=4.3s
[DONE] calibration__9917__deblur__counterfactual__simba__l1 calls=1023 margin 12.11->-2.46 t=4.1s
[DONE] calibration__6769__denoise__attack__simba__l0.5 calls=1023 margin 0.82->-7.99 t=4.0s
[DONE] calibration__6769__denoise__restore__simba__l0.5 calls=1023 margin 0.82->1.17 t=4.5s
[DONE] calibration__6769__denoise__confidence_boost__simba__l0.5 calls=1023 margin 0.82->9.48 t=4.2s
[DONE] calibration__6769__denoise__boundary_probe__simba__l0.5 calls=1023 margin 0.82->0.00 t=4.3s
[DONE] calibration__6769__denoise__counterfactual__simba__l0.5 calls=1023 margin 0.82->-7.22 t=4.0s
[DONE] calibration__6769__deblur__attack__simba__l1 calls=1023 margin 9.26->-4.29 t=4.1s
[DONE] calibration__6769__deblur__restore__simba__l1 calls=1023 margin 9.26->10.38 t=4.4s
[DONE] calibration__6769__deblur__confidence_boost__simba__l1 calls=1023 margin 9.26->13.41 t=4.2s
[DONE] calibration__6769__deblur__boundary_probe__simba__l1 calls=1023 margin 9.26->0.00 t=4.3s
[DONE] calibration__6769__deblur__counterfactual__simba__l1 calls=1023 margin 9.26->-3.84 t=4.1s
[DONE] calibration__807__denoise__attack__simba__l0.5 calls=1023 margin 3.81->-5.74 t=4.1s
[DONE] calibration__807__denoise__restore__simba__l0.5 calls=1023 margin 3.81->4.28 t=4.3s
[DONE] calibration__807__denoise__confidence_boost__simba__l0.5 calls=1023 margin 3.81->8.76 t=4.0s
[DONE] calibration__807__denoise__boundary_probe__simba__l0.5 calls=1023 margin 3.81->0.00 t=4.3s
[DONE] calibration__807__denoise__counterfactual__simba__l0.5 calls=1023 margin 3.81->-6.15 t=4.1s
[DONE] calibration__807__deblur__attack__simba__l1 calls=1023 margin 9.21->-4.32 t=4.1s
[DONE] calibration__807__deblur__restore__simba__l1 calls=1023 margin 9.21->8.71 t=4.5s
[DONE] calibration__807__deblur__confidence_boost__simba__l1 calls=1023 margin 9.21->13.49 t=4.1s
[DONE] calibration__807__deblur__boundary_probe__simba__l1 calls=1023 margin 9.21->0.00 t=4.3s
[DONE] calibration__807__deblur__counterfactual__simba__l1 calls=1023 margin 9.21->-1.60 t=4.2s
[DONE] calibration__7422__denoise__attack__simba__l0.5 calls=1023 margin 1.50->-7.83 t=4.1s
[DONE] calibration__7422__denoise__restore__simba__l0.5 calls=1023 margin 1.50->1.50 t=4.5s
[DONE] calibration__7422__denoise__confidence_boost__simba__l0.5 calls=1023 margin 1.50->9.00 t=4.0s
[DONE] calibration__7422__denoise__boundary_probe__simba__l0.5 calls=1023 margin 1.50->0.00 t=4.3s
[DONE] calibration__7422__denoise__counterfactual__simba__l0.5 calls=1023 margin 1.50->-6.76 t=3.9s
[DONE] calibration__7422__deblur__attack__simba__l1 calls=1023 margin 6.46->-11.15 t=4.1s
[DONE] calibration__7422__deblur__restore__simba__l1 calls=1023 margin 6.46->7.43 t=4.3s
[DONE] calibration__7422__deblur__confidence_boost__simba__l1 calls=1023 margin 6.46->13.94 t=4.1s
[DONE] calibration__7422__deblur__boundary_probe__simba__l1 calls=1023 margin 6.46->0.00 t=4.2s
[DONE] calibration__7422__deblur__counterfactual__simba__l1 calls=1023 margin 6.46->-5.23 t=4.1s
[DONE] calibration__1908__denoise__attack__simba__l0.5 calls=1023 margin 0.56->-6.89 t=3.9s
[DONE] calibration__1908__denoise__restore__simba__l0.5 calls=1023 margin 0.56->0.20 t=4.3s
[DONE] calibration__1908__denoise__confidence_boost__simba__l0.5 calls=1023 margin 0.56->8.73 t=4.1s
[DONE] calibration__1908__denoise__boundary_probe__simba__l0.5 calls=1023 margin 0.56->0.00 t=4.2s
[DONE] calibration__1908__denoise__counterfactual__simba__l0.5 calls=1023 margin 0.56->-6.54 t=4.0s
[DONE] calibration__1908__deblur__attack__simba__l1 calls=1023 margin 0.38->-7.18 t=4.1s
[DONE] calibration__1908__deblur__restore__simba__l1 calls=1023 margin 0.38->1.88 t=4.4s
[DONE] calibration__1908__deblur__confidence_boost__simba__l1 calls=1023 margin 0.38->10.20 t=4.0s
[DONE] calibration__1908__deblur__boundary_probe__simba__l1 calls=1023 margin 0.38->0.00 t=4.3s
[DONE] calibration__1908__deblur__counterfactual__simba__l1 calls=1023 margin 0.38->-7.08 t=4.0s
[DONE] calibration__9640__denoise__attack__simba__l0.5 calls=1023 margin 4.01->-5.30 t=4.0s
[DONE] calibration__9640__denoise__restore__simba__l0.5 calls=1023 margin 4.01->4.07 t=4.3s
[DONE] calibration__9640__denoise__confidence_boost__simba__l0.5 calls=1023 margin 4.01->8.04 t=3.9s
[DONE] calibration__9640__denoise__boundary_probe__simba__l0.5 calls=1023 margin 4.01->0.00 t=4.2s
[DONE] calibration__9640__denoise__counterfactual__simba__l0.5 calls=1023 margin 4.01->-2.14 t=4.1s
[DONE] calibration__9640__deblur__attack__simba__l1 calls=1023 margin 4.04->-7.76 t=4.1s
[DONE] calibration__9640__deblur__restore__simba__l1 calls=1023 margin 4.04->4.63 t=4.4s
[DONE] calibration__9640__deblur__confidence_boost__simba__l1 calls=1023 margin 4.04->9.56 t=4.0s
[DONE] calibration__9640__deblur__boundary_probe__simba__l1 calls=1023 margin 4.04->0.00 t=4.2s
[DONE] calibration__9640__deblur__counterfactual__simba__l1 calls=1023 margin 4.04->-4.82 t=4.2s
[DONE] calibration__6803__denoise__attack__simba__l0.5 calls=1023 margin 10.14->1.99 t=4.1s
[DONE] calibration__6803__denoise__restore__simba__l0.5 calls=1023 margin 10.14->9.60 t=4.3s
[DONE] calibration__6803__denoise__confidence_boost__simba__l0.5 calls=1023 margin 10.14->13.63 t=4.0s
[DONE] calibration__6803__denoise__boundary_probe__simba__l0.5 calls=1023 margin 10.14->2.19 t=4.4s
[DONE] calibration__6803__denoise__counterfactual__simba__l0.5 calls=1023 margin 10.14->3.22 t=4.0s
[DONE] calibration__6803__deblur__attack__simba__l1 calls=1023 margin 0.96->-9.71 t=4.0s
[DONE] calibration__6803__deblur__restore__simba__l1 calls=1023 margin 0.96->1.97 t=4.4s
[DONE] calibration__6803__deblur__confidence_boost__simba__l1 calls=1023 margin 0.96->12.74 t=4.0s
[DONE] calibration__6803__deblur__boundary_probe__simba__l1 calls=1023 margin 0.96->0.00 t=4.2s
[DONE] calibration__6803__deblur__counterfactual__simba__l1 calls=1023 margin 0.96->-8.54 t=4.0s
[DONE] calibration__99__denoise__attack__simba__l0.5 calls=1023 margin 0.72->-10.55 t=4.0s
[DONE] calibration__99__denoise__restore__simba__l0.5 calls=1023 margin 0.72->0.74 t=4.3s
[DONE] calibration__99__denoise__confidence_boost__simba__l0.5 calls=1023 margin 0.72->7.04 t=4.0s
[DONE] calibration__99__denoise__boundary_probe__simba__l0.5 calls=1023 margin 0.72->0.00 t=4.3s
[DONE] calibration__99__denoise__counterfactual__simba__l0.5 calls=1023 margin 0.72->-6.10 t=4.1s
[DONE] calibration__99__deblur__attack__simba__l1 calls=1023 margin 10.57->-4.16 t=4.1s
[DONE] calibration__99__deblur__restore__simba__l1 calls=1023 margin 10.57->11.26 t=4.3s
[DONE] calibration__99__deblur__confidence_boost__simba__l1 calls=1023 margin 10.57->13.37 t=4.1s
[DONE] calibration__99__deblur__boundary_probe__simba__l1 calls=1023 margin 10.57->0.00 t=4.4s
[DONE] calibration__99__deblur__counterfactual__simba__l1 calls=1023 margin 10.57->-2.46 t=4.1s
[DONE] calibration__5811__denoise__attack__simba__l0.5 calls=1023 margin 4.37->-6.16 t=4.1s
[DONE] calibration__5811__denoise__restore__simba__l0.5 calls=1023 margin 4.37->5.86 t=4.4s
[DONE] calibration__5811__denoise__confidence_boost__simba__l0.5 calls=1023 margin 4.37->11.50 t=4.1s
[DONE] calibration__5811__denoise__boundary_probe__simba__l0.5 calls=1023 margin 4.37->0.00 t=4.4s
[DONE] calibration__5811__denoise__counterfactual__simba__l0.5 calls=1023 margin 4.37->-5.76 t=4.1s
[DONE] calibration__5811__deblur__attack__simba__l1 calls=1023 margin 9.00->-5.61 t=4.1s
[DONE] calibration__5811__deblur__restore__simba__l1 calls=1023 margin 9.00->8.86 t=4.3s
[DONE] calibration__5811__deblur__confidence_boost__simba__l1 calls=1023 margin 9.00->14.53 t=4.1s
[DONE] calibration__5811__deblur__boundary_probe__simba__l1 calls=1023 margin 9.00->0.00 t=4.3s
[DONE] calibration__5811__deblur__counterfactual__simba__l1 calls=1023 margin 9.00->-4.10 t=3.9s
[DONE] calibration__3803__denoise__attack__simba__l0.5 calls=1023 margin 8.04->2.59 t=4.0s
[DONE] calibration__3803__denoise__restore__simba__l0.5 calls=1023 margin 8.04->8.35 t=4.3s
[DONE] calibration__3803__denoise__confidence_boost__simba__l0.5 calls=1023 margin 8.04->11.62 t=4.2s
[DONE] calibration__3803__denoise__boundary_probe__simba__l0.5 calls=1023 margin 8.04->1.67 t=4.3s
[DONE] calibration__3803__denoise__counterfactual__simba__l0.5 calls=1023 margin 8.04->0.94 t=4.0s
[DONE] calibration__3803__deblur__attack__simba__l1 calls=1023 margin 6.42->-1.25 t=4.1s
[DONE] calibration__3803__deblur__restore__simba__l1 calls=1023 margin 6.42->7.07 t=4.3s
[DONE] calibration__3803__deblur__confidence_boost__simba__l1 calls=1023 margin 6.42->12.50 t=4.0s
[DONE] calibration__3803__deblur__boundary_probe__simba__l1 calls=1023 margin 6.42->0.00 t=4.3s
[DONE] calibration__3803__deblur__counterfactual__simba__l1 calls=1023 margin 6.42->-0.98 t=3.9s
[DONE] calibration__7030__denoise__attack__simba__l0.5 calls=1023 margin 3.01->-8.39 t=4.0s
[DONE] calibration__7030__denoise__restore__simba__l0.5 calls=1023 margin 3.01->3.45 t=4.3s
[DONE] calibration__7030__denoise__confidence_boost__simba__l0.5 calls=1023 margin 3.01->9.66 t=4.1s
[DONE] calibration__7030__denoise__boundary_probe__simba__l0.5 calls=1023 margin 3.01->0.00 t=4.2s
[DONE] calibration__7030__denoise__counterfactual__simba__l0.5 calls=1023 margin 3.01->-8.61 t=4.2s
[DONE] calibration__7030__deblur__attack__simba__l1 calls=1023 margin 6.35->-9.64 t=4.2s
[DONE] calibration__7030__deblur__restore__simba__l1 calls=1023 margin 6.35->5.77 t=4.3s
[DONE] calibration__7030__deblur__confidence_boost__simba__l1 calls=1023 margin 6.35->13.61 t=4.1s
[DONE] calibration__7030__deblur__boundary_probe__simba__l1 calls=1023 margin 6.35->0.00 t=4.2s
[DONE] calibration__7030__deblur__counterfactual__simba__l1 calls=1023 margin 6.35->-8.88 t=4.1s
[DONE] calibration__5945__denoise__attack__simba__l0.5 calls=1023 margin 5.15->-7.11 t=4.1s
[DONE] calibration__5945__denoise__restore__simba__l0.5 calls=1023 margin 5.15->5.09 t=4.3s
[DONE] calibration__5945__denoise__confidence_boost__simba__l0.5 calls=1023 margin 5.15->10.65 t=4.1s
[DONE] calibration__5945__denoise__boundary_probe__simba__l0.5 calls=1023 margin 5.15->0.00 t=4.3s
[DONE] calibration__5945__denoise__counterfactual__simba__l0.5 calls=1023 margin 5.15->-6.00 t=4.1s
[DONE] calibration__5945__deblur__attack__simba__l1 calls=1023 margin 9.12->-2.18 t=4.2s
[DONE] calibration__5945__deblur__restore__simba__l1 calls=1023 margin 9.12->9.03 t=4.3s
[DONE] calibration__5945__deblur__confidence_boost__simba__l1 calls=1023 margin 9.12->12.94 t=4.0s
[DONE] calibration__5945__deblur__boundary_probe__simba__l1 calls=1023 margin 9.12->0.00 t=4.3s
[DONE] calibration__5945__deblur__counterfactual__simba__l1 calls=1023 margin 9.12->-4.48 t=4.0s
[DONE] evaluation__791__denoise__attack__simba__l0.5 calls=1023 margin 3.81->-6.08 t=4.0s
[DONE] evaluation__791__denoise__restore__simba__l0.5 calls=1023 margin 3.81->4.77 t=4.3s
[DONE] evaluation__791__denoise__confidence_boost__simba__l0.5 calls=1023 margin 3.81->9.59 t=4.0s
[DONE] evaluation__791__denoise__boundary_probe__simba__l0.5 calls=1023 margin 3.81->0.00 t=4.3s
[DONE] evaluation__791__denoise__counterfactual__simba__l0.5 calls=1023 margin 3.81->-6.65 t=4.2s
[DONE] evaluation__791__deblur__attack__simba__l1 calls=1023 margin 9.53->1.37 t=4.0s
[DONE] evaluation__791__deblur__restore__simba__l1 calls=1023 margin 9.53->9.61 t=4.3s
[DONE] evaluation__791__deblur__confidence_boost__simba__l1 calls=1023 margin 9.53->13.40 t=4.0s
[DONE] evaluation__791__deblur__boundary_probe__simba__l1 calls=1023 margin 9.53->1.12 t=4.3s
[DONE] evaluation__791__deblur__counterfactual__simba__l1 calls=1023 margin 9.53->1.89 t=4.0s
[DONE] evaluation__5857__denoise__attack__simba__l0.5 calls=1023 margin 1.55->-6.56 t=4.0s
[DONE] evaluation__5857__denoise__restore__simba__l0.5 calls=1023 margin 1.55->1.29 t=4.4s
[DONE] evaluation__5857__denoise__confidence_boost__simba__l0.5 calls=1023 margin 1.55->9.15 t=4.1s
[DONE] evaluation__5857__denoise__boundary_probe__simba__l0.5 calls=1023 margin 1.55->0.00 t=4.2s
[DONE] evaluation__5857__denoise__counterfactual__simba__l0.5 calls=1023 margin 1.55->-6.33 t=4.1s
[DONE] evaluation__5857__deblur__attack__simba__l1 calls=1023 margin 6.47->-5.35 t=4.0s
[DONE] evaluation__5857__deblur__restore__simba__l1 calls=1023 margin 6.47->7.10 t=4.4s
[DONE] evaluation__5857__deblur__confidence_boost__simba__l1 calls=1023 margin 6.47->12.59 t=4.1s
[DONE] evaluation__5857__deblur__boundary_probe__simba__l1 calls=1023 margin 6.47->0.00 t=4.2s
[DONE] evaluation__5857__deblur__counterfactual__simba__l1 calls=1023 margin 6.47->-2.55 t=4.1s
[DONE] evaluation__8031__denoise__attack__simba__l0.5 calls=1023 margin 1.63->-6.08 t=4.1s
[DONE] evaluation__8031__denoise__restore__simba__l0.5 calls=1023 margin 1.63->1.46 t=4.2s
[DONE] evaluation__8031__denoise__confidence_boost__simba__l0.5 calls=1023 margin 1.63->8.64 t=4.0s
[DONE] evaluation__8031__denoise__boundary_probe__simba__l0.5 calls=1023 margin 1.63->0.00 t=4.1s
[DONE] evaluation__8031__denoise__counterfactual__simba__l0.5 calls=1023 margin 1.63->-5.62 t=4.1s
[DONE] evaluation__8031__deblur__attack__simba__l1 calls=1023 margin 8.75->-5.14 t=4.0s
[DONE] evaluation__8031__deblur__restore__simba__l1 calls=1023 margin 8.75->8.75 t=4.2s
[DONE] evaluation__8031__deblur__confidence_boost__simba__l1 calls=1023 margin 8.75->13.62 t=4.0s
[DONE] evaluation__8031__deblur__boundary_probe__simba__l1 calls=1023 margin 8.75->0.00 t=4.2s
[DONE] evaluation__8031__deblur__counterfactual__simba__l1 calls=1023 margin 8.75->-6.64 t=4.1s
[DONE] evaluation__9991__denoise__attack__simba__l0.5 calls=1023 margin 6.17->-4.96 t=4.0s
[DONE] evaluation__9991__denoise__restore__simba__l0.5 calls=1023 margin 6.17->6.51 t=4.3s
[DONE] evaluation__9991__denoise__confidence_boost__simba__l0.5 calls=1023 margin 6.17->11.88 t=4.1s
[DONE] evaluation__9991__denoise__boundary_probe__simba__l0.5 calls=1023 margin 6.17->0.00 t=4.2s
[DONE] evaluation__9991__denoise__counterfactual__simba__l0.5 calls=1023 margin 6.17->-4.04 t=4.0s
[DONE] evaluation__9991__deblur__attack__simba__l1 calls=1023 margin 10.05->-2.19 t=3.9s
[DONE] evaluation__9991__deblur__restore__simba__l1 calls=1023 margin 10.05->9.71 t=4.3s
[DONE] evaluation__9991__deblur__confidence_boost__simba__l1 calls=1023 margin 10.05->13.34 t=4.1s
[DONE] evaluation__9991__deblur__boundary_probe__simba__l1 calls=1023 margin 10.05->0.00 t=4.3s
[DONE] evaluation__9991__deblur__counterfactual__simba__l1 calls=1023 margin 10.05->-3.67 t=4.0s
[DONE] evaluation__1882__denoise__attack__simba__l0.5 calls=1023 margin 1.29->-9.56 t=4.0s
[DONE] evaluation__1882__denoise__restore__simba__l0.5 calls=1023 margin 1.29->1.81 t=4.2s
[DONE] evaluation__1882__denoise__confidence_boost__simba__l0.5 calls=1023 margin 1.29->9.92 t=4.1s
[DONE] evaluation__1882__denoise__boundary_probe__simba__l0.5 calls=1023 margin 1.29->0.00 t=4.2s
[DONE] evaluation__1882__denoise__counterfactual__simba__l0.5 calls=1023 margin 1.29->-8.59 t=4.0s
[DONE] evaluation__1882__deblur__attack__simba__l1 calls=1023 margin 11.01->-0.66 t=4.0s
[DONE] evaluation__1882__deblur__restore__simba__l1 calls=1023 margin 11.01->10.12 t=4.3s
[DONE] evaluation__1882__deblur__confidence_boost__simba__l1 calls=1023 margin 11.01->13.11 t=4.2s
[DONE] evaluation__1882__deblur__boundary_probe__simba__l1 calls=1023 margin 11.01->0.04 t=4.2s
[DONE] evaluation__1882__deblur__counterfactual__simba__l1 calls=1023 margin 11.01->-1.57 t=4.0s
[DONE] evaluation__6789__denoise__attack__simba__l0.5 calls=1023 margin 1.36->-3.86 t=4.1s
[DONE] evaluation__6789__denoise__restore__simba__l0.5 calls=1023 margin 1.36->0.98 t=4.3s
[DONE] evaluation__6789__denoise__confidence_boost__simba__l0.5 calls=1023 margin 1.36->7.91 t=4.2s
[DONE] evaluation__6789__denoise__boundary_probe__simba__l0.5 calls=1023 margin 1.36->0.00 t=4.1s
[DONE] evaluation__6789__denoise__counterfactual__simba__l0.5 calls=1023 margin 1.36->-5.34 t=4.2s
[DONE] evaluation__6789__deblur__attack__simba__l1 calls=1023 margin 9.18->-2.35 t=4.1s
[DONE] evaluation__6789__deblur__restore__simba__l1 calls=1023 margin 9.18->8.47 t=4.3s
[DONE] evaluation__6789__deblur__confidence_boost__simba__l1 calls=1023 margin 9.18->12.97 t=4.1s
[DONE] evaluation__6789__deblur__boundary_probe__simba__l1 calls=1023 margin 9.18->0.00 t=4.3s
[DONE] evaluation__6789__deblur__counterfactual__simba__l1 calls=1023 margin 9.18->-1.74 t=4.2s
[DONE] evaluation__8366__denoise__attack__simba__l0.5 calls=1023 margin 0.99->-6.71 t=4.2s
[DONE] evaluation__8366__denoise__restore__simba__l0.5 calls=1023 margin 0.99->0.77 t=4.4s
[DONE] evaluation__8366__denoise__confidence_boost__simba__l0.5 calls=1023 margin 0.99->7.95 t=4.1s
[DONE] evaluation__8366__denoise__boundary_probe__simba__l0.5 calls=1023 margin 0.99->0.00 t=4.2s
[DONE] evaluation__8366__denoise__counterfactual__simba__l0.5 calls=1023 margin 0.99->-6.07 t=4.0s
[DONE] evaluation__8366__deblur__attack__simba__l1 calls=1023 margin 5.37->-3.01 t=4.1s
[DONE] evaluation__8366__deblur__restore__simba__l1 calls=1023 margin 5.37->5.40 t=4.3s
[DONE] evaluation__8366__deblur__confidence_boost__simba__l1 calls=1023 margin 5.37->10.57 t=4.0s
[DONE] evaluation__8366__deblur__boundary_probe__simba__l1 calls=1023 margin 5.37->0.00 t=4.2s
[DONE] evaluation__8366__deblur__counterfactual__simba__l1 calls=1023 margin 5.37->-2.66 t=4.0s
[DONE] evaluation__1709__denoise__attack__simba__l0.5 calls=1023 margin 6.53->-5.68 t=4.1s
[DONE] evaluation__1709__denoise__restore__simba__l0.5 calls=1023 margin 6.53->7.34 t=4.3s
[DONE] evaluation__1709__denoise__confidence_boost__simba__l0.5 calls=1023 margin 6.53->11.60 t=4.1s
[DONE] evaluation__1709__denoise__boundary_probe__simba__l0.5 calls=1023 margin 6.53->0.00 t=4.3s
[DONE] evaluation__1709__denoise__counterfactual__simba__l0.5 calls=1023 margin 6.53->-5.93 t=4.1s
[DONE] evaluation__1709__deblur__attack__simba__l1 calls=1023 margin 7.80->-7.86 t=4.1s
[DONE] evaluation__1709__deblur__restore__simba__l1 calls=1023 margin 7.80->8.26 t=4.3s
[DONE] evaluation__1709__deblur__confidence_boost__simba__l1 calls=1023 margin 7.80->12.97 t=4.1s
[DONE] evaluation__1709__deblur__boundary_probe__simba__l1 calls=1023 margin 7.80->0.00 t=4.3s
[DONE] evaluation__1709__deblur__counterfactual__simba__l1 calls=1023 margin 7.80->-7.89 t=4.0s
[DONE] evaluation__4035__denoise__attack__simba__l0.5 calls=1023 margin 5.13->-4.63 t=4.0s
[DONE] evaluation__4035__denoise__restore__simba__l0.5 calls=1023 margin 5.13->5.11 t=4.3s
[DONE] evaluation__4035__denoise__confidence_boost__simba__l0.5 calls=1023 margin 5.13->10.99 t=4.0s
[DONE] evaluation__4035__denoise__boundary_probe__simba__l0.5 calls=1023 margin 5.13->0.00 t=4.3s
[DONE] evaluation__4035__denoise__counterfactual__simba__l0.5 calls=1023 margin 5.13->-4.85 t=4.1s
[DONE] evaluation__4035__deblur__attack__simba__l1 calls=1023 margin 10.68->-1.75 t=4.0s
[DONE] evaluation__4035__deblur__restore__simba__l1 calls=1023 margin 10.68->10.70 t=4.3s
[DONE] evaluation__4035__deblur__confidence_boost__simba__l1 calls=1023 margin 10.68->13.84 t=4.1s
[DONE] evaluation__4035__deblur__boundary_probe__simba__l1 calls=1023 margin 10.68->0.02 t=4.4s
[DONE] evaluation__4035__deblur__counterfactual__simba__l1 calls=1023 margin 10.68->-0.96 t=4.0s
[DONE] evaluation__7855__denoise__attack__simba__l0.5 calls=1023 margin 1.41->-8.18 t=4.0s
[DONE] evaluation__7855__denoise__restore__simba__l0.5 calls=1023 margin 1.41->0.96 t=4.2s
[DONE] evaluation__7855__denoise__confidence_boost__simba__l0.5 calls=1023 margin 1.41->10.77 t=4.1s
[DONE] evaluation__7855__denoise__boundary_probe__simba__l0.5 calls=1023 margin 1.41->0.00 t=4.3s
[DONE] evaluation__7855__denoise__counterfactual__simba__l0.5 calls=1023 margin 1.41->-7.62 t=4.0s
[DONE] evaluation__7855__deblur__attack__simba__l1 calls=1023 margin 2.63->-14.64 t=4.0s
[DONE] evaluation__7855__deblur__restore__simba__l1 calls=1023 margin 2.63->2.02 t=4.3s
[DONE] evaluation__7855__deblur__confidence_boost__simba__l1 calls=1023 margin 2.63->13.26 t=4.1s
[DONE] evaluation__7855__deblur__boundary_probe__simba__l1 calls=1023 margin 2.63->0.00 t=4.3s
[DONE] evaluation__7855__deblur__counterfactual__simba__l1 calls=1023 margin 2.63->-9.28 t=4.1s
[DONE] evaluation__1518__denoise__attack__simba__l0.5 calls=1023 margin 0.23->-9.36 t=3.9s
[DONE] evaluation__1518__denoise__restore__simba__l0.5 calls=1023 margin 0.23->1.46 t=4.2s
[DONE] evaluation__1518__denoise__confidence_boost__simba__l0.5 calls=1023 margin 0.23->8.46 t=4.1s
[DONE] evaluation__1518__denoise__boundary_probe__simba__l0.5 calls=1023 margin 0.23->0.00 t=4.2s
[DONE] evaluation__1518__denoise__counterfactual__simba__l0.5 calls=1023 margin 0.23->-7.33 t=3.9s
[DONE] evaluation__1518__deblur__attack__simba__l1 calls=1023 margin 5.52->-3.13 t=4.1s
[DONE] evaluation__1518__deblur__restore__simba__l1 calls=1023 margin 5.52->6.66 t=4.4s
[DONE] evaluation__1518__deblur__confidence_boost__simba__l1 calls=1023 margin 5.52->11.81 t=4.0s
[DONE] evaluation__1518__deblur__boundary_probe__simba__l1 calls=1023 margin 5.52->0.00 t=4.3s
[DONE] evaluation__1518__deblur__counterfactual__simba__l1 calls=1023 margin 5.52->-1.98 t=4.0s
[DONE] evaluation__4785__denoise__attack__simba__l0.5 calls=1023 margin 6.36->-7.24 t=4.0s
[DONE] evaluation__4785__denoise__restore__simba__l0.5 calls=1023 margin 6.36->5.59 t=4.2s
[DONE] evaluation__4785__denoise__confidence_boost__simba__l0.5 calls=1023 margin 6.36->13.34 t=3.9s
[DONE] evaluation__4785__denoise__boundary_probe__simba__l0.5 calls=1023 margin 6.36->0.00 t=4.3s
[DONE] evaluation__4785__denoise__counterfactual__simba__l0.5 calls=1023 margin 6.36->-5.03 t=3.9s
[DONE] evaluation__4785__deblur__attack__simba__l1 calls=1023 margin 12.84->3.09 t=4.1s
[DONE] evaluation__4785__deblur__restore__simba__l1 calls=1023 margin 12.84->13.32 t=4.3s
[DONE] evaluation__4785__deblur__confidence_boost__simba__l1 calls=1023 margin 12.84->13.94 t=4.0s
[DONE] evaluation__4785__deblur__boundary_probe__simba__l1 calls=1023 margin 12.84->1.20 t=4.3s
[DONE] evaluation__4785__deblur__counterfactual__simba__l1 calls=1023 margin 12.84->0.46 t=4.0s
[DONE] evaluation__6340__denoise__attack__simba__l0.5 calls=1023 margin 2.63->-7.76 t=4.2s
[DONE] evaluation__6340__denoise__restore__simba__l0.5 calls=1023 margin 2.63->2.45 t=4.3s
[DONE] evaluation__6340__denoise__confidence_boost__simba__l0.5 calls=1023 margin 2.63->10.16 t=4.0s
[DONE] evaluation__6340__denoise__boundary_probe__simba__l0.5 calls=1023 margin 2.63->0.00 t=4.3s
[DONE] evaluation__6340__denoise__counterfactual__simba__l0.5 calls=1023 margin 2.63->-6.76 t=4.0s
[DONE] evaluation__6340__deblur__attack__simba__l1 calls=1023 margin 6.91->-4.00 t=3.9s
[DONE] evaluation__6340__deblur__restore__simba__l1 calls=1023 margin 6.91->7.83 t=4.2s
[DONE] evaluation__6340__deblur__confidence_boost__simba__l1 calls=1023 margin 6.91->12.81 t=4.0s
[DONE] evaluation__6340__deblur__boundary_probe__simba__l1 calls=1023 margin 6.91->0.00 t=4.4s
[DONE] evaluation__6340__deblur__counterfactual__simba__l1 calls=1023 margin 6.91->-1.90 t=4.0s
[DONE] evaluation__9839__denoise__attack__simba__l0.5 calls=1023 margin 0.97->-9.16 t=4.0s
[DONE] evaluation__9839__denoise__restore__simba__l0.5 calls=1023 margin 0.97->1.02 t=4.3s
[DONE] evaluation__9839__denoise__confidence_boost__simba__l0.5 calls=1023 margin 0.97->7.71 t=4.0s
[DONE] evaluation__9839__denoise__boundary_probe__simba__l0.5 calls=1023 margin 0.97->0.00 t=4.2s
[DONE] evaluation__9839__denoise__counterfactual__simba__l0.5 calls=1023 margin 0.97->-6.72 t=4.0s
[DONE] evaluation__9839__deblur__attack__simba__l1 calls=1023 margin 1.49->-7.05 t=4.1s
[DONE] evaluation__9839__deblur__restore__simba__l1 calls=1023 margin 1.49->1.84 t=4.4s
[DONE] evaluation__9839__deblur__confidence_boost__simba__l1 calls=1023 margin 1.49->11.63 t=4.1s
[DONE] evaluation__9839__deblur__boundary_probe__simba__l1 calls=1023 margin 1.49->0.00 t=4.1s
[DONE] evaluation__9839__deblur__counterfactual__simba__l1 calls=1023 margin 1.49->-6.89 t=4.0s
[DONE] evaluation__3692__denoise__attack__simba__l0.5 calls=1023 margin 4.46->-6.31 t=4.0s
[DONE] evaluation__3692__denoise__restore__simba__l0.5 calls=1023 margin 4.46->5.59 t=4.2s
[DONE] evaluation__3692__denoise__confidence_boost__simba__l0.5 calls=1023 margin 4.46->13.34 t=3.9s
[DONE] evaluation__3692__denoise__boundary_probe__simba__l0.5 calls=1023 margin 4.46->0.00 t=4.3s
[DONE] evaluation__3692__denoise__counterfactual__simba__l0.5 calls=1023 margin 4.46->-6.38 t=3.9s
[DONE] evaluation__3692__deblur__attack__simba__l1 calls=1023 margin 9.22->-10.43 t=4.0s
[DONE] evaluation__3692__deblur__restore__simba__l1 calls=1023 margin 9.22->13.44 t=4.4s
[DONE] evaluation__3692__deblur__confidence_boost__simba__l1 calls=1023 margin 9.22->14.63 t=4.1s
[DONE] evaluation__3692__deblur__boundary_probe__simba__l1 calls=1023 margin 9.22->0.00 t=4.3s
[DONE] evaluation__3692__deblur__counterfactual__simba__l1 calls=1023 margin 9.22->-9.00 t=4.0s
[DONE] evaluation__4362__denoise__attack__simba__l0.5 calls=1023 margin 9.48->0.84 t=3.9s
[DONE] evaluation__4362__denoise__restore__simba__l0.5 calls=1023 margin 9.48->9.50 t=4.3s
[DONE] evaluation__4362__denoise__confidence_boost__simba__l0.5 calls=1023 margin 9.48->13.00 t=4.1s
[DONE] evaluation__4362__denoise__boundary_probe__simba__l0.5 calls=1023 margin 9.48->2.06 t=4.4s
[DONE] evaluation__4362__denoise__counterfactual__simba__l0.5 calls=1023 margin 9.48->1.80 t=3.9s
[DONE] evaluation__4362__deblur__attack__simba__l1 calls=1023 margin 3.89->-7.95 t=4.1s
[DONE] evaluation__4362__deblur__restore__simba__l1 calls=1023 margin 3.89->3.76 t=4.3s
[DONE] evaluation__4362__deblur__confidence_boost__simba__l1 calls=1023 margin 3.89->13.56 t=4.0s
[DONE] evaluation__4362__deblur__boundary_probe__simba__l1 calls=1023 margin 3.89->0.00 t=4.4s
[DONE] evaluation__4362__deblur__counterfactual__simba__l1 calls=1023 margin 3.89->-7.34 t=4.0s
[DONE] evaluation__8540__denoise__attack__simba__l0.5 calls=1023 margin 1.22->-12.36 t=4.0s
[DONE] evaluation__8540__denoise__restore__simba__l0.5 calls=1023 margin 1.22->2.43 t=4.3s
[DONE] evaluation__8540__denoise__confidence_boost__simba__l0.5 calls=1023 margin 1.22->9.22 t=3.9s
[DONE] evaluation__8540__denoise__boundary_probe__simba__l0.5 calls=1023 margin 1.22->0.00 t=4.2s
[DONE] evaluation__8540__denoise__counterfactual__simba__l0.5 calls=1023 margin 1.22->-9.22 t=4.0s
[DONE] evaluation__8540__deblur__attack__simba__l1 calls=1023 margin 11.66->-10.81 t=4.0s
[DONE] evaluation__8540__deblur__restore__simba__l1 calls=1023 margin 11.66->12.24 t=4.3s
[DONE] evaluation__8540__deblur__confidence_boost__simba__l1 calls=1023 margin 11.66->14.58 t=4.1s
[DONE] evaluation__8540__deblur__boundary_probe__simba__l1 calls=1023 margin 11.66->0.00 t=4.3s
[DONE] evaluation__8540__deblur__counterfactual__simba__l1 calls=1023 margin 11.66->-4.63 t=4.1s
[DONE] evaluation__2281__denoise__attack__simba__l0.5 calls=1023 margin 5.43->-3.00 t=4.0s
[DONE] evaluation__2281__denoise__restore__simba__l0.5 calls=1023 margin 5.43->5.14 t=4.2s
[DONE] evaluation__2281__denoise__confidence_boost__simba__l0.5 calls=1023 margin 5.43->12.15 t=4.0s
[DONE] evaluation__2281__denoise__boundary_probe__simba__l0.5 calls=1023 margin 5.43->0.00 t=4.3s
[DONE] evaluation__2281__denoise__counterfactual__simba__l0.5 calls=1023 margin 5.43->-4.52 t=4.0s
[DONE] evaluation__2281__deblur__attack__simba__l1 calls=1023 margin 9.89->-0.25 t=4.0s
[DONE] evaluation__2281__deblur__restore__simba__l1 calls=1023 margin 9.89->10.40 t=4.5s
[DONE] evaluation__2281__deblur__confidence_boost__simba__l1 calls=1023 margin 9.89->13.49 t=4.1s
[DONE] evaluation__2281__deblur__boundary_probe__simba__l1 calls=1023 margin 9.89->0.00 t=4.4s
[DONE] evaluation__2281__deblur__counterfactual__simba__l1 calls=1023 margin 9.89->-1.32 t=4.0s
[DONE] evaluation__5615__denoise__attack__simba__l0.5 calls=1023 margin 0.92->-9.54 t=4.0s
[DONE] evaluation__5615__denoise__restore__simba__l0.5 calls=1023 margin 0.92->1.41 t=4.3s
[DONE] evaluation__5615__denoise__confidence_boost__simba__l0.5 calls=1023 margin 0.92->7.20 t=4.0s
[DONE] evaluation__5615__denoise__boundary_probe__simba__l0.5 calls=1023 margin 0.92->0.00 t=4.2s
[DONE] evaluation__5615__denoise__counterfactual__simba__l0.5 calls=1023 margin 0.92->-8.30 t=3.9s
[DONE] evaluation__5615__deblur__attack__simba__l1 calls=1023 margin 3.54->-7.44 t=4.0s
[DONE] evaluation__5615__deblur__restore__simba__l1 calls=1023 margin 3.54->4.12 t=4.3s
[DONE] evaluation__5615__deblur__confidence_boost__simba__l1 calls=1023 margin 3.54->11.87 t=4.0s
[DONE] evaluation__5615__deblur__boundary_probe__simba__l1 calls=1023 margin 3.54->0.00 t=4.3s
[DONE] evaluation__5615__deblur__counterfactual__simba__l1 calls=1023 margin 3.54->-6.92 t=3.9s
[DONE] evaluation__8789__denoise__attack__simba__l0.5 calls=1023 margin 2.39->-10.51 t=4.0s
[DONE] evaluation__8789__denoise__restore__simba__l0.5 calls=1023 margin 2.39->2.71 t=4.4s
[DONE] evaluation__8789__denoise__confidence_boost__simba__l0.5 calls=1023 margin 2.39->10.87 t=3.9s
[DONE] evaluation__8789__denoise__boundary_probe__simba__l0.5 calls=1023 margin 2.39->0.00 t=4.3s
[DONE] evaluation__8789__denoise__counterfactual__simba__l0.5 calls=1023 margin 2.39->-8.68 t=4.0s
[DONE] evaluation__8789__deblur__attack__simba__l1 calls=1023 margin 6.06->-3.43 t=4.0s
[DONE] evaluation__8789__deblur__restore__simba__l1 calls=1023 margin 6.06->7.46 t=4.2s
[DONE] evaluation__8789__deblur__confidence_boost__simba__l1 calls=1023 margin 6.06->13.83 t=4.1s
[DONE] evaluation__8789__deblur__boundary_probe__simba__l1 calls=1023 margin 6.06->0.00 t=4.4s
[DONE] evaluation__8789__deblur__counterfactual__simba__l1 calls=1023 margin 6.06->-2.17 t=4.1s
[DONE] evaluation__1147__denoise__attack__simba__l0.5 calls=1023 margin 6.29->-4.76 t=4.0s
[DONE] evaluation__1147__denoise__restore__simba__l0.5 calls=1023 margin 6.29->6.44 t=4.3s
[DONE] evaluation__1147__denoise__confidence_boost__simba__l0.5 calls=1023 margin 6.29->12.31 t=4.0s
[DONE] evaluation__1147__denoise__boundary_probe__simba__l0.5 calls=1023 margin 6.29->0.00 t=4.5s
[DONE] evaluation__1147__denoise__counterfactual__simba__l0.5 calls=1023 margin 6.29->-4.69 t=4.1s
[DONE] evaluation__1147__deblur__attack__simba__l1 calls=1023 margin 2.24->-7.91 t=4.0s
[DONE] evaluation__1147__deblur__restore__simba__l1 calls=1023 margin 2.24->4.84 t=4.3s
[DONE] evaluation__1147__deblur__confidence_boost__simba__l1 calls=1023 margin 2.24->12.94 t=4.0s
[DONE] evaluation__1147__deblur__boundary_probe__simba__l1 calls=1023 margin 2.24->0.00 t=4.3s
[DONE] evaluation__1147__deblur__counterfactual__simba__l1 calls=1023 margin 2.24->-9.16 t=4.1s
[DONE] evaluation__4291__denoise__attack__simba__l0.5 calls=1023 margin 3.33->-5.37 t=4.1s
[DONE] evaluation__4291__denoise__restore__simba__l0.5 calls=1023 margin 3.33->3.23 t=4.4s
[DONE] evaluation__4291__denoise__confidence_boost__simba__l0.5 calls=1023 margin 3.33->9.45 t=4.0s
[DONE] evaluation__4291__denoise__boundary_probe__simba__l0.5 calls=1023 margin 3.33->0.00 t=4.4s
[DONE] evaluation__4291__denoise__counterfactual__simba__l0.5 calls=1023 margin 3.33->-5.15 t=4.0s
[DONE] evaluation__4291__deblur__attack__simba__l1 calls=1023 margin 2.22->-9.54 t=4.1s
[DONE] evaluation__4291__deblur__restore__simba__l1 calls=1023 margin 2.22->2.92 t=4.3s
[DONE] evaluation__4291__deblur__confidence_boost__simba__l1 calls=1023 margin 2.22->8.51 t=4.2s
[DONE] evaluation__4291__deblur__boundary_probe__simba__l1 calls=1023 margin 2.22->0.00 t=4.3s
[DONE] evaluation__4291__deblur__counterfactual__simba__l1 calls=1023 margin 2.22->-9.22 t=4.1s
[DONE] evaluation__6894__denoise__attack__simba__l0.5 calls=1023 margin 5.16->-7.38 t=4.1s
[DONE] evaluation__6894__denoise__restore__simba__l0.5 calls=1023 margin 5.16->5.73 t=4.4s
[DONE] evaluation__6894__denoise__confidence_boost__simba__l0.5 calls=1023 margin 5.16->12.89 t=4.0s
[DONE] evaluation__6894__denoise__boundary_probe__simba__l0.5 calls=1023 margin 5.16->0.00 t=4.2s
[DONE] evaluation__6894__denoise__counterfactual__simba__l0.5 calls=1023 margin 5.16->-7.05 t=4.0s
[DONE] evaluation__6894__deblur__attack__simba__l1 calls=1023 margin 10.29->-5.50 t=4.1s
[DONE] evaluation__6894__deblur__restore__simba__l1 calls=1023 margin 10.29->11.33 t=4.3s
[DONE] evaluation__6894__deblur__confidence_boost__simba__l1 calls=1023 margin 10.29->13.75 t=4.1s
[DONE] evaluation__6894__deblur__boundary_probe__simba__l1 calls=1023 margin 10.29->0.00 t=4.3s
[DONE] evaluation__6894__deblur__counterfactual__simba__l1 calls=1023 margin 10.29->-3.72 t=4.2s
[DONE] evaluation__9762__denoise__attack__simba__l0.5 calls=1023 margin 8.77->0.06 t=4.0s
[DONE] evaluation__9762__denoise__restore__simba__l0.5 calls=1023 margin 8.77->9.04 t=4.2s
[DONE] evaluation__9762__denoise__confidence_boost__simba__l0.5 calls=1023 margin 8.77->12.72 t=3.9s
[DONE] evaluation__9762__denoise__boundary_probe__simba__l0.5 calls=1023 margin 8.77->0.00 t=4.3s
[DONE] evaluation__9762__denoise__counterfactual__simba__l0.5 calls=1023 margin 8.77->-2.21 t=3.9s
[DONE] evaluation__9762__deblur__attack__simba__l1 calls=1023 margin 7.66->-10.11 t=4.1s
[DONE] evaluation__9762__deblur__restore__simba__l1 calls=1023 margin 7.66->8.52 t=4.3s
[DONE] evaluation__9762__deblur__confidence_boost__simba__l1 calls=1023 margin 7.66->13.81 t=4.0s
[DONE] evaluation__9762__deblur__boundary_probe__simba__l1 calls=1023 margin 7.66->0.00 t=4.3s
[DONE] evaluation__9762__deblur__counterfactual__simba__l1 calls=1023 margin 7.66->-3.52 t=4.1s
[DONE] evaluation__3482__denoise__attack__simba__l0.5 calls=1023 margin 0.54->-7.32 t=4.0s
[DONE] evaluation__3482__denoise__restore__simba__l0.5 calls=1023 margin 0.54->0.83 t=4.2s
[DONE] evaluation__3482__denoise__confidence_boost__simba__l0.5 calls=1023 margin 0.54->9.61 t=3.9s
[DONE] evaluation__3482__denoise__boundary_probe__simba__l0.5 calls=1023 margin 0.54->0.00 t=4.3s
[DONE] evaluation__3482__denoise__counterfactual__simba__l0.5 calls=1023 margin 0.54->-6.77 t=4.1s
[DONE] evaluation__3482__deblur__attack__simba__l1 calls=1023 margin 7.64->-5.80 t=4.1s
[DONE] evaluation__3482__deblur__restore__simba__l1 calls=1023 margin 7.64->7.63 t=4.4s
[DONE] evaluation__3482__deblur__confidence_boost__simba__l1 calls=1023 margin 7.64->12.68 t=4.1s
[DONE] evaluation__3482__deblur__boundary_probe__simba__l1 calls=1023 margin 7.64->0.00 t=4.2s
[DONE] evaluation__3482__deblur__counterfactual__simba__l1 calls=1023 margin 7.64->-4.26 t=3.9s
[DONE] evaluation__5606__denoise__attack__simba__l0.5 calls=1023 margin 7.08->-1.16 t=4.0s
[DONE] evaluation__5606__denoise__restore__simba__l0.5 calls=1023 margin 7.08->6.59 t=4.3s
[DONE] evaluation__5606__denoise__confidence_boost__simba__l0.5 calls=1023 margin 7.08->12.64 t=4.1s
[DONE] evaluation__5606__denoise__boundary_probe__simba__l0.5 calls=1023 margin 7.08->0.00 t=4.3s
[DONE] evaluation__5606__denoise__counterfactual__simba__l0.5 calls=1023 margin 7.08->-1.50 t=3.9s
[DONE] evaluation__5606__deblur__attack__simba__l1 calls=1023 margin 12.35->2.23 t=4.0s
[DONE] evaluation__5606__deblur__restore__simba__l1 calls=1023 margin 12.35->12.83 t=4.4s
[DONE] evaluation__5606__deblur__confidence_boost__simba__l1 calls=1023 margin 12.35->14.25 t=4.1s
[DONE] evaluation__5606__deblur__boundary_probe__simba__l1 calls=1023 margin 12.35->0.55 t=4.4s
[DONE] evaluation__5606__deblur__counterfactual__simba__l1 calls=1023 margin 12.35->2.93 t=4.0s
[DONE] evaluation__8327__denoise__attack__simba__l0.5 calls=1023 margin 0.14->-8.71 t=4.0s
[DONE] evaluation__8327__denoise__restore__simba__l0.5 calls=1023 margin 0.14->0.37 t=4.2s
[DONE] evaluation__8327__denoise__confidence_boost__simba__l0.5 calls=1023 margin 0.14->7.66 t=4.2s
[DONE] evaluation__8327__denoise__boundary_probe__simba__l0.5 calls=1023 margin 0.14->0.00 t=4.4s
[DONE] evaluation__8327__denoise__counterfactual__simba__l0.5 calls=1023 margin 0.14->-7.67 t=4.0s
[DONE] evaluation__8327__deblur__attack__simba__l1 calls=1023 margin 8.87->-6.94 t=4.1s
[DONE] evaluation__8327__deblur__restore__simba__l1 calls=1023 margin 8.87->10.76 t=4.4s
[DONE] evaluation__8327__deblur__confidence_boost__simba__l1 calls=1023 margin 8.87->14.52 t=4.0s
[DONE] evaluation__8327__deblur__boundary_probe__simba__l1 calls=1023 margin 8.87->0.00 t=4.4s
[DONE] evaluation__8327__deblur__counterfactual__simba__l1 calls=1023 margin 8.87->-7.93 t=4.0s
[DONE] evaluation__1142__denoise__attack__simba__l0.5 calls=1023 margin 3.73->-6.64 t=4.0s
[DONE] evaluation__1142__denoise__restore__simba__l0.5 calls=1023 margin 3.73->3.40 t=4.3s
[DONE] evaluation__1142__denoise__confidence_boost__simba__l0.5 calls=1023 margin 3.73->11.11 t=4.1s
[DONE] evaluation__1142__denoise__boundary_probe__simba__l0.5 calls=1023 margin 3.73->0.00 t=4.2s
[DONE] evaluation__1142__denoise__counterfactual__simba__l0.5 calls=1023 margin 3.73->-6.53 t=4.0s
[DONE] evaluation__1142__deblur__attack__simba__l1 calls=1023 margin 9.96->-4.20 t=4.0s
[DONE] evaluation__1142__deblur__restore__simba__l1 calls=1023 margin 9.96->9.74 t=4.3s
[DONE] evaluation__1142__deblur__confidence_boost__simba__l1 calls=1023 margin 9.96->13.82 t=4.2s
[DONE] evaluation__1142__deblur__boundary_probe__simba__l1 calls=1023 margin 9.96->0.00 t=4.3s
[DONE] evaluation__1142__deblur__counterfactual__simba__l1 calls=1023 margin 9.96->-3.64 t=4.0s
[DONE] evaluation__3817__denoise__attack__simba__l0.5 calls=1023 margin 3.74->-2.66 t=4.0s
[DONE] evaluation__3817__denoise__restore__simba__l0.5 calls=1023 margin 3.74->3.66 t=4.3s
[DONE] evaluation__3817__denoise__confidence_boost__simba__l0.5 calls=1023 margin 3.74->9.16 t=4.0s
[DONE] evaluation__3817__denoise__boundary_probe__simba__l0.5 calls=1023 margin 3.74->0.00 t=4.2s
[DONE] evaluation__3817__denoise__counterfactual__simba__l0.5 calls=1023 margin 3.74->-4.01 t=3.9s
[DONE] evaluation__3817__deblur__attack__simba__l1 calls=1023 margin 9.52->-2.39 t=4.1s
[DONE] evaluation__3817__deblur__restore__simba__l1 calls=1023 margin 9.52->10.77 t=4.4s
[DONE] evaluation__3817__deblur__confidence_boost__simba__l1 calls=1023 margin 9.52->13.51 t=4.1s
[DONE] evaluation__3817__deblur__boundary_probe__simba__l1 calls=1023 margin 9.52->0.00 t=4.3s
[DONE] evaluation__3817__deblur__counterfactual__simba__l1 calls=1023 margin 9.52->-3.47 t=4.0s
[DONE] evaluation__6395__denoise__attack__simba__l0.5 calls=1023 margin 2.43->-6.08 t=4.1s
[DONE] evaluation__6395__denoise__restore__simba__l0.5 calls=1023 margin 2.43->2.93 t=4.3s
[DONE] evaluation__6395__denoise__confidence_boost__simba__l0.5 calls=1023 margin 2.43->8.93 t=4.0s
[DONE] evaluation__6395__denoise__boundary_probe__simba__l0.5 calls=1023 margin 2.43->0.00 t=4.3s
[DONE] evaluation__6395__denoise__counterfactual__simba__l0.5 calls=1023 margin 2.43->-4.78 t=4.0s
[DONE] evaluation__6395__deblur__attack__simba__l1 calls=1023 margin 8.11->-7.19 t=4.1s
[DONE] evaluation__6395__deblur__restore__simba__l1 calls=1023 margin 8.11->9.69 t=4.3s
[DONE] evaluation__6395__deblur__confidence_boost__simba__l1 calls=1023 margin 8.11->14.69 t=4.1s
[DONE] evaluation__6395__deblur__boundary_probe__simba__l1 calls=1023 margin 8.11->0.00 t=4.3s
[DONE] evaluation__6395__deblur__counterfactual__simba__l1 calls=1023 margin 8.11->-8.38 t=4.0s
[DONE] evaluation__609__denoise__attack__simba__l0.5 calls=1023 margin 7.13->0.44 t=3.9s
[DONE] evaluation__609__denoise__restore__simba__l0.5 calls=1023 margin 7.13->7.84 t=4.2s
[DONE] evaluation__609__denoise__confidence_boost__simba__l0.5 calls=1023 margin 7.13->11.32 t=4.2s
[DONE] evaluation__609__denoise__boundary_probe__simba__l0.5 calls=1023 margin 7.13->0.85 t=4.2s
[DONE] evaluation__609__denoise__counterfactual__simba__l0.5 calls=1023 margin 7.13->1.07 t=3.9s
[DONE] evaluation__609__deblur__attack__simba__l1 calls=1023 margin 11.54->6.68 t=4.1s
[DONE] evaluation__609__deblur__restore__simba__l1 calls=1023 margin 11.54->11.41 t=4.3s
[DONE] evaluation__609__deblur__confidence_boost__simba__l1 calls=1023 margin 11.54->12.72 t=4.1s
[DONE] evaluation__609__deblur__boundary_probe__simba__l1 calls=1023 margin 11.54->8.65 t=4.3s
[DONE] evaluation__609__deblur__counterfactual__simba__l1 calls=1023 margin 11.54->8.21 t=4.1s
[DONE] evaluation__5397__denoise__attack__simba__l0.5 calls=1023 margin 0.95->-10.92 t=4.0s
[DONE] evaluation__5397__denoise__restore__simba__l0.5 calls=1023 margin 0.95->0.05 t=4.3s
[DONE] evaluation__5397__denoise__confidence_boost__simba__l0.5 calls=1023 margin 0.95->10.26 t=4.1s
[DONE] evaluation__5397__denoise__boundary_probe__simba__l0.5 calls=1023 margin 0.95->0.00 t=4.2s
[DONE] evaluation__5397__denoise__counterfactual__simba__l0.5 calls=1023 margin 0.95->-8.42 t=4.1s
[DONE] evaluation__5397__deblur__attack__simba__l1 calls=1023 margin 7.17->-6.45 t=4.0s
[DONE] evaluation__5397__deblur__restore__simba__l1 calls=1023 margin 7.17->8.99 t=4.3s
[DONE] evaluation__5397__deblur__confidence_boost__simba__l1 calls=1023 margin 7.17->13.46 t=4.1s
[DONE] evaluation__5397__deblur__boundary_probe__simba__l1 calls=1023 margin 7.17->0.00 t=4.3s
[DONE] evaluation__5397__deblur__counterfactual__simba__l1 calls=1023 margin 7.17->-6.29 t=4.0s
[DONE] evaluation__8312__denoise__attack__simba__l0.5 calls=1023 margin 6.02->-4.31 t=4.0s
[DONE] evaluation__8312__denoise__restore__simba__l0.5 calls=1023 margin 6.02->5.91 t=4.4s
[DONE] evaluation__8312__denoise__confidence_boost__simba__l0.5 calls=1023 margin 6.02->10.89 t=4.0s
[DONE] evaluation__8312__denoise__boundary_probe__simba__l0.5 calls=1023 margin 6.02->0.00 t=4.3s
[DONE] evaluation__8312__denoise__counterfactual__simba__l0.5 calls=1023 margin 6.02->-4.34 t=4.0s
[DONE] evaluation__8312__deblur__attack__simba__l1 calls=1023 margin 1.32->-9.59 t=4.1s
[DONE] evaluation__8312__deblur__restore__simba__l1 calls=1023 margin 1.32->0.23 t=4.4s
[DONE] evaluation__8312__deblur__confidence_boost__simba__l1 calls=1023 margin 1.32->12.27 t=4.0s
[DONE] evaluation__8312__deblur__boundary_probe__simba__l1 calls=1023 margin 1.32->0.00 t=4.2s
[DONE] evaluation__8312__deblur__counterfactual__simba__l1 calls=1023 margin 1.32->-8.10 t=4.2s
[DONE] evaluation__9362__denoise__attack__simba__l0.5 calls=1023 margin 3.72->-7.91 t=4.0s
[DONE] evaluation__9362__denoise__restore__simba__l0.5 calls=1023 margin 3.72->3.70 t=4.3s
[DONE] evaluation__9362__denoise__confidence_boost__simba__l0.5 calls=1023 margin 3.72->10.00 t=4.2s
[DONE] evaluation__9362__denoise__boundary_probe__simba__l0.5 calls=1023 margin 3.72->0.00 t=4.4s
[DONE] evaluation__9362__denoise__counterfactual__simba__l0.5 calls=1023 margin 3.72->-8.26 t=4.0s
[DONE] evaluation__9362__deblur__attack__simba__l1 calls=1023 margin 0.76->-11.73 t=3.9s
[DONE] evaluation__9362__deblur__restore__simba__l1 calls=1023 margin 0.76->1.52 t=4.4s
[DONE] evaluation__9362__deblur__confidence_boost__simba__l1 calls=1023 margin 0.76->11.14 t=3.9s
[DONE] evaluation__9362__deblur__boundary_probe__simba__l1 calls=1023 margin 0.76->0.00 t=4.2s
[DONE] evaluation__9362__deblur__counterfactual__simba__l1 calls=1023 margin 0.76->-8.52 t=4.1s
[DONE] fit__5256__denoise__attack__simba__l0.5 calls=1023 margin 1.61->-6.24 t=3.9s
[DONE] fit__5256__denoise__restore__simba__l0.5 calls=1023 margin 1.61->0.65 t=4.3s
[DONE] fit__5256__denoise__confidence_boost__simba__l0.5 calls=1023 margin 1.61->9.49 t=4.0s
[DONE] fit__5256__denoise__boundary_probe__simba__l0.5 calls=1023 margin 1.61->0.00 t=4.2s
[DONE] fit__5256__denoise__counterfactual__simba__l0.5 calls=1023 margin 1.61->-5.63 t=4.0s
[DONE] fit__5256__deblur__attack__simba__l1 calls=1023 margin 9.57->-5.24 t=4.0s
[DONE] fit__5256__deblur__restore__simba__l1 calls=1023 margin 9.57->9.28 t=4.4s
[DONE] fit__5256__deblur__confidence_boost__simba__l1 calls=1023 margin 9.57->12.70 t=4.0s
[DONE] fit__5256__deblur__boundary_probe__simba__l1 calls=1023 margin 9.57->0.00 t=4.3s
[DONE] fit__5256__deblur__counterfactual__simba__l1 calls=1023 margin 9.57->-0.19 t=4.1s
[DONE] fit__1810__denoise__attack__simba__l0.5 calls=1023 margin 6.04->-6.03 t=4.1s
[DONE] fit__1810__denoise__restore__simba__l0.5 calls=1023 margin 6.04->6.26 t=4.3s
[DONE] fit__1810__denoise__confidence_boost__simba__l0.5 calls=1023 margin 6.04->11.68 t=3.9s
[DONE] fit__1810__denoise__boundary_probe__simba__l0.5 calls=1023 margin 6.04->0.00 t=4.3s
[DONE] fit__1810__denoise__counterfactual__simba__l0.5 calls=1023 margin 6.04->-2.55 t=4.0s
[DONE] fit__1810__deblur__attack__simba__l1 calls=1023 margin 9.78->-4.42 t=4.0s
[DONE] fit__1810__deblur__restore__simba__l1 calls=1023 margin 9.78->9.27 t=4.3s
[DONE] fit__1810__deblur__confidence_boost__simba__l1 calls=1023 margin 9.78->12.47 t=4.2s
[DONE] fit__1810__deblur__boundary_probe__simba__l1 calls=1023 margin 9.78->0.00 t=4.3s
[DONE] fit__1810__deblur__counterfactual__simba__l1 calls=1023 margin 9.78->-4.42 t=4.1s
[DONE] fit__7329__denoise__attack__simba__l0.5 calls=1023 margin 0.07->-8.57 t=4.1s
[DONE] fit__7329__denoise__restore__simba__l0.5 calls=1023 margin 0.07->0.86 t=4.4s
[DONE] fit__7329__denoise__confidence_boost__simba__l0.5 calls=1023 margin 0.07->8.37 t=4.0s
[DONE] fit__7329__denoise__boundary_probe__simba__l0.5 calls=1023 margin 0.07->0.00 t=4.3s
[DONE] fit__7329__denoise__counterfactual__simba__l0.5 calls=1023 margin 0.07->-7.95 t=4.0s
[DONE] fit__7329__deblur__attack__simba__l1 calls=1023 margin 3.88->-11.45 t=4.0s
[DONE] fit__7329__deblur__restore__simba__l1 calls=1023 margin 3.88->3.35 t=4.4s
[DONE] fit__7329__deblur__confidence_boost__simba__l1 calls=1023 margin 3.88->12.17 t=4.1s
[DONE] fit__7329__deblur__boundary_probe__simba__l1 calls=1023 margin 3.88->0.00 t=4.2s
[DONE] fit__7329__deblur__counterfactual__simba__l1 calls=1023 margin 3.88->-8.93 t=4.1s
[DONE] fit__3480__denoise__attack__simba__l0.5 calls=1023 margin 8.33->0.24 t=4.0s
[DONE] fit__3480__denoise__restore__simba__l0.5 calls=1023 margin 8.33->8.99 t=4.2s
[DONE] fit__3480__denoise__confidence_boost__simba__l0.5 calls=1023 margin 8.33->12.89 t=3.9s
[DONE] fit__3480__denoise__boundary_probe__simba__l0.5 calls=1023 margin 8.33->0.00 t=4.3s
[DONE] fit__3480__denoise__counterfactual__simba__l0.5 calls=1023 margin 8.33->-2.00 t=4.1s
[DONE] fit__3480__deblur__attack__simba__l1 calls=1023 margin 8.20->-3.29 t=4.0s
[DONE] fit__3480__deblur__restore__simba__l1 calls=1023 margin 8.20->8.40 t=4.4s
[DONE] fit__3480__deblur__confidence_boost__simba__l1 calls=1023 margin 8.20->13.83 t=3.9s
[DONE] fit__3480__deblur__boundary_probe__simba__l1 calls=1023 margin 8.20->0.00 t=4.3s
[DONE] fit__3480__deblur__counterfactual__simba__l1 calls=1023 margin 8.20->-3.55 t=4.2s
[DONE] fit__9423__denoise__attack__simba__l0.5 calls=1023 margin 4.38->-8.59 t=4.1s
[DONE] fit__9423__denoise__restore__simba__l0.5 calls=1023 margin 4.38->4.72 t=4.4s
[DONE] fit__9423__denoise__confidence_boost__simba__l0.5 calls=1023 margin 4.38->10.55 t=4.1s
[DONE] fit__9423__denoise__boundary_probe__simba__l0.5 calls=1023 margin 4.38->0.00 t=4.2s
[DONE] fit__9423__denoise__counterfactual__simba__l0.5 calls=1023 margin 4.38->-7.62 t=4.0s
[DONE] fit__9423__deblur__attack__simba__l1 calls=1023 margin 2.34->-9.87 t=4.0s
[DONE] fit__9423__deblur__restore__simba__l1 calls=1023 margin 2.34->4.40 t=4.4s
[DONE] fit__9423__deblur__confidence_boost__simba__l1 calls=1023 margin 2.34->13.94 t=4.0s
[DONE] fit__9423__deblur__boundary_probe__simba__l1 calls=1023 margin 2.34->0.00 t=4.2s
[DONE] fit__9423__deblur__counterfactual__simba__l1 calls=1023 margin 2.34->-8.25 t=4.3s
[DONE] fit__5817__denoise__attack__simba__l0.5 calls=1023 margin 3.78->-5.05 t=4.1s
[DONE] fit__5817__denoise__restore__simba__l0.5 calls=1023 margin 3.78->4.03 t=4.3s
[DONE] fit__5817__denoise__confidence_boost__simba__l0.5 calls=1023 margin 3.78->10.65 t=4.1s
[DONE] fit__5817__denoise__boundary_probe__simba__l0.5 calls=1023 margin 3.78->0.00 t=4.3s
[DONE] fit__5817__denoise__counterfactual__simba__l0.5 calls=1023 margin 3.78->-6.74 t=4.1s
[DONE] fit__5817__deblur__attack__simba__l1 calls=1023 margin 4.67->-8.44 t=4.0s
[DONE] fit__5817__deblur__restore__simba__l1 calls=1023 margin 4.67->4.37 t=4.3s
[DONE] fit__5817__deblur__confidence_boost__simba__l1 calls=1023 margin 4.67->12.99 t=4.1s
[DONE] fit__5817__deblur__boundary_probe__simba__l1 calls=1023 margin 4.67->0.00 t=4.4s
[DONE] fit__5817__deblur__counterfactual__simba__l1 calls=1023 margin 4.67->-4.18 t=4.1s
[DONE] fit__1544__denoise__attack__simba__l0.5 calls=1023 margin 2.56->-8.62 t=4.1s
[DONE] fit__1544__denoise__restore__simba__l0.5 calls=1023 margin 2.56->3.02 t=4.3s
[DONE] fit__1544__denoise__confidence_boost__simba__l0.5 calls=1023 margin 2.56->10.69 t=3.9s
[DONE] fit__1544__denoise__boundary_probe__simba__l0.5 calls=1023 margin 2.56->0.00 t=4.2s
[DONE] fit__1544__denoise__counterfactual__simba__l0.5 calls=1023 margin 2.56->-7.56 t=4.1s
[DONE] fit__1544__deblur__attack__simba__l1 calls=1023 margin 7.38->-5.75 t=4.2s
[DONE] fit__1544__deblur__restore__simba__l1 calls=1023 margin 7.38->8.06 t=4.5s
[DONE] fit__1544__deblur__confidence_boost__simba__l1 calls=1023 margin 7.38->14.45 t=4.0s
[DONE] fit__1544__deblur__boundary_probe__simba__l1 calls=1023 margin 7.38->0.00 t=4.4s
[DONE] fit__1544__deblur__counterfactual__simba__l1 calls=1023 margin 7.38->-4.28 t=4.0s
[DONE] fit__5329__denoise__attack__simba__l0.5 calls=1023 margin 5.61->-4.78 t=4.0s
[DONE] fit__5329__denoise__restore__simba__l0.5 calls=1023 margin 5.61->5.90 t=4.3s
[DONE] fit__5329__denoise__confidence_boost__simba__l0.5 calls=1023 margin 5.61->12.39 t=3.9s
[DONE] fit__5329__denoise__boundary_probe__simba__l0.5 calls=1023 margin 5.61->0.00 t=4.4s
[DONE] fit__5329__denoise__counterfactual__simba__l0.5 calls=1023 margin 5.61->-4.81 t=3.9s
[DONE] fit__5329__deblur__attack__simba__l1 calls=1023 margin 11.43->3.71 t=4.0s
[DONE] fit__5329__deblur__restore__simba__l1 calls=1023 margin 11.43->12.15 t=4.3s
[DONE] fit__5329__deblur__confidence_boost__simba__l1 calls=1023 margin 11.43->13.72 t=4.0s
[DONE] fit__5329__deblur__boundary_probe__simba__l1 calls=1023 margin 11.43->2.44 t=4.2s
[DONE] fit__5329__deblur__counterfactual__simba__l1 calls=1023 margin 11.43->2.57 t=4.1s
[DONE] fit__4406__denoise__attack__simba__l0.5 calls=1023 margin 0.66->-9.58 t=3.8s
[DONE] fit__4406__denoise__restore__simba__l0.5 calls=1023 margin 0.66->1.80 t=4.2s
[DONE] fit__4406__denoise__confidence_boost__simba__l0.5 calls=1023 margin 0.66->9.85 t=4.1s
[DONE] fit__4406__denoise__boundary_probe__simba__l0.5 calls=1023 margin 0.66->0.00 t=4.1s
[DONE] fit__4406__denoise__counterfactual__simba__l0.5 calls=1023 margin 0.66->-8.35 t=4.0s
[DONE] fit__4406__deblur__attack__simba__l1 calls=1023 margin 10.91->2.10 t=4.1s
[DONE] fit__4406__deblur__restore__simba__l1 calls=1023 margin 10.91->11.58 t=4.2s
[DONE] fit__4406__deblur__confidence_boost__simba__l1 calls=1023 margin 10.91->14.11 t=4.0s
[DONE] fit__4406__deblur__boundary_probe__simba__l1 calls=1023 margin 10.91->3.32 t=4.3s
[DONE] fit__4406__deblur__counterfactual__simba__l1 calls=1023 margin 10.91->3.77 t=4.0s
[DONE] fit__9712__denoise__attack__simba__l0.5 calls=1023 margin 1.88->-7.88 t=4.0s
[DONE] fit__9712__denoise__restore__simba__l0.5 calls=1023 margin 1.88->1.53 t=4.3s
[DONE] fit__9712__denoise__confidence_boost__simba__l0.5 calls=1023 margin 1.88->8.25 t=3.9s
[DONE] fit__9712__denoise__boundary_probe__simba__l0.5 calls=1023 margin 1.88->0.00 t=4.2s
[DONE] fit__9712__denoise__counterfactual__simba__l0.5 calls=1023 margin 1.88->-6.95 t=4.1s
[DONE] fit__9712__deblur__attack__simba__l1 calls=1023 margin 6.44->-0.75 t=4.1s
[DONE] fit__9712__deblur__restore__simba__l1 calls=1023 margin 6.44->7.25 t=4.4s
[DONE] fit__9712__deblur__confidence_boost__simba__l1 calls=1023 margin 6.44->11.88 t=4.1s
[DONE] fit__9712__deblur__boundary_probe__simba__l1 calls=1023 margin 6.44->0.00 t=4.3s
[DONE] fit__9712__deblur__counterfactual__simba__l1 calls=1023 margin 6.44->-1.11 t=4.0s
[DONE] fit__4702__denoise__attack__simba__l0.5 calls=1023 margin 9.28->2.02 t=4.0s
[DONE] fit__4702__denoise__restore__simba__l0.5 calls=1023 margin 9.28->9.64 t=4.4s
[DONE] fit__4702__denoise__confidence_boost__simba__l0.5 calls=1023 margin 9.28->12.66 t=4.1s
[DONE] fit__4702__denoise__boundary_probe__simba__l0.5 calls=1023 margin 9.28->1.51 t=4.3s
[DONE] fit__4702__denoise__counterfactual__simba__l0.5 calls=1023 margin 9.28->1.58 t=4.1s
[DONE] fit__4702__deblur__attack__simba__l1 calls=1023 margin 14.72->14.72 t=4.1s
[DONE] fit__4702__deblur__restore__simba__l1 calls=1023 margin 14.72->14.82 t=4.3s
[DONE] fit__4702__deblur__confidence_boost__simba__l1 calls=1023 margin 14.72->14.81 t=4.1s
[DONE] fit__4702__deblur__boundary_probe__simba__l1 calls=1023 margin 14.72->7.80 t=4.3s
[DONE] fit__4702__deblur__counterfactual__simba__l1 calls=1023 margin 14.72->8.99 t=4.1s
[DONE] fit__955__denoise__attack__simba__l0.5 calls=1023 margin 1.16->-9.20 t=4.0s
[DONE] fit__955__denoise__restore__simba__l0.5 calls=1023 margin 1.16->2.17 t=4.5s
[DONE] fit__955__denoise__confidence_boost__simba__l0.5 calls=1023 margin 1.16->9.33 t=4.0s
[DONE] fit__955__denoise__boundary_probe__simba__l0.5 calls=1023 margin 1.16->0.00 t=4.3s
[DONE] fit__955__denoise__counterfactual__simba__l0.5 calls=1023 margin 1.16->-7.97 t=4.2s
[DONE] fit__955__deblur__attack__simba__l1 calls=1023 margin 9.59->-2.36 t=4.0s
[DONE] fit__955__deblur__restore__simba__l1 calls=1023 margin 9.59->8.87 t=4.4s
[DONE] fit__955__deblur__confidence_boost__simba__l1 calls=1023 margin 9.59->13.19 t=4.1s
[DONE] fit__955__deblur__boundary_probe__simba__l1 calls=1023 margin 9.59->0.00 t=4.2s
[DONE] fit__955__deblur__counterfactual__simba__l1 calls=1023 margin 9.59->-6.64 t=4.0s
[DONE] fit__6955__denoise__attack__simba__l0.5 calls=1023 margin 10.44->-1.56 t=4.0s
[DONE] fit__6955__denoise__restore__simba__l0.5 calls=1023 margin 10.44->10.43 t=4.3s
[DONE] fit__6955__denoise__confidence_boost__simba__l0.5 calls=1023 margin 10.44->13.51 t=4.2s
[DONE] fit__6955__denoise__boundary_probe__simba__l0.5 calls=1023 margin 10.44->0.00 t=4.2s
[DONE] fit__6955__denoise__counterfactual__simba__l0.5 calls=1023 margin 10.44->-1.87 t=4.0s
[DONE] fit__6955__deblur__attack__simba__l1 calls=1023 margin 14.62->2.55 t=4.0s
[DONE] fit__6955__deblur__restore__simba__l1 calls=1023 margin 14.62->14.58 t=4.4s
[DONE] fit__6955__deblur__confidence_boost__simba__l1 calls=1023 margin 14.62->14.85 t=4.1s
[DONE] fit__6955__deblur__boundary_probe__simba__l1 calls=1023 margin 14.62->0.00 t=4.3s
[DONE] fit__6955__deblur__counterfactual__simba__l1 calls=1023 margin 14.62->-2.45 t=4.1s
[DONE] fit__2052__denoise__attack__simba__l0.5 calls=1023 margin 8.11->-0.44 t=4.0s
[DONE] fit__2052__denoise__restore__simba__l0.5 calls=1023 margin 8.11->7.92 t=4.4s
[DONE] fit__2052__denoise__confidence_boost__simba__l0.5 calls=1023 margin 8.11->12.28 t=4.1s
[DONE] fit__2052__denoise__boundary_probe__simba__l0.5 calls=1023 margin 8.11->0.00 t=4.3s
[DONE] fit__2052__denoise__counterfactual__simba__l0.5 calls=1023 margin 8.11->-0.79 t=4.1s
[DONE] fit__2052__deblur__attack__simba__l1 calls=1023 margin 14.52->13.72 t=4.1s
[DONE] fit__2052__deblur__restore__simba__l1 calls=1023 margin 14.52->15.26 t=4.3s
[DONE] fit__2052__deblur__confidence_boost__simba__l1 calls=1023 margin 14.52->14.53 t=4.1s
[DONE] fit__2052__deblur__boundary_probe__simba__l1 calls=1023 margin 14.52->5.21 t=4.4s
[DONE] fit__2052__deblur__counterfactual__simba__l1 calls=1023 margin 14.52->4.50 t=4.0s
[DONE] fit__9101__denoise__attack__simba__l0.5 calls=1023 margin 0.96->-6.64 t=4.0s
[DONE] fit__9101__denoise__restore__simba__l0.5 calls=1023 margin 0.96->1.61 t=4.3s
[DONE] fit__9101__denoise__confidence_boost__simba__l0.5 calls=1023 margin 0.96->7.14 t=4.0s
[DONE] fit__9101__denoise__boundary_probe__simba__l0.5 calls=1023 margin 0.96->0.00 t=4.2s
[DONE] fit__9101__denoise__counterfactual__simba__l0.5 calls=1023 margin 0.96->-5.69 t=4.1s
[DONE] fit__9101__deblur__attack__simba__l1 calls=1023 margin 11.72->-0.67 t=4.1s
[DONE] fit__9101__deblur__restore__simba__l1 calls=1023 margin 11.72->12.07 t=4.5s
[DONE] fit__9101__deblur__confidence_boost__simba__l1 calls=1023 margin 11.72->13.50 t=4.1s
[DONE] fit__9101__deblur__boundary_probe__simba__l1 calls=1023 margin 11.72->0.00 t=4.3s
[DONE] fit__9101__deblur__counterfactual__simba__l1 calls=1023 margin 11.72->-3.71 t=4.0s
[DONE] fit__5137__denoise__attack__simba__l0.5 calls=1023 margin 7.18->0.20 t=4.0s
[DONE] fit__5137__denoise__restore__simba__l0.5 calls=1023 margin 7.18->7.34 t=4.3s
[DONE] fit__5137__denoise__confidence_boost__simba__l0.5 calls=1023 margin 7.18->11.28 t=3.9s
[DONE] fit__5137__denoise__boundary_probe__simba__l0.5 calls=1023 margin 7.18->0.86 t=4.2s
[DONE] fit__5137__denoise__counterfactual__simba__l0.5 calls=1023 margin 7.18->0.46 t=4.0s
[DONE] fit__5137__deblur__attack__simba__l1 calls=1023 margin 13.01->8.51 t=4.2s
[DONE] fit__5137__deblur__restore__simba__l1 calls=1023 margin 13.01->13.08 t=4.3s
[DONE] fit__5137__deblur__confidence_boost__simba__l1 calls=1023 margin 13.01->13.20 t=4.0s
[DONE] fit__5137__deblur__boundary_probe__simba__l1 calls=1023 margin 13.01->7.14 t=4.0s
[DONE] fit__5137__deblur__counterfactual__simba__l1 calls=1023 margin 13.01->7.41 t=3.6s
