[DONE] calibration__1617__denoise__attack__simba__l0.5 calls=1023 margin 2.29->-6.77 t=4.2s
[DONE] calibration__1617__denoise__restore__simba__l0.5 calls=1023 margin 2.29->1.77 t=4.5s
[DONE] calibration__1617__denoise__confidence_boost__simba__l0.5 calls=1023 margin 2.29->9.14 t=4.0s
[DONE] calibration__1617__denoise__boundary_probe__simba__l0.5 calls=1023 margin 2.29->0.00 t=4.4s
[DONE] calibration__1617__denoise__counterfactual__simba__l0.5 calls=1023 margin 2.29->-6.39 t=4.1s
[DONE] calibration__1617__deblur__attack__simba__l1 calls=1023 margin 9.96->-6.84 t=4.0s
[DONE] calibration__1617__deblur__restore__simba__l1 calls=1023 margin 9.96->9.93 t=4.5s
[DONE] calibration__1617__deblur__confidence_boost__simba__l1 calls=1023 margin 9.96->13.43 t=4.1s
[DONE] calibration__1617__deblur__boundary_probe__simba__l1 calls=1023 margin 9.96->0.00 t=4.3s
[DONE] calibration__1617__deblur__counterfactual__simba__l1 calls=1023 margin 9.96->-7.20 t=4.0s
[DONE] calibration__5968__denoise__attack__simba__l0.5 calls=1023 margin 2.57->-6.16 t=4.0s
[DONE] calibration__5968__denoise__restore__simba__l0.5 calls=1023 margin 2.57->1.92 t=4.6s
[DONE] calibration__5968__denoise__confidence_boost__simba__l0.5 calls=1023 margin 2.57->8.60 t=4.1s
[DONE] calibration__5968__denoise__boundary_probe__simba__l0.5 calls=1023 margin 2.57->0.00 t=4.3s
[DONE] calibration__5968__denoise__counterfactual__simba__l0.5 calls=1023 margin 2.57->-3.97 t=4.1s
[DONE] calibration__5968__deblur__attack__simba__l1 calls=1023 margin 2.05->-5.99 t=4.1s
[DONE] calibration__5968__deblur__restore__simba__l1 calls=1023 margin 2.05->1.56 t=4.5s
[DONE] calibration__5968__deblur__confidence_boost__simba__l1 calls=1023 margin 2.05->10.51 t=4.2s
[DONE] calibration__5968__deblur__boundary_probe__simba__l1 calls=1023 margin 2.05->0.00 t=4.5s
[DONE] calibration__5968__deblur__counterfactual__simba__l1 calls=1023 margin 2.05->-6.56 t=4.0s
[DONE] calibration__2712__denoise__attack__simba__l0.5 calls=1023 margin 0.67->-9.78 t=4.1s
[DONE] calibration__2712__denoise__restore__simba__l0.5 calls=1023 margin 0.67->0.96 t=4.3s
[DONE] calibration__2712__denoise__confidence_boost__simba__l0.5 calls=1023 margin 0.67->7.61 t=4.1s
[DONE] calibration__2712__denoise__boundary_probe__simba__l0.5 calls=1023 margin 0.67->0.00 t=4.4s
[DONE] calibration__2712__denoise__counterfactual__simba__l0.5 calls=1023 margin 0.67->-8.72 t=4.2s
[DONE] calibration__2712__deblur__attack__simba__l1 calls=1023 margin 3.78->-9.34 t=4.1s
[DONE] calibration__2712__deblur__restore__simba__l1 calls=1023 margin 3.78->4.16 t=4.5s
[DONE] calibration__2712__deblur__confidence_boost__simba__l1 calls=1023 margin 3.78->11.37 t=4.1s
[DONE] calibration__2712__deblur__boundary_probe__simba__l1 calls=1023 margin 3.78->0.00 t=4.5s
[DONE] calibration__2712__deblur__counterfactual__simba__l1 calls=1023 margin 3.78->-9.39 t=4.0s
[DONE] calibration__9811__denoise__attack__simba__l0.5 calls=1023 margin 4.95->-3.05 t=3.9s
[DONE] calibration__9811__denoise__restore__simba__l0.5 calls=1023 margin 4.95->5.51 t=4.4s
[DONE] calibration__9811__denoise__confidence_boost__simba__l0.5 calls=1023 margin 4.95->10.56 t=3.9s
[DONE] calibration__9811__denoise__boundary_probe__simba__l0.5 calls=1023 margin 4.95->0.00 t=4.2s
[DONE] calibration__9811__denoise__counterfactual__simba__l0.5 calls=1023 margin 4.95->-2.96 t=4.0s
[DONE] calibration__9811__deblur__attack__simba__l1 calls=1023 margin 5.43->-5.18 t=4.0s
[DONE] calibration__9811__deblur__restore__simba__l1 calls=1023 margin 5.43->5.66 t=4.5s
[DONE] calibration__9811__deblur__confidence_boost__simba__l1 calls=1023 margin 5.43->12.06 t=4.0s
[DONE] calibration__9811__deblur__boundary_probe__simba__l1 calls=1023 margin 5.43->0.00 t=4.3s
[DONE] calibration__9811__deblur__counterfactual__simba__l1 calls=1023 margin 5.43->-4.46 t=3.9s
[DONE] calibration__5385__denoise__attack__simba__l0.5 calls=1023 margin 4.68->-3.66 t=4.3s
[DONE] calibration__5385__denoise__restore__simba__l0.5 calls=1023 margin 4.68->4.56 t=4.4s
[DONE] calibration__5385__denoise__confidence_boost__simba__l0.5 calls=1023 margin 4.68->9.80 t=3.9s
[DONE] calibration__5385__denoise__boundary_probe__simba__l0.5 calls=1023 margin 4.68->0.00 t=4.3s
[DONE] calibration__5385__denoise__counterfactual__simba__l0.5 calls=1023 margin 4.68->-3.90 t=4.0s
[DONE] calibration__5385__deblur__attack__simba__l1 calls=1023 margin 0.35->-9.22 t=4.1s
[DONE] calibration__5385__deblur__restore__simba__l1 calls=1023 margin 0.35->0.53 t=4.4s
[DONE] calibration__5385__deblur__confidence_boost__simba__l1 calls=1023 margin 0.35->8.51 t=4.1s
[DONE] calibration__5385__deblur__boundary_probe__simba__l1 calls=1023 margin 0.35->0.00 t=4.4s
[DONE] calibration__5385__deblur__counterfactual__simba__l1 calls=1023 margin 0.35->-8.47 t=4.0s
[DONE] calibration__896__denoise__attack__simba__l0.5 calls=1023 margin 8.15->-0.11 t=4.1s
[DONE] calibration__896__denoise__restore__simba__l0.5 calls=1023 margin 8.15->8.36 t=4.5s
[DONE] calibration__896__denoise__confidence_boost__simba__l0.5 calls=1023 margin 8.15->12.24 t=4.2s
[DONE] calibration__896__denoise__boundary_probe__simba__l0.5 calls=1023 margin 8.15->0.00 t=4.2s
[DONE] calibration__896__denoise__counterfactual__simba__l0.5 calls=1023 margin 8.15->-0.11 t=4.1s
[DONE] calibration__896__deblur__attack__simba__l1 calls=1023 margin 7.18->-4.62 t=4.1s
[DONE] calibration__896__deblur__restore__simba__l1 calls=1023 margin 7.18->7.71 t=4.4s
[DONE] calibration__896__deblur__confidence_boost__simba__l1 calls=1023 margin 7.18->13.44 t=4.1s
[DONE] calibration__896__deblur__boundary_probe__simba__l1 calls=1023 margin 7.18->0.00 t=4.3s
[DONE] calibration__896__deblur__counterfactual__simba__l1 calls=1023 margin 7.18->-4.66 t=4.1s
[DONE] calibration__7825__denoise__attack__simba__l0.5 calls=1023 margin 2.41->-10.99 t=4.2s
[DONE] calibration__7825__denoise__restore__simba__l0.5 calls=1023 margin 2.41->3.95 t=4.3s
[DONE] calibration__7825__denoise__confidence_boost__simba__l0.5 calls=1023 margin 2.41->12.07 t=4.0s
[DONE] calibration__7825__denoise__boundary_probe__simba__l0.5 calls=1023 margin 2.41->0.00 t=4.2s
[DONE] calibration__7825__denoise__counterfactual__simba__l0.5 calls=1023 margin 2.41->-7.72 t=4.1s
[DONE] calibration__7825__deblur__attack__simba__l1 calls=1023 margin 14.83->14.72 t=4.1s
[DONE] calibration__7825__deblur__restore__simba__l1 calls=1023 margin 14.83->14.40 t=4.3s
[DONE] calibration__7825__deblur__confidence_boost__simba__l1 calls=1023 margin 14.83->14.94 t=4.1s
[DONE] calibration__7825__deblur__boundary_probe__simba__l1 calls=1023 margin 14.83->5.44 t=4.2s
[DONE] calibration__7825__deblur__counterfactual__simba__l1 calls=1023 margin 14.83->5.54 t=4.3s
[DONE] calibration__1609__denoise__attack__simba__l0.5 calls=1023 margin 5.46->-1.89 t=4.1s
[DONE] calibration__1609__denoise__restore__simba__l0.5 calls=1023 margin 5.46->6.10 t=4.4s
[DONE] calibration__1609__denoise__confidence_boost__simba__l0.5 calls=1023 margin 5.46->10.67 t=4.1s
[DONE] calibration__1609__denoise__boundary_probe__simba__l0.5 calls=1023 margin 5.46->0.00 t=4.3s
[DONE] calibration__1609__denoise__counterfactual__simba__l0.5 calls=1023 margin 5.46->-4.32 t=4.2s
[DONE] calibration__1609__deblur__attack__simba__l1 calls=1023 margin 5.39->-6.97 t=4.2s
[DONE] calibration__1609__deblur__restore__simba__l1 calls=1023 margin 5.39->5.71 t=4.3s
[DONE] calibration__1609__deblur__confidence_boost__simba__l1 calls=1023 margin 5.39->13.65 t=4.0s
[DONE] calibration__1609__deblur__boundary_probe__simba__l1 calls=1023 margin 5.39->0.00 t=4.2s
[DONE] calibration__1609__deblur__counterfactual__simba__l1 calls=1023 margin 5.39->-7.06 t=4.0s
[DONE] calibration__9837__denoise__attack__simba__l0.5 calls=1023 margin 4.76->-8.51 t=4.0s
[DONE] calibration__9837__denoise__restore__simba__l0.5 calls=1023 margin 4.76->4.56 t=4.3s
[DONE] calibration__9837__denoise__confidence_boost__simba__l0.5 calls=1023 margin 4.76->11.13 t=4.0s
[DONE] calibration__9837__denoise__boundary_probe__simba__l0.5 calls=1023 margin 4.76->0.00 t=4.2s
[DONE] calibration__9837__denoise__counterfactual__simba__l0.5 calls=1023 margin 4.76->-6.76 t=4.0s
[DONE] calibration__9837__deblur__attack__simba__l1 calls=1023 margin 6.74->-7.80 t=4.1s
[DONE] calibration__9837__deblur__restore__simba__l1 calls=1023 margin 6.74->7.24 t=4.3s
[DONE] calibration__9837__deblur__confidence_boost__simba__l1 calls=1023 margin 6.74->14.13 t=4.0s
[DONE] calibration__9837__deblur__boundary_probe__simba__l1 calls=1023 margin 6.74->0.00 t=4.2s
[DONE] calibration__9837__deblur__counterfactual__simba__l1 calls=1023 margin 6.74->-8.36 t=4.1s
[DONE] calibration__7279__denoise__attack__simba__l0.5 calls=1023 margin 1.04->-9.48 t=4.2s
[DONE] calibration__7279__denoise__restore__simba__l0.5 calls=1023 margin 1.04->1.03 t=4.3s
[DONE] calibration__7279__denoise__confidence_boost__simba__l0.5 calls=1023 margin 1.04->9.35 t=4.1s
[DONE] calibration__7279__denoise__boundary_probe__simba__l0.5 calls=1023 margin 1.04->0.00 t=4.3s
[DONE] calibration__7279__denoise__counterfactual__simba__l0.5 calls=1023 margin 1.04->-8.45 t=4.2s
[DONE] calibration__7279__deblur__attack__simba__l1 calls=1023 margin 8.73->0.03 t=4.1s
[DONE] calibration__7279__deblur__restore__simba__l1 calls=1023 margin 8.73->10.16 t=4.3s
[DONE] calibration__7279__deblur__confidence_boost__simba__l1 calls=1023 margin 8.73->13.66 t=4.1s
[DONE] calibration__7279__deblur__boundary_probe__simba__l1 calls=1023 margin 8.73->0.00 t=4.3s
[DONE] calibration__7279__deblur__counterfactual__simba__l1 calls=1023 margin 8.73->0.05 t=4.1s
[DONE] calibration__901__denoise__attack__simba__l0.5 calls=1023 margin 6.20->-7.35 t=4.1s
[DONE] calibration__901__denoise__restore__simba__l0.5 calls=1023 margin 6.20->6.48 t=4.3s
[DONE] calibration__901__denoise__confidence_boost__simba__l0.5 calls=1023 margin 6.20->13.53 t=4.1s
[DONE] calibration__901__denoise__boundary_probe__simba__l0.5 calls=1023 margin 6.20->0.00 t=4.4s
[DONE] calibration__901__denoise__counterfactual__simba__l0.5 calls=1023 margin 6.20->-7.40 t=4.1s
[DONE] calibration__901__deblur__attack__simba__l1 calls=1023 margin 6.09->-9.06 t=4.0s
[DONE] calibration__901__deblur__restore__simba__l1 calls=1023 margin 6.09->7.44 t=4.3s
[DONE] calibration__901__deblur__confidence_boost__simba__l1 calls=1023 margin 6.09->14.46 t=4.1s
[DONE] calibration__901__deblur__boundary_probe__simba__l1 calls=1023 margin 6.09->0.00 t=4.3s
[DONE] calibration__901__deblur__counterfactual__simba__l1 calls=1023 margin 6.09->-8.72 t=4.1s
[DONE] calibration__7690__denoise__attack__simba__l0.5 calls=1023 margin 11.55->4.14 t=4.1s
[DONE] calibration__7690__denoise__restore__simba__l0.5 calls=1023 margin 11.55->11.24 t=4.3s
[DONE] calibration__7690__denoise__confidence_boost__simba__l0.5 calls=1023 margin 11.55->12.87 t=4.2s
[DONE] calibration__7690__denoise__boundary_probe__simba__l0.5 calls=1023 margin 11.55->3.59 t=4.4s
[DONE] calibration__7690__denoise__counterfactual__simba__l0.5 calls=1023 margin 11.55->3.03 t=4.1s
[DONE] calibration__7690__deblur__attack__simba__l1 calls=1023 margin 11.16->-2.45 t=4.0s
[DONE] calibration__7690__deblur__restore__simba__l1 calls=1023 margin 11.16->12.09 t=4.3s
[DONE] calibration__7690__deblur__confidence_boost__simba__l1 calls=1023 margin 11.16->14.26 t=4.0s
[DONE] calibration__7690__deblur__boundary_probe__simba__l1 calls=1023 margin 11.16->0.00 t=4.3s
[DONE] calibration__7690__deblur__counterfactual__simba__l1 calls=1023 margin 11.16->-4.89 t=4.0s
[DONE] calibration__803__denoise__attack__simba__l0.5 calls=1023 margin 1.98->-10.32 t=4.0s
[DONE] calibration__803__denoise__restore__simba__l0.5 calls=1023 margin 1.98->2.70 t=4.2s
[DONE] calibration__803__denoise__confidence_boost__simba__l0.5 calls=1023 margin 1.98->11.12 t=4.0s
[DONE] calibration__803__denoise__boundary_probe__simba__l0.5 calls=1023 margin 1.98->0.00 t=4.4s
[DONE] calibration__803__denoise__counterfactual__simba__l0.5 calls=1023 margin 1.98->-8.74 t=4.0s
[DONE] calibration__803__deblur__attack__simba__l1 calls=1023 margin 8.44->-5.56 t=4.0s
[DONE] calibration__803__deblur__restore__simba__l1 calls=1023 margin 8.44->8.68 t=4.3s
[DONE] calibration__803__deblur__confidence_boost__simba__l1 calls=1023 margin 8.44->13.14 t=4.2s
[DONE] calibration__803__deblur__boundary_probe__simba__l1 calls=1023 margin 8.44->0.00 t=4.3s
[DONE] calibration__803__deblur__counterfactual__simba__l1 calls=1023 margin 8.44->-3.58 t=4.1s
[DONE] calibration__8627__denoise__attack__simba__l0.5 calls=1023 margin 3.23->-7.66 t=4.0s
[DONE] calibration__8627__denoise__restore__simba__l0.5 calls=1023 margin 3.23->2.99 t=4.4s
[DONE] calibration__8627__denoise__confidence_boost__simba__l0.5 calls=1023 margin 3.23->10.06 t=4.1s
[DONE] calibration__8627__denoise__boundary_probe__simba__l0.5 calls=1023 margin 3.23->0.00 t=4.2s
[DONE] calibration__8627__denoise__counterfactual__simba__l0.5 calls=1023 margin 3.23->-6.91 t=4.0s
[DONE] calibration__8627__deblur__attack__simba__l1 calls=1023 margin 7.56->-6.59 t=4.1s
[DONE] calibration__8627__deblur__restore__simba__l1 calls=1023 margin 7.56->7.68 t=4.3s
[DONE] calibration__8627__deblur__confidence_boost__simba__l1 calls=1023 margin 7.56->11.32 t=4.1s
[DONE] calibration__8627__deblur__boundary_probe__simba__l1 calls=1023 margin 7.56->0.00 t=4.3s
[DONE] calibration__8627__deblur__counterfactual__simba__l1 calls=1023 margin 7.56->-6.11 t=4.0s
[DONE] calibration__4720__denoise__attack__simba__l0.5 calls=1023 margin 3.42->-3.33 t=4.1s
[DONE] calibration__4720__denoise__restore__simba__l0.5 calls=1023 margin 3.42->3.38 t=4.3s
[DONE] calibration__4720__denoise__confidence_boost__simba__l0.5 calls=1023 margin 3.42->7.89 t=4.1s
[DONE] calibration__4720__denoise__boundary_probe__simba__l0.5 calls=1023 margin 3.42->0.00 t=4.4s
[DONE] calibration__4720__denoise__counterfactual__simba__l0.5 calls=1023 margin 3.42->-3.82 t=4.1s
[DONE] calibration__4720__deblur__attack__simba__l1 calls=1023 margin 2.81->-7.05 t=4.2s
[DONE] calibration__4720__deblur__restore__simba__l1 calls=1023 margin 2.81->4.65 t=4.5s
[DONE] calibration__4720__deblur__confidence_boost__simba__l1 calls=1023 margin 2.81->11.09 t=4.0s
[DONE] calibration__4720__deblur__boundary_probe__simba__l1 calls=1023 margin 2.81->0.00 t=4.4s
[DONE] calibration__4720__deblur__counterfactual__simba__l1 calls=1023 margin 2.81->-6.93 t=4.0s
[DONE] calibration__2140__denoise__attack__simba__l0.5 calls=1023 margin 10.67->2.98 t=4.1s
[DONE] calibration__2140__denoise__restore__simba__l0.5 calls=1023 margin 10.67->10.42 t=4.3s
[DONE] calibration__2140__denoise__confidence_boost__simba__l0.5 calls=1023 margin 10.67->12.37 t=4.1s
[DONE] calibration__2140__denoise__boundary_probe__simba__l0.5 calls=1023 margin 10.67->5.29 t=4.2s
[DONE] calibration__2140__denoise__counterfactual__simba__l0.5 calls=1023 margin 10.67->5.88 t=4.1s
[DONE] calibration__2140__deblur__attack__simba__l1 calls=1023 margin 10.02->-3.81 t=4.0s
[DONE] calibration__2140__deblur__restore__simba__l1 calls=1023 margin 10.02->10.66 t=4.3s
[DONE] calibration__2140__deblur__confidence_boost__simba__l1 calls=1023 margin 10.02->12.97 t=4.2s
[DONE] calibration__2140__deblur__boundary_probe__simba__l1 calls=1023 margin 10.02->0.00 t=4.4s
[DONE] calibration__2140__deblur__counterfactual__simba__l1 calls=1023 margin 10.02->1.41 t=4.0s
[DONE] calibration__7270__denoise__attack__simba__l0.5 calls=1023 margin 1.21->-5.93 t=4.0s
[DONE] calibration__7270__denoise__restore__simba__l0.5 calls=1023 margin 1.21->1.84 t=4.3s
[DONE] calibration__7270__denoise__confidence_boost__simba__l0.5 calls=1023 margin 1.21->7.92 t=4.0s
[DONE] calibration__7270__denoise__boundary_probe__simba__l0.5 calls=1023 margin 1.21->0.00 t=4.3s
[DONE] calibration__7270__denoise__counterfactual__simba__l0.5 calls=1023 margin 1.21->-6.04 t=4.1s
[DONE] calibration__7270__deblur__attack__simba__l1 calls=1023 margin 7.63->-6.72 t=4.1s
[DONE] calibration__7270__deblur__restore__simba__l1 calls=1023 margin 7.63->8.46 t=4.3s
[DONE] calibration__7270__deblur__confidence_boost__simba__l1 calls=1023 margin 7.63->12.35 t=4.2s
[DONE] calibration__7270__deblur__boundary_probe__simba__l1 calls=1023 margin 7.63->0.00 t=4.3s
[DONE] calibration__7270__deblur__counterfactual__simba__l1 calls=1023 margin 7.63->-3.10 t=4.1s
[DONE] evaluation__3499__denoise__attack__simba__l0.5 calls=1023 margin 6.66->-5.37 t=4.0s
[DONE] evaluation__3499__denoise__restore__simba__l0.5 calls=1023 margin 6.66->6.92 t=4.3s
[DONE] evaluation__3499__denoise__confidence_boost__simba__l0.5 calls=1023 margin 6.66->12.59 t=4.1s
[DONE] evaluation__3499__denoise__boundary_probe__simba__l0.5 calls=1023 margin 6.66->0.00 t=4.2s
[DONE] evaluation__3499__denoise__counterfactual__simba__l0.5 calls=1023 margin 6.66->-2.14 t=4.2s
[DONE] evaluation__3499__deblur__attack__simba__l1 calls=1023 margin 5.52->-3.11 t=4.0s
[DONE] evaluation__3499__deblur__restore__simba__l1 calls=1023 margin 5.52->6.16 t=4.4s
[DONE] evaluation__3499__deblur__confidence_boost__simba__l1 calls=1023 margin 5.52->13.86 t=4.2s
[DONE] evaluation__3499__deblur__boundary_probe__simba__l1 calls=1023 margin 5.52->0.00 t=4.4s
[DONE] evaluation__3499__deblur__counterfactual__simba__l1 calls=1023 margin 5.52->-3.02 t=4.2s
[DONE] evaluation__6241__denoise__attack__simba__l0.5 calls=1023 margin 4.07->-7.02 t=4.1s
[DONE] evaluation__6241__denoise__restore__simba__l0.5 calls=1023 margin 4.07->4.44 t=4.4s
[DONE] evaluation__6241__denoise__confidence_boost__simba__l0.5 calls=1023 margin 4.07->11.45 t=4.0s
[DONE] evaluation__6241__denoise__boundary_probe__simba__l0.5 calls=1023 margin 4.07->0.00 t=4.4s
[DONE] evaluation__6241__denoise__counterfactual__simba__l0.5 calls=1023 margin 4.07->-4.63 t=4.2s
[DONE] evaluation__6241__deblur__attack__simba__l1 calls=1023 margin 9.04->-5.89 t=4.1s
[DONE] evaluation__6241__deblur__restore__simba__l1 calls=1023 margin 9.04->9.02 t=4.4s
[DONE] evaluation__6241__deblur__confidence_boost__simba__l1 calls=1023 margin 9.04->13.36 t=4.0s
[DONE] evaluation__6241__deblur__boundary_probe__simba__l1 calls=1023 margin 9.04->0.00 t=4.3s
[DONE] evaluation__6241__deblur__counterfactual__simba__l1 calls=1023 margin 9.04->-6.72 t=4.2s
[DONE] evaluation__8894__denoise__attack__simba__l0.5 calls=1023 margin 1.28->-5.52 t=4.1s
[DONE] evaluation__8894__denoise__restore__simba__l0.5 calls=1023 margin 1.28->0.56 t=4.3s
[DONE] evaluation__8894__denoise__confidence_boost__simba__l0.5 calls=1023 margin 1.28->7.93 t=4.0s
[DONE] evaluation__8894__denoise__boundary_probe__simba__l0.5 calls=1023 margin 1.28->0.00 t=4.3s
[DONE] evaluation__8894__denoise__counterfactual__simba__l0.5 calls=1023 margin 1.28->-5.44 t=4.0s
[DONE] evaluation__8894__deblur__attack__simba__l1 calls=1023 margin 8.42->-1.76 t=4.0s
[DONE] evaluation__8894__deblur__restore__simba__l1 calls=1023 margin 8.42->7.40 t=4.4s
[DONE] evaluation__8894__deblur__confidence_boost__simba__l1 calls=1023 margin 8.42->12.83 t=4.1s
[DONE] evaluation__8894__deblur__boundary_probe__simba__l1 calls=1023 margin 8.42->0.00 t=4.2s
[DONE] evaluation__8894__deblur__counterfactual__simba__l1 calls=1023 margin 8.42->-3.13 t=4.0s
[DONE] evaluation__81__denoise__attack__simba__l0.5 calls=1023 margin 2.65->-6.11 t=4.0s
[DONE] evaluation__81__denoise__restore__simba__l0.5 calls=1023 margin 2.65->2.22 t=4.3s
[DONE] evaluation__81__denoise__confidence_boost__simba__l0.5 calls=1023 margin 2.65->8.36 t=4.1s
[DONE] evaluation__81__denoise__boundary_probe__simba__l0.5 calls=1023 margin 2.65->0.00 t=4.3s
[DONE] evaluation__81__denoise__counterfactual__simba__l0.5 calls=1023 margin 2.65->-5.27 t=4.2s
[DONE] evaluation__81__deblur__attack__simba__l1 calls=1023 margin 1.67->-5.61 t=4.0s
[DONE] evaluation__81__deblur__restore__simba__l1 calls=1023 margin 1.67->2.75 t=4.2s
[DONE] evaluation__81__deblur__confidence_boost__simba__l1 calls=1023 margin 1.67->8.21 t=4.0s
[DONE] evaluation__81__deblur__boundary_probe__simba__l1 calls=1023 margin 1.67->0.00 t=4.2s
[DONE] evaluation__81__deblur__counterfactual__simba__l1 calls=1023 margin 1.67->-6.09 t=4.1s
[DONE] evaluation__2601__denoise__attack__simba__l0.5 calls=1023 margin 8.50->3.84 t=4.1s
[DONE] evaluation__2601__denoise__restore__simba__l0.5 calls=1023 margin 8.50->8.36 t=4.5s
[DONE] evaluation__2601__denoise__confidence_boost__simba__l0.5 calls=1023 margin 8.50->11.83 t=4.1s
[DONE] evaluation__2601__denoise__boundary_probe__simba__l0.5 calls=1023 margin 8.50->3.59 t=4.2s
[DONE] evaluation__2601__denoise__counterfactual__simba__l0.5 calls=1023 margin 8.50->3.63 t=4.0s
[DONE] evaluation__2601__deblur__attack__simba__l1 calls=1023 margin 10.31->1.40 t=4.0s
[DONE] evaluation__2601__deblur__restore__simba__l1 calls=1023 margin 10.31->10.77 t=4.4s
[DONE] evaluation__2601__deblur__confidence_boost__simba__l1 calls=1023 margin 10.31->13.15 t=4.3s
[DONE] evaluation__2601__deblur__boundary_probe__simba__l1 calls=1023 margin 10.31->1.90 t=4.4s
[DONE] evaluation__2601__deblur__counterfactual__simba__l1 calls=1023 margin 10.31->2.51 t=4.2s
[DONE] evaluation__7215__denoise__attack__simba__l0.5 calls=1023 margin 9.57->2.82 t=4.1s
[DONE] evaluation__7215__denoise__restore__simba__l0.5 calls=1023 margin 9.57->9.78 t=4.4s
[DONE] evaluation__7215__denoise__confidence_boost__simba__l0.5 calls=1023 margin 9.57->12.99 t=4.0s
[DONE] evaluation__7215__denoise__boundary_probe__simba__l0.5 calls=1023 margin 9.57->2.47 t=4.4s
[DONE] evaluation__7215__denoise__counterfactual__simba__l0.5 calls=1023 margin 9.57->2.20 t=4.2s
[DONE] evaluation__7215__deblur__attack__simba__l1 calls=1023 margin 12.40->5.14 t=4.1s
[DONE] evaluation__7215__deblur__restore__simba__l1 calls=1023 margin 12.40->11.94 t=4.4s
[DONE] evaluation__7215__deblur__confidence_boost__simba__l1 calls=1023 margin 12.40->13.36 t=4.1s
[DONE] evaluation__7215__deblur__boundary_probe__simba__l1 calls=1023 margin 12.40->5.23 t=4.3s
[DONE] evaluation__7215__deblur__counterfactual__simba__l1 calls=1023 margin 12.40->4.73 t=4.1s
[DONE] evaluation__9455__denoise__attack__simba__l0.5 calls=1023 margin 0.92->-8.58 t=3.9s
[DONE] evaluation__9455__denoise__restore__simba__l0.5 calls=1023 margin 0.92->0.91 t=4.3s
[DONE] evaluation__9455__denoise__confidence_boost__simba__l0.5 calls=1023 margin 0.92->7.48 t=4.1s
[DONE] evaluation__9455__denoise__boundary_probe__simba__l0.5 calls=1023 margin 0.92->0.00 t=4.2s
[DONE] evaluation__9455__denoise__counterfactual__simba__l0.5 calls=1023 margin 0.92->-5.49 t=4.0s
[DONE] evaluation__9455__deblur__attack__simba__l1 calls=1023 margin 9.25->-6.41 t=3.9s
[DONE] evaluation__9455__deblur__restore__simba__l1 calls=1023 margin 9.25->9.67 t=4.3s
[DONE] evaluation__9455__deblur__confidence_boost__simba__l1 calls=1023 margin 9.25->13.10 t=4.0s
[DONE] evaluation__9455__deblur__boundary_probe__simba__l1 calls=1023 margin 9.25->0.00 t=4.4s
[DONE] evaluation__9455__deblur__counterfactual__simba__l1 calls=1023 margin 9.25->0.54 t=4.2s
[DONE] evaluation__2774__denoise__attack__simba__l0.5 calls=1023 margin 2.73->-5.77 t=4.1s
[DONE] evaluation__2774__denoise__restore__simba__l0.5 calls=1023 margin 2.73->3.16 t=4.3s
[DONE] evaluation__2774__denoise__confidence_boost__simba__l0.5 calls=1023 margin 2.73->9.46 t=4.0s
[DONE] evaluation__2774__denoise__boundary_probe__simba__l0.5 calls=1023 margin 2.73->0.00 t=4.3s
[DONE] evaluation__2774__denoise__counterfactual__simba__l0.5 calls=1023 margin 2.73->-5.97 t=4.1s
[DONE] evaluation__2774__deblur__attack__simba__l1 calls=1023 margin 5.75->-6.54 t=4.1s
[DONE] evaluation__2774__deblur__restore__simba__l1 calls=1023 margin 5.75->4.59 t=4.3s
[DONE] evaluation__2774__deblur__confidence_boost__simba__l1 calls=1023 margin 5.75->12.63 t=4.0s
[DONE] evaluation__2774__deblur__boundary_probe__simba__l1 calls=1023 margin 5.75->0.00 t=4.3s
[DONE] evaluation__2774__deblur__counterfactual__simba__l1 calls=1023 margin 5.75->-6.50 t=4.1s
[DONE] evaluation__6515__denoise__attack__simba__l0.5 calls=1023 margin 7.92->-4.57 t=4.0s
[DONE] evaluation__6515__denoise__restore__simba__l0.5 calls=1023 margin 7.92->8.00 t=4.4s
[DONE] evaluation__6515__denoise__confidence_boost__simba__l0.5 calls=1023 margin 7.92->12.37 t=4.0s
[DONE] evaluation__6515__denoise__boundary_probe__simba__l0.5 calls=1023 margin 7.92->0.00 t=4.3s
[DONE] evaluation__6515__denoise__counterfactual__simba__l0.5 calls=1023 margin 7.92->-6.61 t=4.2s
[DONE] evaluation__6515__deblur__attack__simba__l1 calls=1023 margin 5.84->-10.58 t=4.0s
[DONE] evaluation__6515__deblur__restore__simba__l1 calls=1023 margin 5.84->6.78 t=4.4s
[DONE] evaluation__6515__deblur__confidence_boost__simba__l1 calls=1023 margin 5.84->13.89 t=4.1s
[DONE] evaluation__6515__deblur__boundary_probe__simba__l1 calls=1023 margin 5.84->0.00 t=4.3s
[DONE] evaluation__6515__deblur__counterfactual__simba__l1 calls=1023 margin 5.84->-9.27 t=4.1s
[DONE] evaluation__8363__denoise__attack__simba__l0.5 calls=1023 margin 7.33->-3.38 t=4.0s
[DONE] evaluation__8363__denoise__restore__simba__l0.5 calls=1023 margin 7.33->7.25 t=4.3s
[DONE] evaluation__8363__denoise__confidence_boost__simba__l0.5 calls=1023 margin 7.33->11.93 t=4.0s
[DONE] evaluation__8363__denoise__boundary_probe__simba__l0.5 calls=1023 margin 7.33->0.00 t=4.4s
[DONE] evaluation__8363__denoise__counterfactual__simba__l0.5 calls=1023 margin 7.33->-2.31 t=4.1s
[DONE] evaluation__8363__deblur__attack__simba__l1 calls=1023 margin 2.74->-9.94 t=4.1s
[DONE] evaluation__8363__deblur__restore__simba__l1 calls=1023 margin 2.74->1.51 t=4.3s
[DONE] evaluation__8363__deblur__confidence_boost__simba__l1 calls=1023 margin 2.74->11.50 t=3.9s
[DONE] evaluation__8363__deblur__boundary_probe__simba__l1 calls=1023 margin 2.74->0.00 t=4.3s
[DONE] evaluation__8363__deblur__counterfactual__simba__l1 calls=1023 margin 2.74->-8.24 t=4.0s
[DONE] evaluation__2991__denoise__attack__simba__l0.5 calls=1023 margin 2.68->-7.60 t=3.9s
[DONE] evaluation__2991__denoise__restore__simba__l0.5 calls=1023 margin 2.68->2.81 t=4.3s
[DONE] evaluation__2991__denoise__confidence_boost__simba__l0.5 calls=1023 margin 2.68->9.85 t=4.2s
[DONE] evaluation__2991__denoise__boundary_probe__simba__l0.5 calls=1023 margin 2.68->0.00 t=4.2s
[DONE] evaluation__2991__denoise__counterfactual__simba__l0.5 calls=1023 margin 2.68->-6.57 t=4.1s
[DONE] evaluation__2991__deblur__attack__simba__l1 calls=1023 margin 7.17->-3.19 t=4.0s
[DONE] evaluation__2991__deblur__restore__simba__l1 calls=1023 margin 7.17->7.92 t=4.4s
[DONE] evaluation__2991__deblur__confidence_boost__simba__l1 calls=1023 margin 7.17->13.09 t=4.1s
[DONE] evaluation__2991__deblur__boundary_probe__simba__l1 calls=1023 margin 7.17->0.00 t=4.4s
[DONE] evaluation__2991__deblur__counterfactual__simba__l1 calls=1023 margin 7.17->-3.10 t=4.1s
[DONE] evaluation__5655__denoise__attack__simba__l0.5 calls=1023 margin 2.82->-8.56 t=4.0s
[DONE] evaluation__5655__denoise__restore__simba__l0.5 calls=1023 margin 2.82->2.83 t=4.4s
[DONE] evaluation__5655__denoise__confidence_boost__simba__l0.5 calls=1023 margin 2.82->10.24 t=4.1s
[DONE] evaluation__5655__denoise__boundary_probe__simba__l0.5 calls=1023 margin 2.82->0.00 t=4.4s
[DONE] evaluation__5655__denoise__counterfactual__simba__l0.5 calls=1023 margin 2.82->-5.80 t=4.1s
[DONE] evaluation__5655__deblur__attack__simba__l1 calls=1023 margin 5.51->-4.63 t=4.1s
[DONE] evaluation__5655__deblur__restore__simba__l1 calls=1023 margin 5.51->5.99 t=4.3s
[DONE] evaluation__5655__deblur__confidence_boost__simba__l1 calls=1023 margin 5.51->12.38 t=4.0s
[DONE] evaluation__5655__deblur__boundary_probe__simba__l1 calls=1023 margin 5.51->0.00 t=4.3s
[DONE] evaluation__5655__deblur__counterfactual__simba__l1 calls=1023 margin 5.51->-4.33 t=4.1s
[DONE] evaluation__7378__denoise__attack__simba__l0.5 calls=1023 margin 2.00->-4.14 t=4.1s
[DONE] evaluation__7378__denoise__restore__simba__l0.5 calls=1023 margin 2.00->2.05 t=4.4s
[DONE] evaluation__7378__denoise__confidence_boost__simba__l0.5 calls=1023 margin 2.00->7.49 t=4.1s
[DONE] evaluation__7378__denoise__boundary_probe__simba__l0.5 calls=1023 margin 2.00->0.00 t=4.3s
[DONE] evaluation__7378__denoise__counterfactual__simba__l0.5 calls=1023 margin 2.00->-4.59 t=4.1s
[DONE] evaluation__7378__deblur__attack__simba__l1 calls=1023 margin 4.60->-4.44 t=4.2s
[DONE] evaluation__7378__deblur__restore__simba__l1 calls=1023 margin 4.60->4.40 t=4.3s
[DONE] evaluation__7378__deblur__confidence_boost__simba__l1 calls=1023 margin 4.60->11.68 t=4.1s
[DONE] evaluation__7378__deblur__boundary_probe__simba__l1 calls=1023 margin 4.60->0.00 t=4.4s
[DONE] evaluation__7378__deblur__counterfactual__simba__l1 calls=1023 margin 4.60->-3.89 t=4.1s
[DONE] evaluation__1303__denoise__attack__simba__l0.5 calls=1023 margin 2.53->-6.31 t=4.0s
[DONE] evaluation__1303__denoise__restore__simba__l0.5 calls=1023 margin 2.53->2.68 t=4.3s
[DONE] evaluation__1303__denoise__confidence_boost__simba__l0.5 calls=1023 margin 2.53->9.30 t=4.1s
[DONE] evaluation__1303__denoise__boundary_probe__simba__l0.5 calls=1023 margin 2.53->0.00 t=4.3s
[DONE] evaluation__1303__denoise__counterfactual__simba__l0.5 calls=1023 margin 2.53->-6.96 t=4.1s
[DONE] evaluation__1303__deblur__attack__simba__l1 calls=1023 margin 6.20->-5.26 t=4.1s
[DONE] evaluation__1303__deblur__restore__simba__l1 calls=1023 margin 6.20->5.66 t=4.3s
[DONE] evaluation__1303__deblur__confidence_boost__simba__l1 calls=1023 margin 6.20->11.39 t=4.1s
[DONE] evaluation__1303__deblur__boundary_probe__simba__l1 calls=1023 margin 6.20->0.00 t=4.3s
[DONE] evaluation__1303__deblur__counterfactual__simba__l1 calls=1023 margin 6.20->-5.62 t=4.1s
[DONE] evaluation__3822__denoise__attack__simba__l0.5 calls=1023 margin 5.28->-4.74 t=4.0s
[DONE] evaluation__3822__denoise__restore__simba__l0.5 calls=1023 margin 5.28->5.38 t=4.4s
[DONE] evaluation__3822__denoise__confidence_boost__simba__l0.5 calls=1023 margin 5.28->12.21 t=3.9s
[DONE] evaluation__3822__denoise__boundary_probe__simba__l0.5 calls=1023 margin 5.28->0.00 t=4.4s
[DONE] evaluation__3822__denoise__counterfactual__simba__l0.5 calls=1023 margin 5.28->-5.67 t=3.9s
[DONE] evaluation__3822__deblur__attack__simba__l1 calls=1023 margin 7.28->-6.31 t=4.1s
[DONE] evaluation__3822__deblur__restore__simba__l1 calls=1023 margin 7.28->7.10 t=4.3s
[DONE] evaluation__3822__deblur__confidence_boost__simba__l1 calls=1023 margin 7.28->13.84 t=4.0s
[DONE] evaluation__3822__deblur__boundary_probe__simba__l1 calls=1023 margin 7.28->0.00 t=4.2s
[DONE] evaluation__3822__deblur__counterfactual__simba__l1 calls=1023 margin 7.28->-5.37 t=4.1s
[DONE] evaluation__6005__denoise__attack__simba__l0.5 calls=1023 margin 8.76->-1.40 t=4.0s
[DONE] evaluation__6005__denoise__restore__simba__l0.5 calls=1023 margin 8.76->9.23 t=4.3s
[DONE] evaluation__6005__denoise__confidence_boost__simba__l0.5 calls=1023 margin 8.76->13.39 t=4.0s
[DONE] evaluation__6005__denoise__boundary_probe__simba__l0.5 calls=1023 margin 8.76->0.00 t=4.4s
[DONE] evaluation__6005__denoise__counterfactual__simba__l0.5 calls=1023 margin 8.76->-1.79 t=4.0s
[DONE] evaluation__6005__deblur__attack__simba__l1 calls=1023 margin 11.28->-2.42 t=4.0s
[DONE] evaluation__6005__deblur__restore__simba__l1 calls=1023 margin 11.28->11.86 t=4.3s
[DONE] evaluation__6005__deblur__confidence_boost__simba__l1 calls=1023 margin 11.28->14.17 t=4.0s
[DONE] evaluation__6005__deblur__boundary_probe__simba__l1 calls=1023 margin 11.28->0.00 t=4.4s
[DONE] evaluation__6005__deblur__counterfactual__simba__l1 calls=1023 margin 11.28->-2.48 t=3.9s
[DONE] evaluation__9715__denoise__attack__simba__l0.5 calls=1023 margin 2.89->-4.95 t=4.0s
[DONE] evaluation__9715__denoise__restore__simba__l0.5 calls=1023 margin 2.89->3.59 t=4.3s
[DONE] evaluation__9715__denoise__confidence_boost__simba__l0.5 calls=1023 margin 2.89->9.40 t=4.0s
[DONE] evaluation__9715__denoise__boundary_probe__simba__l0.5 calls=1023 margin 2.89->0.00 t=4.4s
[DONE] evaluation__9715__denoise__counterfactual__simba__l0.5 calls=1023 margin 2.89->-5.40 t=3.9s
[DONE] evaluation__9715__deblur__attack__simba__l1 calls=1023 margin 5.76->-9.12 t=4.0s
[DONE] evaluation__9715__deblur__restore__simba__l1 calls=1023 margin 5.76->7.84 t=4.3s
[DONE] evaluation__9715__deblur__confidence_boost__simba__l1 calls=1023 margin 5.76->14.56 t=3.9s
[DONE] evaluation__9715__deblur__boundary_probe__simba__l1 calls=1023 margin 5.76->0.00 t=4.4s
[DONE] evaluation__9715__deblur__counterfactual__simba__l1 calls=1023 margin 5.76->-8.30 t=4.1s
[DONE] evaluation__2582__denoise__attack__simba__l0.5 calls=1023 margin 0.13->-9.17 t=3.9s
[DONE] evaluation__2582__denoise__restore__simba__l0.5 calls=1023 margin 0.13->0.63 t=4.3s
[DONE] evaluation__2582__denoise__confidence_boost__simba__l0.5 calls=1023 margin 0.13->7.50 t=4.2s
[DONE] evaluation__2582__denoise__boundary_probe__simba__l0.5 calls=1023 margin 0.13->0.00 t=4.2s
[DONE] evaluation__2582__denoise__counterfactual__simba__l0.5 calls=1023 margin 0.13->-6.78 t=4.1s
[DONE] evaluation__2582__deblur__attack__simba__l1 calls=1023 margin 10.15->2.93 t=4.1s
[DONE] evaluation__2582__deblur__restore__simba__l1 calls=1023 margin 10.15->11.04 t=4.3s
[DONE] evaluation__2582__deblur__confidence_boost__simba__l1 calls=1023 margin 10.15->12.99 t=4.0s
[DONE] evaluation__2582__deblur__boundary_probe__simba__l1 calls=1023 margin 10.15->2.45 t=4.3s
[DONE] evaluation__2582__deblur__counterfactual__simba__l1 calls=1023 margin 10.15->2.48 t=4.1s
[DONE] evaluation__6092__denoise__attack__simba__l0.5 calls=1023 margin 2.73->-7.28 t=4.0s
[DONE] evaluation__6092__denoise__restore__simba__l0.5 calls=1023 margin 2.73->2.08 t=4.2s
[DONE] evaluation__6092__denoise__confidence_boost__simba__l0.5 calls=1023 margin 2.73->8.98 t=4.0s
[DONE] evaluation__6092__denoise__boundary_probe__simba__l0.5 calls=1023 margin 2.73->0.00 t=4.3s
[DONE] evaluation__6092__denoise__counterfactual__simba__l0.5 calls=1023 margin 2.73->-4.60 t=4.1s
[DONE] evaluation__6092__deblur__attack__simba__l1 calls=1023 margin 8.47->-3.67 t=4.2s
[DONE] evaluation__6092__deblur__restore__simba__l1 calls=1023 margin 8.47->8.59 t=4.3s
[DONE] evaluation__6092__deblur__confidence_boost__simba__l1 calls=1023 margin 8.47->13.25 t=4.1s
[DONE] evaluation__6092__deblur__boundary_probe__simba__l1 calls=1023 margin 8.47->0.00 t=4.4s
[DONE] evaluation__6092__deblur__counterfactual__simba__l1 calls=1023 margin 8.47->-3.91 t=3.9s
[DONE] evaluation__9410__denoise__attack__simba__l0.5 calls=1023 margin 1.41->-8.41 t=4.1s
[DONE] evaluation__9410__denoise__restore__simba__l0.5 calls=1023 margin 1.41->2.07 t=4.5s
[DONE] evaluation__9410__denoise__confidence_boost__simba__l0.5 calls=1023 margin 1.41->8.06 t=4.1s
[DONE] evaluation__9410__denoise__boundary_probe__simba__l0.5 calls=1023 margin 1.41->0.00 t=4.2s
[DONE] evaluation__9410__denoise__counterfactual__simba__l0.5 calls=1023 margin 1.41->-7.32 t=4.0s
[DONE] evaluation__9410__deblur__attack__simba__l1 calls=1023 margin 7.30->-3.03 t=4.1s
[DONE] evaluation__9410__deblur__restore__simba__l1 calls=1023 margin 7.30->8.55 t=4.4s
[DONE] evaluation__9410__deblur__confidence_boost__simba__l1 calls=1023 margin 7.30->13.00 t=4.1s
[DONE] evaluation__9410__deblur__boundary_probe__simba__l1 calls=1023 margin 7.30->0.00 t=4.4s
[DONE] evaluation__9410__deblur__counterfactual__simba__l1 calls=1023 margin 7.30->-0.88 t=4.2s
[DONE] evaluation__1978__denoise__attack__simba__l0.5 calls=1023 margin 13.10->5.10 t=4.1s
[DONE] evaluation__1978__denoise__restore__simba__l0.5 calls=1023 margin 13.10->12.91 t=4.3s
[DONE] evaluation__1978__denoise__confidence_boost__simba__l0.5 calls=1023 margin 13.10->13.95 t=4.0s
[DONE] evaluation__1978__denoise__boundary_probe__simba__l0.5 calls=1023 margin 13.10->4.39 t=4.3s
[DONE] evaluation__1978__denoise__counterfactual__simba__l0.5 calls=1023 margin 13.10->4.04 t=4.2s
[DONE] evaluation__1978__deblur__attack__simba__l1 calls=1023 margin 9.77->-5.07 t=4.2s
[DONE] evaluation__1978__deblur__restore__simba__l1 calls=1023 margin 9.77->9.89 t=4.3s
[DONE] evaluation__1978__deblur__confidence_boost__simba__l1 calls=1023 margin 9.77->13.96 t=4.0s
[DONE] evaluation__1978__deblur__boundary_probe__simba__l1 calls=1023 margin 9.77->0.00 t=4.3s
[DONE] evaluation__1978__deblur__counterfactual__simba__l1 calls=1023 margin 9.77->-5.34 t=4.0s
[DONE] evaluation__4746__denoise__attack__simba__l0.5 calls=1023 margin 11.29->3.62 t=4.1s
[DONE] evaluation__4746__denoise__restore__simba__l0.5 calls=1023 margin 11.29->11.42 t=4.3s
[DONE] evaluation__4746__denoise__confidence_boost__simba__l0.5 calls=1023 margin 11.29->13.77 t=4.1s
[DONE] evaluation__4746__denoise__boundary_probe__simba__l0.5 calls=1023 margin 11.29->1.48 t=4.2s
[DONE] evaluation__4746__denoise__counterfactual__simba__l0.5 calls=1023 margin 11.29->2.35 t=4.2s
[DONE] evaluation__4746__deblur__attack__simba__l1 calls=1023 margin 8.92->-6.17 t=4.1s
[DONE] evaluation__4746__deblur__restore__simba__l1 calls=1023 margin 8.92->10.45 t=4.2s
[DONE] evaluation__4746__deblur__confidence_boost__simba__l1 calls=1023 margin 8.92->14.46 t=4.1s
[DONE] evaluation__4746__deblur__boundary_probe__simba__l1 calls=1023 margin 8.92->0.00 t=4.4s
[DONE] evaluation__4746__deblur__counterfactual__simba__l1 calls=1023 margin 8.92->-4.81 t=4.1s
[DONE] evaluation__7777__denoise__attack__simba__l0.5 calls=1023 margin 13.14->3.88 t=4.0s
[DONE] evaluation__7777__denoise__restore__simba__l0.5 calls=1023 margin 13.14->12.38 t=4.4s
[DONE] evaluation__7777__denoise__confidence_boost__simba__l0.5 calls=1023 margin 13.14->13.59 t=4.1s
[DONE] evaluation__7777__denoise__boundary_probe__simba__l0.5 calls=1023 margin 13.14->2.81 t=4.3s
[DONE] evaluation__7777__denoise__counterfactual__simba__l0.5 calls=1023 margin 13.14->1.69 t=4.1s
[DONE] evaluation__7777__deblur__attack__simba__l1 calls=1023 margin 2.94->-8.50 t=4.1s
[DONE] evaluation__7777__deblur__restore__simba__l1 calls=1023 margin 2.94->5.04 t=4.5s
[DONE] evaluation__7777__deblur__confidence_boost__simba__l1 calls=1023 margin 2.94->13.13 t=4.1s
[DONE] evaluation__7777__deblur__boundary_probe__simba__l1 calls=1023 margin 2.94->0.00 t=4.3s
[DONE] evaluation__7777__deblur__counterfactual__simba__l1 calls=1023 margin 2.94->-8.83 t=4.1s
[DONE] evaluation__808__denoise__attack__simba__l0.5 calls=1023 margin 0.02->-8.14 t=3.9s
[DONE] evaluation__808__denoise__restore__simba__l0.5 calls=1023 margin 0.02->0.74 t=4.4s
[DONE] evaluation__808__denoise__confidence_boost__simba__l0.5 calls=1023 margin 0.02->8.78 t=4.0s
[DONE] evaluation__808__denoise__boundary_probe__simba__l0.5 calls=1023 margin 0.02->0.00 t=4.3s
[DONE] evaluation__808__denoise__counterfactual__simba__l0.5 calls=1023 margin 0.02->-7.51 t=4.0s
[DONE] evaluation__808__deblur__attack__simba__l1 calls=1023 margin 9.61->-1.84 t=4.0s
[DONE] evaluation__808__deblur__restore__simba__l1 calls=1023 margin 9.61->9.72 t=4.3s
[DONE] evaluation__808__deblur__confidence_boost__simba__l1 calls=1023 margin 9.61->13.29 t=4.0s
[DONE] evaluation__808__deblur__boundary_probe__simba__l1 calls=1023 margin 9.61->0.00 t=4.5s
[DONE] evaluation__808__deblur__counterfactual__simba__l1 calls=1023 margin 9.61->-0.63 t=4.1s
[DONE] evaluation__3975__denoise__attack__simba__l0.5 calls=1023 margin 3.19->-7.08 t=4.1s
[DONE] evaluation__3975__denoise__restore__simba__l0.5 calls=1023 margin 3.19->2.73 t=4.3s
[DONE] evaluation__3975__denoise__confidence_boost__simba__l0.5 calls=1023 margin 3.19->10.77 t=4.0s
[DONE] evaluation__3975__denoise__boundary_probe__simba__l0.5 calls=1023 margin 3.19->0.00 t=4.2s
[DONE] evaluation__3975__denoise__counterfactual__simba__l0.5 calls=1023 margin 3.19->-6.93 t=4.1s
[DONE] evaluation__3975__deblur__attack__simba__l1 calls=1023 margin 6.98->-7.92 t=4.0s
[DONE] evaluation__3975__deblur__restore__simba__l1 calls=1023 margin 6.98->6.42 t=4.3s
[DONE] evaluation__3975__deblur__confidence_boost__simba__l1 calls=1023 margin 6.98->13.38 t=4.0s
[DONE] evaluation__3975__deblur__boundary_probe__simba__l1 calls=1023 margin 6.98->0.00 t=4.3s
[DONE] evaluation__3975__deblur__counterfactual__simba__l1 calls=1023 margin 6.98->-7.02 t=4.3s
[DONE] evaluation__5675__denoise__attack__simba__l0.5 calls=1023 margin 3.75->-6.93 t=4.2s
[DONE] evaluation__5675__denoise__restore__simba__l0.5 calls=1023 margin 3.75->3.86 t=4.3s
[DONE] evaluation__5675__denoise__confidence_boost__simba__l0.5 calls=1023 margin 3.75->12.87 t=4.2s
[DONE] evaluation__5675__denoise__boundary_probe__simba__l0.5 calls=1023 margin 3.75->0.00 t=4.4s
[DONE] evaluation__5675__denoise__counterfactual__simba__l0.5 calls=1023 margin 3.75->-5.66 t=4.0s
[DONE] evaluation__5675__deblur__attack__simba__l1 calls=1023 margin 9.35->-3.08 t=4.2s
[DONE] evaluation__5675__deblur__restore__simba__l1 calls=1023 margin 9.35->10.00 t=4.5s
[DONE] evaluation__5675__deblur__confidence_boost__simba__l1 calls=1023 margin 9.35->13.59 t=4.0s
[DONE] evaluation__5675__deblur__boundary_probe__simba__l1 calls=1023 margin 9.35->0.00 t=4.4s
[DONE] evaluation__5675__deblur__counterfactual__simba__l1 calls=1023 margin 9.35->-2.08 t=4.1s
[DONE] evaluation__8560__denoise__attack__simba__l0.5 calls=1023 margin 4.47->-3.71 t=4.1s
[DONE] evaluation__8560__denoise__restore__simba__l0.5 calls=1023 margin 4.47->3.65 t=4.3s
[DONE] evaluation__8560__denoise__confidence_boost__simba__l0.5 calls=1023 margin 4.47->11.24 t=4.0s
[DONE] evaluation__8560__denoise__boundary_probe__simba__l0.5 calls=1023 margin 4.47->0.00 t=4.4s
[DONE] evaluation__8560__denoise__counterfactual__simba__l0.5 calls=1023 margin 4.47->-4.23 t=3.9s
[DONE] evaluation__8560__deblur__attack__simba__l1 calls=1023 margin 4.32->-8.84 t=4.0s
[DONE] evaluation__8560__deblur__restore__simba__l1 calls=1023 margin 4.32->6.00 t=4.2s
[DONE] evaluation__8560__deblur__confidence_boost__simba__l1 calls=1023 margin 4.32->12.96 t=4.0s
[DONE] evaluation__8560__deblur__boundary_probe__simba__l1 calls=1023 margin 4.32->0.00 t=4.2s
[DONE] evaluation__8560__deblur__counterfactual__simba__l1 calls=1023 margin 4.32->-7.60 t=4.0s
[DONE] evaluation__1897__denoise__attack__simba__l0.5 calls=1023 margin 0.49->-6.37 t=4.1s
[DONE] evaluation__1897__denoise__restore__simba__l0.5 calls=1023 margin 0.49->0.54 t=4.4s
[DONE] evaluation__1897__denoise__confidence_boost__simba__l0.5 calls=1023 margin 0.49->7.48 t=4.2s
[DONE] evaluation__1897__denoise__boundary_probe__simba__l0.5 calls=1023 margin 0.49->0.00 t=4.4s
[DONE] evaluation__1897__denoise__counterfactual__simba__l0.5 calls=1023 margin 0.49->-6.82 t=4.1s
[DONE] evaluation__1897__deblur__attack__simba__l1 calls=1023 margin 5.49->-9.21 t=4.1s
[DONE] evaluation__1897__deblur__restore__simba__l1 calls=1023 margin 5.49->3.92 t=4.4s
[DONE] evaluation__1897__deblur__confidence_boost__simba__l1 calls=1023 margin 5.49->13.42 t=4.2s
[DONE] evaluation__1897__deblur__boundary_probe__simba__l1 calls=1023 margin 5.49->0.00 t=4.3s
[DONE] evaluation__1897__deblur__counterfactual__simba__l1 calls=1023 margin 5.49->-7.57 t=4.1s
[DONE] evaluation__4086__denoise__attack__simba__l0.5 calls=1023 margin 7.71->0.82 t=4.1s
[DONE] evaluation__4086__denoise__restore__simba__l0.5 calls=1023 margin 7.71->7.25 t=4.4s
[DONE] evaluation__4086__denoise__confidence_boost__simba__l0.5 calls=1023 margin 7.71->11.29 t=3.9s
[DONE] evaluation__4086__denoise__boundary_probe__simba__l0.5 calls=1023 margin 7.71->0.30 t=4.4s
[DONE] evaluation__4086__denoise__counterfactual__simba__l0.5 calls=1023 margin 7.71->0.49 t=4.1s
[DONE] evaluation__4086__deblur__attack__simba__l1 calls=1023 margin 6.30->-3.52 t=4.1s
[DONE] evaluation__4086__deblur__restore__simba__l1 calls=1023 margin 6.30->7.96 t=4.3s
[DONE] evaluation__4086__deblur__confidence_boost__simba__l1 calls=1023 margin 6.30->12.79 t=4.2s
[DONE] evaluation__4086__deblur__boundary_probe__simba__l1 calls=1023 margin 6.30->0.00 t=4.3s
[DONE] evaluation__4086__deblur__counterfactual__simba__l1 calls=1023 margin 6.30->-4.15 t=4.2s
[DONE] evaluation__7261__denoise__attack__simba__l0.5 calls=1023 margin 4.17->-4.15 t=4.1s
[DONE] evaluation__7261__denoise__restore__simba__l0.5 calls=1023 margin 4.17->4.66 t=4.5s
[DONE] evaluation__7261__denoise__confidence_boost__simba__l0.5 calls=1023 margin 4.17->9.51 t=4.2s
[DONE] evaluation__7261__denoise__boundary_probe__simba__l0.5 calls=1023 margin 4.17->0.00 t=4.3s
[DONE] evaluation__7261__denoise__counterfactual__simba__l0.5 calls=1023 margin 4.17->-2.62 t=4.1s
[DONE] evaluation__7261__deblur__attack__simba__l1 calls=1023 margin 1.39->-9.08 t=4.0s
[DONE] evaluation__7261__deblur__restore__simba__l1 calls=1023 margin 1.39->1.58 t=4.3s
[DONE] evaluation__7261__deblur__confidence_boost__simba__l1 calls=1023 margin 1.39->12.47 t=4.0s
[DONE] evaluation__7261__deblur__boundary_probe__simba__l1 calls=1023 margin 1.39->0.00 t=4.3s
[DONE] evaluation__7261__deblur__counterfactual__simba__l1 calls=1023 margin 1.39->-7.42 t=4.0s
[DONE] evaluation__2148__denoise__attack__simba__l0.5 calls=1023 margin 5.24->-0.76 t=4.0s
[DONE] evaluation__2148__denoise__restore__simba__l0.5 calls=1023 margin 5.24->5.73 t=4.3s
[DONE] evaluation__2148__denoise__confidence_boost__simba__l0.5 calls=1023 margin 5.24->9.24 t=4.1s
[DONE] evaluation__2148__denoise__boundary_probe__simba__l0.5 calls=1023 margin 5.24->0.00 t=4.4s
[DONE] evaluation__2148__denoise__counterfactual__simba__l0.5 calls=1023 margin 5.24->-1.58 t=4.1s
[DONE] evaluation__2148__deblur__attack__simba__l1 calls=1023 margin 7.67->-2.65 t=4.2s
[DONE] evaluation__2148__deblur__restore__simba__l1 calls=1023 margin 7.67->6.93 t=4.2s
[DONE] evaluation__2148__deblur__confidence_boost__simba__l1 calls=1023 margin 7.67->11.91 t=4.1s
[DONE] evaluation__2148__deblur__boundary_probe__simba__l1 calls=1023 margin 7.67->0.00 t=4.4s
[DONE] evaluation__2148__deblur__counterfactual__simba__l1 calls=1023 margin 7.67->-3.49 t=4.0s
[DONE] evaluation__6167__denoise__attack__simba__l0.5 calls=1023 margin 3.39->-8.21 t=4.0s
[DONE] evaluation__6167__denoise__restore__simba__l0.5 calls=1023 margin 3.39->2.94 t=4.3s
[DONE] evaluation__6167__denoise__confidence_boost__simba__l0.5 calls=1023 margin 3.39->10.45 t=3.9s
[DONE] evaluation__6167__denoise__boundary_probe__simba__l0.5 calls=1023 margin 3.39->0.00 t=4.3s
[DONE] evaluation__6167__denoise__counterfactual__simba__l0.5 calls=1023 margin 3.39->-7.90 t=3.9s
[DONE] evaluation__6167__deblur__attack__simba__l1 calls=1023 margin 1.47->-12.19 t=4.1s
[DONE] evaluation__6167__deblur__restore__simba__l1 calls=1023 margin 1.47->3.14 t=4.3s
[DONE] evaluation__6167__deblur__confidence_boost__simba__l1 calls=1023 margin 1.47->11.68 t=4.1s
[DONE] evaluation__6167__deblur__boundary_probe__simba__l1 calls=1023 margin 1.47->0.00 t=4.2s
[DONE] evaluation__6167__deblur__counterfactual__simba__l1 calls=1023 margin 1.47->-9.97 t=4.1s
[DONE] evaluation__8652__denoise__attack__simba__l0.5 calls=1023 margin 0.70->-8.79 t=4.1s
[DONE] evaluation__8652__denoise__restore__simba__l0.5 calls=1023 margin 0.70->0.88 t=4.3s
[DONE] evaluation__8652__denoise__confidence_boost__simba__l0.5 calls=1023 margin 0.70->7.89 t=4.0s
[DONE] evaluation__8652__denoise__boundary_probe__simba__l0.5 calls=1023 margin 0.70->0.00 t=4.2s
[DONE] evaluation__8652__denoise__counterfactual__simba__l0.5 calls=1023 margin 0.70->-5.40 t=4.0s
[DONE] evaluation__8652__deblur__attack__simba__l1 calls=1023 margin 9.66->-8.05 t=4.1s
[DONE] evaluation__8652__deblur__restore__simba__l1 calls=1023 margin 9.66->10.30 t=4.4s
[DONE] evaluation__8652__deblur__confidence_boost__simba__l1 calls=1023 margin 9.66->13.47 t=4.0s
[DONE] evaluation__8652__deblur__boundary_probe__simba__l1 calls=1023 margin 9.66->0.00 t=4.2s
[DONE] evaluation__8652__deblur__counterfactual__simba__l1 calls=1023 margin 9.66->-7.00 t=4.0s
[DONE] fit__1851__denoise__attack__simba__l0.5 calls=1023 margin 3.02->-4.00 t=4.0s
[DONE] fit__1851__denoise__restore__simba__l0.5 calls=1023 margin 3.02->3.54 t=4.4s
[DONE] fit__1851__denoise__confidence_boost__simba__l0.5 calls=1023 margin 3.02->9.18 t=4.0s
[DONE] fit__1851__denoise__boundary_probe__simba__l0.5 calls=1023 margin 3.02->0.00 t=4.3s
[DONE] fit__1851__denoise__counterfactual__simba__l0.5 calls=1023 margin 3.02->-4.40 t=4.1s
[DONE] fit__1851__deblur__attack__simba__l1 calls=1023 margin 5.48->-1.39 t=4.1s
[DONE] fit__1851__deblur__restore__simba__l1 calls=1023 margin 5.48->6.11 t=4.4s
[DONE] fit__1851__deblur__confidence_boost__simba__l1 calls=1023 margin 5.48->12.39 t=4.0s
[DONE] fit__1851__deblur__boundary_probe__simba__l1 calls=1023 margin 5.48->0.00 t=4.5s
[DONE] fit__1851__deblur__counterfactual__simba__l1 calls=1023 margin 5.48->-1.40 t=4.1s
[DONE] fit__7533__denoise__attack__simba__l0.5 calls=1023 margin 3.67->-5.86 t=4.1s
[DONE] fit__7533__denoise__restore__simba__l0.5 calls=1023 margin 3.67->2.90 t=4.3s
[DONE] fit__7533__denoise__confidence_boost__simba__l0.5 calls=1023 margin 3.67->10.44 t=4.1s
[DONE] fit__7533__denoise__boundary_probe__simba__l0.5 calls=1023 margin 3.67->0.00 t=4.5s
[DONE] fit__7533__denoise__counterfactual__simba__l0.5 calls=1023 margin 3.67->-5.77 t=4.2s
[DONE] fit__7533__deblur__attack__simba__l1 calls=1023 margin 8.39->-6.18 t=4.1s
[DONE] fit__7533__deblur__restore__simba__l1 calls=1023 margin 8.39->9.60 t=4.3s
[DONE] fit__7533__deblur__confidence_boost__simba__l1 calls=1023 margin 8.39->14.24 t=4.3s
[DONE] fit__7533__deblur__boundary_probe__simba__l1 calls=1023 margin 8.39->0.00 t=4.4s
[DONE] fit__7533__deblur__counterfactual__simba__l1 calls=1023 margin 8.39->-4.61 t=4.2s
[DONE] fit__3647__denoise__attack__simba__l0.5 calls=1023 margin 7.44->-0.29 t=4.0s
[DONE] fit__3647__denoise__restore__simba__l0.5 calls=1023 margin 7.44->6.98 t=4.3s
[DONE] fit__3647__denoise__confidence_boost__simba__l0.5 calls=1023 margin 7.44->11.42 t=4.1s
[DONE] fit__3647__denoise__boundary_probe__simba__l0.5 calls=1023 margin 7.44->0.00 t=4.3s
[DONE] fit__3647__denoise__counterfactual__simba__l0.5 calls=1023 margin 7.44->-0.59 t=4.2s
[DONE] fit__3647__deblur__attack__simba__l1 calls=1023 margin 6.18->-3.69 t=4.1s
[DONE] fit__3647__deblur__restore__simba__l1 calls=1023 margin 6.18->5.91 t=4.4s
[DONE] fit__3647__deblur__confidence_boost__simba__l1 calls=1023 margin 6.18->11.31 t=4.1s
[DONE] fit__3647__deblur__boundary_probe__simba__l1 calls=1023 margin 6.18->0.00 t=4.3s
[DONE] fit__3647__deblur__counterfactual__simba__l1 calls=1023 margin 6.18->-3.05 t=4.1s
[DONE] fit__7903__denoise__attack__simba__l0.5 calls=1023 margin 2.90->-6.82 t=4.1s
[DONE] fit__7903__denoise__restore__simba__l0.5 calls=1023 margin 2.90->2.26 t=4.3s
[DONE] fit__7903__denoise__confidence_boost__simba__l0.5 calls=1023 margin 2.90->9.93 t=4.1s
[DONE] fit__7903__denoise__boundary_probe__simba__l0.5 calls=1023 margin 2.90->0.00 t=4.4s
[DONE] fit__7903__denoise__counterfactual__simba__l0.5 calls=1023 margin 2.90->-5.00 t=4.1s
[DONE] fit__7903__deblur__attack__simba__l1 calls=1023 margin 1.63->-14.46 t=4.0s
[DONE] fit__7903__deblur__restore__simba__l1 calls=1023 margin 1.63->4.21 t=4.4s
[DONE] fit__7903__deblur__confidence_boost__simba__l1 calls=1023 margin 1.63->12.49 t=4.1s
[DONE] fit__7903__deblur__boundary_probe__simba__l1 calls=1023 margin 1.63->0.00 t=4.2s
[DONE] fit__7903__deblur__counterfactual__simba__l1 calls=1023 margin 1.63->-10.11 t=4.2s
[DONE] fit__5133__denoise__attack__simba__l0.5 calls=1023 margin 7.07->-6.85 t=4.2s
[DONE] fit__5133__denoise__restore__simba__l0.5 calls=1023 margin 7.07->7.25 t=4.3s
[DONE] fit__5133__denoise__confidence_boost__simba__l0.5 calls=1023 margin 7.07->12.46 t=4.0s
[DONE] fit__5133__denoise__boundary_probe__simba__l0.5 calls=1023 margin 7.07->0.00 t=4.2s
[DONE] fit__5133__denoise__counterfactual__simba__l0.5 calls=1023 margin 7.07->-5.84 t=4.1s
[DONE] fit__5133__deblur__attack__simba__l1 calls=1023 margin 11.14->-8.58 t=4.1s
[DONE] fit__5133__deblur__restore__simba__l1 calls=1023 margin 11.14->11.09 t=4.4s
[DONE] fit__5133__deblur__confidence_boost__simba__l1 calls=1023 margin 11.14->14.92 t=4.1s
[DONE] fit__5133__deblur__boundary_probe__simba__l1 calls=1023 margin 11.14->0.00 t=4.3s
[DONE] fit__5133__deblur__counterfactual__simba__l1 calls=1023 margin 11.14->-6.38 t=4.1s
[DONE] fit__2684__denoise__attack__simba__l0.5 calls=1023 margin 0.95->-4.21 t=4.1s
[DONE] fit__2684__denoise__restore__simba__l0.5 calls=1023 margin 0.95->0.72 t=4.3s
[DONE] fit__2684__denoise__confidence_boost__simba__l0.5 calls=1023 margin 0.95->5.37 t=4.1s
[DONE] fit__2684__denoise__boundary_probe__simba__l0.5 calls=1023 margin 0.95->0.00 t=4.2s
[DONE] fit__2684__denoise__counterfactual__simba__l0.5 calls=1023 margin 0.95->-4.61 t=4.2s
[DONE] fit__2684__deblur__attack__simba__l1 calls=1023 margin 1.06->-6.97 t=4.0s
[DONE] fit__2684__deblur__restore__simba__l1 calls=1023 margin 1.06->0.72 t=4.3s
[DONE] fit__2684__deblur__confidence_boost__simba__l1 calls=1023 margin 1.06->8.25 t=4.1s
[DONE] fit__2684__deblur__boundary_probe__simba__l1 calls=1023 margin 1.06->0.00 t=4.2s
[DONE] fit__2684__deblur__counterfactual__simba__l1 calls=1023 margin 1.06->-6.46 t=4.0s
[DONE] fit__8204__denoise__attack__simba__l0.5 calls=1023 margin 2.56->-11.74 t=4.1s
[DONE] fit__8204__denoise__restore__simba__l0.5 calls=1023 margin 2.56->3.94 t=4.4s
[DONE] fit__8204__denoise__confidence_boost__simba__l0.5 calls=1023 margin 2.56->12.24 t=4.2s
[DONE] fit__8204__denoise__boundary_probe__simba__l0.5 calls=1023 margin 2.56->0.00 t=4.3s
[DONE] fit__8204__denoise__counterfactual__simba__l0.5 calls=1023 margin 2.56->-8.39 t=4.1s
[DONE] fit__8204__deblur__attack__simba__l1 calls=1023 margin 13.21->0.36 t=4.0s
[DONE] fit__8204__deblur__restore__simba__l1 calls=1023 margin 13.21->12.49 t=4.4s
[DONE] fit__8204__deblur__confidence_boost__simba__l1 calls=1023 margin 13.21->14.11 t=4.2s
[DONE] fit__8204__deblur__boundary_probe__simba__l1 calls=1023 margin 13.21->0.76 t=4.3s
[DONE] fit__8204__deblur__counterfactual__simba__l1 calls=1023 margin 13.21->-0.41 t=4.2s
[DONE] fit__1842__denoise__attack__simba__l0.5 calls=1023 margin 7.32->-6.41 t=4.1s
[DONE] fit__1842__denoise__restore__simba__l0.5 calls=1023 margin 7.32->6.50 t=4.3s
[DONE] fit__1842__denoise__confidence_boost__simba__l0.5 calls=1023 margin 7.32->13.12 t=4.1s
[DONE] fit__1842__denoise__boundary_probe__simba__l0.5 calls=1023 margin 7.32->0.00 t=4.1s
[DONE] fit__1842__denoise__counterfactual__simba__l0.5 calls=1023 margin 7.32->-5.84 t=4.0s
[DONE] fit__1842__deblur__attack__simba__l1 calls=1023 margin 11.03->0.15 t=4.0s
[DONE] fit__1842__deblur__restore__simba__l1 calls=1023 margin 11.03->12.23 t=4.4s
[DONE] fit__1842__deblur__confidence_boost__simba__l1 calls=1023 margin 11.03->13.75 t=4.1s
[DONE] fit__1842__deblur__boundary_probe__simba__l1 calls=1023 margin 11.03->0.00 t=4.2s
[DONE] fit__1842__deblur__counterfactual__simba__l1 calls=1023 margin 11.03->-5.61 t=3.9s
[DONE] fit__7325__denoise__attack__simba__l0.5 calls=1023 margin 6.45->-4.66 t=4.1s
[DONE] fit__7325__denoise__restore__simba__l0.5 calls=1023 margin 6.45->5.67 t=4.2s
[DONE] fit__7325__denoise__confidence_boost__simba__l0.5 calls=1023 margin 6.45->12.46 t=4.1s
[DONE] fit__7325__denoise__boundary_probe__simba__l0.5 calls=1023 margin 6.45->0.00 t=4.4s
[DONE] fit__7325__denoise__counterfactual__simba__l0.5 calls=1023 margin 6.45->-1.33 t=4.1s
[DONE] fit__7325__deblur__attack__simba__l1 calls=1023 margin 9.01->-0.74 t=3.9s
[DONE] fit__7325__deblur__restore__simba__l1 calls=1023 margin 9.01->9.71 t=4.4s
[DONE] fit__7325__deblur__confidence_boost__simba__l1 calls=1023 margin 9.01->14.43 t=4.2s
[DONE] fit__7325__deblur__boundary_probe__simba__l1 calls=1023 margin 9.01->0.00 t=4.2s
[DONE] fit__7325__deblur__counterfactual__simba__l1 calls=1023 margin 9.01->-1.01 t=3.9s
[DONE] fit__4641__denoise__attack__simba__l0.5 calls=1023 margin 2.59->-4.62 t=4.0s
[DONE] fit__4641__denoise__restore__simba__l0.5 calls=1023 margin 2.59->2.82 t=4.3s
[DONE] fit__4641__denoise__confidence_boost__simba__l0.5 calls=1023 margin 2.59->7.43 t=4.3s
[DONE] fit__4641__denoise__boundary_probe__simba__l0.5 calls=1023 margin 2.59->0.00 t=4.4s
[DONE] fit__4641__denoise__counterfactual__simba__l0.5 calls=1023 margin 2.59->-5.19 t=4.2s
[DONE] fit__4641__deblur__attack__simba__l1 calls=1023 margin 8.97->-2.79 t=4.0s
[DONE] fit__4641__deblur__restore__simba__l1 calls=1023 margin 8.97->8.86 t=4.3s
[DONE] fit__4641__deblur__confidence_boost__simba__l1 calls=1023 margin 8.97->12.17 t=4.0s
[DONE] fit__4641__deblur__boundary_probe__simba__l1 calls=1023 margin 8.97->0.00 t=4.3s
[DONE] fit__4641__deblur__counterfactual__simba__l1 calls=1023 margin 8.97->-1.57 t=4.0s
[DONE] fit__1436__denoise__attack__simba__l0.5 calls=1023 margin 13.07->8.96 t=4.2s
[DONE] fit__1436__denoise__restore__simba__l0.5 calls=1023 margin 13.07->12.95 t=4.4s
[DONE] fit__1436__denoise__confidence_boost__simba__l0.5 calls=1023 margin 13.07->13.39 t=4.2s
[DONE] fit__1436__denoise__boundary_probe__simba__l0.5 calls=1023 margin 13.07->6.66 t=4.4s
[DONE] fit__1436__denoise__counterfactual__simba__l0.5 calls=1023 margin 13.07->6.23 t=4.2s
[DONE] fit__1436__deblur__attack__simba__l1 calls=1023 margin 3.38->-8.15 t=4.2s
[DONE] fit__1436__deblur__restore__simba__l1 calls=1023 margin 3.38->6.29 t=4.3s
[DONE] fit__1436__deblur__confidence_boost__simba__l1 calls=1023 margin 3.38->12.97 t=4.0s
[DONE] fit__1436__deblur__boundary_probe__simba__l1 calls=1023 margin 3.38->0.00 t=4.2s
[DONE] fit__1436__deblur__counterfactual__simba__l1 calls=1023 margin 3.38->-7.08 t=4.1s
[DONE] fit__8691__denoise__attack__simba__l0.5 calls=1023 margin 9.34->-0.80 t=4.2s
[DONE] fit__8691__denoise__restore__simba__l0.5 calls=1023 margin 9.34->9.67 t=4.4s
[DONE] fit__8691__denoise__confidence_boost__simba__l0.5 calls=1023 margin 9.34->13.31 t=4.1s
[DONE] fit__8691__denoise__boundary_probe__simba__l0.5 calls=1023 margin 9.34->0.00 t=4.3s
[DONE] fit__8691__denoise__counterfactual__simba__l0.5 calls=1023 margin 9.34->-1.17 t=4.1s
[DONE] fit__8691__deblur__attack__simba__l1 calls=1023 margin 4.18->-8.77 t=4.2s
[DONE] fit__8691__deblur__restore__simba__l1 calls=1023 margin 4.18->4.23 t=4.3s
[DONE] fit__8691__deblur__confidence_boost__simba__l1 calls=1023 margin 4.18->13.89 t=4.2s
[DONE] fit__8691__deblur__boundary_probe__simba__l1 calls=1023 margin 4.18->0.00 t=4.4s
[DONE] fit__8691__deblur__counterfactual__simba__l1 calls=1023 margin 4.18->-8.77 t=4.0s
[DONE] fit__3116__denoise__attack__simba__l0.5 calls=1023 margin 3.05->-8.65 t=4.2s
[DONE] fit__3116__denoise__restore__simba__l0.5 calls=1023 margin 3.05->4.58 t=4.2s
[DONE] fit__3116__denoise__confidence_boost__simba__l0.5 calls=1023 margin 3.05->9.61 t=4.0s
[DONE] fit__3116__denoise__boundary_probe__simba__l0.5 calls=1023 margin 3.05->0.00 t=4.2s
[DONE] fit__3116__denoise__counterfactual__simba__l0.5 calls=1023 margin 3.05->-7.19 t=4.0s
[DONE] fit__3116__deblur__attack__simba__l1 calls=1023 margin 5.37->-6.23 t=4.2s
[DONE] fit__3116__deblur__restore__simba__l1 calls=1023 margin 5.37->4.71 t=4.4s
[DONE] fit__3116__deblur__confidence_boost__simba__l1 calls=1023 margin 5.37->12.40 t=4.1s
[DONE] fit__3116__deblur__boundary_probe__simba__l1 calls=1023 margin 5.37->0.00 t=4.2s
[DONE] fit__3116__deblur__counterfactual__simba__l1 calls=1023 margin 5.37->-3.01 t=3.9s
[DONE] fit__9372__denoise__attack__simba__l0.5 calls=1023 margin 4.51->-4.63 t=4.1s
[DONE] fit__9372__denoise__restore__simba__l0.5 calls=1023 margin 4.51->5.46 t=4.3s
[DONE] fit__9372__denoise__confidence_boost__simba__l0.5 calls=1023 margin 4.51->11.51 t=4.0s
[DONE] fit__9372__denoise__boundary_probe__simba__l0.5 calls=1023 margin 4.51->0.00 t=4.3s
[DONE] fit__9372__denoise__counterfactual__simba__l0.5 calls=1023 margin 4.51->-4.13 t=4.0s
[DONE] fit__9372__deblur__attack__simba__l1 calls=1023 margin 6.26->-4.93 t=4.1s
[DONE] fit__9372__deblur__restore__simba__l1 calls=1023 margin 6.26->6.75 t=4.4s
[DONE] fit__9372__deblur__confidence_boost__simba__l1 calls=1023 margin 6.26->12.76 t=4.2s
[DONE] fit__9372__deblur__boundary_probe__simba__l1 calls=1023 margin 6.26->0.00 t=4.3s
[DONE] fit__9372__deblur__counterfactual__simba__l1 calls=1023 margin 6.26->-4.54 t=4.1s
[DONE] fit__3686__denoise__attack__simba__l0.5 calls=1023 margin 2.56->-4.17 t=4.2s
[DONE] fit__3686__denoise__restore__simba__l0.5 calls=1023 margin 2.56->2.65 t=4.4s
[DONE] fit__3686__denoise__confidence_boost__simba__l0.5 calls=1023 margin 2.56->7.94 t=4.1s
[DONE] fit__3686__denoise__boundary_probe__simba__l0.5 calls=1023 margin 2.56->0.00 t=4.4s
[DONE] fit__3686__denoise__counterfactual__simba__l0.5 calls=1023 margin 2.56->-3.72 t=4.1s
[DONE] fit__3686__deblur__attack__simba__l1 calls=1023 margin 8.67->-7.27 t=4.0s
[DONE] fit__3686__deblur__restore__simba__l1 calls=1023 margin 8.67->8.02 t=4.4s
[DONE] fit__3686__deblur__confidence_boost__simba__l1 calls=1023 margin 8.67->14.14 t=4.1s
[DONE] fit__3686__deblur__boundary_probe__simba__l1 calls=1023 margin 8.67->0.00 t=4.3s
[DONE] fit__3686__deblur__counterfactual__simba__l1 calls=1023 margin 8.67->-2.58 t=4.1s
[DONE] fit__2143__denoise__attack__simba__l0.5 calls=1023 margin 1.83->-6.16 t=4.1s
[DONE] fit__2143__denoise__restore__simba__l0.5 calls=1023 margin 1.83->2.51 t=4.5s
[DONE] fit__2143__denoise__confidence_boost__simba__l0.5 calls=1023 margin 1.83->7.72 t=4.1s
[DONE] fit__2143__denoise__boundary_probe__simba__l0.5 calls=1023 margin 1.83->0.00 t=4.3s
[DONE] fit__2143__denoise__counterfactual__simba__l0.5 calls=1023 margin 1.83->-6.10 t=3.6s
[DONE] fit__2143__deblur__attack__simba__l1 calls=1023 margin 4.69->-4.26 t=3.6s
[DONE] fit__2143__deblur__restore__simba__l1 calls=1023 margin 4.69->4.40 t=3.6s
[DONE] fit__2143__deblur__confidence_boost__simba__l1 calls=1023 margin 4.69->11.25 t=3.3s
[DONE] fit__2143__deblur__boundary_probe__simba__l1 calls=1023 margin 4.69->0.00 t=3.6s
[DONE] fit__2143__deblur__counterfactual__simba__l1 calls=1023 margin 4.69->-4.46 t=3.4s
[DONE] fit__7297__denoise__attack__simba__l0.5 calls=1023 margin 4.29->-8.67 t=3.3s
[DONE] fit__7297__denoise__restore__simba__l0.5 calls=1023 margin 4.29->4.42 t=3.4s
[DONE] fit__7297__denoise__confidence_boost__simba__l0.5 calls=1023 margin 4.29->10.26 t=3.4s
[DONE] fit__7297__denoise__boundary_probe__simba__l0.5 calls=1023 margin 4.29->0.00 t=3.6s
[DONE] fit__7297__denoise__counterfactual__simba__l0.5 calls=1023 margin 4.29->-8.28 t=3.4s
[DONE] fit__7297__deblur__attack__simba__l1 calls=1023 margin 7.21->-3.66 t=3.3s
[DONE] fit__7297__deblur__restore__simba__l1 calls=1023 margin 7.21->7.87 t=3.4s
[DONE] fit__7297__deblur__confidence_boost__simba__l1 calls=1023 margin 7.21->11.55 t=3.3s
[DONE] fit__7297__deblur__boundary_probe__simba__l1 calls=1023 margin 7.21->0.00 t=3.3s
[DONE] fit__7297__deblur__counterfactual__simba__l1 calls=1023 margin 7.21->-1.50 t=3.0s
