[DONE] calibration__1735__denoise__attack__simba__l0.5 calls=1023 margin 3.38->-3.64 t=4.1s
[DONE] calibration__1735__denoise__restore__simba__l0.5 calls=1023 margin 3.38->3.62 t=4.3s
[DONE] calibration__1735__denoise__confidence_boost__simba__l0.5 calls=1023 margin 3.38->9.26 t=3.9s
[DONE] calibration__1735__denoise__boundary_probe__simba__l0.5 calls=1023 margin 3.38->0.00 t=4.2s
[DONE] calibration__1735__denoise__counterfactual__simba__l0.5 calls=1023 margin 3.38->-3.65 t=4.0s
[DONE] calibration__1735__deblur__attack__simba__l1 calls=1023 margin 4.95->-3.50 t=4.0s
[DONE] calibration__1735__deblur__restore__simba__l1 calls=1023 margin 4.95->5.35 t=4.4s
[DONE] calibration__1735__deblur__confidence_boost__simba__l1 calls=1023 margin 4.95->11.20 t=3.9s
[DONE] calibration__1735__deblur__boundary_probe__simba__l1 calls=1023 margin 4.95->0.00 t=4.3s
[DONE] calibration__1735__deblur__counterfactual__simba__l1 calls=1023 margin 4.95->-4.26 t=4.0s
[DONE] calibration__8197__denoise__attack__simba__l0.5 calls=1023 margin 1.03->-8.67 t=4.0s
[DONE] calibration__8197__denoise__restore__simba__l0.5 calls=1023 margin 1.03->0.30 t=4.2s
[DONE] calibration__8197__denoise__confidence_boost__simba__l0.5 calls=1023 margin 1.03->10.42 t=4.1s
[DONE] calibration__8197__denoise__boundary_probe__simba__l0.5 calls=1023 margin 1.03->0.00 t=4.2s
[DONE] calibration__8197__denoise__counterfactual__simba__l0.5 calls=1023 margin 1.03->-7.60 t=4.0s
[DONE] calibration__8197__deblur__attack__simba__l1 calls=1023 margin 3.93->-12.93 t=4.1s
[DONE] calibration__8197__deblur__restore__simba__l1 calls=1023 margin 3.93->5.06 t=4.3s
[DONE] calibration__8197__deblur__confidence_boost__simba__l1 calls=1023 margin 3.93->13.86 t=4.0s
[DONE] calibration__8197__deblur__boundary_probe__simba__l1 calls=1023 margin 3.93->0.00 t=4.3s
[DONE] calibration__8197__deblur__counterfactual__simba__l1 calls=1023 margin 3.93->-8.64 t=4.0s
[DONE] calibration__3028__denoise__attack__simba__l0.5 calls=1023 margin 0.97->-9.81 t=4.0s
[DONE] calibration__3028__denoise__restore__simba__l0.5 calls=1023 margin 0.97->0.33 t=4.4s
[DONE] calibration__3028__denoise__confidence_boost__simba__l0.5 calls=1023 margin 0.97->9.18 t=4.1s
[DONE] calibration__3028__denoise__boundary_probe__simba__l0.5 calls=1023 margin 0.97->0.00 t=4.3s
[DONE] calibration__3028__denoise__counterfactual__simba__l0.5 calls=1023 margin 0.97->-8.00 t=3.9s
[DONE] calibration__3028__deblur__attack__simba__l1 calls=1023 margin 9.40->-1.19 t=4.1s
[DONE] calibration__3028__deblur__restore__simba__l1 calls=1023 margin 9.40->9.17 t=4.2s
[DONE] calibration__3028__deblur__confidence_boost__simba__l1 calls=1023 margin 9.40->13.58 t=3.9s
[DONE] calibration__3028__deblur__boundary_probe__simba__l1 calls=1023 margin 9.40->0.01 t=4.3s
[DONE] calibration__3028__deblur__counterfactual__simba__l1 calls=1023 margin 9.40->-2.54 t=3.9s
[DONE] calibration__603__denoise__attack__simba__l0.5 calls=1023 margin 6.44->-8.03 t=4.1s
[DONE] calibration__603__denoise__restore__simba__l0.5 calls=1023 margin 6.44->6.24 t=4.4s
[DONE] calibration__603__denoise__confidence_boost__simba__l0.5 calls=1023 margin 6.44->12.63 t=3.9s
[DONE] calibration__603__denoise__boundary_probe__simba__l0.5 calls=1023 margin 6.44->0.00 t=4.3s
[DONE] calibration__603__denoise__counterfactual__simba__l0.5 calls=1023 margin 6.44->-7.40 t=4.1s
[DONE] calibration__603__deblur__attack__simba__l1 calls=1023 margin 10.48->-2.66 t=4.2s
[DONE] calibration__603__deblur__restore__simba__l1 calls=1023 margin 10.48->10.82 t=4.4s
[DONE] calibration__603__deblur__confidence_boost__simba__l1 calls=1023 margin 10.48->13.79 t=4.1s
[DONE] calibration__603__deblur__boundary_probe__simba__l1 calls=1023 margin 10.48->0.00 t=4.4s
[DONE] calibration__603__deblur__counterfactual__simba__l1 calls=1023 margin 10.48->-3.08 t=3.9s
[DONE] calibration__6232__denoise__attack__simba__l0.5 calls=1023 margin 6.12->-1.54 t=4.1s
[DONE] calibration__6232__denoise__restore__simba__l0.5 calls=1023 margin 6.12->6.40 t=4.4s
[DONE] calibration__6232__denoise__confidence_boost__simba__l0.5 calls=1023 margin 6.12->10.93 t=4.1s
[DONE] calibration__6232__denoise__boundary_probe__simba__l0.5 calls=1023 margin 6.12->0.00 t=4.3s
[DONE] calibration__6232__denoise__counterfactual__simba__l0.5 calls=1023 margin 6.12->-1.62 t=4.0s
[DONE] calibration__6232__deblur__attack__simba__l1 calls=1023 margin 6.35->-3.21 t=4.1s
[DONE] calibration__6232__deblur__restore__simba__l1 calls=1023 margin 6.35->6.00 t=4.4s
[DONE] calibration__6232__deblur__confidence_boost__simba__l1 calls=1023 margin 6.35->10.95 t=4.1s
[DONE] calibration__6232__deblur__boundary_probe__simba__l1 calls=1023 margin 6.35->0.00 t=4.3s
[DONE] calibration__6232__deblur__counterfactual__simba__l1 calls=1023 margin 6.35->-2.48 t=4.0s
[DONE] calibration__3234__denoise__attack__simba__l0.5 calls=1023 margin 3.03->-5.97 t=4.0s
[DONE] calibration__3234__denoise__restore__simba__l0.5 calls=1023 margin 3.03->3.46 t=4.5s
[DONE] calibration__3234__denoise__confidence_boost__simba__l0.5 calls=1023 margin 3.03->9.38 t=4.2s
[DONE] calibration__3234__denoise__boundary_probe__simba__l0.5 calls=1023 margin 3.03->0.00 t=4.2s
[DONE] calibration__3234__denoise__counterfactual__simba__l0.5 calls=1023 margin 3.03->-4.63 t=4.1s
[DONE] calibration__3234__deblur__attack__simba__l1 calls=1023 margin 10.50->1.24 t=4.0s
[DONE] calibration__3234__deblur__restore__simba__l1 calls=1023 margin 10.50->10.30 t=4.4s
[DONE] calibration__3234__deblur__confidence_boost__simba__l1 calls=1023 margin 10.50->13.54 t=4.1s
[DONE] calibration__3234__deblur__boundary_probe__simba__l1 calls=1023 margin 10.50->1.32 t=4.3s
[DONE] calibration__3234__deblur__counterfactual__simba__l1 calls=1023 margin 10.50->2.64 t=4.1s
[DONE] calibration__8169__denoise__attack__simba__l0.5 calls=1023 margin 1.09->-3.78 t=4.1s
[DONE] calibration__8169__denoise__restore__simba__l0.5 calls=1023 margin 1.09->1.09 t=4.4s
[DONE] calibration__8169__denoise__confidence_boost__simba__l0.5 calls=1023 margin 1.09->5.14 t=4.0s
[DONE] calibration__8169__denoise__boundary_probe__simba__l0.5 calls=1023 margin 1.09->0.00 t=4.4s
[DONE] calibration__8169__denoise__counterfactual__simba__l0.5 calls=1023 margin 1.09->-3.21 t=4.1s
[DONE] calibration__8169__deblur__attack__simba__l1 calls=1023 margin 5.57->-2.63 t=4.0s
[DONE] calibration__8169__deblur__restore__simba__l1 calls=1023 margin 5.57->4.95 t=4.4s
[DONE] calibration__8169__deblur__confidence_boost__simba__l1 calls=1023 margin 5.57->10.86 t=4.0s
[DONE] calibration__8169__deblur__boundary_probe__simba__l1 calls=1023 margin 5.57->0.00 t=4.3s
[DONE] calibration__8169__deblur__counterfactual__simba__l1 calls=1023 margin 5.57->-2.91 t=4.1s
[DONE] calibration__2208__denoise__attack__simba__l0.5 calls=1023 margin 8.28->-6.28 t=4.1s
[DONE] calibration__2208__denoise__restore__simba__l0.5 calls=1023 margin 8.28->7.03 t=4.4s
[DONE] calibration__2208__denoise__confidence_boost__simba__l0.5 calls=1023 margin 8.28->13.57 t=4.1s
[DONE] calibration__2208__denoise__boundary_probe__simba__l0.5 calls=1023 margin 8.28->0.00 t=4.3s
[DONE] calibration__2208__denoise__counterfactual__simba__l0.5 calls=1023 margin 8.28->-5.05 t=4.0s
[DONE] calibration__2208__deblur__attack__simba__l1 calls=1023 margin 7.39->-8.20 t=4.2s
[DONE] calibration__2208__deblur__restore__simba__l1 calls=1023 margin 7.39->8.97 t=4.4s
[DONE] calibration__2208__deblur__confidence_boost__simba__l1 calls=1023 margin 7.39->13.84 t=4.3s
[DONE] calibration__2208__deblur__boundary_probe__simba__l1 calls=1023 margin 7.39->0.00 t=4.3s
[DONE] calibration__2208__deblur__counterfactual__simba__l1 calls=1023 margin 7.39->-7.55 t=4.1s
[DONE] calibration__327__denoise__attack__simba__l0.5 calls=1023 margin 1.01->-10.05 t=3.9s
[DONE] calibration__327__denoise__restore__simba__l0.5 calls=1023 margin 1.01->1.96 t=4.3s
[DONE] calibration__327__denoise__confidence_boost__simba__l0.5 calls=1023 margin 1.01->8.81 t=4.0s
[DONE] calibration__327__denoise__boundary_probe__simba__l0.5 calls=1023 margin 1.01->0.00 t=4.2s
[DONE] calibration__327__denoise__counterfactual__simba__l0.5 calls=1023 margin 1.01->-6.00 t=4.1s
[DONE] calibration__327__deblur__attack__simba__l1 calls=1023 margin 7.87->-4.04 t=4.0s
[DONE] calibration__327__deblur__restore__simba__l1 calls=1023 margin 7.87->8.58 t=4.3s
[DONE] calibration__327__deblur__confidence_boost__simba__l1 calls=1023 margin 7.87->13.78 t=4.1s
[DONE] calibration__327__deblur__boundary_probe__simba__l1 calls=1023 margin 7.87->0.00 t=4.3s
[DONE] calibration__327__deblur__counterfactual__simba__l1 calls=1023 margin 7.87->-2.45 t=4.1s
[DONE] calibration__8025__denoise__attack__simba__l0.5 calls=1023 margin 0.90->-9.14 t=4.0s
[DONE] calibration__8025__denoise__restore__simba__l0.5 calls=1023 margin 0.90->1.08 t=4.4s
[DONE] calibration__8025__denoise__confidence_boost__simba__l0.5 calls=1023 margin 0.90->8.48 t=4.0s
[DONE] calibration__8025__denoise__boundary_probe__simba__l0.5 calls=1023 margin 0.90->0.00 t=4.3s
[DONE] calibration__8025__denoise__counterfactual__simba__l0.5 calls=1023 margin 0.90->-8.52 t=4.1s
[DONE] calibration__8025__deblur__attack__simba__l1 calls=1023 margin 7.39->-4.71 t=4.0s
[DONE] calibration__8025__deblur__restore__simba__l1 calls=1023 margin 7.39->8.58 t=4.2s
[DONE] calibration__8025__deblur__confidence_boost__simba__l1 calls=1023 margin 7.39->13.32 t=4.0s
[DONE] calibration__8025__deblur__boundary_probe__simba__l1 calls=1023 margin 7.39->0.00 t=4.2s
[DONE] calibration__8025__deblur__counterfactual__simba__l1 calls=1023 margin 7.39->-3.54 t=4.0s
[DONE] calibration__3455__denoise__attack__simba__l0.5 calls=1023 margin 8.96->-3.32 t=4.0s
[DONE] calibration__3455__denoise__restore__simba__l0.5 calls=1023 margin 8.96->8.52 t=4.3s
[DONE] calibration__3455__denoise__confidence_boost__simba__l0.5 calls=1023 margin 8.96->13.05 t=4.0s
[DONE] calibration__3455__denoise__boundary_probe__simba__l0.5 calls=1023 margin 8.96->0.00 t=4.3s
[DONE] calibration__3455__denoise__counterfactual__simba__l0.5 calls=1023 margin 8.96->-3.14 t=3.9s
[DONE] calibration__3455__deblur__attack__simba__l1 calls=1023 margin 2.11->-13.81 t=4.1s
[DONE] calibration__3455__deblur__restore__simba__l1 calls=1023 margin 2.11->4.26 t=4.3s
[DONE] calibration__3455__deblur__confidence_boost__simba__l1 calls=1023 margin 2.11->13.45 t=4.1s
[DONE] calibration__3455__deblur__boundary_probe__simba__l1 calls=1023 margin 2.11->0.00 t=4.2s
[DONE] calibration__3455__deblur__counterfactual__simba__l1 calls=1023 margin 2.11->-9.18 t=4.0s
[DONE] calibration__8724__denoise__attack__simba__l0.5 calls=1023 margin 8.48->-1.49 t=4.0s
[DONE] calibration__8724__denoise__restore__simba__l0.5 calls=1023 margin 8.48->7.58 t=4.3s
[DONE] calibration__8724__denoise__confidence_boost__simba__l0.5 calls=1023 margin 8.48->14.09 t=4.1s
[DONE] calibration__8724__denoise__boundary_probe__simba__l0.5 calls=1023 margin 8.48->0.00 t=4.3s
[DONE] calibration__8724__denoise__counterfactual__simba__l0.5 calls=1023 margin 8.48->-3.22 t=4.1s
[DONE] calibration__8724__deblur__attack__simba__l1 calls=1023 margin 0.81->-11.66 t=4.0s
[DONE] calibration__8724__deblur__restore__simba__l1 calls=1023 margin 0.81->4.44 t=4.3s
[DONE] calibration__8724__deblur__confidence_boost__simba__l1 calls=1023 margin 0.81->13.59 t=4.0s
[DONE] calibration__8724__deblur__boundary_probe__simba__l1 calls=1023 margin 0.81->0.00 t=4.3s
[DONE] calibration__8724__deblur__counterfactual__simba__l1 calls=1023 margin 0.81->-8.72 t=4.1s
[DONE] calibration__2004__denoise__attack__simba__l0.5 calls=1023 margin 0.91->-5.71 t=4.0s
[DONE] calibration__2004__denoise__restore__simba__l0.5 calls=1023 margin 0.91->0.15 t=4.3s
[DONE] calibration__2004__denoise__confidence_boost__simba__l0.5 calls=1023 margin 0.91->7.67 t=4.1s
[DONE] calibration__2004__denoise__boundary_probe__simba__l0.5 calls=1023 margin 0.91->0.00 t=4.3s
[DONE] calibration__2004__denoise__counterfactual__simba__l0.5 calls=1023 margin 0.91->-5.78 t=4.0s
[DONE] calibration__2004__deblur__attack__simba__l1 calls=1023 margin 6.38->-1.60 t=4.1s
[DONE] calibration__2004__deblur__restore__simba__l1 calls=1023 margin 6.38->6.73 t=4.3s
[DONE] calibration__2004__deblur__confidence_boost__simba__l1 calls=1023 margin 6.38->10.42 t=4.0s
[DONE] calibration__2004__deblur__boundary_probe__simba__l1 calls=1023 margin 6.38->0.00 t=4.3s
[DONE] calibration__2004__deblur__counterfactual__simba__l1 calls=1023 margin 6.38->-2.07 t=4.2s
[DONE] calibration__519__denoise__attack__simba__l0.5 calls=1023 margin 2.45->-7.94 t=3.8s
[DONE] calibration__519__denoise__restore__simba__l0.5 calls=1023 margin 2.45->3.17 t=4.3s
[DONE] calibration__519__denoise__confidence_boost__simba__l0.5 calls=1023 margin 2.45->12.46 t=4.1s
[DONE] calibration__519__denoise__boundary_probe__simba__l0.5 calls=1023 margin 2.45->0.00 t=4.2s
[DONE] calibration__519__denoise__counterfactual__simba__l0.5 calls=1023 margin 2.45->-7.52 t=4.0s
[DONE] calibration__519__deblur__attack__simba__l1 calls=1023 margin 4.83->-3.10 t=4.0s
[DONE] calibration__519__deblur__restore__simba__l1 calls=1023 margin 4.83->6.26 t=4.2s
[DONE] calibration__519__deblur__confidence_boost__simba__l1 calls=1023 margin 4.83->14.73 t=4.0s
[DONE] calibration__519__deblur__boundary_probe__simba__l1 calls=1023 margin 4.83->0.00 t=4.3s
[DONE] calibration__519__deblur__counterfactual__simba__l1 calls=1023 margin 4.83->-3.85 t=4.0s
[DONE] calibration__5612__denoise__attack__simba__l0.5 calls=1023 margin 8.19->0.22 t=3.9s
[DONE] calibration__5612__denoise__restore__simba__l0.5 calls=1023 margin 8.19->8.16 t=4.3s
[DONE] calibration__5612__denoise__confidence_boost__simba__l0.5 calls=1023 margin 8.19->11.56 t=3.9s
[DONE] calibration__5612__denoise__boundary_probe__simba__l0.5 calls=1023 margin 8.19->0.28 t=4.2s
[DONE] calibration__5612__denoise__counterfactual__simba__l0.5 calls=1023 margin 8.19->-0.14 t=4.2s
[DONE] calibration__5612__deblur__attack__simba__l1 calls=1023 margin 8.61->-1.18 t=4.2s
[DONE] calibration__5612__deblur__restore__simba__l1 calls=1023 margin 8.61->9.66 t=4.3s
[DONE] calibration__5612__deblur__confidence_boost__simba__l1 calls=1023 margin 8.61->13.21 t=4.0s
[DONE] calibration__5612__deblur__boundary_probe__simba__l1 calls=1023 margin 8.61->0.00 t=4.3s
[DONE] calibration__5612__deblur__counterfactual__simba__l1 calls=1023 margin 8.61->-3.12 t=4.0s
[DONE] calibration__3213__denoise__attack__simba__l0.5 calls=1023 margin 1.62->-9.95 t=3.9s
[DONE] calibration__3213__denoise__restore__simba__l0.5 calls=1023 margin 1.62->1.79 t=4.3s
[DONE] calibration__3213__denoise__confidence_boost__simba__l0.5 calls=1023 margin 1.62->10.54 t=4.1s
[DONE] calibration__3213__denoise__boundary_probe__simba__l0.5 calls=1023 margin 1.62->0.00 t=4.2s
[DONE] calibration__3213__denoise__counterfactual__simba__l0.5 calls=1023 margin 1.62->-8.18 t=3.9s
[DONE] calibration__3213__deblur__attack__simba__l1 calls=1023 margin 9.57->0.50 t=4.0s
[DONE] calibration__3213__deblur__restore__simba__l1 calls=1023 margin 9.57->10.03 t=4.3s
[DONE] calibration__3213__deblur__confidence_boost__simba__l1 calls=1023 margin 9.57->12.97 t=4.2s
[DONE] calibration__3213__deblur__boundary_probe__simba__l1 calls=1023 margin 9.57->1.03 t=4.3s
[DONE] calibration__3213__deblur__counterfactual__simba__l1 calls=1023 margin 9.57->-0.03 t=4.0s
[DONE] calibration__7699__denoise__attack__simba__l0.5 calls=1023 margin 2.58->-6.82 t=3.9s
[DONE] calibration__7699__denoise__restore__simba__l0.5 calls=1023 margin 2.58->2.09 t=4.4s
[DONE] calibration__7699__denoise__confidence_boost__simba__l0.5 calls=1023 margin 2.58->9.62 t=3.9s
[DONE] calibration__7699__denoise__boundary_probe__simba__l0.5 calls=1023 margin 2.58->0.00 t=4.2s
[DONE] calibration__7699__denoise__counterfactual__simba__l0.5 calls=1023 margin 2.58->-6.96 t=4.0s
[DONE] calibration__7699__deblur__attack__simba__l1 calls=1023 margin 5.17->-10.54 t=4.0s
[DONE] calibration__7699__deblur__restore__simba__l1 calls=1023 margin 5.17->4.37 t=4.3s
[DONE] calibration__7699__deblur__confidence_boost__simba__l1 calls=1023 margin 5.17->12.41 t=4.0s
[DONE] calibration__7699__deblur__boundary_probe__simba__l1 calls=1023 margin 5.17->0.00 t=4.3s
[DONE] calibration__7699__deblur__counterfactual__simba__l1 calls=1023 margin 5.17->-8.17 t=4.0s
[DONE] evaluation__3568__denoise__attack__simba__l0.5 calls=1023 margin 4.96->-5.62 t=4.0s
[DONE] evaluation__3568__denoise__restore__simba__l0.5 calls=1023 margin 4.96->5.27 t=4.4s
[DONE] evaluation__3568__denoise__confidence_boost__simba__l0.5 calls=1023 margin 4.96->11.27 t=4.1s
[DONE] evaluation__3568__denoise__boundary_probe__simba__l0.5 calls=1023 margin 4.96->0.00 t=4.2s
[DONE] evaluation__3568__denoise__counterfactual__simba__l0.5 calls=1023 margin 4.96->-5.19 t=4.0s
[DONE] evaluation__3568__deblur__attack__simba__l1 calls=1023 margin 7.51->-7.16 t=4.0s
[DONE] evaluation__3568__deblur__restore__simba__l1 calls=1023 margin 7.51->5.49 t=4.3s
[DONE] evaluation__3568__deblur__confidence_boost__simba__l1 calls=1023 margin 7.51->13.61 t=4.0s
[DONE] evaluation__3568__deblur__boundary_probe__simba__l1 calls=1023 margin 7.51->0.00 t=4.2s
[DONE] evaluation__3568__deblur__counterfactual__simba__l1 calls=1023 margin 7.51->-4.22 t=4.0s
[DONE] evaluation__6494__denoise__attack__simba__l0.5 calls=1023 margin 1.01->-6.68 t=4.0s
[DONE] evaluation__6494__denoise__restore__simba__l0.5 calls=1023 margin 1.01->0.99 t=4.4s
[DONE] evaluation__6494__denoise__confidence_boost__simba__l0.5 calls=1023 margin 1.01->7.31 t=4.0s
[DONE] evaluation__6494__denoise__boundary_probe__simba__l0.5 calls=1023 margin 1.01->0.00 t=4.2s
[DONE] evaluation__6494__denoise__counterfactual__simba__l0.5 calls=1023 margin 1.01->-4.14 t=4.1s
[DONE] evaluation__6494__deblur__attack__simba__l1 calls=1023 margin 4.33->-6.20 t=4.1s
[DONE] evaluation__6494__deblur__restore__simba__l1 calls=1023 margin 4.33->4.92 t=4.3s
[DONE] evaluation__6494__deblur__confidence_boost__simba__l1 calls=1023 margin 4.33->12.41 t=4.1s
[DONE] evaluation__6494__deblur__boundary_probe__simba__l1 calls=1023 margin 4.33->0.00 t=4.2s
[DONE] evaluation__6494__deblur__counterfactual__simba__l1 calls=1023 margin 4.33->-4.48 t=4.1s
[DONE] evaluation__9045__denoise__attack__simba__l0.5 calls=1023 margin 8.08->1.34 t=4.1s
[DONE] evaluation__9045__denoise__restore__simba__l0.5 calls=1023 margin 8.08->8.39 t=4.3s
[DONE] evaluation__9045__denoise__confidence_boost__simba__l0.5 calls=1023 margin 8.08->12.55 t=4.0s
[DONE] evaluation__9045__denoise__boundary_probe__simba__l0.5 calls=1023 margin 8.08->1.71 t=4.1s
[DONE] evaluation__9045__denoise__counterfactual__simba__l0.5 calls=1023 margin 8.08->1.28 t=4.0s
[DONE] evaluation__9045__deblur__attack__simba__l1 calls=1023 margin 11.83->8.47 t=4.1s
[DONE] evaluation__9045__deblur__restore__simba__l1 calls=1023 margin 11.83->11.91 t=4.4s
[DONE] evaluation__9045__deblur__confidence_boost__simba__l1 calls=1023 margin 11.83->13.19 t=4.0s
[DONE] evaluation__9045__deblur__boundary_probe__simba__l1 calls=1023 margin 11.83->8.93 t=4.2s
[DONE] evaluation__9045__deblur__counterfactual__simba__l1 calls=1023 margin 11.83->8.48 t=4.0s
[DONE] evaluation__122__denoise__attack__simba__l0.5 calls=1023 margin 3.74->-3.23 t=4.0s
[DONE] evaluation__122__denoise__restore__simba__l0.5 calls=1023 margin 3.74->3.53 t=4.3s
[DONE] evaluation__122__denoise__confidence_boost__simba__l0.5 calls=1023 margin 3.74->10.29 t=4.0s
[DONE] evaluation__122__denoise__boundary_probe__simba__l0.5 calls=1023 margin 3.74->0.00 t=4.3s
[DONE] evaluation__122__denoise__counterfactual__simba__l0.5 calls=1023 margin 3.74->-4.26 t=3.9s
[DONE] evaluation__122__deblur__attack__simba__l1 calls=1023 margin 6.59->-5.11 t=4.0s
[DONE] evaluation__122__deblur__restore__simba__l1 calls=1023 margin 6.59->6.35 t=4.2s
[DONE] evaluation__122__deblur__confidence_boost__simba__l1 calls=1023 margin 6.59->12.63 t=3.9s
[DONE] evaluation__122__deblur__boundary_probe__simba__l1 calls=1023 margin 6.59->0.00 t=4.4s
[DONE] evaluation__122__deblur__counterfactual__simba__l1 calls=1023 margin 6.59->-5.63 t=4.0s
[DONE] evaluation__3020__denoise__attack__simba__l0.5 calls=1023 margin 3.40->-6.31 t=4.0s
[DONE] evaluation__3020__denoise__restore__simba__l0.5 calls=1023 margin 3.40->2.77 t=4.4s
[DONE] evaluation__3020__denoise__confidence_boost__simba__l0.5 calls=1023 margin 3.40->9.35 t=4.0s
[DONE] evaluation__3020__denoise__boundary_probe__simba__l0.5 calls=1023 margin 3.40->0.00 t=4.4s
[DONE] evaluation__3020__denoise__counterfactual__simba__l0.5 calls=1023 margin 3.40->-4.31 t=4.1s
[DONE] evaluation__3020__deblur__attack__simba__l1 calls=1023 margin 8.54->-7.04 t=4.0s
[DONE] evaluation__3020__deblur__restore__simba__l1 calls=1023 margin 8.54->8.19 t=4.3s
[DONE] evaluation__3020__deblur__confidence_boost__simba__l1 calls=1023 margin 8.54->12.85 t=4.0s
[DONE] evaluation__3020__deblur__boundary_probe__simba__l1 calls=1023 margin 8.54->0.00 t=4.3s
[DONE] evaluation__3020__deblur__counterfactual__simba__l1 calls=1023 margin 8.54->-7.09 t=4.2s
[DONE] evaluation__7450__denoise__attack__simba__l0.5 calls=1023 margin 2.17->-6.84 t=4.1s
[DONE] evaluation__7450__denoise__restore__simba__l0.5 calls=1023 margin 2.17->2.36 t=4.5s
[DONE] evaluation__7450__denoise__confidence_boost__simba__l0.5 calls=1023 margin 2.17->8.98 t=4.1s
[DONE] evaluation__7450__denoise__boundary_probe__simba__l0.5 calls=1023 margin 2.17->0.00 t=4.3s
[DONE] evaluation__7450__denoise__counterfactual__simba__l0.5 calls=1023 margin 2.17->-5.17 t=4.0s
[DONE] evaluation__7450__deblur__attack__simba__l1 calls=1023 margin 8.89->1.71 t=4.1s
[DONE] evaluation__7450__deblur__restore__simba__l1 calls=1023 margin 8.89->8.76 t=4.3s
[DONE] evaluation__7450__deblur__confidence_boost__simba__l1 calls=1023 margin 8.89->11.57 t=4.1s
[DONE] evaluation__7450__deblur__boundary_probe__simba__l1 calls=1023 margin 8.89->1.51 t=4.3s
[DONE] evaluation__7450__deblur__counterfactual__simba__l1 calls=1023 margin 8.89->0.95 t=3.9s
[DONE] evaluation__988__denoise__attack__simba__l0.5 calls=1023 margin 6.67->-1.02 t=4.0s
[DONE] evaluation__988__denoise__restore__simba__l0.5 calls=1023 margin 6.67->6.94 t=4.4s
[DONE] evaluation__988__denoise__confidence_boost__simba__l0.5 calls=1023 margin 6.67->11.03 t=4.0s
[DONE] evaluation__988__denoise__boundary_probe__simba__l0.5 calls=1023 margin 6.67->0.00 t=4.2s
[DONE] evaluation__988__denoise__counterfactual__simba__l0.5 calls=1023 margin 6.67->-1.91 t=4.0s
[DONE] evaluation__988__deblur__attack__simba__l1 calls=1023 margin 3.81->-6.10 t=4.1s
[DONE] evaluation__988__deblur__restore__simba__l1 calls=1023 margin 3.81->4.60 t=4.3s
[DONE] evaluation__988__deblur__confidence_boost__simba__l1 calls=1023 margin 3.81->12.69 t=4.2s
[DONE] evaluation__988__deblur__boundary_probe__simba__l1 calls=1023 margin 3.81->0.00 t=4.4s
[DONE] evaluation__988__deblur__counterfactual__simba__l1 calls=1023 margin 3.81->-7.62 t=4.0s
[DONE] evaluation__3313__denoise__attack__simba__l0.5 calls=1023 margin 10.67->-2.75 t=4.1s
[DONE] evaluation__3313__denoise__restore__simba__l0.5 calls=1023 margin 10.67->10.23 t=4.3s
[DONE] evaluation__3313__denoise__confidence_boost__simba__l0.5 calls=1023 margin 10.67->13.87 t=3.9s
[DONE] evaluation__3313__denoise__boundary_probe__simba__l0.5 calls=1023 margin 10.67->0.00 t=4.3s
[DONE] evaluation__3313__denoise__counterfactual__simba__l0.5 calls=1023 margin 10.67->-1.70 t=4.0s
[DONE] evaluation__3313__deblur__attack__simba__l1 calls=1023 margin 13.40->-4.56 t=4.0s
[DONE] evaluation__3313__deblur__restore__simba__l1 calls=1023 margin 13.40->14.59 t=4.4s
[DONE] evaluation__3313__deblur__confidence_boost__simba__l1 calls=1023 margin 13.40->14.59 t=4.0s
[DONE] evaluation__3313__deblur__boundary_probe__simba__l1 calls=1023 margin 13.40->0.00 t=4.3s
[DONE] evaluation__3313__deblur__counterfactual__simba__l1 calls=1023 margin 13.40->0.15 t=4.0s
[DONE] evaluation__6981__denoise__attack__simba__l0.5 calls=1023 margin 3.19->-7.34 t=4.0s
[DONE] evaluation__6981__denoise__restore__simba__l0.5 calls=1023 margin 3.19->3.43 t=4.4s
[DONE] evaluation__6981__denoise__confidence_boost__simba__l0.5 calls=1023 margin 3.19->10.07 t=4.0s
[DONE] evaluation__6981__denoise__boundary_probe__simba__l0.5 calls=1023 margin 3.19->0.00 t=4.3s
[DONE] evaluation__6981__denoise__counterfactual__simba__l0.5 calls=1023 margin 3.19->-6.42 t=4.0s
[DONE] evaluation__6981__deblur__attack__simba__l1 calls=1023 margin 5.92->-7.88 t=4.1s
[DONE] evaluation__6981__deblur__restore__simba__l1 calls=1023 margin 5.92->6.86 t=4.4s
[DONE] evaluation__6981__deblur__confidence_boost__simba__l1 calls=1023 margin 5.92->13.96 t=4.0s
[DONE] evaluation__6981__deblur__boundary_probe__simba__l1 calls=1023 margin 5.92->0.00 t=4.3s
[DONE] evaluation__6981__deblur__counterfactual__simba__l1 calls=1023 margin 5.92->-8.25 t=4.0s
[DONE] evaluation__9267__denoise__attack__simba__l0.5 calls=1023 margin 2.45->-3.28 t=3.9s
[DONE] evaluation__9267__denoise__restore__simba__l0.5 calls=1023 margin 2.45->2.60 t=4.3s
[DONE] evaluation__9267__denoise__confidence_boost__simba__l0.5 calls=1023 margin 2.45->9.42 t=4.0s
[DONE] evaluation__9267__denoise__boundary_probe__simba__l0.5 calls=1023 margin 2.45->0.00 t=4.2s
[DONE] evaluation__9267__denoise__counterfactual__simba__l0.5 calls=1023 margin 2.45->-3.79 t=3.9s
[DONE] evaluation__9267__deblur__attack__simba__l1 calls=1023 margin 5.73->-8.85 t=4.0s
[DONE] evaluation__9267__deblur__restore__simba__l1 calls=1023 margin 5.73->5.11 t=4.4s
[DONE] evaluation__9267__deblur__confidence_boost__simba__l1 calls=1023 margin 5.73->12.71 t=3.9s
[DONE] evaluation__9267__deblur__boundary_probe__simba__l1 calls=1023 margin 5.73->0.00 t=4.2s
[DONE] evaluation__9267__deblur__counterfactual__simba__l1 calls=1023 margin 5.73->-8.79 t=4.0s
[DONE] evaluation__3023__denoise__attack__simba__l0.5 calls=1023 margin 0.86->-7.10 t=4.1s
[DONE] evaluation__3023__denoise__restore__simba__l0.5 calls=1023 margin 0.86->0.76 t=4.3s
[DONE] evaluation__3023__denoise__confidence_boost__simba__l0.5 calls=1023 margin 0.86->9.81 t=4.1s
[DONE] evaluation__3023__denoise__boundary_probe__simba__l0.5 calls=1023 margin 0.86->0.00 t=4.3s
[DONE] evaluation__3023__denoise__counterfactual__simba__l0.5 calls=1023 margin 0.86->-7.18 t=4.0s
[DONE] evaluation__3023__deblur__attack__simba__l1 calls=1023 margin 10.84->-5.47 t=4.0s
[DONE] evaluation__3023__deblur__restore__simba__l1 calls=1023 margin 10.84->10.59 t=4.3s
[DONE] evaluation__3023__deblur__confidence_boost__simba__l1 calls=1023 margin 10.84->12.75 t=4.1s
[DONE] evaluation__3023__deblur__boundary_probe__simba__l1 calls=1023 margin 10.84->0.00 t=4.4s
[DONE] evaluation__3023__deblur__counterfactual__simba__l1 calls=1023 margin 10.84->-5.51 t=4.0s
[DONE] evaluation__5732__denoise__attack__simba__l0.5 calls=1023 margin 4.26->-4.27 t=4.1s
[DONE] evaluation__5732__denoise__restore__simba__l0.5 calls=1023 margin 4.26->4.87 t=4.3s
[DONE] evaluation__5732__denoise__confidence_boost__simba__l0.5 calls=1023 margin 4.26->10.17 t=4.0s
[DONE] evaluation__5732__denoise__boundary_probe__simba__l0.5 calls=1023 margin 4.26->0.00 t=4.2s
[DONE] evaluation__5732__denoise__counterfactual__simba__l0.5 calls=1023 margin 4.26->-5.31 t=3.9s
[DONE] evaluation__5732__deblur__attack__simba__l1 calls=1023 margin 6.00->-9.51 t=4.0s
[DONE] evaluation__5732__deblur__restore__simba__l1 calls=1023 margin 6.00->5.91 t=4.4s
[DONE] evaluation__5732__deblur__confidence_boost__simba__l1 calls=1023 margin 6.00->12.44 t=4.0s
[DONE] evaluation__5732__deblur__boundary_probe__simba__l1 calls=1023 margin 6.00->0.00 t=4.3s
[DONE] evaluation__5732__deblur__counterfactual__simba__l1 calls=1023 margin 6.00->-4.46 t=4.0s
[DONE] evaluation__7518__denoise__attack__simba__l0.5 calls=1023 margin 4.91->-5.18 t=3.9s
[DONE] evaluation__7518__denoise__restore__simba__l0.5 calls=1023 margin 4.91->4.75 t=4.2s
[DONE] evaluation__7518__denoise__confidence_boost__simba__l0.5 calls=1023 margin 4.91->10.48 t=3.9s
[DONE] evaluation__7518__denoise__boundary_probe__simba__l0.5 calls=1023 margin 4.91->0.00 t=4.4s
[DONE] evaluation__7518__denoise__counterfactual__simba__l0.5 calls=1023 margin 4.91->-6.18 t=4.0s
[DONE] evaluation__7518__deblur__attack__simba__l1 calls=1023 margin 8.29->-8.37 t=4.0s
[DONE] evaluation__7518__deblur__restore__simba__l1 calls=1023 margin 8.29->8.47 t=4.4s
[DONE] evaluation__7518__deblur__confidence_boost__simba__l1 calls=1023 margin 8.29->13.42 t=4.0s
[DONE] evaluation__7518__deblur__boundary_probe__simba__l1 calls=1023 margin 8.29->0.00 t=4.4s
[DONE] evaluation__7518__deblur__counterfactual__simba__l1 calls=1023 margin 8.29->-0.31 t=4.0s
[DONE] evaluation__1533__denoise__attack__simba__l0.5 calls=1023 margin 3.87->-4.91 t=4.1s
[DONE] evaluation__1533__denoise__restore__simba__l0.5 calls=1023 margin 3.87->3.80 t=4.3s
[DONE] evaluation__1533__denoise__confidence_boost__simba__l0.5 calls=1023 margin 3.87->11.13 t=4.1s
[DONE] evaluation__1533__denoise__boundary_probe__simba__l0.5 calls=1023 margin 3.87->0.00 t=4.3s
[DONE] evaluation__1533__denoise__counterfactual__simba__l0.5 calls=1023 margin 3.87->-3.65 t=4.1s
[DONE] evaluation__1533__deblur__attack__simba__l1 calls=1023 margin 6.26->-9.07 t=4.0s
[DONE] evaluation__1533__deblur__restore__simba__l1 calls=1023 margin 6.26->5.29 t=4.4s
[DONE] evaluation__1533__deblur__confidence_boost__simba__l1 calls=1023 margin 6.26->13.78 t=4.0s
[DONE] evaluation__1533__deblur__boundary_probe__simba__l1 calls=1023 margin 6.26->0.00 t=4.3s
[DONE] evaluation__1533__deblur__counterfactual__simba__l1 calls=1023 margin 6.26->-7.91 t=4.1s
[DONE] evaluation__4042__denoise__attack__simba__l0.5 calls=1023 margin 0.97->-5.35 t=4.0s
[DONE] evaluation__4042__denoise__restore__simba__l0.5 calls=1023 margin 0.97->1.40 t=4.4s
[DONE] evaluation__4042__denoise__confidence_boost__simba__l0.5 calls=1023 margin 0.97->7.38 t=4.0s
[DONE] evaluation__4042__denoise__boundary_probe__simba__l0.5 calls=1023 margin 0.97->0.00 t=4.3s
[DONE] evaluation__4042__denoise__counterfactual__simba__l0.5 calls=1023 margin 0.97->-5.51 t=4.0s
[DONE] evaluation__4042__deblur__attack__simba__l1 calls=1023 margin 4.28->-2.01 t=4.0s
[DONE] evaluation__4042__deblur__restore__simba__l1 calls=1023 margin 4.28->4.42 t=4.4s
[DONE] evaluation__4042__deblur__confidence_boost__simba__l1 calls=1023 margin 4.28->11.13 t=3.9s
[DONE] evaluation__4042__deblur__boundary_probe__simba__l1 calls=1023 margin 4.28->0.00 t=4.3s
[DONE] evaluation__4042__deblur__counterfactual__simba__l1 calls=1023 margin 4.28->-2.64 t=3.9s
[DONE] evaluation__7916__denoise__attack__simba__l0.5 calls=1023 margin 5.12->-0.78 t=3.9s
[DONE] evaluation__7916__denoise__restore__simba__l0.5 calls=1023 margin 5.12->5.13 t=4.4s
[DONE] evaluation__7916__denoise__confidence_boost__simba__l0.5 calls=1023 margin 5.12->10.16 t=3.9s
[DONE] evaluation__7916__denoise__boundary_probe__simba__l0.5 calls=1023 margin 5.12->0.00 t=4.3s
[DONE] evaluation__7916__denoise__counterfactual__simba__l0.5 calls=1023 margin 5.12->-0.88 t=4.0s
[DONE] evaluation__7916__deblur__attack__simba__l1 calls=1023 margin 2.65->-2.97 t=4.0s
[DONE] evaluation__7916__deblur__restore__simba__l1 calls=1023 margin 2.65->2.61 t=4.4s
[DONE] evaluation__7916__deblur__confidence_boost__simba__l1 calls=1023 margin 2.65->12.08 t=4.0s
[DONE] evaluation__7916__deblur__boundary_probe__simba__l1 calls=1023 margin 2.65->0.00 t=4.3s
[DONE] evaluation__7916__deblur__counterfactual__simba__l1 calls=1023 margin 2.65->-2.63 t=4.1s
[DONE] evaluation__1290__denoise__attack__simba__l0.5 calls=1023 margin 5.44->-5.42 t=4.0s
[DONE] evaluation__1290__denoise__restore__simba__l0.5 calls=1023 margin 5.44->5.50 t=4.4s
[DONE] evaluation__1290__denoise__confidence_boost__simba__l0.5 calls=1023 margin 5.44->9.93 t=4.0s
[DONE] evaluation__1290__denoise__boundary_probe__simba__l0.5 calls=1023 margin 5.44->0.00 t=4.3s
[DONE] evaluation__1290__denoise__counterfactual__simba__l0.5 calls=1023 margin 5.44->-4.10 t=4.0s
[DONE] evaluation__1290__deblur__attack__simba__l1 calls=1023 margin 4.37->-4.35 t=3.9s
[DONE] evaluation__1290__deblur__restore__simba__l1 calls=1023 margin 4.37->4.61 t=4.4s
[DONE] evaluation__1290__deblur__confidence_boost__simba__l1 calls=1023 margin 4.37->11.77 t=3.9s
[DONE] evaluation__1290__deblur__boundary_probe__simba__l1 calls=1023 margin 4.37->0.00 t=4.3s
[DONE] evaluation__1290__deblur__counterfactual__simba__l1 calls=1023 margin 4.37->-4.31 t=4.1s
[DONE] evaluation__3613__denoise__attack__simba__l0.5 calls=1023 margin 2.39->-6.39 t=3.9s
[DONE] evaluation__3613__denoise__restore__simba__l0.5 calls=1023 margin 2.39->3.03 t=4.4s
[DONE] evaluation__3613__denoise__confidence_boost__simba__l0.5 calls=1023 margin 2.39->9.33 t=4.0s
[DONE] evaluation__3613__denoise__boundary_probe__simba__l0.5 calls=1023 margin 2.39->0.00 t=4.3s
[DONE] evaluation__3613__denoise__counterfactual__simba__l0.5 calls=1023 margin 2.39->-5.95 t=4.1s
[DONE] evaluation__3613__deblur__attack__simba__l1 calls=1023 margin 7.83->-5.24 t=4.1s
[DONE] evaluation__3613__deblur__restore__simba__l1 calls=1023 margin 7.83->9.05 t=4.5s
[DONE] evaluation__3613__deblur__confidence_boost__simba__l1 calls=1023 margin 7.83->13.30 t=4.1s
[DONE] evaluation__3613__deblur__boundary_probe__simba__l1 calls=1023 margin 7.83->0.00 t=4.3s
[DONE] evaluation__3613__deblur__counterfactual__simba__l1 calls=1023 margin 7.83->-5.29 t=4.0s
[DONE] evaluation__6120__denoise__attack__simba__l0.5 calls=1023 margin 3.87->-5.43 t=4.0s
[DONE] evaluation__6120__denoise__restore__simba__l0.5 calls=1023 margin 3.87->4.20 t=4.3s
[DONE] evaluation__6120__denoise__confidence_boost__simba__l0.5 calls=1023 margin 3.87->8.84 t=4.0s
[DONE] evaluation__6120__denoise__boundary_probe__simba__l0.5 calls=1023 margin 3.87->0.00 t=4.2s
[DONE] evaluation__6120__denoise__counterfactual__simba__l0.5 calls=1023 margin 3.87->-4.10 t=3.9s
[DONE] evaluation__6120__deblur__attack__simba__l1 calls=1023 margin 6.40->-3.89 t=4.0s
[DONE] evaluation__6120__deblur__restore__simba__l1 calls=1023 margin 6.40->6.87 t=4.3s
[DONE] evaluation__6120__deblur__confidence_boost__simba__l1 calls=1023 margin 6.40->12.33 t=4.0s
[DONE] evaluation__6120__deblur__boundary_probe__simba__l1 calls=1023 margin 6.40->0.00 t=4.4s
[DONE] evaluation__6120__deblur__counterfactual__simba__l1 calls=1023 margin 6.40->-3.81 t=4.1s
[DONE] evaluation__9540__denoise__attack__simba__l0.5 calls=1023 margin 4.97->-2.95 t=4.0s
[DONE] evaluation__9540__denoise__restore__simba__l0.5 calls=1023 margin 4.97->4.16 t=4.4s
[DONE] evaluation__9540__denoise__confidence_boost__simba__l0.5 calls=1023 margin 4.97->10.84 t=4.0s
[DONE] evaluation__9540__denoise__boundary_probe__simba__l0.5 calls=1023 margin 4.97->0.00 t=4.2s
[DONE] evaluation__9540__denoise__counterfactual__simba__l0.5 calls=1023 margin 4.97->-3.62 t=4.0s
[DONE] evaluation__9540__deblur__attack__simba__l1 calls=1023 margin 9.42->-4.20 t=4.0s
[DONE] evaluation__9540__deblur__restore__simba__l1 calls=1023 margin 9.42->10.22 t=4.3s
[DONE] evaluation__9540__deblur__confidence_boost__simba__l1 calls=1023 margin 9.42->13.57 t=4.1s
[DONE] evaluation__9540__deblur__boundary_probe__simba__l1 calls=1023 margin 9.42->0.00 t=4.4s
[DONE] evaluation__9540__deblur__counterfactual__simba__l1 calls=1023 margin 9.42->-3.31 t=4.1s
[DONE] evaluation__2105__denoise__attack__simba__l0.5 calls=1023 margin 10.33->-0.17 t=4.1s
[DONE] evaluation__2105__denoise__restore__simba__l0.5 calls=1023 margin 10.33->10.26 t=4.4s
[DONE] evaluation__2105__denoise__confidence_boost__simba__l0.5 calls=1023 margin 10.33->13.21 t=4.0s
[DONE] evaluation__2105__denoise__boundary_probe__simba__l0.5 calls=1023 margin 10.33->1.01 t=4.3s
[DONE] evaluation__2105__denoise__counterfactual__simba__l0.5 calls=1023 margin 10.33->0.65 t=4.1s
[DONE] evaluation__2105__deblur__attack__simba__l1 calls=1023 margin 6.94->-10.86 t=4.0s
[DONE] evaluation__2105__deblur__restore__simba__l1 calls=1023 margin 6.94->8.20 t=4.4s
[DONE] evaluation__2105__deblur__confidence_boost__simba__l1 calls=1023 margin 6.94->13.59 t=4.2s
[DONE] evaluation__2105__deblur__boundary_probe__simba__l1 calls=1023 margin 6.94->0.00 t=4.4s
[DONE] evaluation__2105__deblur__counterfactual__simba__l1 calls=1023 margin 6.94->-8.89 t=4.1s
[DONE] evaluation__4788__denoise__attack__simba__l0.5 calls=1023 margin 8.36->-4.17 t=4.1s
[DONE] evaluation__4788__denoise__restore__simba__l0.5 calls=1023 margin 8.36->7.96 t=4.5s
[DONE] evaluation__4788__denoise__confidence_boost__simba__l0.5 calls=1023 margin 8.36->12.58 t=4.1s
[DONE] evaluation__4788__denoise__boundary_probe__simba__l0.5 calls=1023 margin 8.36->0.00 t=4.3s
[DONE] evaluation__4788__denoise__counterfactual__simba__l0.5 calls=1023 margin 8.36->-4.66 t=3.9s
[DONE] evaluation__4788__deblur__attack__simba__l1 calls=1023 margin 3.76->-7.33 t=3.9s
[DONE] evaluation__4788__deblur__restore__simba__l1 calls=1023 margin 3.76->5.65 t=4.4s
[DONE] evaluation__4788__deblur__confidence_boost__simba__l1 calls=1023 margin 3.76->13.66 t=4.1s
[DONE] evaluation__4788__deblur__boundary_probe__simba__l1 calls=1023 margin 3.76->0.00 t=4.2s
[DONE] evaluation__4788__deblur__counterfactual__simba__l1 calls=1023 margin 3.76->-7.15 t=4.2s
[DONE] evaluation__8113__denoise__attack__simba__l0.5 calls=1023 margin 9.85->1.85 t=4.1s
[DONE] evaluation__8113__denoise__restore__simba__l0.5 calls=1023 margin 9.85->10.04 t=4.4s
[DONE] evaluation__8113__denoise__confidence_boost__simba__l0.5 calls=1023 margin 9.85->12.89 t=4.0s
[DONE] evaluation__8113__denoise__boundary_probe__simba__l0.5 calls=1023 margin 9.85->1.18 t=4.3s
[DONE] evaluation__8113__denoise__counterfactual__simba__l0.5 calls=1023 margin 9.85->1.93 t=3.9s
[DONE] evaluation__8113__deblur__attack__simba__l1 calls=1023 margin 8.94->-2.10 t=4.0s
[DONE] evaluation__8113__deblur__restore__simba__l1 calls=1023 margin 8.94->8.29 t=4.4s
[DONE] evaluation__8113__deblur__confidence_boost__simba__l1 calls=1023 margin 8.94->13.86 t=4.0s
[DONE] evaluation__8113__deblur__boundary_probe__simba__l1 calls=1023 margin 8.94->0.00 t=4.3s
[DONE] evaluation__8113__deblur__counterfactual__simba__l1 calls=1023 margin 8.94->-3.69 t=4.3s
[DONE] evaluation__1966__denoise__attack__simba__l0.5 calls=1023 margin 4.87->-3.22 t=4.1s
[DONE] evaluation__1966__denoise__restore__simba__l0.5 calls=1023 margin 4.87->5.19 t=4.3s
[DONE] evaluation__1966__denoise__confidence_boost__simba__l0.5 calls=1023 margin 4.87->10.53 t=4.1s
[DONE] evaluation__1966__denoise__boundary_probe__simba__l0.5 calls=1023 margin 4.87->0.00 t=4.4s
[DONE] evaluation__1966__denoise__counterfactual__simba__l0.5 calls=1023 margin 4.87->-1.08 t=4.0s
[DONE] evaluation__1966__deblur__attack__simba__l1 calls=1023 margin 9.50->-3.19 t=4.0s
[DONE] evaluation__1966__deblur__restore__simba__l1 calls=1023 margin 9.50->9.34 t=4.3s
[DONE] evaluation__1966__deblur__confidence_boost__simba__l1 calls=1023 margin 9.50->13.20 t=4.0s
[DONE] evaluation__1966__deblur__boundary_probe__simba__l1 calls=1023 margin 9.50->0.00 t=4.3s
[DONE] evaluation__1966__deblur__counterfactual__simba__l1 calls=1023 margin 9.50->-3.33 t=4.1s
[DONE] evaluation__4186__denoise__attack__simba__l0.5 calls=1023 margin 6.91->-7.24 t=4.0s
[DONE] evaluation__4186__denoise__restore__simba__l0.5 calls=1023 margin 6.91->6.96 t=4.2s
[DONE] evaluation__4186__denoise__confidence_boost__simba__l0.5 calls=1023 margin 6.91->13.53 t=4.0s
[DONE] evaluation__4186__denoise__boundary_probe__simba__l0.5 calls=1023 margin 6.91->0.00 t=4.2s
[DONE] evaluation__4186__denoise__counterfactual__simba__l0.5 calls=1023 margin 6.91->-7.90 t=4.1s
[DONE] evaluation__4186__deblur__attack__simba__l1 calls=1023 margin 11.74->2.90 t=4.0s
[DONE] evaluation__4186__deblur__restore__simba__l1 calls=1023 margin 11.74->11.74 t=4.4s
[DONE] evaluation__4186__deblur__confidence_boost__simba__l1 calls=1023 margin 11.74->13.62 t=4.1s
[DONE] evaluation__4186__deblur__boundary_probe__simba__l1 calls=1023 margin 11.74->2.42 t=4.3s
[DONE] evaluation__4186__deblur__counterfactual__simba__l1 calls=1023 margin 11.74->3.36 t=4.0s
[DONE] evaluation__5998__denoise__attack__simba__l0.5 calls=1023 margin 1.13->-8.45 t=3.9s
[DONE] evaluation__5998__denoise__restore__simba__l0.5 calls=1023 margin 1.13->1.33 t=4.3s
[DONE] evaluation__5998__denoise__confidence_boost__simba__l0.5 calls=1023 margin 1.13->7.87 t=4.2s
[DONE] evaluation__5998__denoise__boundary_probe__simba__l0.5 calls=1023 margin 1.13->0.00 t=4.4s
[DONE] evaluation__5998__denoise__counterfactual__simba__l0.5 calls=1023 margin 1.13->-8.51 t=4.1s
[DONE] evaluation__5998__deblur__attack__simba__l1 calls=1023 margin 4.95->-6.68 t=4.1s
[DONE] evaluation__5998__deblur__restore__simba__l1 calls=1023 margin 4.95->4.69 t=4.3s
[DONE] evaluation__5998__deblur__confidence_boost__simba__l1 calls=1023 margin 4.95->11.54 t=3.9s
[DONE] evaluation__5998__deblur__boundary_probe__simba__l1 calls=1023 margin 4.95->0.00 t=4.2s
[DONE] evaluation__5998__deblur__counterfactual__simba__l1 calls=1023 margin 4.95->-5.71 t=4.2s
[DONE] evaluation__582__denoise__attack__simba__l0.5 calls=1023 margin 3.34->-4.21 t=4.0s
[DONE] evaluation__582__denoise__restore__simba__l0.5 calls=1023 margin 3.34->3.96 t=4.3s
[DONE] evaluation__582__denoise__confidence_boost__simba__l0.5 calls=1023 margin 3.34->9.47 t=3.9s
[DONE] evaluation__582__denoise__boundary_probe__simba__l0.5 calls=1023 margin 3.34->0.00 t=4.1s
[DONE] evaluation__582__denoise__counterfactual__simba__l0.5 calls=1023 margin 3.34->-3.70 t=4.1s
[DONE] evaluation__582__deblur__attack__simba__l1 calls=1023 margin 7.01->-5.92 t=4.0s
[DONE] evaluation__582__deblur__restore__simba__l1 calls=1023 margin 7.01->7.68 t=4.3s
[DONE] evaluation__582__deblur__confidence_boost__simba__l1 calls=1023 margin 7.01->12.50 t=4.0s
[DONE] evaluation__582__deblur__boundary_probe__simba__l1 calls=1023 margin 7.01->0.00 t=4.3s
[DONE] evaluation__582__deblur__counterfactual__simba__l1 calls=1023 margin 7.01->-3.81 t=4.1s
[DONE] evaluation__2196__denoise__attack__simba__l0.5 calls=1023 margin 0.27->-8.61 t=4.0s
[DONE] evaluation__2196__denoise__restore__simba__l0.5 calls=1023 margin 0.27->0.08 t=4.4s
[DONE] evaluation__2196__denoise__confidence_boost__simba__l0.5 calls=1023 margin 0.27->8.84 t=4.0s
[DONE] evaluation__2196__denoise__boundary_probe__simba__l0.5 calls=1023 margin 0.27->0.00 t=4.2s
[DONE] evaluation__2196__denoise__counterfactual__simba__l0.5 calls=1023 margin 0.27->-7.65 t=4.0s
[DONE] evaluation__2196__deblur__attack__simba__l1 calls=1023 margin 11.40->-8.45 t=4.1s
[DONE] evaluation__2196__deblur__restore__simba__l1 calls=1023 margin 11.40->12.01 t=4.4s
[DONE] evaluation__2196__deblur__confidence_boost__simba__l1 calls=1023 margin 11.40->14.34 t=4.2s
[DONE] evaluation__2196__deblur__boundary_probe__simba__l1 calls=1023 margin 11.40->0.00 t=4.4s
[DONE] evaluation__2196__deblur__counterfactual__simba__l1 calls=1023 margin 11.40->-8.01 t=4.1s
[DONE] evaluation__4254__denoise__attack__simba__l0.5 calls=1023 margin 8.10->-0.42 t=4.2s
[DONE] evaluation__4254__denoise__restore__simba__l0.5 calls=1023 margin 8.10->8.20 t=4.2s
[DONE] evaluation__4254__denoise__confidence_boost__simba__l0.5 calls=1023 margin 8.10->12.32 t=3.9s
[DONE] evaluation__4254__denoise__boundary_probe__simba__l0.5 calls=1023 margin 8.10->0.00 t=4.3s
[DONE] evaluation__4254__denoise__counterfactual__simba__l0.5 calls=1023 margin 8.10->-1.38 t=4.0s
[DONE] evaluation__4254__deblur__attack__simba__l1 calls=1023 margin 8.65->-4.36 t=3.9s
[DONE] evaluation__4254__deblur__restore__simba__l1 calls=1023 margin 8.65->10.31 t=4.3s
[DONE] evaluation__4254__deblur__confidence_boost__simba__l1 calls=1023 margin 8.65->14.08 t=4.0s
[DONE] evaluation__4254__deblur__boundary_probe__simba__l1 calls=1023 margin 8.65->0.00 t=4.2s
[DONE] evaluation__4254__deblur__counterfactual__simba__l1 calls=1023 margin 8.65->-3.85 t=4.0s
[DONE] evaluation__7580__denoise__attack__simba__l0.5 calls=1023 margin 3.45->-4.68 t=4.1s
[DONE] evaluation__7580__denoise__restore__simba__l0.5 calls=1023 margin 3.45->3.38 t=4.4s
[DONE] evaluation__7580__denoise__confidence_boost__simba__l0.5 calls=1023 margin 3.45->9.58 t=4.1s
[DONE] evaluation__7580__denoise__boundary_probe__simba__l0.5 calls=1023 margin 3.45->0.00 t=4.3s
[DONE] evaluation__7580__denoise__counterfactual__simba__l0.5 calls=1023 margin 3.45->-4.72 t=4.2s
[DONE] evaluation__7580__deblur__attack__simba__l1 calls=1023 margin 9.22->-1.64 t=4.1s
[DONE] evaluation__7580__deblur__restore__simba__l1 calls=1023 margin 9.22->10.95 t=4.4s
[DONE] evaluation__7580__deblur__confidence_boost__simba__l1 calls=1023 margin 9.22->14.28 t=4.1s
[DONE] evaluation__7580__deblur__boundary_probe__simba__l1 calls=1023 margin 9.22->0.24 t=4.3s
[DONE] evaluation__7580__deblur__counterfactual__simba__l1 calls=1023 margin 9.22->0.13 t=4.2s
[DONE] evaluation__3170__denoise__attack__simba__l0.5 calls=1023 margin 6.51->0.95 t=4.0s
[DONE] evaluation__3170__denoise__restore__simba__l0.5 calls=1023 margin 6.51->5.97 t=4.3s
[DONE] evaluation__3170__denoise__confidence_boost__simba__l0.5 calls=1023 margin 6.51->9.72 t=3.9s
[DONE] evaluation__3170__denoise__boundary_probe__simba__l0.5 calls=1023 margin 6.51->0.19 t=4.2s
[DONE] evaluation__3170__denoise__counterfactual__simba__l0.5 calls=1023 margin 6.51->0.15 t=3.9s
[DONE] evaluation__3170__deblur__attack__simba__l1 calls=1023 margin 5.36->-4.84 t=4.0s
[DONE] evaluation__3170__deblur__restore__simba__l1 calls=1023 margin 5.36->6.68 t=4.3s
[DONE] evaluation__3170__deblur__confidence_boost__simba__l1 calls=1023 margin 5.36->10.83 t=3.9s
[DONE] evaluation__3170__deblur__boundary_probe__simba__l1 calls=1023 margin 5.36->0.00 t=4.3s
[DONE] evaluation__3170__deblur__counterfactual__simba__l1 calls=1023 margin 5.36->-3.10 t=4.2s
[DONE] evaluation__6724__denoise__attack__simba__l0.5 calls=1023 margin 3.16->-7.37 t=4.0s
[DONE] evaluation__6724__denoise__restore__simba__l0.5 calls=1023 margin 3.16->2.04 t=4.4s
[DONE] evaluation__6724__denoise__confidence_boost__simba__l0.5 calls=1023 margin 3.16->10.63 t=4.0s
[DONE] evaluation__6724__denoise__boundary_probe__simba__l0.5 calls=1023 margin 3.16->0.00 t=4.2s
[DONE] evaluation__6724__denoise__counterfactual__simba__l0.5 calls=1023 margin 3.16->-6.22 t=4.0s
[DONE] evaluation__6724__deblur__attack__simba__l1 calls=1023 margin 8.31->-1.24 t=4.0s
[DONE] evaluation__6724__deblur__restore__simba__l1 calls=1023 margin 8.31->9.34 t=4.4s
[DONE] evaluation__6724__deblur__confidence_boost__simba__l1 calls=1023 margin 8.31->12.97 t=4.1s
[DONE] evaluation__6724__deblur__boundary_probe__simba__l1 calls=1023 margin 8.31->0.00 t=4.3s
[DONE] evaluation__6724__deblur__counterfactual__simba__l1 calls=1023 margin 8.31->-2.18 t=4.1s
[DONE] evaluation__8995__denoise__attack__simba__l0.5 calls=1023 margin 4.84->-3.24 t=3.8s
[DONE] evaluation__8995__denoise__restore__simba__l0.5 calls=1023 margin 4.84->4.63 t=4.3s
[DONE] evaluation__8995__denoise__confidence_boost__simba__l0.5 calls=1023 margin 4.84->10.01 t=4.1s
[DONE] evaluation__8995__denoise__boundary_probe__simba__l0.5 calls=1023 margin 4.84->0.00 t=4.2s
[DONE] evaluation__8995__denoise__counterfactual__simba__l0.5 calls=1023 margin 4.84->-3.70 t=4.0s
[DONE] evaluation__8995__deblur__attack__simba__l1 calls=1023 margin 7.33->-7.18 t=4.1s
[DONE] evaluation__8995__deblur__restore__simba__l1 calls=1023 margin 7.33->8.23 t=4.3s
[DONE] evaluation__8995__deblur__confidence_boost__simba__l1 calls=1023 margin 7.33->12.88 t=4.1s
[DONE] evaluation__8995__deblur__boundary_probe__simba__l1 calls=1023 margin 7.33->0.00 t=4.2s
[DONE] evaluation__8995__deblur__counterfactual__simba__l1 calls=1023 margin 7.33->-6.13 t=4.0s
[DONE] fit__2130__denoise__attack__simba__l0.5 calls=1023 margin 1.97->-3.49 t=4.0s
[DONE] fit__2130__denoise__restore__simba__l0.5 calls=1023 margin 1.97->2.42 t=4.3s
[DONE] fit__2130__denoise__confidence_boost__simba__l0.5 calls=1023 margin 1.97->6.81 t=3.9s
[DONE] fit__2130__denoise__boundary_probe__simba__l0.5 calls=1023 margin 1.97->0.00 t=4.3s
[DONE] fit__2130__denoise__counterfactual__simba__l0.5 calls=1023 margin 1.97->-3.47 t=4.0s
[DONE] fit__2130__deblur__attack__simba__l1 calls=1023 margin 6.73->-0.04 t=3.9s
[DONE] fit__2130__deblur__restore__simba__l1 calls=1023 margin 6.73->6.16 t=4.2s
[DONE] fit__2130__deblur__confidence_boost__simba__l1 calls=1023 margin 6.73->12.70 t=4.1s
[DONE] fit__2130__deblur__boundary_probe__simba__l1 calls=1023 margin 6.73->0.12 t=4.3s
[DONE] fit__2130__deblur__counterfactual__simba__l1 calls=1023 margin 6.73->0.22 t=4.0s
[DONE] fit__8643__denoise__attack__simba__l0.5 calls=1023 margin 2.59->-7.13 t=4.0s
[DONE] fit__8643__denoise__restore__simba__l0.5 calls=1023 margin 2.59->2.94 t=4.4s
[DONE] fit__8643__denoise__confidence_boost__simba__l0.5 calls=1023 margin 2.59->10.36 t=4.0s
[DONE] fit__8643__denoise__boundary_probe__simba__l0.5 calls=1023 margin 2.59->0.00 t=4.3s
[DONE] fit__8643__denoise__counterfactual__simba__l0.5 calls=1023 margin 2.59->-7.14 t=4.1s
[DONE] fit__8643__deblur__attack__simba__l1 calls=1023 margin 10.82->-5.12 t=4.0s
[DONE] fit__8643__deblur__restore__simba__l1 calls=1023 margin 10.82->9.56 t=4.2s
[DONE] fit__8643__deblur__confidence_boost__simba__l1 calls=1023 margin 10.82->13.34 t=4.3s
[DONE] fit__8643__deblur__boundary_probe__simba__l1 calls=1023 margin 10.82->0.00 t=4.3s
[DONE] fit__8643__deblur__counterfactual__simba__l1 calls=1023 margin 10.82->-5.25 t=4.0s
[DONE] fit__4954__denoise__attack__simba__l0.5 calls=1023 margin 0.45->-9.26 t=3.9s
[DONE] fit__4954__denoise__restore__simba__l0.5 calls=1023 margin 0.45->0.64 t=4.4s
[DONE] fit__4954__denoise__confidence_boost__simba__l0.5 calls=1023 margin 0.45->7.22 t=4.1s
[DONE] fit__4954__denoise__boundary_probe__simba__l0.5 calls=1023 margin 0.45->0.00 t=4.3s
[DONE] fit__4954__denoise__counterfactual__simba__l0.5 calls=1023 margin 0.45->-6.55 t=4.0s
[DONE] fit__4954__deblur__attack__simba__l1 calls=1023 margin 4.60->-9.46 t=4.1s
[DONE] fit__4954__deblur__restore__simba__l1 calls=1023 margin 4.60->2.39 t=4.3s
[DONE] fit__4954__deblur__confidence_boost__simba__l1 calls=1023 margin 4.60->11.16 t=4.2s
[DONE] fit__4954__deblur__boundary_probe__simba__l1 calls=1023 margin 4.60->0.00 t=4.3s
[DONE] fit__4954__deblur__counterfactual__simba__l1 calls=1023 margin 4.60->-9.33 t=4.0s
[DONE] fit__623__denoise__attack__simba__l0.5 calls=1023 margin 3.68->-2.50 t=4.1s
[DONE] fit__623__denoise__restore__simba__l0.5 calls=1023 margin 3.68->3.77 t=4.4s
[DONE] fit__623__denoise__confidence_boost__simba__l0.5 calls=1023 margin 3.68->8.84 t=4.0s
[DONE] fit__623__denoise__boundary_probe__simba__l0.5 calls=1023 margin 3.68->0.00 t=4.3s
[DONE] fit__623__denoise__counterfactual__simba__l0.5 calls=1023 margin 3.68->-2.70 t=4.1s
[DONE] fit__623__deblur__attack__simba__l1 calls=1023 margin 6.68->-1.78 t=4.1s
[DONE] fit__623__deblur__restore__simba__l1 calls=1023 margin 6.68->6.99 t=4.4s
[DONE] fit__623__deblur__confidence_boost__simba__l1 calls=1023 margin 6.68->12.76 t=4.1s
[DONE] fit__623__deblur__boundary_probe__simba__l1 calls=1023 margin 6.68->0.00 t=4.3s
[DONE] fit__623__deblur__counterfactual__simba__l1 calls=1023 margin 6.68->-3.23 t=4.0s
[DONE] fit__7351__denoise__attack__simba__l0.5 calls=1023 margin 1.86->-8.87 t=4.1s
[DONE] fit__7351__denoise__restore__simba__l0.5 calls=1023 margin 1.86->2.03 t=4.2s
[DONE] fit__7351__denoise__confidence_boost__simba__l0.5 calls=1023 margin 1.86->11.05 t=3.9s
[DONE] fit__7351__denoise__boundary_probe__simba__l0.5 calls=1023 margin 1.86->0.00 t=4.2s
[DONE] fit__7351__denoise__counterfactual__simba__l0.5 calls=1023 margin 1.86->-7.47 t=4.1s
[DONE] fit__7351__deblur__attack__simba__l1 calls=1023 margin 1.69->-9.91 t=4.0s
[DONE] fit__7351__deblur__restore__simba__l1 calls=1023 margin 1.69->2.41 t=4.3s
[DONE] fit__7351__deblur__confidence_boost__simba__l1 calls=1023 margin 1.69->13.41 t=4.1s
[DONE] fit__7351__deblur__boundary_probe__simba__l1 calls=1023 margin 1.69->0.00 t=4.2s
[DONE] fit__7351__deblur__counterfactual__simba__l1 calls=1023 margin 1.69->-8.65 t=4.0s
[DONE] fit__2922__denoise__attack__simba__l0.5 calls=1023 margin 4.29->-9.57 t=4.1s
[DONE] fit__2922__denoise__restore__simba__l0.5 calls=1023 margin 4.29->6.95 t=4.3s
[DONE] fit__2922__denoise__confidence_boost__simba__l0.5 calls=1023 margin 4.29->13.10 t=4.0s
[DONE] fit__2922__denoise__boundary_probe__simba__l0.5 calls=1023 margin 4.29->0.00 t=4.3s
[DONE] fit__2922__denoise__counterfactual__simba__l0.5 calls=1023 margin 4.29->-8.21 t=4.0s
[DONE] fit__2922__deblur__attack__simba__l1 calls=1023 margin 10.75->-4.31 t=4.2s
[DONE] fit__2922__deblur__restore__simba__l1 calls=1023 margin 10.75->10.51 t=4.4s
[DONE] fit__2922__deblur__confidence_boost__simba__l1 calls=1023 margin 10.75->14.08 t=4.0s
[DONE] fit__2922__deblur__boundary_probe__simba__l1 calls=1023 margin 10.75->0.00 t=4.3s
[DONE] fit__2922__deblur__counterfactual__simba__l1 calls=1023 margin 10.75->-4.19 t=4.0s
[DONE] fit__9198__denoise__attack__simba__l0.5 calls=1023 margin 1.15->-8.34 t=4.0s
[DONE] fit__9198__denoise__restore__simba__l0.5 calls=1023 margin 1.15->2.67 t=4.4s
[DONE] fit__9198__denoise__confidence_boost__simba__l0.5 calls=1023 margin 1.15->8.97 t=3.9s
[DONE] fit__9198__denoise__boundary_probe__simba__l0.5 calls=1023 margin 1.15->0.00 t=4.2s
[DONE] fit__9198__denoise__counterfactual__simba__l0.5 calls=1023 margin 1.15->-7.44 t=3.9s
[DONE] fit__9198__deblur__attack__simba__l1 calls=1023 margin 4.90->-7.06 t=4.0s
[DONE] fit__9198__deblur__restore__simba__l1 calls=1023 margin 4.90->5.22 t=4.2s
[DONE] fit__9198__deblur__confidence_boost__simba__l1 calls=1023 margin 4.90->13.43 t=3.9s
[DONE] fit__9198__deblur__boundary_probe__simba__l1 calls=1023 margin 4.90->0.00 t=4.3s
[DONE] fit__9198__deblur__counterfactual__simba__l1 calls=1023 margin 4.90->-6.24 t=4.1s
[DONE] fit__1928__denoise__attack__simba__l0.5 calls=1023 margin 8.56->-1.00 t=4.2s
[DONE] fit__1928__denoise__restore__simba__l0.5 calls=1023 margin 8.56->8.67 t=4.2s
[DONE] fit__1928__denoise__confidence_boost__simba__l0.5 calls=1023 margin 8.56->12.37 t=3.9s
[DONE] fit__1928__denoise__boundary_probe__simba__l0.5 calls=1023 margin 8.56->0.00 t=4.2s
[DONE] fit__1928__denoise__counterfactual__simba__l0.5 calls=1023 margin 8.56->-1.67 t=4.1s
[DONE] fit__1928__deblur__attack__simba__l1 calls=1023 margin 5.02->-10.58 t=4.0s
[DONE] fit__1928__deblur__restore__simba__l1 calls=1023 margin 5.02->6.21 t=4.4s
[DONE] fit__1928__deblur__confidence_boost__simba__l1 calls=1023 margin 5.02->13.93 t=4.0s
[DONE] fit__1928__deblur__boundary_probe__simba__l1 calls=1023 margin 5.02->0.00 t=4.3s
[DONE] fit__1928__deblur__counterfactual__simba__l1 calls=1023 margin 5.02->-9.00 t=4.0s
[DONE] fit__1940__denoise__attack__simba__l0.5 calls=1023 margin 1.54->-8.50 t=4.0s
[DONE] fit__1940__denoise__restore__simba__l0.5 calls=1023 margin 1.54->1.89 t=4.2s
[DONE] fit__1940__denoise__confidence_boost__simba__l0.5 calls=1023 margin 1.54->10.02 t=4.0s
[DONE] fit__1940__denoise__boundary_probe__simba__l0.5 calls=1023 margin 1.54->0.00 t=4.2s
[DONE] fit__1940__denoise__counterfactual__simba__l0.5 calls=1023 margin 1.54->-7.41 t=4.0s
[DONE] fit__1940__deblur__attack__simba__l1 calls=1023 margin 3.07->-9.05 t=4.1s
[DONE] fit__1940__deblur__restore__simba__l1 calls=1023 margin 3.07->3.36 t=4.2s
[DONE] fit__1940__deblur__confidence_boost__simba__l1 calls=1023 margin 3.07->12.29 t=4.1s
[DONE] fit__1940__deblur__boundary_probe__simba__l1 calls=1023 margin 3.07->0.00 t=4.1s
[DONE] fit__1940__deblur__counterfactual__simba__l1 calls=1023 margin 3.07->-8.26 t=4.1s
[DONE] fit__6571__denoise__attack__simba__l0.5 calls=1023 margin 3.93->-5.49 t=4.1s
[DONE] fit__6571__denoise__restore__simba__l0.5 calls=1023 margin 3.93->4.04 t=4.3s
[DONE] fit__6571__denoise__confidence_boost__simba__l0.5 calls=1023 margin 3.93->9.35 t=4.1s
[DONE] fit__6571__denoise__boundary_probe__simba__l0.5 calls=1023 margin 3.93->0.00 t=4.3s
[DONE] fit__6571__denoise__counterfactual__simba__l0.5 calls=1023 margin 3.93->-6.65 t=4.1s
[DONE] fit__6571__deblur__attack__simba__l1 calls=1023 margin 8.85->-1.27 t=4.0s
[DONE] fit__6571__deblur__restore__simba__l1 calls=1023 margin 8.85->9.08 t=4.3s
[DONE] fit__6571__deblur__confidence_boost__simba__l1 calls=1023 margin 8.85->12.94 t=4.3s
[DONE] fit__6571__deblur__boundary_probe__simba__l1 calls=1023 margin 8.85->0.07 t=4.3s
[DONE] fit__6571__deblur__counterfactual__simba__l1 calls=1023 margin 8.85->-1.21 t=4.1s
[DONE] fit__1688__denoise__attack__simba__l0.5 calls=1023 margin 13.61->13.25 t=4.0s
[DONE] fit__1688__denoise__restore__simba__l0.5 calls=1023 margin 13.61->14.31 t=4.3s
[DONE] fit__1688__denoise__confidence_boost__simba__l0.5 calls=1023 margin 13.61->13.65 t=4.1s
[DONE] fit__1688__denoise__boundary_probe__simba__l0.5 calls=1023 margin 13.61->7.27 t=4.3s
[DONE] fit__1688__denoise__counterfactual__simba__l0.5 calls=1023 margin 13.61->6.40 t=4.1s
[DONE] fit__1688__deblur__attack__simba__l1 calls=1023 margin 12.06->-2.39 t=4.1s
[DONE] fit__1688__deblur__restore__simba__l1 calls=1023 margin 12.06->12.63 t=4.4s
[DONE] fit__1688__deblur__confidence_boost__simba__l1 calls=1023 margin 12.06->14.53 t=4.2s
[DONE] fit__1688__deblur__boundary_probe__simba__l1 calls=1023 margin 12.06->0.00 t=4.3s
[DONE] fit__1688__deblur__counterfactual__simba__l1 calls=1023 margin 12.06->-4.08 t=4.0s
[DONE] fit__9721__denoise__attack__simba__l0.5 calls=1023 margin 8.35->-6.89 t=4.2s
[DONE] fit__9721__denoise__restore__simba__l0.5 calls=1023 margin 8.35->7.21 t=4.4s
[DONE] fit__9721__denoise__confidence_boost__simba__l0.5 calls=1023 margin 8.35->13.72 t=3.9s
[DONE] fit__9721__denoise__boundary_probe__simba__l0.5 calls=1023 margin 8.35->0.00 t=4.4s
[DONE] fit__9721__denoise__counterfactual__simba__l0.5 calls=1023 margin 8.35->-5.33 t=4.1s
[DONE] fit__9721__deblur__attack__simba__l1 calls=1023 margin 5.25->-9.95 t=4.1s
[DONE] fit__9721__deblur__restore__simba__l1 calls=1023 margin 5.25->5.38 t=4.4s
[DONE] fit__9721__deblur__confidence_boost__simba__l1 calls=1023 margin 5.25->13.70 t=4.1s
[DONE] fit__9721__deblur__boundary_probe__simba__l1 calls=1023 margin 5.25->0.00 t=4.4s
[DONE] fit__9721__deblur__counterfactual__simba__l1 calls=1023 margin 5.25->-7.05 t=4.1s
[DONE] fit__4339__denoise__attack__simba__l0.5 calls=1023 margin 6.44->-5.73 t=4.1s
[DONE] fit__4339__denoise__restore__simba__l0.5 calls=1023 margin 6.44->6.67 t=4.3s
[DONE] fit__4339__denoise__confidence_boost__simba__l0.5 calls=1023 margin 6.44->12.31 t=4.0s
[DONE] fit__4339__denoise__boundary_probe__simba__l0.5 calls=1023 margin 6.44->0.00 t=4.2s
[DONE] fit__4339__denoise__counterfactual__simba__l0.5 calls=1023 margin 6.44->-2.36 t=4.0s
[DONE] fit__4339__deblur__attack__simba__l1 calls=1023 margin 11.01->3.92 t=4.0s
[DONE] fit__4339__deblur__restore__simba__l1 calls=1023 margin 11.01->11.95 t=4.3s
[DONE] fit__4339__deblur__confidence_boost__simba__l1 calls=1023 margin 11.01->13.48 t=4.1s
[DONE] fit__4339__deblur__boundary_probe__simba__l1 calls=1023 margin 11.01->4.11 t=4.3s
[DONE] fit__4339__deblur__counterfactual__simba__l1 calls=1023 margin 11.01->4.76 t=4.0s
[DONE] fit__1279__denoise__attack__simba__l0.5 calls=1023 margin 7.12->0.56 t=4.0s
[DONE] fit__1279__denoise__restore__simba__l0.5 calls=1023 margin 7.12->7.56 t=4.2s
[DONE] fit__1279__denoise__confidence_boost__simba__l0.5 calls=1023 margin 7.12->11.49 t=4.0s
[DONE] fit__1279__denoise__boundary_probe__simba__l0.5 calls=1023 margin 7.12->0.03 t=4.4s
[DONE] fit__1279__denoise__counterfactual__simba__l0.5 calls=1023 margin 7.12->0.41 t=4.0s
[DONE] fit__1279__deblur__attack__simba__l1 calls=1023 margin 5.89->-7.55 t=4.1s
[DONE] fit__1279__deblur__restore__simba__l1 calls=1023 margin 5.89->8.26 t=4.3s
[DONE] fit__1279__deblur__confidence_boost__simba__l1 calls=1023 margin 5.89->14.19 t=4.0s
[DONE] fit__1279__deblur__boundary_probe__simba__l1 calls=1023 margin 5.89->0.00 t=4.3s
[DONE] fit__1279__deblur__counterfactual__simba__l1 calls=1023 margin 5.89->-6.61 t=3.9s
[DONE] fit__4865__denoise__attack__simba__l0.5 calls=1023 margin 3.12->-6.31 t=4.1s
[DONE] fit__4865__denoise__restore__simba__l0.5 calls=1023 margin 3.12->3.32 t=4.4s
[DONE] fit__4865__denoise__confidence_boost__simba__l0.5 calls=1023 margin 3.12->8.17 t=4.1s
[DONE] fit__4865__denoise__boundary_probe__simba__l0.5 calls=1023 margin 3.12->0.00 t=4.2s
[DONE] fit__4865__denoise__counterfactual__simba__l0.5 calls=1023 margin 3.12->-4.60 t=4.0s
[DONE] fit__4865__deblur__attack__simba__l1 calls=1023 margin 0.90->-11.58 t=3.9s
[DONE] fit__4865__deblur__restore__simba__l1 calls=1023 margin 0.90->0.94 t=4.2s
[DONE] fit__4865__deblur__confidence_boost__simba__l1 calls=1023 margin 0.90->10.85 t=4.1s
[DONE] fit__4865__deblur__boundary_probe__simba__l1 calls=1023 margin 0.90->0.00 t=4.1s
[DONE] fit__4865__deblur__counterfactual__simba__l1 calls=1023 margin 0.90->-8.90 t=4.1s
[DONE] fit__2467__denoise__attack__simba__l0.5 calls=1023 margin 2.99->-4.50 t=4.0s
[DONE] fit__2467__denoise__restore__simba__l0.5 calls=1023 margin 2.99->2.79 t=4.4s
[DONE] fit__2467__denoise__confidence_boost__simba__l0.5 calls=1023 margin 2.99->8.91 t=4.1s
[DONE] fit__2467__denoise__boundary_probe__simba__l0.5 calls=1023 margin 2.99->0.00 t=4.3s
[DONE] fit__2467__denoise__counterfactual__simba__l0.5 calls=1023 margin 2.99->-2.52 t=4.1s
[DONE] fit__2467__deblur__attack__simba__l1 calls=1023 margin 10.79->-5.82 t=4.1s
[DONE] fit__2467__deblur__restore__simba__l1 calls=1023 margin 10.79->9.89 t=4.3s
[DONE] fit__2467__deblur__confidence_boost__simba__l1 calls=1023 margin 10.79->13.80 t=4.0s
[DONE] fit__2467__deblur__boundary_probe__simba__l1 calls=1023 margin 10.79->0.00 t=4.2s
[DONE] fit__2467__deblur__counterfactual__simba__l1 calls=1023 margin 10.79->-3.78 t=3.5s
[DONE] fit__7920__denoise__attack__simba__l0.5 calls=1023 margin 2.63->-9.37 t=3.5s
[DONE] fit__7920__denoise__restore__simba__l0.5 calls=1023 margin 2.63->2.53 t=3.5s
[DONE] fit__7920__denoise__confidence_boost__simba__l0.5 calls=1023 margin 2.63->9.10 t=3.3s
[DONE] fit__7920__denoise__boundary_probe__simba__l0.5 calls=1023 margin 2.63->0.00 t=3.6s
[DONE] fit__7920__denoise__counterfactual__simba__l0.5 calls=1023 margin 2.63->-8.44 t=3.3s
[DONE] fit__7920__deblur__attack__simba__l1 calls=1023 margin 5.53->-7.11 t=3.3s
[DONE] fit__7920__deblur__restore__simba__l1 calls=1023 margin 5.53->5.96 t=3.4s
[DONE] fit__7920__deblur__confidence_boost__simba__l1 calls=1023 margin 5.53->11.90 t=3.4s
[DONE] fit__7920__deblur__boundary_probe__simba__l1 calls=1023 margin 5.53->0.00 t=3.6s
[DONE] fit__7920__deblur__counterfactual__simba__l1 calls=1023 margin 5.53->-5.24 t=3.4s
