[DONE] calibration__1819__denoise__attack__simba__l0.5 calls=1023 margin 5.33->-2.34 t=4.3s
[DONE] calibration__1819__denoise__restore__simba__l0.5 calls=1023 margin 5.33->6.01 t=4.5s
[DONE] calibration__1819__denoise__confidence_boost__simba__l0.5 calls=1023 margin 5.33->9.98 t=3.9s
[DONE] calibration__1819__denoise__boundary_probe__simba__l0.5 calls=1023 margin 5.33->0.00 t=4.4s
[DONE] calibration__1819__denoise__counterfactual__simba__l0.5 calls=1023 margin 5.33->-2.35 t=3.9s
[DONE] calibration__1819__deblur__attack__simba__l1 calls=1023 margin 6.72->0.06 t=4.0s
[DONE] calibration__1819__deblur__restore__simba__l1 calls=1023 margin 6.72->7.37 t=4.5s
[DONE] calibration__1819__deblur__confidence_boost__simba__l1 calls=1023 margin 6.72->12.94 t=4.1s
[DONE] calibration__1819__deblur__boundary_probe__simba__l1 calls=1023 margin 6.72->0.00 t=4.4s
[DONE] calibration__1819__deblur__counterfactual__simba__l1 calls=1023 margin 6.72->-0.84 t=4.2s
[DONE] calibration__8769__denoise__attack__simba__l0.5 calls=1023 margin 3.93->-4.85 t=4.0s
[DONE] calibration__8769__denoise__restore__simba__l0.5 calls=1023 margin 3.93->3.83 t=4.5s
[DONE] calibration__8769__denoise__confidence_boost__simba__l0.5 calls=1023 margin 3.93->10.73 t=4.1s
[DONE] calibration__8769__denoise__boundary_probe__simba__l0.5 calls=1023 margin 3.93->0.00 t=4.5s
[DONE] calibration__8769__denoise__counterfactual__simba__l0.5 calls=1023 margin 3.93->-3.88 t=4.1s
[DONE] calibration__8769__deblur__attack__simba__l1 calls=1023 margin 9.08->-11.41 t=4.0s
[DONE] calibration__8769__deblur__restore__simba__l1 calls=1023 margin 9.08->10.15 t=4.5s
[DONE] calibration__8769__deblur__confidence_boost__simba__l1 calls=1023 margin 9.08->13.64 t=4.2s
[DONE] calibration__8769__deblur__boundary_probe__simba__l1 calls=1023 margin 9.08->0.00 t=4.4s
[DONE] calibration__8769__deblur__counterfactual__simba__l1 calls=1023 margin 9.08->-8.68 t=4.1s
[DONE] calibration__3029__denoise__attack__simba__l0.5 calls=1023 margin 5.15->-4.42 t=4.1s
[DONE] calibration__3029__denoise__restore__simba__l0.5 calls=1023 margin 5.15->5.27 t=4.2s
[DONE] calibration__3029__denoise__confidence_boost__simba__l0.5 calls=1023 margin 5.15->12.16 t=4.1s
[DONE] calibration__3029__denoise__boundary_probe__simba__l0.5 calls=1023 margin 5.15->0.00 t=4.4s
[DONE] calibration__3029__denoise__counterfactual__simba__l0.5 calls=1023 margin 5.15->-3.75 t=4.2s
[DONE] calibration__3029__deblur__attack__simba__l1 calls=1023 margin 7.33->-2.72 t=4.0s
[DONE] calibration__3029__deblur__restore__simba__l1 calls=1023 margin 7.33->6.97 t=4.4s
[DONE] calibration__3029__deblur__confidence_boost__simba__l1 calls=1023 margin 7.33->12.24 t=4.0s
[DONE] calibration__3029__deblur__boundary_probe__simba__l1 calls=1023 margin 7.33->0.00 t=4.5s
[DONE] calibration__3029__deblur__counterfactual__simba__l1 calls=1023 margin 7.33->-3.20 t=4.1s
[DONE] calibration__1451__denoise__attack__simba__l0.5 calls=1023 margin 5.48->-3.34 t=4.1s
[DONE] calibration__1451__denoise__restore__simba__l0.5 calls=1023 margin 5.48->5.41 t=4.3s
[DONE] calibration__1451__denoise__confidence_boost__simba__l0.5 calls=1023 margin 5.48->9.95 t=3.9s
[DONE] calibration__1451__denoise__boundary_probe__simba__l0.5 calls=1023 margin 5.48->0.00 t=4.1s
[DONE] calibration__1451__denoise__counterfactual__simba__l0.5 calls=1023 margin 5.48->-2.93 t=4.1s
[DONE] calibration__1451__deblur__attack__simba__l1 calls=1023 margin 6.48->-3.54 t=4.0s
[DONE] calibration__1451__deblur__restore__simba__l1 calls=1023 margin 6.48->6.52 t=4.4s
[DONE] calibration__1451__deblur__confidence_boost__simba__l1 calls=1023 margin 6.48->11.60 t=4.1s
[DONE] calibration__1451__deblur__boundary_probe__simba__l1 calls=1023 margin 6.48->0.00 t=4.2s
[DONE] calibration__1451__deblur__counterfactual__simba__l1 calls=1023 margin 6.48->-3.81 t=3.9s
[DONE] calibration__6679__denoise__attack__simba__l0.5 calls=1023 margin 5.68->-7.22 t=4.2s
[DONE] calibration__6679__denoise__restore__simba__l0.5 calls=1023 margin 5.68->5.21 t=4.5s
[DONE] calibration__6679__denoise__confidence_boost__simba__l0.5 calls=1023 margin 5.68->11.78 t=3.9s
[DONE] calibration__6679__denoise__boundary_probe__simba__l0.5 calls=1023 margin 5.68->0.00 t=4.3s
[DONE] calibration__6679__denoise__counterfactual__simba__l0.5 calls=1023 margin 5.68->-5.34 t=4.2s
[DONE] calibration__6679__deblur__attack__simba__l1 calls=1023 margin 6.84->-9.62 t=3.9s
[DONE] calibration__6679__deblur__restore__simba__l1 calls=1023 margin 6.84->7.14 t=4.4s
[DONE] calibration__6679__deblur__confidence_boost__simba__l1 calls=1023 margin 6.84->13.36 t=4.1s
[DONE] calibration__6679__deblur__boundary_probe__simba__l1 calls=1023 margin 6.84->0.00 t=4.3s
[DONE] calibration__6679__deblur__counterfactual__simba__l1 calls=1023 margin 6.84->-7.90 t=3.9s
[DONE] calibration__4407__denoise__attack__simba__l0.5 calls=1023 margin 0.83->-8.72 t=4.2s
[DONE] calibration__4407__denoise__restore__simba__l0.5 calls=1023 margin 0.83->1.90 t=4.3s
[DONE] calibration__4407__denoise__confidence_boost__simba__l0.5 calls=1023 margin 0.83->8.97 t=4.1s
[DONE] calibration__4407__denoise__boundary_probe__simba__l0.5 calls=1023 margin 0.83->0.00 t=4.3s
[DONE] calibration__4407__denoise__counterfactual__simba__l0.5 calls=1023 margin 0.83->-7.61 t=4.1s
[DONE] calibration__4407__deblur__attack__simba__l1 calls=1023 margin 9.35->-0.18 t=4.0s
[DONE] calibration__4407__deblur__restore__simba__l1 calls=1023 margin 9.35->10.07 t=4.5s
[DONE] calibration__4407__deblur__confidence_boost__simba__l1 calls=1023 margin 9.35->13.42 t=4.0s
[DONE] calibration__4407__deblur__boundary_probe__simba__l1 calls=1023 margin 9.35->0.00 t=4.2s
[DONE] calibration__4407__deblur__counterfactual__simba__l1 calls=1023 margin 9.35->-2.56 t=3.9s
[DONE] calibration__9089__denoise__attack__simba__l0.5 calls=1023 margin 0.04->-9.59 t=4.0s
[DONE] calibration__9089__denoise__restore__simba__l0.5 calls=1023 margin 0.04->1.33 t=4.3s
[DONE] calibration__9089__denoise__confidence_boost__simba__l0.5 calls=1023 margin 0.04->8.99 t=4.0s
[DONE] calibration__9089__denoise__boundary_probe__simba__l0.5 calls=1023 margin 0.04->0.00 t=4.2s
[DONE] calibration__9089__denoise__counterfactual__simba__l0.5 calls=1023 margin 0.04->-7.73 t=4.0s
[DONE] calibration__9089__deblur__attack__simba__l1 calls=1023 margin 11.12->3.15 t=4.1s
[DONE] calibration__9089__deblur__restore__simba__l1 calls=1023 margin 11.12->11.99 t=4.3s
[DONE] calibration__9089__deblur__confidence_boost__simba__l1 calls=1023 margin 11.12->13.94 t=4.0s
[DONE] calibration__9089__deblur__boundary_probe__simba__l1 calls=1023 margin 11.12->3.51 t=4.4s
[DONE] calibration__9089__deblur__counterfactual__simba__l1 calls=1023 margin 11.12->2.95 t=4.0s
[DONE] calibration__4757__denoise__attack__simba__l0.5 calls=1023 margin 10.19->-5.79 t=4.1s
[DONE] calibration__4757__denoise__restore__simba__l0.5 calls=1023 margin 10.19->9.21 t=4.3s
[DONE] calibration__4757__denoise__confidence_boost__simba__l0.5 calls=1023 margin 10.19->13.77 t=4.0s
[DONE] calibration__4757__denoise__boundary_probe__simba__l0.5 calls=1023 margin 10.19->0.00 t=4.3s
[DONE] calibration__4757__denoise__counterfactual__simba__l0.5 calls=1023 margin 10.19->-3.13 t=3.9s
[DONE] calibration__4757__deblur__attack__simba__l1 calls=1023 margin 7.19->-4.10 t=3.8s
[DONE] calibration__4757__deblur__restore__simba__l1 calls=1023 margin 7.19->7.52 t=4.4s
[DONE] calibration__4757__deblur__confidence_boost__simba__l1 calls=1023 margin 7.19->13.52 t=4.1s
[DONE] calibration__4757__deblur__boundary_probe__simba__l1 calls=1023 margin 7.19->0.00 t=4.3s
[DONE] calibration__4757__deblur__counterfactual__simba__l1 calls=1023 margin 7.19->-4.56 t=3.9s
[DONE] calibration__834__denoise__attack__simba__l0.5 calls=1023 margin 5.33->0.05 t=3.9s
[DONE] calibration__834__denoise__restore__simba__l0.5 calls=1023 margin 5.33->5.28 t=4.4s
[DONE] calibration__834__denoise__confidence_boost__simba__l0.5 calls=1023 margin 5.33->8.96 t=4.0s
[DONE] calibration__834__denoise__boundary_probe__simba__l0.5 calls=1023 margin 5.33->0.00 t=4.3s
[DONE] calibration__834__denoise__counterfactual__simba__l0.5 calls=1023 margin 5.33->-1.56 t=4.1s
[DONE] calibration__834__deblur__attack__simba__l1 calls=1023 margin 4.43->-4.41 t=4.1s
[DONE] calibration__834__deblur__restore__simba__l1 calls=1023 margin 4.43->4.59 t=4.4s
[DONE] calibration__834__deblur__confidence_boost__simba__l1 calls=1023 margin 4.43->10.46 t=4.1s
[DONE] calibration__834__deblur__boundary_probe__simba__l1 calls=1023 margin 4.43->0.00 t=4.4s
[DONE] calibration__834__deblur__counterfactual__simba__l1 calls=1023 margin 4.43->-4.10 t=4.0s
[DONE] calibration__8147__denoise__attack__simba__l0.5 calls=1023 margin 4.34->-3.53 t=4.1s
[DONE] calibration__8147__denoise__restore__simba__l0.5 calls=1023 margin 4.34->4.55 t=4.4s
[DONE] calibration__8147__denoise__confidence_boost__simba__l0.5 calls=1023 margin 4.34->9.78 t=4.0s
[DONE] calibration__8147__denoise__boundary_probe__simba__l0.5 calls=1023 margin 4.34->0.00 t=4.3s
[DONE] calibration__8147__denoise__counterfactual__simba__l0.5 calls=1023 margin 4.34->-2.86 t=4.0s
[DONE] calibration__8147__deblur__attack__simba__l1 calls=1023 margin 6.25->-0.21 t=4.1s
[DONE] calibration__8147__deblur__restore__simba__l1 calls=1023 margin 6.25->6.59 t=4.4s
[DONE] calibration__8147__deblur__confidence_boost__simba__l1 calls=1023 margin 6.25->12.84 t=4.0s
[DONE] calibration__8147__deblur__boundary_probe__simba__l1 calls=1023 margin 6.25->0.00 t=4.2s
[DONE] calibration__8147__deblur__counterfactual__simba__l1 calls=1023 margin 6.25->-1.37 t=4.0s
[DONE] calibration__3936__denoise__attack__simba__l0.5 calls=1023 margin 12.77->6.95 t=4.1s
[DONE] calibration__3936__denoise__restore__simba__l0.5 calls=1023 margin 12.77->13.33 t=4.3s
[DONE] calibration__3936__denoise__confidence_boost__simba__l0.5 calls=1023 margin 12.77->13.70 t=4.0s
[DONE] calibration__3936__denoise__boundary_probe__simba__l0.5 calls=1023 margin 12.77->4.90 t=4.3s
[DONE] calibration__3936__denoise__counterfactual__simba__l0.5 calls=1023 margin 12.77->4.90 t=4.0s
[DONE] calibration__3936__deblur__attack__simba__l1 calls=1023 margin 7.42->-9.07 t=4.1s
[DONE] calibration__3936__deblur__restore__simba__l1 calls=1023 margin 7.42->8.26 t=4.3s
[DONE] calibration__3936__deblur__confidence_boost__simba__l1 calls=1023 margin 7.42->14.02 t=4.0s
[DONE] calibration__3936__deblur__boundary_probe__simba__l1 calls=1023 margin 7.42->0.00 t=4.3s
[DONE] calibration__3936__deblur__counterfactual__simba__l1 calls=1023 margin 7.42->-8.07 t=4.1s
[DONE] calibration__9556__denoise__attack__simba__l0.5 calls=1023 margin 8.47->1.46 t=4.1s
[DONE] calibration__9556__denoise__restore__simba__l0.5 calls=1023 margin 8.47->8.36 t=4.4s
[DONE] calibration__9556__denoise__confidence_boost__simba__l0.5 calls=1023 margin 8.47->11.66 t=4.1s
[DONE] calibration__9556__denoise__boundary_probe__simba__l0.5 calls=1023 margin 8.47->0.79 t=4.4s
[DONE] calibration__9556__denoise__counterfactual__simba__l0.5 calls=1023 margin 8.47->2.00 t=3.9s
[DONE] calibration__9556__deblur__attack__simba__l1 calls=1023 margin 6.09->-6.02 t=3.9s
[DONE] calibration__9556__deblur__restore__simba__l1 calls=1023 margin 6.09->7.26 t=4.3s
[DONE] calibration__9556__deblur__confidence_boost__simba__l1 calls=1023 margin 6.09->13.19 t=4.1s
[DONE] calibration__9556__deblur__boundary_probe__simba__l1 calls=1023 margin 6.09->0.00 t=4.4s
[DONE] calibration__9556__deblur__counterfactual__simba__l1 calls=1023 margin 6.09->-6.13 t=4.1s
[DONE] calibration__3330__denoise__attack__simba__l0.5 calls=1023 margin 2.30->-6.53 t=4.1s
[DONE] calibration__3330__denoise__restore__simba__l0.5 calls=1023 margin 2.30->2.48 t=4.4s
[DONE] calibration__3330__denoise__confidence_boost__simba__l0.5 calls=1023 margin 2.30->8.40 t=4.2s
[DONE] calibration__3330__denoise__boundary_probe__simba__l0.5 calls=1023 margin 2.30->0.00 t=4.3s
[DONE] calibration__3330__denoise__counterfactual__simba__l0.5 calls=1023 margin 2.30->-5.94 t=4.1s
[DONE] calibration__3330__deblur__attack__simba__l1 calls=1023 margin 4.86->-7.09 t=4.1s
[DONE] calibration__3330__deblur__restore__simba__l1 calls=1023 margin 4.86->4.55 t=4.4s
[DONE] calibration__3330__deblur__confidence_boost__simba__l1 calls=1023 margin 4.86->12.24 t=4.0s
[DONE] calibration__3330__deblur__boundary_probe__simba__l1 calls=1023 margin 4.86->0.00 t=4.4s
[DONE] calibration__3330__deblur__counterfactual__simba__l1 calls=1023 margin 4.86->-7.16 t=4.0s
[DONE] calibration__880__denoise__attack__simba__l0.5 calls=1023 margin 4.90->-5.32 t=4.0s
[DONE] calibration__880__denoise__restore__simba__l0.5 calls=1023 margin 4.90->5.32 t=4.4s
[DONE] calibration__880__denoise__confidence_boost__simba__l0.5 calls=1023 margin 4.90->10.89 t=3.8s
[DONE] calibration__880__denoise__boundary_probe__simba__l0.5 calls=1023 margin 4.90->0.00 t=4.3s
[DONE] calibration__880__denoise__counterfactual__simba__l0.5 calls=1023 margin 4.90->-5.77 t=3.9s
[DONE] calibration__880__deblur__attack__simba__l1 calls=1023 margin 12.84->2.38 t=4.1s
[DONE] calibration__880__deblur__restore__simba__l1 calls=1023 margin 12.84->13.04 t=4.4s
[DONE] calibration__880__deblur__confidence_boost__simba__l1 calls=1023 margin 12.84->14.30 t=4.0s
[DONE] calibration__880__deblur__boundary_probe__simba__l1 calls=1023 margin 12.84->4.54 t=4.3s
[DONE] calibration__880__deblur__counterfactual__simba__l1 calls=1023 margin 12.84->1.92 t=4.1s
[DONE] calibration__6155__denoise__attack__simba__l0.5 calls=1023 margin 1.30->-7.41 t=4.0s
[DONE] calibration__6155__denoise__restore__simba__l0.5 calls=1023 margin 1.30->2.11 t=4.4s
[DONE] calibration__6155__denoise__confidence_boost__simba__l0.5 calls=1023 margin 1.30->8.92 t=4.1s
[DONE] calibration__6155__denoise__boundary_probe__simba__l0.5 calls=1023 margin 1.30->0.00 t=4.4s
[DONE] calibration__6155__denoise__counterfactual__simba__l0.5 calls=1023 margin 1.30->-6.21 t=4.0s
[DONE] calibration__6155__deblur__attack__simba__l1 calls=1023 margin 7.58->-5.61 t=4.0s
[DONE] calibration__6155__deblur__restore__simba__l1 calls=1023 margin 7.58->7.90 t=4.6s
[DONE] calibration__6155__deblur__confidence_boost__simba__l1 calls=1023 margin 7.58->14.24 t=4.1s
[DONE] calibration__6155__deblur__boundary_probe__simba__l1 calls=1023 margin 7.58->0.00 t=4.3s
[DONE] calibration__6155__deblur__counterfactual__simba__l1 calls=1023 margin 7.58->-6.46 t=4.2s
[DONE] calibration__5400__denoise__attack__simba__l0.5 calls=1023 margin 7.90->0.17 t=4.1s
[DONE] calibration__5400__denoise__restore__simba__l0.5 calls=1023 margin 7.90->8.12 t=4.3s
[DONE] calibration__5400__denoise__confidence_boost__simba__l0.5 calls=1023 margin 7.90->10.66 t=4.1s
[DONE] calibration__5400__denoise__boundary_probe__simba__l0.5 calls=1023 margin 7.90->2.00 t=4.3s
[DONE] calibration__5400__denoise__counterfactual__simba__l0.5 calls=1023 margin 7.90->2.13 t=4.1s
[DONE] calibration__5400__deblur__attack__simba__l1 calls=1023 margin 8.91->-0.93 t=4.0s
[DONE] calibration__5400__deblur__restore__simba__l1 calls=1023 margin 8.91->9.53 t=4.5s
[DONE] calibration__5400__deblur__confidence_boost__simba__l1 calls=1023 margin 8.91->12.60 t=4.2s
[DONE] calibration__5400__deblur__boundary_probe__simba__l1 calls=1023 margin 8.91->0.01 t=4.4s
[DONE] calibration__5400__deblur__counterfactual__simba__l1 calls=1023 margin 8.91->0.54 t=4.0s
[DONE] calibration__9312__denoise__attack__simba__l0.5 calls=1023 margin 4.11->-5.50 t=4.0s
[DONE] calibration__9312__denoise__restore__simba__l0.5 calls=1023 margin 4.11->3.80 t=4.4s
[DONE] calibration__9312__denoise__confidence_boost__simba__l0.5 calls=1023 margin 4.11->10.78 t=4.2s
[DONE] calibration__9312__denoise__boundary_probe__simba__l0.5 calls=1023 margin 4.11->0.00 t=4.3s
[DONE] calibration__9312__denoise__counterfactual__simba__l0.5 calls=1023 margin 4.11->-5.66 t=4.1s
[DONE] calibration__9312__deblur__attack__simba__l1 calls=1023 margin 11.37->-2.67 t=4.1s
[DONE] calibration__9312__deblur__restore__simba__l1 calls=1023 margin 11.37->11.14 t=4.3s
[DONE] calibration__9312__deblur__confidence_boost__simba__l1 calls=1023 margin 11.37->13.38 t=4.2s
[DONE] calibration__9312__deblur__boundary_probe__simba__l1 calls=1023 margin 11.37->0.01 t=4.2s
[DONE] calibration__9312__deblur__counterfactual__simba__l1 calls=1023 margin 11.37->-0.11 t=4.0s
[DONE] evaluation__3782__denoise__attack__simba__l0.5 calls=1023 margin 6.14->-2.95 t=4.1s
[DONE] evaluation__3782__denoise__restore__simba__l0.5 calls=1023 margin 6.14->6.23 t=4.3s
[DONE] evaluation__3782__denoise__confidence_boost__simba__l0.5 calls=1023 margin 6.14->11.43 t=3.9s
[DONE] evaluation__3782__denoise__boundary_probe__simba__l0.5 calls=1023 margin 6.14->0.00 t=4.2s
[DONE] evaluation__3782__denoise__counterfactual__simba__l0.5 calls=1023 margin 6.14->-1.22 t=4.0s
[DONE] evaluation__3782__deblur__attack__simba__l1 calls=1023 margin 6.93->-1.96 t=4.2s
[DONE] evaluation__3782__deblur__restore__simba__l1 calls=1023 margin 6.93->7.49 t=4.3s
[DONE] evaluation__3782__deblur__confidence_boost__simba__l1 calls=1023 margin 6.93->12.11 t=4.1s
[DONE] evaluation__3782__deblur__boundary_probe__simba__l1 calls=1023 margin 6.93->0.00 t=4.3s
[DONE] evaluation__3782__deblur__counterfactual__simba__l1 calls=1023 margin 6.93->-2.13 t=4.1s
[DONE] evaluation__7115__denoise__attack__simba__l0.5 calls=1023 margin 2.25->-4.27 t=4.0s
[DONE] evaluation__7115__denoise__restore__simba__l0.5 calls=1023 margin 2.25->2.44 t=4.4s
[DONE] evaluation__7115__denoise__confidence_boost__simba__l0.5 calls=1023 margin 2.25->8.09 t=4.0s
[DONE] evaluation__7115__denoise__boundary_probe__simba__l0.5 calls=1023 margin 2.25->0.00 t=4.2s
[DONE] evaluation__7115__denoise__counterfactual__simba__l0.5 calls=1023 margin 2.25->-3.91 t=3.9s
[DONE] evaluation__7115__deblur__attack__simba__l1 calls=1023 margin 5.47->-1.93 t=4.1s
[DONE] evaluation__7115__deblur__restore__simba__l1 calls=1023 margin 5.47->7.34 t=4.3s
[DONE] evaluation__7115__deblur__confidence_boost__simba__l1 calls=1023 margin 5.47->12.15 t=4.1s
[DONE] evaluation__7115__deblur__boundary_probe__simba__l1 calls=1023 margin 5.47->0.00 t=4.4s
[DONE] evaluation__7115__deblur__counterfactual__simba__l1 calls=1023 margin 5.47->-2.28 t=4.0s
[DONE] evaluation__9046__denoise__attack__simba__l0.5 calls=1023 margin 2.30->-7.31 t=4.0s
[DONE] evaluation__9046__denoise__restore__simba__l0.5 calls=1023 margin 2.30->2.40 t=4.3s
[DONE] evaluation__9046__denoise__confidence_boost__simba__l0.5 calls=1023 margin 2.30->10.23 t=4.1s
[DONE] evaluation__9046__denoise__boundary_probe__simba__l0.5 calls=1023 margin 2.30->0.00 t=4.3s
[DONE] evaluation__9046__denoise__counterfactual__simba__l0.5 calls=1023 margin 2.30->-7.45 t=4.1s
[DONE] evaluation__9046__deblur__attack__simba__l1 calls=1023 margin 11.21->-0.39 t=4.1s
[DONE] evaluation__9046__deblur__restore__simba__l1 calls=1023 margin 11.21->10.75 t=4.3s
[DONE] evaluation__9046__deblur__confidence_boost__simba__l1 calls=1023 margin 11.21->13.80 t=4.2s
[DONE] evaluation__9046__deblur__boundary_probe__simba__l1 calls=1023 margin 11.21->0.00 t=4.3s
[DONE] evaluation__9046__deblur__counterfactual__simba__l1 calls=1023 margin 11.21->1.31 t=4.0s
[DONE] evaluation__604__denoise__attack__simba__l0.5 calls=1023 margin 6.83->-2.22 t=4.1s
[DONE] evaluation__604__denoise__restore__simba__l0.5 calls=1023 margin 6.83->7.54 t=4.4s
[DONE] evaluation__604__denoise__confidence_boost__simba__l0.5 calls=1023 margin 6.83->11.95 t=4.1s
[DONE] evaluation__604__denoise__boundary_probe__simba__l0.5 calls=1023 margin 6.83->0.00 t=4.3s
[DONE] evaluation__604__denoise__counterfactual__simba__l0.5 calls=1023 margin 6.83->-3.04 t=4.0s
[DONE] evaluation__604__deblur__attack__simba__l1 calls=1023 margin 11.28->7.41 t=4.1s
[DONE] evaluation__604__deblur__restore__simba__l1 calls=1023 margin 11.28->11.09 t=4.4s
[DONE] evaluation__604__deblur__confidence_boost__simba__l1 calls=1023 margin 11.28->13.39 t=4.0s
[DONE] evaluation__604__deblur__boundary_probe__simba__l1 calls=1023 margin 11.28->4.86 t=4.2s
[DONE] evaluation__604__deblur__counterfactual__simba__l1 calls=1023 margin 11.28->3.31 t=4.2s
[DONE] evaluation__5051__denoise__attack__simba__l0.5 calls=1023 margin 2.70->-6.52 t=4.0s
[DONE] evaluation__5051__denoise__restore__simba__l0.5 calls=1023 margin 2.70->2.93 t=4.4s
[DONE] evaluation__5051__denoise__confidence_boost__simba__l0.5 calls=1023 margin 2.70->8.91 t=3.9s
[DONE] evaluation__5051__denoise__boundary_probe__simba__l0.5 calls=1023 margin 2.70->0.00 t=4.2s
[DONE] evaluation__5051__denoise__counterfactual__simba__l0.5 calls=1023 margin 2.70->-5.87 t=4.2s
[DONE] evaluation__5051__deblur__attack__simba__l1 calls=1023 margin 8.45->-10.19 t=4.0s
[DONE] evaluation__5051__deblur__restore__simba__l1 calls=1023 margin 8.45->7.63 t=4.3s
[DONE] evaluation__5051__deblur__confidence_boost__simba__l1 calls=1023 margin 8.45->13.22 t=4.2s
[DONE] evaluation__5051__deblur__boundary_probe__simba__l1 calls=1023 margin 8.45->0.00 t=4.4s
[DONE] evaluation__5051__deblur__counterfactual__simba__l1 calls=1023 margin 8.45->-5.96 t=4.2s
[DONE] evaluation__7535__denoise__attack__simba__l0.5 calls=1023 margin 2.48->-6.55 t=4.1s
[DONE] evaluation__7535__denoise__restore__simba__l0.5 calls=1023 margin 2.48->2.42 t=4.4s
[DONE] evaluation__7535__denoise__confidence_boost__simba__l0.5 calls=1023 margin 2.48->9.58 t=4.0s
[DONE] evaluation__7535__denoise__boundary_probe__simba__l0.5 calls=1023 margin 2.48->0.00 t=4.3s
[DONE] evaluation__7535__denoise__counterfactual__simba__l0.5 calls=1023 margin 2.48->-6.57 t=4.0s
[DONE] evaluation__7535__deblur__attack__simba__l1 calls=1023 margin 10.22->-2.79 t=4.0s
[DONE] evaluation__7535__deblur__restore__simba__l1 calls=1023 margin 10.22->9.92 t=4.3s
[DONE] evaluation__7535__deblur__confidence_boost__simba__l1 calls=1023 margin 10.22->12.85 t=4.1s
[DONE] evaluation__7535__deblur__boundary_probe__simba__l1 calls=1023 margin 10.22->0.00 t=4.3s
[DONE] evaluation__7535__deblur__counterfactual__simba__l1 calls=1023 margin 10.22->-4.30 t=4.0s
[DONE] evaluation__1196__denoise__attack__simba__l0.5 calls=1023 margin 4.55->-6.78 t=4.0s
[DONE] evaluation__1196__denoise__restore__simba__l0.5 calls=1023 margin 4.55->5.47 t=4.2s
[DONE] evaluation__1196__denoise__confidence_boost__simba__l0.5 calls=1023 margin 4.55->11.71 t=4.1s
[DONE] evaluation__1196__denoise__boundary_probe__simba__l0.5 calls=1023 margin 4.55->0.00 t=4.3s
[DONE] evaluation__1196__denoise__counterfactual__simba__l0.5 calls=1023 margin 4.55->-6.50 t=4.1s
[DONE] evaluation__1196__deblur__attack__simba__l1 calls=1023 margin 12.88->-3.21 t=4.2s
[DONE] evaluation__1196__deblur__restore__simba__l1 calls=1023 margin 12.88->11.52 t=4.3s
[DONE] evaluation__1196__deblur__confidence_boost__simba__l1 calls=1023 margin 12.88->14.10 t=4.1s
[DONE] evaluation__1196__deblur__boundary_probe__simba__l1 calls=1023 margin 12.88->0.00 t=4.2s
[DONE] evaluation__1196__deblur__counterfactual__simba__l1 calls=1023 margin 12.88->-1.34 t=4.1s
[DONE] evaluation__3573__denoise__attack__simba__l0.5 calls=1023 margin 8.55->-1.41 t=4.1s
[DONE] evaluation__3573__denoise__restore__simba__l0.5 calls=1023 margin 8.55->8.85 t=4.5s
[DONE] evaluation__3573__denoise__confidence_boost__simba__l0.5 calls=1023 margin 8.55->12.20 t=4.1s
[DONE] evaluation__3573__denoise__boundary_probe__simba__l0.5 calls=1023 margin 8.55->0.00 t=4.3s
[DONE] evaluation__3573__denoise__counterfactual__simba__l0.5 calls=1023 margin 8.55->-1.58 t=4.1s
[DONE] evaluation__3573__deblur__attack__simba__l1 calls=1023 margin 9.61->-10.66 t=4.2s
[DONE] evaluation__3573__deblur__restore__simba__l1 calls=1023 margin 9.61->9.33 t=4.4s
[DONE] evaluation__3573__deblur__confidence_boost__simba__l1 calls=1023 margin 9.61->13.84 t=4.0s
[DONE] evaluation__3573__deblur__boundary_probe__simba__l1 calls=1023 margin 9.61->0.00 t=4.2s
[DONE] evaluation__3573__deblur__counterfactual__simba__l1 calls=1023 margin 9.61->-8.13 t=4.1s
[DONE] evaluation__7206__denoise__attack__simba__l0.5 calls=1023 margin 3.37->-7.02 t=4.2s
[DONE] evaluation__7206__denoise__restore__simba__l0.5 calls=1023 margin 3.37->4.83 t=4.5s
[DONE] evaluation__7206__denoise__confidence_boost__simba__l0.5 calls=1023 margin 3.37->11.64 t=4.0s
[DONE] evaluation__7206__denoise__boundary_probe__simba__l0.5 calls=1023 margin 3.37->0.00 t=4.3s
[DONE] evaluation__7206__denoise__counterfactual__simba__l0.5 calls=1023 margin 3.37->-7.13 t=4.2s
[DONE] evaluation__7206__deblur__attack__simba__l1 calls=1023 margin 5.60->-10.05 t=4.1s
[DONE] evaluation__7206__deblur__restore__simba__l1 calls=1023 margin 5.60->4.74 t=4.3s
[DONE] evaluation__7206__deblur__confidence_boost__simba__l1 calls=1023 margin 5.60->14.19 t=4.0s
[DONE] evaluation__7206__deblur__boundary_probe__simba__l1 calls=1023 margin 5.60->0.00 t=4.2s
[DONE] evaluation__7206__deblur__counterfactual__simba__l1 calls=1023 margin 5.60->-8.47 t=4.0s
[DONE] evaluation__9805__denoise__attack__simba__l0.5 calls=1023 margin 0.76->-5.66 t=4.1s
[DONE] evaluation__9805__denoise__restore__simba__l0.5 calls=1023 margin 0.76->0.93 t=4.2s
[DONE] evaluation__9805__denoise__confidence_boost__simba__l0.5 calls=1023 margin 0.76->7.54 t=3.9s
[DONE] evaluation__9805__denoise__boundary_probe__simba__l0.5 calls=1023 margin 0.76->0.00 t=4.2s
[DONE] evaluation__9805__denoise__counterfactual__simba__l0.5 calls=1023 margin 0.76->-6.31 t=4.0s
[DONE] evaluation__9805__deblur__attack__simba__l1 calls=1023 margin 3.05->-7.31 t=4.2s
[DONE] evaluation__9805__deblur__restore__simba__l1 calls=1023 margin 3.05->3.61 t=4.4s
[DONE] evaluation__9805__deblur__confidence_boost__simba__l1 calls=1023 margin 3.05->7.70 t=4.0s
[DONE] evaluation__9805__deblur__boundary_probe__simba__l1 calls=1023 margin 3.05->0.00 t=4.3s
[DONE] evaluation__9805__deblur__counterfactual__simba__l1 calls=1023 margin 3.05->-6.84 t=4.1s
[DONE] evaluation__3479__denoise__attack__simba__l0.5 calls=1023 margin 1.63->-8.71 t=4.0s
[DONE] evaluation__3479__denoise__restore__simba__l0.5 calls=1023 margin 1.63->1.46 t=4.5s
[DONE] evaluation__3479__denoise__confidence_boost__simba__l0.5 calls=1023 margin 1.63->9.88 t=4.1s
[DONE] evaluation__3479__denoise__boundary_probe__simba__l0.5 calls=1023 margin 1.63->0.00 t=4.3s
[DONE] evaluation__3479__denoise__counterfactual__simba__l0.5 calls=1023 margin 1.63->-8.00 t=4.1s
[DONE] evaluation__3479__deblur__attack__simba__l1 calls=1023 margin 1.72->-9.02 t=4.0s
[DONE] evaluation__3479__deblur__restore__simba__l1 calls=1023 margin 1.72->2.52 t=4.3s
[DONE] evaluation__3479__deblur__confidence_boost__simba__l1 calls=1023 margin 1.72->10.86 t=4.0s
[DONE] evaluation__3479__deblur__boundary_probe__simba__l1 calls=1023 margin 1.72->0.00 t=4.3s
[DONE] evaluation__3479__deblur__counterfactual__simba__l1 calls=1023 margin 1.72->-7.69 t=4.2s
[DONE] evaluation__6079__denoise__attack__simba__l0.5 calls=1023 margin 3.97->-4.70 t=4.0s
[DONE] evaluation__6079__denoise__restore__simba__l0.5 calls=1023 margin 3.97->4.89 t=4.4s
[DONE] evaluation__6079__denoise__confidence_boost__simba__l0.5 calls=1023 margin 3.97->11.29 t=3.9s
[DONE] evaluation__6079__denoise__boundary_probe__simba__l0.5 calls=1023 margin 3.97->0.00 t=4.2s
[DONE] evaluation__6079__denoise__counterfactual__simba__l0.5 calls=1023 margin 3.97->-4.60 t=4.0s
[DONE] evaluation__6079__deblur__attack__simba__l1 calls=1023 margin 5.83->-1.96 t=4.0s
[DONE] evaluation__6079__deblur__restore__simba__l1 calls=1023 margin 5.83->5.70 t=4.3s
[DONE] evaluation__6079__deblur__confidence_boost__simba__l1 calls=1023 margin 5.83->12.27 t=3.9s
[DONE] evaluation__6079__deblur__boundary_probe__simba__l1 calls=1023 margin 5.83->0.00 t=4.3s
[DONE] evaluation__6079__deblur__counterfactual__simba__l1 calls=1023 margin 5.83->-2.16 t=4.2s
[DONE] evaluation__8196__denoise__attack__simba__l0.5 calls=1023 margin 3.23->-6.24 t=4.0s
[DONE] evaluation__8196__denoise__restore__simba__l0.5 calls=1023 margin 3.23->1.43 t=4.4s
[DONE] evaluation__8196__denoise__confidence_boost__simba__l0.5 calls=1023 margin 3.23->9.34 t=3.9s
[DONE] evaluation__8196__denoise__boundary_probe__simba__l0.5 calls=1023 margin 3.23->0.00 t=4.3s
[DONE] evaluation__8196__denoise__counterfactual__simba__l0.5 calls=1023 margin 3.23->-5.91 t=4.3s
[DONE] evaluation__8196__deblur__attack__simba__l1 calls=1023 margin 7.35->-6.81 t=4.0s
[DONE] evaluation__8196__deblur__restore__simba__l1 calls=1023 margin 7.35->7.09 t=4.4s
[DONE] evaluation__8196__deblur__confidence_boost__simba__l1 calls=1023 margin 7.35->11.68 t=4.0s
[DONE] evaluation__8196__deblur__boundary_probe__simba__l1 calls=1023 margin 7.35->0.00 t=4.1s
[DONE] evaluation__8196__deblur__counterfactual__simba__l1 calls=1023 margin 7.35->-1.95 t=4.1s
[DONE] evaluation__3256__denoise__attack__simba__l0.5 calls=1023 margin 7.50->-8.96 t=4.1s
[DONE] evaluation__3256__denoise__restore__simba__l0.5 calls=1023 margin 7.50->7.43 t=4.4s
[DONE] evaluation__3256__denoise__confidence_boost__simba__l0.5 calls=1023 margin 7.50->13.10 t=4.0s
[DONE] evaluation__3256__denoise__boundary_probe__simba__l0.5 calls=1023 margin 7.50->0.00 t=4.3s
[DONE] evaluation__3256__denoise__counterfactual__simba__l0.5 calls=1023 margin 7.50->-7.72 t=4.3s
[DONE] evaluation__3256__deblur__attack__simba__l1 calls=1023 margin 11.06->-4.10 t=4.1s
[DONE] evaluation__3256__deblur__restore__simba__l1 calls=1023 margin 11.06->10.92 t=4.4s
[DONE] evaluation__3256__deblur__confidence_boost__simba__l1 calls=1023 margin 11.06->13.89 t=4.2s
[DONE] evaluation__3256__deblur__boundary_probe__simba__l1 calls=1023 margin 11.06->0.00 t=4.3s
[DONE] evaluation__3256__deblur__counterfactual__simba__l1 calls=1023 margin 11.06->-5.95 t=4.1s
[DONE] evaluation__4047__denoise__attack__simba__l0.5 calls=1023 margin 3.86->-9.34 t=4.0s
[DONE] evaluation__4047__denoise__restore__simba__l0.5 calls=1023 margin 3.86->2.64 t=4.5s
[DONE] evaluation__4047__denoise__confidence_boost__simba__l0.5 calls=1023 margin 3.86->11.40 t=4.0s
[DONE] evaluation__4047__denoise__boundary_probe__simba__l0.5 calls=1023 margin 3.86->0.00 t=4.4s
[DONE] evaluation__4047__denoise__counterfactual__simba__l0.5 calls=1023 margin 3.86->-7.89 t=4.0s
[DONE] evaluation__4047__deblur__attack__simba__l1 calls=1023 margin 5.77->-10.85 t=4.0s
[DONE] evaluation__4047__deblur__restore__simba__l1 calls=1023 margin 5.77->4.78 t=4.4s
[DONE] evaluation__4047__deblur__confidence_boost__simba__l1 calls=1023 margin 5.77->14.18 t=4.0s
[DONE] evaluation__4047__deblur__boundary_probe__simba__l1 calls=1023 margin 5.77->0.00 t=4.2s
[DONE] evaluation__4047__deblur__counterfactual__simba__l1 calls=1023 margin 5.77->-10.02 t=4.0s
[DONE] evaluation__8354__denoise__attack__simba__l0.5 calls=1023 margin 1.72->-7.85 t=4.0s
[DONE] evaluation__8354__denoise__restore__simba__l0.5 calls=1023 margin 1.72->1.38 t=4.3s
[DONE] evaluation__8354__denoise__confidence_boost__simba__l0.5 calls=1023 margin 1.72->9.84 t=4.0s
[DONE] evaluation__8354__denoise__boundary_probe__simba__l0.5 calls=1023 margin 1.72->0.00 t=4.3s
[DONE] evaluation__8354__denoise__counterfactual__simba__l0.5 calls=1023 margin 1.72->-7.12 t=4.0s
[DONE] evaluation__8354__deblur__attack__simba__l1 calls=1023 margin 4.42->-6.01 t=4.0s
[DONE] evaluation__8354__deblur__restore__simba__l1 calls=1023 margin 4.42->4.95 t=4.3s
[DONE] evaluation__8354__deblur__confidence_boost__simba__l1 calls=1023 margin 4.42->12.32 t=4.1s
[DONE] evaluation__8354__deblur__boundary_probe__simba__l1 calls=1023 margin 4.42->0.00 t=4.3s
[DONE] evaluation__8354__deblur__counterfactual__simba__l1 calls=1023 margin 4.42->-7.35 t=4.1s
[DONE] evaluation__1599__denoise__attack__simba__l0.5 calls=1023 margin 1.71->-8.35 t=4.0s
[DONE] evaluation__1599__denoise__restore__simba__l0.5 calls=1023 margin 1.71->2.69 t=4.4s
[DONE] evaluation__1599__denoise__confidence_boost__simba__l0.5 calls=1023 margin 1.71->10.67 t=4.0s
[DONE] evaluation__1599__denoise__boundary_probe__simba__l0.5 calls=1023 margin 1.71->0.00 t=4.3s
[DONE] evaluation__1599__denoise__counterfactual__simba__l0.5 calls=1023 margin 1.71->-7.61 t=4.2s
[DONE] evaluation__1599__deblur__attack__simba__l1 calls=1023 margin 14.85->14.85 t=4.1s
[DONE] evaluation__1599__deblur__restore__simba__l1 calls=1023 margin 14.85->14.20 t=4.3s
[DONE] evaluation__1599__deblur__confidence_boost__simba__l1 calls=1023 margin 14.85->14.96 t=4.1s
[DONE] evaluation__1599__deblur__boundary_probe__simba__l1 calls=1023 margin 14.85->4.54 t=4.4s
[DONE] evaluation__1599__deblur__counterfactual__simba__l1 calls=1023 margin 14.85->5.35 t=4.1s
[DONE] evaluation__4246__denoise__attack__simba__l0.5 calls=1023 margin 3.86->-3.36 t=4.0s
[DONE] evaluation__4246__denoise__restore__simba__l0.5 calls=1023 margin 3.86->3.69 t=4.3s
[DONE] evaluation__4246__denoise__confidence_boost__simba__l0.5 calls=1023 margin 3.86->9.02 t=3.9s
[DONE] evaluation__4246__denoise__boundary_probe__simba__l0.5 calls=1023 margin 3.86->0.00 t=4.2s
[DONE] evaluation__4246__denoise__counterfactual__simba__l0.5 calls=1023 margin 3.86->-3.97 t=4.0s
[DONE] evaluation__4246__deblur__attack__simba__l1 calls=1023 margin 9.50->-0.12 t=4.0s
[DONE] evaluation__4246__deblur__restore__simba__l1 calls=1023 margin 9.50->9.76 t=4.4s
[DONE] evaluation__4246__deblur__confidence_boost__simba__l1 calls=1023 margin 9.50->13.20 t=4.1s
[DONE] evaluation__4246__deblur__boundary_probe__simba__l1 calls=1023 margin 9.50->0.90 t=4.3s
[DONE] evaluation__4246__deblur__counterfactual__simba__l1 calls=1023 margin 9.50->0.71 t=4.1s
[DONE] evaluation__6835__denoise__attack__simba__l0.5 calls=1023 margin 3.30->-9.45 t=4.1s
[DONE] evaluation__6835__denoise__restore__simba__l0.5 calls=1023 margin 3.30->2.25 t=4.4s
[DONE] evaluation__6835__denoise__confidence_boost__simba__l0.5 calls=1023 margin 3.30->9.52 t=4.1s
[DONE] evaluation__6835__denoise__boundary_probe__simba__l0.5 calls=1023 margin 3.30->0.00 t=4.3s
[DONE] evaluation__6835__denoise__counterfactual__simba__l0.5 calls=1023 margin 3.30->-8.25 t=4.1s
[DONE] evaluation__6835__deblur__attack__simba__l1 calls=1023 margin 7.18->-10.07 t=4.0s
[DONE] evaluation__6835__deblur__restore__simba__l1 calls=1023 margin 7.18->7.44 t=4.4s
[DONE] evaluation__6835__deblur__confidence_boost__simba__l1 calls=1023 margin 7.18->13.86 t=4.1s
[DONE] evaluation__6835__deblur__boundary_probe__simba__l1 calls=1023 margin 7.18->0.00 t=4.3s
[DONE] evaluation__6835__deblur__counterfactual__simba__l1 calls=1023 margin 7.18->-8.03 t=4.1s
[DONE] evaluation__9759__denoise__attack__simba__l0.5 calls=1023 margin 3.09->-7.62 t=4.0s
[DONE] evaluation__9759__denoise__restore__simba__l0.5 calls=1023 margin 3.09->3.28 t=4.4s
[DONE] evaluation__9759__denoise__confidence_boost__simba__l0.5 calls=1023 margin 3.09->10.90 t=4.0s
[DONE] evaluation__9759__denoise__boundary_probe__simba__l0.5 calls=1023 margin 3.09->0.00 t=4.1s
[DONE] evaluation__9759__denoise__counterfactual__simba__l0.5 calls=1023 margin 3.09->-8.15 t=4.0s
[DONE] evaluation__9759__deblur__attack__simba__l1 calls=1023 margin 4.91->-9.19 t=4.0s
[DONE] evaluation__9759__deblur__restore__simba__l1 calls=1023 margin 4.91->5.90 t=4.3s
[DONE] evaluation__9759__deblur__confidence_boost__simba__l1 calls=1023 margin 4.91->14.12 t=4.1s
[DONE] evaluation__9759__deblur__boundary_probe__simba__l1 calls=1023 margin 4.91->0.00 t=4.4s
[DONE] evaluation__9759__deblur__counterfactual__simba__l1 calls=1023 margin 4.91->-8.22 t=4.3s
[DONE] evaluation__2488__denoise__attack__simba__l0.5 calls=1023 margin 11.93->-0.68 t=4.0s
[DONE] evaluation__2488__denoise__restore__simba__l0.5 calls=1023 margin 11.93->12.36 t=4.4s
[DONE] evaluation__2488__denoise__confidence_boost__simba__l0.5 calls=1023 margin 11.93->13.45 t=4.0s
[DONE] evaluation__2488__denoise__boundary_probe__simba__l0.5 calls=1023 margin 11.93->0.00 t=4.3s
[DONE] evaluation__2488__denoise__counterfactual__simba__l0.5 calls=1023 margin 11.93->-1.26 t=4.1s
[DONE] evaluation__2488__deblur__attack__simba__l1 calls=1023 margin 10.43->-12.30 t=4.2s
[DONE] evaluation__2488__deblur__restore__simba__l1 calls=1023 margin 10.43->11.13 t=4.5s
[DONE] evaluation__2488__deblur__confidence_boost__simba__l1 calls=1023 margin 10.43->14.45 t=4.1s
[DONE] evaluation__2488__deblur__boundary_probe__simba__l1 calls=1023 margin 10.43->0.00 t=4.3s
[DONE] evaluation__2488__deblur__counterfactual__simba__l1 calls=1023 margin 10.43->-6.27 t=4.1s
[DONE] evaluation__4989__denoise__attack__simba__l0.5 calls=1023 margin 11.41->6.69 t=4.0s
[DONE] evaluation__4989__denoise__restore__simba__l0.5 calls=1023 margin 11.41->12.19 t=4.3s
[DONE] evaluation__4989__denoise__confidence_boost__simba__l0.5 calls=1023 margin 11.41->12.87 t=4.0s
[DONE] evaluation__4989__denoise__boundary_probe__simba__l0.5 calls=1023 margin 11.41->5.89 t=4.3s
[DONE] evaluation__4989__denoise__counterfactual__simba__l0.5 calls=1023 margin 11.41->6.04 t=4.2s
[DONE] evaluation__4989__deblur__attack__simba__l1 calls=1023 margin 11.36->2.14 t=4.0s
[DONE] evaluation__4989__deblur__restore__simba__l1 calls=1023 margin 11.36->11.79 t=4.4s
[DONE] evaluation__4989__deblur__confidence_boost__simba__l1 calls=1023 margin 11.36->13.82 t=4.1s
[DONE] evaluation__4989__deblur__boundary_probe__simba__l1 calls=1023 margin 11.36->3.76 t=4.4s
[DONE] evaluation__4989__deblur__counterfactual__simba__l1 calls=1023 margin 11.36->2.47 t=4.0s
[DONE] evaluation__8184__denoise__attack__simba__l0.5 calls=1023 margin 7.82->-4.81 t=3.9s
[DONE] evaluation__8184__denoise__restore__simba__l0.5 calls=1023 margin 7.82->6.82 t=4.5s
[DONE] evaluation__8184__denoise__confidence_boost__simba__l0.5 calls=1023 margin 7.82->12.57 t=4.1s
[DONE] evaluation__8184__denoise__boundary_probe__simba__l0.5 calls=1023 margin 7.82->0.00 t=4.3s
[DONE] evaluation__8184__denoise__counterfactual__simba__l0.5 calls=1023 margin 7.82->-4.38 t=4.1s
[DONE] evaluation__8184__deblur__attack__simba__l1 calls=1023 margin 1.83->-10.09 t=4.1s
[DONE] evaluation__8184__deblur__restore__simba__l1 calls=1023 margin 1.83->3.49 t=4.4s
[DONE] evaluation__8184__deblur__confidence_boost__simba__l1 calls=1023 margin 1.83->12.61 t=4.2s
[DONE] evaluation__8184__deblur__boundary_probe__simba__l1 calls=1023 margin 1.83->0.00 t=4.3s
[DONE] evaluation__8184__deblur__counterfactual__simba__l1 calls=1023 margin 1.83->-8.20 t=4.1s
[DONE] evaluation__3317__denoise__attack__simba__l0.5 calls=1023 margin 7.78->-2.98 t=4.1s
[DONE] evaluation__3317__denoise__restore__simba__l0.5 calls=1023 margin 7.78->8.41 t=4.5s
[DONE] evaluation__3317__denoise__confidence_boost__simba__l0.5 calls=1023 margin 7.78->12.78 t=4.1s
[DONE] evaluation__3317__denoise__boundary_probe__simba__l0.5 calls=1023 margin 7.78->0.00 t=4.3s
[DONE] evaluation__3317__denoise__counterfactual__simba__l0.5 calls=1023 margin 7.78->-1.26 t=4.0s
[DONE] evaluation__3317__deblur__attack__simba__l1 calls=1023 margin 9.78->-0.70 t=4.1s
[DONE] evaluation__3317__deblur__restore__simba__l1 calls=1023 margin 9.78->9.54 t=4.3s
[DONE] evaluation__3317__deblur__confidence_boost__simba__l1 calls=1023 margin 9.78->13.44 t=4.0s
[DONE] evaluation__3317__deblur__boundary_probe__simba__l1 calls=1023 margin 9.78->0.00 t=4.3s
[DONE] evaluation__3317__deblur__counterfactual__simba__l1 calls=1023 margin 9.78->-2.98 t=4.0s
[DONE] evaluation__5153__denoise__attack__simba__l0.5 calls=1023 margin 6.20->-5.50 t=4.0s
[DONE] evaluation__5153__denoise__restore__simba__l0.5 calls=1023 margin 6.20->6.15 t=4.3s
[DONE] evaluation__5153__denoise__confidence_boost__simba__l0.5 calls=1023 margin 6.20->13.90 t=4.0s
[DONE] evaluation__5153__denoise__boundary_probe__simba__l0.5 calls=1023 margin 6.20->0.00 t=4.3s
[DONE] evaluation__5153__denoise__counterfactual__simba__l0.5 calls=1023 margin 6.20->-4.60 t=3.9s
[DONE] evaluation__5153__deblur__attack__simba__l1 calls=1023 margin 11.45->-4.24 t=4.0s
[DONE] evaluation__5153__deblur__restore__simba__l1 calls=1023 margin 11.45->12.07 t=4.4s
[DONE] evaluation__5153__deblur__confidence_boost__simba__l1 calls=1023 margin 11.45->14.57 t=3.9s
[DONE] evaluation__5153__deblur__boundary_probe__simba__l1 calls=1023 margin 11.45->0.00 t=4.4s
[DONE] evaluation__5153__deblur__counterfactual__simba__l1 calls=1023 margin 11.45->-3.60 t=4.2s
[DONE] evaluation__6234__denoise__attack__simba__l0.5 calls=1023 margin 1.97->-3.62 t=4.2s
[DONE] evaluation__6234__denoise__restore__simba__l0.5 calls=1023 margin 1.97->1.77 t=4.4s
[DONE] evaluation__6234__denoise__confidence_boost__simba__l0.5 calls=1023 margin 1.97->6.70 t=4.1s
[DONE] evaluation__6234__denoise__boundary_probe__simba__l0.5 calls=1023 margin 1.97->0.00 t=4.3s
[DONE] evaluation__6234__denoise__counterfactual__simba__l0.5 calls=1023 margin 1.97->-4.34 t=4.0s
[DONE] evaluation__6234__deblur__attack__simba__l1 calls=1023 margin 5.70->-3.64 t=4.0s
[DONE] evaluation__6234__deblur__restore__simba__l1 calls=1023 margin 5.70->6.55 t=4.3s
[DONE] evaluation__6234__deblur__confidence_boost__simba__l1 calls=1023 margin 5.70->9.66 t=4.1s
[DONE] evaluation__6234__deblur__boundary_probe__simba__l1 calls=1023 margin 5.70->0.00 t=4.3s
[DONE] evaluation__6234__deblur__counterfactual__simba__l1 calls=1023 margin 5.70->-3.81 t=4.3s
[DONE] evaluation__939__denoise__attack__simba__l0.5 calls=1023 margin 2.39->-6.09 t=4.1s
[DONE] evaluation__939__denoise__restore__simba__l0.5 calls=1023 margin 2.39->2.72 t=4.4s
[DONE] evaluation__939__denoise__confidence_boost__simba__l0.5 calls=1023 margin 2.39->8.27 t=4.0s
[DONE] evaluation__939__denoise__boundary_probe__simba__l0.5 calls=1023 margin 2.39->0.00 t=4.2s
[DONE] evaluation__939__denoise__counterfactual__simba__l0.5 calls=1023 margin 2.39->-5.04 t=3.9s
[DONE] evaluation__939__deblur__attack__simba__l1 calls=1023 margin 8.23->-3.21 t=4.2s
[DONE] evaluation__939__deblur__restore__simba__l1 calls=1023 margin 8.23->8.51 t=4.4s
[DONE] evaluation__939__deblur__confidence_boost__simba__l1 calls=1023 margin 8.23->12.67 t=4.1s
[DONE] evaluation__939__deblur__boundary_probe__simba__l1 calls=1023 margin 8.23->0.00 t=4.4s
[DONE] evaluation__939__deblur__counterfactual__simba__l1 calls=1023 margin 8.23->-2.98 t=4.0s
[DONE] evaluation__3138__denoise__attack__simba__l0.5 calls=1023 margin 0.22->-6.76 t=4.0s
[DONE] evaluation__3138__denoise__restore__simba__l0.5 calls=1023 margin 0.22->0.52 t=4.3s
[DONE] evaluation__3138__denoise__confidence_boost__simba__l0.5 calls=1023 margin 0.22->7.28 t=3.9s
[DONE] evaluation__3138__denoise__boundary_probe__simba__l0.5 calls=1023 margin 0.22->0.00 t=4.3s
[DONE] evaluation__3138__denoise__counterfactual__simba__l0.5 calls=1023 margin 0.22->-6.37 t=4.1s
[DONE] evaluation__3138__deblur__attack__simba__l1 calls=1023 margin 7.00->-4.02 t=4.1s
[DONE] evaluation__3138__deblur__restore__simba__l1 calls=1023 margin 7.00->7.42 t=4.4s
[DONE] evaluation__3138__deblur__confidence_boost__simba__l1 calls=1023 margin 7.00->13.09 t=3.9s
[DONE] evaluation__3138__deblur__boundary_probe__simba__l1 calls=1023 margin 7.00->0.00 t=4.2s
[DONE] evaluation__3138__deblur__counterfactual__simba__l1 calls=1023 margin 7.00->-5.41 t=4.1s
[DONE] evaluation__4539__denoise__attack__simba__l0.5 calls=1023 margin 3.94->-4.60 t=3.9s
[DONE] evaluation__4539__denoise__restore__simba__l0.5 calls=1023 margin 3.94->3.29 t=4.3s
[DONE] evaluation__4539__denoise__confidence_boost__simba__l0.5 calls=1023 margin 3.94->10.09 t=4.0s
[DONE] evaluation__4539__denoise__boundary_probe__simba__l0.5 calls=1023 margin 3.94->0.00 t=4.3s
[DONE] evaluation__4539__denoise__counterfactual__simba__l0.5 calls=1023 margin 3.94->-3.04 t=4.0s
[DONE] evaluation__4539__deblur__attack__simba__l1 calls=1023 margin 5.35->-7.11 t=4.0s
[DONE] evaluation__4539__deblur__restore__simba__l1 calls=1023 margin 5.35->5.55 t=4.4s
[DONE] evaluation__4539__deblur__confidence_boost__simba__l1 calls=1023 margin 5.35->13.42 t=4.4s
[DONE] evaluation__4539__deblur__boundary_probe__simba__l1 calls=1023 margin 5.35->0.00 t=4.4s
[DONE] evaluation__4539__deblur__counterfactual__simba__l1 calls=1023 margin 5.35->-5.71 t=4.1s
[DONE] evaluation__9955__denoise__attack__simba__l0.5 calls=1023 margin 4.14->-7.32 t=4.1s
[DONE] evaluation__9955__denoise__restore__simba__l0.5 calls=1023 margin 4.14->3.36 t=4.4s
[DONE] evaluation__9955__denoise__confidence_boost__simba__l0.5 calls=1023 margin 4.14->11.04 t=4.2s
[DONE] evaluation__9955__denoise__boundary_probe__simba__l0.5 calls=1023 margin 4.14->0.00 t=4.3s
[DONE] evaluation__9955__denoise__counterfactual__simba__l0.5 calls=1023 margin 4.14->-6.80 t=4.0s
[DONE] evaluation__9955__deblur__attack__simba__l1 calls=1023 margin 12.11->1.21 t=4.0s
[DONE] evaluation__9955__deblur__restore__simba__l1 calls=1023 margin 12.11->12.16 t=4.3s
[DONE] evaluation__9955__deblur__confidence_boost__simba__l1 calls=1023 margin 12.11->14.83 t=4.1s
[DONE] evaluation__9955__deblur__boundary_probe__simba__l1 calls=1023 margin 12.11->0.37 t=4.4s
[DONE] evaluation__9955__deblur__counterfactual__simba__l1 calls=1023 margin 12.11->-0.69 t=4.2s
[DONE] evaluation__3368__denoise__attack__simba__l0.5 calls=1023 margin 3.09->-4.63 t=3.9s
[DONE] evaluation__3368__denoise__restore__simba__l0.5 calls=1023 margin 3.09->3.53 t=4.3s
[DONE] evaluation__3368__denoise__confidence_boost__simba__l0.5 calls=1023 margin 3.09->9.55 t=3.9s
[DONE] evaluation__3368__denoise__boundary_probe__simba__l0.5 calls=1023 margin 3.09->0.00 t=4.3s
[DONE] evaluation__3368__denoise__counterfactual__simba__l0.5 calls=1023 margin 3.09->-4.40 t=4.1s
[DONE] evaluation__3368__deblur__attack__simba__l1 calls=1023 margin 6.11->-4.46 t=4.0s
[DONE] evaluation__3368__deblur__restore__simba__l1 calls=1023 margin 6.11->6.55 t=4.4s
[DONE] evaluation__3368__deblur__confidence_boost__simba__l1 calls=1023 margin 6.11->12.46 t=4.0s
[DONE] evaluation__3368__deblur__boundary_probe__simba__l1 calls=1023 margin 6.11->0.00 t=4.4s
[DONE] evaluation__3368__deblur__counterfactual__simba__l1 calls=1023 margin 6.11->-3.85 t=4.0s
[DONE] evaluation__6749__denoise__attack__simba__l0.5 calls=1023 margin 9.63->2.52 t=4.0s
[DONE] evaluation__6749__denoise__restore__simba__l0.5 calls=1023 margin 9.63->9.73 t=4.3s
[DONE] evaluation__6749__denoise__confidence_boost__simba__l0.5 calls=1023 margin 9.63->11.93 t=4.1s
[DONE] evaluation__6749__denoise__boundary_probe__simba__l0.5 calls=1023 margin 9.63->0.50 t=4.3s
[DONE] evaluation__6749__denoise__counterfactual__simba__l0.5 calls=1023 margin 9.63->-0.90 t=4.0s
[DONE] evaluation__6749__deblur__attack__simba__l1 calls=1023 margin 11.82->4.16 t=4.0s
[DONE] evaluation__6749__deblur__restore__simba__l1 calls=1023 margin 11.82->11.79 t=4.3s
[DONE] evaluation__6749__deblur__confidence_boost__simba__l1 calls=1023 margin 11.82->13.16 t=4.0s
[DONE] evaluation__6749__deblur__boundary_probe__simba__l1 calls=1023 margin 11.82->3.05 t=4.3s
[DONE] evaluation__6749__deblur__counterfactual__simba__l1 calls=1023 margin 11.82->3.31 t=4.0s
[DONE] evaluation__9060__denoise__attack__simba__l0.5 calls=1023 margin 3.55->-9.06 t=4.0s
[DONE] evaluation__9060__denoise__restore__simba__l0.5 calls=1023 margin 3.55->5.17 t=4.3s
[DONE] evaluation__9060__denoise__confidence_boost__simba__l0.5 calls=1023 margin 3.55->9.79 t=4.1s
[DONE] evaluation__9060__denoise__boundary_probe__simba__l0.5 calls=1023 margin 3.55->0.00 t=4.4s
[DONE] evaluation__9060__denoise__counterfactual__simba__l0.5 calls=1023 margin 3.55->-8.26 t=4.0s
[DONE] evaluation__9060__deblur__attack__simba__l1 calls=1023 margin 7.55->-12.21 t=4.1s
[DONE] evaluation__9060__deblur__restore__simba__l1 calls=1023 margin 7.55->7.82 t=4.3s
[DONE] evaluation__9060__deblur__confidence_boost__simba__l1 calls=1023 margin 7.55->12.79 t=4.0s
[DONE] evaluation__9060__deblur__boundary_probe__simba__l1 calls=1023 margin 7.55->0.00 t=4.3s
[DONE] evaluation__9060__deblur__counterfactual__simba__l1 calls=1023 margin 7.55->-9.01 t=4.1s
[DONE] fit__4040__denoise__attack__simba__l0.5 calls=1023 margin 1.70->-4.35 t=4.1s
[DONE] fit__4040__denoise__restore__simba__l0.5 calls=1023 margin 1.70->1.74 t=4.3s
[DONE] fit__4040__denoise__confidence_boost__simba__l0.5 calls=1023 margin 1.70->7.26 t=4.0s
[DONE] fit__4040__denoise__boundary_probe__simba__l0.5 calls=1023 margin 1.70->0.00 t=4.3s
[DONE] fit__4040__denoise__counterfactual__simba__l0.5 calls=1023 margin 1.70->-4.38 t=4.0s
[DONE] fit__4040__deblur__attack__simba__l1 calls=1023 margin 9.26->-2.48 t=4.1s
[DONE] fit__4040__deblur__restore__simba__l1 calls=1023 margin 9.26->9.59 t=4.4s
[DONE] fit__4040__deblur__confidence_boost__simba__l1 calls=1023 margin 9.26->13.11 t=4.1s
[DONE] fit__4040__deblur__boundary_probe__simba__l1 calls=1023 margin 9.26->3.39 t=4.3s
[DONE] fit__4040__deblur__counterfactual__simba__l1 calls=1023 margin 9.26->2.74 t=4.0s
[DONE] fit__9749__denoise__attack__simba__l0.5 calls=1023 margin 7.42->-1.60 t=4.1s
[DONE] fit__9749__denoise__restore__simba__l0.5 calls=1023 margin 7.42->7.57 t=4.4s
[DONE] fit__9749__denoise__confidence_boost__simba__l0.5 calls=1023 margin 7.42->12.42 t=4.2s
[DONE] fit__9749__denoise__boundary_probe__simba__l0.5 calls=1023 margin 7.42->0.00 t=4.3s
[DONE] fit__9749__denoise__counterfactual__simba__l0.5 calls=1023 margin 7.42->-1.47 t=4.1s
[DONE] fit__9749__deblur__attack__simba__l1 calls=1023 margin 9.88->-4.79 t=4.1s
[DONE] fit__9749__deblur__restore__simba__l1 calls=1023 margin 9.88->9.74 t=4.4s
[DONE] fit__9749__deblur__confidence_boost__simba__l1 calls=1023 margin 9.88->13.82 t=4.0s
[DONE] fit__9749__deblur__boundary_probe__simba__l1 calls=1023 margin 9.88->0.00 t=4.4s
[DONE] fit__9749__deblur__counterfactual__simba__l1 calls=1023 margin 9.88->-4.60 t=4.2s
[DONE] fit__6117__denoise__attack__simba__l0.5 calls=1023 margin 3.25->-5.57 t=4.1s
[DONE] fit__6117__denoise__restore__simba__l0.5 calls=1023 margin 3.25->2.99 t=4.3s
[DONE] fit__6117__denoise__confidence_boost__simba__l0.5 calls=1023 margin 3.25->9.48 t=3.9s
[DONE] fit__6117__denoise__boundary_probe__simba__l0.5 calls=1023 margin 3.25->0.00 t=4.2s
[DONE] fit__6117__denoise__counterfactual__simba__l0.5 calls=1023 margin 3.25->-6.11 t=4.0s
[DONE] fit__6117__deblur__attack__simba__l1 calls=1023 margin 7.15->-6.92 t=4.1s
[DONE] fit__6117__deblur__restore__simba__l1 calls=1023 margin 7.15->7.12 t=4.3s
[DONE] fit__6117__deblur__confidence_boost__simba__l1 calls=1023 margin 7.15->12.83 t=3.9s
[DONE] fit__6117__deblur__boundary_probe__simba__l1 calls=1023 margin 7.15->0.00 t=4.4s
[DONE] fit__6117__deblur__counterfactual__simba__l1 calls=1023 margin 7.15->-6.13 t=3.9s
[DONE] fit__1852__denoise__attack__simba__l0.5 calls=1023 margin 6.66->0.46 t=4.1s
[DONE] fit__1852__denoise__restore__simba__l0.5 calls=1023 margin 6.66->6.68 t=4.3s
[DONE] fit__1852__denoise__confidence_boost__simba__l0.5 calls=1023 margin 6.66->10.95 t=4.0s
[DONE] fit__1852__denoise__boundary_probe__simba__l0.5 calls=1023 margin 6.66->0.00 t=4.3s
[DONE] fit__1852__denoise__counterfactual__simba__l0.5 calls=1023 margin 6.66->-0.17 t=4.2s
[DONE] fit__1852__deblur__attack__simba__l1 calls=1023 margin 7.76->-3.58 t=4.2s
[DONE] fit__1852__deblur__restore__simba__l1 calls=1023 margin 7.76->7.30 t=4.3s
[DONE] fit__1852__deblur__confidence_boost__simba__l1 calls=1023 margin 7.76->13.19 t=4.1s
[DONE] fit__1852__deblur__boundary_probe__simba__l1 calls=1023 margin 7.76->0.00 t=4.3s
[DONE] fit__1852__deblur__counterfactual__simba__l1 calls=1023 margin 7.76->-2.45 t=4.0s
[DONE] fit__8493__denoise__attack__simba__l0.5 calls=1023 margin 4.15->-6.93 t=4.1s
[DONE] fit__8493__denoise__restore__simba__l0.5 calls=1023 margin 4.15->4.29 t=4.4s
[DONE] fit__8493__denoise__confidence_boost__simba__l0.5 calls=1023 margin 4.15->10.61 t=4.0s
[DONE] fit__8493__denoise__boundary_probe__simba__l0.5 calls=1023 margin 4.15->0.00 t=4.4s
[DONE] fit__8493__denoise__counterfactual__simba__l0.5 calls=1023 margin 4.15->-6.32 t=4.1s
[DONE] fit__8493__deblur__attack__simba__l1 calls=1023 margin 1.66->-11.02 t=4.2s
[DONE] fit__8493__deblur__restore__simba__l1 calls=1023 margin 1.66->2.28 t=4.5s
[DONE] fit__8493__deblur__confidence_boost__simba__l1 calls=1023 margin 1.66->13.31 t=4.0s
[DONE] fit__8493__deblur__boundary_probe__simba__l1 calls=1023 margin 1.66->0.00 t=4.3s
[DONE] fit__8493__deblur__counterfactual__simba__l1 calls=1023 margin 1.66->-8.93 t=4.1s
[DONE] fit__2963__denoise__attack__simba__l0.5 calls=1023 margin 5.35->-2.94 t=4.0s
[DONE] fit__2963__denoise__restore__simba__l0.5 calls=1023 margin 5.35->5.25 t=4.3s
[DONE] fit__2963__denoise__confidence_boost__simba__l0.5 calls=1023 margin 5.35->11.42 t=4.0s
[DONE] fit__2963__denoise__boundary_probe__simba__l0.5 calls=1023 margin 5.35->0.00 t=4.3s
[DONE] fit__2963__denoise__counterfactual__simba__l0.5 calls=1023 margin 5.35->-2.15 t=4.0s
[DONE] fit__2963__deblur__attack__simba__l1 calls=1023 margin 7.93->-1.18 t=4.3s
[DONE] fit__2963__deblur__restore__simba__l1 calls=1023 margin 7.93->8.20 t=4.3s
[DONE] fit__2963__deblur__confidence_boost__simba__l1 calls=1023 margin 7.93->12.94 t=4.0s
[DONE] fit__2963__deblur__boundary_probe__simba__l1 calls=1023 margin 7.93->0.00 t=4.2s
[DONE] fit__2963__deblur__counterfactual__simba__l1 calls=1023 margin 7.93->-1.07 t=4.2s
[DONE] fit__9226__denoise__attack__simba__l0.5 calls=1023 margin 3.63->-5.18 t=4.1s
[DONE] fit__9226__denoise__restore__simba__l0.5 calls=1023 margin 3.63->3.35 t=4.3s
[DONE] fit__9226__denoise__confidence_boost__simba__l0.5 calls=1023 margin 3.63->9.50 t=4.2s
[DONE] fit__9226__denoise__boundary_probe__simba__l0.5 calls=1023 margin 3.63->0.00 t=4.4s
[DONE] fit__9226__denoise__counterfactual__simba__l0.5 calls=1023 margin 3.63->-5.85 t=3.9s
[DONE] fit__9226__deblur__attack__simba__l1 calls=1023 margin 2.63->-7.80 t=4.0s
[DONE] fit__9226__deblur__restore__simba__l1 calls=1023 margin 2.63->2.76 t=4.3s
[DONE] fit__9226__deblur__confidence_boost__simba__l1 calls=1023 margin 2.63->12.53 t=3.9s
[DONE] fit__9226__deblur__boundary_probe__simba__l1 calls=1023 margin 2.63->0.00 t=4.4s
[DONE] fit__9226__deblur__counterfactual__simba__l1 calls=1023 margin 2.63->-6.96 t=4.2s
[DONE] fit__3498__denoise__attack__simba__l0.5 calls=1023 margin 3.68->-5.14 t=4.1s
[DONE] fit__3498__denoise__restore__simba__l0.5 calls=1023 margin 3.68->3.45 t=4.3s
[DONE] fit__3498__denoise__confidence_boost__simba__l0.5 calls=1023 margin 3.68->11.03 t=4.1s
[DONE] fit__3498__denoise__boundary_probe__simba__l0.5 calls=1023 margin 3.68->0.00 t=4.3s
[DONE] fit__3498__denoise__counterfactual__simba__l0.5 calls=1023 margin 3.68->-5.88 t=4.0s
[DONE] fit__3498__deblur__attack__simba__l1 calls=1023 margin 12.90->0.45 t=4.0s
[DONE] fit__3498__deblur__restore__simba__l1 calls=1023 margin 12.90->13.45 t=4.3s
[DONE] fit__3498__deblur__confidence_boost__simba__l1 calls=1023 margin 12.90->15.19 t=4.0s
[DONE] fit__3498__deblur__boundary_probe__simba__l1 calls=1023 margin 12.90->0.00 t=4.2s
[DONE] fit__3498__deblur__counterfactual__simba__l1 calls=1023 margin 12.90->0.40 t=4.2s
[DONE] fit__2915__denoise__attack__simba__l0.5 calls=1023 margin 7.10->-0.69 t=4.0s
[DONE] fit__2915__denoise__restore__simba__l0.5 calls=1023 margin 7.10->7.56 t=4.3s
[DONE] fit__2915__denoise__confidence_boost__simba__l0.5 calls=1023 margin 7.10->11.43 t=3.9s
[DONE] fit__2915__denoise__boundary_probe__simba__l0.5 calls=1023 margin 7.10->0.00 t=4.2s
[DONE] fit__2915__denoise__counterfactual__simba__l0.5 calls=1023 margin 7.10->0.16 t=4.1s
[DONE] fit__2915__deblur__attack__simba__l1 calls=1023 margin 7.82->0.64 t=4.1s
[DONE] fit__2915__deblur__restore__simba__l1 calls=1023 margin 7.82->7.77 t=4.3s
[DONE] fit__2915__deblur__confidence_boost__simba__l1 calls=1023 margin 7.82->12.25 t=4.0s
[DONE] fit__2915__deblur__boundary_probe__simba__l1 calls=1023 margin 7.82->0.00 t=4.3s
[DONE] fit__2915__deblur__counterfactual__simba__l1 calls=1023 margin 7.82->-1.14 t=4.2s
[DONE] fit__6690__denoise__attack__simba__l0.5 calls=1023 margin 0.59->-11.56 t=4.0s
[DONE] fit__6690__denoise__restore__simba__l0.5 calls=1023 margin 0.59->1.69 t=4.4s
[DONE] fit__6690__denoise__confidence_boost__simba__l0.5 calls=1023 margin 0.59->10.81 t=4.1s
[DONE] fit__6690__denoise__boundary_probe__simba__l0.5 calls=1023 margin 0.59->0.00 t=4.6s
[DONE] fit__6690__denoise__counterfactual__simba__l0.5 calls=1023 margin 0.59->-9.58 t=4.0s
[DONE] fit__6690__deblur__attack__simba__l1 calls=1023 margin 9.49->-3.04 t=4.1s
[DONE] fit__6690__deblur__restore__simba__l1 calls=1023 margin 9.49->10.02 t=4.3s
[DONE] fit__6690__deblur__confidence_boost__simba__l1 calls=1023 margin 9.49->13.75 t=4.1s
[DONE] fit__6690__deblur__boundary_probe__simba__l1 calls=1023 margin 9.49->0.00 t=4.3s
[DONE] fit__6690__deblur__counterfactual__simba__l1 calls=1023 margin 9.49->-2.92 t=4.0s
[DONE] fit__4150__denoise__attack__simba__l0.5 calls=1023 margin 10.09->-3.57 t=4.1s
[DONE] fit__4150__denoise__restore__simba__l0.5 calls=1023 margin 10.09->9.54 t=4.4s
[DONE] fit__4150__denoise__confidence_boost__simba__l0.5 calls=1023 margin 10.09->13.89 t=4.1s
[DONE] fit__4150__denoise__boundary_probe__simba__l0.5 calls=1023 margin 10.09->0.00 t=4.4s
[DONE] fit__4150__denoise__counterfactual__simba__l0.5 calls=1023 margin 10.09->-4.23 t=4.0s
[DONE] fit__4150__deblur__attack__simba__l1 calls=1023 margin 4.57->-10.97 t=4.1s
[DONE] fit__4150__deblur__restore__simba__l1 calls=1023 margin 4.57->7.64 t=4.4s
[DONE] fit__4150__deblur__confidence_boost__simba__l1 calls=1023 margin 4.57->14.30 t=4.1s
[DONE] fit__4150__deblur__boundary_probe__simba__l1 calls=1023 margin 4.57->0.00 t=4.3s
[DONE] fit__4150__deblur__counterfactual__simba__l1 calls=1023 margin 4.57->-9.45 t=4.1s
[DONE] fit__9789__denoise__attack__simba__l0.5 calls=1023 margin 9.35->-2.88 t=3.9s
[DONE] fit__9789__denoise__restore__simba__l0.5 calls=1023 margin 9.35->8.92 t=4.6s
[DONE] fit__9789__denoise__confidence_boost__simba__l0.5 calls=1023 margin 9.35->13.25 t=4.0s
[DONE] fit__9789__denoise__boundary_probe__simba__l0.5 calls=1023 margin 9.35->0.00 t=4.3s
[DONE] fit__9789__denoise__counterfactual__simba__l0.5 calls=1023 margin 9.35->-2.98 t=3.9s
[DONE] fit__9789__deblur__attack__simba__l1 calls=1023 margin 9.16->-7.73 t=4.0s
[DONE] fit__9789__deblur__restore__simba__l1 calls=1023 margin 9.16->10.26 t=4.5s
[DONE] fit__9789__deblur__confidence_boost__simba__l1 calls=1023 margin 9.16->14.03 t=4.1s
[DONE] fit__9789__deblur__boundary_probe__simba__l1 calls=1023 margin 9.16->0.00 t=4.3s
[DONE] fit__9789__deblur__counterfactual__simba__l1 calls=1023 margin 9.16->-6.73 t=4.1s
[DONE] fit__5818__denoise__attack__simba__l0.5 calls=1023 margin 3.18->-10.12 t=4.1s
[DONE] fit__5818__denoise__restore__simba__l0.5 calls=1023 margin 3.18->1.62 t=4.2s
[DONE] fit__5818__denoise__confidence_boost__simba__l0.5 calls=1023 margin 3.18->11.08 t=4.1s
[DONE] fit__5818__denoise__boundary_probe__simba__l0.5 calls=1023 margin 3.18->0.00 t=4.2s
[DONE] fit__5818__denoise__counterfactual__simba__l0.5 calls=1023 margin 3.18->-9.35 t=4.0s
[DONE] fit__5818__deblur__attack__simba__l1 calls=1023 margin 5.21->-7.21 t=4.0s
[DONE] fit__5818__deblur__restore__simba__l1 calls=1023 margin 5.21->5.64 t=4.3s
[DONE] fit__5818__deblur__confidence_boost__simba__l1 calls=1023 margin 5.21->12.93 t=3.9s
[DONE] fit__5818__deblur__boundary_probe__simba__l1 calls=1023 margin 5.21->0.00 t=4.2s
[DONE] fit__5818__deblur__counterfactual__simba__l1 calls=1023 margin 5.21->-5.84 t=4.0s
[DONE] fit__1358__denoise__attack__simba__l0.5 calls=1023 margin 5.70->-8.12 t=4.0s
[DONE] fit__1358__denoise__restore__simba__l0.5 calls=1023 margin 5.70->5.77 t=4.4s
[DONE] fit__1358__denoise__confidence_boost__simba__l0.5 calls=1023 margin 5.70->12.93 t=3.9s
[DONE] fit__1358__denoise__boundary_probe__simba__l0.5 calls=1023 margin 5.70->0.00 t=4.3s
[DONE] fit__1358__denoise__counterfactual__simba__l0.5 calls=1023 margin 5.70->-7.87 t=4.1s
[DONE] fit__1358__deblur__attack__simba__l1 calls=1023 margin 10.56->-2.74 t=4.1s
[DONE] fit__1358__deblur__restore__simba__l1 calls=1023 margin 10.56->11.51 t=4.4s
[DONE] fit__1358__deblur__confidence_boost__simba__l1 calls=1023 margin 10.56->14.49 t=4.3s
[DONE] fit__1358__deblur__boundary_probe__simba__l1 calls=1023 margin 10.56->0.00 t=4.4s
[DONE] fit__1358__deblur__counterfactual__simba__l1 calls=1023 margin 10.56->-1.17 t=4.1s
[DONE] fit__6684__denoise__attack__simba__l0.5 calls=1023 margin 3.33->-3.24 t=4.0s
[DONE] fit__6684__denoise__restore__simba__l0.5 calls=1023 margin 3.33->3.61 t=4.4s
[DONE] fit__6684__denoise__confidence_boost__simba__l0.5 calls=1023 margin 3.33->9.24 t=4.0s
[DONE] fit__6684__denoise__boundary_probe__simba__l0.5 calls=1023 margin 3.33->0.00 t=4.2s
[DONE] fit__6684__denoise__counterfactual__simba__l0.5 calls=1023 margin 3.33->-3.21 t=4.1s
[DONE] fit__6684__deblur__attack__simba__l1 calls=1023 margin 12.00->-2.81 t=4.0s
[DONE] fit__6684__deblur__restore__simba__l1 calls=1023 margin 12.00->12.42 t=4.2s
[DONE] fit__6684__deblur__confidence_boost__simba__l1 calls=1023 margin 12.00->13.70 t=4.0s
[DONE] fit__6684__deblur__boundary_probe__simba__l1 calls=1023 margin 12.00->0.00 t=4.3s
[DONE] fit__6684__deblur__counterfactual__simba__l1 calls=1023 margin 12.00->-4.19 t=4.0s
[DONE] fit__3732__denoise__attack__simba__l0.5 calls=1023 margin 6.47->-2.54 t=4.2s
[DONE] fit__3732__denoise__restore__simba__l0.5 calls=1023 margin 6.47->6.57 t=4.4s
[DONE] fit__3732__denoise__confidence_boost__simba__l0.5 calls=1023 margin 6.47->11.61 t=4.2s
[DONE] fit__3732__denoise__boundary_probe__simba__l0.5 calls=1023 margin 6.47->0.00 t=4.3s
[DONE] fit__3732__denoise__counterfactual__simba__l0.5 calls=1023 margin 6.47->-0.71 t=4.0s
[DONE] fit__3732__deblur__attack__simba__l1 calls=1023 margin 6.78->-3.25 t=3.7s
[DONE] fit__3732__deblur__restore__simba__l1 calls=1023 margin 6.78->8.32 t=3.7s
[DONE] fit__3732__deblur__confidence_boost__simba__l1 calls=1023 margin 6.78->12.81 t=3.3s
[DONE] fit__3732__deblur__boundary_probe__simba__l1 calls=1023 margin 6.78->0.00 t=3.4s
[DONE] fit__3732__deblur__counterfactual__simba__l1 calls=1023 margin 6.78->-2.87 t=3.3s
[DONE] fit__8575__denoise__attack__simba__l0.5 calls=1023 margin 3.82->-4.78 t=3.4s
[DONE] fit__8575__denoise__restore__simba__l0.5 calls=1023 margin 3.82->3.73 t=3.5s
[DONE] fit__8575__denoise__confidence_boost__simba__l0.5 calls=1023 margin 3.82->11.35 t=3.3s
[DONE] fit__8575__denoise__boundary_probe__simba__l0.5 calls=1023 margin 3.82->0.00 t=3.5s
[DONE] fit__8575__denoise__counterfactual__simba__l0.5 calls=1023 margin 3.82->-4.26 t=3.4s
[DONE] fit__8575__deblur__attack__simba__l1 calls=1023 margin 7.11->-6.23 t=3.4s
[DONE] fit__8575__deblur__restore__simba__l1 calls=1023 margin 7.11->7.74 t=3.6s
[DONE] fit__8575__deblur__confidence_boost__simba__l1 calls=1023 margin 7.11->13.59 t=3.3s
[DONE] fit__8575__deblur__boundary_probe__simba__l1 calls=1023 margin 7.11->0.00 t=3.4s
[DONE] fit__8575__deblur__counterfactual__simba__l1 calls=1023 margin 7.11->-2.57 t=3.3s
