[DONE] calibration__3302__denoise__attack__simba__l0.5 calls=1023 margin 5.81->-3.42 t=4.1s
[DONE] calibration__3302__denoise__restore__simba__l0.5 calls=1023 margin 5.81->7.01 t=4.3s
[DONE] calibration__3302__denoise__confidence_boost__simba__l0.5 calls=1023 margin 5.81->12.71 t=3.9s
[DONE] calibration__3302__denoise__boundary_probe__simba__l0.5 calls=1023 margin 5.81->0.00 t=4.3s
[DONE] calibration__3302__denoise__counterfactual__simba__l0.5 calls=1023 margin 5.81->-2.89 t=3.8s
[DONE] calibration__3302__deblur__attack__simba__l1 calls=1023 margin 9.02->-3.47 t=4.0s
[DONE] calibration__3302__deblur__restore__simba__l1 calls=1023 margin 9.02->9.04 t=4.4s
[DONE] calibration__3302__deblur__confidence_boost__simba__l1 calls=1023 margin 9.02->13.72 t=3.9s
[DONE] calibration__3302__deblur__boundary_probe__simba__l1 calls=1023 margin 9.02->0.00 t=4.2s
[DONE] calibration__3302__deblur__counterfactual__simba__l1 calls=1023 margin 9.02->-3.51 t=3.9s
[DONE] calibration__231__denoise__attack__simba__l0.5 calls=1023 margin 9.85->2.68 t=3.9s
[DONE] calibration__231__denoise__restore__simba__l0.5 calls=1023 margin 9.85->9.88 t=4.3s
[DONE] calibration__231__denoise__confidence_boost__simba__l0.5 calls=1023 margin 9.85->12.70 t=4.0s
[DONE] calibration__231__denoise__boundary_probe__simba__l0.5 calls=1023 margin 9.85->3.32 t=4.2s
[DONE] calibration__231__denoise__counterfactual__simba__l0.5 calls=1023 margin 9.85->3.12 t=3.9s
[DONE] calibration__231__deblur__attack__simba__l1 calls=1023 margin 11.15->0.66 t=4.0s
[DONE] calibration__231__deblur__restore__simba__l1 calls=1023 margin 11.15->11.16 t=4.4s
[DONE] calibration__231__deblur__confidence_boost__simba__l1 calls=1023 margin 11.15->13.34 t=4.0s
[DONE] calibration__231__deblur__boundary_probe__simba__l1 calls=1023 margin 11.15->1.79 t=4.3s
[DONE] calibration__231__deblur__counterfactual__simba__l1 calls=1023 margin 11.15->1.72 t=3.9s
[DONE] calibration__3033__denoise__attack__simba__l0.5 calls=1023 margin 5.05->-4.58 t=4.0s
[DONE] calibration__3033__denoise__restore__simba__l0.5 calls=1023 margin 5.05->5.74 t=4.4s
[DONE] calibration__3033__denoise__confidence_boost__simba__l0.5 calls=1023 margin 5.05->12.23 t=4.1s
[DONE] calibration__3033__denoise__boundary_probe__simba__l0.5 calls=1023 margin 5.05->0.00 t=4.3s
[DONE] calibration__3033__denoise__counterfactual__simba__l0.5 calls=1023 margin 5.05->-4.63 t=4.1s
[DONE] calibration__3033__deblur__attack__simba__l1 calls=1023 margin 7.52->-5.02 t=4.2s
[DONE] calibration__3033__deblur__restore__simba__l1 calls=1023 margin 7.52->8.01 t=4.3s
[DONE] calibration__3033__deblur__confidence_boost__simba__l1 calls=1023 margin 7.52->13.65 t=4.1s
[DONE] calibration__3033__deblur__boundary_probe__simba__l1 calls=1023 margin 7.52->0.00 t=4.3s
[DONE] calibration__3033__deblur__counterfactual__simba__l1 calls=1023 margin 7.52->-5.77 t=4.1s
[DONE] calibration__2073__denoise__attack__simba__l0.5 calls=1023 margin 0.78->-11.54 t=4.0s
[DONE] calibration__2073__denoise__restore__simba__l0.5 calls=1023 margin 0.78->2.61 t=4.4s
[DONE] calibration__2073__denoise__confidence_boost__simba__l0.5 calls=1023 margin 0.78->11.78 t=4.0s
[DONE] calibration__2073__denoise__boundary_probe__simba__l0.5 calls=1023 margin 0.78->0.00 t=4.2s
[DONE] calibration__2073__denoise__counterfactual__simba__l0.5 calls=1023 margin 0.78->-8.57 t=4.2s
[DONE] calibration__2073__deblur__attack__simba__l1 calls=1023 margin 12.99->-5.44 t=4.1s
[DONE] calibration__2073__deblur__restore__simba__l1 calls=1023 margin 12.99->11.81 t=4.3s
[DONE] calibration__2073__deblur__confidence_boost__simba__l1 calls=1023 margin 12.99->14.69 t=4.1s
[DONE] calibration__2073__deblur__boundary_probe__simba__l1 calls=1023 margin 12.99->0.00 t=4.3s
[DONE] calibration__2073__deblur__counterfactual__simba__l1 calls=1023 margin 12.99->-4.70 t=4.0s
[DONE] calibration__8730__denoise__attack__simba__l0.5 calls=1023 margin 2.55->-9.76 t=4.1s
[DONE] calibration__8730__denoise__restore__simba__l0.5 calls=1023 margin 2.55->2.04 t=4.3s
[DONE] calibration__8730__denoise__confidence_boost__simba__l0.5 calls=1023 margin 2.55->11.90 t=4.0s
[DONE] calibration__8730__denoise__boundary_probe__simba__l0.5 calls=1023 margin 2.55->0.00 t=4.2s
[DONE] calibration__8730__denoise__counterfactual__simba__l0.5 calls=1023 margin 2.55->-7.78 t=4.0s
[DONE] calibration__8730__deblur__attack__simba__l1 calls=1023 margin 8.60->-12.71 t=4.1s
[DONE] calibration__8730__deblur__restore__simba__l1 calls=1023 margin 8.60->8.18 t=4.4s
[DONE] calibration__8730__deblur__confidence_boost__simba__l1 calls=1023 margin 8.60->13.99 t=4.1s
[DONE] calibration__8730__deblur__boundary_probe__simba__l1 calls=1023 margin 8.60->0.00 t=4.3s
[DONE] calibration__8730__deblur__counterfactual__simba__l1 calls=1023 margin 8.60->-9.49 t=4.1s
[DONE] calibration__6587__denoise__attack__simba__l0.5 calls=1023 margin 0.47->-9.87 t=4.0s
[DONE] calibration__6587__denoise__restore__simba__l0.5 calls=1023 margin 0.47->0.35 t=4.6s
[DONE] calibration__6587__denoise__confidence_boost__simba__l0.5 calls=1023 margin 0.47->11.11 t=4.1s
[DONE] calibration__6587__denoise__boundary_probe__simba__l0.5 calls=1023 margin 0.47->0.00 t=4.3s
[DONE] calibration__6587__denoise__counterfactual__simba__l0.5 calls=1023 margin 0.47->-7.58 t=4.1s
[DONE] calibration__6587__deblur__attack__simba__l1 calls=1023 margin 5.64->-6.90 t=3.9s
[DONE] calibration__6587__deblur__restore__simba__l1 calls=1023 margin 5.64->5.14 t=4.2s
[DONE] calibration__6587__deblur__confidence_boost__simba__l1 calls=1023 margin 5.64->12.50 t=3.8s
[DONE] calibration__6587__deblur__boundary_probe__simba__l1 calls=1023 margin 5.64->0.00 t=4.2s
[DONE] calibration__6587__deblur__counterfactual__simba__l1 calls=1023 margin 5.64->-6.90 t=4.1s
[DONE] calibration__328__denoise__attack__simba__l0.5 calls=1023 margin 1.78->-6.70 t=4.1s
[DONE] calibration__328__denoise__restore__simba__l0.5 calls=1023 margin 1.78->1.37 t=4.4s
[DONE] calibration__328__denoise__confidence_boost__simba__l0.5 calls=1023 margin 1.78->9.73 t=4.1s
[DONE] calibration__328__denoise__boundary_probe__simba__l0.5 calls=1023 margin 1.78->0.00 t=4.2s
[DONE] calibration__328__denoise__counterfactual__simba__l0.5 calls=1023 margin 1.78->-6.66 t=4.0s
[DONE] calibration__328__deblur__attack__simba__l1 calls=1023 margin 9.83->-7.88 t=4.1s
[DONE] calibration__328__deblur__restore__simba__l1 calls=1023 margin 9.83->11.84 t=4.2s
[DONE] calibration__328__deblur__confidence_boost__simba__l1 calls=1023 margin 9.83->14.92 t=4.2s
[DONE] calibration__328__deblur__boundary_probe__simba__l1 calls=1023 margin 9.83->0.00 t=4.3s
[DONE] calibration__328__deblur__counterfactual__simba__l1 calls=1023 margin 9.83->-8.04 t=4.0s
[DONE] calibration__5638__denoise__attack__simba__l0.5 calls=1023 margin 5.10->-4.49 t=4.1s
[DONE] calibration__5638__denoise__restore__simba__l0.5 calls=1023 margin 5.10->4.88 t=4.3s
[DONE] calibration__5638__denoise__confidence_boost__simba__l0.5 calls=1023 margin 5.10->11.87 t=4.1s
[DONE] calibration__5638__denoise__boundary_probe__simba__l0.5 calls=1023 margin 5.10->0.00 t=4.2s
[DONE] calibration__5638__denoise__counterfactual__simba__l0.5 calls=1023 margin 5.10->-4.53 t=4.0s
[DONE] calibration__5638__deblur__attack__simba__l1 calls=1023 margin 7.45->-9.53 t=4.0s
[DONE] calibration__5638__deblur__restore__simba__l1 calls=1023 margin 7.45->7.64 t=4.4s
[DONE] calibration__5638__deblur__confidence_boost__simba__l1 calls=1023 margin 7.45->14.92 t=4.1s
[DONE] calibration__5638__deblur__boundary_probe__simba__l1 calls=1023 margin 7.45->0.00 t=4.3s
[DONE] calibration__5638__deblur__counterfactual__simba__l1 calls=1023 margin 7.45->-8.88 t=4.0s
[DONE] calibration__1561__denoise__attack__simba__l0.5 calls=1023 margin 1.40->-6.94 t=4.0s
[DONE] calibration__1561__denoise__restore__simba__l0.5 calls=1023 margin 1.40->2.14 t=4.3s
[DONE] calibration__1561__denoise__confidence_boost__simba__l0.5 calls=1023 margin 1.40->7.35 t=3.9s
[DONE] calibration__1561__denoise__boundary_probe__simba__l0.5 calls=1023 margin 1.40->0.00 t=4.1s
[DONE] calibration__1561__denoise__counterfactual__simba__l0.5 calls=1023 margin 1.40->-6.09 t=4.0s
[DONE] calibration__1561__deblur__attack__simba__l1 calls=1023 margin 2.26->-6.47 t=4.0s
[DONE] calibration__1561__deblur__restore__simba__l1 calls=1023 margin 2.26->1.60 t=4.4s
[DONE] calibration__1561__deblur__confidence_boost__simba__l1 calls=1023 margin 2.26->11.49 t=4.1s
[DONE] calibration__1561__deblur__boundary_probe__simba__l1 calls=1023 margin 2.26->0.00 t=4.2s
[DONE] calibration__1561__deblur__counterfactual__simba__l1 calls=1023 margin 2.26->-6.16 t=4.0s
[DONE] calibration__9353__denoise__attack__simba__l0.5 calls=1023 margin 1.38->-4.68 t=4.1s
[DONE] calibration__9353__denoise__restore__simba__l0.5 calls=1023 margin 1.38->1.75 t=4.4s
[DONE] calibration__9353__denoise__confidence_boost__simba__l0.5 calls=1023 margin 1.38->6.77 t=4.0s
[DONE] calibration__9353__denoise__boundary_probe__simba__l0.5 calls=1023 margin 1.38->0.00 t=4.2s
[DONE] calibration__9353__denoise__counterfactual__simba__l0.5 calls=1023 margin 1.38->-5.22 t=4.0s
[DONE] calibration__9353__deblur__attack__simba__l1 calls=1023 margin 0.14->-7.59 t=4.0s
[DONE] calibration__9353__deblur__restore__simba__l1 calls=1023 margin 0.14->0.59 t=4.3s
[DONE] calibration__9353__deblur__confidence_boost__simba__l1 calls=1023 margin 0.14->6.73 t=4.0s
[DONE] calibration__9353__deblur__boundary_probe__simba__l1 calls=1023 margin 0.14->0.00 t=4.2s
[DONE] calibration__9353__deblur__counterfactual__simba__l1 calls=1023 margin 0.14->-7.03 t=4.0s
[DONE] calibration__5423__denoise__attack__simba__l0.5 calls=1023 margin 12.06->8.49 t=4.1s
[DONE] calibration__5423__denoise__restore__simba__l0.5 calls=1023 margin 12.06->12.04 t=4.3s
[DONE] calibration__5423__denoise__confidence_boost__simba__l0.5 calls=1023 margin 12.06->12.77 t=4.1s
[DONE] calibration__5423__denoise__boundary_probe__simba__l0.5 calls=1023 margin 12.06->7.17 t=4.2s
[DONE] calibration__5423__denoise__counterfactual__simba__l0.5 calls=1023 margin 12.06->6.77 t=4.0s
[DONE] calibration__5423__deblur__attack__simba__l1 calls=1023 margin 14.80->14.80 t=4.1s
[DONE] calibration__5423__deblur__restore__simba__l1 calls=1023 margin 14.80->14.60 t=4.3s
[DONE] calibration__5423__deblur__confidence_boost__simba__l1 calls=1023 margin 14.80->14.90 t=4.1s
[DONE] calibration__5423__deblur__boundary_probe__simba__l1 calls=1023 margin 14.80->5.18 t=4.2s
[DONE] calibration__5423__deblur__counterfactual__simba__l1 calls=1023 margin 14.80->3.31 t=4.0s
[DONE] calibration__13__denoise__attack__simba__l0.5 calls=1023 margin 9.26->-1.33 t=4.0s
[DONE] calibration__13__denoise__restore__simba__l0.5 calls=1023 margin 9.26->8.88 t=4.2s
[DONE] calibration__13__denoise__confidence_boost__simba__l0.5 calls=1023 margin 9.26->13.45 t=4.1s
[DONE] calibration__13__denoise__boundary_probe__simba__l0.5 calls=1023 margin 9.26->0.00 t=4.2s
[DONE] calibration__13__denoise__counterfactual__simba__l0.5 calls=1023 margin 9.26->-2.07 t=3.9s
[DONE] calibration__13__deblur__attack__simba__l1 calls=1023 margin 8.16->-5.31 t=3.9s
[DONE] calibration__13__deblur__restore__simba__l1 calls=1023 margin 8.16->9.87 t=4.3s
[DONE] calibration__13__deblur__confidence_boost__simba__l1 calls=1023 margin 8.16->13.02 t=3.9s
[DONE] calibration__13__deblur__boundary_probe__simba__l1 calls=1023 margin 8.16->0.00 t=4.2s
[DONE] calibration__13__deblur__counterfactual__simba__l1 calls=1023 margin 8.16->-5.12 t=4.0s
[DONE] calibration__5045__denoise__attack__simba__l0.5 calls=1023 margin 5.83->-5.84 t=3.9s
[DONE] calibration__5045__denoise__restore__simba__l0.5 calls=1023 margin 5.83->5.87 t=4.3s
[DONE] calibration__5045__denoise__confidence_boost__simba__l0.5 calls=1023 margin 5.83->11.54 t=4.1s
[DONE] calibration__5045__denoise__boundary_probe__simba__l0.5 calls=1023 margin 5.83->0.00 t=4.3s
[DONE] calibration__5045__denoise__counterfactual__simba__l0.5 calls=1023 margin 5.83->-5.34 t=4.1s
[DONE] calibration__5045__deblur__attack__simba__l1 calls=1023 margin 7.95->-11.77 t=4.0s
[DONE] calibration__5045__deblur__restore__simba__l1 calls=1023 margin 7.95->7.76 t=4.3s
[DONE] calibration__5045__deblur__confidence_boost__simba__l1 calls=1023 margin 7.95->13.82 t=4.0s
[DONE] calibration__5045__deblur__boundary_probe__simba__l1 calls=1023 margin 7.95->0.00 t=4.2s
[DONE] calibration__5045__deblur__counterfactual__simba__l1 calls=1023 margin 7.95->-4.86 t=4.0s
[DONE] calibration__2503__denoise__attack__simba__l0.5 calls=1023 margin 0.72->-8.10 t=4.0s
[DONE] calibration__2503__denoise__restore__simba__l0.5 calls=1023 margin 0.72->0.43 t=4.3s
[DONE] calibration__2503__denoise__confidence_boost__simba__l0.5 calls=1023 margin 0.72->7.27 t=4.0s
[DONE] calibration__2503__denoise__boundary_probe__simba__l0.5 calls=1023 margin 0.72->0.00 t=4.3s
[DONE] calibration__2503__denoise__counterfactual__simba__l0.5 calls=1023 margin 0.72->-7.12 t=4.1s
[DONE] calibration__2503__deblur__attack__simba__l1 calls=1023 margin 8.71->-4.47 t=4.1s
[DONE] calibration__2503__deblur__restore__simba__l1 calls=1023 margin 8.71->8.99 t=4.3s
[DONE] calibration__2503__deblur__confidence_boost__simba__l1 calls=1023 margin 8.71->13.56 t=4.0s
[DONE] calibration__2503__deblur__boundary_probe__simba__l1 calls=1023 margin 8.71->0.00 t=4.3s
[DONE] calibration__2503__deblur__counterfactual__simba__l1 calls=1023 margin 8.71->-4.63 t=4.1s
[DONE] calibration__6691__denoise__attack__simba__l0.5 calls=1023 margin 2.56->-6.54 t=4.1s
[DONE] calibration__6691__denoise__restore__simba__l0.5 calls=1023 margin 2.56->2.07 t=4.3s
[DONE] calibration__6691__denoise__confidence_boost__simba__l0.5 calls=1023 margin 2.56->8.78 t=3.9s
[DONE] calibration__6691__denoise__boundary_probe__simba__l0.5 calls=1023 margin 2.56->0.00 t=4.2s
[DONE] calibration__6691__denoise__counterfactual__simba__l0.5 calls=1023 margin 2.56->-7.01 t=4.1s
[DONE] calibration__6691__deblur__attack__simba__l1 calls=1023 margin 11.42->-7.98 t=4.0s
[DONE] calibration__6691__deblur__restore__simba__l1 calls=1023 margin 11.42->11.92 t=4.4s
[DONE] calibration__6691__deblur__confidence_boost__simba__l1 calls=1023 margin 11.42->14.69 t=4.2s
[DONE] calibration__6691__deblur__boundary_probe__simba__l1 calls=1023 margin 11.42->0.00 t=4.3s
[DONE] calibration__6691__deblur__counterfactual__simba__l1 calls=1023 margin 11.42->-2.39 t=4.2s
[DONE] calibration__5494__denoise__attack__simba__l0.5 calls=1023 margin 2.88->-8.41 t=4.1s
[DONE] calibration__5494__denoise__restore__simba__l0.5 calls=1023 margin 2.88->2.61 t=4.4s
[DONE] calibration__5494__denoise__confidence_boost__simba__l0.5 calls=1023 margin 2.88->11.54 t=4.1s
[DONE] calibration__5494__denoise__boundary_probe__simba__l0.5 calls=1023 margin 2.88->0.00 t=4.2s
[DONE] calibration__5494__denoise__counterfactual__simba__l0.5 calls=1023 margin 2.88->-7.69 t=4.1s
[DONE] calibration__5494__deblur__attack__simba__l1 calls=1023 margin 11.17->-5.18 t=4.0s
[DONE] calibration__5494__deblur__restore__simba__l1 calls=1023 margin 11.17->11.72 t=4.3s
[DONE] calibration__5494__deblur__confidence_boost__simba__l1 calls=1023 margin 11.17->13.35 t=4.1s
[DONE] calibration__5494__deblur__boundary_probe__simba__l1 calls=1023 margin 11.17->0.00 t=4.3s
[DONE] calibration__5494__deblur__counterfactual__simba__l1 calls=1023 margin 11.17->-1.95 t=4.1s
[DONE] evaluation__539__denoise__attack__simba__l0.5 calls=1023 margin 3.43->-4.18 t=4.0s
[DONE] evaluation__539__denoise__restore__simba__l0.5 calls=1023 margin 3.43->3.54 t=4.4s
[DONE] evaluation__539__denoise__confidence_boost__simba__l0.5 calls=1023 margin 3.43->9.98 t=4.0s
[DONE] evaluation__539__denoise__boundary_probe__simba__l0.5 calls=1023 margin 3.43->0.00 t=4.2s
[DONE] evaluation__539__denoise__counterfactual__simba__l0.5 calls=1023 margin 3.43->-5.10 t=4.0s
[DONE] evaluation__539__deblur__attack__simba__l1 calls=1023 margin 11.17->-2.49 t=4.0s
[DONE] evaluation__539__deblur__restore__simba__l1 calls=1023 margin 11.17->11.73 t=4.2s
[DONE] evaluation__539__deblur__confidence_boost__simba__l1 calls=1023 margin 11.17->13.84 t=4.1s
[DONE] evaluation__539__deblur__boundary_probe__simba__l1 calls=1023 margin 11.17->0.00 t=4.2s
[DONE] evaluation__539__deblur__counterfactual__simba__l1 calls=1023 margin 11.17->-1.35 t=4.0s
[DONE] evaluation__4126__denoise__attack__simba__l0.5 calls=1023 margin 4.25->-5.62 t=4.0s
[DONE] evaluation__4126__denoise__restore__simba__l0.5 calls=1023 margin 4.25->3.55 t=4.3s
[DONE] evaluation__4126__denoise__confidence_boost__simba__l0.5 calls=1023 margin 4.25->10.27 t=3.9s
[DONE] evaluation__4126__denoise__boundary_probe__simba__l0.5 calls=1023 margin 4.25->0.00 t=4.3s
[DONE] evaluation__4126__denoise__counterfactual__simba__l0.5 calls=1023 margin 4.25->-4.27 t=4.0s
[DONE] evaluation__4126__deblur__attack__simba__l1 calls=1023 margin 3.11->-2.71 t=3.9s
[DONE] evaluation__4126__deblur__restore__simba__l1 calls=1023 margin 3.11->2.59 t=4.3s
[DONE] evaluation__4126__deblur__confidence_boost__simba__l1 calls=1023 margin 3.11->8.50 t=4.2s
[DONE] evaluation__4126__deblur__boundary_probe__simba__l1 calls=1023 margin 3.11->0.00 t=4.3s
[DONE] evaluation__4126__deblur__counterfactual__simba__l1 calls=1023 margin 3.11->-2.19 t=3.9s
[DONE] evaluation__7748__denoise__attack__simba__l0.5 calls=1023 margin 6.00->-1.55 t=4.0s
[DONE] evaluation__7748__denoise__restore__simba__l0.5 calls=1023 margin 6.00->6.42 t=4.2s
[DONE] evaluation__7748__denoise__confidence_boost__simba__l0.5 calls=1023 margin 6.00->11.43 t=3.9s
[DONE] evaluation__7748__denoise__boundary_probe__simba__l0.5 calls=1023 margin 6.00->0.00 t=4.3s
[DONE] evaluation__7748__denoise__counterfactual__simba__l0.5 calls=1023 margin 6.00->-2.07 t=4.0s
[DONE] evaluation__7748__deblur__attack__simba__l1 calls=1023 margin 7.34->-3.52 t=4.0s
[DONE] evaluation__7748__deblur__restore__simba__l1 calls=1023 margin 7.34->8.29 t=4.2s
[DONE] evaluation__7748__deblur__confidence_boost__simba__l1 calls=1023 margin 7.34->13.73 t=4.0s
[DONE] evaluation__7748__deblur__boundary_probe__simba__l1 calls=1023 margin 7.34->2.17 t=4.4s
[DONE] evaluation__7748__deblur__counterfactual__simba__l1 calls=1023 margin 7.34->3.80 t=4.2s
[DONE] evaluation__9973__denoise__attack__simba__l0.5 calls=1023 margin 2.95->-8.84 t=4.0s
[DONE] evaluation__9973__denoise__restore__simba__l0.5 calls=1023 margin 2.95->2.78 t=4.3s
[DONE] evaluation__9973__denoise__confidence_boost__simba__l0.5 calls=1023 margin 2.95->9.42 t=3.9s
[DONE] evaluation__9973__denoise__boundary_probe__simba__l0.5 calls=1023 margin 2.95->0.00 t=4.3s
[DONE] evaluation__9973__denoise__counterfactual__simba__l0.5 calls=1023 margin 2.95->-3.68 t=4.0s
[DONE] evaluation__9973__deblur__attack__simba__l1 calls=1023 margin 5.88->-5.73 t=4.0s
[DONE] evaluation__9973__deblur__restore__simba__l1 calls=1023 margin 5.88->6.22 t=4.3s
[DONE] evaluation__9973__deblur__confidence_boost__simba__l1 calls=1023 margin 5.88->13.08 t=4.0s
[DONE] evaluation__9973__deblur__boundary_probe__simba__l1 calls=1023 margin 5.88->0.00 t=4.4s
[DONE] evaluation__9973__deblur__counterfactual__simba__l1 calls=1023 margin 5.88->-5.44 t=3.9s
[DONE] evaluation__1751__denoise__attack__simba__l0.5 calls=1023 margin 8.23->0.98 t=4.0s
[DONE] evaluation__1751__denoise__restore__simba__l0.5 calls=1023 margin 8.23->8.58 t=4.3s
[DONE] evaluation__1751__denoise__confidence_boost__simba__l0.5 calls=1023 margin 8.23->12.11 t=4.0s
[DONE] evaluation__1751__denoise__boundary_probe__simba__l0.5 calls=1023 margin 8.23->0.44 t=4.3s
[DONE] evaluation__1751__denoise__counterfactual__simba__l0.5 calls=1023 margin 8.23->0.62 t=3.9s
[DONE] evaluation__1751__deblur__attack__simba__l1 calls=1023 margin 9.11->-0.26 t=4.1s
[DONE] evaluation__1751__deblur__restore__simba__l1 calls=1023 margin 9.11->9.05 t=4.3s
[DONE] evaluation__1751__deblur__confidence_boost__simba__l1 calls=1023 margin 9.11->13.03 t=4.1s
[DONE] evaluation__1751__deblur__boundary_probe__simba__l1 calls=1023 margin 9.11->0.01 t=4.5s
[DONE] evaluation__1751__deblur__counterfactual__simba__l1 calls=1023 margin 9.11->-1.24 t=4.0s
[DONE] evaluation__5245__denoise__attack__simba__l0.5 calls=1023 margin 9.81->3.27 t=4.0s
[DONE] evaluation__5245__denoise__restore__simba__l0.5 calls=1023 margin 9.81->9.66 t=4.3s
[DONE] evaluation__5245__denoise__confidence_boost__simba__l0.5 calls=1023 margin 9.81->12.96 t=4.0s
[DONE] evaluation__5245__denoise__boundary_probe__simba__l0.5 calls=1023 margin 9.81->3.10 t=4.4s
[DONE] evaluation__5245__denoise__counterfactual__simba__l0.5 calls=1023 margin 9.81->3.77 t=4.0s
[DONE] evaluation__5245__deblur__attack__simba__l1 calls=1023 margin 11.62->3.89 t=4.0s
[DONE] evaluation__5245__deblur__restore__simba__l1 calls=1023 margin 11.62->11.53 t=4.4s
[DONE] evaluation__5245__deblur__confidence_boost__simba__l1 calls=1023 margin 11.62->13.42 t=4.0s
[DONE] evaluation__5245__deblur__boundary_probe__simba__l1 calls=1023 margin 11.62->2.33 t=4.3s
[DONE] evaluation__5245__deblur__counterfactual__simba__l1 calls=1023 margin 11.62->2.66 t=4.1s
[DONE] evaluation__8123__denoise__attack__simba__l0.5 calls=1023 margin 4.76->-2.53 t=4.1s
[DONE] evaluation__8123__denoise__restore__simba__l0.5 calls=1023 margin 4.76->4.43 t=4.4s
[DONE] evaluation__8123__denoise__confidence_boost__simba__l0.5 calls=1023 margin 4.76->8.97 t=4.1s
[DONE] evaluation__8123__denoise__boundary_probe__simba__l0.5 calls=1023 margin 4.76->0.00 t=4.3s
[DONE] evaluation__8123__denoise__counterfactual__simba__l0.5 calls=1023 margin 4.76->-2.30 t=4.0s
[DONE] evaluation__8123__deblur__attack__simba__l1 calls=1023 margin 1.94->-10.54 t=4.0s
[DONE] evaluation__8123__deblur__restore__simba__l1 calls=1023 margin 1.94->0.07 t=4.3s
[DONE] evaluation__8123__deblur__confidence_boost__simba__l1 calls=1023 margin 1.94->9.89 t=4.0s
[DONE] evaluation__8123__deblur__boundary_probe__simba__l1 calls=1023 margin 1.94->0.00 t=4.3s
[DONE] evaluation__8123__deblur__counterfactual__simba__l1 calls=1023 margin 1.94->-9.26 t=4.0s
[DONE] evaluation__1202__denoise__attack__simba__l0.5 calls=1023 margin 5.42->-5.59 t=4.0s
[DONE] evaluation__1202__denoise__restore__simba__l0.5 calls=1023 margin 5.42->5.22 t=4.4s
[DONE] evaluation__1202__denoise__confidence_boost__simba__l0.5 calls=1023 margin 5.42->11.62 t=4.0s
[DONE] evaluation__1202__denoise__boundary_probe__simba__l0.5 calls=1023 margin 5.42->0.00 t=4.3s
[DONE] evaluation__1202__denoise__counterfactual__simba__l0.5 calls=1023 margin 5.42->-5.80 t=4.0s
[DONE] evaluation__1202__deblur__attack__simba__l1 calls=1023 margin 9.91->-4.11 t=4.0s
[DONE] evaluation__1202__deblur__restore__simba__l1 calls=1023 margin 9.91->9.77 t=4.3s
[DONE] evaluation__1202__deblur__confidence_boost__simba__l1 calls=1023 margin 9.91->13.70 t=4.2s
[DONE] evaluation__1202__deblur__boundary_probe__simba__l1 calls=1023 margin 9.91->0.00 t=4.3s
[DONE] evaluation__1202__deblur__counterfactual__simba__l1 calls=1023 margin 9.91->-2.56 t=4.0s
[DONE] evaluation__3713__denoise__attack__simba__l0.5 calls=1023 margin 7.46->-1.23 t=4.0s
[DONE] evaluation__3713__denoise__restore__simba__l0.5 calls=1023 margin 7.46->7.11 t=4.3s
[DONE] evaluation__3713__denoise__confidence_boost__simba__l0.5 calls=1023 margin 7.46->12.64 t=4.0s
[DONE] evaluation__3713__denoise__boundary_probe__simba__l0.5 calls=1023 margin 7.46->0.00 t=4.3s
[DONE] evaluation__3713__denoise__counterfactual__simba__l0.5 calls=1023 margin 7.46->-2.38 t=4.0s
[DONE] evaluation__3713__deblur__attack__simba__l1 calls=1023 margin 6.61->-3.97 t=4.2s
[DONE] evaluation__3713__deblur__restore__simba__l1 calls=1023 margin 6.61->6.53 t=4.3s
[DONE] evaluation__3713__deblur__confidence_boost__simba__l1 calls=1023 margin 6.61->12.19 t=4.0s
[DONE] evaluation__3713__deblur__boundary_probe__simba__l1 calls=1023 margin 6.61->0.00 t=4.3s
[DONE] evaluation__3713__deblur__counterfactual__simba__l1 calls=1023 margin 6.61->-2.92 t=4.1s
[DONE] evaluation__7340__denoise__attack__simba__l0.5 calls=1023 margin 2.73->-9.06 t=4.0s
[DONE] evaluation__7340__denoise__restore__simba__l0.5 calls=1023 margin 2.73->2.93 t=4.4s
[DONE] evaluation__7340__denoise__confidence_boost__simba__l0.5 calls=1023 margin 2.73->10.72 t=4.1s
[DONE] evaluation__7340__denoise__boundary_probe__simba__l0.5 calls=1023 margin 2.73->0.00 t=4.3s
[DONE] evaluation__7340__denoise__counterfactual__simba__l0.5 calls=1023 margin 2.73->-8.30 t=4.0s
[DONE] evaluation__7340__deblur__attack__simba__l1 calls=1023 margin 8.76->-9.57 t=4.0s
[DONE] evaluation__7340__deblur__restore__simba__l1 calls=1023 margin 8.76->8.99 t=4.3s
[DONE] evaluation__7340__deblur__confidence_boost__simba__l1 calls=1023 margin 8.76->13.35 t=4.0s
[DONE] evaluation__7340__deblur__boundary_probe__simba__l1 calls=1023 margin 8.76->0.00 t=4.3s
[DONE] evaluation__7340__deblur__counterfactual__simba__l1 calls=1023 margin 8.76->-8.37 t=3.9s
[DONE] evaluation__294__denoise__attack__simba__l0.5 calls=1023 margin 4.97->-1.22 t=4.1s
[DONE] evaluation__294__denoise__restore__simba__l0.5 calls=1023 margin 4.97->4.12 t=4.3s
[DONE] evaluation__294__denoise__confidence_boost__simba__l0.5 calls=1023 margin 4.97->10.12 t=4.0s
[DONE] evaluation__294__denoise__boundary_probe__simba__l0.5 calls=1023 margin 4.97->0.00 t=4.4s
[DONE] evaluation__294__denoise__counterfactual__simba__l0.5 calls=1023 margin 4.97->-1.09 t=4.0s
[DONE] evaluation__294__deblur__attack__simba__l1 calls=1023 margin 6.13->-0.84 t=4.0s
[DONE] evaluation__294__deblur__restore__simba__l1 calls=1023 margin 6.13->6.28 t=4.3s
[DONE] evaluation__294__deblur__confidence_boost__simba__l1 calls=1023 margin 6.13->11.02 t=4.0s
[DONE] evaluation__294__deblur__boundary_probe__simba__l1 calls=1023 margin 6.13->0.00 t=4.2s
[DONE] evaluation__294__deblur__counterfactual__simba__l1 calls=1023 margin 6.13->-0.65 t=4.0s
[DONE] evaluation__4155__denoise__attack__simba__l0.5 calls=1023 margin 5.42->-7.26 t=4.0s
[DONE] evaluation__4155__denoise__restore__simba__l0.5 calls=1023 margin 5.42->4.81 t=4.3s
[DONE] evaluation__4155__denoise__confidence_boost__simba__l0.5 calls=1023 margin 5.42->12.77 t=4.0s
[DONE] evaluation__4155__denoise__boundary_probe__simba__l0.5 calls=1023 margin 5.42->0.00 t=4.3s
[DONE] evaluation__4155__denoise__counterfactual__simba__l0.5 calls=1023 margin 5.42->-6.54 t=4.0s
[DONE] evaluation__4155__deblur__attack__simba__l1 calls=1023 margin 7.33->-0.87 t=4.1s
[DONE] evaluation__4155__deblur__restore__simba__l1 calls=1023 margin 7.33->7.62 t=4.3s
[DONE] evaluation__4155__deblur__confidence_boost__simba__l1 calls=1023 margin 7.33->13.28 t=4.1s
[DONE] evaluation__4155__deblur__boundary_probe__simba__l1 calls=1023 margin 7.33->0.00 t=4.3s
[DONE] evaluation__4155__deblur__counterfactual__simba__l1 calls=1023 margin 7.33->-0.91 t=4.0s
[DONE] evaluation__6237__denoise__attack__simba__l0.5 calls=1023 margin 1.29->-2.88 t=3.9s
[DONE] evaluation__6237__denoise__restore__simba__l0.5 calls=1023 margin 1.29->1.15 t=4.2s
[DONE] evaluation__6237__denoise__confidence_boost__simba__l0.5 calls=1023 margin 1.29->6.12 t=4.1s
[DONE] evaluation__6237__denoise__boundary_probe__simba__l0.5 calls=1023 margin 1.29->0.00 t=4.3s
[DONE] evaluation__6237__denoise__counterfactual__simba__l0.5 calls=1023 margin 1.29->-3.16 t=3.9s
[DONE] evaluation__6237__deblur__attack__simba__l1 calls=1023 margin 0.37->-5.02 t=4.0s
[DONE] evaluation__6237__deblur__restore__simba__l1 calls=1023 margin 0.37->0.05 t=4.4s
[DONE] evaluation__6237__deblur__confidence_boost__simba__l1 calls=1023 margin 0.37->7.47 t=4.0s
[DONE] evaluation__6237__deblur__boundary_probe__simba__l1 calls=1023 margin 0.37->0.00 t=4.2s
[DONE] evaluation__6237__deblur__counterfactual__simba__l1 calls=1023 margin 0.37->-5.03 t=4.1s
[DONE] evaluation__8739__denoise__attack__simba__l0.5 calls=1023 margin 3.66->-6.34 t=4.0s
[DONE] evaluation__8739__denoise__restore__simba__l0.5 calls=1023 margin 3.66->3.92 t=4.3s
[DONE] evaluation__8739__denoise__confidence_boost__simba__l0.5 calls=1023 margin 3.66->10.96 t=4.1s
[DONE] evaluation__8739__denoise__boundary_probe__simba__l0.5 calls=1023 margin 3.66->0.00 t=4.2s
[DONE] evaluation__8739__denoise__counterfactual__simba__l0.5 calls=1023 margin 3.66->-5.66 t=3.9s
[DONE] evaluation__8739__deblur__attack__simba__l1 calls=1023 margin 5.77->-8.47 t=4.0s
[DONE] evaluation__8739__deblur__restore__simba__l1 calls=1023 margin 5.77->6.67 t=4.4s
[DONE] evaluation__8739__deblur__confidence_boost__simba__l1 calls=1023 margin 5.77->12.37 t=4.1s
[DONE] evaluation__8739__deblur__boundary_probe__simba__l1 calls=1023 margin 5.77->0.00 t=4.3s
[DONE] evaluation__8739__deblur__counterfactual__simba__l1 calls=1023 margin 5.77->-8.59 t=4.1s
[DONE] evaluation__3671__denoise__attack__simba__l0.5 calls=1023 margin 5.82->-7.10 t=4.0s
[DONE] evaluation__3671__denoise__restore__simba__l0.5 calls=1023 margin 5.82->6.20 t=4.4s
[DONE] evaluation__3671__denoise__confidence_boost__simba__l0.5 calls=1023 margin 5.82->11.69 t=4.0s
[DONE] evaluation__3671__denoise__boundary_probe__simba__l0.5 calls=1023 margin 5.82->0.00 t=4.3s
[DONE] evaluation__3671__denoise__counterfactual__simba__l0.5 calls=1023 margin 5.82->-7.76 t=4.2s
[DONE] evaluation__3671__deblur__attack__simba__l1 calls=1023 margin 5.36->-11.47 t=4.0s
[DONE] evaluation__3671__deblur__restore__simba__l1 calls=1023 margin 5.36->9.41 t=4.2s
[DONE] evaluation__3671__deblur__confidence_boost__simba__l1 calls=1023 margin 5.36->14.89 t=3.9s
[DONE] evaluation__3671__deblur__boundary_probe__simba__l1 calls=1023 margin 5.36->0.00 t=4.2s
[DONE] evaluation__3671__deblur__counterfactual__simba__l1 calls=1023 margin 5.36->-9.80 t=4.2s
[DONE] evaluation__4173__denoise__attack__simba__l0.5 calls=1023 margin 6.50->-1.47 t=4.0s
[DONE] evaluation__4173__denoise__restore__simba__l0.5 calls=1023 margin 6.50->6.76 t=4.3s
[DONE] evaluation__4173__denoise__confidence_boost__simba__l0.5 calls=1023 margin 6.50->12.61 t=4.0s
[DONE] evaluation__4173__denoise__boundary_probe__simba__l0.5 calls=1023 margin 6.50->0.00 t=4.3s
[DONE] evaluation__4173__denoise__counterfactual__simba__l0.5 calls=1023 margin 6.50->-2.51 t=4.1s
[DONE] evaluation__4173__deblur__attack__simba__l1 calls=1023 margin 7.18->-8.50 t=4.0s
[DONE] evaluation__4173__deblur__restore__simba__l1 calls=1023 margin 7.18->6.87 t=4.4s
[DONE] evaluation__4173__deblur__confidence_boost__simba__l1 calls=1023 margin 7.18->13.82 t=4.0s
[DONE] evaluation__4173__deblur__boundary_probe__simba__l1 calls=1023 margin 7.18->0.00 t=4.3s
[DONE] evaluation__4173__deblur__counterfactual__simba__l1 calls=1023 margin 7.18->-8.22 t=4.1s
[DONE] evaluation__8500__denoise__attack__simba__l0.5 calls=1023 margin 3.75->-4.93 t=4.0s
[DONE] evaluation__8500__denoise__restore__simba__l0.5 calls=1023 margin 3.75->3.49 t=4.4s
[DONE] evaluation__8500__denoise__confidence_boost__simba__l0.5 calls=1023 margin 3.75->11.85 t=4.0s
[DONE] evaluation__8500__denoise__boundary_probe__simba__l0.5 calls=1023 margin 3.75->0.00 t=4.2s
[DONE] evaluation__8500__denoise__counterfactual__simba__l0.5 calls=1023 margin 3.75->-4.63 t=4.1s
[DONE] evaluation__8500__deblur__attack__simba__l1 calls=1023 margin 12.84->5.53 t=4.0s
[DONE] evaluation__8500__deblur__restore__simba__l1 calls=1023 margin 12.84->12.72 t=4.3s
[DONE] evaluation__8500__deblur__confidence_boost__simba__l1 calls=1023 margin 12.84->14.67 t=3.9s
[DONE] evaluation__8500__deblur__boundary_probe__simba__l1 calls=1023 margin 12.84->4.23 t=4.3s
[DONE] evaluation__8500__deblur__counterfactual__simba__l1 calls=1023 margin 12.84->4.05 t=4.0s
[DONE] evaluation__1745__denoise__attack__simba__l0.5 calls=1023 margin 3.11->-5.78 t=3.9s
[DONE] evaluation__1745__denoise__restore__simba__l0.5 calls=1023 margin 3.11->3.20 t=4.2s
[DONE] evaluation__1745__denoise__confidence_boost__simba__l0.5 calls=1023 margin 3.11->8.85 t=4.0s
[DONE] evaluation__1745__denoise__boundary_probe__simba__l0.5 calls=1023 margin 3.11->0.00 t=4.3s
[DONE] evaluation__1745__denoise__counterfactual__simba__l0.5 calls=1023 margin 3.11->-4.87 t=4.1s
[DONE] evaluation__1745__deblur__attack__simba__l1 calls=1023 margin 5.99->-2.08 t=4.0s
[DONE] evaluation__1745__deblur__restore__simba__l1 calls=1023 margin 5.99->6.69 t=4.2s
[DONE] evaluation__1745__deblur__confidence_boost__simba__l1 calls=1023 margin 5.99->11.92 t=4.0s
[DONE] evaluation__1745__deblur__boundary_probe__simba__l1 calls=1023 margin 5.99->0.00 t=4.3s
[DONE] evaluation__1745__deblur__counterfactual__simba__l1 calls=1023 margin 5.99->-1.35 t=4.0s
[DONE] evaluation__4860__denoise__attack__simba__l0.5 calls=1023 margin 5.77->-5.23 t=4.1s
[DONE] evaluation__4860__denoise__restore__simba__l0.5 calls=1023 margin 5.77->5.88 t=4.3s
[DONE] evaluation__4860__denoise__confidence_boost__simba__l0.5 calls=1023 margin 5.77->11.15 t=4.0s
[DONE] evaluation__4860__denoise__boundary_probe__simba__l0.5 calls=1023 margin 5.77->0.00 t=4.2s
[DONE] evaluation__4860__denoise__counterfactual__simba__l0.5 calls=1023 margin 5.77->-4.26 t=4.1s
[DONE] evaluation__4860__deblur__attack__simba__l1 calls=1023 margin 7.80->0.15 t=4.1s
[DONE] evaluation__4860__deblur__restore__simba__l1 calls=1023 margin 7.80->8.93 t=4.3s
[DONE] evaluation__4860__deblur__confidence_boost__simba__l1 calls=1023 margin 7.80->13.73 t=4.1s
[DONE] evaluation__4860__deblur__boundary_probe__simba__l1 calls=1023 margin 7.80->0.00 t=4.2s
[DONE] evaluation__4860__deblur__counterfactual__simba__l1 calls=1023 margin 7.80->-2.19 t=4.1s
[DONE] evaluation__7720__denoise__attack__simba__l0.5 calls=1023 margin 4.63->-6.29 t=3.9s
[DONE] evaluation__7720__denoise__restore__simba__l0.5 calls=1023 margin 4.63->3.67 t=4.3s
[DONE] evaluation__7720__denoise__confidence_boost__simba__l0.5 calls=1023 margin 4.63->10.95 t=4.0s
[DONE] evaluation__7720__denoise__boundary_probe__simba__l0.5 calls=1023 margin 4.63->0.00 t=4.2s
[DONE] evaluation__7720__denoise__counterfactual__simba__l0.5 calls=1023 margin 4.63->-6.21 t=4.1s
[DONE] evaluation__7720__deblur__attack__simba__l1 calls=1023 margin 4.33->-7.36 t=4.0s
[DONE] evaluation__7720__deblur__restore__simba__l1 calls=1023 margin 4.33->5.00 t=4.4s
[DONE] evaluation__7720__deblur__confidence_boost__simba__l1 calls=1023 margin 4.33->12.46 t=3.9s
[DONE] evaluation__7720__deblur__boundary_probe__simba__l1 calls=1023 margin 4.33->0.00 t=4.3s
[DONE] evaluation__7720__deblur__counterfactual__simba__l1 calls=1023 margin 4.33->-4.47 t=4.1s
[DONE] evaluation__920__denoise__attack__simba__l0.5 calls=1023 margin 6.52->-1.19 t=4.0s
[DONE] evaluation__920__denoise__restore__simba__l0.5 calls=1023 margin 6.52->6.32 t=4.3s
[DONE] evaluation__920__denoise__confidence_boost__simba__l0.5 calls=1023 margin 6.52->11.86 t=4.0s
[DONE] evaluation__920__denoise__boundary_probe__simba__l0.5 calls=1023 margin 6.52->0.00 t=4.2s
[DONE] evaluation__920__denoise__counterfactual__simba__l0.5 calls=1023 margin 6.52->-1.05 t=4.2s
[DONE] evaluation__920__deblur__attack__simba__l1 calls=1023 margin 5.36->-7.83 t=4.1s
[DONE] evaluation__920__deblur__restore__simba__l1 calls=1023 margin 5.36->5.41 t=4.3s
[DONE] evaluation__920__deblur__confidence_boost__simba__l1 calls=1023 margin 5.36->12.16 t=4.1s
[DONE] evaluation__920__deblur__boundary_probe__simba__l1 calls=1023 margin 5.36->0.00 t=4.2s
[DONE] evaluation__920__deblur__counterfactual__simba__l1 calls=1023 margin 5.36->-6.20 t=4.1s
[DONE] evaluation__4127__denoise__attack__simba__l0.5 calls=1023 margin 6.54->-0.33 t=4.0s
[DONE] evaluation__4127__denoise__restore__simba__l0.5 calls=1023 margin 6.54->7.23 t=4.3s
[DONE] evaluation__4127__denoise__confidence_boost__simba__l0.5 calls=1023 margin 6.54->11.18 t=4.3s
[DONE] evaluation__4127__denoise__boundary_probe__simba__l0.5 calls=1023 margin 6.54->0.00 t=4.3s
[DONE] evaluation__4127__denoise__counterfactual__simba__l0.5 calls=1023 margin 6.54->-0.73 t=4.1s
[DONE] evaluation__4127__deblur__attack__simba__l1 calls=1023 margin 3.01->-9.50 t=4.1s
[DONE] evaluation__4127__deblur__restore__simba__l1 calls=1023 margin 3.01->2.89 t=4.3s
[DONE] evaluation__4127__deblur__confidence_boost__simba__l1 calls=1023 margin 3.01->12.46 t=4.0s
[DONE] evaluation__4127__deblur__boundary_probe__simba__l1 calls=1023 margin 3.01->0.00 t=4.1s
[DONE] evaluation__4127__deblur__counterfactual__simba__l1 calls=1023 margin 3.01->-8.26 t=3.9s
[DONE] evaluation__6192__denoise__attack__simba__l0.5 calls=1023 margin 10.93->5.13 t=4.0s
[DONE] evaluation__6192__denoise__restore__simba__l0.5 calls=1023 margin 10.93->11.30 t=4.3s
[DONE] evaluation__6192__denoise__confidence_boost__simba__l0.5 calls=1023 margin 10.93->12.89 t=4.2s
[DONE] evaluation__6192__denoise__boundary_probe__simba__l0.5 calls=1023 margin 10.93->4.92 t=4.3s
[DONE] evaluation__6192__denoise__counterfactual__simba__l0.5 calls=1023 margin 10.93->4.30 t=4.0s
[DONE] evaluation__6192__deblur__attack__simba__l1 calls=1023 margin 11.11->-4.39 t=4.0s
[DONE] evaluation__6192__deblur__restore__simba__l1 calls=1023 margin 11.11->12.60 t=4.3s
[DONE] evaluation__6192__deblur__confidence_boost__simba__l1 calls=1023 margin 11.11->14.77 t=4.2s
[DONE] evaluation__6192__deblur__boundary_probe__simba__l1 calls=1023 margin 11.11->0.00 t=4.3s
[DONE] evaluation__6192__deblur__counterfactual__simba__l1 calls=1023 margin 11.11->-5.06 t=4.0s
[DONE] evaluation__8534__denoise__attack__simba__l0.5 calls=1023 margin 8.90->1.64 t=4.1s
[DONE] evaluation__8534__denoise__restore__simba__l0.5 calls=1023 margin 8.90->9.18 t=4.3s
[DONE] evaluation__8534__denoise__confidence_boost__simba__l0.5 calls=1023 margin 8.90->12.83 t=4.0s
[DONE] evaluation__8534__denoise__boundary_probe__simba__l0.5 calls=1023 margin 8.90->1.65 t=4.2s
[DONE] evaluation__8534__denoise__counterfactual__simba__l0.5 calls=1023 margin 8.90->3.77 t=4.2s
[DONE] evaluation__8534__deblur__attack__simba__l1 calls=1023 margin 8.32->-7.24 t=4.0s
[DONE] evaluation__8534__deblur__restore__simba__l1 calls=1023 margin 8.32->8.59 t=4.2s
[DONE] evaluation__8534__deblur__confidence_boost__simba__l1 calls=1023 margin 8.32->13.65 t=4.1s
[DONE] evaluation__8534__deblur__boundary_probe__simba__l1 calls=1023 margin 8.32->0.00 t=4.2s
[DONE] evaluation__8534__deblur__counterfactual__simba__l1 calls=1023 margin 8.32->-7.03 t=4.1s
[DONE] evaluation__3437__denoise__attack__simba__l0.5 calls=1023 margin 0.24->-9.45 t=4.1s
[DONE] evaluation__3437__denoise__restore__simba__l0.5 calls=1023 margin 0.24->0.52 t=4.3s
[DONE] evaluation__3437__denoise__confidence_boost__simba__l0.5 calls=1023 margin 0.24->9.02 t=4.0s
[DONE] evaluation__3437__denoise__boundary_probe__simba__l0.5 calls=1023 margin 0.24->0.00 t=4.1s
[DONE] evaluation__3437__denoise__counterfactual__simba__l0.5 calls=1023 margin 0.24->-8.04 t=4.1s
[DONE] evaluation__3437__deblur__attack__simba__l1 calls=1023 margin 11.61->3.57 t=4.1s
[DONE] evaluation__3437__deblur__restore__simba__l1 calls=1023 margin 11.61->11.62 t=4.3s
[DONE] evaluation__3437__deblur__confidence_boost__simba__l1 calls=1023 margin 11.61->12.93 t=4.1s
[DONE] evaluation__3437__deblur__boundary_probe__simba__l1 calls=1023 margin 11.61->3.85 t=4.2s
[DONE] evaluation__3437__deblur__counterfactual__simba__l1 calls=1023 margin 11.61->2.60 t=4.0s
[DONE] evaluation__5246__denoise__attack__simba__l0.5 calls=1023 margin 5.68->-4.95 t=4.0s
[DONE] evaluation__5246__denoise__restore__simba__l0.5 calls=1023 margin 5.68->5.20 t=4.3s
[DONE] evaluation__5246__denoise__confidence_boost__simba__l0.5 calls=1023 margin 5.68->13.15 t=4.2s
[DONE] evaluation__5246__denoise__boundary_probe__simba__l0.5 calls=1023 margin 5.68->0.00 t=4.3s
[DONE] evaluation__5246__denoise__counterfactual__simba__l0.5 calls=1023 margin 5.68->-5.66 t=4.1s
[DONE] evaluation__5246__deblur__attack__simba__l1 calls=1023 margin 8.58->-4.73 t=4.0s
[DONE] evaluation__5246__deblur__restore__simba__l1 calls=1023 margin 8.58->9.92 t=4.3s
[DONE] evaluation__5246__deblur__confidence_boost__simba__l1 calls=1023 margin 8.58->13.36 t=4.1s
[DONE] evaluation__5246__deblur__boundary_probe__simba__l1 calls=1023 margin 8.58->0.00 t=4.2s
[DONE] evaluation__5246__deblur__counterfactual__simba__l1 calls=1023 margin 8.58->-5.43 t=4.1s
[DONE] evaluation__7762__denoise__attack__simba__l0.5 calls=1023 margin 5.60->-8.06 t=4.1s
[DONE] evaluation__7762__denoise__restore__simba__l0.5 calls=1023 margin 5.60->5.58 t=4.3s
[DONE] evaluation__7762__denoise__confidence_boost__simba__l0.5 calls=1023 margin 5.60->11.80 t=3.9s
[DONE] evaluation__7762__denoise__boundary_probe__simba__l0.5 calls=1023 margin 5.60->0.00 t=4.2s
[DONE] evaluation__7762__denoise__counterfactual__simba__l0.5 calls=1023 margin 5.60->-7.23 t=4.2s
[DONE] evaluation__7762__deblur__attack__simba__l1 calls=1023 margin 9.70->-7.66 t=4.0s
[DONE] evaluation__7762__deblur__restore__simba__l1 calls=1023 margin 9.70->10.61 t=4.4s
[DONE] evaluation__7762__deblur__confidence_boost__simba__l1 calls=1023 margin 9.70->13.62 t=4.1s
[DONE] evaluation__7762__deblur__boundary_probe__simba__l1 calls=1023 margin 9.70->0.00 t=4.2s
[DONE] evaluation__7762__deblur__counterfactual__simba__l1 calls=1023 margin 9.70->-2.38 t=4.2s
[DONE] evaluation__1011__denoise__attack__simba__l0.5 calls=1023 margin 0.63->-8.81 t=4.0s
[DONE] evaluation__1011__denoise__restore__simba__l0.5 calls=1023 margin 0.63->1.76 t=4.3s
[DONE] evaluation__1011__denoise__confidence_boost__simba__l0.5 calls=1023 margin 0.63->10.59 t=4.1s
[DONE] evaluation__1011__denoise__boundary_probe__simba__l0.5 calls=1023 margin 0.63->0.00 t=4.1s
[DONE] evaluation__1011__denoise__counterfactual__simba__l0.5 calls=1023 margin 0.63->-7.98 t=4.0s
[DONE] evaluation__1011__deblur__attack__simba__l1 calls=1023 margin 12.12->-2.04 t=4.0s
[DONE] evaluation__1011__deblur__restore__simba__l1 calls=1023 margin 12.12->11.95 t=4.2s
[DONE] evaluation__1011__deblur__confidence_boost__simba__l1 calls=1023 margin 12.12->14.45 t=4.1s
[DONE] evaluation__1011__deblur__boundary_probe__simba__l1 calls=1023 margin 12.12->0.00 t=4.3s
[DONE] evaluation__1011__deblur__counterfactual__simba__l1 calls=1023 margin 12.12->-3.81 t=4.0s
[DONE] evaluation__3270__denoise__attack__simba__l0.5 calls=1023 margin 6.24->-2.00 t=4.0s
[DONE] evaluation__3270__denoise__restore__simba__l0.5 calls=1023 margin 6.24->6.41 t=4.3s
[DONE] evaluation__3270__denoise__confidence_boost__simba__l0.5 calls=1023 margin 6.24->10.66 t=4.1s
[DONE] evaluation__3270__denoise__boundary_probe__simba__l0.5 calls=1023 margin 6.24->0.00 t=4.2s
[DONE] evaluation__3270__denoise__counterfactual__simba__l0.5 calls=1023 margin 6.24->-1.54 t=3.9s
[DONE] evaluation__3270__deblur__attack__simba__l1 calls=1023 margin 10.09->-1.64 t=4.0s
[DONE] evaluation__3270__deblur__restore__simba__l1 calls=1023 margin 10.09->10.31 t=4.3s
[DONE] evaluation__3270__deblur__confidence_boost__simba__l1 calls=1023 margin 10.09->13.50 t=4.4s
[DONE] evaluation__3270__deblur__boundary_probe__simba__l1 calls=1023 margin 10.09->0.00 t=4.3s
[DONE] evaluation__3270__deblur__counterfactual__simba__l1 calls=1023 margin 10.09->-2.07 t=4.1s
[DONE] evaluation__5383__denoise__attack__simba__l0.5 calls=1023 margin 4.63->-3.42 t=4.0s
[DONE] evaluation__5383__denoise__restore__simba__l0.5 calls=1023 margin 4.63->4.65 t=4.3s
[DONE] evaluation__5383__denoise__confidence_boost__simba__l0.5 calls=1023 margin 4.63->9.76 t=4.1s
[DONE] evaluation__5383__denoise__boundary_probe__simba__l0.5 calls=1023 margin 4.63->0.00 t=4.2s
[DONE] evaluation__5383__denoise__counterfactual__simba__l0.5 calls=1023 margin 4.63->-2.42 t=4.1s
[DONE] evaluation__5383__deblur__attack__simba__l1 calls=1023 margin 8.43->-6.91 t=3.9s
[DONE] evaluation__5383__deblur__restore__simba__l1 calls=1023 margin 8.43->10.50 t=4.2s
[DONE] evaluation__5383__deblur__confidence_boost__simba__l1 calls=1023 margin 8.43->14.26 t=4.1s
[DONE] evaluation__5383__deblur__boundary_probe__simba__l1 calls=1023 margin 8.43->0.00 t=4.2s
[DONE] evaluation__5383__deblur__counterfactual__simba__l1 calls=1023 margin 8.43->-5.52 t=4.0s
[DONE] evaluation__425__denoise__attack__simba__l0.5 calls=1023 margin 1.86->-6.38 t=3.9s
[DONE] evaluation__425__denoise__restore__simba__l0.5 calls=1023 margin 1.86->2.53 t=4.3s
[DONE] evaluation__425__denoise__confidence_boost__simba__l0.5 calls=1023 margin 1.86->8.96 t=4.2s
[DONE] evaluation__425__denoise__boundary_probe__simba__l0.5 calls=1023 margin 1.86->0.00 t=4.2s
[DONE] evaluation__425__denoise__counterfactual__simba__l0.5 calls=1023 margin 1.86->-4.40 t=4.0s
[DONE] evaluation__425__deblur__attack__simba__l1 calls=1023 margin 8.65->-1.49 t=4.1s
[DONE] evaluation__425__deblur__restore__simba__l1 calls=1023 margin 8.65->8.61 t=4.2s
[DONE] evaluation__425__deblur__confidence_boost__simba__l1 calls=1023 margin 8.65->13.01 t=4.0s
[DONE] evaluation__425__deblur__boundary_probe__simba__l1 calls=1023 margin 8.65->0.00 t=4.1s
[DONE] evaluation__425__deblur__counterfactual__simba__l1 calls=1023 margin 8.65->-2.30 t=4.0s
[DONE] evaluation__5315__denoise__attack__simba__l0.5 calls=1023 margin 3.20->-8.25 t=3.8s
[DONE] evaluation__5315__denoise__restore__simba__l0.5 calls=1023 margin 3.20->3.77 t=4.2s
[DONE] evaluation__5315__denoise__confidence_boost__simba__l0.5 calls=1023 margin 3.20->11.11 t=4.0s
[DONE] evaluation__5315__denoise__boundary_probe__simba__l0.5 calls=1023 margin 3.20->0.00 t=4.2s
[DONE] evaluation__5315__denoise__counterfactual__simba__l0.5 calls=1023 margin 3.20->-7.50 t=4.0s
[DONE] evaluation__5315__deblur__attack__simba__l1 calls=1023 margin 8.33->-2.13 t=4.0s
[DONE] evaluation__5315__deblur__restore__simba__l1 calls=1023 margin 8.33->9.77 t=4.2s
[DONE] evaluation__5315__deblur__confidence_boost__simba__l1 calls=1023 margin 8.33->13.21 t=4.0s
[DONE] evaluation__5315__deblur__boundary_probe__simba__l1 calls=1023 margin 8.33->0.00 t=4.3s
[DONE] evaluation__5315__deblur__counterfactual__simba__l1 calls=1023 margin 8.33->-1.37 t=4.0s
[DONE] evaluation__7642__denoise__attack__simba__l0.5 calls=1023 margin 2.54->-8.68 t=4.0s
[DONE] evaluation__7642__denoise__restore__simba__l0.5 calls=1023 margin 2.54->1.34 t=4.2s
[DONE] evaluation__7642__denoise__confidence_boost__simba__l0.5 calls=1023 margin 2.54->11.43 t=3.9s
[DONE] evaluation__7642__denoise__boundary_probe__simba__l0.5 calls=1023 margin 2.54->0.00 t=4.2s
[DONE] evaluation__7642__denoise__counterfactual__simba__l0.5 calls=1023 margin 2.54->-8.45 t=3.9s
[DONE] evaluation__7642__deblur__attack__simba__l1 calls=1023 margin 10.02->-1.53 t=4.0s
[DONE] evaluation__7642__deblur__restore__simba__l1 calls=1023 margin 10.02->11.15 t=4.2s
[DONE] evaluation__7642__deblur__confidence_boost__simba__l1 calls=1023 margin 10.02->13.60 t=4.0s
[DONE] evaluation__7642__deblur__boundary_probe__simba__l1 calls=1023 margin 10.02->0.00 t=4.3s
[DONE] evaluation__7642__deblur__counterfactual__simba__l1 calls=1023 margin 10.02->-2.11 t=3.9s
[DONE] evaluation__9247__denoise__attack__simba__l0.5 calls=1023 margin 6.08->-5.89 t=4.0s
[DONE] evaluation__9247__denoise__restore__simba__l0.5 calls=1023 margin 6.08->7.05 t=4.3s
[DONE] evaluation__9247__denoise__confidence_boost__simba__l0.5 calls=1023 margin 6.08->11.87 t=4.1s
[DONE] evaluation__9247__denoise__boundary_probe__simba__l0.5 calls=1023 margin 6.08->0.00 t=4.2s
[DONE] evaluation__9247__denoise__counterfactual__simba__l0.5 calls=1023 margin 6.08->-5.14 t=4.0s
[DONE] evaluation__9247__deblur__attack__simba__l1 calls=1023 margin 11.74->-2.66 t=4.0s
[DONE] evaluation__9247__deblur__restore__simba__l1 calls=1023 margin 11.74->11.55 t=4.3s
[DONE] evaluation__9247__deblur__confidence_boost__simba__l1 calls=1023 margin 11.74->13.99 t=4.0s
[DONE] evaluation__9247__deblur__boundary_probe__simba__l1 calls=1023 margin 11.74->0.27 t=4.3s
[DONE] evaluation__9247__deblur__counterfactual__simba__l1 calls=1023 margin 11.74->1.71 t=4.0s
[DONE] fit__4123__denoise__attack__simba__l0.5 calls=1023 margin 3.92->-4.28 t=4.0s
[DONE] fit__4123__denoise__restore__simba__l0.5 calls=1023 margin 3.92->4.31 t=4.3s
[DONE] fit__4123__denoise__confidence_boost__simba__l0.5 calls=1023 margin 3.92->8.66 t=4.0s
[DONE] fit__4123__denoise__boundary_probe__simba__l0.5 calls=1023 margin 3.92->0.00 t=4.2s
[DONE] fit__4123__denoise__counterfactual__simba__l0.5 calls=1023 margin 3.92->-2.13 t=4.0s
[DONE] fit__4123__deblur__attack__simba__l1 calls=1023 margin 6.86->-3.38 t=4.0s
[DONE] fit__4123__deblur__restore__simba__l1 calls=1023 margin 6.86->6.90 t=4.4s
[DONE] fit__4123__deblur__confidence_boost__simba__l1 calls=1023 margin 6.86->11.88 t=4.0s
[DONE] fit__4123__deblur__boundary_probe__simba__l1 calls=1023 margin 6.86->0.00 t=4.3s
[DONE] fit__4123__deblur__counterfactual__simba__l1 calls=1023 margin 6.86->-4.10 t=4.0s
[DONE] fit__1187__denoise__attack__simba__l0.5 calls=1023 margin 5.69->-8.27 t=3.9s
[DONE] fit__1187__denoise__restore__simba__l0.5 calls=1023 margin 5.69->5.53 t=4.3s
[DONE] fit__1187__denoise__confidence_boost__simba__l0.5 calls=1023 margin 5.69->12.85 t=4.1s
[DONE] fit__1187__denoise__boundary_probe__simba__l0.5 calls=1023 margin 5.69->0.00 t=4.4s
[DONE] fit__1187__denoise__counterfactual__simba__l0.5 calls=1023 margin 5.69->-7.52 t=4.0s
[DONE] fit__1187__deblur__attack__simba__l1 calls=1023 margin 11.70->4.75 t=3.9s
[DONE] fit__1187__deblur__restore__simba__l1 calls=1023 margin 11.70->12.22 t=4.2s
[DONE] fit__1187__deblur__confidence_boost__simba__l1 calls=1023 margin 11.70->13.27 t=4.1s
[DONE] fit__1187__deblur__boundary_probe__simba__l1 calls=1023 margin 11.70->3.40 t=4.3s
[DONE] fit__1187__deblur__counterfactual__simba__l1 calls=1023 margin 11.70->2.64 t=4.1s
[DONE] fit__7166__denoise__attack__simba__l0.5 calls=1023 margin 4.36->-1.72 t=4.0s
[DONE] fit__7166__denoise__restore__simba__l0.5 calls=1023 margin 4.36->4.86 t=4.4s
[DONE] fit__7166__denoise__confidence_boost__simba__l0.5 calls=1023 margin 4.36->10.61 t=4.2s
[DONE] fit__7166__denoise__boundary_probe__simba__l0.5 calls=1023 margin 4.36->0.00 t=4.5s
[DONE] fit__7166__denoise__counterfactual__simba__l0.5 calls=1023 margin 4.36->-1.64 t=4.1s
[DONE] fit__7166__deblur__attack__simba__l1 calls=1023 margin 8.72->2.75 t=4.1s
[DONE] fit__7166__deblur__restore__simba__l1 calls=1023 margin 8.72->8.50 t=4.4s
[DONE] fit__7166__deblur__confidence_boost__simba__l1 calls=1023 margin 8.72->12.18 t=4.0s
[DONE] fit__7166__deblur__boundary_probe__simba__l1 calls=1023 margin 8.72->1.49 t=4.4s
[DONE] fit__7166__deblur__counterfactual__simba__l1 calls=1023 margin 8.72->1.71 t=3.9s
[DONE] fit__2695__denoise__attack__simba__l0.5 calls=1023 margin 1.27->-7.56 t=4.0s
[DONE] fit__2695__denoise__restore__simba__l0.5 calls=1023 margin 1.27->1.04 t=4.4s
[DONE] fit__2695__denoise__confidence_boost__simba__l0.5 calls=1023 margin 1.27->8.23 t=3.9s
[DONE] fit__2695__denoise__boundary_probe__simba__l0.5 calls=1023 margin 1.27->0.00 t=4.4s
[DONE] fit__2695__denoise__counterfactual__simba__l0.5 calls=1023 margin 1.27->-6.40 t=4.1s
[DONE] fit__2695__deblur__attack__simba__l1 calls=1023 margin 4.53->-9.18 t=4.0s
[DONE] fit__2695__deblur__restore__simba__l1 calls=1023 margin 4.53->5.62 t=4.4s
[DONE] fit__2695__deblur__confidence_boost__simba__l1 calls=1023 margin 4.53->11.33 t=4.0s
[DONE] fit__2695__deblur__boundary_probe__simba__l1 calls=1023 margin 4.53->0.00 t=4.3s
[DONE] fit__2695__deblur__counterfactual__simba__l1 calls=1023 margin 4.53->-8.36 t=4.1s
[DONE] fit__9171__denoise__attack__simba__l0.5 calls=1023 margin 9.24->-2.58 t=4.0s
[DONE] fit__9171__denoise__restore__simba__l0.5 calls=1023 margin 9.24->9.32 t=4.4s
[DONE] fit__9171__denoise__confidence_boost__simba__l0.5 calls=1023 margin 9.24->13.15 t=4.1s
[DONE] fit__9171__denoise__boundary_probe__simba__l0.5 calls=1023 margin 9.24->0.00 t=4.3s
[DONE] fit__9171__denoise__counterfactual__simba__l0.5 calls=1023 margin 9.24->-1.42 t=3.9s
[DONE] fit__9171__deblur__attack__simba__l1 calls=1023 margin 13.29->-4.94 t=4.1s
[DONE] fit__9171__deblur__restore__simba__l1 calls=1023 margin 13.29->14.10 t=4.3s
[DONE] fit__9171__deblur__confidence_boost__simba__l1 calls=1023 margin 13.29->14.28 t=4.1s
[DONE] fit__9171__deblur__boundary_probe__simba__l1 calls=1023 margin 13.29->0.00 t=4.4s
[DONE] fit__9171__deblur__counterfactual__simba__l1 calls=1023 margin 13.29->-5.65 t=4.0s
[DONE] fit__3628__denoise__attack__simba__l0.5 calls=1023 margin 3.47->-5.92 t=3.9s
[DONE] fit__3628__denoise__restore__simba__l0.5 calls=1023 margin 3.47->4.68 t=4.3s
[DONE] fit__3628__denoise__confidence_boost__simba__l0.5 calls=1023 margin 3.47->11.27 t=3.9s
[DONE] fit__3628__denoise__boundary_probe__simba__l0.5 calls=1023 margin 3.47->0.00 t=4.2s
[DONE] fit__3628__denoise__counterfactual__simba__l0.5 calls=1023 margin 3.47->-5.73 t=3.9s
[DONE] fit__3628__deblur__attack__simba__l1 calls=1023 margin 6.89->-6.13 t=4.1s
[DONE] fit__3628__deblur__restore__simba__l1 calls=1023 margin 6.89->6.32 t=4.4s
[DONE] fit__3628__deblur__confidence_boost__simba__l1 calls=1023 margin 6.89->12.86 t=4.0s
[DONE] fit__3628__deblur__boundary_probe__simba__l1 calls=1023 margin 6.89->0.00 t=4.2s
[DONE] fit__3628__deblur__counterfactual__simba__l1 calls=1023 margin 6.89->-5.96 t=4.1s
[DONE] fit__1526__denoise__attack__simba__l0.5 calls=1023 margin 7.03->-3.33 t=3.9s
[DONE] fit__1526__denoise__restore__simba__l0.5 calls=1023 margin 7.03->7.62 t=4.3s
[DONE] fit__1526__denoise__confidence_boost__simba__l0.5 calls=1023 margin 7.03->13.15 t=4.0s
[DONE] fit__1526__denoise__boundary_probe__simba__l0.5 calls=1023 margin 7.03->0.00 t=4.3s
[DONE] fit__1526__denoise__counterfactual__simba__l0.5 calls=1023 margin 7.03->-3.96 t=4.1s
[DONE] fit__1526__deblur__attack__simba__l1 calls=1023 margin 10.16->-4.34 t=4.1s
[DONE] fit__1526__deblur__restore__simba__l1 calls=1023 margin 10.16->10.31 t=4.4s
[DONE] fit__1526__deblur__confidence_boost__simba__l1 calls=1023 margin 10.16->13.99 t=4.2s
[DONE] fit__1526__deblur__boundary_probe__simba__l1 calls=1023 margin 10.16->0.00 t=4.4s
[DONE] fit__1526__deblur__counterfactual__simba__l1 calls=1023 margin 10.16->-4.01 t=4.1s
[DONE] fit__3507__denoise__attack__simba__l0.5 calls=1023 margin 9.52->-4.25 t=4.1s
[DONE] fit__3507__denoise__restore__simba__l0.5 calls=1023 margin 9.52->9.51 t=4.3s
[DONE] fit__3507__denoise__confidence_boost__simba__l0.5 calls=1023 margin 9.52->13.15 t=4.1s
[DONE] fit__3507__denoise__boundary_probe__simba__l0.5 calls=1023 margin 9.52->0.00 t=4.3s
[DONE] fit__3507__denoise__counterfactual__simba__l0.5 calls=1023 margin 9.52->-0.43 t=4.0s
[DONE] fit__3507__deblur__attack__simba__l1 calls=1023 margin 10.64->-9.37 t=4.2s
[DONE] fit__3507__deblur__restore__simba__l1 calls=1023 margin 10.64->11.47 t=4.3s
[DONE] fit__3507__deblur__confidence_boost__simba__l1 calls=1023 margin 10.64->14.19 t=4.1s
[DONE] fit__3507__deblur__boundary_probe__simba__l1 calls=1023 margin 10.64->0.00 t=4.3s
[DONE] fit__3507__deblur__counterfactual__simba__l1 calls=1023 margin 10.64->-9.25 t=4.0s
[DONE] fit__4259__denoise__attack__simba__l0.5 calls=1023 margin 0.74->-10.79 t=4.0s
[DONE] fit__4259__denoise__restore__simba__l0.5 calls=1023 margin 0.74->0.38 t=4.3s
[DONE] fit__4259__denoise__confidence_boost__simba__l0.5 calls=1023 margin 0.74->9.55 t=4.0s
[DONE] fit__4259__denoise__boundary_probe__simba__l0.5 calls=1023 margin 0.74->0.00 t=4.1s
[DONE] fit__4259__denoise__counterfactual__simba__l0.5 calls=1023 margin 0.74->-8.83 t=4.1s
[DONE] fit__4259__deblur__attack__simba__l1 calls=1023 margin 6.92->-3.75 t=4.0s
[DONE] fit__4259__deblur__restore__simba__l1 calls=1023 margin 6.92->7.21 t=4.3s
[DONE] fit__4259__deblur__confidence_boost__simba__l1 calls=1023 margin 6.92->13.00 t=4.0s
[DONE] fit__4259__deblur__boundary_probe__simba__l1 calls=1023 margin 6.92->0.00 t=4.3s
[DONE] fit__4259__deblur__counterfactual__simba__l1 calls=1023 margin 6.92->-4.30 t=4.1s
[DONE] fit__9146__denoise__attack__simba__l0.5 calls=1023 margin 9.14->0.29 t=4.1s
[DONE] fit__9146__denoise__restore__simba__l0.5 calls=1023 margin 9.14->8.95 t=4.3s
[DONE] fit__9146__denoise__confidence_boost__simba__l0.5 calls=1023 margin 9.14->13.77 t=4.0s
[DONE] fit__9146__denoise__boundary_probe__simba__l0.5 calls=1023 margin 9.14->0.40 t=4.3s
[DONE] fit__9146__denoise__counterfactual__simba__l0.5 calls=1023 margin 9.14->0.78 t=4.1s
[DONE] fit__9146__deblur__attack__simba__l1 calls=1023 margin 11.99->3.30 t=4.0s
[DONE] fit__9146__deblur__restore__simba__l1 calls=1023 margin 11.99->12.70 t=4.4s
[DONE] fit__9146__deblur__confidence_boost__simba__l1 calls=1023 margin 11.99->13.64 t=4.1s
[DONE] fit__9146__deblur__boundary_probe__simba__l1 calls=1023 margin 11.99->3.05 t=4.4s
[DONE] fit__9146__deblur__counterfactual__simba__l1 calls=1023 margin 11.99->3.72 t=4.1s
[DONE] fit__4668__denoise__attack__simba__l0.5 calls=1023 margin 9.52->-4.81 t=4.1s
[DONE] fit__4668__denoise__restore__simba__l0.5 calls=1023 margin 9.52->9.02 t=4.3s
[DONE] fit__4668__denoise__confidence_boost__simba__l0.5 calls=1023 margin 9.52->13.45 t=4.1s
[DONE] fit__4668__denoise__boundary_probe__simba__l0.5 calls=1023 margin 9.52->0.00 t=4.2s
[DONE] fit__4668__denoise__counterfactual__simba__l0.5 calls=1023 margin 9.52->-4.35 t=4.1s
[DONE] fit__4668__deblur__attack__simba__l1 calls=1023 margin 4.04->-9.21 t=4.1s
[DONE] fit__4668__deblur__restore__simba__l1 calls=1023 margin 4.04->7.33 t=4.4s
[DONE] fit__4668__deblur__confidence_boost__simba__l1 calls=1023 margin 4.04->14.01 t=4.0s
[DONE] fit__4668__deblur__boundary_probe__simba__l1 calls=1023 margin 4.04->0.00 t=4.3s
[DONE] fit__4668__deblur__counterfactual__simba__l1 calls=1023 margin 4.04->-9.08 t=4.1s
[DONE] fit__743__denoise__attack__simba__l0.5 calls=1023 margin 2.99->-4.64 t=4.0s
[DONE] fit__743__denoise__restore__simba__l0.5 calls=1023 margin 2.99->3.51 t=4.3s
[DONE] fit__743__denoise__confidence_boost__simba__l0.5 calls=1023 margin 2.99->8.75 t=4.0s
[DONE] fit__743__denoise__boundary_probe__simba__l0.5 calls=1023 margin 2.99->0.00 t=4.2s
[DONE] fit__743__denoise__counterfactual__simba__l0.5 calls=1023 margin 2.99->-4.38 t=4.1s
[DONE] fit__743__deblur__attack__simba__l1 calls=1023 margin 9.96->-5.02 t=4.1s
[DONE] fit__743__deblur__restore__simba__l1 calls=1023 margin 9.96->8.85 t=4.3s
[DONE] fit__743__deblur__confidence_boost__simba__l1 calls=1023 margin 9.96->13.28 t=4.0s
[DONE] fit__743__deblur__boundary_probe__simba__l1 calls=1023 margin 9.96->0.00 t=4.3s
[DONE] fit__743__deblur__counterfactual__simba__l1 calls=1023 margin 9.96->-2.10 t=4.0s
[DONE] fit__5929__denoise__attack__simba__l0.5 calls=1023 margin 3.09->-5.76 t=4.0s
[DONE] fit__5929__denoise__restore__simba__l0.5 calls=1023 margin 3.09->2.92 t=4.4s
[DONE] fit__5929__denoise__confidence_boost__simba__l0.5 calls=1023 margin 3.09->11.59 t=4.0s
[DONE] fit__5929__denoise__boundary_probe__simba__l0.5 calls=1023 margin 3.09->0.00 t=4.3s
[DONE] fit__5929__denoise__counterfactual__simba__l0.5 calls=1023 margin 3.09->-5.41 t=4.1s
[DONE] fit__5929__deblur__attack__simba__l1 calls=1023 margin 4.45->-6.52 t=4.0s
[DONE] fit__5929__deblur__restore__simba__l1 calls=1023 margin 4.45->5.11 t=4.4s
[DONE] fit__5929__deblur__confidence_boost__simba__l1 calls=1023 margin 4.45->12.57 t=4.1s
[DONE] fit__5929__deblur__boundary_probe__simba__l1 calls=1023 margin 4.45->0.00 t=4.3s
[DONE] fit__5929__deblur__counterfactual__simba__l1 calls=1023 margin 4.45->-6.27 t=4.1s
[DONE] fit__2021__denoise__attack__simba__l0.5 calls=1023 margin 4.26->-3.37 t=4.0s
[DONE] fit__2021__denoise__restore__simba__l0.5 calls=1023 margin 4.26->4.82 t=4.4s
[DONE] fit__2021__denoise__confidence_boost__simba__l0.5 calls=1023 margin 4.26->11.03 t=4.0s
[DONE] fit__2021__denoise__boundary_probe__simba__l0.5 calls=1023 margin 4.26->0.00 t=4.2s
[DONE] fit__2021__denoise__counterfactual__simba__l0.5 calls=1023 margin 4.26->-3.80 t=4.1s
[DONE] fit__2021__deblur__attack__simba__l1 calls=1023 margin 6.43->-4.64 t=4.0s
[DONE] fit__2021__deblur__restore__simba__l1 calls=1023 margin 6.43->7.52 t=4.4s
[DONE] fit__2021__deblur__confidence_boost__simba__l1 calls=1023 margin 6.43->12.79 t=4.1s
[DONE] fit__2021__deblur__boundary_probe__simba__l1 calls=1023 margin 6.43->0.00 t=4.4s
[DONE] fit__2021__deblur__counterfactual__simba__l1 calls=1023 margin 6.43->-3.80 t=4.0s
[DONE] fit__8256__denoise__attack__simba__l0.5 calls=1023 margin 7.51->-3.27 t=3.9s
[DONE] fit__8256__denoise__restore__simba__l0.5 calls=1023 margin 7.51->7.12 t=4.3s
[DONE] fit__8256__denoise__confidence_boost__simba__l0.5 calls=1023 margin 7.51->12.20 t=4.1s
[DONE] fit__8256__denoise__boundary_probe__simba__l0.5 calls=1023 margin 7.51->0.00 t=4.3s
[DONE] fit__8256__denoise__counterfactual__simba__l0.5 calls=1023 margin 7.51->-2.02 t=4.0s
[DONE] fit__8256__deblur__attack__simba__l1 calls=1023 margin 11.97->0.67 t=4.0s
[DONE] fit__8256__deblur__restore__simba__l1 calls=1023 margin 11.97->12.71 t=4.3s
[DONE] fit__8256__deblur__confidence_boost__simba__l1 calls=1023 margin 11.97->13.96 t=4.1s
[DONE] fit__8256__deblur__boundary_probe__simba__l1 calls=1023 margin 11.97->0.73 t=4.4s
[DONE] fit__8256__deblur__counterfactual__simba__l1 calls=1023 margin 11.97->0.18 t=4.1s
[DONE] fit__4336__denoise__attack__simba__l0.5 calls=1023 margin 9.51->1.79 t=4.0s
[DONE] fit__4336__denoise__restore__simba__l0.5 calls=1023 margin 9.51->10.37 t=4.3s
[DONE] fit__4336__denoise__confidence_boost__simba__l0.5 calls=1023 margin 9.51->12.05 t=4.1s
[DONE] fit__4336__denoise__boundary_probe__simba__l0.5 calls=1023 margin 9.51->1.13 t=4.3s
[DONE] fit__4336__denoise__counterfactual__simba__l0.5 calls=1023 margin 9.51->0.86 t=4.0s
[DONE] fit__4336__deblur__attack__simba__l1 calls=1023 margin 9.82->-2.99 t=4.1s
[DONE] fit__4336__deblur__restore__simba__l1 calls=1023 margin 9.82->12.02 t=4.3s
[DONE] fit__4336__deblur__confidence_boost__simba__l1 calls=1023 margin 9.82->12.98 t=4.1s
[DONE] fit__4336__deblur__boundary_probe__simba__l1 calls=1023 margin 9.82->0.00 t=4.3s
[DONE] fit__4336__deblur__counterfactual__simba__l1 calls=1023 margin 9.82->-2.55 t=4.0s
