[DONE] calibration__1819__clean__shuffled__r0 bl=-1 gwad+=-1 t=4.3s
[DONE] calibration__1819__clean__shuffled__r1 bl=-1 gwad+=-1 t=4.3s
[DONE] calibration__1819__clean__shuffled__r2 bl=-1 gwad+=-1 t=3.9s
[DONE] calibration__1819__clean__shuffled__r3 bl=-1 gwad+=-1 t=4.0s
[DONE] calibration__1819__clean__shuffled__r4 bl=-1 gwad+=-1 t=4.0s
[DONE] calibration__1819__clean__shuffled__r5 bl=-1 gwad+=-1 t=4.1s
[DONE] calibration__1819__clean__shuffled__r6 bl=-1 gwad+=-1 t=4.1s
[DONE] calibration__1819__clean__shuffled__r7 bl=-1 gwad+=-1 t=4.1s
[DONE] calibration__1819__clean__shuffled__r8 bl=-1 gwad+=-1 t=4.2s
[DONE] calibration__1819__clean__shuffled__r9 bl=-1 gwad+=-1 t=4.1s
[DONE] calibration__1819__clean__noise__r0 bl=-1 gwad+=265 t=4.1s
[DONE] calibration__1819__clean__sweep__r0 bl=571 gwad+=259 t=3.7s
[DONE] calibration__8769__clean__shuffled__r0 bl=-1 gwad+=-1 t=3.8s
[DONE] calibration__8769__clean__shuffled__r1 bl=-1 gwad+=-1 t=4.0s
[DONE] calibration__8769__clean__shuffled__r2 bl=-1 gwad+=-1 t=4.1s
[DONE] calibration__8769__clean__shuffled__r3 bl=-1 gwad+=-1 t=4.1s
[DONE] calibration__8769__clean__shuffled__r4 bl=1024 gwad+=-1 t=4.0s
[DONE] calibration__8769__clean__shuffled__r5 bl=-1 gwad+=-1 t=4.1s
[DONE] calibration__8769__clean__shuffled__r6 bl=-1 gwad+=-1 t=3.9s
[DONE] calibration__8769__clean__shuffled__r7 bl=-1 gwad+=-1 t=4.1s
[DONE] calibration__8769__clean__shuffled__r8 bl=-1 gwad+=-1 t=4.0s
[DONE] calibration__8769__clean__shuffled__r9 bl=-1 gwad+=-1 t=4.3s
[DONE] calibration__8769__clean__noise__r0 bl=-1 gwad+=259 t=4.2s
[DONE] calibration__8769__clean__sweep__r0 bl=161 gwad+=259 t=3.5s
[DONE] calibration__3029__clean__shuffled__r0 bl=-1 gwad+=-1 t=4.0s
[DONE] calibration__3029__clean__shuffled__r1 bl=-1 gwad+=-1 t=4.2s
[DONE] calibration__3029__clean__shuffled__r2 bl=-1 gwad+=-1 t=4.1s
[DONE] calibration__3029__clean__shuffled__r3 bl=-1 gwad+=-1 t=4.2s
[DONE] calibration__3029__clean__shuffled__r4 bl=-1 gwad+=-1 t=4.2s
[DONE] calibration__3029__clean__shuffled__r5 bl=-1 gwad+=-1 t=4.2s
[DONE] calibration__3029__clean__shuffled__r6 bl=-1 gwad+=-1 t=4.1s
[DONE] calibration__3029__clean__shuffled__r7 bl=-1 gwad+=-1 t=4.0s
[DONE] calibration__3029__clean__shuffled__r8 bl=-1 gwad+=-1 t=4.0s
[DONE] calibration__3029__clean__shuffled__r9 bl=-1 gwad+=-1 t=4.1s
[DONE] calibration__3029__clean__noise__r0 bl=-1 gwad+=259 t=4.2s
[DONE] calibration__3029__clean__sweep__r0 bl=609 gwad+=259 t=3.6s
[DONE] calibration__1451__clean__shuffled__r0 bl=-1 gwad+=-1 t=4.1s
[DONE] calibration__1451__clean__shuffled__r1 bl=-1 gwad+=-1 t=4.3s
[DONE] calibration__1451__clean__shuffled__r2 bl=-1 gwad+=-1 t=4.1s
[DONE] calibration__1451__clean__shuffled__r3 bl=-1 gwad+=-1 t=4.2s
[DONE] calibration__1451__clean__shuffled__r4 bl=-1 gwad+=-1 t=4.0s
[DONE] calibration__1451__clean__shuffled__r5 bl=-1 gwad+=-1 t=4.1s
[DONE] calibration__1451__clean__shuffled__r6 bl=-1 gwad+=-1 t=4.1s
[DONE] calibration__1451__clean__shuffled__r7 bl=-1 gwad+=-1 t=4.1s
[DONE] calibration__1451__clean__shuffled__r8 bl=-1 gwad+=-1 t=4.0s
[DONE] calibration__1451__clean__shuffled__r9 bl=-1 gwad+=-1 t=4.3s
[DONE] calibration__1451__clean__noise__r0 bl=-1 gwad+=259 t=4.3s
[DONE] calibration__1451__clean__sweep__r0 bl=609 gwad+=259 t=3.6s
[DONE] calibration__6679__clean__shuffled__r0 bl=-1 gwad+=-1 t=4.0s
[DONE] calibration__6679__clean__shuffled__r1 bl=-1 gwad+=-1 t=4.1s
[DONE] calibration__6679__clean__shuffled__r2 bl=-1 gwad+=-1 t=4.1s
[DONE] calibration__6679__clean__shuffled__r3 bl=-1 gwad+=-1 t=4.1s
[DONE] calibration__6679__clean__shuffled__r4 bl=-1 gwad+=-1 t=4.1s
[DONE] calibration__6679__clean__shuffled__r5 bl=-1 gwad+=-1 t=3.9s
[DONE] calibration__6679__clean__shuffled__r6 bl=-1 gwad+=-1 t=4.2s
[DONE] calibration__6679__clean__shuffled__r7 bl=-1 gwad+=-1 t=3.9s
[DONE] calibration__6679__clean__shuffled__r8 bl=-1 gwad+=-1 t=4.1s
[DONE] calibration__6679__clean__shuffled__r9 bl=-1 gwad+=-1 t=4.1s
[DONE] calibration__6679__clean__noise__r0 bl=-1 gwad+=259 t=4.2s
[DONE] calibration__6679__clean__sweep__r0 bl=330 gwad+=259 t=3.6s
[DONE] calibration__4407__clean__shuffled__r0 bl=-1 gwad+=-1 t=4.3s
[DONE] calibration__4407__clean__shuffled__r1 bl=-1 gwad+=-1 t=4.0s
[DONE] calibration__4407__clean__shuffled__r2 bl=-1 gwad+=-1 t=4.0s
[DONE] calibration__4407__clean__shuffled__r3 bl=-1 gwad+=-1 t=3.9s
[DONE] calibration__4407__clean__shuffled__r4 bl=-1 gwad+=-1 t=4.0s
[DONE] calibration__4407__clean__shuffled__r5 bl=-1 gwad+=-1 t=4.1s
[DONE] calibration__4407__clean__shuffled__r6 bl=-1 gwad+=-1 t=4.0s
[DONE] calibration__4407__clean__shuffled__r7 bl=-1 gwad+=-1 t=3.8s
[DONE] calibration__4407__clean__shuffled__r8 bl=-1 gwad+=-1 t=4.1s
[DONE] calibration__4407__clean__shuffled__r9 bl=-1 gwad+=-1 t=4.1s
[DONE] calibration__4407__clean__noise__r0 bl=-1 gwad+=259 t=4.3s
[DONE] calibration__4407__clean__sweep__r0 bl=34 gwad+=259 t=3.2s
[DONE] calibration__9089__clean__shuffled__r0 bl=-1 gwad+=-1 t=4.1s
[DONE] calibration__9089__clean__shuffled__r1 bl=-1 gwad+=-1 t=4.2s
[DONE] calibration__9089__clean__shuffled__r2 bl=-1 gwad+=-1 t=4.1s
[DONE] calibration__9089__clean__shuffled__r3 bl=-1 gwad+=-1 t=4.1s
[DONE] calibration__9089__clean__shuffled__r4 bl=-1 gwad+=-1 t=4.1s
[DONE] calibration__9089__clean__shuffled__r5 bl=-1 gwad+=-1 t=4.2s
[DONE] calibration__9089__clean__shuffled__r6 bl=-1 gwad+=-1 t=4.2s
[DONE] calibration__9089__clean__shuffled__r7 bl=-1 gwad+=-1 t=4.0s
[DONE] calibration__9089__clean__shuffled__r8 bl=-1 gwad+=-1 t=4.0s
[DONE] calibration__9089__clean__shuffled__r9 bl=-1 gwad+=-1 t=4.1s
[DONE] calibration__9089__clean__noise__r0 bl=-1 gwad+=259 t=4.2s
[DONE] calibration__9089__clean__sweep__r0 bl=33 gwad+=259 t=3.4s
[DONE] calibration__4757__clean__shuffled__r0 bl=-1 gwad+=-1 t=4.0s
[DONE] calibration__4757__clean__shuffled__r1 bl=-1 gwad+=-1 t=4.1s
[DONE] calibration__4757__clean__shuffled__r2 bl=-1 gwad+=-1 t=4.1s
[DONE] calibration__4757__clean__shuffled__r3 bl=-1 gwad+=-1 t=4.1s
[DONE] calibration__4757__clean__shuffled__r4 bl=-1 gwad+=-1 t=4.0s
[DONE] calibration__4757__clean__shuffled__r5 bl=-1 gwad+=-1 t=4.0s
[DONE] calibration__4757__clean__shuffled__r6 bl=-1 gwad+=-1 t=4.0s
[DONE] calibration__4757__clean__shuffled__r7 bl=-1 gwad+=-1 t=3.9s
[DONE] calibration__4757__clean__shuffled__r8 bl=-1 gwad+=-1 t=4.2s
[DONE] calibration__4757__clean__shuffled__r9 bl=-1 gwad+=-1 t=4.2s
[DONE] calibration__4757__clean__noise__r0 bl=-1 gwad+=259 t=4.2s
[DONE] calibration__4757__clean__sweep__r0 bl=388 gwad+=259 t=3.4s
[DONE] calibration__834__clean__shuffled__r0 bl=-1 gwad+=-1 t=4.0s
[DONE] calibration__834__clean__shuffled__r1 bl=-1 gwad+=-1 t=4.0s
[DONE] calibration__834__clean__shuffled__r2 bl=-1 gwad+=-1 t=4.3s
[DONE] calibration__834__clean__shuffled__r3 bl=-1 gwad+=-1 t=4.1s
[DONE] calibration__834__clean__shuffled__r4 bl=-1 gwad+=-1 t=4.2s
[DONE] calibration__834__clean__shuffled__r5 bl=-1 gwad+=-1 t=3.9s
[DONE] calibration__834__clean__shuffled__r6 bl=-1 gwad+=-1 t=4.1s
[DONE] calibration__834__clean__shuffled__r7 bl=-1 gwad+=-1 t=4.0s
[DONE] calibration__834__clean__shuffled__r8 bl=-1 gwad+=-1 t=4.2s
[DONE] calibration__834__clean__shuffled__r9 bl=-1 gwad+=-1 t=4.2s
[DONE] calibration__834__clean__noise__r0 bl=-1 gwad+=259 t=4.1s
[DONE] calibration__834__clean__sweep__r0 bl=227 gwad+=259 t=3.7s
[DONE] calibration__8147__clean__shuffled__r0 bl=-1 gwad+=-1 t=4.1s
[DONE] calibration__8147__clean__shuffled__r1 bl=-1 gwad+=-1 t=4.1s
[DONE] calibration__8147__clean__shuffled__r2 bl=-1 gwad+=-1 t=4.1s
[DONE] calibration__8147__clean__shuffled__r3 bl=-1 gwad+=-1 t=4.1s
[DONE] calibration__8147__clean__shuffled__r4 bl=-1 gwad+=-1 t=4.1s
[DONE] calibration__8147__clean__shuffled__r5 bl=-1 gwad+=-1 t=4.0s
[DONE] calibration__8147__clean__shuffled__r6 bl=-1 gwad+=-1 t=4.2s
[DONE] calibration__8147__clean__shuffled__r7 bl=-1 gwad+=-1 t=4.1s
[DONE] calibration__8147__clean__shuffled__r8 bl=-1 gwad+=-1 t=4.0s
[DONE] calibration__8147__clean__shuffled__r9 bl=-1 gwad+=-1 t=4.0s
[DONE] calibration__8147__clean__noise__r0 bl=-1 gwad+=259 t=4.3s
[DONE] calibration__8147__clean__sweep__r0 bl=425 gwad+=259 t=3.5s
[DONE] calibration__3936__clean__shuffled__r0 bl=-1 gwad+=-1 t=4.0s
[DONE] calibration__3936__clean__shuffled__r1 bl=-1 gwad+=-1 t=3.9s
[DONE] calibration__3936__clean__shuffled__r2 bl=-1 gwad+=-1 t=4.2s
[DONE] calibration__3936__clean__shuffled__r3 bl=-1 gwad+=-1 t=4.0s
[DONE] calibration__3936__clean__shuffled__r4 bl=-1 gwad+=-1 t=4.1s
[DONE] calibration__3936__clean__shuffled__r5 bl=-1 gwad+=-1 t=4.1s
[DONE] calibration__3936__clean__shuffled__r6 bl=-1 gwad+=-1 t=4.2s
[DONE] calibration__3936__clean__shuffled__r7 bl=-1 gwad+=-1 t=3.9s
[DONE] calibration__3936__clean__shuffled__r8 bl=-1 gwad+=-1 t=4.0s
[DONE] calibration__3936__clean__shuffled__r9 bl=-1 gwad+=-1 t=3.9s
[DONE] calibration__3936__clean__noise__r0 bl=-1 gwad+=264 t=4.1s
[DONE] calibration__3936__clean__sweep__r0 bl=322 gwad+=259 t=3.7s
[DONE] calibration__9556__clean__shuffled__r0 bl=-1 gwad+=-1 t=4.1s
[DONE] calibration__9556__clean__shuffled__r1 bl=-1 gwad+=-1 t=4.1s
[DONE] calibration__9556__clean__shuffled__r2 bl=-1 gwad+=-1 t=4.0s
[DONE] calibration__9556__clean__shuffled__r3 bl=-1 gwad+=-1 t=4.0s
[DONE] calibration__9556__clean__shuffled__r4 bl=-1 gwad+=-1 t=4.0s
[DONE] calibration__9556__clean__shuffled__r5 bl=-1 gwad+=-1 t=4.2s
[DONE] calibration__9556__clean__shuffled__r6 bl=-1 gwad+=-1 t=4.3s
[DONE] calibration__9556__clean__shuffled__r7 bl=-1 gwad+=-1 t=4.1s
[DONE] calibration__9556__clean__shuffled__r8 bl=-1 gwad+=-1 t=4.1s
[DONE] calibration__9556__clean__shuffled__r9 bl=-1 gwad+=-1 t=4.1s
[DONE] calibration__9556__clean__noise__r0 bl=-1 gwad+=260 t=4.2s
[DONE] calibration__9556__clean__sweep__r0 bl=327 gwad+=259 t=3.7s
[DONE] calibration__3330__clean__shuffled__r0 bl=-1 gwad+=-1 t=3.9s
[DONE] calibration__3330__clean__shuffled__r1 bl=-1 gwad+=-1 t=4.0s
[DONE] calibration__3330__clean__shuffled__r2 bl=-1 gwad+=-1 t=4.1s
[DONE] calibration__3330__clean__shuffled__r3 bl=-1 gwad+=-1 t=4.1s
[DONE] calibration__3330__clean__shuffled__r4 bl=-1 gwad+=-1 t=4.1s
[DONE] calibration__3330__clean__shuffled__r5 bl=-1 gwad+=-1 t=4.1s
[DONE] calibration__3330__clean__shuffled__r6 bl=-1 gwad+=-1 t=3.9s
[DONE] calibration__3330__clean__shuffled__r7 bl=-1 gwad+=-1 t=3.9s
[DONE] calibration__3330__clean__shuffled__r8 bl=-1 gwad+=-1 t=4.0s
[DONE] calibration__3330__clean__shuffled__r9 bl=-1 gwad+=-1 t=4.1s
[DONE] calibration__3330__clean__noise__r0 bl=-1 gwad+=259 t=4.4s
[DONE] calibration__3330__clean__sweep__r0 bl=385 gwad+=259 t=3.6s
[DONE] calibration__880__clean__shuffled__r0 bl=-1 gwad+=-1 t=4.1s
[DONE] calibration__880__clean__shuffled__r1 bl=-1 gwad+=-1 t=4.4s
[DONE] calibration__880__clean__shuffled__r2 bl=-1 gwad+=-1 t=4.1s
[DONE] calibration__880__clean__shuffled__r3 bl=-1 gwad+=-1 t=3.8s
[DONE] calibration__880__clean__shuffled__r4 bl=773 gwad+=-1 t=4.1s
[DONE] calibration__880__clean__shuffled__r5 bl=-1 gwad+=-1 t=4.0s
[DONE] calibration__880__clean__shuffled__r6 bl=-1 gwad+=-1 t=4.0s
[DONE] calibration__880__clean__shuffled__r7 bl=-1 gwad+=-1 t=4.3s
[DONE] calibration__880__clean__shuffled__r8 bl=-1 gwad+=-1 t=4.0s
[DONE] calibration__880__clean__shuffled__r9 bl=-1 gwad+=-1 t=3.9s
[DONE] calibration__880__clean__noise__r0 bl=-1 gwad+=262 t=4.3s
[DONE] calibration__880__clean__sweep__r0 bl=27 gwad+=259 t=3.4s
[DONE] calibration__6155__clean__shuffled__r0 bl=-1 gwad+=-1 t=3.9s
[DONE] calibration__6155__clean__shuffled__r1 bl=-1 gwad+=-1 t=4.0s
[DONE] calibration__6155__clean__shuffled__r2 bl=-1 gwad+=-1 t=4.1s
[DONE] calibration__6155__clean__shuffled__r3 bl=-1 gwad+=-1 t=3.9s
[DONE] calibration__6155__clean__shuffled__r4 bl=-1 gwad+=-1 t=4.1s
[DONE] calibration__6155__clean__shuffled__r5 bl=-1 gwad+=-1 t=4.1s
[DONE] calibration__6155__clean__shuffled__r6 bl=-1 gwad+=-1 t=4.1s
[DONE] calibration__6155__clean__shuffled__r7 bl=-1 gwad+=-1 t=4.0s
[DONE] calibration__6155__clean__shuffled__r8 bl=-1 gwad+=-1 t=4.1s
[DONE] calibration__6155__clean__shuffled__r9 bl=-1 gwad+=-1 t=4.2s
[DONE] calibration__6155__clean__noise__r0 bl=-1 gwad+=269 t=4.3s
[DONE] calibration__6155__clean__sweep__r0 bl=225 gwad+=259 t=3.6s
[DONE] calibration__5400__clean__shuffled__r0 bl=-1 gwad+=-1 t=4.2s
[DONE] calibration__5400__clean__shuffled__r1 bl=-1 gwad+=-1 t=4.1s
[DONE] calibration__5400__clean__shuffled__r2 bl=-1 gwad+=-1 t=3.9s
[DONE] calibration__5400__clean__shuffled__r3 bl=-1 gwad+=-1 t=4.1s
[DONE] calibration__5400__clean__shuffled__r4 bl=-1 gwad+=-1 t=4.1s
[DONE] calibration__5400__clean__shuffled__r5 bl=-1 gwad+=-1 t=4.1s
[DONE] calibration__5400__clean__shuffled__r6 bl=-1 gwad+=-1 t=4.0s
[DONE] calibration__5400__clean__shuffled__r7 bl=-1 gwad+=-1 t=4.0s
[DONE] calibration__5400__clean__shuffled__r8 bl=-1 gwad+=-1 t=4.1s
[DONE] calibration__5400__clean__shuffled__r9 bl=-1 gwad+=-1 t=4.1s
[DONE] calibration__5400__clean__noise__r0 bl=-1 gwad+=259 t=4.4s
[DONE] calibration__5400__clean__sweep__r0 bl=420 gwad+=259 t=3.6s
[DONE] calibration__9312__clean__shuffled__r0 bl=778 gwad+=-1 t=3.9s
[DONE] calibration__9312__clean__shuffled__r1 bl=-1 gwad+=-1 t=3.8s
[DONE] calibration__9312__clean__shuffled__r2 bl=-1 gwad+=-1 t=3.9s
[DONE] calibration__9312__clean__shuffled__r3 bl=-1 gwad+=-1 t=4.0s
[DONE] calibration__9312__clean__shuffled__r4 bl=-1 gwad+=-1 t=4.1s
[DONE] calibration__9312__clean__shuffled__r5 bl=-1 gwad+=-1 t=4.1s
[DONE] calibration__9312__clean__shuffled__r6 bl=-1 gwad+=-1 t=4.1s
[DONE] calibration__9312__clean__shuffled__r7 bl=-1 gwad+=-1 t=3.9s
[DONE] calibration__9312__clean__shuffled__r8 bl=-1 gwad+=-1 t=4.3s
[DONE] calibration__9312__clean__shuffled__r9 bl=-1 gwad+=-1 t=4.1s
[DONE] calibration__9312__clean__noise__r0 bl=-1 gwad+=259 t=4.0s
[DONE] calibration__9312__clean__sweep__r0 bl=321 gwad+=259 t=3.4s
[DONE] evaluation__3782__clean__shuffled__r0 bl=-1 gwad+=-1 t=3.9s
[DONE] evaluation__3782__clean__shuffled__r1 bl=-1 gwad+=-1 t=4.1s
[DONE] evaluation__3782__clean__shuffled__r2 bl=-1 gwad+=-1 t=4.1s
[DONE] evaluation__3782__clean__shuffled__r3 bl=-1 gwad+=-1 t=3.9s
[DONE] evaluation__3782__clean__shuffled__r4 bl=-1 gwad+=-1 t=3.8s
[DONE] evaluation__3782__clean__shuffled__r5 bl=-1 gwad+=-1 t=4.1s
[DONE] evaluation__3782__clean__shuffled__r6 bl=-1 gwad+=-1 t=4.2s
[DONE] evaluation__3782__clean__shuffled__r7 bl=-1 gwad+=-1 t=3.8s
[DONE] evaluation__3782__clean__shuffled__r8 bl=-1 gwad+=-1 t=4.1s
[DONE] evaluation__3782__clean__shuffled__r9 bl=-1 gwad+=-1 t=4.0s
[DONE] evaluation__3782__clean__noise__r0 bl=-1 gwad+=259 t=4.4s
[DONE] evaluation__3782__clean__sweep__r0 bl=20 gwad+=259 t=3.0s
[DONE] evaluation__7115__clean__shuffled__r0 bl=-1 gwad+=-1 t=3.9s
[DONE] evaluation__7115__clean__shuffled__r1 bl=-1 gwad+=-1 t=4.0s
[DONE] evaluation__7115__clean__shuffled__r2 bl=-1 gwad+=-1 t=3.9s
[DONE] evaluation__7115__clean__shuffled__r3 bl=-1 gwad+=-1 t=4.0s
[DONE] evaluation__7115__clean__shuffled__r4 bl=-1 gwad+=-1 t=4.0s
[DONE] evaluation__7115__clean__shuffled__r5 bl=-1 gwad+=-1 t=4.2s
[DONE] evaluation__7115__clean__shuffled__r6 bl=-1 gwad+=-1 t=4.0s
[DONE] evaluation__7115__clean__shuffled__r7 bl=-1 gwad+=-1 t=4.2s
[DONE] evaluation__7115__clean__shuffled__r8 bl=-1 gwad+=-1 t=4.3s
[DONE] evaluation__7115__clean__shuffled__r9 bl=-1 gwad+=-1 t=4.1s
[DONE] evaluation__7115__clean__noise__r0 bl=-1 gwad+=259 t=4.4s
[DONE] evaluation__7115__clean__sweep__r0 bl=32 gwad+=259 t=3.6s
[DONE] evaluation__9046__clean__shuffled__r0 bl=-1 gwad+=-1 t=4.1s
[DONE] evaluation__9046__clean__shuffled__r1 bl=-1 gwad+=-1 t=4.0s
[DONE] evaluation__9046__clean__shuffled__r2 bl=-1 gwad+=-1 t=4.2s
[DONE] evaluation__9046__clean__shuffled__r3 bl=-1 gwad+=-1 t=4.2s
[DONE] evaluation__9046__clean__shuffled__r4 bl=-1 gwad+=-1 t=4.1s
[DONE] evaluation__9046__clean__shuffled__r5 bl=-1 gwad+=-1 t=4.1s
[DONE] evaluation__9046__clean__shuffled__r6 bl=-1 gwad+=-1 t=3.9s
[DONE] evaluation__9046__clean__shuffled__r7 bl=-1 gwad+=-1 t=4.1s
[DONE] evaluation__9046__clean__shuffled__r8 bl=-1 gwad+=-1 t=3.9s
[DONE] evaluation__9046__clean__shuffled__r9 bl=-1 gwad+=-1 t=3.9s
[DONE] evaluation__9046__clean__noise__r0 bl=-1 gwad+=259 t=4.2s
[DONE] evaluation__9046__clean__sweep__r0 bl=184 gwad+=259 t=3.4s
[DONE] evaluation__604__clean__shuffled__r0 bl=-1 gwad+=-1 t=4.2s
[DONE] evaluation__604__clean__shuffled__r1 bl=-1 gwad+=-1 t=3.9s
[DONE] evaluation__604__clean__shuffled__r2 bl=-1 gwad+=-1 t=3.9s
[DONE] evaluation__604__clean__shuffled__r3 bl=-1 gwad+=-1 t=4.0s
[DONE] evaluation__604__clean__shuffled__r4 bl=-1 gwad+=-1 t=3.9s
[DONE] evaluation__604__clean__shuffled__r5 bl=-1 gwad+=-1 t=4.2s
[DONE] evaluation__604__clean__shuffled__r6 bl=-1 gwad+=-1 t=4.1s
[DONE] evaluation__604__clean__shuffled__r7 bl=-1 gwad+=-1 t=4.0s
[DONE] evaluation__604__clean__shuffled__r8 bl=-1 gwad+=-1 t=4.2s
[DONE] evaluation__604__clean__shuffled__r9 bl=-1 gwad+=-1 t=4.3s
[DONE] evaluation__604__clean__noise__r0 bl=-1 gwad+=259 t=4.6s
[DONE] evaluation__604__clean__sweep__r0 bl=611 gwad+=259 t=3.7s
[DONE] evaluation__5051__clean__shuffled__r0 bl=-1 gwad+=-1 t=4.2s
[DONE] evaluation__5051__clean__shuffled__r1 bl=-1 gwad+=-1 t=4.4s
[DONE] evaluation__5051__clean__shuffled__r2 bl=-1 gwad+=-1 t=4.3s
[DONE] evaluation__5051__clean__shuffled__r3 bl=-1 gwad+=-1 t=4.4s
[DONE] evaluation__5051__clean__shuffled__r4 bl=-1 gwad+=-1 t=4.2s
[DONE] evaluation__5051__clean__shuffled__r5 bl=-1 gwad+=-1 t=4.0s
[DONE] evaluation__5051__clean__shuffled__r6 bl=-1 gwad+=-1 t=3.9s
[DONE] evaluation__5051__clean__shuffled__r7 bl=-1 gwad+=-1 t=4.0s
[DONE] evaluation__5051__clean__shuffled__r8 bl=-1 gwad+=-1 t=4.0s
[DONE] evaluation__5051__clean__shuffled__r9 bl=-1 gwad+=-1 t=3.9s
[DONE] evaluation__5051__clean__noise__r0 bl=-1 gwad+=259 t=4.3s
[DONE] evaluation__5051__clean__sweep__r0 bl=425 gwad+=259 t=3.6s
[DONE] evaluation__7535__clean__shuffled__r0 bl=-1 gwad+=-1 t=4.0s
[DONE] evaluation__7535__clean__shuffled__r1 bl=-1 gwad+=-1 t=3.9s
[DONE] evaluation__7535__clean__shuffled__r2 bl=-1 gwad+=-1 t=4.2s
[DONE] evaluation__7535__clean__shuffled__r3 bl=-1 gwad+=-1 t=4.1s
[DONE] evaluation__7535__clean__shuffled__r4 bl=-1 gwad+=-1 t=4.1s
[DONE] evaluation__7535__clean__shuffled__r5 bl=-1 gwad+=-1 t=3.8s
[DONE] evaluation__7535__clean__shuffled__r6 bl=-1 gwad+=-1 t=4.0s
[DONE] evaluation__7535__clean__shuffled__r7 bl=-1 gwad+=-1 t=3.8s
[DONE] evaluation__7535__clean__shuffled__r8 bl=-1 gwad+=-1 t=4.2s
[DONE] evaluation__7535__clean__shuffled__r9 bl=-1 gwad+=-1 t=4.0s
[DONE] evaluation__7535__clean__noise__r0 bl=-1 gwad+=260 t=4.4s
[DONE] evaluation__7535__clean__sweep__r0 bl=609 gwad+=259 t=3.6s
[DONE] evaluation__1196__clean__shuffled__r0 bl=-1 gwad+=-1 t=4.1s
[DONE] evaluation__1196__clean__shuffled__r1 bl=-1 gwad+=-1 t=3.9s
[DONE] evaluation__1196__clean__shuffled__r2 bl=-1 gwad+=-1 t=4.0s
[DONE] evaluation__1196__clean__shuffled__r3 bl=-1 gwad+=-1 t=4.1s
[DONE] evaluation__1196__clean__shuffled__r4 bl=-1 gwad+=-1 t=4.1s
[DONE] evaluation__1196__clean__shuffled__r5 bl=-1 gwad+=-1 t=4.2s
[DONE] evaluation__1196__clean__shuffled__r6 bl=-1 gwad+=-1 t=3.9s
[DONE] evaluation__1196__clean__shuffled__r7 bl=-1 gwad+=-1 t=3.9s
[DONE] evaluation__1196__clean__shuffled__r8 bl=-1 gwad+=-1 t=4.0s
[DONE] evaluation__1196__clean__shuffled__r9 bl=-1 gwad+=-1 t=4.0s
[DONE] evaluation__1196__clean__noise__r0 bl=-1 gwad+=259 t=4.2s
[DONE] evaluation__1196__clean__sweep__r0 bl=33 gwad+=259 t=3.2s
[DONE] evaluation__3573__clean__shuffled__r0 bl=-1 gwad+=-1 t=4.0s
[DONE] evaluation__3573__clean__shuffled__r1 bl=-1 gwad+=-1 t=4.0s
[DONE] evaluation__3573__clean__shuffled__r2 bl=-1 gwad+=-1 t=3.9s
[DONE] evaluation__3573__clean__shuffled__r3 bl=-1 gwad+=-1 t=4.1s
[DONE] evaluation__3573__clean__shuffled__r4 bl=-1 gwad+=-1 t=4.1s
[DONE] evaluation__3573__clean__shuffled__r5 bl=-1 gwad+=-1 t=4.0s
[DONE] evaluation__3573__clean__shuffled__r6 bl=-1 gwad+=-1 t=4.1s
[DONE] evaluation__3573__clean__shuffled__r7 bl=-1 gwad+=-1 t=4.0s
[DONE] evaluation__3573__clean__shuffled__r8 bl=-1 gwad+=-1 t=4.1s
[DONE] evaluation__3573__clean__shuffled__r9 bl=-1 gwad+=-1 t=4.1s
[DONE] evaluation__3573__clean__noise__r0 bl=-1 gwad+=259 t=4.3s
[DONE] evaluation__3573__clean__sweep__r0 bl=33 gwad+=259 t=3.7s
[DONE] evaluation__7206__clean__shuffled__r0 bl=-1 gwad+=-1 t=4.1s
[DONE] evaluation__7206__clean__shuffled__r1 bl=-1 gwad+=-1 t=4.1s
[DONE] evaluation__7206__clean__shuffled__r2 bl=-1 gwad+=-1 t=4.2s
[DONE] evaluation__7206__clean__shuffled__r3 bl=-1 gwad+=-1 t=4.2s
[DONE] evaluation__7206__clean__shuffled__r4 bl=-1 gwad+=-1 t=4.0s
[DONE] evaluation__7206__clean__shuffled__r5 bl=-1 gwad+=-1 t=4.0s
[DONE] evaluation__7206__clean__shuffled__r6 bl=-1 gwad+=-1 t=4.1s
[DONE] evaluation__7206__clean__shuffled__r7 bl=-1 gwad+=-1 t=4.0s
[DONE] evaluation__7206__clean__shuffled__r8 bl=-1 gwad+=-1 t=4.0s
[DONE] evaluation__7206__clean__shuffled__r9 bl=-1 gwad+=-1 t=4.0s
[DONE] evaluation__7206__clean__noise__r0 bl=-1 gwad+=259 t=4.2s
[DONE] evaluation__7206__clean__sweep__r0 bl=35 gwad+=259 t=3.6s
[DONE] evaluation__9805__clean__shuffled__r0 bl=-1 gwad+=-1 t=4.1s
[DONE] evaluation__9805__clean__shuffled__r1 bl=906 gwad+=-1 t=4.1s
[DONE] evaluation__9805__clean__shuffled__r2 bl=-1 gwad+=-1 t=4.0s
[DONE] evaluation__9805__clean__shuffled__r3 bl=-1 gwad+=-1 t=3.8s
[DONE] evaluation__9805__clean__shuffled__r4 bl=-1 gwad+=-1 t=4.1s
[DONE] evaluation__9805__clean__shuffled__r5 bl=-1 gwad+=-1 t=4.0s
[DONE] evaluation__9805__clean__shuffled__r6 bl=-1 gwad+=-1 t=4.1s
[DONE] evaluation__9805__clean__shuffled__r7 bl=-1 gwad+=-1 t=4.1s
[DONE] evaluation__9805__clean__shuffled__r8 bl=-1 gwad+=-1 t=4.0s
[DONE] evaluation__9805__clean__shuffled__r9 bl=-1 gwad+=-1 t=4.0s
[DONE] evaluation__9805__clean__noise__r0 bl=-1 gwad+=-1 t=4.0s
[DONE] evaluation__9805__clean__sweep__r0 bl=103 gwad+=259 t=3.2s
[DONE] evaluation__3479__clean__shuffled__r0 bl=-1 gwad+=-1 t=4.1s
[DONE] evaluation__3479__clean__shuffled__r1 bl=-1 gwad+=-1 t=4.2s
[DONE] evaluation__3479__clean__shuffled__r2 bl=-1 gwad+=-1 t=4.1s
[DONE] evaluation__3479__clean__shuffled__r3 bl=-1 gwad+=-1 t=4.1s
[DONE] evaluation__3479__clean__shuffled__r4 bl=-1 gwad+=-1 t=4.0s
[DONE] evaluation__3479__clean__shuffled__r5 bl=-1 gwad+=-1 t=4.1s
[DONE] evaluation__3479__clean__shuffled__r6 bl=-1 gwad+=-1 t=4.2s
[DONE] evaluation__3479__clean__shuffled__r7 bl=-1 gwad+=-1 t=4.1s
[DONE] evaluation__3479__clean__shuffled__r8 bl=-1 gwad+=-1 t=4.2s
[DONE] evaluation__3479__clean__shuffled__r9 bl=-1 gwad+=-1 t=4.1s
[DONE] evaluation__3479__clean__noise__r0 bl=-1 gwad+=259 t=3.9s
[DONE] evaluation__3479__clean__sweep__r0 bl=33 gwad+=259 t=3.3s
[DONE] evaluation__6079__clean__shuffled__r0 bl=-1 gwad+=-1 t=4.0s
[DONE] evaluation__6079__clean__shuffled__r1 bl=-1 gwad+=-1 t=3.9s
[DONE] evaluation__6079__clean__shuffled__r2 bl=-1 gwad+=-1 t=4.0s
[DONE] evaluation__6079__clean__shuffled__r3 bl=-1 gwad+=-1 t=4.2s
[DONE] evaluation__6079__clean__shuffled__r4 bl=-1 gwad+=-1 t=4.0s
[DONE] evaluation__6079__clean__shuffled__r5 bl=-1 gwad+=-1 t=4.0s
[DONE] evaluation__6079__clean__shuffled__r6 bl=-1 gwad+=-1 t=4.1s
[DONE] evaluation__6079__clean__shuffled__r7 bl=-1 gwad+=-1 t=3.9s
[DONE] evaluation__6079__clean__shuffled__r8 bl=-1 gwad+=-1 t=4.2s
[DONE] evaluation__6079__clean__shuffled__r9 bl=-1 gwad+=-1 t=4.1s
[DONE] evaluation__6079__clean__noise__r0 bl=-1 gwad+=259 t=4.3s
[DONE] evaluation__6079__clean__sweep__r0 bl=169 gwad+=259 t=3.4s
[DONE] evaluation__8196__clean__shuffled__r0 bl=-1 gwad+=-1 t=3.9s
[DONE] evaluation__8196__clean__shuffled__r1 bl=-1 gwad+=-1 t=4.2s
[DONE] evaluation__8196__clean__shuffled__r2 bl=-1 gwad+=-1 t=4.1s
[DONE] evaluation__8196__clean__shuffled__r3 bl=-1 gwad+=-1 t=4.0s
[DONE] evaluation__8196__clean__shuffled__r4 bl=-1 gwad+=-1 t=3.8s
[DONE] evaluation__8196__clean__shuffled__r5 bl=-1 gwad+=-1 t=4.0s
[DONE] evaluation__8196__clean__shuffled__r6 bl=-1 gwad+=-1 t=4.0s
[DONE] evaluation__8196__clean__shuffled__r7 bl=-1 gwad+=-1 t=4.1s
[DONE] evaluation__8196__clean__shuffled__r8 bl=-1 gwad+=-1 t=4.2s
[DONE] evaluation__8196__clean__shuffled__r9 bl=-1 gwad+=-1 t=3.9s
[DONE] evaluation__8196__clean__noise__r0 bl=-1 gwad+=259 t=4.1s
[DONE] evaluation__8196__clean__sweep__r0 bl=39 gwad+=259 t=3.6s
[DONE] evaluation__3256__clean__shuffled__r0 bl=-1 gwad+=-1 t=4.1s
[DONE] evaluation__3256__clean__shuffled__r1 bl=-1 gwad+=-1 t=3.9s
[DONE] evaluation__3256__clean__shuffled__r2 bl=-1 gwad+=-1 t=4.1s
[DONE] evaluation__3256__clean__shuffled__r3 bl=-1 gwad+=-1 t=4.0s
[DONE] evaluation__3256__clean__shuffled__r4 bl=-1 gwad+=-1 t=4.0s
[DONE] evaluation__3256__clean__shuffled__r5 bl=-1 gwad+=-1 t=4.0s
[DONE] evaluation__3256__clean__shuffled__r6 bl=-1 gwad+=-1 t=4.1s
[DONE] evaluation__3256__clean__shuffled__r7 bl=-1 gwad+=-1 t=4.1s
[DONE] evaluation__3256__clean__shuffled__r8 bl=-1 gwad+=-1 t=4.0s
[DONE] evaluation__3256__clean__shuffled__r9 bl=-1 gwad+=-1 t=4.0s
[DONE] evaluation__3256__clean__noise__r0 bl=-1 gwad+=259 t=4.2s
[DONE] evaluation__3256__clean__sweep__r0 bl=417 gwad+=259 t=3.5s
[DONE] evaluation__4047__clean__shuffled__r0 bl=-1 gwad+=-1 t=4.3s
[DONE] evaluation__4047__clean__shuffled__r1 bl=-1 gwad+=-1 t=4.1s
[DONE] evaluation__4047__clean__shuffled__r2 bl=-1 gwad+=-1 t=4.2s
[DONE] evaluation__4047__clean__shuffled__r3 bl=-1 gwad+=-1 t=4.1s
[DONE] evaluation__4047__clean__shuffled__r4 bl=-1 gwad+=-1 t=4.2s
[DONE] evaluation__4047__clean__shuffled__r5 bl=-1 gwad+=-1 t=4.0s
[DONE] evaluation__4047__clean__shuffled__r6 bl=-1 gwad+=-1 t=4.1s
[DONE] evaluation__4047__clean__shuffled__r7 bl=-1 gwad+=-1 t=4.0s
[DONE] evaluation__4047__clean__shuffled__r8 bl=-1 gwad+=-1 t=4.1s
[DONE] evaluation__4047__clean__shuffled__r9 bl=-1 gwad+=-1 t=4.1s
[DONE] evaluation__4047__clean__noise__r0 bl=-1 gwad+=259 t=4.4s
[DONE] evaluation__4047__clean__sweep__r0 bl=33 gwad+=259 t=3.6s
[DONE] evaluation__8354__clean__shuffled__r0 bl=-1 gwad+=-1 t=3.8s
[DONE] evaluation__8354__clean__shuffled__r1 bl=-1 gwad+=-1 t=4.0s
[DONE] evaluation__8354__clean__shuffled__r2 bl=-1 gwad+=-1 t=4.0s
[DONE] evaluation__8354__clean__shuffled__r3 bl=-1 gwad+=-1 t=4.2s
[DONE] evaluation__8354__clean__shuffled__r4 bl=-1 gwad+=-1 t=4.1s
[DONE] evaluation__8354__clean__shuffled__r5 bl=-1 gwad+=-1 t=4.1s
[DONE] evaluation__8354__clean__shuffled__r6 bl=-1 gwad+=-1 t=4.0s
[DONE] evaluation__8354__clean__shuffled__r7 bl=-1 gwad+=-1 t=4.0s
[DONE] evaluation__8354__clean__shuffled__r8 bl=-1 gwad+=-1 t=4.0s
[DONE] evaluation__8354__clean__shuffled__r9 bl=-1 gwad+=-1 t=4.0s
[DONE] evaluation__8354__clean__noise__r0 bl=-1 gwad+=259 t=4.3s
[DONE] evaluation__8354__clean__sweep__r0 bl=609 gwad+=259 t=3.5s
[DONE] evaluation__1599__clean__shuffled__r0 bl=-1 gwad+=-1 t=4.1s
[DONE] evaluation__1599__clean__shuffled__r1 bl=-1 gwad+=-1 t=4.1s
[DONE] evaluation__1599__clean__shuffled__r2 bl=-1 gwad+=-1 t=3.9s
[DONE] evaluation__1599__clean__shuffled__r3 bl=-1 gwad+=-1 t=3.9s
[DONE] evaluation__1599__clean__shuffled__r4 bl=-1 gwad+=-1 t=4.1s
[DONE] evaluation__1599__clean__shuffled__r5 bl=-1 gwad+=-1 t=4.2s
[DONE] evaluation__1599__clean__shuffled__r6 bl=-1 gwad+=-1 t=4.1s
[DONE] evaluation__1599__clean__shuffled__r7 bl=-1 gwad+=-1 t=3.7s
[DONE] evaluation__1599__clean__shuffled__r8 bl=-1 gwad+=-1 t=4.1s
[DONE] evaluation__1599__clean__shuffled__r9 bl=-1 gwad+=-1 t=4.0s
[DONE] evaluation__1599__clean__noise__r0 bl=-1 gwad+=259 t=4.4s
[DONE] evaluation__1599__clean__sweep__r0 bl=-1 gwad+=259 t=3.8s
[DONE] evaluation__4246__clean__shuffled__r0 bl=-1 gwad+=-1 t=4.6s
[DONE] evaluation__4246__clean__shuffled__r1 bl=-1 gwad+=-1 t=4.0s
[DONE] evaluation__4246__clean__shuffled__r2 bl=-1 gwad+=-1 t=4.3s
[DONE] evaluation__4246__clean__shuffled__r3 bl=-1 gwad+=-1 t=3.9s
[DONE] evaluation__4246__clean__shuffled__r4 bl=-1 gwad+=-1 t=4.1s
[DONE] evaluation__4246__clean__shuffled__r5 bl=-1 gwad+=-1 t=3.9s
[DONE] evaluation__4246__clean__shuffled__r6 bl=-1 gwad+=-1 t=4.0s
[DONE] evaluation__4246__clean__shuffled__r7 bl=-1 gwad+=-1 t=4.1s
[DONE] evaluation__4246__clean__shuffled__r8 bl=-1 gwad+=-1 t=4.1s
[DONE] evaluation__4246__clean__shuffled__r9 bl=-1 gwad+=-1 t=4.0s
[DONE] evaluation__4246__clean__noise__r0 bl=-1 gwad+=259 t=4.2s
[DONE] evaluation__4246__clean__sweep__r0 bl=39 gwad+=259 t=3.4s
[DONE] evaluation__6835__clean__shuffled__r0 bl=-1 gwad+=-1 t=4.2s
[DONE] evaluation__6835__clean__shuffled__r1 bl=-1 gwad+=-1 t=4.2s
[DONE] evaluation__6835__clean__shuffled__r2 bl=-1 gwad+=-1 t=4.1s
[DONE] evaluation__6835__clean__shuffled__r3 bl=-1 gwad+=-1 t=4.0s
[DONE] evaluation__6835__clean__shuffled__r4 bl=-1 gwad+=-1 t=4.0s
[DONE] evaluation__6835__clean__shuffled__r5 bl=-1 gwad+=-1 t=4.1s
[DONE] evaluation__6835__clean__shuffled__r6 bl=-1 gwad+=-1 t=4.2s
[DONE] evaluation__6835__clean__shuffled__r7 bl=-1 gwad+=-1 t=4.1s
[DONE] evaluation__6835__clean__shuffled__r8 bl=-1 gwad+=-1 t=4.1s
[DONE] evaluation__6835__clean__shuffled__r9 bl=-1 gwad+=-1 t=4.0s
[DONE] evaluation__6835__clean__noise__r0 bl=-1 gwad+=259 t=4.2s
[DONE] evaluation__6835__clean__sweep__r0 bl=322 gwad+=259 t=3.7s
[DONE] evaluation__9759__clean__shuffled__r0 bl=-1 gwad+=-1 t=4.0s
[DONE] evaluation__9759__clean__shuffled__r1 bl=-1 gwad+=-1 t=3.8s
[DONE] evaluation__9759__clean__shuffled__r2 bl=-1 gwad+=-1 t=3.9s
[DONE] evaluation__9759__clean__shuffled__r3 bl=-1 gwad+=-1 t=4.0s
[DONE] evaluation__9759__clean__shuffled__r4 bl=-1 gwad+=-1 t=4.1s
[DONE] evaluation__9759__clean__shuffled__r5 bl=-1 gwad+=-1 t=4.1s
[DONE] evaluation__9759__clean__shuffled__r6 bl=-1 gwad+=-1 t=3.9s
[DONE] evaluation__9759__clean__shuffled__r7 bl=-1 gwad+=-1 t=3.9s
[DONE] evaluation__9759__clean__shuffled__r8 bl=-1 gwad+=-1 t=4.1s
[DONE] evaluation__9759__clean__shuffled__r9 bl=-1 gwad+=-1 t=4.0s
[DONE] evaluation__9759__clean__noise__r0 bl=-1 gwad+=260 t=4.5s
[DONE] evaluation__9759__clean__sweep__r0 bl=33 gwad+=259 t=3.3s
[DONE] evaluation__2488__clean__shuffled__r0 bl=-1 gwad+=-1 t=4.2s
[DONE] evaluation__2488__clean__shuffled__r1 bl=-1 gwad+=-1 t=4.1s
[DONE] evaluation__2488__clean__shuffled__r2 bl=-1 gwad+=-1 t=3.9s
[DONE] evaluation__2488__clean__shuffled__r3 bl=-1 gwad+=-1 t=3.9s
[DONE] evaluation__2488__clean__shuffled__r4 bl=-1 gwad+=-1 t=4.1s
[DONE] evaluation__2488__clean__shuffled__r5 bl=-1 gwad+=-1 t=4.1s
[DONE] evaluation__2488__clean__shuffled__r6 bl=-1 gwad+=-1 t=4.1s
[DONE] evaluation__2488__clean__shuffled__r7 bl=-1 gwad+=-1 t=4.2s
[DONE] evaluation__2488__clean__shuffled__r8 bl=-1 gwad+=-1 t=4.1s
[DONE] evaluation__2488__clean__shuffled__r9 bl=-1 gwad+=-1 t=4.2s
[DONE] evaluation__2488__clean__noise__r0 bl=-1 gwad+=259 t=4.4s
[DONE] evaluation__2488__clean__sweep__r0 bl=609 gwad+=259 t=3.5s
[DONE] evaluation__4989__clean__shuffled__r0 bl=-1 gwad+=-1 t=4.0s
[DONE] evaluation__4989__clean__shuffled__r1 bl=-1 gwad+=-1 t=3.8s
[DONE] evaluation__4989__clean__shuffled__r2 bl=-1 gwad+=-1 t=4.0s
[DONE] evaluation__4989__clean__shuffled__r3 bl=-1 gwad+=-1 t=4.0s
[DONE] evaluation__4989__clean__shuffled__r4 bl=-1 gwad+=-1 t=4.2s
[DONE] evaluation__4989__clean__shuffled__r5 bl=-1 gwad+=-1 t=4.0s
[DONE] evaluation__4989__clean__shuffled__r6 bl=-1 gwad+=-1 t=4.1s
[DONE] evaluation__4989__clean__shuffled__r7 bl=-1 gwad+=-1 t=4.2s
[DONE] evaluation__4989__clean__shuffled__r8 bl=-1 gwad+=-1 t=4.0s
[DONE] evaluation__4989__clean__shuffled__r9 bl=-1 gwad+=-1 t=4.1s
[DONE] evaluation__4989__clean__noise__r0 bl=-1 gwad+=259 t=4.2s
[DONE] evaluation__4989__clean__sweep__r0 bl=2 gwad+=259 t=3.3s
[DONE] evaluation__8184__clean__shuffled__r0 bl=-1 gwad+=-1 t=4.2s
[DONE] evaluation__8184__clean__shuffled__r1 bl=-1 gwad+=-1 t=4.1s
[DONE] evaluation__8184__clean__shuffled__r2 bl=-1 gwad+=-1 t=4.0s
[DONE] evaluation__8184__clean__shuffled__r3 bl=-1 gwad+=-1 t=4.2s
[DONE] evaluation__8184__clean__shuffled__r4 bl=-1 gwad+=-1 t=4.0s
[DONE] evaluation__8184__clean__shuffled__r5 bl=-1 gwad+=-1 t=4.0s
[DONE] evaluation__8184__clean__shuffled__r6 bl=-1 gwad+=-1 t=4.0s
[DONE] evaluation__8184__clean__shuffled__r7 bl=-1 gwad+=-1 t=4.1s
[DONE] evaluation__8184__clean__shuffled__r8 bl=-1 gwad+=-1 t=4.1s
[DONE] evaluation__8184__clean__shuffled__r9 bl=-1 gwad+=-1 t=4.2s
[DONE] evaluation__8184__clean__noise__r0 bl=-1 gwad+=272 t=4.4s
[DONE] evaluation__8184__clean__sweep__r0 bl=397 gwad+=259 t=3.6s
[DONE] evaluation__3317__clean__shuffled__r0 bl=-1 gwad+=-1 t=4.1s
[DONE] evaluation__3317__clean__shuffled__r1 bl=-1 gwad+=-1 t=3.9s
[DONE] evaluation__3317__clean__shuffled__r2 bl=-1 gwad+=-1 t=3.9s
[DONE] evaluation__3317__clean__shuffled__r3 bl=-1 gwad+=-1 t=3.9s
[DONE] evaluation__3317__clean__shuffled__r4 bl=-1 gwad+=-1 t=4.1s
[DONE] evaluation__3317__clean__shuffled__r5 bl=-1 gwad+=-1 t=4.2s
[DONE] evaluation__3317__clean__shuffled__r6 bl=-1 gwad+=-1 t=4.1s
[DONE] evaluation__3317__clean__shuffled__r7 bl=-1 gwad+=-1 t=4.3s
[DONE] evaluation__3317__clean__shuffled__r8 bl=-1 gwad+=-1 t=4.1s
[DONE] evaluation__3317__clean__shuffled__r9 bl=-1 gwad+=-1 t=4.1s
[DONE] evaluation__3317__clean__noise__r0 bl=-1 gwad+=259 t=4.2s
[DONE] evaluation__3317__clean__sweep__r0 bl=609 gwad+=259 t=3.5s
[DONE] evaluation__5153__clean__shuffled__r0 bl=-1 gwad+=-1 t=4.1s
[DONE] evaluation__5153__clean__shuffled__r1 bl=-1 gwad+=-1 t=3.8s
[DONE] evaluation__5153__clean__shuffled__r2 bl=-1 gwad+=-1 t=4.1s
[DONE] evaluation__5153__clean__shuffled__r3 bl=-1 gwad+=-1 t=4.1s
[DONE] evaluation__5153__clean__shuffled__r4 bl=-1 gwad+=-1 t=4.1s
[DONE] evaluation__5153__clean__shuffled__r5 bl=-1 gwad+=-1 t=4.0s
[DONE] evaluation__5153__clean__shuffled__r6 bl=-1 gwad+=-1 t=4.1s
[DONE] evaluation__5153__clean__shuffled__r7 bl=-1 gwad+=-1 t=4.1s
[DONE] evaluation__5153__clean__shuffled__r8 bl=-1 gwad+=-1 t=4.4s
[DONE] evaluation__5153__clean__shuffled__r9 bl=-1 gwad+=-1 t=4.2s
[DONE] evaluation__5153__clean__noise__r0 bl=-1 gwad+=259 t=4.1s
[DONE] evaluation__5153__clean__sweep__r0 bl=609 gwad+=259 t=3.6s
[DONE] evaluation__6234__clean__shuffled__r0 bl=-1 gwad+=-1 t=4.0s
[DONE] evaluation__6234__clean__shuffled__r1 bl=-1 gwad+=-1 t=3.9s
[DONE] evaluation__6234__clean__shuffled__r2 bl=-1 gwad+=-1 t=4.3s
[DONE] evaluation__6234__clean__shuffled__r3 bl=-1 gwad+=-1 t=3.9s
[DONE] evaluation__6234__clean__shuffled__r4 bl=-1 gwad+=-1 t=4.1s
[DONE] evaluation__6234__clean__shuffled__r5 bl=-1 gwad+=-1 t=4.1s
[DONE] evaluation__6234__clean__shuffled__r6 bl=-1 gwad+=-1 t=3.9s
[DONE] evaluation__6234__clean__shuffled__r7 bl=-1 gwad+=-1 t=4.0s
[DONE] evaluation__6234__clean__shuffled__r8 bl=-1 gwad+=-1 t=4.0s
[DONE] evaluation__6234__clean__shuffled__r9 bl=-1 gwad+=-1 t=4.0s
[DONE] evaluation__6234__clean__noise__r0 bl=-1 gwad+=259 t=3.9s
[DONE] evaluation__6234__clean__sweep__r0 bl=2 gwad+=259 t=3.0s
[DONE] evaluation__939__clean__shuffled__r0 bl=-1 gwad+=-1 t=4.0s
[DONE] evaluation__939__clean__shuffled__r1 bl=-1 gwad+=-1 t=4.2s
[DONE] evaluation__939__clean__shuffled__r2 bl=-1 gwad+=-1 t=4.0s
[DONE] evaluation__939__clean__shuffled__r3 bl=-1 gwad+=-1 t=4.0s
[DONE] evaluation__939__clean__shuffled__r4 bl=-1 gwad+=-1 t=4.1s
[DONE] evaluation__939__clean__shuffled__r5 bl=-1 gwad+=-1 t=4.0s
[DONE] evaluation__939__clean__shuffled__r6 bl=-1 gwad+=-1 t=4.3s
[DONE] evaluation__939__clean__shuffled__r7 bl=-1 gwad+=-1 t=4.0s
[DONE] evaluation__939__clean__shuffled__r8 bl=-1 gwad+=-1 t=4.0s
[DONE] evaluation__939__clean__shuffled__r9 bl=-1 gwad+=-1 t=4.1s
[DONE] evaluation__939__clean__noise__r0 bl=-1 gwad+=259 t=4.3s
[DONE] evaluation__939__clean__sweep__r0 bl=2 gwad+=259 t=3.2s
[DONE] evaluation__3138__clean__shuffled__r0 bl=-1 gwad+=-1 t=4.2s
[DONE] evaluation__3138__clean__shuffled__r1 bl=-1 gwad+=-1 t=4.1s
[DONE] evaluation__3138__clean__shuffled__r2 bl=-1 gwad+=-1 t=4.1s
[DONE] evaluation__3138__clean__shuffled__r3 bl=-1 gwad+=-1 t=4.3s
[DONE] evaluation__3138__clean__shuffled__r4 bl=-1 gwad+=-1 t=4.4s
[DONE] evaluation__3138__clean__shuffled__r5 bl=-1 gwad+=-1 t=4.3s
[DONE] evaluation__3138__clean__shuffled__r6 bl=-1 gwad+=-1 t=4.2s
[DONE] evaluation__3138__clean__shuffled__r7 bl=-1 gwad+=-1 t=4.2s
[DONE] evaluation__3138__clean__shuffled__r8 bl=-1 gwad+=-1 t=4.1s
[DONE] evaluation__3138__clean__shuffled__r9 bl=-1 gwad+=-1 t=4.1s
[DONE] evaluation__3138__clean__noise__r0 bl=-1 gwad+=260 t=4.3s
[DONE] evaluation__3138__clean__sweep__r0 bl=448 gwad+=259 t=3.5s
[DONE] evaluation__4539__clean__shuffled__r0 bl=-1 gwad+=-1 t=4.1s
[DONE] evaluation__4539__clean__shuffled__r1 bl=-1 gwad+=-1 t=4.1s
[DONE] evaluation__4539__clean__shuffled__r2 bl=-1 gwad+=-1 t=4.3s
[DONE] evaluation__4539__clean__shuffled__r3 bl=-1 gwad+=-1 t=4.2s
[DONE] evaluation__4539__clean__shuffled__r4 bl=860 gwad+=-1 t=4.4s
[DONE] evaluation__4539__clean__shuffled__r5 bl=-1 gwad+=-1 t=4.2s
[DONE] evaluation__4539__clean__shuffled__r6 bl=-1 gwad+=-1 t=4.4s
[DONE] evaluation__4539__clean__shuffled__r7 bl=-1 gwad+=-1 t=4.3s
[DONE] evaluation__4539__clean__shuffled__r8 bl=-1 gwad+=-1 t=4.4s
[DONE] evaluation__4539__clean__shuffled__r9 bl=-1 gwad+=-1 t=4.2s
[DONE] evaluation__4539__clean__noise__r0 bl=-1 gwad+=293 t=4.2s
[DONE] evaluation__4539__clean__sweep__r0 bl=611 gwad+=259 t=3.9s
[DONE] evaluation__9955__clean__shuffled__r0 bl=-1 gwad+=-1 t=4.4s
[DONE] evaluation__9955__clean__shuffled__r1 bl=-1 gwad+=-1 t=4.3s
[DONE] evaluation__9955__clean__shuffled__r2 bl=-1 gwad+=-1 t=4.2s
[DONE] evaluation__9955__clean__shuffled__r3 bl=-1 gwad+=-1 t=4.1s
[DONE] evaluation__9955__clean__shuffled__r4 bl=-1 gwad+=-1 t=3.8s
[DONE] evaluation__9955__clean__shuffled__r5 bl=-1 gwad+=-1 t=4.1s
[DONE] evaluation__9955__clean__shuffled__r6 bl=-1 gwad+=-1 t=4.3s
[DONE] evaluation__9955__clean__shuffled__r7 bl=-1 gwad+=-1 t=4.4s
[DONE] evaluation__9955__clean__shuffled__r8 bl=-1 gwad+=-1 t=4.3s
[DONE] evaluation__9955__clean__shuffled__r9 bl=-1 gwad+=-1 t=4.5s
[DONE] evaluation__9955__clean__noise__r0 bl=-1 gwad+=259 t=4.7s
[DONE] evaluation__9955__clean__sweep__r0 bl=52 gwad+=259 t=3.8s
[DONE] evaluation__3368__clean__shuffled__r0 bl=-1 gwad+=-1 t=4.4s
[DONE] evaluation__3368__clean__shuffled__r1 bl=-1 gwad+=-1 t=4.3s
[DONE] evaluation__3368__clean__shuffled__r2 bl=-1 gwad+=-1 t=3.9s
[DONE] evaluation__3368__clean__shuffled__r3 bl=-1 gwad+=-1 t=4.0s
[DONE] evaluation__3368__clean__shuffled__r4 bl=-1 gwad+=-1 t=4.0s
[DONE] evaluation__3368__clean__shuffled__r5 bl=-1 gwad+=-1 t=3.8s
[DONE] evaluation__3368__clean__shuffled__r6 bl=-1 gwad+=-1 t=4.3s
[DONE] evaluation__3368__clean__shuffled__r7 bl=-1 gwad+=-1 t=4.0s
[DONE] evaluation__3368__clean__shuffled__r8 bl=-1 gwad+=-1 t=4.1s
[DONE] evaluation__3368__clean__shuffled__r9 bl=-1 gwad+=-1 t=4.3s
[DONE] evaluation__3368__clean__noise__r0 bl=-1 gwad+=260 t=4.4s
[DONE] evaluation__3368__clean__sweep__r0 bl=481 gwad+=259 t=3.8s
[DONE] evaluation__6749__clean__shuffled__r0 bl=-1 gwad+=-1 t=4.4s
[DONE] evaluation__6749__clean__shuffled__r1 bl=-1 gwad+=-1 t=4.2s
[DONE] evaluation__6749__clean__shuffled__r2 bl=-1 gwad+=-1 t=4.2s
[DONE] evaluation__6749__clean__shuffled__r3 bl=-1 gwad+=-1 t=4.0s
[DONE] evaluation__6749__clean__shuffled__r4 bl=-1 gwad+=-1 t=4.2s
[DONE] evaluation__6749__clean__shuffled__r5 bl=-1 gwad+=-1 t=4.2s
[DONE] evaluation__6749__clean__shuffled__r6 bl=-1 gwad+=-1 t=4.0s
[DONE] evaluation__6749__clean__shuffled__r7 bl=-1 gwad+=-1 t=4.1s
[DONE] evaluation__6749__clean__shuffled__r8 bl=-1 gwad+=-1 t=4.0s
[DONE] evaluation__6749__clean__shuffled__r9 bl=-1 gwad+=-1 t=4.1s
[DONE] evaluation__6749__clean__noise__r0 bl=-1 gwad+=259 t=4.2s
[DONE] evaluation__6749__clean__sweep__r0 bl=63 gwad+=259 t=3.7s
[DONE] evaluation__9060__clean__shuffled__r0 bl=-1 gwad+=-1 t=4.1s
[DONE] evaluation__9060__clean__shuffled__r1 bl=-1 gwad+=-1 t=3.9s
[DONE] evaluation__9060__clean__shuffled__r2 bl=-1 gwad+=-1 t=4.0s
[DONE] evaluation__9060__clean__shuffled__r3 bl=-1 gwad+=-1 t=4.1s
[DONE] evaluation__9060__clean__shuffled__r4 bl=-1 gwad+=-1 t=4.3s
[DONE] evaluation__9060__clean__shuffled__r5 bl=-1 gwad+=-1 t=4.1s
[DONE] evaluation__9060__clean__shuffled__r6 bl=-1 gwad+=-1 t=4.0s
[DONE] evaluation__9060__clean__shuffled__r7 bl=-1 gwad+=-1 t=3.9s
[DONE] evaluation__9060__clean__shuffled__r8 bl=-1 gwad+=-1 t=3.9s
[DONE] evaluation__9060__clean__shuffled__r9 bl=-1 gwad+=-1 t=4.2s
[DONE] evaluation__9060__clean__noise__r0 bl=-1 gwad+=259 t=4.1s
[DONE] evaluation__9060__clean__sweep__r0 bl=21 gwad+=259 t=3.2s
[DONE] fit__4040__clean__shuffled__r0 bl=-1 gwad+=-1 t=4.1s
[DONE] fit__4040__clean__shuffled__r1 bl=-1 gwad+=-1 t=4.1s
[DONE] fit__4040__clean__shuffled__r2 bl=-1 gwad+=-1 t=4.0s
[DONE] fit__4040__clean__shuffled__r3 bl=-1 gwad+=-1 t=4.2s
[DONE] fit__4040__clean__shuffled__r4 bl=-1 gwad+=-1 t=4.1s
[DONE] fit__4040__clean__shuffled__r5 bl=-1 gwad+=-1 t=3.9s
[DONE] fit__4040__clean__shuffled__r6 bl=-1 gwad+=-1 t=4.0s
[DONE] fit__4040__clean__shuffled__r7 bl=-1 gwad+=-1 t=3.8s
[DONE] fit__4040__clean__shuffled__r8 bl=-1 gwad+=-1 t=4.0s
[DONE] fit__4040__clean__shuffled__r9 bl=-1 gwad+=-1 t=4.0s
[DONE] fit__4040__clean__noise__r0 bl=-1 gwad+=259 t=4.2s
[DONE] fit__4040__clean__sweep__r0 bl=34 gwad+=259 t=3.4s
[DONE] fit__9749__clean__shuffled__r0 bl=-1 gwad+=-1 t=4.0s
[DONE] fit__9749__clean__shuffled__r1 bl=-1 gwad+=-1 t=4.1s
[DONE] fit__9749__clean__shuffled__r2 bl=-1 gwad+=-1 t=3.8s
[DONE] fit__9749__clean__shuffled__r3 bl=-1 gwad+=-1 t=4.0s
[DONE] fit__9749__clean__shuffled__r4 bl=-1 gwad+=-1 t=3.9s
[DONE] fit__9749__clean__shuffled__r5 bl=-1 gwad+=-1 t=4.1s
[DONE] fit__9749__clean__shuffled__r6 bl=-1 gwad+=-1 t=4.0s
[DONE] fit__9749__clean__shuffled__r7 bl=-1 gwad+=-1 t=3.9s
[DONE] fit__9749__clean__shuffled__r8 bl=-1 gwad+=-1 t=4.0s
[DONE] fit__9749__clean__shuffled__r9 bl=-1 gwad+=-1 t=3.9s
[DONE] fit__9749__clean__noise__r0 bl=-1 gwad+=259 t=4.1s
[DONE] fit__9749__clean__sweep__r0 bl=28 gwad+=259 t=3.3s
[DONE] fit__6117__clean__shuffled__r0 bl=-1 gwad+=-1 t=4.0s
[DONE] fit__6117__clean__shuffled__r1 bl=-1 gwad+=-1 t=3.9s
[DONE] fit__6117__clean__shuffled__r2 bl=-1 gwad+=-1 t=4.2s
[DONE] fit__6117__clean__shuffled__r3 bl=-1 gwad+=-1 t=4.0s
[DONE] fit__6117__clean__shuffled__r4 bl=-1 gwad+=-1 t=4.2s
[DONE] fit__6117__clean__shuffled__r5 bl=-1 gwad+=-1 t=3.9s
[DONE] fit__6117__clean__shuffled__r6 bl=-1 gwad+=-1 t=4.1s
[DONE] fit__6117__clean__shuffled__r7 bl=-1 gwad+=-1 t=3.9s
[DONE] fit__6117__clean__shuffled__r8 bl=-1 gwad+=-1 t=4.0s
[DONE] fit__6117__clean__shuffled__r9 bl=-1 gwad+=-1 t=4.1s
[DONE] fit__6117__clean__noise__r0 bl=-1 gwad+=259 t=4.0s
[DONE] fit__6117__clean__sweep__r0 bl=229 gwad+=259 t=3.5s
[DONE] fit__1852__clean__shuffled__r0 bl=-1 gwad+=-1 t=4.1s
[DONE] fit__1852__clean__shuffled__r1 bl=-1 gwad+=-1 t=4.2s
[DONE] fit__1852__clean__shuffled__r2 bl=-1 gwad+=-1 t=3.9s
[DONE] fit__1852__clean__shuffled__r3 bl=-1 gwad+=-1 t=4.2s
[DONE] fit__1852__clean__shuffled__r4 bl=-1 gwad+=-1 t=4.1s
[DONE] fit__1852__clean__shuffled__r5 bl=-1 gwad+=-1 t=4.1s
[DONE] fit__1852__clean__shuffled__r6 bl=-1 gwad+=-1 t=4.0s
[DONE] fit__1852__clean__shuffled__r7 bl=-1 gwad+=-1 t=4.2s
[DONE] fit__1852__clean__shuffled__r8 bl=-1 gwad+=-1 t=4.0s
[DONE] fit__1852__clean__shuffled__r9 bl=-1 gwad+=-1 t=4.0s
[DONE] fit__1852__clean__noise__r0 bl=-1 gwad+=259 t=4.2s
[DONE] fit__1852__clean__sweep__r0 bl=27 gwad+=259 t=3.6s
[DONE] fit__8493__clean__shuffled__r0 bl=-1 gwad+=-1 t=4.0s
[DONE] fit__8493__clean__shuffled__r1 bl=-1 gwad+=-1 t=4.2s
[DONE] fit__8493__clean__shuffled__r2 bl=-1 gwad+=-1 t=4.0s
[DONE] fit__8493__clean__shuffled__r3 bl=-1 gwad+=-1 t=4.2s
[DONE] fit__8493__clean__shuffled__r4 bl=-1 gwad+=-1 t=4.0s
[DONE] fit__8493__clean__shuffled__r5 bl=-1 gwad+=-1 t=4.0s
[DONE] fit__8493__clean__shuffled__r6 bl=-1 gwad+=-1 t=4.1s
[DONE] fit__8493__clean__shuffled__r7 bl=-1 gwad+=-1 t=4.2s
[DONE] fit__8493__clean__shuffled__r8 bl=-1 gwad+=-1 t=4.1s
[DONE] fit__8493__clean__shuffled__r9 bl=-1 gwad+=-1 t=3.9s
[DONE] fit__8493__clean__noise__r0 bl=-1 gwad+=259 t=4.1s
[DONE] fit__8493__clean__sweep__r0 bl=97 gwad+=259 t=3.4s
[DONE] fit__2963__clean__shuffled__r0 bl=-1 gwad+=-1 t=4.2s
[DONE] fit__2963__clean__shuffled__r1 bl=-1 gwad+=-1 t=4.1s
[DONE] fit__2963__clean__shuffled__r2 bl=-1 gwad+=-1 t=4.0s
[DONE] fit__2963__clean__shuffled__r3 bl=-1 gwad+=-1 t=4.1s
[DONE] fit__2963__clean__shuffled__r4 bl=-1 gwad+=-1 t=3.9s
[DONE] fit__2963__clean__shuffled__r5 bl=-1 gwad+=-1 t=4.1s
[DONE] fit__2963__clean__shuffled__r6 bl=-1 gwad+=-1 t=4.0s
[DONE] fit__2963__clean__shuffled__r7 bl=-1 gwad+=-1 t=4.1s
[DONE] fit__2963__clean__shuffled__r8 bl=-1 gwad+=-1 t=3.9s
[DONE] fit__2963__clean__shuffled__r9 bl=-1 gwad+=-1 t=4.1s
[DONE] fit__2963__clean__noise__r0 bl=-1 gwad+=259 t=4.1s
[DONE] fit__2963__clean__sweep__r0 bl=634 gwad+=259 t=3.6s
[DONE] fit__9226__clean__shuffled__r0 bl=-1 gwad+=-1 t=4.1s
[DONE] fit__9226__clean__shuffled__r1 bl=-1 gwad+=-1 t=4.1s
[DONE] fit__9226__clean__shuffled__r2 bl=-1 gwad+=-1 t=3.9s
[DONE] fit__9226__clean__shuffled__r3 bl=-1 gwad+=-1 t=4.0s
[DONE] fit__9226__clean__shuffled__r4 bl=-1 gwad+=-1 t=4.1s
[DONE] fit__9226__clean__shuffled__r5 bl=-1 gwad+=-1 t=4.2s
[DONE] fit__9226__clean__shuffled__r6 bl=-1 gwad+=-1 t=4.1s
[DONE] fit__9226__clean__shuffled__r7 bl=-1 gwad+=-1 t=4.0s
[DONE] fit__9226__clean__shuffled__r8 bl=-1 gwad+=-1 t=3.9s
[DONE] fit__9226__clean__shuffled__r9 bl=-1 gwad+=-1 t=3.9s
[DONE] fit__9226__clean__noise__r0 bl=-1 gwad+=259 t=4.4s
[DONE] fit__9226__clean__sweep__r0 bl=34 gwad+=259 t=3.5s
[DONE] fit__3498__clean__shuffled__r0 bl=-1 gwad+=-1 t=4.2s
[DONE] fit__3498__clean__shuffled__r1 bl=-1 gwad+=-1 t=3.9s
[DONE] fit__3498__clean__shuffled__r2 bl=-1 gwad+=-1 t=4.1s
[DONE] fit__3498__clean__shuffled__r3 bl=-1 gwad+=-1 t=4.2s
[DONE] fit__3498__clean__shuffled__r4 bl=-1 gwad+=-1 t=4.4s
[DONE] fit__3498__clean__shuffled__r5 bl=-1 gwad+=-1 t=4.0s
[DONE] fit__3498__clean__shuffled__r6 bl=-1 gwad+=-1 t=3.9s
[DONE] fit__3498__clean__shuffled__r7 bl=-1 gwad+=-1 t=4.1s
[DONE] fit__3498__clean__shuffled__r8 bl=-1 gwad+=-1 t=4.1s
[DONE] fit__3498__clean__shuffled__r9 bl=-1 gwad+=-1 t=3.9s
[DONE] fit__3498__clean__noise__r0 bl=-1 gwad+=259 t=4.1s
[DONE] fit__3498__clean__sweep__r0 bl=3 gwad+=259 t=3.2s
[DONE] fit__2915__clean__shuffled__r0 bl=-1 gwad+=-1 t=3.9s
[DONE] fit__2915__clean__shuffled__r1 bl=-1 gwad+=-1 t=4.1s
[DONE] fit__2915__clean__shuffled__r2 bl=-1 gwad+=-1 t=4.2s
[DONE] fit__2915__clean__shuffled__r3 bl=-1 gwad+=-1 t=4.1s
[DONE] fit__2915__clean__shuffled__r4 bl=-1 gwad+=-1 t=4.1s
[DONE] fit__2915__clean__shuffled__r5 bl=-1 gwad+=-1 t=3.9s
[DONE] fit__2915__clean__shuffled__r6 bl=-1 gwad+=-1 t=4.1s
[DONE] fit__2915__clean__shuffled__r7 bl=-1 gwad+=-1 t=4.1s
[DONE] fit__2915__clean__shuffled__r8 bl=-1 gwad+=-1 t=4.1s
[DONE] fit__2915__clean__shuffled__r9 bl=-1 gwad+=-1 t=4.1s
[DONE] fit__2915__clean__noise__r0 bl=-1 gwad+=259 t=4.5s
[DONE] fit__2915__clean__sweep__r0 bl=609 gwad+=259 t=3.6s
[DONE] fit__6690__clean__shuffled__r0 bl=-1 gwad+=-1 t=4.0s
[DONE] fit__6690__clean__shuffled__r1 bl=-1 gwad+=-1 t=4.1s
[DONE] fit__6690__clean__shuffled__r2 bl=-1 gwad+=-1 t=4.1s
[DONE] fit__6690__clean__shuffled__r3 bl=-1 gwad+=-1 t=4.0s
[DONE] fit__6690__clean__shuffled__r4 bl=-1 gwad+=-1 t=4.0s
[DONE] fit__6690__clean__shuffled__r5 bl=-1 gwad+=-1 t=4.1s
[DONE] fit__6690__clean__shuffled__r6 bl=-1 gwad+=-1 t=4.0s
[DONE] fit__6690__clean__shuffled__r7 bl=-1 gwad+=-1 t=4.2s
[DONE] fit__6690__clean__shuffled__r8 bl=-1 gwad+=-1 t=4.3s
[DONE] fit__6690__clean__shuffled__r9 bl=-1 gwad+=-1 t=4.1s
[DONE] fit__6690__clean__noise__r0 bl=-1 gwad+=260 t=4.4s
[DONE] fit__6690__clean__sweep__r0 bl=34 gwad+=259 t=3.4s
[DONE] fit__4150__clean__shuffled__r0 bl=-1 gwad+=-1 t=4.1s
[DONE] fit__4150__clean__shuffled__r1 bl=-1 gwad+=-1 t=4.0s
[DONE] fit__4150__clean__shuffled__r2 bl=-1 gwad+=-1 t=4.3s
[DONE] fit__4150__clean__shuffled__r3 bl=-1 gwad+=-1 t=4.0s
[DONE] fit__4150__clean__shuffled__r4 bl=-1 gwad+=-1 t=4.0s
[DONE] fit__4150__clean__shuffled__r5 bl=-1 gwad+=-1 t=4.0s
[DONE] fit__4150__clean__shuffled__r6 bl=-1 gwad+=-1 t=3.9s
[DONE] fit__4150__clean__shuffled__r7 bl=-1 gwad+=-1 t=4.1s
[DONE] fit__4150__clean__shuffled__r8 bl=-1 gwad+=-1 t=4.1s
[DONE] fit__4150__clean__shuffled__r9 bl=-1 gwad+=-1 t=4.1s
[DONE] fit__4150__clean__noise__r0 bl=-1 gwad+=259 t=4.2s
[DONE] fit__4150__clean__sweep__r0 bl=33 gwad+=259 t=3.4s
[DONE] fit__9789__clean__shuffled__r0 bl=-1 gwad+=-1 t=4.0s
[DONE] fit__9789__clean__shuffled__r1 bl=-1 gwad+=-1 t=3.9s
[DONE] fit__9789__clean__shuffled__r2 bl=-1 gwad+=-1 t=4.1s
[DONE] fit__9789__clean__shuffled__r3 bl=-1 gwad+=-1 t=4.0s
[DONE] fit__9789__clean__shuffled__r4 bl=-1 gwad+=-1 t=3.9s
[DONE] fit__9789__clean__shuffled__r5 bl=-1 gwad+=-1 t=4.2s
[DONE] fit__9789__clean__shuffled__r6 bl=-1 gwad+=-1 t=4.0s
[DONE] fit__9789__clean__shuffled__r7 bl=-1 gwad+=-1 t=4.0s
[DONE] fit__9789__clean__shuffled__r8 bl=-1 gwad+=-1 t=3.9s
[DONE] fit__9789__clean__shuffled__r9 bl=-1 gwad+=-1 t=4.0s
[DONE] fit__9789__clean__noise__r0 bl=-1 gwad+=259 t=4.1s
[DONE] fit__9789__clean__sweep__r0 bl=321 gwad+=259 t=3.4s
[DONE] fit__5818__clean__shuffled__r0 bl=-1 gwad+=-1 t=4.1s
[DONE] fit__5818__clean__shuffled__r1 bl=-1 gwad+=-1 t=4.0s
[DONE] fit__5818__clean__shuffled__r2 bl=-1 gwad+=-1 t=3.8s
[DONE] fit__5818__clean__shuffled__r3 bl=-1 gwad+=-1 t=4.1s
[DONE] fit__5818__clean__shuffled__r4 bl=-1 gwad+=-1 t=4.0s
[DONE] fit__5818__clean__shuffled__r5 bl=-1 gwad+=-1 t=4.1s
[DONE] fit__5818__clean__shuffled__r6 bl=-1 gwad+=-1 t=4.0s
[DONE] fit__5818__clean__shuffled__r7 bl=-1 gwad+=-1 t=4.0s
[DONE] fit__5818__clean__shuffled__r8 bl=-1 gwad+=-1 t=4.0s
[DONE] fit__5818__clean__shuffled__r9 bl=-1 gwad+=-1 t=4.1s
[DONE] fit__5818__clean__noise__r0 bl=-1 gwad+=259 t=4.2s
[DONE] fit__5818__clean__sweep__r0 bl=278 gwad+=259 t=3.6s
[DONE] fit__1358__clean__shuffled__r0 bl=-1 gwad+=-1 t=3.9s
[DONE] fit__1358__clean__shuffled__r1 bl=-1 gwad+=-1 t=4.0s
[DONE] fit__1358__clean__shuffled__r2 bl=-1 gwad+=-1 t=4.0s
[DONE] fit__1358__clean__shuffled__r3 bl=-1 gwad+=-1 t=4.1s
[DONE] fit__1358__clean__shuffled__r4 bl=-1 gwad+=-1 t=3.9s
[DONE] fit__1358__clean__shuffled__r5 bl=-1 gwad+=-1 t=4.0s
[DONE] fit__1358__clean__shuffled__r6 bl=-1 gwad+=-1 t=4.0s
[DONE] fit__1358__clean__shuffled__r7 bl=-1 gwad+=-1 t=4.0s
[DONE] fit__1358__clean__shuffled__r8 bl=-1 gwad+=-1 t=3.8s
[DONE] fit__1358__clean__shuffled__r9 bl=-1 gwad+=-1 t=3.8s
[DONE] fit__1358__clean__noise__r0 bl=-1 gwad+=259 t=4.0s
[DONE] fit__1358__clean__sweep__r0 bl=424 gwad+=259 t=3.5s
[DONE] fit__6684__clean__shuffled__r0 bl=-1 gwad+=-1 t=3.9s
[DONE] fit__6684__clean__shuffled__r1 bl=-1 gwad+=-1 t=4.1s
[DONE] fit__6684__clean__shuffled__r2 bl=-1 gwad+=-1 t=4.1s
[DONE] fit__6684__clean__shuffled__r3 bl=-1 gwad+=-1 t=4.0s
[DONE] fit__6684__clean__shuffled__r4 bl=-1 gwad+=-1 t=3.9s
[DONE] fit__6684__clean__shuffled__r5 bl=-1 gwad+=-1 t=3.9s
[DONE] fit__6684__clean__shuffled__r6 bl=-1 gwad+=-1 t=4.1s
[DONE] fit__6684__clean__shuffled__r7 bl=-1 gwad+=-1 t=4.0s
[DONE] fit__6684__clean__shuffled__r8 bl=-1 gwad+=-1 t=3.9s
[DONE] fit__6684__clean__shuffled__r9 bl=-1 gwad+=-1 t=4.0s
[DONE] fit__6684__clean__noise__r0 bl=-1 gwad+=259 t=4.1s
[DONE] fit__6684__clean__sweep__r0 bl=343 gwad+=259 t=3.4s
[DONE] fit__3732__clean__shuffled__r0 bl=-1 gwad+=-1 t=3.9s
[DONE] fit__3732__clean__shuffled__r1 bl=-1 gwad+=-1 t=3.9s
[DONE] fit__3732__clean__shuffled__r2 bl=-1 gwad+=-1 t=4.0s
[DONE] fit__3732__clean__shuffled__r3 bl=-1 gwad+=-1 t=3.8s
[DONE] fit__3732__clean__shuffled__r4 bl=-1 gwad+=-1 t=4.0s
[DONE] fit__3732__clean__shuffled__r5 bl=-1 gwad+=-1 t=4.1s
[DONE] fit__3732__clean__shuffled__r6 bl=-1 gwad+=-1 t=4.2s
[DONE] fit__3732__clean__shuffled__r7 bl=-1 gwad+=-1 t=4.2s
[DONE] fit__3732__clean__shuffled__r8 bl=-1 gwad+=-1 t=4.0s
[DONE] fit__3732__clean__shuffled__r9 bl=-1 gwad+=-1 t=4.0s
[DONE] fit__3732__clean__noise__r0 bl=-1 gwad+=259 t=4.1s
[DONE] fit__3732__clean__sweep__r0 bl=62 gwad+=259 t=3.6s
[DONE] fit__8575__clean__shuffled__r0 bl=-1 gwad+=-1 t=4.0s
[DONE] fit__8575__clean__shuffled__r1 bl=-1 gwad+=-1 t=4.1s
[DONE] fit__8575__clean__shuffled__r2 bl=-1 gwad+=-1 t=4.1s
[DONE] fit__8575__clean__shuffled__r3 bl=-1 gwad+=-1 t=4.3s
[DONE] fit__8575__clean__shuffled__r4 bl=-1 gwad+=-1 t=4.0s
[DONE] fit__8575__clean__shuffled__r5 bl=-1 gwad+=-1 t=4.2s
[DONE] fit__8575__clean__shuffled__r6 bl=-1 gwad+=-1 t=4.0s
[DONE] fit__8575__clean__shuffled__r7 bl=-1 gwad+=-1 t=4.1s
[DONE] fit__8575__clean__shuffled__r8 bl=-1 gwad+=-1 t=3.9s
[DONE] fit__8575__clean__shuffled__r9 bl=-1 gwad+=-1 t=3.8s
[DONE] fit__8575__clean__noise__r0 bl=-1 gwad+=259 t=3.7s
[DONE] fit__8575__clean__sweep__r0 bl=666 gwad+=259 t=3.4s
