[DONE] calibration__1735__clean__shuffled__r0 bl=-1 gwad+=-1 t=4.3s
[DONE] calibration__1735__clean__shuffled__r1 bl=-1 gwad+=-1 t=4.2s
[DONE] calibration__1735__clean__shuffled__r2 bl=-1 gwad+=-1 t=4.2s
[DONE] calibration__1735__clean__shuffled__r3 bl=-1 gwad+=-1 t=4.2s
[DONE] calibration__1735__clean__shuffled__r4 bl=-1 gwad+=-1 t=4.3s
[DONE] calibration__1735__clean__shuffled__r5 bl=-1 gwad+=-1 t=4.2s
[DONE] calibration__1735__clean__shuffled__r6 bl=384 gwad+=-1 t=4.1s
[DONE] calibration__1735__clean__shuffled__r7 bl=-1 gwad+=-1 t=4.2s
[DONE] calibration__1735__clean__shuffled__r8 bl=-1 gwad+=-1 t=4.1s
[DONE] calibration__1735__clean__shuffled__r9 bl=256 gwad+=-1 t=4.3s
[DONE] calibration__1735__clean__noise__r0 bl=-1 gwad+=-1 t=4.1s
[DONE] calibration__1735__clean__sweep__r0 bl=609 gwad+=259 t=3.9s
[DONE] calibration__8197__clean__shuffled__r0 bl=-1 gwad+=-1 t=4.3s
[DONE] calibration__8197__clean__shuffled__r1 bl=-1 gwad+=-1 t=4.1s
[DONE] calibration__8197__clean__shuffled__r2 bl=-1 gwad+=-1 t=4.1s
[DONE] calibration__8197__clean__shuffled__r3 bl=-1 gwad+=-1 t=4.1s
[DONE] calibration__8197__clean__shuffled__r4 bl=-1 gwad+=-1 t=4.1s
[DONE] calibration__8197__clean__shuffled__r5 bl=-1 gwad+=-1 t=4.1s
[DONE] calibration__8197__clean__shuffled__r6 bl=-1 gwad+=-1 t=4.1s
[DONE] calibration__8197__clean__shuffled__r7 bl=-1 gwad+=-1 t=4.4s
[DONE] calibration__8197__clean__shuffled__r8 bl=-1 gwad+=-1 t=4.3s
[DONE] calibration__8197__clean__shuffled__r9 bl=-1 gwad+=-1 t=4.3s
[DONE] calibration__8197__clean__noise__r0 bl=-1 gwad+=259 t=4.7s
[DONE] calibration__8197__clean__sweep__r0 bl=127 gwad+=259 t=3.5s
[DONE] calibration__3028__clean__shuffled__r0 bl=-1 gwad+=-1 t=4.0s
[DONE] calibration__3028__clean__shuffled__r1 bl=-1 gwad+=-1 t=4.2s
[DONE] calibration__3028__clean__shuffled__r2 bl=-1 gwad+=-1 t=4.1s
[DONE] calibration__3028__clean__shuffled__r3 bl=-1 gwad+=-1 t=4.1s
[DONE] calibration__3028__clean__shuffled__r4 bl=-1 gwad+=-1 t=4.3s
[DONE] calibration__3028__clean__shuffled__r5 bl=-1 gwad+=-1 t=4.0s
[DONE] calibration__3028__clean__shuffled__r6 bl=-1 gwad+=-1 t=3.9s
[DONE] calibration__3028__clean__shuffled__r7 bl=-1 gwad+=-1 t=4.0s
[DONE] calibration__3028__clean__shuffled__r8 bl=-1 gwad+=-1 t=4.2s
[DONE] calibration__3028__clean__shuffled__r9 bl=-1 gwad+=-1 t=4.1s
[DONE] calibration__3028__clean__noise__r0 bl=-1 gwad+=259 t=4.4s
[DONE] calibration__3028__clean__sweep__r0 bl=321 gwad+=259 t=3.5s
[DONE] calibration__603__clean__shuffled__r0 bl=-1 gwad+=-1 t=4.3s
[DONE] calibration__603__clean__shuffled__r1 bl=-1 gwad+=-1 t=4.3s
[DONE] calibration__603__clean__shuffled__r2 bl=-1 gwad+=-1 t=4.2s
[DONE] calibration__603__clean__shuffled__r3 bl=-1 gwad+=-1 t=4.3s
[DONE] calibration__603__clean__shuffled__r4 bl=-1 gwad+=-1 t=4.3s
[DONE] calibration__603__clean__shuffled__r5 bl=-1 gwad+=-1 t=4.2s
[DONE] calibration__603__clean__shuffled__r6 bl=-1 gwad+=-1 t=4.1s
[DONE] calibration__603__clean__shuffled__r7 bl=-1 gwad+=-1 t=4.1s
[DONE] calibration__603__clean__shuffled__r8 bl=-1 gwad+=-1 t=4.1s
[DONE] calibration__603__clean__shuffled__r9 bl=-1 gwad+=-1 t=4.3s
[DONE] calibration__603__clean__noise__r0 bl=-1 gwad+=307 t=4.5s
[DONE] calibration__603__clean__sweep__r0 bl=99 gwad+=259 t=3.7s
[DONE] calibration__6232__clean__shuffled__r0 bl=-1 gwad+=-1 t=4.1s
[DONE] calibration__6232__clean__shuffled__r1 bl=-1 gwad+=-1 t=4.1s
[DONE] calibration__6232__clean__shuffled__r2 bl=-1 gwad+=-1 t=4.1s
[DONE] calibration__6232__clean__shuffled__r3 bl=-1 gwad+=-1 t=4.0s
[DONE] calibration__6232__clean__shuffled__r4 bl=-1 gwad+=-1 t=4.0s
[DONE] calibration__6232__clean__shuffled__r5 bl=-1 gwad+=-1 t=4.2s
[DONE] calibration__6232__clean__shuffled__r6 bl=-1 gwad+=-1 t=4.1s
[DONE] calibration__6232__clean__shuffled__r7 bl=-1 gwad+=-1 t=4.1s
[DONE] calibration__6232__clean__shuffled__r8 bl=-1 gwad+=-1 t=4.1s
[DONE] calibration__6232__clean__shuffled__r9 bl=-1 gwad+=-1 t=4.2s
[DONE] calibration__6232__clean__noise__r0 bl=-1 gwad+=259 t=4.4s
[DONE] calibration__6232__clean__sweep__r0 bl=4 gwad+=259 t=3.5s
[DONE] calibration__3234__clean__shuffled__r0 bl=-1 gwad+=-1 t=4.0s
[DONE] calibration__3234__clean__shuffled__r1 bl=-1 gwad+=-1 t=4.1s
[DONE] calibration__3234__clean__shuffled__r2 bl=-1 gwad+=-1 t=4.1s
[DONE] calibration__3234__clean__shuffled__r3 bl=-1 gwad+=-1 t=4.1s
[DONE] calibration__3234__clean__shuffled__r4 bl=-1 gwad+=-1 t=4.3s
[DONE] calibration__3234__clean__shuffled__r5 bl=-1 gwad+=-1 t=4.1s
[DONE] calibration__3234__clean__shuffled__r6 bl=-1 gwad+=-1 t=4.3s
[DONE] calibration__3234__clean__shuffled__r7 bl=-1 gwad+=-1 t=4.2s
[DONE] calibration__3234__clean__shuffled__r8 bl=-1 gwad+=-1 t=4.3s
[DONE] calibration__3234__clean__shuffled__r9 bl=-1 gwad+=-1 t=4.1s
[DONE] calibration__3234__clean__noise__r0 bl=-1 gwad+=259 t=4.4s
[DONE] calibration__3234__clean__sweep__r0 bl=609 gwad+=259 t=3.8s
[DONE] calibration__8169__clean__shuffled__r0 bl=-1 gwad+=-1 t=4.2s
[DONE] calibration__8169__clean__shuffled__r1 bl=-1 gwad+=-1 t=4.1s
[DONE] calibration__8169__clean__shuffled__r2 bl=-1 gwad+=-1 t=4.2s
[DONE] calibration__8169__clean__shuffled__r3 bl=-1 gwad+=-1 t=4.1s
[DONE] calibration__8169__clean__shuffled__r4 bl=-1 gwad+=-1 t=4.0s
[DONE] calibration__8169__clean__shuffled__r5 bl=-1 gwad+=-1 t=4.1s
[DONE] calibration__8169__clean__shuffled__r6 bl=-1 gwad+=-1 t=4.4s
[DONE] calibration__8169__clean__shuffled__r7 bl=-1 gwad+=-1 t=4.3s
[DONE] calibration__8169__clean__shuffled__r8 bl=-1 gwad+=-1 t=4.2s
[DONE] calibration__8169__clean__shuffled__r9 bl=-1 gwad+=-1 t=4.3s
[DONE] calibration__8169__clean__noise__r0 bl=-1 gwad+=259 t=4.3s
[DONE] calibration__8169__clean__sweep__r0 bl=609 gwad+=259 t=3.9s
[DONE] calibration__2208__clean__shuffled__r0 bl=-1 gwad+=-1 t=3.9s
[DONE] calibration__2208__clean__shuffled__r1 bl=-1 gwad+=-1 t=4.2s
[DONE] calibration__2208__clean__shuffled__r2 bl=-1 gwad+=-1 t=4.0s
[DONE] calibration__2208__clean__shuffled__r3 bl=-1 gwad+=-1 t=4.3s
[DONE] calibration__2208__clean__shuffled__r4 bl=-1 gwad+=-1 t=4.2s
[DONE] calibration__2208__clean__shuffled__r5 bl=-1 gwad+=-1 t=4.2s
[DONE] calibration__2208__clean__shuffled__r6 bl=-1 gwad+=-1 t=4.0s
[DONE] calibration__2208__clean__shuffled__r7 bl=-1 gwad+=-1 t=4.2s
[DONE] calibration__2208__clean__shuffled__r8 bl=-1 gwad+=-1 t=4.2s
[DONE] calibration__2208__clean__shuffled__r9 bl=-1 gwad+=-1 t=4.4s
[DONE] calibration__2208__clean__noise__r0 bl=-1 gwad+=259 t=4.5s
[DONE] calibration__2208__clean__sweep__r0 bl=487 gwad+=259 t=3.9s
[DONE] calibration__327__clean__shuffled__r0 bl=-1 gwad+=-1 t=4.1s
[DONE] calibration__327__clean__shuffled__r1 bl=-1 gwad+=-1 t=4.3s
[DONE] calibration__327__clean__shuffled__r2 bl=-1 gwad+=-1 t=4.3s
[DONE] calibration__327__clean__shuffled__r3 bl=-1 gwad+=-1 t=4.1s
[DONE] calibration__327__clean__shuffled__r4 bl=-1 gwad+=-1 t=4.0s
[DONE] calibration__327__clean__shuffled__r5 bl=-1 gwad+=-1 t=4.2s
[DONE] calibration__327__clean__shuffled__r6 bl=-1 gwad+=-1 t=4.1s
[DONE] calibration__327__clean__shuffled__r7 bl=-1 gwad+=-1 t=4.1s
[DONE] calibration__327__clean__shuffled__r8 bl=-1 gwad+=-1 t=4.1s
[DONE] calibration__327__clean__shuffled__r9 bl=-1 gwad+=-1 t=4.2s
[DONE] calibration__327__clean__noise__r0 bl=-1 gwad+=259 t=4.3s
[DONE] calibration__327__clean__sweep__r0 bl=326 gwad+=259 t=3.7s
[DONE] calibration__8025__clean__shuffled__r0 bl=-1 gwad+=-1 t=3.9s
[DONE] calibration__8025__clean__shuffled__r1 bl=-1 gwad+=-1 t=4.1s
[DONE] calibration__8025__clean__shuffled__r2 bl=-1 gwad+=-1 t=4.2s
[DONE] calibration__8025__clean__shuffled__r3 bl=-1 gwad+=-1 t=4.4s
[DONE] calibration__8025__clean__shuffled__r4 bl=-1 gwad+=-1 t=4.3s
[DONE] calibration__8025__clean__shuffled__r5 bl=-1 gwad+=-1 t=4.3s
[DONE] calibration__8025__clean__shuffled__r6 bl=-1 gwad+=-1 t=4.1s
[DONE] calibration__8025__clean__shuffled__r7 bl=-1 gwad+=-1 t=4.2s
[DONE] calibration__8025__clean__shuffled__r8 bl=-1 gwad+=-1 t=4.1s
[DONE] calibration__8025__clean__shuffled__r9 bl=-1 gwad+=-1 t=4.1s
[DONE] calibration__8025__clean__noise__r0 bl=-1 gwad+=259 t=4.4s
[DONE] calibration__8025__clean__sweep__r0 bl=572 gwad+=259 t=3.9s
[DONE] calibration__3455__clean__shuffled__r0 bl=-1 gwad+=-1 t=4.2s
[DONE] calibration__3455__clean__shuffled__r1 bl=-1 gwad+=-1 t=4.1s
[DONE] calibration__3455__clean__shuffled__r2 bl=-1 gwad+=-1 t=4.0s
[DONE] calibration__3455__clean__shuffled__r3 bl=-1 gwad+=-1 t=4.1s
[DONE] calibration__3455__clean__shuffled__r4 bl=-1 gwad+=-1 t=4.0s
[DONE] calibration__3455__clean__shuffled__r5 bl=-1 gwad+=-1 t=4.2s
[DONE] calibration__3455__clean__shuffled__r6 bl=1023 gwad+=-1 t=4.2s
[DONE] calibration__3455__clean__shuffled__r7 bl=-1 gwad+=-1 t=4.0s
[DONE] calibration__3455__clean__shuffled__r8 bl=-1 gwad+=-1 t=4.2s
[DONE] calibration__3455__clean__shuffled__r9 bl=-1 gwad+=-1 t=4.2s
[DONE] calibration__3455__clean__noise__r0 bl=-1 gwad+=259 t=4.2s
[DONE] calibration__3455__clean__sweep__r0 bl=24 gwad+=259 t=3.6s
[DONE] calibration__8724__clean__shuffled__r0 bl=-1 gwad+=-1 t=4.3s
[DONE] calibration__8724__clean__shuffled__r1 bl=-1 gwad+=-1 t=4.1s
[DONE] calibration__8724__clean__shuffled__r2 bl=-1 gwad+=-1 t=4.1s
[DONE] calibration__8724__clean__shuffled__r3 bl=-1 gwad+=-1 t=4.2s
[DONE] calibration__8724__clean__shuffled__r4 bl=-1 gwad+=-1 t=4.1s
[DONE] calibration__8724__clean__shuffled__r5 bl=-1 gwad+=-1 t=4.1s
[DONE] calibration__8724__clean__shuffled__r6 bl=-1 gwad+=-1 t=4.2s
[DONE] calibration__8724__clean__shuffled__r7 bl=-1 gwad+=-1 t=4.2s
[DONE] calibration__8724__clean__shuffled__r8 bl=-1 gwad+=-1 t=4.1s
[DONE] calibration__8724__clean__shuffled__r9 bl=-1 gwad+=-1 t=4.2s
[DONE] calibration__8724__clean__noise__r0 bl=-1 gwad+=259 t=4.3s
[DONE] calibration__8724__clean__sweep__r0 bl=62 gwad+=259 t=3.7s
[DONE] calibration__2004__clean__shuffled__r0 bl=-1 gwad+=-1 t=4.3s
[DONE] calibration__2004__clean__shuffled__r1 bl=-1 gwad+=-1 t=4.2s
[DONE] calibration__2004__clean__shuffled__r2 bl=-1 gwad+=-1 t=4.0s
[DONE] calibration__2004__clean__shuffled__r3 bl=-1 gwad+=-1 t=4.0s
[DONE] calibration__2004__clean__shuffled__r4 bl=-1 gwad+=-1 t=4.1s
[DONE] calibration__2004__clean__shuffled__r5 bl=-1 gwad+=-1 t=4.1s
[DONE] calibration__2004__clean__shuffled__r6 bl=-1 gwad+=-1 t=4.1s
[DONE] calibration__2004__clean__shuffled__r7 bl=-1 gwad+=-1 t=4.1s
[DONE] calibration__2004__clean__shuffled__r8 bl=-1 gwad+=-1 t=4.1s
[DONE] calibration__2004__clean__shuffled__r9 bl=-1 gwad+=-1 t=4.0s
[DONE] calibration__2004__clean__noise__r0 bl=-1 gwad+=259 t=4.5s
[DONE] calibration__2004__clean__sweep__r0 bl=21 gwad+=259 t=3.6s
[DONE] calibration__519__clean__shuffled__r0 bl=-1 gwad+=-1 t=4.2s
[DONE] calibration__519__clean__shuffled__r1 bl=-1 gwad+=-1 t=4.2s
[DONE] calibration__519__clean__shuffled__r2 bl=-1 gwad+=-1 t=4.1s
[DONE] calibration__519__clean__shuffled__r3 bl=-1 gwad+=-1 t=4.2s
[DONE] calibration__519__clean__shuffled__r4 bl=-1 gwad+=-1 t=4.1s
[DONE] calibration__519__clean__shuffled__r5 bl=-1 gwad+=-1 t=4.2s
[DONE] calibration__519__clean__shuffled__r6 bl=-1 gwad+=-1 t=4.2s
[DONE] calibration__519__clean__shuffled__r7 bl=-1 gwad+=-1 t=4.2s
[DONE] calibration__519__clean__shuffled__r8 bl=-1 gwad+=-1 t=4.0s
[DONE] calibration__519__clean__shuffled__r9 bl=-1 gwad+=-1 t=4.2s
[DONE] calibration__519__clean__noise__r0 bl=-1 gwad+=259 t=4.6s
[DONE] calibration__519__clean__sweep__r0 bl=24 gwad+=259 t=3.6s
[DONE] calibration__5612__clean__shuffled__r0 bl=-1 gwad+=-1 t=4.2s
[DONE] calibration__5612__clean__shuffled__r1 bl=-1 gwad+=-1 t=4.2s
[DONE] calibration__5612__clean__shuffled__r2 bl=-1 gwad+=-1 t=4.2s
[DONE] calibration__5612__clean__shuffled__r3 bl=-1 gwad+=-1 t=4.3s
[DONE] calibration__5612__clean__shuffled__r4 bl=-1 gwad+=-1 t=4.2s
[DONE] calibration__5612__clean__shuffled__r5 bl=-1 gwad+=-1 t=4.1s
[DONE] calibration__5612__clean__shuffled__r6 bl=-1 gwad+=-1 t=4.1s
[DONE] calibration__5612__clean__shuffled__r7 bl=-1 gwad+=-1 t=4.1s
[DONE] calibration__5612__clean__shuffled__r8 bl=-1 gwad+=-1 t=4.0s
[DONE] calibration__5612__clean__shuffled__r9 bl=-1 gwad+=-1 t=4.0s
[DONE] calibration__5612__clean__noise__r0 bl=-1 gwad+=259 t=4.4s
[DONE] calibration__5612__clean__sweep__r0 bl=162 gwad+=259 t=3.7s
[DONE] calibration__3213__clean__shuffled__r0 bl=-1 gwad+=-1 t=4.6s
[DONE] calibration__3213__clean__shuffled__r1 bl=-1 gwad+=-1 t=4.1s
[DONE] calibration__3213__clean__shuffled__r2 bl=-1 gwad+=-1 t=4.3s
[DONE] calibration__3213__clean__shuffled__r3 bl=-1 gwad+=-1 t=4.1s
[DONE] calibration__3213__clean__shuffled__r4 bl=-1 gwad+=-1 t=4.3s
[DONE] calibration__3213__clean__shuffled__r5 bl=-1 gwad+=-1 t=4.2s
[DONE] calibration__3213__clean__shuffled__r6 bl=-1 gwad+=-1 t=4.2s
[DONE] calibration__3213__clean__shuffled__r7 bl=-1 gwad+=-1 t=4.0s
[DONE] calibration__3213__clean__shuffled__r8 bl=-1 gwad+=-1 t=3.9s
[DONE] calibration__3213__clean__shuffled__r9 bl=-1 gwad+=-1 t=4.0s
[DONE] calibration__3213__clean__noise__r0 bl=-1 gwad+=259 t=4.3s
[DONE] calibration__3213__clean__sweep__r0 bl=610 gwad+=259 t=3.9s
[DONE] calibration__7699__clean__shuffled__r0 bl=-1 gwad+=-1 t=4.1s
[DONE] calibration__7699__clean__shuffled__r1 bl=-1 gwad+=-1 t=4.3s
[DONE] calibration__7699__clean__shuffled__r2 bl=-1 gwad+=-1 t=3.9s
[DONE] calibration__7699__clean__shuffled__r3 bl=-1 gwad+=-1 t=4.0s
[DONE] calibration__7699__clean__shuffled__r4 bl=-1 gwad+=-1 t=4.1s
[DONE] calibration__7699__clean__shuffled__r5 bl=-1 gwad+=-1 t=3.9s
[DONE] calibration__7699__clean__shuffled__r6 bl=-1 gwad+=-1 t=4.2s
[DONE] calibration__7699__clean__shuffled__r7 bl=-1 gwad+=-1 t=3.8s
[DONE] calibration__7699__clean__shuffled__r8 bl=-1 gwad+=-1 t=4.2s
[DONE] calibration__7699__clean__shuffled__r9 bl=-1 gwad+=-1 t=4.0s
[DONE] calibration__7699__clean__noise__r0 bl=-1 gwad+=259 t=4.4s
[DONE] calibration__7699__clean__sweep__r0 bl=64 gwad+=259 t=3.8s
[DONE] evaluation__3568__clean__shuffled__r0 bl=-1 gwad+=-1 t=4.3s
[DONE] evaluation__3568__clean__shuffled__r1 bl=-1 gwad+=-1 t=4.1s
[DONE] evaluation__3568__clean__shuffled__r2 bl=-1 gwad+=-1 t=4.1s
[DONE] evaluation__3568__clean__shuffled__r3 bl=-1 gwad+=-1 t=4.0s
[DONE] evaluation__3568__clean__shuffled__r4 bl=-1 gwad+=-1 t=4.1s
[DONE] evaluation__3568__clean__shuffled__r5 bl=-1 gwad+=-1 t=4.3s
[DONE] evaluation__3568__clean__shuffled__r6 bl=-1 gwad+=-1 t=4.0s
[DONE] evaluation__3568__clean__shuffled__r7 bl=-1 gwad+=-1 t=4.0s
[DONE] evaluation__3568__clean__shuffled__r8 bl=-1 gwad+=-1 t=4.1s
[DONE] evaluation__3568__clean__shuffled__r9 bl=-1 gwad+=-1 t=4.1s
[DONE] evaluation__3568__clean__noise__r0 bl=-1 gwad+=259 t=4.5s
[DONE] evaluation__3568__clean__sweep__r0 bl=36 gwad+=259 t=3.6s
[DONE] evaluation__6494__clean__shuffled__r0 bl=-1 gwad+=-1 t=4.2s
[DONE] evaluation__6494__clean__shuffled__r1 bl=-1 gwad+=-1 t=4.0s
[DONE] evaluation__6494__clean__shuffled__r2 bl=-1 gwad+=-1 t=4.0s
[DONE] evaluation__6494__clean__shuffled__r3 bl=-1 gwad+=-1 t=4.2s
[DONE] evaluation__6494__clean__shuffled__r4 bl=-1 gwad+=-1 t=4.1s
[DONE] evaluation__6494__clean__shuffled__r5 bl=-1 gwad+=-1 t=4.1s
[DONE] evaluation__6494__clean__shuffled__r6 bl=-1 gwad+=-1 t=4.1s
[DONE] evaluation__6494__clean__shuffled__r7 bl=-1 gwad+=-1 t=4.1s
[DONE] evaluation__6494__clean__shuffled__r8 bl=-1 gwad+=-1 t=4.2s
[DONE] evaluation__6494__clean__shuffled__r9 bl=-1 gwad+=-1 t=4.2s
[DONE] evaluation__6494__clean__noise__r0 bl=-1 gwad+=306 t=4.3s
[DONE] evaluation__6494__clean__sweep__r0 bl=42 gwad+=259 t=3.3s
[DONE] evaluation__9045__clean__shuffled__r0 bl=-1 gwad+=-1 t=4.1s
[DONE] evaluation__9045__clean__shuffled__r1 bl=-1 gwad+=-1 t=4.2s
[DONE] evaluation__9045__clean__shuffled__r2 bl=-1 gwad+=-1 t=4.0s
[DONE] evaluation__9045__clean__shuffled__r3 bl=-1 gwad+=-1 t=3.9s
[DONE] evaluation__9045__clean__shuffled__r4 bl=-1 gwad+=-1 t=4.2s
[DONE] evaluation__9045__clean__shuffled__r5 bl=-1 gwad+=-1 t=4.3s
[DONE] evaluation__9045__clean__shuffled__r6 bl=-1 gwad+=-1 t=4.2s
[DONE] evaluation__9045__clean__shuffled__r7 bl=-1 gwad+=-1 t=4.1s
[DONE] evaluation__9045__clean__shuffled__r8 bl=-1 gwad+=-1 t=4.1s
[DONE] evaluation__9045__clean__shuffled__r9 bl=-1 gwad+=-1 t=3.9s
[DONE] evaluation__9045__clean__noise__r0 bl=-1 gwad+=259 t=4.5s
[DONE] evaluation__9045__clean__sweep__r0 bl=19 gwad+=259 t=3.3s
[DONE] evaluation__122__clean__shuffled__r0 bl=-1 gwad+=-1 t=4.0s
[DONE] evaluation__122__clean__shuffled__r1 bl=-1 gwad+=-1 t=4.2s
[DONE] evaluation__122__clean__shuffled__r2 bl=-1 gwad+=-1 t=4.3s
[DONE] evaluation__122__clean__shuffled__r3 bl=-1 gwad+=-1 t=4.2s
[DONE] evaluation__122__clean__shuffled__r4 bl=-1 gwad+=-1 t=4.2s
[DONE] evaluation__122__clean__shuffled__r5 bl=-1 gwad+=-1 t=4.2s
[DONE] evaluation__122__clean__shuffled__r6 bl=-1 gwad+=-1 t=4.1s
[DONE] evaluation__122__clean__shuffled__r7 bl=-1 gwad+=-1 t=4.2s
[DONE] evaluation__122__clean__shuffled__r8 bl=-1 gwad+=-1 t=4.3s
[DONE] evaluation__122__clean__shuffled__r9 bl=-1 gwad+=-1 t=4.3s
[DONE] evaluation__122__clean__noise__r0 bl=-1 gwad+=259 t=4.8s
[DONE] evaluation__122__clean__sweep__r0 bl=421 gwad+=259 t=3.7s
[DONE] evaluation__3020__clean__shuffled__r0 bl=-1 gwad+=-1 t=4.1s
[DONE] evaluation__3020__clean__shuffled__r1 bl=-1 gwad+=-1 t=4.1s
[DONE] evaluation__3020__clean__shuffled__r2 bl=-1 gwad+=-1 t=4.1s
[DONE] evaluation__3020__clean__shuffled__r3 bl=-1 gwad+=-1 t=4.2s
[DONE] evaluation__3020__clean__shuffled__r4 bl=-1 gwad+=-1 t=4.3s
[DONE] evaluation__3020__clean__shuffled__r5 bl=-1 gwad+=-1 t=4.3s
[DONE] evaluation__3020__clean__shuffled__r6 bl=-1 gwad+=-1 t=4.2s
[DONE] evaluation__3020__clean__shuffled__r7 bl=-1 gwad+=-1 t=4.1s
[DONE] evaluation__3020__clean__shuffled__r8 bl=-1 gwad+=-1 t=3.9s
[DONE] evaluation__3020__clean__shuffled__r9 bl=-1 gwad+=-1 t=4.0s
[DONE] evaluation__3020__clean__noise__r0 bl=-1 gwad+=259 t=4.3s
[DONE] evaluation__3020__clean__sweep__r0 bl=322 gwad+=259 t=3.5s
[DONE] evaluation__7450__clean__shuffled__r0 bl=-1 gwad+=-1 t=4.1s
[DONE] evaluation__7450__clean__shuffled__r1 bl=-1 gwad+=-1 t=4.2s
[DONE] evaluation__7450__clean__shuffled__r2 bl=-1 gwad+=-1 t=4.1s
[DONE] evaluation__7450__clean__shuffled__r3 bl=-1 gwad+=-1 t=4.4s
[DONE] evaluation__7450__clean__shuffled__r4 bl=-1 gwad+=-1 t=4.3s
[DONE] evaluation__7450__clean__shuffled__r5 bl=-1 gwad+=-1 t=4.2s
[DONE] evaluation__7450__clean__shuffled__r6 bl=-1 gwad+=-1 t=4.2s
[DONE] evaluation__7450__clean__shuffled__r7 bl=-1 gwad+=-1 t=3.9s
[DONE] evaluation__7450__clean__shuffled__r8 bl=-1 gwad+=-1 t=3.9s
[DONE] evaluation__7450__clean__shuffled__r9 bl=-1 gwad+=-1 t=4.0s
[DONE] evaluation__7450__clean__noise__r0 bl=-1 gwad+=259 t=4.2s
[DONE] evaluation__7450__clean__sweep__r0 bl=65 gwad+=259 t=3.7s
[DONE] evaluation__988__clean__shuffled__r0 bl=355 gwad+=-1 t=4.3s
[DONE] evaluation__988__clean__shuffled__r1 bl=-1 gwad+=-1 t=4.1s
[DONE] evaluation__988__clean__shuffled__r2 bl=-1 gwad+=-1 t=4.2s
[DONE] evaluation__988__clean__shuffled__r3 bl=-1 gwad+=-1 t=4.1s
[DONE] evaluation__988__clean__shuffled__r4 bl=-1 gwad+=-1 t=4.2s
[DONE] evaluation__988__clean__shuffled__r5 bl=-1 gwad+=-1 t=4.3s
[DONE] evaluation__988__clean__shuffled__r6 bl=-1 gwad+=-1 t=4.3s
[DONE] evaluation__988__clean__shuffled__r7 bl=-1 gwad+=-1 t=4.1s
[DONE] evaluation__988__clean__shuffled__r8 bl=-1 gwad+=-1 t=4.2s
[DONE] evaluation__988__clean__shuffled__r9 bl=-1 gwad+=-1 t=4.1s
[DONE] evaluation__988__clean__noise__r0 bl=-1 gwad+=259 t=4.4s
[DONE] evaluation__988__clean__sweep__r0 bl=611 gwad+=259 t=3.7s
[DONE] evaluation__3313__clean__shuffled__r0 bl=-1 gwad+=-1 t=4.5s
[DONE] evaluation__3313__clean__shuffled__r1 bl=-1 gwad+=-1 t=4.0s
[DONE] evaluation__3313__clean__shuffled__r2 bl=-1 gwad+=-1 t=4.2s
[DONE] evaluation__3313__clean__shuffled__r3 bl=-1 gwad+=-1 t=4.0s
[DONE] evaluation__3313__clean__shuffled__r4 bl=-1 gwad+=-1 t=4.1s
[DONE] evaluation__3313__clean__shuffled__r5 bl=138 gwad+=-1 t=3.9s
[DONE] evaluation__3313__clean__shuffled__r6 bl=-1 gwad+=-1 t=4.2s
[DONE] evaluation__3313__clean__shuffled__r7 bl=-1 gwad+=-1 t=4.1s
[DONE] evaluation__3313__clean__shuffled__r8 bl=-1 gwad+=-1 t=4.0s
[DONE] evaluation__3313__clean__shuffled__r9 bl=-1 gwad+=-1 t=4.2s
[DONE] evaluation__3313__clean__noise__r0 bl=-1 gwad+=525 t=4.4s
[DONE] evaluation__3313__clean__sweep__r0 bl=162 gwad+=259 t=3.7s
[DONE] evaluation__6981__clean__shuffled__r0 bl=-1 gwad+=-1 t=4.3s
[DONE] evaluation__6981__clean__shuffled__r1 bl=-1 gwad+=-1 t=4.3s
[DONE] evaluation__6981__clean__shuffled__r2 bl=-1 gwad+=-1 t=4.4s
[DONE] evaluation__6981__clean__shuffled__r3 bl=-1 gwad+=-1 t=4.1s
[DONE] evaluation__6981__clean__shuffled__r4 bl=-1 gwad+=-1 t=4.0s
[DONE] evaluation__6981__clean__shuffled__r5 bl=-1 gwad+=-1 t=4.1s
[DONE] evaluation__6981__clean__shuffled__r6 bl=-1 gwad+=-1 t=4.1s
[DONE] evaluation__6981__clean__shuffled__r7 bl=-1 gwad+=-1 t=4.2s
[DONE] evaluation__6981__clean__shuffled__r8 bl=-1 gwad+=-1 t=4.1s
[DONE] evaluation__6981__clean__shuffled__r9 bl=-1 gwad+=-1 t=4.3s
[DONE] evaluation__6981__clean__noise__r0 bl=-1 gwad+=259 t=4.3s
[DONE] evaluation__6981__clean__sweep__r0 bl=232 gwad+=259 t=3.4s
[DONE] evaluation__9267__clean__shuffled__r0 bl=-1 gwad+=-1 t=4.1s
[DONE] evaluation__9267__clean__shuffled__r1 bl=-1 gwad+=-1 t=4.1s
[DONE] evaluation__9267__clean__shuffled__r2 bl=-1 gwad+=-1 t=4.2s
[DONE] evaluation__9267__clean__shuffled__r3 bl=-1 gwad+=-1 t=4.1s
[DONE] evaluation__9267__clean__shuffled__r4 bl=-1 gwad+=-1 t=4.3s
[DONE] evaluation__9267__clean__shuffled__r5 bl=-1 gwad+=-1 t=4.0s
[DONE] evaluation__9267__clean__shuffled__r6 bl=-1 gwad+=-1 t=4.2s
[DONE] evaluation__9267__clean__shuffled__r7 bl=-1 gwad+=-1 t=4.2s
[DONE] evaluation__9267__clean__shuffled__r8 bl=-1 gwad+=-1 t=4.3s
[DONE] evaluation__9267__clean__shuffled__r9 bl=-1 gwad+=-1 t=4.2s
[DONE] evaluation__9267__clean__noise__r0 bl=-1 gwad+=259 t=4.4s
[DONE] evaluation__9267__clean__sweep__r0 bl=609 gwad+=259 t=3.8s
[DONE] evaluation__3023__clean__shuffled__r0 bl=-1 gwad+=-1 t=4.1s
[DONE] evaluation__3023__clean__shuffled__r1 bl=-1 gwad+=-1 t=4.3s
[DONE] evaluation__3023__clean__shuffled__r2 bl=-1 gwad+=-1 t=4.1s
[DONE] evaluation__3023__clean__shuffled__r3 bl=-1 gwad+=-1 t=4.1s
[DONE] evaluation__3023__clean__shuffled__r4 bl=-1 gwad+=-1 t=4.1s
[DONE] evaluation__3023__clean__shuffled__r5 bl=-1 gwad+=-1 t=3.9s
[DONE] evaluation__3023__clean__shuffled__r6 bl=-1 gwad+=-1 t=4.0s
[DONE] evaluation__3023__clean__shuffled__r7 bl=-1 gwad+=-1 t=4.2s
[DONE] evaluation__3023__clean__shuffled__r8 bl=-1 gwad+=-1 t=4.1s
[DONE] evaluation__3023__clean__shuffled__r9 bl=-1 gwad+=-1 t=4.1s
[DONE] evaluation__3023__clean__noise__r0 bl=-1 gwad+=260 t=4.3s
[DONE] evaluation__3023__clean__sweep__r0 bl=33 gwad+=259 t=3.5s
[DONE] evaluation__5732__clean__shuffled__r0 bl=-1 gwad+=-1 t=4.2s
[DONE] evaluation__5732__clean__shuffled__r1 bl=-1 gwad+=-1 t=4.1s
[DONE] evaluation__5732__clean__shuffled__r2 bl=-1 gwad+=-1 t=4.0s
[DONE] evaluation__5732__clean__shuffled__r3 bl=-1 gwad+=-1 t=4.4s
[DONE] evaluation__5732__clean__shuffled__r4 bl=-1 gwad+=-1 t=4.1s
[DONE] evaluation__5732__clean__shuffled__r5 bl=-1 gwad+=-1 t=4.2s
[DONE] evaluation__5732__clean__shuffled__r6 bl=-1 gwad+=-1 t=4.1s
[DONE] evaluation__5732__clean__shuffled__r7 bl=-1 gwad+=-1 t=4.2s
[DONE] evaluation__5732__clean__shuffled__r8 bl=-1 gwad+=-1 t=4.2s
[DONE] evaluation__5732__clean__shuffled__r9 bl=-1 gwad+=-1 t=4.2s
[DONE] evaluation__5732__clean__noise__r0 bl=-1 gwad+=259 t=4.3s
[DONE] evaluation__5732__clean__sweep__r0 bl=236 gwad+=259 t=3.5s
[DONE] evaluation__7518__clean__shuffled__r0 bl=-1 gwad+=-1 t=4.2s
[DONE] evaluation__7518__clean__shuffled__r1 bl=-1 gwad+=-1 t=4.1s
[DONE] evaluation__7518__clean__shuffled__r2 bl=-1 gwad+=-1 t=4.1s
[DONE] evaluation__7518__clean__shuffled__r3 bl=-1 gwad+=-1 t=4.1s
[DONE] evaluation__7518__clean__shuffled__r4 bl=993 gwad+=-1 t=4.2s
[DONE] evaluation__7518__clean__shuffled__r5 bl=-1 gwad+=-1 t=4.0s
[DONE] evaluation__7518__clean__shuffled__r6 bl=-1 gwad+=-1 t=4.0s
[DONE] evaluation__7518__clean__shuffled__r7 bl=-1 gwad+=-1 t=4.1s
[DONE] evaluation__7518__clean__shuffled__r8 bl=-1 gwad+=-1 t=4.1s
[DONE] evaluation__7518__clean__shuffled__r9 bl=-1 gwad+=-1 t=4.2s
[DONE] evaluation__7518__clean__noise__r0 bl=-1 gwad+=297 t=4.4s
[DONE] evaluation__7518__clean__sweep__r0 bl=2 gwad+=259 t=3.3s
[DONE] evaluation__1533__clean__shuffled__r0 bl=-1 gwad+=-1 t=4.3s
[DONE] evaluation__1533__clean__shuffled__r1 bl=-1 gwad+=-1 t=4.2s
[DONE] evaluation__1533__clean__shuffled__r2 bl=-1 gwad+=-1 t=4.0s
[DONE] evaluation__1533__clean__shuffled__r3 bl=-1 gwad+=-1 t=4.3s
[DONE] evaluation__1533__clean__shuffled__r4 bl=-1 gwad+=-1 t=4.2s
[DONE] evaluation__1533__clean__shuffled__r5 bl=-1 gwad+=-1 t=4.0s
[DONE] evaluation__1533__clean__shuffled__r6 bl=-1 gwad+=-1 t=4.1s
[DONE] evaluation__1533__clean__shuffled__r7 bl=-1 gwad+=-1 t=4.2s
[DONE] evaluation__1533__clean__shuffled__r8 bl=-1 gwad+=-1 t=4.2s
[DONE] evaluation__1533__clean__shuffled__r9 bl=-1 gwad+=-1 t=4.3s
[DONE] evaluation__1533__clean__noise__r0 bl=-1 gwad+=259 t=4.2s
[DONE] evaluation__1533__clean__sweep__r0 bl=611 gwad+=259 t=3.5s
[DONE] evaluation__4042__clean__shuffled__r0 bl=-1 gwad+=-1 t=4.2s
[DONE] evaluation__4042__clean__shuffled__r1 bl=-1 gwad+=-1 t=4.3s
[DONE] evaluation__4042__clean__shuffled__r2 bl=-1 gwad+=-1 t=4.0s
[DONE] evaluation__4042__clean__shuffled__r3 bl=-1 gwad+=-1 t=4.2s
[DONE] evaluation__4042__clean__shuffled__r4 bl=-1 gwad+=-1 t=4.1s
[DONE] evaluation__4042__clean__shuffled__r5 bl=-1 gwad+=-1 t=4.2s
[DONE] evaluation__4042__clean__shuffled__r6 bl=-1 gwad+=-1 t=3.9s
[DONE] evaluation__4042__clean__shuffled__r7 bl=-1 gwad+=-1 t=4.1s
[DONE] evaluation__4042__clean__shuffled__r8 bl=682 gwad+=-1 t=4.0s
[DONE] evaluation__4042__clean__shuffled__r9 bl=-1 gwad+=-1 t=4.2s
[DONE] evaluation__4042__clean__noise__r0 bl=-1 gwad+=259 t=4.4s
[DONE] evaluation__4042__clean__sweep__r0 bl=609 gwad+=259 t=3.8s
[DONE] evaluation__7916__clean__shuffled__r0 bl=-1 gwad+=-1 t=4.3s
[DONE] evaluation__7916__clean__shuffled__r1 bl=-1 gwad+=-1 t=4.2s
[DONE] evaluation__7916__clean__shuffled__r2 bl=-1 gwad+=-1 t=4.1s
[DONE] evaluation__7916__clean__shuffled__r3 bl=-1 gwad+=-1 t=4.0s
[DONE] evaluation__7916__clean__shuffled__r4 bl=-1 gwad+=-1 t=3.8s
[DONE] evaluation__7916__clean__shuffled__r5 bl=-1 gwad+=-1 t=4.0s
[DONE] evaluation__7916__clean__shuffled__r6 bl=-1 gwad+=-1 t=4.3s
[DONE] evaluation__7916__clean__shuffled__r7 bl=-1 gwad+=-1 t=4.0s
[DONE] evaluation__7916__clean__shuffled__r8 bl=-1 gwad+=-1 t=4.0s
[DONE] evaluation__7916__clean__shuffled__r9 bl=-1 gwad+=-1 t=4.1s
[DONE] evaluation__7916__clean__noise__r0 bl=-1 gwad+=259 t=4.3s
[DONE] evaluation__7916__clean__sweep__r0 bl=387 gwad+=259 t=3.7s
[DONE] evaluation__1290__clean__shuffled__r0 bl=-1 gwad+=-1 t=4.1s
[DONE] evaluation__1290__clean__shuffled__r1 bl=-1 gwad+=-1 t=4.2s
[DONE] evaluation__1290__clean__shuffled__r2 bl=-1 gwad+=-1 t=4.3s
[DONE] evaluation__1290__clean__shuffled__r3 bl=-1 gwad+=-1 t=4.4s
[DONE] evaluation__1290__clean__shuffled__r4 bl=-1 gwad+=-1 t=4.2s
[DONE] evaluation__1290__clean__shuffled__r5 bl=-1 gwad+=-1 t=4.3s
[DONE] evaluation__1290__clean__shuffled__r6 bl=-1 gwad+=-1 t=4.1s
[DONE] evaluation__1290__clean__shuffled__r7 bl=-1 gwad+=-1 t=4.2s
[DONE] evaluation__1290__clean__shuffled__r8 bl=-1 gwad+=-1 t=4.2s
[DONE] evaluation__1290__clean__shuffled__r9 bl=-1 gwad+=-1 t=4.0s
[DONE] evaluation__1290__clean__noise__r0 bl=-1 gwad+=259 t=4.4s
[DONE] evaluation__1290__clean__sweep__r0 bl=36 gwad+=259 t=3.4s
[DONE] evaluation__3613__clean__shuffled__r0 bl=-1 gwad+=-1 t=4.2s
[DONE] evaluation__3613__clean__shuffled__r1 bl=-1 gwad+=-1 t=4.2s
[DONE] evaluation__3613__clean__shuffled__r2 bl=-1 gwad+=-1 t=4.1s
[DONE] evaluation__3613__clean__shuffled__r3 bl=-1 gwad+=-1 t=4.1s
[DONE] evaluation__3613__clean__shuffled__r4 bl=-1 gwad+=-1 t=4.0s
[DONE] evaluation__3613__clean__shuffled__r5 bl=-1 gwad+=-1 t=4.1s
[DONE] evaluation__3613__clean__shuffled__r6 bl=-1 gwad+=-1 t=4.1s
[DONE] evaluation__3613__clean__shuffled__r7 bl=-1 gwad+=-1 t=4.1s
[DONE] evaluation__3613__clean__shuffled__r8 bl=-1 gwad+=-1 t=3.8s
[DONE] evaluation__3613__clean__shuffled__r9 bl=-1 gwad+=-1 t=3.9s
[DONE] evaluation__3613__clean__noise__r0 bl=-1 gwad+=259 t=4.4s
[DONE] evaluation__3613__clean__sweep__r0 bl=337 gwad+=259 t=3.5s
[DONE] evaluation__6120__clean__shuffled__r0 bl=-1 gwad+=-1 t=4.0s
[DONE] evaluation__6120__clean__shuffled__r1 bl=-1 gwad+=-1 t=4.2s
[DONE] evaluation__6120__clean__shuffled__r2 bl=-1 gwad+=-1 t=4.0s
[DONE] evaluation__6120__clean__shuffled__r3 bl=-1 gwad+=-1 t=4.0s
[DONE] evaluation__6120__clean__shuffled__r4 bl=-1 gwad+=-1 t=4.0s
[DONE] evaluation__6120__clean__shuffled__r5 bl=-1 gwad+=-1 t=4.0s
[DONE] evaluation__6120__clean__shuffled__r6 bl=-1 gwad+=-1 t=4.3s
[DONE] evaluation__6120__clean__shuffled__r7 bl=-1 gwad+=-1 t=4.0s
[DONE] evaluation__6120__clean__shuffled__r8 bl=-1 gwad+=-1 t=4.1s
[DONE] evaluation__6120__clean__shuffled__r9 bl=-1 gwad+=-1 t=4.0s
[DONE] evaluation__6120__clean__noise__r0 bl=-1 gwad+=259 t=4.3s
[DONE] evaluation__6120__clean__sweep__r0 bl=422 gwad+=259 t=3.9s
[DONE] evaluation__9540__clean__shuffled__r0 bl=-1 gwad+=-1 t=4.2s
[DONE] evaluation__9540__clean__shuffled__r1 bl=-1 gwad+=-1 t=4.1s
[DONE] evaluation__9540__clean__shuffled__r2 bl=-1 gwad+=-1 t=4.3s
[DONE] evaluation__9540__clean__shuffled__r3 bl=-1 gwad+=-1 t=4.3s
[DONE] evaluation__9540__clean__shuffled__r4 bl=-1 gwad+=-1 t=4.2s
[DONE] evaluation__9540__clean__shuffled__r5 bl=-1 gwad+=-1 t=4.3s
[DONE] evaluation__9540__clean__shuffled__r6 bl=-1 gwad+=-1 t=4.1s
[DONE] evaluation__9540__clean__shuffled__r7 bl=-1 gwad+=-1 t=4.0s
[DONE] evaluation__9540__clean__shuffled__r8 bl=-1 gwad+=-1 t=4.2s
[DONE] evaluation__9540__clean__shuffled__r9 bl=-1 gwad+=-1 t=4.0s
[DONE] evaluation__9540__clean__noise__r0 bl=-1 gwad+=260 t=4.4s
[DONE] evaluation__9540__clean__sweep__r0 bl=163 gwad+=259 t=3.7s
[DONE] evaluation__2105__clean__shuffled__r0 bl=-1 gwad+=-1 t=4.1s
[DONE] evaluation__2105__clean__shuffled__r1 bl=-1 gwad+=-1 t=4.4s
[DONE] evaluation__2105__clean__shuffled__r2 bl=-1 gwad+=-1 t=4.3s
[DONE] evaluation__2105__clean__shuffled__r3 bl=-1 gwad+=-1 t=4.1s
[DONE] evaluation__2105__clean__shuffled__r4 bl=-1 gwad+=-1 t=4.0s
[DONE] evaluation__2105__clean__shuffled__r5 bl=-1 gwad+=-1 t=4.3s
[DONE] evaluation__2105__clean__shuffled__r6 bl=-1 gwad+=-1 t=4.1s
[DONE] evaluation__2105__clean__shuffled__r7 bl=-1 gwad+=-1 t=4.2s
[DONE] evaluation__2105__clean__shuffled__r8 bl=-1 gwad+=-1 t=4.1s
[DONE] evaluation__2105__clean__shuffled__r9 bl=-1 gwad+=-1 t=4.2s
[DONE] evaluation__2105__clean__noise__r0 bl=-1 gwad+=259 t=4.3s
[DONE] evaluation__2105__clean__sweep__r0 bl=609 gwad+=259 t=3.9s
[DONE] evaluation__4788__clean__shuffled__r0 bl=-1 gwad+=-1 t=4.4s
[DONE] evaluation__4788__clean__shuffled__r1 bl=-1 gwad+=-1 t=4.2s
[DONE] evaluation__4788__clean__shuffled__r2 bl=-1 gwad+=-1 t=3.9s
[DONE] evaluation__4788__clean__shuffled__r3 bl=-1 gwad+=-1 t=4.2s
[DONE] evaluation__4788__clean__shuffled__r4 bl=-1 gwad+=-1 t=4.2s
[DONE] evaluation__4788__clean__shuffled__r5 bl=-1 gwad+=-1 t=4.3s
[DONE] evaluation__4788__clean__shuffled__r6 bl=-1 gwad+=-1 t=4.3s
[DONE] evaluation__4788__clean__shuffled__r7 bl=-1 gwad+=-1 t=4.1s
[DONE] evaluation__4788__clean__shuffled__r8 bl=-1 gwad+=-1 t=4.2s
[DONE] evaluation__4788__clean__shuffled__r9 bl=-1 gwad+=-1 t=4.3s
[DONE] evaluation__4788__clean__noise__r0 bl=-1 gwad+=259 t=4.3s
[DONE] evaluation__4788__clean__sweep__r0 bl=2 gwad+=259 t=3.4s
[DONE] evaluation__8113__clean__shuffled__r0 bl=-1 gwad+=-1 t=4.3s
[DONE] evaluation__8113__clean__shuffled__r1 bl=-1 gwad+=-1 t=4.1s
[DONE] evaluation__8113__clean__shuffled__r2 bl=-1 gwad+=-1 t=4.3s
[DONE] evaluation__8113__clean__shuffled__r3 bl=-1 gwad+=-1 t=4.2s
[DONE] evaluation__8113__clean__shuffled__r4 bl=-1 gwad+=-1 t=4.0s
[DONE] evaluation__8113__clean__shuffled__r5 bl=-1 gwad+=-1 t=4.2s
[DONE] evaluation__8113__clean__shuffled__r6 bl=-1 gwad+=-1 t=4.4s
[DONE] evaluation__8113__clean__shuffled__r7 bl=-1 gwad+=-1 t=4.2s
[DONE] evaluation__8113__clean__shuffled__r8 bl=-1 gwad+=-1 t=4.2s
[DONE] evaluation__8113__clean__shuffled__r9 bl=-1 gwad+=-1 t=4.2s
[DONE] evaluation__8113__clean__noise__r0 bl=-1 gwad+=259 t=4.3s
[DONE] evaluation__8113__clean__sweep__r0 bl=609 gwad+=259 t=3.7s
[DONE] evaluation__1966__clean__shuffled__r0 bl=-1 gwad+=-1 t=4.3s
[DONE] evaluation__1966__clean__shuffled__r1 bl=1013 gwad+=-1 t=4.1s
[DONE] evaluation__1966__clean__shuffled__r2 bl=-1 gwad+=-1 t=3.9s
[DONE] evaluation__1966__clean__shuffled__r3 bl=-1 gwad+=-1 t=4.1s
[DONE] evaluation__1966__clean__shuffled__r4 bl=-1 gwad+=-1 t=4.4s
[DONE] evaluation__1966__clean__shuffled__r5 bl=-1 gwad+=-1 t=4.0s
[DONE] evaluation__1966__clean__shuffled__r6 bl=-1 gwad+=-1 t=4.0s
[DONE] evaluation__1966__clean__shuffled__r7 bl=-1 gwad+=-1 t=4.2s
[DONE] evaluation__1966__clean__shuffled__r8 bl=-1 gwad+=-1 t=4.1s
[DONE] evaluation__1966__clean__shuffled__r9 bl=-1 gwad+=-1 t=4.4s
[DONE] evaluation__1966__clean__noise__r0 bl=-1 gwad+=259 t=4.7s
[DONE] evaluation__1966__clean__sweep__r0 bl=609 gwad+=259 t=3.9s
[DONE] evaluation__4186__clean__shuffled__r0 bl=-1 gwad+=-1 t=4.2s
[DONE] evaluation__4186__clean__shuffled__r1 bl=-1 gwad+=-1 t=4.2s
[DONE] evaluation__4186__clean__shuffled__r2 bl=-1 gwad+=-1 t=4.1s
[DONE] evaluation__4186__clean__shuffled__r3 bl=-1 gwad+=-1 t=4.4s
[DONE] evaluation__4186__clean__shuffled__r4 bl=-1 gwad+=-1 t=4.2s
[DONE] evaluation__4186__clean__shuffled__r5 bl=633 gwad+=-1 t=4.3s
[DONE] evaluation__4186__clean__shuffled__r6 bl=-1 gwad+=-1 t=4.2s
[DONE] evaluation__4186__clean__shuffled__r7 bl=-1 gwad+=-1 t=4.0s
[DONE] evaluation__4186__clean__shuffled__r8 bl=-1 gwad+=-1 t=4.3s
[DONE] evaluation__4186__clean__shuffled__r9 bl=-1 gwad+=-1 t=4.2s
[DONE] evaluation__4186__clean__noise__r0 bl=-1 gwad+=260 t=4.4s
[DONE] evaluation__4186__clean__sweep__r0 bl=334 gwad+=259 t=3.3s
[DONE] evaluation__5998__clean__shuffled__r0 bl=-1 gwad+=-1 t=4.1s
[DONE] evaluation__5998__clean__shuffled__r1 bl=-1 gwad+=-1 t=4.2s
[DONE] evaluation__5998__clean__shuffled__r2 bl=-1 gwad+=-1 t=4.0s
[DONE] evaluation__5998__clean__shuffled__r3 bl=-1 gwad+=-1 t=4.2s
[DONE] evaluation__5998__clean__shuffled__r4 bl=-1 gwad+=-1 t=4.1s
[DONE] evaluation__5998__clean__shuffled__r5 bl=-1 gwad+=-1 t=4.0s
[DONE] evaluation__5998__clean__shuffled__r6 bl=-1 gwad+=-1 t=4.3s
[DONE] evaluation__5998__clean__shuffled__r7 bl=-1 gwad+=-1 t=4.2s
[DONE] evaluation__5998__clean__shuffled__r8 bl=-1 gwad+=-1 t=4.2s
[DONE] evaluation__5998__clean__shuffled__r9 bl=-1 gwad+=-1 t=4.1s
[DONE] evaluation__5998__clean__noise__r0 bl=-1 gwad+=260 t=4.0s
[DONE] evaluation__5998__clean__sweep__r0 bl=46 gwad+=259 t=3.8s
[DONE] evaluation__582__clean__shuffled__r0 bl=-1 gwad+=-1 t=4.4s
[DONE] evaluation__582__clean__shuffled__r1 bl=-1 gwad+=-1 t=3.9s
[DONE] evaluation__582__clean__shuffled__r2 bl=-1 gwad+=-1 t=4.2s
[DONE] evaluation__582__clean__shuffled__r3 bl=-1 gwad+=-1 t=4.4s
[DONE] evaluation__582__clean__shuffled__r4 bl=-1 gwad+=-1 t=4.3s
[DONE] evaluation__582__clean__shuffled__r5 bl=-1 gwad+=-1 t=4.6s
[DONE] evaluation__582__clean__shuffled__r6 bl=-1 gwad+=-1 t=4.2s
[DONE] evaluation__582__clean__shuffled__r7 bl=-1 gwad+=-1 t=4.2s
[DONE] evaluation__582__clean__shuffled__r8 bl=-1 gwad+=-1 t=4.2s
[DONE] evaluation__582__clean__shuffled__r9 bl=-1 gwad+=-1 t=4.0s
[DONE] evaluation__582__clean__noise__r0 bl=-1 gwad+=259 t=4.3s
[DONE] evaluation__582__clean__sweep__r0 bl=61 gwad+=259 t=3.7s
[DONE] evaluation__2196__clean__shuffled__r0 bl=-1 gwad+=-1 t=3.9s
[DONE] evaluation__2196__clean__shuffled__r1 bl=-1 gwad+=-1 t=4.0s
[DONE] evaluation__2196__clean__shuffled__r2 bl=-1 gwad+=-1 t=4.1s
[DONE] evaluation__2196__clean__shuffled__r3 bl=-1 gwad+=-1 t=4.4s
[DONE] evaluation__2196__clean__shuffled__r4 bl=-1 gwad+=-1 t=4.3s
[DONE] evaluation__2196__clean__shuffled__r5 bl=-1 gwad+=-1 t=4.4s
[DONE] evaluation__2196__clean__shuffled__r6 bl=-1 gwad+=-1 t=4.4s
[DONE] evaluation__2196__clean__shuffled__r7 bl=-1 gwad+=-1 t=4.3s
[DONE] evaluation__2196__clean__shuffled__r8 bl=-1 gwad+=-1 t=4.4s
[DONE] evaluation__2196__clean__shuffled__r9 bl=-1 gwad+=-1 t=3.7s
[DONE] evaluation__2196__clean__noise__r0 bl=-1 gwad+=259 t=4.6s
[DONE] evaluation__2196__clean__sweep__r0 bl=38 gwad+=259 t=3.7s
[DONE] evaluation__4254__clean__shuffled__r0 bl=-1 gwad+=-1 t=4.3s
[DONE] evaluation__4254__clean__shuffled__r1 bl=-1 gwad+=-1 t=4.5s
[DONE] evaluation__4254__clean__shuffled__r2 bl=-1 gwad+=-1 t=4.4s
[DONE] evaluation__4254__clean__shuffled__r3 bl=-1 gwad+=-1 t=4.2s
[DONE] evaluation__4254__clean__shuffled__r4 bl=-1 gwad+=-1 t=4.0s
[DONE] evaluation__4254__clean__shuffled__r5 bl=-1 gwad+=-1 t=4.1s
[DONE] evaluation__4254__clean__shuffled__r6 bl=-1 gwad+=-1 t=4.5s
[DONE] evaluation__4254__clean__shuffled__r7 bl=-1 gwad+=-1 t=4.3s
[DONE] evaluation__4254__clean__shuffled__r8 bl=-1 gwad+=-1 t=4.3s
[DONE] evaluation__4254__clean__shuffled__r9 bl=-1 gwad+=-1 t=4.6s
[DONE] evaluation__4254__clean__noise__r0 bl=-1 gwad+=259 t=4.8s
[DONE] evaluation__4254__clean__sweep__r0 bl=277 gwad+=259 t=4.3s
[DONE] evaluation__7580__clean__shuffled__r0 bl=-1 gwad+=-1 t=4.1s
[DONE] evaluation__7580__clean__shuffled__r1 bl=-1 gwad+=-1 t=4.4s
[DONE] evaluation__7580__clean__shuffled__r2 bl=-1 gwad+=-1 t=4.1s
[DONE] evaluation__7580__clean__shuffled__r3 bl=-1 gwad+=-1 t=4.1s
[DONE] evaluation__7580__clean__shuffled__r4 bl=-1 gwad+=-1 t=4.2s
[DONE] evaluation__7580__clean__shuffled__r5 bl=-1 gwad+=-1 t=4.2s
[DONE] evaluation__7580__clean__shuffled__r6 bl=-1 gwad+=-1 t=4.3s
[DONE] evaluation__7580__clean__shuffled__r7 bl=-1 gwad+=-1 t=4.1s
[DONE] evaluation__7580__clean__shuffled__r8 bl=-1 gwad+=-1 t=4.0s
[DONE] evaluation__7580__clean__shuffled__r9 bl=-1 gwad+=-1 t=4.7s
[DONE] evaluation__7580__clean__noise__r0 bl=-1 gwad+=259 t=4.7s
[DONE] evaluation__7580__clean__sweep__r0 bl=161 gwad+=259 t=3.7s
[DONE] evaluation__3170__clean__shuffled__r0 bl=-1 gwad+=-1 t=4.5s
[DONE] evaluation__3170__clean__shuffled__r1 bl=-1 gwad+=-1 t=4.1s
[DONE] evaluation__3170__clean__shuffled__r2 bl=-1 gwad+=-1 t=4.2s
[DONE] evaluation__3170__clean__shuffled__r3 bl=-1 gwad+=-1 t=4.0s
[DONE] evaluation__3170__clean__shuffled__r4 bl=-1 gwad+=-1 t=4.3s
[DONE] evaluation__3170__clean__shuffled__r5 bl=-1 gwad+=-1 t=4.3s
[DONE] evaluation__3170__clean__shuffled__r6 bl=-1 gwad+=-1 t=4.1s
[DONE] evaluation__3170__clean__shuffled__r7 bl=-1 gwad+=-1 t=4.0s
[DONE] evaluation__3170__clean__shuffled__r8 bl=-1 gwad+=-1 t=4.0s
[DONE] evaluation__3170__clean__shuffled__r9 bl=-1 gwad+=-1 t=4.1s
[DONE] evaluation__3170__clean__noise__r0 bl=-1 gwad+=259 t=4.6s
[DONE] evaluation__3170__clean__sweep__r0 bl=2 gwad+=259 t=3.6s
[DONE] evaluation__6724__clean__shuffled__r0 bl=-1 gwad+=-1 t=4.3s
[DONE] evaluation__6724__clean__shuffled__r1 bl=-1 gwad+=-1 t=4.2s
[DONE] evaluation__6724__clean__shuffled__r2 bl=-1 gwad+=-1 t=3.9s
[DONE] evaluation__6724__clean__shuffled__r3 bl=-1 gwad+=-1 t=4.0s
[DONE] evaluation__6724__clean__shuffled__r4 bl=-1 gwad+=-1 t=4.1s
[DONE] evaluation__6724__clean__shuffled__r5 bl=-1 gwad+=-1 t=4.1s
[DONE] evaluation__6724__clean__shuffled__r6 bl=-1 gwad+=-1 t=4.3s
[DONE] evaluation__6724__clean__shuffled__r7 bl=-1 gwad+=-1 t=4.2s
[DONE] evaluation__6724__clean__shuffled__r8 bl=-1 gwad+=-1 t=4.1s
[DONE] evaluation__6724__clean__shuffled__r9 bl=-1 gwad+=-1 t=4.1s
[DONE] evaluation__6724__clean__noise__r0 bl=-1 gwad+=259 t=4.3s
[DONE] evaluation__6724__clean__sweep__r0 bl=36 gwad+=259 t=3.1s
[DONE] evaluation__8995__clean__shuffled__r0 bl=907 gwad+=-1 t=4.3s
[DONE] evaluation__8995__clean__shuffled__r1 bl=-1 gwad+=-1 t=4.0s
[DONE] evaluation__8995__clean__shuffled__r2 bl=-1 gwad+=-1 t=4.2s
[DONE] evaluation__8995__clean__shuffled__r3 bl=-1 gwad+=-1 t=4.1s
[DONE] evaluation__8995__clean__shuffled__r4 bl=-1 gwad+=-1 t=4.3s
[DONE] evaluation__8995__clean__shuffled__r5 bl=-1 gwad+=-1 t=4.2s
[DONE] evaluation__8995__clean__shuffled__r6 bl=-1 gwad+=-1 t=4.2s
[DONE] evaluation__8995__clean__shuffled__r7 bl=-1 gwad+=-1 t=4.1s
[DONE] evaluation__8995__clean__shuffled__r8 bl=-1 gwad+=-1 t=4.1s
[DONE] evaluation__8995__clean__shuffled__r9 bl=-1 gwad+=-1 t=4.1s
[DONE] evaluation__8995__clean__noise__r0 bl=-1 gwad+=259 t=4.4s
[DONE] evaluation__8995__clean__sweep__r0 bl=611 gwad+=259 t=3.8s
[DONE] fit__2130__clean__shuffled__r0 bl=-1 gwad+=-1 t=4.3s
[DONE] fit__2130__clean__shuffled__r1 bl=-1 gwad+=-1 t=4.1s
[DONE] fit__2130__clean__shuffled__r2 bl=-1 gwad+=-1 t=4.3s
[DONE] fit__2130__clean__shuffled__r3 bl=-1 gwad+=-1 t=4.3s
[DONE] fit__2130__clean__shuffled__r4 bl=-1 gwad+=-1 t=4.2s
[DONE] fit__2130__clean__shuffled__r5 bl=-1 gwad+=-1 t=4.3s
[DONE] fit__2130__clean__shuffled__r6 bl=-1 gwad+=-1 t=4.1s
[DONE] fit__2130__clean__shuffled__r7 bl=-1 gwad+=-1 t=4.0s
[DONE] fit__2130__clean__shuffled__r8 bl=-1 gwad+=-1 t=4.1s
[DONE] fit__2130__clean__shuffled__r9 bl=-1 gwad+=-1 t=4.3s
[DONE] fit__2130__clean__noise__r0 bl=-1 gwad+=259 t=4.4s
[DONE] fit__2130__clean__sweep__r0 bl=24 gwad+=259 t=3.5s
[DONE] fit__8643__clean__shuffled__r0 bl=-1 gwad+=-1 t=4.1s
[DONE] fit__8643__clean__shuffled__r1 bl=-1 gwad+=-1 t=4.2s
[DONE] fit__8643__clean__shuffled__r2 bl=-1 gwad+=-1 t=4.3s
[DONE] fit__8643__clean__shuffled__r3 bl=-1 gwad+=-1 t=4.0s
[DONE] fit__8643__clean__shuffled__r4 bl=-1 gwad+=-1 t=3.9s
[DONE] fit__8643__clean__shuffled__r5 bl=-1 gwad+=-1 t=3.9s
[DONE] fit__8643__clean__shuffled__r6 bl=-1 gwad+=-1 t=4.0s
[DONE] fit__8643__clean__shuffled__r7 bl=-1 gwad+=-1 t=4.1s
[DONE] fit__8643__clean__shuffled__r8 bl=-1 gwad+=-1 t=3.9s
[DONE] fit__8643__clean__shuffled__r9 bl=-1 gwad+=-1 t=4.2s
[DONE] fit__8643__clean__noise__r0 bl=-1 gwad+=259 t=4.4s
[DONE] fit__8643__clean__sweep__r0 bl=99 gwad+=259 t=3.6s
[DONE] fit__4954__clean__shuffled__r0 bl=-1 gwad+=-1 t=4.3s
[DONE] fit__4954__clean__shuffled__r1 bl=-1 gwad+=-1 t=4.3s
[DONE] fit__4954__clean__shuffled__r2 bl=-1 gwad+=-1 t=4.0s
[DONE] fit__4954__clean__shuffled__r3 bl=-1 gwad+=-1 t=4.2s
[DONE] fit__4954__clean__shuffled__r4 bl=-1 gwad+=-1 t=4.3s
[DONE] fit__4954__clean__shuffled__r5 bl=-1 gwad+=-1 t=4.0s
[DONE] fit__4954__clean__shuffled__r6 bl=-1 gwad+=-1 t=4.3s
[DONE] fit__4954__clean__shuffled__r7 bl=-1 gwad+=-1 t=4.1s
[DONE] fit__4954__clean__shuffled__r8 bl=-1 gwad+=-1 t=4.4s
[DONE] fit__4954__clean__shuffled__r9 bl=-1 gwad+=-1 t=3.9s
[DONE] fit__4954__clean__noise__r0 bl=-1 gwad+=259 t=4.3s
[DONE] fit__4954__clean__sweep__r0 bl=174 gwad+=259 t=3.8s
[DONE] fit__623__clean__shuffled__r0 bl=-1 gwad+=-1 t=4.3s
[DONE] fit__623__clean__shuffled__r1 bl=-1 gwad+=-1 t=3.9s
[DONE] fit__623__clean__shuffled__r2 bl=-1 gwad+=-1 t=4.2s
[DONE] fit__623__clean__shuffled__r3 bl=-1 gwad+=-1 t=4.2s
[DONE] fit__623__clean__shuffled__r4 bl=-1 gwad+=-1 t=4.2s
[DONE] fit__623__clean__shuffled__r5 bl=-1 gwad+=-1 t=4.0s
[DONE] fit__623__clean__shuffled__r6 bl=-1 gwad+=-1 t=4.0s
[DONE] fit__623__clean__shuffled__r7 bl=-1 gwad+=-1 t=4.3s
[DONE] fit__623__clean__shuffled__r8 bl=-1 gwad+=-1 t=4.1s
[DONE] fit__623__clean__shuffled__r9 bl=-1 gwad+=-1 t=3.9s
[DONE] fit__623__clean__noise__r0 bl=-1 gwad+=259 t=4.6s
[DONE] fit__623__clean__sweep__r0 bl=-1 gwad+=259 t=3.8s
[DONE] fit__7351__clean__shuffled__r0 bl=-1 gwad+=-1 t=4.0s
[DONE] fit__7351__clean__shuffled__r1 bl=-1 gwad+=-1 t=4.0s
[DONE] fit__7351__clean__shuffled__r2 bl=-1 gwad+=-1 t=4.0s
[DONE] fit__7351__clean__shuffled__r3 bl=-1 gwad+=-1 t=4.4s
[DONE] fit__7351__clean__shuffled__r4 bl=-1 gwad+=-1 t=4.2s
[DONE] fit__7351__clean__shuffled__r5 bl=-1 gwad+=-1 t=4.1s
[DONE] fit__7351__clean__shuffled__r6 bl=-1 gwad+=-1 t=4.1s
[DONE] fit__7351__clean__shuffled__r7 bl=-1 gwad+=-1 t=4.2s
[DONE] fit__7351__clean__shuffled__r8 bl=-1 gwad+=-1 t=4.2s
[DONE] fit__7351__clean__shuffled__r9 bl=-1 gwad+=-1 t=3.9s
[DONE] fit__7351__clean__noise__r0 bl=-1 gwad+=259 t=4.3s
[DONE] fit__7351__clean__sweep__r0 bl=98 gwad+=259 t=3.9s
[DONE] fit__2922__clean__shuffled__r0 bl=-1 gwad+=-1 t=4.3s
[DONE] fit__2922__clean__shuffled__r1 bl=-1 gwad+=-1 t=4.0s
[DONE] fit__2922__clean__shuffled__r2 bl=-1 gwad+=-1 t=3.9s
[DONE] fit__2922__clean__shuffled__r3 bl=-1 gwad+=-1 t=4.3s
[DONE] fit__2922__clean__shuffled__r4 bl=-1 gwad+=-1 t=4.1s
[DONE] fit__2922__clean__shuffled__r5 bl=-1 gwad+=-1 t=4.0s
[DONE] fit__2922__clean__shuffled__r6 bl=-1 gwad+=-1 t=4.1s
[DONE] fit__2922__clean__shuffled__r7 bl=-1 gwad+=-1 t=4.0s
[DONE] fit__2922__clean__shuffled__r8 bl=-1 gwad+=-1 t=4.3s
[DONE] fit__2922__clean__shuffled__r9 bl=-1 gwad+=-1 t=4.2s
[DONE] fit__2922__clean__noise__r0 bl=-1 gwad+=259 t=4.3s
[DONE] fit__2922__clean__sweep__r0 bl=257 gwad+=259 t=3.6s
[DONE] fit__9198__clean__shuffled__r0 bl=-1 gwad+=-1 t=4.2s
[DONE] fit__9198__clean__shuffled__r1 bl=-1 gwad+=-1 t=4.0s
[DONE] fit__9198__clean__shuffled__r2 bl=-1 gwad+=-1 t=4.1s
[DONE] fit__9198__clean__shuffled__r3 bl=-1 gwad+=-1 t=4.1s
[DONE] fit__9198__clean__shuffled__r4 bl=-1 gwad+=-1 t=3.9s
[DONE] fit__9198__clean__shuffled__r5 bl=-1 gwad+=-1 t=4.2s
[DONE] fit__9198__clean__shuffled__r6 bl=-1 gwad+=-1 t=4.1s
[DONE] fit__9198__clean__shuffled__r7 bl=-1 gwad+=-1 t=4.1s
[DONE] fit__9198__clean__shuffled__r8 bl=-1 gwad+=-1 t=4.3s
[DONE] fit__9198__clean__shuffled__r9 bl=-1 gwad+=-1 t=4.1s
[DONE] fit__9198__clean__noise__r0 bl=-1 gwad+=259 t=4.1s
[DONE] fit__9198__clean__sweep__r0 bl=33 gwad+=259 t=3.5s
[DONE] fit__1928__clean__shuffled__r0 bl=-1 gwad+=-1 t=4.0s
[DONE] fit__1928__clean__shuffled__r1 bl=-1 gwad+=-1 t=3.8s
[DONE] fit__1928__clean__shuffled__r2 bl=-1 gwad+=-1 t=4.3s
[DONE] fit__1928__clean__shuffled__r3 bl=-1 gwad+=-1 t=3.9s
[DONE] fit__1928__clean__shuffled__r4 bl=-1 gwad+=-1 t=4.2s
[DONE] fit__1928__clean__shuffled__r5 bl=-1 gwad+=-1 t=4.2s
[DONE] fit__1928__clean__shuffled__r6 bl=-1 gwad+=-1 t=4.0s
[DONE] fit__1928__clean__shuffled__r7 bl=-1 gwad+=-1 t=3.9s
[DONE] fit__1928__clean__shuffled__r8 bl=-1 gwad+=-1 t=4.1s
[DONE] fit__1928__clean__shuffled__r9 bl=-1 gwad+=-1 t=4.2s
[DONE] fit__1928__clean__noise__r0 bl=-1 gwad+=259 t=4.4s
[DONE] fit__1928__clean__sweep__r0 bl=513 gwad+=259 t=3.5s
[DONE] fit__1940__clean__shuffled__r0 bl=-1 gwad+=-1 t=4.0s
[DONE] fit__1940__clean__shuffled__r1 bl=-1 gwad+=-1 t=4.2s
[DONE] fit__1940__clean__shuffled__r2 bl=-1 gwad+=-1 t=4.0s
[DONE] fit__1940__clean__shuffled__r3 bl=-1 gwad+=-1 t=3.9s
[DONE] fit__1940__clean__shuffled__r4 bl=-1 gwad+=-1 t=3.9s
[DONE] fit__1940__clean__shuffled__r5 bl=-1 gwad+=-1 t=4.3s
[DONE] fit__1940__clean__shuffled__r6 bl=-1 gwad+=-1 t=4.2s
[DONE] fit__1940__clean__shuffled__r7 bl=-1 gwad+=-1 t=4.2s
[DONE] fit__1940__clean__shuffled__r8 bl=-1 gwad+=-1 t=4.0s
[DONE] fit__1940__clean__shuffled__r9 bl=-1 gwad+=-1 t=4.3s
[DONE] fit__1940__clean__noise__r0 bl=-1 gwad+=259 t=4.3s
[DONE] fit__1940__clean__sweep__r0 bl=34 gwad+=259 t=3.6s
[DONE] fit__6571__clean__shuffled__r0 bl=-1 gwad+=-1 t=4.3s
[DONE] fit__6571__clean__shuffled__r1 bl=-1 gwad+=-1 t=4.1s
[DONE] fit__6571__clean__shuffled__r2 bl=-1 gwad+=-1 t=4.1s
[DONE] fit__6571__clean__shuffled__r3 bl=-1 gwad+=-1 t=4.2s
[DONE] fit__6571__clean__shuffled__r4 bl=-1 gwad+=-1 t=4.4s
[DONE] fit__6571__clean__shuffled__r5 bl=-1 gwad+=-1 t=4.1s
[DONE] fit__6571__clean__shuffled__r6 bl=-1 gwad+=-1 t=4.2s
[DONE] fit__6571__clean__shuffled__r7 bl=-1 gwad+=-1 t=4.3s
[DONE] fit__6571__clean__shuffled__r8 bl=-1 gwad+=-1 t=3.8s
[DONE] fit__6571__clean__shuffled__r9 bl=-1 gwad+=-1 t=3.8s
[DONE] fit__6571__clean__noise__r0 bl=-1 gwad+=259 t=4.3s
[DONE] fit__6571__clean__sweep__r0 bl=60 gwad+=259 t=3.8s
[DONE] fit__1688__clean__shuffled__r0 bl=-1 gwad+=-1 t=4.1s
[DONE] fit__1688__clean__shuffled__r1 bl=-1 gwad+=-1 t=4.1s
[DONE] fit__1688__clean__shuffled__r2 bl=428 gwad+=-1 t=4.1s
[DONE] fit__1688__clean__shuffled__r3 bl=-1 gwad+=-1 t=4.2s
[DONE] fit__1688__clean__shuffled__r4 bl=-1 gwad+=-1 t=3.9s
[DONE] fit__1688__clean__shuffled__r5 bl=-1 gwad+=-1 t=4.3s
[DONE] fit__1688__clean__shuffled__r6 bl=-1 gwad+=-1 t=4.1s
[DONE] fit__1688__clean__shuffled__r7 bl=-1 gwad+=-1 t=4.1s
[DONE] fit__1688__clean__shuffled__r8 bl=-1 gwad+=-1 t=4.1s
[DONE] fit__1688__clean__shuffled__r9 bl=-1 gwad+=-1 t=3.9s
[DONE] fit__1688__clean__noise__r0 bl=-1 gwad+=259 t=4.3s
[DONE] fit__1688__clean__sweep__r0 bl=609 gwad+=259 t=3.8s
[DONE] fit__9721__clean__shuffled__r0 bl=-1 gwad+=-1 t=4.2s
[DONE] fit__9721__clean__shuffled__r1 bl=-1 gwad+=-1 t=4.0s
[DONE] fit__9721__clean__shuffled__r2 bl=-1 gwad+=-1 t=4.0s
[DONE] fit__9721__clean__shuffled__r3 bl=-1 gwad+=-1 t=4.1s
[DONE] fit__9721__clean__shuffled__r4 bl=-1 gwad+=-1 t=4.0s
[DONE] fit__9721__clean__shuffled__r5 bl=-1 gwad+=-1 t=4.0s
[DONE] fit__9721__clean__shuffled__r6 bl=-1 gwad+=-1 t=4.1s
[DONE] fit__9721__clean__shuffled__r7 bl=-1 gwad+=-1 t=4.2s
[DONE] fit__9721__clean__shuffled__r8 bl=-1 gwad+=-1 t=4.1s
[DONE] fit__9721__clean__shuffled__r9 bl=-1 gwad+=-1 t=4.1s
[DONE] fit__9721__clean__noise__r0 bl=-1 gwad+=259 t=4.2s
[DONE] fit__9721__clean__sweep__r0 bl=33 gwad+=259 t=3.7s
[DONE] fit__4339__clean__shuffled__r0 bl=-1 gwad+=-1 t=4.0s
[DONE] fit__4339__clean__shuffled__r1 bl=-1 gwad+=-1 t=4.1s
[DONE] fit__4339__clean__shuffled__r2 bl=-1 gwad+=-1 t=4.0s
[DONE] fit__4339__clean__shuffled__r3 bl=-1 gwad+=-1 t=4.0s
[DONE] fit__4339__clean__shuffled__r4 bl=-1 gwad+=-1 t=4.1s
[DONE] fit__4339__clean__shuffled__r5 bl=-1 gwad+=-1 t=4.0s
[DONE] fit__4339__clean__shuffled__r6 bl=-1 gwad+=-1 t=4.1s
[DONE] fit__4339__clean__shuffled__r7 bl=-1 gwad+=-1 t=4.0s
[DONE] fit__4339__clean__shuffled__r8 bl=-1 gwad+=-1 t=4.1s
[DONE] fit__4339__clean__shuffled__r9 bl=-1 gwad+=-1 t=4.2s
[DONE] fit__4339__clean__noise__r0 bl=-1 gwad+=259 t=4.1s
[DONE] fit__4339__clean__sweep__r0 bl=609 gwad+=259 t=3.7s
[DONE] fit__1279__clean__shuffled__r0 bl=-1 gwad+=-1 t=4.1s
[DONE] fit__1279__clean__shuffled__r1 bl=-1 gwad+=-1 t=4.1s
[DONE] fit__1279__clean__shuffled__r2 bl=-1 gwad+=-1 t=4.2s
[DONE] fit__1279__clean__shuffled__r3 bl=-1 gwad+=-1 t=4.3s
[DONE] fit__1279__clean__shuffled__r4 bl=-1 gwad+=-1 t=3.9s
[DONE] fit__1279__clean__shuffled__r5 bl=-1 gwad+=-1 t=4.1s
[DONE] fit__1279__clean__shuffled__r6 bl=-1 gwad+=-1 t=4.0s
[DONE] fit__1279__clean__shuffled__r7 bl=-1 gwad+=-1 t=4.2s
[DONE] fit__1279__clean__shuffled__r8 bl=-1 gwad+=-1 t=4.0s
[DONE] fit__1279__clean__shuffled__r9 bl=-1 gwad+=-1 t=3.8s
[DONE] fit__1279__clean__noise__r0 bl=-1 gwad+=259 t=4.2s
[DONE] fit__1279__clean__sweep__r0 bl=220 gwad+=259 t=3.6s
[DONE] fit__4865__clean__shuffled__r0 bl=-1 gwad+=-1 t=4.0s
[DONE] fit__4865__clean__shuffled__r1 bl=-1 gwad+=-1 t=4.1s
[DONE] fit__4865__clean__shuffled__r2 bl=-1 gwad+=-1 t=4.2s
[DONE] fit__4865__clean__shuffled__r3 bl=-1 gwad+=-1 t=4.1s
[DONE] fit__4865__clean__shuffled__r4 bl=-1 gwad+=-1 t=4.0s
[DONE] fit__4865__clean__shuffled__r5 bl=-1 gwad+=-1 t=4.0s
[DONE] fit__4865__clean__shuffled__r6 bl=-1 gwad+=-1 t=4.0s
[DONE] fit__4865__clean__shuffled__r7 bl=-1 gwad+=-1 t=4.3s
[DONE] fit__4865__clean__shuffled__r8 bl=-1 gwad+=-1 t=3.9s
[DONE] fit__4865__clean__shuffled__r9 bl=-1 gwad+=-1 t=4.1s
[DONE] fit__4865__clean__noise__r0 bl=-1 gwad+=259 t=4.4s
[DONE] fit__4865__clean__sweep__r0 bl=2 gwad+=259 t=3.8s
[DONE] fit__2467__clean__shuffled__r0 bl=-1 gwad+=-1 t=4.2s
[DONE] fit__2467__clean__shuffled__r1 bl=-1 gwad+=-1 t=4.2s
[DONE] fit__2467__clean__shuffled__r2 bl=-1 gwad+=-1 t=3.9s
[DONE] fit__2467__clean__shuffled__r3 bl=-1 gwad+=-1 t=4.1s
[DONE] fit__2467__clean__shuffled__r4 bl=-1 gwad+=-1 t=4.0s
[DONE] fit__2467__clean__shuffled__r5 bl=-1 gwad+=-1 t=3.9s
[DONE] fit__2467__clean__shuffled__r6 bl=-1 gwad+=-1 t=3.8s
[DONE] fit__2467__clean__shuffled__r7 bl=-1 gwad+=-1 t=3.8s
[DONE] fit__2467__clean__shuffled__r8 bl=-1 gwad+=-1 t=3.6s
[DONE] fit__2467__clean__shuffled__r9 bl=-1 gwad+=-1 t=3.7s
[DONE] fit__2467__clean__noise__r0 bl=-1 gwad+=259 t=3.9s
[DONE] fit__2467__clean__sweep__r0 bl=162 gwad+=259 t=3.3s
[DONE] fit__7920__clean__shuffled__r0 bl=-1 gwad+=-1 t=3.6s
[DONE] fit__7920__clean__shuffled__r1 bl=-1 gwad+=-1 t=3.7s
[DONE] fit__7920__clean__shuffled__r2 bl=-1 gwad+=-1 t=3.7s
[DONE] fit__7920__clean__shuffled__r3 bl=-1 gwad+=-1 t=3.7s
[DONE] fit__7920__clean__shuffled__r4 bl=-1 gwad+=-1 t=3.7s
[DONE] fit__7920__clean__shuffled__r5 bl=-1 gwad+=-1 t=3.7s
[DONE] fit__7920__clean__shuffled__r6 bl=-1 gwad+=-1 t=3.6s
[DONE] fit__7920__clean__shuffled__r7 bl=-1 gwad+=-1 t=3.7s
[DONE] fit__7920__clean__shuffled__r8 bl=-1 gwad+=-1 t=3.7s
[DONE] fit__7920__clean__shuffled__r9 bl=-1 gwad+=-1 t=3.6s
[DONE] fit__7920__clean__noise__r0 bl=-1 gwad+=259 t=3.7s
[DONE] fit__7920__clean__sweep__r0 bl=609 gwad+=259 t=3.2s
