[DONE] calibration__1617__clean__shuffled__r0 bl=-1 gwad+=-1 t=4.3s
[DONE] calibration__1617__clean__shuffled__r1 bl=-1 gwad+=-1 t=4.2s
[DONE] calibration__1617__clean__shuffled__r2 bl=-1 gwad+=-1 t=3.9s
[DONE] calibration__1617__clean__shuffled__r3 bl=-1 gwad+=-1 t=3.8s
[DONE] calibration__1617__clean__shuffled__r4 bl=-1 gwad+=-1 t=3.9s
[DONE] calibration__1617__clean__shuffled__r5 bl=-1 gwad+=-1 t=3.9s
[DONE] calibration__1617__clean__shuffled__r6 bl=-1 gwad+=-1 t=3.9s
[DONE] calibration__1617__clean__shuffled__r7 bl=-1 gwad+=-1 t=4.1s
[DONE] calibration__1617__clean__shuffled__r8 bl=-1 gwad+=-1 t=4.1s
[DONE] calibration__1617__clean__shuffled__r9 bl=-1 gwad+=-1 t=4.1s
[DONE] calibration__1617__clean__noise__r0 bl=-1 gwad+=259 t=4.2s
[DONE] calibration__1617__clean__sweep__r0 bl=23 gwad+=259 t=3.6s
[DONE] calibration__5968__clean__shuffled__r0 bl=-1 gwad+=-1 t=4.0s
[DONE] calibration__5968__clean__shuffled__r1 bl=-1 gwad+=-1 t=4.0s
[DONE] calibration__5968__clean__shuffled__r2 bl=-1 gwad+=-1 t=3.9s
[DONE] calibration__5968__clean__shuffled__r3 bl=-1 gwad+=-1 t=3.9s
[DONE] calibration__5968__clean__shuffled__r4 bl=-1 gwad+=-1 t=4.1s
[DONE] calibration__5968__clean__shuffled__r5 bl=-1 gwad+=-1 t=4.2s
[DONE] calibration__5968__clean__shuffled__r6 bl=-1 gwad+=-1 t=4.3s
[DONE] calibration__5968__clean__shuffled__r7 bl=-1 gwad+=-1 t=4.0s
[DONE] calibration__5968__clean__shuffled__r8 bl=-1 gwad+=-1 t=4.2s
[DONE] calibration__5968__clean__shuffled__r9 bl=-1 gwad+=-1 t=4.4s
[DONE] calibration__5968__clean__noise__r0 bl=-1 gwad+=259 t=4.2s
[DONE] calibration__5968__clean__sweep__r0 bl=30 gwad+=259 t=3.7s
[DONE] calibration__2712__clean__shuffled__r0 bl=-1 gwad+=-1 t=4.2s
[DONE] calibration__2712__clean__shuffled__r1 bl=-1 gwad+=-1 t=4.0s
[DONE] calibration__2712__clean__shuffled__r2 bl=-1 gwad+=-1 t=4.0s
[DONE] calibration__2712__clean__shuffled__r3 bl=-1 gwad+=-1 t=4.1s
[DONE] calibration__2712__clean__shuffled__r4 bl=-1 gwad+=-1 t=4.2s
[DONE] calibration__2712__clean__shuffled__r5 bl=-1 gwad+=-1 t=4.2s
[DONE] calibration__2712__clean__shuffled__r6 bl=-1 gwad+=-1 t=4.0s
[DONE] calibration__2712__clean__shuffled__r7 bl=-1 gwad+=-1 t=4.2s
[DONE] calibration__2712__clean__shuffled__r8 bl=-1 gwad+=-1 t=4.0s
[DONE] calibration__2712__clean__shuffled__r9 bl=-1 gwad+=-1 t=4.0s
[DONE] calibration__2712__clean__noise__r0 bl=-1 gwad+=259 t=4.0s
[DONE] calibration__2712__clean__sweep__r0 bl=98 gwad+=259 t=3.6s
[DONE] calibration__9811__clean__shuffled__r0 bl=-1 gwad+=-1 t=4.0s
[DONE] calibration__9811__clean__shuffled__r1 bl=-1 gwad+=-1 t=4.0s
[DONE] calibration__9811__clean__shuffled__r2 bl=-1 gwad+=-1 t=3.8s
[DONE] calibration__9811__clean__shuffled__r3 bl=-1 gwad+=-1 t=4.0s
[DONE] calibration__9811__clean__shuffled__r4 bl=-1 gwad+=-1 t=4.0s
[DONE] calibration__9811__clean__shuffled__r5 bl=-1 gwad+=-1 t=4.0s
[DONE] calibration__9811__clean__shuffled__r6 bl=-1 gwad+=-1 t=4.1s
[DONE] calibration__9811__clean__shuffled__r7 bl=-1 gwad+=-1 t=3.7s
[DONE] calibration__9811__clean__shuffled__r8 bl=-1 gwad+=-1 t=4.3s
[DONE] calibration__9811__clean__shuffled__r9 bl=-1 gwad+=-1 t=4.2s
[DONE] calibration__9811__clean__noise__r0 bl=-1 gwad+=259 t=4.1s
[DONE] calibration__9811__clean__sweep__r0 bl=385 gwad+=259 t=3.5s
[DONE] calibration__5385__clean__shuffled__r0 bl=-1 gwad+=-1 t=4.2s
[DONE] calibration__5385__clean__shuffled__r1 bl=-1 gwad+=-1 t=4.1s
[DONE] calibration__5385__clean__shuffled__r2 bl=-1 gwad+=-1 t=4.0s
[DONE] calibration__5385__clean__shuffled__r3 bl=-1 gwad+=-1 t=4.0s
[DONE] calibration__5385__clean__shuffled__r4 bl=-1 gwad+=-1 t=3.9s
[DONE] calibration__5385__clean__shuffled__r5 bl=-1 gwad+=-1 t=4.1s
[DONE] calibration__5385__clean__shuffled__r6 bl=-1 gwad+=-1 t=4.2s
[DONE] calibration__5385__clean__shuffled__r7 bl=-1 gwad+=-1 t=4.2s
[DONE] calibration__5385__clean__shuffled__r8 bl=-1 gwad+=-1 t=4.1s
[DONE] calibration__5385__clean__shuffled__r9 bl=-1 gwad+=-1 t=4.2s
[DONE] calibration__5385__clean__noise__r0 bl=-1 gwad+=259 t=4.3s
[DONE] calibration__5385__clean__sweep__r0 bl=2 gwad+=259 t=3.4s
[DONE] calibration__896__clean__shuffled__r0 bl=-1 gwad+=-1 t=4.1s
[DONE] calibration__896__clean__shuffled__r1 bl=-1 gwad+=-1 t=4.1s
[DONE] calibration__896__clean__shuffled__r2 bl=-1 gwad+=-1 t=4.2s
[DONE] calibration__896__clean__shuffled__r3 bl=-1 gwad+=-1 t=4.3s
[DONE] calibration__896__clean__shuffled__r4 bl=-1 gwad+=-1 t=4.1s
[DONE] calibration__896__clean__shuffled__r5 bl=-1 gwad+=-1 t=4.1s
[DONE] calibration__896__clean__shuffled__r6 bl=-1 gwad+=-1 t=3.8s
[DONE] calibration__896__clean__shuffled__r7 bl=-1 gwad+=-1 t=4.2s
[DONE] calibration__896__clean__shuffled__r8 bl=-1 gwad+=-1 t=4.1s
[DONE] calibration__896__clean__shuffled__r9 bl=-1 gwad+=-1 t=3.8s
[DONE] calibration__896__clean__noise__r0 bl=-1 gwad+=259 t=4.1s
[DONE] calibration__896__clean__sweep__r0 bl=-1 gwad+=259 t=3.5s
[DONE] calibration__7825__clean__shuffled__r0 bl=-1 gwad+=-1 t=4.0s
[DONE] calibration__7825__clean__shuffled__r1 bl=-1 gwad+=-1 t=4.1s
[DONE] calibration__7825__clean__shuffled__r2 bl=-1 gwad+=-1 t=4.1s
[DONE] calibration__7825__clean__shuffled__r3 bl=-1 gwad+=-1 t=4.1s
[DONE] calibration__7825__clean__shuffled__r4 bl=-1 gwad+=-1 t=3.9s
[DONE] calibration__7825__clean__shuffled__r5 bl=-1 gwad+=-1 t=4.1s
[DONE] calibration__7825__clean__shuffled__r6 bl=-1 gwad+=-1 t=3.9s
[DONE] calibration__7825__clean__shuffled__r7 bl=-1 gwad+=-1 t=4.0s
[DONE] calibration__7825__clean__shuffled__r8 bl=-1 gwad+=-1 t=4.0s
[DONE] calibration__7825__clean__shuffled__r9 bl=-1 gwad+=-1 t=4.2s
[DONE] calibration__7825__clean__noise__r0 bl=-1 gwad+=259 t=4.4s
[DONE] calibration__7825__clean__sweep__r0 bl=64 gwad+=259 t=3.5s
[DONE] calibration__1609__clean__shuffled__r0 bl=-1 gwad+=-1 t=4.1s
[DONE] calibration__1609__clean__shuffled__r1 bl=-1 gwad+=-1 t=4.3s
[DONE] calibration__1609__clean__shuffled__r2 bl=-1 gwad+=-1 t=4.3s
[DONE] calibration__1609__clean__shuffled__r3 bl=-1 gwad+=-1 t=4.1s
[DONE] calibration__1609__clean__shuffled__r4 bl=-1 gwad+=-1 t=3.8s
[DONE] calibration__1609__clean__shuffled__r5 bl=-1 gwad+=-1 t=3.9s
[DONE] calibration__1609__clean__shuffled__r6 bl=-1 gwad+=-1 t=4.0s
[DONE] calibration__1609__clean__shuffled__r7 bl=-1 gwad+=-1 t=4.0s
[DONE] calibration__1609__clean__shuffled__r8 bl=-1 gwad+=-1 t=4.2s
[DONE] calibration__1609__clean__shuffled__r9 bl=-1 gwad+=-1 t=3.9s
[DONE] calibration__1609__clean__noise__r0 bl=-1 gwad+=266 t=4.3s
[DONE] calibration__1609__clean__sweep__r0 bl=162 gwad+=259 t=3.5s
[DONE] calibration__9837__clean__shuffled__r0 bl=-1 gwad+=-1 t=4.0s
[DONE] calibration__9837__clean__shuffled__r1 bl=-1 gwad+=-1 t=4.1s
[DONE] calibration__9837__clean__shuffled__r2 bl=-1 gwad+=-1 t=4.2s
[DONE] calibration__9837__clean__shuffled__r3 bl=-1 gwad+=-1 t=4.2s
[DONE] calibration__9837__clean__shuffled__r4 bl=-1 gwad+=-1 t=4.2s
[DONE] calibration__9837__clean__shuffled__r5 bl=-1 gwad+=-1 t=4.0s
[DONE] calibration__9837__clean__shuffled__r6 bl=-1 gwad+=-1 t=4.1s
[DONE] calibration__9837__clean__shuffled__r7 bl=-1 gwad+=-1 t=4.0s
[DONE] calibration__9837__clean__shuffled__r8 bl=-1 gwad+=-1 t=4.1s
[DONE] calibration__9837__clean__shuffled__r9 bl=-1 gwad+=-1 t=4.0s
[DONE] calibration__9837__clean__noise__r0 bl=-1 gwad+=312 t=4.2s
[DONE] calibration__9837__clean__sweep__r0 bl=59 gwad+=259 t=3.7s
[DONE] calibration__7279__clean__shuffled__r0 bl=-1 gwad+=-1 t=4.2s
[DONE] calibration__7279__clean__shuffled__r1 bl=-1 gwad+=-1 t=4.0s
[DONE] calibration__7279__clean__shuffled__r2 bl=-1 gwad+=-1 t=4.1s
[DONE] calibration__7279__clean__shuffled__r3 bl=-1 gwad+=-1 t=4.2s
[DONE] calibration__7279__clean__shuffled__r4 bl=-1 gwad+=-1 t=4.2s
[DONE] calibration__7279__clean__shuffled__r5 bl=-1 gwad+=-1 t=4.1s
[DONE] calibration__7279__clean__shuffled__r6 bl=-1 gwad+=-1 t=4.1s
[DONE] calibration__7279__clean__shuffled__r7 bl=-1 gwad+=-1 t=3.9s
[DONE] calibration__7279__clean__shuffled__r8 bl=-1 gwad+=-1 t=4.0s
[DONE] calibration__7279__clean__shuffled__r9 bl=-1 gwad+=-1 t=4.2s
[DONE] calibration__7279__clean__noise__r0 bl=-1 gwad+=259 t=4.1s
[DONE] calibration__7279__clean__sweep__r0 bl=192 gwad+=259 t=3.4s
[DONE] calibration__901__clean__shuffled__r0 bl=-1 gwad+=-1 t=4.0s
[DONE] calibration__901__clean__shuffled__r1 bl=-1 gwad+=-1 t=4.0s
[DONE] calibration__901__clean__shuffled__r2 bl=-1 gwad+=-1 t=4.0s
[DONE] calibration__901__clean__shuffled__r3 bl=-1 gwad+=-1 t=4.1s
[DONE] calibration__901__clean__shuffled__r4 bl=-1 gwad+=-1 t=4.0s
[DONE] calibration__901__clean__shuffled__r5 bl=-1 gwad+=-1 t=4.1s
[DONE] calibration__901__clean__shuffled__r6 bl=-1 gwad+=-1 t=3.9s
[DONE] calibration__901__clean__shuffled__r7 bl=-1 gwad+=-1 t=4.0s
[DONE] calibration__901__clean__shuffled__r8 bl=-1 gwad+=-1 t=4.2s
[DONE] calibration__901__clean__shuffled__r9 bl=-1 gwad+=-1 t=4.3s
[DONE] calibration__901__clean__noise__r0 bl=-1 gwad+=556 t=4.0s
[DONE] calibration__901__clean__sweep__r0 bl=69 gwad+=259 t=3.6s
[DONE] calibration__7690__clean__shuffled__r0 bl=-1 gwad+=-1 t=4.2s
[DONE] calibration__7690__clean__shuffled__r1 bl=-1 gwad+=-1 t=4.4s
[DONE] calibration__7690__clean__shuffled__r2 bl=-1 gwad+=-1 t=4.1s
[DONE] calibration__7690__clean__shuffled__r3 bl=-1 gwad+=-1 t=4.1s
[DONE] calibration__7690__clean__shuffled__r4 bl=-1 gwad+=-1 t=4.0s
[DONE] calibration__7690__clean__shuffled__r5 bl=-1 gwad+=-1 t=4.0s
[DONE] calibration__7690__clean__shuffled__r6 bl=-1 gwad+=-1 t=4.0s
[DONE] calibration__7690__clean__shuffled__r7 bl=-1 gwad+=-1 t=4.0s
[DONE] calibration__7690__clean__shuffled__r8 bl=-1 gwad+=-1 t=3.8s
[DONE] calibration__7690__clean__shuffled__r9 bl=-1 gwad+=-1 t=3.9s
[DONE] calibration__7690__clean__noise__r0 bl=-1 gwad+=259 t=4.2s
[DONE] calibration__7690__clean__sweep__r0 bl=409 gwad+=259 t=3.8s
[DONE] calibration__803__clean__shuffled__r0 bl=-1 gwad+=-1 t=4.0s
[DONE] calibration__803__clean__shuffled__r1 bl=-1 gwad+=-1 t=4.0s
[DONE] calibration__803__clean__shuffled__r2 bl=-1 gwad+=-1 t=4.1s
[DONE] calibration__803__clean__shuffled__r3 bl=-1 gwad+=-1 t=3.9s
[DONE] calibration__803__clean__shuffled__r4 bl=-1 gwad+=-1 t=4.0s
[DONE] calibration__803__clean__shuffled__r5 bl=-1 gwad+=-1 t=4.1s
[DONE] calibration__803__clean__shuffled__r6 bl=-1 gwad+=-1 t=4.2s
[DONE] calibration__803__clean__shuffled__r7 bl=-1 gwad+=-1 t=4.0s
[DONE] calibration__803__clean__shuffled__r8 bl=-1 gwad+=-1 t=4.2s
[DONE] calibration__803__clean__shuffled__r9 bl=-1 gwad+=-1 t=3.9s
[DONE] calibration__803__clean__noise__r0 bl=-1 gwad+=259 t=4.3s
[DONE] calibration__803__clean__sweep__r0 bl=609 gwad+=259 t=3.8s
[DONE] calibration__8627__clean__shuffled__r0 bl=-1 gwad+=-1 t=3.9s
[DONE] calibration__8627__clean__shuffled__r1 bl=-1 gwad+=-1 t=4.1s
[DONE] calibration__8627__clean__shuffled__r2 bl=-1 gwad+=-1 t=4.0s
[DONE] calibration__8627__clean__shuffled__r3 bl=-1 gwad+=-1 t=4.1s
[DONE] calibration__8627__clean__shuffled__r4 bl=-1 gwad+=-1 t=4.1s
[DONE] calibration__8627__clean__shuffled__r5 bl=-1 gwad+=-1 t=4.1s
[DONE] calibration__8627__clean__shuffled__r6 bl=-1 gwad+=-1 t=3.8s
[DONE] calibration__8627__clean__shuffled__r7 bl=-1 gwad+=-1 t=4.0s
[DONE] calibration__8627__clean__shuffled__r8 bl=-1 gwad+=-1 t=3.9s
[DONE] calibration__8627__clean__shuffled__r9 bl=-1 gwad+=-1 t=4.0s
[DONE] calibration__8627__clean__noise__r0 bl=-1 gwad+=259 t=4.2s
[DONE] calibration__8627__clean__sweep__r0 bl=151 gwad+=259 t=3.4s
[DONE] calibration__4720__clean__shuffled__r0 bl=-1 gwad+=-1 t=4.0s
[DONE] calibration__4720__clean__shuffled__r1 bl=-1 gwad+=-1 t=4.1s
[DONE] calibration__4720__clean__shuffled__r2 bl=-1 gwad+=-1 t=4.3s
[DONE] calibration__4720__clean__shuffled__r3 bl=-1 gwad+=-1 t=4.1s
[DONE] calibration__4720__clean__shuffled__r4 bl=-1 gwad+=-1 t=4.0s
[DONE] calibration__4720__clean__shuffled__r5 bl=-1 gwad+=-1 t=4.0s
[DONE] calibration__4720__clean__shuffled__r6 bl=-1 gwad+=-1 t=4.1s
[DONE] calibration__4720__clean__shuffled__r7 bl=-1 gwad+=-1 t=4.1s
[DONE] calibration__4720__clean__shuffled__r8 bl=-1 gwad+=-1 t=4.3s
[DONE] calibration__4720__clean__shuffled__r9 bl=-1 gwad+=-1 t=4.1s
[DONE] calibration__4720__clean__noise__r0 bl=-1 gwad+=259 t=4.4s
[DONE] calibration__4720__clean__sweep__r0 bl=322 gwad+=259 t=3.6s
[DONE] calibration__2140__clean__shuffled__r0 bl=-1 gwad+=-1 t=3.9s
[DONE] calibration__2140__clean__shuffled__r1 bl=-1 gwad+=-1 t=3.9s
[DONE] calibration__2140__clean__shuffled__r2 bl=-1 gwad+=-1 t=4.0s
[DONE] calibration__2140__clean__shuffled__r3 bl=-1 gwad+=-1 t=3.9s
[DONE] calibration__2140__clean__shuffled__r4 bl=-1 gwad+=-1 t=4.3s
[DONE] calibration__2140__clean__shuffled__r5 bl=-1 gwad+=-1 t=4.1s
[DONE] calibration__2140__clean__shuffled__r6 bl=-1 gwad+=-1 t=4.1s
[DONE] calibration__2140__clean__shuffled__r7 bl=-1 gwad+=-1 t=3.7s
[DONE] calibration__2140__clean__shuffled__r8 bl=-1 gwad+=-1 t=4.0s
[DONE] calibration__2140__clean__shuffled__r9 bl=-1 gwad+=-1 t=4.0s
[DONE] calibration__2140__clean__noise__r0 bl=-1 gwad+=259 t=4.2s
[DONE] calibration__2140__clean__sweep__r0 bl=98 gwad+=259 t=3.3s
[DONE] calibration__7270__clean__shuffled__r0 bl=-1 gwad+=-1 t=4.2s
[DONE] calibration__7270__clean__shuffled__r1 bl=-1 gwad+=-1 t=4.1s
[DONE] calibration__7270__clean__shuffled__r2 bl=-1 gwad+=-1 t=4.3s
[DONE] calibration__7270__clean__shuffled__r3 bl=-1 gwad+=-1 t=4.1s
[DONE] calibration__7270__clean__shuffled__r4 bl=-1 gwad+=-1 t=4.1s
[DONE] calibration__7270__clean__shuffled__r5 bl=-1 gwad+=-1 t=4.1s
[DONE] calibration__7270__clean__shuffled__r6 bl=-1 gwad+=-1 t=4.0s
[DONE] calibration__7270__clean__shuffled__r7 bl=-1 gwad+=-1 t=4.0s
[DONE] calibration__7270__clean__shuffled__r8 bl=-1 gwad+=-1 t=4.3s
[DONE] calibration__7270__clean__shuffled__r9 bl=-1 gwad+=-1 t=4.1s
[DONE] calibration__7270__clean__noise__r0 bl=-1 gwad+=259 t=4.3s
[DONE] calibration__7270__clean__sweep__r0 bl=33 gwad+=259 t=3.5s
[DONE] evaluation__3499__clean__shuffled__r0 bl=-1 gwad+=-1 t=4.1s
[DONE] evaluation__3499__clean__shuffled__r1 bl=-1 gwad+=-1 t=4.2s
[DONE] evaluation__3499__clean__shuffled__r2 bl=-1 gwad+=-1 t=4.3s
[DONE] evaluation__3499__clean__shuffled__r3 bl=-1 gwad+=-1 t=4.0s
[DONE] evaluation__3499__clean__shuffled__r4 bl=-1 gwad+=-1 t=4.1s
[DONE] evaluation__3499__clean__shuffled__r5 bl=-1 gwad+=-1 t=3.9s
[DONE] evaluation__3499__clean__shuffled__r6 bl=-1 gwad+=-1 t=3.9s
[DONE] evaluation__3499__clean__shuffled__r7 bl=-1 gwad+=-1 t=3.9s
[DONE] evaluation__3499__clean__shuffled__r8 bl=-1 gwad+=-1 t=4.1s
[DONE] evaluation__3499__clean__shuffled__r9 bl=-1 gwad+=-1 t=3.9s
[DONE] evaluation__3499__clean__noise__r0 bl=-1 gwad+=260 t=4.2s
[DONE] evaluation__3499__clean__sweep__r0 bl=325 gwad+=259 t=3.5s
[DONE] evaluation__6241__clean__shuffled__r0 bl=-1 gwad+=-1 t=4.2s
[DONE] evaluation__6241__clean__shuffled__r1 bl=-1 gwad+=-1 t=4.0s
[DONE] evaluation__6241__clean__shuffled__r2 bl=-1 gwad+=-1 t=4.2s
[DONE] evaluation__6241__clean__shuffled__r3 bl=-1 gwad+=-1 t=4.1s
[DONE] evaluation__6241__clean__shuffled__r4 bl=-1 gwad+=-1 t=4.1s
[DONE] evaluation__6241__clean__shuffled__r5 bl=-1 gwad+=-1 t=4.2s
[DONE] evaluation__6241__clean__shuffled__r6 bl=-1 gwad+=-1 t=3.9s
[DONE] evaluation__6241__clean__shuffled__r7 bl=-1 gwad+=-1 t=3.9s
[DONE] evaluation__6241__clean__shuffled__r8 bl=-1 gwad+=-1 t=4.1s
[DONE] evaluation__6241__clean__shuffled__r9 bl=-1 gwad+=-1 t=4.0s
[DONE] evaluation__6241__clean__noise__r0 bl=-1 gwad+=259 t=4.3s
[DONE] evaluation__6241__clean__sweep__r0 bl=64 gwad+=259 t=3.4s
[DONE] evaluation__8894__clean__shuffled__r0 bl=-1 gwad+=-1 t=4.1s
[DONE] evaluation__8894__clean__shuffled__r1 bl=-1 gwad+=-1 t=3.8s
[DONE] evaluation__8894__clean__shuffled__r2 bl=-1 gwad+=-1 t=4.0s
[DONE] evaluation__8894__clean__shuffled__r3 bl=-1 gwad+=-1 t=4.0s
[DONE] evaluation__8894__clean__shuffled__r4 bl=-1 gwad+=-1 t=4.1s
[DONE] evaluation__8894__clean__shuffled__r5 bl=-1 gwad+=-1 t=4.2s
[DONE] evaluation__8894__clean__shuffled__r6 bl=-1 gwad+=-1 t=4.0s
[DONE] evaluation__8894__clean__shuffled__r7 bl=-1 gwad+=-1 t=4.0s
[DONE] evaluation__8894__clean__shuffled__r8 bl=-1 gwad+=-1 t=4.1s
[DONE] evaluation__8894__clean__shuffled__r9 bl=-1 gwad+=-1 t=3.9s
[DONE] evaluation__8894__clean__noise__r0 bl=-1 gwad+=259 t=4.3s
[DONE] evaluation__8894__clean__sweep__r0 bl=55 gwad+=259 t=3.6s
[DONE] evaluation__81__clean__shuffled__r0 bl=-1 gwad+=-1 t=4.1s
[DONE] evaluation__81__clean__shuffled__r1 bl=-1 gwad+=-1 t=3.9s
[DONE] evaluation__81__clean__shuffled__r2 bl=-1 gwad+=-1 t=4.2s
[DONE] evaluation__81__clean__shuffled__r3 bl=-1 gwad+=-1 t=4.1s
[DONE] evaluation__81__clean__shuffled__r4 bl=-1 gwad+=-1 t=4.0s
[DONE] evaluation__81__clean__shuffled__r5 bl=-1 gwad+=-1 t=4.0s
[DONE] evaluation__81__clean__shuffled__r6 bl=-1 gwad+=-1 t=4.0s
[DONE] evaluation__81__clean__shuffled__r7 bl=-1 gwad+=-1 t=3.7s
[DONE] evaluation__81__clean__shuffled__r8 bl=-1 gwad+=-1 t=4.1s
[DONE] evaluation__81__clean__shuffled__r9 bl=-1 gwad+=-1 t=4.1s
[DONE] evaluation__81__clean__noise__r0 bl=-1 gwad+=259 t=4.2s
[DONE] evaluation__81__clean__sweep__r0 bl=2 gwad+=259 t=3.5s
[DONE] evaluation__2601__clean__shuffled__r0 bl=-1 gwad+=-1 t=4.0s
[DONE] evaluation__2601__clean__shuffled__r1 bl=-1 gwad+=-1 t=4.0s
[DONE] evaluation__2601__clean__shuffled__r2 bl=-1 gwad+=-1 t=4.2s
[DONE] evaluation__2601__clean__shuffled__r3 bl=-1 gwad+=-1 t=4.1s
[DONE] evaluation__2601__clean__shuffled__r4 bl=-1 gwad+=-1 t=4.0s
[DONE] evaluation__2601__clean__shuffled__r5 bl=-1 gwad+=-1 t=3.9s
[DONE] evaluation__2601__clean__shuffled__r6 bl=-1 gwad+=-1 t=4.0s
[DONE] evaluation__2601__clean__shuffled__r7 bl=-1 gwad+=-1 t=4.0s
[DONE] evaluation__2601__clean__shuffled__r8 bl=-1 gwad+=-1 t=4.1s
[DONE] evaluation__2601__clean__shuffled__r9 bl=-1 gwad+=-1 t=4.1s
[DONE] evaluation__2601__clean__noise__r0 bl=-1 gwad+=259 t=4.1s
[DONE] evaluation__2601__clean__sweep__r0 bl=-1 gwad+=259 t=3.4s
[DONE] evaluation__7215__clean__shuffled__r0 bl=-1 gwad+=-1 t=4.0s
[DONE] evaluation__7215__clean__shuffled__r1 bl=-1 gwad+=-1 t=4.0s
[DONE] evaluation__7215__clean__shuffled__r2 bl=-1 gwad+=-1 t=3.8s
[DONE] evaluation__7215__clean__shuffled__r3 bl=-1 gwad+=-1 t=4.0s
[DONE] evaluation__7215__clean__shuffled__r4 bl=-1 gwad+=-1 t=4.0s
[DONE] evaluation__7215__clean__shuffled__r5 bl=-1 gwad+=-1 t=4.0s
[DONE] evaluation__7215__clean__shuffled__r6 bl=-1 gwad+=-1 t=4.1s
[DONE] evaluation__7215__clean__shuffled__r7 bl=-1 gwad+=-1 t=4.1s
[DONE] evaluation__7215__clean__shuffled__r8 bl=-1 gwad+=-1 t=3.9s
[DONE] evaluation__7215__clean__shuffled__r9 bl=-1 gwad+=-1 t=4.0s
[DONE] evaluation__7215__clean__noise__r0 bl=-1 gwad+=259 t=4.1s
[DONE] evaluation__7215__clean__sweep__r0 bl=511 gwad+=259 t=3.7s
[DONE] evaluation__9455__clean__shuffled__r0 bl=-1 gwad+=-1 t=4.2s
[DONE] evaluation__9455__clean__shuffled__r1 bl=-1 gwad+=-1 t=4.1s
[DONE] evaluation__9455__clean__shuffled__r2 bl=-1 gwad+=-1 t=4.4s
[DONE] evaluation__9455__clean__shuffled__r3 bl=-1 gwad+=-1 t=4.0s
[DONE] evaluation__9455__clean__shuffled__r4 bl=-1 gwad+=-1 t=4.0s
[DONE] evaluation__9455__clean__shuffled__r5 bl=-1 gwad+=-1 t=4.1s
[DONE] evaluation__9455__clean__shuffled__r6 bl=-1 gwad+=-1 t=3.8s
[DONE] evaluation__9455__clean__shuffled__r7 bl=-1 gwad+=-1 t=4.1s
[DONE] evaluation__9455__clean__shuffled__r8 bl=-1 gwad+=-1 t=4.2s
[DONE] evaluation__9455__clean__shuffled__r9 bl=-1 gwad+=-1 t=4.2s
[DONE] evaluation__9455__clean__noise__r0 bl=-1 gwad+=259 t=4.0s
[DONE] evaluation__9455__clean__sweep__r0 bl=610 gwad+=259 t=3.6s
[DONE] evaluation__2774__clean__shuffled__r0 bl=-1 gwad+=-1 t=3.9s
[DONE] evaluation__2774__clean__shuffled__r1 bl=-1 gwad+=-1 t=4.0s
[DONE] evaluation__2774__clean__shuffled__r2 bl=-1 gwad+=-1 t=4.1s
[DONE] evaluation__2774__clean__shuffled__r3 bl=-1 gwad+=-1 t=4.0s
[DONE] evaluation__2774__clean__shuffled__r4 bl=-1 gwad+=-1 t=4.2s
[DONE] evaluation__2774__clean__shuffled__r5 bl=-1 gwad+=-1 t=3.9s
[DONE] evaluation__2774__clean__shuffled__r6 bl=-1 gwad+=-1 t=4.2s
[DONE] evaluation__2774__clean__shuffled__r7 bl=-1 gwad+=-1 t=4.0s
[DONE] evaluation__2774__clean__shuffled__r8 bl=-1 gwad+=-1 t=4.2s
[DONE] evaluation__2774__clean__shuffled__r9 bl=-1 gwad+=-1 t=4.2s
[DONE] evaluation__2774__clean__noise__r0 bl=-1 gwad+=259 t=4.1s
[DONE] evaluation__2774__clean__sweep__r0 bl=638 gwad+=259 t=3.6s
[DONE] evaluation__6515__clean__shuffled__r0 bl=-1 gwad+=-1 t=4.2s
[DONE] evaluation__6515__clean__shuffled__r1 bl=-1 gwad+=-1 t=3.9s
[DONE] evaluation__6515__clean__shuffled__r2 bl=-1 gwad+=-1 t=4.2s
[DONE] evaluation__6515__clean__shuffled__r3 bl=-1 gwad+=-1 t=4.1s
[DONE] evaluation__6515__clean__shuffled__r4 bl=-1 gwad+=-1 t=3.9s
[DONE] evaluation__6515__clean__shuffled__r5 bl=-1 gwad+=-1 t=3.9s
[DONE] evaluation__6515__clean__shuffled__r6 bl=-1 gwad+=-1 t=4.1s
[DONE] evaluation__6515__clean__shuffled__r7 bl=-1 gwad+=-1 t=4.1s
[DONE] evaluation__6515__clean__shuffled__r8 bl=-1 gwad+=-1 t=4.0s
[DONE] evaluation__6515__clean__shuffled__r9 bl=-1 gwad+=-1 t=4.1s
[DONE] evaluation__6515__clean__noise__r0 bl=-1 gwad+=259 t=4.1s
[DONE] evaluation__6515__clean__sweep__r0 bl=225 gwad+=259 t=3.5s
[DONE] evaluation__8363__clean__shuffled__r0 bl=-1 gwad+=-1 t=4.2s
[DONE] evaluation__8363__clean__shuffled__r1 bl=-1 gwad+=-1 t=4.0s
[DONE] evaluation__8363__clean__shuffled__r2 bl=-1 gwad+=-1 t=4.2s
[DONE] evaluation__8363__clean__shuffled__r3 bl=-1 gwad+=-1 t=3.9s
[DONE] evaluation__8363__clean__shuffled__r4 bl=-1 gwad+=-1 t=4.1s
[DONE] evaluation__8363__clean__shuffled__r5 bl=-1 gwad+=-1 t=3.9s
[DONE] evaluation__8363__clean__shuffled__r6 bl=-1 gwad+=-1 t=4.1s
[DONE] evaluation__8363__clean__shuffled__r7 bl=-1 gwad+=-1 t=4.1s
[DONE] evaluation__8363__clean__shuffled__r8 bl=-1 gwad+=-1 t=4.0s
[DONE] evaluation__8363__clean__shuffled__r9 bl=-1 gwad+=-1 t=3.8s
[DONE] evaluation__8363__clean__noise__r0 bl=-1 gwad+=259 t=4.2s
[DONE] evaluation__8363__clean__sweep__r0 bl=610 gwad+=259 t=3.8s
[DONE] evaluation__2991__clean__shuffled__r0 bl=-1 gwad+=-1 t=4.1s
[DONE] evaluation__2991__clean__shuffled__r1 bl=-1 gwad+=-1 t=4.0s
[DONE] evaluation__2991__clean__shuffled__r2 bl=-1 gwad+=-1 t=4.1s
[DONE] evaluation__2991__clean__shuffled__r3 bl=-1 gwad+=-1 t=4.0s
[DONE] evaluation__2991__clean__shuffled__r4 bl=-1 gwad+=-1 t=4.0s
[DONE] evaluation__2991__clean__shuffled__r5 bl=-1 gwad+=-1 t=4.1s
[DONE] evaluation__2991__clean__shuffled__r6 bl=-1 gwad+=-1 t=4.2s
[DONE] evaluation__2991__clean__shuffled__r7 bl=-1 gwad+=-1 t=4.3s
[DONE] evaluation__2991__clean__shuffled__r8 bl=-1 gwad+=-1 t=4.2s
[DONE] evaluation__2991__clean__shuffled__r9 bl=-1 gwad+=-1 t=4.1s
[DONE] evaluation__2991__clean__noise__r0 bl=-1 gwad+=259 t=4.3s
[DONE] evaluation__2991__clean__sweep__r0 bl=37 gwad+=259 t=3.3s
[DONE] evaluation__5655__clean__shuffled__r0 bl=-1 gwad+=-1 t=4.0s
[DONE] evaluation__5655__clean__shuffled__r1 bl=-1 gwad+=-1 t=3.9s
[DONE] evaluation__5655__clean__shuffled__r2 bl=886 gwad+=-1 t=4.1s
[DONE] evaluation__5655__clean__shuffled__r3 bl=-1 gwad+=-1 t=4.0s
[DONE] evaluation__5655__clean__shuffled__r4 bl=-1 gwad+=-1 t=4.2s
[DONE] evaluation__5655__clean__shuffled__r5 bl=-1 gwad+=-1 t=4.2s
[DONE] evaluation__5655__clean__shuffled__r6 bl=-1 gwad+=-1 t=4.1s
[DONE] evaluation__5655__clean__shuffled__r7 bl=-1 gwad+=-1 t=4.2s
[DONE] evaluation__5655__clean__shuffled__r8 bl=-1 gwad+=-1 t=4.1s
[DONE] evaluation__5655__clean__shuffled__r9 bl=-1 gwad+=-1 t=4.1s
[DONE] evaluation__5655__clean__noise__r0 bl=-1 gwad+=260 t=4.3s
[DONE] evaluation__5655__clean__sweep__r0 bl=61 gwad+=259 t=3.4s
[DONE] evaluation__7378__clean__shuffled__r0 bl=-1 gwad+=-1 t=4.2s
[DONE] evaluation__7378__clean__shuffled__r1 bl=-1 gwad+=-1 t=4.1s
[DONE] evaluation__7378__clean__shuffled__r2 bl=-1 gwad+=-1 t=3.9s
[DONE] evaluation__7378__clean__shuffled__r3 bl=-1 gwad+=-1 t=4.1s
[DONE] evaluation__7378__clean__shuffled__r4 bl=-1 gwad+=-1 t=4.0s
[DONE] evaluation__7378__clean__shuffled__r5 bl=-1 gwad+=-1 t=4.0s
[DONE] evaluation__7378__clean__shuffled__r6 bl=-1 gwad+=-1 t=4.0s
[DONE] evaluation__7378__clean__shuffled__r7 bl=-1 gwad+=-1 t=4.1s
[DONE] evaluation__7378__clean__shuffled__r8 bl=-1 gwad+=-1 t=4.1s
[DONE] evaluation__7378__clean__shuffled__r9 bl=-1 gwad+=-1 t=3.9s
[DONE] evaluation__7378__clean__noise__r0 bl=-1 gwad+=259 t=4.1s
[DONE] evaluation__7378__clean__sweep__r0 bl=34 gwad+=259 t=3.4s
[DONE] evaluation__1303__clean__shuffled__r0 bl=-1 gwad+=-1 t=4.0s
[DONE] evaluation__1303__clean__shuffled__r1 bl=-1 gwad+=-1 t=4.1s
[DONE] evaluation__1303__clean__shuffled__r2 bl=-1 gwad+=-1 t=3.9s
[DONE] evaluation__1303__clean__shuffled__r3 bl=-1 gwad+=-1 t=3.9s
[DONE] evaluation__1303__clean__shuffled__r4 bl=-1 gwad+=-1 t=4.0s
[DONE] evaluation__1303__clean__shuffled__r5 bl=-1 gwad+=-1 t=4.1s
[DONE] evaluation__1303__clean__shuffled__r6 bl=-1 gwad+=-1 t=4.1s
[DONE] evaluation__1303__clean__shuffled__r7 bl=-1 gwad+=-1 t=3.9s
[DONE] evaluation__1303__clean__shuffled__r8 bl=-1 gwad+=-1 t=4.1s
[DONE] evaluation__1303__clean__shuffled__r9 bl=-1 gwad+=-1 t=4.2s
[DONE] evaluation__1303__clean__noise__r0 bl=-1 gwad+=259 t=4.2s
[DONE] evaluation__1303__clean__sweep__r0 bl=545 gwad+=259 t=3.4s
[DONE] evaluation__3822__clean__shuffled__r0 bl=-1 gwad+=-1 t=4.0s
[DONE] evaluation__3822__clean__shuffled__r1 bl=970 gwad+=-1 t=4.1s
[DONE] evaluation__3822__clean__shuffled__r2 bl=-1 gwad+=-1 t=4.0s
[DONE] evaluation__3822__clean__shuffled__r3 bl=-1 gwad+=-1 t=4.2s
[DONE] evaluation__3822__clean__shuffled__r4 bl=-1 gwad+=-1 t=4.1s
[DONE] evaluation__3822__clean__shuffled__r5 bl=-1 gwad+=-1 t=4.0s
[DONE] evaluation__3822__clean__shuffled__r6 bl=-1 gwad+=-1 t=4.2s
[DONE] evaluation__3822__clean__shuffled__r7 bl=-1 gwad+=-1 t=4.1s
[DONE] evaluation__3822__clean__shuffled__r8 bl=-1 gwad+=-1 t=3.9s
[DONE] evaluation__3822__clean__shuffled__r9 bl=-1 gwad+=-1 t=4.0s
[DONE] evaluation__3822__clean__noise__r0 bl=-1 gwad+=259 t=4.1s
[DONE] evaluation__3822__clean__sweep__r0 bl=609 gwad+=259 t=3.6s
[DONE] evaluation__6005__clean__shuffled__r0 bl=-1 gwad+=-1 t=4.1s
[DONE] evaluation__6005__clean__shuffled__r1 bl=-1 gwad+=-1 t=4.0s
[DONE] evaluation__6005__clean__shuffled__r2 bl=-1 gwad+=-1 t=4.1s
[DONE] evaluation__6005__clean__shuffled__r3 bl=-1 gwad+=-1 t=4.1s
[DONE] evaluation__6005__clean__shuffled__r4 bl=-1 gwad+=-1 t=4.1s
[DONE] evaluation__6005__clean__shuffled__r5 bl=-1 gwad+=-1 t=3.9s
[DONE] evaluation__6005__clean__shuffled__r6 bl=-1 gwad+=-1 t=4.0s
[DONE] evaluation__6005__clean__shuffled__r7 bl=-1 gwad+=-1 t=4.0s
[DONE] evaluation__6005__clean__shuffled__r8 bl=-1 gwad+=-1 t=4.0s
[DONE] evaluation__6005__clean__shuffled__r9 bl=-1 gwad+=-1 t=4.1s
[DONE] evaluation__6005__clean__noise__r0 bl=-1 gwad+=259 t=4.2s
[DONE] evaluation__6005__clean__sweep__r0 bl=346 gwad+=259 t=3.5s
[DONE] evaluation__9715__clean__shuffled__r0 bl=-1 gwad+=-1 t=4.0s
[DONE] evaluation__9715__clean__shuffled__r1 bl=-1 gwad+=-1 t=4.1s
[DONE] evaluation__9715__clean__shuffled__r2 bl=-1 gwad+=-1 t=4.1s
[DONE] evaluation__9715__clean__shuffled__r3 bl=-1 gwad+=-1 t=3.9s
[DONE] evaluation__9715__clean__shuffled__r4 bl=-1 gwad+=-1 t=4.0s
[DONE] evaluation__9715__clean__shuffled__r5 bl=-1 gwad+=-1 t=4.2s
[DONE] evaluation__9715__clean__shuffled__r6 bl=-1 gwad+=-1 t=4.0s
[DONE] evaluation__9715__clean__shuffled__r7 bl=-1 gwad+=-1 t=4.0s
[DONE] evaluation__9715__clean__shuffled__r8 bl=-1 gwad+=-1 t=3.7s
[DONE] evaluation__9715__clean__shuffled__r9 bl=-1 gwad+=-1 t=4.1s
[DONE] evaluation__9715__clean__noise__r0 bl=-1 gwad+=259 t=4.3s
[DONE] evaluation__9715__clean__sweep__r0 bl=321 gwad+=259 t=3.6s
[DONE] evaluation__2582__clean__shuffled__r0 bl=-1 gwad+=-1 t=4.1s
[DONE] evaluation__2582__clean__shuffled__r1 bl=-1 gwad+=-1 t=4.3s
[DONE] evaluation__2582__clean__shuffled__r2 bl=-1 gwad+=-1 t=4.1s
[DONE] evaluation__2582__clean__shuffled__r3 bl=-1 gwad+=-1 t=4.2s
[DONE] evaluation__2582__clean__shuffled__r4 bl=-1 gwad+=-1 t=3.9s
[DONE] evaluation__2582__clean__shuffled__r5 bl=-1 gwad+=-1 t=4.1s
[DONE] evaluation__2582__clean__shuffled__r6 bl=-1 gwad+=-1 t=4.1s
[DONE] evaluation__2582__clean__shuffled__r7 bl=-1 gwad+=-1 t=3.9s
[DONE] evaluation__2582__clean__shuffled__r8 bl=-1 gwad+=-1 t=3.9s
[DONE] evaluation__2582__clean__shuffled__r9 bl=-1 gwad+=-1 t=3.9s
[DONE] evaluation__2582__clean__noise__r0 bl=-1 gwad+=259 t=4.1s
[DONE] evaluation__2582__clean__sweep__r0 bl=3 gwad+=259 t=3.4s
[DONE] evaluation__6092__clean__shuffled__r0 bl=-1 gwad+=-1 t=4.0s
[DONE] evaluation__6092__clean__shuffled__r1 bl=-1 gwad+=-1 t=4.1s
[DONE] evaluation__6092__clean__shuffled__r2 bl=-1 gwad+=-1 t=4.0s
[DONE] evaluation__6092__clean__shuffled__r3 bl=-1 gwad+=-1 t=4.0s
[DONE] evaluation__6092__clean__shuffled__r4 bl=-1 gwad+=-1 t=4.1s
[DONE] evaluation__6092__clean__shuffled__r5 bl=-1 gwad+=-1 t=4.1s
[DONE] evaluation__6092__clean__shuffled__r6 bl=-1 gwad+=-1 t=4.0s
[DONE] evaluation__6092__clean__shuffled__r7 bl=-1 gwad+=-1 t=4.1s
[DONE] evaluation__6092__clean__shuffled__r8 bl=-1 gwad+=-1 t=4.0s
[DONE] evaluation__6092__clean__shuffled__r9 bl=-1 gwad+=-1 t=4.2s
[DONE] evaluation__6092__clean__noise__r0 bl=-1 gwad+=259 t=4.2s
[DONE] evaluation__6092__clean__sweep__r0 bl=407 gwad+=259 t=3.7s
[DONE] evaluation__9410__clean__shuffled__r0 bl=-1 gwad+=-1 t=4.2s
[DONE] evaluation__9410__clean__shuffled__r1 bl=-1 gwad+=-1 t=4.1s
[DONE] evaluation__9410__clean__shuffled__r2 bl=-1 gwad+=-1 t=4.1s
[DONE] evaluation__9410__clean__shuffled__r3 bl=-1 gwad+=-1 t=4.0s
[DONE] evaluation__9410__clean__shuffled__r4 bl=-1 gwad+=-1 t=4.2s
[DONE] evaluation__9410__clean__shuffled__r5 bl=-1 gwad+=-1 t=4.1s
[DONE] evaluation__9410__clean__shuffled__r6 bl=-1 gwad+=-1 t=4.2s
[DONE] evaluation__9410__clean__shuffled__r7 bl=-1 gwad+=-1 t=4.2s
[DONE] evaluation__9410__clean__shuffled__r8 bl=-1 gwad+=-1 t=3.8s
[DONE] evaluation__9410__clean__shuffled__r9 bl=-1 gwad+=-1 t=4.0s
[DONE] evaluation__9410__clean__noise__r0 bl=-1 gwad+=259 t=4.2s
[DONE] evaluation__9410__clean__sweep__r0 bl=62 gwad+=259 t=3.2s
[DONE] evaluation__1978__clean__shuffled__r0 bl=-1 gwad+=-1 t=4.1s
[DONE] evaluation__1978__clean__shuffled__r1 bl=-1 gwad+=-1 t=4.2s
[DONE] evaluation__1978__clean__shuffled__r2 bl=-1 gwad+=-1 t=4.3s
[DONE] evaluation__1978__clean__shuffled__r3 bl=-1 gwad+=-1 t=3.9s
[DONE] evaluation__1978__clean__shuffled__r4 bl=-1 gwad+=-1 t=3.9s
[DONE] evaluation__1978__clean__shuffled__r5 bl=-1 gwad+=-1 t=4.3s
[DONE] evaluation__1978__clean__shuffled__r6 bl=-1 gwad+=-1 t=4.0s
[DONE] evaluation__1978__clean__shuffled__r7 bl=-1 gwad+=-1 t=3.8s
[DONE] evaluation__1978__clean__shuffled__r8 bl=-1 gwad+=-1 t=3.9s
[DONE] evaluation__1978__clean__shuffled__r9 bl=-1 gwad+=-1 t=4.0s
[DONE] evaluation__1978__clean__noise__r0 bl=-1 gwad+=259 t=4.3s
[DONE] evaluation__1978__clean__sweep__r0 bl=609 gwad+=259 t=3.5s
[DONE] evaluation__4746__clean__shuffled__r0 bl=-1 gwad+=-1 t=4.1s
[DONE] evaluation__4746__clean__shuffled__r1 bl=-1 gwad+=-1 t=4.3s
[DONE] evaluation__4746__clean__shuffled__r2 bl=-1 gwad+=-1 t=4.1s
[DONE] evaluation__4746__clean__shuffled__r3 bl=-1 gwad+=-1 t=4.2s
[DONE] evaluation__4746__clean__shuffled__r4 bl=-1 gwad+=-1 t=4.1s
[DONE] evaluation__4746__clean__shuffled__r5 bl=-1 gwad+=-1 t=4.1s
[DONE] evaluation__4746__clean__shuffled__r6 bl=-1 gwad+=-1 t=4.0s
[DONE] evaluation__4746__clean__shuffled__r7 bl=-1 gwad+=-1 t=4.2s
[DONE] evaluation__4746__clean__shuffled__r8 bl=-1 gwad+=-1 t=3.8s
[DONE] evaluation__4746__clean__shuffled__r9 bl=-1 gwad+=-1 t=4.2s
[DONE] evaluation__4746__clean__noise__r0 bl=-1 gwad+=264 t=4.3s
[DONE] evaluation__4746__clean__sweep__r0 bl=258 gwad+=259 t=3.4s
[DONE] evaluation__7777__clean__shuffled__r0 bl=-1 gwad+=-1 t=4.0s
[DONE] evaluation__7777__clean__shuffled__r1 bl=-1 gwad+=-1 t=4.3s
[DONE] evaluation__7777__clean__shuffled__r2 bl=-1 gwad+=-1 t=4.2s
[DONE] evaluation__7777__clean__shuffled__r3 bl=-1 gwad+=-1 t=4.2s
[DONE] evaluation__7777__clean__shuffled__r4 bl=-1 gwad+=-1 t=3.9s
[DONE] evaluation__7777__clean__shuffled__r5 bl=-1 gwad+=-1 t=4.2s
[DONE] evaluation__7777__clean__shuffled__r6 bl=-1 gwad+=-1 t=4.1s
[DONE] evaluation__7777__clean__shuffled__r7 bl=-1 gwad+=-1 t=3.9s
[DONE] evaluation__7777__clean__shuffled__r8 bl=-1 gwad+=-1 t=4.2s
[DONE] evaluation__7777__clean__shuffled__r9 bl=-1 gwad+=-1 t=4.1s
[DONE] evaluation__7777__clean__noise__r0 bl=-1 gwad+=259 t=4.3s
[DONE] evaluation__7777__clean__sweep__r0 bl=551 gwad+=259 t=3.7s
[DONE] evaluation__808__clean__shuffled__r0 bl=-1 gwad+=-1 t=4.3s
[DONE] evaluation__808__clean__shuffled__r1 bl=-1 gwad+=-1 t=4.2s
[DONE] evaluation__808__clean__shuffled__r2 bl=-1 gwad+=-1 t=4.0s
[DONE] evaluation__808__clean__shuffled__r3 bl=-1 gwad+=-1 t=4.2s
[DONE] evaluation__808__clean__shuffled__r4 bl=-1 gwad+=-1 t=4.1s
[DONE] evaluation__808__clean__shuffled__r5 bl=-1 gwad+=-1 t=4.4s
[DONE] evaluation__808__clean__shuffled__r6 bl=-1 gwad+=-1 t=4.4s
[DONE] evaluation__808__clean__shuffled__r7 bl=-1 gwad+=-1 t=4.3s
[DONE] evaluation__808__clean__shuffled__r8 bl=-1 gwad+=-1 t=4.2s
[DONE] evaluation__808__clean__shuffled__r9 bl=-1 gwad+=-1 t=4.0s
[DONE] evaluation__808__clean__noise__r0 bl=-1 gwad+=259 t=4.2s
[DONE] evaluation__808__clean__sweep__r0 bl=614 gwad+=259 t=3.8s
[DONE] evaluation__3975__clean__shuffled__r0 bl=-1 gwad+=-1 t=4.2s
[DONE] evaluation__3975__clean__shuffled__r1 bl=-1 gwad+=-1 t=4.1s
[DONE] evaluation__3975__clean__shuffled__r2 bl=-1 gwad+=-1 t=3.9s
[DONE] evaluation__3975__clean__shuffled__r3 bl=-1 gwad+=-1 t=4.1s
[DONE] evaluation__3975__clean__shuffled__r4 bl=-1 gwad+=-1 t=4.1s
[DONE] evaluation__3975__clean__shuffled__r5 bl=455 gwad+=-1 t=3.9s
[DONE] evaluation__3975__clean__shuffled__r6 bl=-1 gwad+=-1 t=4.1s
[DONE] evaluation__3975__clean__shuffled__r7 bl=-1 gwad+=-1 t=4.1s
[DONE] evaluation__3975__clean__shuffled__r8 bl=-1 gwad+=-1 t=4.4s
[DONE] evaluation__3975__clean__shuffled__r9 bl=-1 gwad+=-1 t=4.3s
[DONE] evaluation__3975__clean__noise__r0 bl=-1 gwad+=259 t=4.5s
[DONE] evaluation__3975__clean__sweep__r0 bl=609 gwad+=259 t=3.8s
[DONE] evaluation__5675__clean__shuffled__r0 bl=-1 gwad+=-1 t=4.2s
[DONE] evaluation__5675__clean__shuffled__r1 bl=-1 gwad+=-1 t=4.2s
[DONE] evaluation__5675__clean__shuffled__r2 bl=-1 gwad+=-1 t=4.0s
[DONE] evaluation__5675__clean__shuffled__r3 bl=-1 gwad+=-1 t=4.0s
[DONE] evaluation__5675__clean__shuffled__r4 bl=-1 gwad+=-1 t=3.9s
[DONE] evaluation__5675__clean__shuffled__r5 bl=-1 gwad+=-1 t=4.1s
[DONE] evaluation__5675__clean__shuffled__r6 bl=-1 gwad+=-1 t=4.0s
[DONE] evaluation__5675__clean__shuffled__r7 bl=-1 gwad+=-1 t=4.0s
[DONE] evaluation__5675__clean__shuffled__r8 bl=-1 gwad+=-1 t=4.1s
[DONE] evaluation__5675__clean__shuffled__r9 bl=-1 gwad+=-1 t=4.1s
[DONE] evaluation__5675__clean__noise__r0 bl=-1 gwad+=259 t=4.3s
[DONE] evaluation__5675__clean__sweep__r0 bl=164 gwad+=259 t=3.5s
[DONE] evaluation__8560__clean__shuffled__r0 bl=-1 gwad+=-1 t=4.1s
[DONE] evaluation__8560__clean__shuffled__r1 bl=-1 gwad+=-1 t=4.2s
[DONE] evaluation__8560__clean__shuffled__r2 bl=-1 gwad+=-1 t=4.0s
[DONE] evaluation__8560__clean__shuffled__r3 bl=890 gwad+=-1 t=4.1s
[DONE] evaluation__8560__clean__shuffled__r4 bl=-1 gwad+=-1 t=4.3s
[DONE] evaluation__8560__clean__shuffled__r5 bl=-1 gwad+=-1 t=4.1s
[DONE] evaluation__8560__clean__shuffled__r6 bl=-1 gwad+=-1 t=4.2s
[DONE] evaluation__8560__clean__shuffled__r7 bl=-1 gwad+=-1 t=3.9s
[DONE] evaluation__8560__clean__shuffled__r8 bl=-1 gwad+=-1 t=4.0s
[DONE] evaluation__8560__clean__shuffled__r9 bl=-1 gwad+=-1 t=4.1s
[DONE] evaluation__8560__clean__noise__r0 bl=-1 gwad+=259 t=4.2s
[DONE] evaluation__8560__clean__sweep__r0 bl=34 gwad+=259 t=3.6s
[DONE] evaluation__1897__clean__shuffled__r0 bl=-1 gwad+=-1 t=4.3s
[DONE] evaluation__1897__clean__shuffled__r1 bl=-1 gwad+=-1 t=4.1s
[DONE] evaluation__1897__clean__shuffled__r2 bl=-1 gwad+=-1 t=4.3s
[DONE] evaluation__1897__clean__shuffled__r3 bl=-1 gwad+=-1 t=4.3s
[DONE] evaluation__1897__clean__shuffled__r4 bl=-1 gwad+=-1 t=4.3s
[DONE] evaluation__1897__clean__shuffled__r5 bl=-1 gwad+=-1 t=4.3s
[DONE] evaluation__1897__clean__shuffled__r6 bl=-1 gwad+=-1 t=4.3s
[DONE] evaluation__1897__clean__shuffled__r7 bl=-1 gwad+=-1 t=4.1s
[DONE] evaluation__1897__clean__shuffled__r8 bl=-1 gwad+=-1 t=4.1s
[DONE] evaluation__1897__clean__shuffled__r9 bl=-1 gwad+=-1 t=4.1s
[DONE] evaluation__1897__clean__noise__r0 bl=-1 gwad+=259 t=4.4s
[DONE] evaluation__1897__clean__sweep__r0 bl=63 gwad+=259 t=3.4s
[DONE] evaluation__4086__clean__shuffled__r0 bl=-1 gwad+=-1 t=3.9s
[DONE] evaluation__4086__clean__shuffled__r1 bl=-1 gwad+=-1 t=4.2s
[DONE] evaluation__4086__clean__shuffled__r2 bl=-1 gwad+=-1 t=4.2s
[DONE] evaluation__4086__clean__shuffled__r3 bl=-1 gwad+=-1 t=4.3s
[DONE] evaluation__4086__clean__shuffled__r4 bl=-1 gwad+=-1 t=4.4s
[DONE] evaluation__4086__clean__shuffled__r5 bl=-1 gwad+=-1 t=4.3s
[DONE] evaluation__4086__clean__shuffled__r6 bl=-1 gwad+=-1 t=4.3s
[DONE] evaluation__4086__clean__shuffled__r7 bl=-1 gwad+=-1 t=4.2s
[DONE] evaluation__4086__clean__shuffled__r8 bl=-1 gwad+=-1 t=4.2s
[DONE] evaluation__4086__clean__shuffled__r9 bl=-1 gwad+=-1 t=4.1s
[DONE] evaluation__4086__clean__noise__r0 bl=-1 gwad+=259 t=4.5s
[DONE] evaluation__4086__clean__sweep__r0 bl=37 gwad+=259 t=3.8s
[DONE] evaluation__7261__clean__shuffled__r0 bl=-1 gwad+=-1 t=4.2s
[DONE] evaluation__7261__clean__shuffled__r1 bl=-1 gwad+=-1 t=4.3s
[DONE] evaluation__7261__clean__shuffled__r2 bl=-1 gwad+=-1 t=4.3s
[DONE] evaluation__7261__clean__shuffled__r3 bl=-1 gwad+=-1 t=4.1s
[DONE] evaluation__7261__clean__shuffled__r4 bl=-1 gwad+=-1 t=4.2s
[DONE] evaluation__7261__clean__shuffled__r5 bl=-1 gwad+=-1 t=4.3s
[DONE] evaluation__7261__clean__shuffled__r6 bl=-1 gwad+=-1 t=4.0s
[DONE] evaluation__7261__clean__shuffled__r7 bl=-1 gwad+=-1 t=4.2s
[DONE] evaluation__7261__clean__shuffled__r8 bl=-1 gwad+=-1 t=4.5s
[DONE] evaluation__7261__clean__shuffled__r9 bl=-1 gwad+=-1 t=4.5s
[DONE] evaluation__7261__clean__noise__r0 bl=-1 gwad+=259 t=4.7s
[DONE] evaluation__7261__clean__sweep__r0 bl=61 gwad+=259 t=3.9s
[DONE] evaluation__2148__clean__shuffled__r0 bl=-1 gwad+=-1 t=4.3s
[DONE] evaluation__2148__clean__shuffled__r1 bl=-1 gwad+=-1 t=4.2s
[DONE] evaluation__2148__clean__shuffled__r2 bl=-1 gwad+=-1 t=4.1s
[DONE] evaluation__2148__clean__shuffled__r3 bl=-1 gwad+=-1 t=4.0s
[DONE] evaluation__2148__clean__shuffled__r4 bl=-1 gwad+=-1 t=4.5s
[DONE] evaluation__2148__clean__shuffled__r5 bl=-1 gwad+=-1 t=4.4s
[DONE] evaluation__2148__clean__shuffled__r6 bl=-1 gwad+=-1 t=4.2s
[DONE] evaluation__2148__clean__shuffled__r7 bl=-1 gwad+=-1 t=3.8s
[DONE] evaluation__2148__clean__shuffled__r8 bl=-1 gwad+=-1 t=4.4s
[DONE] evaluation__2148__clean__shuffled__r9 bl=-1 gwad+=-1 t=4.3s
[DONE] evaluation__2148__clean__noise__r0 bl=-1 gwad+=259 t=4.6s
[DONE] evaluation__2148__clean__sweep__r0 bl=610 gwad+=259 t=3.7s
[DONE] evaluation__6167__clean__shuffled__r0 bl=-1 gwad+=-1 t=4.4s
[DONE] evaluation__6167__clean__shuffled__r1 bl=-1 gwad+=-1 t=4.1s
[DONE] evaluation__6167__clean__shuffled__r2 bl=-1 gwad+=-1 t=4.2s
[DONE] evaluation__6167__clean__shuffled__r3 bl=-1 gwad+=-1 t=4.1s
[DONE] evaluation__6167__clean__shuffled__r4 bl=-1 gwad+=-1 t=4.1s
[DONE] evaluation__6167__clean__shuffled__r5 bl=-1 gwad+=-1 t=3.9s
[DONE] evaluation__6167__clean__shuffled__r6 bl=-1 gwad+=-1 t=4.3s
[DONE] evaluation__6167__clean__shuffled__r7 bl=-1 gwad+=-1 t=4.0s
[DONE] evaluation__6167__clean__shuffled__r8 bl=-1 gwad+=-1 t=4.1s
[DONE] evaluation__6167__clean__shuffled__r9 bl=-1 gwad+=-1 t=4.2s
[DONE] evaluation__6167__clean__noise__r0 bl=-1 gwad+=259 t=4.4s
[DONE] evaluation__6167__clean__sweep__r0 bl=60 gwad+=259 t=3.6s
[DONE] evaluation__8652__clean__shuffled__r0 bl=-1 gwad+=-1 t=4.1s
[DONE] evaluation__8652__clean__shuffled__r1 bl=-1 gwad+=-1 t=3.9s
[DONE] evaluation__8652__clean__shuffled__r2 bl=-1 gwad+=-1 t=4.0s
[DONE] evaluation__8652__clean__shuffled__r3 bl=-1 gwad+=-1 t=4.1s
[DONE] evaluation__8652__clean__shuffled__r4 bl=-1 gwad+=-1 t=4.0s
[DONE] evaluation__8652__clean__shuffled__r5 bl=-1 gwad+=-1 t=4.0s
[DONE] evaluation__8652__clean__shuffled__r6 bl=-1 gwad+=-1 t=3.9s
[DONE] evaluation__8652__clean__shuffled__r7 bl=-1 gwad+=-1 t=4.2s
[DONE] evaluation__8652__clean__shuffled__r8 bl=-1 gwad+=-1 t=4.0s
[DONE] evaluation__8652__clean__shuffled__r9 bl=-1 gwad+=-1 t=4.0s
[DONE] evaluation__8652__clean__noise__r0 bl=-1 gwad+=260 t=4.2s
[DONE] evaluation__8652__clean__sweep__r0 bl=61 gwad+=259 t=3.8s
[DONE] fit__1851__clean__shuffled__r0 bl=-1 gwad+=-1 t=3.9s
[DONE] fit__1851__clean__shuffled__r1 bl=-1 gwad+=-1 t=4.0s
[DONE] fit__1851__clean__shuffled__r2 bl=-1 gwad+=-1 t=4.0s
[DONE] fit__1851__clean__shuffled__r3 bl=-1 gwad+=-1 t=4.0s
[DONE] fit__1851__clean__shuffled__r4 bl=-1 gwad+=-1 t=4.1s
[DONE] fit__1851__clean__shuffled__r5 bl=-1 gwad+=-1 t=4.1s
[DONE] fit__1851__clean__shuffled__r6 bl=-1 gwad+=-1 t=4.1s
[DONE] fit__1851__clean__shuffled__r7 bl=-1 gwad+=-1 t=4.1s
[DONE] fit__1851__clean__shuffled__r8 bl=-1 gwad+=-1 t=4.1s
[DONE] fit__1851__clean__shuffled__r9 bl=-1 gwad+=-1 t=4.0s
[DONE] fit__1851__clean__noise__r0 bl=-1 gwad+=259 t=4.3s
[DONE] fit__1851__clean__sweep__r0 bl=31 gwad+=259 t=3.4s
[DONE] fit__7533__clean__shuffled__r0 bl=-1 gwad+=-1 t=4.1s
[DONE] fit__7533__clean__shuffled__r1 bl=-1 gwad+=-1 t=4.1s
[DONE] fit__7533__clean__shuffled__r2 bl=-1 gwad+=-1 t=4.1s
[DONE] fit__7533__clean__shuffled__r3 bl=-1 gwad+=-1 t=3.9s
[DONE] fit__7533__clean__shuffled__r4 bl=-1 gwad+=-1 t=3.9s
[DONE] fit__7533__clean__shuffled__r5 bl=-1 gwad+=-1 t=4.0s
[DONE] fit__7533__clean__shuffled__r6 bl=-1 gwad+=-1 t=4.1s
[DONE] fit__7533__clean__shuffled__r7 bl=-1 gwad+=-1 t=4.1s
[DONE] fit__7533__clean__shuffled__r8 bl=-1 gwad+=-1 t=3.8s
[DONE] fit__7533__clean__shuffled__r9 bl=-1 gwad+=-1 t=4.0s
[DONE] fit__7533__clean__noise__r0 bl=-1 gwad+=259 t=4.2s
[DONE] fit__7533__clean__sweep__r0 bl=24 gwad+=259 t=3.2s
[DONE] fit__3647__clean__shuffled__r0 bl=-1 gwad+=-1 t=4.3s
[DONE] fit__3647__clean__shuffled__r1 bl=-1 gwad+=-1 t=4.1s
[DONE] fit__3647__clean__shuffled__r2 bl=-1 gwad+=-1 t=4.0s
[DONE] fit__3647__clean__shuffled__r3 bl=-1 gwad+=-1 t=4.1s
[DONE] fit__3647__clean__shuffled__r4 bl=-1 gwad+=-1 t=4.4s
[DONE] fit__3647__clean__shuffled__r5 bl=-1 gwad+=-1 t=4.0s
[DONE] fit__3647__clean__shuffled__r6 bl=-1 gwad+=-1 t=4.0s
[DONE] fit__3647__clean__shuffled__r7 bl=-1 gwad+=-1 t=4.1s
[DONE] fit__3647__clean__shuffled__r8 bl=-1 gwad+=-1 t=4.1s
[DONE] fit__3647__clean__shuffled__r9 bl=-1 gwad+=-1 t=4.2s
[DONE] fit__3647__clean__noise__r0 bl=-1 gwad+=259 t=4.2s
[DONE] fit__3647__clean__sweep__r0 bl=28 gwad+=259 t=3.4s
[DONE] fit__7903__clean__shuffled__r0 bl=-1 gwad+=-1 t=4.2s
[DONE] fit__7903__clean__shuffled__r1 bl=-1 gwad+=-1 t=4.1s
[DONE] fit__7903__clean__shuffled__r2 bl=-1 gwad+=-1 t=4.1s
[DONE] fit__7903__clean__shuffled__r3 bl=-1 gwad+=-1 t=4.2s
[DONE] fit__7903__clean__shuffled__r4 bl=-1 gwad+=-1 t=3.9s
[DONE] fit__7903__clean__shuffled__r5 bl=-1 gwad+=-1 t=4.1s
[DONE] fit__7903__clean__shuffled__r6 bl=-1 gwad+=-1 t=4.1s
[DONE] fit__7903__clean__shuffled__r7 bl=-1 gwad+=-1 t=4.0s
[DONE] fit__7903__clean__shuffled__r8 bl=-1 gwad+=-1 t=3.9s
[DONE] fit__7903__clean__shuffled__r9 bl=-1 gwad+=-1 t=3.9s
[DONE] fit__7903__clean__noise__r0 bl=-1 gwad+=259 t=4.2s
[DONE] fit__7903__clean__sweep__r0 bl=341 gwad+=259 t=3.7s
[DONE] fit__5133__clean__shuffled__r0 bl=-1 gwad+=-1 t=3.9s
[DONE] fit__5133__clean__shuffled__r1 bl=-1 gwad+=-1 t=3.9s
[DONE] fit__5133__clean__shuffled__r2 bl=-1 gwad+=-1 t=3.9s
[DONE] fit__5133__clean__shuffled__r3 bl=-1 gwad+=-1 t=3.9s
[DONE] fit__5133__clean__shuffled__r4 bl=-1 gwad+=-1 t=4.0s
[DONE] fit__5133__clean__shuffled__r5 bl=-1 gwad+=-1 t=4.3s
[DONE] fit__5133__clean__shuffled__r6 bl=-1 gwad+=-1 t=3.9s
[DONE] fit__5133__clean__shuffled__r7 bl=-1 gwad+=-1 t=4.1s
[DONE] fit__5133__clean__shuffled__r8 bl=-1 gwad+=-1 t=4.1s
[DONE] fit__5133__clean__shuffled__r9 bl=-1 gwad+=-1 t=4.0s
[DONE] fit__5133__clean__noise__r0 bl=-1 gwad+=490 t=4.1s
[DONE] fit__5133__clean__sweep__r0 bl=99 gwad+=259 t=3.5s
[DONE] fit__2684__clean__shuffled__r0 bl=-1 gwad+=-1 t=4.1s
[DONE] fit__2684__clean__shuffled__r1 bl=-1 gwad+=-1 t=4.0s
[DONE] fit__2684__clean__shuffled__r2 bl=-1 gwad+=-1 t=4.1s
[DONE] fit__2684__clean__shuffled__r3 bl=-1 gwad+=-1 t=4.0s
[DONE] fit__2684__clean__shuffled__r4 bl=-1 gwad+=-1 t=3.9s
[DONE] fit__2684__clean__shuffled__r5 bl=-1 gwad+=-1 t=4.0s
[DONE] fit__2684__clean__shuffled__r6 bl=-1 gwad+=-1 t=4.0s
[DONE] fit__2684__clean__shuffled__r7 bl=-1 gwad+=-1 t=4.2s
[DONE] fit__2684__clean__shuffled__r8 bl=-1 gwad+=-1 t=4.0s
[DONE] fit__2684__clean__shuffled__r9 bl=-1 gwad+=-1 t=4.0s
[DONE] fit__2684__clean__noise__r0 bl=-1 gwad+=261 t=4.4s
[DONE] fit__2684__clean__sweep__r0 bl=59 gwad+=259 t=3.3s
[DONE] fit__8204__clean__shuffled__r0 bl=-1 gwad+=-1 t=4.1s
[DONE] fit__8204__clean__shuffled__r1 bl=-1 gwad+=-1 t=4.0s
[DONE] fit__8204__clean__shuffled__r2 bl=-1 gwad+=-1 t=3.9s
[DONE] fit__8204__clean__shuffled__r3 bl=-1 gwad+=-1 t=4.0s
[DONE] fit__8204__clean__shuffled__r4 bl=-1 gwad+=-1 t=4.0s
[DONE] fit__8204__clean__shuffled__r5 bl=-1 gwad+=-1 t=4.1s
[DONE] fit__8204__clean__shuffled__r6 bl=-1 gwad+=-1 t=4.1s
[DONE] fit__8204__clean__shuffled__r7 bl=-1 gwad+=-1 t=4.3s
[DONE] fit__8204__clean__shuffled__r8 bl=-1 gwad+=-1 t=3.9s
[DONE] fit__8204__clean__shuffled__r9 bl=-1 gwad+=-1 t=4.1s
[DONE] fit__8204__clean__noise__r0 bl=-1 gwad+=259 t=4.0s
[DONE] fit__8204__clean__sweep__r0 bl=326 gwad+=259 t=3.4s
[DONE] fit__1842__clean__shuffled__r0 bl=-1 gwad+=-1 t=4.1s
[DONE] fit__1842__clean__shuffled__r1 bl=-1 gwad+=-1 t=4.2s
[DONE] fit__1842__clean__shuffled__r2 bl=-1 gwad+=-1 t=4.1s
[DONE] fit__1842__clean__shuffled__r3 bl=-1 gwad+=-1 t=4.0s
[DONE] fit__1842__clean__shuffled__r4 bl=-1 gwad+=-1 t=4.2s
[DONE] fit__1842__clean__shuffled__r5 bl=-1 gwad+=-1 t=3.9s
[DONE] fit__1842__clean__shuffled__r6 bl=-1 gwad+=-1 t=3.9s
[DONE] fit__1842__clean__shuffled__r7 bl=-1 gwad+=-1 t=4.0s
[DONE] fit__1842__clean__shuffled__r8 bl=-1 gwad+=-1 t=4.3s
[DONE] fit__1842__clean__shuffled__r9 bl=-1 gwad+=-1 t=4.1s
[DONE] fit__1842__clean__noise__r0 bl=-1 gwad+=259 t=4.3s
[DONE] fit__1842__clean__sweep__r0 bl=430 gwad+=259 t=3.6s
[DONE] fit__7325__clean__shuffled__r0 bl=-1 gwad+=-1 t=4.1s
[DONE] fit__7325__clean__shuffled__r1 bl=-1 gwad+=-1 t=4.1s
[DONE] fit__7325__clean__shuffled__r2 bl=-1 gwad+=-1 t=4.0s
[DONE] fit__7325__clean__shuffled__r3 bl=-1 gwad+=-1 t=4.1s
[DONE] fit__7325__clean__shuffled__r4 bl=-1 gwad+=-1 t=3.9s
[DONE] fit__7325__clean__shuffled__r5 bl=-1 gwad+=-1 t=4.0s
[DONE] fit__7325__clean__shuffled__r6 bl=-1 gwad+=-1 t=4.1s
[DONE] fit__7325__clean__shuffled__r7 bl=-1 gwad+=-1 t=4.0s
[DONE] fit__7325__clean__shuffled__r8 bl=-1 gwad+=-1 t=4.1s
[DONE] fit__7325__clean__shuffled__r9 bl=-1 gwad+=-1 t=3.8s
[DONE] fit__7325__clean__noise__r0 bl=-1 gwad+=-1 t=4.1s
[DONE] fit__7325__clean__sweep__r0 bl=175 gwad+=259 t=3.3s
[DONE] fit__4641__clean__shuffled__r0 bl=-1 gwad+=-1 t=4.0s
[DONE] fit__4641__clean__shuffled__r1 bl=-1 gwad+=-1 t=3.8s
[DONE] fit__4641__clean__shuffled__r2 bl=-1 gwad+=-1 t=4.1s
[DONE] fit__4641__clean__shuffled__r3 bl=-1 gwad+=-1 t=4.1s
[DONE] fit__4641__clean__shuffled__r4 bl=-1 gwad+=-1 t=4.1s
[DONE] fit__4641__clean__shuffled__r5 bl=-1 gwad+=-1 t=4.1s
[DONE] fit__4641__clean__shuffled__r6 bl=-1 gwad+=-1 t=4.1s
[DONE] fit__4641__clean__shuffled__r7 bl=-1 gwad+=-1 t=4.1s
[DONE] fit__4641__clean__shuffled__r8 bl=-1 gwad+=-1 t=4.1s
[DONE] fit__4641__clean__shuffled__r9 bl=-1 gwad+=-1 t=4.3s
[DONE] fit__4641__clean__noise__r0 bl=-1 gwad+=259 t=4.2s
[DONE] fit__4641__clean__sweep__r0 bl=33 gwad+=259 t=3.6s
[DONE] fit__1436__clean__shuffled__r0 bl=-1 gwad+=-1 t=3.9s
[DONE] fit__1436__clean__shuffled__r1 bl=-1 gwad+=-1 t=4.0s
[DONE] fit__1436__clean__shuffled__r2 bl=-1 gwad+=-1 t=4.1s
[DONE] fit__1436__clean__shuffled__r3 bl=-1 gwad+=-1 t=4.0s
[DONE] fit__1436__clean__shuffled__r4 bl=-1 gwad+=-1 t=3.9s
[DONE] fit__1436__clean__shuffled__r5 bl=-1 gwad+=-1 t=3.8s
[DONE] fit__1436__clean__shuffled__r6 bl=-1 gwad+=-1 t=3.9s
[DONE] fit__1436__clean__shuffled__r7 bl=-1 gwad+=-1 t=4.0s
[DONE] fit__1436__clean__shuffled__r8 bl=-1 gwad+=-1 t=4.0s
[DONE] fit__1436__clean__shuffled__r9 bl=-1 gwad+=-1 t=4.1s
[DONE] fit__1436__clean__noise__r0 bl=-1 gwad+=259 t=4.2s
[DONE] fit__1436__clean__sweep__r0 bl=30 gwad+=259 t=3.4s
[DONE] fit__8691__clean__shuffled__r0 bl=-1 gwad+=-1 t=4.0s
[DONE] fit__8691__clean__shuffled__r1 bl=-1 gwad+=-1 t=4.2s
[DONE] fit__8691__clean__shuffled__r2 bl=-1 gwad+=-1 t=3.8s
[DONE] fit__8691__clean__shuffled__r3 bl=-1 gwad+=-1 t=4.1s
[DONE] fit__8691__clean__shuffled__r4 bl=-1 gwad+=-1 t=3.8s
[DONE] fit__8691__clean__shuffled__r5 bl=-1 gwad+=-1 t=4.0s
[DONE] fit__8691__clean__shuffled__r6 bl=-1 gwad+=-1 t=4.2s
[DONE] fit__8691__clean__shuffled__r7 bl=-1 gwad+=-1 t=4.0s
[DONE] fit__8691__clean__shuffled__r8 bl=-1 gwad+=-1 t=3.9s
[DONE] fit__8691__clean__shuffled__r9 bl=-1 gwad+=-1 t=3.9s
[DONE] fit__8691__clean__noise__r0 bl=-1 gwad+=259 t=4.3s
[DONE] fit__8691__clean__sweep__r0 bl=255 gwad+=259 t=3.5s
[DONE] fit__3116__clean__shuffled__r0 bl=-1 gwad+=-1 t=4.2s
[DONE] fit__3116__clean__shuffled__r1 bl=-1 gwad+=-1 t=4.0s
[DONE] fit__3116__clean__shuffled__r2 bl=-1 gwad+=-1 t=4.1s
[DONE] fit__3116__clean__shuffled__r3 bl=-1 gwad+=-1 t=3.9s
[DONE] fit__3116__clean__shuffled__r4 bl=-1 gwad+=-1 t=4.1s
[DONE] fit__3116__clean__shuffled__r5 bl=-1 gwad+=-1 t=4.1s
[DONE] fit__3116__clean__shuffled__r6 bl=-1 gwad+=-1 t=3.9s
[DONE] fit__3116__clean__shuffled__r7 bl=-1 gwad+=-1 t=4.0s
[DONE] fit__3116__clean__shuffled__r8 bl=-1 gwad+=-1 t=3.9s
[DONE] fit__3116__clean__shuffled__r9 bl=-1 gwad+=-1 t=4.0s
[DONE] fit__3116__clean__noise__r0 bl=-1 gwad+=259 t=4.3s
[DONE] fit__3116__clean__sweep__r0 bl=259 gwad+=259 t=3.6s
[DONE] fit__9372__clean__shuffled__r0 bl=-1 gwad+=-1 t=4.1s
[DONE] fit__9372__clean__shuffled__r1 bl=-1 gwad+=-1 t=3.8s
[DONE] fit__9372__clean__shuffled__r2 bl=-1 gwad+=-1 t=3.9s
[DONE] fit__9372__clean__shuffled__r3 bl=-1 gwad+=-1 t=3.8s
[DONE] fit__9372__clean__shuffled__r4 bl=-1 gwad+=-1 t=4.1s
[DONE] fit__9372__clean__shuffled__r5 bl=-1 gwad+=-1 t=4.0s
[DONE] fit__9372__clean__shuffled__r6 bl=-1 gwad+=-1 t=3.9s
[DONE] fit__9372__clean__shuffled__r7 bl=-1 gwad+=-1 t=4.1s
[DONE] fit__9372__clean__shuffled__r8 bl=-1 gwad+=-1 t=3.9s
[DONE] fit__9372__clean__shuffled__r9 bl=-1 gwad+=-1 t=3.9s
[DONE] fit__9372__clean__noise__r0 bl=-1 gwad+=259 t=4.0s
[DONE] fit__9372__clean__sweep__r0 bl=97 gwad+=259 t=3.4s
[DONE] fit__3686__clean__shuffled__r0 bl=-1 gwad+=-1 t=4.1s
[DONE] fit__3686__clean__shuffled__r1 bl=-1 gwad+=-1 t=4.1s
[DONE] fit__3686__clean__shuffled__r2 bl=-1 gwad+=-1 t=4.0s
[DONE] fit__3686__clean__shuffled__r3 bl=-1 gwad+=-1 t=3.9s
[DONE] fit__3686__clean__shuffled__r4 bl=-1 gwad+=-1 t=4.0s
[DONE] fit__3686__clean__shuffled__r5 bl=-1 gwad+=-1 t=4.1s
[DONE] fit__3686__clean__shuffled__r6 bl=-1 gwad+=-1 t=4.2s
[DONE] fit__3686__clean__shuffled__r7 bl=-1 gwad+=-1 t=3.9s
[DONE] fit__3686__clean__shuffled__r8 bl=-1 gwad+=-1 t=3.9s
[DONE] fit__3686__clean__shuffled__r9 bl=-1 gwad+=-1 t=3.8s
[DONE] fit__3686__clean__noise__r0 bl=-1 gwad+=263 t=4.1s
[DONE] fit__3686__clean__sweep__r0 bl=126 gwad+=259 t=3.5s
[DONE] fit__2143__clean__shuffled__r0 bl=-1 gwad+=-1 t=4.1s
[DONE] fit__2143__clean__shuffled__r1 bl=-1 gwad+=-1 t=3.9s
[DONE] fit__2143__clean__shuffled__r2 bl=-1 gwad+=-1 t=4.2s
[DONE] fit__2143__clean__shuffled__r3 bl=-1 gwad+=-1 t=4.2s
[DONE] fit__2143__clean__shuffled__r4 bl=-1 gwad+=-1 t=3.8s
[DONE] fit__2143__clean__shuffled__r5 bl=-1 gwad+=-1 t=4.3s
[DONE] fit__2143__clean__shuffled__r6 bl=-1 gwad+=-1 t=3.9s
[DONE] fit__2143__clean__shuffled__r7 bl=-1 gwad+=-1 t=4.0s
[DONE] fit__2143__clean__shuffled__r8 bl=-1 gwad+=-1 t=3.9s
[DONE] fit__2143__clean__shuffled__r9 bl=-1 gwad+=-1 t=4.0s
[DONE] fit__2143__clean__noise__r0 bl=-1 gwad+=259 t=4.1s
[DONE] fit__2143__clean__sweep__r0 bl=161 gwad+=259 t=3.6s
[DONE] fit__7297__clean__shuffled__r0 bl=-1 gwad+=-1 t=3.8s
[DONE] fit__7297__clean__shuffled__r1 bl=-1 gwad+=-1 t=4.2s
[DONE] fit__7297__clean__shuffled__r2 bl=-1 gwad+=-1 t=4.2s
[DONE] fit__7297__clean__shuffled__r3 bl=-1 gwad+=-1 t=4.0s
[DONE] fit__7297__clean__shuffled__r4 bl=-1 gwad+=-1 t=4.1s
[DONE] fit__7297__clean__shuffled__r5 bl=-1 gwad+=-1 t=4.1s
[DONE] fit__7297__clean__shuffled__r6 bl=-1 gwad+=-1 t=4.0s
[DONE] fit__7297__clean__shuffled__r7 bl=-1 gwad+=-1 t=3.9s
[DONE] fit__7297__clean__shuffled__r8 bl=-1 gwad+=-1 t=3.8s
[DONE] fit__7297__clean__shuffled__r9 bl=-1 gwad+=-1 t=3.9s
[DONE] fit__7297__clean__noise__r0 bl=-1 gwad+=259 t=4.0s
[DONE] fit__7297__clean__sweep__r0 bl=547 gwad+=259 t=3.3s
