[DONE] calibration__3302__clean__shuffled__r0 bl=-1 gwad+=-1 t=4.3s
[DONE] calibration__3302__clean__shuffled__r1 bl=-1 gwad+=-1 t=4.3s
[DONE] calibration__3302__clean__shuffled__r2 bl=-1 gwad+=-1 t=4.1s
[DONE] calibration__3302__clean__shuffled__r3 bl=-1 gwad+=-1 t=4.4s
[DONE] calibration__3302__clean__shuffled__r4 bl=-1 gwad+=-1 t=4.2s
[DONE] calibration__3302__clean__shuffled__r5 bl=-1 gwad+=-1 t=4.1s
[DONE] calibration__3302__clean__shuffled__r6 bl=-1 gwad+=-1 t=4.2s
[DONE] calibration__3302__clean__shuffled__r7 bl=-1 gwad+=-1 t=4.4s
[DONE] calibration__3302__clean__shuffled__r8 bl=-1 gwad+=-1 t=4.2s
[DONE] calibration__3302__clean__shuffled__r9 bl=-1 gwad+=-1 t=4.2s
[DONE] calibration__3302__clean__noise__r0 bl=-1 gwad+=259 t=4.3s
[DONE] calibration__3302__clean__sweep__r0 bl=32 gwad+=259 t=3.4s
[DONE] calibration__231__clean__shuffled__r0 bl=-1 gwad+=-1 t=4.2s
[DONE] calibration__231__clean__shuffled__r1 bl=-1 gwad+=-1 t=4.1s
[DONE] calibration__231__clean__shuffled__r2 bl=-1 gwad+=-1 t=4.3s
[DONE] calibration__231__clean__shuffled__r3 bl=-1 gwad+=-1 t=4.2s
[DONE] calibration__231__clean__shuffled__r4 bl=-1 gwad+=-1 t=4.2s
[DONE] calibration__231__clean__shuffled__r5 bl=-1 gwad+=-1 t=4.0s
[DONE] calibration__231__clean__shuffled__r6 bl=-1 gwad+=-1 t=4.2s
[DONE] calibration__231__clean__shuffled__r7 bl=-1 gwad+=-1 t=4.3s
[DONE] calibration__231__clean__shuffled__r8 bl=-1 gwad+=-1 t=4.3s
[DONE] calibration__231__clean__shuffled__r9 bl=-1 gwad+=-1 t=4.2s
[DONE] calibration__231__clean__noise__r0 bl=-1 gwad+=259 t=4.7s
[DONE] calibration__231__clean__sweep__r0 bl=23 gwad+=259 t=3.8s
[DONE] calibration__3033__clean__shuffled__r0 bl=-1 gwad+=-1 t=4.3s
[DONE] calibration__3033__clean__shuffled__r1 bl=-1 gwad+=-1 t=4.1s
[DONE] calibration__3033__clean__shuffled__r2 bl=-1 gwad+=-1 t=4.0s
[DONE] calibration__3033__clean__shuffled__r3 bl=-1 gwad+=-1 t=4.1s
[DONE] calibration__3033__clean__shuffled__r4 bl=-1 gwad+=-1 t=4.1s
[DONE] calibration__3033__clean__shuffled__r5 bl=-1 gwad+=-1 t=4.2s
[DONE] calibration__3033__clean__shuffled__r6 bl=-1 gwad+=-1 t=4.2s
[DONE] calibration__3033__clean__shuffled__r7 bl=-1 gwad+=-1 t=4.3s
[DONE] calibration__3033__clean__shuffled__r8 bl=-1 gwad+=-1 t=4.3s
[DONE] calibration__3033__clean__shuffled__r9 bl=-1 gwad+=-1 t=4.2s
[DONE] calibration__3033__clean__noise__r0 bl=-1 gwad+=259 t=4.5s
[DONE] calibration__3033__clean__sweep__r0 bl=609 gwad+=259 t=3.7s
[DONE] calibration__2073__clean__shuffled__r0 bl=-1 gwad+=-1 t=4.1s
[DONE] calibration__2073__clean__shuffled__r1 bl=-1 gwad+=-1 t=4.3s
[DONE] calibration__2073__clean__shuffled__r2 bl=-1 gwad+=-1 t=4.0s
[DONE] calibration__2073__clean__shuffled__r3 bl=-1 gwad+=-1 t=4.2s
[DONE] calibration__2073__clean__shuffled__r4 bl=-1 gwad+=-1 t=4.3s
[DONE] calibration__2073__clean__shuffled__r5 bl=-1 gwad+=-1 t=4.2s
[DONE] calibration__2073__clean__shuffled__r6 bl=-1 gwad+=-1 t=4.1s
[DONE] calibration__2073__clean__shuffled__r7 bl=-1 gwad+=-1 t=4.1s
[DONE] calibration__2073__clean__shuffled__r8 bl=-1 gwad+=-1 t=4.1s
[DONE] calibration__2073__clean__shuffled__r9 bl=-1 gwad+=-1 t=4.1s
[DONE] calibration__2073__clean__noise__r0 bl=-1 gwad+=392 t=4.3s
[DONE] calibration__2073__clean__sweep__r0 bl=609 gwad+=259 t=3.8s
[DONE] calibration__8730__clean__shuffled__r0 bl=-1 gwad+=-1 t=4.3s
[DONE] calibration__8730__clean__shuffled__r1 bl=743 gwad+=-1 t=4.2s
[DONE] calibration__8730__clean__shuffled__r2 bl=-1 gwad+=-1 t=4.4s
[DONE] calibration__8730__clean__shuffled__r3 bl=-1 gwad+=-1 t=4.1s
[DONE] calibration__8730__clean__shuffled__r4 bl=-1 gwad+=-1 t=4.2s
[DONE] calibration__8730__clean__shuffled__r5 bl=-1 gwad+=-1 t=4.1s
[DONE] calibration__8730__clean__shuffled__r6 bl=-1 gwad+=-1 t=4.0s
[DONE] calibration__8730__clean__shuffled__r7 bl=-1 gwad+=-1 t=4.1s
[DONE] calibration__8730__clean__shuffled__r8 bl=-1 gwad+=-1 t=4.2s
[DONE] calibration__8730__clean__shuffled__r9 bl=-1 gwad+=-1 t=4.3s
[DONE] calibration__8730__clean__noise__r0 bl=-1 gwad+=259 t=4.5s
[DONE] calibration__8730__clean__sweep__r0 bl=321 gwad+=259 t=3.7s
[DONE] calibration__6587__clean__shuffled__r0 bl=-1 gwad+=-1 t=4.2s
[DONE] calibration__6587__clean__shuffled__r1 bl=-1 gwad+=-1 t=4.1s
[DONE] calibration__6587__clean__shuffled__r2 bl=-1 gwad+=-1 t=4.2s
[DONE] calibration__6587__clean__shuffled__r3 bl=-1 gwad+=-1 t=4.2s
[DONE] calibration__6587__clean__shuffled__r4 bl=-1 gwad+=-1 t=4.1s
[DONE] calibration__6587__clean__shuffled__r5 bl=-1 gwad+=-1 t=4.0s
[DONE] calibration__6587__clean__shuffled__r6 bl=-1 gwad+=-1 t=4.1s
[DONE] calibration__6587__clean__shuffled__r7 bl=-1 gwad+=-1 t=4.2s
[DONE] calibration__6587__clean__shuffled__r8 bl=-1 gwad+=-1 t=3.9s
[DONE] calibration__6587__clean__shuffled__r9 bl=-1 gwad+=-1 t=4.1s
[DONE] calibration__6587__clean__noise__r0 bl=-1 gwad+=259 t=4.3s
[DONE] calibration__6587__clean__sweep__r0 bl=418 gwad+=259 t=3.8s
[DONE] calibration__328__clean__shuffled__r0 bl=-1 gwad+=-1 t=4.2s
[DONE] calibration__328__clean__shuffled__r1 bl=-1 gwad+=-1 t=4.0s
[DONE] calibration__328__clean__shuffled__r2 bl=-1 gwad+=-1 t=4.2s
[DONE] calibration__328__clean__shuffled__r3 bl=-1 gwad+=-1 t=4.3s
[DONE] calibration__328__clean__shuffled__r4 bl=-1 gwad+=-1 t=4.2s
[DONE] calibration__328__clean__shuffled__r5 bl=-1 gwad+=-1 t=4.1s
[DONE] calibration__328__clean__shuffled__r6 bl=-1 gwad+=-1 t=4.1s
[DONE] calibration__328__clean__shuffled__r7 bl=-1 gwad+=-1 t=4.2s
[DONE] calibration__328__clean__shuffled__r8 bl=-1 gwad+=-1 t=4.3s
[DONE] calibration__328__clean__shuffled__r9 bl=-1 gwad+=-1 t=4.5s
[DONE] calibration__328__clean__noise__r0 bl=-1 gwad+=259 t=4.4s
[DONE] calibration__328__clean__sweep__r0 bl=33 gwad+=259 t=3.6s
[DONE] calibration__5638__clean__shuffled__r0 bl=-1 gwad+=-1 t=4.1s
[DONE] calibration__5638__clean__shuffled__r1 bl=-1 gwad+=-1 t=4.2s
[DONE] calibration__5638__clean__shuffled__r2 bl=-1 gwad+=-1 t=4.0s
[DONE] calibration__5638__clean__shuffled__r3 bl=-1 gwad+=-1 t=4.4s
[DONE] calibration__5638__clean__shuffled__r4 bl=-1 gwad+=-1 t=4.3s
[DONE] calibration__5638__clean__shuffled__r5 bl=-1 gwad+=-1 t=4.1s
[DONE] calibration__5638__clean__shuffled__r6 bl=-1 gwad+=-1 t=4.3s
[DONE] calibration__5638__clean__shuffled__r7 bl=-1 gwad+=-1 t=4.0s
[DONE] calibration__5638__clean__shuffled__r8 bl=-1 gwad+=-1 t=4.3s
[DONE] calibration__5638__clean__shuffled__r9 bl=-1 gwad+=-1 t=4.4s
[DONE] calibration__5638__clean__noise__r0 bl=-1 gwad+=304 t=4.3s
[DONE] calibration__5638__clean__sweep__r0 bl=609 gwad+=259 t=4.0s
[DONE] calibration__1561__clean__shuffled__r0 bl=-1 gwad+=-1 t=4.4s
[DONE] calibration__1561__clean__shuffled__r1 bl=-1 gwad+=-1 t=4.3s
[DONE] calibration__1561__clean__shuffled__r2 bl=-1 gwad+=-1 t=4.2s
[DONE] calibration__1561__clean__shuffled__r3 bl=-1 gwad+=-1 t=4.3s
[DONE] calibration__1561__clean__shuffled__r4 bl=-1 gwad+=-1 t=4.1s
[DONE] calibration__1561__clean__shuffled__r5 bl=-1 gwad+=-1 t=4.2s
[DONE] calibration__1561__clean__shuffled__r6 bl=-1 gwad+=-1 t=4.1s
[DONE] calibration__1561__clean__shuffled__r7 bl=-1 gwad+=-1 t=4.2s
[DONE] calibration__1561__clean__shuffled__r8 bl=-1 gwad+=-1 t=4.1s
[DONE] calibration__1561__clean__shuffled__r9 bl=-1 gwad+=-1 t=4.2s
[DONE] calibration__1561__clean__noise__r0 bl=-1 gwad+=259 t=4.4s
[DONE] calibration__1561__clean__sweep__r0 bl=244 gwad+=259 t=3.7s
[DONE] calibration__9353__clean__shuffled__r0 bl=-1 gwad+=-1 t=4.2s
[DONE] calibration__9353__clean__shuffled__r1 bl=-1 gwad+=-1 t=4.0s
[DONE] calibration__9353__clean__shuffled__r2 bl=-1 gwad+=-1 t=4.2s
[DONE] calibration__9353__clean__shuffled__r3 bl=-1 gwad+=-1 t=4.3s
[DONE] calibration__9353__clean__shuffled__r4 bl=-1 gwad+=-1 t=4.2s
[DONE] calibration__9353__clean__shuffled__r5 bl=-1 gwad+=-1 t=4.0s
[DONE] calibration__9353__clean__shuffled__r6 bl=-1 gwad+=-1 t=4.1s
[DONE] calibration__9353__clean__shuffled__r7 bl=-1 gwad+=-1 t=4.2s
[DONE] calibration__9353__clean__shuffled__r8 bl=-1 gwad+=-1 t=4.0s
[DONE] calibration__9353__clean__shuffled__r9 bl=-1 gwad+=-1 t=4.3s
[DONE] calibration__9353__clean__noise__r0 bl=-1 gwad+=259 t=4.5s
[DONE] calibration__9353__clean__sweep__r0 bl=609 gwad+=259 t=3.8s
[DONE] calibration__5423__clean__shuffled__r0 bl=-1 gwad+=-1 t=4.0s
[DONE] calibration__5423__clean__shuffled__r1 bl=-1 gwad+=-1 t=4.1s
[DONE] calibration__5423__clean__shuffled__r2 bl=-1 gwad+=-1 t=4.3s
[DONE] calibration__5423__clean__shuffled__r3 bl=-1 gwad+=-1 t=4.1s
[DONE] calibration__5423__clean__shuffled__r4 bl=-1 gwad+=-1 t=4.4s
[DONE] calibration__5423__clean__shuffled__r5 bl=-1 gwad+=-1 t=4.3s
[DONE] calibration__5423__clean__shuffled__r6 bl=-1 gwad+=-1 t=4.2s
[DONE] calibration__5423__clean__shuffled__r7 bl=-1 gwad+=-1 t=4.3s
[DONE] calibration__5423__clean__shuffled__r8 bl=-1 gwad+=-1 t=4.1s
[DONE] calibration__5423__clean__shuffled__r9 bl=-1 gwad+=-1 t=4.0s
[DONE] calibration__5423__clean__noise__r0 bl=-1 gwad+=260 t=4.3s
[DONE] calibration__5423__clean__sweep__r0 bl=611 gwad+=259 t=4.0s
[DONE] calibration__13__clean__shuffled__r0 bl=-1 gwad+=-1 t=4.0s
[DONE] calibration__13__clean__shuffled__r1 bl=-1 gwad+=-1 t=4.2s
[DONE] calibration__13__clean__shuffled__r2 bl=-1 gwad+=-1 t=4.2s
[DONE] calibration__13__clean__shuffled__r3 bl=-1 gwad+=-1 t=4.3s
[DONE] calibration__13__clean__shuffled__r4 bl=-1 gwad+=-1 t=4.3s
[DONE] calibration__13__clean__shuffled__r5 bl=-1 gwad+=-1 t=4.1s
[DONE] calibration__13__clean__shuffled__r6 bl=-1 gwad+=-1 t=4.2s
[DONE] calibration__13__clean__shuffled__r7 bl=-1 gwad+=-1 t=4.1s
[DONE] calibration__13__clean__shuffled__r8 bl=-1 gwad+=-1 t=4.3s
[DONE] calibration__13__clean__shuffled__r9 bl=-1 gwad+=-1 t=4.1s
[DONE] calibration__13__clean__noise__r0 bl=-1 gwad+=259 t=4.6s
[DONE] calibration__13__clean__sweep__r0 bl=2 gwad+=259 t=3.4s
[DONE] calibration__5045__clean__shuffled__r0 bl=-1 gwad+=-1 t=4.1s
[DONE] calibration__5045__clean__shuffled__r1 bl=-1 gwad+=-1 t=4.2s
[DONE] calibration__5045__clean__shuffled__r2 bl=-1 gwad+=-1 t=4.4s
[DONE] calibration__5045__clean__shuffled__r3 bl=-1 gwad+=-1 t=4.2s
[DONE] calibration__5045__clean__shuffled__r4 bl=-1 gwad+=-1 t=4.2s
[DONE] calibration__5045__clean__shuffled__r5 bl=-1 gwad+=-1 t=4.2s
[DONE] calibration__5045__clean__shuffled__r6 bl=-1 gwad+=-1 t=4.2s
[DONE] calibration__5045__clean__shuffled__r7 bl=-1 gwad+=-1 t=4.1s
[DONE] calibration__5045__clean__shuffled__r8 bl=-1 gwad+=-1 t=4.4s
[DONE] calibration__5045__clean__shuffled__r9 bl=-1 gwad+=-1 t=4.1s
[DONE] calibration__5045__clean__noise__r0 bl=-1 gwad+=259 t=4.4s
[DONE] calibration__5045__clean__sweep__r0 bl=385 gwad+=259 t=3.6s
[DONE] calibration__2503__clean__shuffled__r0 bl=-1 gwad+=-1 t=4.2s
[DONE] calibration__2503__clean__shuffled__r1 bl=-1 gwad+=-1 t=4.3s
[DONE] calibration__2503__clean__shuffled__r2 bl=-1 gwad+=-1 t=4.2s
[DONE] calibration__2503__clean__shuffled__r3 bl=-1 gwad+=-1 t=4.2s
[DONE] calibration__2503__clean__shuffled__r4 bl=-1 gwad+=-1 t=4.3s
[DONE] calibration__2503__clean__shuffled__r5 bl=-1 gwad+=-1 t=4.2s
[DONE] calibration__2503__clean__shuffled__r6 bl=-1 gwad+=-1 t=4.2s
[DONE] calibration__2503__clean__shuffled__r7 bl=-1 gwad+=-1 t=4.1s
[DONE] calibration__2503__clean__shuffled__r8 bl=-1 gwad+=-1 t=4.1s
[DONE] calibration__2503__clean__shuffled__r9 bl=-1 gwad+=-1 t=4.2s
[DONE] calibration__2503__clean__noise__r0 bl=-1 gwad+=259 t=4.2s
[DONE] calibration__2503__clean__sweep__r0 bl=62 gwad+=259 t=3.5s
[DONE] calibration__6691__clean__shuffled__r0 bl=-1 gwad+=-1 t=4.0s
[DONE] calibration__6691__clean__shuffled__r1 bl=-1 gwad+=-1 t=4.0s
[DONE] calibration__6691__clean__shuffled__r2 bl=-1 gwad+=-1 t=4.3s
[DONE] calibration__6691__clean__shuffled__r3 bl=-1 gwad+=-1 t=4.3s
[DONE] calibration__6691__clean__shuffled__r4 bl=-1 gwad+=-1 t=4.4s
[DONE] calibration__6691__clean__shuffled__r5 bl=-1 gwad+=-1 t=4.3s
[DONE] calibration__6691__clean__shuffled__r6 bl=-1 gwad+=-1 t=4.3s
[DONE] calibration__6691__clean__shuffled__r7 bl=-1 gwad+=-1 t=4.2s
[DONE] calibration__6691__clean__shuffled__r8 bl=-1 gwad+=-1 t=4.2s
[DONE] calibration__6691__clean__shuffled__r9 bl=-1 gwad+=-1 t=4.2s
[DONE] calibration__6691__clean__noise__r0 bl=-1 gwad+=259 t=4.5s
[DONE] calibration__6691__clean__sweep__r0 bl=29 gwad+=259 t=3.5s
[DONE] calibration__5494__clean__shuffled__r0 bl=-1 gwad+=-1 t=4.2s
[DONE] calibration__5494__clean__shuffled__r1 bl=-1 gwad+=-1 t=4.3s
[DONE] calibration__5494__clean__shuffled__r2 bl=-1 gwad+=-1 t=4.1s
[DONE] calibration__5494__clean__shuffled__r3 bl=-1 gwad+=-1 t=4.1s
[DONE] calibration__5494__clean__shuffled__r4 bl=-1 gwad+=-1 t=4.3s
[DONE] calibration__5494__clean__shuffled__r5 bl=-1 gwad+=-1 t=4.1s
[DONE] calibration__5494__clean__shuffled__r6 bl=-1 gwad+=-1 t=4.3s
[DONE] calibration__5494__clean__shuffled__r7 bl=-1 gwad+=-1 t=4.2s
[DONE] calibration__5494__clean__shuffled__r8 bl=-1 gwad+=-1 t=4.1s
[DONE] calibration__5494__clean__shuffled__r9 bl=-1 gwad+=-1 t=4.2s
[DONE] calibration__5494__clean__noise__r0 bl=-1 gwad+=259 t=4.5s
[DONE] calibration__5494__clean__sweep__r0 bl=57 gwad+=259 t=3.7s
[DONE] evaluation__539__clean__shuffled__r0 bl=-1 gwad+=-1 t=4.3s
[DONE] evaluation__539__clean__shuffled__r1 bl=-1 gwad+=-1 t=4.3s
[DONE] evaluation__539__clean__shuffled__r2 bl=-1 gwad+=-1 t=4.0s
[DONE] evaluation__539__clean__shuffled__r3 bl=-1 gwad+=-1 t=4.2s
[DONE] evaluation__539__clean__shuffled__r4 bl=-1 gwad+=-1 t=4.3s
[DONE] evaluation__539__clean__shuffled__r5 bl=-1 gwad+=-1 t=4.1s
[DONE] evaluation__539__clean__shuffled__r6 bl=-1 gwad+=-1 t=4.0s
[DONE] evaluation__539__clean__shuffled__r7 bl=-1 gwad+=-1 t=4.1s
[DONE] evaluation__539__clean__shuffled__r8 bl=-1 gwad+=-1 t=4.3s
[DONE] evaluation__539__clean__shuffled__r9 bl=-1 gwad+=-1 t=4.4s
[DONE] evaluation__539__clean__noise__r0 bl=-1 gwad+=259 t=4.4s
[DONE] evaluation__539__clean__sweep__r0 bl=627 gwad+=259 t=3.9s
[DONE] evaluation__4126__clean__shuffled__r0 bl=-1 gwad+=-1 t=4.1s
[DONE] evaluation__4126__clean__shuffled__r1 bl=-1 gwad+=-1 t=4.1s
[DONE] evaluation__4126__clean__shuffled__r2 bl=-1 gwad+=-1 t=4.3s
[DONE] evaluation__4126__clean__shuffled__r3 bl=-1 gwad+=-1 t=4.2s
[DONE] evaluation__4126__clean__shuffled__r4 bl=-1 gwad+=-1 t=4.1s
[DONE] evaluation__4126__clean__shuffled__r5 bl=-1 gwad+=-1 t=4.3s
[DONE] evaluation__4126__clean__shuffled__r6 bl=-1 gwad+=-1 t=4.3s
[DONE] evaluation__4126__clean__shuffled__r7 bl=-1 gwad+=-1 t=4.0s
[DONE] evaluation__4126__clean__shuffled__r8 bl=-1 gwad+=-1 t=4.2s
[DONE] evaluation__4126__clean__shuffled__r9 bl=-1 gwad+=-1 t=4.2s
[DONE] evaluation__4126__clean__noise__r0 bl=-1 gwad+=259 t=4.6s
[DONE] evaluation__4126__clean__sweep__r0 bl=49 gwad+=259 t=3.7s
[DONE] evaluation__7748__clean__shuffled__r0 bl=-1 gwad+=-1 t=4.5s
[DONE] evaluation__7748__clean__shuffled__r1 bl=-1 gwad+=-1 t=4.4s
[DONE] evaluation__7748__clean__shuffled__r2 bl=-1 gwad+=-1 t=4.3s
[DONE] evaluation__7748__clean__shuffled__r3 bl=-1 gwad+=-1 t=4.1s
[DONE] evaluation__7748__clean__shuffled__r4 bl=-1 gwad+=-1 t=4.1s
[DONE] evaluation__7748__clean__shuffled__r5 bl=-1 gwad+=-1 t=4.0s
[DONE] evaluation__7748__clean__shuffled__r6 bl=-1 gwad+=-1 t=4.0s
[DONE] evaluation__7748__clean__shuffled__r7 bl=-1 gwad+=-1 t=4.3s
[DONE] evaluation__7748__clean__shuffled__r8 bl=-1 gwad+=-1 t=4.4s
[DONE] evaluation__7748__clean__shuffled__r9 bl=-1 gwad+=-1 t=4.4s
[DONE] evaluation__7748__clean__noise__r0 bl=-1 gwad+=259 t=4.4s
[DONE] evaluation__7748__clean__sweep__r0 bl=58 gwad+=259 t=3.8s
[DONE] evaluation__9973__clean__shuffled__r0 bl=-1 gwad+=-1 t=4.2s
[DONE] evaluation__9973__clean__shuffled__r1 bl=-1 gwad+=-1 t=4.0s
[DONE] evaluation__9973__clean__shuffled__r2 bl=-1 gwad+=-1 t=4.2s
[DONE] evaluation__9973__clean__shuffled__r3 bl=-1 gwad+=-1 t=4.4s
[DONE] evaluation__9973__clean__shuffled__r4 bl=-1 gwad+=-1 t=4.5s
[DONE] evaluation__9973__clean__shuffled__r5 bl=-1 gwad+=-1 t=4.1s
[DONE] evaluation__9973__clean__shuffled__r6 bl=-1 gwad+=-1 t=4.2s
[DONE] evaluation__9973__clean__shuffled__r7 bl=-1 gwad+=-1 t=4.1s
[DONE] evaluation__9973__clean__shuffled__r8 bl=-1 gwad+=-1 t=4.3s
[DONE] evaluation__9973__clean__shuffled__r9 bl=-1 gwad+=-1 t=4.2s
[DONE] evaluation__9973__clean__noise__r0 bl=-1 gwad+=260 t=4.3s
[DONE] evaluation__9973__clean__sweep__r0 bl=47 gwad+=259 t=3.5s
[DONE] evaluation__1751__clean__shuffled__r0 bl=-1 gwad+=-1 t=4.3s
[DONE] evaluation__1751__clean__shuffled__r1 bl=-1 gwad+=-1 t=4.1s
[DONE] evaluation__1751__clean__shuffled__r2 bl=-1 gwad+=-1 t=3.9s
[DONE] evaluation__1751__clean__shuffled__r3 bl=-1 gwad+=-1 t=4.2s
[DONE] evaluation__1751__clean__shuffled__r4 bl=-1 gwad+=-1 t=4.3s
[DONE] evaluation__1751__clean__shuffled__r5 bl=-1 gwad+=-1 t=4.3s
[DONE] evaluation__1751__clean__shuffled__r6 bl=-1 gwad+=-1 t=4.3s
[DONE] evaluation__1751__clean__shuffled__r7 bl=-1 gwad+=-1 t=4.2s
[DONE] evaluation__1751__clean__shuffled__r8 bl=-1 gwad+=-1 t=4.2s
[DONE] evaluation__1751__clean__shuffled__r9 bl=-1 gwad+=-1 t=4.3s
[DONE] evaluation__1751__clean__noise__r0 bl=-1 gwad+=259 t=4.4s
[DONE] evaluation__1751__clean__sweep__r0 bl=2 gwad+=259 t=3.8s
[DONE] evaluation__5245__clean__shuffled__r0 bl=-1 gwad+=-1 t=4.4s
[DONE] evaluation__5245__clean__shuffled__r1 bl=-1 gwad+=-1 t=4.2s
[DONE] evaluation__5245__clean__shuffled__r2 bl=-1 gwad+=-1 t=4.2s
[DONE] evaluation__5245__clean__shuffled__r3 bl=-1 gwad+=-1 t=4.4s
[DONE] evaluation__5245__clean__shuffled__r4 bl=-1 gwad+=-1 t=4.2s
[DONE] evaluation__5245__clean__shuffled__r5 bl=-1 gwad+=-1 t=4.2s
[DONE] evaluation__5245__clean__shuffled__r6 bl=-1 gwad+=-1 t=4.3s
[DONE] evaluation__5245__clean__shuffled__r7 bl=-1 gwad+=-1 t=4.2s
[DONE] evaluation__5245__clean__shuffled__r8 bl=-1 gwad+=-1 t=4.5s
[DONE] evaluation__5245__clean__shuffled__r9 bl=-1 gwad+=-1 t=4.1s
[DONE] evaluation__5245__clean__noise__r0 bl=-1 gwad+=259 t=4.6s
[DONE] evaluation__5245__clean__sweep__r0 bl=18 gwad+=259 t=3.3s
[DONE] evaluation__8123__clean__shuffled__r0 bl=-1 gwad+=-1 t=4.2s
[DONE] evaluation__8123__clean__shuffled__r1 bl=-1 gwad+=-1 t=3.9s
[DONE] evaluation__8123__clean__shuffled__r2 bl=-1 gwad+=-1 t=4.2s
[DONE] evaluation__8123__clean__shuffled__r3 bl=-1 gwad+=-1 t=4.0s
[DONE] evaluation__8123__clean__shuffled__r4 bl=-1 gwad+=-1 t=4.1s
[DONE] evaluation__8123__clean__shuffled__r5 bl=-1 gwad+=-1 t=4.2s
[DONE] evaluation__8123__clean__shuffled__r6 bl=-1 gwad+=-1 t=4.1s
[DONE] evaluation__8123__clean__shuffled__r7 bl=-1 gwad+=-1 t=4.0s
[DONE] evaluation__8123__clean__shuffled__r8 bl=-1 gwad+=-1 t=4.3s
[DONE] evaluation__8123__clean__shuffled__r9 bl=-1 gwad+=-1 t=4.3s
[DONE] evaluation__8123__clean__noise__r0 bl=-1 gwad+=259 t=4.2s
[DONE] evaluation__8123__clean__sweep__r0 bl=548 gwad+=259 t=3.9s
[DONE] evaluation__1202__clean__shuffled__r0 bl=-1 gwad+=-1 t=4.1s
[DONE] evaluation__1202__clean__shuffled__r1 bl=-1 gwad+=-1 t=4.1s
[DONE] evaluation__1202__clean__shuffled__r2 bl=-1 gwad+=-1 t=4.0s
[DONE] evaluation__1202__clean__shuffled__r3 bl=-1 gwad+=-1 t=4.2s
[DONE] evaluation__1202__clean__shuffled__r4 bl=-1 gwad+=-1 t=4.0s
[DONE] evaluation__1202__clean__shuffled__r5 bl=-1 gwad+=-1 t=4.1s
[DONE] evaluation__1202__clean__shuffled__r6 bl=-1 gwad+=-1 t=4.2s
[DONE] evaluation__1202__clean__shuffled__r7 bl=-1 gwad+=-1 t=4.3s
[DONE] evaluation__1202__clean__shuffled__r8 bl=-1 gwad+=-1 t=4.3s
[DONE] evaluation__1202__clean__shuffled__r9 bl=-1 gwad+=-1 t=4.0s
[DONE] evaluation__1202__clean__noise__r0 bl=-1 gwad+=259 t=4.4s
[DONE] evaluation__1202__clean__sweep__r0 bl=161 gwad+=259 t=3.5s
[DONE] evaluation__3713__clean__shuffled__r0 bl=-1 gwad+=-1 t=4.3s
[DONE] evaluation__3713__clean__shuffled__r1 bl=-1 gwad+=-1 t=4.2s
[DONE] evaluation__3713__clean__shuffled__r2 bl=-1 gwad+=-1 t=4.1s
[DONE] evaluation__3713__clean__shuffled__r3 bl=-1 gwad+=-1 t=4.1s
[DONE] evaluation__3713__clean__shuffled__r4 bl=-1 gwad+=-1 t=4.0s
[DONE] evaluation__3713__clean__shuffled__r5 bl=-1 gwad+=-1 t=4.3s
[DONE] evaluation__3713__clean__shuffled__r6 bl=-1 gwad+=-1 t=4.2s
[DONE] evaluation__3713__clean__shuffled__r7 bl=-1 gwad+=-1 t=4.3s
[DONE] evaluation__3713__clean__shuffled__r8 bl=-1 gwad+=-1 t=4.0s
[DONE] evaluation__3713__clean__shuffled__r9 bl=-1 gwad+=-1 t=4.5s
[DONE] evaluation__3713__clean__noise__r0 bl=-1 gwad+=259 t=4.4s
[DONE] evaluation__3713__clean__sweep__r0 bl=3 gwad+=259 t=3.5s
[DONE] evaluation__7340__clean__shuffled__r0 bl=-1 gwad+=-1 t=4.2s
[DONE] evaluation__7340__clean__shuffled__r1 bl=-1 gwad+=-1 t=4.2s
[DONE] evaluation__7340__clean__shuffled__r2 bl=-1 gwad+=-1 t=4.2s
[DONE] evaluation__7340__clean__shuffled__r3 bl=-1 gwad+=-1 t=4.0s
[DONE] evaluation__7340__clean__shuffled__r4 bl=-1 gwad+=-1 t=4.0s
[DONE] evaluation__7340__clean__shuffled__r5 bl=-1 gwad+=-1 t=4.1s
[DONE] evaluation__7340__clean__shuffled__r6 bl=-1 gwad+=-1 t=4.1s
[DONE] evaluation__7340__clean__shuffled__r7 bl=-1 gwad+=-1 t=4.2s
[DONE] evaluation__7340__clean__shuffled__r8 bl=-1 gwad+=-1 t=4.3s
[DONE] evaluation__7340__clean__shuffled__r9 bl=-1 gwad+=-1 t=3.9s
[DONE] evaluation__7340__clean__noise__r0 bl=-1 gwad+=448 t=4.2s
[DONE] evaluation__7340__clean__sweep__r0 bl=343 gwad+=259 t=3.8s
[DONE] evaluation__294__clean__shuffled__r0 bl=-1 gwad+=-1 t=4.3s
[DONE] evaluation__294__clean__shuffled__r1 bl=-1 gwad+=-1 t=4.2s
[DONE] evaluation__294__clean__shuffled__r2 bl=-1 gwad+=-1 t=4.3s
[DONE] evaluation__294__clean__shuffled__r3 bl=-1 gwad+=-1 t=3.9s
[DONE] evaluation__294__clean__shuffled__r4 bl=-1 gwad+=-1 t=4.1s
[DONE] evaluation__294__clean__shuffled__r5 bl=-1 gwad+=-1 t=4.3s
[DONE] evaluation__294__clean__shuffled__r6 bl=-1 gwad+=-1 t=4.4s
[DONE] evaluation__294__clean__shuffled__r7 bl=-1 gwad+=-1 t=4.3s
[DONE] evaluation__294__clean__shuffled__r8 bl=-1 gwad+=-1 t=4.4s
[DONE] evaluation__294__clean__shuffled__r9 bl=-1 gwad+=-1 t=4.2s
[DONE] evaluation__294__clean__noise__r0 bl=-1 gwad+=259 t=4.3s
[DONE] evaluation__294__clean__sweep__r0 bl=3 gwad+=259 t=3.7s
[DONE] evaluation__4155__clean__shuffled__r0 bl=-1 gwad+=-1 t=4.1s
[DONE] evaluation__4155__clean__shuffled__r1 bl=-1 gwad+=-1 t=4.0s
[DONE] evaluation__4155__clean__shuffled__r2 bl=-1 gwad+=-1 t=4.5s
[DONE] evaluation__4155__clean__shuffled__r3 bl=-1 gwad+=-1 t=4.1s
[DONE] evaluation__4155__clean__shuffled__r4 bl=-1 gwad+=-1 t=4.1s
[DONE] evaluation__4155__clean__shuffled__r5 bl=-1 gwad+=-1 t=4.3s
[DONE] evaluation__4155__clean__shuffled__r6 bl=-1 gwad+=-1 t=4.1s
[DONE] evaluation__4155__clean__shuffled__r7 bl=-1 gwad+=-1 t=4.2s
[DONE] evaluation__4155__clean__shuffled__r8 bl=-1 gwad+=-1 t=4.2s
[DONE] evaluation__4155__clean__shuffled__r9 bl=-1 gwad+=-1 t=4.2s
[DONE] evaluation__4155__clean__noise__r0 bl=-1 gwad+=259 t=4.4s
[DONE] evaluation__4155__clean__sweep__r0 bl=92 gwad+=259 t=3.8s
[DONE] evaluation__6237__clean__shuffled__r0 bl=-1 gwad+=-1 t=4.2s
[DONE] evaluation__6237__clean__shuffled__r1 bl=-1 gwad+=-1 t=4.3s
[DONE] evaluation__6237__clean__shuffled__r2 bl=-1 gwad+=-1 t=4.2s
[DONE] evaluation__6237__clean__shuffled__r3 bl=-1 gwad+=-1 t=4.1s
[DONE] evaluation__6237__clean__shuffled__r4 bl=-1 gwad+=-1 t=4.2s
[DONE] evaluation__6237__clean__shuffled__r5 bl=-1 gwad+=-1 t=4.2s
[DONE] evaluation__6237__clean__shuffled__r6 bl=-1 gwad+=-1 t=4.3s
[DONE] evaluation__6237__clean__shuffled__r7 bl=-1 gwad+=-1 t=4.3s
[DONE] evaluation__6237__clean__shuffled__r8 bl=-1 gwad+=-1 t=4.2s
[DONE] evaluation__6237__clean__shuffled__r9 bl=-1 gwad+=-1 t=4.1s
[DONE] evaluation__6237__clean__noise__r0 bl=-1 gwad+=259 t=4.2s
[DONE] evaluation__6237__clean__sweep__r0 bl=226 gwad+=259 t=3.8s
[DONE] evaluation__8739__clean__shuffled__r0 bl=-1 gwad+=-1 t=4.3s
[DONE] evaluation__8739__clean__shuffled__r1 bl=-1 gwad+=-1 t=4.2s
[DONE] evaluation__8739__clean__shuffled__r2 bl=-1 gwad+=-1 t=3.9s
[DONE] evaluation__8739__clean__shuffled__r3 bl=-1 gwad+=-1 t=4.1s
[DONE] evaluation__8739__clean__shuffled__r4 bl=-1 gwad+=-1 t=4.1s
[DONE] evaluation__8739__clean__shuffled__r5 bl=-1 gwad+=-1 t=4.2s
[DONE] evaluation__8739__clean__shuffled__r6 bl=-1 gwad+=-1 t=4.3s
[DONE] evaluation__8739__clean__shuffled__r7 bl=-1 gwad+=-1 t=4.1s
[DONE] evaluation__8739__clean__shuffled__r8 bl=1014 gwad+=-1 t=4.2s
[DONE] evaluation__8739__clean__shuffled__r9 bl=-1 gwad+=-1 t=4.0s
[DONE] evaluation__8739__clean__noise__r0 bl=-1 gwad+=259 t=4.2s
[DONE] evaluation__8739__clean__sweep__r0 bl=95 gwad+=259 t=3.7s
[DONE] evaluation__3671__clean__shuffled__r0 bl=-1 gwad+=-1 t=4.2s
[DONE] evaluation__3671__clean__shuffled__r1 bl=-1 gwad+=-1 t=4.2s
[DONE] evaluation__3671__clean__shuffled__r2 bl=-1 gwad+=-1 t=4.2s
[DONE] evaluation__3671__clean__shuffled__r3 bl=-1 gwad+=-1 t=4.3s
[DONE] evaluation__3671__clean__shuffled__r4 bl=-1 gwad+=-1 t=4.3s
[DONE] evaluation__3671__clean__shuffled__r5 bl=-1 gwad+=-1 t=4.2s
[DONE] evaluation__3671__clean__shuffled__r6 bl=-1 gwad+=-1 t=4.2s
[DONE] evaluation__3671__clean__shuffled__r7 bl=-1 gwad+=-1 t=4.3s
[DONE] evaluation__3671__clean__shuffled__r8 bl=-1 gwad+=-1 t=4.2s
[DONE] evaluation__3671__clean__shuffled__r9 bl=-1 gwad+=-1 t=4.2s
[DONE] evaluation__3671__clean__noise__r0 bl=-1 gwad+=262 t=4.4s
[DONE] evaluation__3671__clean__sweep__r0 bl=322 gwad+=259 t=3.6s
[DONE] evaluation__4173__clean__shuffled__r0 bl=-1 gwad+=-1 t=4.3s
[DONE] evaluation__4173__clean__shuffled__r1 bl=-1 gwad+=-1 t=4.1s
[DONE] evaluation__4173__clean__shuffled__r2 bl=-1 gwad+=-1 t=4.3s
[DONE] evaluation__4173__clean__shuffled__r3 bl=-1 gwad+=-1 t=4.2s
[DONE] evaluation__4173__clean__shuffled__r4 bl=-1 gwad+=-1 t=4.2s
[DONE] evaluation__4173__clean__shuffled__r5 bl=-1 gwad+=-1 t=4.2s
[DONE] evaluation__4173__clean__shuffled__r6 bl=704 gwad+=-1 t=4.2s
[DONE] evaluation__4173__clean__shuffled__r7 bl=-1 gwad+=-1 t=4.3s
[DONE] evaluation__4173__clean__shuffled__r8 bl=-1 gwad+=-1 t=4.2s
[DONE] evaluation__4173__clean__shuffled__r9 bl=-1 gwad+=-1 t=4.3s
[DONE] evaluation__4173__clean__noise__r0 bl=-1 gwad+=259 t=4.3s
[DONE] evaluation__4173__clean__sweep__r0 bl=32 gwad+=259 t=3.6s
[DONE] evaluation__8500__clean__shuffled__r0 bl=-1 gwad+=-1 t=4.1s
[DONE] evaluation__8500__clean__shuffled__r1 bl=-1 gwad+=-1 t=4.2s
[DONE] evaluation__8500__clean__shuffled__r2 bl=-1 gwad+=-1 t=4.3s
[DONE] evaluation__8500__clean__shuffled__r3 bl=-1 gwad+=-1 t=4.3s
[DONE] evaluation__8500__clean__shuffled__r4 bl=-1 gwad+=-1 t=4.2s
[DONE] evaluation__8500__clean__shuffled__r5 bl=-1 gwad+=-1 t=4.3s
[DONE] evaluation__8500__clean__shuffled__r6 bl=-1 gwad+=-1 t=4.0s
[DONE] evaluation__8500__clean__shuffled__r7 bl=-1 gwad+=-1 t=4.2s
[DONE] evaluation__8500__clean__shuffled__r8 bl=-1 gwad+=-1 t=4.1s
[DONE] evaluation__8500__clean__shuffled__r9 bl=-1 gwad+=-1 t=3.9s
[DONE] evaluation__8500__clean__noise__r0 bl=-1 gwad+=259 t=4.3s
[DONE] evaluation__8500__clean__sweep__r0 bl=113 gwad+=259 t=3.8s
[DONE] evaluation__1745__clean__shuffled__r0 bl=-1 gwad+=-1 t=4.3s
[DONE] evaluation__1745__clean__shuffled__r1 bl=-1 gwad+=-1 t=4.3s
[DONE] evaluation__1745__clean__shuffled__r2 bl=-1 gwad+=-1 t=4.3s
[DONE] evaluation__1745__clean__shuffled__r3 bl=-1 gwad+=-1 t=4.2s
[DONE] evaluation__1745__clean__shuffled__r4 bl=-1 gwad+=-1 t=4.3s
[DONE] evaluation__1745__clean__shuffled__r5 bl=-1 gwad+=-1 t=4.2s
[DONE] evaluation__1745__clean__shuffled__r6 bl=-1 gwad+=-1 t=4.2s
[DONE] evaluation__1745__clean__shuffled__r7 bl=-1 gwad+=-1 t=4.2s
[DONE] evaluation__1745__clean__shuffled__r8 bl=-1 gwad+=-1 t=4.1s
[DONE] evaluation__1745__clean__shuffled__r9 bl=-1 gwad+=-1 t=4.1s
[DONE] evaluation__1745__clean__noise__r0 bl=-1 gwad+=259 t=4.3s
[DONE] evaluation__1745__clean__sweep__r0 bl=609 gwad+=259 t=3.6s
[DONE] evaluation__4860__clean__shuffled__r0 bl=-1 gwad+=-1 t=4.3s
[DONE] evaluation__4860__clean__shuffled__r1 bl=-1 gwad+=-1 t=3.9s
[DONE] evaluation__4860__clean__shuffled__r2 bl=-1 gwad+=-1 t=4.1s
[DONE] evaluation__4860__clean__shuffled__r3 bl=-1 gwad+=-1 t=4.4s
[DONE] evaluation__4860__clean__shuffled__r4 bl=-1 gwad+=-1 t=4.1s
[DONE] evaluation__4860__clean__shuffled__r5 bl=-1 gwad+=-1 t=4.3s
[DONE] evaluation__4860__clean__shuffled__r6 bl=-1 gwad+=-1 t=4.2s
[DONE] evaluation__4860__clean__shuffled__r7 bl=-1 gwad+=-1 t=4.2s
[DONE] evaluation__4860__clean__shuffled__r8 bl=-1 gwad+=-1 t=4.1s
[DONE] evaluation__4860__clean__shuffled__r9 bl=-1 gwad+=-1 t=4.2s
[DONE] evaluation__4860__clean__noise__r0 bl=-1 gwad+=259 t=4.4s
[DONE] evaluation__4860__clean__sweep__r0 bl=33 gwad+=259 t=3.5s
[DONE] evaluation__7720__clean__shuffled__r0 bl=-1 gwad+=-1 t=4.1s
[DONE] evaluation__7720__clean__shuffled__r1 bl=-1 gwad+=-1 t=4.0s
[DONE] evaluation__7720__clean__shuffled__r2 bl=-1 gwad+=-1 t=4.2s
[DONE] evaluation__7720__clean__shuffled__r3 bl=-1 gwad+=-1 t=4.4s
[DONE] evaluation__7720__clean__shuffled__r4 bl=-1 gwad+=-1 t=4.1s
[DONE] evaluation__7720__clean__shuffled__r5 bl=-1 gwad+=-1 t=4.1s
[DONE] evaluation__7720__clean__shuffled__r6 bl=-1 gwad+=-1 t=4.1s
[DONE] evaluation__7720__clean__shuffled__r7 bl=-1 gwad+=-1 t=4.1s
[DONE] evaluation__7720__clean__shuffled__r8 bl=-1 gwad+=-1 t=4.3s
[DONE] evaluation__7720__clean__shuffled__r9 bl=-1 gwad+=-1 t=4.1s
[DONE] evaluation__7720__clean__noise__r0 bl=-1 gwad+=285 t=4.2s
[DONE] evaluation__7720__clean__sweep__r0 bl=35 gwad+=259 t=3.4s
[DONE] evaluation__920__clean__shuffled__r0 bl=-1 gwad+=-1 t=4.3s
[DONE] evaluation__920__clean__shuffled__r1 bl=-1 gwad+=-1 t=4.2s
[DONE] evaluation__920__clean__shuffled__r2 bl=-1 gwad+=-1 t=4.3s
[DONE] evaluation__920__clean__shuffled__r3 bl=-1 gwad+=-1 t=4.2s
[DONE] evaluation__920__clean__shuffled__r4 bl=-1 gwad+=-1 t=4.2s
[DONE] evaluation__920__clean__shuffled__r5 bl=-1 gwad+=-1 t=4.0s
[DONE] evaluation__920__clean__shuffled__r6 bl=-1 gwad+=-1 t=4.1s
[DONE] evaluation__920__clean__shuffled__r7 bl=-1 gwad+=-1 t=4.3s
[DONE] evaluation__920__clean__shuffled__r8 bl=-1 gwad+=-1 t=4.3s
[DONE] evaluation__920__clean__shuffled__r9 bl=-1 gwad+=-1 t=4.3s
[DONE] evaluation__920__clean__noise__r0 bl=-1 gwad+=259 t=4.4s
[DONE] evaluation__920__clean__sweep__r0 bl=445 gwad+=259 t=3.7s
[DONE] evaluation__4127__clean__shuffled__r0 bl=-1 gwad+=-1 t=4.4s
[DONE] evaluation__4127__clean__shuffled__r1 bl=-1 gwad+=-1 t=4.2s
[DONE] evaluation__4127__clean__shuffled__r2 bl=-1 gwad+=-1 t=4.2s
[DONE] evaluation__4127__clean__shuffled__r3 bl=-1 gwad+=-1 t=4.0s
[DONE] evaluation__4127__clean__shuffled__r4 bl=-1 gwad+=-1 t=4.1s
[DONE] evaluation__4127__clean__shuffled__r5 bl=-1 gwad+=-1 t=4.4s
[DONE] evaluation__4127__clean__shuffled__r6 bl=-1 gwad+=-1 t=4.1s
[DONE] evaluation__4127__clean__shuffled__r7 bl=-1 gwad+=-1 t=4.1s
[DONE] evaluation__4127__clean__shuffled__r8 bl=-1 gwad+=-1 t=4.1s
[DONE] evaluation__4127__clean__shuffled__r9 bl=-1 gwad+=-1 t=4.3s
[DONE] evaluation__4127__clean__noise__r0 bl=-1 gwad+=259 t=4.4s
[DONE] evaluation__4127__clean__sweep__r0 bl=615 gwad+=259 t=4.0s
[DONE] evaluation__6192__clean__shuffled__r0 bl=-1 gwad+=-1 t=4.4s
[DONE] evaluation__6192__clean__shuffled__r1 bl=-1 gwad+=-1 t=4.2s
[DONE] evaluation__6192__clean__shuffled__r2 bl=-1 gwad+=-1 t=4.1s
[DONE] evaluation__6192__clean__shuffled__r3 bl=-1 gwad+=-1 t=4.2s
[DONE] evaluation__6192__clean__shuffled__r4 bl=-1 gwad+=-1 t=4.2s
[DONE] evaluation__6192__clean__shuffled__r5 bl=-1 gwad+=-1 t=4.1s
[DONE] evaluation__6192__clean__shuffled__r6 bl=-1 gwad+=-1 t=4.1s
[DONE] evaluation__6192__clean__shuffled__r7 bl=-1 gwad+=-1 t=4.2s
[DONE] evaluation__6192__clean__shuffled__r8 bl=-1 gwad+=-1 t=4.1s
[DONE] evaluation__6192__clean__shuffled__r9 bl=-1 gwad+=-1 t=4.1s
[DONE] evaluation__6192__clean__noise__r0 bl=-1 gwad+=259 t=4.4s
[DONE] evaluation__6192__clean__sweep__r0 bl=632 gwad+=259 t=3.8s
[DONE] evaluation__8534__clean__shuffled__r0 bl=-1 gwad+=-1 t=4.2s
[DONE] evaluation__8534__clean__shuffled__r1 bl=-1 gwad+=-1 t=4.0s
[DONE] evaluation__8534__clean__shuffled__r2 bl=-1 gwad+=-1 t=4.4s
[DONE] evaluation__8534__clean__shuffled__r3 bl=-1 gwad+=-1 t=4.3s
[DONE] evaluation__8534__clean__shuffled__r4 bl=-1 gwad+=-1 t=4.2s
[DONE] evaluation__8534__clean__shuffled__r5 bl=-1 gwad+=-1 t=4.2s
[DONE] evaluation__8534__clean__shuffled__r6 bl=-1 gwad+=-1 t=4.1s
[DONE] evaluation__8534__clean__shuffled__r7 bl=-1 gwad+=-1 t=4.2s
[DONE] evaluation__8534__clean__shuffled__r8 bl=-1 gwad+=-1 t=4.0s
[DONE] evaluation__8534__clean__shuffled__r9 bl=-1 gwad+=-1 t=4.2s
[DONE] evaluation__8534__clean__noise__r0 bl=-1 gwad+=292 t=4.4s
[DONE] evaluation__8534__clean__sweep__r0 bl=545 gwad+=259 t=4.1s
[DONE] evaluation__3437__clean__shuffled__r0 bl=-1 gwad+=-1 t=4.1s
[DONE] evaluation__3437__clean__shuffled__r1 bl=-1 gwad+=-1 t=4.1s
[DONE] evaluation__3437__clean__shuffled__r2 bl=-1 gwad+=-1 t=4.2s
[DONE] evaluation__3437__clean__shuffled__r3 bl=-1 gwad+=-1 t=4.3s
[DONE] evaluation__3437__clean__shuffled__r4 bl=-1 gwad+=-1 t=4.5s
[DONE] evaluation__3437__clean__shuffled__r5 bl=-1 gwad+=-1 t=4.5s
[DONE] evaluation__3437__clean__shuffled__r6 bl=-1 gwad+=-1 t=4.2s
[DONE] evaluation__3437__clean__shuffled__r7 bl=-1 gwad+=-1 t=4.3s
[DONE] evaluation__3437__clean__shuffled__r8 bl=938 gwad+=-1 t=4.0s
[DONE] evaluation__3437__clean__shuffled__r9 bl=-1 gwad+=-1 t=4.3s
[DONE] evaluation__3437__clean__noise__r0 bl=-1 gwad+=259 t=4.5s
[DONE] evaluation__3437__clean__sweep__r0 bl=609 gwad+=259 t=3.7s
[DONE] evaluation__5246__clean__shuffled__r0 bl=-1 gwad+=-1 t=4.2s
[DONE] evaluation__5246__clean__shuffled__r1 bl=-1 gwad+=-1 t=4.1s
[DONE] evaluation__5246__clean__shuffled__r2 bl=-1 gwad+=-1 t=4.4s
[DONE] evaluation__5246__clean__shuffled__r3 bl=-1 gwad+=-1 t=4.3s
[DONE] evaluation__5246__clean__shuffled__r4 bl=-1 gwad+=-1 t=4.2s
[DONE] evaluation__5246__clean__shuffled__r5 bl=-1 gwad+=-1 t=4.3s
[DONE] evaluation__5246__clean__shuffled__r6 bl=-1 gwad+=-1 t=4.3s
[DONE] evaluation__5246__clean__shuffled__r7 bl=-1 gwad+=-1 t=4.1s
[DONE] evaluation__5246__clean__shuffled__r8 bl=-1 gwad+=-1 t=4.1s
[DONE] evaluation__5246__clean__shuffled__r9 bl=-1 gwad+=-1 t=4.3s
[DONE] evaluation__5246__clean__noise__r0 bl=-1 gwad+=259 t=4.4s
[DONE] evaluation__5246__clean__sweep__r0 bl=390 gwad+=259 t=3.9s
[DONE] evaluation__7762__clean__shuffled__r0 bl=-1 gwad+=-1 t=4.2s
[DONE] evaluation__7762__clean__shuffled__r1 bl=-1 gwad+=-1 t=4.4s
[DONE] evaluation__7762__clean__shuffled__r2 bl=-1 gwad+=-1 t=4.3s
[DONE] evaluation__7762__clean__shuffled__r3 bl=-1 gwad+=-1 t=4.1s
[DONE] evaluation__7762__clean__shuffled__r4 bl=-1 gwad+=-1 t=4.4s
[DONE] evaluation__7762__clean__shuffled__r5 bl=-1 gwad+=-1 t=4.0s
[DONE] evaluation__7762__clean__shuffled__r6 bl=-1 gwad+=-1 t=4.3s
[DONE] evaluation__7762__clean__shuffled__r7 bl=-1 gwad+=-1 t=4.1s
[DONE] evaluation__7762__clean__shuffled__r8 bl=-1 gwad+=-1 t=4.2s
[DONE] evaluation__7762__clean__shuffled__r9 bl=-1 gwad+=-1 t=4.3s
[DONE] evaluation__7762__clean__noise__r0 bl=-1 gwad+=259 t=4.7s
[DONE] evaluation__7762__clean__sweep__r0 bl=609 gwad+=259 t=4.0s
[DONE] evaluation__1011__clean__shuffled__r0 bl=-1 gwad+=-1 t=4.4s
[DONE] evaluation__1011__clean__shuffled__r1 bl=-1 gwad+=-1 t=4.5s
[DONE] evaluation__1011__clean__shuffled__r2 bl=-1 gwad+=-1 t=4.2s
[DONE] evaluation__1011__clean__shuffled__r3 bl=-1 gwad+=-1 t=4.4s
[DONE] evaluation__1011__clean__shuffled__r4 bl=-1 gwad+=-1 t=4.2s
[DONE] evaluation__1011__clean__shuffled__r5 bl=-1 gwad+=-1 t=4.3s
[DONE] evaluation__1011__clean__shuffled__r6 bl=-1 gwad+=-1 t=4.3s
[DONE] evaluation__1011__clean__shuffled__r7 bl=-1 gwad+=-1 t=4.2s
[DONE] evaluation__1011__clean__shuffled__r8 bl=-1 gwad+=-1 t=4.3s
[DONE] evaluation__1011__clean__shuffled__r9 bl=-1 gwad+=-1 t=4.4s
[DONE] evaluation__1011__clean__noise__r0 bl=-1 gwad+=642 t=4.5s
[DONE] evaluation__1011__clean__sweep__r0 bl=42 gwad+=259 t=3.7s
[DONE] evaluation__3270__clean__shuffled__r0 bl=-1 gwad+=-1 t=4.5s
[DONE] evaluation__3270__clean__shuffled__r1 bl=-1 gwad+=-1 t=4.5s
[DONE] evaluation__3270__clean__shuffled__r2 bl=-1 gwad+=-1 t=4.3s
[DONE] evaluation__3270__clean__shuffled__r3 bl=-1 gwad+=-1 t=4.2s
[DONE] evaluation__3270__clean__shuffled__r4 bl=-1 gwad+=-1 t=4.5s
[DONE] evaluation__3270__clean__shuffled__r5 bl=-1 gwad+=-1 t=4.4s
[DONE] evaluation__3270__clean__shuffled__r6 bl=-1 gwad+=-1 t=4.5s
[DONE] evaluation__3270__clean__shuffled__r7 bl=-1 gwad+=-1 t=4.5s
[DONE] evaluation__3270__clean__shuffled__r8 bl=-1 gwad+=-1 t=4.0s
[DONE] evaluation__3270__clean__shuffled__r9 bl=-1 gwad+=-1 t=4.2s
[DONE] evaluation__3270__clean__noise__r0 bl=-1 gwad+=317 t=4.3s
[DONE] evaluation__3270__clean__sweep__r0 bl=63 gwad+=259 t=3.6s
[DONE] evaluation__5383__clean__shuffled__r0 bl=-1 gwad+=-1 t=4.4s
[DONE] evaluation__5383__clean__shuffled__r1 bl=-1 gwad+=-1 t=4.6s
[DONE] evaluation__5383__clean__shuffled__r2 bl=-1 gwad+=-1 t=4.5s
[DONE] evaluation__5383__clean__shuffled__r3 bl=-1 gwad+=-1 t=4.7s
[DONE] evaluation__5383__clean__shuffled__r4 bl=-1 gwad+=-1 t=4.3s
[DONE] evaluation__5383__clean__shuffled__r5 bl=-1 gwad+=-1 t=4.7s
[DONE] evaluation__5383__clean__shuffled__r6 bl=-1 gwad+=-1 t=4.5s
[DONE] evaluation__5383__clean__shuffled__r7 bl=-1 gwad+=-1 t=4.3s
[DONE] evaluation__5383__clean__shuffled__r8 bl=-1 gwad+=-1 t=3.9s
[DONE] evaluation__5383__clean__shuffled__r9 bl=-1 gwad+=-1 t=4.2s
[DONE] evaluation__5383__clean__noise__r0 bl=-1 gwad+=259 t=4.4s
[DONE] evaluation__5383__clean__sweep__r0 bl=287 gwad+=259 t=4.0s
[DONE] evaluation__425__clean__shuffled__r0 bl=-1 gwad+=-1 t=4.3s
[DONE] evaluation__425__clean__shuffled__r1 bl=-1 gwad+=-1 t=4.1s
[DONE] evaluation__425__clean__shuffled__r2 bl=-1 gwad+=-1 t=4.5s
[DONE] evaluation__425__clean__shuffled__r3 bl=-1 gwad+=-1 t=4.4s
[DONE] evaluation__425__clean__shuffled__r4 bl=-1 gwad+=-1 t=4.4s
[DONE] evaluation__425__clean__shuffled__r5 bl=-1 gwad+=-1 t=4.3s
[DONE] evaluation__425__clean__shuffled__r6 bl=-1 gwad+=-1 t=4.3s
[DONE] evaluation__425__clean__shuffled__r7 bl=-1 gwad+=-1 t=4.0s
[DONE] evaluation__425__clean__shuffled__r8 bl=-1 gwad+=-1 t=4.3s
[DONE] evaluation__425__clean__shuffled__r9 bl=-1 gwad+=-1 t=4.1s
[DONE] evaluation__425__clean__noise__r0 bl=-1 gwad+=259 t=4.4s
[DONE] evaluation__425__clean__sweep__r0 bl=64 gwad+=259 t=3.6s
[DONE] evaluation__5315__clean__shuffled__r0 bl=-1 gwad+=-1 t=4.2s
[DONE] evaluation__5315__clean__shuffled__r1 bl=-1 gwad+=-1 t=4.3s
[DONE] evaluation__5315__clean__shuffled__r2 bl=-1 gwad+=-1 t=4.2s
[DONE] evaluation__5315__clean__shuffled__r3 bl=-1 gwad+=-1 t=4.1s
[DONE] evaluation__5315__clean__shuffled__r4 bl=-1 gwad+=-1 t=4.2s
[DONE] evaluation__5315__clean__shuffled__r5 bl=-1 gwad+=-1 t=4.0s
[DONE] evaluation__5315__clean__shuffled__r6 bl=-1 gwad+=-1 t=4.0s
[DONE] evaluation__5315__clean__shuffled__r7 bl=-1 gwad+=-1 t=4.0s
[DONE] evaluation__5315__clean__shuffled__r8 bl=-1 gwad+=-1 t=4.3s
[DONE] evaluation__5315__clean__shuffled__r9 bl=-1 gwad+=-1 t=4.5s
[DONE] evaluation__5315__clean__noise__r0 bl=-1 gwad+=259 t=4.4s
[DONE] evaluation__5315__clean__sweep__r0 bl=28 gwad+=259 t=3.5s
[DONE] evaluation__7642__clean__shuffled__r0 bl=921 gwad+=-1 t=3.9s
[DONE] evaluation__7642__clean__shuffled__r1 bl=-1 gwad+=-1 t=4.2s
[DONE] evaluation__7642__clean__shuffled__r2 bl=-1 gwad+=-1 t=4.3s
[DONE] evaluation__7642__clean__shuffled__r3 bl=-1 gwad+=-1 t=4.2s
[DONE] evaluation__7642__clean__shuffled__r4 bl=-1 gwad+=-1 t=4.2s
[DONE] evaluation__7642__clean__shuffled__r5 bl=-1 gwad+=-1 t=4.1s
[DONE] evaluation__7642__clean__shuffled__r6 bl=-1 gwad+=-1 t=4.1s
[DONE] evaluation__7642__clean__shuffled__r7 bl=-1 gwad+=-1 t=4.2s
[DONE] evaluation__7642__clean__shuffled__r8 bl=-1 gwad+=-1 t=4.1s
[DONE] evaluation__7642__clean__shuffled__r9 bl=-1 gwad+=-1 t=4.2s
[DONE] evaluation__7642__clean__noise__r0 bl=-1 gwad+=259 t=4.2s
[DONE] evaluation__7642__clean__sweep__r0 bl=443 gwad+=259 t=3.7s
[DONE] evaluation__9247__clean__shuffled__r0 bl=-1 gwad+=-1 t=4.3s
[DONE] evaluation__9247__clean__shuffled__r1 bl=-1 gwad+=-1 t=4.0s
[DONE] evaluation__9247__clean__shuffled__r2 bl=-1 gwad+=-1 t=4.1s
[DONE] evaluation__9247__clean__shuffled__r3 bl=-1 gwad+=-1 t=4.3s
[DONE] evaluation__9247__clean__shuffled__r4 bl=-1 gwad+=-1 t=4.1s
[DONE] evaluation__9247__clean__shuffled__r5 bl=-1 gwad+=-1 t=4.2s
[DONE] evaluation__9247__clean__shuffled__r6 bl=-1 gwad+=-1 t=4.0s
[DONE] evaluation__9247__clean__shuffled__r7 bl=-1 gwad+=-1 t=4.2s
[DONE] evaluation__9247__clean__shuffled__r8 bl=-1 gwad+=-1 t=4.0s
[DONE] evaluation__9247__clean__shuffled__r9 bl=-1 gwad+=-1 t=4.2s
[DONE] evaluation__9247__clean__noise__r0 bl=-1 gwad+=259 t=4.4s
[DONE] evaluation__9247__clean__sweep__r0 bl=197 gwad+=259 t=3.4s
[DONE] fit__4123__clean__shuffled__r0 bl=-1 gwad+=-1 t=4.3s
[DONE] fit__4123__clean__shuffled__r1 bl=-1 gwad+=-1 t=4.4s
[DONE] fit__4123__clean__shuffled__r2 bl=-1 gwad+=-1 t=4.3s
[DONE] fit__4123__clean__shuffled__r3 bl=-1 gwad+=-1 t=4.2s
[DONE] fit__4123__clean__shuffled__r4 bl=-1 gwad+=-1 t=4.0s
[DONE] fit__4123__clean__shuffled__r5 bl=-1 gwad+=-1 t=3.9s
[DONE] fit__4123__clean__shuffled__r6 bl=-1 gwad+=-1 t=4.2s
[DONE] fit__4123__clean__shuffled__r7 bl=-1 gwad+=-1 t=4.3s
[DONE] fit__4123__clean__shuffled__r8 bl=-1 gwad+=-1 t=4.3s
[DONE] fit__4123__clean__shuffled__r9 bl=-1 gwad+=-1 t=4.0s
[DONE] fit__4123__clean__noise__r0 bl=-1 gwad+=259 t=4.3s
[DONE] fit__4123__clean__sweep__r0 bl=28 gwad+=259 t=3.5s
[DONE] fit__1187__clean__shuffled__r0 bl=-1 gwad+=-1 t=4.0s
[DONE] fit__1187__clean__shuffled__r1 bl=-1 gwad+=-1 t=4.3s
[DONE] fit__1187__clean__shuffled__r2 bl=-1 gwad+=-1 t=4.0s
[DONE] fit__1187__clean__shuffled__r3 bl=-1 gwad+=-1 t=4.2s
[DONE] fit__1187__clean__shuffled__r4 bl=-1 gwad+=-1 t=4.1s
[DONE] fit__1187__clean__shuffled__r5 bl=-1 gwad+=-1 t=4.3s
[DONE] fit__1187__clean__shuffled__r6 bl=-1 gwad+=-1 t=4.4s
[DONE] fit__1187__clean__shuffled__r7 bl=-1 gwad+=-1 t=4.4s
[DONE] fit__1187__clean__shuffled__r8 bl=-1 gwad+=-1 t=4.4s
[DONE] fit__1187__clean__shuffled__r9 bl=-1 gwad+=-1 t=4.0s
[DONE] fit__1187__clean__noise__r0 bl=-1 gwad+=259 t=4.3s
[DONE] fit__1187__clean__sweep__r0 bl=609 gwad+=259 t=3.9s
[DONE] fit__7166__clean__shuffled__r0 bl=-1 gwad+=-1 t=4.2s
[DONE] fit__7166__clean__shuffled__r1 bl=-1 gwad+=-1 t=4.2s
[DONE] fit__7166__clean__shuffled__r2 bl=-1 gwad+=-1 t=4.1s
[DONE] fit__7166__clean__shuffled__r3 bl=-1 gwad+=-1 t=4.2s
[DONE] fit__7166__clean__shuffled__r4 bl=-1 gwad+=-1 t=4.2s
[DONE] fit__7166__clean__shuffled__r5 bl=-1 gwad+=-1 t=4.2s
[DONE] fit__7166__clean__shuffled__r6 bl=-1 gwad+=-1 t=4.3s
[DONE] fit__7166__clean__shuffled__r7 bl=-1 gwad+=-1 t=3.9s
[DONE] fit__7166__clean__shuffled__r8 bl=-1 gwad+=-1 t=4.1s
[DONE] fit__7166__clean__shuffled__r9 bl=-1 gwad+=-1 t=4.2s
[DONE] fit__7166__clean__noise__r0 bl=-1 gwad+=259 t=4.5s
[DONE] fit__7166__clean__sweep__r0 bl=350 gwad+=259 t=3.8s
[DONE] fit__2695__clean__shuffled__r0 bl=-1 gwad+=-1 t=4.0s
[DONE] fit__2695__clean__shuffled__r1 bl=-1 gwad+=-1 t=4.0s
[DONE] fit__2695__clean__shuffled__r2 bl=-1 gwad+=-1 t=4.1s
[DONE] fit__2695__clean__shuffled__r3 bl=-1 gwad+=-1 t=4.2s
[DONE] fit__2695__clean__shuffled__r4 bl=-1 gwad+=-1 t=4.0s
[DONE] fit__2695__clean__shuffled__r5 bl=-1 gwad+=-1 t=4.3s
[DONE] fit__2695__clean__shuffled__r6 bl=-1 gwad+=-1 t=4.1s
[DONE] fit__2695__clean__shuffled__r7 bl=-1 gwad+=-1 t=4.3s
[DONE] fit__2695__clean__shuffled__r8 bl=-1 gwad+=-1 t=4.2s
[DONE] fit__2695__clean__shuffled__r9 bl=-1 gwad+=-1 t=4.2s
[DONE] fit__2695__clean__noise__r0 bl=-1 gwad+=259 t=4.5s
[DONE] fit__2695__clean__sweep__r0 bl=446 gwad+=259 t=3.8s
[DONE] fit__9171__clean__shuffled__r0 bl=-1 gwad+=-1 t=4.1s
[DONE] fit__9171__clean__shuffled__r1 bl=-1 gwad+=-1 t=4.1s
[DONE] fit__9171__clean__shuffled__r2 bl=-1 gwad+=-1 t=4.3s
[DONE] fit__9171__clean__shuffled__r3 bl=-1 gwad+=-1 t=4.0s
[DONE] fit__9171__clean__shuffled__r4 bl=-1 gwad+=-1 t=4.1s
[DONE] fit__9171__clean__shuffled__r5 bl=-1 gwad+=-1 t=4.2s
[DONE] fit__9171__clean__shuffled__r6 bl=-1 gwad+=-1 t=4.1s
[DONE] fit__9171__clean__shuffled__r7 bl=-1 gwad+=-1 t=4.1s
[DONE] fit__9171__clean__shuffled__r8 bl=-1 gwad+=-1 t=4.0s
[DONE] fit__9171__clean__shuffled__r9 bl=-1 gwad+=-1 t=4.0s
[DONE] fit__9171__clean__noise__r0 bl=-1 gwad+=266 t=4.3s
[DONE] fit__9171__clean__sweep__r0 bl=33 gwad+=259 t=3.5s
[DONE] fit__3628__clean__shuffled__r0 bl=-1 gwad+=-1 t=4.0s
[DONE] fit__3628__clean__shuffled__r1 bl=-1 gwad+=-1 t=4.1s
[DONE] fit__3628__clean__shuffled__r2 bl=-1 gwad+=-1 t=4.1s
[DONE] fit__3628__clean__shuffled__r3 bl=-1 gwad+=-1 t=4.0s
[DONE] fit__3628__clean__shuffled__r4 bl=-1 gwad+=-1 t=4.2s
[DONE] fit__3628__clean__shuffled__r5 bl=-1 gwad+=-1 t=4.3s
[DONE] fit__3628__clean__shuffled__r6 bl=-1 gwad+=-1 t=3.9s
[DONE] fit__3628__clean__shuffled__r7 bl=-1 gwad+=-1 t=4.1s
[DONE] fit__3628__clean__shuffled__r8 bl=-1 gwad+=-1 t=4.0s
[DONE] fit__3628__clean__shuffled__r9 bl=-1 gwad+=-1 t=4.1s
[DONE] fit__3628__clean__noise__r0 bl=-1 gwad+=259 t=4.3s
[DONE] fit__3628__clean__sweep__r0 bl=35 gwad+=259 t=3.5s
[DONE] fit__1526__clean__shuffled__r0 bl=-1 gwad+=-1 t=4.2s
[DONE] fit__1526__clean__shuffled__r1 bl=-1 gwad+=-1 t=4.0s
[DONE] fit__1526__clean__shuffled__r2 bl=813 gwad+=-1 t=4.2s
[DONE] fit__1526__clean__shuffled__r3 bl=-1 gwad+=-1 t=4.1s
[DONE] fit__1526__clean__shuffled__r4 bl=-1 gwad+=-1 t=4.2s
[DONE] fit__1526__clean__shuffled__r5 bl=-1 gwad+=-1 t=4.2s
[DONE] fit__1526__clean__shuffled__r6 bl=-1 gwad+=-1 t=4.2s
[DONE] fit__1526__clean__shuffled__r7 bl=-1 gwad+=-1 t=4.1s
[DONE] fit__1526__clean__shuffled__r8 bl=-1 gwad+=-1 t=4.1s
[DONE] fit__1526__clean__shuffled__r9 bl=-1 gwad+=-1 t=4.3s
[DONE] fit__1526__clean__noise__r0 bl=-1 gwad+=259 t=4.2s
[DONE] fit__1526__clean__sweep__r0 bl=161 gwad+=259 t=3.7s
[DONE] fit__3507__clean__shuffled__r0 bl=-1 gwad+=-1 t=4.2s
[DONE] fit__3507__clean__shuffled__r1 bl=-1 gwad+=-1 t=4.2s
[DONE] fit__3507__clean__shuffled__r2 bl=-1 gwad+=-1 t=4.3s
[DONE] fit__3507__clean__shuffled__r3 bl=-1 gwad+=-1 t=4.4s
[DONE] fit__3507__clean__shuffled__r4 bl=-1 gwad+=-1 t=4.4s
[DONE] fit__3507__clean__shuffled__r5 bl=-1 gwad+=-1 t=4.2s
[DONE] fit__3507__clean__shuffled__r6 bl=-1 gwad+=-1 t=4.1s
[DONE] fit__3507__clean__shuffled__r7 bl=-1 gwad+=-1 t=4.1s
[DONE] fit__3507__clean__shuffled__r8 bl=-1 gwad+=-1 t=4.3s
[DONE] fit__3507__clean__shuffled__r9 bl=-1 gwad+=-1 t=4.2s
[DONE] fit__3507__clean__noise__r0 bl=-1 gwad+=259 t=4.4s
[DONE] fit__3507__clean__sweep__r0 bl=609 gwad+=259 t=3.9s
[DONE] fit__4259__clean__shuffled__r0 bl=-1 gwad+=-1 t=4.1s
[DONE] fit__4259__clean__shuffled__r1 bl=-1 gwad+=-1 t=4.0s
[DONE] fit__4259__clean__shuffled__r2 bl=-1 gwad+=-1 t=4.1s
[DONE] fit__4259__clean__shuffled__r3 bl=-1 gwad+=-1 t=4.1s
[DONE] fit__4259__clean__shuffled__r4 bl=-1 gwad+=-1 t=4.1s
[DONE] fit__4259__clean__shuffled__r5 bl=-1 gwad+=-1 t=4.2s
[DONE] fit__4259__clean__shuffled__r6 bl=-1 gwad+=-1 t=4.1s
[DONE] fit__4259__clean__shuffled__r7 bl=-1 gwad+=-1 t=4.2s
[DONE] fit__4259__clean__shuffled__r8 bl=-1 gwad+=-1 t=4.2s
[DONE] fit__4259__clean__shuffled__r9 bl=-1 gwad+=-1 t=3.9s
[DONE] fit__4259__clean__noise__r0 bl=-1 gwad+=259 t=4.4s
[DONE] fit__4259__clean__sweep__r0 bl=323 gwad+=259 t=3.6s
[DONE] fit__9146__clean__shuffled__r0 bl=-1 gwad+=-1 t=4.0s
[DONE] fit__9146__clean__shuffled__r1 bl=-1 gwad+=-1 t=4.1s
[DONE] fit__9146__clean__shuffled__r2 bl=-1 gwad+=-1 t=4.2s
[DONE] fit__9146__clean__shuffled__r3 bl=-1 gwad+=-1 t=4.1s
[DONE] fit__9146__clean__shuffled__r4 bl=-1 gwad+=-1 t=4.2s
[DONE] fit__9146__clean__shuffled__r5 bl=-1 gwad+=-1 t=4.2s
[DONE] fit__9146__clean__shuffled__r6 bl=-1 gwad+=-1 t=4.2s
[DONE] fit__9146__clean__shuffled__r7 bl=-1 gwad+=-1 t=4.2s
[DONE] fit__9146__clean__shuffled__r8 bl=-1 gwad+=-1 t=4.0s
[DONE] fit__9146__clean__shuffled__r9 bl=-1 gwad+=-1 t=4.3s
[DONE] fit__9146__clean__noise__r0 bl=-1 gwad+=259 t=4.5s
[DONE] fit__9146__clean__sweep__r0 bl=101 gwad+=259 t=3.7s
[DONE] fit__4668__clean__shuffled__r0 bl=-1 gwad+=-1 t=4.2s
[DONE] fit__4668__clean__shuffled__r1 bl=-1 gwad+=-1 t=4.4s
[DONE] fit__4668__clean__shuffled__r2 bl=-1 gwad+=-1 t=3.9s
[DONE] fit__4668__clean__shuffled__r3 bl=-1 gwad+=-1 t=3.7s
[DONE] fit__4668__clean__shuffled__r4 bl=-1 gwad+=-1 t=4.3s
[DONE] fit__4668__clean__shuffled__r5 bl=-1 gwad+=-1 t=4.2s
[DONE] fit__4668__clean__shuffled__r6 bl=-1 gwad+=-1 t=4.0s
[DONE] fit__4668__clean__shuffled__r7 bl=-1 gwad+=-1 t=4.3s
[DONE] fit__4668__clean__shuffled__r8 bl=-1 gwad+=-1 t=4.2s
[DONE] fit__4668__clean__shuffled__r9 bl=-1 gwad+=-1 t=4.1s
[DONE] fit__4668__clean__noise__r0 bl=-1 gwad+=259 t=4.3s
[DONE] fit__4668__clean__sweep__r0 bl=610 gwad+=259 t=3.8s
[DONE] fit__743__clean__shuffled__r0 bl=-1 gwad+=-1 t=4.1s
[DONE] fit__743__clean__shuffled__r1 bl=-1 gwad+=-1 t=3.9s
[DONE] fit__743__clean__shuffled__r2 bl=728 gwad+=-1 t=4.3s
[DONE] fit__743__clean__shuffled__r3 bl=-1 gwad+=-1 t=4.2s
[DONE] fit__743__clean__shuffled__r4 bl=-1 gwad+=-1 t=4.2s
[DONE] fit__743__clean__shuffled__r5 bl=-1 gwad+=-1 t=4.0s
[DONE] fit__743__clean__shuffled__r6 bl=-1 gwad+=-1 t=4.0s
[DONE] fit__743__clean__shuffled__r7 bl=-1 gwad+=-1 t=4.1s
[DONE] fit__743__clean__shuffled__r8 bl=-1 gwad+=-1 t=4.1s
[DONE] fit__743__clean__shuffled__r9 bl=-1 gwad+=-1 t=4.3s
[DONE] fit__743__clean__noise__r0 bl=-1 gwad+=259 t=4.4s
[DONE] fit__743__clean__sweep__r0 bl=321 gwad+=259 t=3.6s
[DONE] fit__5929__clean__shuffled__r0 bl=-1 gwad+=-1 t=4.2s
[DONE] fit__5929__clean__shuffled__r1 bl=-1 gwad+=-1 t=4.1s
[DONE] fit__5929__clean__shuffled__r2 bl=-1 gwad+=-1 t=4.2s
[DONE] fit__5929__clean__shuffled__r3 bl=-1 gwad+=-1 t=4.1s
[DONE] fit__5929__clean__shuffled__r4 bl=-1 gwad+=-1 t=4.3s
[DONE] fit__5929__clean__shuffled__r5 bl=-1 gwad+=-1 t=4.1s
[DONE] fit__5929__clean__shuffled__r6 bl=-1 gwad+=-1 t=4.1s
[DONE] fit__5929__clean__shuffled__r7 bl=-1 gwad+=-1 t=4.0s
[DONE] fit__5929__clean__shuffled__r8 bl=-1 gwad+=-1 t=4.0s
[DONE] fit__5929__clean__shuffled__r9 bl=-1 gwad+=-1 t=4.2s
[DONE] fit__5929__clean__noise__r0 bl=-1 gwad+=259 t=4.2s
[DONE] fit__5929__clean__sweep__r0 bl=173 gwad+=259 t=3.6s
[DONE] fit__2021__clean__shuffled__r0 bl=-1 gwad+=-1 t=4.2s
[DONE] fit__2021__clean__shuffled__r1 bl=-1 gwad+=-1 t=4.1s
[DONE] fit__2021__clean__shuffled__r2 bl=-1 gwad+=-1 t=4.1s
[DONE] fit__2021__clean__shuffled__r3 bl=-1 gwad+=-1 t=4.3s
[DONE] fit__2021__clean__shuffled__r4 bl=-1 gwad+=-1 t=4.1s
[DONE] fit__2021__clean__shuffled__r5 bl=-1 gwad+=-1 t=4.0s
[DONE] fit__2021__clean__shuffled__r6 bl=-1 gwad+=-1 t=4.1s
[DONE] fit__2021__clean__shuffled__r7 bl=-1 gwad+=-1 t=4.1s
[DONE] fit__2021__clean__shuffled__r8 bl=-1 gwad+=-1 t=4.1s
[DONE] fit__2021__clean__shuffled__r9 bl=-1 gwad+=-1 t=4.3s
[DONE] fit__2021__clean__noise__r0 bl=-1 gwad+=260 t=4.3s
[DONE] fit__2021__clean__sweep__r0 bl=324 gwad+=259 t=3.6s
[DONE] fit__8256__clean__shuffled__r0 bl=-1 gwad+=-1 t=4.3s
[DONE] fit__8256__clean__shuffled__r1 bl=-1 gwad+=-1 t=4.2s
[DONE] fit__8256__clean__shuffled__r2 bl=-1 gwad+=-1 t=4.1s
[DONE] fit__8256__clean__shuffled__r3 bl=-1 gwad+=-1 t=4.2s
[DONE] fit__8256__clean__shuffled__r4 bl=-1 gwad+=-1 t=4.0s
[DONE] fit__8256__clean__shuffled__r5 bl=-1 gwad+=-1 t=4.2s
[DONE] fit__8256__clean__shuffled__r6 bl=-1 gwad+=-1 t=4.3s
[DONE] fit__8256__clean__shuffled__r7 bl=-1 gwad+=-1 t=4.0s
[DONE] fit__8256__clean__shuffled__r8 bl=-1 gwad+=-1 t=4.0s
[DONE] fit__8256__clean__shuffled__r9 bl=-1 gwad+=-1 t=4.0s
[DONE] fit__8256__clean__noise__r0 bl=-1 gwad+=260 t=4.0s
[DONE] fit__8256__clean__sweep__r0 bl=49 gwad+=259 t=3.2s
[DONE] fit__4336__clean__shuffled__r0 bl=-1 gwad+=-1 t=3.7s
[DONE] fit__4336__clean__shuffled__r1 bl=-1 gwad+=-1 t=3.6s
[DONE] fit__4336__clean__shuffled__r2 bl=-1 gwad+=-1 t=3.7s
[DONE] fit__4336__clean__shuffled__r3 bl=-1 gwad+=-1 t=3.7s
[DONE] fit__4336__clean__shuffled__r4 bl=-1 gwad+=-1 t=3.7s
[DONE] fit__4336__clean__shuffled__r5 bl=-1 gwad+=-1 t=3.7s
[DONE] fit__4336__clean__shuffled__r6 bl=-1 gwad+=-1 t=3.7s
[DONE] fit__4336__clean__shuffled__r7 bl=-1 gwad+=-1 t=3.7s
[DONE] fit__4336__clean__shuffled__r8 bl=-1 gwad+=-1 t=3.8s
[DONE] fit__4336__clean__shuffled__r9 bl=-1 gwad+=-1 t=3.6s
[DONE] fit__4336__clean__noise__r0 bl=-1 gwad+=259 t=4.1s
[DONE] fit__4336__clean__sweep__r0 bl=2 gwad+=259 t=3.3s
