[DONE] evaluation__3499__denoise__attack__nes__l0.5 calls=1021 margin 6.66->-6.18 t=2.9s
[DONE] evaluation__3499__denoise__restore__nes__l0.5 calls=1021 margin 6.66->6.12 t=2.7s
[DONE] evaluation__3499__denoise__confidence_boost__nes__l0.5 calls=1021 margin 6.66->13.06 t=2.8s
[DONE] evaluation__3499__deblur__attack__nes__l1 calls=1021 margin 5.52->-2.20 t=2.8s
[DONE] evaluation__3499__deblur__restore__nes__l1 calls=1021 margin 5.52->7.39 t=2.8s
[DONE] evaluation__3499__deblur__confidence_boost__nes__l1 calls=1021 margin 5.52->14.92 t=2.6s
[DONE] evaluation__7115__denoise__attack__nes__l0.5 calls=1021 margin 2.25->-3.96 t=2.9s
[DONE] evaluation__7115__denoise__restore__nes__l0.5 calls=1021 margin 2.25->1.50 t=2.8s
[DONE] evaluation__7115__denoise__confidence_boost__nes__l0.5 calls=1021 margin 2.25->8.25 t=2.6s
[DONE] evaluation__7115__deblur__attack__nes__l1 calls=1021 margin 5.47->-2.06 t=2.8s
[DONE] evaluation__7115__deblur__restore__nes__l1 calls=1021 margin 5.47->6.19 t=2.8s
[DONE] evaluation__7115__deblur__confidence_boost__nes__l1 calls=1021 margin 5.47->10.31 t=2.8s
[DONE] evaluation__9991__denoise__attack__nes__l0.5 calls=1021 margin 6.17->-5.63 t=3.0s
[DONE] evaluation__9991__denoise__restore__nes__l0.5 calls=1021 margin 6.17->6.92 t=2.7s
[DONE] evaluation__9991__denoise__confidence_boost__nes__l0.5 calls=1021 margin 6.17->12.17 t=2.8s
[DONE] evaluation__9991__deblur__attack__nes__l1 calls=1021 margin 10.05->-3.32 t=3.0s
[DONE] evaluation__9991__deblur__restore__nes__l1 calls=1021 margin 10.05->6.62 t=3.0s
[DONE] evaluation__9991__deblur__confidence_boost__nes__l1 calls=1021 margin 10.05->13.33 t=3.4s
[DONE] evaluation__2601__denoise__attack__nes__l0.5 calls=1021 margin 8.50->0.69 t=3.1s
[DONE] evaluation__2601__denoise__restore__nes__l0.5 calls=1021 margin 8.50->8.08 t=3.1s
[DONE] evaluation__2601__denoise__confidence_boost__nes__l0.5 calls=1021 margin 8.50->12.10 t=3.4s
[DONE] evaluation__2601__deblur__attack__nes__l1 calls=1021 margin 10.31->1.12 t=3.3s
[DONE] evaluation__2601__deblur__restore__nes__l1 calls=1021 margin 10.31->10.17 t=3.4s
[DONE] evaluation__2601__deblur__confidence_boost__nes__l1 calls=1021 margin 10.31->12.74 t=3.2s
[DONE] evaluation__7535__denoise__attack__nes__l0.5 calls=1021 margin 2.48->-8.75 t=3.2s
[DONE] evaluation__7535__denoise__restore__nes__l0.5 calls=1021 margin 2.48->1.98 t=3.2s
[DONE] evaluation__7535__denoise__confidence_boost__nes__l0.5 calls=1021 margin 2.48->9.17 t=3.4s
[DONE] evaluation__7535__deblur__attack__nes__l1 calls=1021 margin 10.22->-4.71 t=3.5s
[DONE] evaluation__7535__deblur__restore__nes__l1 calls=1021 margin 10.22->7.01 t=3.4s
[DONE] evaluation__7535__deblur__confidence_boost__nes__l1 calls=1021 margin 10.22->11.71 t=3.1s
[DONE] evaluation__1709__denoise__attack__nes__l0.5 calls=1021 margin 6.53->-8.27 t=3.2s
[DONE] evaluation__1709__denoise__restore__nes__l0.5 calls=1021 margin 6.53->6.64 t=3.4s
[DONE] evaluation__1709__denoise__confidence_boost__nes__l0.5 calls=1021 margin 6.53->12.29 t=3.3s
[DONE] evaluation__1709__deblur__attack__nes__l1 calls=1021 margin 7.80->-6.81 t=3.0s
[DONE] evaluation__1709__deblur__restore__nes__l1 calls=1021 margin 7.80->6.68 t=3.4s
[DONE] evaluation__1709__deblur__confidence_boost__nes__l1 calls=1021 margin 7.80->13.95 t=3.1s
[DONE] evaluation__6515__denoise__attack__nes__l0.5 calls=1021 margin 7.92->-4.76 t=3.5s
[DONE] evaluation__6515__denoise__restore__nes__l0.5 calls=1021 margin 7.92->7.67 t=3.4s
[DONE] evaluation__6515__denoise__confidence_boost__nes__l0.5 calls=1021 margin 7.92->13.00 t=3.4s
[DONE] evaluation__6515__deblur__attack__nes__l1 calls=1021 margin 5.84->-4.92 t=3.1s
[DONE] evaluation__6515__deblur__restore__nes__l1 calls=1021 margin 5.84->5.84 t=3.6s
[DONE] evaluation__6515__deblur__confidence_boost__nes__l1 calls=1021 margin 5.84->13.46 t=3.5s
[DONE] evaluation__9805__denoise__attack__nes__l0.5 calls=1021 margin 0.76->-8.10 t=3.0s
[DONE] evaluation__9805__denoise__restore__nes__l0.5 calls=1021 margin 0.76->-0.70 t=3.3s
[DONE] evaluation__9805__denoise__confidence_boost__nes__l0.5 calls=1021 margin 0.76->8.15 t=3.5s
[DONE] evaluation__9805__deblur__attack__nes__l1 calls=1021 margin 3.05->-4.49 t=3.2s
[DONE] evaluation__9805__deblur__restore__nes__l1 calls=1021 margin 3.05->4.82 t=3.1s
[DONE] evaluation__9805__deblur__confidence_boost__nes__l1 calls=1021 margin 3.05->8.12 t=3.1s
[DONE] evaluation__4785__denoise__attack__nes__l0.5 calls=1021 margin 6.36->-9.83 t=2.8s
[DONE] evaluation__4785__denoise__restore__nes__l0.5 calls=1021 margin 6.36->5.18 t=2.9s
[DONE] evaluation__4785__denoise__confidence_boost__nes__l0.5 calls=1021 margin 6.36->13.90 t=3.3s
[DONE] evaluation__4785__deblur__attack__nes__l1 calls=1021 margin 12.84->-0.38 t=3.3s
[DONE] evaluation__4785__deblur__restore__nes__l1 calls=1021 margin 12.84->13.10 t=3.4s
[DONE] evaluation__4785__deblur__confidence_boost__nes__l1 calls=1021 margin 12.84->17.44 t=3.3s
[DONE] evaluation__7378__denoise__attack__nes__l0.5 calls=1021 margin 2.00->-5.75 t=3.0s
[DONE] evaluation__7378__denoise__restore__nes__l0.5 calls=1021 margin 2.00->2.85 t=3.9s
[DONE] evaluation__7378__denoise__confidence_boost__nes__l0.5 calls=1021 margin 2.00->7.75 t=3.3s
[DONE] evaluation__7378__deblur__attack__nes__l1 calls=1021 margin 4.60->-4.25 t=3.5s
[DONE] evaluation__7378__deblur__restore__nes__l1 calls=1021 margin 4.60->5.21 t=3.5s
[DONE] evaluation__7378__deblur__confidence_boost__nes__l1 calls=1021 margin 4.60->10.66 t=3.4s
[DONE] evaluation__3256__denoise__attack__nes__l0.5 calls=1021 margin 7.50->-9.40 t=2.9s
[DONE] evaluation__3256__denoise__restore__nes__l0.5 calls=1021 margin 7.50->5.74 t=3.1s
[DONE] evaluation__3256__denoise__confidence_boost__nes__l0.5 calls=1021 margin 7.50->14.01 t=3.3s
[DONE] evaluation__3256__deblur__attack__nes__l1 calls=1021 margin 11.06->-8.84 t=3.2s
[DONE] evaluation__3256__deblur__restore__nes__l1 calls=1021 margin 11.06->11.01 t=3.3s
[DONE] evaluation__3256__deblur__confidence_boost__nes__l1 calls=1021 margin 11.06->16.42 t=3.2s
[DONE] evaluation__4362__denoise__attack__nes__l0.5 calls=1021 margin 9.48->-2.49 t=3.2s
[DONE] evaluation__4362__denoise__restore__nes__l0.5 calls=1021 margin 9.48->9.97 t=3.3s
[DONE] evaluation__4362__denoise__confidence_boost__nes__l0.5 calls=1021 margin 9.48->14.08 t=3.1s
[DONE] evaluation__4362__deblur__attack__nes__l1 calls=1021 margin 3.89->-9.39 t=3.2s
[DONE] evaluation__4362__deblur__restore__nes__l1 calls=1021 margin 3.89->4.97 t=3.0s
[DONE] evaluation__4362__deblur__confidence_boost__nes__l1 calls=1021 margin 3.89->15.02 t=3.1s
[DONE] evaluation__9715__denoise__attack__nes__l0.5 calls=1021 margin 2.89->-6.53 t=3.1s
[DONE] evaluation__9715__denoise__restore__nes__l0.5 calls=1021 margin 2.89->2.31 t=3.3s
[DONE] evaluation__9715__denoise__confidence_boost__nes__l0.5 calls=1021 margin 2.89->10.98 t=3.4s
[DONE] evaluation__9715__deblur__attack__nes__l1 calls=1021 margin 5.76->-6.19 t=3.4s
[DONE] evaluation__9715__deblur__restore__nes__l1 calls=1021 margin 5.76->6.18 t=3.1s
[DONE] evaluation__9715__deblur__confidence_boost__nes__l1 calls=1021 margin 5.76->13.64 t=3.0s
[DONE] evaluation__4246__denoise__attack__nes__l0.5 calls=1021 margin 3.86->-3.78 t=3.0s
[DONE] evaluation__4246__denoise__restore__nes__l0.5 calls=1021 margin 3.86->4.48 t=3.2s
[DONE] evaluation__4246__denoise__confidence_boost__nes__l0.5 calls=1021 margin 3.86->9.13 t=3.2s
[DONE] evaluation__4246__deblur__attack__nes__l1 calls=1021 margin 9.50->-1.85 t=3.4s
[DONE] evaluation__4246__deblur__restore__nes__l1 calls=1021 margin 9.50->9.42 t=3.1s
[DONE] evaluation__4246__deblur__confidence_boost__nes__l1 calls=1021 margin 9.50->12.83 t=3.3s
[DONE] evaluation__8789__denoise__attack__nes__l0.5 calls=1021 margin 2.39->-11.59 t=3.2s
[DONE] evaluation__8789__denoise__restore__nes__l0.5 calls=1021 margin 2.39->1.21 t=3.2s
[DONE] evaluation__8789__denoise__confidence_boost__nes__l0.5 calls=1021 margin 2.39->11.53 t=3.0s
[DONE] evaluation__8789__deblur__attack__nes__l1 calls=1021 margin 6.06->-2.31 t=3.1s
[DONE] evaluation__8789__deblur__restore__nes__l1 calls=1021 margin 6.06->9.54 t=3.6s
[DONE] evaluation__8789__deblur__confidence_boost__nes__l1 calls=1021 margin 6.06->13.64 t=3.0s
[DONE] evaluation__1978__denoise__attack__nes__l0.5 calls=1021 margin 13.10->3.82 t=3.4s
[DONE] evaluation__1978__denoise__restore__nes__l0.5 calls=1021 margin 13.10->12.72 t=3.4s
[DONE] evaluation__1978__denoise__confidence_boost__nes__l0.5 calls=1021 margin 13.10->17.81 t=3.1s
[DONE] evaluation__1978__deblur__attack__nes__l1 calls=1021 margin 9.77->-2.28 t=3.1s
[DONE] evaluation__1978__deblur__restore__nes__l1 calls=1021 margin 9.77->10.98 t=3.1s
[DONE] evaluation__1978__deblur__confidence_boost__nes__l1 calls=1021 margin 9.77->18.45 t=3.2s
[DONE] evaluation__4989__denoise__attack__nes__l0.5 calls=1021 margin 11.41->4.78 t=3.4s
[DONE] evaluation__4989__denoise__restore__nes__l0.5 calls=1021 margin 11.41->11.43 t=3.7s
[DONE] evaluation__4989__denoise__confidence_boost__nes__l0.5 calls=1021 margin 11.41->15.78 t=3.5s
[DONE] evaluation__4989__deblur__attack__nes__l1 calls=1021 margin 11.36->3.99 t=3.2s
[DONE] evaluation__4989__deblur__restore__nes__l1 calls=1021 margin 11.36->11.69 t=3.3s
[DONE] evaluation__4989__deblur__confidence_boost__nes__l1 calls=1021 margin 11.36->17.13 t=3.4s
[DONE] evaluation__9762__denoise__attack__nes__l0.5 calls=1021 margin 8.77->-2.33 t=3.0s
[DONE] evaluation__9762__denoise__restore__nes__l0.5 calls=1021 margin 8.77->7.67 t=3.2s
[DONE] evaluation__9762__denoise__confidence_boost__nes__l0.5 calls=1021 margin 8.77->14.55 t=3.1s
[DONE] evaluation__9762__deblur__attack__nes__l1 calls=1021 margin 7.66->-9.89 t=3.2s
[DONE] evaluation__9762__deblur__restore__nes__l1 calls=1021 margin 7.66->4.13 t=3.4s
[DONE] evaluation__9762__deblur__confidence_boost__nes__l1 calls=1021 margin 7.66->14.61 t=3.1s
[DONE] evaluation__3975__denoise__attack__nes__l0.5 calls=1021 margin 3.19->-8.55 t=3.0s
[DONE] evaluation__3975__denoise__restore__nes__l0.5 calls=1021 margin 3.19->1.91 t=3.1s
[DONE] evaluation__3975__denoise__confidence_boost__nes__l0.5 calls=1021 margin 3.19->9.22 t=3.2s
[DONE] evaluation__3975__deblur__attack__nes__l1 calls=1021 margin 6.98->-8.79 t=3.1s
[DONE] evaluation__3975__deblur__restore__nes__l1 calls=1021 margin 6.98->4.63 t=3.3s
[DONE] evaluation__3975__deblur__confidence_boost__nes__l1 calls=1021 margin 6.98->13.78 t=3.1s
[DONE] evaluation__6234__denoise__attack__nes__l0.5 calls=1021 margin 1.97->-2.91 t=3.1s
[DONE] evaluation__6234__denoise__restore__nes__l0.5 calls=1021 margin 1.97->2.98 t=3.3s
[DONE] evaluation__6234__denoise__confidence_boost__nes__l0.5 calls=1021 margin 1.97->6.79 t=3.0s
[DONE] evaluation__6234__deblur__attack__nes__l1 calls=1021 margin 5.70->-3.10 t=3.3s
[DONE] evaluation__6234__deblur__restore__nes__l1 calls=1021 margin 5.70->4.36 t=3.0s
[DONE] evaluation__6234__deblur__confidence_boost__nes__l1 calls=1021 margin 5.70->7.40 t=3.2s
[DONE] evaluation__1142__denoise__attack__nes__l0.5 calls=1021 margin 3.73->-7.58 t=3.1s
[DONE] evaluation__1142__denoise__restore__nes__l0.5 calls=1021 margin 3.73->3.85 t=3.1s
[DONE] evaluation__1142__denoise__confidence_boost__nes__l0.5 calls=1021 margin 3.73->11.33 t=3.2s
[DONE] evaluation__1142__deblur__attack__nes__l1 calls=1021 margin 9.96->-2.14 t=3.2s
[DONE] evaluation__1142__deblur__restore__nes__l1 calls=1021 margin 9.96->11.87 t=3.1s
[DONE] evaluation__1142__deblur__confidence_boost__nes__l1 calls=1021 margin 9.96->16.57 t=3.1s
[DONE] evaluation__4086__denoise__attack__nes__l0.5 calls=1021 margin 7.71->-0.49 t=3.4s
[DONE] evaluation__4086__denoise__restore__nes__l0.5 calls=1021 margin 7.71->8.09 t=3.3s
[DONE] evaluation__4086__denoise__confidence_boost__nes__l0.5 calls=1021 margin 7.71->11.40 t=3.0s
[DONE] evaluation__4086__deblur__attack__nes__l1 calls=1021 margin 6.30->0.36 t=3.0s
[DONE] evaluation__4086__deblur__restore__nes__l1 calls=1021 margin 6.30->8.18 t=3.2s
[DONE] evaluation__4086__deblur__confidence_boost__nes__l1 calls=1021 margin 6.30->12.66 t=3.6s
[DONE] evaluation__9955__denoise__attack__nes__l0.5 calls=1021 margin 4.14->-8.26 t=3.1s
[DONE] evaluation__9955__denoise__restore__nes__l0.5 calls=1021 margin 4.14->2.52 t=3.1s
[DONE] evaluation__9955__denoise__confidence_boost__nes__l0.5 calls=1021 margin 4.14->11.24 t=3.2s
[DONE] evaluation__9955__deblur__attack__nes__l1 calls=1021 margin 12.11->-4.88 t=3.2s
[DONE] evaluation__9955__deblur__restore__nes__l1 calls=1021 margin 12.11->8.60 t=3.1s
[DONE] evaluation__9955__deblur__confidence_boost__nes__l1 calls=1021 margin 12.11->13.74 t=3.0s
[DONE] evaluation__5397__denoise__attack__nes__l0.5 calls=1021 margin 0.95->-11.16 t=3.1s
[DONE] evaluation__5397__denoise__restore__nes__l0.5 calls=1021 margin 0.95->-0.02 t=3.3s
[DONE] evaluation__5397__denoise__confidence_boost__nes__l0.5 calls=1021 margin 0.95->9.84 t=3.2s
[DONE] evaluation__5397__deblur__attack__nes__l1 calls=1021 margin 7.17->-14.51 t=2.8s
[DONE] evaluation__5397__deblur__restore__nes__l1 calls=1021 margin 7.17->4.81 t=2.9s
[DONE] evaluation__5397__deblur__confidence_boost__nes__l1 calls=1021 margin 7.17->13.34 t=3.3s
[DONE] evaluation__8652__denoise__attack__nes__l0.5 calls=1021 margin 0.70->-9.94 t=3.4s
[DONE] evaluation__8652__denoise__restore__nes__l0.5 calls=1021 margin 0.70->-0.72 t=3.1s
[DONE] evaluation__8652__denoise__confidence_boost__nes__l0.5 calls=1021 margin 0.70->7.81 t=3.0s
[DONE] evaluation__8652__deblur__attack__nes__l1 calls=1021 margin 9.66->-9.90 t=3.1s
[DONE] evaluation__8652__deblur__restore__nes__l1 calls=1021 margin 9.66->4.59 t=3.3s
[DONE] evaluation__8652__deblur__confidence_boost__nes__l1 calls=1021 margin 9.66->12.11 t=3.3s
[DONE] fit__4040__denoise__attack__nes__l0.5 calls=1021 margin 1.70->-4.46 t=3.3s
[DONE] fit__4040__denoise__restore__nes__l0.5 calls=1021 margin 1.70->3.12 t=3.3s
[DONE] fit__4040__denoise__confidence_boost__nes__l0.5 calls=1021 margin 1.70->7.98 t=3.6s
[DONE] fit__4040__deblur__attack__nes__l1 calls=1021 margin 9.26->-7.06 t=3.3s
[DONE] fit__4040__deblur__restore__nes__l1 calls=1021 margin 9.26->6.75 t=3.1s
[DONE] fit__4040__deblur__confidence_boost__nes__l1 calls=1021 margin 9.26->10.38 t=3.1s
[DONE] fit__1810__denoise__attack__nes__l0.5 calls=1021 margin 6.04->-8.42 t=3.0s
[DONE] fit__1810__denoise__restore__nes__l0.5 calls=1021 margin 6.04->6.49 t=3.2s
[DONE] fit__1810__denoise__confidence_boost__nes__l0.5 calls=1021 margin 6.04->12.07 t=3.0s
[DONE] fit__1810__deblur__attack__nes__l1 calls=1021 margin 9.78->-5.87 t=3.1s
[DONE] fit__1810__deblur__restore__nes__l1 calls=1021 margin 9.78->6.79 t=3.1s
[DONE] fit__1810__deblur__confidence_boost__nes__l1 calls=1021 margin 9.78->11.95 t=3.3s
[DONE] fit__7903__denoise__attack__nes__l0.5 calls=1021 margin 2.90->-6.02 t=3.2s
[DONE] fit__7903__denoise__restore__nes__l0.5 calls=1021 margin 2.90->3.05 t=3.3s
[DONE] fit__7903__denoise__confidence_boost__nes__l0.5 calls=1021 margin 2.90->10.60 t=3.0s
[DONE] fit__7903__deblur__attack__nes__l1 calls=1021 margin 1.63->-13.82 t=3.0s
[DONE] fit__7903__deblur__restore__nes__l1 calls=1021 margin 1.63->-1.52 t=2.9s
[DONE] fit__7903__deblur__confidence_boost__nes__l1 calls=1021 margin 1.63->12.04 t=3.0s
[DONE] fit__8493__denoise__attack__nes__l0.5 calls=1021 margin 4.15->-6.37 t=3.2s
[DONE] fit__8493__denoise__restore__nes__l0.5 calls=1021 margin 4.15->5.62 t=3.5s
[DONE] fit__8493__denoise__confidence_boost__nes__l0.5 calls=1021 margin 4.15->11.18 t=3.4s
[DONE] fit__8493__deblur__attack__nes__l1 calls=1021 margin 1.66->-6.29 t=3.2s
[DONE] fit__8493__deblur__restore__nes__l1 calls=1021 margin 1.66->1.91 t=3.2s
[DONE] fit__8493__deblur__confidence_boost__nes__l1 calls=1021 margin 1.66->12.06 t=2.9s
[DONE] fit__5817__denoise__attack__nes__l0.5 calls=1021 margin 3.78->-7.62 t=3.2s
[DONE] fit__5817__denoise__restore__nes__l0.5 calls=1021 margin 3.78->4.56 t=3.2s
[DONE] fit__5817__denoise__confidence_boost__nes__l0.5 calls=1021 margin 3.78->10.65 t=3.4s
[DONE] fit__5817__deblur__attack__nes__l1 calls=1021 margin 4.67->-6.64 t=2.9s
[DONE] fit__5817__deblur__restore__nes__l1 calls=1021 margin 4.67->6.48 t=3.5s
[DONE] fit__5817__deblur__confidence_boost__nes__l1 calls=1021 margin 4.67->13.14 t=3.5s
[DONE] fit__1842__denoise__attack__nes__l0.5 calls=1021 margin 7.32->-7.40 t=3.3s
[DONE] fit__1842__denoise__restore__nes__l0.5 calls=1021 margin 7.32->6.74 t=3.2s
[DONE] fit__1842__denoise__confidence_boost__nes__l0.5 calls=1021 margin 7.32->12.73 t=3.3s
[DONE] fit__1842__deblur__attack__nes__l1 calls=1021 margin 11.03->-8.86 t=3.1s
[DONE] fit__1842__deblur__restore__nes__l1 calls=1021 margin 11.03->9.35 t=3.2s
[DONE] fit__1842__deblur__confidence_boost__nes__l1 calls=1021 margin 11.03->16.07 t=3.1s
[DONE] fit__2915__denoise__attack__nes__l0.5 calls=1021 margin 7.10->-1.87 t=3.1s
[DONE] fit__2915__denoise__restore__nes__l0.5 calls=1021 margin 7.10->8.15 t=3.4s
[DONE] fit__2915__denoise__confidence_boost__nes__l0.5 calls=1021 margin 7.10->11.43 t=3.2s
[DONE] fit__2915__deblur__attack__nes__l1 calls=1021 margin 7.82->-4.76 t=3.4s
[DONE] fit__2915__deblur__restore__nes__l1 calls=1021 margin 7.82->6.02 t=3.2s
[DONE] fit__2915__deblur__confidence_boost__nes__l1 calls=1021 margin 7.82->11.22 t=3.2s
[DONE] fit__9712__denoise__attack__nes__l0.5 calls=1021 margin 1.88->-9.01 t=3.1s
[DONE] fit__9712__denoise__restore__nes__l0.5 calls=1021 margin 1.88->1.87 t=3.0s
[DONE] fit__9712__denoise__confidence_boost__nes__l0.5 calls=1021 margin 1.88->8.74 t=2.8s
[DONE] fit__9712__deblur__attack__nes__l1 calls=1021 margin 6.44->-5.19 t=3.0s
[DONE] fit__9712__deblur__restore__nes__l1 calls=1021 margin 6.44->6.87 t=3.2s
[DONE] fit__9712__deblur__confidence_boost__nes__l1 calls=1021 margin 6.44->10.94 t=3.1s
[DONE] fit__8691__denoise__attack__nes__l0.5 calls=1021 margin 9.34->-3.38 t=3.3s
[DONE] fit__8691__denoise__restore__nes__l0.5 calls=1021 margin 9.34->9.49 t=3.1s
[DONE] fit__8691__denoise__confidence_boost__nes__l0.5 calls=1021 margin 9.34->14.41 t=3.2s
[DONE] fit__8691__deblur__attack__nes__l1 calls=1021 margin 4.18->-8.36 t=3.4s
[DONE] fit__8691__deblur__restore__nes__l1 calls=1021 margin 4.18->8.09 t=3.2s
[DONE] fit__8691__deblur__confidence_boost__nes__l1 calls=1021 margin 4.18->15.75 t=3.2s
[DONE] fit__5818__denoise__attack__nes__l0.5 calls=1021 margin 3.18->-11.94 t=3.2s
[DONE] fit__5818__denoise__restore__nes__l0.5 calls=1021 margin 3.18->2.23 t=3.0s
[DONE] fit__5818__denoise__confidence_boost__nes__l0.5 calls=1021 margin 3.18->11.82 t=2.9s
[DONE] fit__5818__deblur__attack__nes__l1 calls=1021 margin 5.21->-6.40 t=3.0s
[DONE] fit__5818__deblur__restore__nes__l1 calls=1021 margin 5.21->3.28 t=2.9s
[DONE] fit__5818__deblur__confidence_boost__nes__l1 calls=1021 margin 5.21->12.42 t=3.1s
[DONE] fit__2052__denoise__attack__nes__l0.5 calls=1021 margin 8.11->-1.43 t=3.1s
[DONE] fit__2052__denoise__restore__nes__l0.5 calls=1021 margin 8.11->8.10 t=3.4s
[DONE] fit__2052__denoise__confidence_boost__nes__l0.5 calls=1021 margin 8.11->12.90 t=2.9s
[DONE] fit__2052__deblur__attack__nes__l1 calls=1021 margin 14.52->3.19 t=2.7s
[DONE] fit__2052__deblur__restore__nes__l1 calls=1021 margin 14.52->12.77 t=3.2s
[DONE] fit__2052__deblur__confidence_boost__nes__l1 calls=1021 margin 14.52->15.46 t=2.9s
[DONE] fit__2143__denoise__attack__nes__l0.5 calls=1021 margin 1.83->-6.85 t=3.1s
[DONE] fit__2143__denoise__restore__nes__l0.5 calls=1021 margin 1.83->1.32 t=2.9s
[DONE] fit__2143__denoise__confidence_boost__nes__l0.5 calls=1021 margin 1.83->8.19 t=2.9s
[DONE] fit__2143__deblur__attack__nes__l1 calls=1021 margin 4.69->-4.29 t=3.1s
[DONE] fit__2143__deblur__restore__nes__l1 calls=1021 margin 4.69->6.02 t=3.3s
[DONE] fit__2143__deblur__confidence_boost__nes__l1 calls=1021 margin 4.69->10.77 t=2.9s
[DONE] fit__8575__denoise__attack__nes__l0.5 calls=1021 margin 3.82->-6.00 t=2.8s
[DONE] fit__8575__denoise__restore__nes__l0.5 calls=1021 margin 3.82->2.74 t=2.7s
[DONE] fit__8575__denoise__confidence_boost__nes__l0.5 calls=1021 margin 3.82->10.44 t=3.0s
[DONE] fit__8575__deblur__attack__nes__l1 calls=1021 margin 7.11->-6.37 t=2.8s
[DONE] fit__8575__deblur__restore__nes__l1 calls=1021 margin 7.11->8.73 t=2.9s
[DONE] fit__8575__deblur__confidence_boost__nes__l1 calls=1021 margin 7.11->15.08 t=2.7s
