[DONE] evaluation__5857__denoise__attack__nes__l0.5 calls=1021 margin 1.55->-8.09 t=3.3s
[DONE] evaluation__5857__denoise__restore__nes__l0.5 calls=1021 margin 1.55->2.03 t=3.2s
[DONE] evaluation__5857__denoise__confidence_boost__nes__l0.5 calls=1021 margin 1.55->9.41 t=3.3s
[DONE] evaluation__5857__deblur__attack__nes__l1 calls=1021 margin 6.47->-9.25 t=3.2s
[DONE] evaluation__5857__deblur__restore__nes__l1 calls=1021 margin 6.47->2.28 t=3.0s
[DONE] evaluation__5857__deblur__confidence_boost__nes__l1 calls=1021 margin 6.47->10.44 t=2.9s
[DONE] evaluation__8894__denoise__attack__nes__l0.5 calls=1021 margin 1.28->-6.49 t=2.9s
[DONE] evaluation__8894__denoise__restore__nes__l0.5 calls=1021 margin 1.28->1.49 t=3.2s
[DONE] evaluation__8894__denoise__confidence_boost__nes__l0.5 calls=1021 margin 1.28->8.22 t=3.5s
[DONE] evaluation__8894__deblur__attack__nes__l1 calls=1021 margin 8.42->-5.49 t=3.4s
[DONE] evaluation__8894__deblur__restore__nes__l1 calls=1021 margin 8.42->2.65 t=3.1s
[DONE] evaluation__8894__deblur__confidence_boost__nes__l1 calls=1021 margin 8.42->9.72 t=3.3s
[DONE] evaluation__604__denoise__attack__nes__l0.5 calls=1021 margin 6.83->-3.48 t=3.3s
[DONE] evaluation__604__denoise__restore__nes__l0.5 calls=1021 margin 6.83->6.90 t=3.1s
[DONE] evaluation__604__denoise__confidence_boost__nes__l0.5 calls=1021 margin 6.83->12.43 t=3.0s
[DONE] evaluation__604__deblur__attack__nes__l1 calls=1021 margin 11.28->0.58 t=3.3s
[DONE] evaluation__604__deblur__restore__nes__l1 calls=1021 margin 11.28->10.29 t=3.5s
[DONE] evaluation__604__deblur__confidence_boost__nes__l1 calls=1021 margin 11.28->13.87 t=3.4s
[DONE] evaluation__6789__denoise__attack__nes__l0.5 calls=1021 margin 1.36->-5.25 t=2.8s
[DONE] evaluation__6789__denoise__restore__nes__l0.5 calls=1021 margin 1.36->0.56 t=3.1s
[DONE] evaluation__6789__denoise__confidence_boost__nes__l0.5 calls=1021 margin 1.36->8.35 t=3.0s
[DONE] evaluation__6789__deblur__attack__nes__l1 calls=1021 margin 9.18->-6.69 t=3.2s
[DONE] evaluation__6789__deblur__restore__nes__l1 calls=1021 margin 9.18->5.82 t=3.4s
[DONE] evaluation__6789__deblur__confidence_boost__nes__l1 calls=1021 margin 9.18->10.25 t=3.2s
[DONE] evaluation__9455__denoise__attack__nes__l0.5 calls=1021 margin 0.92->-9.32 t=3.4s
[DONE] evaluation__9455__denoise__restore__nes__l0.5 calls=1021 margin 0.92->0.57 t=3.5s
[DONE] evaluation__9455__denoise__confidence_boost__nes__l0.5 calls=1021 margin 0.92->5.89 t=3.3s
[DONE] evaluation__9455__deblur__attack__nes__l1 calls=1021 margin 9.25->-6.83 t=3.2s
[DONE] evaluation__9455__deblur__restore__nes__l1 calls=1021 margin 9.25->3.62 t=3.0s
[DONE] evaluation__9455__deblur__confidence_boost__nes__l1 calls=1021 margin 9.25->11.35 t=3.1s
[DONE] evaluation__3573__denoise__attack__nes__l0.5 calls=1021 margin 8.55->-2.98 t=3.5s
[DONE] evaluation__3573__denoise__restore__nes__l0.5 calls=1021 margin 8.55->7.81 t=3.5s
[DONE] evaluation__3573__denoise__confidence_boost__nes__l0.5 calls=1021 margin 8.55->12.70 t=3.4s
[DONE] evaluation__3573__deblur__attack__nes__l1 calls=1021 margin 9.61->-6.19 t=3.3s
[DONE] evaluation__3573__deblur__restore__nes__l1 calls=1021 margin 9.61->8.09 t=3.1s
[DONE] evaluation__3573__deblur__confidence_boost__nes__l1 calls=1021 margin 9.61->15.50 t=3.4s
[DONE] evaluation__7855__denoise__attack__nes__l0.5 calls=1021 margin 1.41->-8.22 t=3.4s
[DONE] evaluation__7855__denoise__restore__nes__l0.5 calls=1021 margin 1.41->-2.21 t=3.3s
[DONE] evaluation__7855__denoise__confidence_boost__nes__l0.5 calls=1021 margin 1.41->11.44 t=3.3s
[DONE] evaluation__7855__deblur__attack__nes__l1 calls=1021 margin 2.63->-12.59 t=3.2s
[DONE] evaluation__7855__deblur__restore__nes__l1 calls=1021 margin 2.63->2.60 t=3.3s
[DONE] evaluation__7855__deblur__confidence_boost__nes__l1 calls=1021 margin 2.63->12.85 t=3.1s
[DONE] evaluation__2991__denoise__attack__nes__l0.5 calls=1021 margin 2.68->-7.78 t=2.9s
[DONE] evaluation__2991__denoise__restore__nes__l0.5 calls=1021 margin 2.68->2.31 t=3.4s
[DONE] evaluation__2991__denoise__confidence_boost__nes__l0.5 calls=1021 margin 2.68->9.65 t=3.1s
[DONE] evaluation__2991__deblur__attack__nes__l1 calls=1021 margin 7.17->-8.39 t=3.4s
[DONE] evaluation__2991__deblur__restore__nes__l1 calls=1021 margin 7.17->8.53 t=3.2s
[DONE] evaluation__2991__deblur__confidence_boost__nes__l1 calls=1021 margin 7.17->11.63 t=3.2s
[DONE] evaluation__6079__denoise__attack__nes__l0.5 calls=1021 margin 3.97->-5.37 t=3.3s
[DONE] evaluation__6079__denoise__restore__nes__l0.5 calls=1021 margin 3.97->5.04 t=3.1s
[DONE] evaluation__6079__denoise__confidence_boost__nes__l0.5 calls=1021 margin 3.97->10.67 t=3.3s
[DONE] evaluation__6079__deblur__attack__nes__l1 calls=1021 margin 5.83->-3.34 t=3.5s
[DONE] evaluation__6079__deblur__restore__nes__l1 calls=1021 margin 5.83->5.32 t=3.4s
[DONE] evaluation__6079__deblur__confidence_boost__nes__l1 calls=1021 margin 5.83->11.67 t=3.1s
[DONE] evaluation__9839__denoise__attack__nes__l0.5 calls=1021 margin 0.97->-7.33 t=3.4s
[DONE] evaluation__9839__denoise__restore__nes__l0.5 calls=1021 margin 0.97->0.67 t=3.6s
[DONE] evaluation__9839__denoise__confidence_boost__nes__l0.5 calls=1021 margin 0.97->6.60 t=3.3s
[DONE] evaluation__9839__deblur__attack__nes__l1 calls=1021 margin 1.49->-6.30 t=3.5s
[DONE] evaluation__9839__deblur__restore__nes__l1 calls=1021 margin 1.49->3.35 t=3.4s
[DONE] evaluation__9839__deblur__confidence_boost__nes__l1 calls=1021 margin 1.49->11.88 t=3.1s
[DONE] evaluation__3822__denoise__attack__nes__l0.5 calls=1021 margin 5.28->-5.43 t=2.9s
[DONE] evaluation__3822__denoise__restore__nes__l0.5 calls=1021 margin 5.28->4.65 t=3.2s
[DONE] evaluation__3822__denoise__confidence_boost__nes__l0.5 calls=1021 margin 5.28->12.37 t=3.2s
[DONE] evaluation__3822__deblur__attack__nes__l1 calls=1021 margin 7.28->-5.54 t=3.3s
[DONE] evaluation__3822__deblur__restore__nes__l1 calls=1021 margin 7.28->8.97 t=3.3s
[DONE] evaluation__3822__deblur__confidence_boost__nes__l1 calls=1021 margin 7.28->14.69 t=3.5s
[DONE] evaluation__8354__denoise__attack__nes__l0.5 calls=1021 margin 1.72->-9.33 t=3.4s
[DONE] evaluation__8354__denoise__restore__nes__l0.5 calls=1021 margin 1.72->1.46 t=3.0s
[DONE] evaluation__8354__denoise__confidence_boost__nes__l0.5 calls=1021 margin 1.72->10.59 t=3.2s
[DONE] evaluation__8354__deblur__attack__nes__l1 calls=1021 margin 4.42->-9.21 t=3.0s
[DONE] evaluation__8354__deblur__restore__nes__l1 calls=1021 margin 4.42->6.12 t=3.2s
[DONE] evaluation__8354__deblur__confidence_boost__nes__l1 calls=1021 margin 4.42->11.87 t=3.3s
[DONE] evaluation__2281__denoise__attack__nes__l0.5 calls=1021 margin 5.43->-6.88 t=3.2s
[DONE] evaluation__2281__denoise__restore__nes__l0.5 calls=1021 margin 5.43->4.70 t=3.3s
[DONE] evaluation__2281__denoise__confidence_boost__nes__l0.5 calls=1021 margin 5.43->10.53 t=3.2s
[DONE] evaluation__2281__deblur__attack__nes__l1 calls=1021 margin 9.89->-5.91 t=3.5s
[DONE] evaluation__2281__deblur__restore__nes__l1 calls=1021 margin 9.89->9.66 t=3.4s
[DONE] evaluation__2281__deblur__confidence_boost__nes__l1 calls=1021 margin 9.89->13.36 t=3.2s
[DONE] evaluation__6092__denoise__attack__nes__l0.5 calls=1021 margin 2.73->-7.85 t=3.2s
[DONE] evaluation__6092__denoise__restore__nes__l0.5 calls=1021 margin 2.73->3.81 t=3.4s
[DONE] evaluation__6092__denoise__confidence_boost__nes__l0.5 calls=1021 margin 2.73->9.96 t=3.4s
[DONE] evaluation__6092__deblur__attack__nes__l1 calls=1021 margin 8.47->-6.19 t=3.2s
[DONE] evaluation__6092__deblur__restore__nes__l1 calls=1021 margin 8.47->9.11 t=3.3s
[DONE] evaluation__6092__deblur__confidence_boost__nes__l1 calls=1021 margin 8.47->14.13 t=3.4s
[DONE] evaluation__9759__denoise__attack__nes__l0.5 calls=1021 margin 3.09->-9.52 t=3.8s
[DONE] evaluation__9759__denoise__restore__nes__l0.5 calls=1021 margin 3.09->1.69 t=3.7s
[DONE] evaluation__9759__denoise__confidence_boost__nes__l0.5 calls=1021 margin 3.09->10.25 t=3.4s
[DONE] evaluation__9759__deblur__attack__nes__l1 calls=1021 margin 4.91->-12.56 t=3.4s
[DONE] evaluation__9759__deblur__restore__nes__l1 calls=1021 margin 4.91->7.62 t=3.5s
[DONE] evaluation__9759__deblur__confidence_boost__nes__l1 calls=1021 margin 4.91->14.91 t=3.6s
[DONE] evaluation__4291__denoise__attack__nes__l0.5 calls=1021 margin 3.33->-5.45 t=3.2s
[DONE] evaluation__4291__denoise__restore__nes__l0.5 calls=1021 margin 3.33->2.33 t=3.4s
[DONE] evaluation__4291__denoise__confidence_boost__nes__l0.5 calls=1021 margin 3.33->9.38 t=3.1s
[DONE] evaluation__4291__deblur__attack__nes__l1 calls=1021 margin 2.22->-12.23 t=3.0s
[DONE] evaluation__4291__deblur__restore__nes__l1 calls=1021 margin 2.22->0.31 t=3.1s
[DONE] evaluation__4291__deblur__confidence_boost__nes__l1 calls=1021 margin 2.22->8.20 t=3.1s
[DONE] evaluation__7777__denoise__attack__nes__l0.5 calls=1021 margin 13.14->-1.30 t=3.3s
[DONE] evaluation__7777__denoise__restore__nes__l0.5 calls=1021 margin 13.14->12.62 t=3.1s
[DONE] evaluation__7777__denoise__confidence_boost__nes__l0.5 calls=1021 margin 13.14->17.91 t=3.3s
[DONE] evaluation__7777__deblur__attack__nes__l1 calls=1021 margin 2.94->-5.23 t=3.2s
[DONE] evaluation__7777__deblur__restore__nes__l1 calls=1021 margin 2.94->5.20 t=3.3s
[DONE] evaluation__7777__deblur__confidence_boost__nes__l1 calls=1021 margin 2.94->14.95 t=3.0s
[DONE] evaluation__3317__denoise__attack__nes__l0.5 calls=1021 margin 7.78->-3.53 t=3.6s
[DONE] evaluation__3317__denoise__restore__nes__l0.5 calls=1021 margin 7.78->6.86 t=3.3s
[DONE] evaluation__3317__denoise__confidence_boost__nes__l0.5 calls=1021 margin 7.78->12.87 t=3.0s
[DONE] evaluation__3317__deblur__attack__nes__l1 calls=1021 margin 9.78->-2.00 t=2.9s
[DONE] evaluation__3317__deblur__restore__nes__l1 calls=1021 margin 9.78->8.10 t=3.4s
[DONE] evaluation__3317__deblur__confidence_boost__nes__l1 calls=1021 margin 9.78->15.42 t=3.3s
[DONE] evaluation__5606__denoise__attack__nes__l0.5 calls=1021 margin 7.08->-3.01 t=3.2s
[DONE] evaluation__5606__denoise__restore__nes__l0.5 calls=1021 margin 7.08->7.17 t=3.4s
[DONE] evaluation__5606__denoise__confidence_boost__nes__l0.5 calls=1021 margin 7.08->14.73 t=3.8s
[DONE] evaluation__5606__deblur__attack__nes__l1 calls=1021 margin 12.35->-1.08 t=3.0s
[DONE] evaluation__5606__deblur__restore__nes__l1 calls=1021 margin 12.35->13.70 t=3.1s
[DONE] evaluation__5606__deblur__confidence_boost__nes__l1 calls=1021 margin 12.35->17.85 t=3.2s
[DONE] evaluation__8560__denoise__attack__nes__l0.5 calls=1021 margin 4.47->-4.37 t=3.7s
[DONE] evaluation__8560__denoise__restore__nes__l0.5 calls=1021 margin 4.47->3.42 t=3.5s
[DONE] evaluation__8560__denoise__confidence_boost__nes__l0.5 calls=1021 margin 4.47->11.14 t=3.5s
[DONE] evaluation__8560__deblur__attack__nes__l1 calls=1021 margin 4.32->-7.57 t=3.6s
[DONE] evaluation__8560__deblur__restore__nes__l1 calls=1021 margin 4.32->3.69 t=3.6s
[DONE] evaluation__8560__deblur__confidence_boost__nes__l1 calls=1021 margin 4.32->11.87 t=3.7s
[DONE] evaluation__3138__denoise__attack__nes__l0.5 calls=1021 margin 0.22->-7.49 t=3.1s
[DONE] evaluation__3138__denoise__restore__nes__l0.5 calls=1021 margin 0.22->1.89 t=3.5s
[DONE] evaluation__3138__denoise__confidence_boost__nes__l0.5 calls=1021 margin 0.22->6.79 t=3.1s
[DONE] evaluation__3138__deblur__attack__nes__l1 calls=1021 margin 7.00->-4.95 t=3.0s
[DONE] evaluation__3138__deblur__restore__nes__l1 calls=1021 margin 7.00->6.50 t=3.3s
[DONE] evaluation__3138__deblur__confidence_boost__nes__l1 calls=1021 margin 7.00->11.52 t=3.3s
[DONE] evaluation__6395__denoise__attack__nes__l0.5 calls=1021 margin 2.43->-7.45 t=3.3s
[DONE] evaluation__6395__denoise__restore__nes__l0.5 calls=1021 margin 2.43->2.86 t=3.1s
[DONE] evaluation__6395__denoise__confidence_boost__nes__l0.5 calls=1021 margin 2.43->9.01 t=3.3s
[DONE] evaluation__6395__deblur__attack__nes__l1 calls=1021 margin 8.11->-6.01 t=3.7s
[DONE] evaluation__6395__deblur__restore__nes__l1 calls=1021 margin 8.11->9.19 t=3.4s
[DONE] evaluation__6395__deblur__confidence_boost__nes__l1 calls=1021 margin 8.11->13.95 t=3.3s
[DONE] evaluation__2148__denoise__attack__nes__l0.5 calls=1021 margin 5.24->-1.17 t=3.4s
[DONE] evaluation__2148__denoise__restore__nes__l0.5 calls=1021 margin 5.24->5.66 t=3.4s
[DONE] evaluation__2148__denoise__confidence_boost__nes__l0.5 calls=1021 margin 5.24->9.44 t=3.3s
[DONE] evaluation__2148__deblur__attack__nes__l1 calls=1021 margin 7.67->0.58 t=3.8s
[DONE] evaluation__2148__deblur__restore__nes__l1 calls=1021 margin 7.67->7.05 t=3.3s
[DONE] evaluation__2148__deblur__confidence_boost__nes__l1 calls=1021 margin 7.67->11.68 t=3.3s
[DONE] evaluation__6749__denoise__attack__nes__l0.5 calls=1021 margin 9.63->-2.06 t=3.4s
[DONE] evaluation__6749__denoise__restore__nes__l0.5 calls=1021 margin 9.63->9.53 t=3.4s
[DONE] evaluation__6749__denoise__confidence_boost__nes__l0.5 calls=1021 margin 9.63->12.21 t=3.4s
[DONE] evaluation__6749__deblur__attack__nes__l1 calls=1021 margin 11.82->2.15 t=3.4s
[DONE] evaluation__6749__deblur__restore__nes__l1 calls=1021 margin 11.82->11.76 t=3.6s
[DONE] evaluation__6749__deblur__confidence_boost__nes__l1 calls=1021 margin 11.82->13.97 t=3.2s
[DONE] evaluation__9362__denoise__attack__nes__l0.5 calls=1021 margin 3.72->-8.33 t=3.2s
[DONE] evaluation__9362__denoise__restore__nes__l0.5 calls=1021 margin 3.72->1.40 t=3.4s
[DONE] evaluation__9362__denoise__confidence_boost__nes__l0.5 calls=1021 margin 3.72->9.56 t=3.5s
[DONE] evaluation__9362__deblur__attack__nes__l1 calls=1021 margin 0.76->-10.87 t=3.4s
[DONE] evaluation__9362__deblur__restore__nes__l1 calls=1021 margin 0.76->0.47 t=3.8s
[DONE] evaluation__9362__deblur__confidence_boost__nes__l1 calls=1021 margin 0.76->10.51 t=3.3s
[DONE] fit__7533__denoise__attack__nes__l0.5 calls=1021 margin 3.67->-5.95 t=3.1s
[DONE] fit__7533__denoise__restore__nes__l0.5 calls=1021 margin 3.67->3.86 t=3.2s
[DONE] fit__7533__denoise__confidence_boost__nes__l0.5 calls=1021 margin 3.67->11.65 t=2.9s
[DONE] fit__7533__deblur__attack__nes__l1 calls=1021 margin 8.39->-7.74 t=3.1s
[DONE] fit__7533__deblur__restore__nes__l1 calls=1021 margin 8.39->4.25 t=3.4s
[DONE] fit__7533__deblur__confidence_boost__nes__l1 calls=1021 margin 8.39->12.25 t=3.4s
[DONE] fit__6117__denoise__attack__nes__l0.5 calls=1021 margin 3.25->-6.40 t=3.3s
[DONE] fit__6117__denoise__restore__nes__l0.5 calls=1021 margin 3.25->2.94 t=3.4s
[DONE] fit__6117__denoise__confidence_boost__nes__l0.5 calls=1021 margin 3.25->10.19 t=3.3s
[DONE] fit__6117__deblur__attack__nes__l1 calls=1021 margin 7.15->-7.79 t=3.6s
[DONE] fit__6117__deblur__restore__nes__l1 calls=1021 margin 7.15->4.85 t=3.4s
[DONE] fit__6117__deblur__confidence_boost__nes__l1 calls=1021 margin 7.15->11.61 t=3.4s
[DONE] fit__3480__denoise__attack__nes__l0.5 calls=1021 margin 8.33->-3.57 t=3.5s
[DONE] fit__3480__denoise__restore__nes__l0.5 calls=1021 margin 8.33->8.82 t=3.5s
[DONE] fit__3480__denoise__confidence_boost__nes__l0.5 calls=1021 margin 8.33->15.05 t=3.5s
[DONE] fit__3480__deblur__attack__nes__l1 calls=1021 margin 8.20->-6.79 t=3.2s
[DONE] fit__3480__deblur__restore__nes__l1 calls=1021 margin 8.20->10.08 t=3.3s
[DONE] fit__3480__deblur__confidence_boost__nes__l1 calls=1021 margin 8.20->14.89 t=3.2s
[DONE] fit__2684__denoise__attack__nes__l0.5 calls=1021 margin 0.95->-5.61 t=3.4s
[DONE] fit__2684__denoise__restore__nes__l0.5 calls=1021 margin 0.95->0.63 t=3.3s
[DONE] fit__2684__denoise__confidence_boost__nes__l0.5 calls=1021 margin 0.95->5.88 t=3.1s
[DONE] fit__2684__deblur__attack__nes__l1 calls=1021 margin 1.06->-7.84 t=3.2s
[DONE] fit__2684__deblur__restore__nes__l1 calls=1021 margin 1.06->-0.81 t=3.1s
[DONE] fit__2684__deblur__confidence_boost__nes__l1 calls=1021 margin 1.06->7.31 t=3.3s
[DONE] fit__9226__denoise__attack__nes__l0.5 calls=1021 margin 3.63->-5.56 t=3.1s
[DONE] fit__9226__denoise__restore__nes__l0.5 calls=1021 margin 3.63->2.80 t=3.3s
[DONE] fit__9226__denoise__confidence_boost__nes__l0.5 calls=1021 margin 3.63->8.14 t=3.0s
[DONE] fit__9226__deblur__attack__nes__l1 calls=1021 margin 2.63->-6.20 t=3.6s
[DONE] fit__9226__deblur__restore__nes__l1 calls=1021 margin 2.63->7.10 t=3.6s
[DONE] fit__9226__deblur__confidence_boost__nes__l1 calls=1021 margin 2.63->12.13 t=3.3s
[DONE] fit__5329__denoise__attack__nes__l0.5 calls=1021 margin 5.61->-6.48 t=3.0s
[DONE] fit__5329__denoise__restore__nes__l0.5 calls=1021 margin 5.61->4.78 t=3.0s
[DONE] fit__5329__denoise__confidence_boost__nes__l0.5 calls=1021 margin 5.61->11.59 t=3.0s
[DONE] fit__5329__deblur__attack__nes__l1 calls=1021 margin 11.43->1.41 t=2.9s
[DONE] fit__5329__deblur__restore__nes__l1 calls=1021 margin 11.43->12.50 t=3.0s
[DONE] fit__5329__deblur__confidence_boost__nes__l1 calls=1021 margin 11.43->15.67 t=3.2s
[DONE] fit__4641__denoise__attack__nes__l0.5 calls=1021 margin 2.59->-8.17 t=3.3s
[DONE] fit__4641__denoise__restore__nes__l0.5 calls=1021 margin 2.59->2.36 t=3.2s
[DONE] fit__4641__denoise__confidence_boost__nes__l0.5 calls=1021 margin 2.59->8.12 t=3.1s
[DONE] fit__4641__deblur__attack__nes__l1 calls=1021 margin 8.97->-6.99 t=3.4s
[DONE] fit__4641__deblur__restore__nes__l1 calls=1021 margin 8.97->7.44 t=3.3s
[DONE] fit__4641__deblur__confidence_boost__nes__l1 calls=1021 margin 8.97->12.32 t=3.3s
[DONE] fit__4150__denoise__attack__nes__l0.5 calls=1021 margin 10.09->-2.60 t=3.3s
[DONE] fit__4150__denoise__restore__nes__l0.5 calls=1021 margin 10.09->9.06 t=3.6s
[DONE] fit__4150__denoise__confidence_boost__nes__l0.5 calls=1021 margin 10.09->15.97 t=3.2s
[DONE] fit__4150__deblur__attack__nes__l1 calls=1021 margin 4.57->-5.60 t=3.1s
[DONE] fit__4150__deblur__restore__nes__l1 calls=1021 margin 4.57->7.56 t=3.2s
[DONE] fit__4150__deblur__confidence_boost__nes__l1 calls=1021 margin 4.57->16.10 t=3.3s
[DONE] fit__955__denoise__attack__nes__l0.5 calls=1021 margin 1.16->-11.26 t=2.8s
[DONE] fit__955__denoise__restore__nes__l0.5 calls=1021 margin 1.16->0.39 t=3.0s
[DONE] fit__955__denoise__confidence_boost__nes__l0.5 calls=1021 margin 1.16->10.09 t=2.5s
[DONE] fit__955__deblur__attack__nes__l1 calls=1021 margin 9.59->-7.07 t=2.7s
[DONE] fit__955__deblur__restore__nes__l1 calls=1021 margin 9.59->3.93 t=2.6s
[DONE] fit__955__deblur__confidence_boost__nes__l1 calls=1021 margin 9.59->13.24 t=2.6s
[DONE] fit__9372__denoise__attack__nes__l0.5 calls=1021 margin 4.51->-5.10 t=2.6s
[DONE] fit__9372__denoise__restore__nes__l0.5 calls=1021 margin 4.51->2.75 t=2.7s
[DONE] fit__9372__denoise__confidence_boost__nes__l0.5 calls=1021 margin 4.51->11.87 t=2.5s
[DONE] fit__9372__deblur__attack__nes__l1 calls=1021 margin 6.26->-2.11 t=2.3s
[DONE] fit__9372__deblur__restore__nes__l1 calls=1021 margin 6.26->5.30 t=2.2s
[DONE] fit__9372__deblur__confidence_boost__nes__l1 calls=1021 margin 6.26->11.71 t=2.2s
[DONE] fit__6684__denoise__attack__nes__l0.5 calls=1021 margin 3.33->-4.94 t=2.3s
[DONE] fit__6684__denoise__restore__nes__l0.5 calls=1021 margin 3.33->2.76 t=2.2s
[DONE] fit__6684__denoise__confidence_boost__nes__l0.5 calls=1021 margin 3.33->10.20 t=2.2s
[DONE] fit__6684__deblur__attack__nes__l1 calls=1021 margin 12.00->-4.83 t=2.2s
[DONE] fit__6684__deblur__restore__nes__l1 calls=1021 margin 12.00->9.90 t=2.2s
[DONE] fit__6684__deblur__confidence_boost__nes__l1 calls=1021 margin 12.00->15.26 t=2.2s
[DONE] fit__5137__denoise__attack__nes__l0.5 calls=1021 margin 7.18->-1.04 t=2.2s
[DONE] fit__5137__denoise__restore__nes__l0.5 calls=1021 margin 7.18->7.21 t=2.2s
[DONE] fit__5137__denoise__confidence_boost__nes__l0.5 calls=1021 margin 7.18->11.42 t=2.2s
[DONE] fit__5137__deblur__attack__nes__l1 calls=1021 margin 13.01->-0.20 t=2.2s
[DONE] fit__5137__deblur__restore__nes__l1 calls=1021 margin 13.01->10.99 t=2.2s
[DONE] fit__5137__deblur__confidence_boost__nes__l1 calls=1021 margin 13.01->13.53 t=2.2s
