[DONE] evaluation__4126__denoise__attack__nes__l0.5 calls=1021 margin 4.25->-4.46 t=3.1s
[DONE] evaluation__4126__denoise__restore__nes__l0.5 calls=1021 margin 4.25->2.70 t=3.2s
[DONE] evaluation__4126__denoise__confidence_boost__nes__l0.5 calls=1021 margin 4.25->9.99 t=3.0s
[DONE] evaluation__4126__deblur__attack__nes__l1 calls=1021 margin 3.11->-3.73 t=2.8s
[DONE] evaluation__4126__deblur__restore__nes__l1 calls=1021 margin 3.11->4.46 t=2.9s
[DONE] evaluation__4126__deblur__confidence_boost__nes__l1 calls=1021 margin 3.11->10.13 t=3.0s
[DONE] evaluation__8884__denoise__attack__nes__l0.5 calls=1021 margin 5.96->-7.50 t=3.1s
[DONE] evaluation__8884__denoise__restore__nes__l0.5 calls=1021 margin 5.96->5.93 t=3.0s
[DONE] evaluation__8884__denoise__confidence_boost__nes__l0.5 calls=1021 margin 5.96->13.34 t=3.0s
[DONE] evaluation__8884__deblur__attack__nes__l1 calls=1021 margin 8.51->-9.43 t=3.2s
[DONE] evaluation__8884__deblur__restore__nes__l1 calls=1021 margin 8.51->3.68 t=3.5s
[DONE] evaluation__8884__deblur__confidence_boost__nes__l1 calls=1021 margin 8.51->14.02 t=3.2s
[DONE] evaluation__122__denoise__attack__nes__l0.5 calls=1021 margin 3.74->-7.03 t=3.1s
[DONE] evaluation__122__denoise__restore__nes__l0.5 calls=1021 margin 3.74->3.57 t=3.4s
[DONE] evaluation__122__denoise__confidence_boost__nes__l0.5 calls=1021 margin 3.74->10.99 t=3.2s
[DONE] evaluation__122__deblur__attack__nes__l1 calls=1021 margin 6.59->-6.82 t=3.3s
[DONE] evaluation__122__deblur__restore__nes__l1 calls=1021 margin 6.59->2.74 t=3.1s
[DONE] evaluation__122__deblur__confidence_boost__nes__l1 calls=1021 margin 6.59->10.74 t=2.9s
[DONE] evaluation__5245__denoise__attack__nes__l0.5 calls=1021 margin 9.81->3.10 t=3.0s
[DONE] evaluation__5245__denoise__restore__nes__l0.5 calls=1021 margin 9.81->9.65 t=2.9s
[DONE] evaluation__5245__denoise__confidence_boost__nes__l0.5 calls=1021 margin 9.81->13.48 t=2.8s
[DONE] evaluation__5245__deblur__attack__nes__l1 calls=1021 margin 11.62->5.11 t=3.1s
[DONE] evaluation__5245__deblur__restore__nes__l1 calls=1021 margin 11.62->11.04 t=2.9s
[DONE] evaluation__5245__deblur__confidence_boost__nes__l1 calls=1021 margin 11.62->13.41 t=3.0s
[DONE] evaluation__8503__denoise__attack__nes__l0.5 calls=1021 margin 1.23->-7.24 t=3.0s
[DONE] evaluation__8503__denoise__restore__nes__l0.5 calls=1021 margin 1.23->0.62 t=3.3s
[DONE] evaluation__8503__denoise__confidence_boost__nes__l0.5 calls=1021 margin 1.23->7.86 t=2.9s
[DONE] evaluation__8503__deblur__attack__nes__l1 calls=1021 margin 5.89->-4.64 t=3.0s
[DONE] evaluation__8503__deblur__restore__nes__l1 calls=1021 margin 5.89->4.39 t=3.1s
[DONE] evaluation__8503__deblur__confidence_boost__nes__l1 calls=1021 margin 5.89->8.86 t=3.1s
[DONE] evaluation__3313__denoise__attack__nes__l0.5 calls=1021 margin 10.67->-3.58 t=3.3s
[DONE] evaluation__3313__denoise__restore__nes__l0.5 calls=1021 margin 10.67->9.10 t=3.0s
[DONE] evaluation__3313__denoise__confidence_boost__nes__l0.5 calls=1021 margin 10.67->15.95 t=3.1s
[DONE] evaluation__3313__deblur__attack__nes__l1 calls=1021 margin 13.40->-4.31 t=3.1s
[DONE] evaluation__3313__deblur__restore__nes__l1 calls=1021 margin 13.40->10.25 t=3.1s
[DONE] evaluation__3313__deblur__confidence_boost__nes__l1 calls=1021 margin 13.40->18.45 t=3.1s
[DONE] evaluation__7340__denoise__attack__nes__l0.5 calls=1021 margin 2.73->-9.94 t=2.9s
[DONE] evaluation__7340__denoise__restore__nes__l0.5 calls=1021 margin 2.73->0.46 t=2.7s
[DONE] evaluation__7340__denoise__confidence_boost__nes__l0.5 calls=1021 margin 2.73->10.63 t=2.9s
[DONE] evaluation__7340__deblur__attack__nes__l1 calls=1021 margin 8.76->-11.10 t=3.6s
[DONE] evaluation__7340__deblur__restore__nes__l1 calls=1021 margin 8.76->5.56 t=3.2s
[DONE] evaluation__7340__deblur__confidence_boost__nes__l1 calls=1021 margin 8.76->14.35 t=3.4s
[DONE] evaluation__1603__denoise__attack__nes__l0.5 calls=1021 margin 0.13->-10.62 t=3.2s
[DONE] evaluation__1603__denoise__restore__nes__l0.5 calls=1021 margin 0.13->-0.81 t=3.3s
[DONE] evaluation__1603__denoise__confidence_boost__nes__l0.5 calls=1021 margin 0.13->8.14 t=3.4s
[DONE] evaluation__1603__deblur__attack__nes__l1 calls=1021 margin 5.62->-5.66 t=3.3s
[DONE] evaluation__1603__deblur__restore__nes__l1 calls=1021 margin 5.62->5.26 t=3.1s
[DONE] evaluation__1603__deblur__confidence_boost__nes__l1 calls=1021 margin 5.62->10.66 t=3.1s
[DONE] evaluation__5732__denoise__attack__nes__l0.5 calls=1021 margin 4.26->-5.11 t=3.1s
[DONE] evaluation__5732__denoise__restore__nes__l0.5 calls=1021 margin 4.26->3.76 t=3.4s
[DONE] evaluation__5732__denoise__confidence_boost__nes__l0.5 calls=1021 margin 4.26->10.66 t=3.2s
[DONE] evaluation__5732__deblur__attack__nes__l1 calls=1021 margin 6.00->-9.58 t=3.2s
[DONE] evaluation__5732__deblur__restore__nes__l1 calls=1021 margin 6.00->6.01 t=3.1s
[DONE] evaluation__5732__deblur__confidence_boost__nes__l1 calls=1021 margin 6.00->13.27 t=3.1s
[DONE] evaluation__8739__denoise__attack__nes__l0.5 calls=1021 margin 3.66->-7.89 t=3.0s
[DONE] evaluation__8739__denoise__restore__nes__l0.5 calls=1021 margin 3.66->3.29 t=2.9s
[DONE] evaluation__8739__denoise__confidence_boost__nes__l0.5 calls=1021 margin 3.66->10.93 t=3.3s
[DONE] evaluation__8739__deblur__attack__nes__l1 calls=1021 margin 5.77->-8.54 t=3.3s
[DONE] evaluation__8739__deblur__restore__nes__l1 calls=1021 margin 5.77->6.55 t=3.3s
[DONE] evaluation__8739__deblur__confidence_boost__nes__l1 calls=1021 margin 5.77->12.79 t=3.2s
[DONE] evaluation__3809__denoise__attack__nes__l0.5 calls=1021 margin 1.50->-9.31 t=3.5s
[DONE] evaluation__3809__denoise__restore__nes__l0.5 calls=1021 margin 1.50->2.26 t=3.5s
[DONE] evaluation__3809__denoise__confidence_boost__nes__l0.5 calls=1021 margin 1.50->9.48 t=3.4s
[DONE] evaluation__3809__deblur__attack__nes__l1 calls=1021 margin 7.89->-8.12 t=3.3s
[DONE] evaluation__3809__deblur__restore__nes__l1 calls=1021 margin 7.89->6.63 t=3.0s
[DONE] evaluation__3809__deblur__confidence_boost__nes__l1 calls=1021 margin 7.89->13.84 t=3.3s
[DONE] evaluation__7916__denoise__attack__nes__l0.5 calls=1021 margin 5.12->-1.09 t=3.1s
[DONE] evaluation__7916__denoise__restore__nes__l0.5 calls=1021 margin 5.12->5.31 t=3.4s
[DONE] evaluation__7916__denoise__confidence_boost__nes__l0.5 calls=1021 margin 5.12->10.02 t=3.4s
[DONE] evaluation__7916__deblur__attack__nes__l1 calls=1021 margin 2.65->-2.16 t=3.3s
[DONE] evaluation__7916__deblur__restore__nes__l1 calls=1021 margin 2.65->5.72 t=3.2s
[DONE] evaluation__7916__deblur__confidence_boost__nes__l1 calls=1021 margin 2.65->11.11 t=2.9s
[DONE] evaluation__1745__denoise__attack__nes__l0.5 calls=1021 margin 3.11->-6.79 t=3.2s
[DONE] evaluation__1745__denoise__restore__nes__l0.5 calls=1021 margin 3.11->1.51 t=3.5s
[DONE] evaluation__1745__denoise__confidence_boost__nes__l0.5 calls=1021 margin 3.11->8.33 t=3.3s
[DONE] evaluation__1745__deblur__attack__nes__l1 calls=1021 margin 5.99->-2.21 t=3.1s
[DONE] evaluation__1745__deblur__restore__nes__l1 calls=1021 margin 5.99->6.02 t=3.0s
[DONE] evaluation__1745__deblur__confidence_boost__nes__l1 calls=1021 margin 5.99->12.56 t=3.2s
[DONE] evaluation__5947__denoise__attack__nes__l0.5 calls=1021 margin 7.93->-6.01 t=3.0s
[DONE] evaluation__5947__denoise__restore__nes__l0.5 calls=1021 margin 7.93->7.33 t=3.1s
[DONE] evaluation__5947__denoise__confidence_boost__nes__l0.5 calls=1021 margin 7.93->12.06 t=3.2s
[DONE] evaluation__5947__deblur__attack__nes__l1 calls=1021 margin 3.56->-5.30 t=3.1s
[DONE] evaluation__5947__deblur__restore__nes__l1 calls=1021 margin 3.56->5.74 t=3.1s
[DONE] evaluation__5947__deblur__confidence_boost__nes__l1 calls=1021 margin 3.56->12.07 t=2.9s
[DONE] evaluation__9540__denoise__attack__nes__l0.5 calls=1021 margin 4.97->-5.32 t=2.9s
[DONE] evaluation__9540__denoise__restore__nes__l0.5 calls=1021 margin 4.97->4.44 t=3.3s
[DONE] evaluation__9540__denoise__confidence_boost__nes__l0.5 calls=1021 margin 4.97->11.59 t=3.1s
[DONE] evaluation__9540__deblur__attack__nes__l1 calls=1021 margin 9.42->-4.49 t=3.2s
[DONE] evaluation__9540__deblur__restore__nes__l1 calls=1021 margin 9.42->7.21 t=3.1s
[DONE] evaluation__9540__deblur__confidence_boost__nes__l1 calls=1021 margin 9.42->14.51 t=3.0s
[DONE] evaluation__4127__denoise__attack__nes__l0.5 calls=1021 margin 6.54->-0.75 t=3.0s
[DONE] evaluation__4127__denoise__restore__nes__l0.5 calls=1021 margin 6.54->6.38 t=2.9s
[DONE] evaluation__4127__denoise__confidence_boost__nes__l0.5 calls=1021 margin 6.54->11.93 t=3.5s
[DONE] evaluation__4127__deblur__attack__nes__l1 calls=1021 margin 3.01->-8.20 t=3.5s
[DONE] evaluation__4127__deblur__restore__nes__l1 calls=1021 margin 3.01->3.93 t=3.2s
[DONE] evaluation__4127__deblur__confidence_boost__nes__l1 calls=1021 margin 3.01->12.80 t=3.1s
[DONE] evaluation__7337__denoise__attack__nes__l0.5 calls=1021 margin 3.22->-6.21 t=3.3s
[DONE] evaluation__7337__denoise__restore__nes__l0.5 calls=1021 margin 3.22->3.47 t=3.2s
[DONE] evaluation__7337__denoise__confidence_boost__nes__l0.5 calls=1021 margin 3.22->10.30 t=3.0s
[DONE] evaluation__7337__deblur__attack__nes__l1 calls=1021 margin 13.81->-8.29 t=3.1s
[DONE] evaluation__7337__deblur__restore__nes__l1 calls=1021 margin 13.81->6.06 t=3.1s
[DONE] evaluation__7337__deblur__confidence_boost__nes__l1 calls=1021 margin 13.81->14.65 t=3.0s
[DONE] evaluation__1966__denoise__attack__nes__l0.5 calls=1021 margin 4.87->-6.22 t=3.1s
[DONE] evaluation__1966__denoise__restore__nes__l0.5 calls=1021 margin 4.87->4.05 t=3.2s
[DONE] evaluation__1966__denoise__confidence_boost__nes__l0.5 calls=1021 margin 4.87->10.90 t=3.0s
[DONE] evaluation__1966__deblur__attack__nes__l1 calls=1021 margin 9.50->-5.39 t=3.1s
[DONE] evaluation__1966__deblur__restore__nes__l1 calls=1021 margin 9.50->7.29 t=2.9s
[DONE] evaluation__1966__deblur__confidence_boost__nes__l1 calls=1021 margin 9.50->12.65 t=3.2s
[DONE] evaluation__5246__denoise__attack__nes__l0.5 calls=1021 margin 5.68->-5.24 t=3.2s
[DONE] evaluation__5246__denoise__restore__nes__l0.5 calls=1021 margin 5.68->5.14 t=3.2s
[DONE] evaluation__5246__denoise__confidence_boost__nes__l0.5 calls=1021 margin 5.68->13.58 t=3.2s
[DONE] evaluation__5246__deblur__attack__nes__l1 calls=1021 margin 8.58->-7.07 t=3.1s
[DONE] evaluation__5246__deblur__restore__nes__l1 calls=1021 margin 8.58->8.80 t=2.9s
[DONE] evaluation__5246__deblur__confidence_boost__nes__l1 calls=1021 margin 8.58->14.24 t=3.1s
[DONE] evaluation__8466__denoise__attack__nes__l0.5 calls=1021 margin 3.74->-4.53 t=3.3s
[DONE] evaluation__8466__denoise__restore__nes__l0.5 calls=1021 margin 3.74->4.18 t=3.3s
[DONE] evaluation__8466__denoise__confidence_boost__nes__l0.5 calls=1021 margin 3.74->9.87 t=3.0s
[DONE] evaluation__8466__deblur__attack__nes__l1 calls=1021 margin 9.87->-6.24 t=3.2s
[DONE] evaluation__8466__deblur__restore__nes__l1 calls=1021 margin 9.87->6.76 t=3.2s
[DONE] evaluation__8466__deblur__confidence_boost__nes__l1 calls=1021 margin 9.87->16.18 t=3.4s
[DONE] evaluation__2196__denoise__attack__nes__l0.5 calls=1021 margin 0.27->-8.21 t=2.9s
[DONE] evaluation__2196__denoise__restore__nes__l0.5 calls=1021 margin 0.27->-0.75 t=2.9s
[DONE] evaluation__2196__denoise__confidence_boost__nes__l0.5 calls=1021 margin 0.27->10.08 t=2.9s
[DONE] evaluation__2196__deblur__attack__nes__l1 calls=1021 margin 11.40->-4.79 t=2.9s
[DONE] evaluation__2196__deblur__restore__nes__l1 calls=1021 margin 11.40->9.86 t=3.2s
[DONE] evaluation__2196__deblur__confidence_boost__nes__l1 calls=1021 margin 11.40->14.96 t=3.0s
[DONE] evaluation__5383__denoise__attack__nes__l0.5 calls=1021 margin 4.63->-2.62 t=3.1s
[DONE] evaluation__5383__denoise__restore__nes__l0.5 calls=1021 margin 4.63->4.86 t=2.9s
[DONE] evaluation__5383__denoise__confidence_boost__nes__l0.5 calls=1021 margin 4.63->9.40 t=3.3s
[DONE] evaluation__5383__deblur__attack__nes__l1 calls=1021 margin 8.43->-7.01 t=3.3s
[DONE] evaluation__5383__deblur__restore__nes__l1 calls=1021 margin 8.43->10.13 t=3.3s
[DONE] evaluation__5383__deblur__confidence_boost__nes__l1 calls=1021 margin 8.43->14.86 t=2.9s
[DONE] evaluation__1654__denoise__attack__nes__l0.5 calls=1021 margin 3.39->-4.09 t=2.8s
[DONE] evaluation__1654__denoise__restore__nes__l0.5 calls=1021 margin 3.39->2.31 t=3.2s
[DONE] evaluation__1654__denoise__confidence_boost__nes__l0.5 calls=1021 margin 3.39->9.04 t=3.0s
[DONE] evaluation__1654__deblur__attack__nes__l1 calls=1021 margin 4.10->-8.76 t=3.5s
[DONE] evaluation__1654__deblur__restore__nes__l1 calls=1021 margin 4.10->1.40 t=3.1s
[DONE] evaluation__1654__deblur__confidence_boost__nes__l1 calls=1021 margin 4.10->10.05 t=3.2s
[DONE] evaluation__6724__denoise__attack__nes__l0.5 calls=1021 margin 3.16->-9.15 t=3.2s
[DONE] evaluation__6724__denoise__restore__nes__l0.5 calls=1021 margin 3.16->2.78 t=3.3s
[DONE] evaluation__6724__denoise__confidence_boost__nes__l0.5 calls=1021 margin 3.16->10.70 t=3.3s
[DONE] evaluation__6724__deblur__attack__nes__l1 calls=1021 margin 8.31->-6.95 t=3.3s
[DONE] evaluation__6724__deblur__restore__nes__l1 calls=1021 margin 8.31->10.08 t=3.2s
[DONE] evaluation__6724__deblur__confidence_boost__nes__l1 calls=1021 margin 8.31->12.97 t=3.1s
[DONE] evaluation__9247__denoise__attack__nes__l0.5 calls=1021 margin 6.08->-5.27 t=3.0s
[DONE] evaluation__9247__denoise__restore__nes__l0.5 calls=1021 margin 6.08->6.73 t=3.0s
[DONE] evaluation__9247__denoise__confidence_boost__nes__l0.5 calls=1021 margin 6.08->12.40 t=3.1s
[DONE] evaluation__9247__deblur__attack__nes__l1 calls=1021 margin 11.74->-2.57 t=3.1s
[DONE] evaluation__9247__deblur__restore__nes__l1 calls=1021 margin 11.74->9.51 t=3.3s
[DONE] evaluation__9247__deblur__confidence_boost__nes__l1 calls=1021 margin 11.74->15.43 t=3.0s
[DONE] fit__6772__denoise__attack__nes__l0.5 calls=1021 margin 2.57->-8.32 t=3.4s
[DONE] fit__6772__denoise__restore__nes__l0.5 calls=1021 margin 2.57->1.41 t=3.3s
[DONE] fit__6772__denoise__confidence_boost__nes__l0.5 calls=1021 margin 2.57->11.92 t=3.2s
[DONE] fit__6772__deblur__attack__nes__l1 calls=1021 margin 4.90->-8.06 t=3.2s
[DONE] fit__6772__deblur__restore__nes__l1 calls=1021 margin 4.90->3.37 t=3.0s
[DONE] fit__6772__deblur__confidence_boost__nes__l1 calls=1021 margin 4.90->13.45 t=3.1s
[DONE] fit__4954__denoise__attack__nes__l0.5 calls=1021 margin 0.45->-9.82 t=3.3s
[DONE] fit__4954__denoise__restore__nes__l0.5 calls=1021 margin 0.45->-1.56 t=3.0s
[DONE] fit__4954__denoise__confidence_boost__nes__l0.5 calls=1021 margin 0.45->6.46 t=3.0s
[DONE] fit__4954__deblur__attack__nes__l1 calls=1021 margin 4.60->-10.59 t=3.2s
[DONE] fit__4954__deblur__restore__nes__l1 calls=1021 margin 4.60->0.52 t=2.9s
[DONE] fit__4954__deblur__confidence_boost__nes__l1 calls=1021 margin 4.60->8.16 t=2.8s
[DONE] fit__2695__denoise__attack__nes__l0.5 calls=1021 margin 1.27->-8.17 t=3.2s
[DONE] fit__2695__denoise__restore__nes__l0.5 calls=1021 margin 1.27->0.67 t=3.2s
[DONE] fit__2695__denoise__confidence_boost__nes__l0.5 calls=1021 margin 1.27->8.98 t=3.2s
[DONE] fit__2695__deblur__attack__nes__l1 calls=1021 margin 4.53->-11.53 t=3.1s
[DONE] fit__2695__deblur__restore__nes__l1 calls=1021 margin 4.53->3.76 t=3.6s
[DONE] fit__2695__deblur__confidence_boost__nes__l1 calls=1021 margin 4.53->12.47 t=3.3s
[DONE] fit__573__denoise__attack__nes__l0.5 calls=1021 margin 7.80->-7.95 t=3.3s
[DONE] fit__573__denoise__restore__nes__l0.5 calls=1021 margin 7.80->6.09 t=3.1s
[DONE] fit__573__denoise__confidence_boost__nes__l0.5 calls=1021 margin 7.80->12.67 t=3.3s
[DONE] fit__573__deblur__attack__nes__l1 calls=1021 margin 5.28->-11.44 t=3.4s
[DONE] fit__573__deblur__restore__nes__l1 calls=1021 margin 5.28->5.01 t=3.3s
[DONE] fit__573__deblur__confidence_boost__nes__l1 calls=1021 margin 5.28->12.92 t=3.3s
[DONE] fit__9198__denoise__attack__nes__l0.5 calls=1021 margin 1.15->-8.26 t=3.1s
[DONE] fit__9198__denoise__restore__nes__l0.5 calls=1021 margin 1.15->1.38 t=2.9s
[DONE] fit__9198__denoise__confidence_boost__nes__l0.5 calls=1021 margin 1.15->8.56 t=3.1s
[DONE] fit__9198__deblur__attack__nes__l1 calls=1021 margin 4.90->-4.12 t=3.4s
[DONE] fit__9198__deblur__restore__nes__l1 calls=1021 margin 4.90->5.95 t=3.2s
[DONE] fit__9198__deblur__confidence_boost__nes__l1 calls=1021 margin 4.90->13.30 t=3.2s
[DONE] fit__3507__denoise__attack__nes__l0.5 calls=1021 margin 9.52->-9.29 t=3.1s
[DONE] fit__3507__denoise__restore__nes__l0.5 calls=1021 margin 9.52->8.95 t=3.2s
[DONE] fit__3507__denoise__confidence_boost__nes__l0.5 calls=1021 margin 9.52->14.61 t=3.1s
[DONE] fit__3507__deblur__attack__nes__l1 calls=1021 margin 10.64->-12.14 t=3.2s
[DONE] fit__3507__deblur__restore__nes__l1 calls=1021 margin 10.64->3.09 t=3.2s
[DONE] fit__3507__deblur__confidence_boost__nes__l1 calls=1021 margin 10.64->16.02 t=3.1s
[DONE] fit__4420__denoise__attack__nes__l0.5 calls=1021 margin 0.77->-12.70 t=3.2s
[DONE] fit__4420__denoise__restore__nes__l0.5 calls=1021 margin 0.77->-1.69 t=3.4s
[DONE] fit__4420__denoise__confidence_boost__nes__l0.5 calls=1021 margin 0.77->8.48 t=3.4s
[DONE] fit__4420__deblur__attack__nes__l1 calls=1021 margin 7.40->-7.07 t=3.4s
[DONE] fit__4420__deblur__restore__nes__l1 calls=1021 margin 7.40->8.85 t=3.0s
[DONE] fit__4420__deblur__confidence_boost__nes__l1 calls=1021 margin 7.40->12.84 t=2.9s
[DONE] fit__1688__denoise__attack__nes__l0.5 calls=1021 margin 13.61->5.23 t=2.9s
[DONE] fit__1688__denoise__restore__nes__l0.5 calls=1021 margin 13.61->14.35 t=2.8s
[DONE] fit__1688__denoise__confidence_boost__nes__l0.5 calls=1021 margin 13.61->17.03 t=3.0s
[DONE] fit__1688__deblur__attack__nes__l1 calls=1021 margin 12.06->2.61 t=2.9s
[DONE] fit__1688__deblur__restore__nes__l1 calls=1021 margin 12.06->14.97 t=3.0s
[DONE] fit__1688__deblur__confidence_boost__nes__l1 calls=1021 margin 12.06->18.23 t=3.0s
[DONE] fit__743__denoise__attack__nes__l0.5 calls=1021 margin 2.99->-4.59 t=3.0s
[DONE] fit__743__denoise__restore__nes__l0.5 calls=1021 margin 2.99->2.14 t=3.2s
[DONE] fit__743__denoise__confidence_boost__nes__l0.5 calls=1021 margin 2.99->9.23 t=3.1s
[DONE] fit__743__deblur__attack__nes__l1 calls=1021 margin 9.96->-8.80 t=3.2s
[DONE] fit__743__deblur__restore__nes__l1 calls=1021 margin 9.96->6.58 t=2.8s
[DONE] fit__743__deblur__confidence_boost__nes__l1 calls=1021 margin 9.96->12.51 t=2.9s
[DONE] fit__7703__denoise__attack__nes__l0.5 calls=1021 margin 6.23->-5.43 t=3.0s
[DONE] fit__7703__denoise__restore__nes__l0.5 calls=1021 margin 6.23->5.05 t=2.9s
[DONE] fit__7703__denoise__confidence_boost__nes__l0.5 calls=1021 margin 6.23->10.44 t=2.9s
[DONE] fit__7703__deblur__attack__nes__l1 calls=1021 margin 7.26->-4.53 t=3.1s
[DONE] fit__7703__deblur__restore__nes__l1 calls=1021 margin 7.26->5.95 t=3.2s
[DONE] fit__7703__deblur__confidence_boost__nes__l1 calls=1021 margin 7.26->11.09 t=2.8s
[DONE] fit__4865__denoise__attack__nes__l0.5 calls=1021 margin 3.12->-7.44 t=2.9s
[DONE] fit__4865__denoise__restore__nes__l0.5 calls=1021 margin 3.12->2.37 t=3.0s
[DONE] fit__4865__denoise__confidence_boost__nes__l0.5 calls=1021 margin 3.12->8.37 t=3.1s
[DONE] fit__4865__deblur__attack__nes__l1 calls=1021 margin 0.90->-11.19 t=2.9s
[DONE] fit__4865__deblur__restore__nes__l1 calls=1021 margin 0.90->1.30 t=3.0s
[DONE] fit__4865__deblur__confidence_boost__nes__l1 calls=1021 margin 0.90->9.13 t=2.8s
[DONE] fit__4336__denoise__attack__nes__l0.5 calls=1021 margin 9.51->0.70 t=2.6s
[DONE] fit__4336__denoise__restore__nes__l0.5 calls=1021 margin 9.51->9.93 t=2.6s
[DONE] fit__4336__denoise__confidence_boost__nes__l0.5 calls=1021 margin 9.51->12.95 t=2.6s
[DONE] fit__4336__deblur__attack__nes__l1 calls=1021 margin 9.82->-3.44 t=2.6s
[DONE] fit__4336__deblur__restore__nes__l1 calls=1021 margin 9.82->12.23 t=2.7s
[DONE] fit__4336__deblur__confidence_boost__nes__l1 calls=1021 margin 9.82->14.92 t=2.4s
