[DONE] evaluation__3568__denoise__attack__nes__l0.5 calls=1021 margin 4.96->-5.41 t=3.2s
[DONE] evaluation__3568__denoise__restore__nes__l0.5 calls=1021 margin 4.96->3.19 t=2.7s
[DONE] evaluation__3568__denoise__confidence_boost__nes__l0.5 calls=1021 margin 4.96->11.02 t=2.5s
[DONE] evaluation__3568__deblur__attack__nes__l1 calls=1021 margin 7.51->-8.50 t=3.0s
[DONE] evaluation__3568__deblur__restore__nes__l1 calls=1021 margin 7.51->4.19 t=3.0s
[DONE] evaluation__3568__deblur__confidence_boost__nes__l1 calls=1021 margin 7.51->13.11 t=2.6s
[DONE] evaluation__7748__denoise__attack__nes__l0.5 calls=1021 margin 6.00->-2.60 t=2.9s
[DONE] evaluation__7748__denoise__restore__nes__l0.5 calls=1021 margin 6.00->5.80 t=2.9s
[DONE] evaluation__7748__denoise__confidence_boost__nes__l0.5 calls=1021 margin 6.00->12.09 t=2.9s
[DONE] evaluation__7748__deblur__attack__nes__l1 calls=1021 margin 7.34->-4.18 t=2.9s
[DONE] evaluation__7748__deblur__restore__nes__l1 calls=1021 margin 7.34->8.23 t=3.0s
[DONE] evaluation__7748__deblur__confidence_boost__nes__l1 calls=1021 margin 7.34->14.94 t=3.2s
[DONE] evaluation__6__denoise__attack__nes__l0.5 calls=1021 margin 1.17->-11.78 t=3.6s
[DONE] evaluation__6__denoise__restore__nes__l0.5 calls=1021 margin 1.17->1.53 t=3.4s
[DONE] evaluation__6__denoise__confidence_boost__nes__l0.5 calls=1021 margin 1.17->9.30 t=3.5s
[DONE] evaluation__6__deblur__attack__nes__l1 calls=1021 margin 0.18->-14.19 t=3.3s
[DONE] evaluation__6__deblur__restore__nes__l1 calls=1021 margin 0.18->0.15 t=3.4s
[DONE] evaluation__6__deblur__confidence_boost__nes__l1 calls=1021 margin 0.18->7.38 t=3.3s
[DONE] evaluation__3020__denoise__attack__nes__l0.5 calls=1021 margin 3.40->-7.96 t=3.4s
[DONE] evaluation__3020__denoise__restore__nes__l0.5 calls=1021 margin 3.40->3.96 t=3.5s
[DONE] evaluation__3020__denoise__confidence_boost__nes__l0.5 calls=1021 margin 3.40->9.82 t=3.6s
[DONE] evaluation__3020__deblur__attack__nes__l1 calls=1021 margin 8.54->-8.04 t=3.2s
[DONE] evaluation__3020__deblur__restore__nes__l1 calls=1021 margin 8.54->5.91 t=3.4s
[DONE] evaluation__3020__deblur__confidence_boost__nes__l1 calls=1021 margin 8.54->11.89 t=3.2s
[DONE] evaluation__8123__denoise__attack__nes__l0.5 calls=1021 margin 4.76->-2.97 t=3.5s
[DONE] evaluation__8123__denoise__restore__nes__l0.5 calls=1021 margin 4.76->4.25 t=3.4s
[DONE] evaluation__8123__denoise__confidence_boost__nes__l0.5 calls=1021 margin 4.76->10.00 t=3.5s
[DONE] evaluation__8123__deblur__attack__nes__l1 calls=1021 margin 1.94->-8.38 t=3.1s
[DONE] evaluation__8123__deblur__restore__nes__l1 calls=1021 margin 1.94->0.21 t=3.4s
[DONE] evaluation__8123__deblur__confidence_boost__nes__l1 calls=1021 margin 1.94->8.92 t=3.2s
[DONE] evaluation__2170__denoise__attack__nes__l0.5 calls=1021 margin 1.85->-11.30 t=3.4s
[DONE] evaluation__2170__denoise__restore__nes__l0.5 calls=1021 margin 1.85->3.01 t=3.2s
[DONE] evaluation__2170__denoise__confidence_boost__nes__l0.5 calls=1021 margin 1.85->10.35 t=3.4s
[DONE] evaluation__2170__deblur__attack__nes__l1 calls=1021 margin 11.69->-11.83 t=3.4s
[DONE] evaluation__2170__deblur__restore__nes__l1 calls=1021 margin 11.69->7.34 t=3.2s
[DONE] evaluation__2170__deblur__confidence_boost__nes__l1 calls=1021 margin 11.69->14.49 t=3.3s
[DONE] evaluation__6981__denoise__attack__nes__l0.5 calls=1021 margin 3.19->-8.57 t=3.3s
[DONE] evaluation__6981__denoise__restore__nes__l0.5 calls=1021 margin 3.19->3.82 t=3.2s
[DONE] evaluation__6981__denoise__confidence_boost__nes__l0.5 calls=1021 margin 3.19->9.85 t=3.3s
[DONE] evaluation__6981__deblur__attack__nes__l1 calls=1021 margin 5.92->-10.22 t=3.1s
[DONE] evaluation__6981__deblur__restore__nes__l1 calls=1021 margin 5.92->8.75 t=3.2s
[DONE] evaluation__6981__deblur__confidence_boost__nes__l1 calls=1021 margin 5.92->14.91 t=3.2s
[DONE] evaluation__294__denoise__attack__nes__l0.5 calls=1021 margin 4.97->-1.31 t=3.4s
[DONE] evaluation__294__denoise__restore__nes__l0.5 calls=1021 margin 4.97->4.65 t=3.3s
[DONE] evaluation__294__denoise__confidence_boost__nes__l0.5 calls=1021 margin 4.97->9.59 t=3.2s
[DONE] evaluation__294__deblur__attack__nes__l1 calls=1021 margin 6.13->-0.58 t=3.3s
[DONE] evaluation__294__deblur__restore__nes__l1 calls=1021 margin 6.13->6.17 t=3.1s
[DONE] evaluation__294__deblur__confidence_boost__nes__l1 calls=1021 margin 6.13->10.86 t=2.9s
[DONE] evaluation__5413__denoise__attack__nes__l0.5 calls=1021 margin 5.02->-5.26 t=3.5s
[DONE] evaluation__5413__denoise__restore__nes__l0.5 calls=1021 margin 5.02->5.06 t=3.6s
[DONE] evaluation__5413__denoise__confidence_boost__nes__l0.5 calls=1021 margin 5.02->10.51 t=3.2s
[DONE] evaluation__5413__deblur__attack__nes__l1 calls=1021 margin 6.78->-6.95 t=3.5s
[DONE] evaluation__5413__deblur__restore__nes__l1 calls=1021 margin 6.78->7.07 t=3.2s
[DONE] evaluation__5413__deblur__confidence_boost__nes__l1 calls=1021 margin 6.78->13.76 t=3.2s
[DONE] evaluation__7518__denoise__attack__nes__l0.5 calls=1021 margin 4.91->-8.45 t=3.7s
[DONE] evaluation__7518__denoise__restore__nes__l0.5 calls=1021 margin 4.91->4.95 t=3.5s
[DONE] evaluation__7518__denoise__confidence_boost__nes__l0.5 calls=1021 margin 4.91->10.54 t=3.6s
[DONE] evaluation__7518__deblur__attack__nes__l1 calls=1021 margin 8.29->-10.08 t=3.4s
[DONE] evaluation__7518__deblur__restore__nes__l1 calls=1021 margin 8.29->7.98 t=3.5s
[DONE] evaluation__7518__deblur__confidence_boost__nes__l1 calls=1021 margin 8.29->13.79 t=3.3s
[DONE] evaluation__3671__denoise__attack__nes__l0.5 calls=1021 margin 5.82->-10.04 t=3.1s
[DONE] evaluation__3671__denoise__restore__nes__l0.5 calls=1021 margin 5.82->4.96 t=3.1s
[DONE] evaluation__3671__denoise__confidence_boost__nes__l0.5 calls=1021 margin 5.82->11.99 t=3.0s
[DONE] evaluation__3671__deblur__attack__nes__l1 calls=1021 margin 5.36->-13.84 t=3.1s
[DONE] evaluation__3671__deblur__restore__nes__l1 calls=1021 margin 5.36->10.03 t=3.5s
[DONE] evaluation__3671__deblur__confidence_boost__nes__l1 calls=1021 margin 5.36->14.88 t=3.4s
[DONE] evaluation__4600__denoise__attack__nes__l0.5 calls=1021 margin 2.86->-6.76 t=3.3s
[DONE] evaluation__4600__denoise__restore__nes__l0.5 calls=1021 margin 2.86->0.60 t=3.4s
[DONE] evaluation__4600__denoise__confidence_boost__nes__l0.5 calls=1021 margin 2.86->10.95 t=3.6s
[DONE] evaluation__4600__deblur__attack__nes__l1 calls=1021 margin 10.21->-9.12 t=3.2s
[DONE] evaluation__4600__deblur__restore__nes__l1 calls=1021 margin 10.21->10.23 t=3.3s
[DONE] evaluation__4600__deblur__confidence_boost__nes__l1 calls=1021 margin 10.21->14.89 t=3.7s
[DONE] evaluation__1290__denoise__attack__nes__l0.5 calls=1021 margin 5.44->-7.28 t=3.3s
[DONE] evaluation__1290__denoise__restore__nes__l0.5 calls=1021 margin 5.44->4.26 t=3.4s
[DONE] evaluation__1290__denoise__confidence_boost__nes__l0.5 calls=1021 margin 5.44->10.47 t=3.2s
[DONE] evaluation__1290__deblur__attack__nes__l1 calls=1021 margin 4.37->-4.37 t=3.6s
[DONE] evaluation__1290__deblur__restore__nes__l1 calls=1021 margin 4.37->5.67 t=3.5s
[DONE] evaluation__1290__deblur__confidence_boost__nes__l1 calls=1021 margin 4.37->11.91 t=3.3s
[DONE] evaluation__4860__denoise__attack__nes__l0.5 calls=1021 margin 5.77->-7.34 t=3.2s
[DONE] evaluation__4860__denoise__restore__nes__l0.5 calls=1021 margin 5.77->5.21 t=3.2s
[DONE] evaluation__4860__denoise__confidence_boost__nes__l0.5 calls=1021 margin 5.77->10.84 t=3.3s
[DONE] evaluation__4860__deblur__attack__nes__l1 calls=1021 margin 7.80->-5.95 t=3.4s
[DONE] evaluation__4860__deblur__restore__nes__l1 calls=1021 margin 7.80->10.92 t=3.4s
[DONE] evaluation__4860__deblur__confidence_boost__nes__l1 calls=1021 margin 7.80->13.69 t=3.0s
[DONE] evaluation__9261__denoise__attack__nes__l0.5 calls=1021 margin 2.48->-9.15 t=3.2s
[DONE] evaluation__9261__denoise__restore__nes__l0.5 calls=1021 margin 2.48->4.01 t=3.3s
[DONE] evaluation__9261__denoise__confidence_boost__nes__l0.5 calls=1021 margin 2.48->10.32 t=3.2s
[DONE] evaluation__9261__deblur__attack__nes__l1 calls=1021 margin 8.69->0.42 t=3.4s
[DONE] evaluation__9261__deblur__restore__nes__l1 calls=1021 margin 8.69->10.08 t=3.3s
[DONE] evaluation__9261__deblur__confidence_boost__nes__l1 calls=1021 margin 8.69->16.15 t=3.1s
[DONE] evaluation__2105__denoise__attack__nes__l0.5 calls=1021 margin 10.33->0.21 t=3.0s
[DONE] evaluation__2105__denoise__restore__nes__l0.5 calls=1021 margin 10.33->8.61 t=3.4s
[DONE] evaluation__2105__denoise__confidence_boost__nes__l0.5 calls=1021 margin 10.33->15.07 t=3.1s
[DONE] evaluation__2105__deblur__attack__nes__l1 calls=1021 margin 6.94->-10.05 t=3.5s
[DONE] evaluation__2105__deblur__restore__nes__l1 calls=1021 margin 6.94->9.62 t=3.3s
[DONE] evaluation__2105__deblur__confidence_boost__nes__l1 calls=1021 margin 6.94->15.28 t=3.5s
[DONE] evaluation__6192__denoise__attack__nes__l0.5 calls=1021 margin 10.93->3.13 t=3.0s
[DONE] evaluation__6192__denoise__restore__nes__l0.5 calls=1021 margin 10.93->11.21 t=3.2s
[DONE] evaluation__6192__denoise__confidence_boost__nes__l0.5 calls=1021 margin 10.93->15.38 t=2.7s
[DONE] evaluation__6192__deblur__attack__nes__l1 calls=1021 margin 11.11->-0.72 t=2.8s
[DONE] evaluation__6192__deblur__restore__nes__l1 calls=1021 margin 11.11->11.97 t=3.3s
[DONE] evaluation__6192__deblur__confidence_boost__nes__l1 calls=1021 margin 11.11->17.81 t=3.3s
[DONE] evaluation__56__denoise__attack__nes__l0.5 calls=1021 margin 1.73->-7.73 t=3.3s
[DONE] evaluation__56__denoise__restore__nes__l0.5 calls=1021 margin 1.73->1.37 t=3.3s
[DONE] evaluation__56__denoise__confidence_boost__nes__l0.5 calls=1021 margin 1.73->11.83 t=3.1s
[DONE] evaluation__56__deblur__attack__nes__l1 calls=1021 margin 4.61->-12.37 t=3.5s
[DONE] evaluation__56__deblur__restore__nes__l1 calls=1021 margin 4.61->0.37 t=3.4s
[DONE] evaluation__56__deblur__confidence_boost__nes__l1 calls=1021 margin 4.61->14.26 t=3.4s
[DONE] evaluation__4186__denoise__attack__nes__l0.5 calls=1021 margin 6.91->-7.32 t=3.2s
[DONE] evaluation__4186__denoise__restore__nes__l0.5 calls=1021 margin 6.91->5.70 t=3.6s
[DONE] evaluation__4186__denoise__confidence_boost__nes__l0.5 calls=1021 margin 6.91->14.70 t=3.3s
[DONE] evaluation__4186__deblur__attack__nes__l1 calls=1021 margin 11.74->-1.08 t=3.6s
[DONE] evaluation__4186__deblur__restore__nes__l1 calls=1021 margin 11.74->10.41 t=3.6s
[DONE] evaluation__4186__deblur__confidence_boost__nes__l1 calls=1021 margin 11.74->16.00 t=3.7s
[DONE] evaluation__7762__denoise__attack__nes__l0.5 calls=1021 margin 5.60->-9.41 t=3.3s
[DONE] evaluation__7762__denoise__restore__nes__l0.5 calls=1021 margin 5.60->4.38 t=3.0s
[DONE] evaluation__7762__denoise__confidence_boost__nes__l0.5 calls=1021 margin 5.60->11.61 t=3.2s
[DONE] evaluation__7762__deblur__attack__nes__l1 calls=1021 margin 9.70->-10.19 t=3.1s
[DONE] evaluation__7762__deblur__restore__nes__l1 calls=1021 margin 9.70->6.16 t=3.0s
[DONE] evaluation__7762__deblur__confidence_boost__nes__l1 calls=1021 margin 9.70->14.26 t=3.4s
[DONE] evaluation__1866__denoise__attack__nes__l0.5 calls=1021 margin 4.90->-3.84 t=3.3s
[DONE] evaluation__1866__denoise__restore__nes__l0.5 calls=1021 margin 4.90->4.04 t=3.1s
[DONE] evaluation__1866__denoise__confidence_boost__nes__l0.5 calls=1021 margin 4.90->11.38 t=3.3s
[DONE] evaluation__1866__deblur__attack__nes__l1 calls=1021 margin 12.12->3.66 t=3.7s
[DONE] evaluation__1866__deblur__restore__nes__l1 calls=1021 margin 12.12->12.80 t=3.2s
[DONE] evaluation__1866__deblur__confidence_boost__nes__l1 calls=1021 margin 12.12->15.21 t=3.1s
[DONE] evaluation__4254__denoise__attack__nes__l0.5 calls=1021 margin 8.10->-3.13 t=3.0s
[DONE] evaluation__4254__denoise__restore__nes__l0.5 calls=1021 margin 8.10->7.81 t=3.1s
[DONE] evaluation__4254__denoise__confidence_boost__nes__l0.5 calls=1021 margin 8.10->12.89 t=3.1s
[DONE] evaluation__4254__deblur__attack__nes__l1 calls=1021 margin 8.65->-6.33 t=3.3s
[DONE] evaluation__4254__deblur__restore__nes__l1 calls=1021 margin 8.65->10.36 t=3.4s
[DONE] evaluation__4254__deblur__confidence_boost__nes__l1 calls=1021 margin 8.65->16.01 t=3.2s
[DONE] evaluation__425__denoise__attack__nes__l0.5 calls=1021 margin 1.86->-7.71 t=3.4s
[DONE] evaluation__425__denoise__restore__nes__l0.5 calls=1021 margin 1.86->1.70 t=3.5s
[DONE] evaluation__425__denoise__confidence_boost__nes__l0.5 calls=1021 margin 1.86->8.50 t=3.2s
[DONE] evaluation__425__deblur__attack__nes__l1 calls=1021 margin 8.65->-6.64 t=3.1s
[DONE] evaluation__425__deblur__restore__nes__l1 calls=1021 margin 8.65->7.82 t=3.4s
[DONE] evaluation__425__deblur__confidence_boost__nes__l1 calls=1021 margin 8.65->12.64 t=3.4s
[DONE] evaluation__5966__denoise__attack__nes__l0.5 calls=1021 margin 7.89->-3.73 t=3.3s
[DONE] evaluation__5966__denoise__restore__nes__l0.5 calls=1021 margin 7.89->7.07 t=3.3s
[DONE] evaluation__5966__denoise__confidence_boost__nes__l0.5 calls=1021 margin 7.89->13.19 t=3.1s
[DONE] evaluation__5966__deblur__attack__nes__l1 calls=1021 margin 12.61->-0.85 t=3.0s
[DONE] evaluation__5966__deblur__restore__nes__l1 calls=1021 margin 12.61->11.96 t=3.1s
[DONE] evaluation__5966__deblur__confidence_boost__nes__l1 calls=1021 margin 12.61->14.23 t=4.0s
[DONE] evaluation__8995__denoise__attack__nes__l0.5 calls=1021 margin 4.84->-4.32 t=3.5s
[DONE] evaluation__8995__denoise__restore__nes__l0.5 calls=1021 margin 4.84->4.72 t=3.4s
[DONE] evaluation__8995__denoise__confidence_boost__nes__l0.5 calls=1021 margin 4.84->9.63 t=3.3s
[DONE] evaluation__8995__deblur__attack__nes__l1 calls=1021 margin 7.33->-8.11 t=3.3s
[DONE] evaluation__8995__deblur__restore__nes__l1 calls=1021 margin 7.33->7.59 t=3.2s
[DONE] evaluation__8995__deblur__confidence_boost__nes__l1 calls=1021 margin 7.33->12.79 t=3.2s
[DONE] fit__4123__denoise__attack__nes__l0.5 calls=1021 margin 3.92->-5.01 t=3.1s
[DONE] fit__4123__denoise__restore__nes__l0.5 calls=1021 margin 3.92->3.94 t=3.3s
[DONE] fit__4123__denoise__confidence_boost__nes__l0.5 calls=1021 margin 3.92->9.02 t=3.4s
[DONE] fit__4123__deblur__attack__nes__l1 calls=1021 margin 6.86->-2.89 t=3.0s
[DONE] fit__4123__deblur__restore__nes__l1 calls=1021 margin 6.86->7.18 t=3.3s
[DONE] fit__4123__deblur__confidence_boost__nes__l1 calls=1021 margin 6.86->11.17 t=3.2s
[DONE] fit__3407__denoise__attack__nes__l0.5 calls=1021 margin 4.85->-2.00 t=3.2s
[DONE] fit__3407__denoise__restore__nes__l0.5 calls=1021 margin 4.85->4.93 t=3.4s
[DONE] fit__3407__denoise__confidence_boost__nes__l0.5 calls=1021 margin 4.85->9.22 t=3.4s
[DONE] fit__3407__deblur__attack__nes__l1 calls=1021 margin 7.73->-4.71 t=3.4s
[DONE] fit__3407__deblur__restore__nes__l1 calls=1021 margin 7.73->8.03 t=3.5s
[DONE] fit__3407__deblur__confidence_boost__nes__l1 calls=1021 margin 7.73->11.78 t=3.6s
[DONE] fit__623__denoise__attack__nes__l0.5 calls=1021 margin 3.68->-3.44 t=3.4s
[DONE] fit__623__denoise__restore__nes__l0.5 calls=1021 margin 3.68->3.93 t=3.6s
[DONE] fit__623__denoise__confidence_boost__nes__l0.5 calls=1021 margin 3.68->10.12 t=3.5s
[DONE] fit__623__deblur__attack__nes__l1 calls=1021 margin 6.68->-1.84 t=3.5s
[DONE] fit__623__deblur__restore__nes__l1 calls=1021 margin 6.68->7.87 t=3.5s
[DONE] fit__623__deblur__confidence_boost__nes__l1 calls=1021 margin 6.68->13.63 t=3.5s
[DONE] fit__9171__denoise__attack__nes__l0.5 calls=1021 margin 9.24->-7.35 t=3.4s
[DONE] fit__9171__denoise__restore__nes__l0.5 calls=1021 margin 9.24->9.26 t=3.4s
[DONE] fit__9171__denoise__confidence_boost__nes__l0.5 calls=1021 margin 9.24->14.61 t=3.2s
[DONE] fit__9171__deblur__attack__nes__l1 calls=1021 margin 13.29->-4.40 t=3.2s
[DONE] fit__9171__deblur__restore__nes__l1 calls=1021 margin 13.29->9.72 t=3.3s
[DONE] fit__9171__deblur__confidence_boost__nes__l1 calls=1021 margin 13.29->15.23 t=3.4s
[DONE] fit__6196__denoise__attack__nes__l0.5 calls=1021 margin 4.17->-8.63 t=3.4s
[DONE] fit__6196__denoise__restore__nes__l0.5 calls=1021 margin 4.17->2.77 t=3.2s
[DONE] fit__6196__denoise__confidence_boost__nes__l0.5 calls=1021 margin 4.17->12.04 t=3.3s
[DONE] fit__6196__deblur__attack__nes__l1 calls=1021 margin 7.42->-6.53 t=3.3s
[DONE] fit__6196__deblur__restore__nes__l1 calls=1021 margin 7.42->7.56 t=3.2s
[DONE] fit__6196__deblur__confidence_boost__nes__l1 calls=1021 margin 7.42->14.60 t=3.1s
[DONE] fit__1928__denoise__attack__nes__l0.5 calls=1021 margin 8.56->-5.19 t=3.2s
[DONE] fit__1928__denoise__restore__nes__l0.5 calls=1021 margin 8.56->8.02 t=3.2s
[DONE] fit__1928__denoise__confidence_boost__nes__l0.5 calls=1021 margin 8.56->14.19 t=3.3s
[DONE] fit__1928__deblur__attack__nes__l1 calls=1021 margin 5.02->-8.88 t=3.0s
[DONE] fit__1928__deblur__restore__nes__l1 calls=1021 margin 5.02->8.55 t=3.2s
[DONE] fit__1928__deblur__confidence_boost__nes__l1 calls=1021 margin 5.02->15.02 t=3.0s
[DONE] fit__4259__denoise__attack__nes__l0.5 calls=1021 margin 0.74->-10.40 t=3.2s
[DONE] fit__4259__denoise__restore__nes__l0.5 calls=1021 margin 0.74->1.10 t=3.5s
[DONE] fit__4259__denoise__confidence_boost__nes__l0.5 calls=1021 margin 0.74->9.66 t=3.1s
[DONE] fit__4259__deblur__attack__nes__l1 calls=1021 margin 6.92->-8.21 t=3.3s
[DONE] fit__4259__deblur__restore__nes__l1 calls=1021 margin 6.92->7.80 t=3.6s
[DONE] fit__4259__deblur__confidence_boost__nes__l1 calls=1021 margin 6.92->13.09 t=3.5s
[DONE] fit__1211__denoise__attack__nes__l0.5 calls=1021 margin 8.98->-4.20 t=3.3s
[DONE] fit__1211__denoise__restore__nes__l0.5 calls=1021 margin 8.98->8.32 t=3.2s
[DONE] fit__1211__denoise__confidence_boost__nes__l0.5 calls=1021 margin 8.98->14.91 t=3.1s
[DONE] fit__1211__deblur__attack__nes__l1 calls=1021 margin 7.52->-9.15 t=3.1s
[DONE] fit__1211__deblur__restore__nes__l1 calls=1021 margin 7.52->4.48 t=3.0s
[DONE] fit__1211__deblur__confidence_boost__nes__l1 calls=1021 margin 7.52->15.09 t=3.2s
[DONE] fit__9721__denoise__attack__nes__l0.5 calls=1021 margin 8.35->-7.65 t=3.0s
[DONE] fit__9721__denoise__restore__nes__l0.5 calls=1021 margin 8.35->8.28 t=2.7s
[DONE] fit__9721__denoise__confidence_boost__nes__l0.5 calls=1021 margin 8.35->15.24 t=2.7s
[DONE] fit__9721__deblur__attack__nes__l1 calls=1021 margin 5.25->-9.70 t=2.7s
[DONE] fit__9721__deblur__restore__nes__l1 calls=1021 margin 5.25->6.82 t=3.1s
[DONE] fit__9721__deblur__confidence_boost__nes__l1 calls=1021 margin 5.25->14.47 t=2.9s
[DONE] fit__5929__denoise__attack__nes__l0.5 calls=1021 margin 3.09->-7.39 t=2.9s
[DONE] fit__5929__denoise__restore__nes__l0.5 calls=1021 margin 3.09->1.29 t=3.0s
[DONE] fit__5929__denoise__confidence_boost__nes__l0.5 calls=1021 margin 3.09->11.72 t=3.1s
[DONE] fit__5929__deblur__attack__nes__l1 calls=1021 margin 4.45->-5.83 t=2.9s
[DONE] fit__5929__deblur__restore__nes__l1 calls=1021 margin 4.45->3.31 t=3.0s
[DONE] fit__5929__deblur__confidence_boost__nes__l1 calls=1021 margin 4.45->11.85 t=3.2s
[DONE] fit__2962__denoise__attack__nes__l0.5 calls=1021 margin 1.02->-8.22 t=2.8s
[DONE] fit__2962__denoise__restore__nes__l0.5 calls=1021 margin 1.02->1.72 t=3.0s
[DONE] fit__2962__denoise__confidence_boost__nes__l0.5 calls=1021 margin 1.02->8.40 t=2.9s
[DONE] fit__2962__deblur__attack__nes__l1 calls=1021 margin 3.56->-11.43 t=3.0s
[DONE] fit__2962__deblur__restore__nes__l1 calls=1021 margin 3.56->0.21 t=2.8s
[DONE] fit__2962__deblur__confidence_boost__nes__l1 calls=1021 margin 3.56->8.95 t=2.8s
[DONE] fit__2467__denoise__attack__nes__l0.5 calls=1021 margin 2.99->-7.57 t=2.6s
[DONE] fit__2467__denoise__restore__nes__l0.5 calls=1021 margin 2.99->3.12 t=2.7s
[DONE] fit__2467__denoise__confidence_boost__nes__l0.5 calls=1021 margin 2.99->9.52 t=2.6s
[DONE] fit__2467__deblur__attack__nes__l1 calls=1021 margin 10.79->-5.21 t=2.6s
[DONE] fit__2467__deblur__restore__nes__l1 calls=1021 margin 10.79->4.89 t=2.6s
[DONE] fit__2467__deblur__confidence_boost__nes__l1 calls=1021 margin 10.79->12.84 t=2.7s
