[DONE] evaluation__791__denoise__attack__nes__l0.5 calls=1021 margin 3.81->-6.74 t=2.6s
[DONE] evaluation__791__denoise__restore__nes__l0.5 calls=1021 margin 3.81->4.90 t=2.4s
[DONE] evaluation__791__denoise__confidence_boost__nes__l0.5 calls=1021 margin 3.81->10.12 t=2.5s
[DONE] evaluation__791__deblur__attack__nes__l1 calls=1021 margin 9.53->0.75 t=2.3s
[DONE] evaluation__791__deblur__restore__nes__l1 calls=1021 margin 9.53->9.10 t=2.4s
[DONE] evaluation__791__deblur__confidence_boost__nes__l1 calls=1021 margin 9.53->11.89 t=2.6s
[DONE] evaluation__6241__denoise__attack__nes__l0.5 calls=1021 margin 4.07->-8.28 t=2.6s
[DONE] evaluation__6241__denoise__restore__nes__l0.5 calls=1021 margin 4.07->4.99 t=2.6s
[DONE] evaluation__6241__denoise__confidence_boost__nes__l0.5 calls=1021 margin 4.07->12.38 t=2.6s
[DONE] evaluation__6241__deblur__attack__nes__l1 calls=1021 margin 9.04->-7.56 t=2.6s
[DONE] evaluation__6241__deblur__restore__nes__l1 calls=1021 margin 9.04->5.52 t=2.7s
[DONE] evaluation__6241__deblur__confidence_boost__nes__l1 calls=1021 margin 9.04->12.05 t=2.9s
[DONE] evaluation__9046__denoise__attack__nes__l0.5 calls=1021 margin 2.30->-8.40 t=2.8s
[DONE] evaluation__9046__denoise__restore__nes__l0.5 calls=1021 margin 2.30->2.37 t=2.8s
[DONE] evaluation__9046__denoise__confidence_boost__nes__l0.5 calls=1021 margin 2.30->10.17 t=2.9s
[DONE] evaluation__9046__deblur__attack__nes__l1 calls=1021 margin 11.21->-2.30 t=2.8s
[DONE] evaluation__9046__deblur__restore__nes__l1 calls=1021 margin 11.21->10.03 t=2.8s
[DONE] evaluation__9046__deblur__confidence_boost__nes__l1 calls=1021 margin 11.21->14.75 t=2.9s
[DONE] evaluation__1882__denoise__attack__nes__l0.5 calls=1021 margin 1.29->-10.53 t=2.9s
[DONE] evaluation__1882__denoise__restore__nes__l0.5 calls=1021 margin 1.29->-0.10 t=2.9s
[DONE] evaluation__1882__denoise__confidence_boost__nes__l0.5 calls=1021 margin 1.29->9.41 t=2.9s
[DONE] evaluation__1882__deblur__attack__nes__l1 calls=1021 margin 11.01->-3.43 t=3.2s
[DONE] evaluation__1882__deblur__restore__nes__l1 calls=1021 margin 11.01->8.57 t=2.8s
[DONE] evaluation__1882__deblur__confidence_boost__nes__l1 calls=1021 margin 11.01->11.96 t=3.1s
[DONE] evaluation__7215__denoise__attack__nes__l0.5 calls=1021 margin 9.57->1.79 t=2.9s
[DONE] evaluation__7215__denoise__restore__nes__l0.5 calls=1021 margin 9.57->8.17 t=3.0s
[DONE] evaluation__7215__denoise__confidence_boost__nes__l0.5 calls=1021 margin 9.57->13.96 t=2.9s
[DONE] evaluation__7215__deblur__attack__nes__l1 calls=1021 margin 12.40->4.04 t=3.0s
[DONE] evaluation__7215__deblur__restore__nes__l1 calls=1021 margin 12.40->11.12 t=3.3s
[DONE] evaluation__7215__deblur__confidence_boost__nes__l1 calls=1021 margin 12.40->15.11 t=3.0s
[DONE] evaluation__1196__denoise__attack__nes__l0.5 calls=1021 margin 4.55->-7.17 t=3.1s
[DONE] evaluation__1196__denoise__restore__nes__l0.5 calls=1021 margin 4.55->3.96 t=3.3s
[DONE] evaluation__1196__denoise__confidence_boost__nes__l0.5 calls=1021 margin 4.55->11.79 t=3.3s
[DONE] evaluation__1196__deblur__attack__nes__l1 calls=1021 margin 12.88->-2.26 t=3.3s
[DONE] evaluation__1196__deblur__restore__nes__l1 calls=1021 margin 12.88->11.57 t=3.5s
[DONE] evaluation__1196__deblur__confidence_boost__nes__l1 calls=1021 margin 12.88->15.39 t=3.1s
[DONE] evaluation__4035__denoise__attack__nes__l0.5 calls=1021 margin 5.13->-4.18 t=3.2s
[DONE] evaluation__4035__denoise__restore__nes__l0.5 calls=1021 margin 5.13->4.92 t=3.6s
[DONE] evaluation__4035__denoise__confidence_boost__nes__l0.5 calls=1021 margin 5.13->11.44 t=3.3s
[DONE] evaluation__4035__deblur__attack__nes__l1 calls=1021 margin 10.68->0.68 t=3.5s
[DONE] evaluation__4035__deblur__restore__nes__l1 calls=1021 margin 10.68->10.43 t=3.4s
[DONE] evaluation__4035__deblur__confidence_boost__nes__l1 calls=1021 margin 10.68->12.91 t=3.1s
[DONE] evaluation__8363__denoise__attack__nes__l0.5 calls=1021 margin 7.33->-2.79 t=3.3s
[DONE] evaluation__8363__denoise__restore__nes__l0.5 calls=1021 margin 7.33->8.78 t=3.4s
[DONE] evaluation__8363__denoise__confidence_boost__nes__l0.5 calls=1021 margin 7.33->12.48 t=3.5s
[DONE] evaluation__8363__deblur__attack__nes__l1 calls=1021 margin 2.74->-12.11 t=3.4s
[DONE] evaluation__8363__deblur__restore__nes__l1 calls=1021 margin 2.74->0.30 t=3.1s
[DONE] evaluation__8363__deblur__confidence_boost__nes__l1 calls=1021 margin 2.74->10.88 t=3.2s
[DONE] evaluation__3479__denoise__attack__nes__l0.5 calls=1021 margin 1.63->-9.94 t=3.2s
[DONE] evaluation__3479__denoise__restore__nes__l0.5 calls=1021 margin 1.63->1.09 t=3.4s
[DONE] evaluation__3479__denoise__confidence_boost__nes__l0.5 calls=1021 margin 1.63->10.53 t=3.3s
[DONE] evaluation__3479__deblur__attack__nes__l1 calls=1021 margin 1.72->-6.94 t=3.2s
[DONE] evaluation__3479__deblur__restore__nes__l1 calls=1021 margin 1.72->5.40 t=3.0s
[DONE] evaluation__3479__deblur__confidence_boost__nes__l1 calls=1021 margin 1.72->11.00 t=3.2s
[DONE] evaluation__6340__denoise__attack__nes__l0.5 calls=1021 margin 2.63->-7.33 t=3.2s
[DONE] evaluation__6340__denoise__restore__nes__l0.5 calls=1021 margin 2.63->3.13 t=3.1s
[DONE] evaluation__6340__denoise__confidence_boost__nes__l0.5 calls=1021 margin 2.63->10.41 t=3.3s
[DONE] evaluation__6340__deblur__attack__nes__l1 calls=1021 margin 6.91->-0.01 t=3.1s
[DONE] evaluation__6340__deblur__restore__nes__l1 calls=1021 margin 6.91->9.72 t=3.2s
[DONE] evaluation__6340__deblur__confidence_boost__nes__l1 calls=1021 margin 6.91->13.09 t=3.2s
[DONE] evaluation__1303__denoise__attack__nes__l0.5 calls=1021 margin 2.53->-7.41 t=3.3s
[DONE] evaluation__1303__denoise__restore__nes__l0.5 calls=1021 margin 2.53->2.93 t=3.5s
[DONE] evaluation__1303__denoise__confidence_boost__nes__l0.5 calls=1021 margin 2.53->10.88 t=3.0s
[DONE] evaluation__1303__deblur__attack__nes__l1 calls=1021 margin 6.20->-8.65 t=3.6s
[DONE] evaluation__1303__deblur__restore__nes__l1 calls=1021 margin 6.20->5.85 t=3.8s
[DONE] evaluation__1303__deblur__confidence_boost__nes__l1 calls=1021 margin 6.20->12.01 t=3.7s
[DONE] evaluation__4047__denoise__attack__nes__l0.5 calls=1021 margin 3.86->-11.04 t=3.5s
[DONE] evaluation__4047__denoise__restore__nes__l0.5 calls=1021 margin 3.86->3.94 t=3.6s
[DONE] evaluation__4047__denoise__confidence_boost__nes__l0.5 calls=1021 margin 3.86->12.14 t=3.4s
[DONE] evaluation__4047__deblur__attack__nes__l1 calls=1021 margin 5.77->-11.86 t=3.7s
[DONE] evaluation__4047__deblur__restore__nes__l1 calls=1021 margin 5.77->6.72 t=3.5s
[DONE] evaluation__4047__deblur__confidence_boost__nes__l1 calls=1021 margin 5.77->16.08 t=3.7s
[DONE] evaluation__8540__denoise__attack__nes__l0.5 calls=1021 margin 1.22->-14.17 t=3.0s
[DONE] evaluation__8540__denoise__restore__nes__l0.5 calls=1021 margin 1.22->2.00 t=3.3s
[DONE] evaluation__8540__denoise__confidence_boost__nes__l0.5 calls=1021 margin 1.22->10.10 t=3.3s
[DONE] evaluation__8540__deblur__attack__nes__l1 calls=1021 margin 11.66->-8.68 t=3.4s
[DONE] evaluation__8540__deblur__restore__nes__l1 calls=1021 margin 11.66->10.80 t=3.2s
[DONE] evaluation__8540__deblur__confidence_boost__nes__l1 calls=1021 margin 11.66->15.95 t=3.2s
[DONE] evaluation__2582__denoise__attack__nes__l0.5 calls=1021 margin 0.13->-10.37 t=3.5s
[DONE] evaluation__2582__denoise__restore__nes__l0.5 calls=1021 margin 0.13->0.95 t=3.3s
[DONE] evaluation__2582__denoise__confidence_boost__nes__l0.5 calls=1021 margin 0.13->8.80 t=3.3s
[DONE] evaluation__2582__deblur__attack__nes__l1 calls=1021 margin 10.15->-2.18 t=2.9s
[DONE] evaluation__2582__deblur__restore__nes__l1 calls=1021 margin 10.15->10.52 t=3.3s
[DONE] evaluation__2582__deblur__confidence_boost__nes__l1 calls=1021 margin 10.15->14.35 t=3.2s
[DONE] evaluation__6835__denoise__attack__nes__l0.5 calls=1021 margin 3.30->-11.03 t=2.9s
[DONE] evaluation__6835__denoise__restore__nes__l0.5 calls=1021 margin 3.30->2.71 t=2.8s
[DONE] evaluation__6835__denoise__confidence_boost__nes__l0.5 calls=1021 margin 3.30->10.36 t=3.1s
[DONE] evaluation__6835__deblur__attack__nes__l1 calls=1021 margin 7.18->-11.50 t=3.6s
[DONE] evaluation__6835__deblur__restore__nes__l1 calls=1021 margin 7.18->5.32 t=3.5s
[DONE] evaluation__6835__deblur__confidence_boost__nes__l1 calls=1021 margin 7.18->16.01 t=3.3s
[DONE] evaluation__1147__denoise__attack__nes__l0.5 calls=1021 margin 6.29->-6.98 t=3.2s
[DONE] evaluation__1147__denoise__restore__nes__l0.5 calls=1021 margin 6.29->7.12 t=3.2s
[DONE] evaluation__1147__denoise__confidence_boost__nes__l0.5 calls=1021 margin 6.29->12.80 t=3.4s
[DONE] evaluation__1147__deblur__attack__nes__l1 calls=1021 margin 2.24->-5.16 t=3.0s
[DONE] evaluation__1147__deblur__restore__nes__l1 calls=1021 margin 2.24->4.84 t=3.2s
[DONE] evaluation__1147__deblur__confidence_boost__nes__l1 calls=1021 margin 2.24->12.55 t=3.1s
[DONE] evaluation__4746__denoise__attack__nes__l0.5 calls=1021 margin 11.29->2.10 t=3.2s
[DONE] evaluation__4746__denoise__restore__nes__l0.5 calls=1021 margin 11.29->11.09 t=3.4s
[DONE] evaluation__4746__denoise__confidence_boost__nes__l0.5 calls=1021 margin 11.29->16.19 t=3.1s
[DONE] evaluation__4746__deblur__attack__nes__l1 calls=1021 margin 8.92->-2.23 t=3.2s
[DONE] evaluation__4746__deblur__restore__nes__l1 calls=1021 margin 8.92->11.59 t=3.3s
[DONE] evaluation__4746__deblur__confidence_boost__nes__l1 calls=1021 margin 8.92->16.26 t=3.2s
[DONE] evaluation__8184__denoise__attack__nes__l0.5 calls=1021 margin 7.82->-4.51 t=3.1s
[DONE] evaluation__8184__denoise__restore__nes__l0.5 calls=1021 margin 7.82->6.95 t=3.3s
[DONE] evaluation__8184__denoise__confidence_boost__nes__l0.5 calls=1021 margin 7.82->14.12 t=3.2s
[DONE] evaluation__8184__deblur__attack__nes__l1 calls=1021 margin 1.83->-11.07 t=3.2s
[DONE] evaluation__8184__deblur__restore__nes__l1 calls=1021 margin 1.83->1.44 t=3.1s
[DONE] evaluation__8184__deblur__confidence_boost__nes__l1 calls=1021 margin 1.83->12.38 t=2.9s
[DONE] evaluation__3482__denoise__attack__nes__l0.5 calls=1021 margin 0.54->-7.39 t=3.1s
[DONE] evaluation__3482__denoise__restore__nes__l0.5 calls=1021 margin 0.54->0.97 t=3.3s
[DONE] evaluation__3482__denoise__confidence_boost__nes__l0.5 calls=1021 margin 0.54->8.32 t=3.2s
[DONE] evaluation__3482__deblur__attack__nes__l1 calls=1021 margin 7.64->-8.09 t=3.2s
[DONE] evaluation__3482__deblur__restore__nes__l1 calls=1021 margin 7.64->2.35 t=3.3s
[DONE] evaluation__3482__deblur__confidence_boost__nes__l1 calls=1021 margin 7.64->10.98 t=3.5s
[DONE] evaluation__5675__denoise__attack__nes__l0.5 calls=1021 margin 3.75->-6.94 t=3.4s
[DONE] evaluation__5675__denoise__restore__nes__l0.5 calls=1021 margin 3.75->4.55 t=3.5s
[DONE] evaluation__5675__denoise__confidence_boost__nes__l0.5 calls=1021 margin 3.75->12.36 t=3.3s
[DONE] evaluation__5675__deblur__attack__nes__l1 calls=1021 margin 9.35->-4.89 t=3.6s
[DONE] evaluation__5675__deblur__restore__nes__l1 calls=1021 margin 9.35->9.91 t=3.3s
[DONE] evaluation__5675__deblur__confidence_boost__nes__l1 calls=1021 margin 9.35->13.96 t=3.0s
[DONE] evaluation__939__denoise__attack__nes__l0.5 calls=1021 margin 2.39->-7.00 t=3.4s
[DONE] evaluation__939__denoise__restore__nes__l0.5 calls=1021 margin 2.39->3.13 t=3.6s
[DONE] evaluation__939__denoise__confidence_boost__nes__l0.5 calls=1021 margin 2.39->9.14 t=3.4s
[DONE] evaluation__939__deblur__attack__nes__l1 calls=1021 margin 8.23->-3.63 t=3.4s
[DONE] evaluation__939__deblur__restore__nes__l1 calls=1021 margin 8.23->8.89 t=3.5s
[DONE] evaluation__939__deblur__confidence_boost__nes__l1 calls=1021 margin 8.23->12.51 t=3.5s
[DONE] evaluation__3817__denoise__attack__nes__l0.5 calls=1021 margin 3.74->-4.77 t=3.3s
[DONE] evaluation__3817__denoise__restore__nes__l0.5 calls=1021 margin 3.74->3.94 t=3.5s
[DONE] evaluation__3817__denoise__confidence_boost__nes__l0.5 calls=1021 margin 3.74->8.35 t=3.1s
[DONE] evaluation__3817__deblur__attack__nes__l1 calls=1021 margin 9.52->-3.79 t=3.1s
[DONE] evaluation__3817__deblur__restore__nes__l1 calls=1021 margin 9.52->9.64 t=3.1s
[DONE] evaluation__3817__deblur__confidence_boost__nes__l1 calls=1021 margin 9.52->14.80 t=3.1s
[DONE] evaluation__7261__denoise__attack__nes__l0.5 calls=1021 margin 4.17->-6.98 t=3.0s
[DONE] evaluation__7261__denoise__restore__nes__l0.5 calls=1021 margin 4.17->4.33 t=3.0s
[DONE] evaluation__7261__denoise__confidence_boost__nes__l0.5 calls=1021 margin 4.17->8.95 t=3.0s
[DONE] evaluation__7261__deblur__attack__nes__l1 calls=1021 margin 1.39->-7.28 t=3.4s
[DONE] evaluation__7261__deblur__restore__nes__l1 calls=1021 margin 1.39->3.04 t=3.4s
[DONE] evaluation__7261__deblur__confidence_boost__nes__l1 calls=1021 margin 1.39->11.81 t=3.3s
[DONE] evaluation__3368__denoise__attack__nes__l0.5 calls=1021 margin 3.09->-5.55 t=3.1s
[DONE] evaluation__3368__denoise__restore__nes__l0.5 calls=1021 margin 3.09->4.31 t=3.2s
[DONE] evaluation__3368__denoise__confidence_boost__nes__l0.5 calls=1021 margin 3.09->9.46 t=3.3s
[DONE] evaluation__3368__deblur__attack__nes__l1 calls=1021 margin 6.11->-9.67 t=3.8s
[DONE] evaluation__3368__deblur__restore__nes__l1 calls=1021 margin 6.11->3.07 t=3.6s
[DONE] evaluation__3368__deblur__confidence_boost__nes__l1 calls=1021 margin 6.11->10.12 t=3.6s
[DONE] evaluation__8312__denoise__attack__nes__l0.5 calls=1021 margin 6.02->-5.36 t=3.3s
[DONE] evaluation__8312__denoise__restore__nes__l0.5 calls=1021 margin 6.02->5.72 t=3.2s
[DONE] evaluation__8312__denoise__confidence_boost__nes__l0.5 calls=1021 margin 6.02->10.71 t=3.1s
[DONE] evaluation__8312__deblur__attack__nes__l1 calls=1021 margin 1.32->-5.45 t=3.3s
[DONE] evaluation__8312__deblur__restore__nes__l1 calls=1021 margin 1.32->6.15 t=3.1s
[DONE] evaluation__8312__deblur__confidence_boost__nes__l1 calls=1021 margin 1.32->10.61 t=3.2s
[DONE] fit__1851__denoise__attack__nes__l0.5 calls=1021 margin 3.02->-4.40 t=3.4s
[DONE] fit__1851__denoise__restore__nes__l0.5 calls=1021 margin 3.02->3.02 t=3.1s
[DONE] fit__1851__denoise__confidence_boost__nes__l0.5 calls=1021 margin 3.02->8.79 t=3.2s
[DONE] fit__1851__deblur__attack__nes__l1 calls=1021 margin 5.48->-3.79 t=3.4s
[DONE] fit__1851__deblur__restore__nes__l1 calls=1021 margin 5.48->6.93 t=3.2s
[DONE] fit__1851__deblur__confidence_boost__nes__l1 calls=1021 margin 5.48->11.68 t=3.3s
[DONE] fit__9749__denoise__attack__nes__l0.5 calls=1021 margin 7.42->-2.62 t=3.1s
[DONE] fit__9749__denoise__restore__nes__l0.5 calls=1021 margin 7.42->7.90 t=3.4s
[DONE] fit__9749__denoise__confidence_boost__nes__l0.5 calls=1021 margin 7.42->12.76 t=3.2s
[DONE] fit__9749__deblur__attack__nes__l1 calls=1021 margin 9.88->-3.21 t=3.2s
[DONE] fit__9749__deblur__restore__nes__l1 calls=1021 margin 9.88->8.72 t=3.0s
[DONE] fit__9749__deblur__confidence_boost__nes__l1 calls=1021 margin 9.88->15.29 t=2.9s
[DONE] fit__7329__denoise__attack__nes__l0.5 calls=1021 margin 0.07->-8.82 t=3.2s
[DONE] fit__7329__denoise__restore__nes__l0.5 calls=1021 margin 0.07->-1.54 t=3.3s
[DONE] fit__7329__denoise__confidence_boost__nes__l0.5 calls=1021 margin 0.07->6.66 t=3.2s
[DONE] fit__7329__deblur__attack__nes__l1 calls=1021 margin 3.88->-9.56 t=3.5s
[DONE] fit__7329__deblur__restore__nes__l1 calls=1021 margin 3.88->6.25 t=3.2s
[DONE] fit__7329__deblur__confidence_boost__nes__l1 calls=1021 margin 3.88->12.24 t=3.3s
[DONE] fit__5133__denoise__attack__nes__l0.5 calls=1021 margin 7.07->-7.88 t=3.3s
[DONE] fit__5133__denoise__restore__nes__l0.5 calls=1021 margin 7.07->6.38 t=3.0s
[DONE] fit__5133__denoise__confidence_boost__nes__l0.5 calls=1021 margin 7.07->13.69 t=3.3s
[DONE] fit__5133__deblur__attack__nes__l1 calls=1021 margin 11.14->-6.52 t=3.4s
[DONE] fit__5133__deblur__restore__nes__l1 calls=1021 margin 11.14->10.93 t=3.3s
[DONE] fit__5133__deblur__confidence_boost__nes__l1 calls=1021 margin 11.14->17.90 t=3.2s
[DONE] fit__2963__denoise__attack__nes__l0.5 calls=1021 margin 5.35->-4.53 t=3.1s
[DONE] fit__2963__denoise__restore__nes__l0.5 calls=1021 margin 5.35->6.06 t=3.1s
[DONE] fit__2963__denoise__confidence_boost__nes__l0.5 calls=1021 margin 5.35->11.22 t=3.1s
[DONE] fit__2963__deblur__attack__nes__l1 calls=1021 margin 7.93->-3.89 t=3.2s
[DONE] fit__2963__deblur__restore__nes__l1 calls=1021 margin 7.93->8.35 t=3.1s
[DONE] fit__2963__deblur__confidence_boost__nes__l1 calls=1021 margin 7.93->13.08 t=3.1s
[DONE] fit__1544__denoise__attack__nes__l0.5 calls=1021 margin 2.56->-10.50 t=3.2s
[DONE] fit__1544__denoise__restore__nes__l0.5 calls=1021 margin 2.56->-0.04 t=3.4s
[DONE] fit__1544__denoise__confidence_boost__nes__l0.5 calls=1021 margin 2.56->11.58 t=3.3s
[DONE] fit__1544__deblur__attack__nes__l1 calls=1021 margin 7.38->-7.69 t=3.3s
[DONE] fit__1544__deblur__restore__nes__l1 calls=1021 margin 7.38->10.29 t=3.2s
[DONE] fit__1544__deblur__confidence_boost__nes__l1 calls=1021 margin 7.38->18.93 t=3.3s
[DONE] fit__7325__denoise__attack__nes__l0.5 calls=1021 margin 6.45->-6.90 t=3.0s
[DONE] fit__7325__denoise__restore__nes__l0.5 calls=1021 margin 6.45->6.57 t=3.0s
[DONE] fit__7325__denoise__confidence_boost__nes__l0.5 calls=1021 margin 6.45->14.59 t=2.9s
[DONE] fit__7325__deblur__attack__nes__l1 calls=1021 margin 9.01->-6.53 t=3.0s
[DONE] fit__7325__deblur__restore__nes__l1 calls=1021 margin 9.01->6.41 t=3.2s
[DONE] fit__7325__deblur__confidence_boost__nes__l1 calls=1021 margin 9.01->14.84 t=3.0s
[DONE] fit__6690__denoise__attack__nes__l0.5 calls=1021 margin 0.59->-12.32 t=3.3s
[DONE] fit__6690__denoise__restore__nes__l0.5 calls=1021 margin 0.59->1.61 t=3.1s
[DONE] fit__6690__denoise__confidence_boost__nes__l0.5 calls=1021 margin 0.59->11.83 t=3.3s
[DONE] fit__6690__deblur__attack__nes__l1 calls=1021 margin 9.49->-2.36 t=3.5s
[DONE] fit__6690__deblur__restore__nes__l1 calls=1021 margin 9.49->8.69 t=3.3s
[DONE] fit__6690__deblur__confidence_boost__nes__l1 calls=1021 margin 9.49->14.31 t=3.3s
[DONE] fit__4702__denoise__attack__nes__l0.5 calls=1021 margin 9.28->-1.21 t=3.1s
[DONE] fit__4702__denoise__restore__nes__l0.5 calls=1021 margin 9.28->8.56 t=3.3s
[DONE] fit__4702__denoise__confidence_boost__nes__l0.5 calls=1021 margin 9.28->13.81 t=3.2s
[DONE] fit__4702__deblur__attack__nes__l1 calls=1021 margin 14.72->7.33 t=3.5s
[DONE] fit__4702__deblur__restore__nes__l1 calls=1021 margin 14.72->14.22 t=3.6s
[DONE] fit__4702__deblur__confidence_boost__nes__l1 calls=1021 margin 14.72->16.74 t=3.5s
[DONE] fit__3116__denoise__attack__nes__l0.5 calls=1021 margin 3.05->-9.29 t=3.2s
[DONE] fit__3116__denoise__restore__nes__l0.5 calls=1021 margin 3.05->3.98 t=3.4s
[DONE] fit__3116__denoise__confidence_boost__nes__l0.5 calls=1021 margin 3.05->9.90 t=3.5s
[DONE] fit__3116__deblur__attack__nes__l1 calls=1021 margin 5.37->-11.79 t=3.4s
[DONE] fit__3116__deblur__restore__nes__l1 calls=1021 margin 5.37->3.82 t=3.5s
[DONE] fit__3116__deblur__confidence_boost__nes__l1 calls=1021 margin 5.37->12.42 t=4.0s
[DONE] fit__1358__denoise__attack__nes__l0.5 calls=1021 margin 5.70->-8.40 t=3.1s
[DONE] fit__1358__denoise__restore__nes__l0.5 calls=1021 margin 5.70->6.27 t=3.2s
[DONE] fit__1358__denoise__confidence_boost__nes__l0.5 calls=1021 margin 5.70->13.22 t=3.1s
[DONE] fit__1358__deblur__attack__nes__l1 calls=1021 margin 10.56->0.32 t=2.9s
[DONE] fit__1358__deblur__restore__nes__l1 calls=1021 margin 10.56->14.30 t=2.9s
[DONE] fit__1358__deblur__confidence_boost__nes__l1 calls=1021 margin 10.56->17.82 t=3.1s
[DONE] fit__9101__denoise__attack__nes__l0.5 calls=1021 margin 0.96->-7.76 t=2.9s
[DONE] fit__9101__denoise__restore__nes__l0.5 calls=1021 margin 0.96->-0.19 t=3.1s
[DONE] fit__9101__denoise__confidence_boost__nes__l0.5 calls=1021 margin 0.96->7.80 t=3.6s
[DONE] fit__9101__deblur__attack__nes__l1 calls=1021 margin 11.72->-2.79 t=3.5s
[DONE] fit__9101__deblur__restore__nes__l1 calls=1021 margin 11.72->9.49 t=3.4s
[DONE] fit__9101__deblur__confidence_boost__nes__l1 calls=1021 margin 11.72->14.35 t=3.0s
[DONE] fit__7297__denoise__attack__nes__l0.5 calls=1021 margin 4.29->-8.89 t=3.2s
[DONE] fit__7297__denoise__restore__nes__l0.5 calls=1021 margin 4.29->4.02 t=3.1s
[DONE] fit__7297__denoise__confidence_boost__nes__l0.5 calls=1021 margin 4.29->10.60 t=3.0s
[DONE] fit__7297__deblur__attack__nes__l1 calls=1021 margin 7.21->-3.65 t=3.1s
[DONE] fit__7297__deblur__restore__nes__l1 calls=1021 margin 7.21->8.61 t=3.1s
[DONE] fit__7297__deblur__confidence_boost__nes__l1 calls=1021 margin 7.21->12.27 t=3.2s
