[DONE] evaluation__539__denoise__attack__nes__l0.5 calls=1021 margin 3.43->-4.29 t=2.4s
[DONE] evaluation__539__denoise__restore__nes__l0.5 calls=1021 margin 3.43->3.74 t=2.2s
[DONE] evaluation__539__denoise__confidence_boost__nes__l0.5 calls=1021 margin 3.43->9.62 t=2.2s
[DONE] evaluation__539__deblur__attack__nes__l1 calls=1021 margin 11.17->-2.72 t=2.2s
[DONE] evaluation__539__deblur__restore__nes__l1 calls=1021 margin 11.17->11.15 t=2.2s
[DONE] evaluation__539__deblur__confidence_boost__nes__l1 calls=1021 margin 11.17->16.71 t=2.2s
[DONE] evaluation__6003__denoise__attack__nes__l0.5 calls=1021 margin 5.78->-1.77 t=2.3s
[DONE] evaluation__6003__denoise__restore__nes__l0.5 calls=1021 margin 5.78->6.00 t=2.3s
[DONE] evaluation__6003__denoise__confidence_boost__nes__l0.5 calls=1021 margin 5.78->9.71 t=2.3s
[DONE] evaluation__6003__deblur__attack__nes__l1 calls=1021 margin 10.21->3.20 t=2.3s
[DONE] evaluation__6003__deblur__restore__nes__l1 calls=1021 margin 10.21->10.83 t=2.3s
[DONE] evaluation__6003__deblur__confidence_boost__nes__l1 calls=1021 margin 10.21->13.33 t=2.3s
[DONE] evaluation__9045__denoise__attack__nes__l0.5 calls=1021 margin 8.08->1.77 t=2.5s
[DONE] evaluation__9045__denoise__restore__nes__l0.5 calls=1021 margin 8.08->7.91 t=2.5s
[DONE] evaluation__9045__denoise__confidence_boost__nes__l0.5 calls=1021 margin 8.08->13.13 t=2.5s
[DONE] evaluation__9045__deblur__attack__nes__l1 calls=1021 margin 11.83->5.31 t=2.5s
[DONE] evaluation__9045__deblur__restore__nes__l1 calls=1021 margin 11.83->11.60 t=2.5s
[DONE] evaluation__9045__deblur__confidence_boost__nes__l1 calls=1021 margin 11.83->14.50 t=2.5s
[DONE] evaluation__1751__denoise__attack__nes__l0.5 calls=1021 margin 8.23->-0.49 t=2.9s
[DONE] evaluation__1751__denoise__restore__nes__l0.5 calls=1021 margin 8.23->7.93 t=3.0s
[DONE] evaluation__1751__denoise__confidence_boost__nes__l0.5 calls=1021 margin 8.23->11.93 t=2.9s
[DONE] evaluation__1751__deblur__attack__nes__l1 calls=1021 margin 9.11->-0.38 t=2.8s
[DONE] evaluation__1751__deblur__restore__nes__l1 calls=1021 margin 9.11->8.22 t=2.8s
[DONE] evaluation__1751__deblur__confidence_boost__nes__l1 calls=1021 margin 9.11->12.51 t=2.8s
[DONE] evaluation__6984__denoise__attack__nes__l0.5 calls=1021 margin 8.02->-1.61 t=2.8s
[DONE] evaluation__6984__denoise__restore__nes__l0.5 calls=1021 margin 8.02->7.71 t=3.0s
[DONE] evaluation__6984__denoise__confidence_boost__nes__l0.5 calls=1021 margin 8.02->12.32 t=2.7s
[DONE] evaluation__6984__deblur__attack__nes__l1 calls=1021 margin 8.69->0.45 t=2.9s
[DONE] evaluation__6984__deblur__restore__nes__l1 calls=1021 margin 8.69->6.42 t=3.0s
[DONE] evaluation__6984__deblur__confidence_boost__nes__l1 calls=1021 margin 8.69->12.34 t=3.0s
[DONE] evaluation__988__denoise__attack__nes__l0.5 calls=1021 margin 6.67->-2.88 t=2.9s
[DONE] evaluation__988__denoise__restore__nes__l0.5 calls=1021 margin 6.67->6.02 t=2.7s
[DONE] evaluation__988__denoise__confidence_boost__nes__l0.5 calls=1021 margin 6.67->11.51 t=2.6s
[DONE] evaluation__988__deblur__attack__nes__l1 calls=1021 margin 3.81->-7.60 t=2.6s
[DONE] evaluation__988__deblur__restore__nes__l1 calls=1021 margin 3.81->5.17 t=2.7s
[DONE] evaluation__988__deblur__confidence_boost__nes__l1 calls=1021 margin 3.81->13.04 t=2.8s
[DONE] evaluation__3713__denoise__attack__nes__l0.5 calls=1021 margin 7.46->-1.52 t=2.5s
[DONE] evaluation__3713__denoise__restore__nes__l0.5 calls=1021 margin 7.46->7.22 t=2.5s
[DONE] evaluation__3713__denoise__confidence_boost__nes__l0.5 calls=1021 margin 7.46->13.00 t=2.9s
[DONE] evaluation__3713__deblur__attack__nes__l1 calls=1021 margin 6.61->-3.54 t=3.0s
[DONE] evaluation__3713__deblur__restore__nes__l1 calls=1021 margin 6.61->5.30 t=3.1s
[DONE] evaluation__3713__deblur__confidence_boost__nes__l1 calls=1021 margin 6.61->12.35 t=2.9s
[DONE] evaluation__7902__denoise__attack__nes__l0.5 calls=1021 margin 7.99->-2.67 t=3.2s
[DONE] evaluation__7902__denoise__restore__nes__l0.5 calls=1021 margin 7.99->5.94 t=3.0s
[DONE] evaluation__7902__denoise__confidence_boost__nes__l0.5 calls=1021 margin 7.99->12.58 t=3.0s
[DONE] evaluation__7902__deblur__attack__nes__l1 calls=1021 margin 11.33->-0.77 t=3.1s
[DONE] evaluation__7902__deblur__restore__nes__l1 calls=1021 margin 11.33->9.19 t=3.4s
[DONE] evaluation__7902__deblur__confidence_boost__nes__l1 calls=1021 margin 11.33->14.44 t=3.2s
[DONE] evaluation__3023__denoise__attack__nes__l0.5 calls=1021 margin 0.86->-8.26 t=3.2s
[DONE] evaluation__3023__denoise__restore__nes__l0.5 calls=1021 margin 0.86->0.39 t=3.1s
[DONE] evaluation__3023__denoise__confidence_boost__nes__l0.5 calls=1021 margin 0.86->10.49 t=3.2s
[DONE] evaluation__3023__deblur__attack__nes__l1 calls=1021 margin 10.84->-10.02 t=3.1s
[DONE] evaluation__3023__deblur__restore__nes__l1 calls=1021 margin 10.84->8.84 t=2.8s
[DONE] evaluation__3023__deblur__confidence_boost__nes__l1 calls=1021 margin 10.84->13.11 t=2.9s
[DONE] evaluation__6237__denoise__attack__nes__l0.5 calls=1021 margin 1.29->-3.49 t=3.3s
[DONE] evaluation__6237__denoise__restore__nes__l0.5 calls=1021 margin 1.29->1.96 t=3.5s
[DONE] evaluation__6237__denoise__confidence_boost__nes__l0.5 calls=1021 margin 1.29->7.49 t=3.2s
[DONE] evaluation__6237__deblur__attack__nes__l1 calls=1021 margin 0.37->-5.03 t=3.3s
[DONE] evaluation__6237__deblur__restore__nes__l1 calls=1021 margin 0.37->1.06 t=3.3s
[DONE] evaluation__6237__deblur__confidence_boost__nes__l1 calls=1021 margin 0.37->7.61 t=3.2s
[DONE] evaluation__463__denoise__attack__nes__l0.5 calls=1021 margin 0.50->-10.61 t=2.9s
[DONE] evaluation__463__denoise__restore__nes__l0.5 calls=1021 margin 0.50->-0.65 t=3.2s
[DONE] evaluation__463__denoise__confidence_boost__nes__l0.5 calls=1021 margin 0.50->9.31 t=2.9s
[DONE] evaluation__463__deblur__attack__nes__l1 calls=1021 margin 3.07->-7.57 t=3.1s
[DONE] evaluation__463__deblur__restore__nes__l1 calls=1021 margin 3.07->4.74 t=3.3s
[DONE] evaluation__463__deblur__confidence_boost__nes__l1 calls=1021 margin 3.07->14.24 t=3.3s
[DONE] evaluation__4042__denoise__attack__nes__l0.5 calls=1021 margin 0.97->-6.61 t=3.1s
[DONE] evaluation__4042__denoise__restore__nes__l0.5 calls=1021 margin 0.97->0.06 t=3.2s
[DONE] evaluation__4042__denoise__confidence_boost__nes__l0.5 calls=1021 margin 0.97->7.93 t=3.1s
[DONE] evaluation__4042__deblur__attack__nes__l1 calls=1021 margin 4.28->-3.36 t=3.1s
[DONE] evaluation__4042__deblur__restore__nes__l1 calls=1021 margin 4.28->6.13 t=3.1s
[DONE] evaluation__4042__deblur__confidence_boost__nes__l1 calls=1021 margin 4.28->10.77 t=3.1s
[DONE] evaluation__8500__denoise__attack__nes__l0.5 calls=1021 margin 3.75->-8.30 t=3.5s
[DONE] evaluation__8500__denoise__restore__nes__l0.5 calls=1021 margin 3.75->4.37 t=3.1s
[DONE] evaluation__8500__denoise__confidence_boost__nes__l0.5 calls=1021 margin 3.75->13.29 t=3.3s
[DONE] evaluation__8500__deblur__attack__nes__l1 calls=1021 margin 12.84->-6.46 t=3.3s
[DONE] evaluation__8500__deblur__restore__nes__l1 calls=1021 margin 12.84->11.27 t=3.3s
[DONE] evaluation__8500__deblur__confidence_boost__nes__l1 calls=1021 margin 12.84->16.69 t=3.2s
[DONE] evaluation__2487__denoise__attack__nes__l0.5 calls=1021 margin 4.44->-4.04 t=3.2s
[DONE] evaluation__2487__denoise__restore__nes__l0.5 calls=1021 margin 4.44->3.14 t=3.3s
[DONE] evaluation__2487__denoise__confidence_boost__nes__l0.5 calls=1021 margin 4.44->9.41 t=3.2s
[DONE] evaluation__2487__deblur__attack__nes__l1 calls=1021 margin 1.87->-9.43 t=3.2s
[DONE] evaluation__2487__deblur__restore__nes__l1 calls=1021 margin 1.87->3.99 t=3.0s
[DONE] evaluation__2487__deblur__confidence_boost__nes__l1 calls=1021 margin 1.87->9.86 t=3.4s
[DONE] evaluation__6120__denoise__attack__nes__l0.5 calls=1021 margin 3.87->-6.05 t=2.9s
[DONE] evaluation__6120__denoise__restore__nes__l0.5 calls=1021 margin 3.87->3.77 t=3.3s
[DONE] evaluation__6120__denoise__confidence_boost__nes__l0.5 calls=1021 margin 3.87->8.84 t=3.0s
[DONE] evaluation__6120__deblur__attack__nes__l1 calls=1021 margin 6.40->-8.78 t=3.2s
[DONE] evaluation__6120__deblur__restore__nes__l1 calls=1021 margin 6.40->4.96 t=3.1s
[DONE] evaluation__6120__deblur__confidence_boost__nes__l1 calls=1021 margin 6.40->10.91 t=3.1s
[DONE] evaluation__920__denoise__attack__nes__l0.5 calls=1021 margin 6.52->-0.71 t=3.1s
[DONE] evaluation__920__denoise__restore__nes__l0.5 calls=1021 margin 6.52->6.94 t=3.2s
[DONE] evaluation__920__denoise__confidence_boost__nes__l0.5 calls=1021 margin 6.52->12.23 t=3.4s
[DONE] evaluation__920__deblur__attack__nes__l1 calls=1021 margin 5.36->-6.18 t=3.1s
[DONE] evaluation__920__deblur__restore__nes__l1 calls=1021 margin 5.36->2.06 t=3.2s
[DONE] evaluation__920__deblur__confidence_boost__nes__l1 calls=1021 margin 5.36->10.76 t=3.4s
[DONE] evaluation__4465__denoise__attack__nes__l0.5 calls=1021 margin 5.37->-4.15 t=3.3s
[DONE] evaluation__4465__denoise__restore__nes__l0.5 calls=1021 margin 5.37->5.18 t=3.4s
[DONE] evaluation__4465__denoise__confidence_boost__nes__l0.5 calls=1021 margin 5.37->13.38 t=3.2s
[DONE] evaluation__4465__deblur__attack__nes__l1 calls=1021 margin 4.98->-6.89 t=3.2s
[DONE] evaluation__4465__deblur__restore__nes__l1 calls=1021 margin 4.98->7.49 t=3.0s
[DONE] evaluation__4465__deblur__confidence_boost__nes__l1 calls=1021 margin 4.98->15.53 t=3.1s
[DONE] evaluation__8113__denoise__attack__nes__l0.5 calls=1021 margin 9.85->-0.35 t=3.4s
[DONE] evaluation__8113__denoise__restore__nes__l0.5 calls=1021 margin 9.85->10.45 t=3.6s
[DONE] evaluation__8113__denoise__confidence_boost__nes__l0.5 calls=1021 margin 9.85->14.87 t=3.1s
[DONE] evaluation__8113__deblur__attack__nes__l1 calls=1021 margin 8.94->-2.73 t=3.0s
[DONE] evaluation__8113__deblur__restore__nes__l1 calls=1021 margin 8.94->7.44 t=3.1s
[DONE] evaluation__8113__deblur__confidence_boost__nes__l1 calls=1021 margin 8.94->15.51 t=3.1s
[DONE] evaluation__3437__denoise__attack__nes__l0.5 calls=1021 margin 0.24->-10.69 t=3.0s
[DONE] evaluation__3437__denoise__restore__nes__l0.5 calls=1021 margin 0.24->1.64 t=3.1s
[DONE] evaluation__3437__denoise__confidence_boost__nes__l0.5 calls=1021 margin 0.24->9.45 t=3.1s
[DONE] evaluation__3437__deblur__attack__nes__l1 calls=1021 margin 11.61->-7.36 t=3.3s
[DONE] evaluation__3437__deblur__restore__nes__l1 calls=1021 margin 11.61->10.27 t=2.9s
[DONE] evaluation__3437__deblur__confidence_boost__nes__l1 calls=1021 margin 11.61->14.06 t=3.0s
[DONE] evaluation__5668__denoise__attack__nes__l0.5 calls=1021 margin 5.47->-7.55 t=3.2s
[DONE] evaluation__5668__denoise__restore__nes__l0.5 calls=1021 margin 5.47->5.02 t=3.4s
[DONE] evaluation__5668__denoise__confidence_boost__nes__l0.5 calls=1021 margin 5.47->12.05 t=3.2s
[DONE] evaluation__5668__deblur__attack__nes__l1 calls=1021 margin 9.61->-6.20 t=3.2s
[DONE] evaluation__5668__deblur__restore__nes__l1 calls=1021 margin 9.61->8.86 t=3.3s
[DONE] evaluation__5668__deblur__confidence_boost__nes__l1 calls=1021 margin 9.61->13.97 t=3.0s
[DONE] evaluation__582__denoise__attack__nes__l0.5 calls=1021 margin 3.34->-7.02 t=3.1s
[DONE] evaluation__582__denoise__restore__nes__l0.5 calls=1021 margin 3.34->2.71 t=3.3s
[DONE] evaluation__582__denoise__confidence_boost__nes__l0.5 calls=1021 margin 3.34->9.47 t=3.2s
[DONE] evaluation__582__deblur__attack__nes__l1 calls=1021 margin 7.01->-3.78 t=3.1s
[DONE] evaluation__582__deblur__restore__nes__l1 calls=1021 margin 7.01->8.03 t=2.9s
[DONE] evaluation__582__deblur__confidence_boost__nes__l1 calls=1021 margin 7.01->12.24 t=3.1s
[DONE] evaluation__3270__denoise__attack__nes__l0.5 calls=1021 margin 6.24->-4.92 t=3.0s
[DONE] evaluation__3270__denoise__restore__nes__l0.5 calls=1021 margin 6.24->4.96 t=2.7s
[DONE] evaluation__3270__denoise__confidence_boost__nes__l0.5 calls=1021 margin 6.24->10.62 t=2.7s
[DONE] evaluation__3270__deblur__attack__nes__l1 calls=1021 margin 10.09->5.35 t=2.8s
[DONE] evaluation__3270__deblur__restore__nes__l1 calls=1021 margin 10.09->11.21 t=3.1s
[DONE] evaluation__3270__deblur__confidence_boost__nes__l1 calls=1021 margin 10.09->13.49 t=3.3s
[DONE] evaluation__6718__denoise__attack__nes__l0.5 calls=1021 margin 1.68->-9.71 t=3.1s
[DONE] evaluation__6718__denoise__restore__nes__l0.5 calls=1021 margin 1.68->2.60 t=2.9s
[DONE] evaluation__6718__denoise__confidence_boost__nes__l0.5 calls=1021 margin 1.68->10.24 t=3.0s
[DONE] evaluation__6718__deblur__attack__nes__l1 calls=1021 margin 8.16->-6.45 t=3.0s
[DONE] evaluation__6718__deblur__restore__nes__l1 calls=1021 margin 8.16->6.05 t=2.9s
[DONE] evaluation__6718__deblur__confidence_boost__nes__l1 calls=1021 margin 8.16->16.62 t=3.2s
[DONE] evaluation__3170__denoise__attack__nes__l0.5 calls=1021 margin 6.51->0.12 t=3.0s
[DONE] evaluation__3170__denoise__restore__nes__l0.5 calls=1021 margin 6.51->5.99 t=3.3s
[DONE] evaluation__3170__denoise__confidence_boost__nes__l0.5 calls=1021 margin 6.51->9.55 t=3.2s
[DONE] evaluation__3170__deblur__attack__nes__l1 calls=1021 margin 5.36->-2.56 t=3.1s
[DONE] evaluation__3170__deblur__restore__nes__l1 calls=1021 margin 5.36->8.28 t=3.3s
[DONE] evaluation__3170__deblur__confidence_boost__nes__l1 calls=1021 margin 5.36->10.34 t=3.3s
[DONE] evaluation__7642__denoise__attack__nes__l0.5 calls=1021 margin 2.54->-10.18 t=3.0s
[DONE] evaluation__7642__denoise__restore__nes__l0.5 calls=1021 margin 2.54->0.53 t=3.1s
[DONE] evaluation__7642__denoise__confidence_boost__nes__l0.5 calls=1021 margin 2.54->11.34 t=3.4s
[DONE] evaluation__7642__deblur__attack__nes__l1 calls=1021 margin 10.02->-4.94 t=3.3s
[DONE] evaluation__7642__deblur__restore__nes__l1 calls=1021 margin 10.02->10.60 t=3.3s
[DONE] evaluation__7642__deblur__confidence_boost__nes__l1 calls=1021 margin 10.02->14.66 t=3.3s
[DONE] fit__90__denoise__attack__nes__l0.5 calls=1021 margin 4.88->-7.23 t=3.0s
[DONE] fit__90__denoise__restore__nes__l0.5 calls=1021 margin 4.88->4.95 t=3.0s
[DONE] fit__90__denoise__confidence_boost__nes__l0.5 calls=1021 margin 4.88->12.30 t=2.9s
[DONE] fit__90__deblur__attack__nes__l1 calls=1021 margin 7.09->-5.03 t=3.1s
[DONE] fit__90__deblur__restore__nes__l1 calls=1021 margin 7.09->5.82 t=3.4s
[DONE] fit__90__deblur__confidence_boost__nes__l1 calls=1021 margin 7.09->14.33 t=3.1s
[DONE] fit__8643__denoise__attack__nes__l0.5 calls=1021 margin 2.59->-9.16 t=3.3s
[DONE] fit__8643__denoise__restore__nes__l0.5 calls=1021 margin 2.59->3.09 t=3.4s
[DONE] fit__8643__denoise__confidence_boost__nes__l0.5 calls=1021 margin 2.59->10.34 t=3.2s
[DONE] fit__8643__deblur__attack__nes__l1 calls=1021 margin 10.82->-8.30 t=2.9s
[DONE] fit__8643__deblur__restore__nes__l1 calls=1021 margin 10.82->6.64 t=3.3s
[DONE] fit__8643__deblur__confidence_boost__nes__l1 calls=1021 margin 10.82->11.87 t=3.2s
[DONE] fit__7166__denoise__attack__nes__l0.5 calls=1021 margin 4.36->-4.01 t=3.0s
[DONE] fit__7166__denoise__restore__nes__l0.5 calls=1021 margin 4.36->4.41 t=3.0s
[DONE] fit__7166__denoise__confidence_boost__nes__l0.5 calls=1021 margin 4.36->10.56 t=3.6s
[DONE] fit__7166__deblur__attack__nes__l1 calls=1021 margin 8.72->-0.99 t=3.0s
[DONE] fit__7166__deblur__restore__nes__l1 calls=1021 margin 8.72->8.24 t=3.3s
[DONE] fit__7166__deblur__confidence_boost__nes__l1 calls=1021 margin 8.72->12.01 t=3.2s
[DONE] fit__3844__denoise__attack__nes__l0.5 calls=1021 margin 8.45->-2.11 t=3.2s
[DONE] fit__3844__denoise__restore__nes__l0.5 calls=1021 margin 8.45->8.76 t=3.2s
[DONE] fit__3844__denoise__confidence_boost__nes__l0.5 calls=1021 margin 8.45->14.44 t=2.9s
[DONE] fit__3844__deblur__attack__nes__l1 calls=1021 margin 7.18->-2.15 t=3.1s
[DONE] fit__3844__deblur__restore__nes__l1 calls=1021 margin 7.18->7.35 t=3.1s
[DONE] fit__3844__deblur__confidence_boost__nes__l1 calls=1021 margin 7.18->15.55 t=3.2s
[DONE] fit__2922__denoise__attack__nes__l0.5 calls=1021 margin 4.29->-11.62 t=3.0s
[DONE] fit__2922__denoise__restore__nes__l0.5 calls=1021 margin 4.29->0.87 t=2.8s
[DONE] fit__2922__denoise__confidence_boost__nes__l0.5 calls=1021 margin 4.29->14.48 t=3.5s
[DONE] fit__2922__deblur__attack__nes__l1 calls=1021 margin 10.75->-5.90 t=3.4s
[DONE] fit__2922__deblur__restore__nes__l1 calls=1021 margin 10.75->13.66 t=3.1s
[DONE] fit__2922__deblur__confidence_boost__nes__l1 calls=1021 margin 10.75->17.93 t=3.2s
[DONE] fit__1526__denoise__attack__nes__l0.5 calls=1021 margin 7.03->-7.60 t=3.3s
[DONE] fit__1526__denoise__restore__nes__l0.5 calls=1021 margin 7.03->6.32 t=3.1s
[DONE] fit__1526__denoise__confidence_boost__nes__l0.5 calls=1021 margin 7.03->14.72 t=3.1s
[DONE] fit__1526__deblur__attack__nes__l1 calls=1021 margin 10.16->-6.54 t=3.3s
[DONE] fit__1526__deblur__restore__nes__l1 calls=1021 margin 10.16->9.75 t=3.3s
[DONE] fit__1526__deblur__confidence_boost__nes__l1 calls=1021 margin 10.16->16.75 t=3.2s
[DONE] fit__6664__denoise__attack__nes__l0.5 calls=1021 margin 3.57->-8.69 t=3.0s
[DONE] fit__6664__denoise__restore__nes__l0.5 calls=1021 margin 3.57->4.43 t=3.2s
[DONE] fit__6664__denoise__confidence_boost__nes__l0.5 calls=1021 margin 3.57->10.50 t=3.1s
[DONE] fit__6664__deblur__attack__nes__l1 calls=1021 margin 7.97->-4.90 t=3.4s
[DONE] fit__6664__deblur__restore__nes__l1 calls=1021 margin 7.97->6.99 t=3.5s
[DONE] fit__6664__deblur__confidence_boost__nes__l1 calls=1021 margin 7.97->12.78 t=3.5s
[DONE] fit__6571__denoise__attack__nes__l0.5 calls=1021 margin 3.93->-9.89 t=2.9s
[DONE] fit__6571__denoise__restore__nes__l0.5 calls=1021 margin 3.93->3.81 t=3.0s
[DONE] fit__6571__denoise__confidence_boost__nes__l0.5 calls=1021 margin 3.93->8.74 t=2.9s
[DONE] fit__6571__deblur__attack__nes__l1 calls=1021 margin 8.85->-5.70 t=3.4s
[DONE] fit__6571__deblur__restore__nes__l1 calls=1021 margin 8.85->7.67 t=3.2s
[DONE] fit__6571__deblur__confidence_boost__nes__l1 calls=1021 margin 8.85->12.75 t=3.0s
[DONE] fit__4668__denoise__attack__nes__l0.5 calls=1021 margin 9.52->-6.56 t=3.2s
[DONE] fit__4668__denoise__restore__nes__l0.5 calls=1021 margin 9.52->9.09 t=3.2s
[DONE] fit__4668__denoise__confidence_boost__nes__l0.5 calls=1021 margin 9.52->15.25 t=3.1s
[DONE] fit__4668__deblur__attack__nes__l1 calls=1021 margin 4.04->-9.31 t=3.2s
[DONE] fit__4668__deblur__restore__nes__l1 calls=1021 margin 4.04->8.56 t=2.9s
[DONE] fit__4668__deblur__confidence_boost__nes__l1 calls=1021 margin 4.04->15.56 t=3.1s
[DONE] fit__2518__denoise__attack__nes__l0.5 calls=1021 margin 1.28->-7.79 t=3.1s
[DONE] fit__2518__denoise__restore__nes__l0.5 calls=1021 margin 1.28->1.13 t=3.0s
[DONE] fit__2518__denoise__confidence_boost__nes__l0.5 calls=1021 margin 1.28->7.63 t=2.9s
[DONE] fit__2518__deblur__attack__nes__l1 calls=1021 margin 4.56->-7.96 t=2.8s
[DONE] fit__2518__deblur__restore__nes__l1 calls=1021 margin 4.56->2.77 t=2.9s
[DONE] fit__2518__deblur__confidence_boost__nes__l1 calls=1021 margin 4.56->10.40 t=3.0s
[DONE] fit__1279__denoise__attack__nes__l0.5 calls=1021 margin 7.12->0.07 t=2.8s
[DONE] fit__1279__denoise__restore__nes__l0.5 calls=1021 margin 7.12->8.23 t=3.2s
[DONE] fit__1279__denoise__confidence_boost__nes__l0.5 calls=1021 margin 7.12->11.95 t=3.0s
[DONE] fit__1279__deblur__attack__nes__l1 calls=1021 margin 5.89->-4.13 t=3.0s
[DONE] fit__1279__deblur__restore__nes__l1 calls=1021 margin 5.89->7.93 t=3.1s
[DONE] fit__1279__deblur__confidence_boost__nes__l1 calls=1021 margin 5.89->15.47 t=3.3s
[DONE] fit__8256__denoise__attack__nes__l0.5 calls=1021 margin 7.51->-3.83 t=3.1s
[DONE] fit__8256__denoise__restore__nes__l0.5 calls=1021 margin 7.51->6.90 t=3.3s
[DONE] fit__8256__denoise__confidence_boost__nes__l0.5 calls=1021 margin 7.51->12.46 t=3.1s
[DONE] fit__8256__deblur__attack__nes__l1 calls=1021 margin 11.97->5.41 t=3.0s
[DONE] fit__8256__deblur__restore__nes__l1 calls=1021 margin 11.97->11.82 t=3.1s
[DONE] fit__8256__deblur__confidence_boost__nes__l1 calls=1021 margin 11.97->16.59 t=2.8s
[DONE] fit__5980__denoise__attack__nes__l0.5 calls=1021 margin 4.84->-7.50 t=3.0s
[DONE] fit__5980__denoise__restore__nes__l0.5 calls=1021 margin 4.84->3.52 t=3.3s
[DONE] fit__5980__denoise__confidence_boost__nes__l0.5 calls=1021 margin 4.84->10.29 t=3.1s
[DONE] fit__5980__deblur__attack__nes__l1 calls=1021 margin 8.97->-4.42 t=3.2s
[DONE] fit__5980__deblur__restore__nes__l1 calls=1021 margin 8.97->7.56 t=3.3s
[DONE] fit__5980__deblur__confidence_boost__nes__l1 calls=1021 margin 8.97->11.70 t=3.1s
