[DONE] evaluation__1109__denoise__attack__nes__l0.5 calls=1021 margin 1.95->-10.75 t=2.9s
[DONE] evaluation__1109__denoise__restore__nes__l0.5 calls=1021 margin 1.95->0.93 t=2.7s
[DONE] evaluation__1109__denoise__confidence_boost__nes__l0.5 calls=1021 margin 1.95->8.20 t=2.7s
[DONE] evaluation__1109__deblur__attack__nes__l1 calls=1021 margin 8.19->-9.98 t=2.6s
[DONE] evaluation__1109__deblur__restore__nes__l1 calls=1021 margin 8.19->6.28 t=2.6s
[DONE] evaluation__1109__deblur__confidence_boost__nes__l1 calls=1021 margin 8.19->12.27 t=2.7s
[DONE] evaluation__6494__denoise__attack__nes__l0.5 calls=1021 margin 1.01->-9.63 t=2.9s
[DONE] evaluation__6494__denoise__restore__nes__l0.5 calls=1021 margin 1.01->2.10 t=2.9s
[DONE] evaluation__6494__denoise__confidence_boost__nes__l0.5 calls=1021 margin 1.01->9.01 t=2.9s
[DONE] evaluation__6494__deblur__attack__nes__l1 calls=1021 margin 4.33->-9.58 t=2.8s
[DONE] evaluation__6494__deblur__restore__nes__l1 calls=1021 margin 4.33->4.68 t=2.9s
[DONE] evaluation__6494__deblur__confidence_boost__nes__l1 calls=1021 margin 4.33->11.43 t=3.0s
[DONE] evaluation__9973__denoise__attack__nes__l0.5 calls=1021 margin 2.95->-8.60 t=2.7s
[DONE] evaluation__9973__denoise__restore__nes__l0.5 calls=1021 margin 2.95->2.22 t=2.7s
[DONE] evaluation__9973__denoise__confidence_boost__nes__l0.5 calls=1021 margin 2.95->9.94 t=2.7s
[DONE] evaluation__9973__deblur__attack__nes__l1 calls=1021 margin 5.88->-8.63 t=2.9s
[DONE] evaluation__9973__deblur__restore__nes__l1 calls=1021 margin 5.88->5.63 t=3.0s
[DONE] evaluation__9973__deblur__confidence_boost__nes__l1 calls=1021 margin 5.88->10.46 t=3.0s
[DONE] evaluation__1991__denoise__attack__nes__l0.5 calls=1021 margin 9.56->2.40 t=2.9s
[DONE] evaluation__1991__denoise__restore__nes__l0.5 calls=1021 margin 9.56->8.96 t=3.0s
[DONE] evaluation__1991__denoise__confidence_boost__nes__l0.5 calls=1021 margin 9.56->13.62 t=3.0s
[DONE] evaluation__1991__deblur__attack__nes__l1 calls=1021 margin 11.58->2.36 t=3.2s
[DONE] evaluation__1991__deblur__restore__nes__l1 calls=1021 margin 11.58->9.91 t=3.6s
[DONE] evaluation__1991__deblur__confidence_boost__nes__l1 calls=1021 margin 11.58->14.07 t=3.1s
[DONE] evaluation__7450__denoise__attack__nes__l0.5 calls=1021 margin 2.17->-9.06 t=3.1s
[DONE] evaluation__7450__denoise__restore__nes__l0.5 calls=1021 margin 2.17->1.89 t=3.0s
[DONE] evaluation__7450__denoise__confidence_boost__nes__l0.5 calls=1021 margin 2.17->7.80 t=3.1s
[DONE] evaluation__7450__deblur__attack__nes__l1 calls=1021 margin 8.89->-3.35 t=3.2s
[DONE] evaluation__7450__deblur__restore__nes__l1 calls=1021 margin 8.89->6.62 t=3.2s
[DONE] evaluation__7450__deblur__confidence_boost__nes__l1 calls=1021 margin 8.89->10.75 t=3.4s
[DONE] evaluation__1202__denoise__attack__nes__l0.5 calls=1021 margin 5.42->-6.59 t=3.3s
[DONE] evaluation__1202__denoise__restore__nes__l0.5 calls=1021 margin 5.42->6.61 t=3.7s
[DONE] evaluation__1202__denoise__confidence_boost__nes__l0.5 calls=1021 margin 5.42->11.99 t=3.4s
[DONE] evaluation__1202__deblur__attack__nes__l1 calls=1021 margin 9.91->-3.55 t=2.9s
[DONE] evaluation__1202__deblur__restore__nes__l1 calls=1021 margin 9.91->9.67 t=3.0s
[DONE] evaluation__1202__deblur__confidence_boost__nes__l1 calls=1021 margin 9.91->14.57 t=3.1s
[DONE] evaluation__4622__denoise__attack__nes__l0.5 calls=1021 margin 3.89->-10.08 t=3.0s
[DONE] evaluation__4622__denoise__restore__nes__l0.5 calls=1021 margin 3.89->3.89 t=3.3s
[DONE] evaluation__4622__denoise__confidence_boost__nes__l0.5 calls=1021 margin 3.89->11.44 t=3.2s
[DONE] evaluation__4622__deblur__attack__nes__l1 calls=1021 margin 5.54->-13.07 t=3.1s
[DONE] evaluation__4622__deblur__restore__nes__l1 calls=1021 margin 5.54->7.02 t=3.2s
[DONE] evaluation__4622__deblur__confidence_boost__nes__l1 calls=1021 margin 5.54->11.86 t=3.1s
[DONE] evaluation__9267__denoise__attack__nes__l0.5 calls=1021 margin 2.45->-4.73 t=3.0s
[DONE] evaluation__9267__denoise__restore__nes__l0.5 calls=1021 margin 2.45->0.96 t=3.1s
[DONE] evaluation__9267__denoise__confidence_boost__nes__l0.5 calls=1021 margin 2.45->10.14 t=3.3s
[DONE] evaluation__9267__deblur__attack__nes__l1 calls=1021 margin 5.73->-10.57 t=3.4s
[DONE] evaluation__9267__deblur__restore__nes__l1 calls=1021 margin 5.73->4.15 t=3.2s
[DONE] evaluation__9267__deblur__confidence_boost__nes__l1 calls=1021 margin 5.73->12.71 t=3.4s
[DONE] evaluation__4155__denoise__attack__nes__l0.5 calls=1021 margin 5.42->-8.62 t=3.3s
[DONE] evaluation__4155__denoise__restore__nes__l0.5 calls=1021 margin 5.42->4.37 t=3.0s
[DONE] evaluation__4155__denoise__confidence_boost__nes__l0.5 calls=1021 margin 5.42->12.93 t=2.8s
[DONE] evaluation__4155__deblur__attack__nes__l1 calls=1021 margin 7.33->0.94 t=3.0s
[DONE] evaluation__4155__deblur__restore__nes__l1 calls=1021 margin 7.33->10.37 t=3.1s
[DONE] evaluation__4155__deblur__confidence_boost__nes__l1 calls=1021 margin 7.33->15.59 t=3.0s
[DONE] evaluation__6786__denoise__attack__nes__l0.5 calls=1021 margin 1.24->-9.91 t=3.4s
[DONE] evaluation__6786__denoise__restore__nes__l0.5 calls=1021 margin 1.24->0.60 t=3.2s
[DONE] evaluation__6786__denoise__confidence_boost__nes__l0.5 calls=1021 margin 1.24->8.37 t=3.4s
[DONE] evaluation__6786__deblur__attack__nes__l1 calls=1021 margin 1.98->-5.35 t=3.5s
[DONE] evaluation__6786__deblur__restore__nes__l1 calls=1021 margin 1.98->2.80 t=3.1s
[DONE] evaluation__6786__deblur__confidence_boost__nes__l1 calls=1021 margin 1.98->12.76 t=2.8s
[DONE] evaluation__1533__denoise__attack__nes__l0.5 calls=1021 margin 3.87->-5.17 t=3.1s
[DONE] evaluation__1533__denoise__restore__nes__l0.5 calls=1021 margin 3.87->2.57 t=3.2s
[DONE] evaluation__1533__denoise__confidence_boost__nes__l0.5 calls=1021 margin 3.87->10.43 t=3.3s
[DONE] evaluation__1533__deblur__attack__nes__l1 calls=1021 margin 6.26->-9.89 t=3.6s
[DONE] evaluation__1533__deblur__restore__nes__l1 calls=1021 margin 6.26->6.14 t=3.0s
[DONE] evaluation__1533__deblur__confidence_boost__nes__l1 calls=1021 margin 6.26->15.39 t=2.9s
[DONE] evaluation__4173__denoise__attack__nes__l0.5 calls=1021 margin 6.50->-2.27 t=3.1s
[DONE] evaluation__4173__denoise__restore__nes__l0.5 calls=1021 margin 6.50->6.45 t=3.2s
[DONE] evaluation__4173__denoise__confidence_boost__nes__l0.5 calls=1021 margin 6.50->13.35 t=3.3s
[DONE] evaluation__4173__deblur__attack__nes__l1 calls=1021 margin 7.18->-3.80 t=3.4s
[DONE] evaluation__4173__deblur__restore__nes__l1 calls=1021 margin 7.18->9.75 t=3.2s
[DONE] evaluation__4173__deblur__confidence_boost__nes__l1 calls=1021 margin 7.18->15.58 t=3.0s
[DONE] evaluation__9393__denoise__attack__nes__l0.5 calls=1021 margin 5.85->-6.49 t=3.3s
[DONE] evaluation__9393__denoise__restore__nes__l0.5 calls=1021 margin 5.85->4.39 t=3.5s
[DONE] evaluation__9393__denoise__confidence_boost__nes__l0.5 calls=1021 margin 5.85->11.87 t=3.5s
[DONE] evaluation__9393__deblur__attack__nes__l1 calls=1021 margin 6.04->-10.13 t=3.4s
[DONE] evaluation__9393__deblur__restore__nes__l1 calls=1021 margin 6.04->6.24 t=3.2s
[DONE] evaluation__9393__deblur__confidence_boost__nes__l1 calls=1021 margin 6.04->12.20 t=3.1s
[DONE] evaluation__3613__denoise__attack__nes__l0.5 calls=1021 margin 2.39->-6.29 t=3.1s
[DONE] evaluation__3613__denoise__restore__nes__l0.5 calls=1021 margin 2.39->2.38 t=3.2s
[DONE] evaluation__3613__denoise__confidence_boost__nes__l0.5 calls=1021 margin 2.39->9.08 t=2.9s
[DONE] evaluation__3613__deblur__attack__nes__l1 calls=1021 margin 7.83->-4.45 t=2.8s
[DONE] evaluation__3613__deblur__restore__nes__l1 calls=1021 margin 7.83->8.76 t=3.2s
[DONE] evaluation__3613__deblur__confidence_boost__nes__l1 calls=1021 margin 7.83->14.16 t=3.5s
[DONE] evaluation__7720__denoise__attack__nes__l0.5 calls=1021 margin 4.63->-9.97 t=2.9s
[DONE] evaluation__7720__denoise__restore__nes__l0.5 calls=1021 margin 4.63->5.22 t=3.4s
[DONE] evaluation__7720__denoise__confidence_boost__nes__l0.5 calls=1021 margin 4.63->12.73 t=3.2s
[DONE] evaluation__7720__deblur__attack__nes__l1 calls=1021 margin 4.33->-8.46 t=3.3s
[DONE] evaluation__7720__deblur__restore__nes__l1 calls=1021 margin 4.33->7.50 t=3.0s
[DONE] evaluation__7720__deblur__confidence_boost__nes__l1 calls=1021 margin 4.33->11.59 t=3.0s
[DONE] evaluation__1641__denoise__attack__nes__l0.5 calls=1021 margin 7.84->-4.89 t=3.3s
[DONE] evaluation__1641__denoise__restore__nes__l0.5 calls=1021 margin 7.84->9.35 t=3.2s
[DONE] evaluation__1641__denoise__confidence_boost__nes__l0.5 calls=1021 margin 7.84->13.92 t=3.2s
[DONE] evaluation__1641__deblur__attack__nes__l1 calls=1021 margin 8.86->-0.36 t=3.0s
[DONE] evaluation__1641__deblur__restore__nes__l1 calls=1021 margin 8.86->10.16 t=3.4s
[DONE] evaluation__1641__deblur__confidence_boost__nes__l1 calls=1021 margin 8.86->14.19 t=3.1s
[DONE] evaluation__4788__denoise__attack__nes__l0.5 calls=1021 margin 8.36->-4.76 t=3.1s
[DONE] evaluation__4788__denoise__restore__nes__l0.5 calls=1021 margin 8.36->7.65 t=3.4s
[DONE] evaluation__4788__denoise__confidence_boost__nes__l0.5 calls=1021 margin 8.36->13.97 t=3.2s
[DONE] evaluation__4788__deblur__attack__nes__l1 calls=1021 margin 3.76->-3.74 t=3.3s
[DONE] evaluation__4788__deblur__restore__nes__l1 calls=1021 margin 3.76->8.30 t=3.2s
[DONE] evaluation__4788__deblur__confidence_boost__nes__l1 calls=1021 margin 3.76->14.98 t=3.3s
[DONE] evaluation__8534__denoise__attack__nes__l0.5 calls=1021 margin 8.90->0.78 t=3.4s
[DONE] evaluation__8534__denoise__restore__nes__l0.5 calls=1021 margin 8.90->7.37 t=3.5s
[DONE] evaluation__8534__denoise__confidence_boost__nes__l0.5 calls=1021 margin 8.90->13.20 t=3.4s
[DONE] evaluation__8534__deblur__attack__nes__l1 calls=1021 margin 8.32->-6.52 t=3.2s
[DONE] evaluation__8534__deblur__restore__nes__l1 calls=1021 margin 8.32->10.91 t=3.4s
[DONE] evaluation__8534__deblur__confidence_boost__nes__l1 calls=1021 margin 8.32->15.19 t=3.5s
[DONE] evaluation__3788__denoise__attack__nes__l0.5 calls=1021 margin 2.72->-11.63 t=3.2s
[DONE] evaluation__3788__denoise__restore__nes__l0.5 calls=1021 margin 2.72->0.39 t=3.2s
[DONE] evaluation__3788__denoise__confidence_boost__nes__l0.5 calls=1021 margin 2.72->10.68 t=3.4s
[DONE] evaluation__3788__deblur__attack__nes__l1 calls=1021 margin 7.16->-12.17 t=3.8s
[DONE] evaluation__3788__deblur__restore__nes__l1 calls=1021 margin 7.16->5.74 t=3.5s
[DONE] evaluation__3788__deblur__confidence_boost__nes__l1 calls=1021 margin 7.16->12.78 t=3.1s
[DONE] evaluation__5998__denoise__attack__nes__l0.5 calls=1021 margin 1.13->-10.95 t=3.2s
[DONE] evaluation__5998__denoise__restore__nes__l0.5 calls=1021 margin 1.13->1.24 t=3.1s
[DONE] evaluation__5998__denoise__confidence_boost__nes__l0.5 calls=1021 margin 1.13->8.99 t=3.2s
[DONE] evaluation__5998__deblur__attack__nes__l1 calls=1021 margin 4.95->-10.13 t=3.5s
[DONE] evaluation__5998__deblur__restore__nes__l1 calls=1021 margin 4.95->3.66 t=3.4s
[DONE] evaluation__5998__deblur__confidence_boost__nes__l1 calls=1021 margin 4.95->8.09 t=3.7s
[DONE] evaluation__1011__denoise__attack__nes__l0.5 calls=1021 margin 0.63->-11.32 t=3.4s
[DONE] evaluation__1011__denoise__restore__nes__l0.5 calls=1021 margin 0.63->-0.40 t=3.3s
[DONE] evaluation__1011__denoise__confidence_boost__nes__l0.5 calls=1021 margin 0.63->9.31 t=3.1s
[DONE] evaluation__1011__deblur__attack__nes__l1 calls=1021 margin 12.12->0.31 t=3.3s
[DONE] evaluation__1011__deblur__restore__nes__l1 calls=1021 margin 12.12->13.24 t=3.6s
[DONE] evaluation__1011__deblur__confidence_boost__nes__l1 calls=1021 margin 12.12->15.65 t=3.5s
[DONE] evaluation__4083__denoise__attack__nes__l0.5 calls=1021 margin 10.15->-4.99 t=3.2s
[DONE] evaluation__4083__denoise__restore__nes__l0.5 calls=1021 margin 10.15->10.01 t=3.3s
[DONE] evaluation__4083__denoise__confidence_boost__nes__l0.5 calls=1021 margin 10.15->14.47 t=3.4s
[DONE] evaluation__4083__deblur__attack__nes__l1 calls=1021 margin 13.24->0.73 t=3.2s
[DONE] evaluation__4083__deblur__restore__nes__l1 calls=1021 margin 13.24->12.17 t=3.3s
[DONE] evaluation__4083__deblur__confidence_boost__nes__l1 calls=1021 margin 13.24->16.23 t=3.0s
[DONE] evaluation__7580__denoise__attack__nes__l0.5 calls=1021 margin 3.45->-5.84 t=2.8s
[DONE] evaluation__7580__denoise__restore__nes__l0.5 calls=1021 margin 3.45->2.36 t=3.2s
[DONE] evaluation__7580__denoise__confidence_boost__nes__l0.5 calls=1021 margin 3.45->8.70 t=3.1s
[DONE] evaluation__7580__deblur__attack__nes__l1 calls=1021 margin 9.22->2.17 t=3.2s
[DONE] evaluation__7580__deblur__restore__nes__l1 calls=1021 margin 9.22->8.73 t=3.0s
[DONE] evaluation__7580__deblur__confidence_boost__nes__l1 calls=1021 margin 9.22->15.30 t=2.8s
[DONE] evaluation__5315__denoise__attack__nes__l0.5 calls=1021 margin 3.20->-9.06 t=3.1s
[DONE] evaluation__5315__denoise__restore__nes__l0.5 calls=1021 margin 3.20->1.60 t=3.2s
[DONE] evaluation__5315__denoise__confidence_boost__nes__l0.5 calls=1021 margin 3.20->10.91 t=3.2s
[DONE] evaluation__5315__deblur__attack__nes__l1 calls=1021 margin 8.33->-2.39 t=3.0s
[DONE] evaluation__5315__deblur__restore__nes__l1 calls=1021 margin 8.33->9.11 t=3.1s
[DONE] evaluation__5315__deblur__confidence_boost__nes__l1 calls=1021 margin 8.33->14.30 t=3.1s
[DONE] evaluation__8355__denoise__attack__nes__l0.5 calls=1021 margin 10.40->-1.70 t=3.2s
[DONE] evaluation__8355__denoise__restore__nes__l0.5 calls=1021 margin 10.40->9.03 t=3.3s
[DONE] evaluation__8355__denoise__confidence_boost__nes__l0.5 calls=1021 margin 10.40->12.75 t=3.1s
[DONE] evaluation__8355__deblur__attack__nes__l1 calls=1021 margin 10.72->-0.96 t=2.9s
[DONE] evaluation__8355__deblur__restore__nes__l1 calls=1021 margin 10.72->11.75 t=3.5s
[DONE] evaluation__8355__deblur__confidence_boost__nes__l1 calls=1021 margin 10.72->14.40 t=3.2s
[DONE] fit__2130__denoise__attack__nes__l0.5 calls=1021 margin 1.97->-3.63 t=3.5s
[DONE] fit__2130__denoise__restore__nes__l0.5 calls=1021 margin 1.97->2.02 t=3.1s
[DONE] fit__2130__denoise__confidence_boost__nes__l0.5 calls=1021 margin 1.97->6.86 t=3.1s
[DONE] fit__2130__deblur__attack__nes__l1 calls=1021 margin 6.73->-3.36 t=3.1s
[DONE] fit__2130__deblur__restore__nes__l1 calls=1021 margin 6.73->3.78 t=3.3s
[DONE] fit__2130__deblur__confidence_boost__nes__l1 calls=1021 margin 6.73->9.47 t=3.2s
[DONE] fit__1187__denoise__attack__nes__l0.5 calls=1021 margin 5.69->-9.38 t=3.3s
[DONE] fit__1187__denoise__restore__nes__l0.5 calls=1021 margin 5.69->5.18 t=3.6s
[DONE] fit__1187__denoise__confidence_boost__nes__l0.5 calls=1021 margin 5.69->13.44 t=3.8s
[DONE] fit__1187__deblur__attack__nes__l1 calls=1021 margin 11.70->-1.19 t=3.1s
[DONE] fit__1187__deblur__restore__nes__l1 calls=1021 margin 11.70->10.04 t=3.6s
[DONE] fit__1187__deblur__confidence_boost__nes__l1 calls=1021 margin 11.70->14.25 t=3.2s
[DONE] fit__7864__denoise__attack__nes__l0.5 calls=1021 margin 1.86->-5.92 t=3.2s
[DONE] fit__7864__denoise__restore__nes__l0.5 calls=1021 margin 1.86->1.53 t=3.2s
[DONE] fit__7864__denoise__confidence_boost__nes__l0.5 calls=1021 margin 1.86->8.87 t=3.1s
[DONE] fit__7864__deblur__attack__nes__l1 calls=1021 margin 10.86->-4.76 t=3.2s
[DONE] fit__7864__deblur__restore__nes__l1 calls=1021 margin 10.86->7.51 t=3.2s
[DONE] fit__7864__deblur__confidence_boost__nes__l1 calls=1021 margin 10.86->12.40 t=3.0s
[DONE] fit__7351__denoise__attack__nes__l0.5 calls=1021 margin 1.86->-10.48 t=3.3s
[DONE] fit__7351__denoise__restore__nes__l0.5 calls=1021 margin 1.86->2.67 t=3.2s
[DONE] fit__7351__denoise__confidence_boost__nes__l0.5 calls=1021 margin 1.86->11.05 t=3.2s
[DONE] fit__7351__deblur__attack__nes__l1 calls=1021 margin 1.69->-5.53 t=3.4s
[DONE] fit__7351__deblur__restore__nes__l1 calls=1021 margin 1.69->4.16 t=3.4s
[DONE] fit__7351__deblur__confidence_boost__nes__l1 calls=1021 margin 1.69->13.63 t=3.0s
[DONE] fit__3628__denoise__attack__nes__l0.5 calls=1021 margin 3.47->-6.16 t=3.2s
[DONE] fit__3628__denoise__restore__nes__l0.5 calls=1021 margin 3.47->4.03 t=3.2s
[DONE] fit__3628__denoise__confidence_boost__nes__l0.5 calls=1021 margin 3.47->12.36 t=3.0s
[DONE] fit__3628__deblur__attack__nes__l1 calls=1021 margin 6.89->-2.77 t=3.5s
[DONE] fit__3628__deblur__restore__nes__l1 calls=1021 margin 6.89->6.39 t=3.5s
[DONE] fit__3628__deblur__confidence_boost__nes__l1 calls=1021 margin 6.89->14.69 t=3.1s
[DONE] fit__1658__denoise__attack__nes__l0.5 calls=1021 margin 5.38->-9.21 t=3.1s
[DONE] fit__1658__denoise__restore__nes__l0.5 calls=1021 margin 5.38->6.35 t=3.4s
[DONE] fit__1658__denoise__confidence_boost__nes__l0.5 calls=1021 margin 5.38->12.75 t=3.2s
[DONE] fit__1658__deblur__attack__nes__l1 calls=1021 margin 1.92->-5.92 t=2.6s
[DONE] fit__1658__deblur__restore__nes__l1 calls=1021 margin 1.92->6.30 t=3.0s
[DONE] fit__1658__deblur__confidence_boost__nes__l1 calls=1021 margin 1.92->14.13 t=3.0s
[DONE] fit__1940__denoise__attack__nes__l0.5 calls=1021 margin 1.54->-9.78 t=3.3s
[DONE] fit__1940__denoise__restore__nes__l0.5 calls=1021 margin 1.54->1.77 t=3.4s
[DONE] fit__1940__denoise__confidence_boost__nes__l0.5 calls=1021 margin 1.54->10.78 t=3.4s
[DONE] fit__1940__deblur__attack__nes__l1 calls=1021 margin 3.07->-9.40 t=3.1s
[DONE] fit__1940__deblur__restore__nes__l1 calls=1021 margin 3.07->2.06 t=3.2s
[DONE] fit__1940__deblur__confidence_boost__nes__l1 calls=1021 margin 3.07->12.95 t=3.1s
[DONE] fit__9146__denoise__attack__nes__l0.5 calls=1021 margin 9.14->-1.71 t=3.6s
[DONE] fit__9146__denoise__restore__nes__l0.5 calls=1021 margin 9.14->9.31 t=3.0s
[DONE] fit__9146__denoise__confidence_boost__nes__l0.5 calls=1021 margin 9.14->14.39 t=3.0s
[DONE] fit__9146__deblur__attack__nes__l1 calls=1021 margin 11.99->2.56 t=3.2s
[DONE] fit__9146__deblur__restore__nes__l1 calls=1021 margin 11.99->12.15 t=3.3s
[DONE] fit__9146__deblur__confidence_boost__nes__l1 calls=1021 margin 11.99->16.67 t=3.2s
[DONE] fit__5089__denoise__attack__nes__l0.5 calls=1021 margin 11.69->-0.94 t=3.0s
[DONE] fit__5089__denoise__restore__nes__l0.5 calls=1021 margin 11.69->11.22 t=3.6s
[DONE] fit__5089__denoise__confidence_boost__nes__l0.5 calls=1021 margin 11.69->16.21 t=3.4s
[DONE] fit__5089__deblur__attack__nes__l1 calls=1021 margin 5.02->-11.24 t=3.5s
[DONE] fit__5089__deblur__restore__nes__l1 calls=1021 margin 5.02->7.76 t=3.5s
[DONE] fit__5089__deblur__confidence_boost__nes__l1 calls=1021 margin 5.02->15.24 t=3.2s
[DONE] fit__4339__denoise__attack__nes__l0.5 calls=1021 margin 6.44->-8.35 t=3.2s
[DONE] fit__4339__denoise__restore__nes__l0.5 calls=1021 margin 6.44->6.16 t=2.9s
[DONE] fit__4339__denoise__confidence_boost__nes__l0.5 calls=1021 margin 6.44->13.17 t=2.8s
[DONE] fit__4339__deblur__attack__nes__l1 calls=1021 margin 11.01->2.85 t=3.0s
[DONE] fit__4339__deblur__restore__nes__l1 calls=1021 margin 11.01->9.46 t=3.3s
[DONE] fit__4339__deblur__confidence_boost__nes__l1 calls=1021 margin 11.01->14.27 t=3.0s
[DONE] fit__2021__denoise__attack__nes__l0.5 calls=1021 margin 4.26->-4.36 t=3.0s
[DONE] fit__2021__denoise__restore__nes__l0.5 calls=1021 margin 4.26->4.92 t=3.0s
[DONE] fit__2021__denoise__confidence_boost__nes__l0.5 calls=1021 margin 4.26->11.24 t=2.8s
[DONE] fit__2021__deblur__attack__nes__l1 calls=1021 margin 6.43->-1.49 t=2.9s
[DONE] fit__2021__deblur__restore__nes__l1 calls=1021 margin 6.43->7.06 t=3.0s
[DONE] fit__2021__deblur__confidence_boost__nes__l1 calls=1021 margin 6.43->13.67 t=3.4s
[DONE] fit__1913__denoise__attack__nes__l0.5 calls=1021 margin 1.20->-7.49 t=3.2s
[DONE] fit__1913__denoise__restore__nes__l0.5 calls=1021 margin 1.20->0.47 t=3.1s
[DONE] fit__1913__denoise__confidence_boost__nes__l0.5 calls=1021 margin 1.20->8.28 t=3.0s
[DONE] fit__1913__deblur__attack__nes__l1 calls=1021 margin 0.47->-10.85 t=3.0s
[DONE] fit__1913__deblur__restore__nes__l1 calls=1021 margin 0.47->0.82 t=3.0s
[DONE] fit__1913__deblur__confidence_boost__nes__l1 calls=1021 margin 0.47->7.91 t=2.9s
[DONE] fit__7920__denoise__attack__nes__l0.5 calls=1021 margin 2.63->-10.27 t=2.9s
[DONE] fit__7920__denoise__restore__nes__l0.5 calls=1021 margin 2.63->-0.26 t=3.1s
[DONE] fit__7920__denoise__confidence_boost__nes__l0.5 calls=1021 margin 2.63->9.86 t=2.9s
[DONE] fit__7920__deblur__attack__nes__l1 calls=1021 margin 5.53->-8.02 t=2.9s
[DONE] fit__7920__deblur__restore__nes__l1 calls=1021 margin 5.53->3.56 t=2.8s
[DONE] fit__7920__deblur__confidence_boost__nes__l1 calls=1021 margin 5.53->11.19 t=2.6s
