[DONE] calibration__1819__clean__lime__r0 q=1000 bl=7 gwad+=-1 del 0.954/0.878 t=3.9s
[DONE] calibration__1819__clean__kernelshap__r0 q=500 bl=3 gwad+=-1 del 0.592/0.883 t=1.8s
[DONE] calibration__1819__clean__occlusion__r0 q=842 bl=2 gwad+=259 del 0.939/0.873 t=3.0s
[DONE] calibration__1819__clean__rise__r0 q=1000 bl=-1 gwad+=-1 del 0.808/0.934 t=3.3s
[DONE] calibration__8769__clean__lime__r0 q=1000 bl=3 gwad+=-1 del 0.982/0.935 t=3.7s
[DONE] calibration__8769__clean__kernelshap__r0 q=500 bl=3 gwad+=262 del 0.866/0.925 t=1.4s
[DONE] calibration__8769__clean__occlusion__r0 q=842 bl=2 gwad+=259 del 0.979/0.920 t=2.4s
[DONE] calibration__8769__clean__rise__r0 q=1000 bl=-1 gwad+=-1 del 0.813/0.916 t=3.5s
[DONE] calibration__3029__clean__lime__r0 q=1000 bl=9 gwad+=-1 del 0.225/0.439 t=3.7s
[DONE] calibration__3029__clean__kernelshap__r0 q=500 bl=3 gwad+=-1 del 0.169/0.455 t=1.4s
[DONE] calibration__3029__clean__occlusion__r0 q=842 bl=2 gwad+=259 del 0.077/0.475 t=2.5s
[DONE] calibration__3029__clean__rise__r0 q=1000 bl=-1 gwad+=-1 del 0.101/0.405 t=3.4s
[DONE] calibration__1451__clean__lime__r0 q=1000 bl=6 gwad+=-1 del 0.156/0.493 t=3.7s
[DONE] calibration__1451__clean__kernelshap__r0 q=500 bl=4 gwad+=-1 del 0.134/0.523 t=1.8s
[DONE] calibration__1451__clean__occlusion__r0 q=842 bl=2 gwad+=259 del 0.345/0.622 t=2.5s
[DONE] calibration__1451__clean__rise__r0 q=1000 bl=-1 gwad+=-1 del 0.634/0.659 t=3.6s
[DONE] calibration__6679__clean__lime__r0 q=1000 bl=3 gwad+=-1 del 0.207/0.438 t=3.5s
[DONE] calibration__6679__clean__kernelshap__r0 q=500 bl=3 gwad+=-1 del 0.383/0.486 t=1.4s
[DONE] calibration__6679__clean__occlusion__r0 q=842 bl=2 gwad+=259 del 0.078/0.571 t=2.6s
[DONE] calibration__6679__clean__rise__r0 q=1000 bl=794 gwad+=-1 del 0.245/0.550 t=3.4s
[DONE] calibration__4407__clean__lime__r0 q=1000 bl=16 gwad+=-1 del 0.885/0.894 t=3.6s
[DONE] calibration__4407__clean__kernelshap__r0 q=500 bl=3 gwad+=-1 del 0.851/0.913 t=1.4s
[DONE] calibration__4407__clean__occlusion__r0 q=842 bl=2 gwad+=259 del 0.593/0.853 t=2.5s
[DONE] calibration__4407__clean__rise__r0 q=1000 bl=-1 gwad+=-1 del 0.703/0.848 t=3.6s
[DONE] calibration__9089__clean__lime__r0 q=1000 bl=5 gwad+=-1 del 0.777/0.936 t=3.9s
[DONE] calibration__9089__clean__kernelshap__r0 q=500 bl=3 gwad+=-1 del 0.915/0.915 t=1.3s
[DONE] calibration__9089__clean__occlusion__r0 q=842 bl=2 gwad+=259 del 0.635/0.893 t=3.0s
[DONE] calibration__9089__clean__rise__r0 q=1000 bl=741 gwad+=-1 del 0.768/0.916 t=3.2s
[DONE] calibration__4757__clean__lime__r0 q=1000 bl=10 gwad+=-1 del 0.182/0.406 t=3.4s
[DONE] calibration__4757__clean__kernelshap__r0 q=500 bl=3 gwad+=-1 del 0.289/0.392 t=1.5s
[DONE] calibration__4757__clean__occlusion__r0 q=842 bl=2 gwad+=259 del 0.105/0.375 t=2.6s
[DONE] calibration__4757__clean__rise__r0 q=1000 bl=-1 gwad+=-1 del 0.155/0.372 t=3.6s
[DONE] calibration__834__clean__lime__r0 q=1000 bl=5 gwad+=-1 del 0.044/0.337 t=3.2s
[DONE] calibration__834__clean__kernelshap__r0 q=500 bl=3 gwad+=-1 del 0.160/0.423 t=1.4s
[DONE] calibration__834__clean__occlusion__r0 q=842 bl=2 gwad+=259 del 0.090/0.474 t=2.5s
[DONE] calibration__834__clean__rise__r0 q=1000 bl=-1 gwad+=-1 del 0.161/0.381 t=3.7s
[DONE] calibration__8147__clean__lime__r0 q=1000 bl=3 gwad+=-1 del 0.284/0.527 t=3.7s
[DONE] calibration__8147__clean__kernelshap__r0 q=500 bl=3 gwad+=424 del 0.186/0.505 t=1.3s
[DONE] calibration__8147__clean__occlusion__r0 q=842 bl=2 gwad+=259 del 0.108/0.562 t=2.6s
[DONE] calibration__8147__clean__rise__r0 q=1000 bl=-1 gwad+=-1 del 0.225/0.489 t=3.5s
[DONE] calibration__3936__clean__lime__r0 q=1000 bl=8 gwad+=-1 del 0.325/0.476 t=3.5s
[DONE] calibration__3936__clean__kernelshap__r0 q=500 bl=3 gwad+=-1 del 0.196/0.421 t=1.2s
[DONE] calibration__3936__clean__occlusion__r0 q=842 bl=2 gwad+=259 del 0.258/0.347 t=2.4s
[DONE] calibration__3936__clean__rise__r0 q=1000 bl=251 gwad+=-1 del 0.272/0.491 t=3.5s
[DONE] calibration__9556__clean__lime__r0 q=1000 bl=4 gwad+=-1 del 0.270/0.488 t=3.4s
[DONE] calibration__9556__clean__kernelshap__r0 q=500 bl=3 gwad+=-1 del 0.192/0.384 t=1.4s
[DONE] calibration__9556__clean__occlusion__r0 q=842 bl=2 gwad+=259 del 0.141/0.394 t=2.8s
[DONE] calibration__9556__clean__rise__r0 q=1000 bl=-1 gwad+=-1 del 0.080/0.574 t=3.9s
[DONE] calibration__3330__clean__lime__r0 q=1000 bl=11 gwad+=-1 del 0.112/0.442 t=3.6s
[DONE] calibration__3330__clean__kernelshap__r0 q=500 bl=3 gwad+=259 del 0.130/0.364 t=1.5s
[DONE] calibration__3330__clean__occlusion__r0 q=842 bl=2 gwad+=259 del 0.059/0.391 t=2.4s
[DONE] calibration__3330__clean__rise__r0 q=1000 bl=-1 gwad+=-1 del 0.102/0.452 t=4.0s
[DONE] calibration__880__clean__lime__r0 q=1000 bl=3 gwad+=-1 del 0.130/0.412 t=3.7s
[DONE] calibration__880__clean__kernelshap__r0 q=500 bl=3 gwad+=-1 del 0.614/0.381 t=1.5s
[DONE] calibration__880__clean__occlusion__r0 q=842 bl=2 gwad+=259 del 0.042/0.329 t=2.6s
[DONE] calibration__880__clean__rise__r0 q=1000 bl=-1 gwad+=-1 del 0.468/0.372 t=3.6s
[DONE] calibration__6155__clean__lime__r0 q=1000 bl=5 gwad+=-1 del 0.079/0.542 t=3.6s
[DONE] calibration__6155__clean__kernelshap__r0 q=500 bl=3 gwad+=260 del 0.494/0.441 t=1.3s
[DONE] calibration__6155__clean__occlusion__r0 q=842 bl=2 gwad+=259 del 0.081/0.455 t=2.4s
[DONE] calibration__6155__clean__rise__r0 q=1000 bl=-1 gwad+=-1 del 0.313/0.537 t=3.8s
[DONE] calibration__5400__clean__lime__r0 q=1000 bl=7 gwad+=-1 del 0.150/0.404 t=3.5s
[DONE] calibration__5400__clean__kernelshap__r0 q=500 bl=3 gwad+=342 del 0.105/0.465 t=1.2s
[DONE] calibration__5400__clean__occlusion__r0 q=842 bl=2 gwad+=259 del 0.057/0.488 t=2.5s
[DONE] calibration__5400__clean__rise__r0 q=1000 bl=-1 gwad+=-1 del 0.085/0.422 t=3.6s
[DONE] calibration__9312__clean__lime__r0 q=1000 bl=4 gwad+=-1 del 0.249/0.439 t=3.8s
[DONE] calibration__9312__clean__kernelshap__r0 q=500 bl=3 gwad+=-1 del 0.519/0.387 t=1.3s
[DONE] calibration__9312__clean__occlusion__r0 q=842 bl=2 gwad+=259 del 0.138/0.395 t=2.5s
[DONE] calibration__9312__clean__rise__r0 q=1000 bl=-1 gwad+=-1 del 0.166/0.412 t=3.5s
[DONE] evaluation__3782__clean__lime__r0 q=1000 bl=7 gwad+=-1 del 0.969/0.876 t=3.7s
[DONE] evaluation__3782__clean__kernelshap__r0 q=500 bl=3 gwad+=259 del 0.948/0.881 t=1.3s
[DONE] evaluation__3782__clean__occlusion__r0 q=842 bl=2 gwad+=259 del 0.955/0.763 t=2.7s
[DONE] evaluation__3782__clean__rise__r0 q=1000 bl=-1 gwad+=-1 del 0.748/0.857 t=3.8s
[DONE] evaluation__7115__clean__lime__r0 q=1000 bl=5 gwad+=-1 del 0.969/0.902 t=3.7s
[DONE] evaluation__7115__clean__kernelshap__r0 q=500 bl=3 gwad+=307 del 0.874/0.950 t=1.3s
[DONE] evaluation__7115__clean__occlusion__r0 q=842 bl=2 gwad+=259 del 0.885/0.938 t=2.5s
[DONE] evaluation__7115__clean__rise__r0 q=1000 bl=-1 gwad+=-1 del 0.872/0.923 t=3.5s
[DONE] evaluation__9046__clean__lime__r0 q=1000 bl=5 gwad+=-1 del 0.981/0.883 t=3.9s
[DONE] evaluation__9046__clean__kernelshap__r0 q=500 bl=3 gwad+=260 del 0.911/0.906 t=1.3s
[DONE] evaluation__9046__clean__occlusion__r0 q=842 bl=2 gwad+=259 del 0.904/0.946 t=2.8s
[DONE] evaluation__9046__clean__rise__r0 q=1000 bl=-1 gwad+=-1 del 0.853/0.931 t=3.8s
[DONE] evaluation__604__clean__lime__r0 q=1000 bl=4 gwad+=-1 del 0.433/0.530 t=3.5s
[DONE] evaluation__604__clean__kernelshap__r0 q=500 bl=3 gwad+=-1 del 0.229/0.574 t=1.4s
[DONE] evaluation__604__clean__occlusion__r0 q=842 bl=2 gwad+=259 del 0.243/0.585 t=2.7s
[DONE] evaluation__604__clean__rise__r0 q=1000 bl=-1 gwad+=-1 del 0.344/0.540 t=4.1s
[DONE] evaluation__5051__clean__lime__r0 q=1000 bl=16 gwad+=-1 del 0.133/0.413 t=4.4s
[DONE] evaluation__5051__clean__kernelshap__r0 q=500 bl=4 gwad+=-1 del 0.072/0.391 t=1.4s
[DONE] evaluation__5051__clean__occlusion__r0 q=842 bl=2 gwad+=259 del 0.069/0.352 t=2.6s
[DONE] evaluation__5051__clean__rise__r0 q=1000 bl=-1 gwad+=-1 del 0.135/0.355 t=3.7s
[DONE] evaluation__7535__clean__lime__r0 q=1000 bl=13 gwad+=-1 del 0.208/0.318 t=4.0s
[DONE] evaluation__7535__clean__kernelshap__r0 q=500 bl=3 gwad+=387 del 0.209/0.400 t=1.4s
[DONE] evaluation__7535__clean__occlusion__r0 q=842 bl=2 gwad+=259 del 0.146/0.372 t=2.6s
[DONE] evaluation__7535__clean__rise__r0 q=1000 bl=-1 gwad+=-1 del 0.219/0.439 t=3.7s
[DONE] evaluation__1196__clean__lime__r0 q=1000 bl=4 gwad+=-1 del 0.228/0.552 t=3.7s
[DONE] evaluation__1196__clean__kernelshap__r0 q=500 bl=3 gwad+=-1 del 0.285/0.509 t=1.4s
[DONE] evaluation__1196__clean__occlusion__r0 q=842 bl=2 gwad+=259 del 0.134/0.555 t=2.6s
[DONE] evaluation__1196__clean__rise__r0 q=1000 bl=133 gwad+=-1 del 0.532/0.518 t=3.6s
[DONE] evaluation__3573__clean__lime__r0 q=1000 bl=4 gwad+=-1 del 0.520/0.676 t=3.7s
[DONE] evaluation__3573__clean__kernelshap__r0 q=500 bl=3 gwad+=-1 del 0.498/0.733 t=1.3s
[DONE] evaluation__3573__clean__occlusion__r0 q=842 bl=2 gwad+=259 del 0.312/0.733 t=2.4s
[DONE] evaluation__3573__clean__rise__r0 q=1000 bl=-1 gwad+=-1 del 0.735/0.634 t=3.5s
[DONE] evaluation__7206__clean__lime__r0 q=1000 bl=2 gwad+=-1 del 0.257/0.505 t=3.7s
[DONE] evaluation__7206__clean__kernelshap__r0 q=500 bl=3 gwad+=-1 del 0.401/0.599 t=1.4s
[DONE] evaluation__7206__clean__occlusion__r0 q=842 bl=2 gwad+=259 del 0.255/0.668 t=2.5s
[DONE] evaluation__7206__clean__rise__r0 q=1000 bl=-1 gwad+=-1 del 0.444/0.570 t=3.7s
[DONE] evaluation__9805__clean__lime__r0 q=1000 bl=2 gwad+=-1 del 0.086/0.640 t=3.6s
[DONE] evaluation__9805__clean__kernelshap__r0 q=500 bl=2 gwad+=260 del 0.065/0.500 t=1.3s
[DONE] evaluation__9805__clean__occlusion__r0 q=842 bl=2 gwad+=259 del 0.278/0.517 t=2.6s
[DONE] evaluation__9805__clean__rise__r0 q=1000 bl=-1 gwad+=-1 del 0.240/0.547 t=4.0s
[DONE] evaluation__3479__clean__lime__r0 q=1000 bl=4 gwad+=-1 del 0.375/0.658 t=3.4s
[DONE] evaluation__3479__clean__kernelshap__r0 q=500 bl=3 gwad+=-1 del 0.717/0.559 t=1.2s
[DONE] evaluation__3479__clean__occlusion__r0 q=842 bl=2 gwad+=259 del 0.417/0.596 t=2.4s
[DONE] evaluation__3479__clean__rise__r0 q=1000 bl=-1 gwad+=-1 del 0.375/0.628 t=3.2s
[DONE] evaluation__6079__clean__lime__r0 q=1000 bl=4 gwad+=-1 del 0.697/0.657 t=3.6s
[DONE] evaluation__6079__clean__kernelshap__r0 q=500 bl=3 gwad+=-1 del 0.339/0.751 t=1.3s
[DONE] evaluation__6079__clean__occlusion__r0 q=842 bl=2 gwad+=259 del 0.192/0.613 t=2.4s
[DONE] evaluation__6079__clean__rise__r0 q=1000 bl=-1 gwad+=-1 del 0.688/0.725 t=4.0s
[DONE] evaluation__8196__clean__lime__r0 q=1000 bl=6 gwad+=-1 del 0.066/0.392 t=3.6s
[DONE] evaluation__8196__clean__kernelshap__r0 q=500 bl=4 gwad+=-1 del 0.171/0.418 t=1.3s
[DONE] evaluation__8196__clean__occlusion__r0 q=842 bl=2 gwad+=259 del 0.074/0.403 t=2.7s
[DONE] evaluation__8196__clean__rise__r0 q=1000 bl=-1 gwad+=-1 del 0.074/0.330 t=3.6s
[DONE] evaluation__3256__clean__lime__r0 q=1000 bl=14 gwad+=-1 del 0.220/0.473 t=3.3s
[DONE] evaluation__3256__clean__kernelshap__r0 q=500 bl=3 gwad+=329 del 0.148/0.447 t=1.6s
[DONE] evaluation__3256__clean__occlusion__r0 q=842 bl=2 gwad+=259 del 0.350/0.445 t=2.5s
[DONE] evaluation__3256__clean__rise__r0 q=1000 bl=-1 gwad+=-1 del 0.287/0.446 t=3.7s
[DONE] evaluation__4047__clean__lime__r0 q=1000 bl=6 gwad+=-1 del 0.215/0.332 t=3.8s
[DONE] evaluation__4047__clean__kernelshap__r0 q=500 bl=3 gwad+=-1 del 0.257/0.396 t=1.6s
[DONE] evaluation__4047__clean__occlusion__r0 q=842 bl=2 gwad+=259 del 0.221/0.442 t=2.5s
[DONE] evaluation__4047__clean__rise__r0 q=1000 bl=-1 gwad+=-1 del 0.333/0.363 t=3.4s
[DONE] evaluation__8354__clean__lime__r0 q=1000 bl=10 gwad+=-1 del 0.279/0.481 t=3.7s
[DONE] evaluation__8354__clean__kernelshap__r0 q=500 bl=3 gwad+=-1 del 0.142/0.491 t=1.4s
[DONE] evaluation__8354__clean__occlusion__r0 q=842 bl=2 gwad+=259 del 0.168/0.501 t=2.4s
[DONE] evaluation__8354__clean__rise__r0 q=1000 bl=-1 gwad+=-1 del 0.305/0.455 t=3.6s
[DONE] evaluation__1599__clean__lime__r0 q=1000 bl=4 gwad+=-1 del 0.039/0.567 t=3.6s
[DONE] evaluation__1599__clean__kernelshap__r0 q=500 bl=3 gwad+=350 del 0.111/0.523 t=1.4s
[DONE] evaluation__1599__clean__occlusion__r0 q=842 bl=2 gwad+=259 del 0.120/0.572 t=2.5s
[DONE] evaluation__1599__clean__rise__r0 q=1000 bl=-1 gwad+=-1 del 0.137/0.552 t=3.5s
[DONE] evaluation__4246__clean__lime__r0 q=1000 bl=9 gwad+=-1 del 0.092/0.495 t=3.6s
[DONE] evaluation__4246__clean__kernelshap__r0 q=500 bl=3 gwad+=440 del 0.052/0.521 t=1.4s
[DONE] evaluation__4246__clean__occlusion__r0 q=842 bl=2 gwad+=259 del 0.068/0.583 t=2.4s
[DONE] evaluation__4246__clean__rise__r0 q=1000 bl=-1 gwad+=-1 del 0.197/0.577 t=3.6s
[DONE] evaluation__6835__clean__lime__r0 q=1000 bl=4 gwad+=-1 del 0.093/0.403 t=3.7s
[DONE] evaluation__6835__clean__kernelshap__r0 q=500 bl=3 gwad+=-1 del 0.054/0.299 t=1.3s
[DONE] evaluation__6835__clean__occlusion__r0 q=842 bl=2 gwad+=259 del 0.090/0.512 t=2.4s
[DONE] evaluation__6835__clean__rise__r0 q=1000 bl=853 gwad+=-1 del 0.121/0.407 t=3.5s
[DONE] evaluation__9759__clean__lime__r0 q=1000 bl=6 gwad+=-1 del 0.063/0.432 t=3.7s
[DONE] evaluation__9759__clean__kernelshap__r0 q=500 bl=3 gwad+=-1 del 0.057/0.403 t=1.3s
[DONE] evaluation__9759__clean__occlusion__r0 q=842 bl=2 gwad+=259 del 0.044/0.304 t=2.6s
[DONE] evaluation__9759__clean__rise__r0 q=1000 bl=-1 gwad+=-1 del 0.077/0.579 t=3.4s
[DONE] evaluation__2488__clean__lime__r0 q=1000 bl=4 gwad+=-1 del 0.205/0.308 t=3.6s
[DONE] evaluation__2488__clean__kernelshap__r0 q=500 bl=3 gwad+=-1 del 0.117/0.374 t=1.3s
[DONE] evaluation__2488__clean__occlusion__r0 q=842 bl=2 gwad+=259 del 0.199/0.314 t=2.8s
[DONE] evaluation__2488__clean__rise__r0 q=1000 bl=-1 gwad+=-1 del 0.158/0.406 t=3.3s
[DONE] evaluation__4989__clean__lime__r0 q=1000 bl=3 gwad+=-1 del 0.423/0.529 t=3.5s
[DONE] evaluation__4989__clean__kernelshap__r0 q=500 bl=4 gwad+=285 del 0.174/0.574 t=1.3s
[DONE] evaluation__4989__clean__occlusion__r0 q=842 bl=2 gwad+=259 del 0.389/0.590 t=2.4s
[DONE] evaluation__4989__clean__rise__r0 q=1000 bl=-1 gwad+=-1 del 0.309/0.641 t=3.7s
[DONE] evaluation__8184__clean__lime__r0 q=1000 bl=7 gwad+=-1 del 0.294/0.429 t=3.5s
[DONE] evaluation__8184__clean__kernelshap__r0 q=500 bl=3 gwad+=-1 del 0.098/0.433 t=1.3s
[DONE] evaluation__8184__clean__occlusion__r0 q=842 bl=2 gwad+=259 del 0.144/0.408 t=2.6s
[DONE] evaluation__8184__clean__rise__r0 q=1000 bl=-1 gwad+=-1 del 0.438/0.532 t=3.5s
[DONE] evaluation__3317__clean__lime__r0 q=1000 bl=12 gwad+=-1 del 0.422/0.584 t=3.7s
[DONE] evaluation__3317__clean__kernelshap__r0 q=500 bl=5 gwad+=-1 del 0.320/0.515 t=1.4s
[DONE] evaluation__3317__clean__occlusion__r0 q=842 bl=2 gwad+=259 del 0.642/0.561 t=2.5s
[DONE] evaluation__3317__clean__rise__r0 q=1000 bl=-1 gwad+=-1 del 0.232/0.537 t=3.5s
[DONE] evaluation__5153__clean__lime__r0 q=1000 bl=8 gwad+=-1 del 0.157/0.470 t=3.6s
[DONE] evaluation__5153__clean__kernelshap__r0 q=500 bl=3 gwad+=-1 del 0.340/0.491 t=1.6s
[DONE] evaluation__5153__clean__occlusion__r0 q=842 bl=2 gwad+=259 del 0.217/0.491 t=2.4s
[DONE] evaluation__5153__clean__rise__r0 q=1000 bl=-1 gwad+=-1 del 0.355/0.497 t=3.5s
[DONE] evaluation__6234__clean__lime__r0 q=1000 bl=2 gwad+=-1 del 0.079/0.424 t=3.6s
[DONE] evaluation__6234__clean__kernelshap__r0 q=500 bl=3 gwad+=261 del 0.361/0.375 t=1.4s
[DONE] evaluation__6234__clean__occlusion__r0 q=842 bl=2 gwad+=259 del 0.159/0.356 t=2.3s
[DONE] evaluation__6234__clean__rise__r0 q=1000 bl=3 gwad+=-1 del 0.118/0.409 t=3.1s
[DONE] evaluation__939__clean__lime__r0 q=1000 bl=3 gwad+=-1 del 0.034/0.222 t=3.9s
[DONE] evaluation__939__clean__kernelshap__r0 q=500 bl=3 gwad+=259 del 0.377/0.260 t=1.6s
[DONE] evaluation__939__clean__occlusion__r0 q=842 bl=2 gwad+=259 del 0.033/0.242 t=2.5s
[DONE] evaluation__939__clean__rise__r0 q=1000 bl=944 gwad+=-1 del 0.164/0.298 t=3.3s
[DONE] evaluation__3138__clean__lime__r0 q=1000 bl=5 gwad+=-1 del 0.229/0.363 t=3.6s
[DONE] evaluation__3138__clean__kernelshap__r0 q=500 bl=3 gwad+=340 del 0.352/0.350 t=1.3s
[DONE] evaluation__3138__clean__occlusion__r0 q=842 bl=2 gwad+=259 del 0.130/0.467 t=2.4s
[DONE] evaluation__3138__clean__rise__r0 q=1000 bl=532 gwad+=-1 del 0.174/0.434 t=3.7s
[DONE] evaluation__4539__clean__lime__r0 q=1000 bl=7 gwad+=-1 del 0.092/0.436 t=3.5s
[DONE] evaluation__4539__clean__kernelshap__r0 q=500 bl=3 gwad+=-1 del 0.421/0.276 t=1.2s
[DONE] evaluation__4539__clean__occlusion__r0 q=842 bl=2 gwad+=259 del 0.073/0.410 t=2.5s
[DONE] evaluation__4539__clean__rise__r0 q=1000 bl=660 gwad+=-1 del 0.186/0.294 t=3.7s
[DONE] evaluation__9955__clean__lime__r0 q=1000 bl=6 gwad+=-1 del 0.162/0.641 t=3.8s
[DONE] evaluation__9955__clean__kernelshap__r0 q=500 bl=3 gwad+=500 del 0.801/0.600 t=1.4s
[DONE] evaluation__9955__clean__occlusion__r0 q=842 bl=2 gwad+=259 del 0.130/0.470 t=2.6s
[DONE] evaluation__9955__clean__rise__r0 q=1000 bl=-1 gwad+=-1 del 0.410/0.478 t=3.9s
[DONE] evaluation__3368__clean__lime__r0 q=1000 bl=7 gwad+=-1 del 0.238/0.437 t=3.5s
[DONE] evaluation__3368__clean__kernelshap__r0 q=500 bl=3 gwad+=-1 del 0.308/0.461 t=1.3s
[DONE] evaluation__3368__clean__occlusion__r0 q=842 bl=2 gwad+=259 del 0.073/0.420 t=2.5s
[DONE] evaluation__3368__clean__rise__r0 q=1000 bl=-1 gwad+=-1 del 0.050/0.298 t=3.6s
[DONE] evaluation__6749__clean__lime__r0 q=1000 bl=8 gwad+=-1 del 0.247/0.383 t=3.8s
[DONE] evaluation__6749__clean__kernelshap__r0 q=500 bl=3 gwad+=-1 del 0.461/0.471 t=1.3s
[DONE] evaluation__6749__clean__occlusion__r0 q=842 bl=2 gwad+=259 del 0.094/0.464 t=2.8s
[DONE] evaluation__6749__clean__rise__r0 q=1000 bl=-1 gwad+=-1 del 0.217/0.498 t=3.9s
[DONE] evaluation__9060__clean__lime__r0 q=1000 bl=3 gwad+=-1 del 0.422/0.460 t=3.2s
[DONE] evaluation__9060__clean__kernelshap__r0 q=500 bl=4 gwad+=-1 del 0.648/0.466 t=1.4s
[DONE] evaluation__9060__clean__occlusion__r0 q=842 bl=2 gwad+=259 del 0.327/0.443 t=2.5s
[DONE] evaluation__9060__clean__rise__r0 q=1000 bl=-1 gwad+=-1 del 0.348/0.424 t=3.8s
[DONE] fit__4040__clean__lime__r0 q=1000 bl=3 gwad+=-1 del 0.985/0.849 t=3.9s
[DONE] fit__4040__clean__kernelshap__r0 q=500 bl=3 gwad+=334 del 0.657/0.890 t=1.4s
[DONE] fit__4040__clean__occlusion__r0 q=842 bl=2 gwad+=259 del 0.961/0.865 t=2.9s
[DONE] fit__4040__clean__rise__r0 q=1000 bl=-1 gwad+=-1 del 0.768/0.860 t=3.4s
[DONE] fit__9749__clean__lime__r0 q=1000 bl=2 gwad+=-1 del 0.964/0.872 t=3.8s
[DONE] fit__9749__clean__kernelshap__r0 q=500 bl=3 gwad+=260 del 0.659/0.818 t=1.3s
[DONE] fit__9749__clean__occlusion__r0 q=842 bl=2 gwad+=259 del 0.695/0.841 t=2.4s
[DONE] fit__9749__clean__rise__r0 q=1000 bl=-1 gwad+=-1 del 0.790/0.841 t=3.7s
[DONE] fit__6117__clean__lime__r0 q=1000 bl=4 gwad+=-1 del 0.296/0.491 t=3.5s
[DONE] fit__6117__clean__kernelshap__r0 q=500 bl=3 gwad+=-1 del 0.356/0.496 t=1.6s
[DONE] fit__6117__clean__occlusion__r0 q=842 bl=2 gwad+=259 del 0.331/0.531 t=2.5s
[DONE] fit__6117__clean__rise__r0 q=1000 bl=-1 gwad+=-1 del 0.137/0.437 t=3.5s
[DONE] fit__1852__clean__lime__r0 q=1000 bl=8 gwad+=-1 del 0.098/0.282 t=3.5s
[DONE] fit__1852__clean__kernelshap__r0 q=500 bl=3 gwad+=-1 del 0.079/0.242 t=1.2s
[DONE] fit__1852__clean__occlusion__r0 q=842 bl=2 gwad+=259 del 0.042/0.314 t=2.5s
[DONE] fit__1852__clean__rise__r0 q=1000 bl=-1 gwad+=-1 del 0.246/0.274 t=3.7s
[DONE] fit__8493__clean__lime__r0 q=1000 bl=5 gwad+=-1 del 0.097/0.327 t=3.6s
[DONE] fit__8493__clean__kernelshap__r0 q=500 bl=3 gwad+=-1 del 0.155/0.371 t=1.4s
[DONE] fit__8493__clean__occlusion__r0 q=842 bl=2 gwad+=259 del 0.046/0.402 t=2.5s
[DONE] fit__8493__clean__rise__r0 q=1000 bl=-1 gwad+=-1 del 0.519/0.366 t=3.4s
[DONE] fit__2963__clean__lime__r0 q=1000 bl=7 gwad+=-1 del 0.430/0.531 t=3.8s
[DONE] fit__2963__clean__kernelshap__r0 q=500 bl=4 gwad+=-1 del 0.710/0.545 t=1.3s
[DONE] fit__2963__clean__occlusion__r0 q=842 bl=2 gwad+=259 del 0.165/0.600 t=2.4s
[DONE] fit__2963__clean__rise__r0 q=1000 bl=-1 gwad+=-1 del 0.243/0.580 t=3.5s
[DONE] fit__9226__clean__lime__r0 q=1000 bl=5 gwad+=-1 del 0.152/0.618 t=3.7s
[DONE] fit__9226__clean__kernelshap__r0 q=500 bl=3 gwad+=471 del 0.214/0.519 t=1.2s
[DONE] fit__9226__clean__occlusion__r0 q=842 bl=2 gwad+=259 del 0.256/0.570 t=2.5s
[DONE] fit__9226__clean__rise__r0 q=1000 bl=-1 gwad+=-1 del 0.636/0.628 t=3.5s
[DONE] fit__3498__clean__lime__r0 q=1000 bl=11 gwad+=-1 del 0.042/0.289 t=3.9s
[DONE] fit__3498__clean__kernelshap__r0 q=500 bl=3 gwad+=-1 del 0.148/0.341 t=1.2s
[DONE] fit__3498__clean__occlusion__r0 q=842 bl=2 gwad+=259 del 0.152/0.283 t=2.6s
[DONE] fit__3498__clean__rise__r0 q=1000 bl=978 gwad+=-1 del 0.110/0.327 t=3.3s
[DONE] fit__2915__clean__lime__r0 q=1000 bl=12 gwad+=-1 del 0.219/0.604 t=3.9s
[DONE] fit__2915__clean__kernelshap__r0 q=500 bl=3 gwad+=-1 del 0.376/0.531 t=1.3s
[DONE] fit__2915__clean__occlusion__r0 q=842 bl=2 gwad+=259 del 0.224/0.527 t=2.5s
[DONE] fit__2915__clean__rise__r0 q=1000 bl=-1 gwad+=-1 del 0.206/0.574 t=3.4s
[DONE] fit__6690__clean__lime__r0 q=1000 bl=4 gwad+=-1 del 0.208/0.681 t=3.9s
[DONE] fit__6690__clean__kernelshap__r0 q=500 bl=3 gwad+=-1 del 0.327/0.561 t=1.4s
[DONE] fit__6690__clean__occlusion__r0 q=842 bl=2 gwad+=259 del 0.113/0.582 t=2.6s
[DONE] fit__6690__clean__rise__r0 q=1000 bl=-1 gwad+=-1 del 0.231/0.594 t=4.0s
[DONE] fit__4150__clean__lime__r0 q=1000 bl=4 gwad+=-1 del 0.166/0.367 t=3.9s
[DONE] fit__4150__clean__kernelshap__r0 q=500 bl=3 gwad+=-1 del 0.392/0.377 t=1.6s
[DONE] fit__4150__clean__occlusion__r0 q=842 bl=2 gwad+=259 del 0.070/0.391 t=2.6s
[DONE] fit__4150__clean__rise__r0 q=1000 bl=789 gwad+=-1 del 0.160/0.376 t=3.7s
[DONE] fit__9789__clean__lime__r0 q=1000 bl=2 gwad+=-1 del 0.226/0.381 t=3.5s
[DONE] fit__9789__clean__kernelshap__r0 q=500 bl=3 gwad+=-1 del 0.116/0.315 t=1.5s
[DONE] fit__9789__clean__occlusion__r0 q=842 bl=2 gwad+=259 del 0.109/0.314 t=2.6s
[DONE] fit__9789__clean__rise__r0 q=1000 bl=-1 gwad+=-1 del 0.268/0.301 t=3.5s
[DONE] fit__5818__clean__lime__r0 q=1000 bl=9 gwad+=-1 del 0.378/0.436 t=3.6s
[DONE] fit__5818__clean__kernelshap__r0 q=500 bl=3 gwad+=-1 del 0.468/0.385 t=1.7s
[DONE] fit__5818__clean__occlusion__r0 q=842 bl=2 gwad+=259 del 0.380/0.420 t=2.5s
[DONE] fit__5818__clean__rise__r0 q=1000 bl=-1 gwad+=-1 del 0.121/0.406 t=3.5s
[DONE] fit__1358__clean__lime__r0 q=1000 bl=3 gwad+=-1 del 0.225/0.466 t=3.6s
[DONE] fit__1358__clean__kernelshap__r0 q=500 bl=3 gwad+=-1 del 0.560/0.557 t=1.3s
[DONE] fit__1358__clean__occlusion__r0 q=842 bl=2 gwad+=259 del 0.213/0.620 t=2.5s
[DONE] fit__1358__clean__rise__r0 q=1000 bl=431 gwad+=-1 del 0.485/0.551 t=3.9s
[DONE] fit__6684__clean__lime__r0 q=1000 bl=4 gwad+=-1 del 0.071/0.402 t=3.7s
[DONE] fit__6684__clean__kernelshap__r0 q=500 bl=4 gwad+=-1 del 0.279/0.422 t=1.2s
[DONE] fit__6684__clean__occlusion__r0 q=842 bl=2 gwad+=259 del 0.089/0.376 t=2.4s
[DONE] fit__6684__clean__rise__r0 q=1000 bl=-1 gwad+=-1 del 0.441/0.363 t=3.7s
[DONE] fit__3732__clean__lime__r0 q=1000 bl=3 gwad+=-1 del 0.178/0.309 t=3.7s
[DONE] fit__3732__clean__kernelshap__r0 q=500 bl=4 gwad+=-1 del 0.233/0.465 t=1.4s
[DONE] fit__3732__clean__occlusion__r0 q=842 bl=2 gwad+=259 del 0.181/0.428 t=2.5s
[DONE] fit__3732__clean__rise__r0 q=1000 bl=-1 gwad+=-1 del 0.234/0.421 t=3.8s
[DONE] fit__8575__clean__lime__r0 q=1000 bl=7 gwad+=-1 del 0.324/0.443 t=3.4s
[DONE] fit__8575__clean__kernelshap__r0 q=500 bl=3 gwad+=427 del 0.579/0.367 t=1.2s
[DONE] fit__8575__clean__occlusion__r0 q=842 bl=2 gwad+=259 del 0.124/0.456 t=2.4s
[DONE] fit__8575__clean__rise__r0 q=1000 bl=-1 gwad+=-1 del 0.511/0.458 t=3.7s
