[DONE] calibration__1735__clean__lime__r0 q=1000 bl=5 gwad+=-1 del 0.453/0.448 t=4.0s
[DONE] calibration__1735__clean__kernelshap__r0 q=500 bl=4 gwad+=-1 del 0.070/0.556 t=1.7s
[DONE] calibration__1735__clean__occlusion__r0 q=842 bl=2 gwad+=259 del 0.225/0.483 t=3.1s
[DONE] calibration__1735__clean__rise__r0 q=1000 bl=-1 gwad+=-1 del 0.139/0.484 t=3.8s
[DONE] calibration__8197__clean__lime__r0 q=1000 bl=7 gwad+=-1 del 0.882/0.822 t=3.3s
[DONE] calibration__8197__clean__kernelshap__r0 q=500 bl=4 gwad+=332 del 0.405/0.827 t=1.4s
[DONE] calibration__8197__clean__occlusion__r0 q=842 bl=2 gwad+=259 del 0.821/0.910 t=2.6s
[DONE] calibration__8197__clean__rise__r0 q=1000 bl=710 gwad+=-1 del 0.746/0.909 t=3.6s
[DONE] calibration__3028__clean__lime__r0 q=1000 bl=9 gwad+=-1 del 0.229/0.463 t=3.9s
[DONE] calibration__3028__clean__kernelshap__r0 q=500 bl=4 gwad+=-1 del 0.381/0.536 t=1.7s
[DONE] calibration__3028__clean__occlusion__r0 q=842 bl=2 gwad+=259 del 0.482/0.409 t=2.8s
[DONE] calibration__3028__clean__rise__r0 q=1000 bl=-1 gwad+=-1 del 0.289/0.538 t=4.0s
[DONE] calibration__603__clean__lime__r0 q=1000 bl=3 gwad+=-1 del 0.277/0.734 t=3.8s
[DONE] calibration__603__clean__kernelshap__r0 q=500 bl=4 gwad+=259 del 0.581/0.697 t=1.3s
[DONE] calibration__603__clean__occlusion__r0 q=842 bl=2 gwad+=259 del 0.314/0.713 t=2.8s
[DONE] calibration__603__clean__rise__r0 q=1000 bl=-1 gwad+=-1 del 0.538/0.716 t=3.8s
[DONE] calibration__6232__clean__lime__r0 q=1000 bl=7 gwad+=-1 del 0.217/0.565 t=3.9s
[DONE] calibration__6232__clean__kernelshap__r0 q=500 bl=3 gwad+=-1 del 0.099/0.314 t=1.6s
[DONE] calibration__6232__clean__occlusion__r0 q=842 bl=2 gwad+=259 del 0.395/0.516 t=2.6s
[DONE] calibration__6232__clean__rise__r0 q=1000 bl=591 gwad+=-1 del 0.341/0.547 t=3.4s
[DONE] calibration__3234__clean__lime__r0 q=1000 bl=4 gwad+=-1 del 0.539/0.808 t=4.0s
[DONE] calibration__3234__clean__kernelshap__r0 q=500 bl=3 gwad+=-1 del 0.853/0.877 t=1.5s
[DONE] calibration__3234__clean__occlusion__r0 q=842 bl=2 gwad+=259 del 0.519/0.802 t=3.2s
[DONE] calibration__3234__clean__rise__r0 q=1000 bl=455 gwad+=-1 del 0.834/0.831 t=4.0s
[DONE] calibration__8169__clean__lime__r0 q=1000 bl=4 gwad+=-1 del 0.425/0.755 t=4.1s
[DONE] calibration__8169__clean__kernelshap__r0 q=500 bl=3 gwad+=-1 del 0.114/0.708 t=1.6s
[DONE] calibration__8169__clean__occlusion__r0 q=842 bl=2 gwad+=259 del 0.369/0.584 t=2.7s
[DONE] calibration__8169__clean__rise__r0 q=1000 bl=-1 gwad+=-1 del 0.540/0.718 t=4.0s
[DONE] calibration__2208__clean__lime__r0 q=1000 bl=9 gwad+=-1 del 0.117/0.561 t=4.0s
[DONE] calibration__2208__clean__kernelshap__r0 q=500 bl=3 gwad+=297 del 0.296/0.488 t=1.5s
[DONE] calibration__2208__clean__occlusion__r0 q=842 bl=2 gwad+=259 del 0.212/0.451 t=2.5s
[DONE] calibration__2208__clean__rise__r0 q=1000 bl=861 gwad+=-1 del 0.191/0.533 t=3.8s
[DONE] calibration__327__clean__lime__r0 q=1000 bl=4 gwad+=-1 del 0.154/0.616 t=3.6s
[DONE] calibration__327__clean__kernelshap__r0 q=500 bl=3 gwad+=-1 del 0.077/0.587 t=1.3s
[DONE] calibration__327__clean__occlusion__r0 q=842 bl=2 gwad+=259 del 0.171/0.539 t=2.3s
[DONE] calibration__327__clean__rise__r0 q=1000 bl=595 gwad+=-1 del 0.135/0.533 t=3.7s
[DONE] calibration__8025__clean__lime__r0 q=1000 bl=5 gwad+=-1 del 0.202/0.514 t=3.8s
[DONE] calibration__8025__clean__kernelshap__r0 q=500 bl=3 gwad+=-1 del 0.302/0.523 t=1.5s
[DONE] calibration__8025__clean__occlusion__r0 q=842 bl=2 gwad+=259 del 0.121/0.477 t=2.5s
[DONE] calibration__8025__clean__rise__r0 q=1000 bl=-1 gwad+=-1 del 0.248/0.470 t=3.5s
[DONE] calibration__3455__clean__lime__r0 q=1000 bl=3 gwad+=-1 del 0.074/0.221 t=3.9s
[DONE] calibration__3455__clean__kernelshap__r0 q=500 bl=3 gwad+=-1 del 0.053/0.179 t=1.3s
[DONE] calibration__3455__clean__occlusion__r0 q=842 bl=2 gwad+=259 del 0.036/0.210 t=2.6s
[DONE] calibration__3455__clean__rise__r0 q=1000 bl=-1 gwad+=-1 del 0.065/0.234 t=4.0s
[DONE] calibration__8724__clean__lime__r0 q=1000 bl=11 gwad+=-1 del 0.103/0.242 t=3.9s
[DONE] calibration__8724__clean__kernelshap__r0 q=500 bl=3 gwad+=-1 del 0.044/0.249 t=1.5s
[DONE] calibration__8724__clean__occlusion__r0 q=842 bl=2 gwad+=259 del 0.053/0.155 t=2.7s
[DONE] calibration__8724__clean__rise__r0 q=1000 bl=-1 gwad+=-1 del 0.113/0.264 t=3.9s
[DONE] calibration__2004__clean__lime__r0 q=1000 bl=11 gwad+=-1 del 0.272/0.450 t=4.0s
[DONE] calibration__2004__clean__kernelshap__r0 q=500 bl=3 gwad+=260 del 0.508/0.381 t=1.3s
[DONE] calibration__2004__clean__occlusion__r0 q=842 bl=2 gwad+=259 del 0.190/0.403 t=2.7s
[DONE] calibration__2004__clean__rise__r0 q=1000 bl=-1 gwad+=-1 del 0.235/0.370 t=3.7s
[DONE] calibration__519__clean__lime__r0 q=1000 bl=7 gwad+=-1 del 0.074/0.452 t=3.5s
[DONE] calibration__519__clean__kernelshap__r0 q=500 bl=3 gwad+=-1 del 0.359/0.363 t=1.4s
[DONE] calibration__519__clean__occlusion__r0 q=842 bl=2 gwad+=259 del 0.110/0.386 t=2.6s
[DONE] calibration__519__clean__rise__r0 q=1000 bl=-1 gwad+=-1 del 0.161/0.395 t=3.8s
[DONE] calibration__5612__clean__lime__r0 q=1000 bl=6 gwad+=-1 del 0.535/0.461 t=3.8s
[DONE] calibration__5612__clean__kernelshap__r0 q=500 bl=3 gwad+=-1 del 0.368/0.436 t=1.7s
[DONE] calibration__5612__clean__occlusion__r0 q=842 bl=2 gwad+=259 del 0.070/0.527 t=2.5s
[DONE] calibration__5612__clean__rise__r0 q=1000 bl=-1 gwad+=-1 del 0.362/0.433 t=3.5s
[DONE] calibration__3213__clean__lime__r0 q=1000 bl=12 gwad+=-1 del 0.235/0.471 t=3.9s
[DONE] calibration__3213__clean__kernelshap__r0 q=500 bl=3 gwad+=451 del 0.384/0.486 t=1.6s
[DONE] calibration__3213__clean__occlusion__r0 q=842 bl=2 gwad+=259 del 0.457/0.519 t=2.7s
[DONE] calibration__3213__clean__rise__r0 q=1000 bl=-1 gwad+=-1 del 0.218/0.465 t=3.8s
[DONE] calibration__7699__clean__lime__r0 q=1000 bl=11 gwad+=-1 del 0.201/0.504 t=3.8s
[DONE] calibration__7699__clean__kernelshap__r0 q=500 bl=3 gwad+=-1 del 0.716/0.432 t=1.6s
[DONE] calibration__7699__clean__occlusion__r0 q=842 bl=2 gwad+=259 del 0.061/0.431 t=2.7s
[DONE] calibration__7699__clean__rise__r0 q=1000 bl=-1 gwad+=-1 del 0.221/0.439 t=3.7s
[DONE] evaluation__3568__clean__lime__r0 q=1000 bl=5 gwad+=-1 del 0.943/0.904 t=3.9s
[DONE] evaluation__3568__clean__kernelshap__r0 q=500 bl=3 gwad+=318 del 0.818/0.873 t=1.4s
[DONE] evaluation__3568__clean__occlusion__r0 q=842 bl=2 gwad+=259 del 0.968/0.868 t=2.7s
[DONE] evaluation__3568__clean__rise__r0 q=1000 bl=853 gwad+=-1 del 0.848/0.883 t=4.0s
[DONE] evaluation__6494__clean__lime__r0 q=1000 bl=3 gwad+=-1 del 0.857/0.553 t=3.9s
[DONE] evaluation__6494__clean__kernelshap__r0 q=500 bl=3 gwad+=259 del 0.320/0.595 t=1.3s
[DONE] evaluation__6494__clean__occlusion__r0 q=842 bl=2 gwad+=259 del 0.501/0.547 t=2.5s
[DONE] evaluation__6494__clean__rise__r0 q=1000 bl=-1 gwad+=-1 del 0.155/0.628 t=3.8s
[DONE] evaluation__9045__clean__lime__r0 q=1000 bl=4 gwad+=-1 del 0.980/0.873 t=4.1s
[DONE] evaluation__9045__clean__kernelshap__r0 q=500 bl=3 gwad+=-1 del 0.916/0.837 t=1.4s
[DONE] evaluation__9045__clean__occlusion__r0 q=842 bl=2 gwad+=259 del 0.941/0.868 t=2.6s
[DONE] evaluation__9045__clean__rise__r0 q=1000 bl=-1 gwad+=-1 del 0.820/0.867 t=4.0s
[DONE] evaluation__122__clean__lime__r0 q=1000 bl=7 gwad+=-1 del 0.197/0.506 t=4.6s
[DONE] evaluation__122__clean__kernelshap__r0 q=500 bl=3 gwad+=-1 del 0.287/0.487 t=1.4s
[DONE] evaluation__122__clean__occlusion__r0 q=842 bl=2 gwad+=259 del 0.196/0.477 t=2.7s
[DONE] evaluation__122__clean__rise__r0 q=1000 bl=-1 gwad+=-1 del 0.239/0.454 t=3.7s
[DONE] evaluation__3020__clean__lime__r0 q=1000 bl=11 gwad+=-1 del 0.082/0.476 t=3.9s
[DONE] evaluation__3020__clean__kernelshap__r0 q=500 bl=3 gwad+=-1 del 0.391/0.397 t=1.4s
[DONE] evaluation__3020__clean__occlusion__r0 q=842 bl=2 gwad+=259 del 0.078/0.390 t=2.6s
[DONE] evaluation__3020__clean__rise__r0 q=1000 bl=508 gwad+=-1 del 0.107/0.421 t=3.7s
[DONE] evaluation__7450__clean__lime__r0 q=1000 bl=10 gwad+=-1 del 0.225/0.469 t=3.7s
[DONE] evaluation__7450__clean__kernelshap__r0 q=500 bl=3 gwad+=-1 del 0.157/0.468 t=1.4s
[DONE] evaluation__7450__clean__occlusion__r0 q=842 bl=2 gwad+=259 del 0.214/0.400 t=2.6s
[DONE] evaluation__7450__clean__rise__r0 q=1000 bl=754 gwad+=-1 del 0.298/0.453 t=4.0s
[DONE] evaluation__988__clean__lime__r0 q=1000 bl=11 gwad+=-1 del 0.075/0.252 t=3.6s
[DONE] evaluation__988__clean__kernelshap__r0 q=500 bl=3 gwad+=-1 del 0.074/0.233 t=1.3s
[DONE] evaluation__988__clean__occlusion__r0 q=842 bl=2 gwad+=259 del 0.037/0.254 t=2.4s
[DONE] evaluation__988__clean__rise__r0 q=1000 bl=593 gwad+=-1 del 0.244/0.155 t=3.6s
[DONE] evaluation__3313__clean__lime__r0 q=1000 bl=3 gwad+=-1 del 0.474/0.648 t=3.8s
[DONE] evaluation__3313__clean__kernelshap__r0 q=500 bl=3 gwad+=260 del 0.349/0.724 t=1.3s
[DONE] evaluation__3313__clean__occlusion__r0 q=842 bl=2 gwad+=259 del 0.716/0.767 t=2.5s
[DONE] evaluation__3313__clean__rise__r0 q=1000 bl=-1 gwad+=-1 del 0.701/0.731 t=3.7s
[DONE] evaluation__6981__clean__lime__r0 q=1000 bl=3 gwad+=-1 del 0.559/0.678 t=3.6s
[DONE] evaluation__6981__clean__kernelshap__r0 q=500 bl=3 gwad+=-1 del 0.330/0.673 t=1.3s
[DONE] evaluation__6981__clean__occlusion__r0 q=842 bl=2 gwad+=259 del 0.282/0.726 t=2.4s
[DONE] evaluation__6981__clean__rise__r0 q=1000 bl=828 gwad+=-1 del 0.557/0.758 t=3.7s
[DONE] evaluation__9267__clean__lime__r0 q=1000 bl=8 gwad+=-1 del 0.165/0.449 t=3.8s
[DONE] evaluation__9267__clean__kernelshap__r0 q=500 bl=3 gwad+=-1 del 0.283/0.375 t=1.5s
[DONE] evaluation__9267__clean__occlusion__r0 q=842 bl=2 gwad+=259 del 0.340/0.469 t=2.6s
[DONE] evaluation__9267__clean__rise__r0 q=1000 bl=-1 gwad+=-1 del 0.586/0.500 t=3.7s
[DONE] evaluation__3023__clean__lime__r0 q=1000 bl=6 gwad+=-1 del 0.174/0.675 t=3.3s
[DONE] evaluation__3023__clean__kernelshap__r0 q=500 bl=3 gwad+=-1 del 0.119/0.611 t=1.3s
[DONE] evaluation__3023__clean__occlusion__r0 q=842 bl=2 gwad+=259 del 0.201/0.602 t=2.5s
[DONE] evaluation__3023__clean__rise__r0 q=1000 bl=-1 gwad+=-1 del 0.349/0.583 t=3.9s
[DONE] evaluation__5732__clean__lime__r0 q=1000 bl=4 gwad+=-1 del 0.129/0.662 t=3.6s
[DONE] evaluation__5732__clean__kernelshap__r0 q=500 bl=3 gwad+=-1 del 0.458/0.610 t=1.4s
[DONE] evaluation__5732__clean__occlusion__r0 q=842 bl=2 gwad+=259 del 0.252/0.593 t=2.5s
[DONE] evaluation__5732__clean__rise__r0 q=1000 bl=-1 gwad+=-1 del 0.477/0.695 t=3.8s
[DONE] evaluation__7518__clean__lime__r0 q=1000 bl=2 gwad+=-1 del 0.255/0.500 t=3.8s
[DONE] evaluation__7518__clean__kernelshap__r0 q=500 bl=3 gwad+=-1 del 0.378/0.480 t=1.4s
[DONE] evaluation__7518__clean__occlusion__r0 q=842 bl=2 gwad+=259 del 0.172/0.493 t=2.7s
[DONE] evaluation__7518__clean__rise__r0 q=1000 bl=-1 gwad+=-1 del 0.216/0.477 t=3.6s
[DONE] evaluation__1533__clean__lime__r0 q=1000 bl=2 gwad+=-1 del 0.101/0.450 t=4.0s
[DONE] evaluation__1533__clean__kernelshap__r0 q=500 bl=4 gwad+=-1 del 0.207/0.352 t=1.4s
[DONE] evaluation__1533__clean__occlusion__r0 q=842 bl=2 gwad+=259 del 0.216/0.378 t=2.6s
[DONE] evaluation__1533__clean__rise__r0 q=1000 bl=479 gwad+=-1 del 0.161/0.302 t=3.9s
[DONE] evaluation__4042__clean__lime__r0 q=1000 bl=2 gwad+=-1 del 0.095/0.382 t=3.3s
[DONE] evaluation__4042__clean__kernelshap__r0 q=500 bl=3 gwad+=-1 del 0.177/0.289 t=1.4s
[DONE] evaluation__4042__clean__occlusion__r0 q=842 bl=2 gwad+=259 del 0.046/0.260 t=2.4s
[DONE] evaluation__4042__clean__rise__r0 q=1000 bl=-1 gwad+=-1 del 0.128/0.299 t=3.5s
[DONE] evaluation__7916__clean__lime__r0 q=1000 bl=3 gwad+=-1 del 0.095/0.354 t=3.7s
[DONE] evaluation__7916__clean__kernelshap__r0 q=500 bl=3 gwad+=265 del 0.086/0.403 t=1.4s
[DONE] evaluation__7916__clean__occlusion__r0 q=842 bl=2 gwad+=259 del 0.083/0.349 t=2.8s
[DONE] evaluation__7916__clean__rise__r0 q=1000 bl=-1 gwad+=-1 del 0.160/0.279 t=3.5s
[DONE] evaluation__1290__clean__lime__r0 q=1000 bl=7 gwad+=-1 del 0.034/0.417 t=3.6s
[DONE] evaluation__1290__clean__kernelshap__r0 q=500 bl=4 gwad+=-1 del 0.036/0.430 t=1.5s
[DONE] evaluation__1290__clean__occlusion__r0 q=842 bl=2 gwad+=259 del 0.042/0.438 t=2.5s
[DONE] evaluation__1290__clean__rise__r0 q=1000 bl=-1 gwad+=-1 del 0.046/0.453 t=3.5s
[DONE] evaluation__3613__clean__lime__r0 q=1000 bl=3 gwad+=-1 del 0.245/0.584 t=3.7s
[DONE] evaluation__3613__clean__kernelshap__r0 q=500 bl=3 gwad+=-1 del 0.317/0.635 t=1.3s
[DONE] evaluation__3613__clean__occlusion__r0 q=842 bl=2 gwad+=259 del 0.069/0.558 t=2.5s
[DONE] evaluation__3613__clean__rise__r0 q=1000 bl=-1 gwad+=-1 del 0.449/0.548 t=3.8s
[DONE] evaluation__6120__clean__lime__r0 q=1000 bl=13 gwad+=-1 del 0.056/0.576 t=3.5s
[DONE] evaluation__6120__clean__kernelshap__r0 q=500 bl=3 gwad+=-1 del 0.043/0.325 t=1.6s
[DONE] evaluation__6120__clean__occlusion__r0 q=842 bl=2 gwad+=259 del 0.079/0.473 t=2.6s
[DONE] evaluation__6120__clean__rise__r0 q=1000 bl=-1 gwad+=-1 del 0.073/0.408 t=3.8s
[DONE] evaluation__9540__clean__lime__r0 q=1000 bl=9 gwad+=-1 del 0.650/0.583 t=3.2s
[DONE] evaluation__9540__clean__kernelshap__r0 q=500 bl=4 gwad+=-1 del 0.253/0.523 t=1.6s
[DONE] evaluation__9540__clean__occlusion__r0 q=842 bl=2 gwad+=259 del 0.237/0.557 t=2.4s
[DONE] evaluation__9540__clean__rise__r0 q=1000 bl=-1 gwad+=-1 del 0.220/0.595 t=3.7s
[DONE] evaluation__2105__clean__lime__r0 q=1000 bl=6 gwad+=-1 del 0.356/0.363 t=4.0s
[DONE] evaluation__2105__clean__kernelshap__r0 q=500 bl=3 gwad+=454 del 0.118/0.414 t=1.3s
[DONE] evaluation__2105__clean__occlusion__r0 q=842 bl=2 gwad+=259 del 0.211/0.316 t=2.8s
[DONE] evaluation__2105__clean__rise__r0 q=1000 bl=-1 gwad+=-1 del 0.349/0.425 t=3.7s
[DONE] evaluation__4788__clean__lime__r0 q=1000 bl=2 gwad+=-1 del 0.677/0.513 t=4.2s
[DONE] evaluation__4788__clean__kernelshap__r0 q=500 bl=3 gwad+=348 del 0.347/0.483 t=1.5s
[DONE] evaluation__4788__clean__occlusion__r0 q=842 bl=2 gwad+=259 del 0.440/0.440 t=2.7s
[DONE] evaluation__4788__clean__rise__r0 q=1000 bl=-1 gwad+=-1 del 0.122/0.485 t=3.4s
[DONE] evaluation__8113__clean__lime__r0 q=1000 bl=3 gwad+=-1 del 0.305/0.406 t=3.8s
[DONE] evaluation__8113__clean__kernelshap__r0 q=500 bl=3 gwad+=-1 del 0.161/0.290 t=1.3s
[DONE] evaluation__8113__clean__occlusion__r0 q=842 bl=2 gwad+=259 del 0.123/0.397 t=2.7s
[DONE] evaluation__8113__clean__rise__r0 q=1000 bl=-1 gwad+=-1 del 0.164/0.368 t=3.6s
[DONE] evaluation__1966__clean__lime__r0 q=1000 bl=5 gwad+=-1 del 0.425/0.453 t=3.8s
[DONE] evaluation__1966__clean__kernelshap__r0 q=500 bl=3 gwad+=-1 del 0.454/0.489 t=1.3s
[DONE] evaluation__1966__clean__occlusion__r0 q=842 bl=2 gwad+=259 del 0.286/0.499 t=2.5s
[DONE] evaluation__1966__clean__rise__r0 q=1000 bl=-1 gwad+=-1 del 0.288/0.476 t=3.5s
[DONE] evaluation__4186__clean__lime__r0 q=1000 bl=7 gwad+=-1 del 0.499/0.535 t=3.8s
[DONE] evaluation__4186__clean__kernelshap__r0 q=500 bl=3 gwad+=-1 del 0.474/0.516 t=1.3s
[DONE] evaluation__4186__clean__occlusion__r0 q=842 bl=2 gwad+=259 del 0.309/0.512 t=2.7s
[DONE] evaluation__4186__clean__rise__r0 q=1000 bl=-1 gwad+=-1 del 0.628/0.548 t=3.7s
[DONE] evaluation__5998__clean__lime__r0 q=1000 bl=5 gwad+=-1 del 0.407/0.393 t=3.6s
[DONE] evaluation__5998__clean__kernelshap__r0 q=500 bl=3 gwad+=455 del 0.267/0.424 t=1.5s
[DONE] evaluation__5998__clean__occlusion__r0 q=842 bl=2 gwad+=259 del 0.254/0.431 t=2.6s
[DONE] evaluation__5998__clean__rise__r0 q=1000 bl=-1 gwad+=-1 del 0.202/0.420 t=3.4s
[DONE] evaluation__582__clean__lime__r0 q=1000 bl=5 gwad+=-1 del 0.099/0.318 t=3.7s
[DONE] evaluation__582__clean__kernelshap__r0 q=500 bl=4 gwad+=-1 del 0.169/0.436 t=1.4s
[DONE] evaluation__582__clean__occlusion__r0 q=842 bl=2 gwad+=259 del 0.124/0.318 t=2.7s
[DONE] evaluation__582__clean__rise__r0 q=1000 bl=-1 gwad+=-1 del 0.117/0.410 t=4.1s
[DONE] evaluation__2196__clean__lime__r0 q=1000 bl=6 gwad+=-1 del 0.050/0.353 t=3.3s
[DONE] evaluation__2196__clean__kernelshap__r0 q=500 bl=3 gwad+=260 del 0.633/0.366 t=1.3s
[DONE] evaluation__2196__clean__occlusion__r0 q=842 bl=2 gwad+=259 del 0.038/0.379 t=2.4s
[DONE] evaluation__2196__clean__rise__r0 q=1000 bl=-1 gwad+=-1 del 0.544/0.373 t=3.8s
[DONE] evaluation__4254__clean__lime__r0 q=1000 bl=7 gwad+=-1 del 0.303/0.490 t=3.5s
[DONE] evaluation__4254__clean__kernelshap__r0 q=500 bl=4 gwad+=-1 del 0.647/0.640 t=1.4s
[DONE] evaluation__4254__clean__occlusion__r0 q=842 bl=2 gwad+=259 del 0.247/0.550 t=2.9s
[DONE] evaluation__4254__clean__rise__r0 q=1000 bl=-1 gwad+=-1 del 0.534/0.612 t=3.6s
[DONE] evaluation__7580__clean__lime__r0 q=1000 bl=7 gwad+=-1 del 0.243/0.303 t=3.6s
[DONE] evaluation__7580__clean__kernelshap__r0 q=500 bl=3 gwad+=-1 del 0.392/0.320 t=1.4s
[DONE] evaluation__7580__clean__occlusion__r0 q=842 bl=2 gwad+=259 del 0.046/0.375 t=3.0s
[DONE] evaluation__7580__clean__rise__r0 q=1000 bl=-1 gwad+=-1 del 0.592/0.500 t=4.2s
[DONE] evaluation__3170__clean__lime__r0 q=1000 bl=6 gwad+=-1 del 0.132/0.384 t=3.8s
[DONE] evaluation__3170__clean__kernelshap__r0 q=500 bl=3 gwad+=-1 del 0.238/0.408 t=1.3s
[DONE] evaluation__3170__clean__occlusion__r0 q=842 bl=2 gwad+=259 del 0.083/0.340 t=2.8s
[DONE] evaluation__3170__clean__rise__r0 q=1000 bl=-1 gwad+=-1 del 0.112/0.378 t=3.5s
[DONE] evaluation__6724__clean__lime__r0 q=1000 bl=3 gwad+=-1 del 0.442/0.384 t=4.0s
[DONE] evaluation__6724__clean__kernelshap__r0 q=500 bl=3 gwad+=-1 del 0.599/0.411 t=1.2s
[DONE] evaluation__6724__clean__occlusion__r0 q=842 bl=2 gwad+=259 del 0.091/0.442 t=2.8s
[DONE] evaluation__6724__clean__rise__r0 q=1000 bl=-1 gwad+=-1 del 0.191/0.389 t=3.8s
[DONE] evaluation__8995__clean__lime__r0 q=1000 bl=14 gwad+=-1 del 0.328/0.261 t=3.9s
[DONE] evaluation__8995__clean__kernelshap__r0 q=500 bl=3 gwad+=260 del 0.227/0.370 t=1.3s
[DONE] evaluation__8995__clean__occlusion__r0 q=842 bl=2 gwad+=259 del 0.073/0.370 t=2.7s
[DONE] evaluation__8995__clean__rise__r0 q=1000 bl=-1 gwad+=-1 del 0.103/0.365 t=3.8s
[DONE] fit__2130__clean__lime__r0 q=1000 bl=7 gwad+=-1 del 0.916/0.824 t=3.7s
[DONE] fit__2130__clean__kernelshap__r0 q=500 bl=4 gwad+=261 del 0.578/0.741 t=1.4s
[DONE] fit__2130__clean__occlusion__r0 q=842 bl=2 gwad+=259 del 0.364/0.782 t=2.7s
[DONE] fit__2130__clean__rise__r0 q=1000 bl=-1 gwad+=-1 del 0.662/0.776 t=3.8s
[DONE] fit__8643__clean__lime__r0 q=1000 bl=3 gwad+=-1 del 0.795/0.902 t=3.4s
[DONE] fit__8643__clean__kernelshap__r0 q=500 bl=3 gwad+=-1 del 0.435/0.803 t=1.4s
[DONE] fit__8643__clean__occlusion__r0 q=842 bl=2 gwad+=259 del 0.602/0.868 t=2.6s
[DONE] fit__8643__clean__rise__r0 q=1000 bl=-1 gwad+=-1 del 0.538/0.829 t=3.4s
[DONE] fit__4954__clean__lime__r0 q=1000 bl=7 gwad+=-1 del 0.137/0.266 t=4.0s
[DONE] fit__4954__clean__kernelshap__r0 q=500 bl=3 gwad+=-1 del 0.062/0.242 t=1.4s
[DONE] fit__4954__clean__occlusion__r0 q=842 bl=2 gwad+=259 del 0.118/0.309 t=2.5s
[DONE] fit__4954__clean__rise__r0 q=1000 bl=-1 gwad+=-1 del 0.126/0.323 t=3.5s
[DONE] fit__623__clean__lime__r0 q=1000 bl=9 gwad+=-1 del 0.103/0.376 t=3.8s
[DONE] fit__623__clean__kernelshap__r0 q=500 bl=3 gwad+=476 del 0.107/0.370 t=1.4s
[DONE] fit__623__clean__occlusion__r0 q=842 bl=2 gwad+=259 del 0.040/0.362 t=2.8s
[DONE] fit__623__clean__rise__r0 q=1000 bl=-1 gwad+=-1 del 0.099/0.458 t=3.7s
[DONE] fit__7351__clean__lime__r0 q=1000 bl=6 gwad+=-1 del 0.155/0.559 t=3.4s
[DONE] fit__7351__clean__kernelshap__r0 q=500 bl=3 gwad+=-1 del 0.269/0.405 t=1.4s
[DONE] fit__7351__clean__occlusion__r0 q=842 bl=2 gwad+=259 del 0.057/0.526 t=2.6s
[DONE] fit__7351__clean__rise__r0 q=1000 bl=-1 gwad+=-1 del 0.334/0.504 t=3.6s
[DONE] fit__2922__clean__lime__r0 q=1000 bl=7 gwad+=-1 del 0.624/0.761 t=3.7s
[DONE] fit__2922__clean__kernelshap__r0 q=500 bl=3 gwad+=-1 del 0.724/0.693 t=1.4s
[DONE] fit__2922__clean__occlusion__r0 q=842 bl=2 gwad+=259 del 0.445/0.731 t=2.6s
[DONE] fit__2922__clean__rise__r0 q=1000 bl=-1 gwad+=-1 del 0.477/0.716 t=3.5s
[DONE] fit__9198__clean__lime__r0 q=1000 bl=6 gwad+=-1 del 0.470/0.790 t=3.9s
[DONE] fit__9198__clean__kernelshap__r0 q=500 bl=3 gwad+=265 del 0.819/0.738 t=1.3s
[DONE] fit__9198__clean__occlusion__r0 q=842 bl=2 gwad+=259 del 0.242/0.797 t=2.6s
[DONE] fit__9198__clean__rise__r0 q=1000 bl=-1 gwad+=-1 del 0.518/0.746 t=3.4s
[DONE] fit__1928__clean__lime__r0 q=1000 bl=3 gwad+=-1 del 0.408/0.368 t=3.5s
[DONE] fit__1928__clean__kernelshap__r0 q=500 bl=5 gwad+=395 del 0.359/0.384 t=1.5s
[DONE] fit__1928__clean__occlusion__r0 q=842 bl=2 gwad+=259 del 0.115/0.449 t=2.5s
[DONE] fit__1928__clean__rise__r0 q=1000 bl=-1 gwad+=-1 del 0.264/0.373 t=3.4s
[DONE] fit__1940__clean__lime__r0 q=1000 bl=2 gwad+=-1 del 0.041/0.307 t=3.6s
[DONE] fit__1940__clean__kernelshap__r0 q=500 bl=3 gwad+=-1 del 0.057/0.264 t=1.3s
[DONE] fit__1940__clean__occlusion__r0 q=842 bl=2 gwad+=259 del 0.036/0.308 t=2.6s
[DONE] fit__1940__clean__rise__r0 q=1000 bl=-1 gwad+=-1 del 0.058/0.237 t=3.6s
[DONE] fit__6571__clean__lime__r0 q=1000 bl=4 gwad+=-1 del 0.156/0.539 t=3.7s
[DONE] fit__6571__clean__kernelshap__r0 q=500 bl=4 gwad+=-1 del 0.253/0.553 t=1.2s
[DONE] fit__6571__clean__occlusion__r0 q=842 bl=2 gwad+=259 del 0.134/0.557 t=2.8s
[DONE] fit__6571__clean__rise__r0 q=1000 bl=-1 gwad+=-1 del 0.167/0.668 t=3.6s
[DONE] fit__1688__clean__lime__r0 q=1000 bl=6 gwad+=-1 del 0.317/0.436 t=3.5s
[DONE] fit__1688__clean__kernelshap__r0 q=500 bl=4 gwad+=-1 del 0.201/0.477 t=1.3s
[DONE] fit__1688__clean__occlusion__r0 q=842 bl=2 gwad+=259 del 0.413/0.466 t=2.8s
[DONE] fit__1688__clean__rise__r0 q=1000 bl=610 gwad+=-1 del 0.418/0.532 t=4.0s
[DONE] fit__9721__clean__lime__r0 q=1000 bl=4 gwad+=-1 del 0.277/0.553 t=3.7s
[DONE] fit__9721__clean__kernelshap__r0 q=500 bl=3 gwad+=-1 del 0.201/0.426 t=1.6s
[DONE] fit__9721__clean__occlusion__r0 q=842 bl=2 gwad+=259 del 0.189/0.503 t=2.5s
[DONE] fit__9721__clean__rise__r0 q=1000 bl=365 gwad+=-1 del 0.171/0.406 t=3.4s
[DONE] fit__4339__clean__lime__r0 q=1000 bl=4 gwad+=-1 del 0.221/0.426 t=3.4s
[DONE] fit__4339__clean__kernelshap__r0 q=500 bl=3 gwad+=-1 del 0.292/0.490 t=1.3s
[DONE] fit__4339__clean__occlusion__r0 q=842 bl=2 gwad+=259 del 0.174/0.453 t=2.5s
[DONE] fit__4339__clean__rise__r0 q=1000 bl=-1 gwad+=-1 del 0.254/0.474 t=3.6s
[DONE] fit__1279__clean__lime__r0 q=1000 bl=12 gwad+=-1 del 0.158/0.424 t=3.7s
[DONE] fit__1279__clean__kernelshap__r0 q=500 bl=3 gwad+=-1 del 0.409/0.513 t=1.5s
[DONE] fit__1279__clean__occlusion__r0 q=842 bl=2 gwad+=259 del 0.211/0.379 t=2.6s
[DONE] fit__1279__clean__rise__r0 q=1000 bl=-1 gwad+=-1 del 0.331/0.409 t=3.6s
[DONE] fit__4865__clean__lime__r0 q=1000 bl=2 gwad+=-1 del 0.056/0.115 t=3.7s
[DONE] fit__4865__clean__kernelshap__r0 q=500 bl=3 gwad+=-1 del 0.034/0.213 t=1.3s
[DONE] fit__4865__clean__occlusion__r0 q=842 bl=2 gwad+=259 del 0.029/0.249 t=2.7s
[DONE] fit__4865__clean__rise__r0 q=1000 bl=-1 gwad+=-1 del 0.042/0.191 t=3.6s
[DONE] fit__2467__clean__lime__r0 q=1000 bl=4 gwad+=-1 del 0.301/0.525 t=3.4s
[DONE] fit__2467__clean__kernelshap__r0 q=500 bl=3 gwad+=-1 del 0.716/0.579 t=1.3s
[DONE] fit__2467__clean__occlusion__r0 q=842 bl=2 gwad+=259 del 0.260/0.544 t=2.4s
[DONE] fit__2467__clean__rise__r0 q=1000 bl=-1 gwad+=-1 del 0.462/0.544 t=3.0s
[DONE] fit__7920__clean__lime__r0 q=1000 bl=10 gwad+=-1 del 0.206/0.439 t=2.4s
[DONE] fit__7920__clean__kernelshap__r0 q=500 bl=4 gwad+=-1 del 0.411/0.423 t=1.1s
[DONE] fit__7920__clean__occlusion__r0 q=842 bl=2 gwad+=259 del 0.036/0.355 t=2.0s
[DONE] fit__7920__clean__rise__r0 q=1000 bl=-1 gwad+=-1 del 0.201/0.377 t=2.9s
