[DONE] calibration__1617__clean__lime__r0 q=1000 bl=2 gwad+=-1 del 0.673/0.837 t=3.9s
[DONE] calibration__1617__clean__kernelshap__r0 q=500 bl=3 gwad+=-1 del 0.579/0.837 t=1.8s
[DONE] calibration__1617__clean__occlusion__r0 q=842 bl=2 gwad+=259 del 0.351/0.817 t=3.2s
[DONE] calibration__1617__clean__rise__r0 q=1000 bl=-1 gwad+=-1 del 0.851/0.903 t=4.5s
[DONE] calibration__5968__clean__lime__r0 q=1000 bl=4 gwad+=-1 del 0.975/0.814 t=3.6s
[DONE] calibration__5968__clean__kernelshap__r0 q=500 bl=3 gwad+=277 del 0.544/0.848 t=1.3s
[DONE] calibration__5968__clean__occlusion__r0 q=842 bl=2 gwad+=259 del 0.912/0.785 t=2.5s
[DONE] calibration__5968__clean__rise__r0 q=1000 bl=925 gwad+=-1 del 0.866/0.818 t=3.6s
[DONE] calibration__2712__clean__lime__r0 q=1000 bl=7 gwad+=-1 del 0.347/0.319 t=3.9s
[DONE] calibration__2712__clean__kernelshap__r0 q=500 bl=3 gwad+=-1 del 0.278/0.300 t=1.4s
[DONE] calibration__2712__clean__occlusion__r0 q=842 bl=2 gwad+=259 del 0.481/0.288 t=2.5s
[DONE] calibration__2712__clean__rise__r0 q=1000 bl=-1 gwad+=-1 del 0.266/0.334 t=3.7s
[DONE] calibration__9811__clean__lime__r0 q=1000 bl=7 gwad+=-1 del 0.184/0.280 t=4.2s
[DONE] calibration__9811__clean__kernelshap__r0 q=500 bl=5 gwad+=-1 del 0.149/0.360 t=1.6s
[DONE] calibration__9811__clean__occlusion__r0 q=842 bl=2 gwad+=259 del 0.142/0.339 t=2.9s
[DONE] calibration__9811__clean__rise__r0 q=1000 bl=-1 gwad+=-1 del 0.115/0.310 t=3.9s
[DONE] calibration__5385__clean__lime__r0 q=1000 bl=8 gwad+=-1 del 0.029/0.242 t=3.9s
[DONE] calibration__5385__clean__kernelshap__r0 q=500 bl=3 gwad+=-1 del 0.082/0.134 t=1.5s
[DONE] calibration__5385__clean__occlusion__r0 q=842 bl=2 gwad+=259 del 0.046/0.200 t=2.4s
[DONE] calibration__5385__clean__rise__r0 q=1000 bl=572 gwad+=-1 del 0.144/0.309 t=3.3s
[DONE] calibration__896__clean__lime__r0 q=1000 bl=13 gwad+=-1 del 0.329/0.739 t=4.2s
[DONE] calibration__896__clean__kernelshap__r0 q=500 bl=3 gwad+=360 del 0.856/0.715 t=1.5s
[DONE] calibration__896__clean__occlusion__r0 q=842 bl=2 gwad+=259 del 0.231/0.680 t=2.8s
[DONE] calibration__896__clean__rise__r0 q=1000 bl=-1 gwad+=-1 del 0.505/0.815 t=4.0s
[DONE] calibration__7825__clean__lime__r0 q=1000 bl=5 gwad+=-1 del 0.839/0.823 t=4.1s
[DONE] calibration__7825__clean__kernelshap__r0 q=500 bl=3 gwad+=-1 del 0.509/0.803 t=1.5s
[DONE] calibration__7825__clean__occlusion__r0 q=842 bl=2 gwad+=259 del 0.330/0.753 t=2.8s
[DONE] calibration__7825__clean__rise__r0 q=1000 bl=-1 gwad+=-1 del 0.885/0.773 t=4.0s
[DONE] calibration__1609__clean__lime__r0 q=1000 bl=4 gwad+=-1 del 0.159/0.336 t=3.7s
[DONE] calibration__1609__clean__kernelshap__r0 q=500 bl=3 gwad+=-1 del 0.151/0.272 t=1.2s
[DONE] calibration__1609__clean__occlusion__r0 q=842 bl=2 gwad+=259 del 0.134/0.279 t=2.4s
[DONE] calibration__1609__clean__rise__r0 q=1000 bl=-1 gwad+=-1 del 0.176/0.317 t=3.4s
[DONE] calibration__9837__clean__lime__r0 q=1000 bl=4 gwad+=-1 del 0.421/0.360 t=3.6s
[DONE] calibration__9837__clean__kernelshap__r0 q=500 bl=3 gwad+=260 del 0.292/0.452 t=1.4s
[DONE] calibration__9837__clean__occlusion__r0 q=842 bl=2 gwad+=259 del 0.055/0.599 t=2.4s
[DONE] calibration__9837__clean__rise__r0 q=1000 bl=-1 gwad+=-1 del 0.306/0.535 t=3.7s
[DONE] calibration__7279__clean__lime__r0 q=1000 bl=11 gwad+=-1 del 0.208/0.522 t=3.7s
[DONE] calibration__7279__clean__kernelshap__r0 q=500 bl=3 gwad+=-1 del 0.124/0.561 t=1.4s
[DONE] calibration__7279__clean__occlusion__r0 q=842 bl=2 gwad+=259 del 0.122/0.538 t=2.5s
[DONE] calibration__7279__clean__rise__r0 q=1000 bl=-1 gwad+=-1 del 0.260/0.468 t=3.5s
[DONE] calibration__901__clean__lime__r0 q=1000 bl=7 gwad+=-1 del 0.470/0.372 t=3.4s
[DONE] calibration__901__clean__kernelshap__r0 q=500 bl=3 gwad+=-1 del 0.116/0.267 t=1.6s
[DONE] calibration__901__clean__occlusion__r0 q=842 bl=2 gwad+=259 del 0.062/0.357 t=2.4s
[DONE] calibration__901__clean__rise__r0 q=1000 bl=-1 gwad+=-1 del 0.131/0.328 t=3.7s
[DONE] calibration__7690__clean__lime__r0 q=1000 bl=2 gwad+=-1 del 0.342/0.619 t=3.7s
[DONE] calibration__7690__clean__kernelshap__r0 q=500 bl=3 gwad+=-1 del 0.174/0.630 t=1.7s
[DONE] calibration__7690__clean__occlusion__r0 q=842 bl=2 gwad+=259 del 0.265/0.694 t=2.4s
[DONE] calibration__7690__clean__rise__r0 q=1000 bl=-1 gwad+=-1 del 0.188/0.511 t=3.7s
[DONE] calibration__803__clean__lime__r0 q=1000 bl=7 gwad+=-1 del 0.397/0.492 t=3.8s
[DONE] calibration__803__clean__kernelshap__r0 q=500 bl=3 gwad+=-1 del 0.526/0.481 t=1.4s
[DONE] calibration__803__clean__occlusion__r0 q=842 bl=2 gwad+=259 del 0.527/0.470 t=2.7s
[DONE] calibration__803__clean__rise__r0 q=1000 bl=-1 gwad+=-1 del 0.355/0.458 t=3.7s
[DONE] calibration__8627__clean__lime__r0 q=1000 bl=12 gwad+=-1 del 0.136/0.407 t=3.8s
[DONE] calibration__8627__clean__kernelshap__r0 q=500 bl=3 gwad+=-1 del 0.444/0.394 t=1.5s
[DONE] calibration__8627__clean__occlusion__r0 q=842 bl=2 gwad+=259 del 0.250/0.423 t=2.4s
[DONE] calibration__8627__clean__rise__r0 q=1000 bl=-1 gwad+=-1 del 0.104/0.432 t=3.7s
[DONE] calibration__4720__clean__lime__r0 q=1000 bl=6 gwad+=-1 del 0.099/0.311 t=3.5s
[DONE] calibration__4720__clean__kernelshap__r0 q=500 bl=3 gwad+=-1 del 0.398/0.347 t=1.4s
[DONE] calibration__4720__clean__occlusion__r0 q=842 bl=2 gwad+=259 del 0.040/0.364 t=2.7s
[DONE] calibration__4720__clean__rise__r0 q=1000 bl=-1 gwad+=-1 del 0.296/0.276 t=3.6s
[DONE] calibration__2140__clean__lime__r0 q=1000 bl=4 gwad+=-1 del 0.308/0.429 t=3.5s
[DONE] calibration__2140__clean__kernelshap__r0 q=500 bl=3 gwad+=-1 del 0.515/0.445 t=1.4s
[DONE] calibration__2140__clean__occlusion__r0 q=842 bl=2 gwad+=259 del 0.299/0.401 t=2.8s
[DONE] calibration__2140__clean__rise__r0 q=1000 bl=-1 gwad+=-1 del 0.473/0.436 t=4.0s
[DONE] calibration__7270__clean__lime__r0 q=1000 bl=6 gwad+=-1 del 0.304/0.462 t=3.7s
[DONE] calibration__7270__clean__kernelshap__r0 q=500 bl=3 gwad+=-1 del 0.761/0.445 t=1.5s
[DONE] calibration__7270__clean__occlusion__r0 q=842 bl=2 gwad+=259 del 0.157/0.480 t=2.8s
[DONE] calibration__7270__clean__rise__r0 q=1000 bl=395 gwad+=-1 del 0.298/0.499 t=3.8s
[DONE] evaluation__3499__clean__lime__r0 q=1000 bl=2 gwad+=-1 del 0.974/0.864 t=3.1s
[DONE] evaluation__3499__clean__kernelshap__r0 q=500 bl=3 gwad+=317 del 0.858/0.772 t=1.3s
[DONE] evaluation__3499__clean__occlusion__r0 q=842 bl=2 gwad+=259 del 0.803/0.846 t=2.4s
[DONE] evaluation__3499__clean__rise__r0 q=1000 bl=-1 gwad+=-1 del 0.889/0.896 t=3.9s
[DONE] evaluation__6241__clean__lime__r0 q=1000 bl=4 gwad+=-1 del 0.945/0.870 t=3.7s
[DONE] evaluation__6241__clean__kernelshap__r0 q=500 bl=3 gwad+=379 del 0.788/0.902 t=1.4s
[DONE] evaluation__6241__clean__occlusion__r0 q=842 bl=2 gwad+=259 del 0.785/0.888 t=2.9s
[DONE] evaluation__6241__clean__rise__r0 q=1000 bl=-1 gwad+=-1 del 0.859/0.911 t=4.1s
[DONE] evaluation__8894__clean__lime__r0 q=1000 bl=7 gwad+=-1 del 0.958/0.865 t=3.9s
[DONE] evaluation__8894__clean__kernelshap__r0 q=500 bl=3 gwad+=-1 del 0.685/0.870 t=1.6s
[DONE] evaluation__8894__clean__occlusion__r0 q=842 bl=2 gwad+=259 del 0.685/0.810 t=2.6s
[DONE] evaluation__8894__clean__rise__r0 q=1000 bl=-1 gwad+=-1 del 0.872/0.864 t=3.8s
[DONE] evaluation__81__clean__lime__r0 q=1000 bl=8 gwad+=-1 del 0.173/0.401 t=3.9s
[DONE] evaluation__81__clean__kernelshap__r0 q=500 bl=3 gwad+=-1 del 0.235/0.460 t=1.3s
[DONE] evaluation__81__clean__occlusion__r0 q=842 bl=2 gwad+=259 del 0.264/0.409 t=2.5s
[DONE] evaluation__81__clean__rise__r0 q=1000 bl=343 gwad+=-1 del 0.361/0.381 t=3.5s
[DONE] evaluation__2601__clean__lime__r0 q=1000 bl=6 gwad+=-1 del 0.303/0.472 t=3.6s
[DONE] evaluation__2601__clean__kernelshap__r0 q=500 bl=4 gwad+=-1 del 0.223/0.474 t=1.3s
[DONE] evaluation__2601__clean__occlusion__r0 q=842 bl=2 gwad+=259 del 0.266/0.506 t=2.5s
[DONE] evaluation__2601__clean__rise__r0 q=1000 bl=-1 gwad+=-1 del 0.373/0.458 t=3.9s
[DONE] evaluation__7215__clean__lime__r0 q=1000 bl=11 gwad+=-1 del 0.340/0.557 t=3.4s
[DONE] evaluation__7215__clean__kernelshap__r0 q=500 bl=3 gwad+=-1 del 0.332/0.543 t=1.6s
[DONE] evaluation__7215__clean__occlusion__r0 q=842 bl=2 gwad+=259 del 0.458/0.561 t=2.6s
[DONE] evaluation__7215__clean__rise__r0 q=1000 bl=-1 gwad+=-1 del 0.394/0.556 t=3.7s
[DONE] evaluation__9455__clean__lime__r0 q=1000 bl=4 gwad+=-1 del 0.466/0.549 t=4.3s
[DONE] evaluation__9455__clean__kernelshap__r0 q=500 bl=3 gwad+=-1 del 0.461/0.533 t=1.3s
[DONE] evaluation__9455__clean__occlusion__r0 q=842 bl=2 gwad+=259 del 0.619/0.490 t=2.7s
[DONE] evaluation__9455__clean__rise__r0 q=1000 bl=203 gwad+=-1 del 0.553/0.526 t=3.5s
[DONE] evaluation__2774__clean__lime__r0 q=1000 bl=17 gwad+=-1 del 0.087/0.222 t=3.7s
[DONE] evaluation__2774__clean__kernelshap__r0 q=500 bl=3 gwad+=-1 del 0.167/0.250 t=1.5s
[DONE] evaluation__2774__clean__occlusion__r0 q=842 bl=2 gwad+=259 del 0.265/0.282 t=2.9s
[DONE] evaluation__2774__clean__rise__r0 q=1000 bl=-1 gwad+=-1 del 0.355/0.335 t=3.6s
[DONE] evaluation__6515__clean__lime__r0 q=1000 bl=4 gwad+=-1 del 0.090/0.285 t=4.0s
[DONE] evaluation__6515__clean__kernelshap__r0 q=500 bl=3 gwad+=-1 del 0.138/0.369 t=1.4s
[DONE] evaluation__6515__clean__occlusion__r0 q=842 bl=2 gwad+=259 del 0.132/0.353 t=2.4s
[DONE] evaluation__6515__clean__rise__r0 q=1000 bl=-1 gwad+=-1 del 0.464/0.307 t=3.5s
[DONE] evaluation__8363__clean__lime__r0 q=1000 bl=9 gwad+=-1 del 0.136/0.552 t=3.9s
[DONE] evaluation__8363__clean__kernelshap__r0 q=500 bl=3 gwad+=259 del 0.050/0.391 t=1.2s
[DONE] evaluation__8363__clean__occlusion__r0 q=842 bl=2 gwad+=259 del 0.063/0.463 t=2.7s
[DONE] evaluation__8363__clean__rise__r0 q=1000 bl=-1 gwad+=-1 del 0.244/0.416 t=3.4s
[DONE] evaluation__2991__clean__lime__r0 q=1000 bl=9 gwad+=-1 del 0.287/0.642 t=3.5s
[DONE] evaluation__2991__clean__kernelshap__r0 q=500 bl=3 gwad+=-1 del 0.845/0.668 t=1.3s
[DONE] evaluation__2991__clean__occlusion__r0 q=842 bl=2 gwad+=259 del 0.149/0.674 t=2.5s
[DONE] evaluation__2991__clean__rise__r0 q=1000 bl=-1 gwad+=-1 del 0.393/0.613 t=3.5s
[DONE] evaluation__5655__clean__lime__r0 q=1000 bl=7 gwad+=-1 del 0.243/0.816 t=3.7s
[DONE] evaluation__5655__clean__kernelshap__r0 q=500 bl=3 gwad+=-1 del 0.771/0.709 t=1.3s
[DONE] evaluation__5655__clean__occlusion__r0 q=842 bl=2 gwad+=259 del 0.182/0.666 t=2.5s
[DONE] evaluation__5655__clean__rise__r0 q=1000 bl=-1 gwad+=-1 del 0.303/0.639 t=3.6s
[DONE] evaluation__7378__clean__lime__r0 q=1000 bl=9 gwad+=-1 del 0.524/0.607 t=3.7s
[DONE] evaluation__7378__clean__kernelshap__r0 q=500 bl=3 gwad+=-1 del 0.517/0.614 t=1.3s
[DONE] evaluation__7378__clean__occlusion__r0 q=842 bl=2 gwad+=259 del 0.395/0.623 t=2.5s
[DONE] evaluation__7378__clean__rise__r0 q=1000 bl=990 gwad+=-1 del 0.489/0.534 t=3.3s
[DONE] evaluation__1303__clean__lime__r0 q=1000 bl=6 gwad+=-1 del 0.785/0.564 t=3.5s
[DONE] evaluation__1303__clean__kernelshap__r0 q=500 bl=4 gwad+=-1 del 0.291/0.615 t=1.3s
[DONE] evaluation__1303__clean__occlusion__r0 q=842 bl=2 gwad+=259 del 0.038/0.578 t=2.4s
[DONE] evaluation__1303__clean__rise__r0 q=1000 bl=-1 gwad+=-1 del 0.261/0.668 t=3.7s
[DONE] evaluation__3822__clean__lime__r0 q=1000 bl=17 gwad+=-1 del 0.128/0.374 t=3.4s
[DONE] evaluation__3822__clean__kernelshap__r0 q=500 bl=3 gwad+=-1 del 0.104/0.370 t=1.3s
[DONE] evaluation__3822__clean__occlusion__r0 q=842 bl=2 gwad+=259 del 0.217/0.320 t=2.4s
[DONE] evaluation__3822__clean__rise__r0 q=1000 bl=432 gwad+=-1 del 0.210/0.359 t=3.6s
[DONE] evaluation__6005__clean__lime__r0 q=1000 bl=2 gwad+=-1 del 0.168/0.461 t=3.4s
[DONE] evaluation__6005__clean__kernelshap__r0 q=500 bl=3 gwad+=-1 del 0.283/0.377 t=1.4s
[DONE] evaluation__6005__clean__occlusion__r0 q=842 bl=2 gwad+=259 del 0.138/0.497 t=2.3s
[DONE] evaluation__6005__clean__rise__r0 q=1000 bl=-1 gwad+=-1 del 0.373/0.432 t=3.4s
[DONE] evaluation__9715__clean__lime__r0 q=1000 bl=7 gwad+=-1 del 0.368/0.370 t=3.9s
[DONE] evaluation__9715__clean__kernelshap__r0 q=500 bl=3 gwad+=-1 del 0.124/0.430 t=1.5s
[DONE] evaluation__9715__clean__occlusion__r0 q=842 bl=2 gwad+=259 del 0.180/0.402 t=2.5s
[DONE] evaluation__9715__clean__rise__r0 q=1000 bl=-1 gwad+=-1 del 0.367/0.438 t=3.6s
[DONE] evaluation__2582__clean__lime__r0 q=1000 bl=7 gwad+=-1 del 0.354/0.552 t=3.5s
[DONE] evaluation__2582__clean__kernelshap__r0 q=500 bl=3 gwad+=-1 del 0.672/0.636 t=1.4s
[DONE] evaluation__2582__clean__occlusion__r0 q=842 bl=2 gwad+=259 del 0.221/0.513 t=2.5s
[DONE] evaluation__2582__clean__rise__r0 q=1000 bl=-1 gwad+=-1 del 0.132/0.626 t=3.7s
[DONE] evaluation__6092__clean__lime__r0 q=1000 bl=10 gwad+=-1 del 0.180/0.548 t=3.6s
[DONE] evaluation__6092__clean__kernelshap__r0 q=500 bl=3 gwad+=416 del 0.367/0.583 t=1.3s
[DONE] evaluation__6092__clean__occlusion__r0 q=842 bl=2 gwad+=259 del 0.119/0.554 t=2.6s
[DONE] evaluation__6092__clean__rise__r0 q=1000 bl=-1 gwad+=-1 del 0.207/0.559 t=3.5s
[DONE] evaluation__9410__clean__lime__r0 q=1000 bl=2 gwad+=-1 del 0.214/0.513 t=3.7s
[DONE] evaluation__9410__clean__kernelshap__r0 q=500 bl=4 gwad+=-1 del 0.121/0.483 t=1.4s
[DONE] evaluation__9410__clean__occlusion__r0 q=842 bl=2 gwad+=259 del 0.091/0.655 t=2.4s
[DONE] evaluation__9410__clean__rise__r0 q=1000 bl=-1 gwad+=-1 del 0.159/0.549 t=3.9s
[DONE] evaluation__1978__clean__lime__r0 q=1000 bl=2 gwad+=-1 del 0.240/0.524 t=3.8s
[DONE] evaluation__1978__clean__kernelshap__r0 q=500 bl=3 gwad+=-1 del 0.204/0.532 t=1.3s
[DONE] evaluation__1978__clean__occlusion__r0 q=842 bl=2 gwad+=259 del 0.166/0.525 t=2.4s
[DONE] evaluation__1978__clean__rise__r0 q=1000 bl=-1 gwad+=-1 del 0.276/0.481 t=3.7s
[DONE] evaluation__4746__clean__lime__r0 q=1000 bl=5 gwad+=-1 del 0.932/0.679 t=3.8s
[DONE] evaluation__4746__clean__kernelshap__r0 q=500 bl=3 gwad+=-1 del 0.328/0.709 t=1.3s
[DONE] evaluation__4746__clean__occlusion__r0 q=842 bl=2 gwad+=259 del 0.609/0.725 t=2.5s
[DONE] evaluation__4746__clean__rise__r0 q=1000 bl=-1 gwad+=-1 del 0.583/0.828 t=3.6s
[DONE] evaluation__7777__clean__lime__r0 q=1000 bl=6 gwad+=-1 del 0.269/0.328 t=3.9s
[DONE] evaluation__7777__clean__kernelshap__r0 q=500 bl=3 gwad+=-1 del 0.111/0.331 t=1.4s
[DONE] evaluation__7777__clean__occlusion__r0 q=842 bl=2 gwad+=259 del 0.148/0.322 t=2.5s
[DONE] evaluation__7777__clean__rise__r0 q=1000 bl=-1 gwad+=-1 del 0.165/0.357 t=3.6s
[DONE] evaluation__808__clean__lime__r0 q=1000 bl=7 gwad+=-1 del 0.189/0.424 t=3.8s
[DONE] evaluation__808__clean__kernelshap__r0 q=500 bl=3 gwad+=-1 del 0.390/0.456 t=1.3s
[DONE] evaluation__808__clean__occlusion__r0 q=842 bl=2 gwad+=259 del 0.123/0.425 t=2.5s
[DONE] evaluation__808__clean__rise__r0 q=1000 bl=-1 gwad+=-1 del 0.451/0.409 t=3.7s
[DONE] evaluation__3975__clean__lime__r0 q=1000 bl=4 gwad+=-1 del 0.401/0.513 t=3.7s
[DONE] evaluation__3975__clean__kernelshap__r0 q=500 bl=3 gwad+=-1 del 0.290/0.493 t=1.3s
[DONE] evaluation__3975__clean__occlusion__r0 q=842 bl=2 gwad+=259 del 0.229/0.551 t=2.6s
[DONE] evaluation__3975__clean__rise__r0 q=1000 bl=-1 gwad+=-1 del 0.258/0.495 t=3.4s
[DONE] evaluation__5675__clean__lime__r0 q=1000 bl=7 gwad+=-1 del 0.491/0.535 t=3.7s
[DONE] evaluation__5675__clean__kernelshap__r0 q=500 bl=3 gwad+=-1 del 0.508/0.492 t=1.4s
[DONE] evaluation__5675__clean__occlusion__r0 q=842 bl=2 gwad+=259 del 0.312/0.473 t=2.9s
[DONE] evaluation__5675__clean__rise__r0 q=1000 bl=-1 gwad+=-1 del 0.389/0.558 t=3.3s
[DONE] evaluation__8560__clean__lime__r0 q=1000 bl=4 gwad+=-1 del 0.207/0.443 t=3.9s
[DONE] evaluation__8560__clean__kernelshap__r0 q=500 bl=3 gwad+=272 del 0.554/0.431 t=1.3s
[DONE] evaluation__8560__clean__occlusion__r0 q=842 bl=2 gwad+=259 del 0.168/0.397 t=2.3s
[DONE] evaluation__8560__clean__rise__r0 q=1000 bl=789 gwad+=-1 del 0.096/0.407 t=3.3s
[DONE] evaluation__1897__clean__lime__r0 q=1000 bl=2 gwad+=-1 del 0.044/0.354 t=3.7s
[DONE] evaluation__1897__clean__kernelshap__r0 q=500 bl=4 gwad+=-1 del 0.131/0.261 t=1.7s
[DONE] evaluation__1897__clean__occlusion__r0 q=842 bl=2 gwad+=259 del 0.035/0.248 t=2.7s
[DONE] evaluation__1897__clean__rise__r0 q=1000 bl=-1 gwad+=-1 del 0.172/0.264 t=3.9s
[DONE] evaluation__4086__clean__lime__r0 q=1000 bl=3 gwad+=-1 del 0.136/0.511 t=3.6s
[DONE] evaluation__4086__clean__kernelshap__r0 q=500 bl=3 gwad+=259 del 0.178/0.426 t=1.6s
[DONE] evaluation__4086__clean__occlusion__r0 q=842 bl=2 gwad+=259 del 0.078/0.478 t=2.5s
[DONE] evaluation__4086__clean__rise__r0 q=1000 bl=-1 gwad+=-1 del 0.484/0.434 t=4.2s
[DONE] evaluation__7261__clean__lime__r0 q=1000 bl=5 gwad+=-1 del 0.065/0.356 t=3.5s
[DONE] evaluation__7261__clean__kernelshap__r0 q=500 bl=3 gwad+=-1 del 0.059/0.458 t=1.3s
[DONE] evaluation__7261__clean__occlusion__r0 q=842 bl=2 gwad+=259 del 0.038/0.377 t=2.6s
[DONE] evaluation__7261__clean__rise__r0 q=1000 bl=-1 gwad+=-1 del 0.206/0.349 t=3.7s
[DONE] evaluation__2148__clean__lime__r0 q=1000 bl=11 gwad+=-1 del 0.097/0.370 t=4.0s
[DONE] evaluation__2148__clean__kernelshap__r0 q=500 bl=3 gwad+=-1 del 0.420/0.503 t=1.5s
[DONE] evaluation__2148__clean__occlusion__r0 q=842 bl=2 gwad+=259 del 0.075/0.524 t=2.4s
[DONE] evaluation__2148__clean__rise__r0 q=1000 bl=-1 gwad+=-1 del 0.131/0.410 t=3.5s
[DONE] evaluation__6167__clean__lime__r0 q=1000 bl=6 gwad+=-1 del 0.424/0.237 t=3.9s
[DONE] evaluation__6167__clean__kernelshap__r0 q=500 bl=4 gwad+=-1 del 0.513/0.232 t=1.4s
[DONE] evaluation__6167__clean__occlusion__r0 q=842 bl=2 gwad+=259 del 0.043/0.282 t=2.7s
[DONE] evaluation__6167__clean__rise__r0 q=1000 bl=-1 gwad+=-1 del 0.167/0.286 t=4.1s
[DONE] evaluation__8652__clean__lime__r0 q=1000 bl=3 gwad+=-1 del 0.219/0.500 t=3.8s
[DONE] evaluation__8652__clean__kernelshap__r0 q=500 bl=3 gwad+=317 del 0.286/0.433 t=1.5s
[DONE] evaluation__8652__clean__occlusion__r0 q=842 bl=2 gwad+=259 del 0.232/0.398 t=2.9s
[DONE] evaluation__8652__clean__rise__r0 q=1000 bl=-1 gwad+=-1 del 0.320/0.376 t=4.2s
[DONE] fit__1851__clean__lime__r0 q=1000 bl=4 gwad+=-1 del 0.923/0.834 t=3.4s
[DONE] fit__1851__clean__kernelshap__r0 q=500 bl=3 gwad+=260 del 0.811/0.892 t=1.4s
[DONE] fit__1851__clean__occlusion__r0 q=842 bl=2 gwad+=259 del 0.595/0.803 t=2.4s
[DONE] fit__1851__clean__rise__r0 q=1000 bl=-1 gwad+=-1 del 0.793/0.829 t=3.5s
[DONE] fit__7533__clean__lime__r0 q=1000 bl=4 gwad+=-1 del 0.905/0.879 t=3.7s
[DONE] fit__7533__clean__kernelshap__r0 q=500 bl=3 gwad+=271 del 0.321/0.911 t=1.5s
[DONE] fit__7533__clean__occlusion__r0 q=842 bl=2 gwad+=259 del 0.844/0.831 t=2.5s
[DONE] fit__7533__clean__rise__r0 q=1000 bl=-1 gwad+=-1 del 0.690/0.902 t=3.7s
[DONE] fit__3647__clean__lime__r0 q=1000 bl=16 gwad+=-1 del 0.306/0.408 t=3.7s
[DONE] fit__3647__clean__kernelshap__r0 q=500 bl=3 gwad+=-1 del 0.114/0.421 t=1.5s
[DONE] fit__3647__clean__occlusion__r0 q=842 bl=2 gwad+=259 del 0.201/0.393 t=2.6s
[DONE] fit__3647__clean__rise__r0 q=1000 bl=-1 gwad+=-1 del 0.226/0.438 t=3.8s
[DONE] fit__7903__clean__lime__r0 q=1000 bl=8 gwad+=-1 del 0.169/0.322 t=3.7s
[DONE] fit__7903__clean__kernelshap__r0 q=500 bl=4 gwad+=-1 del 0.140/0.369 t=1.6s
[DONE] fit__7903__clean__occlusion__r0 q=842 bl=2 gwad+=259 del 0.286/0.328 t=2.6s
[DONE] fit__7903__clean__rise__r0 q=1000 bl=-1 gwad+=-1 del 0.326/0.371 t=3.6s
[DONE] fit__5133__clean__lime__r0 q=1000 bl=3 gwad+=-1 del 0.607/0.852 t=3.4s
[DONE] fit__5133__clean__kernelshap__r0 q=500 bl=3 gwad+=293 del 0.618/0.771 t=1.4s
[DONE] fit__5133__clean__occlusion__r0 q=842 bl=2 gwad+=259 del 0.606/0.802 t=2.4s
[DONE] fit__5133__clean__rise__r0 q=1000 bl=792 gwad+=-1 del 0.582/0.743 t=3.5s
[DONE] fit__2684__clean__lime__r0 q=1000 bl=2 gwad+=-1 del 0.270/0.540 t=3.5s
[DONE] fit__2684__clean__kernelshap__r0 q=500 bl=3 gwad+=-1 del 0.334/0.494 t=1.3s
[DONE] fit__2684__clean__occlusion__r0 q=842 bl=2 gwad+=259 del 0.268/0.512 t=2.5s
[DONE] fit__2684__clean__rise__r0 q=1000 bl=-1 gwad+=-1 del 0.266/0.554 t=3.7s
[DONE] fit__8204__clean__lime__r0 q=1000 bl=7 gwad+=-1 del 0.333/0.750 t=3.4s
[DONE] fit__8204__clean__kernelshap__r0 q=500 bl=3 gwad+=-1 del 0.854/0.755 t=1.3s
[DONE] fit__8204__clean__occlusion__r0 q=842 bl=2 gwad+=259 del 0.243/0.814 t=2.5s
[DONE] fit__8204__clean__rise__r0 q=1000 bl=-1 gwad+=-1 del 0.754/0.678 t=3.7s
[DONE] fit__1842__clean__lime__r0 q=1000 bl=5 gwad+=-1 del 0.441/0.417 t=3.8s
[DONE] fit__1842__clean__kernelshap__r0 q=500 bl=4 gwad+=-1 del 0.342/0.517 t=1.4s
[DONE] fit__1842__clean__occlusion__r0 q=842 bl=2 gwad+=259 del 0.049/0.478 t=2.6s
[DONE] fit__1842__clean__rise__r0 q=1000 bl=-1 gwad+=-1 del 0.349/0.478 t=3.7s
[DONE] fit__7325__clean__lime__r0 q=1000 bl=5 gwad+=-1 del 0.599/0.548 t=3.4s
[DONE] fit__7325__clean__kernelshap__r0 q=500 bl=3 gwad+=-1 del 0.560/0.536 t=1.2s
[DONE] fit__7325__clean__occlusion__r0 q=842 bl=2 gwad+=259 del 0.523/0.461 t=2.4s
[DONE] fit__7325__clean__rise__r0 q=1000 bl=-1 gwad+=-1 del 0.482/0.517 t=3.6s
[DONE] fit__4641__clean__lime__r0 q=1000 bl=6 gwad+=-1 del 0.331/0.435 t=3.8s
[DONE] fit__4641__clean__kernelshap__r0 q=500 bl=3 gwad+=-1 del 0.236/0.530 t=1.7s
[DONE] fit__4641__clean__occlusion__r0 q=842 bl=2 gwad+=259 del 0.091/0.450 t=2.6s
[DONE] fit__4641__clean__rise__r0 q=1000 bl=860 gwad+=-1 del 0.248/0.501 t=3.6s
[DONE] fit__1436__clean__lime__r0 q=1000 bl=5 gwad+=-1 del 0.207/0.290 t=3.8s
[DONE] fit__1436__clean__kernelshap__r0 q=500 bl=3 gwad+=-1 del 0.246/0.330 t=1.6s
[DONE] fit__1436__clean__occlusion__r0 q=842 bl=2 gwad+=259 del 0.114/0.354 t=2.6s
[DONE] fit__1436__clean__rise__r0 q=1000 bl=-1 gwad+=-1 del 0.114/0.246 t=3.6s
[DONE] fit__8691__clean__lime__r0 q=1000 bl=6 gwad+=-1 del 0.053/0.252 t=3.5s
[DONE] fit__8691__clean__kernelshap__r0 q=500 bl=3 gwad+=-1 del 0.039/0.210 t=1.5s
[DONE] fit__8691__clean__occlusion__r0 q=842 bl=2 gwad+=259 del 0.038/0.275 t=2.8s
[DONE] fit__8691__clean__rise__r0 q=1000 bl=-1 gwad+=-1 del 0.061/0.214 t=3.7s
[DONE] fit__3116__clean__lime__r0 q=1000 bl=13 gwad+=-1 del 0.353/0.512 t=3.8s
[DONE] fit__3116__clean__kernelshap__r0 q=500 bl=3 gwad+=-1 del 0.423/0.474 t=1.4s
[DONE] fit__3116__clean__occlusion__r0 q=842 bl=2 gwad+=259 del 0.351/0.510 t=2.5s
[DONE] fit__3116__clean__rise__r0 q=1000 bl=-1 gwad+=-1 del 0.346/0.487 t=3.3s
[DONE] fit__9372__clean__lime__r0 q=1000 bl=8 gwad+=-1 del 0.262/0.437 t=3.6s
[DONE] fit__9372__clean__kernelshap__r0 q=500 bl=4 gwad+=-1 del 0.448/0.442 t=1.3s
[DONE] fit__9372__clean__occlusion__r0 q=842 bl=2 gwad+=259 del 0.188/0.403 t=2.5s
[DONE] fit__9372__clean__rise__r0 q=1000 bl=-1 gwad+=-1 del 0.093/0.429 t=3.5s
[DONE] fit__3686__clean__lime__r0 q=1000 bl=3 gwad+=-1 del 0.405/0.585 t=3.6s
[DONE] fit__3686__clean__kernelshap__r0 q=500 bl=3 gwad+=259 del 0.760/0.643 t=1.3s
[DONE] fit__3686__clean__occlusion__r0 q=842 bl=2 gwad+=259 del 0.254/0.567 t=2.5s
[DONE] fit__3686__clean__rise__r0 q=1000 bl=-1 gwad+=-1 del 0.276/0.526 t=3.9s
[DONE] fit__2143__clean__lime__r0 q=1000 bl=5 gwad+=-1 del 0.126/0.357 t=3.6s
[DONE] fit__2143__clean__kernelshap__r0 q=500 bl=3 gwad+=285 del 0.082/0.442 t=1.5s
[DONE] fit__2143__clean__occlusion__r0 q=842 bl=2 gwad+=259 del 0.103/0.343 t=2.5s
[DONE] fit__2143__clean__rise__r0 q=1000 bl=-1 gwad+=-1 del 0.105/0.445 t=3.7s
[DONE] fit__7297__clean__lime__r0 q=1000 bl=5 gwad+=-1 del 0.309/0.462 t=3.3s
[DONE] fit__7297__clean__kernelshap__r0 q=500 bl=3 gwad+=260 del 0.481/0.468 t=1.2s
[DONE] fit__7297__clean__occlusion__r0 q=842 bl=2 gwad+=259 del 0.373/0.498 t=2.2s
[DONE] fit__7297__clean__rise__r0 q=1000 bl=-1 gwad+=-1 del 0.329/0.467 t=2.9s
