[DONE] calibration__3421__clean__lime__r0 q=1000 bl=4 gwad+=-1 del 0.744/0.531 t=3.9s
[DONE] calibration__3421__clean__kernelshap__r0 q=500 bl=3 gwad+=-1 del 0.250/0.607 t=1.6s
[DONE] calibration__3421__clean__occlusion__r0 q=842 bl=2 gwad+=259 del 0.393/0.492 t=3.3s
[DONE] calibration__3421__clean__rise__r0 q=1000 bl=841 gwad+=-1 del 0.558/0.660 t=3.9s
[DONE] calibration__738__clean__lime__r0 q=1000 bl=2 gwad+=-1 del 0.100/0.329 t=3.8s
[DONE] calibration__738__clean__kernelshap__r0 q=500 bl=3 gwad+=-1 del 0.257/0.319 t=1.4s
[DONE] calibration__738__clean__occlusion__r0 q=842 bl=2 gwad+=259 del 0.257/0.387 t=2.6s
[DONE] calibration__738__clean__rise__r0 q=1000 bl=590 gwad+=-1 del 0.130/0.313 t=3.4s
[DONE] calibration__6417__clean__lime__r0 q=1000 bl=6 gwad+=-1 del 0.035/0.407 t=3.7s
[DONE] calibration__6417__clean__kernelshap__r0 q=500 bl=3 gwad+=-1 del 0.069/0.410 t=1.6s
[DONE] calibration__6417__clean__occlusion__r0 q=842 bl=2 gwad+=259 del 0.189/0.417 t=2.9s
[DONE] calibration__6417__clean__rise__r0 q=1000 bl=-1 gwad+=-1 del 0.278/0.256 t=4.0s
[DONE] calibration__2985__clean__lime__r0 q=1000 bl=15 gwad+=-1 del 0.150/0.327 t=4.0s
[DONE] calibration__2985__clean__kernelshap__r0 q=500 bl=3 gwad+=-1 del 0.132/0.324 t=1.7s
[DONE] calibration__2985__clean__occlusion__r0 q=842 bl=2 gwad+=259 del 0.075/0.303 t=3.0s
[DONE] calibration__2985__clean__rise__r0 q=1000 bl=-1 gwad+=-1 del 0.145/0.388 t=3.8s
[DONE] calibration__9917__clean__lime__r0 q=1000 bl=6 gwad+=-1 del 0.273/0.746 t=3.7s
[DONE] calibration__9917__clean__kernelshap__r0 q=500 bl=3 gwad+=259 del 0.524/0.688 t=1.4s
[DONE] calibration__9917__clean__occlusion__r0 q=842 bl=2 gwad+=259 del 0.494/0.699 t=2.5s
[DONE] calibration__9917__clean__rise__r0 q=1000 bl=871 gwad+=-1 del 0.708/0.703 t=3.8s
[DONE] calibration__6769__clean__lime__r0 q=1000 bl=7 gwad+=-1 del 0.568/0.789 t=4.0s
[DONE] calibration__6769__clean__kernelshap__r0 q=500 bl=3 gwad+=-1 del 0.816/0.894 t=1.5s
[DONE] calibration__6769__clean__occlusion__r0 q=842 bl=2 gwad+=259 del 0.498/0.694 t=2.8s
[DONE] calibration__6769__clean__rise__r0 q=1000 bl=927 gwad+=-1 del 0.856/0.857 t=3.9s
[DONE] calibration__807__clean__lime__r0 q=1000 bl=9 gwad+=-1 del 0.396/0.642 t=4.1s
[DONE] calibration__807__clean__kernelshap__r0 q=500 bl=4 gwad+=-1 del 0.703/0.563 t=1.6s
[DONE] calibration__807__clean__occlusion__r0 q=842 bl=2 gwad+=259 del 0.732/0.716 t=2.8s
[DONE] calibration__807__clean__rise__r0 q=1000 bl=-1 gwad+=-1 del 0.516/0.637 t=4.0s
[DONE] calibration__7422__clean__lime__r0 q=1000 bl=5 gwad+=-1 del 0.215/0.192 t=3.8s
[DONE] calibration__7422__clean__kernelshap__r0 q=500 bl=3 gwad+=261 del 0.229/0.248 t=1.8s
[DONE] calibration__7422__clean__occlusion__r0 q=842 bl=2 gwad+=259 del 0.109/0.204 t=2.6s
[DONE] calibration__7422__clean__rise__r0 q=1000 bl=-1 gwad+=-1 del 0.255/0.169 t=3.7s
[DONE] calibration__1908__clean__lime__r0 q=1000 bl=4 gwad+=-1 del 0.094/0.328 t=3.8s
[DONE] calibration__1908__clean__kernelshap__r0 q=500 bl=3 gwad+=-1 del 0.059/0.413 t=1.4s
[DONE] calibration__1908__clean__occlusion__r0 q=842 bl=2 gwad+=259 del 0.153/0.336 t=2.4s
[DONE] calibration__1908__clean__rise__r0 q=1000 bl=723 gwad+=-1 del 0.259/0.404 t=3.5s
[DONE] calibration__9640__clean__lime__r0 q=1000 bl=5 gwad+=-1 del 0.119/0.310 t=3.8s
[DONE] calibration__9640__clean__kernelshap__r0 q=500 bl=3 gwad+=-1 del 0.060/0.352 t=1.4s
[DONE] calibration__9640__clean__occlusion__r0 q=842 bl=2 gwad+=259 del 0.046/0.338 t=2.6s
[DONE] calibration__9640__clean__rise__r0 q=1000 bl=-1 gwad+=-1 del 0.073/0.370 t=3.4s
[DONE] calibration__6803__clean__lime__r0 q=1000 bl=2 gwad+=-1 del 0.122/0.422 t=3.9s
[DONE] calibration__6803__clean__kernelshap__r0 q=500 bl=3 gwad+=289 del 0.118/0.483 t=1.6s
[DONE] calibration__6803__clean__occlusion__r0 q=842 bl=2 gwad+=259 del 0.105/0.422 t=2.5s
[DONE] calibration__6803__clean__rise__r0 q=1000 bl=-1 gwad+=-1 del 0.200/0.451 t=3.7s
[DONE] calibration__99__clean__lime__r0 q=1000 bl=10 gwad+=-1 del 0.159/0.386 t=3.8s
[DONE] calibration__99__clean__kernelshap__r0 q=500 bl=3 gwad+=-1 del 0.282/0.405 t=1.4s
[DONE] calibration__99__clean__occlusion__r0 q=842 bl=2 gwad+=259 del 0.130/0.496 t=2.8s
[DONE] calibration__99__clean__rise__r0 q=1000 bl=-1 gwad+=-1 del 0.122/0.399 t=3.7s
[DONE] calibration__5811__clean__lime__r0 q=1000 bl=4 gwad+=-1 del 0.155/0.379 t=3.9s
[DONE] calibration__5811__clean__kernelshap__r0 q=500 bl=3 gwad+=259 del 0.318/0.372 t=1.4s
[DONE] calibration__5811__clean__occlusion__r0 q=842 bl=2 gwad+=259 del 0.266/0.444 t=2.6s
[DONE] calibration__5811__clean__rise__r0 q=1000 bl=-1 gwad+=-1 del 0.140/0.446 t=3.9s
[DONE] calibration__3803__clean__lime__r0 q=1000 bl=7 gwad+=-1 del 0.100/0.439 t=3.8s
[DONE] calibration__3803__clean__kernelshap__r0 q=500 bl=4 gwad+=259 del 0.276/0.333 t=1.5s
[DONE] calibration__3803__clean__occlusion__r0 q=842 bl=2 gwad+=259 del 0.038/0.362 t=2.6s
[DONE] calibration__3803__clean__rise__r0 q=1000 bl=-1 gwad+=-1 del 0.185/0.466 t=3.5s
[DONE] calibration__7030__clean__lime__r0 q=1000 bl=5 gwad+=-1 del 0.139/0.421 t=3.9s
[DONE] calibration__7030__clean__kernelshap__r0 q=500 bl=3 gwad+=-1 del 0.444/0.333 t=1.6s
[DONE] calibration__7030__clean__occlusion__r0 q=842 bl=2 gwad+=259 del 0.201/0.415 t=2.6s
[DONE] calibration__7030__clean__rise__r0 q=1000 bl=76 gwad+=-1 del 0.232/0.463 t=3.6s
[DONE] calibration__5945__clean__lime__r0 q=1000 bl=7 gwad+=-1 del 0.185/0.373 t=3.6s
[DONE] calibration__5945__clean__kernelshap__r0 q=500 bl=4 gwad+=-1 del 0.475/0.289 t=1.7s
[DONE] calibration__5945__clean__occlusion__r0 q=842 bl=2 gwad+=259 del 0.092/0.372 t=2.8s
[DONE] calibration__5945__clean__rise__r0 q=1000 bl=-1 gwad+=-1 del 0.125/0.347 t=3.8s
[DONE] evaluation__791__clean__lime__r0 q=1000 bl=2 gwad+=-1 del 0.970/0.856 t=3.6s
[DONE] evaluation__791__clean__kernelshap__r0 q=500 bl=3 gwad+=259 del 0.745/0.876 t=1.7s
[DONE] evaluation__791__clean__occlusion__r0 q=842 bl=2 gwad+=259 del 0.925/0.829 t=2.4s
[DONE] evaluation__791__clean__rise__r0 q=1000 bl=-1 gwad+=-1 del 0.943/0.829 t=4.0s
[DONE] evaluation__5857__clean__lime__r0 q=1000 bl=2 gwad+=-1 del 0.977/0.939 t=3.9s
[DONE] evaluation__5857__clean__kernelshap__r0 q=500 bl=3 gwad+=259 del 0.815/0.911 t=1.3s
[DONE] evaluation__5857__clean__occlusion__r0 q=842 bl=2 gwad+=259 del 0.983/0.902 t=2.6s
[DONE] evaluation__5857__clean__rise__r0 q=1000 bl=-1 gwad+=-1 del 0.917/0.927 t=3.9s
[DONE] evaluation__8031__clean__lime__r0 q=1000 bl=9 gwad+=-1 del 0.985/0.891 t=3.7s
[DONE] evaluation__8031__clean__kernelshap__r0 q=500 bl=3 gwad+=464 del 0.937/0.934 t=1.4s
[DONE] evaluation__8031__clean__occlusion__r0 q=842 bl=2 gwad+=259 del 0.954/0.946 t=2.4s
[DONE] evaluation__8031__clean__rise__r0 q=1000 bl=-1 gwad+=-1 del 0.909/0.923 t=3.9s
[DONE] evaluation__9991__clean__lime__r0 q=1000 bl=4 gwad+=-1 del 0.929/0.844 t=4.0s
[DONE] evaluation__9991__clean__kernelshap__r0 q=500 bl=3 gwad+=260 del 0.935/0.897 t=1.3s
[DONE] evaluation__9991__clean__occlusion__r0 q=842 bl=2 gwad+=259 del 0.776/0.896 t=2.5s
[DONE] evaluation__9991__clean__rise__r0 q=1000 bl=-1 gwad+=-1 del 0.801/0.926 t=3.5s
[DONE] evaluation__1882__clean__lime__r0 q=1000 bl=8 gwad+=-1 del 0.259/0.557 t=4.2s
[DONE] evaluation__1882__clean__kernelshap__r0 q=500 bl=3 gwad+=425 del 0.168/0.514 t=1.6s
[DONE] evaluation__1882__clean__occlusion__r0 q=842 bl=2 gwad+=259 del 0.183/0.457 t=2.4s
[DONE] evaluation__1882__clean__rise__r0 q=1000 bl=-1 gwad+=-1 del 0.163/0.577 t=3.9s
[DONE] evaluation__6789__clean__lime__r0 q=1000 bl=5 gwad+=-1 del 0.094/0.282 t=3.8s
[DONE] evaluation__6789__clean__kernelshap__r0 q=500 bl=3 gwad+=-1 del 0.112/0.342 t=1.6s
[DONE] evaluation__6789__clean__occlusion__r0 q=842 bl=2 gwad+=259 del 0.034/0.254 t=2.6s
[DONE] evaluation__6789__clean__rise__r0 q=1000 bl=-1 gwad+=-1 del 0.107/0.366 t=3.5s
[DONE] evaluation__8366__clean__lime__r0 q=1000 bl=9 gwad+=-1 del 0.119/0.339 t=4.2s
[DONE] evaluation__8366__clean__kernelshap__r0 q=500 bl=3 gwad+=-1 del 0.160/0.389 t=1.4s
[DONE] evaluation__8366__clean__occlusion__r0 q=842 bl=2 gwad+=259 del 0.243/0.368 t=2.6s
[DONE] evaluation__8366__clean__rise__r0 q=1000 bl=-1 gwad+=-1 del 0.127/0.379 t=3.8s
[DONE] evaluation__1709__clean__lime__r0 q=1000 bl=5 gwad+=-1 del 0.548/0.780 t=4.0s
[DONE] evaluation__1709__clean__kernelshap__r0 q=500 bl=4 gwad+=-1 del 0.405/0.802 t=1.3s
[DONE] evaluation__1709__clean__occlusion__r0 q=842 bl=2 gwad+=259 del 0.851/0.841 t=2.4s
[DONE] evaluation__1709__clean__rise__r0 q=1000 bl=-1 gwad+=-1 del 0.817/0.774 t=3.5s
[DONE] evaluation__4035__clean__lime__r0 q=1000 bl=8 gwad+=-1 del 0.110/0.475 t=4.1s
[DONE] evaluation__4035__clean__kernelshap__r0 q=500 bl=3 gwad+=260 del 0.262/0.475 t=1.4s
[DONE] evaluation__4035__clean__occlusion__r0 q=842 bl=2 gwad+=259 del 0.077/0.384 t=2.5s
[DONE] evaluation__4035__clean__rise__r0 q=1000 bl=171 gwad+=-1 del 0.199/0.388 t=3.4s
[DONE] evaluation__7855__clean__lime__r0 q=1000 bl=8 gwad+=-1 del 0.163/0.358 t=3.6s
[DONE] evaluation__7855__clean__kernelshap__r0 q=500 bl=4 gwad+=-1 del 0.119/0.414 t=1.4s
[DONE] evaluation__7855__clean__occlusion__r0 q=842 bl=2 gwad+=259 del 0.087/0.418 t=2.7s
[DONE] evaluation__7855__clean__rise__r0 q=1000 bl=320 gwad+=-1 del 0.395/0.321 t=3.9s
[DONE] evaluation__1518__clean__lime__r0 q=1000 bl=10 gwad+=-1 del 0.279/0.716 t=3.8s
[DONE] evaluation__1518__clean__kernelshap__r0 q=500 bl=3 gwad+=-1 del 0.677/0.756 t=1.7s
[DONE] evaluation__1518__clean__occlusion__r0 q=842 bl=2 gwad+=259 del 0.529/0.711 t=2.6s
[DONE] evaluation__1518__clean__rise__r0 q=1000 bl=-1 gwad+=-1 del 0.707/0.754 t=3.7s
[DONE] evaluation__4785__clean__lime__r0 q=1000 bl=5 gwad+=-1 del 0.127/0.721 t=3.8s
[DONE] evaluation__4785__clean__kernelshap__r0 q=500 bl=4 gwad+=-1 del 0.661/0.687 t=1.4s
[DONE] evaluation__4785__clean__occlusion__r0 q=842 bl=2 gwad+=259 del 0.253/0.649 t=2.5s
[DONE] evaluation__4785__clean__rise__r0 q=1000 bl=-1 gwad+=-1 del 0.409/0.598 t=3.5s
[DONE] evaluation__6340__clean__lime__r0 q=1000 bl=11 gwad+=-1 del 0.315/0.676 t=3.3s
[DONE] evaluation__6340__clean__kernelshap__r0 q=500 bl=3 gwad+=303 del 0.489/0.755 t=1.4s
[DONE] evaluation__6340__clean__occlusion__r0 q=842 bl=2 gwad+=259 del 0.412/0.664 t=2.6s
[DONE] evaluation__6340__clean__rise__r0 q=1000 bl=-1 gwad+=-1 del 0.548/0.677 t=3.9s
[DONE] evaluation__9839__clean__lime__r0 q=1000 bl=8 gwad+=-1 del 0.407/0.683 t=3.8s
[DONE] evaluation__9839__clean__kernelshap__r0 q=500 bl=3 gwad+=-1 del 0.751/0.643 t=1.4s
[DONE] evaluation__9839__clean__occlusion__r0 q=842 bl=2 gwad+=259 del 0.188/0.594 t=2.8s
[DONE] evaluation__9839__clean__rise__r0 q=1000 bl=-1 gwad+=-1 del 0.680/0.692 t=3.5s
[DONE] evaluation__3692__clean__lime__r0 q=1000 bl=11 gwad+=-1 del 0.262/0.616 t=3.5s
[DONE] evaluation__3692__clean__kernelshap__r0 q=500 bl=3 gwad+=-1 del 0.547/0.603 t=1.4s
[DONE] evaluation__3692__clean__occlusion__r0 q=842 bl=2 gwad+=259 del 0.306/0.605 t=2.5s
[DONE] evaluation__3692__clean__rise__r0 q=1000 bl=775 gwad+=-1 del 0.397/0.559 t=3.7s
[DONE] evaluation__4362__clean__lime__r0 q=1000 bl=12 gwad+=-1 del 0.236/0.542 t=3.7s
[DONE] evaluation__4362__clean__kernelshap__r0 q=500 bl=3 gwad+=-1 del 0.317/0.532 t=1.4s
[DONE] evaluation__4362__clean__occlusion__r0 q=842 bl=2 gwad+=259 del 0.175/0.543 t=2.5s
[DONE] evaluation__4362__clean__rise__r0 q=1000 bl=-1 gwad+=-1 del 0.189/0.518 t=3.7s
[DONE] evaluation__8540__clean__lime__r0 q=1000 bl=8 gwad+=-1 del 0.083/0.411 t=3.6s
[DONE] evaluation__8540__clean__kernelshap__r0 q=500 bl=3 gwad+=-1 del 0.093/0.421 t=1.3s
[DONE] evaluation__8540__clean__occlusion__r0 q=842 bl=2 gwad+=259 del 0.265/0.560 t=2.4s
[DONE] evaluation__8540__clean__rise__r0 q=1000 bl=-1 gwad+=-1 del 0.399/0.487 t=3.6s
[DONE] evaluation__2281__clean__lime__r0 q=1000 bl=7 gwad+=-1 del 0.101/0.535 t=3.4s
[DONE] evaluation__2281__clean__kernelshap__r0 q=500 bl=3 gwad+=-1 del 0.238/0.639 t=1.4s
[DONE] evaluation__2281__clean__occlusion__r0 q=842 bl=2 gwad+=259 del 0.081/0.520 t=2.6s
[DONE] evaluation__2281__clean__rise__r0 q=1000 bl=-1 gwad+=-1 del 0.110/0.554 t=3.4s
[DONE] evaluation__5615__clean__lime__r0 q=1000 bl=5 gwad+=-1 del 0.034/0.572 t=3.5s
[DONE] evaluation__5615__clean__kernelshap__r0 q=500 bl=3 gwad+=-1 del 0.111/0.553 t=1.5s
[DONE] evaluation__5615__clean__occlusion__r0 q=842 bl=2 gwad+=259 del 0.100/0.578 t=2.5s
[DONE] evaluation__5615__clean__rise__r0 q=1000 bl=-1 gwad+=-1 del 0.217/0.599 t=3.8s
[DONE] evaluation__8789__clean__lime__r0 q=1000 bl=5 gwad+=-1 del 0.047/0.495 t=3.7s
[DONE] evaluation__8789__clean__kernelshap__r0 q=500 bl=3 gwad+=-1 del 0.303/0.408 t=1.3s
[DONE] evaluation__8789__clean__occlusion__r0 q=842 bl=2 gwad+=259 del 0.079/0.532 t=2.5s
[DONE] evaluation__8789__clean__rise__r0 q=1000 bl=-1 gwad+=-1 del 0.077/0.611 t=3.6s
[DONE] evaluation__1147__clean__lime__r0 q=1000 bl=7 gwad+=-1 del 0.095/0.120 t=3.4s
[DONE] evaluation__1147__clean__kernelshap__r0 q=500 bl=5 gwad+=-1 del 0.025/0.197 t=1.5s
[DONE] evaluation__1147__clean__occlusion__r0 q=842 bl=2 gwad+=259 del 0.029/0.212 t=2.6s
[DONE] evaluation__1147__clean__rise__r0 q=1000 bl=-1 gwad+=-1 del 0.078/0.221 t=3.6s
[DONE] evaluation__4291__clean__lime__r0 q=1000 bl=6 gwad+=-1 del 0.045/0.162 t=3.4s
[DONE] evaluation__4291__clean__kernelshap__r0 q=500 bl=4 gwad+=-1 del 0.095/0.148 t=1.3s
[DONE] evaluation__4291__clean__occlusion__r0 q=842 bl=2 gwad+=259 del 0.041/0.142 t=2.5s
[DONE] evaluation__4291__clean__rise__r0 q=1000 bl=-1 gwad+=-1 del 0.094/0.165 t=3.6s
[DONE] evaluation__6894__clean__lime__r0 q=1000 bl=8 gwad+=-1 del 0.385/0.627 t=3.5s
[DONE] evaluation__6894__clean__kernelshap__r0 q=500 bl=3 gwad+=-1 del 0.183/0.628 t=1.4s
[DONE] evaluation__6894__clean__occlusion__r0 q=842 bl=2 gwad+=259 del 0.134/0.578 t=2.7s
[DONE] evaluation__6894__clean__rise__r0 q=1000 bl=-1 gwad+=-1 del 0.561/0.552 t=3.5s
[DONE] evaluation__9762__clean__lime__r0 q=1000 bl=7 gwad+=-1 del 0.157/0.581 t=3.6s
[DONE] evaluation__9762__clean__kernelshap__r0 q=500 bl=3 gwad+=260 del 0.198/0.516 t=1.2s
[DONE] evaluation__9762__clean__occlusion__r0 q=842 bl=2 gwad+=259 del 0.195/0.577 t=2.5s
[DONE] evaluation__9762__clean__rise__r0 q=1000 bl=-1 gwad+=-1 del 0.154/0.577 t=3.5s
[DONE] evaluation__3482__clean__lime__r0 q=1000 bl=5 gwad+=-1 del 0.385/0.476 t=3.7s
[DONE] evaluation__3482__clean__kernelshap__r0 q=500 bl=3 gwad+=-1 del 0.319/0.409 t=1.3s
[DONE] evaluation__3482__clean__occlusion__r0 q=842 bl=2 gwad+=259 del 0.096/0.464 t=2.5s
[DONE] evaluation__3482__clean__rise__r0 q=1000 bl=-1 gwad+=-1 del 0.292/0.391 t=3.6s
[DONE] evaluation__5606__clean__lime__r0 q=1000 bl=14 gwad+=-1 del 0.254/0.469 t=3.7s
[DONE] evaluation__5606__clean__kernelshap__r0 q=500 bl=3 gwad+=259 del 0.458/0.471 t=1.3s
[DONE] evaluation__5606__clean__occlusion__r0 q=842 bl=2 gwad+=259 del 0.154/0.483 t=2.6s
[DONE] evaluation__5606__clean__rise__r0 q=1000 bl=685 gwad+=-1 del 0.282/0.526 t=3.8s
[DONE] evaluation__8327__clean__lime__r0 q=1000 bl=4 gwad+=-1 del 0.364/0.429 t=3.2s
[DONE] evaluation__8327__clean__kernelshap__r0 q=500 bl=3 gwad+=260 del 0.486/0.403 t=1.2s
[DONE] evaluation__8327__clean__occlusion__r0 q=842 bl=2 gwad+=259 del 0.093/0.374 t=2.6s
[DONE] evaluation__8327__clean__rise__r0 q=1000 bl=-1 gwad+=-1 del 0.103/0.395 t=3.5s
[DONE] evaluation__1142__clean__lime__r0 q=1000 bl=4 gwad+=-1 del 0.171/0.457 t=3.7s
[DONE] evaluation__1142__clean__kernelshap__r0 q=500 bl=3 gwad+=-1 del 0.514/0.505 t=1.2s
[DONE] evaluation__1142__clean__occlusion__r0 q=842 bl=2 gwad+=259 del 0.102/0.380 t=2.5s
[DONE] evaluation__1142__clean__rise__r0 q=1000 bl=-1 gwad+=-1 del 0.353/0.458 t=3.5s
[DONE] evaluation__3817__clean__lime__r0 q=1000 bl=6 gwad+=-1 del 0.365/0.506 t=3.7s
[DONE] evaluation__3817__clean__kernelshap__r0 q=500 bl=3 gwad+=-1 del 0.361/0.441 t=1.5s
[DONE] evaluation__3817__clean__occlusion__r0 q=842 bl=2 gwad+=259 del 0.101/0.524 t=2.5s
[DONE] evaluation__3817__clean__rise__r0 q=1000 bl=-1 gwad+=-1 del 0.359/0.455 t=3.5s
[DONE] evaluation__6395__clean__lime__r0 q=1000 bl=3 gwad+=-1 del 0.795/0.582 t=3.8s
[DONE] evaluation__6395__clean__kernelshap__r0 q=500 bl=3 gwad+=261 del 0.618/0.609 t=1.3s
[DONE] evaluation__6395__clean__occlusion__r0 q=842 bl=2 gwad+=259 del 0.392/0.645 t=3.0s
[DONE] evaluation__6395__clean__rise__r0 q=1000 bl=-1 gwad+=-1 del 0.718/0.597 t=4.2s
[DONE] evaluation__609__clean__lime__r0 q=1000 bl=7 gwad+=-1 del 0.227/0.617 t=3.9s
[DONE] evaluation__609__clean__kernelshap__r0 q=500 bl=3 gwad+=446 del 0.557/0.592 t=1.3s
[DONE] evaluation__609__clean__occlusion__r0 q=842 bl=2 gwad+=259 del 0.555/0.627 t=2.6s
[DONE] evaluation__609__clean__rise__r0 q=1000 bl=-1 gwad+=-1 del 0.487/0.587 t=3.9s
[DONE] evaluation__5397__clean__lime__r0 q=1000 bl=2 gwad+=-1 del 0.200/0.447 t=3.5s
[DONE] evaluation__5397__clean__kernelshap__r0 q=500 bl=3 gwad+=-1 del 0.558/0.326 t=1.4s
[DONE] evaluation__5397__clean__occlusion__r0 q=842 bl=2 gwad+=259 del 0.123/0.358 t=2.9s
[DONE] evaluation__5397__clean__rise__r0 q=1000 bl=-1 gwad+=-1 del 0.099/0.343 t=4.0s
[DONE] evaluation__8312__clean__lime__r0 q=1000 bl=5 gwad+=-1 del 0.036/0.337 t=3.6s
[DONE] evaluation__8312__clean__kernelshap__r0 q=500 bl=3 gwad+=452 del 0.282/0.296 t=1.3s
[DONE] evaluation__8312__clean__occlusion__r0 q=842 bl=2 gwad+=259 del 0.031/0.427 t=2.7s
[DONE] evaluation__8312__clean__rise__r0 q=1000 bl=-1 gwad+=-1 del 0.146/0.421 t=3.8s
[DONE] evaluation__9362__clean__lime__r0 q=1000 bl=8 gwad+=-1 del 0.068/0.193 t=4.0s
[DONE] evaluation__9362__clean__kernelshap__r0 q=500 bl=3 gwad+=-1 del 0.055/0.254 t=1.3s
[DONE] evaluation__9362__clean__occlusion__r0 q=842 bl=2 gwad+=259 del 0.036/0.216 t=2.8s
[DONE] evaluation__9362__clean__rise__r0 q=1000 bl=-1 gwad+=-1 del 0.048/0.171 t=3.9s
[DONE] fit__5256__clean__lime__r0 q=1000 bl=4 gwad+=-1 del 0.966/0.933 t=3.6s
[DONE] fit__5256__clean__kernelshap__r0 q=500 bl=3 gwad+=260 del 0.777/0.905 t=1.3s
[DONE] fit__5256__clean__occlusion__r0 q=842 bl=2 gwad+=259 del 0.976/0.931 t=2.8s
[DONE] fit__5256__clean__rise__r0 q=1000 bl=-1 gwad+=-1 del 0.826/0.945 t=3.9s
[DONE] fit__1810__clean__lime__r0 q=1000 bl=5 gwad+=-1 del 0.144/0.441 t=3.3s
[DONE] fit__1810__clean__kernelshap__r0 q=500 bl=4 gwad+=-1 del 0.163/0.536 t=1.4s
[DONE] fit__1810__clean__occlusion__r0 q=842 bl=2 gwad+=259 del 0.032/0.438 t=2.7s
[DONE] fit__1810__clean__rise__r0 q=1000 bl=-1 gwad+=-1 del 0.131/0.544 t=4.0s
[DONE] fit__7329__clean__lime__r0 q=1000 bl=4 gwad+=-1 del 0.164/0.323 t=3.8s
[DONE] fit__7329__clean__kernelshap__r0 q=500 bl=3 gwad+=-1 del 0.050/0.234 t=1.5s
[DONE] fit__7329__clean__occlusion__r0 q=842 bl=2 gwad+=259 del 0.052/0.251 t=2.6s
[DONE] fit__7329__clean__rise__r0 q=1000 bl=-1 gwad+=-1 del 0.139/0.276 t=3.7s
[DONE] fit__3480__clean__lime__r0 q=1000 bl=5 gwad+=-1 del 0.187/0.645 t=3.4s
[DONE] fit__3480__clean__kernelshap__r0 q=500 bl=3 gwad+=260 del 0.403/0.762 t=1.4s
[DONE] fit__3480__clean__occlusion__r0 q=842 bl=2 gwad+=259 del 0.321/0.683 t=2.7s
[DONE] fit__3480__clean__rise__r0 q=1000 bl=-1 gwad+=-1 del 0.073/0.701 t=3.9s
[DONE] fit__9423__clean__lime__r0 q=1000 bl=7 gwad+=-1 del 0.220/0.440 t=3.5s
[DONE] fit__9423__clean__kernelshap__r0 q=500 bl=3 gwad+=368 del 0.091/0.544 t=1.3s
[DONE] fit__9423__clean__occlusion__r0 q=842 bl=2 gwad+=259 del 0.213/0.510 t=2.6s
[DONE] fit__9423__clean__rise__r0 q=1000 bl=-1 gwad+=-1 del 0.191/0.388 t=3.9s
[DONE] fit__5817__clean__lime__r0 q=1000 bl=15 gwad+=-1 del 0.301/0.378 t=3.6s
[DONE] fit__5817__clean__kernelshap__r0 q=500 bl=3 gwad+=-1 del 0.353/0.419 t=1.4s
[DONE] fit__5817__clean__occlusion__r0 q=842 bl=2 gwad+=259 del 0.049/0.501 t=2.7s
[DONE] fit__5817__clean__rise__r0 q=1000 bl=932 gwad+=-1 del 0.081/0.482 t=3.5s
[DONE] fit__1544__clean__lime__r0 q=1000 bl=5 gwad+=-1 del 0.464/0.390 t=3.7s
[DONE] fit__1544__clean__kernelshap__r0 q=500 bl=3 gwad+=-1 del 0.302/0.531 t=1.3s
[DONE] fit__1544__clean__occlusion__r0 q=842 bl=2 gwad+=259 del 0.316/0.439 t=2.5s
[DONE] fit__1544__clean__rise__r0 q=1000 bl=518 gwad+=-1 del 0.234/0.478 t=3.7s
[DONE] fit__5329__clean__lime__r0 q=1000 bl=2 gwad+=-1 del 0.173/0.555 t=3.5s
[DONE] fit__5329__clean__kernelshap__r0 q=500 bl=3 gwad+=330 del 0.296/0.470 t=1.5s
[DONE] fit__5329__clean__occlusion__r0 q=842 bl=2 gwad+=259 del 0.049/0.561 t=2.4s
[DONE] fit__5329__clean__rise__r0 q=1000 bl=796 gwad+=-1 del 0.230/0.577 t=3.5s
[DONE] fit__4406__clean__lime__r0 q=1000 bl=13 gwad+=-1 del 0.178/0.488 t=3.8s
[DONE] fit__4406__clean__kernelshap__r0 q=500 bl=3 gwad+=-1 del 0.257/0.566 t=1.3s
[DONE] fit__4406__clean__occlusion__r0 q=842 bl=2 gwad+=259 del 0.055/0.336 t=2.5s
[DONE] fit__4406__clean__rise__r0 q=1000 bl=349 gwad+=-1 del 0.063/0.374 t=3.6s
[DONE] fit__9712__clean__lime__r0 q=1000 bl=8 gwad+=-1 del 0.166/0.585 t=3.7s
[DONE] fit__9712__clean__kernelshap__r0 q=500 bl=3 gwad+=-1 del 0.564/0.526 t=1.4s
[DONE] fit__9712__clean__occlusion__r0 q=842 bl=2 gwad+=259 del 0.122/0.454 t=2.5s
[DONE] fit__9712__clean__rise__r0 q=1000 bl=77 gwad+=-1 del 0.149/0.539 t=3.4s
[DONE] fit__4702__clean__lime__r0 q=1000 bl=4 gwad+=-1 del 0.245/0.447 t=3.6s
[DONE] fit__4702__clean__kernelshap__r0 q=500 bl=3 gwad+=-1 del 0.097/0.500 t=1.2s
[DONE] fit__4702__clean__occlusion__r0 q=842 bl=2 gwad+=259 del 0.103/0.507 t=2.6s
[DONE] fit__4702__clean__rise__r0 q=1000 bl=546 gwad+=-1 del 0.135/0.391 t=3.7s
[DONE] fit__955__clean__lime__r0 q=1000 bl=7 gwad+=-1 del 0.509/0.546 t=3.8s
[DONE] fit__955__clean__kernelshap__r0 q=500 bl=3 gwad+=379 del 0.325/0.470 t=1.3s
[DONE] fit__955__clean__occlusion__r0 q=842 bl=2 gwad+=259 del 0.235/0.524 t=2.7s
[DONE] fit__955__clean__rise__r0 q=1000 bl=-1 gwad+=-1 del 0.308/0.447 t=3.8s
[DONE] fit__6955__clean__lime__r0 q=1000 bl=7 gwad+=-1 del 0.315/0.505 t=3.7s
[DONE] fit__6955__clean__kernelshap__r0 q=500 bl=3 gwad+=-1 del 0.481/0.521 t=1.6s
[DONE] fit__6955__clean__occlusion__r0 q=842 bl=2 gwad+=259 del 0.369/0.589 t=2.6s
[DONE] fit__6955__clean__rise__r0 q=1000 bl=-1 gwad+=-1 del 0.304/0.576 t=3.7s
[DONE] fit__2052__clean__lime__r0 q=1000 bl=4 gwad+=-1 del 0.476/0.619 t=3.5s
[DONE] fit__2052__clean__kernelshap__r0 q=500 bl=3 gwad+=323 del 0.613/0.620 t=1.5s
[DONE] fit__2052__clean__occlusion__r0 q=842 bl=2 gwad+=259 del 0.317/0.659 t=2.4s
[DONE] fit__2052__clean__rise__r0 q=1000 bl=-1 gwad+=-1 del 0.587/0.633 t=3.6s
[DONE] fit__9101__clean__lime__r0 q=1000 bl=4 gwad+=-1 del 0.146/0.516 t=3.5s
[DONE] fit__9101__clean__kernelshap__r0 q=500 bl=3 gwad+=-1 del 0.505/0.472 t=1.3s
[DONE] fit__9101__clean__occlusion__r0 q=842 bl=2 gwad+=259 del 0.155/0.516 t=2.5s
[DONE] fit__9101__clean__rise__r0 q=1000 bl=-1 gwad+=-1 del 0.409/0.578 t=3.8s
[DONE] fit__5137__clean__lime__r0 q=1000 bl=4 gwad+=-1 del 0.157/0.493 t=3.6s
[DONE] fit__5137__clean__kernelshap__r0 q=500 bl=3 gwad+=-1 del 0.195/0.346 t=1.5s
[DONE] fit__5137__clean__occlusion__r0 q=842 bl=2 gwad+=259 del 0.273/0.412 t=2.6s
[DONE] fit__5137__clean__rise__r0 q=1000 bl=459 gwad+=-1 del 0.103/0.453 t=3.5s
