[DONE] calibration__868__clean__lime__r0 q=1000 bl=3 gwad+=-1 del 0.920/0.761 t=4.1s
[DONE] calibration__868__clean__kernelshap__r0 q=500 bl=3 gwad+=303 del 0.229/0.586 t=1.7s
[DONE] calibration__868__clean__occlusion__r0 q=842 bl=2 gwad+=259 del 0.415/0.779 t=3.1s
[DONE] calibration__868__clean__rise__r0 q=1000 bl=-1 gwad+=-1 del 0.248/0.603 t=3.8s
[DONE] calibration__5144__clean__lime__r0 q=1000 bl=4 gwad+=-1 del 0.870/0.865 t=3.8s
[DONE] calibration__5144__clean__kernelshap__r0 q=500 bl=3 gwad+=-1 del 0.768/0.848 t=1.4s
[DONE] calibration__5144__clean__occlusion__r0 q=842 bl=2 gwad+=259 del 0.775/0.811 t=2.4s
[DONE] calibration__5144__clean__rise__r0 q=1000 bl=-1 gwad+=-1 del 0.932/0.750 t=3.6s
[DONE] calibration__2009__clean__lime__r0 q=1000 bl=3 gwad+=-1 del 0.278/0.341 t=3.6s
[DONE] calibration__2009__clean__kernelshap__r0 q=500 bl=3 gwad+=-1 del 0.160/0.332 t=1.6s
[DONE] calibration__2009__clean__occlusion__r0 q=842 bl=2 gwad+=259 del 0.097/0.344 t=2.9s
[DONE] calibration__2009__clean__rise__r0 q=1000 bl=-1 gwad+=-1 del 0.242/0.366 t=4.0s
[DONE] calibration__7013__clean__lime__r0 q=1000 bl=15 gwad+=-1 del 0.279/0.532 t=3.8s
[DONE] calibration__7013__clean__kernelshap__r0 q=500 bl=3 gwad+=-1 del 0.293/0.464 t=1.5s
[DONE] calibration__7013__clean__occlusion__r0 q=842 bl=2 gwad+=259 del 0.337/0.462 t=2.6s
[DONE] calibration__7013__clean__rise__r0 q=1000 bl=-1 gwad+=-1 del 0.269/0.416 t=3.8s
[DONE] calibration__3758__clean__lime__r0 q=1000 bl=2 gwad+=-1 del 0.333/0.625 t=3.8s
[DONE] calibration__3758__clean__kernelshap__r0 q=500 bl=3 gwad+=260 del 0.397/0.638 t=1.6s
[DONE] calibration__3758__clean__occlusion__r0 q=842 bl=2 gwad+=259 del 0.168/0.629 t=2.3s
[DONE] calibration__3758__clean__rise__r0 q=1000 bl=289 gwad+=-1 del 0.397/0.640 t=3.5s
[DONE] calibration__256__clean__lime__r0 q=1000 bl=11 gwad+=-1 del 0.360/0.618 t=4.3s
[DONE] calibration__256__clean__kernelshap__r0 q=500 bl=3 gwad+=-1 del 0.382/0.669 t=1.6s
[DONE] calibration__256__clean__occlusion__r0 q=842 bl=2 gwad+=259 del 0.099/0.678 t=3.0s
[DONE] calibration__256__clean__rise__r0 q=1000 bl=-1 gwad+=-1 del 0.581/0.685 t=3.8s
[DONE] calibration__7618__clean__lime__r0 q=1000 bl=23 gwad+=-1 del 0.651/0.869 t=4.1s
[DONE] calibration__7618__clean__kernelshap__r0 q=500 bl=3 gwad+=-1 del 0.912/0.864 t=1.4s
[DONE] calibration__7618__clean__occlusion__r0 q=842 bl=2 gwad+=259 del 0.402/0.811 t=2.4s
[DONE] calibration__7618__clean__rise__r0 q=1000 bl=-1 gwad+=-1 del 0.792/0.856 t=3.5s
[DONE] calibration__1003__clean__lime__r0 q=1000 bl=4 gwad+=-1 del 0.253/0.546 t=3.7s
[DONE] calibration__1003__clean__kernelshap__r0 q=500 bl=3 gwad+=-1 del 0.404/0.527 t=1.5s
[DONE] calibration__1003__clean__occlusion__r0 q=842 bl=2 gwad+=259 del 0.163/0.674 t=2.5s
[DONE] calibration__1003__clean__rise__r0 q=1000 bl=-1 gwad+=-1 del 0.335/0.536 t=3.9s
[DONE] calibration__7552__clean__lime__r0 q=1000 bl=8 gwad+=-1 del 0.160/0.377 t=3.5s
[DONE] calibration__7552__clean__kernelshap__r0 q=500 bl=3 gwad+=273 del 0.175/0.497 t=1.3s
[DONE] calibration__7552__clean__occlusion__r0 q=842 bl=2 gwad+=259 del 0.145/0.496 t=2.5s
[DONE] calibration__7552__clean__rise__r0 q=1000 bl=-1 gwad+=-1 del 0.189/0.496 t=3.5s
[DONE] calibration__2885__clean__lime__r0 q=1000 bl=16 gwad+=-1 del 0.278/0.609 t=3.6s
[DONE] calibration__2885__clean__kernelshap__r0 q=500 bl=3 gwad+=-1 del 0.237/0.622 t=1.4s
[DONE] calibration__2885__clean__occlusion__r0 q=842 bl=2 gwad+=259 del 0.305/0.625 t=2.5s
[DONE] calibration__2885__clean__rise__r0 q=1000 bl=-1 gwad+=-1 del 0.190/0.631 t=3.5s
[DONE] calibration__304__clean__lime__r0 q=1000 bl=4 gwad+=-1 del 0.786/0.387 t=3.6s
[DONE] calibration__304__clean__kernelshap__r0 q=500 bl=3 gwad+=260 del 0.101/0.310 t=1.3s
[DONE] calibration__304__clean__occlusion__r0 q=842 bl=2 gwad+=259 del 0.037/0.539 t=2.8s
[DONE] calibration__304__clean__rise__r0 q=1000 bl=-1 gwad+=-1 del 0.414/0.384 t=3.6s
[DONE] calibration__7333__clean__lime__r0 q=1000 bl=5 gwad+=-1 del 0.429/0.347 t=3.7s
[DONE] calibration__7333__clean__kernelshap__r0 q=500 bl=3 gwad+=-1 del 0.093/0.260 t=1.3s
[DONE] calibration__7333__clean__occlusion__r0 q=842 bl=2 gwad+=259 del 0.096/0.225 t=2.5s
[DONE] calibration__7333__clean__rise__r0 q=1000 bl=-1 gwad+=-1 del 0.113/0.262 t=3.8s
[DONE] calibration__288__clean__lime__r0 q=1000 bl=6 gwad+=-1 del 0.149/0.292 t=3.9s
[DONE] calibration__288__clean__kernelshap__r0 q=500 bl=3 gwad+=-1 del 0.217/0.215 t=1.5s
[DONE] calibration__288__clean__occlusion__r0 q=842 bl=2 gwad+=259 del 0.057/0.202 t=2.8s
[DONE] calibration__288__clean__rise__r0 q=1000 bl=-1 gwad+=-1 del 0.192/0.319 t=3.7s
[DONE] calibration__7505__clean__lime__r0 q=1000 bl=5 gwad+=-1 del 0.327/0.387 t=3.9s
[DONE] calibration__7505__clean__kernelshap__r0 q=500 bl=3 gwad+=-1 del 0.362/0.390 t=1.3s
[DONE] calibration__7505__clean__occlusion__r0 q=842 bl=2 gwad+=259 del 0.185/0.447 t=2.8s
[DONE] calibration__7505__clean__rise__r0 q=1000 bl=-1 gwad+=-1 del 0.211/0.480 t=3.6s
[DONE] calibration__4296__clean__lime__r0 q=1000 bl=3 gwad+=-1 del 0.222/0.509 t=3.6s
[DONE] calibration__4296__clean__kernelshap__r0 q=500 bl=3 gwad+=481 del 0.351/0.477 t=1.4s
[DONE] calibration__4296__clean__occlusion__r0 q=842 bl=2 gwad+=259 del 0.392/0.512 t=2.7s
[DONE] calibration__4296__clean__rise__r0 q=1000 bl=-1 gwad+=-1 del 0.312/0.535 t=3.7s
[DONE] calibration__76__clean__lime__r0 q=1000 bl=8 gwad+=-1 del 0.116/0.309 t=3.7s
[DONE] calibration__76__clean__kernelshap__r0 q=500 bl=3 gwad+=-1 del 0.198/0.315 t=1.4s
[DONE] calibration__76__clean__occlusion__r0 q=842 bl=2 gwad+=259 del 0.091/0.240 t=3.0s
[DONE] calibration__76__clean__rise__r0 q=1000 bl=809 gwad+=-1 del 0.147/0.307 t=3.8s
[DONE] calibration__6256__clean__lime__r0 q=1000 bl=10 gwad+=-1 del 0.220/0.465 t=3.7s
[DONE] calibration__6256__clean__kernelshap__r0 q=500 bl=5 gwad+=-1 del 0.483/0.407 t=1.5s
[DONE] calibration__6256__clean__occlusion__r0 q=842 bl=2 gwad+=259 del 0.148/0.426 t=2.8s
[DONE] calibration__6256__clean__rise__r0 q=1000 bl=-1 gwad+=-1 del 0.125/0.456 t=3.8s
[DONE] evaluation__1109__clean__lime__r0 q=1000 bl=3 gwad+=-1 del 0.979/0.930 t=3.4s
[DONE] evaluation__1109__clean__kernelshap__r0 q=500 bl=4 gwad+=-1 del 0.546/0.908 t=1.4s
[DONE] evaluation__1109__clean__occlusion__r0 q=842 bl=2 gwad+=259 del 0.533/0.937 t=2.6s
[DONE] evaluation__1109__clean__rise__r0 q=1000 bl=-1 gwad+=-1 del 0.971/0.962 t=3.5s
[DONE] evaluation__6003__clean__lime__r0 q=1000 bl=2 gwad+=-1 del 0.955/0.862 t=3.6s
[DONE] evaluation__6003__clean__kernelshap__r0 q=500 bl=3 gwad+=259 del 0.658/0.866 t=1.4s
[DONE] evaluation__6003__clean__occlusion__r0 q=842 bl=2 gwad+=259 del 0.724/0.845 t=2.8s
[DONE] evaluation__6003__clean__rise__r0 q=1000 bl=-1 gwad+=-1 del 0.713/0.868 t=4.1s
[DONE] evaluation__8884__clean__lime__r0 q=1000 bl=4 gwad+=-1 del 0.905/0.876 t=3.7s
[DONE] evaluation__8884__clean__kernelshap__r0 q=500 bl=3 gwad+=261 del 0.589/0.814 t=1.4s
[DONE] evaluation__8884__clean__occlusion__r0 q=842 bl=2 gwad+=259 del 0.971/0.870 t=2.4s
[DONE] evaluation__8884__clean__rise__r0 q=1000 bl=-1 gwad+=-1 del 0.294/0.877 t=3.6s
[DONE] evaluation__6__clean__lime__r0 q=1000 bl=3 gwad+=-1 del 0.303/0.249 t=4.2s
[DONE] evaluation__6__clean__kernelshap__r0 q=500 bl=3 gwad+=-1 del 0.061/0.300 t=1.3s
[DONE] evaluation__6__clean__occlusion__r0 q=842 bl=2 gwad+=259 del 0.047/0.272 t=3.0s
[DONE] evaluation__6__clean__rise__r0 q=1000 bl=-1 gwad+=-1 del 0.047/0.285 t=3.6s
[DONE] evaluation__1991__clean__lime__r0 q=1000 bl=7 gwad+=-1 del 0.281/0.487 t=3.8s
[DONE] evaluation__1991__clean__kernelshap__r0 q=500 bl=4 gwad+=262 del 0.455/0.469 t=1.4s
[DONE] evaluation__1991__clean__occlusion__r0 q=842 bl=2 gwad+=259 del 0.234/0.481 t=2.6s
[DONE] evaluation__1991__clean__rise__r0 q=1000 bl=-1 gwad+=-1 del 0.496/0.478 t=3.4s
[DONE] evaluation__6984__clean__lime__r0 q=1000 bl=13 gwad+=-1 del 0.426/0.588 t=3.7s
[DONE] evaluation__6984__clean__kernelshap__r0 q=500 bl=3 gwad+=-1 del 0.408/0.558 t=1.3s
[DONE] evaluation__6984__clean__occlusion__r0 q=842 bl=2 gwad+=259 del 0.559/0.490 t=2.6s
[DONE] evaluation__6984__clean__rise__r0 q=1000 bl=-1 gwad+=-1 del 0.308/0.482 t=3.6s
[DONE] evaluation__8503__clean__lime__r0 q=1000 bl=3 gwad+=-1 del 0.485/0.520 t=3.6s
[DONE] evaluation__8503__clean__kernelshap__r0 q=500 bl=3 gwad+=302 del 0.325/0.494 t=1.6s
[DONE] evaluation__8503__clean__occlusion__r0 q=842 bl=2 gwad+=259 del 0.273/0.563 t=2.5s
[DONE] evaluation__8503__clean__rise__r0 q=1000 bl=-1 gwad+=-1 del 0.154/0.512 t=3.3s
[DONE] evaluation__2170__clean__lime__r0 q=1000 bl=2 gwad+=-1 del 0.794/0.794 t=3.3s
[DONE] evaluation__2170__clean__kernelshap__r0 q=500 bl=3 gwad+=259 del 0.481/0.800 t=1.4s
[DONE] evaluation__2170__clean__occlusion__r0 q=842 bl=2 gwad+=259 del 0.891/0.770 t=2.5s
[DONE] evaluation__2170__clean__rise__r0 q=1000 bl=-1 gwad+=-1 del 0.407/0.710 t=3.7s
[DONE] evaluation__4622__clean__lime__r0 q=1000 bl=4 gwad+=-1 del 0.170/0.622 t=3.4s
[DONE] evaluation__4622__clean__kernelshap__r0 q=500 bl=3 gwad+=260 del 0.411/0.704 t=1.6s
[DONE] evaluation__4622__clean__occlusion__r0 q=842 bl=2 gwad+=259 del 0.356/0.680 t=2.4s
[DONE] evaluation__4622__clean__rise__r0 q=1000 bl=-1 gwad+=-1 del 0.506/0.721 t=3.4s
[DONE] evaluation__7902__clean__lime__r0 q=1000 bl=10 gwad+=-1 del 0.227/0.555 t=3.5s
[DONE] evaluation__7902__clean__kernelshap__r0 q=500 bl=3 gwad+=-1 del 0.397/0.451 t=1.3s
[DONE] evaluation__7902__clean__occlusion__r0 q=842 bl=2 gwad+=259 del 0.201/0.509 t=2.6s
[DONE] evaluation__7902__clean__rise__r0 q=1000 bl=-1 gwad+=-1 del 0.396/0.537 t=3.7s
[DONE] evaluation__1603__clean__lime__r0 q=1000 bl=10 gwad+=-1 del 0.159/0.366 t=3.3s
[DONE] evaluation__1603__clean__kernelshap__r0 q=500 bl=3 gwad+=-1 del 0.175/0.412 t=1.5s
[DONE] evaluation__1603__clean__occlusion__r0 q=842 bl=2 gwad+=259 del 0.139/0.517 t=2.4s
[DONE] evaluation__1603__clean__rise__r0 q=1000 bl=-1 gwad+=-1 del 0.302/0.387 t=3.5s
[DONE] evaluation__5413__clean__lime__r0 q=1000 bl=10 gwad+=-1 del 0.317/0.648 t=3.6s
[DONE] evaluation__5413__clean__kernelshap__r0 q=500 bl=4 gwad+=-1 del 0.672/0.552 t=1.5s
[DONE] evaluation__5413__clean__occlusion__r0 q=842 bl=2 gwad+=259 del 0.213/0.684 t=2.5s
[DONE] evaluation__5413__clean__rise__r0 q=1000 bl=-1 gwad+=-1 del 0.530/0.577 t=3.2s
[DONE] evaluation__6786__clean__lime__r0 q=1000 bl=7 gwad+=-1 del 0.183/0.683 t=3.5s
[DONE] evaluation__6786__clean__kernelshap__r0 q=500 bl=3 gwad+=334 del 0.379/0.624 t=1.3s
[DONE] evaluation__6786__clean__occlusion__r0 q=842 bl=2 gwad+=259 del 0.073/0.515 t=2.6s
[DONE] evaluation__6786__clean__rise__r0 q=1000 bl=-1 gwad+=-1 del 0.247/0.534 t=3.6s
[DONE] evaluation__463__clean__lime__r0 q=1000 bl=3 gwad+=-1 del 0.154/0.281 t=3.8s
[DONE] evaluation__463__clean__kernelshap__r0 q=500 bl=3 gwad+=-1 del 0.197/0.300 t=1.4s
[DONE] evaluation__463__clean__occlusion__r0 q=842 bl=2 gwad+=259 del 0.138/0.301 t=2.5s
[DONE] evaluation__463__clean__rise__r0 q=1000 bl=-1 gwad+=-1 del 0.241/0.280 t=3.7s
[DONE] evaluation__3809__clean__lime__r0 q=1000 bl=9 gwad+=-1 del 0.236/0.552 t=3.7s
[DONE] evaluation__3809__clean__kernelshap__r0 q=500 bl=3 gwad+=-1 del 0.114/0.464 t=1.3s
[DONE] evaluation__3809__clean__occlusion__r0 q=842 bl=2 gwad+=259 del 0.083/0.532 t=2.4s
[DONE] evaluation__3809__clean__rise__r0 q=1000 bl=-1 gwad+=-1 del 0.190/0.461 t=3.3s
[DONE] evaluation__4600__clean__lime__r0 q=1000 bl=3 gwad+=-1 del 0.320/0.381 t=3.6s
[DONE] evaluation__4600__clean__kernelshap__r0 q=500 bl=3 gwad+=-1 del 0.338/0.331 t=1.3s
[DONE] evaluation__4600__clean__occlusion__r0 q=842 bl=2 gwad+=259 del 0.326/0.364 t=2.6s
[DONE] evaluation__4600__clean__rise__r0 q=1000 bl=431 gwad+=-1 del 0.191/0.343 t=3.4s
[DONE] evaluation__9393__clean__lime__r0 q=1000 bl=8 gwad+=-1 del 0.159/0.432 t=3.5s
[DONE] evaluation__9393__clean__kernelshap__r0 q=500 bl=3 gwad+=-1 del 0.208/0.402 t=1.4s
[DONE] evaluation__9393__clean__occlusion__r0 q=842 bl=2 gwad+=259 del 0.082/0.346 t=2.4s
[DONE] evaluation__9393__clean__rise__r0 q=1000 bl=930 gwad+=-1 del 0.048/0.356 t=2.9s
[DONE] evaluation__2487__clean__lime__r0 q=1000 bl=6 gwad+=-1 del 0.101/0.540 t=3.8s
[DONE] evaluation__2487__clean__kernelshap__r0 q=500 bl=4 gwad+=-1 del 0.069/0.491 t=1.3s
[DONE] evaluation__2487__clean__occlusion__r0 q=842 bl=2 gwad+=259 del 0.061/0.438 t=2.6s
[DONE] evaluation__2487__clean__rise__r0 q=1000 bl=-1 gwad+=-1 del 0.143/0.509 t=3.5s
[DONE] evaluation__5947__clean__lime__r0 q=1000 bl=7 gwad+=-1 del 0.076/0.457 t=3.8s
[DONE] evaluation__5947__clean__kernelshap__r0 q=500 bl=3 gwad+=-1 del 0.043/0.540 t=1.3s
[DONE] evaluation__5947__clean__occlusion__r0 q=842 bl=2 gwad+=259 del 0.129/0.516 t=2.6s
[DONE] evaluation__5947__clean__rise__r0 q=1000 bl=-1 gwad+=-1 del 0.063/0.444 t=3.3s
[DONE] evaluation__9261__clean__lime__r0 q=1000 bl=11 gwad+=-1 del 0.221/0.587 t=3.8s
[DONE] evaluation__9261__clean__kernelshap__r0 q=500 bl=3 gwad+=-1 del 0.344/0.634 t=1.4s
[DONE] evaluation__9261__clean__occlusion__r0 q=842 bl=2 gwad+=259 del 0.258/0.499 t=2.4s
[DONE] evaluation__9261__clean__rise__r0 q=1000 bl=-1 gwad+=-1 del 0.216/0.565 t=3.3s
[DONE] evaluation__1641__clean__lime__r0 q=1000 bl=8 gwad+=-1 del 0.363/0.460 t=3.8s
[DONE] evaluation__1641__clean__kernelshap__r0 q=500 bl=3 gwad+=-1 del 0.393/0.605 t=1.4s
[DONE] evaluation__1641__clean__occlusion__r0 q=842 bl=2 gwad+=259 del 0.135/0.487 t=2.4s
[DONE] evaluation__1641__clean__rise__r0 q=1000 bl=-1 gwad+=-1 del 0.389/0.569 t=3.4s
[DONE] evaluation__4465__clean__lime__r0 q=1000 bl=3 gwad+=-1 del 0.416/0.569 t=3.8s
[DONE] evaluation__4465__clean__kernelshap__r0 q=500 bl=3 gwad+=-1 del 0.298/0.600 t=1.4s
[DONE] evaluation__4465__clean__occlusion__r0 q=842 bl=2 gwad+=259 del 0.231/0.602 t=2.5s
[DONE] evaluation__4465__clean__rise__r0 q=1000 bl=-1 gwad+=-1 del 0.333/0.518 t=3.3s
[DONE] evaluation__7337__clean__lime__r0 q=1000 bl=6 gwad+=-1 del 0.175/0.549 t=3.8s
[DONE] evaluation__7337__clean__kernelshap__r0 q=500 bl=3 gwad+=-1 del 0.190/0.607 t=1.5s
[DONE] evaluation__7337__clean__occlusion__r0 q=842 bl=2 gwad+=259 del 0.347/0.516 t=2.7s
[DONE] evaluation__7337__clean__rise__r0 q=1000 bl=-1 gwad+=-1 del 0.140/0.525 t=3.7s
[DONE] evaluation__56__clean__lime__r0 q=1000 bl=7 gwad+=-1 del 0.202/0.502 t=3.8s
[DONE] evaluation__56__clean__kernelshap__r0 q=500 bl=3 gwad+=-1 del 0.408/0.411 t=1.3s
[DONE] evaluation__56__clean__occlusion__r0 q=842 bl=2 gwad+=259 del 0.143/0.432 t=2.6s
[DONE] evaluation__56__clean__rise__r0 q=1000 bl=-1 gwad+=-1 del 0.476/0.436 t=3.8s
[DONE] evaluation__3788__clean__lime__r0 q=1000 bl=8 gwad+=-1 del 0.186/0.445 t=3.4s
[DONE] evaluation__3788__clean__kernelshap__r0 q=500 bl=3 gwad+=-1 del 0.403/0.403 t=1.3s
[DONE] evaluation__3788__clean__occlusion__r0 q=842 bl=2 gwad+=259 del 0.122/0.399 t=2.4s
[DONE] evaluation__3788__clean__rise__r0 q=1000 bl=768 gwad+=-1 del 0.187/0.377 t=3.5s
[DONE] evaluation__5668__clean__lime__r0 q=1000 bl=2 gwad+=-1 del 0.548/0.520 t=3.7s
[DONE] evaluation__5668__clean__kernelshap__r0 q=500 bl=4 gwad+=-1 del 0.365/0.505 t=1.4s
[DONE] evaluation__5668__clean__occlusion__r0 q=842 bl=2 gwad+=259 del 0.409/0.530 t=2.5s
[DONE] evaluation__5668__clean__rise__r0 q=1000 bl=-1 gwad+=-1 del 0.415/0.518 t=3.8s
[DONE] evaluation__8466__clean__lime__r0 q=1000 bl=11 gwad+=-1 del 0.225/0.442 t=3.6s
[DONE] evaluation__8466__clean__kernelshap__r0 q=500 bl=3 gwad+=-1 del 0.340/0.441 t=1.3s
[DONE] evaluation__8466__clean__occlusion__r0 q=842 bl=2 gwad+=259 del 0.167/0.444 t=2.7s
[DONE] evaluation__8466__clean__rise__r0 q=1000 bl=-1 gwad+=-1 del 0.216/0.419 t=3.9s
[DONE] evaluation__1866__clean__lime__r0 q=1000 bl=3 gwad+=-1 del 0.406/0.658 t=3.5s
[DONE] evaluation__1866__clean__kernelshap__r0 q=500 bl=3 gwad+=260 del 0.716/0.621 t=1.5s
[DONE] evaluation__1866__clean__occlusion__r0 q=842 bl=2 gwad+=259 del 0.299/0.662 t=3.0s
[DONE] evaluation__1866__clean__rise__r0 q=1000 bl=977 gwad+=-1 del 0.443/0.616 t=4.0s
[DONE] evaluation__4083__clean__lime__r0 q=1000 bl=2 gwad+=-1 del 0.314/0.490 t=3.6s
[DONE] evaluation__4083__clean__kernelshap__r0 q=500 bl=3 gwad+=-1 del 0.577/0.564 t=1.3s
[DONE] evaluation__4083__clean__occlusion__r0 q=842 bl=2 gwad+=259 del 0.284/0.625 t=2.4s
[DONE] evaluation__4083__clean__rise__r0 q=1000 bl=-1 gwad+=-1 del 0.509/0.451 t=3.5s
[DONE] evaluation__6718__clean__lime__r0 q=1000 bl=6 gwad+=-1 del 0.360/0.541 t=3.8s
[DONE] evaluation__6718__clean__kernelshap__r0 q=500 bl=3 gwad+=-1 del 0.520/0.551 t=1.4s
[DONE] evaluation__6718__clean__occlusion__r0 q=842 bl=2 gwad+=259 del 0.141/0.527 t=2.7s
[DONE] evaluation__6718__clean__rise__r0 q=1000 bl=-1 gwad+=-1 del 0.494/0.523 t=3.7s
[DONE] evaluation__1654__clean__lime__r0 q=1000 bl=4 gwad+=-1 del 0.329/0.349 t=3.8s
[DONE] evaluation__1654__clean__kernelshap__r0 q=500 bl=3 gwad+=-1 del 0.458/0.404 t=1.4s
[DONE] evaluation__1654__clean__occlusion__r0 q=842 bl=2 gwad+=259 del 0.443/0.469 t=3.0s
[DONE] evaluation__1654__clean__rise__r0 q=1000 bl=-1 gwad+=-1 del 0.388/0.408 t=4.0s
[DONE] evaluation__5966__clean__lime__r0 q=1000 bl=5 gwad+=-1 del 0.224/0.444 t=3.2s
[DONE] evaluation__5966__clean__kernelshap__r0 q=500 bl=3 gwad+=-1 del 0.533/0.457 t=1.3s
[DONE] evaluation__5966__clean__occlusion__r0 q=842 bl=2 gwad+=259 del 0.260/0.474 t=2.6s
[DONE] evaluation__5966__clean__rise__r0 q=1000 bl=623 gwad+=-1 del 0.240/0.443 t=3.7s
[DONE] evaluation__8355__clean__lime__r0 q=1000 bl=6 gwad+=-1 del 0.516/0.551 t=4.0s
[DONE] evaluation__8355__clean__kernelshap__r0 q=500 bl=5 gwad+=-1 del 0.792/0.512 t=1.4s
[DONE] evaluation__8355__clean__occlusion__r0 q=842 bl=2 gwad+=259 del 0.440/0.578 t=2.7s
[DONE] evaluation__8355__clean__rise__r0 q=1000 bl=-1 gwad+=-1 del 0.366/0.562 t=3.2s
[DONE] fit__90__clean__lime__r0 q=1000 bl=3 gwad+=-1 del 0.660/0.920 t=3.6s
[DONE] fit__90__clean__kernelshap__r0 q=500 bl=3 gwad+=259 del 0.437/0.917 t=1.7s
[DONE] fit__90__clean__occlusion__r0 q=842 bl=2 gwad+=259 del 0.968/0.909 t=2.3s
[DONE] fit__90__clean__rise__r0 q=1000 bl=-1 gwad+=-1 del 0.692/0.905 t=3.3s
[DONE] fit__6772__clean__lime__r0 q=1000 bl=6 gwad+=-1 del 0.742/0.840 t=3.7s
[DONE] fit__6772__clean__kernelshap__r0 q=500 bl=3 gwad+=261 del 0.648/0.819 t=1.4s
[DONE] fit__6772__clean__occlusion__r0 q=842 bl=2 gwad+=259 del 0.532/0.862 t=2.4s
[DONE] fit__6772__clean__rise__r0 q=1000 bl=-1 gwad+=-1 del 0.927/0.895 t=3.6s
[DONE] fit__3407__clean__lime__r0 q=1000 bl=6 gwad+=-1 del 0.476/0.471 t=3.4s
[DONE] fit__3407__clean__kernelshap__r0 q=500 bl=3 gwad+=-1 del 0.330/0.499 t=1.4s
[DONE] fit__3407__clean__occlusion__r0 q=842 bl=2 gwad+=259 del 0.087/0.497 t=2.7s
[DONE] fit__3407__clean__rise__r0 q=1000 bl=-1 gwad+=-1 del 0.140/0.426 t=3.2s
[DONE] fit__7864__clean__lime__r0 q=1000 bl=5 gwad+=-1 del 0.720/0.466 t=3.7s
[DONE] fit__7864__clean__kernelshap__r0 q=500 bl=4 gwad+=-1 del 0.452/0.508 t=1.4s
[DONE] fit__7864__clean__occlusion__r0 q=842 bl=2 gwad+=259 del 0.389/0.512 t=2.5s
[DONE] fit__7864__clean__rise__r0 q=1000 bl=581 gwad+=-1 del 0.516/0.503 t=3.8s
[DONE] fit__3844__clean__lime__r0 q=1000 bl=16 gwad+=-1 del 0.190/0.401 t=3.1s
[DONE] fit__3844__clean__kernelshap__r0 q=500 bl=5 gwad+=-1 del 0.129/0.431 t=1.3s
[DONE] fit__3844__clean__occlusion__r0 q=842 bl=2 gwad+=259 del 0.044/0.400 t=2.4s
[DONE] fit__3844__clean__rise__r0 q=1000 bl=-1 gwad+=-1 del 0.202/0.415 t=4.0s
[DONE] fit__573__clean__lime__r0 q=1000 bl=5 gwad+=-1 del 0.139/0.706 t=3.9s
[DONE] fit__573__clean__kernelshap__r0 q=500 bl=3 gwad+=-1 del 0.268/0.707 t=1.4s
[DONE] fit__573__clean__occlusion__r0 q=842 bl=2 gwad+=259 del 0.492/0.744 t=2.7s
[DONE] fit__573__clean__rise__r0 q=1000 bl=-1 gwad+=-1 del 0.561/0.608 t=3.8s
[DONE] fit__6196__clean__lime__r0 q=1000 bl=2 gwad+=-1 del 0.417/0.619 t=3.3s
[DONE] fit__6196__clean__kernelshap__r0 q=500 bl=3 gwad+=-1 del 0.727/0.563 t=1.3s
[DONE] fit__6196__clean__occlusion__r0 q=842 bl=2 gwad+=259 del 0.117/0.455 t=2.4s
[DONE] fit__6196__clean__rise__r0 q=1000 bl=-1 gwad+=-1 del 0.395/0.460 t=3.6s
[DONE] fit__1658__clean__lime__r0 q=1000 bl=6 gwad+=-1 del 0.215/0.253 t=3.7s
[DONE] fit__1658__clean__kernelshap__r0 q=500 bl=3 gwad+=-1 del 0.105/0.252 t=1.4s
[DONE] fit__1658__clean__occlusion__r0 q=842 bl=2 gwad+=259 del 0.091/0.262 t=2.6s
[DONE] fit__1658__clean__rise__r0 q=1000 bl=-1 gwad+=-1 del 0.089/0.225 t=3.7s
[DONE] fit__6664__clean__lime__r0 q=1000 bl=4 gwad+=-1 del 0.635/0.373 t=3.4s
[DONE] fit__6664__clean__kernelshap__r0 q=500 bl=3 gwad+=259 del 0.611/0.530 t=1.4s
[DONE] fit__6664__clean__occlusion__r0 q=842 bl=2 gwad+=259 del 0.114/0.510 t=2.4s
[DONE] fit__6664__clean__rise__r0 q=1000 bl=-1 gwad+=-1 del 0.468/0.442 t=3.3s
[DONE] fit__4420__clean__lime__r0 q=1000 bl=12 gwad+=-1 del 0.143/0.449 t=3.6s
[DONE] fit__4420__clean__kernelshap__r0 q=500 bl=5 gwad+=-1 del 0.258/0.494 t=1.3s
[DONE] fit__4420__clean__occlusion__r0 q=842 bl=2 gwad+=259 del 0.047/0.387 t=2.6s
[DONE] fit__4420__clean__rise__r0 q=1000 bl=-1 gwad+=-1 del 0.142/0.428 t=3.8s
[DONE] fit__1211__clean__lime__r0 q=1000 bl=13 gwad+=-1 del 0.236/0.364 t=3.7s
[DONE] fit__1211__clean__kernelshap__r0 q=500 bl=3 gwad+=-1 del 0.223/0.464 t=1.3s
[DONE] fit__1211__clean__occlusion__r0 q=842 bl=2 gwad+=259 del 0.093/0.239 t=2.5s
[DONE] fit__1211__clean__rise__r0 q=1000 bl=-1 gwad+=-1 del 0.130/0.347 t=3.8s
[DONE] fit__5089__clean__lime__r0 q=1000 bl=5 gwad+=-1 del 0.225/0.429 t=3.6s
[DONE] fit__5089__clean__kernelshap__r0 q=500 bl=3 gwad+=-1 del 0.105/0.466 t=1.3s
[DONE] fit__5089__clean__occlusion__r0 q=842 bl=2 gwad+=259 del 0.240/0.397 t=2.5s
[DONE] fit__5089__clean__rise__r0 q=1000 bl=-1 gwad+=-1 del 0.172/0.410 t=3.6s
[DONE] fit__2518__clean__lime__r0 q=1000 bl=4 gwad+=-1 del 0.172/0.440 t=4.4s
[DONE] fit__2518__clean__kernelshap__r0 q=500 bl=3 gwad+=-1 del 0.233/0.380 t=1.5s
[DONE] fit__2518__clean__occlusion__r0 q=842 bl=2 gwad+=259 del 0.044/0.382 t=2.5s
[DONE] fit__2518__clean__rise__r0 q=1000 bl=888 gwad+=-1 del 0.145/0.360 t=3.4s
[DONE] fit__7703__clean__lime__r0 q=1000 bl=8 gwad+=-1 del 0.181/0.512 t=4.0s
[DONE] fit__7703__clean__kernelshap__r0 q=500 bl=3 gwad+=-1 del 0.269/0.345 t=1.6s
[DONE] fit__7703__clean__occlusion__r0 q=842 bl=2 gwad+=259 del 0.117/0.471 t=2.5s
[DONE] fit__7703__clean__rise__r0 q=1000 bl=-1 gwad+=-1 del 0.302/0.427 t=3.8s
[DONE] fit__2962__clean__lime__r0 q=1000 bl=8 gwad+=-1 del 0.054/0.219 t=3.7s
[DONE] fit__2962__clean__kernelshap__r0 q=500 bl=3 gwad+=-1 del 0.543/0.305 t=1.5s
[DONE] fit__2962__clean__occlusion__r0 q=842 bl=2 gwad+=259 del 0.078/0.213 t=2.7s
[DONE] fit__2962__clean__rise__r0 q=1000 bl=-1 gwad+=-1 del 0.318/0.260 t=3.3s
[DONE] fit__1913__clean__lime__r0 q=1000 bl=3 gwad+=-1 del 0.123/0.278 t=3.4s
[DONE] fit__1913__clean__kernelshap__r0 q=500 bl=3 gwad+=267 del 0.227/0.303 t=1.5s
[DONE] fit__1913__clean__occlusion__r0 q=842 bl=2 gwad+=259 del 0.056/0.235 t=2.4s
[DONE] fit__1913__clean__rise__r0 q=1000 bl=-1 gwad+=-1 del 0.141/0.265 t=3.7s
[DONE] fit__5980__clean__lime__r0 q=1000 bl=3 gwad+=-1 del 0.479/0.433 t=3.4s
[DONE] fit__5980__clean__kernelshap__r0 q=500 bl=4 gwad+=-1 del 0.384/0.453 t=1.3s
[DONE] fit__5980__clean__occlusion__r0 q=842 bl=2 gwad+=259 del 0.162/0.462 t=2.5s
[DONE] fit__5980__clean__rise__r0 q=1000 bl=-1 gwad+=-1 del 0.342/0.465 t=3.4s
