/home/sepi/jupyterenv/lib/python3.12/site-packages/robustbench/loaders.py:4: UserWarning: pkg_resources is deprecated as an API. See https://setuptools.pypa.io/en/latest/pkg_resources.html. The pkg_resources package is slated for removal as early as 2025-11-30. Refrain from using this package or pin to Setuptools<81.
  import pkg_resources
/home/sepi/jupyterenv/lib/python3.12/site-packages/robustbench/utils.py:130: FutureWarning: You are using `torch.load` with `weights_only=False` (the current default value), which uses the default pickle module implicitly. It is possible to construct malicious pickle data which will execute arbitrary code during unpickling (See https://github.com/pytorch/pytorch/blob/main/SECURITY.md#untrusted-models for more details). In a future release, the default value for `weights_only` will be flipped to `True`. This limits the functions that could be executed during unpickling. Arbitrary objects will no longer be allowed to be loaded via this mode unless they are explicitly allowlisted by the user via `torch.serialization.add_safe_globals`. We recommend you start setting `weights_only=True` for any use case where you don't have full control of the loaded file. Please open an issue on GitHub for any issues related to this experimental feature.
  checkpoint = torch.load(model_path, map_location=torch.device('cpu'))
[DONE] calibration__3650__denoise__attack__nes__l0.5 calls=1021 margin 3.39->2.82 t=4.3s
[DONE] calibration__3650__denoise__restore__nes__l0.5 calls=1021 margin 3.39->3.29 t=3.7s
[DONE] calibration__3650__denoise__random_walk__random_walk__l0.5 calls=1024 margin 3.39->3.36 t=8.5s
[DONE] calibration__3650__denoise__confidence_boost__nes__l0.5 calls=1021 margin 3.39->4.05 t=3.8s
[DONE] calibration__3650__denoise__boundary_probe__nes__l0.5 calls=1021 margin 3.39->2.86 t=3.8s
[DONE] calibration__3650__denoise__counterfactual__nes__l0.5 calls=1021 margin 3.39->2.85 t=3.8s
[DONE] calibration__3650__deblur__attack__nes__l1 calls=1021 margin 2.77->2.36 t=4.1s
[DONE] calibration__3650__deblur__restore__nes__l1 calls=1021 margin 2.77->2.87 t=3.9s
[DONE] calibration__3650__deblur__random_walk__random_walk__l1 calls=1024 margin 2.77->2.82 t=8.4s
[DONE] calibration__3650__deblur__confidence_boost__nes__l1 calls=1021 margin 2.77->3.26 t=3.9s
[DONE] calibration__3650__deblur__boundary_probe__nes__l1 calls=1021 margin 2.77->2.34 t=3.8s
[DONE] calibration__3650__deblur__counterfactual__nes__l1 calls=1021 margin 2.77->2.32 t=4.0s
[DONE] calibration__104__denoise__attack__nes__l0.5 calls=1021 margin 9.90->9.60 t=4.0s
[DONE] calibration__104__denoise__restore__nes__l0.5 calls=1021 margin 9.90->9.86 t=4.3s
[DONE] calibration__104__denoise__random_walk__random_walk__l0.5 calls=1024 margin 9.90->9.87 t=8.3s
[DONE] calibration__104__denoise__confidence_boost__nes__l0.5 calls=1021 margin 9.90->10.15 t=3.9s
[DONE] calibration__104__denoise__boundary_probe__nes__l0.5 calls=1021 margin 9.90->9.61 t=3.9s
[DONE] calibration__104__denoise__counterfactual__nes__l0.5 calls=1021 margin 9.90->9.63 t=3.9s
[DONE] calibration__104__deblur__attack__nes__l1 calls=1021 margin 9.69->9.36 t=4.2s
[DONE] calibration__104__deblur__restore__nes__l1 calls=1021 margin 9.69->9.72 t=4.1s
[DONE] calibration__104__deblur__random_walk__random_walk__l1 calls=1024 margin 9.69->9.62 t=8.2s
[DONE] calibration__104__deblur__confidence_boost__nes__l1 calls=1021 margin 9.69->9.95 t=3.8s
[DONE] calibration__104__deblur__boundary_probe__nes__l1 calls=1021 margin 9.69->9.31 t=3.8s
[DONE] calibration__104__deblur__counterfactual__nes__l1 calls=1021 margin 9.69->9.30 t=3.8s
[DONE] calibration__7626__denoise__attack__nes__l0.5 calls=1021 margin 2.08->1.85 t=3.9s
[DONE] calibration__7626__denoise__restore__nes__l0.5 calls=1021 margin 2.08->2.09 t=4.3s
[DONE] calibration__7626__denoise__random_walk__random_walk__l0.5 calls=1024 margin 2.08->2.05 t=8.0s
[DONE] calibration__7626__denoise__confidence_boost__nes__l0.5 calls=1021 margin 2.08->2.35 t=3.8s
[DONE] calibration__7626__denoise__boundary_probe__nes__l0.5 calls=1021 margin 2.08->1.76 t=3.8s
[DONE] calibration__7626__denoise__counterfactual__nes__l0.5 calls=1021 margin 2.08->1.76 t=4.0s
[DONE] calibration__7626__deblur__attack__nes__l1 calls=1021 margin 2.41->2.21 t=4.1s
[DONE] calibration__7626__deblur__restore__nes__l1 calls=1021 margin 2.41->2.41 t=4.3s
[DONE] calibration__7626__deblur__random_walk__random_walk__l1 calls=1024 margin 2.41->2.33 t=7.8s
[DONE] calibration__7626__deblur__confidence_boost__nes__l1 calls=1021 margin 2.41->2.64 t=3.9s
[DONE] calibration__7626__deblur__boundary_probe__nes__l1 calls=1021 margin 2.41->2.08 t=3.7s
[DONE] calibration__7626__deblur__counterfactual__nes__l1 calls=1021 margin 2.41->2.10 t=3.9s
[DONE] calibration__1278__denoise__attack__nes__l0.5 calls=1021 margin 4.46->3.83 t=4.0s
[DONE] calibration__1278__denoise__restore__nes__l0.5 calls=1021 margin 4.46->4.48 t=4.5s
[DONE] calibration__1278__denoise__random_walk__random_walk__l0.5 calls=1024 margin 4.46->4.48 t=7.7s
[DONE] calibration__1278__denoise__confidence_boost__nes__l0.5 calls=1021 margin 4.46->5.05 t=3.9s
[DONE] calibration__1278__denoise__boundary_probe__nes__l0.5 calls=1021 margin 4.46->3.84 t=4.0s
[DONE] calibration__1278__denoise__counterfactual__nes__l0.5 calls=1021 margin 4.46->3.85 t=3.8s
[DONE] calibration__1278__deblur__attack__nes__l1 calls=1021 margin 4.05->3.46 t=4.0s
[DONE] calibration__1278__deblur__restore__nes__l1 calls=1021 margin 4.05->4.17 t=4.6s
[DONE] calibration__1278__deblur__random_walk__random_walk__l1 calls=1024 margin 4.05->4.13 t=7.7s
[DONE] calibration__1278__deblur__confidence_boost__nes__l1 calls=1021 margin 4.05->4.62 t=4.0s
[DONE] calibration__1278__deblur__boundary_probe__nes__l1 calls=1021 margin 4.05->3.41 t=4.0s
[DONE] calibration__1278__deblur__counterfactual__nes__l1 calls=1021 margin 4.05->3.43 t=3.8s
[DONE] calibration__9033__denoise__attack__nes__l0.5 calls=1021 margin 0.89->0.69 t=4.1s
[DONE] calibration__9033__denoise__restore__nes__l0.5 calls=1021 margin 0.89->0.89 t=4.8s
[DONE] calibration__9033__denoise__random_walk__random_walk__l0.5 calls=1024 margin 0.89->0.88 t=7.6s
[DONE] calibration__9033__denoise__confidence_boost__nes__l0.5 calls=1021 margin 0.89->1.03 t=3.8s
[DONE] calibration__9033__denoise__boundary_probe__nes__l0.5 calls=1021 margin 0.89->0.68 t=3.9s
[DONE] calibration__9033__denoise__counterfactual__nes__l0.5 calls=1021 margin 0.89->0.69 t=3.9s
[DONE] calibration__9033__deblur__attack__nes__l1 calls=1021 margin 1.08->0.95 t=4.1s
[DONE] calibration__9033__deblur__restore__nes__l1 calls=1021 margin 1.08->1.08 t=4.7s
[DONE] calibration__9033__deblur__random_walk__random_walk__l1 calls=1024 margin 1.08->1.07 t=7.4s
[DONE] calibration__9033__deblur__confidence_boost__nes__l1 calls=1021 margin 1.08->1.20 t=4.1s
[DONE] calibration__9033__deblur__boundary_probe__nes__l1 calls=1021 margin 1.08->0.93 t=4.0s
[DONE] calibration__9033__deblur__counterfactual__nes__l1 calls=1021 margin 1.08->0.94 t=4.1s
[DONE] calibration__6406__denoise__attack__nes__l0.5 calls=1021 margin 3.28->3.11 t=4.2s
[DONE] calibration__6406__denoise__restore__nes__l0.5 calls=1021 margin 3.28->3.26 t=5.0s
[DONE] calibration__6406__denoise__random_walk__random_walk__l0.5 calls=1024 margin 3.28->3.27 t=7.0s
[DONE] calibration__6406__denoise__confidence_boost__nes__l0.5 calls=1021 margin 3.28->3.44 t=4.0s
[DONE] calibration__6406__denoise__boundary_probe__nes__l0.5 calls=1021 margin 3.28->3.03 t=3.9s
[DONE] calibration__6406__denoise__counterfactual__nes__l0.5 calls=1021 margin 3.28->3.04 t=4.0s
[DONE] calibration__6406__deblur__attack__nes__l1 calls=1021 margin 3.42->3.18 t=4.3s
[DONE] calibration__6406__deblur__restore__nes__l1 calls=1021 margin 3.42->3.43 t=4.8s
[DONE] calibration__6406__deblur__random_walk__random_walk__l1 calls=1024 margin 3.42->3.38 t=7.2s
[DONE] calibration__6406__deblur__confidence_boost__nes__l1 calls=1021 margin 3.42->3.63 t=3.9s
[DONE] calibration__6406__deblur__boundary_probe__nes__l1 calls=1021 margin 3.42->3.12 t=3.9s
[DONE] calibration__6406__deblur__counterfactual__nes__l1 calls=1021 margin 3.42->3.11 t=3.8s
[DONE] calibration__943__denoise__attack__nes__l0.5 calls=1021 margin 0.48->0.42 t=4.3s
[DONE] calibration__943__denoise__restore__nes__l0.5 calls=1021 margin 0.48->0.48 t=4.7s
[DONE] calibration__943__denoise__random_walk__random_walk__l0.5 calls=1024 margin 0.48->0.45 t=7.2s
[DONE] calibration__943__denoise__confidence_boost__nes__l0.5 calls=1021 margin 0.48->0.54 t=3.9s
[DONE] calibration__943__denoise__boundary_probe__nes__l0.5 calls=1021 margin 0.48->0.37 t=4.0s
[DONE] calibration__943__denoise__counterfactual__nes__l0.5 calls=1021 margin 0.48->0.39 t=3.8s
[DONE] calibration__943__deblur__attack__nes__l1 calls=1021 margin 0.55->0.46 t=4.1s
[DONE] calibration__943__deblur__restore__nes__l1 calls=1021 margin 0.55->0.56 t=4.8s
[DONE] calibration__943__deblur__random_walk__random_walk__l1 calls=1024 margin 0.55->0.55 t=7.0s
[DONE] calibration__943__deblur__confidence_boost__nes__l1 calls=1021 margin 0.55->0.63 t=3.9s
[DONE] calibration__943__deblur__boundary_probe__nes__l1 calls=1021 margin 0.55->0.43 t=4.0s
[DONE] calibration__943__deblur__counterfactual__nes__l1 calls=1021 margin 0.55->0.43 t=3.8s
[DONE] calibration__5873__denoise__attack__nes__l0.5 calls=1021 margin 0.99->0.84 t=4.4s
[DONE] calibration__5873__denoise__restore__nes__l0.5 calls=1021 margin 0.99->0.98 t=4.7s
[DONE] calibration__5873__denoise__random_walk__random_walk__l0.5 calls=1024 margin 0.99->0.98 t=7.0s
[DONE] calibration__5873__denoise__confidence_boost__nes__l0.5 calls=1021 margin 0.99->1.11 t=4.0s
[DONE] calibration__5873__denoise__boundary_probe__nes__l0.5 calls=1021 margin 0.99->0.81 t=4.0s
[DONE] calibration__5873__denoise__counterfactual__nes__l0.5 calls=1021 margin 0.99->0.81 t=4.0s
[DONE] calibration__5873__deblur__attack__nes__l1 calls=1021 margin 0.97->0.81 t=4.5s
[DONE] calibration__5873__deblur__restore__nes__l1 calls=1021 margin 0.97->0.96 t=4.5s
[DONE] calibration__5873__deblur__random_walk__random_walk__l1 calls=1024 margin 0.97->1.00 t=7.2s
[DONE] calibration__5873__deblur__confidence_boost__nes__l1 calls=1021 margin 0.97->1.15 t=3.9s
[DONE] calibration__5873__deblur__boundary_probe__nes__l1 calls=1021 margin 0.97->0.78 t=3.9s
[DONE] calibration__5873__deblur__counterfactual__nes__l1 calls=1021 margin 0.97->0.78 t=3.8s
[DONE] calibration__3045__denoise__attack__nes__l0.5 calls=1021 margin 6.10->5.66 t=4.6s
[DONE] calibration__3045__denoise__restore__nes__l0.5 calls=1021 margin 6.10->6.10 t=4.6s
[DONE] calibration__3045__denoise__random_walk__random_walk__l0.5 calls=1024 margin 6.10->5.99 t=7.3s
[DONE] calibration__3045__denoise__confidence_boost__nes__l0.5 calls=1021 margin 6.10->6.51 t=3.9s
[DONE] calibration__3045__denoise__boundary_probe__nes__l0.5 calls=1021 margin 6.10->5.63 t=3.8s
[DONE] calibration__3045__denoise__counterfactual__nes__l0.5 calls=1021 margin 6.10->5.64 t=3.8s
[DONE] calibration__3045__deblur__attack__nes__l1 calls=1021 margin 6.05->5.63 t=4.7s
[DONE] calibration__3045__deblur__restore__nes__l1 calls=1021 margin 6.05->6.14 t=4.6s
[DONE] calibration__3045__deblur__random_walk__random_walk__l1 calls=1024 margin 6.05->5.95 t=7.3s
[DONE] calibration__3045__deblur__confidence_boost__nes__l1 calls=1021 margin 6.05->6.48 t=4.0s
[DONE] calibration__3045__deblur__boundary_probe__nes__l1 calls=1021 margin 6.05->5.61 t=3.9s
[DONE] calibration__3045__deblur__counterfactual__nes__l1 calls=1021 margin 6.05->5.65 t=4.0s
[DONE] calibration__8788__denoise__attack__nes__l0.5 calls=1021 margin 3.52->3.26 t=4.7s
[DONE] calibration__8788__denoise__restore__nes__l0.5 calls=1021 margin 3.52->3.51 t=4.5s
[DONE] calibration__8788__denoise__random_walk__random_walk__l0.5 calls=1024 margin 3.52->3.47 t=7.2s
[DONE] calibration__8788__denoise__confidence_boost__nes__l0.5 calls=1021 margin 3.52->3.76 t=3.8s
[DONE] calibration__8788__denoise__boundary_probe__nes__l0.5 calls=1021 margin 3.52->3.28 t=3.7s
[DONE] calibration__8788__denoise__counterfactual__nes__l0.5 calls=1021 margin 3.52->3.25 t=3.9s
[DONE] calibration__8788__deblur__attack__nes__l1 calls=1021 margin 3.04->2.81 t=4.6s
[DONE] calibration__8788__deblur__restore__nes__l1 calls=1021 margin 3.04->3.09 t=4.3s
[DONE] calibration__8788__deblur__random_walk__random_walk__l1 calls=1024 margin 3.04->3.02 t=7.2s
[DONE] calibration__8788__deblur__confidence_boost__nes__l1 calls=1021 margin 3.04->3.28 t=3.9s
[DONE] calibration__8788__deblur__boundary_probe__nes__l1 calls=1021 margin 3.04->2.76 t=3.8s
[DONE] calibration__8788__deblur__counterfactual__nes__l1 calls=1021 margin 3.04->2.78 t=4.0s
[DONE] calibration__5935__denoise__attack__nes__l0.5 calls=1021 margin 4.46->3.84 t=4.5s
[DONE] calibration__5935__denoise__restore__nes__l0.5 calls=1021 margin 4.46->4.37 t=4.4s
[DONE] calibration__5935__denoise__random_walk__random_walk__l0.5 calls=1024 margin 4.46->4.42 t=7.1s
[DONE] calibration__5935__denoise__confidence_boost__nes__l0.5 calls=1021 margin 4.46->5.04 t=4.0s
[DONE] calibration__5935__denoise__boundary_probe__nes__l0.5 calls=1021 margin 4.46->3.81 t=3.9s
[DONE] calibration__5935__denoise__counterfactual__nes__l0.5 calls=1021 margin 4.46->3.84 t=4.2s
[DONE] calibration__5935__deblur__attack__nes__l1 calls=1021 margin 2.63->2.03 t=4.6s
[DONE] calibration__5935__deblur__restore__nes__l1 calls=1021 margin 2.63->2.72 t=4.3s
[DONE] calibration__5935__deblur__random_walk__random_walk__l1 calls=1024 margin 2.63->2.71 t=7.0s
[DONE] calibration__5935__deblur__confidence_boost__nes__l1 calls=1021 margin 2.63->3.33 t=4.0s
[DONE] calibration__5935__deblur__boundary_probe__nes__l1 calls=1021 margin 2.63->2.01 t=3.8s
[DONE] calibration__5935__deblur__counterfactual__nes__l1 calls=1021 margin 2.63->2.04 t=4.3s
[DONE] calibration__288__denoise__attack__nes__l0.5 calls=1021 margin 7.81->7.51 t=4.4s
[DONE] calibration__288__denoise__restore__nes__l0.5 calls=1021 margin 7.81->7.82 t=4.2s
[DONE] calibration__288__denoise__random_walk__random_walk__l0.5 calls=1024 margin 7.81->7.69 t=6.9s
[DONE] calibration__288__denoise__confidence_boost__nes__l0.5 calls=1021 margin 7.81->8.09 t=3.9s
[DONE] calibration__288__denoise__boundary_probe__nes__l0.5 calls=1021 margin 7.81->7.48 t=3.8s
[DONE] calibration__288__denoise__counterfactual__nes__l0.5 calls=1021 margin 7.81->7.52 t=4.2s
[DONE] calibration__288__deblur__attack__nes__l1 calls=1021 margin 7.78->7.42 t=4.5s
[DONE] calibration__288__deblur__restore__nes__l1 calls=1021 margin 7.78->7.86 t=4.2s
[DONE] calibration__288__deblur__random_walk__random_walk__l1 calls=1024 margin 7.78->7.80 t=7.0s
[DONE] calibration__288__deblur__confidence_boost__nes__l1 calls=1021 margin 7.78->8.09 t=3.9s
[DONE] calibration__288__deblur__boundary_probe__nes__l1 calls=1021 margin 7.78->7.42 t=3.7s
[DONE] calibration__288__deblur__counterfactual__nes__l1 calls=1021 margin 7.78->7.41 t=4.3s
[DONE] calibration__5780__denoise__attack__nes__l0.5 calls=1021 margin 7.87->7.26 t=4.4s
[DONE] calibration__5780__denoise__restore__nes__l0.5 calls=1021 margin 7.87->7.79 t=4.2s
[DONE] calibration__5780__denoise__random_walk__random_walk__l0.5 calls=1024 margin 7.87->8.11 t=7.0s
[DONE] calibration__5780__denoise__confidence_boost__nes__l0.5 calls=1021 margin 7.87->8.49 t=3.9s
[DONE] calibration__5780__denoise__boundary_probe__nes__l0.5 calls=1021 margin 7.87->7.21 t=3.8s
[DONE] calibration__5780__denoise__counterfactual__nes__l0.5 calls=1021 margin 7.87->7.26 t=4.3s
[DONE] calibration__5780__deblur__attack__nes__l1 calls=1021 margin 7.60->6.99 t=4.4s
[DONE] calibration__5780__deblur__restore__nes__l1 calls=1021 margin 7.60->7.67 t=4.2s
[DONE] calibration__5780__deblur__random_walk__random_walk__l1 calls=1024 margin 7.60->7.53 t=7.1s
[DONE] calibration__5780__deblur__confidence_boost__nes__l1 calls=1021 margin 7.60->8.20 t=3.9s
[DONE] calibration__5780__deblur__boundary_probe__nes__l1 calls=1021 margin 7.60->6.97 t=3.9s
[DONE] calibration__5780__deblur__counterfactual__nes__l1 calls=1021 margin 7.60->6.99 t=4.3s
[DONE] calibration__1160__denoise__attack__nes__l0.5 calls=1021 margin 3.05->2.37 t=4.3s
[DONE] calibration__1160__denoise__restore__nes__l0.5 calls=1021 margin 3.05->3.02 t=4.1s
[DONE] calibration__1160__denoise__random_walk__random_walk__l0.5 calls=1024 margin 3.05->2.82 t=6.9s
[DONE] calibration__1160__denoise__confidence_boost__nes__l0.5 calls=1021 margin 3.05->3.70 t=4.0s
[DONE] calibration__1160__denoise__boundary_probe__nes__l0.5 calls=1021 margin 3.05->2.37 t=4.0s
[DONE] calibration__1160__denoise__counterfactual__nes__l0.5 calls=1021 margin 3.05->2.38 t=4.4s
[DONE] calibration__1160__deblur__attack__nes__l1 calls=1021 margin 2.60->1.76 t=4.1s
[DONE] calibration__1160__deblur__restore__nes__l1 calls=1021 margin 2.60->2.70 t=4.2s
[DONE] calibration__1160__deblur__random_walk__random_walk__l1 calls=1024 margin 2.60->2.47 t=7.0s
[DONE] calibration__1160__deblur__confidence_boost__nes__l1 calls=1021 margin 2.60->3.47 t=3.9s
[DONE] calibration__1160__deblur__boundary_probe__nes__l1 calls=1021 margin 2.60->1.73 t=4.0s
[DONE] calibration__1160__deblur__counterfactual__nes__l1 calls=1021 margin 2.60->1.80 t=4.4s
[DONE] calibration__9347__denoise__attack__nes__l0.5 calls=1021 margin 1.16->0.90 t=4.1s
[DONE] calibration__9347__denoise__restore__nes__l0.5 calls=1021 margin 1.16->1.21 t=4.2s
[DONE] calibration__9347__denoise__random_walk__random_walk__l0.5 calls=1024 margin 1.16->1.07 t=7.0s
[DONE] calibration__9347__denoise__confidence_boost__nes__l0.5 calls=1021 margin 1.16->1.38 t=3.9s
[DONE] calibration__9347__denoise__boundary_probe__nes__l0.5 calls=1021 margin 1.16->0.83 t=4.1s
[DONE] calibration__9347__denoise__counterfactual__nes__l0.5 calls=1021 margin 1.16->0.87 t=4.4s
[DONE] calibration__9347__deblur__attack__nes__l1 calls=1021 margin 2.02->1.68 t=4.0s
[DONE] calibration__9347__deblur__restore__nes__l1 calls=1021 margin 2.02->2.03 t=4.2s
[DONE] calibration__9347__deblur__random_walk__random_walk__l1 calls=1024 margin 2.02->1.90 t=6.9s
[DONE] calibration__9347__deblur__confidence_boost__nes__l1 calls=1021 margin 2.02->2.35 t=4.1s
[DONE] calibration__9347__deblur__boundary_probe__nes__l1 calls=1021 margin 2.02->1.65 t=4.0s
[DONE] calibration__9347__deblur__counterfactual__nes__l1 calls=1021 margin 2.02->1.67 t=4.3s
[DONE] calibration__7872__denoise__attack__nes__l0.5 calls=1021 margin 4.20->3.37 t=3.9s
[DONE] calibration__7872__denoise__restore__nes__l0.5 calls=1021 margin 4.20->4.25 t=4.2s
[DONE] calibration__7872__denoise__random_walk__random_walk__l0.5 calls=1024 margin 4.20->4.21 t=7.2s
[DONE] calibration__7872__denoise__confidence_boost__nes__l0.5 calls=1021 margin 4.20->5.07 t=3.8s
[DONE] calibration__7872__denoise__boundary_probe__nes__l0.5 calls=1021 margin 4.20->3.29 t=4.1s
[DONE] calibration__7872__denoise__counterfactual__nes__l0.5 calls=1021 margin 4.20->3.29 t=4.4s
[DONE] calibration__7872__deblur__attack__nes__l1 calls=1021 margin 3.84->2.97 t=4.0s
[DONE] calibration__7872__deblur__restore__nes__l1 calls=1021 margin 3.84->4.11 t=4.3s
[DONE] calibration__7872__deblur__random_walk__random_walk__l1 calls=1024 margin 3.84->3.79 t=7.1s
[DONE] calibration__7872__deblur__confidence_boost__nes__l1 calls=1021 margin 3.84->4.53 t=3.9s
[DONE] calibration__7872__deblur__boundary_probe__nes__l1 calls=1021 margin 3.84->2.97 t=4.2s
[DONE] calibration__7872__deblur__counterfactual__nes__l1 calls=1021 margin 3.84->2.90 t=4.2s
[DONE] evaluation__3__denoise__attack__nes__l0.5 calls=1021 margin 2.73->2.23 t=3.8s
[DONE] evaluation__3__denoise__restore__nes__l0.5 calls=1021 margin 2.73->2.76 t=4.2s
[DONE] evaluation__3__denoise__random_walk__random_walk__l0.5 calls=1024 margin 2.73->2.59 t=7.2s
[DONE] evaluation__3__denoise__confidence_boost__nes__l0.5 calls=1021 margin 2.73->3.20 t=3.8s
[DONE] evaluation__3__denoise__boundary_probe__nes__l0.5 calls=1021 margin 2.73->2.18 t=4.2s
[DONE] evaluation__3__denoise__counterfactual__nes__l0.5 calls=1021 margin 2.73->2.17 t=4.3s
[DONE] evaluation__3__deblur__attack__nes__l1 calls=1021 margin 2.18->1.66 t=4.0s
[DONE] evaluation__3__deblur__restore__nes__l1 calls=1021 margin 2.18->2.33 t=4.3s
[DONE] evaluation__3__deblur__random_walk__random_walk__l1 calls=1024 margin 2.18->2.11 t=7.2s
[DONE] evaluation__3__deblur__confidence_boost__nes__l1 calls=1021 margin 2.18->2.71 t=3.8s
[DONE] evaluation__3__deblur__boundary_probe__nes__l1 calls=1021 margin 2.18->1.71 t=4.4s
[DONE] evaluation__3__deblur__counterfactual__nes__l1 calls=1021 margin 2.18->1.67 t=4.2s
[DONE] evaluation__4104__denoise__attack__nes__l0.5 calls=1021 margin 8.91->8.21 t=3.9s
[DONE] evaluation__4104__denoise__restore__nes__l0.5 calls=1021 margin 8.91->8.94 t=4.3s
[DONE] evaluation__4104__denoise__random_walk__random_walk__l0.5 calls=1024 margin 8.91->8.77 t=6.7s
[DONE] evaluation__4104__denoise__confidence_boost__nes__l0.5 calls=1021 margin 8.91->9.54 t=3.9s
[DONE] evaluation__4104__denoise__boundary_probe__nes__l0.5 calls=1021 margin 8.91->8.23 t=4.4s
[DONE] evaluation__4104__denoise__counterfactual__nes__l0.5 calls=1021 margin 8.91->8.20 t=4.1s
[DONE] evaluation__4104__deblur__attack__nes__l1 calls=1021 margin 9.39->8.81 t=4.0s
[DONE] evaluation__4104__deblur__restore__nes__l1 calls=1021 margin 9.39->9.45 t=4.2s
[DONE] evaluation__4104__deblur__random_walk__random_walk__l1 calls=1024 margin 9.39->9.31 t=7.2s
[DONE] evaluation__4104__deblur__confidence_boost__nes__l1 calls=1021 margin 9.39->9.91 t=4.1s
[DONE] evaluation__4104__deblur__boundary_probe__nes__l1 calls=1021 margin 9.39->8.73 t=4.4s
[DONE] evaluation__4104__deblur__counterfactual__nes__l1 calls=1021 margin 9.39->8.72 t=4.0s
[DONE] evaluation__5860__denoise__attack__nes__l0.5 calls=1021 margin 0.65->0.32 t=4.0s
[DONE] evaluation__5860__denoise__restore__nes__l0.5 calls=1021 margin 0.65->0.59 t=4.0s
[DONE] evaluation__5860__denoise__random_walk__random_walk__l0.5 calls=1024 margin 0.65->0.60 t=6.7s
[DONE] evaluation__5860__denoise__confidence_boost__nes__l0.5 calls=1021 margin 0.65->1.03 t=3.8s
[DONE] evaluation__5860__denoise__boundary_probe__nes__l0.5 calls=1021 margin 0.65->0.30 t=4.6s
[DONE] evaluation__5860__denoise__counterfactual__nes__l0.5 calls=1021 margin 0.65->0.30 t=4.0s
[DONE] evaluation__5860__deblur__attack__nes__l1 calls=1021 margin 0.72->0.37 t=3.8s
[DONE] evaluation__5860__deblur__restore__nes__l1 calls=1021 margin 0.72->0.77 t=3.8s
[DONE] evaluation__5860__deblur__random_walk__random_walk__l1 calls=1024 margin 0.72->0.61 t=7.0s
[DONE] evaluation__5860__deblur__confidence_boost__nes__l1 calls=1021 margin 0.72->1.14 t=3.9s
[DONE] evaluation__5860__deblur__boundary_probe__nes__l1 calls=1021 margin 0.72->0.35 t=4.5s
[DONE] evaluation__5860__deblur__counterfactual__nes__l1 calls=1021 margin 0.72->0.38 t=4.0s
[DONE] evaluation__8876__denoise__attack__nes__l0.5 calls=1021 margin 1.72->1.17 t=3.9s
[DONE] evaluation__8876__denoise__restore__nes__l0.5 calls=1021 margin 1.72->1.71 t=4.0s
[DONE] evaluation__8876__denoise__random_walk__random_walk__l0.5 calls=1024 margin 1.72->1.74 t=7.2s
[DONE] evaluation__8876__denoise__confidence_boost__nes__l0.5 calls=1021 margin 1.72->2.45 t=4.0s
[DONE] evaluation__8876__denoise__boundary_probe__nes__l0.5 calls=1021 margin 1.72->1.21 t=4.4s
[DONE] evaluation__8876__denoise__counterfactual__nes__l0.5 calls=1021 margin 1.72->1.17 t=4.1s
[DONE] evaluation__8876__deblur__attack__nes__l1 calls=1021 margin 0.87->0.40 t=3.9s
[DONE] evaluation__8876__deblur__restore__nes__l1 calls=1021 margin 0.87->1.04 t=4.0s
[DONE] evaluation__8876__deblur__random_walk__random_walk__l1 calls=1024 margin 0.87->0.97 t=7.1s
[DONE] evaluation__8876__deblur__confidence_boost__nes__l1 calls=1021 margin 0.87->1.29 t=4.0s
[DONE] evaluation__8876__deblur__boundary_probe__nes__l1 calls=1021 margin 0.87->0.32 t=4.5s
[DONE] evaluation__8876__deblur__counterfactual__nes__l1 calls=1021 margin 0.87->0.38 t=3.8s
[DONE] evaluation__1716__denoise__attack__nes__l0.5 calls=1021 margin 4.62->3.78 t=3.7s
[DONE] evaluation__1716__denoise__restore__nes__l0.5 calls=1021 margin 4.62->4.59 t=4.1s
[DONE] evaluation__1716__denoise__random_walk__random_walk__l0.5 calls=1024 margin 4.62->4.50 t=7.2s
[DONE] evaluation__1716__denoise__confidence_boost__nes__l0.5 calls=1021 margin 4.62->5.28 t=4.2s
[DONE] evaluation__1716__denoise__boundary_probe__nes__l0.5 calls=1021 margin 4.62->3.71 t=4.4s
[DONE] evaluation__1716__denoise__counterfactual__nes__l0.5 calls=1021 margin 4.62->3.79 t=4.0s
[DONE] evaluation__1716__deblur__attack__nes__l1 calls=1021 margin 4.57->3.91 t=3.9s
[DONE] evaluation__1716__deblur__restore__nes__l1 calls=1021 margin 4.57->4.66 t=4.2s
[DONE] evaluation__1716__deblur__random_walk__random_walk__l1 calls=1024 margin 4.57->4.72 t=7.1s
[DONE] evaluation__1716__deblur__confidence_boost__nes__l1 calls=1021 margin 4.57->5.17 t=4.1s
[DONE] evaluation__1716__deblur__boundary_probe__nes__l1 calls=1021 margin 4.57->3.83 t=4.5s
[DONE] evaluation__1716__deblur__counterfactual__nes__l1 calls=1021 margin 4.57->3.84 t=4.1s
[DONE] evaluation__4237__denoise__attack__nes__l0.5 calls=1021 margin 4.25->3.74 t=3.8s
[DONE] evaluation__4237__denoise__restore__nes__l0.5 calls=1021 margin 4.25->4.28 t=4.2s
[DONE] evaluation__4237__denoise__random_walk__random_walk__l0.5 calls=1024 margin 4.25->4.14 t=7.0s
[DONE] evaluation__4237__denoise__confidence_boost__nes__l0.5 calls=1021 margin 4.25->4.68 t=4.1s
[DONE] evaluation__4237__denoise__boundary_probe__nes__l0.5 calls=1021 margin 4.25->3.55 t=4.4s
[DONE] evaluation__4237__denoise__counterfactual__nes__l0.5 calls=1021 margin 4.25->3.60 t=3.9s
[DONE] evaluation__4237__deblur__attack__nes__l1 calls=1021 margin 4.81->4.17 t=4.0s
[DONE] evaluation__4237__deblur__restore__nes__l1 calls=1021 margin 4.81->4.83 t=4.1s
[DONE] evaluation__4237__deblur__random_walk__random_walk__l1 calls=1024 margin 4.81->4.53 t=7.2s
[DONE] evaluation__4237__deblur__confidence_boost__nes__l1 calls=1021 margin 4.81->5.31 t=4.3s
[DONE] evaluation__4237__deblur__boundary_probe__nes__l1 calls=1021 margin 4.81->4.14 t=4.4s
[DONE] evaluation__4237__deblur__counterfactual__nes__l1 calls=1021 margin 4.81->4.09 t=4.1s
[DONE] evaluation__7943__denoise__attack__nes__l0.5 calls=1021 margin 3.44->2.57 t=3.9s
[DONE] evaluation__7943__denoise__restore__nes__l0.5 calls=1021 margin 3.44->3.36 t=4.2s
[DONE] evaluation__7943__denoise__random_walk__random_walk__l0.5 calls=1024 margin 3.44->3.32 t=7.0s
[DONE] evaluation__7943__denoise__confidence_boost__nes__l0.5 calls=1021 margin 3.44->4.25 t=4.2s
[DONE] evaluation__7943__denoise__boundary_probe__nes__l0.5 calls=1021 margin 3.44->2.56 t=4.5s
[DONE] evaluation__7943__denoise__counterfactual__nes__l0.5 calls=1021 margin 3.44->2.51 t=3.9s
[DONE] evaluation__7943__deblur__attack__nes__l1 calls=1021 margin 3.64->2.82 t=4.2s
[DONE] evaluation__7943__deblur__restore__nes__l1 calls=1021 margin 3.64->3.72 t=4.2s
[DONE] evaluation__7943__deblur__random_walk__random_walk__l1 calls=1024 margin 3.64->3.39 t=7.1s
[DONE] evaluation__7943__deblur__confidence_boost__nes__l1 calls=1021 margin 3.64->4.31 t=4.4s
[DONE] evaluation__7943__deblur__boundary_probe__nes__l1 calls=1021 margin 3.64->2.84 t=4.5s
[DONE] evaluation__7943__deblur__counterfactual__nes__l1 calls=1021 margin 3.64->2.85 t=3.6s
[DONE] evaluation__1852__denoise__attack__nes__l0.5 calls=1021 margin 1.00->0.32 t=3.7s
[DONE] evaluation__1852__denoise__restore__nes__l0.5 calls=1021 margin 1.00->1.02 t=4.0s
[DONE] evaluation__1852__denoise__random_walk__random_walk__l0.5 calls=1024 margin 1.00->1.10 t=7.1s
[DONE] evaluation__1852__denoise__confidence_boost__nes__l0.5 calls=1021 margin 1.00->1.69 t=4.3s
[DONE] evaluation__1852__denoise__boundary_probe__nes__l0.5 calls=1021 margin 1.00->0.28 t=4.4s
[DONE] evaluation__1852__denoise__counterfactual__nes__l0.5 calls=1021 margin 1.00->0.35 t=3.8s
[DONE] evaluation__1852__deblur__attack__nes__l1 calls=1021 margin 0.65->-0.53 t=3.9s
[DONE] evaluation__1852__deblur__restore__nes__l1 calls=1021 margin 0.65->0.68 t=4.1s
[DONE] evaluation__1852__deblur__random_walk__random_walk__l1 calls=1024 margin 0.65->0.69 t=7.0s
[DONE] evaluation__1852__deblur__confidence_boost__nes__l1 calls=1021 margin 0.65->1.39 t=4.3s
[DONE] evaluation__1852__deblur__boundary_probe__nes__l1 calls=1021 margin 0.65->0.00 t=4.4s
[DONE] evaluation__1852__deblur__counterfactual__nes__l1 calls=1021 margin 0.65->-0.09 t=3.8s
[DONE] evaluation__5599__denoise__attack__nes__l0.5 calls=1021 margin 1.92->1.51 t=3.9s
[DONE] evaluation__5599__denoise__restore__nes__l0.5 calls=1021 margin 1.92->1.96 t=4.4s
[DONE] evaluation__5599__denoise__random_walk__random_walk__l0.5 calls=1024 margin 1.92->1.79 t=7.2s
[DONE] evaluation__5599__denoise__confidence_boost__nes__l0.5 calls=1021 margin 1.92->2.27 t=4.3s
[DONE] evaluation__5599__denoise__boundary_probe__nes__l0.5 calls=1021 margin 1.92->1.41 t=4.4s
[DONE] evaluation__5599__denoise__counterfactual__nes__l0.5 calls=1021 margin 1.92->1.46 t=3.8s
[DONE] evaluation__5599__deblur__attack__nes__l1 calls=1021 margin 3.65->2.66 t=4.0s
[DONE] evaluation__5599__deblur__restore__nes__l1 calls=1021 margin 3.65->3.78 t=4.5s
[DONE] evaluation__5599__deblur__random_walk__random_walk__l1 calls=1024 margin 3.65->3.38 t=7.3s
[DONE] evaluation__5599__deblur__confidence_boost__nes__l1 calls=1021 margin 3.65->4.15 t=4.9s
[DONE] evaluation__5599__deblur__boundary_probe__nes__l1 calls=1021 margin 3.65->2.65 t=4.5s
[DONE] evaluation__5599__deblur__counterfactual__nes__l1 calls=1021 margin 3.65->2.61 t=4.0s
[DONE] evaluation__7858__denoise__attack__nes__l0.5 calls=1021 margin 8.53->7.75 t=3.9s
[DONE] evaluation__7858__denoise__restore__nes__l0.5 calls=1021 margin 8.53->8.62 t=4.3s
[DONE] evaluation__7858__denoise__random_walk__random_walk__l0.5 calls=1024 margin 8.53->8.27 t=7.0s
[DONE] evaluation__7858__denoise__confidence_boost__nes__l0.5 calls=1021 margin 8.53->9.09 t=4.5s
[DONE] evaluation__7858__denoise__boundary_probe__nes__l0.5 calls=1021 margin 8.53->7.61 t=4.2s
[DONE] evaluation__7858__denoise__counterfactual__nes__l0.5 calls=1021 margin 8.53->7.69 t=3.9s
[DONE] evaluation__7858__deblur__attack__nes__l1 calls=1021 margin 8.98->8.29 t=3.7s
[DONE] evaluation__7858__deblur__restore__nes__l1 calls=1021 margin 8.98->9.08 t=4.2s
[DONE] evaluation__7858__deblur__random_walk__random_walk__l1 calls=1024 margin 8.98->8.79 t=7.0s
[DONE] evaluation__7858__deblur__confidence_boost__nes__l1 calls=1021 margin 8.98->9.56 t=4.3s
[DONE] evaluation__7858__deblur__boundary_probe__nes__l1 calls=1021 margin 8.98->8.24 t=4.1s
[DONE] evaluation__7858__deblur__counterfactual__nes__l1 calls=1021 margin 8.98->8.28 t=3.8s
[DONE] evaluation__432__denoise__attack__nes__l0.5 calls=1021 margin 0.43->0.27 t=4.1s
[DONE] evaluation__432__denoise__restore__nes__l0.5 calls=1021 margin 0.43->0.45 t=4.3s
[DONE] evaluation__432__denoise__random_walk__random_walk__l0.5 calls=1024 margin 0.43->0.42 t=7.1s
[DONE] evaluation__432__denoise__confidence_boost__nes__l0.5 calls=1021 margin 0.43->0.61 t=4.3s
[DONE] evaluation__432__denoise__boundary_probe__nes__l0.5 calls=1021 margin 0.43->0.24 t=4.2s
[DONE] evaluation__432__denoise__counterfactual__nes__l0.5 calls=1021 margin 0.43->0.23 t=3.8s
[DONE] evaluation__432__deblur__attack__nes__l1 calls=1021 margin 0.37->0.25 t=3.8s
[DONE] evaluation__432__deblur__restore__nes__l1 calls=1021 margin 0.37->0.39 t=4.3s
[DONE] evaluation__432__deblur__random_walk__random_walk__l1 calls=1024 margin 0.37->0.36 t=7.4s
[DONE] evaluation__432__deblur__confidence_boost__nes__l1 calls=1021 margin 0.37->0.51 t=4.3s
[DONE] evaluation__432__deblur__boundary_probe__nes__l1 calls=1021 margin 0.37->0.17 t=4.2s
[DONE] evaluation__432__deblur__counterfactual__nes__l1 calls=1021 margin 0.37->0.22 t=3.9s
[DONE] evaluation__3864__denoise__attack__nes__l0.5 calls=1021 margin 0.21->-0.08 t=3.9s
[DONE] evaluation__3864__denoise__restore__nes__l0.5 calls=1021 margin 0.21->0.27 t=4.0s
[DONE] evaluation__3864__denoise__random_walk__random_walk__l0.5 calls=1024 margin 0.21->0.16 t=7.4s
[DONE] evaluation__3864__denoise__confidence_boost__nes__l0.5 calls=1021 margin 0.21->0.58 t=4.3s
[DONE] evaluation__3864__denoise__boundary_probe__nes__l0.5 calls=1021 margin 0.21->0.00 t=4.3s
[DONE] evaluation__3864__denoise__counterfactual__nes__l0.5 calls=1021 margin 0.21->-0.19 t=4.0s
[DONE] evaluation__3864__deblur__attack__nes__l1 calls=1021 margin 0.33->0.01 t=3.9s
[DONE] evaluation__3864__deblur__restore__nes__l1 calls=1021 margin 0.33->0.33 t=4.3s
[DONE] evaluation__3864__deblur__random_walk__random_walk__l1 calls=1024 margin 0.33->0.45 t=7.2s
[DONE] evaluation__3864__deblur__confidence_boost__nes__l1 calls=1021 margin 0.33->0.65 t=4.1s
[DONE] evaluation__3864__deblur__boundary_probe__nes__l1 calls=1021 margin 0.33->0.00 t=4.0s
[DONE] evaluation__3864__deblur__counterfactual__nes__l1 calls=1021 margin 0.33->-0.18 t=3.8s
[DONE] evaluation__6525__denoise__attack__nes__l0.5 calls=1021 margin 1.39->1.05 t=3.9s
[DONE] evaluation__6525__denoise__restore__nes__l0.5 calls=1021 margin 1.39->1.31 t=3.9s
[DONE] evaluation__6525__denoise__random_walk__random_walk__l0.5 calls=1024 margin 1.39->1.49 t=7.3s
[DONE] evaluation__6525__denoise__confidence_boost__nes__l0.5 calls=1021 margin 1.39->1.79 t=4.1s
[DONE] evaluation__6525__denoise__boundary_probe__nes__l0.5 calls=1021 margin 1.39->0.96 t=4.3s
[DONE] evaluation__6525__denoise__counterfactual__nes__l0.5 calls=1021 margin 1.39->0.94 t=4.0s
[DONE] evaluation__6525__deblur__attack__nes__l1 calls=1021 margin 1.57->1.23 t=3.9s
[DONE] evaluation__6525__deblur__restore__nes__l1 calls=1021 margin 1.57->1.52 t=4.2s
[DONE] evaluation__6525__deblur__random_walk__random_walk__l1 calls=1024 margin 1.57->1.56 t=7.6s
[DONE] evaluation__6525__deblur__confidence_boost__nes__l1 calls=1021 margin 1.57->1.98 t=4.1s
[DONE] evaluation__6525__deblur__boundary_probe__nes__l1 calls=1021 margin 1.57->1.06 t=4.2s
[DONE] evaluation__6525__deblur__counterfactual__nes__l1 calls=1021 margin 1.57->1.09 t=4.0s
[DONE] evaluation__8736__denoise__attack__nes__l0.5 calls=1021 margin 0.12->-0.40 t=3.9s
[DONE] evaluation__8736__denoise__restore__nes__l0.5 calls=1021 margin 0.12->0.13 t=4.2s
[DONE] evaluation__8736__denoise__random_walk__random_walk__l0.5 calls=1024 margin 0.12->0.11 t=7.5s
[DONE] evaluation__8736__denoise__confidence_boost__nes__l0.5 calls=1021 margin 0.12->0.64 t=4.0s
[DONE] evaluation__8736__denoise__boundary_probe__nes__l0.5 calls=1021 margin 0.12->0.00 t=4.2s
[DONE] evaluation__8736__denoise__counterfactual__nes__l0.5 calls=1021 margin 0.12->-0.40 t=4.0s
[DONE] evaluation__8736__deblur__attack__nes__l1 calls=1021 margin 0.12->-0.15 t=3.9s
[DONE] evaluation__8736__deblur__restore__nes__l1 calls=1021 margin 0.12->0.17 t=4.3s
[DONE] evaluation__8736__deblur__random_walk__random_walk__l1 calls=1024 margin 0.12->0.07 t=7.3s
[DONE] evaluation__8736__deblur__confidence_boost__nes__l1 calls=1021 margin 0.12->0.43 t=4.0s
[DONE] evaluation__8736__deblur__boundary_probe__nes__l1 calls=1021 margin 0.12->0.00 t=4.0s
[DONE] evaluation__8736__deblur__counterfactual__nes__l1 calls=1021 margin 0.12->-0.18 t=3.9s
[DONE] evaluation__2501__denoise__attack__nes__l0.5 calls=1021 margin 0.98->0.62 t=3.7s
[DONE] evaluation__2501__denoise__restore__nes__l0.5 calls=1021 margin 0.98->1.07 t=4.2s
[DONE] evaluation__2501__denoise__random_walk__random_walk__l0.5 calls=1024 margin 0.98->0.95 t=7.3s
[DONE] evaluation__2501__denoise__confidence_boost__nes__l0.5 calls=1021 margin 0.98->1.36 t=3.9s
[DONE] evaluation__2501__denoise__boundary_probe__nes__l0.5 calls=1021 margin 0.98->0.62 t=4.3s
[DONE] evaluation__2501__denoise__counterfactual__nes__l0.5 calls=1021 margin 0.98->0.61 t=3.9s
[DONE] evaluation__2501__deblur__attack__nes__l1 calls=1021 margin 1.24->1.01 t=3.8s
[DONE] evaluation__2501__deblur__restore__nes__l1 calls=1021 margin 1.24->1.30 t=4.2s
[DONE] evaluation__2501__deblur__random_walk__random_walk__l1 calls=1024 margin 1.24->1.33 t=7.6s
[DONE] evaluation__2501__deblur__confidence_boost__nes__l1 calls=1021 margin 1.24->1.53 t=4.1s
[DONE] evaluation__2501__deblur__boundary_probe__nes__l1 calls=1021 margin 1.24->0.98 t=4.4s
[DONE] evaluation__2501__deblur__counterfactual__nes__l1 calls=1021 margin 1.24->0.98 t=4.1s
[DONE] evaluation__4957__denoise__attack__nes__l0.5 calls=1021 margin 0.96->0.71 t=3.7s
[DONE] evaluation__4957__denoise__restore__nes__l0.5 calls=1021 margin 0.96->1.01 t=4.2s
[DONE] evaluation__4957__denoise__random_walk__random_walk__l0.5 calls=1024 margin 0.96->0.84 t=7.4s
[DONE] evaluation__4957__denoise__confidence_boost__nes__l0.5 calls=1021 margin 0.96->1.29 t=4.0s
[DONE] evaluation__4957__denoise__boundary_probe__nes__l0.5 calls=1021 margin 0.96->0.69 t=4.4s
[DONE] evaluation__4957__denoise__counterfactual__nes__l0.5 calls=1021 margin 0.96->0.67 t=3.9s
[DONE] evaluation__4957__deblur__attack__nes__l1 calls=1021 margin 0.75->0.65 t=3.8s
[DONE] evaluation__4957__deblur__restore__nes__l1 calls=1021 margin 0.75->0.80 t=4.2s
[DONE] evaluation__4957__deblur__random_walk__random_walk__l1 calls=1024 margin 0.75->0.77 t=7.5s
[DONE] evaluation__4957__deblur__confidence_boost__nes__l1 calls=1021 margin 0.75->0.92 t=4.2s
[DONE] evaluation__4957__deblur__boundary_probe__nes__l1 calls=1021 margin 0.75->0.62 t=4.5s
[DONE] evaluation__4957__deblur__counterfactual__nes__l1 calls=1021 margin 0.75->0.64 t=4.1s
[DONE] evaluation__7801__denoise__attack__nes__l0.5 calls=1021 margin 0.43->0.21 t=3.9s
[DONE] evaluation__7801__denoise__restore__nes__l0.5 calls=1021 margin 0.43->0.44 t=4.4s
[DONE] evaluation__7801__denoise__random_walk__random_walk__l0.5 calls=1024 margin 0.43->0.35 t=7.6s
[DONE] evaluation__7801__denoise__confidence_boost__nes__l0.5 calls=1021 margin 0.43->0.65 t=4.2s
[DONE] evaluation__7801__denoise__boundary_probe__nes__l0.5 calls=1021 margin 0.43->0.17 t=4.3s
[DONE] evaluation__7801__denoise__counterfactual__nes__l0.5 calls=1021 margin 0.43->0.20 t=4.0s
[DONE] evaluation__7801__deblur__attack__nes__l1 calls=1021 margin 0.10->-0.13 t=3.8s
[DONE] evaluation__7801__deblur__restore__nes__l1 calls=1021 margin 0.10->0.10 t=4.3s
[DONE] evaluation__7801__deblur__random_walk__random_walk__l1 calls=1024 margin 0.10->0.15 t=7.4s
[DONE] evaluation__7801__deblur__confidence_boost__nes__l1 calls=1021 margin 0.10->0.33 t=4.3s
[DONE] evaluation__7801__deblur__boundary_probe__nes__l1 calls=1021 margin 0.10->0.00 t=4.2s
[DONE] evaluation__7801__deblur__counterfactual__nes__l1 calls=1021 margin 0.10->-0.10 t=4.0s
[DONE] evaluation__510__denoise__attack__nes__l0.5 calls=1021 margin 7.61->6.73 t=4.0s
[DONE] evaluation__510__denoise__restore__nes__l0.5 calls=1021 margin 7.61->7.50 t=4.4s
[DONE] evaluation__510__denoise__random_walk__random_walk__l0.5 calls=1024 margin 7.61->7.48 t=7.2s
[DONE] evaluation__510__denoise__confidence_boost__nes__l0.5 calls=1021 margin 7.61->8.22 t=4.2s
[DONE] evaluation__510__denoise__boundary_probe__nes__l0.5 calls=1021 margin 7.61->6.70 t=4.1s
[DONE] evaluation__510__denoise__counterfactual__nes__l0.5 calls=1021 margin 7.61->6.71 t=4.0s
[DONE] evaluation__510__deblur__attack__nes__l1 calls=1021 margin 6.17->4.88 t=3.9s
[DONE] evaluation__510__deblur__restore__nes__l1 calls=1021 margin 6.17->6.54 t=4.4s
[DONE] evaluation__510__deblur__random_walk__random_walk__l1 calls=1024 margin 6.17->5.80 t=7.4s
[DONE] evaluation__510__deblur__confidence_boost__nes__l1 calls=1021 margin 6.17->7.16 t=4.1s
[DONE] evaluation__510__deblur__boundary_probe__nes__l1 calls=1021 margin 6.17->4.93 t=4.2s
[DONE] evaluation__510__deblur__counterfactual__nes__l1 calls=1021 margin 6.17->4.91 t=3.7s
[DONE] evaluation__2969__denoise__attack__nes__l0.5 calls=1021 margin 3.81->3.18 t=4.0s
[DONE] evaluation__2969__denoise__restore__nes__l0.5 calls=1021 margin 3.81->3.85 t=4.6s
[DONE] evaluation__2969__denoise__random_walk__random_walk__l0.5 calls=1024 margin 3.81->3.75 t=6.9s
[DONE] evaluation__2969__denoise__confidence_boost__nes__l0.5 calls=1021 margin 3.81->4.44 t=4.2s
[DONE] evaluation__2969__denoise__boundary_probe__nes__l0.5 calls=1021 margin 3.81->3.14 t=4.3s
[DONE] evaluation__2969__denoise__counterfactual__nes__l0.5 calls=1021 margin 3.81->3.21 t=3.9s
[DONE] evaluation__2969__deblur__attack__nes__l1 calls=1021 margin 2.19->1.52 t=4.0s
[DONE] evaluation__2969__deblur__restore__nes__l1 calls=1021 margin 2.19->2.46 t=4.7s
[DONE] evaluation__2969__deblur__random_walk__random_walk__l1 calls=1024 margin 2.19->2.10 t=7.3s
[DONE] evaluation__2969__deblur__confidence_boost__nes__l1 calls=1021 margin 2.19->2.86 t=4.3s
[DONE] evaluation__2969__deblur__boundary_probe__nes__l1 calls=1021 margin 2.19->1.53 t=4.1s
[DONE] evaluation__2969__deblur__counterfactual__nes__l1 calls=1021 margin 2.19->1.48 t=3.8s
[DONE] evaluation__5044__denoise__attack__nes__l0.5 calls=1021 margin 2.28->2.05 t=3.9s
[DONE] evaluation__5044__denoise__restore__nes__l0.5 calls=1021 margin 2.28->2.25 t=4.8s
[DONE] evaluation__5044__denoise__random_walk__random_walk__l0.5 calls=1024 margin 2.28->2.30 t=7.0s
[DONE] evaluation__5044__denoise__confidence_boost__nes__l0.5 calls=1021 margin 2.28->2.51 t=4.3s
[DONE] evaluation__5044__denoise__boundary_probe__nes__l0.5 calls=1021 margin 2.28->2.07 t=4.0s
[DONE] evaluation__5044__denoise__counterfactual__nes__l0.5 calls=1021 margin 2.28->2.05 t=3.9s
[DONE] evaluation__5044__deblur__attack__nes__l1 calls=1021 margin 1.72->1.52 t=4.1s
[DONE] evaluation__5044__deblur__restore__nes__l1 calls=1021 margin 1.72->1.79 t=4.7s
[DONE] evaluation__5044__deblur__random_walk__random_walk__l1 calls=1024 margin 1.72->1.70 t=7.2s
[DONE] evaluation__5044__deblur__confidence_boost__nes__l1 calls=1021 margin 1.72->1.97 t=4.2s
[DONE] evaluation__5044__deblur__boundary_probe__nes__l1 calls=1021 margin 1.72->1.51 t=4.1s
[DONE] evaluation__5044__deblur__counterfactual__nes__l1 calls=1021 margin 1.72->1.49 t=3.9s
[DONE] evaluation__901__denoise__attack__nes__l0.5 calls=1021 margin 1.44->1.27 t=3.7s
[DONE] evaluation__901__denoise__restore__nes__l0.5 calls=1021 margin 1.44->1.42 t=4.6s
[DONE] evaluation__901__denoise__random_walk__random_walk__l0.5 calls=1024 margin 1.44->1.39 t=7.2s
[DONE] evaluation__901__denoise__confidence_boost__nes__l0.5 calls=1021 margin 1.44->1.64 t=4.0s
[DONE] evaluation__901__denoise__boundary_probe__nes__l0.5 calls=1021 margin 1.44->1.24 t=3.9s
[DONE] evaluation__901__denoise__counterfactual__nes__l0.5 calls=1021 margin 1.44->1.26 t=3.8s
[DONE] evaluation__901__deblur__attack__nes__l1 calls=1021 margin 1.12->0.97 t=3.9s
[DONE] evaluation__901__deblur__restore__nes__l1 calls=1021 margin 1.12->1.16 t=4.7s
[DONE] evaluation__901__deblur__random_walk__random_walk__l1 calls=1024 margin 1.12->1.16 t=7.2s
[DONE] evaluation__901__deblur__confidence_boost__nes__l1 calls=1021 margin 1.12->1.27 t=4.2s
[DONE] evaluation__901__deblur__boundary_probe__nes__l1 calls=1021 margin 1.12->0.95 t=4.0s
[DONE] evaluation__901__deblur__counterfactual__nes__l1 calls=1021 margin 1.12->0.94 t=3.8s
[DONE] evaluation__3455__denoise__attack__nes__l0.5 calls=1021 margin 3.42->2.94 t=3.9s
[DONE] evaluation__3455__denoise__restore__nes__l0.5 calls=1021 margin 3.42->3.43 t=4.6s
[DONE] evaluation__3455__denoise__random_walk__random_walk__l0.5 calls=1024 margin 3.42->3.46 t=7.3s
[DONE] evaluation__3455__denoise__confidence_boost__nes__l0.5 calls=1021 margin 3.42->3.87 t=4.0s
[DONE] evaluation__3455__denoise__boundary_probe__nes__l0.5 calls=1021 margin 3.42->2.94 t=4.0s
[DONE] evaluation__3455__denoise__counterfactual__nes__l0.5 calls=1021 margin 3.42->2.92 t=3.6s
[DONE] evaluation__3455__deblur__attack__nes__l1 calls=1021 margin 3.07->2.61 t=3.9s
[DONE] evaluation__3455__deblur__restore__nes__l1 calls=1021 margin 3.07->3.14 t=4.6s
[DONE] evaluation__3455__deblur__random_walk__random_walk__l1 calls=1024 margin 3.07->3.04 t=7.4s
[DONE] evaluation__3455__deblur__confidence_boost__nes__l1 calls=1021 margin 3.07->3.56 t=4.1s
[DONE] evaluation__3455__deblur__boundary_probe__nes__l1 calls=1021 margin 3.07->2.64 t=4.1s
[DONE] evaluation__3455__deblur__counterfactual__nes__l1 calls=1021 margin 3.07->2.62 t=3.9s
[DONE] evaluation__6809__denoise__attack__nes__l0.5 calls=1021 margin 0.96->0.82 t=3.9s
[DONE] evaluation__6809__denoise__restore__nes__l0.5 calls=1021 margin 0.96->0.94 t=4.6s
[DONE] evaluation__6809__denoise__random_walk__random_walk__l0.5 calls=1024 margin 0.96->0.96 t=7.5s
[DONE] evaluation__6809__denoise__confidence_boost__nes__l0.5 calls=1021 margin 0.96->1.13 t=4.0s
[DONE] evaluation__6809__denoise__boundary_probe__nes__l0.5 calls=1021 margin 0.96->0.80 t=4.0s
[DONE] evaluation__6809__denoise__counterfactual__nes__l0.5 calls=1021 margin 0.96->0.81 t=3.8s
[DONE] evaluation__6809__deblur__attack__nes__l1 calls=1021 margin 0.51->0.36 t=4.0s
[DONE] evaluation__6809__deblur__restore__nes__l1 calls=1021 margin 0.51->0.56 t=4.6s
[DONE] evaluation__6809__deblur__random_walk__random_walk__l1 calls=1024 margin 0.51->0.57 t=7.5s
[DONE] evaluation__6809__deblur__confidence_boost__nes__l1 calls=1021 margin 0.51->0.69 t=4.2s
[DONE] evaluation__6809__deblur__boundary_probe__nes__l1 calls=1021 margin 0.51->0.35 t=4.2s
[DONE] evaluation__6809__deblur__counterfactual__nes__l1 calls=1021 margin 0.51->0.38 t=3.9s
[DONE] evaluation__9314__denoise__attack__nes__l0.5 calls=1021 margin 2.81->2.38 t=3.9s
[DONE] evaluation__9314__denoise__restore__nes__l0.5 calls=1021 margin 2.81->2.70 t=4.5s
[DONE] evaluation__9314__denoise__random_walk__random_walk__l0.5 calls=1024 margin 2.81->2.90 t=7.1s
[DONE] evaluation__9314__denoise__confidence_boost__nes__l0.5 calls=1021 margin 2.81->3.30 t=3.9s
[DONE] evaluation__9314__denoise__boundary_probe__nes__l0.5 calls=1021 margin 2.81->2.34 t=3.9s
[DONE] evaluation__9314__denoise__counterfactual__nes__l0.5 calls=1021 margin 2.81->2.40 t=3.8s
[DONE] evaluation__9314__deblur__attack__nes__l1 calls=1021 margin 0.69->0.50 t=4.1s
[DONE] evaluation__9314__deblur__restore__nes__l1 calls=1021 margin 0.69->0.78 t=4.4s
[DONE] evaluation__9314__deblur__random_walk__random_walk__l1 calls=1024 margin 0.69->0.84 t=7.5s
[DONE] evaluation__9314__deblur__confidence_boost__nes__l1 calls=1021 margin 0.69->0.94 t=4.0s
[DONE] evaluation__9314__deblur__boundary_probe__nes__l1 calls=1021 margin 0.69->0.47 t=4.2s
[DONE] evaluation__9314__deblur__counterfactual__nes__l1 calls=1021 margin 0.69->0.51 t=3.9s
[DONE] evaluation__2131__denoise__attack__nes__l0.5 calls=1021 margin 0.86->0.46 t=4.0s
[DONE] evaluation__2131__denoise__restore__nes__l0.5 calls=1021 margin 0.86->0.78 t=4.4s
[DONE] evaluation__2131__denoise__random_walk__random_walk__l0.5 calls=1024 margin 0.86->0.93 t=7.1s
[DONE] evaluation__2131__denoise__confidence_boost__nes__l0.5 calls=1021 margin 0.86->1.26 t=4.1s
[DONE] evaluation__2131__denoise__boundary_probe__nes__l0.5 calls=1021 margin 0.86->0.34 t=4.3s
[DONE] evaluation__2131__denoise__counterfactual__nes__l0.5 calls=1021 margin 0.86->0.34 t=3.8s
[DONE] evaluation__2131__deblur__attack__nes__l1 calls=1021 margin 0.07->-0.43 t=4.1s
[DONE] evaluation__2131__deblur__restore__nes__l1 calls=1021 margin 0.07->0.18 t=4.7s
[DONE] evaluation__2131__deblur__random_walk__random_walk__l1 calls=1024 margin 0.07->0.26 t=7.1s
[DONE] evaluation__2131__deblur__confidence_boost__nes__l1 calls=1021 margin 0.07->0.61 t=4.2s
[DONE] evaluation__2131__deblur__boundary_probe__nes__l1 calls=1021 margin 0.07->0.00 t=4.2s
[DONE] evaluation__2131__deblur__counterfactual__nes__l1 calls=1021 margin 0.07->-0.34 t=3.9s
[DONE] evaluation__5768__denoise__attack__nes__l0.5 calls=1021 margin 7.86->7.33 t=4.1s
[DONE] evaluation__5768__denoise__restore__nes__l0.5 calls=1021 margin 7.86->7.82 t=4.4s
[DONE] evaluation__5768__denoise__random_walk__random_walk__l0.5 calls=1024 margin 7.86->7.75 t=7.3s
[DONE] evaluation__5768__denoise__confidence_boost__nes__l0.5 calls=1021 margin 7.86->8.40 t=4.1s
[DONE] evaluation__5768__denoise__boundary_probe__nes__l0.5 calls=1021 margin 7.86->7.28 t=4.2s
[DONE] evaluation__5768__denoise__counterfactual__nes__l0.5 calls=1021 margin 7.86->7.32 t=3.9s
[DONE] evaluation__5768__deblur__attack__nes__l1 calls=1021 margin 7.59->7.04 t=4.0s
[DONE] evaluation__5768__deblur__restore__nes__l1 calls=1021 margin 7.59->7.73 t=4.6s
[DONE] evaluation__5768__deblur__random_walk__random_walk__l1 calls=1024 margin 7.59->7.50 t=7.3s
[DONE] evaluation__5768__deblur__confidence_boost__nes__l1 calls=1021 margin 7.59->8.07 t=4.0s
[DONE] evaluation__5768__deblur__boundary_probe__nes__l1 calls=1021 margin 7.59->7.04 t=4.1s
[DONE] evaluation__5768__deblur__counterfactual__nes__l1 calls=1021 margin 7.59->7.05 t=3.8s
[DONE] evaluation__8560__denoise__attack__nes__l0.5 calls=1021 margin 4.65->4.33 t=4.1s
[DONE] evaluation__8560__denoise__restore__nes__l0.5 calls=1021 margin 4.65->4.65 t=4.5s
[DONE] evaluation__8560__denoise__random_walk__random_walk__l0.5 calls=1024 margin 4.65->4.64 t=7.2s
[DONE] evaluation__8560__denoise__confidence_boost__nes__l0.5 calls=1021 margin 4.65->4.95 t=4.1s
[DONE] evaluation__8560__denoise__boundary_probe__nes__l0.5 calls=1021 margin 4.65->4.29 t=4.3s
[DONE] evaluation__8560__denoise__counterfactual__nes__l0.5 calls=1021 margin 4.65->4.33 t=4.0s
[DONE] evaluation__8560__deblur__attack__nes__l1 calls=1021 margin 4.92->4.57 t=4.2s
[DONE] evaluation__8560__deblur__restore__nes__l1 calls=1021 margin 4.92->4.92 t=4.7s
[DONE] evaluation__8560__deblur__random_walk__random_walk__l1 calls=1024 margin 4.92->4.88 t=7.2s
[DONE] evaluation__8560__deblur__confidence_boost__nes__l1 calls=1021 margin 4.92->5.22 t=4.5s
[DONE] evaluation__8560__deblur__boundary_probe__nes__l1 calls=1021 margin 4.92->4.54 t=4.2s
[DONE] evaluation__8560__deblur__counterfactual__nes__l1 calls=1021 margin 4.92->4.55 t=3.9s
[DONE] evaluation__2374__denoise__attack__nes__l0.5 calls=1021 margin 3.52->2.74 t=4.1s
[DONE] evaluation__2374__denoise__restore__nes__l0.5 calls=1021 margin 3.52->3.57 t=4.6s
[DONE] evaluation__2374__denoise__random_walk__random_walk__l0.5 calls=1024 margin 3.52->3.26 t=7.0s
[DONE] evaluation__2374__denoise__confidence_boost__nes__l0.5 calls=1021 margin 3.52->4.15 t=4.0s
[DONE] evaluation__2374__denoise__boundary_probe__nes__l0.5 calls=1021 margin 3.52->2.66 t=4.0s
[DONE] evaluation__2374__denoise__counterfactual__nes__l0.5 calls=1021 margin 3.52->2.74 t=4.1s
[DONE] evaluation__2374__deblur__attack__nes__l1 calls=1021 margin 4.58->4.25 t=4.1s
[DONE] evaluation__2374__deblur__restore__nes__l1 calls=1021 margin 4.58->4.69 t=4.6s
[DONE] evaluation__2374__deblur__random_walk__random_walk__l1 calls=1024 margin 4.58->4.62 t=7.1s
[DONE] evaluation__2374__deblur__confidence_boost__nes__l1 calls=1021 margin 4.58->4.97 t=4.0s
[DONE] evaluation__2374__deblur__boundary_probe__nes__l1 calls=1021 margin 4.58->4.06 t=4.0s
[DONE] evaluation__2374__deblur__counterfactual__nes__l1 calls=1021 margin 4.58->4.09 t=4.0s
[DONE] evaluation__5020__denoise__attack__nes__l0.5 calls=1021 margin 5.63->5.14 t=4.4s
[DONE] evaluation__5020__denoise__restore__nes__l0.5 calls=1021 margin 5.63->5.65 t=4.5s
[DONE] evaluation__5020__denoise__random_walk__random_walk__l0.5 calls=1024 margin 5.63->5.58 t=7.2s
[DONE] evaluation__5020__denoise__confidence_boost__nes__l0.5 calls=1021 margin 5.63->6.07 t=4.0s
[DONE] evaluation__5020__denoise__boundary_probe__nes__l0.5 calls=1021 margin 5.63->5.12 t=3.9s
[DONE] evaluation__5020__denoise__counterfactual__nes__l0.5 calls=1021 margin 5.63->5.13 t=3.9s
[DONE] evaluation__5020__deblur__attack__nes__l1 calls=1021 margin 5.56->5.24 t=4.6s
[DONE] evaluation__5020__deblur__restore__nes__l1 calls=1021 margin 5.56->5.61 t=4.6s
[DONE] evaluation__5020__deblur__random_walk__random_walk__l1 calls=1024 margin 5.56->5.41 t=6.9s
[DONE] evaluation__5020__deblur__confidence_boost__nes__l1 calls=1021 margin 5.56->5.90 t=4.3s
[DONE] evaluation__5020__deblur__boundary_probe__nes__l1 calls=1021 margin 5.56->5.13 t=4.0s
[DONE] evaluation__5020__deblur__counterfactual__nes__l1 calls=1021 margin 5.56->5.14 t=4.0s
[DONE] evaluation__8287__denoise__attack__nes__l0.5 calls=1021 margin 4.88->4.28 t=4.3s
[DONE] evaluation__8287__denoise__restore__nes__l0.5 calls=1021 margin 4.88->4.92 t=4.6s
[DONE] evaluation__8287__denoise__random_walk__random_walk__l0.5 calls=1024 margin 4.88->4.84 t=6.8s
[DONE] evaluation__8287__denoise__confidence_boost__nes__l0.5 calls=1021 margin 4.88->5.42 t=3.9s
[DONE] evaluation__8287__denoise__boundary_probe__nes__l0.5 calls=1021 margin 4.88->4.25 t=3.9s
[DONE] evaluation__8287__denoise__counterfactual__nes__l0.5 calls=1021 margin 4.88->4.24 t=4.0s
[DONE] evaluation__8287__deblur__attack__nes__l1 calls=1021 margin 5.83->5.32 t=4.4s
[DONE] evaluation__8287__deblur__restore__nes__l1 calls=1021 margin 5.83->5.89 t=4.8s
[DONE] evaluation__8287__deblur__random_walk__random_walk__l1 calls=1024 margin 5.83->5.66 t=6.7s
[DONE] evaluation__8287__deblur__confidence_boost__nes__l1 calls=1021 margin 5.83->6.31 t=3.9s
[DONE] evaluation__8287__deblur__boundary_probe__nes__l1 calls=1021 margin 5.83->5.31 t=4.1s
[DONE] evaluation__8287__deblur__counterfactual__nes__l1 calls=1021 margin 5.83->5.27 t=3.9s
[DONE] evaluation__1844__denoise__attack__nes__l0.5 calls=1021 margin 5.98->4.97 t=4.3s
[DONE] evaluation__1844__denoise__restore__nes__l0.5 calls=1021 margin 5.98->5.97 t=4.6s
[DONE] evaluation__1844__denoise__random_walk__random_walk__l0.5 calls=1024 margin 5.98->5.82 t=6.6s
[DONE] evaluation__1844__denoise__confidence_boost__nes__l0.5 calls=1021 margin 5.98->6.77 t=3.9s
[DONE] evaluation__1844__denoise__boundary_probe__nes__l0.5 calls=1021 margin 5.98->5.14 t=3.9s
[DONE] evaluation__1844__denoise__counterfactual__nes__l0.5 calls=1021 margin 5.98->5.03 t=3.9s
[DONE] evaluation__1844__deblur__attack__nes__l1 calls=1021 margin 4.55->3.62 t=4.2s
[DONE] evaluation__1844__deblur__restore__nes__l1 calls=1021 margin 4.55->4.66 t=4.7s
[DONE] evaluation__1844__deblur__random_walk__random_walk__l1 calls=1024 margin 4.55->4.43 t=7.4s
[DONE] evaluation__1844__deblur__confidence_boost__nes__l1 calls=1021 margin 4.55->5.52 t=4.2s
[DONE] evaluation__1844__deblur__boundary_probe__nes__l1 calls=1021 margin 4.55->3.55 t=3.9s
[DONE] evaluation__1844__deblur__counterfactual__nes__l1 calls=1021 margin 4.55->3.60 t=4.0s
[DONE] evaluation__3638__denoise__attack__nes__l0.5 calls=1021 margin 8.40->7.89 t=4.4s
[DONE] evaluation__3638__denoise__restore__nes__l0.5 calls=1021 margin 8.40->8.41 t=4.6s
[DONE] evaluation__3638__denoise__random_walk__random_walk__l0.5 calls=1024 margin 8.40->8.49 t=6.7s
[DONE] evaluation__3638__denoise__confidence_boost__nes__l0.5 calls=1021 margin 8.40->8.83 t=4.0s
[DONE] evaluation__3638__denoise__boundary_probe__nes__l0.5 calls=1021 margin 8.40->7.81 t=4.1s
[DONE] evaluation__3638__denoise__counterfactual__nes__l0.5 calls=1021 margin 8.40->7.77 t=4.1s
[DONE] evaluation__3638__deblur__attack__nes__l1 calls=1021 margin 8.80->8.43 t=4.3s
[DONE] evaluation__3638__deblur__restore__nes__l1 calls=1021 margin 8.80->8.89 t=4.7s
[DONE] evaluation__3638__deblur__random_walk__random_walk__l1 calls=1024 margin 8.80->8.69 t=6.7s
[DONE] evaluation__3638__deblur__confidence_boost__nes__l1 calls=1021 margin 8.80->9.05 t=4.1s
[DONE] evaluation__3638__deblur__boundary_probe__nes__l1 calls=1021 margin 8.80->8.32 t=3.9s
[DONE] evaluation__3638__deblur__counterfactual__nes__l1 calls=1021 margin 8.80->8.32 t=4.0s
[DONE] evaluation__6974__denoise__attack__nes__l0.5 calls=1021 margin 7.13->6.54 t=4.3s
[DONE] evaluation__6974__denoise__restore__nes__l0.5 calls=1021 margin 7.13->7.13 t=4.6s
[DONE] evaluation__6974__denoise__random_walk__random_walk__l0.5 calls=1024 margin 7.13->7.02 t=6.8s
[DONE] evaluation__6974__denoise__confidence_boost__nes__l0.5 calls=1021 margin 7.13->7.62 t=4.0s
[DONE] evaluation__6974__denoise__boundary_probe__nes__l0.5 calls=1021 margin 7.13->6.52 t=4.0s
[DONE] evaluation__6974__denoise__counterfactual__nes__l0.5 calls=1021 margin 7.13->6.52 t=4.0s
[DONE] evaluation__6974__deblur__attack__nes__l1 calls=1021 margin 6.46->5.82 t=4.5s
[DONE] evaluation__6974__deblur__restore__nes__l1 calls=1021 margin 6.46->6.59 t=4.6s
[DONE] evaluation__6974__deblur__random_walk__random_walk__l1 calls=1024 margin 6.46->6.24 t=7.0s
[DONE] evaluation__6974__deblur__confidence_boost__nes__l1 calls=1021 margin 6.46->6.95 t=4.2s
[DONE] evaluation__6974__deblur__boundary_probe__nes__l1 calls=1021 margin 6.46->5.63 t=3.9s
[DONE] evaluation__6974__deblur__counterfactual__nes__l1 calls=1021 margin 6.46->5.69 t=4.0s
[DONE] evaluation__8763__denoise__attack__nes__l0.5 calls=1021 margin 6.52->6.14 t=4.6s
[DONE] evaluation__8763__denoise__restore__nes__l0.5 calls=1021 margin 6.52->6.48 t=4.5s
[DONE] evaluation__8763__denoise__random_walk__random_walk__l0.5 calls=1024 margin 6.52->6.46 t=6.7s
[DONE] evaluation__8763__denoise__confidence_boost__nes__l0.5 calls=1021 margin 6.52->6.85 t=4.1s
[DONE] evaluation__8763__denoise__boundary_probe__nes__l0.5 calls=1021 margin 6.52->6.11 t=4.0s
[DONE] evaluation__8763__denoise__counterfactual__nes__l0.5 calls=1021 margin 6.52->6.11 t=4.2s
[DONE] evaluation__8763__deblur__attack__nes__l1 calls=1021 margin 5.43->4.70 t=4.5s
[DONE] evaluation__8763__deblur__restore__nes__l1 calls=1021 margin 5.43->5.55 t=4.4s
[DONE] evaluation__8763__deblur__random_walk__random_walk__l1 calls=1024 margin 5.43->5.26 t=6.6s
[DONE] evaluation__8763__deblur__confidence_boost__nes__l1 calls=1021 margin 5.43->5.99 t=4.1s
[DONE] evaluation__8763__deblur__boundary_probe__nes__l1 calls=1021 margin 5.43->4.75 t=4.1s
[DONE] evaluation__8763__deblur__counterfactual__nes__l1 calls=1021 margin 5.43->4.73 t=4.3s
[DONE] fit__6494__denoise__attack__nes__l0.5 calls=1021 margin 7.87->7.32 t=4.6s
[DONE] fit__6494__denoise__restore__nes__l0.5 calls=1021 margin 7.87->7.89 t=4.5s
[DONE] fit__6494__denoise__random_walk__random_walk__l0.5 calls=1024 margin 7.87->7.78 t=7.0s
[DONE] fit__6494__denoise__confidence_boost__nes__l0.5 calls=1021 margin 7.87->8.27 t=3.8s
[DONE] fit__6494__denoise__boundary_probe__nes__l0.5 calls=1021 margin 7.87->7.32 t=4.0s
[DONE] fit__6494__denoise__counterfactual__nes__l0.5 calls=1021 margin 7.87->7.38 t=4.4s
[DONE] fit__6494__deblur__attack__nes__l1 calls=1021 margin 7.52->6.92 t=4.5s
[DONE] fit__6494__deblur__restore__nes__l1 calls=1021 margin 7.52->7.61 t=4.2s
[DONE] fit__6494__deblur__random_walk__random_walk__l1 calls=1024 margin 7.52->7.59 t=6.8s
[DONE] fit__6494__deblur__confidence_boost__nes__l1 calls=1021 margin 7.52->7.97 t=3.9s
[DONE] fit__6494__deblur__boundary_probe__nes__l1 calls=1021 margin 7.52->6.97 t=4.3s
[DONE] fit__6494__deblur__counterfactual__nes__l1 calls=1021 margin 7.52->6.98 t=4.1s
[DONE] fit__131__denoise__attack__nes__l0.5 calls=1021 margin 12.79->12.78 t=4.5s
[DONE] fit__131__denoise__restore__nes__l0.5 calls=1021 margin 12.79->12.74 t=4.3s
[DONE] fit__131__denoise__random_walk__random_walk__l0.5 calls=1024 margin 12.79->12.71 t=6.9s
[DONE] fit__131__denoise__confidence_boost__nes__l0.5 calls=1021 margin 12.79->12.80 t=4.0s
[DONE] fit__131__denoise__boundary_probe__nes__l0.5 calls=1021 margin 12.79->12.31 t=4.0s
[DONE] fit__131__denoise__counterfactual__nes__l0.5 calls=1021 margin 12.79->12.28 t=4.3s
[DONE] fit__131__deblur__attack__nes__l1 calls=1021 margin 12.61->12.58 t=4.5s
[DONE] fit__131__deblur__restore__nes__l1 calls=1021 margin 12.61->12.68 t=4.2s
[DONE] fit__131__deblur__random_walk__random_walk__l1 calls=1024 margin 12.61->12.51 t=6.9s
[DONE] fit__131__deblur__confidence_boost__nes__l1 calls=1021 margin 12.61->12.62 t=3.8s
[DONE] fit__131__deblur__boundary_probe__nes__l1 calls=1021 margin 12.61->12.18 t=4.0s
[DONE] fit__131__deblur__counterfactual__nes__l1 calls=1021 margin 12.61->12.14 t=4.5s
[DONE] fit__7243__denoise__attack__nes__l0.5 calls=1021 margin 3.08->2.50 t=4.5s
[DONE] fit__7243__denoise__restore__nes__l0.5 calls=1021 margin 3.08->3.06 t=4.2s
[DONE] fit__7243__denoise__random_walk__random_walk__l0.5 calls=1024 margin 3.08->2.84 t=6.7s
[DONE] fit__7243__denoise__confidence_boost__nes__l0.5 calls=1021 margin 3.08->3.55 t=3.9s
[DONE] fit__7243__denoise__boundary_probe__nes__l0.5 calls=1021 margin 3.08->2.45 t=4.0s
[DONE] fit__7243__denoise__counterfactual__nes__l0.5 calls=1021 margin 3.08->2.45 t=4.4s
[DONE] fit__7243__deblur__attack__nes__l1 calls=1021 margin 3.21->2.77 t=4.4s
[DONE] fit__7243__deblur__restore__nes__l1 calls=1021 margin 3.21->3.29 t=4.0s
[DONE] fit__7243__deblur__random_walk__random_walk__l1 calls=1024 margin 3.21->3.05 t=6.7s
[DONE] fit__7243__deblur__confidence_boost__nes__l1 calls=1021 margin 3.21->3.68 t=3.8s
[DONE] fit__7243__deblur__boundary_probe__nes__l1 calls=1021 margin 3.21->2.68 t=4.2s
[DONE] fit__7243__deblur__counterfactual__nes__l1 calls=1021 margin 3.21->2.66 t=4.4s
[DONE] fit__1240__denoise__attack__nes__l0.5 calls=1021 margin 0.58->0.19 t=4.4s
[DONE] fit__1240__denoise__restore__nes__l0.5 calls=1021 margin 0.58->0.61 t=4.0s
[DONE] fit__1240__denoise__random_walk__random_walk__l0.5 calls=1024 margin 0.58->0.56 t=6.7s
[DONE] fit__1240__denoise__confidence_boost__nes__l0.5 calls=1021 margin 0.58->0.96 t=3.9s
[DONE] fit__1240__denoise__boundary_probe__nes__l0.5 calls=1021 margin 0.58->0.21 t=4.2s
[DONE] fit__1240__denoise__counterfactual__nes__l0.5 calls=1021 margin 0.58->0.18 t=4.4s
[DONE] fit__1240__deblur__attack__nes__l1 calls=1021 margin 0.49->0.15 t=4.3s
[DONE] fit__1240__deblur__restore__nes__l1 calls=1021 margin 0.49->0.60 t=4.1s
[DONE] fit__1240__deblur__random_walk__random_walk__l1 calls=1024 margin 0.49->0.40 t=6.8s
[DONE] fit__1240__deblur__confidence_boost__nes__l1 calls=1021 margin 0.49->0.85 t=4.0s
[DONE] fit__1240__deblur__boundary_probe__nes__l1 calls=1021 margin 0.49->0.14 t=4.1s
[DONE] fit__1240__deblur__counterfactual__nes__l1 calls=1021 margin 0.49->0.14 t=4.3s
[DONE] fit__8768__denoise__attack__nes__l0.5 calls=1021 margin 8.10->7.46 t=4.4s
[DONE] fit__8768__denoise__restore__nes__l0.5 calls=1021 margin 8.10->8.15 t=4.2s
[DONE] fit__8768__denoise__random_walk__random_walk__l0.5 calls=1024 margin 8.10->8.06 t=6.5s
[DONE] fit__8768__denoise__confidence_boost__nes__l0.5 calls=1021 margin 8.10->8.63 t=4.0s
[DONE] fit__8768__denoise__boundary_probe__nes__l0.5 calls=1021 margin 8.10->7.45 t=4.4s
[DONE] fit__8768__denoise__counterfactual__nes__l0.5 calls=1021 margin 8.10->7.45 t=4.6s
[DONE] fit__8768__deblur__attack__nes__l1 calls=1021 margin 7.51->6.59 t=4.5s
[DONE] fit__8768__deblur__restore__nes__l1 calls=1021 margin 7.51->7.55 t=4.2s
[DONE] fit__8768__deblur__random_walk__random_walk__l1 calls=1024 margin 7.51->7.43 t=6.8s
[DONE] fit__8768__deblur__confidence_boost__nes__l1 calls=1021 margin 7.51->8.33 t=4.2s
[DONE] fit__8768__deblur__boundary_probe__nes__l1 calls=1021 margin 7.51->6.51 t=4.4s
[DONE] fit__8768__deblur__counterfactual__nes__l1 calls=1021 margin 7.51->6.57 t=4.3s
[DONE] fit__6135__denoise__attack__nes__l0.5 calls=1021 margin 0.29->0.10 t=4.3s
[DONE] fit__6135__denoise__restore__nes__l0.5 calls=1021 margin 0.29->0.28 t=4.1s
[DONE] fit__6135__denoise__random_walk__random_walk__l0.5 calls=1024 margin 0.29->0.34 t=6.9s
[DONE] fit__6135__denoise__confidence_boost__nes__l0.5 calls=1021 margin 0.29->0.36 t=3.8s
[DONE] fit__6135__denoise__boundary_probe__nes__l0.5 calls=1021 margin 0.29->0.03 t=4.5s
[DONE] fit__6135__denoise__counterfactual__nes__l0.5 calls=1021 margin 0.29->0.04 t=4.3s
[DONE] fit__6135__deblur__attack__nes__l1 calls=1021 margin 0.02->-0.10 t=4.2s
[DONE] fit__6135__deblur__restore__nes__l1 calls=1021 margin 0.02->0.01 t=4.0s
[DONE] fit__6135__deblur__random_walk__random_walk__l1 calls=1024 margin 0.02->0.02 t=6.7s
[DONE] fit__6135__deblur__confidence_boost__nes__l1 calls=1021 margin 0.02->0.14 t=4.0s
[DONE] fit__6135__deblur__boundary_probe__nes__l1 calls=1021 margin 0.02->0.00 t=4.2s
[DONE] fit__6135__deblur__counterfactual__nes__l1 calls=1021 margin 0.02->-0.13 t=4.3s
[DONE] fit__223__denoise__attack__nes__l0.5 calls=1021 margin 0.83->0.35 t=4.1s
[DONE] fit__223__denoise__restore__nes__l0.5 calls=1021 margin 0.83->0.87 t=4.1s
[DONE] fit__223__denoise__random_walk__random_walk__l0.5 calls=1024 margin 0.83->0.62 t=6.7s
[DONE] fit__223__denoise__confidence_boost__nes__l0.5 calls=1021 margin 0.83->1.23 t=4.0s
[DONE] fit__223__denoise__boundary_probe__nes__l0.5 calls=1021 margin 0.83->0.20 t=4.4s
[DONE] fit__223__denoise__counterfactual__nes__l0.5 calls=1021 margin 0.83->0.26 t=4.2s
[DONE] fit__223__deblur__attack__nes__l1 calls=1021 margin 0.84->0.44 t=4.1s
[DONE] fit__223__deblur__restore__nes__l1 calls=1021 margin 0.84->0.86 t=3.9s
[DONE] fit__223__deblur__random_walk__random_walk__l1 calls=1024 margin 0.84->0.82 t=6.7s
[DONE] fit__223__deblur__confidence_boost__nes__l1 calls=1021 margin 0.84->1.21 t=4.0s
[DONE] fit__223__deblur__boundary_probe__nes__l1 calls=1021 margin 0.84->0.47 t=4.5s
[DONE] fit__223__deblur__counterfactual__nes__l1 calls=1021 margin 0.84->0.51 t=4.0s
[DONE] fit__6695__denoise__attack__nes__l0.5 calls=1021 margin 0.14->-0.03 t=4.1s
[DONE] fit__6695__denoise__restore__nes__l0.5 calls=1021 margin 0.14->0.17 t=4.1s
[DONE] fit__6695__denoise__random_walk__random_walk__l0.5 calls=1024 margin 0.14->0.05 t=6.6s
[DONE] fit__6695__denoise__confidence_boost__nes__l0.5 calls=1021 margin 0.14->0.35 t=4.2s
[DONE] fit__6695__denoise__boundary_probe__nes__l0.5 calls=1021 margin 0.14->0.00 t=4.4s
[DONE] fit__6695__denoise__counterfactual__nes__l0.5 calls=1021 margin 0.14->-0.05 t=4.2s
[DONE] fit__6695__deblur__attack__nes__l1 calls=1021 margin 0.58->0.35 t=4.2s
[DONE] fit__6695__deblur__restore__nes__l1 calls=1021 margin 0.58->0.56 t=4.1s
[DONE] fit__6695__deblur__random_walk__random_walk__l1 calls=1024 margin 0.58->0.47 t=7.0s
[DONE] fit__6695__deblur__confidence_boost__nes__l1 calls=1021 margin 0.58->0.85 t=3.9s
[DONE] fit__6695__deblur__boundary_probe__nes__l1 calls=1021 margin 0.58->0.35 t=4.4s
[DONE] fit__6695__deblur__counterfactual__nes__l1 calls=1021 margin 0.58->0.36 t=4.1s
[DONE] fit__1193__denoise__attack__nes__l0.5 calls=1021 margin 0.07->-0.10 t=4.0s
[DONE] fit__1193__denoise__restore__nes__l0.5 calls=1021 margin 0.07->0.10 t=4.0s
[DONE] fit__1193__denoise__random_walk__random_walk__l0.5 calls=1024 margin 0.07->0.02 t=6.7s
[DONE] fit__1193__denoise__confidence_boost__nes__l0.5 calls=1021 margin 0.07->0.23 t=4.1s
[DONE] fit__1193__denoise__boundary_probe__nes__l0.5 calls=1021 margin 0.07->0.00 t=4.4s
[DONE] fit__1193__denoise__counterfactual__nes__l0.5 calls=1021 margin 0.07->-0.05 t=4.1s
[DONE] fit__1193__deblur__attack__nes__l1 calls=1021 margin 0.23->0.11 t=4.0s
[DONE] fit__1193__deblur__restore__nes__l1 calls=1021 margin 0.23->0.26 t=4.1s
[DONE] fit__1193__deblur__random_walk__random_walk__l1 calls=1024 margin 0.23->0.22 t=7.0s
[DONE] fit__1193__deblur__confidence_boost__nes__l1 calls=1021 margin 0.23->0.35 t=4.2s
[DONE] fit__1193__deblur__boundary_probe__nes__l1 calls=1021 margin 0.23->0.09 t=4.4s
[DONE] fit__1193__deblur__counterfactual__nes__l1 calls=1021 margin 0.23->0.14 t=4.1s
[DONE] fit__8399__denoise__attack__nes__l0.5 calls=1021 margin 0.39->0.13 t=4.1s
[DONE] fit__8399__denoise__restore__nes__l0.5 calls=1021 margin 0.39->0.40 t=4.1s
[DONE] fit__8399__denoise__random_walk__random_walk__l0.5 calls=1024 margin 0.39->0.36 t=6.8s
[DONE] fit__8399__denoise__confidence_boost__nes__l0.5 calls=1021 margin 0.39->0.53 t=4.2s
[DONE] fit__8399__denoise__boundary_probe__nes__l0.5 calls=1021 margin 0.39->0.09 t=4.4s
[DONE] fit__8399__denoise__counterfactual__nes__l0.5 calls=1021 margin 0.39->0.12 t=4.0s
[DONE] fit__8399__deblur__attack__nes__l1 calls=1021 margin 0.16->0.08 t=4.2s
[DONE] fit__8399__deblur__restore__nes__l1 calls=1021 margin 0.16->0.18 t=4.0s
[DONE] fit__8399__deblur__random_walk__random_walk__l1 calls=1024 margin 0.16->0.20 t=6.5s
[DONE] fit__8399__deblur__confidence_boost__nes__l1 calls=1021 margin 0.16->0.24 t=4.1s
[DONE] fit__8399__deblur__boundary_probe__nes__l1 calls=1021 margin 0.16->0.07 t=4.1s
[DONE] fit__8399__deblur__counterfactual__nes__l1 calls=1021 margin 0.16->0.12 t=3.9s
[DONE] fit__4265__denoise__attack__nes__l0.5 calls=1021 margin 0.72->0.44 t=4.0s
[DONE] fit__4265__denoise__restore__nes__l0.5 calls=1021 margin 0.72->0.68 t=4.0s
[DONE] fit__4265__denoise__random_walk__random_walk__l0.5 calls=1024 margin 0.72->0.73 t=6.9s
[DONE] fit__4265__denoise__confidence_boost__nes__l0.5 calls=1021 margin 0.72->0.99 t=4.1s
[DONE] fit__4265__denoise__boundary_probe__nes__l0.5 calls=1021 margin 0.72->0.37 t=4.3s
[DONE] fit__4265__denoise__counterfactual__nes__l0.5 calls=1021 margin 0.72->0.39 t=4.3s
[DONE] fit__4265__deblur__attack__nes__l1 calls=1021 margin 0.00->-0.25 t=4.2s
[DONE] fit__4265__deblur__restore__nes__l1 calls=1021 margin 0.00->0.00 t=4.1s
[DONE] fit__4265__deblur__random_walk__random_walk__l1 calls=1024 margin 0.00->0.03 t=7.0s
[DONE] fit__4265__deblur__confidence_boost__nes__l1 calls=1021 margin 0.00->0.25 t=4.2s
[DONE] fit__4265__deblur__boundary_probe__nes__l1 calls=1021 margin 0.00->0.00 t=4.1s
[DONE] fit__4265__deblur__counterfactual__nes__l1 calls=1021 margin 0.00->-0.31 t=4.2s
[DONE] fit__855__denoise__attack__nes__l0.5 calls=1021 margin 10.27->9.86 t=4.0s
[DONE] fit__855__denoise__restore__nes__l0.5 calls=1021 margin 10.27->10.32 t=4.1s
[DONE] fit__855__denoise__random_walk__random_walk__l0.5 calls=1024 margin 10.27->10.14 t=7.1s
[DONE] fit__855__denoise__confidence_boost__nes__l0.5 calls=1021 margin 10.27->10.62 t=4.2s
[DONE] fit__855__denoise__boundary_probe__nes__l0.5 calls=1021 margin 10.27->9.83 t=4.3s
[DONE] fit__855__denoise__counterfactual__nes__l0.5 calls=1021 margin 10.27->9.82 t=4.0s
[DONE] fit__855__deblur__attack__nes__l1 calls=1021 margin 10.96->10.59 t=3.9s
[DONE] fit__855__deblur__restore__nes__l1 calls=1021 margin 10.96->10.96 t=4.1s
[DONE] fit__855__deblur__random_walk__random_walk__l1 calls=1024 margin 10.96->10.86 t=6.7s
[DONE] fit__855__deblur__confidence_boost__nes__l1 calls=1021 margin 10.96->11.23 t=4.1s
[DONE] fit__855__deblur__boundary_probe__nes__l1 calls=1021 margin 10.96->10.58 t=4.2s
[DONE] fit__855__deblur__counterfactual__nes__l1 calls=1021 margin 10.96->10.58 t=4.0s
[DONE] fit__5301__denoise__attack__nes__l0.5 calls=1021 margin 10.20->9.91 t=4.1s
[DONE] fit__5301__denoise__restore__nes__l0.5 calls=1021 margin 10.20->10.17 t=4.2s
[DONE] fit__5301__denoise__random_walk__random_walk__l0.5 calls=1024 margin 10.20->10.13 t=6.8s
[DONE] fit__5301__denoise__confidence_boost__nes__l0.5 calls=1021 margin 10.20->10.47 t=4.0s
[DONE] fit__5301__denoise__boundary_probe__nes__l0.5 calls=1021 margin 10.20->9.90 t=4.3s
[DONE] fit__5301__denoise__counterfactual__nes__l0.5 calls=1021 margin 10.20->9.89 t=4.2s
[DONE] fit__5301__deblur__attack__nes__l1 calls=1021 margin 9.60->9.27 t=4.1s
[DONE] fit__5301__deblur__restore__nes__l1 calls=1021 margin 9.60->9.69 t=4.2s
[DONE] fit__5301__deblur__random_walk__random_walk__l1 calls=1024 margin 9.60->9.59 t=7.0s
[DONE] fit__5301__deblur__confidence_boost__nes__l1 calls=1021 margin 9.60->9.92 t=4.1s
[DONE] fit__5301__deblur__boundary_probe__nes__l1 calls=1021 margin 9.60->9.26 t=4.2s
[DONE] fit__5301__deblur__counterfactual__nes__l1 calls=1021 margin 9.60->9.28 t=4.1s
[DONE] fit__2014__denoise__attack__nes__l0.5 calls=1021 margin 0.56->0.35 t=3.9s
[DONE] fit__2014__denoise__restore__nes__l0.5 calls=1021 margin 0.56->0.58 t=4.1s
[DONE] fit__2014__denoise__random_walk__random_walk__l0.5 calls=1024 margin 0.56->0.56 t=7.0s
[DONE] fit__2014__denoise__confidence_boost__nes__l0.5 calls=1021 margin 0.56->0.76 t=4.1s
[DONE] fit__2014__denoise__boundary_probe__nes__l0.5 calls=1021 margin 0.56->0.33 t=4.3s
[DONE] fit__2014__denoise__counterfactual__nes__l0.5 calls=1021 margin 0.56->0.33 t=4.0s
[DONE] fit__2014__deblur__attack__nes__l1 calls=1021 margin 1.21->1.03 t=4.2s
[DONE] fit__2014__deblur__restore__nes__l1 calls=1021 margin 1.21->1.20 t=4.4s
[DONE] fit__2014__deblur__random_walk__random_walk__l1 calls=1024 margin 1.21->1.19 t=7.3s
[DONE] fit__2014__deblur__confidence_boost__nes__l1 calls=1021 margin 1.21->1.40 t=4.2s
[DONE] fit__2014__deblur__boundary_probe__nes__l1 calls=1021 margin 1.21->1.02 t=4.1s
[DONE] fit__2014__deblur__counterfactual__nes__l1 calls=1021 margin 1.21->1.01 t=4.2s
[DONE] fit__8418__denoise__attack__nes__l0.5 calls=1021 margin 2.81->2.12 t=4.1s
[DONE] fit__8418__denoise__restore__nes__l0.5 calls=1021 margin 2.81->2.85 t=4.3s
[DONE] fit__8418__denoise__random_walk__random_walk__l0.5 calls=1024 margin 2.81->2.78 t=7.2s
[DONE] fit__8418__denoise__confidence_boost__nes__l0.5 calls=1021 margin 2.81->3.48 t=4.2s
[DONE] fit__8418__denoise__boundary_probe__nes__l0.5 calls=1021 margin 2.81->2.11 t=4.1s
[DONE] fit__8418__denoise__counterfactual__nes__l0.5 calls=1021 margin 2.81->2.01 t=4.0s
[DONE] fit__8418__deblur__attack__nes__l1 calls=1021 margin 2.59->1.88 t=4.0s
[DONE] fit__8418__deblur__restore__nes__l1 calls=1021 margin 2.59->2.57 t=4.3s
[DONE] fit__8418__deblur__random_walk__random_walk__l1 calls=1024 margin 2.59->2.38 t=6.9s
[DONE] fit__8418__deblur__confidence_boost__nes__l1 calls=1021 margin 2.59->3.26 t=4.1s
[DONE] fit__8418__deblur__boundary_probe__nes__l1 calls=1021 margin 2.59->1.86 t=4.1s
[DONE] fit__8418__deblur__counterfactual__nes__l1 calls=1021 margin 2.59->1.83 t=3.9s
[DONE] fit__5596__denoise__attack__nes__l0.5 calls=1021 margin 8.09->7.60 t=4.0s
[DONE] fit__5596__denoise__restore__nes__l0.5 calls=1021 margin 8.09->8.13 t=4.4s
[DONE] fit__5596__denoise__random_walk__random_walk__l0.5 calls=1024 margin 8.09->7.99 t=7.2s
[DONE] fit__5596__denoise__confidence_boost__nes__l0.5 calls=1021 margin 8.09->8.47 t=4.2s
[DONE] fit__5596__denoise__boundary_probe__nes__l0.5 calls=1021 margin 8.09->7.55 t=4.1s
[DONE] fit__5596__denoise__counterfactual__nes__l0.5 calls=1021 margin 8.09->7.53 t=4.0s
[DONE] fit__5596__deblur__attack__nes__l1 calls=1021 margin 7.82->7.16 t=4.2s
[DONE] fit__5596__deblur__restore__nes__l1 calls=1021 margin 7.82->7.92 t=4.4s
[DONE] fit__5596__deblur__random_walk__random_walk__l1 calls=1024 margin 7.82->7.74 t=6.5s
[DONE] fit__5596__deblur__confidence_boost__nes__l1 calls=1021 margin 7.82->8.36 t=3.8s
[DONE] fit__5596__deblur__boundary_probe__nes__l1 calls=1021 margin 7.82->7.09 t=3.7s
[DONE] fit__5596__deblur__counterfactual__nes__l1 calls=1021 margin 7.82->7.08 t=3.8s
