/home/sepi/jupyterenv/lib/python3.12/site-packages/robustbench/loaders.py:4: UserWarning: pkg_resources is deprecated as an API. See https://setuptools.pypa.io/en/latest/pkg_resources.html. The pkg_resources package is slated for removal as early as 2025-11-30. Refrain from using this package or pin to Setuptools<81.
  import pkg_resources
/home/sepi/jupyterenv/lib/python3.12/site-packages/robustbench/utils.py:130: FutureWarning: You are using `torch.load` with `weights_only=False` (the current default value), which uses the default pickle module implicitly. It is possible to construct malicious pickle data which will execute arbitrary code during unpickling (See https://github.com/pytorch/pytorch/blob/main/SECURITY.md#untrusted-models for more details). In a future release, the default value for `weights_only` will be flipped to `True`. This limits the functions that could be executed during unpickling. Arbitrary objects will no longer be allowed to be loaded via this mode unless they are explicitly allowlisted by the user via `torch.serialization.add_safe_globals`. We recommend you start setting `weights_only=True` for any use case where you don't have full control of the loaded file. Please open an issue on GitHub for any issues related to this experimental feature.
  checkpoint = torch.load(model_path, map_location=torch.device('cpu'))
[DONE] calibration__1322__denoise__attack__nes__l0.5 calls=1021 margin 2.94->2.31 t=4.3s
[DONE] calibration__1322__denoise__restore__nes__l0.5 calls=1021 margin 2.94->3.00 t=3.8s
[DONE] calibration__1322__denoise__random_walk__random_walk__l0.5 calls=1024 margin 2.94->2.81 t=8.5s
[DONE] calibration__1322__denoise__confidence_boost__nes__l0.5 calls=1021 margin 2.94->3.47 t=3.6s
[DONE] calibration__1322__denoise__boundary_probe__nes__l0.5 calls=1021 margin 2.94->2.34 t=3.8s
[DONE] calibration__1322__denoise__counterfactual__nes__l0.5 calls=1021 margin 2.94->2.28 t=3.9s
[DONE] calibration__1322__deblur__attack__nes__l1 calls=1021 margin 2.66->2.19 t=3.9s
[DONE] calibration__1322__deblur__restore__nes__l1 calls=1021 margin 2.66->2.72 t=3.7s
[DONE] calibration__1322__deblur__random_walk__random_walk__l1 calls=1024 margin 2.66->2.75 t=8.2s
[DONE] calibration__1322__deblur__confidence_boost__nes__l1 calls=1021 margin 2.66->3.12 t=3.8s
[DONE] calibration__1322__deblur__boundary_probe__nes__l1 calls=1021 margin 2.66->2.19 t=3.8s
[DONE] calibration__1322__deblur__counterfactual__nes__l1 calls=1021 margin 2.66->2.24 t=3.7s
[DONE] calibration__4868__denoise__attack__nes__l0.5 calls=1021 margin 2.63->2.10 t=3.9s
[DONE] calibration__4868__denoise__restore__nes__l0.5 calls=1021 margin 2.63->2.59 t=3.7s
[DONE] calibration__4868__denoise__random_walk__random_walk__l0.5 calls=1024 margin 2.63->2.51 t=8.0s
[DONE] calibration__4868__denoise__confidence_boost__nes__l0.5 calls=1021 margin 2.63->3.14 t=4.2s
[DONE] calibration__4868__denoise__boundary_probe__nes__l0.5 calls=1021 margin 2.63->2.06 t=3.9s
[DONE] calibration__4868__denoise__counterfactual__nes__l0.5 calls=1021 margin 2.63->2.07 t=3.8s
[DONE] calibration__4868__deblur__attack__nes__l1 calls=1021 margin 1.45->0.79 t=4.0s
[DONE] calibration__4868__deblur__restore__nes__l1 calls=1021 margin 1.45->1.67 t=3.9s
[DONE] calibration__4868__deblur__random_walk__random_walk__l1 calls=1024 margin 1.45->1.85 t=7.8s
[DONE] calibration__4868__deblur__confidence_boost__nes__l1 calls=1021 margin 1.45->2.16 t=4.1s
[DONE] calibration__4868__deblur__boundary_probe__nes__l1 calls=1021 margin 1.45->0.81 t=3.7s
[DONE] calibration__4868__deblur__counterfactual__nes__l1 calls=1021 margin 1.45->0.84 t=3.6s
[DONE] calibration__2950__denoise__attack__nes__l0.5 calls=1021 margin 0.36->0.06 t=4.0s
[DONE] calibration__2950__denoise__restore__nes__l0.5 calls=1021 margin 0.36->0.38 t=4.0s
[DONE] calibration__2950__denoise__random_walk__random_walk__l0.5 calls=1024 margin 0.36->0.33 t=7.7s
[DONE] calibration__2950__denoise__confidence_boost__nes__l0.5 calls=1021 margin 0.36->0.65 t=4.4s
[DONE] calibration__2950__denoise__boundary_probe__nes__l0.5 calls=1021 margin 0.36->0.04 t=3.7s
[DONE] calibration__2950__denoise__counterfactual__nes__l0.5 calls=1021 margin 0.36->0.07 t=3.7s
[DONE] calibration__2950__deblur__attack__nes__l1 calls=1021 margin 0.52->0.20 t=3.9s
[DONE] calibration__2950__deblur__restore__nes__l1 calls=1021 margin 0.52->0.49 t=4.2s
[DONE] calibration__2950__deblur__random_walk__random_walk__l1 calls=1024 margin 0.52->0.48 t=7.4s
[DONE] calibration__2950__deblur__confidence_boost__nes__l1 calls=1021 margin 0.52->0.92 t=4.5s
[DONE] calibration__2950__deblur__boundary_probe__nes__l1 calls=1021 margin 0.52->0.19 t=3.8s
[DONE] calibration__2950__deblur__counterfactual__nes__l1 calls=1021 margin 0.52->0.17 t=3.7s
[DONE] calibration__9865__denoise__attack__nes__l0.5 calls=1021 margin 4.80->3.91 t=3.9s
[DONE] calibration__9865__denoise__restore__nes__l0.5 calls=1021 margin 4.80->4.87 t=4.2s
[DONE] calibration__9865__denoise__random_walk__random_walk__l0.5 calls=1024 margin 4.80->4.80 t=7.3s
[DONE] calibration__9865__denoise__confidence_boost__nes__l0.5 calls=1021 margin 4.80->5.56 t=4.5s
[DONE] calibration__9865__denoise__boundary_probe__nes__l0.5 calls=1021 margin 4.80->3.88 t=4.0s
[DONE] calibration__9865__denoise__counterfactual__nes__l0.5 calls=1021 margin 4.80->3.88 t=3.6s
[DONE] calibration__9865__deblur__attack__nes__l1 calls=1021 margin 6.15->5.48 t=3.8s
[DONE] calibration__9865__deblur__restore__nes__l1 calls=1021 margin 6.15->6.22 t=3.9s
[DONE] calibration__9865__deblur__random_walk__random_walk__l1 calls=1024 margin 6.15->6.00 t=7.2s
[DONE] calibration__9865__deblur__confidence_boost__nes__l1 calls=1021 margin 6.15->6.63 t=4.5s
[DONE] calibration__9865__deblur__boundary_probe__nes__l1 calls=1021 margin 6.15->5.43 t=3.8s
[DONE] calibration__9865__deblur__counterfactual__nes__l1 calls=1021 margin 6.15->5.45 t=3.7s
[DONE] calibration__6740__denoise__attack__nes__l0.5 calls=1021 margin 0.14->-0.00 t=3.8s
[DONE] calibration__6740__denoise__restore__nes__l0.5 calls=1021 margin 0.14->0.15 t=4.1s
[DONE] calibration__6740__denoise__random_walk__random_walk__l0.5 calls=1024 margin 0.14->0.14 t=7.1s
[DONE] calibration__6740__denoise__confidence_boost__nes__l0.5 calls=1021 margin 0.14->0.29 t=4.7s
[DONE] calibration__6740__denoise__boundary_probe__nes__l0.5 calls=1021 margin 0.14->0.00 t=4.2s
[DONE] calibration__6740__denoise__counterfactual__nes__l0.5 calls=1021 margin 0.14->0.01 t=3.8s
[DONE] calibration__6740__deblur__attack__nes__l1 calls=1021 margin 0.09->-0.03 t=3.8s
[DONE] calibration__6740__deblur__restore__nes__l1 calls=1021 margin 0.09->0.13 t=4.0s
[DONE] calibration__6740__deblur__random_walk__random_walk__l1 calls=1024 margin 0.09->0.11 t=7.2s
[DONE] calibration__6740__deblur__confidence_boost__nes__l1 calls=1021 margin 0.09->0.20 t=4.7s
[DONE] calibration__6740__deblur__boundary_probe__nes__l1 calls=1021 margin 0.09->0.00 t=4.1s
[DONE] calibration__6740__deblur__counterfactual__nes__l1 calls=1021 margin 0.09->-0.04 t=4.0s
[DONE] calibration__2489__denoise__attack__nes__l0.5 calls=1021 margin 0.03->-0.16 t=3.8s
[DONE] calibration__2489__denoise__restore__nes__l0.5 calls=1021 margin 0.03->0.09 t=4.0s
[DONE] calibration__2489__denoise__random_walk__random_walk__l0.5 calls=1024 margin 0.03->0.01 t=7.2s
[DONE] calibration__2489__denoise__confidence_boost__nes__l0.5 calls=1021 margin 0.03->0.23 t=4.7s
[DONE] calibration__2489__denoise__boundary_probe__nes__l0.5 calls=1021 margin 0.03->0.00 t=4.2s
[DONE] calibration__2489__denoise__counterfactual__nes__l0.5 calls=1021 margin 0.03->-0.19 t=3.8s
[DONE] calibration__2489__deblur__attack__nes__l1 calls=1021 margin 1.02->0.63 t=3.8s
[DONE] calibration__2489__deblur__restore__nes__l1 calls=1021 margin 1.02->1.00 t=3.9s
[DONE] calibration__2489__deblur__random_walk__random_walk__l1 calls=1024 margin 1.02->0.88 t=7.1s
[DONE] calibration__2489__deblur__confidence_boost__nes__l1 calls=1021 margin 1.02->1.42 t=4.6s
[DONE] calibration__2489__deblur__boundary_probe__nes__l1 calls=1021 margin 1.02->0.57 t=4.3s
[DONE] calibration__2489__deblur__counterfactual__nes__l1 calls=1021 margin 1.02->0.54 t=3.8s
[DONE] calibration__7489__denoise__attack__nes__l0.5 calls=1021 margin 0.11->0.03 t=3.6s
[DONE] calibration__7489__denoise__restore__nes__l0.5 calls=1021 margin 0.11->0.09 t=3.9s
[DONE] calibration__7489__denoise__random_walk__random_walk__l0.5 calls=1024 margin 0.11->0.09 t=7.0s
[DONE] calibration__7489__denoise__confidence_boost__nes__l0.5 calls=1021 margin 0.11->0.20 t=4.7s
[DONE] calibration__7489__denoise__boundary_probe__nes__l0.5 calls=1021 margin 0.11->0.00 t=4.4s
[DONE] calibration__7489__denoise__counterfactual__nes__l0.5 calls=1021 margin 0.11->-0.03 t=3.7s
[DONE] calibration__7489__deblur__attack__nes__l1 calls=1021 margin 0.13->-0.02 t=3.8s
[DONE] calibration__7489__deblur__restore__nes__l1 calls=1021 margin 0.13->0.13 t=4.1s
[DONE] calibration__7489__deblur__random_walk__random_walk__l1 calls=1024 margin 0.13->0.13 t=7.1s
[DONE] calibration__7489__deblur__confidence_boost__nes__l1 calls=1021 margin 0.13->0.27 t=4.6s
[DONE] calibration__7489__deblur__boundary_probe__nes__l1 calls=1021 margin 0.13->0.00 t=4.4s
[DONE] calibration__7489__deblur__counterfactual__nes__l1 calls=1021 margin 0.13->-0.05 t=3.9s
[DONE] calibration__3706__denoise__attack__nes__l0.5 calls=1021 margin 1.28->1.07 t=3.6s
[DONE] calibration__3706__denoise__restore__nes__l0.5 calls=1021 margin 1.28->1.30 t=4.1s
[DONE] calibration__3706__denoise__random_walk__random_walk__l0.5 calls=1024 margin 1.28->1.32 t=6.8s
[DONE] calibration__3706__denoise__confidence_boost__nes__l0.5 calls=1021 margin 1.28->1.59 t=4.5s
[DONE] calibration__3706__denoise__boundary_probe__nes__l0.5 calls=1021 margin 1.28->1.05 t=4.4s
[DONE] calibration__3706__denoise__counterfactual__nes__l0.5 calls=1021 margin 1.28->1.05 t=3.9s
[DONE] calibration__3706__deblur__attack__nes__l1 calls=1021 margin 0.90->0.67 t=3.8s
[DONE] calibration__3706__deblur__restore__nes__l1 calls=1021 margin 0.90->0.92 t=3.9s
[DONE] calibration__3706__deblur__random_walk__random_walk__l1 calls=1024 margin 0.90->0.99 t=7.0s
[DONE] calibration__3706__deblur__confidence_boost__nes__l1 calls=1021 margin 0.90->1.22 t=4.4s
[DONE] calibration__3706__deblur__boundary_probe__nes__l1 calls=1021 margin 0.90->0.63 t=4.6s
[DONE] calibration__3706__deblur__counterfactual__nes__l1 calls=1021 margin 0.90->0.65 t=4.0s
[DONE] calibration__9205__denoise__attack__nes__l0.5 calls=1021 margin 2.80->2.24 t=3.9s
[DONE] calibration__9205__denoise__restore__nes__l0.5 calls=1021 margin 2.80->2.80 t=3.8s
[DONE] calibration__9205__denoise__random_walk__random_walk__l0.5 calls=1024 margin 2.80->2.71 t=6.9s
[DONE] calibration__9205__denoise__confidence_boost__nes__l0.5 calls=1021 margin 2.80->3.31 t=4.4s
[DONE] calibration__9205__denoise__boundary_probe__nes__l0.5 calls=1021 margin 2.80->2.24 t=4.6s
[DONE] calibration__9205__denoise__counterfactual__nes__l0.5 calls=1021 margin 2.80->2.27 t=3.9s
[DONE] calibration__9205__deblur__attack__nes__l1 calls=1021 margin 2.31->1.75 t=3.8s
[DONE] calibration__9205__deblur__restore__nes__l1 calls=1021 margin 2.31->2.48 t=4.0s
[DONE] calibration__9205__deblur__random_walk__random_walk__l1 calls=1024 margin 2.31->2.43 t=7.0s
[DONE] calibration__9205__deblur__confidence_boost__nes__l1 calls=1021 margin 2.31->2.88 t=4.4s
[DONE] calibration__9205__deblur__boundary_probe__nes__l1 calls=1021 margin 2.31->1.69 t=4.5s
[DONE] calibration__9205__deblur__counterfactual__nes__l1 calls=1021 margin 2.31->1.74 t=4.0s
[DONE] calibration__6571__denoise__attack__nes__l0.5 calls=1021 margin 3.21->2.86 t=3.8s
[DONE] calibration__6571__denoise__restore__nes__l0.5 calls=1021 margin 3.21->3.20 t=4.0s
[DONE] calibration__6571__denoise__random_walk__random_walk__l0.5 calls=1024 margin 3.21->3.22 t=7.1s
[DONE] calibration__6571__denoise__confidence_boost__nes__l0.5 calls=1021 margin 3.21->3.63 t=4.5s
[DONE] calibration__6571__denoise__boundary_probe__nes__l0.5 calls=1021 margin 3.21->2.79 t=4.6s
[DONE] calibration__6571__denoise__counterfactual__nes__l0.5 calls=1021 margin 3.21->2.79 t=3.9s
[DONE] calibration__6571__deblur__attack__nes__l1 calls=1021 margin 2.32->1.99 t=3.8s
[DONE] calibration__6571__deblur__restore__nes__l1 calls=1021 margin 2.32->2.39 t=3.8s
[DONE] calibration__6571__deblur__random_walk__random_walk__l1 calls=1024 margin 2.32->2.34 t=7.0s
[DONE] calibration__6571__deblur__confidence_boost__nes__l1 calls=1021 margin 2.32->2.71 t=4.3s
[DONE] calibration__6571__deblur__boundary_probe__nes__l1 calls=1021 margin 2.32->2.02 t=4.6s
[DONE] calibration__6571__deblur__counterfactual__nes__l1 calls=1021 margin 2.32->2.02 t=4.1s
[DONE] calibration__1226__denoise__attack__nes__l0.5 calls=1021 margin 1.34->1.17 t=3.7s
[DONE] calibration__1226__denoise__restore__nes__l0.5 calls=1021 margin 1.34->1.30 t=3.9s
[DONE] calibration__1226__denoise__random_walk__random_walk__l0.5 calls=1024 margin 1.34->1.30 t=6.9s
[DONE] calibration__1226__denoise__confidence_boost__nes__l0.5 calls=1021 margin 1.34->1.55 t=4.1s
[DONE] calibration__1226__denoise__boundary_probe__nes__l0.5 calls=1021 margin 1.34->1.13 t=4.6s
[DONE] calibration__1226__denoise__counterfactual__nes__l0.5 calls=1021 margin 1.34->1.14 t=4.0s
[DONE] calibration__1226__deblur__attack__nes__l1 calls=1021 margin 0.58->0.43 t=3.6s
[DONE] calibration__1226__deblur__restore__nes__l1 calls=1021 margin 0.58->0.66 t=3.9s
[DONE] calibration__1226__deblur__random_walk__random_walk__l1 calls=1024 margin 0.58->0.64 t=7.0s
[DONE] calibration__1226__deblur__confidence_boost__nes__l1 calls=1021 margin 0.58->0.76 t=4.1s
[DONE] calibration__1226__deblur__boundary_probe__nes__l1 calls=1021 margin 0.58->0.40 t=4.7s
[DONE] calibration__1226__deblur__counterfactual__nes__l1 calls=1021 margin 0.58->0.44 t=4.1s
[DONE] calibration__6013__denoise__attack__nes__l0.5 calls=1021 margin 1.02->0.91 t=3.7s
[DONE] calibration__6013__denoise__restore__nes__l0.5 calls=1021 margin 1.02->1.02 t=3.9s
[DONE] calibration__6013__denoise__random_walk__random_walk__l0.5 calls=1024 margin 1.02->1.04 t=6.9s
[DONE] calibration__6013__denoise__confidence_boost__nes__l0.5 calls=1021 margin 1.02->1.13 t=4.1s
[DONE] calibration__6013__denoise__boundary_probe__nes__l0.5 calls=1021 margin 1.02->0.91 t=4.5s
[DONE] calibration__6013__denoise__counterfactual__nes__l0.5 calls=1021 margin 1.02->0.91 t=4.1s
[DONE] calibration__6013__deblur__attack__nes__l1 calls=1021 margin 0.64->0.47 t=3.7s
[DONE] calibration__6013__deblur__restore__nes__l1 calls=1021 margin 0.64->0.67 t=3.9s
[DONE] calibration__6013__deblur__random_walk__random_walk__l1 calls=1024 margin 0.64->0.64 t=6.9s
[DONE] calibration__6013__deblur__confidence_boost__nes__l1 calls=1021 margin 0.64->0.80 t=4.0s
[DONE] calibration__6013__deblur__boundary_probe__nes__l1 calls=1021 margin 0.64->0.47 t=4.6s
[DONE] calibration__6013__deblur__counterfactual__nes__l1 calls=1021 margin 0.64->0.48 t=4.2s
[DONE] calibration__2781__denoise__attack__nes__l0.5 calls=1021 margin 2.38->2.05 t=3.8s
[DONE] calibration__2781__denoise__restore__nes__l0.5 calls=1021 margin 2.38->2.41 t=3.7s
[DONE] calibration__2781__denoise__random_walk__random_walk__l0.5 calls=1024 margin 2.38->2.36 t=6.7s
[DONE] calibration__2781__denoise__confidence_boost__nes__l0.5 calls=1021 margin 2.38->2.71 t=4.1s
[DONE] calibration__2781__denoise__boundary_probe__nes__l0.5 calls=1021 margin 2.38->1.92 t=4.3s
[DONE] calibration__2781__denoise__counterfactual__nes__l0.5 calls=1021 margin 2.38->1.91 t=4.2s
[DONE] calibration__2781__deblur__attack__nes__l1 calls=1021 margin 2.07->1.86 t=3.7s
[DONE] calibration__2781__deblur__restore__nes__l1 calls=1021 margin 2.07->2.17 t=3.8s
[DONE] calibration__2781__deblur__random_walk__random_walk__l1 calls=1024 margin 2.07->2.08 t=6.9s
[DONE] calibration__2781__deblur__confidence_boost__nes__l1 calls=1021 margin 2.07->2.31 t=4.0s
[DONE] calibration__2781__deblur__boundary_probe__nes__l1 calls=1021 margin 2.07->1.83 t=4.1s
[DONE] calibration__2781__deblur__counterfactual__nes__l1 calls=1021 margin 2.07->1.84 t=4.5s
[DONE] calibration__7927__denoise__attack__nes__l0.5 calls=1021 margin 0.88->0.51 t=4.0s
[DONE] calibration__7927__denoise__restore__nes__l0.5 calls=1021 margin 0.88->0.93 t=3.8s
[DONE] calibration__7927__denoise__random_walk__random_walk__l0.5 calls=1024 margin 0.88->0.89 t=6.9s
[DONE] calibration__7927__denoise__confidence_boost__nes__l0.5 calls=1021 margin 0.88->1.26 t=4.1s
[DONE] calibration__7927__denoise__boundary_probe__nes__l0.5 calls=1021 margin 0.88->0.52 t=4.3s
[DONE] calibration__7927__denoise__counterfactual__nes__l0.5 calls=1021 margin 0.88->0.56 t=4.4s
[DONE] calibration__7927__deblur__attack__nes__l1 calls=1021 margin 0.94->0.59 t=3.8s
[DONE] calibration__7927__deblur__restore__nes__l1 calls=1021 margin 0.94->1.06 t=3.8s
[DONE] calibration__7927__deblur__random_walk__random_walk__l1 calls=1024 margin 0.94->0.90 t=7.0s
[DONE] calibration__7927__deblur__confidence_boost__nes__l1 calls=1021 margin 0.94->1.42 t=3.9s
[DONE] calibration__7927__deblur__boundary_probe__nes__l1 calls=1021 margin 0.94->0.54 t=4.5s
[DONE] calibration__7927__deblur__counterfactual__nes__l1 calls=1021 margin 0.94->0.55 t=4.3s
[DONE] calibration__3189__denoise__attack__nes__l0.5 calls=1021 margin 2.86->2.23 t=4.0s
[DONE] calibration__3189__denoise__restore__nes__l0.5 calls=1021 margin 2.86->2.89 t=3.8s
[DONE] calibration__3189__denoise__random_walk__random_walk__l0.5 calls=1024 margin 2.86->2.82 t=6.7s
[DONE] calibration__3189__denoise__confidence_boost__nes__l0.5 calls=1021 margin 2.86->3.60 t=4.0s
[DONE] calibration__3189__denoise__boundary_probe__nes__l0.5 calls=1021 margin 2.86->2.23 t=4.2s
[DONE] calibration__3189__denoise__counterfactual__nes__l0.5 calls=1021 margin 2.86->2.24 t=4.3s
[DONE] calibration__3189__deblur__attack__nes__l1 calls=1021 margin 3.74->3.18 t=4.2s
[DONE] calibration__3189__deblur__restore__nes__l1 calls=1021 margin 3.74->3.76 t=3.9s
[DONE] calibration__3189__deblur__random_walk__random_walk__l1 calls=1024 margin 3.74->3.54 t=6.4s
[DONE] calibration__3189__deblur__confidence_boost__nes__l1 calls=1021 margin 3.74->4.19 t=3.8s
[DONE] calibration__3189__deblur__boundary_probe__nes__l1 calls=1021 margin 3.74->3.23 t=4.2s
[DONE] calibration__3189__deblur__counterfactual__nes__l1 calls=1021 margin 3.74->3.19 t=4.3s
[DONE] calibration__4678__denoise__attack__nes__l0.5 calls=1021 margin 1.00->0.47 t=4.1s
[DONE] calibration__4678__denoise__restore__nes__l0.5 calls=1021 margin 1.00->0.95 t=3.9s
[DONE] calibration__4678__denoise__random_walk__random_walk__l0.5 calls=1024 margin 1.00->0.86 t=6.7s
[DONE] calibration__4678__denoise__confidence_boost__nes__l0.5 calls=1021 margin 1.00->1.54 t=3.9s
[DONE] calibration__4678__denoise__boundary_probe__nes__l0.5 calls=1021 margin 1.00->0.44 t=4.2s
[DONE] calibration__4678__denoise__counterfactual__nes__l0.5 calls=1021 margin 1.00->0.45 t=4.4s
[DONE] calibration__4678__deblur__attack__nes__l1 calls=1021 margin 0.44->-0.22 t=4.1s
[DONE] calibration__4678__deblur__restore__nes__l1 calls=1021 margin 0.44->0.58 t=3.8s
[DONE] calibration__4678__deblur__random_walk__random_walk__l1 calls=1024 margin 0.44->0.28 t=6.6s
[DONE] calibration__4678__deblur__confidence_boost__nes__l1 calls=1021 margin 0.44->1.18 t=3.9s
[DONE] calibration__4678__deblur__boundary_probe__nes__l1 calls=1021 margin 0.44->0.00 t=4.2s
[DONE] calibration__4678__deblur__counterfactual__nes__l1 calls=1021 margin 0.44->-0.15 t=4.3s
[DONE] calibration__9367__denoise__attack__nes__l0.5 calls=1021 margin 7.25->6.81 t=4.3s
[DONE] calibration__9367__denoise__restore__nes__l0.5 calls=1021 margin 7.25->7.18 t=4.0s
[DONE] calibration__9367__denoise__random_walk__random_walk__l0.5 calls=1024 margin 7.25->7.27 t=6.8s
[DONE] calibration__9367__denoise__confidence_boost__nes__l0.5 calls=1021 margin 7.25->7.65 t=3.9s
[DONE] calibration__9367__denoise__boundary_probe__nes__l0.5 calls=1021 margin 7.25->6.79 t=4.1s
[DONE] calibration__9367__denoise__counterfactual__nes__l0.5 calls=1021 margin 7.25->6.83 t=4.5s
[DONE] calibration__9367__deblur__attack__nes__l1 calls=1021 margin 5.80->5.13 t=4.4s
[DONE] calibration__9367__deblur__restore__nes__l1 calls=1021 margin 5.80->5.94 t=4.1s
[DONE] calibration__9367__deblur__random_walk__random_walk__l1 calls=1024 margin 5.80->5.86 t=6.7s
[DONE] calibration__9367__deblur__confidence_boost__nes__l1 calls=1021 margin 5.80->6.48 t=3.8s
[DONE] calibration__9367__deblur__boundary_probe__nes__l1 calls=1021 margin 5.80->5.18 t=4.1s
[DONE] calibration__9367__deblur__counterfactual__nes__l1 calls=1021 margin 5.80->5.15 t=4.3s
[DONE] evaluation__2680__denoise__attack__nes__l0.5 calls=1021 margin 4.77->3.89 t=4.3s
[DONE] evaluation__2680__denoise__restore__nes__l0.5 calls=1021 margin 4.77->4.83 t=3.9s
[DONE] evaluation__2680__denoise__random_walk__random_walk__l0.5 calls=1024 margin 4.77->4.65 t=6.7s
[DONE] evaluation__2680__denoise__confidence_boost__nes__l0.5 calls=1021 margin 4.77->5.66 t=3.8s
[DONE] evaluation__2680__denoise__boundary_probe__nes__l0.5 calls=1021 margin 4.77->3.88 t=4.1s
[DONE] evaluation__2680__denoise__counterfactual__nes__l0.5 calls=1021 margin 4.77->3.94 t=4.3s
[DONE] evaluation__2680__deblur__attack__nes__l1 calls=1021 margin 4.93->4.13 t=4.4s
[DONE] evaluation__2680__deblur__restore__nes__l1 calls=1021 margin 4.93->4.96 t=4.0s
[DONE] evaluation__2680__deblur__random_walk__random_walk__l1 calls=1024 margin 4.93->4.76 t=6.5s
[DONE] evaluation__2680__deblur__confidence_boost__nes__l1 calls=1021 margin 4.93->5.71 t=3.8s
[DONE] evaluation__2680__deblur__boundary_probe__nes__l1 calls=1021 margin 4.93->4.07 t=4.1s
[DONE] evaluation__2680__deblur__counterfactual__nes__l1 calls=1021 margin 4.93->4.13 t=4.2s
[DONE] evaluation__4667__denoise__attack__nes__l0.5 calls=1021 margin 6.67->5.80 t=4.4s
[DONE] evaluation__4667__denoise__restore__nes__l0.5 calls=1021 margin 6.67->6.58 t=4.0s
[DONE] evaluation__4667__denoise__random_walk__random_walk__l0.5 calls=1024 margin 6.67->6.63 t=6.8s
[DONE] evaluation__4667__denoise__confidence_boost__nes__l0.5 calls=1021 margin 6.67->7.36 t=3.9s
[DONE] evaluation__4667__denoise__boundary_probe__nes__l0.5 calls=1021 margin 6.67->5.79 t=4.0s
[DONE] evaluation__4667__denoise__counterfactual__nes__l0.5 calls=1021 margin 6.67->5.77 t=4.2s
[DONE] evaluation__4667__deblur__attack__nes__l1 calls=1021 margin 6.61->5.72 t=4.5s
[DONE] evaluation__4667__deblur__restore__nes__l1 calls=1021 margin 6.61->6.72 t=4.1s
[DONE] evaluation__4667__deblur__random_walk__random_walk__l1 calls=1024 margin 6.61->6.56 t=6.8s
[DONE] evaluation__4667__deblur__confidence_boost__nes__l1 calls=1021 margin 6.61->7.48 t=3.9s
[DONE] evaluation__4667__deblur__boundary_probe__nes__l1 calls=1021 margin 6.61->5.65 t=4.0s
[DONE] evaluation__4667__deblur__counterfactual__nes__l1 calls=1021 margin 6.61->5.63 t=4.2s
[DONE] evaluation__7929__denoise__attack__nes__l0.5 calls=1021 margin 0.88->0.27 t=4.4s
[DONE] evaluation__7929__denoise__restore__nes__l0.5 calls=1021 margin 0.88->0.85 t=4.0s
[DONE] evaluation__7929__denoise__random_walk__random_walk__l0.5 calls=1024 margin 0.88->0.82 t=6.5s
[DONE] evaluation__7929__denoise__confidence_boost__nes__l0.5 calls=1021 margin 0.88->1.43 t=3.8s
[DONE] evaluation__7929__denoise__boundary_probe__nes__l0.5 calls=1021 margin 0.88->0.19 t=4.0s
[DONE] evaluation__7929__denoise__counterfactual__nes__l0.5 calls=1021 margin 0.88->0.23 t=4.2s
[DONE] evaluation__7929__deblur__attack__nes__l1 calls=1021 margin 0.99->0.28 t=4.6s
[DONE] evaluation__7929__deblur__restore__nes__l1 calls=1021 margin 0.99->1.15 t=4.1s
[DONE] evaluation__7929__deblur__random_walk__random_walk__l1 calls=1024 margin 0.99->0.88 t=6.5s
[DONE] evaluation__7929__deblur__confidence_boost__nes__l1 calls=1021 margin 0.99->1.67 t=3.7s
[DONE] evaluation__7929__deblur__boundary_probe__nes__l1 calls=1021 margin 0.99->0.19 t=3.9s
[DONE] evaluation__7929__deblur__counterfactual__nes__l1 calls=1021 margin 0.99->0.27 t=4.0s
[DONE] evaluation__1134__denoise__attack__nes__l0.5 calls=1021 margin 1.23->0.86 t=4.3s
[DONE] evaluation__1134__denoise__restore__nes__l0.5 calls=1021 margin 1.23->1.24 t=4.2s
[DONE] evaluation__1134__denoise__random_walk__random_walk__l0.5 calls=1024 margin 1.23->1.28 t=6.8s
[DONE] evaluation__1134__denoise__confidence_boost__nes__l0.5 calls=1021 margin 1.23->1.62 t=3.9s
[DONE] evaluation__1134__denoise__boundary_probe__nes__l0.5 calls=1021 margin 1.23->0.86 t=4.0s
[DONE] evaluation__1134__denoise__counterfactual__nes__l0.5 calls=1021 margin 1.23->0.87 t=4.2s
[DONE] evaluation__1134__deblur__attack__nes__l1 calls=1021 margin 1.21->0.80 t=4.4s
[DONE] evaluation__1134__deblur__restore__nes__l1 calls=1021 margin 1.21->1.29 t=4.4s
[DONE] evaluation__1134__deblur__random_walk__random_walk__l1 calls=1024 margin 1.21->1.03 t=6.9s
[DONE] evaluation__1134__deblur__confidence_boost__nes__l1 calls=1021 margin 1.21->1.64 t=3.7s
[DONE] evaluation__1134__deblur__boundary_probe__nes__l1 calls=1021 margin 1.21->0.77 t=4.1s
[DONE] evaluation__1134__deblur__counterfactual__nes__l1 calls=1021 margin 1.21->0.74 t=4.2s
[DONE] evaluation__3058__denoise__attack__nes__l0.5 calls=1021 margin 9.14->8.67 t=4.5s
[DONE] evaluation__3058__denoise__restore__nes__l0.5 calls=1021 margin 9.14->9.14 t=4.2s
[DONE] evaluation__3058__denoise__random_walk__random_walk__l0.5 calls=1024 margin 9.14->9.24 t=6.9s
[DONE] evaluation__3058__denoise__confidence_boost__nes__l0.5 calls=1021 margin 9.14->9.58 t=3.8s
[DONE] evaluation__3058__denoise__boundary_probe__nes__l0.5 calls=1021 margin 9.14->8.69 t=4.1s
[DONE] evaluation__3058__denoise__counterfactual__nes__l0.5 calls=1021 margin 9.14->8.66 t=4.1s
[DONE] evaluation__3058__deblur__attack__nes__l1 calls=1021 margin 8.27->7.76 t=4.4s
[DONE] evaluation__3058__deblur__restore__nes__l1 calls=1021 margin 8.27->8.32 t=4.2s
[DONE] evaluation__3058__deblur__random_walk__random_walk__l1 calls=1024 margin 8.27->8.14 t=6.9s
[DONE] evaluation__3058__deblur__confidence_boost__nes__l1 calls=1021 margin 8.27->8.69 t=3.6s
[DONE] evaluation__3058__deblur__boundary_probe__nes__l1 calls=1021 margin 8.27->7.76 t=4.1s
[DONE] evaluation__3058__deblur__counterfactual__nes__l1 calls=1021 margin 8.27->7.80 t=4.2s
[DONE] evaluation__5201__denoise__attack__nes__l0.5 calls=1021 margin 8.35->7.79 t=4.4s
[DONE] evaluation__5201__denoise__restore__nes__l0.5 calls=1021 margin 8.35->8.30 t=4.2s
[DONE] evaluation__5201__denoise__random_walk__random_walk__l0.5 calls=1024 margin 8.35->8.29 t=6.8s
[DONE] evaluation__5201__denoise__confidence_boost__nes__l0.5 calls=1021 margin 8.35->8.85 t=3.8s
[DONE] evaluation__5201__denoise__boundary_probe__nes__l0.5 calls=1021 margin 8.35->7.82 t=3.9s
[DONE] evaluation__5201__denoise__counterfactual__nes__l0.5 calls=1021 margin 8.35->7.81 t=4.2s
[DONE] evaluation__5201__deblur__attack__nes__l1 calls=1021 margin 8.59->8.04 t=4.5s
[DONE] evaluation__5201__deblur__restore__nes__l1 calls=1021 margin 8.59->8.79 t=4.3s
[DONE] evaluation__5201__deblur__random_walk__random_walk__l1 calls=1024 margin 8.59->8.35 t=6.7s
[DONE] evaluation__5201__deblur__confidence_boost__nes__l1 calls=1021 margin 8.59->9.04 t=3.9s
[DONE] evaluation__5201__deblur__boundary_probe__nes__l1 calls=1021 margin 8.59->8.02 t=4.1s
[DONE] evaluation__5201__deblur__counterfactual__nes__l1 calls=1021 margin 8.59->8.01 t=3.9s
[DONE] evaluation__8214__denoise__attack__nes__l0.5 calls=1021 margin 6.08->5.56 t=4.3s
[DONE] evaluation__8214__denoise__restore__nes__l0.5 calls=1021 margin 6.08->6.04 t=4.3s
[DONE] evaluation__8214__denoise__random_walk__random_walk__l0.5 calls=1024 margin 6.08->5.89 t=6.8s
[DONE] evaluation__8214__denoise__confidence_boost__nes__l0.5 calls=1021 margin 6.08->6.50 t=3.8s
[DONE] evaluation__8214__denoise__boundary_probe__nes__l0.5 calls=1021 margin 6.08->5.57 t=4.1s
[DONE] evaluation__8214__denoise__counterfactual__nes__l0.5 calls=1021 margin 6.08->5.56 t=3.9s
[DONE] evaluation__8214__deblur__attack__nes__l1 calls=1021 margin 6.26->5.78 t=4.4s
[DONE] evaluation__8214__deblur__restore__nes__l1 calls=1021 margin 6.26->6.31 t=4.5s
[DONE] evaluation__8214__deblur__random_walk__random_walk__l1 calls=1024 margin 6.26->6.28 t=6.7s
[DONE] evaluation__8214__deblur__confidence_boost__nes__l1 calls=1021 margin 6.26->6.67 t=3.7s
[DONE] evaluation__8214__deblur__boundary_probe__nes__l1 calls=1021 margin 6.26->5.78 t=4.1s
[DONE] evaluation__8214__deblur__counterfactual__nes__l1 calls=1021 margin 6.26->5.77 t=3.8s
[DONE] evaluation__3541__denoise__attack__nes__l0.5 calls=1021 margin 3.49->2.99 t=4.4s
[DONE] evaluation__3541__denoise__restore__nes__l0.5 calls=1021 margin 3.49->3.48 t=4.4s
[DONE] evaluation__3541__denoise__random_walk__random_walk__l0.5 calls=1024 margin 3.49->3.43 t=6.9s
[DONE] evaluation__3541__denoise__confidence_boost__nes__l0.5 calls=1021 margin 3.49->3.96 t=3.9s
[DONE] evaluation__3541__denoise__boundary_probe__nes__l0.5 calls=1021 margin 3.49->3.02 t=3.8s
[DONE] evaluation__3541__denoise__counterfactual__nes__l0.5 calls=1021 margin 3.49->3.01 t=4.0s
[DONE] evaluation__3541__deblur__attack__nes__l1 calls=1021 margin 4.35->3.77 t=4.3s
[DONE] evaluation__3541__deblur__restore__nes__l1 calls=1021 margin 4.35->4.45 t=4.6s
[DONE] evaluation__3541__deblur__random_walk__random_walk__l1 calls=1024 margin 4.35->4.21 t=6.6s
[DONE] evaluation__3541__deblur__confidence_boost__nes__l1 calls=1021 margin 4.35->4.89 t=3.8s
[DONE] evaluation__3541__deblur__boundary_probe__nes__l1 calls=1021 margin 4.35->3.82 t=3.8s
[DONE] evaluation__3541__deblur__counterfactual__nes__l1 calls=1021 margin 4.35->3.79 t=4.2s
[DONE] evaluation__6425__denoise__attack__nes__l0.5 calls=1021 margin 2.74->1.89 t=4.3s
[DONE] evaluation__6425__denoise__restore__nes__l0.5 calls=1021 margin 2.74->2.70 t=4.7s
[DONE] evaluation__6425__denoise__random_walk__random_walk__l0.5 calls=1024 margin 2.74->2.80 t=6.8s
[DONE] evaluation__6425__denoise__confidence_boost__nes__l0.5 calls=1021 margin 2.74->3.55 t=4.1s
[DONE] evaluation__6425__denoise__boundary_probe__nes__l0.5 calls=1021 margin 2.74->1.81 t=3.9s
[DONE] evaluation__6425__denoise__counterfactual__nes__l0.5 calls=1021 margin 2.74->1.86 t=4.0s
[DONE] evaluation__6425__deblur__attack__nes__l1 calls=1021 margin 2.11->1.16 t=4.4s
[DONE] evaluation__6425__deblur__restore__nes__l1 calls=1021 margin 2.11->2.01 t=4.6s
[DONE] evaluation__6425__deblur__random_walk__random_walk__l1 calls=1024 margin 2.11->2.13 t=6.7s
[DONE] evaluation__6425__deblur__confidence_boost__nes__l1 calls=1021 margin 2.11->2.99 t=3.6s
[DONE] evaluation__6425__deblur__boundary_probe__nes__l1 calls=1021 margin 2.11->1.17 t=3.7s
[DONE] evaluation__6425__deblur__counterfactual__nes__l1 calls=1021 margin 2.11->1.13 t=3.8s
[DONE] evaluation__8982__denoise__attack__nes__l0.5 calls=1021 margin 3.59->2.91 t=4.3s
[DONE] evaluation__8982__denoise__restore__nes__l0.5 calls=1021 margin 3.59->3.64 t=4.6s
[DONE] evaluation__8982__denoise__random_walk__random_walk__l0.5 calls=1024 margin 3.59->3.40 t=7.1s
[DONE] evaluation__8982__denoise__confidence_boost__nes__l0.5 calls=1021 margin 3.59->4.13 t=3.9s
[DONE] evaluation__8982__denoise__boundary_probe__nes__l0.5 calls=1021 margin 3.59->2.77 t=3.9s
[DONE] evaluation__8982__denoise__counterfactual__nes__l0.5 calls=1021 margin 3.59->2.82 t=4.1s
[DONE] evaluation__8982__deblur__attack__nes__l1 calls=1021 margin 4.56->3.96 t=4.3s
[DONE] evaluation__8982__deblur__restore__nes__l1 calls=1021 margin 4.56->4.53 t=4.8s
[DONE] evaluation__8982__deblur__random_walk__random_walk__l1 calls=1024 margin 4.56->4.59 t=6.8s
[DONE] evaluation__8982__deblur__confidence_boost__nes__l1 calls=1021 margin 4.56->5.00 t=3.9s
[DONE] evaluation__8982__deblur__boundary_probe__nes__l1 calls=1021 margin 4.56->3.99 t=3.9s
[DONE] evaluation__8982__deblur__counterfactual__nes__l1 calls=1021 margin 4.56->3.99 t=3.9s
[DONE] evaluation__1877__denoise__attack__nes__l0.5 calls=1021 margin 1.01->0.64 t=4.3s
[DONE] evaluation__1877__denoise__restore__nes__l0.5 calls=1021 margin 1.01->1.04 t=4.7s
[DONE] evaluation__1877__denoise__random_walk__random_walk__l0.5 calls=1024 margin 1.01->0.84 t=7.3s
[DONE] evaluation__1877__denoise__confidence_boost__nes__l0.5 calls=1021 margin 1.01->1.46 t=3.9s
[DONE] evaluation__1877__denoise__boundary_probe__nes__l0.5 calls=1021 margin 1.01->0.56 t=3.9s
[DONE] evaluation__1877__denoise__counterfactual__nes__l0.5 calls=1021 margin 1.01->0.63 t=3.9s
[DONE] evaluation__1877__deblur__attack__nes__l1 calls=1021 margin 1.14->0.95 t=4.4s
[DONE] evaluation__1877__deblur__restore__nes__l1 calls=1021 margin 1.14->1.20 t=4.7s
[DONE] evaluation__1877__deblur__random_walk__random_walk__l1 calls=1024 margin 1.14->1.14 t=6.9s
[DONE] evaluation__1877__deblur__confidence_boost__nes__l1 calls=1021 margin 1.14->1.39 t=4.1s
[DONE] evaluation__1877__deblur__boundary_probe__nes__l1 calls=1021 margin 1.14->0.91 t=3.9s
[DONE] evaluation__1877__deblur__counterfactual__nes__l1 calls=1021 margin 1.14->0.96 t=4.0s
[DONE] evaluation__5733__denoise__attack__nes__l0.5 calls=1021 margin 0.50->0.44 t=4.5s
[DONE] evaluation__5733__denoise__restore__nes__l0.5 calls=1021 margin 0.50->0.52 t=4.8s
[DONE] evaluation__5733__denoise__random_walk__random_walk__l0.5 calls=1024 margin 0.50->0.47 t=6.8s
[DONE] evaluation__5733__denoise__confidence_boost__nes__l0.5 calls=1021 margin 0.50->0.56 t=4.1s
[DONE] evaluation__5733__denoise__boundary_probe__nes__l0.5 calls=1021 margin 0.50->0.35 t=3.9s
[DONE] evaluation__5733__denoise__counterfactual__nes__l0.5 calls=1021 margin 0.50->0.37 t=4.0s
[DONE] evaluation__5733__deblur__attack__nes__l1 calls=1021 margin 0.63->0.56 t=4.4s
[DONE] evaluation__5733__deblur__restore__nes__l1 calls=1021 margin 0.63->0.62 t=4.7s
[DONE] evaluation__5733__deblur__random_walk__random_walk__l1 calls=1024 margin 0.63->0.61 t=6.8s
[DONE] evaluation__5733__deblur__confidence_boost__nes__l1 calls=1021 margin 0.63->0.70 t=4.1s
[DONE] evaluation__5733__deblur__boundary_probe__nes__l1 calls=1021 margin 0.63->0.50 t=4.1s
[DONE] evaluation__5733__deblur__counterfactual__nes__l1 calls=1021 margin 0.63->0.51 t=4.0s
[DONE] evaluation__7743__denoise__attack__nes__l0.5 calls=1021 margin 0.67->0.48 t=4.6s
[DONE] evaluation__7743__denoise__restore__nes__l0.5 calls=1021 margin 0.67->0.67 t=4.7s
[DONE] evaluation__7743__denoise__random_walk__random_walk__l0.5 calls=1024 margin 0.67->0.65 t=6.8s
[DONE] evaluation__7743__denoise__confidence_boost__nes__l0.5 calls=1021 margin 0.67->0.88 t=4.1s
[DONE] evaluation__7743__denoise__boundary_probe__nes__l0.5 calls=1021 margin 0.67->0.46 t=3.9s
[DONE] evaluation__7743__denoise__counterfactual__nes__l0.5 calls=1021 margin 0.67->0.47 t=3.9s
[DONE] evaluation__7743__deblur__attack__nes__l1 calls=1021 margin 1.28->0.99 t=4.7s
[DONE] evaluation__7743__deblur__restore__nes__l1 calls=1021 margin 1.28->1.28 t=4.6s
[DONE] evaluation__7743__deblur__random_walk__random_walk__l1 calls=1024 margin 1.28->1.18 t=6.6s
[DONE] evaluation__7743__deblur__confidence_boost__nes__l1 calls=1021 margin 1.28->1.55 t=4.0s
[DONE] evaluation__7743__deblur__boundary_probe__nes__l1 calls=1021 margin 1.28->0.98 t=3.9s
[DONE] evaluation__7743__deblur__counterfactual__nes__l1 calls=1021 margin 1.28->1.01 t=4.0s
[DONE] evaluation__1303__denoise__attack__nes__l0.5 calls=1021 margin 1.15->0.93 t=4.7s
[DONE] evaluation__1303__denoise__restore__nes__l0.5 calls=1021 margin 1.15->1.11 t=4.5s
[DONE] evaluation__1303__denoise__random_walk__random_walk__l0.5 calls=1024 margin 1.15->1.15 t=6.7s
[DONE] evaluation__1303__denoise__confidence_boost__nes__l0.5 calls=1021 margin 1.15->1.37 t=4.1s
[DONE] evaluation__1303__denoise__boundary_probe__nes__l0.5 calls=1021 margin 1.15->0.87 t=4.0s
[DONE] evaluation__1303__denoise__counterfactual__nes__l0.5 calls=1021 margin 1.15->0.89 t=4.1s
[DONE] evaluation__1303__deblur__attack__nes__l1 calls=1021 margin 0.79->0.49 t=4.9s
[DONE] evaluation__1303__deblur__restore__nes__l1 calls=1021 margin 0.79->0.83 t=4.4s
[DONE] evaluation__1303__deblur__random_walk__random_walk__l1 calls=1024 margin 0.79->0.82 t=6.4s
[DONE] evaluation__1303__deblur__confidence_boost__nes__l1 calls=1021 margin 0.79->1.08 t=3.9s
[DONE] evaluation__1303__deblur__boundary_probe__nes__l1 calls=1021 margin 0.79->0.47 t=4.0s
[DONE] evaluation__1303__deblur__counterfactual__nes__l1 calls=1021 margin 0.79->0.48 t=4.3s
[DONE] evaluation__4567__denoise__attack__nes__l0.5 calls=1021 margin 1.23->1.13 t=4.9s
[DONE] evaluation__4567__denoise__restore__nes__l0.5 calls=1021 margin 1.23->1.22 t=4.4s
[DONE] evaluation__4567__denoise__random_walk__random_walk__l0.5 calls=1024 margin 1.23->1.25 t=6.7s
[DONE] evaluation__4567__denoise__confidence_boost__nes__l0.5 calls=1021 margin 1.23->1.33 t=4.1s
[DONE] evaluation__4567__denoise__boundary_probe__nes__l0.5 calls=1021 margin 1.23->1.05 t=3.9s
[DONE] evaluation__4567__denoise__counterfactual__nes__l0.5 calls=1021 margin 1.23->1.06 t=4.0s
[DONE] evaluation__4567__deblur__attack__nes__l1 calls=1021 margin 0.83->0.75 t=4.8s
[DONE] evaluation__4567__deblur__restore__nes__l1 calls=1021 margin 0.83->0.86 t=4.5s
[DONE] evaluation__4567__deblur__random_walk__random_walk__l1 calls=1024 margin 0.83->0.89 t=6.6s
[DONE] evaluation__4567__deblur__confidence_boost__nes__l1 calls=1021 margin 0.83->0.94 t=3.9s
[DONE] evaluation__4567__deblur__boundary_probe__nes__l1 calls=1021 margin 0.83->0.70 t=3.9s
[DONE] evaluation__4567__deblur__counterfactual__nes__l1 calls=1021 margin 0.83->0.71 t=4.2s
[DONE] evaluation__6148__denoise__attack__nes__l0.5 calls=1021 margin 0.74->0.47 t=4.9s
[DONE] evaluation__6148__denoise__restore__nes__l0.5 calls=1021 margin 0.74->0.79 t=4.3s
[DONE] evaluation__6148__denoise__random_walk__random_walk__l0.5 calls=1024 margin 0.74->0.70 t=6.7s
[DONE] evaluation__6148__denoise__confidence_boost__nes__l0.5 calls=1021 margin 0.74->1.14 t=3.9s
[DONE] evaluation__6148__denoise__boundary_probe__nes__l0.5 calls=1021 margin 0.74->0.46 t=3.7s
[DONE] evaluation__6148__denoise__counterfactual__nes__l0.5 calls=1021 margin 0.74->0.46 t=4.1s
[DONE] evaluation__6148__deblur__attack__nes__l1 calls=1021 margin 1.07->0.81 t=4.7s
[DONE] evaluation__6148__deblur__restore__nes__l1 calls=1021 margin 1.07->1.05 t=4.3s
[DONE] evaluation__6148__deblur__random_walk__random_walk__l1 calls=1024 margin 1.07->1.04 t=6.4s
[DONE] evaluation__6148__deblur__confidence_boost__nes__l1 calls=1021 margin 1.07->1.42 t=3.8s
[DONE] evaluation__6148__deblur__boundary_probe__nes__l1 calls=1021 margin 1.07->0.77 t=3.8s
[DONE] evaluation__6148__deblur__counterfactual__nes__l1 calls=1021 margin 1.07->0.80 t=3.8s
[DONE] evaluation__9925__denoise__attack__nes__l0.5 calls=1021 margin 3.06->2.53 t=4.4s
[DONE] evaluation__9925__denoise__restore__nes__l0.5 calls=1021 margin 3.06->3.05 t=4.7s
[DONE] evaluation__9925__denoise__random_walk__random_walk__l0.5 calls=1024 margin 3.06->3.19 t=6.4s
[DONE] evaluation__9925__denoise__confidence_boost__nes__l0.5 calls=1021 margin 3.06->3.55 t=4.0s
[DONE] evaluation__9925__denoise__boundary_probe__nes__l0.5 calls=1021 margin 3.06->2.54 t=3.9s
[DONE] evaluation__9925__denoise__counterfactual__nes__l0.5 calls=1021 margin 3.06->2.49 t=4.0s
[DONE] evaluation__9925__deblur__attack__nes__l1 calls=1021 margin 3.44->2.76 t=4.5s
[DONE] evaluation__9925__deblur__restore__nes__l1 calls=1021 margin 3.44->3.40 t=4.6s
[DONE] evaluation__9925__deblur__random_walk__random_walk__l1 calls=1024 margin 3.44->3.36 t=7.0s
[DONE] evaluation__9925__deblur__confidence_boost__nes__l1 calls=1021 margin 3.44->3.99 t=3.9s
[DONE] evaluation__9925__deblur__boundary_probe__nes__l1 calls=1021 margin 3.44->2.87 t=4.0s
[DONE] evaluation__9925__deblur__counterfactual__nes__l1 calls=1021 margin 3.44->2.85 t=4.0s
[DONE] evaluation__1698__denoise__attack__nes__l0.5 calls=1021 margin 1.04->0.80 t=4.6s
[DONE] evaluation__1698__denoise__restore__nes__l0.5 calls=1021 margin 1.04->1.02 t=4.6s
[DONE] evaluation__1698__denoise__random_walk__random_walk__l0.5 calls=1024 margin 1.04->1.03 t=6.8s
[DONE] evaluation__1698__denoise__confidence_boost__nes__l0.5 calls=1021 margin 1.04->1.26 t=4.0s
[DONE] evaluation__1698__denoise__boundary_probe__nes__l0.5 calls=1021 margin 1.04->0.80 t=3.7s
[DONE] evaluation__1698__denoise__counterfactual__nes__l0.5 calls=1021 margin 1.04->0.80 t=4.0s
[DONE] evaluation__1698__deblur__attack__nes__l1 calls=1021 margin 0.71->0.47 t=4.6s
[DONE] evaluation__1698__deblur__restore__nes__l1 calls=1021 margin 0.71->0.78 t=4.7s
[DONE] evaluation__1698__deblur__random_walk__random_walk__l1 calls=1024 margin 0.71->0.69 t=6.4s
[DONE] evaluation__1698__deblur__confidence_boost__nes__l1 calls=1021 margin 0.71->0.95 t=3.8s
[DONE] evaluation__1698__deblur__boundary_probe__nes__l1 calls=1021 margin 0.71->0.44 t=3.9s
[DONE] evaluation__1698__deblur__counterfactual__nes__l1 calls=1021 margin 0.71->0.47 t=4.0s
[DONE] evaluation__4764__denoise__attack__nes__l0.5 calls=1021 margin 1.37->1.03 t=4.4s
[DONE] evaluation__4764__denoise__restore__nes__l0.5 calls=1021 margin 1.37->1.36 t=4.7s
[DONE] evaluation__4764__denoise__random_walk__random_walk__l0.5 calls=1024 margin 1.37->1.26 t=6.3s
[DONE] evaluation__4764__denoise__confidence_boost__nes__l0.5 calls=1021 margin 1.37->1.78 t=3.9s
[DONE] evaluation__4764__denoise__boundary_probe__nes__l0.5 calls=1021 margin 1.37->1.03 t=3.7s
[DONE] evaluation__4764__denoise__counterfactual__nes__l0.5 calls=1021 margin 1.37->1.03 t=3.8s
[DONE] evaluation__4764__deblur__attack__nes__l1 calls=1021 margin 1.39->1.02 t=4.2s
[DONE] evaluation__4764__deblur__restore__nes__l1 calls=1021 margin 1.39->1.51 t=4.7s
[DONE] evaluation__4764__deblur__random_walk__random_walk__l1 calls=1024 margin 1.39->1.27 t=6.9s
[DONE] evaluation__4764__deblur__confidence_boost__nes__l1 calls=1021 margin 1.39->1.76 t=3.8s
[DONE] evaluation__4764__deblur__boundary_probe__nes__l1 calls=1021 margin 1.39->1.00 t=3.8s
[DONE] evaluation__4764__deblur__counterfactual__nes__l1 calls=1021 margin 1.39->1.01 t=3.7s
[DONE] evaluation__6711__denoise__attack__nes__l0.5 calls=1021 margin 7.44->6.65 t=4.2s
[DONE] evaluation__6711__denoise__restore__nes__l0.5 calls=1021 margin 7.44->7.45 t=4.8s
[DONE] evaluation__6711__denoise__random_walk__random_walk__l0.5 calls=1024 margin 7.44->7.21 t=7.0s
[DONE] evaluation__6711__denoise__confidence_boost__nes__l0.5 calls=1021 margin 7.44->8.10 t=3.9s
[DONE] evaluation__6711__denoise__boundary_probe__nes__l0.5 calls=1021 margin 7.44->6.61 t=3.9s
[DONE] evaluation__6711__denoise__counterfactual__nes__l0.5 calls=1021 margin 7.44->6.66 t=3.8s
[DONE] evaluation__6711__deblur__attack__nes__l1 calls=1021 margin 6.30->5.25 t=4.1s
[DONE] evaluation__6711__deblur__restore__nes__l1 calls=1021 margin 6.30->6.51 t=4.8s
[DONE] evaluation__6711__deblur__random_walk__random_walk__l1 calls=1024 margin 6.30->6.19 t=7.0s
[DONE] evaluation__6711__deblur__confidence_boost__nes__l1 calls=1021 margin 6.30->7.17 t=4.0s
[DONE] evaluation__6711__deblur__boundary_probe__nes__l1 calls=1021 margin 6.30->5.18 t=4.0s
[DONE] evaluation__6711__deblur__counterfactual__nes__l1 calls=1021 margin 6.30->5.18 t=3.7s
[DONE] evaluation__2389__denoise__attack__nes__l0.5 calls=1021 margin 6.00->5.46 t=4.1s
[DONE] evaluation__2389__denoise__restore__nes__l0.5 calls=1021 margin 6.00->5.96 t=4.9s
[DONE] evaluation__2389__denoise__random_walk__random_walk__l0.5 calls=1024 margin 6.00->5.89 t=7.0s
[DONE] evaluation__2389__denoise__confidence_boost__nes__l0.5 calls=1021 margin 6.00->6.52 t=3.9s
[DONE] evaluation__2389__denoise__boundary_probe__nes__l0.5 calls=1021 margin 6.00->5.41 t=4.0s
[DONE] evaluation__2389__denoise__counterfactual__nes__l0.5 calls=1021 margin 6.00->5.40 t=3.7s
[DONE] evaluation__2389__deblur__attack__nes__l1 calls=1021 margin 4.54->3.73 t=4.3s
[DONE] evaluation__2389__deblur__restore__nes__l1 calls=1021 margin 4.54->4.69 t=4.9s
[DONE] evaluation__2389__deblur__random_walk__random_walk__l1 calls=1024 margin 4.54->4.49 t=6.9s
[DONE] evaluation__2389__deblur__confidence_boost__nes__l1 calls=1021 margin 4.54->5.28 t=4.0s
[DONE] evaluation__2389__deblur__boundary_probe__nes__l1 calls=1021 margin 4.54->3.73 t=3.9s
[DONE] evaluation__2389__deblur__counterfactual__nes__l1 calls=1021 margin 4.54->3.76 t=3.8s
[DONE] evaluation__4714__denoise__attack__nes__l0.5 calls=1021 margin 5.76->4.99 t=4.0s
[DONE] evaluation__4714__denoise__restore__nes__l0.5 calls=1021 margin 5.76->5.58 t=5.0s
[DONE] evaluation__4714__denoise__random_walk__random_walk__l0.5 calls=1024 margin 5.76->5.84 t=6.9s
[DONE] evaluation__4714__denoise__confidence_boost__nes__l0.5 calls=1021 margin 5.76->6.55 t=4.0s
[DONE] evaluation__4714__denoise__boundary_probe__nes__l0.5 calls=1021 margin 5.76->5.01 t=4.2s
[DONE] evaluation__4714__denoise__counterfactual__nes__l0.5 calls=1021 margin 5.76->5.00 t=3.9s
[DONE] evaluation__4714__deblur__attack__nes__l1 calls=1021 margin 4.05->3.40 t=4.0s
[DONE] evaluation__4714__deblur__restore__nes__l1 calls=1021 margin 4.05->4.16 t=4.9s
[DONE] evaluation__4714__deblur__random_walk__random_walk__l1 calls=1024 margin 4.05->4.24 t=6.8s
[DONE] evaluation__4714__deblur__confidence_boost__nes__l1 calls=1021 margin 4.05->4.86 t=4.1s
[DONE] evaluation__4714__deblur__boundary_probe__nes__l1 calls=1021 margin 4.05->3.40 t=3.9s
[DONE] evaluation__4714__deblur__counterfactual__nes__l1 calls=1021 margin 4.05->3.45 t=3.9s
[DONE] evaluation__8334__denoise__attack__nes__l0.5 calls=1021 margin 1.91->1.52 t=4.2s
[DONE] evaluation__8334__denoise__restore__nes__l0.5 calls=1021 margin 1.91->1.84 t=4.9s
[DONE] evaluation__8334__denoise__random_walk__random_walk__l0.5 calls=1024 margin 1.91->1.92 t=7.2s
[DONE] evaluation__8334__denoise__confidence_boost__nes__l0.5 calls=1021 margin 1.91->2.40 t=4.2s
[DONE] evaluation__8334__denoise__boundary_probe__nes__l0.5 calls=1021 margin 1.91->1.51 t=4.0s
[DONE] evaluation__8334__denoise__counterfactual__nes__l0.5 calls=1021 margin 1.91->1.54 t=3.8s
[DONE] evaluation__8334__deblur__attack__nes__l1 calls=1021 margin 0.52->0.29 t=4.0s
[DONE] evaluation__8334__deblur__restore__nes__l1 calls=1021 margin 0.52->0.62 t=4.8s
[DONE] evaluation__8334__deblur__random_walk__random_walk__l1 calls=1024 margin 0.52->0.57 t=7.0s
[DONE] evaluation__8334__deblur__confidence_boost__nes__l1 calls=1021 margin 0.52->0.93 t=3.9s
[DONE] evaluation__8334__deblur__boundary_probe__nes__l1 calls=1021 margin 0.52->0.26 t=4.0s
[DONE] evaluation__8334__deblur__counterfactual__nes__l1 calls=1021 margin 0.52->0.27 t=3.9s
[DONE] evaluation__1520__denoise__attack__nes__l0.5 calls=1021 margin 3.88->3.42 t=4.2s
[DONE] evaluation__1520__denoise__restore__nes__l0.5 calls=1021 margin 3.88->3.83 t=4.7s
[DONE] evaluation__1520__denoise__random_walk__random_walk__l0.5 calls=1024 margin 3.88->3.77 t=7.0s
[DONE] evaluation__1520__denoise__confidence_boost__nes__l0.5 calls=1021 margin 3.88->4.42 t=4.0s
[DONE] evaluation__1520__denoise__boundary_probe__nes__l0.5 calls=1021 margin 3.88->3.41 t=4.2s
[DONE] evaluation__1520__denoise__counterfactual__nes__l0.5 calls=1021 margin 3.88->3.40 t=3.8s
[DONE] evaluation__1520__deblur__attack__nes__l1 calls=1021 margin 3.38->2.92 t=4.2s
[DONE] evaluation__1520__deblur__restore__nes__l1 calls=1021 margin 3.38->3.57 t=4.7s
[DONE] evaluation__1520__deblur__random_walk__random_walk__l1 calls=1024 margin 3.38->3.22 t=7.1s
[DONE] evaluation__1520__deblur__confidence_boost__nes__l1 calls=1021 margin 3.38->3.89 t=4.2s
[DONE] evaluation__1520__deblur__boundary_probe__nes__l1 calls=1021 margin 3.38->2.86 t=4.2s
[DONE] evaluation__1520__deblur__counterfactual__nes__l1 calls=1021 margin 3.38->2.89 t=4.0s
[DONE] evaluation__3482__denoise__attack__nes__l0.5 calls=1021 margin 9.18->8.95 t=4.2s
[DONE] evaluation__3482__denoise__restore__nes__l0.5 calls=1021 margin 9.18->9.17 t=4.6s
[DONE] evaluation__3482__denoise__random_walk__random_walk__l0.5 calls=1024 margin 9.18->9.13 t=6.7s
[DONE] evaluation__3482__denoise__confidence_boost__nes__l0.5 calls=1021 margin 9.18->9.41 t=4.0s
[DONE] evaluation__3482__denoise__boundary_probe__nes__l0.5 calls=1021 margin 9.18->8.88 t=3.8s
[DONE] evaluation__3482__denoise__counterfactual__nes__l0.5 calls=1021 margin 9.18->8.88 t=4.0s
[DONE] evaluation__3482__deblur__attack__nes__l1 calls=1021 margin 8.40->8.09 t=4.2s
[DONE] evaluation__3482__deblur__restore__nes__l1 calls=1021 margin 8.40->8.49 t=4.7s
[DONE] evaluation__3482__deblur__random_walk__random_walk__l1 calls=1024 margin 8.40->8.43 t=6.7s
[DONE] evaluation__3482__deblur__confidence_boost__nes__l1 calls=1021 margin 8.40->8.68 t=4.2s
[DONE] evaluation__3482__deblur__boundary_probe__nes__l1 calls=1021 margin 8.40->8.06 t=4.2s
[DONE] evaluation__3482__deblur__counterfactual__nes__l1 calls=1021 margin 8.40->8.08 t=4.1s
[DONE] evaluation__7625__denoise__attack__nes__l0.5 calls=1021 margin 2.52->1.97 t=4.1s
[DONE] evaluation__7625__denoise__restore__nes__l0.5 calls=1021 margin 2.52->2.51 t=4.5s
[DONE] evaluation__7625__denoise__random_walk__random_walk__l0.5 calls=1024 margin 2.52->2.59 t=6.5s
[DONE] evaluation__7625__denoise__confidence_boost__nes__l0.5 calls=1021 margin 2.52->3.10 t=3.9s
[DONE] evaluation__7625__denoise__boundary_probe__nes__l0.5 calls=1021 margin 2.52->1.92 t=4.1s
[DONE] evaluation__7625__denoise__counterfactual__nes__l0.5 calls=1021 margin 2.52->1.90 t=3.9s
[DONE] evaluation__7625__deblur__attack__nes__l1 calls=1021 margin 2.10->1.45 t=4.2s
[DONE] evaluation__7625__deblur__restore__nes__l1 calls=1021 margin 2.10->2.09 t=4.6s
[DONE] evaluation__7625__deblur__random_walk__random_walk__l1 calls=1024 margin 2.10->2.29 t=7.0s
[DONE] evaluation__7625__deblur__confidence_boost__nes__l1 calls=1021 margin 2.10->2.86 t=4.0s
[DONE] evaluation__7625__deblur__boundary_probe__nes__l1 calls=1021 margin 2.10->1.42 t=3.8s
[DONE] evaluation__7625__deblur__counterfactual__nes__l1 calls=1021 margin 2.10->1.40 t=3.8s
[DONE] evaluation__9374__denoise__attack__nes__l0.5 calls=1021 margin 7.72->7.36 t=4.0s
[DONE] evaluation__9374__denoise__restore__nes__l0.5 calls=1021 margin 7.72->7.66 t=4.6s
[DONE] evaluation__9374__denoise__random_walk__random_walk__l0.5 calls=1024 margin 7.72->7.68 t=6.7s
[DONE] evaluation__9374__denoise__confidence_boost__nes__l0.5 calls=1021 margin 7.72->8.07 t=3.9s
[DONE] evaluation__9374__denoise__boundary_probe__nes__l0.5 calls=1021 margin 7.72->7.33 t=4.0s
[DONE] evaluation__9374__denoise__counterfactual__nes__l0.5 calls=1021 margin 7.72->7.34 t=3.9s
[DONE] evaluation__9374__deblur__attack__nes__l1 calls=1021 margin 6.18->5.45 t=4.1s
[DONE] evaluation__9374__deblur__restore__nes__l1 calls=1021 margin 6.18->6.45 t=4.6s
[DONE] evaluation__9374__deblur__random_walk__random_walk__l1 calls=1024 margin 6.18->6.40 t=6.8s
[DONE] evaluation__9374__deblur__confidence_boost__nes__l1 calls=1021 margin 6.18->6.72 t=3.9s
[DONE] evaluation__9374__deblur__boundary_probe__nes__l1 calls=1021 margin 6.18->5.46 t=4.1s
[DONE] evaluation__9374__deblur__counterfactual__nes__l1 calls=1021 margin 6.18->5.47 t=3.7s
[DONE] evaluation__3226__denoise__attack__nes__l0.5 calls=1021 margin 3.12->2.14 t=3.9s
[DONE] evaluation__3226__denoise__restore__nes__l0.5 calls=1021 margin 3.12->3.18 t=4.6s
[DONE] evaluation__3226__denoise__random_walk__random_walk__l0.5 calls=1024 margin 3.12->2.87 t=7.1s
[DONE] evaluation__3226__denoise__confidence_boost__nes__l0.5 calls=1021 margin 3.12->3.91 t=4.0s
[DONE] evaluation__3226__denoise__boundary_probe__nes__l0.5 calls=1021 margin 3.12->2.12 t=4.0s
[DONE] evaluation__3226__denoise__counterfactual__nes__l0.5 calls=1021 margin 3.12->2.17 t=4.0s
[DONE] evaluation__3226__deblur__attack__nes__l1 calls=1021 margin 3.86->3.06 t=4.2s
[DONE] evaluation__3226__deblur__restore__nes__l1 calls=1021 margin 3.86->3.96 t=4.6s
[DONE] evaluation__3226__deblur__random_walk__random_walk__l1 calls=1024 margin 3.86->3.79 t=7.2s
[DONE] evaluation__3226__deblur__confidence_boost__nes__l1 calls=1021 margin 3.86->4.26 t=4.1s
[DONE] evaluation__3226__deblur__boundary_probe__nes__l1 calls=1021 margin 3.86->3.01 t=4.2s
[DONE] evaluation__3226__deblur__counterfactual__nes__l1 calls=1021 margin 3.86->3.02 t=4.0s
[DONE] evaluation__7485__denoise__attack__nes__l0.5 calls=1021 margin 1.10->0.95 t=4.2s
[DONE] evaluation__7485__denoise__restore__nes__l0.5 calls=1021 margin 1.10->1.12 t=4.5s
[DONE] evaluation__7485__denoise__random_walk__random_walk__l0.5 calls=1024 margin 1.10->1.05 t=6.9s
[DONE] evaluation__7485__denoise__confidence_boost__nes__l0.5 calls=1021 margin 1.10->1.22 t=3.8s
[DONE] evaluation__7485__denoise__boundary_probe__nes__l0.5 calls=1021 margin 1.10->0.96 t=4.2s
[DONE] evaluation__7485__denoise__counterfactual__nes__l0.5 calls=1021 margin 1.10->0.95 t=3.9s
[DONE] evaluation__7485__deblur__attack__nes__l1 calls=1021 margin 2.26->1.93 t=3.9s
[DONE] evaluation__7485__deblur__restore__nes__l1 calls=1021 margin 2.26->2.20 t=4.5s
[DONE] evaluation__7485__deblur__random_walk__random_walk__l1 calls=1024 margin 2.26->2.07 t=7.0s
[DONE] evaluation__7485__deblur__confidence_boost__nes__l1 calls=1021 margin 2.26->2.49 t=4.0s
[DONE] evaluation__7485__deblur__boundary_probe__nes__l1 calls=1021 margin 2.26->1.92 t=4.0s
[DONE] evaluation__7485__deblur__counterfactual__nes__l1 calls=1021 margin 2.26->1.94 t=3.8s
[DONE] evaluation__9000__denoise__attack__nes__l0.5 calls=1021 margin 6.53->5.82 t=3.9s
[DONE] evaluation__9000__denoise__restore__nes__l0.5 calls=1021 margin 6.53->6.46 t=4.5s
[DONE] evaluation__9000__denoise__random_walk__random_walk__l0.5 calls=1024 margin 6.53->6.47 t=7.1s
[DONE] evaluation__9000__denoise__confidence_boost__nes__l0.5 calls=1021 margin 6.53->7.29 t=4.0s
[DONE] evaluation__9000__denoise__boundary_probe__nes__l0.5 calls=1021 margin 6.53->5.61 t=4.0s
[DONE] evaluation__9000__denoise__counterfactual__nes__l0.5 calls=1021 margin 6.53->5.71 t=3.8s
[DONE] evaluation__9000__deblur__attack__nes__l1 calls=1021 margin 4.64->3.93 t=3.9s
[DONE] evaluation__9000__deblur__restore__nes__l1 calls=1021 margin 4.64->4.72 t=4.5s
[DONE] evaluation__9000__deblur__random_walk__random_walk__l1 calls=1024 margin 4.64->4.54 t=7.2s
[DONE] evaluation__9000__deblur__confidence_boost__nes__l1 calls=1021 margin 4.64->5.39 t=4.0s
[DONE] evaluation__9000__deblur__boundary_probe__nes__l1 calls=1021 margin 4.64->3.90 t=4.0s
[DONE] evaluation__9000__deblur__counterfactual__nes__l1 calls=1021 margin 4.64->3.91 t=3.8s
[DONE] evaluation__2571__denoise__attack__nes__l0.5 calls=1021 margin 6.58->6.16 t=3.9s
[DONE] evaluation__2571__denoise__restore__nes__l0.5 calls=1021 margin 6.58->6.60 t=4.2s
[DONE] evaluation__2571__denoise__random_walk__random_walk__l0.5 calls=1024 margin 6.58->6.56 t=7.1s
[DONE] evaluation__2571__denoise__confidence_boost__nes__l0.5 calls=1021 margin 6.58->6.94 t=4.0s
[DONE] evaluation__2571__denoise__boundary_probe__nes__l0.5 calls=1021 margin 6.58->6.14 t=4.1s
[DONE] evaluation__2571__denoise__counterfactual__nes__l0.5 calls=1021 margin 6.58->6.16 t=3.8s
[DONE] evaluation__2571__deblur__attack__nes__l1 calls=1021 margin 5.89->5.25 t=3.8s
[DONE] evaluation__2571__deblur__restore__nes__l1 calls=1021 margin 5.89->5.99 t=4.4s
[DONE] evaluation__2571__deblur__random_walk__random_walk__l1 calls=1024 margin 5.89->5.79 t=7.1s
[DONE] evaluation__2571__deblur__confidence_boost__nes__l1 calls=1021 margin 5.89->6.42 t=3.9s
[DONE] evaluation__2571__deblur__boundary_probe__nes__l1 calls=1021 margin 5.89->5.16 t=4.1s
[DONE] evaluation__2571__deblur__counterfactual__nes__l1 calls=1021 margin 5.89->5.18 t=3.7s
[DONE] evaluation__6193__denoise__attack__nes__l0.5 calls=1021 margin 6.22->5.29 t=4.0s
[DONE] evaluation__6193__denoise__restore__nes__l0.5 calls=1021 margin 6.22->6.13 t=4.4s
[DONE] evaluation__6193__denoise__random_walk__random_walk__l0.5 calls=1024 margin 6.22->6.33 t=7.1s
[DONE] evaluation__6193__denoise__confidence_boost__nes__l0.5 calls=1021 margin 6.22->7.01 t=3.8s
[DONE] evaluation__6193__denoise__boundary_probe__nes__l0.5 calls=1021 margin 6.22->5.26 t=4.2s
[DONE] evaluation__6193__denoise__counterfactual__nes__l0.5 calls=1021 margin 6.22->5.30 t=4.0s
[DONE] evaluation__6193__deblur__attack__nes__l1 calls=1021 margin 6.00->5.28 t=4.1s
[DONE] evaluation__6193__deblur__restore__nes__l1 calls=1021 margin 6.00->6.01 t=4.3s
[DONE] evaluation__6193__deblur__random_walk__random_walk__l1 calls=1024 margin 6.00->5.82 t=7.2s
[DONE] evaluation__6193__deblur__confidence_boost__nes__l1 calls=1021 margin 6.00->6.57 t=4.0s
[DONE] evaluation__6193__deblur__boundary_probe__nes__l1 calls=1021 margin 6.00->5.19 t=4.2s
[DONE] evaluation__6193__deblur__counterfactual__nes__l1 calls=1021 margin 6.00->5.23 t=4.0s
[DONE] evaluation__7792__denoise__attack__nes__l0.5 calls=1021 margin 1.07->0.45 t=3.9s
[DONE] evaluation__7792__denoise__restore__nes__l0.5 calls=1021 margin 1.07->1.01 t=4.4s
[DONE] evaluation__7792__denoise__random_walk__random_walk__l0.5 calls=1024 margin 1.07->1.05 t=7.3s
[DONE] evaluation__7792__denoise__confidence_boost__nes__l0.5 calls=1021 margin 1.07->1.61 t=4.0s
[DONE] evaluation__7792__denoise__boundary_probe__nes__l0.5 calls=1021 margin 1.07->0.46 t=4.3s
[DONE] evaluation__7792__denoise__counterfactual__nes__l0.5 calls=1021 margin 1.07->0.43 t=3.9s
[DONE] evaluation__7792__deblur__attack__nes__l1 calls=1021 margin 0.31->-0.35 t=3.9s
[DONE] evaluation__7792__deblur__restore__nes__l1 calls=1021 margin 0.31->0.25 t=4.4s
[DONE] evaluation__7792__deblur__random_walk__random_walk__l1 calls=1024 margin 0.31->0.43 t=7.1s
[DONE] evaluation__7792__deblur__confidence_boost__nes__l1 calls=1021 margin 0.31->0.99 t=4.1s
[DONE] evaluation__7792__deblur__boundary_probe__nes__l1 calls=1021 margin 0.31->0.00 t=4.2s
[DONE] evaluation__7792__deblur__counterfactual__nes__l1 calls=1021 margin 0.31->-0.37 t=4.0s
[DONE] fit__2113__denoise__attack__nes__l0.5 calls=1021 margin 4.18->3.42 t=3.9s
[DONE] fit__2113__denoise__restore__nes__l0.5 calls=1021 margin 4.18->4.22 t=4.2s
[DONE] fit__2113__denoise__random_walk__random_walk__l0.5 calls=1024 margin 4.18->4.09 t=6.8s
[DONE] fit__2113__denoise__confidence_boost__nes__l0.5 calls=1021 margin 4.18->4.86 t=3.9s
[DONE] fit__2113__denoise__boundary_probe__nes__l0.5 calls=1021 margin 4.18->3.39 t=4.3s
[DONE] fit__2113__denoise__counterfactual__nes__l0.5 calls=1021 margin 4.18->3.36 t=4.0s
[DONE] fit__2113__deblur__attack__nes__l1 calls=1021 margin 5.24->4.24 t=4.0s
[DONE] fit__2113__deblur__restore__nes__l1 calls=1021 margin 5.24->5.50 t=4.3s
[DONE] fit__2113__deblur__random_walk__random_walk__l1 calls=1024 margin 5.24->5.13 t=7.1s
[DONE] fit__2113__deblur__confidence_boost__nes__l1 calls=1021 margin 5.24->6.27 t=4.0s
[DONE] fit__2113__deblur__boundary_probe__nes__l1 calls=1021 margin 5.24->4.14 t=4.3s
[DONE] fit__2113__deblur__counterfactual__nes__l1 calls=1021 margin 5.24->4.21 t=3.9s
[DONE] fit__9045__denoise__attack__nes__l0.5 calls=1021 margin 12.78->12.78 t=3.9s
[DONE] fit__9045__denoise__restore__nes__l0.5 calls=1021 margin 12.78->12.78 t=4.5s
[DONE] fit__9045__denoise__random_walk__random_walk__l0.5 calls=1024 margin 12.78->12.80 t=7.1s
[DONE] fit__9045__denoise__confidence_boost__nes__l0.5 calls=1021 margin 12.78->12.78 t=3.9s
[DONE] fit__9045__denoise__boundary_probe__nes__l0.5 calls=1021 margin 12.78->12.61 t=4.4s
[DONE] fit__9045__denoise__counterfactual__nes__l0.5 calls=1021 margin 12.78->12.61 t=4.0s
[DONE] fit__9045__deblur__attack__nes__l1 calls=1021 margin 12.33->12.33 t=4.0s
[DONE] fit__9045__deblur__restore__nes__l1 calls=1021 margin 12.33->12.40 t=4.2s
[DONE] fit__9045__deblur__random_walk__random_walk__l1 calls=1024 margin 12.33->12.31 t=6.9s
[DONE] fit__9045__deblur__confidence_boost__nes__l1 calls=1021 margin 12.33->12.35 t=3.9s
[DONE] fit__9045__deblur__boundary_probe__nes__l1 calls=1021 margin 12.33->12.06 t=4.2s
[DONE] fit__9045__deblur__counterfactual__nes__l1 calls=1021 margin 12.33->12.04 t=4.0s
[DONE] fit__2357__denoise__attack__nes__l0.5 calls=1021 margin 6.70->6.11 t=3.9s
[DONE] fit__2357__denoise__restore__nes__l0.5 calls=1021 margin 6.70->6.71 t=4.3s
[DONE] fit__2357__denoise__random_walk__random_walk__l0.5 calls=1024 margin 6.70->6.59 t=7.0s
[DONE] fit__2357__denoise__confidence_boost__nes__l0.5 calls=1021 margin 6.70->7.19 t=4.0s
[DONE] fit__2357__denoise__boundary_probe__nes__l0.5 calls=1021 margin 6.70->6.13 t=4.0s
[DONE] fit__2357__denoise__counterfactual__nes__l0.5 calls=1021 margin 6.70->6.10 t=4.1s
[DONE] fit__2357__deblur__attack__nes__l1 calls=1021 margin 6.89->6.13 t=3.8s
[DONE] fit__2357__deblur__restore__nes__l1 calls=1021 margin 6.89->6.98 t=4.2s
[DONE] fit__2357__deblur__random_walk__random_walk__l1 calls=1024 margin 6.89->6.78 t=7.0s
[DONE] fit__2357__deblur__confidence_boost__nes__l1 calls=1021 margin 6.89->7.30 t=3.9s
[DONE] fit__2357__deblur__boundary_probe__nes__l1 calls=1021 margin 6.89->6.22 t=4.3s
[DONE] fit__2357__deblur__counterfactual__nes__l1 calls=1021 margin 6.89->6.16 t=4.0s
[DONE] fit__9042__denoise__attack__nes__l0.5 calls=1021 margin 3.11->2.77 t=3.8s
[DONE] fit__9042__denoise__restore__nes__l0.5 calls=1021 margin 3.11->3.03 t=4.2s
[DONE] fit__9042__denoise__random_walk__random_walk__l0.5 calls=1024 margin 3.11->3.00 t=7.1s
[DONE] fit__9042__denoise__confidence_boost__nes__l0.5 calls=1021 margin 3.11->3.45 t=3.9s
[DONE] fit__9042__denoise__boundary_probe__nes__l0.5 calls=1021 margin 3.11->2.67 t=4.3s
[DONE] fit__9042__denoise__counterfactual__nes__l0.5 calls=1021 margin 3.11->2.67 t=4.1s
[DONE] fit__9042__deblur__attack__nes__l1 calls=1021 margin 2.29->1.86 t=3.8s
[DONE] fit__9042__deblur__restore__nes__l1 calls=1021 margin 2.29->2.34 t=4.3s
[DONE] fit__9042__deblur__random_walk__random_walk__l1 calls=1024 margin 2.29->2.28 t=7.1s
[DONE] fit__9042__deblur__confidence_boost__nes__l1 calls=1021 margin 2.29->2.77 t=3.9s
[DONE] fit__9042__deblur__boundary_probe__nes__l1 calls=1021 margin 2.29->1.86 t=4.3s
[DONE] fit__9042__deblur__counterfactual__nes__l1 calls=1021 margin 2.29->1.82 t=4.1s
[DONE] fit__5792__denoise__attack__nes__l0.5 calls=1021 margin 0.43->0.17 t=3.7s
[DONE] fit__5792__denoise__restore__nes__l0.5 calls=1021 margin 0.43->0.40 t=4.4s
[DONE] fit__5792__denoise__random_walk__random_walk__l0.5 calls=1024 margin 0.43->0.41 t=6.8s
[DONE] fit__5792__denoise__confidence_boost__nes__l0.5 calls=1021 margin 0.43->0.70 t=4.0s
[DONE] fit__5792__denoise__boundary_probe__nes__l0.5 calls=1021 margin 0.43->0.11 t=4.2s
[DONE] fit__5792__denoise__counterfactual__nes__l0.5 calls=1021 margin 0.43->0.14 t=4.2s
[DONE] fit__5792__deblur__attack__nes__l1 calls=1021 margin 0.04->-0.22 t=3.9s
[DONE] fit__5792__deblur__restore__nes__l1 calls=1021 margin 0.04->0.05 t=4.2s
[DONE] fit__5792__deblur__random_walk__random_walk__l1 calls=1024 margin 0.04->0.03 t=7.0s
[DONE] fit__5792__deblur__confidence_boost__nes__l1 calls=1021 margin 0.04->0.30 t=4.0s
[DONE] fit__5792__deblur__boundary_probe__nes__l1 calls=1021 margin 0.04->0.00 t=4.0s
[DONE] fit__5792__deblur__counterfactual__nes__l1 calls=1021 margin 0.04->-0.22 t=4.3s
[DONE] fit__2565__denoise__attack__nes__l0.5 calls=1021 margin 4.60->4.17 t=3.9s
[DONE] fit__2565__denoise__restore__nes__l0.5 calls=1021 margin 4.60->4.56 t=4.3s
[DONE] fit__2565__denoise__random_walk__random_walk__l0.5 calls=1024 margin 4.60->4.55 t=7.0s
[DONE] fit__2565__denoise__confidence_boost__nes__l0.5 calls=1021 margin 4.60->5.04 t=4.0s
[DONE] fit__2565__denoise__boundary_probe__nes__l0.5 calls=1021 margin 4.60->4.17 t=4.2s
[DONE] fit__2565__denoise__counterfactual__nes__l0.5 calls=1021 margin 4.60->4.15 t=4.3s
[DONE] fit__2565__deblur__attack__nes__l1 calls=1021 margin 3.72->3.31 t=3.9s
[DONE] fit__2565__deblur__restore__nes__l1 calls=1021 margin 3.72->3.83 t=4.4s
[DONE] fit__2565__deblur__random_walk__random_walk__l1 calls=1024 margin 3.72->3.60 t=6.9s
[DONE] fit__2565__deblur__confidence_boost__nes__l1 calls=1021 margin 3.72->4.10 t=3.9s
[DONE] fit__2565__deblur__boundary_probe__nes__l1 calls=1021 margin 3.72->3.33 t=4.0s
[DONE] fit__2565__deblur__counterfactual__nes__l1 calls=1021 margin 3.72->3.30 t=4.2s
[DONE] fit__8337__denoise__attack__nes__l0.5 calls=1021 margin 1.15->1.07 t=4.0s
[DONE] fit__8337__denoise__restore__nes__l0.5 calls=1021 margin 1.15->1.14 t=4.4s
[DONE] fit__8337__denoise__random_walk__random_walk__l0.5 calls=1024 margin 1.15->1.15 t=7.0s
[DONE] fit__8337__denoise__confidence_boost__nes__l0.5 calls=1021 margin 1.15->1.24 t=3.9s
[DONE] fit__8337__denoise__boundary_probe__nes__l0.5 calls=1021 margin 1.15->1.00 t=4.1s
[DONE] fit__8337__denoise__counterfactual__nes__l0.5 calls=1021 margin 1.15->1.01 t=4.2s
[DONE] fit__8337__deblur__attack__nes__l1 calls=1021 margin 1.28->1.15 t=4.0s
[DONE] fit__8337__deblur__restore__nes__l1 calls=1021 margin 1.28->1.28 t=4.4s
[DONE] fit__8337__deblur__random_walk__random_walk__l1 calls=1024 margin 1.28->1.28 t=6.8s
[DONE] fit__8337__deblur__confidence_boost__nes__l1 calls=1021 margin 1.28->1.40 t=4.1s
[DONE] fit__8337__deblur__boundary_probe__nes__l1 calls=1021 margin 1.28->1.15 t=4.0s
[DONE] fit__8337__deblur__counterfactual__nes__l1 calls=1021 margin 1.28->1.15 t=4.2s
[DONE] fit__2785__denoise__attack__nes__l0.5 calls=1021 margin 0.89->0.71 t=4.0s
[DONE] fit__2785__denoise__restore__nes__l0.5 calls=1021 margin 0.89->0.89 t=4.4s
[DONE] fit__2785__denoise__random_walk__random_walk__l0.5 calls=1024 margin 0.89->0.93 t=7.0s
[DONE] fit__2785__denoise__confidence_boost__nes__l0.5 calls=1021 margin 0.89->1.07 t=3.9s
[DONE] fit__2785__denoise__boundary_probe__nes__l0.5 calls=1021 margin 0.89->0.65 t=4.2s
[DONE] fit__2785__denoise__counterfactual__nes__l0.5 calls=1021 margin 0.89->0.68 t=4.3s
[DONE] fit__2785__deblur__attack__nes__l1 calls=1021 margin 0.79->0.53 t=4.1s
[DONE] fit__2785__deblur__restore__nes__l1 calls=1021 margin 0.79->0.80 t=4.3s
[DONE] fit__2785__deblur__random_walk__random_walk__l1 calls=1024 margin 0.79->0.86 t=6.6s
[DONE] fit__2785__deblur__confidence_boost__nes__l1 calls=1021 margin 0.79->1.08 t=4.1s
[DONE] fit__2785__deblur__boundary_probe__nes__l1 calls=1021 margin 0.79->0.49 t=4.1s
[DONE] fit__2785__deblur__counterfactual__nes__l1 calls=1021 margin 0.79->0.52 t=4.2s
[DONE] fit__9620__denoise__attack__nes__l0.5 calls=1021 margin 1.32->0.72 t=4.1s
[DONE] fit__9620__denoise__restore__nes__l0.5 calls=1021 margin 1.32->1.28 t=4.4s
[DONE] fit__9620__denoise__random_walk__random_walk__l0.5 calls=1024 margin 1.32->1.25 t=6.4s
[DONE] fit__9620__denoise__confidence_boost__nes__l0.5 calls=1021 margin 1.32->1.96 t=4.0s
[DONE] fit__9620__denoise__boundary_probe__nes__l0.5 calls=1021 margin 1.32->0.75 t=4.1s
[DONE] fit__9620__denoise__counterfactual__nes__l0.5 calls=1021 margin 1.32->0.75 t=4.2s
[DONE] fit__9620__deblur__attack__nes__l1 calls=1021 margin 2.34->1.32 t=4.1s
[DONE] fit__9620__deblur__restore__nes__l1 calls=1021 margin 2.34->2.22 t=4.4s
[DONE] fit__9620__deblur__random_walk__random_walk__l1 calls=1024 margin 2.34->2.42 t=6.6s
[DONE] fit__9620__deblur__confidence_boost__nes__l1 calls=1021 margin 2.34->3.19 t=4.0s
[DONE] fit__9620__deblur__boundary_probe__nes__l1 calls=1021 margin 2.34->1.47 t=4.2s
[DONE] fit__9620__deblur__counterfactual__nes__l1 calls=1021 margin 2.34->1.45 t=4.3s
[DONE] fit__3666__denoise__attack__nes__l0.5 calls=1021 margin 4.83->4.34 t=4.1s
[DONE] fit__3666__denoise__restore__nes__l0.5 calls=1021 margin 4.83->4.71 t=4.3s
[DONE] fit__3666__denoise__random_walk__random_walk__l0.5 calls=1024 margin 4.83->4.79 t=6.7s
[DONE] fit__3666__denoise__confidence_boost__nes__l0.5 calls=1021 margin 4.83->5.33 t=3.9s
[DONE] fit__3666__denoise__boundary_probe__nes__l0.5 calls=1021 margin 4.83->4.32 t=4.3s
[DONE] fit__3666__denoise__counterfactual__nes__l0.5 calls=1021 margin 4.83->4.37 t=4.2s
[DONE] fit__3666__deblur__attack__nes__l1 calls=1021 margin 3.59->2.98 t=4.2s
[DONE] fit__3666__deblur__restore__nes__l1 calls=1021 margin 3.59->3.72 t=4.4s
[DONE] fit__3666__deblur__random_walk__random_walk__l1 calls=1024 margin 3.59->3.62 t=6.7s
[DONE] fit__3666__deblur__confidence_boost__nes__l1 calls=1021 margin 3.59->4.11 t=4.0s
[DONE] fit__3666__deblur__boundary_probe__nes__l1 calls=1021 margin 3.59->3.03 t=4.3s
[DONE] fit__3666__deblur__counterfactual__nes__l1 calls=1021 margin 3.59->3.04 t=4.4s
[DONE] fit__632__denoise__attack__nes__l0.5 calls=1021 margin 3.67->3.05 t=4.2s
[DONE] fit__632__denoise__restore__nes__l0.5 calls=1021 margin 3.67->3.63 t=4.3s
[DONE] fit__632__denoise__random_walk__random_walk__l0.5 calls=1024 margin 3.67->3.54 t=6.5s
[DONE] fit__632__denoise__confidence_boost__nes__l0.5 calls=1021 margin 3.67->4.27 t=4.0s
[DONE] fit__632__denoise__boundary_probe__nes__l0.5 calls=1021 margin 3.67->3.05 t=4.5s
[DONE] fit__632__denoise__counterfactual__nes__l0.5 calls=1021 margin 3.67->3.04 t=4.3s
[DONE] fit__632__deblur__attack__nes__l1 calls=1021 margin 1.60->1.22 t=4.2s
[DONE] fit__632__deblur__restore__nes__l1 calls=1021 margin 1.60->1.81 t=4.2s
[DONE] fit__632__deblur__random_walk__random_walk__l1 calls=1024 margin 1.60->1.69 t=6.4s
[DONE] fit__632__deblur__confidence_boost__nes__l1 calls=1021 margin 1.60->2.14 t=3.8s
[DONE] fit__632__deblur__boundary_probe__nes__l1 calls=1021 margin 1.60->1.21 t=4.5s
[DONE] fit__632__deblur__counterfactual__nes__l1 calls=1021 margin 1.60->1.21 t=4.2s
[DONE] fit__8167__denoise__attack__nes__l0.5 calls=1021 margin 2.11->1.87 t=4.1s
[DONE] fit__8167__denoise__restore__nes__l0.5 calls=1021 margin 2.11->2.04 t=4.1s
[DONE] fit__8167__denoise__random_walk__random_walk__l0.5 calls=1024 margin 2.11->2.12 t=6.8s
[DONE] fit__8167__denoise__confidence_boost__nes__l0.5 calls=1021 margin 2.11->2.37 t=3.9s
[DONE] fit__8167__denoise__boundary_probe__nes__l0.5 calls=1021 margin 2.11->1.87 t=4.4s
[DONE] fit__8167__denoise__counterfactual__nes__l0.5 calls=1021 margin 2.11->1.87 t=4.1s
[DONE] fit__8167__deblur__attack__nes__l1 calls=1021 margin 1.47->1.29 t=4.1s
[DONE] fit__8167__deblur__restore__nes__l1 calls=1021 margin 1.47->1.51 t=4.2s
[DONE] fit__8167__deblur__random_walk__random_walk__l1 calls=1024 margin 1.47->1.51 t=6.7s
[DONE] fit__8167__deblur__confidence_boost__nes__l1 calls=1021 margin 1.47->1.74 t=4.1s
[DONE] fit__8167__deblur__boundary_probe__nes__l1 calls=1021 margin 1.47->1.26 t=4.6s
[DONE] fit__8167__deblur__counterfactual__nes__l1 calls=1021 margin 1.47->1.29 t=4.2s
[DONE] fit__1679__denoise__attack__nes__l0.5 calls=1021 margin 6.25->5.91 t=4.2s
[DONE] fit__1679__denoise__restore__nes__l0.5 calls=1021 margin 6.25->6.25 t=4.2s
[DONE] fit__1679__denoise__random_walk__random_walk__l0.5 calls=1024 margin 6.25->6.14 t=6.5s
[DONE] fit__1679__denoise__confidence_boost__nes__l0.5 calls=1021 margin 6.25->6.56 t=4.0s
[DONE] fit__1679__denoise__boundary_probe__nes__l0.5 calls=1021 margin 6.25->5.92 t=4.6s
[DONE] fit__1679__denoise__counterfactual__nes__l0.5 calls=1021 margin 6.25->5.89 t=4.2s
[DONE] fit__1679__deblur__attack__nes__l1 calls=1021 margin 5.65->5.26 t=4.2s
[DONE] fit__1679__deblur__restore__nes__l1 calls=1021 margin 5.65->5.75 t=4.0s
[DONE] fit__1679__deblur__random_walk__random_walk__l1 calls=1024 margin 5.65->5.58 t=6.4s
[DONE] fit__1679__deblur__confidence_boost__nes__l1 calls=1021 margin 5.65->5.99 t=4.0s
[DONE] fit__1679__deblur__boundary_probe__nes__l1 calls=1021 margin 5.65->5.25 t=4.7s
[DONE] fit__1679__deblur__counterfactual__nes__l1 calls=1021 margin 5.65->5.22 t=4.2s
[DONE] fit__9478__denoise__attack__nes__l0.5 calls=1021 margin 7.47->7.12 t=4.1s
[DONE] fit__9478__denoise__restore__nes__l0.5 calls=1021 margin 7.47->7.43 t=4.1s
[DONE] fit__9478__denoise__random_walk__random_walk__l0.5 calls=1024 margin 7.47->7.45 t=6.2s
[DONE] fit__9478__denoise__confidence_boost__nes__l0.5 calls=1021 margin 7.47->7.77 t=3.9s
[DONE] fit__9478__denoise__boundary_probe__nes__l0.5 calls=1021 margin 7.47->7.15 t=4.7s
[DONE] fit__9478__denoise__counterfactual__nes__l0.5 calls=1021 margin 7.47->7.14 t=4.2s
[DONE] fit__9478__deblur__attack__nes__l1 calls=1021 margin 6.85->6.45 t=4.1s
[DONE] fit__9478__deblur__restore__nes__l1 calls=1021 margin 6.85->6.95 t=4.2s
[DONE] fit__9478__deblur__random_walk__random_walk__l1 calls=1024 margin 6.85->6.86 t=6.4s
[DONE] fit__9478__deblur__confidence_boost__nes__l1 calls=1021 margin 6.85->7.18 t=4.1s
[DONE] fit__9478__deblur__boundary_probe__nes__l1 calls=1021 margin 6.85->6.45 t=4.7s
[DONE] fit__9478__deblur__counterfactual__nes__l1 calls=1021 margin 6.85->6.41 t=4.1s
[DONE] fit__5104__denoise__attack__nes__l0.5 calls=1021 margin 2.35->1.72 t=4.1s
[DONE] fit__5104__denoise__restore__nes__l0.5 calls=1021 margin 2.35->2.34 t=4.2s
[DONE] fit__5104__denoise__random_walk__random_walk__l0.5 calls=1024 margin 2.35->2.32 t=6.7s
[DONE] fit__5104__denoise__confidence_boost__nes__l0.5 calls=1021 margin 2.35->3.09 t=4.1s
[DONE] fit__5104__denoise__boundary_probe__nes__l0.5 calls=1021 margin 2.35->1.64 t=4.6s
[DONE] fit__5104__denoise__counterfactual__nes__l0.5 calls=1021 margin 2.35->1.60 t=4.2s
[DONE] fit__5104__deblur__attack__nes__l1 calls=1021 margin 3.20->2.37 t=4.3s
[DONE] fit__5104__deblur__restore__nes__l1 calls=1021 margin 3.20->3.19 t=4.2s
[DONE] fit__5104__deblur__random_walk__random_walk__l1 calls=1024 margin 3.20->2.95 t=6.5s
[DONE] fit__5104__deblur__confidence_boost__nes__l1 calls=1021 margin 3.20->3.83 t=4.0s
[DONE] fit__5104__deblur__boundary_probe__nes__l1 calls=1021 margin 3.20->2.36 t=4.6s
[DONE] fit__5104__deblur__counterfactual__nes__l1 calls=1021 margin 3.20->2.35 t=4.1s
[DONE] fit__1222__denoise__attack__nes__l0.5 calls=1021 margin 0.95->0.09 t=4.2s
[DONE] fit__1222__denoise__restore__nes__l0.5 calls=1021 margin 0.95->0.90 t=4.2s
[DONE] fit__1222__denoise__random_walk__random_walk__l0.5 calls=1024 margin 0.95->0.68 t=6.4s
[DONE] fit__1222__denoise__confidence_boost__nes__l0.5 calls=1021 margin 0.95->1.92 t=4.0s
[DONE] fit__1222__denoise__boundary_probe__nes__l0.5 calls=1021 margin 0.95->0.12 t=4.5s
[DONE] fit__1222__denoise__counterfactual__nes__l0.5 calls=1021 margin 0.95->0.10 t=4.2s
[DONE] fit__1222__deblur__attack__nes__l1 calls=1021 margin 0.80->-0.12 t=4.1s
[DONE] fit__1222__deblur__restore__nes__l1 calls=1021 margin 0.80->0.89 t=4.1s
[DONE] fit__1222__deblur__random_walk__random_walk__l1 calls=1024 margin 0.80->0.82 t=6.4s
[DONE] fit__1222__deblur__confidence_boost__nes__l1 calls=1021 margin 0.80->1.83 t=4.1s
[DONE] fit__1222__deblur__boundary_probe__nes__l1 calls=1021 margin 0.80->0.01 t=4.5s
[DONE] fit__1222__deblur__counterfactual__nes__l1 calls=1021 margin 0.80->-0.19 t=4.2s
[DONE] fit__7685__denoise__attack__nes__l0.5 calls=1021 margin 4.17->3.69 t=4.3s
[DONE] fit__7685__denoise__restore__nes__l0.5 calls=1021 margin 4.17->4.16 t=4.1s
[DONE] fit__7685__denoise__random_walk__random_walk__l0.5 calls=1024 margin 4.17->4.15 t=6.7s
[DONE] fit__7685__denoise__confidence_boost__nes__l0.5 calls=1021 margin 4.17->4.60 t=4.1s
[DONE] fit__7685__denoise__boundary_probe__nes__l0.5 calls=1021 margin 4.17->3.56 t=4.2s
[DONE] fit__7685__denoise__counterfactual__nes__l0.5 calls=1021 margin 4.17->3.55 t=4.0s
[DONE] fit__7685__deblur__attack__nes__l1 calls=1021 margin 4.50->3.95 t=3.6s
[DONE] fit__7685__deblur__restore__nes__l1 calls=1021 margin 4.50->4.57 t=3.6s
[DONE] fit__7685__deblur__random_walk__random_walk__l1 calls=1024 margin 4.50->4.42 t=6.0s
[DONE] fit__7685__deblur__confidence_boost__nes__l1 calls=1021 margin 4.50->4.92 t=3.7s
[DONE] fit__7685__deblur__boundary_probe__nes__l1 calls=1021 margin 4.50->3.78 t=3.7s
[DONE] fit__7685__deblur__counterfactual__nes__l1 calls=1021 margin 4.50->3.77 t=3.4s
