/home/sepi/jupyterenv/lib/python3.12/site-packages/robustbench/loaders.py:4: UserWarning: pkg_resources is deprecated as an API. See https://setuptools.pypa.io/en/latest/pkg_resources.html. The pkg_resources package is slated for removal as early as 2025-11-30. Refrain from using this package or pin to Setuptools<81.
  import pkg_resources
/home/sepi/jupyterenv/lib/python3.12/site-packages/robustbench/utils.py:130: FutureWarning: You are using `torch.load` with `weights_only=False` (the current default value), which uses the default pickle module implicitly. It is possible to construct malicious pickle data which will execute arbitrary code during unpickling (See https://github.com/pytorch/pytorch/blob/main/SECURITY.md#untrusted-models for more details). In a future release, the default value for `weights_only` will be flipped to `True`. This limits the functions that could be executed during unpickling. Arbitrary objects will no longer be allowed to be loaded via this mode unless they are explicitly allowlisted by the user via `torch.serialization.add_safe_globals`. We recommend you start setting `weights_only=True` for any use case where you don't have full control of the loaded file. Please open an issue on GitHub for any issues related to this experimental feature.
  checkpoint = torch.load(model_path, map_location=torch.device('cpu'))
[DONE] calibration__1912__denoise__attack__nes__l0.5 calls=1021 margin 3.07->2.75 t=4.2s
[DONE] calibration__1912__denoise__restore__nes__l0.5 calls=1021 margin 3.07->3.14 t=3.5s
[DONE] calibration__1912__denoise__random_walk__random_walk__l0.5 calls=1024 margin 3.07->2.98 t=8.3s
[DONE] calibration__1912__denoise__confidence_boost__nes__l0.5 calls=1021 margin 3.07->3.41 t=3.9s
[DONE] calibration__1912__denoise__boundary_probe__nes__l0.5 calls=1021 margin 3.07->2.73 t=3.7s
[DONE] calibration__1912__denoise__counterfactual__nes__l0.5 calls=1021 margin 3.07->2.70 t=3.8s
[DONE] calibration__1912__deblur__attack__nes__l1 calls=1021 margin 3.50->3.15 t=3.9s
[DONE] calibration__1912__deblur__restore__nes__l1 calls=1021 margin 3.50->3.55 t=3.7s
[DONE] calibration__1912__deblur__random_walk__random_walk__l1 calls=1024 margin 3.50->3.48 t=8.0s
[DONE] calibration__1912__deblur__confidence_boost__nes__l1 calls=1021 margin 3.50->3.88 t=4.1s
[DONE] calibration__1912__deblur__boundary_probe__nes__l1 calls=1021 margin 3.50->3.17 t=3.9s
[DONE] calibration__1912__deblur__counterfactual__nes__l1 calls=1021 margin 3.50->3.15 t=3.8s
[DONE] calibration__8970__denoise__attack__nes__l0.5 calls=1021 margin 5.93->5.30 t=4.0s
[DONE] calibration__8970__denoise__restore__nes__l0.5 calls=1021 margin 5.93->5.93 t=4.0s
[DONE] calibration__8970__denoise__random_walk__random_walk__l0.5 calls=1024 margin 5.93->5.89 t=7.9s
[DONE] calibration__8970__denoise__confidence_boost__nes__l0.5 calls=1021 margin 5.93->6.58 t=4.2s
[DONE] calibration__8970__denoise__boundary_probe__nes__l0.5 calls=1021 margin 5.93->5.24 t=3.8s
[DONE] calibration__8970__denoise__counterfactual__nes__l0.5 calls=1021 margin 5.93->5.27 t=3.8s
[DONE] calibration__8970__deblur__attack__nes__l1 calls=1021 margin 4.19->3.45 t=4.1s
[DONE] calibration__8970__deblur__restore__nes__l1 calls=1021 margin 4.19->4.41 t=4.0s
[DONE] calibration__8970__deblur__random_walk__random_walk__l1 calls=1024 margin 4.19->4.33 t=7.9s
[DONE] calibration__8970__deblur__confidence_boost__nes__l1 calls=1021 margin 4.19->4.94 t=4.1s
[DONE] calibration__8970__deblur__boundary_probe__nes__l1 calls=1021 margin 4.19->3.50 t=3.7s
[DONE] calibration__8970__deblur__counterfactual__nes__l1 calls=1021 margin 4.19->3.52 t=3.6s
[DONE] calibration__5697__denoise__attack__nes__l0.5 calls=1021 margin 5.85->5.32 t=4.0s
[DONE] calibration__5697__denoise__restore__nes__l0.5 calls=1021 margin 5.85->5.86 t=4.0s
[DONE] calibration__5697__denoise__random_walk__random_walk__l0.5 calls=1024 margin 5.85->5.73 t=7.7s
[DONE] calibration__5697__denoise__confidence_boost__nes__l0.5 calls=1021 margin 5.85->6.30 t=4.4s
[DONE] calibration__5697__denoise__boundary_probe__nes__l0.5 calls=1021 margin 5.85->5.33 t=3.9s
[DONE] calibration__5697__denoise__counterfactual__nes__l0.5 calls=1021 margin 5.85->5.37 t=3.9s
[DONE] calibration__5697__deblur__attack__nes__l1 calls=1021 margin 5.56->5.14 t=4.1s
[DONE] calibration__5697__deblur__restore__nes__l1 calls=1021 margin 5.56->5.57 t=4.1s
[DONE] calibration__5697__deblur__random_walk__random_walk__l1 calls=1024 margin 5.56->5.49 t=7.6s
[DONE] calibration__5697__deblur__confidence_boost__nes__l1 calls=1021 margin 5.56->5.94 t=4.4s
[DONE] calibration__5697__deblur__boundary_probe__nes__l1 calls=1021 margin 5.56->5.17 t=3.9s
[DONE] calibration__5697__deblur__counterfactual__nes__l1 calls=1021 margin 5.56->5.16 t=3.7s
[DONE] calibration__936__denoise__attack__nes__l0.5 calls=1021 margin 1.46->0.94 t=4.0s
[DONE] calibration__936__denoise__restore__nes__l0.5 calls=1021 margin 1.46->1.46 t=4.2s
[DONE] calibration__936__denoise__random_walk__random_walk__l0.5 calls=1024 margin 1.46->1.36 t=7.4s
[DONE] calibration__936__denoise__confidence_boost__nes__l0.5 calls=1021 margin 1.46->2.12 t=4.4s
[DONE] calibration__936__denoise__boundary_probe__nes__l0.5 calls=1021 margin 1.46->0.89 t=3.9s
[DONE] calibration__936__denoise__counterfactual__nes__l0.5 calls=1021 margin 1.46->0.91 t=3.7s
[DONE] calibration__936__deblur__attack__nes__l1 calls=1021 margin 2.06->1.47 t=3.9s
[DONE] calibration__936__deblur__restore__nes__l1 calls=1021 margin 2.06->2.17 t=4.1s
[DONE] calibration__936__deblur__random_walk__random_walk__l1 calls=1024 margin 2.06->1.92 t=7.5s
[DONE] calibration__936__deblur__confidence_boost__nes__l1 calls=1021 margin 2.06->2.68 t=4.4s
[DONE] calibration__936__deblur__boundary_probe__nes__l1 calls=1021 margin 2.06->1.47 t=4.0s
[DONE] calibration__936__deblur__counterfactual__nes__l1 calls=1021 margin 2.06->1.48 t=3.8s
[DONE] calibration__8412__denoise__attack__nes__l0.5 calls=1021 margin 0.16->-0.07 t=3.8s
[DONE] calibration__8412__denoise__restore__nes__l0.5 calls=1021 margin 0.16->0.16 t=4.2s
[DONE] calibration__8412__denoise__random_walk__random_walk__l0.5 calls=1024 margin 0.16->0.11 t=7.3s
[DONE] calibration__8412__denoise__confidence_boost__nes__l0.5 calls=1021 margin 0.16->0.41 t=4.5s
[DONE] calibration__8412__denoise__boundary_probe__nes__l0.5 calls=1021 margin 0.16->0.00 t=3.9s
[DONE] calibration__8412__denoise__counterfactual__nes__l0.5 calls=1021 margin 0.16->0.00 t=3.7s
[DONE] calibration__8412__deblur__attack__nes__l1 calls=1021 margin 0.62->-0.08 t=3.7s
[DONE] calibration__8412__deblur__restore__nes__l1 calls=1021 margin 0.62->0.47 t=4.3s
[DONE] calibration__8412__deblur__random_walk__random_walk__l1 calls=1024 margin 0.62->0.35 t=7.3s
[DONE] calibration__8412__deblur__confidence_boost__nes__l1 calls=1021 margin 0.62->1.25 t=4.6s
[DONE] calibration__8412__deblur__boundary_probe__nes__l1 calls=1021 margin 0.62->0.00 t=4.0s
[DONE] calibration__8412__deblur__counterfactual__nes__l1 calls=1021 margin 0.62->-0.06 t=3.7s
[DONE] calibration__5204__denoise__attack__nes__l0.5 calls=1021 margin 2.85->2.54 t=4.0s
[DONE] calibration__5204__denoise__restore__nes__l0.5 calls=1021 margin 2.85->2.88 t=4.2s
[DONE] calibration__5204__denoise__random_walk__random_walk__l0.5 calls=1024 margin 2.85->2.75 t=7.3s
[DONE] calibration__5204__denoise__confidence_boost__nes__l0.5 calls=1021 margin 2.85->3.12 t=4.6s
[DONE] calibration__5204__denoise__boundary_probe__nes__l0.5 calls=1021 margin 2.85->2.53 t=4.1s
[DONE] calibration__5204__denoise__counterfactual__nes__l0.5 calls=1021 margin 2.85->2.52 t=3.8s
[DONE] calibration__5204__deblur__attack__nes__l1 calls=1021 margin 3.03->2.69 t=3.9s
[DONE] calibration__5204__deblur__restore__nes__l1 calls=1021 margin 3.03->3.02 t=4.2s
[DONE] calibration__5204__deblur__random_walk__random_walk__l1 calls=1024 margin 3.03->2.90 t=7.2s
[DONE] calibration__5204__deblur__confidence_boost__nes__l1 calls=1021 margin 3.03->3.31 t=4.6s
[DONE] calibration__5204__deblur__boundary_probe__nes__l1 calls=1021 margin 3.03->2.68 t=4.3s
[DONE] calibration__5204__deblur__counterfactual__nes__l1 calls=1021 margin 3.03->2.68 t=3.9s
[DONE] calibration__8336__denoise__attack__nes__l0.5 calls=1021 margin 1.88->1.70 t=3.9s
[DONE] calibration__8336__denoise__restore__nes__l0.5 calls=1021 margin 1.88->1.83 t=4.2s
[DONE] calibration__8336__denoise__random_walk__random_walk__l0.5 calls=1024 margin 1.88->1.81 t=7.3s
[DONE] calibration__8336__denoise__confidence_boost__nes__l0.5 calls=1021 margin 1.88->2.15 t=4.4s
[DONE] calibration__8336__denoise__boundary_probe__nes__l0.5 calls=1021 margin 1.88->1.58 t=3.8s
[DONE] calibration__8336__denoise__counterfactual__nes__l0.5 calls=1021 margin 1.88->1.60 t=3.8s
[DONE] calibration__8336__deblur__attack__nes__l1 calls=1021 margin 1.48->1.27 t=3.9s
[DONE] calibration__8336__deblur__restore__nes__l1 calls=1021 margin 1.48->1.51 t=4.3s
[DONE] calibration__8336__deblur__random_walk__random_walk__l1 calls=1024 margin 1.48->1.42 t=7.2s
[DONE] calibration__8336__deblur__confidence_boost__nes__l1 calls=1021 margin 1.48->1.72 t=4.5s
[DONE] calibration__8336__deblur__boundary_probe__nes__l1 calls=1021 margin 1.48->1.22 t=4.1s
[DONE] calibration__8336__deblur__counterfactual__nes__l1 calls=1021 margin 1.48->1.22 t=3.7s
[DONE] calibration__5756__denoise__attack__nes__l0.5 calls=1021 margin 7.00->6.22 t=3.7s
[DONE] calibration__5756__denoise__restore__nes__l0.5 calls=1021 margin 7.00->7.06 t=4.1s
[DONE] calibration__5756__denoise__random_walk__random_walk__l0.5 calls=1024 margin 7.00->6.59 t=7.2s
[DONE] calibration__5756__denoise__confidence_boost__nes__l0.5 calls=1021 margin 7.00->7.58 t=4.5s
[DONE] calibration__5756__denoise__boundary_probe__nes__l0.5 calls=1021 margin 7.00->6.20 t=4.3s
[DONE] calibration__5756__denoise__counterfactual__nes__l0.5 calls=1021 margin 7.00->6.18 t=3.7s
[DONE] calibration__5756__deblur__attack__nes__l1 calls=1021 margin 7.62->6.92 t=3.9s
[DONE] calibration__5756__deblur__restore__nes__l1 calls=1021 margin 7.62->7.62 t=4.1s
[DONE] calibration__5756__deblur__random_walk__random_walk__l1 calls=1024 margin 7.62->7.57 t=7.3s
[DONE] calibration__5756__deblur__confidence_boost__nes__l1 calls=1021 margin 7.62->8.03 t=4.5s
[DONE] calibration__5756__deblur__boundary_probe__nes__l1 calls=1021 margin 7.62->6.80 t=4.1s
[DONE] calibration__5756__deblur__counterfactual__nes__l1 calls=1021 margin 7.62->6.94 t=3.7s
[DONE] calibration__1244__denoise__attack__nes__l0.5 calls=1021 margin 0.13->0.01 t=3.7s
[DONE] calibration__1244__denoise__restore__nes__l0.5 calls=1021 margin 0.13->0.12 t=4.1s
[DONE] calibration__1244__denoise__random_walk__random_walk__l0.5 calls=1024 margin 0.13->0.09 t=7.3s
[DONE] calibration__1244__denoise__confidence_boost__nes__l0.5 calls=1021 margin 0.13->0.22 t=4.6s
[DONE] calibration__1244__denoise__boundary_probe__nes__l0.5 calls=1021 margin 0.13->0.01 t=4.1s
[DONE] calibration__1244__denoise__counterfactual__nes__l0.5 calls=1021 margin 0.13->0.04 t=3.7s
[DONE] calibration__1244__deblur__attack__nes__l1 calls=1021 margin 0.16->0.07 t=3.6s
[DONE] calibration__1244__deblur__restore__nes__l1 calls=1021 margin 0.16->0.15 t=4.1s
[DONE] calibration__1244__deblur__random_walk__random_walk__l1 calls=1024 margin 0.16->0.17 t=7.1s
[DONE] calibration__1244__deblur__confidence_boost__nes__l1 calls=1021 margin 0.16->0.27 t=4.5s
[DONE] calibration__1244__deblur__boundary_probe__nes__l1 calls=1021 margin 0.16->0.07 t=4.3s
[DONE] calibration__1244__deblur__counterfactual__nes__l1 calls=1021 margin 0.16->0.08 t=3.9s
[DONE] calibration__8266__denoise__attack__nes__l0.5 calls=1021 margin 0.76->0.35 t=3.8s
[DONE] calibration__8266__denoise__restore__nes__l0.5 calls=1021 margin 0.76->0.74 t=4.1s
[DONE] calibration__8266__denoise__random_walk__random_walk__l0.5 calls=1024 margin 0.76->0.82 t=7.1s
[DONE] calibration__8266__denoise__confidence_boost__nes__l0.5 calls=1021 margin 0.76->1.15 t=4.4s
[DONE] calibration__8266__denoise__boundary_probe__nes__l0.5 calls=1021 margin 0.76->0.37 t=4.5s
[DONE] calibration__8266__denoise__counterfactual__nes__l0.5 calls=1021 margin 0.76->0.40 t=3.7s
[DONE] calibration__8266__deblur__attack__nes__l1 calls=1021 margin 0.44->0.08 t=3.8s
[DONE] calibration__8266__deblur__restore__nes__l1 calls=1021 margin 0.44->0.52 t=4.2s
[DONE] calibration__8266__deblur__random_walk__random_walk__l1 calls=1024 margin 0.44->0.53 t=7.2s
[DONE] calibration__8266__deblur__confidence_boost__nes__l1 calls=1021 margin 0.44->0.79 t=4.5s
[DONE] calibration__8266__deblur__boundary_probe__nes__l1 calls=1021 margin 0.44->0.09 t=4.3s
[DONE] calibration__8266__deblur__counterfactual__nes__l1 calls=1021 margin 0.44->0.10 t=3.9s
[DONE] calibration__4179__denoise__attack__nes__l0.5 calls=1021 margin 2.15->1.84 t=3.7s
[DONE] calibration__4179__denoise__restore__nes__l0.5 calls=1021 margin 2.15->2.17 t=4.2s
[DONE] calibration__4179__denoise__random_walk__random_walk__l0.5 calls=1024 margin 2.15->2.18 t=7.0s
[DONE] calibration__4179__denoise__confidence_boost__nes__l0.5 calls=1021 margin 2.15->2.49 t=4.4s
[DONE] calibration__4179__denoise__boundary_probe__nes__l0.5 calls=1021 margin 2.15->1.81 t=4.4s
[DONE] calibration__4179__denoise__counterfactual__nes__l0.5 calls=1021 margin 2.15->1.83 t=3.8s
[DONE] calibration__4179__deblur__attack__nes__l1 calls=1021 margin 1.51->1.21 t=3.6s
[DONE] calibration__4179__deblur__restore__nes__l1 calls=1021 margin 1.51->1.49 t=4.3s
[DONE] calibration__4179__deblur__random_walk__random_walk__l1 calls=1024 margin 1.51->1.60 t=6.9s
[DONE] calibration__4179__deblur__confidence_boost__nes__l1 calls=1021 margin 1.51->1.90 t=4.2s
[DONE] calibration__4179__deblur__boundary_probe__nes__l1 calls=1021 margin 1.51->1.20 t=4.5s
[DONE] calibration__4179__deblur__counterfactual__nes__l1 calls=1021 margin 1.51->1.17 t=3.9s
[DONE] calibration__8509__denoise__attack__nes__l0.5 calls=1021 margin 4.65->4.21 t=3.7s
[DONE] calibration__8509__denoise__restore__nes__l0.5 calls=1021 margin 4.65->4.59 t=4.2s
[DONE] calibration__8509__denoise__random_walk__random_walk__l0.5 calls=1024 margin 4.65->4.80 t=7.1s
[DONE] calibration__8509__denoise__confidence_boost__nes__l0.5 calls=1021 margin 4.65->5.10 t=4.2s
[DONE] calibration__8509__denoise__boundary_probe__nes__l0.5 calls=1021 margin 4.65->4.18 t=4.5s
[DONE] calibration__8509__denoise__counterfactual__nes__l0.5 calls=1021 margin 4.65->4.20 t=3.9s
[DONE] calibration__8509__deblur__attack__nes__l1 calls=1021 margin 2.10->1.85 t=3.8s
[DONE] calibration__8509__deblur__restore__nes__l1 calls=1021 margin 2.10->2.22 t=4.4s
[DONE] calibration__8509__deblur__random_walk__random_walk__l1 calls=1024 margin 2.10->2.07 t=6.8s
[DONE] calibration__8509__deblur__confidence_boost__nes__l1 calls=1021 margin 2.10->2.48 t=4.2s
[DONE] calibration__8509__deblur__boundary_probe__nes__l1 calls=1021 margin 2.10->1.79 t=4.4s
[DONE] calibration__8509__deblur__counterfactual__nes__l1 calls=1021 margin 2.10->1.76 t=3.9s
[DONE] calibration__3896__denoise__attack__nes__l0.5 calls=1021 margin 1.37->1.07 t=3.7s
[DONE] calibration__3896__denoise__restore__nes__l0.5 calls=1021 margin 1.37->1.39 t=4.4s
[DONE] calibration__3896__denoise__random_walk__random_walk__l0.5 calls=1024 margin 1.37->1.28 t=7.1s
[DONE] calibration__3896__denoise__confidence_boost__nes__l0.5 calls=1021 margin 1.37->1.64 t=4.2s
[DONE] calibration__3896__denoise__boundary_probe__nes__l0.5 calls=1021 margin 1.37->1.11 t=4.5s
[DONE] calibration__3896__denoise__counterfactual__nes__l0.5 calls=1021 margin 1.37->1.11 t=4.0s
[DONE] calibration__3896__deblur__attack__nes__l1 calls=1021 margin 1.48->1.17 t=3.7s
[DONE] calibration__3896__deblur__restore__nes__l1 calls=1021 margin 1.48->1.51 t=4.6s
[DONE] calibration__3896__deblur__random_walk__random_walk__l1 calls=1024 margin 1.48->1.52 t=6.8s
[DONE] calibration__3896__deblur__confidence_boost__nes__l1 calls=1021 margin 1.48->1.83 t=4.4s
[DONE] calibration__3896__deblur__boundary_probe__nes__l1 calls=1021 margin 1.48->1.13 t=4.6s
[DONE] calibration__3896__deblur__counterfactual__nes__l1 calls=1021 margin 1.48->1.16 t=3.9s
[DONE] calibration__1059__denoise__attack__nes__l0.5 calls=1021 margin 1.72->1.53 t=3.9s
[DONE] calibration__1059__denoise__restore__nes__l0.5 calls=1021 margin 1.72->1.72 t=4.4s
[DONE] calibration__1059__denoise__random_walk__random_walk__l0.5 calls=1024 margin 1.72->1.69 t=6.8s
[DONE] calibration__1059__denoise__confidence_boost__nes__l0.5 calls=1021 margin 1.72->1.98 t=4.3s
[DONE] calibration__1059__denoise__boundary_probe__nes__l0.5 calls=1021 margin 1.72->1.41 t=4.3s
[DONE] calibration__1059__denoise__counterfactual__nes__l0.5 calls=1021 margin 1.72->1.38 t=3.9s
[DONE] calibration__1059__deblur__attack__nes__l1 calls=1021 margin 2.38->2.06 t=3.9s
[DONE] calibration__1059__deblur__restore__nes__l1 calls=1021 margin 2.38->2.44 t=4.3s
[DONE] calibration__1059__deblur__random_walk__random_walk__l1 calls=1024 margin 2.38->2.42 t=6.9s
[DONE] calibration__1059__deblur__confidence_boost__nes__l1 calls=1021 margin 2.38->2.70 t=4.5s
[DONE] calibration__1059__deblur__boundary_probe__nes__l1 calls=1021 margin 2.38->2.04 t=4.5s
[DONE] calibration__1059__deblur__counterfactual__nes__l1 calls=1021 margin 2.38->2.04 t=3.9s
[DONE] calibration__6999__denoise__attack__nes__l0.5 calls=1021 margin 4.39->3.93 t=3.9s
[DONE] calibration__6999__denoise__restore__nes__l0.5 calls=1021 margin 4.39->4.37 t=4.5s
[DONE] calibration__6999__denoise__random_walk__random_walk__l0.5 calls=1024 margin 4.39->4.31 t=6.6s
[DONE] calibration__6999__denoise__confidence_boost__nes__l0.5 calls=1021 margin 4.39->4.91 t=4.1s
[DONE] calibration__6999__denoise__boundary_probe__nes__l0.5 calls=1021 margin 4.39->3.81 t=4.5s
[DONE] calibration__6999__denoise__counterfactual__nes__l0.5 calls=1021 margin 4.39->3.73 t=3.8s
[DONE] calibration__6999__deblur__attack__nes__l1 calls=1021 margin 4.43->3.96 t=4.1s
[DONE] calibration__6999__deblur__restore__nes__l1 calls=1021 margin 4.43->4.42 t=4.5s
[DONE] calibration__6999__deblur__random_walk__random_walk__l1 calls=1024 margin 4.43->4.48 t=6.5s
[DONE] calibration__6999__deblur__confidence_boost__nes__l1 calls=1021 margin 4.43->4.91 t=4.1s
[DONE] calibration__6999__deblur__boundary_probe__nes__l1 calls=1021 margin 4.43->3.96 t=4.3s
[DONE] calibration__6999__deblur__counterfactual__nes__l1 calls=1021 margin 4.43->3.94 t=3.9s
[DONE] calibration__6377__denoise__attack__nes__l0.5 calls=1021 margin 6.93->6.14 t=4.1s
[DONE] calibration__6377__denoise__restore__nes__l0.5 calls=1021 margin 6.93->6.86 t=4.4s
[DONE] calibration__6377__denoise__random_walk__random_walk__l0.5 calls=1024 margin 6.93->6.92 t=6.8s
[DONE] calibration__6377__denoise__confidence_boost__nes__l0.5 calls=1021 margin 6.93->7.62 t=4.3s
[DONE] calibration__6377__denoise__boundary_probe__nes__l0.5 calls=1021 margin 6.93->6.19 t=4.3s
[DONE] calibration__6377__denoise__counterfactual__nes__l0.5 calls=1021 margin 6.93->6.19 t=3.9s
[DONE] calibration__6377__deblur__attack__nes__l1 calls=1021 margin 6.86->6.23 t=4.4s
[DONE] calibration__6377__deblur__restore__nes__l1 calls=1021 margin 6.86->6.92 t=4.4s
[DONE] calibration__6377__deblur__random_walk__random_walk__l1 calls=1024 margin 6.86->6.88 t=6.6s
[DONE] calibration__6377__deblur__confidence_boost__nes__l1 calls=1021 margin 6.86->7.52 t=4.5s
[DONE] calibration__6377__deblur__boundary_probe__nes__l1 calls=1021 margin 6.86->6.19 t=4.3s
[DONE] calibration__6377__deblur__counterfactual__nes__l1 calls=1021 margin 6.86->6.19 t=4.1s
[DONE] calibration__9718__denoise__attack__nes__l0.5 calls=1021 margin 5.22->4.40 t=4.3s
[DONE] calibration__9718__denoise__restore__nes__l0.5 calls=1021 margin 5.22->5.19 t=4.2s
[DONE] calibration__9718__denoise__random_walk__random_walk__l0.5 calls=1024 margin 5.22->5.43 t=6.7s
[DONE] calibration__9718__denoise__confidence_boost__nes__l0.5 calls=1021 margin 5.22->6.12 t=4.6s
[DONE] calibration__9718__denoise__boundary_probe__nes__l0.5 calls=1021 margin 5.22->4.46 t=4.3s
[DONE] calibration__9718__denoise__counterfactual__nes__l0.5 calls=1021 margin 5.22->4.36 t=4.0s
[DONE] calibration__9718__deblur__attack__nes__l1 calls=1021 margin 5.89->4.83 t=4.3s
[DONE] calibration__9718__deblur__restore__nes__l1 calls=1021 margin 5.89->5.88 t=3.9s
[DONE] calibration__9718__deblur__random_walk__random_walk__l1 calls=1024 margin 5.89->5.68 t=6.6s
[DONE] calibration__9718__deblur__confidence_boost__nes__l1 calls=1021 margin 5.89->6.81 t=4.4s
[DONE] calibration__9718__deblur__boundary_probe__nes__l1 calls=1021 margin 5.89->4.97 t=4.2s
[DONE] calibration__9718__deblur__counterfactual__nes__l1 calls=1021 margin 5.89->4.92 t=4.0s
[DONE] evaluation__4081__denoise__attack__nes__l0.5 calls=1021 margin 7.86->6.92 t=4.1s
[DONE] evaluation__4081__denoise__restore__nes__l0.5 calls=1021 margin 7.86->7.98 t=3.9s
[DONE] evaluation__4081__denoise__random_walk__random_walk__l0.5 calls=1024 margin 7.86->7.60 t=6.3s
[DONE] evaluation__4081__denoise__confidence_boost__nes__l0.5 calls=1021 margin 7.86->8.72 t=4.2s
[DONE] evaluation__4081__denoise__boundary_probe__nes__l0.5 calls=1021 margin 7.86->6.91 t=4.4s
[DONE] evaluation__4081__denoise__counterfactual__nes__l0.5 calls=1021 margin 7.86->6.92 t=3.8s
[DONE] evaluation__4081__deblur__attack__nes__l1 calls=1021 margin 7.73->6.90 t=4.4s
[DONE] evaluation__4081__deblur__restore__nes__l1 calls=1021 margin 7.73->7.82 t=4.0s
[DONE] evaluation__4081__deblur__random_walk__random_walk__l1 calls=1024 margin 7.73->7.73 t=6.6s
[DONE] evaluation__4081__deblur__confidence_boost__nes__l1 calls=1021 margin 7.73->8.48 t=4.3s
[DONE] evaluation__4081__deblur__boundary_probe__nes__l1 calls=1021 margin 7.73->6.64 t=4.4s
[DONE] evaluation__4081__deblur__counterfactual__nes__l1 calls=1021 margin 7.73->6.47 t=4.0s
[DONE] evaluation__5679__denoise__attack__nes__l0.5 calls=1021 margin 1.00->0.56 t=4.3s
[DONE] evaluation__5679__denoise__restore__nes__l0.5 calls=1021 margin 1.00->1.01 t=3.9s
[DONE] evaluation__5679__denoise__random_walk__random_walk__l0.5 calls=1024 margin 1.00->0.98 t=6.6s
[DONE] evaluation__5679__denoise__confidence_boost__nes__l0.5 calls=1021 margin 1.00->1.38 t=4.4s
[DONE] evaluation__5679__denoise__boundary_probe__nes__l0.5 calls=1021 margin 1.00->0.52 t=4.4s
[DONE] evaluation__5679__denoise__counterfactual__nes__l0.5 calls=1021 margin 1.00->0.52 t=4.1s
[DONE] evaluation__5679__deblur__attack__nes__l1 calls=1021 margin 1.09->0.18 t=4.3s
[DONE] evaluation__5679__deblur__restore__nes__l1 calls=1021 margin 1.09->1.08 t=3.9s
[DONE] evaluation__5679__deblur__random_walk__random_walk__l1 calls=1024 margin 1.09->0.94 t=6.7s
[DONE] evaluation__5679__deblur__confidence_boost__nes__l1 calls=1021 margin 1.09->1.47 t=4.4s
[DONE] evaluation__5679__deblur__boundary_probe__nes__l1 calls=1021 margin 1.09->0.15 t=4.5s
[DONE] evaluation__5679__deblur__counterfactual__nes__l1 calls=1021 margin 1.09->0.63 t=4.1s
[DONE] evaluation__8483__denoise__attack__nes__l0.5 calls=1021 margin 2.18->1.36 t=4.2s
[DONE] evaluation__8483__denoise__restore__nes__l0.5 calls=1021 margin 2.18->2.22 t=3.9s
[DONE] evaluation__8483__denoise__random_walk__random_walk__l0.5 calls=1024 margin 2.18->1.61 t=6.6s
[DONE] evaluation__8483__denoise__confidence_boost__nes__l0.5 calls=1021 margin 2.18->3.05 t=4.6s
[DONE] evaluation__8483__denoise__boundary_probe__nes__l0.5 calls=1021 margin 2.18->1.26 t=4.3s
[DONE] evaluation__8483__denoise__counterfactual__nes__l0.5 calls=1021 margin 2.18->1.28 t=4.2s
[DONE] evaluation__8483__deblur__attack__nes__l1 calls=1021 margin 2.95->2.71 t=4.2s
[DONE] evaluation__8483__deblur__restore__nes__l1 calls=1021 margin 2.95->2.92 t=3.8s
[DONE] evaluation__8483__deblur__random_walk__random_walk__l1 calls=1024 margin 2.95->2.92 t=6.6s
[DONE] evaluation__8483__deblur__confidence_boost__nes__l1 calls=1021 margin 2.95->3.25 t=4.4s
[DONE] evaluation__8483__deblur__boundary_probe__nes__l1 calls=1021 margin 2.95->2.61 t=4.3s
[DONE] evaluation__8483__deblur__counterfactual__nes__l1 calls=1021 margin 2.95->2.62 t=4.3s
[DONE] evaluation__1504__denoise__attack__nes__l0.5 calls=1021 margin 1.09->0.67 t=4.0s
[DONE] evaluation__1504__denoise__restore__nes__l0.5 calls=1021 margin 1.09->1.07 t=3.8s
[DONE] evaluation__1504__denoise__random_walk__random_walk__l0.5 calls=1024 margin 1.09->1.00 t=6.5s
[DONE] evaluation__1504__denoise__confidence_boost__nes__l0.5 calls=1021 margin 1.09->1.43 t=4.3s
[DONE] evaluation__1504__denoise__boundary_probe__nes__l0.5 calls=1021 margin 1.09->0.67 t=4.3s
[DONE] evaluation__1504__denoise__counterfactual__nes__l0.5 calls=1021 margin 1.09->0.69 t=4.3s
[DONE] evaluation__1504__deblur__attack__nes__l1 calls=1021 margin 0.53->-0.04 t=4.2s
[DONE] evaluation__1504__deblur__restore__nes__l1 calls=1021 margin 0.53->0.65 t=3.7s
[DONE] evaluation__1504__deblur__random_walk__random_walk__l1 calls=1024 margin 0.53->0.52 t=6.6s
[DONE] evaluation__1504__deblur__confidence_boost__nes__l1 calls=1021 margin 0.53->1.08 t=4.3s
[DONE] evaluation__1504__deblur__boundary_probe__nes__l1 calls=1021 margin 0.53->0.01 t=4.2s
[DONE] evaluation__1504__deblur__counterfactual__nes__l1 calls=1021 margin 0.53->0.04 t=4.2s
[DONE] evaluation__3663__denoise__attack__nes__l0.5 calls=1021 margin 8.61->8.34 t=4.1s
[DONE] evaluation__3663__denoise__restore__nes__l0.5 calls=1021 margin 8.61->8.57 t=3.8s
[DONE] evaluation__3663__denoise__random_walk__random_walk__l0.5 calls=1024 margin 8.61->8.55 t=6.3s
[DONE] evaluation__3663__denoise__confidence_boost__nes__l0.5 calls=1021 margin 8.61->8.88 t=4.2s
[DONE] evaluation__3663__denoise__boundary_probe__nes__l0.5 calls=1021 margin 8.61->8.33 t=4.6s
[DONE] evaluation__3663__denoise__counterfactual__nes__l0.5 calls=1021 margin 8.61->8.32 t=4.2s
[DONE] evaluation__3663__deblur__attack__nes__l1 calls=1021 margin 8.24->7.96 t=4.1s
[DONE] evaluation__3663__deblur__restore__nes__l1 calls=1021 margin 8.24->8.26 t=3.8s
[DONE] evaluation__3663__deblur__random_walk__random_walk__l1 calls=1024 margin 8.24->8.25 t=6.6s
[DONE] evaluation__3663__deblur__confidence_boost__nes__l1 calls=1021 margin 8.24->8.53 t=4.4s
[DONE] evaluation__3663__deblur__boundary_probe__nes__l1 calls=1021 margin 8.24->7.88 t=4.4s
[DONE] evaluation__3663__deblur__counterfactual__nes__l1 calls=1021 margin 8.24->7.85 t=4.3s
[DONE] evaluation__7840__denoise__attack__nes__l0.5 calls=1021 margin 7.36->7.04 t=4.2s
[DONE] evaluation__7840__denoise__restore__nes__l0.5 calls=1021 margin 7.36->7.36 t=3.8s
[DONE] evaluation__7840__denoise__random_walk__random_walk__l0.5 calls=1024 margin 7.36->7.37 t=6.6s
[DONE] evaluation__7840__denoise__confidence_boost__nes__l0.5 calls=1021 margin 7.36->7.66 t=4.3s
[DONE] evaluation__7840__denoise__boundary_probe__nes__l0.5 calls=1021 margin 7.36->7.00 t=4.4s
[DONE] evaluation__7840__denoise__counterfactual__nes__l0.5 calls=1021 margin 7.36->7.05 t=4.3s
[DONE] evaluation__7840__deblur__attack__nes__l1 calls=1021 margin 7.02->6.66 t=4.1s
[DONE] evaluation__7840__deblur__restore__nes__l1 calls=1021 margin 7.02->7.04 t=3.8s
[DONE] evaluation__7840__deblur__random_walk__random_walk__l1 calls=1024 margin 7.02->7.02 t=6.2s
[DONE] evaluation__7840__deblur__confidence_boost__nes__l1 calls=1021 margin 7.02->7.34 t=4.2s
[DONE] evaluation__7840__deblur__boundary_probe__nes__l1 calls=1021 margin 7.02->6.66 t=4.6s
[DONE] evaluation__7840__deblur__counterfactual__nes__l1 calls=1021 margin 7.02->6.64 t=4.4s
[DONE] evaluation__972__denoise__attack__nes__l0.5 calls=1021 margin 0.44->0.13 t=4.3s
[DONE] evaluation__972__denoise__restore__nes__l0.5 calls=1021 margin 0.44->0.42 t=3.9s
[DONE] evaluation__972__denoise__random_walk__random_walk__l0.5 calls=1024 margin 0.44->0.39 t=6.6s
[DONE] evaluation__972__denoise__confidence_boost__nes__l0.5 calls=1021 margin 0.44->0.80 t=4.3s
[DONE] evaluation__972__denoise__boundary_probe__nes__l0.5 calls=1021 margin 0.44->0.12 t=4.5s
[DONE] evaluation__972__denoise__counterfactual__nes__l0.5 calls=1021 margin 0.44->0.15 t=4.4s
[DONE] evaluation__972__deblur__attack__nes__l1 calls=1021 margin 0.62->0.42 t=4.2s
[DONE] evaluation__972__deblur__restore__nes__l1 calls=1021 margin 0.62->0.62 t=3.9s
[DONE] evaluation__972__deblur__random_walk__random_walk__l1 calls=1024 margin 0.62->0.66 t=6.7s
[DONE] evaluation__972__deblur__confidence_boost__nes__l1 calls=1021 margin 0.62->0.83 t=4.4s
[DONE] evaluation__972__deblur__boundary_probe__nes__l1 calls=1021 margin 0.62->0.41 t=4.4s
[DONE] evaluation__972__deblur__counterfactual__nes__l1 calls=1021 margin 0.62->0.46 t=4.3s
[DONE] evaluation__5547__denoise__attack__nes__l0.5 calls=1021 margin 3.66->3.10 t=4.2s
[DONE] evaluation__5547__denoise__restore__nes__l0.5 calls=1021 margin 3.66->3.66 t=3.9s
[DONE] evaluation__5547__denoise__random_walk__random_walk__l0.5 calls=1024 margin 3.66->3.59 t=6.6s
[DONE] evaluation__5547__denoise__confidence_boost__nes__l0.5 calls=1021 margin 3.66->4.16 t=4.5s
[DONE] evaluation__5547__denoise__boundary_probe__nes__l0.5 calls=1021 margin 3.66->2.98 t=4.6s
[DONE] evaluation__5547__denoise__counterfactual__nes__l0.5 calls=1021 margin 3.66->2.96 t=4.5s
[DONE] evaluation__5547__deblur__attack__nes__l1 calls=1021 margin 5.33->4.76 t=4.1s
[DONE] evaluation__5547__deblur__restore__nes__l1 calls=1021 margin 5.33->5.34 t=3.8s
[DONE] evaluation__5547__deblur__random_walk__random_walk__l1 calls=1024 margin 5.33->5.08 t=6.8s
[DONE] evaluation__5547__deblur__confidence_boost__nes__l1 calls=1021 margin 5.33->5.80 t=4.6s
[DONE] evaluation__5547__deblur__boundary_probe__nes__l1 calls=1021 margin 5.33->4.60 t=4.8s
[DONE] evaluation__5547__deblur__counterfactual__nes__l1 calls=1021 margin 5.33->4.66 t=4.6s
[DONE] evaluation__6636__denoise__attack__nes__l0.5 calls=1021 margin 1.20->0.88 t=4.1s
[DONE] evaluation__6636__denoise__restore__nes__l0.5 calls=1021 margin 1.20->1.17 t=3.9s
[DONE] evaluation__6636__denoise__random_walk__random_walk__l0.5 calls=1024 margin 1.20->1.23 t=6.6s
[DONE] evaluation__6636__denoise__confidence_boost__nes__l0.5 calls=1021 margin 1.20->1.50 t=4.6s
[DONE] evaluation__6636__denoise__boundary_probe__nes__l0.5 calls=1021 margin 1.20->0.83 t=4.6s
[DONE] evaluation__6636__denoise__counterfactual__nes__l0.5 calls=1021 margin 1.20->0.85 t=4.3s
[DONE] evaluation__6636__deblur__attack__nes__l1 calls=1021 margin 1.29->0.90 t=4.0s
[DONE] evaluation__6636__deblur__restore__nes__l1 calls=1021 margin 1.29->1.44 t=3.8s
[DONE] evaluation__6636__deblur__random_walk__random_walk__l1 calls=1024 margin 1.29->1.21 t=6.7s
[DONE] evaluation__6636__deblur__confidence_boost__nes__l1 calls=1021 margin 1.29->1.68 t=4.5s
[DONE] evaluation__6636__deblur__boundary_probe__nes__l1 calls=1021 margin 1.29->0.90 t=4.6s
[DONE] evaluation__6636__deblur__counterfactual__nes__l1 calls=1021 margin 1.29->0.89 t=4.1s
[DONE] evaluation__9728__denoise__attack__nes__l0.5 calls=1021 margin 4.77->4.16 t=3.8s
[DONE] evaluation__9728__denoise__restore__nes__l0.5 calls=1021 margin 4.77->4.67 t=3.9s
[DONE] evaluation__9728__denoise__random_walk__random_walk__l0.5 calls=1024 margin 4.77->4.63 t=6.5s
[DONE] evaluation__9728__denoise__confidence_boost__nes__l0.5 calls=1021 margin 4.77->5.42 t=4.7s
[DONE] evaluation__9728__denoise__boundary_probe__nes__l0.5 calls=1021 margin 4.77->4.09 t=4.6s
[DONE] evaluation__9728__denoise__counterfactual__nes__l0.5 calls=1021 margin 4.77->4.13 t=4.3s
[DONE] evaluation__9728__deblur__attack__nes__l1 calls=1021 margin 4.25->3.72 t=4.1s
[DONE] evaluation__9728__deblur__restore__nes__l1 calls=1021 margin 4.25->4.42 t=4.1s
[DONE] evaluation__9728__deblur__random_walk__random_walk__l1 calls=1024 margin 4.25->4.28 t=6.6s
[DONE] evaluation__9728__deblur__confidence_boost__nes__l1 calls=1021 margin 4.25->5.01 t=4.8s
[DONE] evaluation__9728__deblur__boundary_probe__nes__l1 calls=1021 margin 4.25->3.69 t=4.7s
[DONE] evaluation__9728__deblur__counterfactual__nes__l1 calls=1021 margin 4.25->3.71 t=4.3s
[DONE] evaluation__3228__denoise__attack__nes__l0.5 calls=1021 margin 0.53->0.42 t=3.7s
[DONE] evaluation__3228__denoise__restore__nes__l0.5 calls=1021 margin 0.53->0.51 t=3.7s
[DONE] evaluation__3228__denoise__random_walk__random_walk__l0.5 calls=1024 margin 0.53->0.51 t=7.0s
[DONE] evaluation__3228__denoise__confidence_boost__nes__l0.5 calls=1021 margin 0.53->0.65 t=4.6s
[DONE] evaluation__3228__denoise__boundary_probe__nes__l0.5 calls=1021 margin 0.53->0.38 t=4.6s
[DONE] evaluation__3228__denoise__counterfactual__nes__l0.5 calls=1021 margin 0.53->0.38 t=4.1s
[DONE] evaluation__3228__deblur__attack__nes__l1 calls=1021 margin 0.48->0.35 t=4.0s
[DONE] evaluation__3228__deblur__restore__nes__l1 calls=1021 margin 0.48->0.51 t=3.8s
[DONE] evaluation__3228__deblur__random_walk__random_walk__l1 calls=1024 margin 0.48->0.46 t=6.5s
[DONE] evaluation__3228__deblur__confidence_boost__nes__l1 calls=1021 margin 0.48->0.61 t=4.7s
[DONE] evaluation__3228__deblur__boundary_probe__nes__l1 calls=1021 margin 0.48->0.33 t=4.3s
[DONE] evaluation__3228__deblur__counterfactual__nes__l1 calls=1021 margin 0.48->0.34 t=4.2s
[DONE] evaluation__6175__denoise__attack__nes__l0.5 calls=1021 margin 0.85->0.34 t=4.1s
[DONE] evaluation__6175__denoise__restore__nes__l0.5 calls=1021 margin 0.85->0.84 t=3.9s
[DONE] evaluation__6175__denoise__random_walk__random_walk__l0.5 calls=1024 margin 0.85->0.77 t=6.8s
[DONE] evaluation__6175__denoise__confidence_boost__nes__l0.5 calls=1021 margin 0.85->1.22 t=4.7s
[DONE] evaluation__6175__denoise__boundary_probe__nes__l0.5 calls=1021 margin 0.85->0.19 t=4.5s
[DONE] evaluation__6175__denoise__counterfactual__nes__l0.5 calls=1021 margin 0.85->0.30 t=4.2s
[DONE] evaluation__6175__deblur__attack__nes__l1 calls=1021 margin 0.82->0.39 t=4.0s
[DONE] evaluation__6175__deblur__restore__nes__l1 calls=1021 margin 0.82->0.84 t=3.9s
[DONE] evaluation__6175__deblur__random_walk__random_walk__l1 calls=1024 margin 0.82->0.78 t=6.9s
[DONE] evaluation__6175__deblur__confidence_boost__nes__l1 calls=1021 margin 0.82->1.26 t=4.6s
[DONE] evaluation__6175__deblur__boundary_probe__nes__l1 calls=1021 margin 0.82->0.25 t=4.2s
[DONE] evaluation__6175__deblur__counterfactual__nes__l1 calls=1021 margin 0.82->0.27 t=4.1s
[DONE] evaluation__8310__denoise__attack__nes__l0.5 calls=1021 margin 0.89->0.73 t=4.1s
[DONE] evaluation__8310__denoise__restore__nes__l0.5 calls=1021 margin 0.89->0.90 t=3.8s
[DONE] evaluation__8310__denoise__random_walk__random_walk__l0.5 calls=1024 margin 0.89->0.87 t=6.8s
[DONE] evaluation__8310__denoise__confidence_boost__nes__l0.5 calls=1021 margin 0.89->1.09 t=4.5s
[DONE] evaluation__8310__denoise__boundary_probe__nes__l0.5 calls=1021 margin 0.89->0.70 t=4.1s
[DONE] evaluation__8310__denoise__counterfactual__nes__l0.5 calls=1021 margin 0.89->0.73 t=4.1s
[DONE] evaluation__8310__deblur__attack__nes__l1 calls=1021 margin 1.09->0.84 t=3.9s
[DONE] evaluation__8310__deblur__restore__nes__l1 calls=1021 margin 1.09->1.08 t=3.9s
[DONE] evaluation__8310__deblur__random_walk__random_walk__l1 calls=1024 margin 1.09->1.12 t=6.9s
[DONE] evaluation__8310__deblur__confidence_boost__nes__l1 calls=1021 margin 1.09->1.35 t=4.6s
[DONE] evaluation__8310__deblur__boundary_probe__nes__l1 calls=1021 margin 1.09->0.82 t=4.1s
[DONE] evaluation__8310__deblur__counterfactual__nes__l1 calls=1021 margin 1.09->0.82 t=4.3s
[DONE] evaluation__2180__denoise__attack__nes__l0.5 calls=1021 margin 0.72->0.65 t=4.1s
[DONE] evaluation__2180__denoise__restore__nes__l0.5 calls=1021 margin 0.72->0.75 t=3.9s
[DONE] evaluation__2180__denoise__random_walk__random_walk__l0.5 calls=1024 margin 0.72->0.70 t=7.0s
[DONE] evaluation__2180__denoise__confidence_boost__nes__l0.5 calls=1021 margin 0.72->0.80 t=4.5s
[DONE] evaluation__2180__denoise__boundary_probe__nes__l0.5 calls=1021 margin 0.72->0.60 t=4.1s
[DONE] evaluation__2180__denoise__counterfactual__nes__l0.5 calls=1021 margin 0.72->0.61 t=4.4s
[DONE] evaluation__2180__deblur__attack__nes__l1 calls=1021 margin 1.10->1.05 t=4.0s
[DONE] evaluation__2180__deblur__restore__nes__l1 calls=1021 margin 1.10->1.09 t=3.9s
[DONE] evaluation__2180__deblur__random_walk__random_walk__l1 calls=1024 margin 1.10->1.08 t=7.0s
[DONE] evaluation__2180__deblur__confidence_boost__nes__l1 calls=1021 margin 1.10->1.15 t=4.4s
[DONE] evaluation__2180__deblur__boundary_probe__nes__l1 calls=1021 margin 1.10->0.99 t=3.9s
[DONE] evaluation__2180__deblur__counterfactual__nes__l1 calls=1021 margin 1.10->0.99 t=4.3s
[DONE] evaluation__4946__denoise__attack__nes__l0.5 calls=1021 margin 0.21->0.02 t=4.1s
[DONE] evaluation__4946__denoise__restore__nes__l0.5 calls=1021 margin 0.21->0.22 t=3.7s
[DONE] evaluation__4946__denoise__random_walk__random_walk__l0.5 calls=1024 margin 0.21->0.22 t=6.8s
[DONE] evaluation__4946__denoise__confidence_boost__nes__l0.5 calls=1021 margin 0.21->0.42 t=4.7s
[DONE] evaluation__4946__denoise__boundary_probe__nes__l0.5 calls=1021 margin 0.21->0.02 t=4.1s
[DONE] evaluation__4946__denoise__counterfactual__nes__l0.5 calls=1021 margin 0.21->0.01 t=4.3s
[DONE] evaluation__4946__deblur__attack__nes__l1 calls=1021 margin 0.58->0.31 t=4.0s
[DONE] evaluation__4946__deblur__restore__nes__l1 calls=1021 margin 0.58->0.57 t=3.9s
[DONE] evaluation__4946__deblur__random_walk__random_walk__l1 calls=1024 margin 0.58->0.51 t=6.9s
[DONE] evaluation__4946__deblur__confidence_boost__nes__l1 calls=1021 margin 0.58->0.87 t=4.6s
[DONE] evaluation__4946__deblur__boundary_probe__nes__l1 calls=1021 margin 0.58->0.27 t=4.3s
[DONE] evaluation__4946__deblur__counterfactual__nes__l1 calls=1021 margin 0.58->0.32 t=4.4s
[DONE] evaluation__7481__denoise__attack__nes__l0.5 calls=1021 margin 2.44->2.11 t=4.0s
[DONE] evaluation__7481__denoise__restore__nes__l0.5 calls=1021 margin 2.44->2.43 t=3.9s
[DONE] evaluation__7481__denoise__random_walk__random_walk__l0.5 calls=1024 margin 2.44->2.40 t=6.9s
[DONE] evaluation__7481__denoise__confidence_boost__nes__l0.5 calls=1021 margin 2.44->2.71 t=4.5s
[DONE] evaluation__7481__denoise__boundary_probe__nes__l0.5 calls=1021 margin 2.44->2.06 t=4.2s
[DONE] evaluation__7481__denoise__counterfactual__nes__l0.5 calls=1021 margin 2.44->2.10 t=4.2s
[DONE] evaluation__7481__deblur__attack__nes__l1 calls=1021 margin 2.20->1.90 t=3.8s
[DONE] evaluation__7481__deblur__restore__nes__l1 calls=1021 margin 2.20->2.22 t=3.9s
[DONE] evaluation__7481__deblur__random_walk__random_walk__l1 calls=1024 margin 2.20->2.17 t=6.8s
[DONE] evaluation__7481__deblur__confidence_boost__nes__l1 calls=1021 margin 2.20->2.49 t=4.7s
[DONE] evaluation__7481__deblur__boundary_probe__nes__l1 calls=1021 margin 2.20->1.86 t=4.2s
[DONE] evaluation__7481__deblur__counterfactual__nes__l1 calls=1021 margin 2.20->1.90 t=4.2s
[DONE] evaluation__168__denoise__attack__nes__l0.5 calls=1021 margin 0.91->0.10 t=3.8s
[DONE] evaluation__168__denoise__restore__nes__l0.5 calls=1021 margin 0.91->0.96 t=3.9s
[DONE] evaluation__168__denoise__random_walk__random_walk__l0.5 calls=1024 margin 0.91->0.86 t=6.8s
[DONE] evaluation__168__denoise__confidence_boost__nes__l0.5 calls=1021 margin 0.91->1.39 t=4.6s
[DONE] evaluation__168__denoise__boundary_probe__nes__l0.5 calls=1021 margin 0.91->0.01 t=4.3s
[DONE] evaluation__168__denoise__counterfactual__nes__l0.5 calls=1021 margin 0.91->0.00 t=4.3s
[DONE] evaluation__168__deblur__attack__nes__l1 calls=1021 margin 1.06->0.56 t=4.0s
[DONE] evaluation__168__deblur__restore__nes__l1 calls=1021 margin 1.06->1.10 t=3.9s
[DONE] evaluation__168__deblur__random_walk__random_walk__l1 calls=1024 margin 1.06->0.96 t=6.7s
[DONE] evaluation__168__deblur__confidence_boost__nes__l1 calls=1021 margin 1.06->1.62 t=4.6s
[DONE] evaluation__168__deblur__boundary_probe__nes__l1 calls=1021 margin 1.06->0.55 t=4.4s
[DONE] evaluation__168__deblur__counterfactual__nes__l1 calls=1021 margin 1.06->0.60 t=4.2s
[DONE] evaluation__2397__denoise__attack__nes__l0.5 calls=1021 margin 1.51->1.38 t=4.1s
[DONE] evaluation__2397__denoise__restore__nes__l0.5 calls=1021 margin 1.51->1.52 t=4.0s
[DONE] evaluation__2397__denoise__random_walk__random_walk__l0.5 calls=1024 margin 1.51->1.50 t=6.8s
[DONE] evaluation__2397__denoise__confidence_boost__nes__l0.5 calls=1021 margin 1.51->1.67 t=4.7s
[DONE] evaluation__2397__denoise__boundary_probe__nes__l0.5 calls=1021 margin 1.51->1.33 t=4.4s
[DONE] evaluation__2397__denoise__counterfactual__nes__l0.5 calls=1021 margin 1.51->1.35 t=4.3s
[DONE] evaluation__2397__deblur__attack__nes__l1 calls=1021 margin 1.41->1.31 t=4.2s
[DONE] evaluation__2397__deblur__restore__nes__l1 calls=1021 margin 1.41->1.44 t=4.1s
[DONE] evaluation__2397__deblur__random_walk__random_walk__l1 calls=1024 margin 1.41->1.40 t=6.9s
[DONE] evaluation__2397__deblur__confidence_boost__nes__l1 calls=1021 margin 1.41->1.55 t=4.6s
[DONE] evaluation__2397__deblur__boundary_probe__nes__l1 calls=1021 margin 1.41->1.22 t=4.4s
[DONE] evaluation__2397__deblur__counterfactual__nes__l1 calls=1021 margin 1.41->1.24 t=4.3s
[DONE] evaluation__4810__denoise__attack__nes__l0.5 calls=1021 margin 2.47->2.26 t=3.8s
[DONE] evaluation__4810__denoise__restore__nes__l0.5 calls=1021 margin 2.47->2.44 t=3.8s
[DONE] evaluation__4810__denoise__random_walk__random_walk__l0.5 calls=1024 margin 2.47->2.46 t=7.0s
[DONE] evaluation__4810__denoise__confidence_boost__nes__l0.5 calls=1021 margin 2.47->2.71 t=4.7s
[DONE] evaluation__4810__denoise__boundary_probe__nes__l0.5 calls=1021 margin 2.47->2.24 t=4.3s
[DONE] evaluation__4810__denoise__counterfactual__nes__l0.5 calls=1021 margin 2.47->2.23 t=4.0s
[DONE] evaluation__4810__deblur__attack__nes__l1 calls=1021 margin 2.17->1.90 t=3.9s
[DONE] evaluation__4810__deblur__restore__nes__l1 calls=1021 margin 2.17->2.24 t=3.9s
[DONE] evaluation__4810__deblur__random_walk__random_walk__l1 calls=1024 margin 2.17->2.20 t=6.8s
[DONE] evaluation__4810__deblur__confidence_boost__nes__l1 calls=1021 margin 2.17->2.46 t=4.7s
[DONE] evaluation__4810__deblur__boundary_probe__nes__l1 calls=1021 margin 2.17->1.89 t=4.3s
[DONE] evaluation__4810__deblur__counterfactual__nes__l1 calls=1021 margin 2.17->1.88 t=4.0s
[DONE] evaluation__9364__denoise__attack__nes__l0.5 calls=1021 margin 2.57->2.14 t=3.8s
[DONE] evaluation__9364__denoise__restore__nes__l0.5 calls=1021 margin 2.57->2.49 t=3.9s
[DONE] evaluation__9364__denoise__random_walk__random_walk__l0.5 calls=1024 margin 2.57->2.57 t=7.0s
[DONE] evaluation__9364__denoise__confidence_boost__nes__l0.5 calls=1021 margin 2.57->3.07 t=4.8s
[DONE] evaluation__9364__denoise__boundary_probe__nes__l0.5 calls=1021 margin 2.57->2.15 t=4.4s
[DONE] evaluation__9364__denoise__counterfactual__nes__l0.5 calls=1021 margin 2.57->2.14 t=4.0s
[DONE] evaluation__9364__deblur__attack__nes__l1 calls=1021 margin 2.25->1.88 t=3.8s
[DONE] evaluation__9364__deblur__restore__nes__l1 calls=1021 margin 2.25->2.29 t=3.9s
[DONE] evaluation__9364__deblur__random_walk__random_walk__l1 calls=1024 margin 2.25->2.34 t=6.9s
[DONE] evaluation__9364__deblur__confidence_boost__nes__l1 calls=1021 margin 2.25->2.65 t=4.7s
[DONE] evaluation__9364__deblur__boundary_probe__nes__l1 calls=1021 margin 2.25->1.91 t=4.4s
[DONE] evaluation__9364__deblur__counterfactual__nes__l1 calls=1021 margin 2.25->1.93 t=3.9s
[DONE] evaluation__3224__denoise__attack__nes__l0.5 calls=1021 margin 0.87->0.73 t=3.9s
[DONE] evaluation__3224__denoise__restore__nes__l0.5 calls=1021 margin 0.87->0.84 t=3.8s
[DONE] evaluation__3224__denoise__random_walk__random_walk__l0.5 calls=1024 margin 0.87->0.89 t=6.9s
[DONE] evaluation__3224__denoise__confidence_boost__nes__l0.5 calls=1021 margin 0.87->1.05 t=4.7s
[DONE] evaluation__3224__denoise__boundary_probe__nes__l0.5 calls=1021 margin 0.87->0.74 t=4.2s
[DONE] evaluation__3224__denoise__counterfactual__nes__l0.5 calls=1021 margin 0.87->0.73 t=4.0s
[DONE] evaluation__3224__deblur__attack__nes__l1 calls=1021 margin 0.09->-0.02 t=3.9s
[DONE] evaluation__3224__deblur__restore__nes__l1 calls=1021 margin 0.09->0.14 t=3.9s
[DONE] evaluation__3224__deblur__random_walk__random_walk__l1 calls=1024 margin 0.09->0.17 t=6.8s
[DONE] evaluation__3224__deblur__confidence_boost__nes__l1 calls=1021 margin 0.09->0.22 t=4.8s
[DONE] evaluation__3224__deblur__boundary_probe__nes__l1 calls=1021 margin 0.09->0.00 t=4.3s
[DONE] evaluation__3224__deblur__counterfactual__nes__l1 calls=1021 margin 0.09->-0.03 t=3.9s
[DONE] evaluation__5581__denoise__attack__nes__l0.5 calls=1021 margin 1.62->1.39 t=4.1s
[DONE] evaluation__5581__denoise__restore__nes__l0.5 calls=1021 margin 1.62->1.59 t=3.8s
[DONE] evaluation__5581__denoise__random_walk__random_walk__l0.5 calls=1024 margin 1.62->1.61 t=6.7s
[DONE] evaluation__5581__denoise__confidence_boost__nes__l0.5 calls=1021 margin 1.62->1.88 t=4.8s
[DONE] evaluation__5581__denoise__boundary_probe__nes__l0.5 calls=1021 margin 1.62->1.35 t=4.2s
[DONE] evaluation__5581__denoise__counterfactual__nes__l0.5 calls=1021 margin 1.62->1.37 t=4.1s
[DONE] evaluation__5581__deblur__attack__nes__l1 calls=1021 margin 0.75->0.47 t=3.8s
[DONE] evaluation__5581__deblur__restore__nes__l1 calls=1021 margin 0.75->0.81 t=3.9s
[DONE] evaluation__5581__deblur__random_walk__random_walk__l1 calls=1024 margin 0.75->0.82 t=6.6s
[DONE] evaluation__5581__deblur__confidence_boost__nes__l1 calls=1021 margin 0.75->1.07 t=4.8s
[DONE] evaluation__5581__deblur__boundary_probe__nes__l1 calls=1021 margin 0.75->0.48 t=4.3s
[DONE] evaluation__5581__deblur__counterfactual__nes__l1 calls=1021 margin 0.75->0.50 t=4.1s
[DONE] evaluation__9251__denoise__attack__nes__l0.5 calls=1021 margin 8.03->7.55 t=4.0s
[DONE] evaluation__9251__denoise__restore__nes__l0.5 calls=1021 margin 8.03->8.02 t=3.9s
[DONE] evaluation__9251__denoise__random_walk__random_walk__l0.5 calls=1024 margin 8.03->8.00 t=6.5s
[DONE] evaluation__9251__denoise__confidence_boost__nes__l0.5 calls=1021 margin 8.03->8.50 t=4.7s
[DONE] evaluation__9251__denoise__boundary_probe__nes__l0.5 calls=1021 margin 8.03->7.56 t=4.4s
[DONE] evaluation__9251__denoise__counterfactual__nes__l0.5 calls=1021 margin 8.03->7.53 t=3.9s
[DONE] evaluation__9251__deblur__attack__nes__l1 calls=1021 margin 7.00->6.56 t=4.0s
[DONE] evaluation__9251__deblur__restore__nes__l1 calls=1021 margin 7.00->7.13 t=3.8s
[DONE] evaluation__9251__deblur__random_walk__random_walk__l1 calls=1024 margin 7.00->7.01 t=6.5s
[DONE] evaluation__9251__deblur__confidence_boost__nes__l1 calls=1021 margin 7.00->7.46 t=4.8s
[DONE] evaluation__9251__deblur__boundary_probe__nes__l1 calls=1021 margin 7.00->6.54 t=4.5s
[DONE] evaluation__9251__deblur__counterfactual__nes__l1 calls=1021 margin 7.00->6.57 t=4.0s
[DONE] evaluation__2084__denoise__attack__nes__l0.5 calls=1021 margin 10.06->9.79 t=4.0s
[DONE] evaluation__2084__denoise__restore__nes__l0.5 calls=1021 margin 10.06->10.04 t=3.9s
[DONE] evaluation__2084__denoise__random_walk__random_walk__l0.5 calls=1024 margin 10.06->9.95 t=6.7s
[DONE] evaluation__2084__denoise__confidence_boost__nes__l0.5 calls=1021 margin 10.06->10.28 t=4.8s
[DONE] evaluation__2084__denoise__boundary_probe__nes__l0.5 calls=1021 margin 10.06->9.79 t=4.4s
[DONE] evaluation__2084__denoise__counterfactual__nes__l0.5 calls=1021 margin 10.06->9.79 t=3.8s
[DONE] evaluation__2084__deblur__attack__nes__l1 calls=1021 margin 9.72->9.42 t=4.0s
[DONE] evaluation__2084__deblur__restore__nes__l1 calls=1021 margin 9.72->9.77 t=3.8s
[DONE] evaluation__2084__deblur__random_walk__random_walk__l1 calls=1024 margin 9.72->9.73 t=6.5s
[DONE] evaluation__2084__deblur__confidence_boost__nes__l1 calls=1021 margin 9.72->9.99 t=4.5s
[DONE] evaluation__2084__deblur__boundary_probe__nes__l1 calls=1021 margin 9.72->9.39 t=4.5s
[DONE] evaluation__2084__deblur__counterfactual__nes__l1 calls=1021 margin 9.72->9.38 t=3.8s
[DONE] evaluation__4920__denoise__attack__nes__l0.5 calls=1021 margin 8.41->8.01 t=3.9s
[DONE] evaluation__4920__denoise__restore__nes__l0.5 calls=1021 margin 8.41->8.41 t=3.8s
[DONE] evaluation__4920__denoise__random_walk__random_walk__l0.5 calls=1024 margin 8.41->8.32 t=6.4s
[DONE] evaluation__4920__denoise__confidence_boost__nes__l0.5 calls=1021 margin 8.41->8.79 t=4.4s
[DONE] evaluation__4920__denoise__boundary_probe__nes__l0.5 calls=1021 margin 8.41->7.97 t=4.6s
[DONE] evaluation__4920__denoise__counterfactual__nes__l0.5 calls=1021 margin 8.41->7.98 t=4.1s
[DONE] evaluation__4920__deblur__attack__nes__l1 calls=1021 margin 7.53->6.70 t=4.2s
[DONE] evaluation__4920__deblur__restore__nes__l1 calls=1021 margin 7.53->7.54 t=4.0s
[DONE] evaluation__4920__deblur__random_walk__random_walk__l1 calls=1024 margin 7.53->7.44 t=6.6s
[DONE] evaluation__4920__deblur__confidence_boost__nes__l1 calls=1021 margin 7.53->8.38 t=4.5s
[DONE] evaluation__4920__deblur__boundary_probe__nes__l1 calls=1021 margin 7.53->6.74 t=4.6s
[DONE] evaluation__4920__deblur__counterfactual__nes__l1 calls=1021 margin 7.53->6.62 t=4.2s
[DONE] evaluation__8320__denoise__attack__nes__l0.5 calls=1021 margin 1.12->0.78 t=4.1s
[DONE] evaluation__8320__denoise__restore__nes__l0.5 calls=1021 margin 1.12->1.08 t=4.0s
[DONE] evaluation__8320__denoise__random_walk__random_walk__l0.5 calls=1024 margin 1.12->1.07 t=6.6s
[DONE] evaluation__8320__denoise__confidence_boost__nes__l0.5 calls=1021 margin 1.12->1.58 t=4.6s
[DONE] evaluation__8320__denoise__boundary_probe__nes__l0.5 calls=1021 margin 1.12->0.77 t=4.6s
[DONE] evaluation__8320__denoise__counterfactual__nes__l0.5 calls=1021 margin 1.12->0.76 t=4.0s
[DONE] evaluation__8320__deblur__attack__nes__l1 calls=1021 margin 0.85->0.47 t=4.1s
[DONE] evaluation__8320__deblur__restore__nes__l1 calls=1021 margin 0.85->0.98 t=4.0s
[DONE] evaluation__8320__deblur__random_walk__random_walk__l1 calls=1024 margin 0.85->0.79 t=6.7s
[DONE] evaluation__8320__deblur__confidence_boost__nes__l1 calls=1021 margin 0.85->1.37 t=4.6s
[DONE] evaluation__8320__deblur__boundary_probe__nes__l1 calls=1021 margin 0.85->0.42 t=4.7s
[DONE] evaluation__8320__deblur__counterfactual__nes__l1 calls=1021 margin 0.85->0.46 t=4.1s
[DONE] evaluation__1153__denoise__attack__nes__l0.5 calls=1021 margin 2.32->1.70 t=4.0s
[DONE] evaluation__1153__denoise__restore__nes__l0.5 calls=1021 margin 2.32->2.27 t=3.9s
[DONE] evaluation__1153__denoise__random_walk__random_walk__l0.5 calls=1024 margin 2.32->2.21 t=6.7s
[DONE] evaluation__1153__denoise__confidence_boost__nes__l0.5 calls=1021 margin 2.32->3.01 t=4.5s
[DONE] evaluation__1153__denoise__boundary_probe__nes__l0.5 calls=1021 margin 2.32->1.67 t=4.6s
[DONE] evaluation__1153__denoise__counterfactual__nes__l0.5 calls=1021 margin 2.32->1.67 t=4.1s
[DONE] evaluation__1153__deblur__attack__nes__l1 calls=1021 margin 2.72->2.30 t=4.0s
[DONE] evaluation__1153__deblur__restore__nes__l1 calls=1021 margin 2.72->2.76 t=3.9s
[DONE] evaluation__1153__deblur__random_walk__random_walk__l1 calls=1024 margin 2.72->2.56 t=6.6s
[DONE] evaluation__1153__deblur__confidence_boost__nes__l1 calls=1021 margin 2.72->3.16 t=4.6s
[DONE] evaluation__1153__deblur__boundary_probe__nes__l1 calls=1021 margin 2.72->2.16 t=4.3s
[DONE] evaluation__1153__deblur__counterfactual__nes__l1 calls=1021 margin 2.72->2.14 t=4.0s
[DONE] evaluation__4006__denoise__attack__nes__l0.5 calls=1021 margin 6.35->5.79 t=3.9s
[DONE] evaluation__4006__denoise__restore__nes__l0.5 calls=1021 margin 6.35->6.35 t=4.0s
[DONE] evaluation__4006__denoise__random_walk__random_walk__l0.5 calls=1024 margin 6.35->6.31 t=6.8s
[DONE] evaluation__4006__denoise__confidence_boost__nes__l0.5 calls=1021 margin 6.35->6.63 t=4.6s
[DONE] evaluation__4006__denoise__boundary_probe__nes__l0.5 calls=1021 margin 6.35->5.91 t=4.4s
[DONE] evaluation__4006__denoise__counterfactual__nes__l0.5 calls=1021 margin 6.35->5.95 t=4.1s
[DONE] evaluation__4006__deblur__attack__nes__l1 calls=1021 margin 4.85->4.23 t=4.2s
[DONE] evaluation__4006__deblur__restore__nes__l1 calls=1021 margin 4.85->5.03 t=3.8s
[DONE] evaluation__4006__deblur__random_walk__random_walk__l1 calls=1024 margin 4.85->4.76 t=6.8s
[DONE] evaluation__4006__deblur__confidence_boost__nes__l1 calls=1021 margin 4.85->5.65 t=4.4s
[DONE] evaluation__4006__deblur__boundary_probe__nes__l1 calls=1021 margin 4.85->4.23 t=4.5s
[DONE] evaluation__4006__deblur__counterfactual__nes__l1 calls=1021 margin 4.85->4.17 t=4.1s
[DONE] evaluation__8075__denoise__attack__nes__l0.5 calls=1021 margin 0.94->0.77 t=4.2s
[DONE] evaluation__8075__denoise__restore__nes__l0.5 calls=1021 margin 0.94->0.96 t=3.8s
[DONE] evaluation__8075__denoise__random_walk__random_walk__l0.5 calls=1024 margin 0.94->0.93 t=6.8s
[DONE] evaluation__8075__denoise__confidence_boost__nes__l0.5 calls=1021 margin 0.94->1.09 t=4.6s
[DONE] evaluation__8075__denoise__boundary_probe__nes__l0.5 calls=1021 margin 0.94->0.77 t=4.5s
[DONE] evaluation__8075__denoise__counterfactual__nes__l0.5 calls=1021 margin 0.94->0.77 t=4.0s
[DONE] evaluation__8075__deblur__attack__nes__l1 calls=1021 margin 2.33->1.78 t=3.9s
[DONE] evaluation__8075__deblur__restore__nes__l1 calls=1021 margin 2.33->2.36 t=3.7s
[DONE] evaluation__8075__deblur__random_walk__random_walk__l1 calls=1024 margin 2.33->2.11 t=6.7s
[DONE] evaluation__8075__deblur__confidence_boost__nes__l1 calls=1021 margin 2.33->2.68 t=4.5s
[DONE] evaluation__8075__deblur__boundary_probe__nes__l1 calls=1021 margin 2.33->1.75 t=4.4s
[DONE] evaluation__8075__deblur__counterfactual__nes__l1 calls=1021 margin 2.33->1.81 t=3.9s
[DONE] evaluation__9604__denoise__attack__nes__l0.5 calls=1021 margin 1.84->1.28 t=4.0s
[DONE] evaluation__9604__denoise__restore__nes__l0.5 calls=1021 margin 1.84->1.85 t=3.9s
[DONE] evaluation__9604__denoise__random_walk__random_walk__l0.5 calls=1024 margin 1.84->1.89 t=6.5s
[DONE] evaluation__9604__denoise__confidence_boost__nes__l0.5 calls=1021 margin 1.84->2.37 t=4.6s
[DONE] evaluation__9604__denoise__boundary_probe__nes__l0.5 calls=1021 margin 1.84->1.29 t=4.5s
[DONE] evaluation__9604__denoise__counterfactual__nes__l0.5 calls=1021 margin 1.84->1.31 t=4.1s
[DONE] evaluation__9604__deblur__attack__nes__l1 calls=1021 margin 2.27->1.82 t=3.9s
[DONE] evaluation__9604__deblur__restore__nes__l1 calls=1021 margin 2.27->2.33 t=3.9s
[DONE] evaluation__9604__deblur__random_walk__random_walk__l1 calls=1024 margin 2.27->2.20 t=6.5s
[DONE] evaluation__9604__deblur__confidence_boost__nes__l1 calls=1021 margin 2.27->2.73 t=4.5s
[DONE] evaluation__9604__deblur__boundary_probe__nes__l1 calls=1021 margin 2.27->1.72 t=4.4s
[DONE] evaluation__9604__deblur__counterfactual__nes__l1 calls=1021 margin 2.27->1.68 t=4.1s
[DONE] evaluation__3344__denoise__attack__nes__l0.5 calls=1021 margin 1.73->0.91 t=3.8s
[DONE] evaluation__3344__denoise__restore__nes__l0.5 calls=1021 margin 1.73->1.68 t=3.9s
[DONE] evaluation__3344__denoise__random_walk__random_walk__l0.5 calls=1024 margin 1.73->1.78 t=6.5s
[DONE] evaluation__3344__denoise__confidence_boost__nes__l0.5 calls=1021 margin 1.73->2.49 t=4.7s
[DONE] evaluation__3344__denoise__boundary_probe__nes__l0.5 calls=1021 margin 1.73->0.90 t=4.4s
[DONE] evaluation__3344__denoise__counterfactual__nes__l0.5 calls=1021 margin 1.73->0.99 t=4.0s
[DONE] evaluation__3344__deblur__attack__nes__l1 calls=1021 margin 0.22->-0.66 t=4.0s
[DONE] evaluation__3344__deblur__restore__nes__l1 calls=1021 margin 0.22->0.28 t=4.0s
[DONE] evaluation__3344__deblur__random_walk__random_walk__l1 calls=1024 margin 0.22->0.18 t=6.5s
[DONE] evaluation__3344__deblur__confidence_boost__nes__l1 calls=1021 margin 0.22->1.25 t=4.6s
[DONE] evaluation__3344__deblur__boundary_probe__nes__l1 calls=1021 margin 0.22->0.00 t=4.3s
[DONE] evaluation__3344__deblur__counterfactual__nes__l1 calls=1021 margin 0.22->-0.51 t=4.1s
[DONE] evaluation__6903__denoise__attack__nes__l0.5 calls=1021 margin 2.43->1.94 t=4.1s
[DONE] evaluation__6903__denoise__restore__nes__l0.5 calls=1021 margin 2.43->2.45 t=4.0s
[DONE] evaluation__6903__denoise__random_walk__random_walk__l0.5 calls=1024 margin 2.43->2.28 t=6.7s
[DONE] evaluation__6903__denoise__confidence_boost__nes__l0.5 calls=1021 margin 2.43->2.95 t=4.5s
[DONE] evaluation__6903__denoise__boundary_probe__nes__l0.5 calls=1021 margin 2.43->1.90 t=4.5s
[DONE] evaluation__6903__denoise__counterfactual__nes__l0.5 calls=1021 margin 2.43->1.90 t=4.0s
[DONE] evaluation__6903__deblur__attack__nes__l1 calls=1021 margin 2.46->1.87 t=4.1s
[DONE] evaluation__6903__deblur__restore__nes__l1 calls=1021 margin 2.46->2.54 t=4.0s
[DONE] evaluation__6903__deblur__random_walk__random_walk__l1 calls=1024 margin 2.46->2.45 t=6.7s
[DONE] evaluation__6903__deblur__confidence_boost__nes__l1 calls=1021 margin 2.46->3.14 t=4.7s
[DONE] evaluation__6903__deblur__boundary_probe__nes__l1 calls=1021 margin 2.46->1.86 t=4.3s
[DONE] evaluation__6903__deblur__counterfactual__nes__l1 calls=1021 margin 2.46->1.86 t=4.1s
[DONE] evaluation__8475__denoise__attack__nes__l0.5 calls=1021 margin 3.12->2.39 t=4.2s
[DONE] evaluation__8475__denoise__restore__nes__l0.5 calls=1021 margin 3.12->3.14 t=4.0s
[DONE] evaluation__8475__denoise__random_walk__random_walk__l0.5 calls=1024 margin 3.12->2.99 t=6.3s
[DONE] evaluation__8475__denoise__confidence_boost__nes__l0.5 calls=1021 margin 3.12->3.75 t=4.5s
[DONE] evaluation__8475__denoise__boundary_probe__nes__l0.5 calls=1021 margin 3.12->2.38 t=4.3s
[DONE] evaluation__8475__denoise__counterfactual__nes__l0.5 calls=1021 margin 3.12->2.34 t=4.0s
[DONE] evaluation__8475__deblur__attack__nes__l1 calls=1021 margin 2.29->1.60 t=4.1s
[DONE] evaluation__8475__deblur__restore__nes__l1 calls=1021 margin 2.29->2.57 t=4.0s
[DONE] evaluation__8475__deblur__random_walk__random_walk__l1 calls=1024 margin 2.29->2.47 t=6.5s
[DONE] evaluation__8475__deblur__confidence_boost__nes__l1 calls=1021 margin 2.29->2.93 t=4.6s
[DONE] evaluation__8475__deblur__boundary_probe__nes__l1 calls=1021 margin 2.29->1.59 t=4.3s
[DONE] evaluation__8475__deblur__counterfactual__nes__l1 calls=1021 margin 2.29->1.63 t=4.0s
[DONE] fit__6437__denoise__attack__nes__l0.5 calls=1021 margin 3.32->2.60 t=4.4s
[DONE] fit__6437__denoise__restore__nes__l0.5 calls=1021 margin 3.32->3.37 t=4.0s
[DONE] fit__6437__denoise__random_walk__random_walk__l0.5 calls=1024 margin 3.32->3.41 t=6.5s
[DONE] fit__6437__denoise__confidence_boost__nes__l0.5 calls=1021 margin 3.32->4.06 t=4.5s
[DONE] fit__6437__denoise__boundary_probe__nes__l0.5 calls=1021 margin 3.32->2.54 t=4.3s
[DONE] fit__6437__denoise__counterfactual__nes__l0.5 calls=1021 margin 3.32->2.51 t=4.0s
[DONE] fit__6437__deblur__attack__nes__l1 calls=1021 margin 3.15->2.44 t=4.2s
[DONE] fit__6437__deblur__restore__nes__l1 calls=1021 margin 3.15->3.32 t=3.9s
[DONE] fit__6437__deblur__random_walk__random_walk__l1 calls=1024 margin 3.15->2.88 t=6.5s
[DONE] fit__6437__deblur__confidence_boost__nes__l1 calls=1021 margin 3.15->4.00 t=4.5s
[DONE] fit__6437__deblur__boundary_probe__nes__l1 calls=1021 margin 3.15->2.43 t=4.2s
[DONE] fit__6437__deblur__counterfactual__nes__l1 calls=1021 margin 3.15->2.33 t=4.1s
[DONE] fit__9608__denoise__attack__nes__l0.5 calls=1021 margin 1.96->1.74 t=4.2s
[DONE] fit__9608__denoise__restore__nes__l0.5 calls=1021 margin 1.96->1.94 t=4.1s
[DONE] fit__9608__denoise__random_walk__random_walk__l0.5 calls=1024 margin 1.96->1.93 t=6.6s
[DONE] fit__9608__denoise__confidence_boost__nes__l0.5 calls=1021 margin 1.96->2.24 t=4.4s
[DONE] fit__9608__denoise__boundary_probe__nes__l0.5 calls=1021 margin 1.96->1.73 t=4.4s
[DONE] fit__9608__denoise__counterfactual__nes__l0.5 calls=1021 margin 1.96->1.71 t=4.0s
[DONE] fit__9608__deblur__attack__nes__l1 calls=1021 margin 1.74->1.57 t=4.2s
[DONE] fit__9608__deblur__restore__nes__l1 calls=1021 margin 1.74->1.72 t=4.1s
[DONE] fit__9608__deblur__random_walk__random_walk__l1 calls=1024 margin 1.74->1.78 t=6.5s
[DONE] fit__9608__deblur__confidence_boost__nes__l1 calls=1021 margin 1.74->1.96 t=4.6s
[DONE] fit__9608__deblur__boundary_probe__nes__l1 calls=1021 margin 1.74->1.56 t=4.3s
[DONE] fit__9608__deblur__counterfactual__nes__l1 calls=1021 margin 1.74->1.55 t=4.1s
[DONE] fit__5422__denoise__attack__nes__l0.5 calls=1021 margin 8.70->8.08 t=4.2s
[DONE] fit__5422__denoise__restore__nes__l0.5 calls=1021 margin 8.70->8.70 t=3.9s
[DONE] fit__5422__denoise__random_walk__random_walk__l0.5 calls=1024 margin 8.70->8.61 t=6.6s
[DONE] fit__5422__denoise__confidence_boost__nes__l0.5 calls=1021 margin 8.70->9.19 t=4.3s
[DONE] fit__5422__denoise__boundary_probe__nes__l0.5 calls=1021 margin 8.70->8.04 t=4.2s
[DONE] fit__5422__denoise__counterfactual__nes__l0.5 calls=1021 margin 8.70->8.14 t=3.9s
[DONE] fit__5422__deblur__attack__nes__l1 calls=1021 margin 9.04->8.51 t=4.2s
[DONE] fit__5422__deblur__restore__nes__l1 calls=1021 margin 9.04->9.21 t=4.0s
[DONE] fit__5422__deblur__random_walk__random_walk__l1 calls=1024 margin 9.04->9.01 t=6.6s
[DONE] fit__5422__deblur__confidence_boost__nes__l1 calls=1021 margin 9.04->9.46 t=4.4s
[DONE] fit__5422__deblur__boundary_probe__nes__l1 calls=1021 margin 9.04->8.54 t=4.2s
[DONE] fit__5422__deblur__counterfactual__nes__l1 calls=1021 margin 9.04->8.48 t=4.0s
[DONE] fit__1108__denoise__attack__nes__l0.5 calls=1021 margin 4.21->3.72 t=4.3s
[DONE] fit__1108__denoise__restore__nes__l0.5 calls=1021 margin 4.21->4.20 t=3.7s
[DONE] fit__1108__denoise__random_walk__random_walk__l0.5 calls=1024 margin 4.21->4.14 t=6.4s
[DONE] fit__1108__denoise__confidence_boost__nes__l0.5 calls=1021 margin 4.21->4.65 t=4.3s
[DONE] fit__1108__denoise__boundary_probe__nes__l0.5 calls=1021 margin 4.21->3.75 t=4.2s
[DONE] fit__1108__denoise__counterfactual__nes__l0.5 calls=1021 margin 4.21->3.71 t=3.8s
[DONE] fit__1108__deblur__attack__nes__l1 calls=1021 margin 3.69->3.11 t=4.3s
[DONE] fit__1108__deblur__restore__nes__l1 calls=1021 margin 3.69->3.80 t=4.0s
[DONE] fit__1108__deblur__random_walk__random_walk__l1 calls=1024 margin 3.69->3.61 t=6.6s
[DONE] fit__1108__deblur__confidence_boost__nes__l1 calls=1021 margin 3.69->4.30 t=4.1s
[DONE] fit__1108__deblur__boundary_probe__nes__l1 calls=1021 margin 3.69->3.13 t=4.2s
[DONE] fit__1108__deblur__counterfactual__nes__l1 calls=1021 margin 3.69->3.08 t=3.6s
[DONE] fit__8649__denoise__attack__nes__l0.5 calls=1021 margin 2.61->2.31 t=4.0s
[DONE] fit__8649__denoise__restore__nes__l0.5 calls=1021 margin 2.61->2.57 t=4.2s
[DONE] fit__8649__denoise__random_walk__random_walk__l0.5 calls=1024 margin 2.61->2.52 t=6.7s
[DONE] fit__8649__denoise__confidence_boost__nes__l0.5 calls=1021 margin 2.61->2.93 t=4.2s
[DONE] fit__8649__denoise__boundary_probe__nes__l0.5 calls=1021 margin 2.61->2.29 t=4.4s
[DONE] fit__8649__denoise__counterfactual__nes__l0.5 calls=1021 margin 2.61->2.30 t=4.0s
[DONE] fit__8649__deblur__attack__nes__l1 calls=1021 margin 2.19->1.92 t=4.3s
[DONE] fit__8649__deblur__restore__nes__l1 calls=1021 margin 2.19->2.26 t=4.3s
[DONE] fit__8649__deblur__random_walk__random_walk__l1 calls=1024 margin 2.19->2.13 t=6.7s
[DONE] fit__8649__deblur__confidence_boost__nes__l1 calls=1021 margin 2.19->2.48 t=4.4s
[DONE] fit__8649__deblur__boundary_probe__nes__l1 calls=1021 margin 2.19->1.89 t=4.4s
[DONE] fit__8649__deblur__counterfactual__nes__l1 calls=1021 margin 2.19->1.90 t=4.1s
[DONE] fit__3614__denoise__attack__nes__l0.5 calls=1021 margin 0.32->0.12 t=4.4s
[DONE] fit__3614__denoise__restore__nes__l0.5 calls=1021 margin 0.32->0.36 t=4.2s
[DONE] fit__3614__denoise__random_walk__random_walk__l0.5 calls=1024 margin 0.32->0.30 t=6.4s
[DONE] fit__3614__denoise__confidence_boost__nes__l0.5 calls=1021 margin 0.32->0.48 t=4.2s
[DONE] fit__3614__denoise__boundary_probe__nes__l0.5 calls=1021 margin 0.32->0.08 t=4.3s
[DONE] fit__3614__denoise__counterfactual__nes__l0.5 calls=1021 margin 0.32->0.09 t=4.0s
[DONE] fit__3614__deblur__attack__nes__l1 calls=1021 margin 0.53->0.42 t=4.3s
[DONE] fit__3614__deblur__restore__nes__l1 calls=1021 margin 0.53->0.53 t=4.2s
[DONE] fit__3614__deblur__random_walk__random_walk__l1 calls=1024 margin 0.53->0.50 t=6.7s
[DONE] fit__3614__deblur__confidence_boost__nes__l1 calls=1021 margin 0.53->0.67 t=4.3s
[DONE] fit__3614__deblur__boundary_probe__nes__l1 calls=1021 margin 0.53->0.38 t=4.2s
[DONE] fit__3614__deblur__counterfactual__nes__l1 calls=1021 margin 0.53->0.41 t=3.9s
[DONE] fit__9778__denoise__attack__nes__l0.5 calls=1021 margin 0.08->-0.10 t=4.2s
[DONE] fit__9778__denoise__restore__nes__l0.5 calls=1021 margin 0.08->0.06 t=4.2s
[DONE] fit__9778__denoise__random_walk__random_walk__l0.5 calls=1024 margin 0.08->0.03 t=6.9s
[DONE] fit__9778__denoise__confidence_boost__nes__l0.5 calls=1021 margin 0.08->0.27 t=4.2s
[DONE] fit__9778__denoise__boundary_probe__nes__l0.5 calls=1021 margin 0.08->0.00 t=4.2s
[DONE] fit__9778__denoise__counterfactual__nes__l0.5 calls=1021 margin 0.08->-0.10 t=4.0s
[DONE] fit__9778__deblur__attack__nes__l1 calls=1021 margin 0.46->0.14 t=4.2s
[DONE] fit__9778__deblur__restore__nes__l1 calls=1021 margin 0.46->0.48 t=4.2s
[DONE] fit__9778__deblur__random_walk__random_walk__l1 calls=1024 margin 0.46->0.46 t=6.7s
[DONE] fit__9778__deblur__confidence_boost__nes__l1 calls=1021 margin 0.46->0.75 t=4.2s
[DONE] fit__9778__deblur__boundary_probe__nes__l1 calls=1021 margin 0.46->0.17 t=4.0s
[DONE] fit__9778__deblur__counterfactual__nes__l1 calls=1021 margin 0.46->0.16 t=3.9s
[DONE] fit__4573__denoise__attack__nes__l0.5 calls=1021 margin 2.34->1.64 t=4.0s
[DONE] fit__4573__denoise__restore__nes__l0.5 calls=1021 margin 2.34->2.30 t=4.2s
[DONE] fit__4573__denoise__random_walk__random_walk__l0.5 calls=1024 margin 2.34->2.10 t=6.6s
[DONE] fit__4573__denoise__confidence_boost__nes__l0.5 calls=1021 margin 2.34->3.06 t=4.0s
[DONE] fit__4573__denoise__boundary_probe__nes__l0.5 calls=1021 margin 2.34->1.61 t=4.2s
[DONE] fit__4573__denoise__counterfactual__nes__l0.5 calls=1021 margin 2.34->1.64 t=4.0s
[DONE] fit__4573__deblur__attack__nes__l1 calls=1021 margin 2.05->1.35 t=4.1s
[DONE] fit__4573__deblur__restore__nes__l1 calls=1021 margin 2.05->2.10 t=4.5s
[DONE] fit__4573__deblur__random_walk__random_walk__l1 calls=1024 margin 2.05->2.18 t=6.5s
[DONE] fit__4573__deblur__confidence_boost__nes__l1 calls=1021 margin 2.05->2.79 t=4.1s
[DONE] fit__4573__deblur__boundary_probe__nes__l1 calls=1021 margin 2.05->1.32 t=4.2s
[DONE] fit__4573__deblur__counterfactual__nes__l1 calls=1021 margin 2.05->1.30 t=4.0s
[DONE] fit__817__denoise__attack__nes__l0.5 calls=1021 margin 1.33->0.31 t=4.2s
[DONE] fit__817__denoise__restore__nes__l0.5 calls=1021 margin 1.33->1.32 t=4.3s
[DONE] fit__817__denoise__random_walk__random_walk__l0.5 calls=1024 margin 1.33->1.30 t=6.7s
[DONE] fit__817__denoise__confidence_boost__nes__l0.5 calls=1021 margin 1.33->2.24 t=4.1s
[DONE] fit__817__denoise__boundary_probe__nes__l0.5 calls=1021 margin 1.33->0.27 t=4.0s
[DONE] fit__817__denoise__counterfactual__nes__l0.5 calls=1021 margin 1.33->0.34 t=4.0s
[DONE] fit__817__deblur__attack__nes__l1 calls=1021 margin 0.50->-0.21 t=4.3s
[DONE] fit__817__deblur__restore__nes__l1 calls=1021 margin 0.50->0.78 t=4.2s
[DONE] fit__817__deblur__random_walk__random_walk__l1 calls=1024 margin 0.50->0.45 t=6.4s
[DONE] fit__817__deblur__confidence_boost__nes__l1 calls=1021 margin 0.50->1.51 t=4.0s
[DONE] fit__817__deblur__boundary_probe__nes__l1 calls=1021 margin 0.50->0.00 t=4.1s
[DONE] fit__817__deblur__counterfactual__nes__l1 calls=1021 margin 0.50->-0.20 t=4.0s
[DONE] fit__6782__denoise__attack__nes__l0.5 calls=1021 margin 0.43->0.13 t=4.2s
[DONE] fit__6782__denoise__restore__nes__l0.5 calls=1021 margin 0.43->0.43 t=4.3s
[DONE] fit__6782__denoise__random_walk__random_walk__l0.5 calls=1024 margin 0.43->0.43 t=6.9s
[DONE] fit__6782__denoise__confidence_boost__nes__l0.5 calls=1021 margin 0.43->0.81 t=4.0s
[DONE] fit__6782__denoise__boundary_probe__nes__l0.5 calls=1021 margin 0.43->0.06 t=4.0s
[DONE] fit__6782__denoise__counterfactual__nes__l0.5 calls=1021 margin 0.43->0.13 t=3.9s
[DONE] fit__6782__deblur__attack__nes__l1 calls=1021 margin 1.18->0.66 t=4.1s
[DONE] fit__6782__deblur__restore__nes__l1 calls=1021 margin 1.18->1.24 t=4.5s
[DONE] fit__6782__deblur__random_walk__random_walk__l1 calls=1024 margin 1.18->1.16 t=6.8s
[DONE] fit__6782__deblur__confidence_boost__nes__l1 calls=1021 margin 1.18->1.78 t=3.9s
[DONE] fit__6782__deblur__boundary_probe__nes__l1 calls=1021 margin 1.18->0.65 t=4.1s
[DONE] fit__6782__deblur__counterfactual__nes__l1 calls=1021 margin 1.18->0.71 t=3.9s
[DONE] fit__3775__denoise__attack__nes__l0.5 calls=1021 margin 6.89->6.01 t=4.2s
[DONE] fit__3775__denoise__restore__nes__l0.5 calls=1021 margin 6.89->6.71 t=4.4s
[DONE] fit__3775__denoise__random_walk__random_walk__l0.5 calls=1024 margin 6.89->6.92 t=6.7s
[DONE] fit__3775__denoise__confidence_boost__nes__l0.5 calls=1021 margin 6.89->7.72 t=4.0s
[DONE] fit__3775__denoise__boundary_probe__nes__l0.5 calls=1021 margin 6.89->6.00 t=4.0s
[DONE] fit__3775__denoise__counterfactual__nes__l0.5 calls=1021 margin 6.89->6.04 t=3.9s
[DONE] fit__3775__deblur__attack__nes__l1 calls=1021 margin 3.46->2.79 t=4.4s
[DONE] fit__3775__deblur__restore__nes__l1 calls=1021 margin 3.46->3.52 t=4.4s
[DONE] fit__3775__deblur__random_walk__random_walk__l1 calls=1024 margin 3.46->3.49 t=6.8s
[DONE] fit__3775__deblur__confidence_boost__nes__l1 calls=1021 margin 3.46->4.23 t=4.1s
[DONE] fit__3775__deblur__boundary_probe__nes__l1 calls=1021 margin 3.46->2.82 t=4.2s
[DONE] fit__3775__deblur__counterfactual__nes__l1 calls=1021 margin 3.46->2.79 t=3.9s
[DONE] fit__9450__denoise__attack__nes__l0.5 calls=1021 margin 1.04->0.88 t=4.3s
[DONE] fit__9450__denoise__restore__nes__l0.5 calls=1021 margin 1.04->1.01 t=4.4s
[DONE] fit__9450__denoise__random_walk__random_walk__l0.5 calls=1024 margin 1.04->1.07 t=6.6s
[DONE] fit__9450__denoise__confidence_boost__nes__l0.5 calls=1021 margin 1.04->1.20 t=3.9s
[DONE] fit__9450__denoise__boundary_probe__nes__l0.5 calls=1021 margin 1.04->0.86 t=4.0s
[DONE] fit__9450__denoise__counterfactual__nes__l0.5 calls=1021 margin 1.04->0.87 t=4.0s
[DONE] fit__9450__deblur__attack__nes__l1 calls=1021 margin 0.80->0.67 t=4.4s
[DONE] fit__9450__deblur__restore__nes__l1 calls=1021 margin 0.80->0.83 t=4.3s
[DONE] fit__9450__deblur__random_walk__random_walk__l1 calls=1024 margin 0.80->0.81 t=6.6s
[DONE] fit__9450__deblur__confidence_boost__nes__l1 calls=1021 margin 0.80->0.93 t=4.0s
[DONE] fit__9450__deblur__boundary_probe__nes__l1 calls=1021 margin 0.80->0.62 t=3.9s
[DONE] fit__9450__deblur__counterfactual__nes__l1 calls=1021 margin 0.80->0.63 t=3.9s
[DONE] fit__3860__denoise__attack__nes__l0.5 calls=1021 margin 8.34->8.09 t=4.4s
[DONE] fit__3860__denoise__restore__nes__l0.5 calls=1021 margin 8.34->8.30 t=4.3s
[DONE] fit__3860__denoise__random_walk__random_walk__l0.5 calls=1024 margin 8.34->8.35 t=6.9s
[DONE] fit__3860__denoise__confidence_boost__nes__l0.5 calls=1021 margin 8.34->8.55 t=4.0s
[DONE] fit__3860__denoise__boundary_probe__nes__l0.5 calls=1021 margin 8.34->8.07 t=4.0s
[DONE] fit__3860__denoise__counterfactual__nes__l0.5 calls=1021 margin 8.34->8.08 t=3.9s
[DONE] fit__3860__deblur__attack__nes__l1 calls=1021 margin 8.20->7.96 t=4.4s
[DONE] fit__3860__deblur__restore__nes__l1 calls=1021 margin 8.20->8.26 t=4.4s
[DONE] fit__3860__deblur__random_walk__random_walk__l1 calls=1024 margin 8.20->8.17 t=6.8s
[DONE] fit__3860__deblur__confidence_boost__nes__l1 calls=1021 margin 8.20->8.41 t=3.9s
[DONE] fit__3860__deblur__boundary_probe__nes__l1 calls=1021 margin 8.20->7.93 t=4.0s
[DONE] fit__3860__deblur__counterfactual__nes__l1 calls=1021 margin 8.20->7.94 t=3.9s
[DONE] fit__985__denoise__attack__nes__l0.5 calls=1021 margin 6.85->6.46 t=4.6s
[DONE] fit__985__denoise__restore__nes__l0.5 calls=1021 margin 6.85->6.86 t=4.4s
[DONE] fit__985__denoise__random_walk__random_walk__l0.5 calls=1024 margin 6.85->6.86 t=6.7s
[DONE] fit__985__denoise__confidence_boost__nes__l0.5 calls=1021 margin 6.85->7.20 t=4.0s
[DONE] fit__985__denoise__boundary_probe__nes__l0.5 calls=1021 margin 6.85->6.46 t=4.1s
[DONE] fit__985__denoise__counterfactual__nes__l0.5 calls=1021 margin 6.85->6.46 t=4.0s
[DONE] fit__985__deblur__attack__nes__l1 calls=1021 margin 6.93->6.73 t=4.7s
[DONE] fit__985__deblur__restore__nes__l1 calls=1021 margin 6.93->6.97 t=4.3s
[DONE] fit__985__deblur__random_walk__random_walk__l1 calls=1024 margin 6.93->6.95 t=6.5s
[DONE] fit__985__deblur__confidence_boost__nes__l1 calls=1021 margin 6.93->7.14 t=3.9s
[DONE] fit__985__deblur__boundary_probe__nes__l1 calls=1021 margin 6.93->6.72 t=4.1s
[DONE] fit__985__deblur__counterfactual__nes__l1 calls=1021 margin 6.93->6.73 t=4.0s
[DONE] fit__6115__denoise__attack__nes__l0.5 calls=1021 margin 1.44->1.25 t=4.4s
[DONE] fit__6115__denoise__restore__nes__l0.5 calls=1021 margin 1.44->1.42 t=4.3s
[DONE] fit__6115__denoise__random_walk__random_walk__l0.5 calls=1024 margin 1.44->1.43 t=6.5s
[DONE] fit__6115__denoise__confidence_boost__nes__l0.5 calls=1021 margin 1.44->1.64 t=4.0s
[DONE] fit__6115__denoise__boundary_probe__nes__l0.5 calls=1021 margin 1.44->1.10 t=4.1s
[DONE] fit__6115__denoise__counterfactual__nes__l0.5 calls=1021 margin 1.44->1.12 t=3.9s
[DONE] fit__6115__deblur__attack__nes__l1 calls=1021 margin 2.42->1.80 t=4.5s
[DONE] fit__6115__deblur__restore__nes__l1 calls=1021 margin 2.42->2.36 t=4.3s
[DONE] fit__6115__deblur__random_walk__random_walk__l1 calls=1024 margin 2.42->2.27 t=6.7s
[DONE] fit__6115__deblur__confidence_boost__nes__l1 calls=1021 margin 2.42->3.10 t=3.9s
[DONE] fit__6115__deblur__boundary_probe__nes__l1 calls=1021 margin 2.42->1.77 t=4.0s
[DONE] fit__6115__deblur__counterfactual__nes__l1 calls=1021 margin 2.42->1.82 t=3.8s
[DONE] fit__4852__denoise__attack__nes__l0.5 calls=1021 margin 1.17->0.64 t=4.4s
[DONE] fit__4852__denoise__restore__nes__l0.5 calls=1021 margin 1.17->1.16 t=4.5s
[DONE] fit__4852__denoise__random_walk__random_walk__l0.5 calls=1024 margin 1.17->1.01 t=6.7s
[DONE] fit__4852__denoise__confidence_boost__nes__l0.5 calls=1021 margin 1.17->1.79 t=3.8s
[DONE] fit__4852__denoise__boundary_probe__nes__l0.5 calls=1021 margin 1.17->0.63 t=4.1s
[DONE] fit__4852__denoise__counterfactual__nes__l0.5 calls=1021 margin 1.17->0.62 t=4.0s
[DONE] fit__4852__deblur__attack__nes__l1 calls=1021 margin 1.43->0.91 t=4.4s
[DONE] fit__4852__deblur__restore__nes__l1 calls=1021 margin 1.43->1.49 t=4.2s
[DONE] fit__4852__deblur__random_walk__random_walk__l1 calls=1024 margin 1.43->1.32 t=6.9s
[DONE] fit__4852__deblur__confidence_boost__nes__l1 calls=1021 margin 1.43->1.90 t=4.0s
[DONE] fit__4852__deblur__boundary_probe__nes__l1 calls=1021 margin 1.43->0.88 t=3.9s
[DONE] fit__4852__deblur__counterfactual__nes__l1 calls=1021 margin 1.43->0.90 t=4.1s
[DONE] fit__8312__denoise__attack__nes__l0.5 calls=1021 margin 4.85->4.25 t=4.4s
[DONE] fit__8312__denoise__restore__nes__l0.5 calls=1021 margin 4.85->4.85 t=4.1s
[DONE] fit__8312__denoise__random_walk__random_walk__l0.5 calls=1024 margin 4.85->4.72 t=6.1s
[DONE] fit__8312__denoise__confidence_boost__nes__l0.5 calls=1021 margin 4.85->5.36 t=3.4s
[DONE] fit__8312__denoise__boundary_probe__nes__l0.5 calls=1021 margin 4.85->4.25 t=3.7s
[DONE] fit__8312__denoise__counterfactual__nes__l0.5 calls=1021 margin 4.85->4.22 t=3.6s
[DONE] fit__8312__deblur__attack__nes__l1 calls=1021 margin 4.09->3.37 t=3.9s
[DONE] fit__8312__deblur__restore__nes__l1 calls=1021 margin 4.09->4.13 t=3.5s
[DONE] fit__8312__deblur__random_walk__random_walk__l1 calls=1024 margin 4.09->3.99 t=5.3s
[DONE] fit__8312__deblur__confidence_boost__nes__l1 calls=1021 margin 4.09->4.77 t=3.1s
[DONE] fit__8312__deblur__boundary_probe__nes__l1 calls=1021 margin 4.09->3.33 t=2.9s
[DONE] fit__8312__deblur__counterfactual__nes__l1 calls=1021 margin 4.09->3.34 t=3.0s
