/home/sepi/jupyterenv/lib/python3.12/site-packages/robustbench/loaders.py:4: UserWarning: pkg_resources is deprecated as an API. See https://setuptools.pypa.io/en/latest/pkg_resources.html. The pkg_resources package is slated for removal as early as 2025-11-30. Refrain from using this package or pin to Setuptools<81.
  import pkg_resources
/home/sepi/jupyterenv/lib/python3.12/site-packages/robustbench/utils.py:130: FutureWarning: You are using `torch.load` with `weights_only=False` (the current default value), which uses the default pickle module implicitly. It is possible to construct malicious pickle data which will execute arbitrary code during unpickling (See https://github.com/pytorch/pytorch/blob/main/SECURITY.md#untrusted-models for more details). In a future release, the default value for `weights_only` will be flipped to `True`. This limits the functions that could be executed during unpickling. Arbitrary objects will no longer be allowed to be loaded via this mode unless they are explicitly allowlisted by the user via `torch.serialization.add_safe_globals`. We recommend you start setting `weights_only=True` for any use case where you don't have full control of the loaded file. Please open an issue on GitHub for any issues related to this experimental feature.
  checkpoint = torch.load(model_path, map_location=torch.device('cpu'))
[DONE] calibration__4167__denoise__attack__nes__l0.5 calls=1021 margin 5.28->4.33 t=4.4s
[DONE] calibration__4167__denoise__restore__nes__l0.5 calls=1021 margin 5.28->5.37 t=3.8s
[DONE] calibration__4167__denoise__random_walk__random_walk__l0.5 calls=1024 margin 5.28->5.12 t=8.5s
[DONE] calibration__4167__denoise__confidence_boost__nes__l0.5 calls=1021 margin 5.28->6.09 t=3.9s
[DONE] calibration__4167__denoise__boundary_probe__nes__l0.5 calls=1021 margin 5.28->4.24 t=4.0s
[DONE] calibration__4167__denoise__counterfactual__nes__l0.5 calls=1021 margin 5.28->4.42 t=4.0s
[DONE] calibration__4167__deblur__attack__nes__l1 calls=1021 margin 6.25->5.61 t=4.0s
[DONE] calibration__4167__deblur__restore__nes__l1 calls=1021 margin 6.25->6.29 t=4.2s
[DONE] calibration__4167__deblur__random_walk__random_walk__l1 calls=1024 margin 6.25->6.12 t=8.3s
[DONE] calibration__4167__deblur__confidence_boost__nes__l1 calls=1021 margin 6.25->6.88 t=3.8s
[DONE] calibration__4167__deblur__boundary_probe__nes__l1 calls=1021 margin 6.25->5.56 t=3.9s
[DONE] calibration__4167__deblur__counterfactual__nes__l1 calls=1021 margin 6.25->5.57 t=4.0s
[DONE] calibration__114__denoise__attack__nes__l0.5 calls=1021 margin 3.51->3.02 t=4.0s
[DONE] calibration__114__denoise__restore__nes__l0.5 calls=1021 margin 3.51->3.55 t=4.3s
[DONE] calibration__114__denoise__random_walk__random_walk__l0.5 calls=1024 margin 3.51->3.42 t=8.2s
[DONE] calibration__114__denoise__confidence_boost__nes__l0.5 calls=1021 margin 3.51->4.03 t=3.7s
[DONE] calibration__114__denoise__boundary_probe__nes__l0.5 calls=1021 margin 3.51->3.00 t=3.9s
[DONE] calibration__114__denoise__counterfactual__nes__l0.5 calls=1021 margin 3.51->2.99 t=4.0s
[DONE] calibration__114__deblur__attack__nes__l1 calls=1021 margin 3.25->2.76 t=4.0s
[DONE] calibration__114__deblur__restore__nes__l1 calls=1021 margin 3.25->3.20 t=4.4s
[DONE] calibration__114__deblur__random_walk__random_walk__l1 calls=1024 margin 3.25->3.22 t=8.0s
[DONE] calibration__114__deblur__confidence_boost__nes__l1 calls=1021 margin 3.25->3.76 t=3.8s
[DONE] calibration__114__deblur__boundary_probe__nes__l1 calls=1021 margin 3.25->2.74 t=3.9s
[DONE] calibration__114__deblur__counterfactual__nes__l1 calls=1021 margin 3.25->2.74 t=4.0s
[DONE] calibration__8333__denoise__attack__nes__l0.5 calls=1021 margin 1.33->0.54 t=4.0s
[DONE] calibration__8333__denoise__restore__nes__l0.5 calls=1021 margin 1.33->1.31 t=4.7s
[DONE] calibration__8333__denoise__random_walk__random_walk__l0.5 calls=1024 margin 1.33->1.22 t=7.8s
[DONE] calibration__8333__denoise__confidence_boost__nes__l0.5 calls=1021 margin 1.33->2.01 t=3.7s
[DONE] calibration__8333__denoise__boundary_probe__nes__l0.5 calls=1021 margin 1.33->0.61 t=3.9s
[DONE] calibration__8333__denoise__counterfactual__nes__l0.5 calls=1021 margin 1.33->0.54 t=4.0s
[DONE] calibration__8333__deblur__attack__nes__l1 calls=1021 margin 1.13->0.52 t=4.1s
[DONE] calibration__8333__deblur__restore__nes__l1 calls=1021 margin 1.13->1.30 t=5.0s
[DONE] calibration__8333__deblur__random_walk__random_walk__l1 calls=1024 margin 1.13->1.06 t=7.7s
[DONE] calibration__8333__deblur__confidence_boost__nes__l1 calls=1021 margin 1.13->1.82 t=3.8s
[DONE] calibration__8333__deblur__boundary_probe__nes__l1 calls=1021 margin 1.13->0.46 t=4.0s
[DONE] calibration__8333__deblur__counterfactual__nes__l1 calls=1021 margin 1.13->0.45 t=4.1s
[DONE] calibration__2563__denoise__attack__nes__l0.5 calls=1021 margin 4.74->3.98 t=4.2s
[DONE] calibration__2563__denoise__restore__nes__l0.5 calls=1021 margin 4.74->4.69 t=5.3s
[DONE] calibration__2563__denoise__random_walk__random_walk__l0.5 calls=1024 margin 4.74->4.67 t=7.1s
[DONE] calibration__2563__denoise__confidence_boost__nes__l0.5 calls=1021 margin 4.74->5.35 t=3.8s
[DONE] calibration__2563__denoise__boundary_probe__nes__l0.5 calls=1021 margin 4.74->3.93 t=3.9s
[DONE] calibration__2563__denoise__counterfactual__nes__l0.5 calls=1021 margin 4.74->3.89 t=3.8s
[DONE] calibration__2563__deblur__attack__nes__l1 calls=1021 margin 6.05->5.17 t=4.2s
[DONE] calibration__2563__deblur__restore__nes__l1 calls=1021 margin 6.05->6.08 t=5.1s
[DONE] calibration__2563__deblur__random_walk__random_walk__l1 calls=1024 margin 6.05->5.81 t=7.3s
[DONE] calibration__2563__deblur__confidence_boost__nes__l1 calls=1021 margin 6.05->6.69 t=3.7s
[DONE] calibration__2563__deblur__boundary_probe__nes__l1 calls=1021 margin 6.05->5.18 t=3.9s
[DONE] calibration__2563__deblur__counterfactual__nes__l1 calls=1021 margin 6.05->5.20 t=3.9s
[DONE] calibration__9253__denoise__attack__nes__l0.5 calls=1021 margin 5.81->4.80 t=4.3s
[DONE] calibration__9253__denoise__restore__nes__l0.5 calls=1021 margin 5.81->5.81 t=5.0s
[DONE] calibration__9253__denoise__random_walk__random_walk__l0.5 calls=1024 margin 5.81->5.86 t=7.0s
[DONE] calibration__9253__denoise__confidence_boost__nes__l0.5 calls=1021 margin 5.81->6.66 t=3.7s
[DONE] calibration__9253__denoise__boundary_probe__nes__l0.5 calls=1021 margin 5.81->4.83 t=3.9s
[DONE] calibration__9253__denoise__counterfactual__nes__l0.5 calls=1021 margin 5.81->4.78 t=3.8s
[DONE] calibration__9253__deblur__attack__nes__l1 calls=1021 margin 7.25->6.41 t=4.4s
[DONE] calibration__9253__deblur__restore__nes__l1 calls=1021 margin 7.25->7.27 t=4.9s
[DONE] calibration__9253__deblur__random_walk__random_walk__l1 calls=1024 margin 7.25->7.12 t=7.0s
[DONE] calibration__9253__deblur__confidence_boost__nes__l1 calls=1021 margin 7.25->7.87 t=3.8s
[DONE] calibration__9253__deblur__boundary_probe__nes__l1 calls=1021 margin 7.25->6.33 t=3.8s
[DONE] calibration__9253__deblur__counterfactual__nes__l1 calls=1021 margin 7.25->6.44 t=4.1s
[DONE] calibration__7051__denoise__attack__nes__l0.5 calls=1021 margin 1.97->1.35 t=4.5s
[DONE] calibration__7051__denoise__restore__nes__l0.5 calls=1021 margin 1.97->1.95 t=4.8s
[DONE] calibration__7051__denoise__random_walk__random_walk__l0.5 calls=1024 margin 1.97->1.88 t=7.0s
[DONE] calibration__7051__denoise__confidence_boost__nes__l0.5 calls=1021 margin 1.97->2.63 t=3.8s
[DONE] calibration__7051__denoise__boundary_probe__nes__l0.5 calls=1021 margin 1.97->1.37 t=3.8s
[DONE] calibration__7051__denoise__counterfactual__nes__l0.5 calls=1021 margin 1.97->1.32 t=3.9s
[DONE] calibration__7051__deblur__attack__nes__l1 calls=1021 margin 0.73->0.49 t=4.4s
[DONE] calibration__7051__deblur__restore__nes__l1 calls=1021 margin 0.73->0.81 t=5.0s
[DONE] calibration__7051__deblur__random_walk__random_walk__l1 calls=1024 margin 0.73->0.75 t=6.9s
[DONE] calibration__7051__deblur__confidence_boost__nes__l1 calls=1021 margin 0.73->1.14 t=3.7s
[DONE] calibration__7051__deblur__boundary_probe__nes__l1 calls=1021 margin 0.73->0.46 t=3.8s
[DONE] calibration__7051__deblur__counterfactual__nes__l1 calls=1021 margin 0.73->0.48 t=4.0s
[DONE] calibration__1952__denoise__attack__nes__l0.5 calls=1021 margin 0.54->0.22 t=4.5s
[DONE] calibration__1952__denoise__restore__nes__l0.5 calls=1021 margin 0.54->0.51 t=4.9s
[DONE] calibration__1952__denoise__random_walk__random_walk__l0.5 calls=1024 margin 0.54->0.51 t=7.0s
[DONE] calibration__1952__denoise__confidence_boost__nes__l0.5 calls=1021 margin 0.54->0.94 t=3.8s
[DONE] calibration__1952__denoise__boundary_probe__nes__l0.5 calls=1021 margin 0.54->0.16 t=3.9s
[DONE] calibration__1952__denoise__counterfactual__nes__l0.5 calls=1021 margin 0.54->0.19 t=4.1s
[DONE] calibration__1952__deblur__attack__nes__l1 calls=1021 margin 0.96->0.63 t=4.6s
[DONE] calibration__1952__deblur__restore__nes__l1 calls=1021 margin 0.96->0.99 t=4.7s
[DONE] calibration__1952__deblur__random_walk__random_walk__l1 calls=1024 margin 0.96->0.90 t=6.8s
[DONE] calibration__1952__deblur__confidence_boost__nes__l1 calls=1021 margin 0.96->1.34 t=3.7s
[DONE] calibration__1952__deblur__boundary_probe__nes__l1 calls=1021 margin 0.96->0.59 t=3.9s
[DONE] calibration__1952__deblur__counterfactual__nes__l1 calls=1021 margin 0.96->0.60 t=4.0s
[DONE] calibration__6661__denoise__attack__nes__l0.5 calls=1021 margin 0.10->-0.02 t=4.6s
[DONE] calibration__6661__denoise__restore__nes__l0.5 calls=1021 margin 0.10->0.12 t=4.7s
[DONE] calibration__6661__denoise__random_walk__random_walk__l0.5 calls=1024 margin 0.10->0.09 t=6.9s
[DONE] calibration__6661__denoise__confidence_boost__nes__l0.5 calls=1021 margin 0.10->0.25 t=3.8s
[DONE] calibration__6661__denoise__boundary_probe__nes__l0.5 calls=1021 margin 0.10->0.00 t=4.0s
[DONE] calibration__6661__denoise__counterfactual__nes__l0.5 calls=1021 margin 0.10->-0.02 t=4.0s
[DONE] calibration__6661__deblur__attack__nes__l1 calls=1021 margin 0.57->0.42 t=4.6s
[DONE] calibration__6661__deblur__restore__nes__l1 calls=1021 margin 0.57->0.58 t=4.6s
[DONE] calibration__6661__deblur__random_walk__random_walk__l1 calls=1024 margin 0.57->0.47 t=6.9s
[DONE] calibration__6661__deblur__confidence_boost__nes__l1 calls=1021 margin 0.57->0.73 t=3.8s
[DONE] calibration__6661__deblur__boundary_probe__nes__l1 calls=1021 margin 0.57->0.35 t=3.9s
[DONE] calibration__6661__deblur__counterfactual__nes__l1 calls=1021 margin 0.57->0.37 t=4.0s
[DONE] calibration__4420__denoise__attack__nes__l0.5 calls=1021 margin 0.34->-0.26 t=4.7s
[DONE] calibration__4420__denoise__restore__nes__l0.5 calls=1021 margin 0.34->0.24 t=4.5s
[DONE] calibration__4420__denoise__random_walk__random_walk__l0.5 calls=1024 margin 0.34->0.19 t=6.6s
[DONE] calibration__4420__denoise__confidence_boost__nes__l0.5 calls=1021 margin 0.34->1.01 t=3.7s
[DONE] calibration__4420__denoise__boundary_probe__nes__l0.5 calls=1021 margin 0.34->0.00 t=3.6s
[DONE] calibration__4420__denoise__counterfactual__nes__l0.5 calls=1021 margin 0.34->-0.27 t=3.9s
[DONE] calibration__4420__deblur__attack__nes__l1 calls=1021 margin 0.37->-0.01 t=4.7s
[DONE] calibration__4420__deblur__restore__nes__l1 calls=1021 margin 0.37->0.51 t=4.4s
[DONE] calibration__4420__deblur__random_walk__random_walk__l1 calls=1024 margin 0.37->0.24 t=7.1s
[DONE] calibration__4420__deblur__confidence_boost__nes__l1 calls=1021 margin 0.37->0.94 t=3.9s
[DONE] calibration__4420__deblur__boundary_probe__nes__l1 calls=1021 margin 0.37->0.00 t=3.9s
[DONE] calibration__4420__deblur__counterfactual__nes__l1 calls=1021 margin 0.37->-0.08 t=4.0s
[DONE] calibration__9098__denoise__attack__nes__l0.5 calls=1021 margin 3.44->2.63 t=4.6s
[DONE] calibration__9098__denoise__restore__nes__l0.5 calls=1021 margin 3.44->3.38 t=4.3s
[DONE] calibration__9098__denoise__random_walk__random_walk__l0.5 calls=1024 margin 3.44->3.27 t=7.0s
[DONE] calibration__9098__denoise__confidence_boost__nes__l0.5 calls=1021 margin 3.44->3.99 t=3.8s
[DONE] calibration__9098__denoise__boundary_probe__nes__l0.5 calls=1021 margin 3.44->2.65 t=3.8s
[DONE] calibration__9098__denoise__counterfactual__nes__l0.5 calls=1021 margin 3.44->2.71 t=4.1s
[DONE] calibration__9098__deblur__attack__nes__l1 calls=1021 margin 2.60->1.92 t=4.8s
[DONE] calibration__9098__deblur__restore__nes__l1 calls=1021 margin 2.60->2.74 t=4.3s
[DONE] calibration__9098__deblur__random_walk__random_walk__l1 calls=1024 margin 2.60->2.66 t=7.2s
[DONE] calibration__9098__deblur__confidence_boost__nes__l1 calls=1021 margin 2.60->3.22 t=3.9s
[DONE] calibration__9098__deblur__boundary_probe__nes__l1 calls=1021 margin 2.60->1.85 t=3.8s
[DONE] calibration__9098__deblur__counterfactual__nes__l1 calls=1021 margin 2.60->1.90 t=4.1s
[DONE] calibration__5949__denoise__attack__nes__l0.5 calls=1021 margin 9.65->9.13 t=4.7s
[DONE] calibration__5949__denoise__restore__nes__l0.5 calls=1021 margin 9.65->9.55 t=4.7s
[DONE] calibration__5949__denoise__random_walk__random_walk__l0.5 calls=1024 margin 9.65->9.63 t=7.0s
[DONE] calibration__5949__denoise__confidence_boost__nes__l0.5 calls=1021 margin 9.65->10.14 t=3.9s
[DONE] calibration__5949__denoise__boundary_probe__nes__l0.5 calls=1021 margin 9.65->9.14 t=3.9s
[DONE] calibration__5949__denoise__counterfactual__nes__l0.5 calls=1021 margin 9.65->9.13 t=4.5s
[DONE] calibration__5949__deblur__attack__nes__l1 calls=1021 margin 8.66->7.91 t=4.5s
[DONE] calibration__5949__deblur__restore__nes__l1 calls=1021 margin 8.66->8.78 t=4.4s
[DONE] calibration__5949__deblur__random_walk__random_walk__l1 calls=1024 margin 8.66->8.40 t=7.1s
[DONE] calibration__5949__deblur__confidence_boost__nes__l1 calls=1021 margin 8.66->9.31 t=3.8s
[DONE] calibration__5949__deblur__boundary_probe__nes__l1 calls=1021 margin 8.66->7.91 t=3.9s
[DONE] calibration__5949__deblur__counterfactual__nes__l1 calls=1021 margin 8.66->7.96 t=4.5s
[DONE] calibration__435__denoise__attack__nes__l0.5 calls=1021 margin 6.43->5.74 t=4.5s
[DONE] calibration__435__denoise__restore__nes__l0.5 calls=1021 margin 6.43->6.40 t=4.3s
[DONE] calibration__435__denoise__random_walk__random_walk__l0.5 calls=1024 margin 6.43->6.36 t=7.0s
[DONE] calibration__435__denoise__confidence_boost__nes__l0.5 calls=1021 margin 6.43->6.93 t=3.7s
[DONE] calibration__435__denoise__boundary_probe__nes__l0.5 calls=1021 margin 6.43->5.71 t=4.1s
[DONE] calibration__435__denoise__counterfactual__nes__l0.5 calls=1021 margin 6.43->5.81 t=4.6s
[DONE] calibration__435__deblur__attack__nes__l1 calls=1021 margin 5.68->4.85 t=4.1s
[DONE] calibration__435__deblur__restore__nes__l1 calls=1021 margin 5.68->5.81 t=4.3s
[DONE] calibration__435__deblur__random_walk__random_walk__l1 calls=1024 margin 5.68->5.82 t=7.0s
[DONE] calibration__435__deblur__confidence_boost__nes__l1 calls=1021 margin 5.68->6.36 t=3.8s
[DONE] calibration__435__deblur__boundary_probe__nes__l1 calls=1021 margin 5.68->4.76 t=4.1s
[DONE] calibration__435__deblur__counterfactual__nes__l1 calls=1021 margin 5.68->4.72 t=4.5s
[DONE] calibration__6325__denoise__attack__nes__l0.5 calls=1021 margin 7.33->7.10 t=4.1s
[DONE] calibration__6325__denoise__restore__nes__l0.5 calls=1021 margin 7.33->7.31 t=4.3s
[DONE] calibration__6325__denoise__random_walk__random_walk__l0.5 calls=1024 margin 7.33->7.27 t=7.0s
[DONE] calibration__6325__denoise__confidence_boost__nes__l0.5 calls=1021 margin 7.33->7.54 t=3.6s
[DONE] calibration__6325__denoise__boundary_probe__nes__l0.5 calls=1021 margin 7.33->7.05 t=4.2s
[DONE] calibration__6325__denoise__counterfactual__nes__l0.5 calls=1021 margin 7.33->7.07 t=4.5s
[DONE] calibration__6325__deblur__attack__nes__l1 calls=1021 margin 6.56->6.08 t=3.9s
[DONE] calibration__6325__deblur__restore__nes__l1 calls=1021 margin 6.56->6.63 t=4.2s
[DONE] calibration__6325__deblur__random_walk__random_walk__l1 calls=1024 margin 6.56->6.72 t=7.3s
[DONE] calibration__6325__deblur__confidence_boost__nes__l1 calls=1021 margin 6.56->6.88 t=3.8s
[DONE] calibration__6325__deblur__boundary_probe__nes__l1 calls=1021 margin 6.56->6.14 t=4.0s
[DONE] calibration__6325__deblur__counterfactual__nes__l1 calls=1021 margin 6.56->6.13 t=4.4s
[DONE] calibration__1805__denoise__attack__nes__l0.5 calls=1021 margin 2.24->1.80 t=4.0s
[DONE] calibration__1805__denoise__restore__nes__l0.5 calls=1021 margin 2.24->2.24 t=4.3s
[DONE] calibration__1805__denoise__random_walk__random_walk__l0.5 calls=1024 margin 2.24->2.18 t=6.9s
[DONE] calibration__1805__denoise__confidence_boost__nes__l0.5 calls=1021 margin 2.24->2.69 t=3.8s
[DONE] calibration__1805__denoise__boundary_probe__nes__l0.5 calls=1021 margin 2.24->1.80 t=4.1s
[DONE] calibration__1805__denoise__counterfactual__nes__l0.5 calls=1021 margin 2.24->1.82 t=4.4s
[DONE] calibration__1805__deblur__attack__nes__l1 calls=1021 margin 3.36->2.92 t=4.1s
[DONE] calibration__1805__deblur__restore__nes__l1 calls=1021 margin 3.36->3.42 t=4.8s
[DONE] calibration__1805__deblur__random_walk__random_walk__l1 calls=1024 margin 3.36->3.29 t=7.2s
[DONE] calibration__1805__deblur__confidence_boost__nes__l1 calls=1021 margin 3.36->3.81 t=3.9s
[DONE] calibration__1805__deblur__boundary_probe__nes__l1 calls=1021 margin 3.36->2.93 t=4.6s
[DONE] calibration__1805__deblur__counterfactual__nes__l1 calls=1021 margin 3.36->2.91 t=4.2s
[DONE] calibration__9669__denoise__attack__nes__l0.5 calls=1021 margin 2.32->1.93 t=4.1s
[DONE] calibration__9669__denoise__restore__nes__l0.5 calls=1021 margin 2.32->2.37 t=4.4s
[DONE] calibration__9669__denoise__random_walk__random_walk__l0.5 calls=1024 margin 2.32->2.31 t=6.5s
[DONE] calibration__9669__denoise__confidence_boost__nes__l0.5 calls=1021 margin 2.32->2.73 t=3.8s
[DONE] calibration__9669__denoise__boundary_probe__nes__l0.5 calls=1021 margin 2.32->1.88 t=4.5s
[DONE] calibration__9669__denoise__counterfactual__nes__l0.5 calls=1021 margin 2.32->1.78 t=4.1s
[DONE] calibration__9669__deblur__attack__nes__l1 calls=1021 margin 3.47->2.89 t=4.1s
[DONE] calibration__9669__deblur__restore__nes__l1 calls=1021 margin 3.47->3.50 t=4.2s
[DONE] calibration__9669__deblur__random_walk__random_walk__l1 calls=1024 margin 3.47->3.42 t=6.9s
[DONE] calibration__9669__deblur__confidence_boost__nes__l1 calls=1021 margin 3.47->4.04 t=3.8s
[DONE] calibration__9669__deblur__boundary_probe__nes__l1 calls=1021 margin 3.47->2.74 t=4.5s
[DONE] calibration__9669__deblur__counterfactual__nes__l1 calls=1021 margin 3.47->2.75 t=4.0s
[DONE] calibration__8089__denoise__attack__nes__l0.5 calls=1021 margin 8.54->8.29 t=3.9s
[DONE] calibration__8089__denoise__restore__nes__l0.5 calls=1021 margin 8.54->8.50 t=4.2s
[DONE] calibration__8089__denoise__random_walk__random_walk__l0.5 calls=1024 margin 8.54->8.54 t=6.9s
[DONE] calibration__8089__denoise__confidence_boost__nes__l0.5 calls=1021 margin 8.54->8.76 t=3.9s
[DONE] calibration__8089__denoise__boundary_probe__nes__l0.5 calls=1021 margin 8.54->8.25 t=4.5s
[DONE] calibration__8089__denoise__counterfactual__nes__l0.5 calls=1021 margin 8.54->8.26 t=4.1s
[DONE] calibration__8089__deblur__attack__nes__l1 calls=1021 margin 7.94->7.57 t=4.0s
[DONE] calibration__8089__deblur__restore__nes__l1 calls=1021 margin 7.94->8.03 t=4.5s
[DONE] calibration__8089__deblur__random_walk__random_walk__l1 calls=1024 margin 7.94->7.94 t=6.5s
[DONE] calibration__8089__deblur__confidence_boost__nes__l1 calls=1021 margin 7.94->8.27 t=4.1s
[DONE] calibration__8089__deblur__boundary_probe__nes__l1 calls=1021 margin 7.94->7.57 t=4.3s
[DONE] calibration__8089__deblur__counterfactual__nes__l1 calls=1021 margin 7.94->7.58 t=3.8s
[DONE] evaluation__1796__denoise__attack__nes__l0.5 calls=1021 margin 5.54->5.24 t=4.1s
[DONE] evaluation__1796__denoise__restore__nes__l0.5 calls=1021 margin 5.54->5.55 t=4.4s
[DONE] evaluation__1796__denoise__random_walk__random_walk__l0.5 calls=1024 margin 5.54->5.44 t=7.0s
[DONE] evaluation__1796__denoise__confidence_boost__nes__l0.5 calls=1021 margin 5.54->5.84 t=4.0s
[DONE] evaluation__1796__denoise__boundary_probe__nes__l0.5 calls=1021 margin 5.54->5.18 t=4.4s
[DONE] evaluation__1796__denoise__counterfactual__nes__l0.5 calls=1021 margin 5.54->5.18 t=3.9s
[DONE] evaluation__1796__deblur__attack__nes__l1 calls=1021 margin 6.09->5.79 t=3.9s
[DONE] evaluation__1796__deblur__restore__nes__l1 calls=1021 margin 6.09->6.11 t=4.2s
[DONE] evaluation__1796__deblur__random_walk__random_walk__l1 calls=1024 margin 6.09->5.94 t=7.0s
[DONE] evaluation__1796__deblur__confidence_boost__nes__l1 calls=1021 margin 6.09->6.44 t=4.1s
[DONE] evaluation__1796__deblur__boundary_probe__nes__l1 calls=1021 margin 6.09->5.70 t=4.5s
[DONE] evaluation__1796__deblur__counterfactual__nes__l1 calls=1021 margin 6.09->5.72 t=3.8s
[DONE] evaluation__4180__denoise__attack__nes__l0.5 calls=1021 margin 4.70->3.57 t=4.0s
[DONE] evaluation__4180__denoise__restore__nes__l0.5 calls=1021 margin 4.70->4.61 t=4.4s
[DONE] evaluation__4180__denoise__random_walk__random_walk__l0.5 calls=1024 margin 4.70->4.54 t=6.8s
[DONE] evaluation__4180__denoise__confidence_boost__nes__l0.5 calls=1021 margin 4.70->5.62 t=4.1s
[DONE] evaluation__4180__denoise__boundary_probe__nes__l0.5 calls=1021 margin 4.70->3.46 t=4.4s
[DONE] evaluation__4180__denoise__counterfactual__nes__l0.5 calls=1021 margin 4.70->3.41 t=3.9s
[DONE] evaluation__4180__deblur__attack__nes__l1 calls=1021 margin 1.80->0.58 t=4.0s
[DONE] evaluation__4180__deblur__restore__nes__l1 calls=1021 margin 1.80->2.22 t=4.4s
[DONE] evaluation__4180__deblur__random_walk__random_walk__l1 calls=1024 margin 1.80->2.29 t=7.1s
[DONE] evaluation__4180__deblur__confidence_boost__nes__l1 calls=1021 margin 1.80->3.55 t=4.2s
[DONE] evaluation__4180__deblur__boundary_probe__nes__l1 calls=1021 margin 1.80->0.60 t=4.3s
[DONE] evaluation__4180__deblur__counterfactual__nes__l1 calls=1021 margin 1.80->0.59 t=3.9s
[DONE] evaluation__6351__denoise__attack__nes__l0.5 calls=1021 margin 1.57->1.00 t=4.0s
[DONE] evaluation__6351__denoise__restore__nes__l0.5 calls=1021 margin 1.57->1.45 t=4.3s
[DONE] evaluation__6351__denoise__random_walk__random_walk__l0.5 calls=1024 margin 1.57->1.70 t=7.0s
[DONE] evaluation__6351__denoise__confidence_boost__nes__l0.5 calls=1021 margin 1.57->2.29 t=4.2s
[DONE] evaluation__6351__denoise__boundary_probe__nes__l0.5 calls=1021 margin 1.57->1.00 t=4.1s
[DONE] evaluation__6351__denoise__counterfactual__nes__l0.5 calls=1021 margin 1.57->0.97 t=3.7s
[DONE] evaluation__6351__deblur__attack__nes__l1 calls=1021 margin 1.04->0.63 t=3.9s
[DONE] evaluation__6351__deblur__restore__nes__l1 calls=1021 margin 1.04->1.13 t=4.4s
[DONE] evaluation__6351__deblur__random_walk__random_walk__l1 calls=1024 margin 1.04->1.10 t=7.0s
[DONE] evaluation__6351__deblur__confidence_boost__nes__l1 calls=1021 margin 1.04->1.64 t=4.2s
[DONE] evaluation__6351__deblur__boundary_probe__nes__l1 calls=1021 margin 1.04->0.62 t=4.2s
[DONE] evaluation__6351__deblur__counterfactual__nes__l1 calls=1021 margin 1.04->0.60 t=3.8s
[DONE] evaluation__9747__denoise__attack__nes__l0.5 calls=1021 margin 5.04->4.41 t=4.0s
[DONE] evaluation__9747__denoise__restore__nes__l0.5 calls=1021 margin 5.04->5.12 t=4.4s
[DONE] evaluation__9747__denoise__random_walk__random_walk__l0.5 calls=1024 margin 5.04->4.98 t=7.1s
[DONE] evaluation__9747__denoise__confidence_boost__nes__l0.5 calls=1021 margin 5.04->5.59 t=4.4s
[DONE] evaluation__9747__denoise__boundary_probe__nes__l0.5 calls=1021 margin 5.04->4.36 t=4.3s
[DONE] evaluation__9747__denoise__counterfactual__nes__l0.5 calls=1021 margin 5.04->4.35 t=3.9s
[DONE] evaluation__9747__deblur__attack__nes__l1 calls=1021 margin 5.25->4.50 t=3.9s
[DONE] evaluation__9747__deblur__restore__nes__l1 calls=1021 margin 5.25->5.43 t=4.5s
[DONE] evaluation__9747__deblur__random_walk__random_walk__l1 calls=1024 margin 5.25->5.10 t=7.0s
[DONE] evaluation__9747__deblur__confidence_boost__nes__l1 calls=1021 margin 5.25->5.91 t=4.4s
[DONE] evaluation__9747__deblur__boundary_probe__nes__l1 calls=1021 margin 5.25->4.54 t=4.0s
[DONE] evaluation__9747__deblur__counterfactual__nes__l1 calls=1021 margin 5.25->4.47 t=3.7s
[DONE] evaluation__2086__denoise__attack__nes__l0.5 calls=1021 margin 5.37->4.91 t=4.0s
[DONE] evaluation__2086__denoise__restore__nes__l0.5 calls=1021 margin 5.37->5.36 t=4.4s
[DONE] evaluation__2086__denoise__random_walk__random_walk__l0.5 calls=1024 margin 5.37->5.38 t=7.1s
[DONE] evaluation__2086__denoise__confidence_boost__nes__l0.5 calls=1021 margin 5.37->5.74 t=4.3s
[DONE] evaluation__2086__denoise__boundary_probe__nes__l0.5 calls=1021 margin 5.37->4.91 t=4.1s
[DONE] evaluation__2086__denoise__counterfactual__nes__l0.5 calls=1021 margin 5.37->4.89 t=3.8s
[DONE] evaluation__2086__deblur__attack__nes__l1 calls=1021 margin 5.39->4.99 t=4.0s
[DONE] evaluation__2086__deblur__restore__nes__l1 calls=1021 margin 5.39->5.43 t=4.4s
[DONE] evaluation__2086__deblur__random_walk__random_walk__l1 calls=1024 margin 5.39->5.31 t=6.9s
[DONE] evaluation__2086__deblur__confidence_boost__nes__l1 calls=1021 margin 5.39->5.70 t=4.4s
[DONE] evaluation__2086__deblur__boundary_probe__nes__l1 calls=1021 margin 5.39->4.97 t=4.1s
[DONE] evaluation__2086__deblur__counterfactual__nes__l1 calls=1021 margin 5.39->4.98 t=3.8s
[DONE] evaluation__4549__denoise__attack__nes__l0.5 calls=1021 margin 3.54->2.58 t=4.0s
[DONE] evaluation__4549__denoise__restore__nes__l0.5 calls=1021 margin 3.54->3.48 t=4.5s
[DONE] evaluation__4549__denoise__random_walk__random_walk__l0.5 calls=1024 margin 3.54->3.35 t=6.6s
[DONE] evaluation__4549__denoise__confidence_boost__nes__l0.5 calls=1021 margin 3.54->4.31 t=4.3s
[DONE] evaluation__4549__denoise__boundary_probe__nes__l0.5 calls=1021 margin 3.54->2.60 t=4.0s
[DONE] evaluation__4549__denoise__counterfactual__nes__l0.5 calls=1021 margin 3.54->2.61 t=3.9s
[DONE] evaluation__4549__deblur__attack__nes__l1 calls=1021 margin 3.67->2.78 t=4.0s
[DONE] evaluation__4549__deblur__restore__nes__l1 calls=1021 margin 3.67->3.81 t=4.5s
[DONE] evaluation__4549__deblur__random_walk__random_walk__l1 calls=1024 margin 3.67->3.60 t=7.0s
[DONE] evaluation__4549__deblur__confidence_boost__nes__l1 calls=1021 margin 3.67->4.45 t=4.4s
[DONE] evaluation__4549__deblur__boundary_probe__nes__l1 calls=1021 margin 3.67->2.80 t=4.2s
[DONE] evaluation__4549__deblur__counterfactual__nes__l1 calls=1021 margin 3.67->2.70 t=3.8s
[DONE] evaluation__8021__denoise__attack__nes__l0.5 calls=1021 margin 6.90->6.34 t=4.0s
[DONE] evaluation__8021__denoise__restore__nes__l0.5 calls=1021 margin 6.90->6.92 t=4.4s
[DONE] evaluation__8021__denoise__random_walk__random_walk__l0.5 calls=1024 margin 6.90->6.65 t=7.0s
[DONE] evaluation__8021__denoise__confidence_boost__nes__l0.5 calls=1021 margin 6.90->7.34 t=4.4s
[DONE] evaluation__8021__denoise__boundary_probe__nes__l0.5 calls=1021 margin 6.90->6.35 t=4.0s
[DONE] evaluation__8021__denoise__counterfactual__nes__l0.5 calls=1021 margin 6.90->6.33 t=4.0s
[DONE] evaluation__8021__deblur__attack__nes__l1 calls=1021 margin 6.61->6.09 t=4.1s
[DONE] evaluation__8021__deblur__restore__nes__l1 calls=1021 margin 6.61->6.69 t=4.3s
[DONE] evaluation__8021__deblur__random_walk__random_walk__l1 calls=1024 margin 6.61->6.67 t=6.9s
[DONE] evaluation__8021__deblur__confidence_boost__nes__l1 calls=1021 margin 6.61->7.03 t=4.4s
[DONE] evaluation__8021__deblur__boundary_probe__nes__l1 calls=1021 margin 6.61->6.05 t=4.1s
[DONE] evaluation__8021__deblur__counterfactual__nes__l1 calls=1021 margin 6.61->6.16 t=4.1s
[DONE] evaluation__2544__denoise__attack__nes__l0.5 calls=1021 margin 7.53->6.84 t=4.0s
[DONE] evaluation__2544__denoise__restore__nes__l0.5 calls=1021 margin 7.53->7.53 t=4.3s
[DONE] evaluation__2544__denoise__random_walk__random_walk__l0.5 calls=1024 margin 7.53->7.47 t=6.9s
[DONE] evaluation__2544__denoise__confidence_boost__nes__l0.5 calls=1021 margin 7.53->8.24 t=4.3s
[DONE] evaluation__2544__denoise__boundary_probe__nes__l0.5 calls=1021 margin 7.53->6.74 t=3.9s
[DONE] evaluation__2544__denoise__counterfactual__nes__l0.5 calls=1021 margin 7.53->6.76 t=3.8s
[DONE] evaluation__2544__deblur__attack__nes__l1 calls=1021 margin 7.44->6.32 t=4.0s
[DONE] evaluation__2544__deblur__restore__nes__l1 calls=1021 margin 7.44->7.70 t=4.4s
[DONE] evaluation__2544__deblur__random_walk__random_walk__l1 calls=1024 margin 7.44->7.73 t=7.0s
[DONE] evaluation__2544__deblur__confidence_boost__nes__l1 calls=1021 margin 7.44->8.52 t=4.3s
[DONE] evaluation__2544__deblur__boundary_probe__nes__l1 calls=1021 margin 7.44->6.25 t=4.0s
[DONE] evaluation__2544__deblur__counterfactual__nes__l1 calls=1021 margin 7.44->6.19 t=3.7s
[DONE] evaluation__6096__denoise__attack__nes__l0.5 calls=1021 margin 3.50->3.01 t=4.0s
[DONE] evaluation__6096__denoise__restore__nes__l0.5 calls=1021 margin 3.50->3.55 t=4.3s
[DONE] evaluation__6096__denoise__random_walk__random_walk__l0.5 calls=1024 margin 3.50->3.43 t=7.0s
[DONE] evaluation__6096__denoise__confidence_boost__nes__l0.5 calls=1021 margin 3.50->3.95 t=4.4s
[DONE] evaluation__6096__denoise__boundary_probe__nes__l0.5 calls=1021 margin 3.50->2.97 t=4.0s
[DONE] evaluation__6096__denoise__counterfactual__nes__l0.5 calls=1021 margin 3.50->3.01 t=3.8s
[DONE] evaluation__6096__deblur__attack__nes__l1 calls=1021 margin 4.02->3.29 t=4.3s
[DONE] evaluation__6096__deblur__restore__nes__l1 calls=1021 margin 4.02->4.11 t=4.4s
[DONE] evaluation__6096__deblur__random_walk__random_walk__l1 calls=1024 margin 4.02->3.80 t=7.3s
[DONE] evaluation__6096__deblur__confidence_boost__nes__l1 calls=1021 margin 4.02->4.63 t=4.4s
[DONE] evaluation__6096__deblur__boundary_probe__nes__l1 calls=1021 margin 4.02->3.31 t=4.1s
[DONE] evaluation__6096__deblur__counterfactual__nes__l1 calls=1021 margin 4.02->3.29 t=3.8s
[DONE] evaluation__8454__denoise__attack__nes__l0.5 calls=1021 margin 4.75->4.31 t=4.0s
[DONE] evaluation__8454__denoise__restore__nes__l0.5 calls=1021 margin 4.75->4.75 t=4.4s
[DONE] evaluation__8454__denoise__random_walk__random_walk__l0.5 calls=1024 margin 4.75->4.75 t=7.1s
[DONE] evaluation__8454__denoise__confidence_boost__nes__l0.5 calls=1021 margin 4.75->5.18 t=4.3s
[DONE] evaluation__8454__denoise__boundary_probe__nes__l0.5 calls=1021 margin 4.75->4.33 t=4.0s
[DONE] evaluation__8454__denoise__counterfactual__nes__l0.5 calls=1021 margin 4.75->4.37 t=3.8s
[DONE] evaluation__8454__deblur__attack__nes__l1 calls=1021 margin 4.49->3.95 t=4.0s
[DONE] evaluation__8454__deblur__restore__nes__l1 calls=1021 margin 4.49->4.52 t=4.5s
[DONE] evaluation__8454__deblur__random_walk__random_walk__l1 calls=1024 margin 4.49->4.28 t=7.1s
[DONE] evaluation__8454__deblur__confidence_boost__nes__l1 calls=1021 margin 4.49->5.00 t=4.2s
[DONE] evaluation__8454__deblur__boundary_probe__nes__l1 calls=1021 margin 4.49->3.95 t=3.9s
[DONE] evaluation__8454__deblur__counterfactual__nes__l1 calls=1021 margin 4.49->3.89 t=3.7s
[DONE] evaluation__786__denoise__attack__nes__l0.5 calls=1021 margin 1.93->1.63 t=3.8s
[DONE] evaluation__786__denoise__restore__nes__l0.5 calls=1021 margin 1.93->1.93 t=4.3s
[DONE] evaluation__786__denoise__random_walk__random_walk__l0.5 calls=1024 margin 1.93->1.98 t=6.8s
[DONE] evaluation__786__denoise__confidence_boost__nes__l0.5 calls=1021 margin 1.93->2.21 t=4.1s
[DONE] evaluation__786__denoise__boundary_probe__nes__l0.5 calls=1021 margin 1.93->1.63 t=4.0s
[DONE] evaluation__786__denoise__counterfactual__nes__l0.5 calls=1021 margin 1.93->1.64 t=3.7s
[DONE] evaluation__786__deblur__attack__nes__l1 calls=1021 margin 1.97->1.64 t=3.9s
[DONE] evaluation__786__deblur__restore__nes__l1 calls=1021 margin 1.97->1.94 t=4.5s
[DONE] evaluation__786__deblur__random_walk__random_walk__l1 calls=1024 margin 1.97->2.05 t=7.2s
[DONE] evaluation__786__deblur__confidence_boost__nes__l1 calls=1021 margin 1.97->2.32 t=4.3s
[DONE] evaluation__786__deblur__boundary_probe__nes__l1 calls=1021 margin 1.97->1.64 t=4.1s
[DONE] evaluation__786__deblur__counterfactual__nes__l1 calls=1021 margin 1.97->1.62 t=3.8s
[DONE] evaluation__4306__denoise__attack__nes__l0.5 calls=1021 margin 0.78->0.75 t=3.7s
[DONE] evaluation__4306__denoise__restore__nes__l0.5 calls=1021 margin 0.78->0.78 t=4.3s
[DONE] evaluation__4306__denoise__random_walk__random_walk__l0.5 calls=1024 margin 0.78->0.80 t=7.3s
[DONE] evaluation__4306__denoise__confidence_boost__nes__l0.5 calls=1021 margin 0.78->0.82 t=4.4s
[DONE] evaluation__4306__denoise__boundary_probe__nes__l0.5 calls=1021 margin 0.78->0.66 t=4.3s
[DONE] evaluation__4306__denoise__counterfactual__nes__l0.5 calls=1021 margin 0.78->0.69 t=3.9s
[DONE] evaluation__4306__deblur__attack__nes__l1 calls=1021 margin 0.70->0.70 t=3.9s
[DONE] evaluation__4306__deblur__restore__nes__l1 calls=1021 margin 0.70->0.70 t=4.3s
[DONE] evaluation__4306__deblur__random_walk__random_walk__l1 calls=1024 margin 0.70->0.69 t=7.2s
[DONE] evaluation__4306__deblur__confidence_boost__nes__l1 calls=1021 margin 0.70->0.71 t=4.1s
[DONE] evaluation__4306__deblur__boundary_probe__nes__l1 calls=1021 margin 0.70->0.59 t=4.2s
[DONE] evaluation__4306__deblur__counterfactual__nes__l1 calls=1021 margin 0.70->0.61 t=3.9s
[DONE] evaluation__6709__denoise__attack__nes__l0.5 calls=1021 margin 0.27->0.16 t=3.9s
[DONE] evaluation__6709__denoise__restore__nes__l0.5 calls=1021 margin 0.27->0.26 t=4.4s
[DONE] evaluation__6709__denoise__random_walk__random_walk__l0.5 calls=1024 margin 0.27->0.27 t=7.1s
[DONE] evaluation__6709__denoise__confidence_boost__nes__l0.5 calls=1021 margin 0.27->0.40 t=4.1s
[DONE] evaluation__6709__denoise__boundary_probe__nes__l0.5 calls=1021 margin 0.27->0.14 t=4.2s
[DONE] evaluation__6709__denoise__counterfactual__nes__l0.5 calls=1021 margin 0.27->0.16 t=3.9s
[DONE] evaluation__6709__deblur__attack__nes__l1 calls=1021 margin 0.28->0.17 t=3.8s
[DONE] evaluation__6709__deblur__restore__nes__l1 calls=1021 margin 0.28->0.27 t=4.0s
[DONE] evaluation__6709__deblur__random_walk__random_walk__l1 calls=1024 margin 0.28->0.28 t=7.4s
[DONE] evaluation__6709__deblur__confidence_boost__nes__l1 calls=1021 margin 0.28->0.37 t=4.0s
[DONE] evaluation__6709__deblur__boundary_probe__nes__l1 calls=1021 margin 0.28->0.15 t=4.3s
[DONE] evaluation__6709__deblur__counterfactual__nes__l1 calls=1021 margin 0.28->0.17 t=3.8s
[DONE] evaluation__8930__denoise__attack__nes__l0.5 calls=1021 margin 0.46->0.39 t=3.7s
[DONE] evaluation__8930__denoise__restore__nes__l0.5 calls=1021 margin 0.46->0.46 t=4.1s
[DONE] evaluation__8930__denoise__random_walk__random_walk__l0.5 calls=1024 margin 0.46->0.47 t=7.2s
[DONE] evaluation__8930__denoise__confidence_boost__nes__l0.5 calls=1021 margin 0.46->0.52 t=3.9s
[DONE] evaluation__8930__denoise__boundary_probe__nes__l0.5 calls=1021 margin 0.46->0.24 t=4.2s
[DONE] evaluation__8930__denoise__counterfactual__nes__l0.5 calls=1021 margin 0.46->0.24 t=3.9s
[DONE] evaluation__8930__deblur__attack__nes__l1 calls=1021 margin 0.50->0.41 t=3.9s
[DONE] evaluation__8930__deblur__restore__nes__l1 calls=1021 margin 0.50->0.50 t=4.4s
[DONE] evaluation__8930__deblur__random_walk__random_walk__l1 calls=1024 margin 0.50->0.52 t=7.4s
[DONE] evaluation__8930__deblur__confidence_boost__nes__l1 calls=1021 margin 0.50->0.58 t=4.0s
[DONE] evaluation__8930__deblur__boundary_probe__nes__l1 calls=1021 margin 0.50->0.35 t=4.3s
[DONE] evaluation__8930__deblur__counterfactual__nes__l1 calls=1021 margin 0.50->0.36 t=4.1s
[DONE] evaluation__4262__denoise__attack__nes__l0.5 calls=1021 margin 4.17->3.60 t=3.7s
[DONE] evaluation__4262__denoise__restore__nes__l0.5 calls=1021 margin 4.17->4.17 t=4.2s
[DONE] evaluation__4262__denoise__random_walk__random_walk__l0.5 calls=1024 margin 4.17->4.12 t=7.5s
[DONE] evaluation__4262__denoise__confidence_boost__nes__l0.5 calls=1021 margin 4.17->4.59 t=4.0s
[DONE] evaluation__4262__denoise__boundary_probe__nes__l0.5 calls=1021 margin 4.17->3.49 t=4.4s
[DONE] evaluation__4262__denoise__counterfactual__nes__l0.5 calls=1021 margin 4.17->3.66 t=4.0s
[DONE] evaluation__4262__deblur__attack__nes__l1 calls=1021 margin 3.17->2.56 t=3.8s
[DONE] evaluation__4262__deblur__restore__nes__l1 calls=1021 margin 3.17->3.26 t=4.2s
[DONE] evaluation__4262__deblur__random_walk__random_walk__l1 calls=1024 margin 3.17->3.25 t=7.4s
[DONE] evaluation__4262__deblur__confidence_boost__nes__l1 calls=1021 margin 3.17->3.80 t=4.2s
[DONE] evaluation__4262__deblur__boundary_probe__nes__l1 calls=1021 margin 3.17->2.56 t=4.5s
[DONE] evaluation__4262__deblur__counterfactual__nes__l1 calls=1021 margin 3.17->2.56 t=4.1s
[DONE] evaluation__5379__denoise__attack__nes__l0.5 calls=1021 margin 4.10->3.25 t=3.7s
[DONE] evaluation__5379__denoise__restore__nes__l0.5 calls=1021 margin 4.10->4.17 t=4.3s
[DONE] evaluation__5379__denoise__random_walk__random_walk__l0.5 calls=1024 margin 4.10->4.03 t=7.2s
[DONE] evaluation__5379__denoise__confidence_boost__nes__l0.5 calls=1021 margin 4.10->4.85 t=3.9s
[DONE] evaluation__5379__denoise__boundary_probe__nes__l0.5 calls=1021 margin 4.10->3.14 t=4.3s
[DONE] evaluation__5379__denoise__counterfactual__nes__l0.5 calls=1021 margin 4.10->3.10 t=3.9s
[DONE] evaluation__5379__deblur__attack__nes__l1 calls=1021 margin 3.37->2.50 t=3.8s
[DONE] evaluation__5379__deblur__restore__nes__l1 calls=1021 margin 3.37->3.50 t=4.2s
[DONE] evaluation__5379__deblur__random_walk__random_walk__l1 calls=1024 margin 3.37->3.54 t=7.4s
[DONE] evaluation__5379__deblur__confidence_boost__nes__l1 calls=1021 margin 3.37->4.17 t=3.8s
[DONE] evaluation__5379__deblur__boundary_probe__nes__l1 calls=1021 margin 3.37->2.48 t=4.4s
[DONE] evaluation__5379__deblur__counterfactual__nes__l1 calls=1021 margin 3.37->2.41 t=4.0s
[DONE] evaluation__8487__denoise__attack__nes__l0.5 calls=1021 margin 0.34->0.18 t=3.8s
[DONE] evaluation__8487__denoise__restore__nes__l0.5 calls=1021 margin 0.34->0.35 t=4.3s
[DONE] evaluation__8487__denoise__random_walk__random_walk__l0.5 calls=1024 margin 0.34->0.33 t=7.6s
[DONE] evaluation__8487__denoise__confidence_boost__nes__l0.5 calls=1021 margin 0.34->0.52 t=4.0s
[DONE] evaluation__8487__denoise__boundary_probe__nes__l0.5 calls=1021 margin 0.34->0.10 t=4.3s
[DONE] evaluation__8487__denoise__counterfactual__nes__l0.5 calls=1021 margin 0.34->0.15 t=3.9s
[DONE] evaluation__8487__deblur__attack__nes__l1 calls=1021 margin 0.25->0.08 t=3.8s
[DONE] evaluation__8487__deblur__restore__nes__l1 calls=1021 margin 0.25->0.29 t=4.4s
[DONE] evaluation__8487__deblur__random_walk__random_walk__l1 calls=1024 margin 0.25->0.31 t=7.3s
[DONE] evaluation__8487__deblur__confidence_boost__nes__l1 calls=1021 margin 0.25->0.45 t=4.2s
[DONE] evaluation__8487__deblur__boundary_probe__nes__l1 calls=1021 margin 0.25->0.05 t=4.2s
[DONE] evaluation__8487__deblur__counterfactual__nes__l1 calls=1021 margin 0.25->0.09 t=3.9s
[DONE] evaluation__514__denoise__attack__nes__l0.5 calls=1021 margin 2.41->2.02 t=3.8s
[DONE] evaluation__514__denoise__restore__nes__l0.5 calls=1021 margin 2.41->2.38 t=4.2s
[DONE] evaluation__514__denoise__random_walk__random_walk__l0.5 calls=1024 margin 2.41->2.40 t=7.3s
[DONE] evaluation__514__denoise__confidence_boost__nes__l0.5 calls=1021 margin 2.41->2.87 t=4.2s
[DONE] evaluation__514__denoise__boundary_probe__nes__l0.5 calls=1021 margin 2.41->2.02 t=4.3s
[DONE] evaluation__514__denoise__counterfactual__nes__l0.5 calls=1021 margin 2.41->2.03 t=4.0s
[DONE] evaluation__514__deblur__attack__nes__l1 calls=1021 margin 1.61->1.30 t=3.8s
[DONE] evaluation__514__deblur__restore__nes__l1 calls=1021 margin 1.61->1.71 t=4.2s
[DONE] evaluation__514__deblur__random_walk__random_walk__l1 calls=1024 margin 1.61->1.56 t=7.2s
[DONE] evaluation__514__deblur__confidence_boost__nes__l1 calls=1021 margin 1.61->2.07 t=4.3s
[DONE] evaluation__514__deblur__boundary_probe__nes__l1 calls=1021 margin 1.61->1.31 t=4.2s
[DONE] evaluation__514__deblur__counterfactual__nes__l1 calls=1021 margin 1.61->1.32 t=3.8s
[DONE] evaluation__4061__denoise__attack__nes__l0.5 calls=1021 margin 1.96->1.59 t=3.9s
[DONE] evaluation__4061__denoise__restore__nes__l0.5 calls=1021 margin 1.96->1.95 t=4.3s
[DONE] evaluation__4061__denoise__random_walk__random_walk__l0.5 calls=1024 margin 1.96->1.96 t=7.2s
[DONE] evaluation__4061__denoise__confidence_boost__nes__l0.5 calls=1021 margin 1.96->2.40 t=4.3s
[DONE] evaluation__4061__denoise__boundary_probe__nes__l0.5 calls=1021 margin 1.96->1.55 t=4.3s
[DONE] evaluation__4061__denoise__counterfactual__nes__l0.5 calls=1021 margin 1.96->1.55 t=3.8s
[DONE] evaluation__4061__deblur__attack__nes__l1 calls=1021 margin 0.84->0.58 t=3.6s
[DONE] evaluation__4061__deblur__restore__nes__l1 calls=1021 margin 0.84->0.94 t=4.2s
[DONE] evaluation__4061__deblur__random_walk__random_walk__l1 calls=1024 margin 0.84->0.74 t=7.3s
[DONE] evaluation__4061__deblur__confidence_boost__nes__l1 calls=1021 margin 0.84->1.18 t=4.3s
[DONE] evaluation__4061__deblur__boundary_probe__nes__l1 calls=1021 margin 0.84->0.57 t=4.3s
[DONE] evaluation__4061__deblur__counterfactual__nes__l1 calls=1021 margin 0.84->0.57 t=3.9s
[DONE] evaluation__5550__denoise__attack__nes__l0.5 calls=1021 margin 0.08->-0.04 t=3.8s
[DONE] evaluation__5550__denoise__restore__nes__l0.5 calls=1021 margin 0.08->0.10 t=4.1s
[DONE] evaluation__5550__denoise__random_walk__random_walk__l0.5 calls=1024 margin 0.08->0.03 t=7.4s
[DONE] evaluation__5550__denoise__confidence_boost__nes__l0.5 calls=1021 margin 0.08->0.21 t=4.3s
[DONE] evaluation__5550__denoise__boundary_probe__nes__l0.5 calls=1021 margin 0.08->0.00 t=4.1s
[DONE] evaluation__5550__denoise__counterfactual__nes__l0.5 calls=1021 margin 0.08->-0.01 t=3.9s
[DONE] evaluation__5550__deblur__attack__nes__l1 calls=1021 margin 0.46->0.33 t=4.0s
[DONE] evaluation__5550__deblur__restore__nes__l1 calls=1021 margin 0.46->0.47 t=4.0s
[DONE] evaluation__5550__deblur__random_walk__random_walk__l1 calls=1024 margin 0.46->0.42 t=7.3s
[DONE] evaluation__5550__deblur__confidence_boost__nes__l1 calls=1021 margin 0.46->0.59 t=4.2s
[DONE] evaluation__5550__deblur__boundary_probe__nes__l1 calls=1021 margin 0.46->0.31 t=4.2s
[DONE] evaluation__5550__deblur__counterfactual__nes__l1 calls=1021 margin 0.46->0.34 t=4.0s
[DONE] evaluation__1578__denoise__attack__nes__l0.5 calls=1021 margin 3.45->2.85 t=3.7s
[DONE] evaluation__1578__denoise__restore__nes__l0.5 calls=1021 margin 3.45->3.34 t=4.1s
[DONE] evaluation__1578__denoise__random_walk__random_walk__l0.5 calls=1024 margin 3.45->3.54 t=7.5s
[DONE] evaluation__1578__denoise__confidence_boost__nes__l0.5 calls=1021 margin 3.45->4.12 t=4.3s
[DONE] evaluation__1578__denoise__boundary_probe__nes__l0.5 calls=1021 margin 3.45->2.80 t=4.2s
[DONE] evaluation__1578__denoise__counterfactual__nes__l0.5 calls=1021 margin 3.45->2.85 t=3.9s
[DONE] evaluation__1578__deblur__attack__nes__l1 calls=1021 margin 1.35->0.86 t=3.7s
[DONE] evaluation__1578__deblur__restore__nes__l1 calls=1021 margin 1.35->1.50 t=4.0s
[DONE] evaluation__1578__deblur__random_walk__random_walk__l1 calls=1024 margin 1.35->1.49 t=7.5s
[DONE] evaluation__1578__deblur__confidence_boost__nes__l1 calls=1021 margin 1.35->2.07 t=4.2s
[DONE] evaluation__1578__deblur__boundary_probe__nes__l1 calls=1021 margin 1.35->0.84 t=4.3s
[DONE] evaluation__1578__deblur__counterfactual__nes__l1 calls=1021 margin 1.35->0.86 t=3.9s
[DONE] evaluation__3693__denoise__attack__nes__l0.5 calls=1021 margin 4.63->4.14 t=3.8s
[DONE] evaluation__3693__denoise__restore__nes__l0.5 calls=1021 margin 4.63->4.65 t=4.1s
[DONE] evaluation__3693__denoise__random_walk__random_walk__l0.5 calls=1024 margin 4.63->4.54 t=7.6s
[DONE] evaluation__3693__denoise__confidence_boost__nes__l0.5 calls=1021 margin 4.63->5.07 t=4.1s
[DONE] evaluation__3693__denoise__boundary_probe__nes__l0.5 calls=1021 margin 4.63->4.09 t=4.1s
[DONE] evaluation__3693__denoise__counterfactual__nes__l0.5 calls=1021 margin 4.63->4.11 t=4.0s
[DONE] evaluation__3693__deblur__attack__nes__l1 calls=1021 margin 4.50->4.06 t=3.8s
[DONE] evaluation__3693__deblur__restore__nes__l1 calls=1021 margin 4.50->4.62 t=4.1s
[DONE] evaluation__3693__deblur__random_walk__random_walk__l1 calls=1024 margin 4.50->4.55 t=7.4s
[DONE] evaluation__3693__deblur__confidence_boost__nes__l1 calls=1021 margin 4.50->4.95 t=4.2s
[DONE] evaluation__3693__deblur__boundary_probe__nes__l1 calls=1021 margin 4.50->4.01 t=4.0s
[DONE] evaluation__3693__deblur__counterfactual__nes__l1 calls=1021 margin 4.50->4.02 t=4.0s
[DONE] evaluation__6856__denoise__attack__nes__l0.5 calls=1021 margin 5.33->4.47 t=3.8s
[DONE] evaluation__6856__denoise__restore__nes__l0.5 calls=1021 margin 5.33->5.17 t=4.1s
[DONE] evaluation__6856__denoise__random_walk__random_walk__l0.5 calls=1024 margin 5.33->5.40 t=7.3s
[DONE] evaluation__6856__denoise__confidence_boost__nes__l0.5 calls=1021 margin 5.33->6.03 t=4.3s
[DONE] evaluation__6856__denoise__boundary_probe__nes__l0.5 calls=1021 margin 5.33->4.46 t=4.2s
[DONE] evaluation__6856__denoise__counterfactual__nes__l0.5 calls=1021 margin 5.33->4.42 t=3.9s
[DONE] evaluation__6856__deblur__attack__nes__l1 calls=1021 margin 0.10->-1.29 t=3.9s
[DONE] evaluation__6856__deblur__restore__nes__l1 calls=1021 margin 0.10->0.67 t=4.1s
[DONE] evaluation__6856__deblur__random_walk__random_walk__l1 calls=1024 margin 0.10->0.16 t=7.4s
[DONE] evaluation__6856__deblur__confidence_boost__nes__l1 calls=1021 margin 0.10->1.93 t=4.4s
[DONE] evaluation__6856__deblur__boundary_probe__nes__l1 calls=1021 margin 0.10->0.00 t=4.4s
[DONE] evaluation__6856__deblur__counterfactual__nes__l1 calls=1021 margin 0.10->-1.29 t=4.1s
[DONE] evaluation__9513__denoise__attack__nes__l0.5 calls=1021 margin 0.37->0.10 t=3.9s
[DONE] evaluation__9513__denoise__restore__nes__l0.5 calls=1021 margin 0.37->0.35 t=4.2s
[DONE] evaluation__9513__denoise__random_walk__random_walk__l0.5 calls=1024 margin 0.37->0.33 t=7.4s
[DONE] evaluation__9513__denoise__confidence_boost__nes__l0.5 calls=1021 margin 0.37->0.65 t=4.3s
[DONE] evaluation__9513__denoise__boundary_probe__nes__l0.5 calls=1021 margin 0.37->0.12 t=4.1s
[DONE] evaluation__9513__denoise__counterfactual__nes__l0.5 calls=1021 margin 0.37->0.18 t=4.1s
[DONE] evaluation__9513__deblur__attack__nes__l1 calls=1021 margin 0.05->-0.15 t=4.0s
[DONE] evaluation__9513__deblur__restore__nes__l1 calls=1021 margin 0.05->0.07 t=4.3s
[DONE] evaluation__9513__deblur__random_walk__random_walk__l1 calls=1024 margin 0.05->0.09 t=7.4s
[DONE] evaluation__9513__deblur__confidence_boost__nes__l1 calls=1021 margin 0.05->0.30 t=4.3s
[DONE] evaluation__9513__deblur__boundary_probe__nes__l1 calls=1021 margin 0.05->0.00 t=4.3s
[DONE] evaluation__9513__deblur__counterfactual__nes__l1 calls=1021 margin 0.05->-0.16 t=4.1s
[DONE] evaluation__3061__denoise__attack__nes__l0.5 calls=1021 margin 4.01->3.62 t=3.9s
[DONE] evaluation__3061__denoise__restore__nes__l0.5 calls=1021 margin 4.01->3.98 t=4.0s
[DONE] evaluation__3061__denoise__random_walk__random_walk__l0.5 calls=1024 margin 4.01->4.04 t=7.4s
[DONE] evaluation__3061__denoise__confidence_boost__nes__l0.5 calls=1021 margin 4.01->4.36 t=4.3s
[DONE] evaluation__3061__denoise__boundary_probe__nes__l0.5 calls=1021 margin 4.01->3.60 t=4.3s
[DONE] evaluation__3061__denoise__counterfactual__nes__l0.5 calls=1021 margin 4.01->3.64 t=3.9s
[DONE] evaluation__3061__deblur__attack__nes__l1 calls=1021 margin 2.35->1.81 t=3.8s
[DONE] evaluation__3061__deblur__restore__nes__l1 calls=1021 margin 2.35->2.54 t=4.1s
[DONE] evaluation__3061__deblur__random_walk__random_walk__l1 calls=1024 margin 2.35->2.49 t=7.1s
[DONE] evaluation__3061__deblur__confidence_boost__nes__l1 calls=1021 margin 2.35->2.88 t=4.2s
[DONE] evaluation__3061__deblur__boundary_probe__nes__l1 calls=1021 margin 2.35->1.79 t=4.1s
[DONE] evaluation__3061__deblur__counterfactual__nes__l1 calls=1021 margin 2.35->1.82 t=3.9s
[DONE] evaluation__6607__denoise__attack__nes__l0.5 calls=1021 margin 4.71->4.16 t=3.8s
[DONE] evaluation__6607__denoise__restore__nes__l0.5 calls=1021 margin 4.71->4.68 t=4.1s
[DONE] evaluation__6607__denoise__random_walk__random_walk__l0.5 calls=1024 margin 4.71->4.60 t=7.2s
[DONE] evaluation__6607__denoise__confidence_boost__nes__l0.5 calls=1021 margin 4.71->5.11 t=4.2s
[DONE] evaluation__6607__denoise__boundary_probe__nes__l0.5 calls=1021 margin 4.71->4.18 t=4.1s
[DONE] evaluation__6607__denoise__counterfactual__nes__l0.5 calls=1021 margin 4.71->4.15 t=3.9s
[DONE] evaluation__6607__deblur__attack__nes__l1 calls=1021 margin 5.20->4.89 t=3.9s
[DONE] evaluation__6607__deblur__restore__nes__l1 calls=1021 margin 5.20->5.27 t=4.1s
[DONE] evaluation__6607__deblur__random_walk__random_walk__l1 calls=1024 margin 5.20->5.23 t=7.2s
[DONE] evaluation__6607__deblur__confidence_boost__nes__l1 calls=1021 margin 5.20->5.52 t=4.4s
[DONE] evaluation__6607__deblur__boundary_probe__nes__l1 calls=1021 margin 5.20->4.87 t=4.1s
[DONE] evaluation__6607__deblur__counterfactual__nes__l1 calls=1021 margin 5.20->4.88 t=3.8s
[DONE] evaluation__8660__denoise__attack__nes__l0.5 calls=1021 margin 6.03->5.54 t=3.9s
[DONE] evaluation__8660__denoise__restore__nes__l0.5 calls=1021 margin 6.03->6.05 t=4.1s
[DONE] evaluation__8660__denoise__random_walk__random_walk__l0.5 calls=1024 margin 6.03->5.88 t=7.2s
[DONE] evaluation__8660__denoise__confidence_boost__nes__l0.5 calls=1021 margin 6.03->6.44 t=4.3s
[DONE] evaluation__8660__denoise__boundary_probe__nes__l0.5 calls=1021 margin 6.03->5.55 t=4.1s
[DONE] evaluation__8660__denoise__counterfactual__nes__l0.5 calls=1021 margin 6.03->5.57 t=4.1s
[DONE] evaluation__8660__deblur__attack__nes__l1 calls=1021 margin 5.99->5.39 t=3.9s
[DONE] evaluation__8660__deblur__restore__nes__l1 calls=1021 margin 5.99->6.03 t=4.1s
[DONE] evaluation__8660__deblur__random_walk__random_walk__l1 calls=1024 margin 5.99->5.93 t=7.2s
[DONE] evaluation__8660__deblur__confidence_boost__nes__l1 calls=1021 margin 5.99->6.56 t=4.4s
[DONE] evaluation__8660__deblur__boundary_probe__nes__l1 calls=1021 margin 5.99->5.39 t=4.2s
[DONE] evaluation__8660__deblur__counterfactual__nes__l1 calls=1021 margin 5.99->5.36 t=4.0s
[DONE] evaluation__2553__denoise__attack__nes__l0.5 calls=1021 margin 1.41->0.97 t=4.0s
[DONE] evaluation__2553__denoise__restore__nes__l0.5 calls=1021 margin 1.41->1.40 t=4.1s
[DONE] evaluation__2553__denoise__random_walk__random_walk__l0.5 calls=1024 margin 1.41->1.49 t=7.3s
[DONE] evaluation__2553__denoise__confidence_boost__nes__l0.5 calls=1021 margin 1.41->1.82 t=4.4s
[DONE] evaluation__2553__denoise__boundary_probe__nes__l0.5 calls=1021 margin 1.41->0.97 t=4.1s
[DONE] evaluation__2553__denoise__counterfactual__nes__l0.5 calls=1021 margin 1.41->0.96 t=4.0s
[DONE] evaluation__2553__deblur__attack__nes__l1 calls=1021 margin 1.69->1.07 t=3.6s
[DONE] evaluation__2553__deblur__restore__nes__l1 calls=1021 margin 1.69->1.69 t=4.0s
[DONE] evaluation__2553__deblur__random_walk__random_walk__l1 calls=1024 margin 1.69->1.45 t=7.1s
[DONE] evaluation__2553__deblur__confidence_boost__nes__l1 calls=1021 margin 1.69->2.23 t=4.4s
[DONE] evaluation__2553__deblur__boundary_probe__nes__l1 calls=1021 margin 1.69->1.04 t=3.9s
[DONE] evaluation__2553__deblur__counterfactual__nes__l1 calls=1021 margin 1.69->1.08 t=3.9s
[DONE] evaluation__6179__denoise__attack__nes__l0.5 calls=1021 margin 2.62->2.23 t=3.7s
[DONE] evaluation__6179__denoise__restore__nes__l0.5 calls=1021 margin 2.62->2.58 t=4.1s
[DONE] evaluation__6179__denoise__random_walk__random_walk__l0.5 calls=1024 margin 2.62->2.63 t=7.2s
[DONE] evaluation__6179__denoise__confidence_boost__nes__l0.5 calls=1021 margin 2.62->3.02 t=4.4s
[DONE] evaluation__6179__denoise__boundary_probe__nes__l0.5 calls=1021 margin 2.62->2.21 t=4.1s
[DONE] evaluation__6179__denoise__counterfactual__nes__l0.5 calls=1021 margin 2.62->2.26 t=4.1s
[DONE] evaluation__6179__deblur__attack__nes__l1 calls=1021 margin 2.10->1.68 t=3.9s
[DONE] evaluation__6179__deblur__restore__nes__l1 calls=1021 margin 2.10->2.17 t=4.3s
[DONE] evaluation__6179__deblur__random_walk__random_walk__l1 calls=1024 margin 2.10->2.02 t=7.2s
[DONE] evaluation__6179__deblur__confidence_boost__nes__l1 calls=1021 margin 2.10->2.47 t=4.4s
[DONE] evaluation__6179__deblur__boundary_probe__nes__l1 calls=1021 margin 2.10->1.68 t=4.1s
[DONE] evaluation__6179__deblur__counterfactual__nes__l1 calls=1021 margin 2.10->1.71 t=4.3s
[DONE] evaluation__8551__denoise__attack__nes__l0.5 calls=1021 margin 1.88->1.42 t=3.7s
[DONE] evaluation__8551__denoise__restore__nes__l0.5 calls=1021 margin 1.88->1.88 t=4.2s
[DONE] evaluation__8551__denoise__random_walk__random_walk__l0.5 calls=1024 margin 1.88->1.81 t=7.0s
[DONE] evaluation__8551__denoise__confidence_boost__nes__l0.5 calls=1021 margin 1.88->2.26 t=4.4s
[DONE] evaluation__8551__denoise__boundary_probe__nes__l0.5 calls=1021 margin 1.88->1.41 t=4.1s
[DONE] evaluation__8551__denoise__counterfactual__nes__l0.5 calls=1021 margin 1.88->1.35 t=4.0s
[DONE] evaluation__8551__deblur__attack__nes__l1 calls=1021 margin 2.20->1.88 t=3.8s
[DONE] evaluation__8551__deblur__restore__nes__l1 calls=1021 margin 2.20->2.26 t=4.2s
[DONE] evaluation__8551__deblur__random_walk__random_walk__l1 calls=1024 margin 2.20->2.24 t=7.0s
[DONE] evaluation__8551__deblur__confidence_boost__nes__l1 calls=1021 margin 2.20->2.53 t=4.4s
[DONE] evaluation__8551__deblur__boundary_probe__nes__l1 calls=1021 margin 2.20->1.79 t=4.3s
[DONE] evaluation__8551__deblur__counterfactual__nes__l1 calls=1021 margin 2.20->1.81 t=4.0s
[DONE] evaluation__2290__denoise__attack__nes__l0.5 calls=1021 margin 8.49->8.02 t=3.9s
[DONE] evaluation__2290__denoise__restore__nes__l0.5 calls=1021 margin 8.49->8.44 t=4.0s
[DONE] evaluation__2290__denoise__random_walk__random_walk__l0.5 calls=1024 margin 8.49->8.45 t=7.0s
[DONE] evaluation__2290__denoise__confidence_boost__nes__l0.5 calls=1021 margin 8.49->8.90 t=4.3s
[DONE] evaluation__2290__denoise__boundary_probe__nes__l0.5 calls=1021 margin 8.49->8.00 t=4.1s
[DONE] evaluation__2290__denoise__counterfactual__nes__l0.5 calls=1021 margin 8.49->8.04 t=4.1s
[DONE] evaluation__2290__deblur__attack__nes__l1 calls=1021 margin 6.77->5.97 t=3.9s
[DONE] evaluation__2290__deblur__restore__nes__l1 calls=1021 margin 6.77->6.90 t=4.1s
[DONE] evaluation__2290__deblur__random_walk__random_walk__l1 calls=1024 margin 6.77->6.70 t=7.0s
[DONE] evaluation__2290__deblur__confidence_boost__nes__l1 calls=1021 margin 6.77->7.47 t=4.4s
[DONE] evaluation__2290__deblur__boundary_probe__nes__l1 calls=1021 margin 6.77->5.91 t=4.3s
[DONE] evaluation__2290__deblur__counterfactual__nes__l1 calls=1021 margin 6.77->5.97 t=4.2s
[DONE] evaluation__4338__denoise__attack__nes__l0.5 calls=1021 margin 10.34->9.90 t=3.8s
[DONE] evaluation__4338__denoise__restore__nes__l0.5 calls=1021 margin 10.34->10.40 t=4.0s
[DONE] evaluation__4338__denoise__random_walk__random_walk__l0.5 calls=1024 margin 10.34->10.31 t=7.0s
[DONE] evaluation__4338__denoise__confidence_boost__nes__l0.5 calls=1021 margin 10.34->10.57 t=4.1s
[DONE] evaluation__4338__denoise__boundary_probe__nes__l0.5 calls=1021 margin 10.34->9.93 t=4.1s
[DONE] evaluation__4338__denoise__counterfactual__nes__l0.5 calls=1021 margin 10.34->9.94 t=3.9s
[DONE] evaluation__4338__deblur__attack__nes__l1 calls=1021 margin 7.71->6.73 t=4.1s
[DONE] evaluation__4338__deblur__restore__nes__l1 calls=1021 margin 7.71->8.10 t=4.2s
[DONE] evaluation__4338__deblur__random_walk__random_walk__l1 calls=1024 margin 7.71->7.65 t=7.1s
[DONE] evaluation__4338__deblur__confidence_boost__nes__l1 calls=1021 margin 7.71->8.61 t=4.2s
[DONE] evaluation__4338__deblur__boundary_probe__nes__l1 calls=1021 margin 7.71->6.78 t=4.3s
[DONE] evaluation__4338__deblur__counterfactual__nes__l1 calls=1021 margin 7.71->6.73 t=4.0s
[DONE] evaluation__7122__denoise__attack__nes__l0.5 calls=1021 margin 9.00->8.74 t=4.1s
[DONE] evaluation__7122__denoise__restore__nes__l0.5 calls=1021 margin 9.00->8.99 t=4.2s
[DONE] evaluation__7122__denoise__random_walk__random_walk__l0.5 calls=1024 margin 9.00->9.01 t=6.9s
[DONE] evaluation__7122__denoise__confidence_boost__nes__l0.5 calls=1021 margin 9.00->9.24 t=4.4s
[DONE] evaluation__7122__denoise__boundary_probe__nes__l0.5 calls=1021 margin 9.00->8.68 t=4.2s
[DONE] evaluation__7122__denoise__counterfactual__nes__l0.5 calls=1021 margin 9.00->8.74 t=3.9s
[DONE] evaluation__7122__deblur__attack__nes__l1 calls=1021 margin 9.14->8.83 t=3.8s
[DONE] evaluation__7122__deblur__restore__nes__l1 calls=1021 margin 9.14->9.16 t=3.9s
[DONE] evaluation__7122__deblur__random_walk__random_walk__l1 calls=1024 margin 9.14->9.13 t=6.9s
[DONE] evaluation__7122__deblur__confidence_boost__nes__l1 calls=1021 margin 9.14->9.44 t=4.3s
[DONE] evaluation__7122__deblur__boundary_probe__nes__l1 calls=1021 margin 9.14->8.76 t=4.1s
[DONE] evaluation__7122__deblur__counterfactual__nes__l1 calls=1021 margin 9.14->8.76 t=4.3s
[DONE] evaluation__9517__denoise__attack__nes__l0.5 calls=1021 margin 3.73->3.16 t=3.8s
[DONE] evaluation__9517__denoise__restore__nes__l0.5 calls=1021 margin 3.73->3.67 t=4.1s
[DONE] evaluation__9517__denoise__random_walk__random_walk__l0.5 calls=1024 margin 3.73->3.62 t=6.9s
[DONE] evaluation__9517__denoise__confidence_boost__nes__l0.5 calls=1021 margin 3.73->4.23 t=4.2s
[DONE] evaluation__9517__denoise__boundary_probe__nes__l0.5 calls=1021 margin 3.73->3.05 t=4.1s
[DONE] evaluation__9517__denoise__counterfactual__nes__l0.5 calls=1021 margin 3.73->3.12 t=4.2s
[DONE] evaluation__9517__deblur__attack__nes__l1 calls=1021 margin 2.06->1.15 t=4.0s
[DONE] evaluation__9517__deblur__restore__nes__l1 calls=1021 margin 2.06->2.35 t=4.0s
[DONE] evaluation__9517__deblur__random_walk__random_walk__l1 calls=1024 margin 2.06->2.27 t=6.9s
[DONE] evaluation__9517__deblur__confidence_boost__nes__l1 calls=1021 margin 2.06->2.88 t=4.2s
[DONE] evaluation__9517__deblur__boundary_probe__nes__l1 calls=1021 margin 2.06->1.07 t=4.1s
[DONE] evaluation__9517__deblur__counterfactual__nes__l1 calls=1021 margin 2.06->1.01 t=4.4s
[DONE] fit__7315__denoise__attack__nes__l0.5 calls=1021 margin 1.66->1.29 t=3.9s
[DONE] fit__7315__denoise__restore__nes__l0.5 calls=1021 margin 1.66->1.69 t=4.1s
[DONE] fit__7315__denoise__random_walk__random_walk__l0.5 calls=1024 margin 1.66->1.50 t=6.8s
[DONE] fit__7315__denoise__confidence_boost__nes__l0.5 calls=1021 margin 1.66->2.00 t=4.3s
[DONE] fit__7315__denoise__boundary_probe__nes__l0.5 calls=1021 margin 1.66->1.30 t=4.1s
[DONE] fit__7315__denoise__counterfactual__nes__l0.5 calls=1021 margin 1.66->1.28 t=4.2s
[DONE] fit__7315__deblur__attack__nes__l1 calls=1021 margin 1.94->1.62 t=3.9s
[DONE] fit__7315__deblur__restore__nes__l1 calls=1021 margin 1.94->2.03 t=4.1s
[DONE] fit__7315__deblur__random_walk__random_walk__l1 calls=1024 margin 1.94->1.82 t=6.7s
[DONE] fit__7315__deblur__confidence_boost__nes__l1 calls=1021 margin 1.94->2.23 t=4.2s
[DONE] fit__7315__deblur__boundary_probe__nes__l1 calls=1021 margin 1.94->1.62 t=4.2s
[DONE] fit__7315__deblur__counterfactual__nes__l1 calls=1021 margin 1.94->1.60 t=4.3s
[DONE] fit__973__denoise__attack__nes__l0.5 calls=1021 margin 4.77->4.35 t=4.0s
[DONE] fit__973__denoise__restore__nes__l0.5 calls=1021 margin 4.77->4.75 t=4.1s
[DONE] fit__973__denoise__random_walk__random_walk__l0.5 calls=1024 margin 4.77->4.75 t=6.6s
[DONE] fit__973__denoise__confidence_boost__nes__l0.5 calls=1021 margin 4.77->5.18 t=4.3s
[DONE] fit__973__denoise__boundary_probe__nes__l0.5 calls=1021 margin 4.77->4.37 t=4.0s
[DONE] fit__973__denoise__counterfactual__nes__l0.5 calls=1021 margin 4.77->4.36 t=4.3s
[DONE] fit__973__deblur__attack__nes__l1 calls=1021 margin 4.98->4.52 t=4.0s
[DONE] fit__973__deblur__restore__nes__l1 calls=1021 margin 4.98->5.03 t=4.2s
[DONE] fit__973__deblur__random_walk__random_walk__l1 calls=1024 margin 4.98->4.85 t=6.9s
[DONE] fit__973__deblur__confidence_boost__nes__l1 calls=1021 margin 4.98->5.41 t=4.2s
[DONE] fit__973__deblur__boundary_probe__nes__l1 calls=1021 margin 4.98->4.48 t=4.1s
[DONE] fit__973__deblur__counterfactual__nes__l1 calls=1021 margin 4.98->4.53 t=4.4s
[DONE] fit__7997__denoise__attack__nes__l0.5 calls=1021 margin 6.94->6.32 t=3.9s
[DONE] fit__7997__denoise__restore__nes__l0.5 calls=1021 margin 6.94->6.97 t=4.0s
[DONE] fit__7997__denoise__random_walk__random_walk__l0.5 calls=1024 margin 6.94->6.76 t=6.8s
[DONE] fit__7997__denoise__confidence_boost__nes__l0.5 calls=1021 margin 6.94->7.46 t=4.2s
[DONE] fit__7997__denoise__boundary_probe__nes__l0.5 calls=1021 margin 6.94->6.24 t=3.9s
[DONE] fit__7997__denoise__counterfactual__nes__l0.5 calls=1021 margin 6.94->6.28 t=4.3s
[DONE] fit__7997__deblur__attack__nes__l1 calls=1021 margin 7.24->6.82 t=3.8s
[DONE] fit__7997__deblur__restore__nes__l1 calls=1021 margin 7.24->7.31 t=4.0s
[DONE] fit__7997__deblur__random_walk__random_walk__l1 calls=1024 margin 7.24->7.18 t=6.9s
[DONE] fit__7997__deblur__confidence_boost__nes__l1 calls=1021 margin 7.24->7.58 t=4.1s
[DONE] fit__7997__deblur__boundary_probe__nes__l1 calls=1021 margin 7.24->6.79 t=4.0s
[DONE] fit__7997__deblur__counterfactual__nes__l1 calls=1021 margin 7.24->6.81 t=4.2s
[DONE] fit__1859__denoise__attack__nes__l0.5 calls=1021 margin 1.06->0.70 t=3.9s
[DONE] fit__1859__denoise__restore__nes__l0.5 calls=1021 margin 1.06->1.09 t=4.0s
[DONE] fit__1859__denoise__random_walk__random_walk__l0.5 calls=1024 margin 1.06->0.96 t=6.7s
[DONE] fit__1859__denoise__confidence_boost__nes__l0.5 calls=1021 margin 1.06->1.45 t=4.2s
[DONE] fit__1859__denoise__boundary_probe__nes__l0.5 calls=1021 margin 1.06->0.69 t=4.0s
[DONE] fit__1859__denoise__counterfactual__nes__l0.5 calls=1021 margin 1.06->0.71 t=4.2s
[DONE] fit__1859__deblur__attack__nes__l1 calls=1021 margin 1.62->1.17 t=4.1s
[DONE] fit__1859__deblur__restore__nes__l1 calls=1021 margin 1.62->1.70 t=4.0s
[DONE] fit__1859__deblur__random_walk__random_walk__l1 calls=1024 margin 1.62->1.42 t=6.7s
[DONE] fit__1859__deblur__confidence_boost__nes__l1 calls=1021 margin 1.62->2.08 t=4.2s
[DONE] fit__1859__deblur__boundary_probe__nes__l1 calls=1021 margin 1.62->1.16 t=4.1s
[DONE] fit__1859__deblur__counterfactual__nes__l1 calls=1021 margin 1.62->1.13 t=4.2s
[DONE] fit__9044__denoise__attack__nes__l0.5 calls=1021 margin 1.67->1.17 t=4.2s
[DONE] fit__9044__denoise__restore__nes__l0.5 calls=1021 margin 1.67->1.65 t=4.0s
[DONE] fit__9044__denoise__random_walk__random_walk__l0.5 calls=1024 margin 1.67->1.56 t=6.6s
[DONE] fit__9044__denoise__confidence_boost__nes__l0.5 calls=1021 margin 1.67->2.13 t=4.3s
[DONE] fit__9044__denoise__boundary_probe__nes__l0.5 calls=1021 margin 1.67->1.23 t=4.1s
[DONE] fit__9044__denoise__counterfactual__nes__l0.5 calls=1021 margin 1.67->1.19 t=4.2s
[DONE] fit__9044__deblur__attack__nes__l1 calls=1021 margin 1.75->1.34 t=4.2s
[DONE] fit__9044__deblur__restore__nes__l1 calls=1021 margin 1.75->1.87 t=4.1s
[DONE] fit__9044__deblur__random_walk__random_walk__l1 calls=1024 margin 1.75->1.67 t=6.8s
[DONE] fit__9044__deblur__confidence_boost__nes__l1 calls=1021 margin 1.75->2.16 t=4.3s
[DONE] fit__9044__deblur__boundary_probe__nes__l1 calls=1021 margin 1.75->1.32 t=4.1s
[DONE] fit__9044__deblur__counterfactual__nes__l1 calls=1021 margin 1.75->1.33 t=4.2s
[DONE] fit__7212__denoise__attack__nes__l0.5 calls=1021 margin 0.89->0.65 t=4.1s
[DONE] fit__7212__denoise__restore__nes__l0.5 calls=1021 margin 0.89->0.91 t=4.1s
[DONE] fit__7212__denoise__random_walk__random_walk__l0.5 calls=1024 margin 0.89->0.86 t=6.7s
[DONE] fit__7212__denoise__confidence_boost__nes__l0.5 calls=1021 margin 0.89->1.19 t=4.1s
[DONE] fit__7212__denoise__boundary_probe__nes__l0.5 calls=1021 margin 0.89->0.65 t=4.2s
[DONE] fit__7212__denoise__counterfactual__nes__l0.5 calls=1021 margin 0.89->0.63 t=4.1s
[DONE] fit__7212__deblur__attack__nes__l1 calls=1021 margin 1.07->0.80 t=4.2s
[DONE] fit__7212__deblur__restore__nes__l1 calls=1021 margin 1.07->1.15 t=4.1s
[DONE] fit__7212__deblur__random_walk__random_walk__l1 calls=1024 margin 1.07->1.01 t=6.8s
[DONE] fit__7212__deblur__confidence_boost__nes__l1 calls=1021 margin 1.07->1.40 t=4.2s
[DONE] fit__7212__deblur__boundary_probe__nes__l1 calls=1021 margin 1.07->0.76 t=3.9s
[DONE] fit__7212__deblur__counterfactual__nes__l1 calls=1021 margin 1.07->0.76 t=4.1s
[DONE] fit__648__denoise__attack__nes__l0.5 calls=1021 margin 2.31->1.70 t=4.2s
[DONE] fit__648__denoise__restore__nes__l0.5 calls=1021 margin 2.31->2.34 t=4.1s
[DONE] fit__648__denoise__random_walk__random_walk__l0.5 calls=1024 margin 2.31->2.25 t=6.6s
[DONE] fit__648__denoise__confidence_boost__nes__l0.5 calls=1021 margin 2.31->2.84 t=4.1s
[DONE] fit__648__denoise__boundary_probe__nes__l0.5 calls=1021 margin 2.31->1.64 t=4.2s
[DONE] fit__648__denoise__counterfactual__nes__l0.5 calls=1021 margin 2.31->1.66 t=4.1s
[DONE] fit__648__deblur__attack__nes__l1 calls=1021 margin 1.91->1.52 t=4.2s
[DONE] fit__648__deblur__restore__nes__l1 calls=1021 margin 1.91->2.05 t=4.1s
[DONE] fit__648__deblur__random_walk__random_walk__l1 calls=1024 margin 1.91->1.90 t=6.6s
[DONE] fit__648__deblur__confidence_boost__nes__l1 calls=1021 margin 1.91->2.26 t=4.0s
[DONE] fit__648__deblur__boundary_probe__nes__l1 calls=1021 margin 1.91->1.43 t=4.0s
[DONE] fit__648__deblur__counterfactual__nes__l1 calls=1021 margin 1.91->1.47 t=4.1s
[DONE] fit__7256__denoise__attack__nes__l0.5 calls=1021 margin 1.40->1.01 t=4.3s
[DONE] fit__7256__denoise__restore__nes__l0.5 calls=1021 margin 1.40->1.43 t=4.1s
[DONE] fit__7256__denoise__random_walk__random_walk__l0.5 calls=1024 margin 1.40->1.34 t=6.7s
[DONE] fit__7256__denoise__confidence_boost__nes__l0.5 calls=1021 margin 1.40->1.88 t=4.1s
[DONE] fit__7256__denoise__boundary_probe__nes__l0.5 calls=1021 margin 1.40->0.98 t=4.2s
[DONE] fit__7256__denoise__counterfactual__nes__l0.5 calls=1021 margin 1.40->0.99 t=4.0s
[DONE] fit__7256__deblur__attack__nes__l1 calls=1021 margin 1.69->1.36 t=4.2s
[DONE] fit__7256__deblur__restore__nes__l1 calls=1021 margin 1.69->1.76 t=4.0s
[DONE] fit__7256__deblur__random_walk__random_walk__l1 calls=1024 margin 1.69->1.77 t=6.8s
[DONE] fit__7256__deblur__confidence_boost__nes__l1 calls=1021 margin 1.69->2.03 t=4.0s
[DONE] fit__7256__deblur__boundary_probe__nes__l1 calls=1021 margin 1.69->1.35 t=4.1s
[DONE] fit__7256__deblur__counterfactual__nes__l1 calls=1021 margin 1.69->1.36 t=4.0s
[DONE] fit__1362__denoise__attack__nes__l0.5 calls=1021 margin 2.77->1.88 t=4.0s
[DONE] fit__1362__denoise__restore__nes__l0.5 calls=1021 margin 2.77->2.87 t=4.1s
[DONE] fit__1362__denoise__random_walk__random_walk__l0.5 calls=1024 margin 2.77->2.78 t=6.9s
[DONE] fit__1362__denoise__confidence_boost__nes__l0.5 calls=1021 margin 2.77->3.76 t=3.9s
[DONE] fit__1362__denoise__boundary_probe__nes__l0.5 calls=1021 margin 2.77->1.87 t=4.1s
[DONE] fit__1362__denoise__counterfactual__nes__l0.5 calls=1021 margin 2.77->1.81 t=4.0s
[DONE] fit__1362__deblur__attack__nes__l1 calls=1021 margin 3.55->2.40 t=4.3s
[DONE] fit__1362__deblur__restore__nes__l1 calls=1021 margin 3.55->3.89 t=4.2s
[DONE] fit__1362__deblur__random_walk__random_walk__l1 calls=1024 margin 3.55->3.03 t=6.6s
[DONE] fit__1362__deblur__confidence_boost__nes__l1 calls=1021 margin 3.55->4.53 t=3.9s
[DONE] fit__1362__deblur__boundary_probe__nes__l1 calls=1021 margin 3.55->2.38 t=4.1s
[DONE] fit__1362__deblur__counterfactual__nes__l1 calls=1021 margin 3.55->2.38 t=4.0s
[DONE] fit__9477__denoise__attack__nes__l0.5 calls=1021 margin 5.72->4.92 t=4.3s
[DONE] fit__9477__denoise__restore__nes__l0.5 calls=1021 margin 5.72->5.76 t=4.2s
[DONE] fit__9477__denoise__random_walk__random_walk__l0.5 calls=1024 margin 5.72->5.53 t=6.5s
[DONE] fit__9477__denoise__confidence_boost__nes__l0.5 calls=1021 margin 5.72->6.34 t=4.0s
[DONE] fit__9477__denoise__boundary_probe__nes__l0.5 calls=1021 margin 5.72->4.88 t=4.0s
[DONE] fit__9477__denoise__counterfactual__nes__l0.5 calls=1021 margin 5.72->4.87 t=4.1s
[DONE] fit__9477__deblur__attack__nes__l1 calls=1021 margin 7.23->6.44 t=4.4s
[DONE] fit__9477__deblur__restore__nes__l1 calls=1021 margin 7.23->7.35 t=4.2s
[DONE] fit__9477__deblur__random_walk__random_walk__l1 calls=1024 margin 7.23->7.20 t=6.8s
[DONE] fit__9477__deblur__confidence_boost__nes__l1 calls=1021 margin 7.23->7.87 t=4.0s
[DONE] fit__9477__deblur__boundary_probe__nes__l1 calls=1021 margin 7.23->6.42 t=4.1s
[DONE] fit__9477__deblur__counterfactual__nes__l1 calls=1021 margin 7.23->6.39 t=3.9s
[DONE] fit__6042__denoise__attack__nes__l0.5 calls=1021 margin 2.62->1.86 t=4.4s
[DONE] fit__6042__denoise__restore__nes__l0.5 calls=1021 margin 2.62->2.45 t=4.1s
[DONE] fit__6042__denoise__random_walk__random_walk__l0.5 calls=1024 margin 2.62->2.54 t=6.7s
[DONE] fit__6042__denoise__confidence_boost__nes__l0.5 calls=1021 margin 2.62->3.36 t=4.0s
[DONE] fit__6042__denoise__boundary_probe__nes__l0.5 calls=1021 margin 2.62->1.83 t=4.0s
[DONE] fit__6042__denoise__counterfactual__nes__l0.5 calls=1021 margin 2.62->1.84 t=4.0s
[DONE] fit__6042__deblur__attack__nes__l1 calls=1021 margin 0.05->-0.53 t=4.3s
[DONE] fit__6042__deblur__restore__nes__l1 calls=1021 margin 0.05->0.27 t=4.2s
[DONE] fit__6042__deblur__random_walk__random_walk__l1 calls=1024 margin 0.05->0.10 t=6.7s
[DONE] fit__6042__deblur__confidence_boost__nes__l1 calls=1021 margin 0.05->0.84 t=4.2s
[DONE] fit__6042__deblur__boundary_probe__nes__l1 calls=1021 margin 0.05->0.00 t=4.0s
[DONE] fit__6042__deblur__counterfactual__nes__l1 calls=1021 margin 0.05->-0.46 t=4.1s
[DONE] fit__1201__denoise__attack__nes__l0.5 calls=1021 margin 4.83->4.54 t=4.3s
[DONE] fit__1201__denoise__restore__nes__l0.5 calls=1021 margin 4.83->4.80 t=4.3s
[DONE] fit__1201__denoise__random_walk__random_walk__l0.5 calls=1024 margin 4.83->4.82 t=6.6s
[DONE] fit__1201__denoise__confidence_boost__nes__l0.5 calls=1021 margin 4.83->5.09 t=4.2s
[DONE] fit__1201__denoise__boundary_probe__nes__l0.5 calls=1021 margin 4.83->4.53 t=4.1s
[DONE] fit__1201__denoise__counterfactual__nes__l0.5 calls=1021 margin 4.83->4.53 t=4.2s
[DONE] fit__1201__deblur__attack__nes__l1 calls=1021 margin 4.33->3.91 t=4.5s
[DONE] fit__1201__deblur__restore__nes__l1 calls=1021 margin 4.33->4.38 t=4.0s
[DONE] fit__1201__deblur__random_walk__random_walk__l1 calls=1024 margin 4.33->4.35 t=6.6s
[DONE] fit__1201__deblur__confidence_boost__nes__l1 calls=1021 margin 4.33->4.73 t=3.9s
[DONE] fit__1201__deblur__boundary_probe__nes__l1 calls=1021 margin 4.33->3.90 t=4.0s
[DONE] fit__1201__deblur__counterfactual__nes__l1 calls=1021 margin 4.33->3.93 t=4.0s
[DONE] fit__5606__denoise__attack__nes__l0.5 calls=1021 margin 10.68->10.21 t=4.6s
[DONE] fit__5606__denoise__restore__nes__l0.5 calls=1021 margin 10.68->10.67 t=4.2s
[DONE] fit__5606__denoise__random_walk__random_walk__l0.5 calls=1024 margin 10.68->10.65 t=6.7s
[DONE] fit__5606__denoise__confidence_boost__nes__l0.5 calls=1021 margin 10.68->11.12 t=3.9s
[DONE] fit__5606__denoise__boundary_probe__nes__l0.5 calls=1021 margin 10.68->10.18 t=4.1s
[DONE] fit__5606__denoise__counterfactual__nes__l0.5 calls=1021 margin 10.68->10.21 t=4.1s
[DONE] fit__5606__deblur__attack__nes__l1 calls=1021 margin 10.37->9.90 t=4.6s
[DONE] fit__5606__deblur__restore__nes__l1 calls=1021 margin 10.37->10.50 t=4.2s
[DONE] fit__5606__deblur__random_walk__random_walk__l1 calls=1024 margin 10.37->10.29 t=6.6s
[DONE] fit__5606__deblur__confidence_boost__nes__l1 calls=1021 margin 10.37->10.79 t=4.0s
[DONE] fit__5606__deblur__boundary_probe__nes__l1 calls=1021 margin 10.37->9.87 t=4.1s
[DONE] fit__5606__deblur__counterfactual__nes__l1 calls=1021 margin 10.37->9.81 t=4.2s
[DONE] fit__3803__denoise__attack__nes__l0.5 calls=1021 margin 4.97->4.59 t=4.6s
[DONE] fit__3803__denoise__restore__nes__l0.5 calls=1021 margin 4.97->4.98 t=4.1s
[DONE] fit__3803__denoise__random_walk__random_walk__l0.5 calls=1024 margin 4.97->4.82 t=6.9s
[DONE] fit__3803__denoise__confidence_boost__nes__l0.5 calls=1021 margin 4.97->5.29 t=4.1s
[DONE] fit__3803__denoise__boundary_probe__nes__l0.5 calls=1021 margin 4.97->4.57 t=4.0s
[DONE] fit__3803__denoise__counterfactual__nes__l0.5 calls=1021 margin 4.97->4.60 t=4.4s
[DONE] fit__3803__deblur__attack__nes__l1 calls=1021 margin 5.06->4.71 t=4.4s
[DONE] fit__3803__deblur__restore__nes__l1 calls=1021 margin 5.06->5.06 t=4.0s
[DONE] fit__3803__deblur__random_walk__random_walk__l1 calls=1024 margin 5.06->4.98 t=6.7s
[DONE] fit__3803__deblur__confidence_boost__nes__l1 calls=1021 margin 5.06->5.37 t=3.9s
[DONE] fit__3803__deblur__boundary_probe__nes__l1 calls=1021 margin 5.06->4.72 t=3.8s
[DONE] fit__3803__deblur__counterfactual__nes__l1 calls=1021 margin 5.06->4.67 t=4.3s
[DONE] fit__8875__denoise__attack__nes__l0.5 calls=1021 margin 3.28->2.46 t=4.3s
[DONE] fit__8875__denoise__restore__nes__l0.5 calls=1021 margin 3.28->3.33 t=4.1s
[DONE] fit__8875__denoise__random_walk__random_walk__l0.5 calls=1024 margin 3.28->3.20 t=6.8s
[DONE] fit__8875__denoise__confidence_boost__nes__l0.5 calls=1021 margin 3.28->3.69 t=4.0s
[DONE] fit__8875__denoise__boundary_probe__nes__l0.5 calls=1021 margin 3.28->2.38 t=3.9s
[DONE] fit__8875__denoise__counterfactual__nes__l0.5 calls=1021 margin 3.28->2.38 t=4.2s
[DONE] fit__8875__deblur__attack__nes__l1 calls=1021 margin 2.97->2.41 t=4.5s
[DONE] fit__8875__deblur__restore__nes__l1 calls=1021 margin 2.97->3.04 t=4.1s
[DONE] fit__8875__deblur__random_walk__random_walk__l1 calls=1024 margin 2.97->2.91 t=6.8s
[DONE] fit__8875__deblur__confidence_boost__nes__l1 calls=1021 margin 2.97->3.33 t=4.0s
[DONE] fit__8875__deblur__boundary_probe__nes__l1 calls=1021 margin 2.97->2.42 t=4.1s
[DONE] fit__8875__deblur__counterfactual__nes__l1 calls=1021 margin 2.97->2.36 t=4.2s
[DONE] fit__6110__denoise__attack__nes__l0.5 calls=1021 margin 13.04->13.02 t=4.5s
[DONE] fit__6110__denoise__restore__nes__l0.5 calls=1021 margin 13.04->13.02 t=4.2s
[DONE] fit__6110__denoise__random_walk__random_walk__l0.5 calls=1024 margin 13.04->13.08 t=6.9s
[DONE] fit__6110__denoise__confidence_boost__nes__l0.5 calls=1021 margin 13.04->13.04 t=3.9s
[DONE] fit__6110__denoise__boundary_probe__nes__l0.5 calls=1021 margin 13.04->12.64 t=4.1s
[DONE] fit__6110__denoise__counterfactual__nes__l0.5 calls=1021 margin 13.04->12.67 t=4.4s
[DONE] fit__6110__deblur__attack__nes__l1 calls=1021 margin 12.76->12.69 t=4.4s
[DONE] fit__6110__deblur__restore__nes__l1 calls=1021 margin 12.76->12.79 t=4.3s
[DONE] fit__6110__deblur__random_walk__random_walk__l1 calls=1024 margin 12.76->12.58 t=6.2s
[DONE] fit__6110__deblur__confidence_boost__nes__l1 calls=1021 margin 12.76->12.81 t=3.8s
[DONE] fit__6110__deblur__boundary_probe__nes__l1 calls=1021 margin 12.76->12.19 t=4.2s
[DONE] fit__6110__deblur__counterfactual__nes__l1 calls=1021 margin 12.76->12.13 t=4.3s
