/home/sepi/jupyterenv/lib/python3.12/site-packages/robustbench/loaders.py:4: UserWarning: pkg_resources is deprecated as an API. See https://setuptools.pypa.io/en/latest/pkg_resources.html. The pkg_resources package is slated for removal as early as 2025-11-30. Refrain from using this package or pin to Setuptools<81.
  import pkg_resources
/home/sepi/jupyterenv/lib/python3.12/site-packages/robustbench/utils.py:130: FutureWarning: You are using `torch.load` with `weights_only=False` (the current default value), which uses the default pickle module implicitly. It is possible to construct malicious pickle data which will execute arbitrary code during unpickling (See https://github.com/pytorch/pytorch/blob/main/SECURITY.md#untrusted-models for more details). In a future release, the default value for `weights_only` will be flipped to `True`. This limits the functions that could be executed during unpickling. Arbitrary objects will no longer be allowed to be loaded via this mode unless they are explicitly allowlisted by the user via `torch.serialization.add_safe_globals`. We recommend you start setting `weights_only=True` for any use case where you don't have full control of the loaded file. Please open an issue on GitHub for any issues related to this experimental feature.
  checkpoint = torch.load(model_path, map_location=torch.device('cpu'))
[DONE] calibration__1646__denoise__attack__nes__l0.5 calls=1021 margin 4.85->4.34 t=4.4s
[DONE] calibration__1646__denoise__restore__nes__l0.5 calls=1021 margin 4.85->4.87 t=3.8s
[DONE] calibration__1646__denoise__random_walk__random_walk__l0.5 calls=1024 margin 4.85->4.69 t=8.5s
[DONE] calibration__1646__denoise__confidence_boost__nes__l0.5 calls=1021 margin 4.85->5.33 t=3.8s
[DONE] calibration__1646__denoise__boundary_probe__nes__l0.5 calls=1021 margin 4.85->4.25 t=3.8s
[DONE] calibration__1646__denoise__counterfactual__nes__l0.5 calls=1021 margin 4.85->4.21 t=3.8s
[DONE] calibration__1646__deblur__attack__nes__l1 calls=1021 margin 5.47->4.91 t=4.0s
[DONE] calibration__1646__deblur__restore__nes__l1 calls=1021 margin 5.47->5.40 t=3.8s
[DONE] calibration__1646__deblur__random_walk__random_walk__l1 calls=1024 margin 5.47->5.53 t=8.3s
[DONE] calibration__1646__deblur__confidence_boost__nes__l1 calls=1021 margin 5.47->6.02 t=3.7s
[DONE] calibration__1646__deblur__boundary_probe__nes__l1 calls=1021 margin 5.47->4.84 t=3.6s
[DONE] calibration__1646__deblur__counterfactual__nes__l1 calls=1021 margin 5.47->4.83 t=3.9s
[DONE] calibration__5164__denoise__attack__nes__l0.5 calls=1021 margin 6.33->5.69 t=3.9s
[DONE] calibration__5164__denoise__restore__nes__l0.5 calls=1021 margin 6.33->6.41 t=4.2s
[DONE] calibration__5164__denoise__random_walk__random_walk__l0.5 calls=1024 margin 6.33->6.29 t=8.2s
[DONE] calibration__5164__denoise__confidence_boost__nes__l0.5 calls=1021 margin 6.33->6.88 t=3.8s
[DONE] calibration__5164__denoise__boundary_probe__nes__l0.5 calls=1021 margin 6.33->5.59 t=3.9s
[DONE] calibration__5164__denoise__counterfactual__nes__l0.5 calls=1021 margin 6.33->5.59 t=3.9s
[DONE] calibration__5164__deblur__attack__nes__l1 calls=1021 margin 5.46->4.31 t=4.2s
[DONE] calibration__5164__deblur__restore__nes__l1 calls=1021 margin 5.46->5.89 t=4.2s
[DONE] calibration__5164__deblur__random_walk__random_walk__l1 calls=1024 margin 5.46->5.94 t=8.1s
[DONE] calibration__5164__deblur__confidence_boost__nes__l1 calls=1021 margin 5.46->6.66 t=3.9s
[DONE] calibration__5164__deblur__boundary_probe__nes__l1 calls=1021 margin 5.46->4.26 t=3.9s
[DONE] calibration__5164__deblur__counterfactual__nes__l1 calls=1021 margin 5.46->4.31 t=3.8s
[DONE] calibration__4689__denoise__attack__nes__l0.5 calls=1021 margin 8.33->8.05 t=4.2s
[DONE] calibration__4689__denoise__restore__nes__l0.5 calls=1021 margin 8.33->8.30 t=4.2s
[DONE] calibration__4689__denoise__random_walk__random_walk__l0.5 calls=1024 margin 8.33->8.28 t=7.9s
[DONE] calibration__4689__denoise__confidence_boost__nes__l0.5 calls=1021 margin 8.33->8.56 t=3.9s
[DONE] calibration__4689__denoise__boundary_probe__nes__l0.5 calls=1021 margin 8.33->7.98 t=3.9s
[DONE] calibration__4689__denoise__counterfactual__nes__l0.5 calls=1021 margin 8.33->7.97 t=3.9s
[DONE] calibration__4689__deblur__attack__nes__l1 calls=1021 margin 7.77->7.40 t=4.1s
[DONE] calibration__4689__deblur__restore__nes__l1 calls=1021 margin 7.77->7.84 t=4.3s
[DONE] calibration__4689__deblur__random_walk__random_walk__l1 calls=1024 margin 7.77->7.89 t=7.9s
[DONE] calibration__4689__deblur__confidence_boost__nes__l1 calls=1021 margin 7.77->8.07 t=3.9s
[DONE] calibration__4689__deblur__boundary_probe__nes__l1 calls=1021 margin 7.77->7.34 t=3.8s
[DONE] calibration__4689__deblur__counterfactual__nes__l1 calls=1021 margin 7.77->7.28 t=3.9s
[DONE] calibration__129__denoise__attack__nes__l0.5 calls=1021 margin 0.85->0.28 t=3.9s
[DONE] calibration__129__denoise__restore__nes__l0.5 calls=1021 margin 0.85->0.97 t=4.0s
[DONE] calibration__129__denoise__random_walk__random_walk__l0.5 calls=1024 margin 0.85->0.77 t=7.7s
[DONE] calibration__129__denoise__confidence_boost__nes__l0.5 calls=1021 margin 0.85->1.42 t=4.1s
[DONE] calibration__129__denoise__boundary_probe__nes__l0.5 calls=1021 margin 0.85->0.08 t=4.0s
[DONE] calibration__129__denoise__counterfactual__nes__l0.5 calls=1021 margin 0.85->0.18 t=3.8s
[DONE] calibration__129__deblur__attack__nes__l1 calls=1021 margin 1.45->0.75 t=3.9s
[DONE] calibration__129__deblur__restore__nes__l1 calls=1021 margin 1.45->1.55 t=4.4s
[DONE] calibration__129__deblur__random_walk__random_walk__l1 calls=1024 margin 1.45->1.21 t=7.7s
[DONE] calibration__129__deblur__confidence_boost__nes__l1 calls=1021 margin 1.45->2.11 t=4.1s
[DONE] calibration__129__deblur__boundary_probe__nes__l1 calls=1021 margin 1.45->0.71 t=3.9s
[DONE] calibration__129__deblur__counterfactual__nes__l1 calls=1021 margin 1.45->0.60 t=3.9s
[DONE] calibration__7738__denoise__attack__nes__l0.5 calls=1021 margin 1.01->0.73 t=3.9s
[DONE] calibration__7738__denoise__restore__nes__l0.5 calls=1021 margin 1.01->1.02 t=4.6s
[DONE] calibration__7738__denoise__random_walk__random_walk__l0.5 calls=1024 margin 1.01->0.92 t=7.5s
[DONE] calibration__7738__denoise__confidence_boost__nes__l0.5 calls=1021 margin 1.01->1.27 t=4.0s
[DONE] calibration__7738__denoise__boundary_probe__nes__l0.5 calls=1021 margin 1.01->0.72 t=3.8s
[DONE] calibration__7738__denoise__counterfactual__nes__l0.5 calls=1021 margin 1.01->0.72 t=3.9s
[DONE] calibration__7738__deblur__attack__nes__l1 calls=1021 margin 1.58->1.25 t=3.9s
[DONE] calibration__7738__deblur__restore__nes__l1 calls=1021 margin 1.58->1.69 t=4.6s
[DONE] calibration__7738__deblur__random_walk__random_walk__l1 calls=1024 margin 1.58->1.51 t=7.4s
[DONE] calibration__7738__deblur__confidence_boost__nes__l1 calls=1021 margin 1.58->1.90 t=4.1s
[DONE] calibration__7738__deblur__boundary_probe__nes__l1 calls=1021 margin 1.58->1.26 t=4.0s
[DONE] calibration__7738__deblur__counterfactual__nes__l1 calls=1021 margin 1.58->1.28 t=3.9s
[DONE] calibration__3572__denoise__attack__nes__l0.5 calls=1021 margin 1.91->1.22 t=4.0s
[DONE] calibration__3572__denoise__restore__nes__l0.5 calls=1021 margin 1.91->1.79 t=4.6s
[DONE] calibration__3572__denoise__random_walk__random_walk__l0.5 calls=1024 margin 1.91->1.78 t=7.3s
[DONE] calibration__3572__denoise__confidence_boost__nes__l0.5 calls=1021 margin 1.91->2.69 t=4.2s
[DONE] calibration__3572__denoise__boundary_probe__nes__l0.5 calls=1021 margin 1.91->1.23 t=3.8s
[DONE] calibration__3572__denoise__counterfactual__nes__l0.5 calls=1021 margin 1.91->1.20 t=3.8s
[DONE] calibration__3572__deblur__attack__nes__l1 calls=1021 margin 0.36->0.06 t=4.0s
[DONE] calibration__3572__deblur__restore__nes__l1 calls=1021 margin 0.36->0.48 t=4.5s
[DONE] calibration__3572__deblur__random_walk__random_walk__l1 calls=1024 margin 0.36->0.43 t=7.4s
[DONE] calibration__3572__deblur__confidence_boost__nes__l1 calls=1021 margin 0.36->0.79 t=4.1s
[DONE] calibration__3572__deblur__boundary_probe__nes__l1 calls=1021 margin 0.36->0.01 t=3.8s
[DONE] calibration__3572__deblur__counterfactual__nes__l1 calls=1021 margin 0.36->0.11 t=3.9s
[DONE] calibration__7980__denoise__attack__nes__l0.5 calls=1021 margin 0.55->0.52 t=3.9s
[DONE] calibration__7980__denoise__restore__nes__l0.5 calls=1021 margin 0.55->0.52 t=4.5s
[DONE] calibration__7980__denoise__random_walk__random_walk__l0.5 calls=1024 margin 0.55->0.56 t=7.1s
[DONE] calibration__7980__denoise__confidence_boost__nes__l0.5 calls=1021 margin 0.55->0.58 t=4.3s
[DONE] calibration__7980__denoise__boundary_probe__nes__l0.5 calls=1021 margin 0.55->0.40 t=3.8s
[DONE] calibration__7980__denoise__counterfactual__nes__l0.5 calls=1021 margin 0.55->0.40 t=3.9s
[DONE] calibration__7980__deblur__attack__nes__l1 calls=1021 margin 0.44->0.44 t=4.0s
[DONE] calibration__7980__deblur__restore__nes__l1 calls=1021 margin 0.44->0.44 t=4.6s
[DONE] calibration__7980__deblur__random_walk__random_walk__l1 calls=1024 margin 0.44->0.45 t=7.3s
[DONE] calibration__7980__deblur__confidence_boost__nes__l1 calls=1021 margin 0.44->0.43 t=4.3s
[DONE] calibration__7980__deblur__boundary_probe__nes__l1 calls=1021 margin 0.44->0.33 t=4.0s
[DONE] calibration__7980__deblur__counterfactual__nes__l1 calls=1021 margin 0.44->0.34 t=3.8s
[DONE] calibration__4399__denoise__attack__nes__l0.5 calls=1021 margin 2.12->1.86 t=4.1s
[DONE] calibration__4399__denoise__restore__nes__l0.5 calls=1021 margin 2.12->2.08 t=4.8s
[DONE] calibration__4399__denoise__random_walk__random_walk__l0.5 calls=1024 margin 2.12->2.09 t=7.1s
[DONE] calibration__4399__denoise__confidence_boost__nes__l0.5 calls=1021 margin 2.12->2.40 t=4.3s
[DONE] calibration__4399__denoise__boundary_probe__nes__l0.5 calls=1021 margin 2.12->1.85 t=4.0s
[DONE] calibration__4399__denoise__counterfactual__nes__l0.5 calls=1021 margin 2.12->1.82 t=4.0s
[DONE] calibration__4399__deblur__attack__nes__l1 calls=1021 margin 1.18->0.97 t=4.1s
[DONE] calibration__4399__deblur__restore__nes__l1 calls=1021 margin 1.18->1.24 t=4.8s
[DONE] calibration__4399__deblur__random_walk__random_walk__l1 calls=1024 margin 1.18->1.18 t=7.1s
[DONE] calibration__4399__deblur__confidence_boost__nes__l1 calls=1021 margin 1.18->1.40 t=4.1s
[DONE] calibration__4399__deblur__boundary_probe__nes__l1 calls=1021 margin 1.18->0.98 t=4.0s
[DONE] calibration__4399__deblur__counterfactual__nes__l1 calls=1021 margin 1.18->0.98 t=3.8s
[DONE] calibration__178__denoise__attack__nes__l0.5 calls=1021 margin 0.39->0.18 t=4.0s
[DONE] calibration__178__denoise__restore__nes__l0.5 calls=1021 margin 0.39->0.41 t=4.8s
[DONE] calibration__178__denoise__random_walk__random_walk__l0.5 calls=1024 margin 0.39->0.32 t=6.9s
[DONE] calibration__178__denoise__confidence_boost__nes__l0.5 calls=1021 margin 0.39->0.57 t=4.1s
[DONE] calibration__178__denoise__boundary_probe__nes__l0.5 calls=1021 margin 0.39->0.14 t=3.8s
[DONE] calibration__178__denoise__counterfactual__nes__l0.5 calls=1021 margin 0.39->0.26 t=3.7s
[DONE] calibration__178__deblur__attack__nes__l1 calls=1021 margin 0.77->0.62 t=4.4s
[DONE] calibration__178__deblur__restore__nes__l1 calls=1021 margin 0.77->0.77 t=4.8s
[DONE] calibration__178__deblur__random_walk__random_walk__l1 calls=1024 margin 0.77->0.73 t=7.0s
[DONE] calibration__178__deblur__confidence_boost__nes__l1 calls=1021 margin 0.77->0.93 t=4.0s
[DONE] calibration__178__deblur__boundary_probe__nes__l1 calls=1021 margin 0.77->0.57 t=4.0s
[DONE] calibration__178__deblur__counterfactual__nes__l1 calls=1021 margin 0.77->0.64 t=3.9s
[DONE] calibration__8192__denoise__attack__nes__l0.5 calls=1021 margin 0.55->0.08 t=4.3s
[DONE] calibration__8192__denoise__restore__nes__l0.5 calls=1021 margin 0.55->0.52 t=4.7s
[DONE] calibration__8192__denoise__random_walk__random_walk__l0.5 calls=1024 margin 0.55->0.61 t=6.9s
[DONE] calibration__8192__denoise__confidence_boost__nes__l0.5 calls=1021 margin 0.55->0.99 t=4.1s
[DONE] calibration__8192__denoise__boundary_probe__nes__l0.5 calls=1021 margin 0.55->0.11 t=3.8s
[DONE] calibration__8192__denoise__counterfactual__nes__l0.5 calls=1021 margin 0.55->0.12 t=3.8s
[DONE] calibration__8192__deblur__attack__nes__l1 calls=1021 margin 0.52->0.12 t=4.2s
[DONE] calibration__8192__deblur__restore__nes__l1 calls=1021 margin 0.52->0.59 t=5.1s
[DONE] calibration__8192__deblur__random_walk__random_walk__l1 calls=1024 margin 0.52->0.67 t=7.0s
[DONE] calibration__8192__deblur__confidence_boost__nes__l1 calls=1021 margin 0.52->0.93 t=4.2s
[DONE] calibration__8192__deblur__boundary_probe__nes__l1 calls=1021 margin 0.52->0.14 t=4.0s
[DONE] calibration__8192__deblur__counterfactual__nes__l1 calls=1021 margin 0.52->0.14 t=3.7s
[DONE] calibration__2104__denoise__attack__nes__l0.5 calls=1021 margin 6.43->5.99 t=4.3s
[DONE] calibration__2104__denoise__restore__nes__l0.5 calls=1021 margin 6.43->6.32 t=4.7s
[DONE] calibration__2104__denoise__random_walk__random_walk__l0.5 calls=1024 margin 6.43->6.45 t=6.9s
[DONE] calibration__2104__denoise__confidence_boost__nes__l0.5 calls=1021 margin 6.43->6.87 t=4.2s
[DONE] calibration__2104__denoise__boundary_probe__nes__l0.5 calls=1021 margin 6.43->6.00 t=3.9s
[DONE] calibration__2104__denoise__counterfactual__nes__l0.5 calls=1021 margin 6.43->6.00 t=3.8s
[DONE] calibration__2104__deblur__attack__nes__l1 calls=1021 margin 4.91->4.38 t=4.5s
[DONE] calibration__2104__deblur__restore__nes__l1 calls=1021 margin 4.91->5.11 t=4.6s
[DONE] calibration__2104__deblur__random_walk__random_walk__l1 calls=1024 margin 4.91->5.03 t=6.9s
[DONE] calibration__2104__deblur__confidence_boost__nes__l1 calls=1021 margin 4.91->5.44 t=4.2s
[DONE] calibration__2104__deblur__boundary_probe__nes__l1 calls=1021 margin 4.91->4.34 t=3.9s
[DONE] calibration__2104__deblur__counterfactual__nes__l1 calls=1021 margin 4.91->4.31 t=3.8s
[DONE] calibration__7043__denoise__attack__nes__l0.5 calls=1021 margin 8.39->7.97 t=4.5s
[DONE] calibration__7043__denoise__restore__nes__l0.5 calls=1021 margin 8.39->8.37 t=4.6s
[DONE] calibration__7043__denoise__random_walk__random_walk__l0.5 calls=1024 margin 8.39->8.34 t=6.7s
[DONE] calibration__7043__denoise__confidence_boost__nes__l0.5 calls=1021 margin 8.39->8.76 t=4.2s
[DONE] calibration__7043__denoise__boundary_probe__nes__l0.5 calls=1021 margin 8.39->7.93 t=4.1s
[DONE] calibration__7043__denoise__counterfactual__nes__l0.5 calls=1021 margin 8.39->7.95 t=4.1s
[DONE] calibration__7043__deblur__attack__nes__l1 calls=1021 margin 6.89->6.18 t=4.6s
[DONE] calibration__7043__deblur__restore__nes__l1 calls=1021 margin 6.89->7.10 t=4.3s
[DONE] calibration__7043__deblur__random_walk__random_walk__l1 calls=1024 margin 6.89->7.05 t=6.6s
[DONE] calibration__7043__deblur__confidence_boost__nes__l1 calls=1021 margin 6.89->7.50 t=4.0s
[DONE] calibration__7043__deblur__boundary_probe__nes__l1 calls=1021 margin 6.89->6.17 t=3.8s
[DONE] calibration__7043__deblur__counterfactual__nes__l1 calls=1021 margin 6.89->6.24 t=3.7s
[DONE] calibration__2824__denoise__attack__nes__l0.5 calls=1021 margin 1.63->1.39 t=4.6s
[DONE] calibration__2824__denoise__restore__nes__l0.5 calls=1021 margin 1.63->1.57 t=4.4s
[DONE] calibration__2824__denoise__random_walk__random_walk__l0.5 calls=1024 margin 1.63->1.64 t=6.9s
[DONE] calibration__2824__denoise__confidence_boost__nes__l0.5 calls=1021 margin 1.63->1.99 t=4.3s
[DONE] calibration__2824__denoise__boundary_probe__nes__l0.5 calls=1021 margin 1.63->1.40 t=4.0s
[DONE] calibration__2824__denoise__counterfactual__nes__l0.5 calls=1021 margin 1.63->1.37 t=4.1s
[DONE] calibration__2824__deblur__attack__nes__l1 calls=1021 margin 0.82->0.63 t=4.4s
[DONE] calibration__2824__deblur__restore__nes__l1 calls=1021 margin 0.82->0.91 t=4.4s
[DONE] calibration__2824__deblur__random_walk__random_walk__l1 calls=1024 margin 0.82->0.82 t=7.0s
[DONE] calibration__2824__deblur__confidence_boost__nes__l1 calls=1021 margin 0.82->1.01 t=4.3s
[DONE] calibration__2824__deblur__boundary_probe__nes__l1 calls=1021 margin 0.82->0.64 t=3.8s
[DONE] calibration__2824__deblur__counterfactual__nes__l1 calls=1021 margin 0.82->0.65 t=3.9s
[DONE] calibration__495__denoise__attack__nes__l0.5 calls=1021 margin 5.68->5.14 t=4.3s
[DONE] calibration__495__denoise__restore__nes__l0.5 calls=1021 margin 5.68->5.66 t=4.0s
[DONE] calibration__495__denoise__random_walk__random_walk__l0.5 calls=1024 margin 5.68->5.51 t=6.9s
[DONE] calibration__495__denoise__confidence_boost__nes__l0.5 calls=1021 margin 5.68->6.17 t=4.1s
[DONE] calibration__495__denoise__boundary_probe__nes__l0.5 calls=1021 margin 5.68->5.13 t=4.2s
[DONE] calibration__495__denoise__counterfactual__nes__l0.5 calls=1021 margin 5.68->5.14 t=4.0s
[DONE] calibration__495__deblur__attack__nes__l1 calls=1021 margin 5.89->5.45 t=4.5s
[DONE] calibration__495__deblur__restore__nes__l1 calls=1021 margin 5.89->6.01 t=4.0s
[DONE] calibration__495__deblur__random_walk__random_walk__l1 calls=1024 margin 5.89->5.86 t=7.1s
[DONE] calibration__495__deblur__confidence_boost__nes__l1 calls=1021 margin 5.89->6.36 t=4.3s
[DONE] calibration__495__deblur__boundary_probe__nes__l1 calls=1021 margin 5.89->5.43 t=4.0s
[DONE] calibration__495__deblur__counterfactual__nes__l1 calls=1021 margin 5.89->5.43 t=4.2s
[DONE] calibration__3273__denoise__attack__nes__l0.5 calls=1021 margin 3.87->3.57 t=4.3s
[DONE] calibration__3273__denoise__restore__nes__l0.5 calls=1021 margin 3.87->3.84 t=4.1s
[DONE] calibration__3273__denoise__random_walk__random_walk__l0.5 calls=1024 margin 3.87->3.89 t=6.8s
[DONE] calibration__3273__denoise__confidence_boost__nes__l0.5 calls=1021 margin 3.87->4.22 t=4.3s
[DONE] calibration__3273__denoise__boundary_probe__nes__l0.5 calls=1021 margin 3.87->3.45 t=3.9s
[DONE] calibration__3273__denoise__counterfactual__nes__l0.5 calls=1021 margin 3.87->3.43 t=4.2s
[DONE] calibration__3273__deblur__attack__nes__l1 calls=1021 margin 4.00->3.63 t=4.1s
[DONE] calibration__3273__deblur__restore__nes__l1 calls=1021 margin 4.00->4.01 t=4.0s
[DONE] calibration__3273__deblur__random_walk__random_walk__l1 calls=1024 margin 4.00->3.87 t=6.9s
[DONE] calibration__3273__deblur__confidence_boost__nes__l1 calls=1021 margin 4.00->4.35 t=4.2s
[DONE] calibration__3273__deblur__boundary_probe__nes__l1 calls=1021 margin 4.00->3.61 t=4.0s
[DONE] calibration__3273__deblur__counterfactual__nes__l1 calls=1021 margin 4.00->3.60 t=4.3s
[DONE] calibration__6337__denoise__attack__nes__l0.5 calls=1021 margin 3.76->3.20 t=4.1s
[DONE] calibration__6337__denoise__restore__nes__l0.5 calls=1021 margin 3.76->3.70 t=4.1s
[DONE] calibration__6337__denoise__random_walk__random_walk__l0.5 calls=1024 margin 3.76->3.62 t=7.0s
[DONE] calibration__6337__denoise__confidence_boost__nes__l0.5 calls=1021 margin 3.76->4.28 t=4.1s
[DONE] calibration__6337__denoise__boundary_probe__nes__l0.5 calls=1021 margin 3.76->3.14 t=3.9s
[DONE] calibration__6337__denoise__counterfactual__nes__l0.5 calls=1021 margin 3.76->3.18 t=4.4s
[DONE] calibration__6337__deblur__attack__nes__l1 calls=1021 margin 3.07->2.51 t=4.3s
[DONE] calibration__6337__deblur__restore__nes__l1 calls=1021 margin 3.07->3.22 t=4.1s
[DONE] calibration__6337__deblur__random_walk__random_walk__l1 calls=1024 margin 3.07->2.97 t=6.8s
[DONE] calibration__6337__deblur__confidence_boost__nes__l1 calls=1021 margin 3.07->3.74 t=4.2s
[DONE] calibration__6337__deblur__boundary_probe__nes__l1 calls=1021 margin 3.07->2.53 t=4.0s
[DONE] calibration__6337__deblur__counterfactual__nes__l1 calls=1021 margin 3.07->2.52 t=4.3s
[DONE] calibration__9564__denoise__attack__nes__l0.5 calls=1021 margin 9.56->9.09 t=4.1s
[DONE] calibration__9564__denoise__restore__nes__l0.5 calls=1021 margin 9.56->9.51 t=4.2s
[DONE] calibration__9564__denoise__random_walk__random_walk__l0.5 calls=1024 margin 9.56->9.43 t=7.0s
[DONE] calibration__9564__denoise__confidence_boost__nes__l0.5 calls=1021 margin 9.56->10.01 t=4.2s
[DONE] calibration__9564__denoise__boundary_probe__nes__l0.5 calls=1021 margin 9.56->9.05 t=4.2s
[DONE] calibration__9564__denoise__counterfactual__nes__l0.5 calls=1021 margin 9.56->9.04 t=4.3s
[DONE] calibration__9564__deblur__attack__nes__l1 calls=1021 margin 8.92->8.35 t=3.9s
[DONE] calibration__9564__deblur__restore__nes__l1 calls=1021 margin 8.92->9.11 t=4.1s
[DONE] calibration__9564__deblur__random_walk__random_walk__l1 calls=1024 margin 8.92->8.78 t=7.1s
[DONE] calibration__9564__deblur__confidence_boost__nes__l1 calls=1021 margin 8.92->9.46 t=4.1s
[DONE] calibration__9564__deblur__boundary_probe__nes__l1 calls=1021 margin 8.92->8.26 t=4.0s
[DONE] calibration__9564__deblur__counterfactual__nes__l1 calls=1021 margin 8.92->8.24 t=4.4s
[DONE] evaluation__3601__denoise__attack__nes__l0.5 calls=1021 margin 3.11->2.47 t=4.0s
[DONE] evaluation__3601__denoise__restore__nes__l0.5 calls=1021 margin 3.11->3.08 t=4.1s
[DONE] evaluation__3601__denoise__random_walk__random_walk__l0.5 calls=1024 margin 3.11->2.99 t=7.0s
[DONE] evaluation__3601__denoise__confidence_boost__nes__l0.5 calls=1021 margin 3.11->3.65 t=4.2s
[DONE] evaluation__3601__denoise__boundary_probe__nes__l0.5 calls=1021 margin 3.11->2.40 t=4.2s
[DONE] evaluation__3601__denoise__counterfactual__nes__l0.5 calls=1021 margin 3.11->2.45 t=4.4s
[DONE] evaluation__3601__deblur__attack__nes__l1 calls=1021 margin 3.06->2.57 t=3.9s
[DONE] evaluation__3601__deblur__restore__nes__l1 calls=1021 margin 3.06->3.16 t=4.2s
[DONE] evaluation__3601__deblur__random_walk__random_walk__l1 calls=1024 margin 3.06->3.06 t=6.9s
[DONE] evaluation__3601__deblur__confidence_boost__nes__l1 calls=1021 margin 3.06->3.58 t=4.2s
[DONE] evaluation__3601__deblur__boundary_probe__nes__l1 calls=1021 margin 3.06->2.47 t=4.4s
[DONE] evaluation__3601__deblur__counterfactual__nes__l1 calls=1021 margin 3.06->2.49 t=4.3s
[DONE] evaluation__5392__denoise__attack__nes__l0.5 calls=1021 margin 1.94->1.41 t=3.8s
[DONE] evaluation__5392__denoise__restore__nes__l0.5 calls=1021 margin 1.94->1.94 t=4.1s
[DONE] evaluation__5392__denoise__random_walk__random_walk__l0.5 calls=1024 margin 1.94->2.00 t=7.1s
[DONE] evaluation__5392__denoise__confidence_boost__nes__l0.5 calls=1021 margin 1.94->2.45 t=4.0s
[DONE] evaluation__5392__denoise__boundary_probe__nes__l0.5 calls=1021 margin 1.94->1.40 t=4.4s
[DONE] evaluation__5392__denoise__counterfactual__nes__l0.5 calls=1021 margin 1.94->1.37 t=4.1s
[DONE] evaluation__5392__deblur__attack__nes__l1 calls=1021 margin 2.13->1.54 t=4.1s
[DONE] evaluation__5392__deblur__restore__nes__l1 calls=1021 margin 2.13->2.17 t=4.1s
[DONE] evaluation__5392__deblur__random_walk__random_walk__l1 calls=1024 margin 2.13->2.20 t=7.1s
[DONE] evaluation__5392__deblur__confidence_boost__nes__l1 calls=1021 margin 2.13->2.82 t=4.1s
[DONE] evaluation__5392__deblur__boundary_probe__nes__l1 calls=1021 margin 2.13->1.49 t=4.5s
[DONE] evaluation__5392__deblur__counterfactual__nes__l1 calls=1021 margin 2.13->1.52 t=4.1s
[DONE] evaluation__8447__denoise__attack__nes__l0.5 calls=1021 margin 2.23->1.44 t=3.8s
[DONE] evaluation__8447__denoise__restore__nes__l0.5 calls=1021 margin 2.23->2.16 t=4.1s
[DONE] evaluation__8447__denoise__random_walk__random_walk__l0.5 calls=1024 margin 2.23->2.18 t=7.1s
[DONE] evaluation__8447__denoise__confidence_boost__nes__l0.5 calls=1021 margin 2.23->3.06 t=4.1s
[DONE] evaluation__8447__denoise__boundary_probe__nes__l0.5 calls=1021 margin 2.23->1.43 t=4.5s
[DONE] evaluation__8447__denoise__counterfactual__nes__l0.5 calls=1021 margin 2.23->1.48 t=4.1s
[DONE] evaluation__8447__deblur__attack__nes__l1 calls=1021 margin 1.57->0.87 t=3.9s
[DONE] evaluation__8447__deblur__restore__nes__l1 calls=1021 margin 1.57->1.64 t=4.1s
[DONE] evaluation__8447__deblur__random_walk__random_walk__l1 calls=1024 margin 1.57->1.48 t=7.0s
[DONE] evaluation__8447__deblur__confidence_boost__nes__l1 calls=1021 margin 1.57->2.18 t=4.2s
[DONE] evaluation__8447__deblur__boundary_probe__nes__l1 calls=1021 margin 1.57->0.87 t=4.5s
[DONE] evaluation__8447__deblur__counterfactual__nes__l1 calls=1021 margin 1.57->0.92 t=3.8s
[DONE] evaluation__1371__denoise__attack__nes__l0.5 calls=1021 margin 7.62->7.10 t=3.9s
[DONE] evaluation__1371__denoise__restore__nes__l0.5 calls=1021 margin 7.62->7.68 t=4.1s
[DONE] evaluation__1371__denoise__random_walk__random_walk__l0.5 calls=1024 margin 7.62->7.63 t=7.0s
[DONE] evaluation__1371__denoise__confidence_boost__nes__l0.5 calls=1021 margin 7.62->8.05 t=3.8s
[DONE] evaluation__1371__denoise__boundary_probe__nes__l0.5 calls=1021 margin 7.62->7.10 t=4.5s
[DONE] evaluation__1371__denoise__counterfactual__nes__l0.5 calls=1021 margin 7.62->7.11 t=4.0s
[DONE] evaluation__1371__deblur__attack__nes__l1 calls=1021 margin 7.36->6.77 t=4.0s
[DONE] evaluation__1371__deblur__restore__nes__l1 calls=1021 margin 7.36->7.50 t=4.0s
[DONE] evaluation__1371__deblur__random_walk__random_walk__l1 calls=1024 margin 7.36->7.38 t=6.8s
[DONE] evaluation__1371__deblur__confidence_boost__nes__l1 calls=1021 margin 7.36->7.83 t=4.1s
[DONE] evaluation__1371__deblur__boundary_probe__nes__l1 calls=1021 margin 7.36->6.76 t=4.5s
[DONE] evaluation__1371__deblur__counterfactual__nes__l1 calls=1021 margin 7.36->6.73 t=4.2s
[DONE] evaluation__3544__denoise__attack__nes__l0.5 calls=1021 margin 4.92->4.49 t=3.9s
[DONE] evaluation__3544__denoise__restore__nes__l0.5 calls=1021 margin 4.92->4.90 t=4.1s
[DONE] evaluation__3544__denoise__random_walk__random_walk__l0.5 calls=1024 margin 4.92->4.89 t=6.9s
[DONE] evaluation__3544__denoise__confidence_boost__nes__l0.5 calls=1021 margin 4.92->5.28 t=4.2s
[DONE] evaluation__3544__denoise__boundary_probe__nes__l0.5 calls=1021 margin 4.92->4.51 t=4.3s
[DONE] evaluation__3544__denoise__counterfactual__nes__l0.5 calls=1021 margin 4.92->4.51 t=4.0s
[DONE] evaluation__3544__deblur__attack__nes__l1 calls=1021 margin 4.63->4.16 t=3.9s
[DONE] evaluation__3544__deblur__restore__nes__l1 calls=1021 margin 4.63->4.64 t=4.1s
[DONE] evaluation__3544__deblur__random_walk__random_walk__l1 calls=1024 margin 4.63->4.60 t=7.0s
[DONE] evaluation__3544__deblur__confidence_boost__nes__l1 calls=1021 margin 4.63->5.01 t=4.2s
[DONE] evaluation__3544__deblur__boundary_probe__nes__l1 calls=1021 margin 4.63->4.17 t=4.5s
[DONE] evaluation__3544__deblur__counterfactual__nes__l1 calls=1021 margin 4.63->4.16 t=4.1s
[DONE] evaluation__6817__denoise__attack__nes__l0.5 calls=1021 margin 6.10->5.69 t=3.8s
[DONE] evaluation__6817__denoise__restore__nes__l0.5 calls=1021 margin 6.10->6.08 t=4.1s
[DONE] evaluation__6817__denoise__random_walk__random_walk__l0.5 calls=1024 margin 6.10->6.00 t=6.7s
[DONE] evaluation__6817__denoise__confidence_boost__nes__l0.5 calls=1021 margin 6.10->6.49 t=4.2s
[DONE] evaluation__6817__denoise__boundary_probe__nes__l0.5 calls=1021 margin 6.10->5.65 t=4.5s
[DONE] evaluation__6817__denoise__counterfactual__nes__l0.5 calls=1021 margin 6.10->5.61 t=4.0s
[DONE] evaluation__6817__deblur__attack__nes__l1 calls=1021 margin 5.43->4.91 t=4.1s
[DONE] evaluation__6817__deblur__restore__nes__l1 calls=1021 margin 5.43->5.62 t=4.1s
[DONE] evaluation__6817__deblur__random_walk__random_walk__l1 calls=1024 margin 5.43->5.40 t=7.0s
[DONE] evaluation__6817__deblur__confidence_boost__nes__l1 calls=1021 margin 5.43->5.86 t=4.2s
[DONE] evaluation__6817__deblur__boundary_probe__nes__l1 calls=1021 margin 5.43->4.86 t=4.5s
[DONE] evaluation__6817__deblur__counterfactual__nes__l1 calls=1021 margin 5.43->4.87 t=4.1s
[DONE] evaluation__35__denoise__attack__nes__l0.5 calls=1021 margin 1.88->0.99 t=4.0s
[DONE] evaluation__35__denoise__restore__nes__l0.5 calls=1021 margin 1.88->1.94 t=4.3s
[DONE] evaluation__35__denoise__random_walk__random_walk__l0.5 calls=1024 margin 1.88->2.00 t=6.9s
[DONE] evaluation__35__denoise__confidence_boost__nes__l0.5 calls=1021 margin 1.88->2.71 t=4.4s
[DONE] evaluation__35__denoise__boundary_probe__nes__l0.5 calls=1021 margin 1.88->0.98 t=4.4s
[DONE] evaluation__35__denoise__counterfactual__nes__l0.5 calls=1021 margin 1.88->1.01 t=3.9s
[DONE] evaluation__35__deblur__attack__nes__l1 calls=1021 margin 1.80->0.84 t=3.9s
[DONE] evaluation__35__deblur__restore__nes__l1 calls=1021 margin 1.80->1.99 t=4.0s
[DONE] evaluation__35__deblur__random_walk__random_walk__l1 calls=1024 margin 1.80->1.81 t=7.0s
[DONE] evaluation__35__deblur__confidence_boost__nes__l1 calls=1021 margin 1.80->2.67 t=4.3s
[DONE] evaluation__35__deblur__boundary_probe__nes__l1 calls=1021 margin 1.80->0.82 t=4.4s
[DONE] evaluation__35__deblur__counterfactual__nes__l1 calls=1021 margin 1.80->0.77 t=4.0s
[DONE] evaluation__3791__denoise__attack__nes__l0.5 calls=1021 margin 2.81->2.14 t=3.9s
[DONE] evaluation__3791__denoise__restore__nes__l0.5 calls=1021 margin 2.81->2.90 t=4.3s
[DONE] evaluation__3791__denoise__random_walk__random_walk__l0.5 calls=1024 margin 2.81->2.84 t=7.1s
[DONE] evaluation__3791__denoise__confidence_boost__nes__l0.5 calls=1021 margin 2.81->3.46 t=4.3s
[DONE] evaluation__3791__denoise__boundary_probe__nes__l0.5 calls=1021 margin 2.81->2.11 t=4.3s
[DONE] evaluation__3791__denoise__counterfactual__nes__l0.5 calls=1021 margin 2.81->2.13 t=3.9s
[DONE] evaluation__3791__deblur__attack__nes__l1 calls=1021 margin 3.20->2.43 t=3.9s
[DONE] evaluation__3791__deblur__restore__nes__l1 calls=1021 margin 3.20->3.27 t=4.1s
[DONE] evaluation__3791__deblur__random_walk__random_walk__l1 calls=1024 margin 3.20->3.14 t=6.7s
[DONE] evaluation__3791__deblur__confidence_boost__nes__l1 calls=1021 margin 3.20->3.92 t=4.2s
[DONE] evaluation__3791__deblur__boundary_probe__nes__l1 calls=1021 margin 3.20->2.45 t=4.4s
[DONE] evaluation__3791__deblur__counterfactual__nes__l1 calls=1021 margin 3.20->2.45 t=3.8s
[DONE] evaluation__6519__denoise__attack__nes__l0.5 calls=1021 margin 0.07->-0.11 t=3.8s
[DONE] evaluation__6519__denoise__restore__nes__l0.5 calls=1021 margin 0.07->0.09 t=4.1s
[DONE] evaluation__6519__denoise__random_walk__random_walk__l0.5 calls=1024 margin 0.07->0.06 t=6.8s
[DONE] evaluation__6519__denoise__confidence_boost__nes__l0.5 calls=1021 margin 0.07->0.29 t=4.5s
[DONE] evaluation__6519__denoise__boundary_probe__nes__l0.5 calls=1021 margin 0.07->0.00 t=4.4s
[DONE] evaluation__6519__denoise__counterfactual__nes__l0.5 calls=1021 margin 0.07->-0.04 t=4.0s
[DONE] evaluation__6519__deblur__attack__nes__l1 calls=1021 margin 0.35->0.15 t=3.8s
[DONE] evaluation__6519__deblur__restore__nes__l1 calls=1021 margin 0.35->0.35 t=4.0s
[DONE] evaluation__6519__deblur__random_walk__random_walk__l1 calls=1024 margin 0.35->0.32 t=7.0s
[DONE] evaluation__6519__deblur__confidence_boost__nes__l1 calls=1021 margin 0.35->0.55 t=4.6s
[DONE] evaluation__6519__deblur__boundary_probe__nes__l1 calls=1021 margin 0.35->0.14 t=4.3s
[DONE] evaluation__6519__deblur__counterfactual__nes__l1 calls=1021 margin 0.35->0.15 t=4.0s
[DONE] evaluation__9077__denoise__attack__nes__l0.5 calls=1021 margin 1.18->0.73 t=3.9s
[DONE] evaluation__9077__denoise__restore__nes__l0.5 calls=1021 margin 1.18->1.23 t=4.2s
[DONE] evaluation__9077__denoise__random_walk__random_walk__l0.5 calls=1024 margin 1.18->1.11 t=6.8s
[DONE] evaluation__9077__denoise__confidence_boost__nes__l0.5 calls=1021 margin 1.18->1.72 t=4.5s
[DONE] evaluation__9077__denoise__boundary_probe__nes__l0.5 calls=1021 margin 1.18->0.72 t=4.4s
[DONE] evaluation__9077__denoise__counterfactual__nes__l0.5 calls=1021 margin 1.18->0.68 t=4.1s
[DONE] evaluation__9077__deblur__attack__nes__l1 calls=1021 margin 1.51->1.04 t=3.8s
[DONE] evaluation__9077__deblur__restore__nes__l1 calls=1021 margin 1.51->1.67 t=4.1s
[DONE] evaluation__9077__deblur__random_walk__random_walk__l1 calls=1024 margin 1.51->1.45 t=7.0s
[DONE] evaluation__9077__deblur__confidence_boost__nes__l1 calls=1021 margin 1.51->1.99 t=4.4s
[DONE] evaluation__9077__deblur__boundary_probe__nes__l1 calls=1021 margin 1.51->1.06 t=4.4s
[DONE] evaluation__9077__deblur__counterfactual__nes__l1 calls=1021 margin 1.51->1.00 t=3.9s
[DONE] evaluation__3038__denoise__attack__nes__l0.5 calls=1021 margin 0.77->0.18 t=3.9s
[DONE] evaluation__3038__denoise__restore__nes__l0.5 calls=1021 margin 0.77->0.82 t=4.0s
[DONE] evaluation__3038__denoise__random_walk__random_walk__l0.5 calls=1024 margin 0.77->0.62 t=7.2s
[DONE] evaluation__3038__denoise__confidence_boost__nes__l0.5 calls=1021 margin 0.77->1.38 t=4.5s
[DONE] evaluation__3038__denoise__boundary_probe__nes__l0.5 calls=1021 margin 0.77->0.16 t=4.4s
[DONE] evaluation__3038__denoise__counterfactual__nes__l0.5 calls=1021 margin 0.77->0.17 t=4.2s
[DONE] evaluation__3038__deblur__attack__nes__l1 calls=1021 margin 2.09->1.81 t=3.9s
[DONE] evaluation__3038__deblur__restore__nes__l1 calls=1021 margin 2.09->2.14 t=4.2s
[DONE] evaluation__3038__deblur__random_walk__random_walk__l1 calls=1024 margin 2.09->2.00 t=7.1s
[DONE] evaluation__3038__deblur__confidence_boost__nes__l1 calls=1021 margin 2.09->2.32 t=4.3s
[DONE] evaluation__3038__deblur__boundary_probe__nes__l1 calls=1021 margin 2.09->1.76 t=4.4s
[DONE] evaluation__3038__deblur__counterfactual__nes__l1 calls=1021 margin 2.09->1.81 t=4.1s
[DONE] evaluation__6138__denoise__attack__nes__l0.5 calls=1021 margin 1.24->0.63 t=3.7s
[DONE] evaluation__6138__denoise__restore__nes__l0.5 calls=1021 margin 1.24->1.21 t=4.1s
[DONE] evaluation__6138__denoise__random_walk__random_walk__l0.5 calls=1024 margin 1.24->1.17 t=7.2s
[DONE] evaluation__6138__denoise__confidence_boost__nes__l0.5 calls=1021 margin 1.24->1.60 t=4.3s
[DONE] evaluation__6138__denoise__boundary_probe__nes__l0.5 calls=1021 margin 1.24->0.59 t=4.3s
[DONE] evaluation__6138__denoise__counterfactual__nes__l0.5 calls=1021 margin 1.24->0.63 t=3.9s
[DONE] evaluation__6138__deblur__attack__nes__l1 calls=1021 margin 1.41->0.93 t=3.9s
[DONE] evaluation__6138__deblur__restore__nes__l1 calls=1021 margin 1.41->1.52 t=4.0s
[DONE] evaluation__6138__deblur__random_walk__random_walk__l1 calls=1024 margin 1.41->1.39 t=7.3s
[DONE] evaluation__6138__deblur__confidence_boost__nes__l1 calls=1021 margin 1.41->1.82 t=4.1s
[DONE] evaluation__6138__deblur__boundary_probe__nes__l1 calls=1021 margin 1.41->0.89 t=4.0s
[DONE] evaluation__6138__deblur__counterfactual__nes__l1 calls=1021 margin 1.41->0.89 t=4.2s
[DONE] evaluation__8203__denoise__attack__nes__l0.5 calls=1021 margin 3.47->3.11 t=4.0s
[DONE] evaluation__8203__denoise__restore__nes__l0.5 calls=1021 margin 3.47->3.52 t=3.9s
[DONE] evaluation__8203__denoise__random_walk__random_walk__l0.5 calls=1024 margin 3.47->3.40 t=7.3s
[DONE] evaluation__8203__denoise__confidence_boost__nes__l0.5 calls=1021 margin 3.47->3.81 t=4.1s
[DONE] evaluation__8203__denoise__boundary_probe__nes__l0.5 calls=1021 margin 3.47->3.13 t=4.1s
[DONE] evaluation__8203__denoise__counterfactual__nes__l0.5 calls=1021 margin 3.47->3.12 t=3.9s
[DONE] evaluation__8203__deblur__attack__nes__l1 calls=1021 margin 3.78->3.37 t=4.0s
[DONE] evaluation__8203__deblur__restore__nes__l1 calls=1021 margin 3.78->3.87 t=4.0s
[DONE] evaluation__8203__deblur__random_walk__random_walk__l1 calls=1024 margin 3.78->3.64 t=7.2s
[DONE] evaluation__8203__deblur__confidence_boost__nes__l1 calls=1021 margin 3.78->4.22 t=4.2s
[DONE] evaluation__8203__deblur__boundary_probe__nes__l1 calls=1021 margin 3.78->3.38 t=4.2s
[DONE] evaluation__8203__deblur__counterfactual__nes__l1 calls=1021 margin 3.78->3.37 t=4.2s
[DONE] evaluation__1401__denoise__attack__nes__l0.5 calls=1021 margin 0.50->-0.07 t=3.9s
[DONE] evaluation__1401__denoise__restore__nes__l0.5 calls=1021 margin 0.50->0.53 t=3.9s
[DONE] evaluation__1401__denoise__random_walk__random_walk__l0.5 calls=1024 margin 0.50->0.48 t=7.3s
[DONE] evaluation__1401__denoise__confidence_boost__nes__l0.5 calls=1021 margin 0.50->1.00 t=4.2s
[DONE] evaluation__1401__denoise__boundary_probe__nes__l0.5 calls=1021 margin 0.50->0.00 t=4.2s
[DONE] evaluation__1401__denoise__counterfactual__nes__l0.5 calls=1021 margin 0.50->-0.03 t=4.2s
[DONE] evaluation__1401__deblur__attack__nes__l1 calls=1021 margin 2.14->1.37 t=4.0s
[DONE] evaluation__1401__deblur__restore__nes__l1 calls=1021 margin 2.14->2.07 t=4.0s
[DONE] evaluation__1401__deblur__random_walk__random_walk__l1 calls=1024 margin 2.14->2.13 t=7.3s
[DONE] evaluation__1401__deblur__confidence_boost__nes__l1 calls=1021 margin 2.14->2.86 t=4.3s
[DONE] evaluation__1401__deblur__boundary_probe__nes__l1 calls=1021 margin 2.14->1.34 t=4.4s
[DONE] evaluation__1401__deblur__counterfactual__nes__l1 calls=1021 margin 2.14->1.27 t=4.2s
[DONE] evaluation__4608__denoise__attack__nes__l0.5 calls=1021 margin 0.85->0.57 t=3.9s
[DONE] evaluation__4608__denoise__restore__nes__l0.5 calls=1021 margin 0.85->0.82 t=4.0s
[DONE] evaluation__4608__denoise__random_walk__random_walk__l0.5 calls=1024 margin 0.85->0.88 t=7.3s
[DONE] evaluation__4608__denoise__confidence_boost__nes__l0.5 calls=1021 margin 0.85->1.16 t=4.1s
[DONE] evaluation__4608__denoise__boundary_probe__nes__l0.5 calls=1021 margin 0.85->0.57 t=4.4s
[DONE] evaluation__4608__denoise__counterfactual__nes__l0.5 calls=1021 margin 0.85->0.56 t=4.1s
[DONE] evaluation__4608__deblur__attack__nes__l1 calls=1021 margin 0.05->-0.18 t=3.8s
[DONE] evaluation__4608__deblur__restore__nes__l1 calls=1021 margin 0.05->0.05 t=4.0s
[DONE] evaluation__4608__deblur__random_walk__random_walk__l1 calls=1024 margin 0.05->0.06 t=7.3s
[DONE] evaluation__4608__deblur__confidence_boost__nes__l1 calls=1021 margin 0.05->0.32 t=4.1s
[DONE] evaluation__4608__deblur__boundary_probe__nes__l1 calls=1021 margin 0.05->0.00 t=4.3s
[DONE] evaluation__4608__deblur__counterfactual__nes__l1 calls=1021 margin 0.05->-0.17 t=3.9s
[DONE] evaluation__7326__denoise__attack__nes__l0.5 calls=1021 margin 1.78->1.12 t=4.0s
[DONE] evaluation__7326__denoise__restore__nes__l0.5 calls=1021 margin 1.78->1.77 t=4.1s
[DONE] evaluation__7326__denoise__random_walk__random_walk__l0.5 calls=1024 margin 1.78->1.70 t=7.1s
[DONE] evaluation__7326__denoise__confidence_boost__nes__l0.5 calls=1021 margin 1.78->2.39 t=4.2s
[DONE] evaluation__7326__denoise__boundary_probe__nes__l0.5 calls=1021 margin 1.78->1.15 t=4.4s
[DONE] evaluation__7326__denoise__counterfactual__nes__l0.5 calls=1021 margin 1.78->1.14 t=4.1s
[DONE] evaluation__7326__deblur__attack__nes__l1 calls=1021 margin 1.97->1.39 t=3.8s
[DONE] evaluation__7326__deblur__restore__nes__l1 calls=1021 margin 1.97->2.08 t=4.0s
[DONE] evaluation__7326__deblur__random_walk__random_walk__l1 calls=1024 margin 1.97->1.94 t=7.1s
[DONE] evaluation__7326__deblur__confidence_boost__nes__l1 calls=1021 margin 1.97->2.40 t=4.3s
[DONE] evaluation__7326__deblur__boundary_probe__nes__l1 calls=1021 margin 1.97->1.41 t=4.4s
[DONE] evaluation__7326__deblur__counterfactual__nes__l1 calls=1021 margin 1.97->1.32 t=4.0s
[DONE] evaluation__33__denoise__attack__nes__l0.5 calls=1021 margin 0.18->0.09 t=3.9s
[DONE] evaluation__33__denoise__restore__nes__l0.5 calls=1021 margin 0.18->0.17 t=4.2s
[DONE] evaluation__33__denoise__random_walk__random_walk__l0.5 calls=1024 margin 0.18->0.16 t=7.2s
[DONE] evaluation__33__denoise__confidence_boost__nes__l0.5 calls=1021 margin 0.18->0.27 t=4.3s
[DONE] evaluation__33__denoise__boundary_probe__nes__l0.5 calls=1021 margin 0.18->0.08 t=4.4s
[DONE] evaluation__33__denoise__counterfactual__nes__l0.5 calls=1021 margin 0.18->0.11 t=4.1s
[DONE] evaluation__33__deblur__attack__nes__l1 calls=1021 margin 0.10->0.02 t=3.6s
[DONE] evaluation__33__deblur__restore__nes__l1 calls=1021 margin 0.10->0.10 t=4.1s
[DONE] evaluation__33__deblur__random_walk__random_walk__l1 calls=1024 margin 0.10->0.11 t=7.1s
[DONE] evaluation__33__deblur__confidence_boost__nes__l1 calls=1021 margin 0.10->0.18 t=4.3s
[DONE] evaluation__33__deblur__boundary_probe__nes__l1 calls=1021 margin 0.10->0.01 t=4.4s
[DONE] evaluation__33__deblur__counterfactual__nes__l1 calls=1021 margin 0.10->0.03 t=4.0s
[DONE] evaluation__1773__denoise__attack__nes__l0.5 calls=1021 margin 0.60->0.44 t=3.8s
[DONE] evaluation__1773__denoise__restore__nes__l0.5 calls=1021 margin 0.60->0.60 t=4.1s
[DONE] evaluation__1773__denoise__random_walk__random_walk__l0.5 calls=1024 margin 0.60->0.59 t=7.0s
[DONE] evaluation__1773__denoise__confidence_boost__nes__l0.5 calls=1021 margin 0.60->0.75 t=4.2s
[DONE] evaluation__1773__denoise__boundary_probe__nes__l0.5 calls=1021 margin 0.60->0.43 t=4.4s
[DONE] evaluation__1773__denoise__counterfactual__nes__l0.5 calls=1021 margin 0.60->0.44 t=3.9s
[DONE] evaluation__1773__deblur__attack__nes__l1 calls=1021 margin 0.58->0.45 t=4.0s
[DONE] evaluation__1773__deblur__restore__nes__l1 calls=1021 margin 0.58->0.61 t=4.3s
[DONE] evaluation__1773__deblur__random_walk__random_walk__l1 calls=1024 margin 0.58->0.57 t=7.2s
[DONE] evaluation__1773__deblur__confidence_boost__nes__l1 calls=1021 margin 0.58->0.71 t=4.4s
[DONE] evaluation__1773__deblur__boundary_probe__nes__l1 calls=1021 margin 0.58->0.44 t=4.3s
[DONE] evaluation__1773__deblur__counterfactual__nes__l1 calls=1021 margin 0.58->0.46 t=4.2s
[DONE] evaluation__4797__denoise__attack__nes__l0.5 calls=1021 margin 3.65->2.92 t=3.9s
[DONE] evaluation__4797__denoise__restore__nes__l0.5 calls=1021 margin 3.65->3.74 t=4.0s
[DONE] evaluation__4797__denoise__random_walk__random_walk__l0.5 calls=1024 margin 3.65->3.48 t=7.3s
[DONE] evaluation__4797__denoise__confidence_boost__nes__l0.5 calls=1021 margin 3.65->4.33 t=4.5s
[DONE] evaluation__4797__denoise__boundary_probe__nes__l0.5 calls=1021 margin 3.65->2.95 t=4.4s
[DONE] evaluation__4797__denoise__counterfactual__nes__l0.5 calls=1021 margin 3.65->3.00 t=4.0s
[DONE] evaluation__4797__deblur__attack__nes__l1 calls=1021 margin 3.09->2.26 t=3.8s
[DONE] evaluation__4797__deblur__restore__nes__l1 calls=1021 margin 3.09->3.17 t=4.1s
[DONE] evaluation__4797__deblur__random_walk__random_walk__l1 calls=1024 margin 3.09->3.01 t=7.3s
[DONE] evaluation__4797__deblur__confidence_boost__nes__l1 calls=1021 margin 3.09->3.86 t=4.5s
[DONE] evaluation__4797__deblur__boundary_probe__nes__l1 calls=1021 margin 3.09->2.26 t=4.3s
[DONE] evaluation__4797__deblur__counterfactual__nes__l1 calls=1021 margin 3.09->2.24 t=4.1s
[DONE] evaluation__7429__denoise__attack__nes__l0.5 calls=1021 margin 0.31->-0.26 t=3.9s
[DONE] evaluation__7429__denoise__restore__nes__l0.5 calls=1021 margin 0.31->0.30 t=4.0s
[DONE] evaluation__7429__denoise__random_walk__random_walk__l0.5 calls=1024 margin 0.31->-0.07 t=7.3s
[DONE] evaluation__7429__denoise__confidence_boost__nes__l0.5 calls=1021 margin 0.31->0.83 t=4.4s
[DONE] evaluation__7429__denoise__boundary_probe__nes__l0.5 calls=1021 margin 0.31->0.00 t=4.2s
[DONE] evaluation__7429__denoise__counterfactual__nes__l0.5 calls=1021 margin 0.31->-0.33 t=3.9s
[DONE] evaluation__7429__deblur__attack__nes__l1 calls=1021 margin 0.10->-0.16 t=3.7s
[DONE] evaluation__7429__deblur__restore__nes__l1 calls=1021 margin 0.10->0.20 t=4.0s
[DONE] evaluation__7429__deblur__random_walk__random_walk__l1 calls=1024 margin 0.10->-0.03 t=7.5s
[DONE] evaluation__7429__deblur__confidence_boost__nes__l1 calls=1021 margin 0.10->0.46 t=4.4s
[DONE] evaluation__7429__deblur__boundary_probe__nes__l1 calls=1021 margin 0.10->0.00 t=4.2s
[DONE] evaluation__7429__deblur__counterfactual__nes__l1 calls=1021 margin 0.10->0.11 t=3.9s
[DONE] evaluation__3047__denoise__attack__nes__l0.5 calls=1021 margin 4.98->4.40 t=3.9s
[DONE] evaluation__3047__denoise__restore__nes__l0.5 calls=1021 margin 4.98->4.83 t=4.2s
[DONE] evaluation__3047__denoise__random_walk__random_walk__l0.5 calls=1024 margin 4.98->4.93 t=7.4s
[DONE] evaluation__3047__denoise__confidence_boost__nes__l0.5 calls=1021 margin 4.98->5.50 t=4.4s
[DONE] evaluation__3047__denoise__boundary_probe__nes__l0.5 calls=1021 margin 4.98->4.39 t=4.1s
[DONE] evaluation__3047__denoise__counterfactual__nes__l0.5 calls=1021 margin 4.98->4.37 t=4.0s
[DONE] evaluation__3047__deblur__attack__nes__l1 calls=1021 margin 2.77->2.30 t=4.1s
[DONE] evaluation__3047__deblur__restore__nes__l1 calls=1021 margin 2.77->2.86 t=4.3s
[DONE] evaluation__3047__deblur__random_walk__random_walk__l1 calls=1024 margin 2.77->2.90 t=7.4s
[DONE] evaluation__3047__deblur__confidence_boost__nes__l1 calls=1021 margin 2.77->3.36 t=4.4s
[DONE] evaluation__3047__deblur__boundary_probe__nes__l1 calls=1021 margin 2.77->2.27 t=4.1s
[DONE] evaluation__3047__deblur__counterfactual__nes__l1 calls=1021 margin 2.77->2.29 t=4.2s
[DONE] evaluation__5149__denoise__attack__nes__l0.5 calls=1021 margin 6.32->5.78 t=4.0s
[DONE] evaluation__5149__denoise__restore__nes__l0.5 calls=1021 margin 6.32->6.20 t=4.2s
[DONE] evaluation__5149__denoise__random_walk__random_walk__l0.5 calls=1024 margin 6.32->6.33 t=7.4s
[DONE] evaluation__5149__denoise__confidence_boost__nes__l0.5 calls=1021 margin 6.32->6.83 t=4.2s
[DONE] evaluation__5149__denoise__boundary_probe__nes__l0.5 calls=1021 margin 6.32->5.81 t=4.0s
[DONE] evaluation__5149__denoise__counterfactual__nes__l0.5 calls=1021 margin 6.32->5.79 t=4.0s
[DONE] evaluation__5149__deblur__attack__nes__l1 calls=1021 margin 4.85->4.26 t=3.9s
[DONE] evaluation__5149__deblur__restore__nes__l1 calls=1021 margin 4.85->4.99 t=4.3s
[DONE] evaluation__5149__deblur__random_walk__random_walk__l1 calls=1024 margin 4.85->4.88 t=7.5s
[DONE] evaluation__5149__deblur__confidence_boost__nes__l1 calls=1021 margin 4.85->5.53 t=4.3s
[DONE] evaluation__5149__deblur__boundary_probe__nes__l1 calls=1021 margin 4.85->4.18 t=4.2s
[DONE] evaluation__5149__deblur__counterfactual__nes__l1 calls=1021 margin 4.85->4.19 t=3.9s
[DONE] evaluation__8408__denoise__attack__nes__l0.5 calls=1021 margin 1.06->0.81 t=3.7s
[DONE] evaluation__8408__denoise__restore__nes__l0.5 calls=1021 margin 1.06->1.05 t=4.3s
[DONE] evaluation__8408__denoise__random_walk__random_walk__l0.5 calls=1024 margin 1.06->1.06 t=7.2s
[DONE] evaluation__8408__denoise__confidence_boost__nes__l0.5 calls=1021 margin 1.06->1.34 t=4.2s
[DONE] evaluation__8408__denoise__boundary_probe__nes__l0.5 calls=1021 margin 1.06->0.80 t=4.2s
[DONE] evaluation__8408__denoise__counterfactual__nes__l0.5 calls=1021 margin 1.06->0.83 t=4.0s
[DONE] evaluation__8408__deblur__attack__nes__l1 calls=1021 margin 0.89->0.60 t=3.9s
[DONE] evaluation__8408__deblur__restore__nes__l1 calls=1021 margin 0.89->0.89 t=4.2s
[DONE] evaluation__8408__deblur__random_walk__random_walk__l1 calls=1024 margin 0.89->0.91 t=7.4s
[DONE] evaluation__8408__deblur__confidence_boost__nes__l1 calls=1021 margin 0.89->1.20 t=4.1s
[DONE] evaluation__8408__deblur__boundary_probe__nes__l1 calls=1021 margin 0.89->0.55 t=4.2s
[DONE] evaluation__8408__deblur__counterfactual__nes__l1 calls=1021 margin 0.89->0.59 t=4.0s
[DONE] evaluation__1816__denoise__attack__nes__l0.5 calls=1021 margin 4.79->4.49 t=4.0s
[DONE] evaluation__1816__denoise__restore__nes__l0.5 calls=1021 margin 4.79->4.74 t=4.1s
[DONE] evaluation__1816__denoise__random_walk__random_walk__l0.5 calls=1024 margin 4.79->4.74 t=7.1s
[DONE] evaluation__1816__denoise__confidence_boost__nes__l0.5 calls=1021 margin 4.79->5.12 t=4.3s
[DONE] evaluation__1816__denoise__boundary_probe__nes__l0.5 calls=1021 margin 4.79->4.40 t=4.2s
[DONE] evaluation__1816__denoise__counterfactual__nes__l0.5 calls=1021 margin 4.79->4.42 t=4.2s
[DONE] evaluation__1816__deblur__attack__nes__l1 calls=1021 margin 3.60->2.88 t=3.9s
[DONE] evaluation__1816__deblur__restore__nes__l1 calls=1021 margin 3.60->3.73 t=4.0s
[DONE] evaluation__1816__deblur__random_walk__random_walk__l1 calls=1024 margin 3.60->3.79 t=7.0s
[DONE] evaluation__1816__deblur__confidence_boost__nes__l1 calls=1021 margin 3.60->4.41 t=4.3s
[DONE] evaluation__1816__deblur__boundary_probe__nes__l1 calls=1021 margin 3.60->2.88 t=4.2s
[DONE] evaluation__1816__deblur__counterfactual__nes__l1 calls=1021 margin 3.60->2.90 t=4.2s
[DONE] evaluation__4332__denoise__attack__nes__l0.5 calls=1021 margin 2.57->2.02 t=4.0s
[DONE] evaluation__4332__denoise__restore__nes__l0.5 calls=1021 margin 2.57->2.61 t=4.2s
[DONE] evaluation__4332__denoise__random_walk__random_walk__l0.5 calls=1024 margin 2.57->2.63 t=7.1s
[DONE] evaluation__4332__denoise__confidence_boost__nes__l0.5 calls=1021 margin 2.57->3.17 t=4.3s
[DONE] evaluation__4332__denoise__boundary_probe__nes__l0.5 calls=1021 margin 2.57->2.02 t=4.2s
[DONE] evaluation__4332__denoise__counterfactual__nes__l0.5 calls=1021 margin 2.57->2.04 t=4.1s
[DONE] evaluation__4332__deblur__attack__nes__l1 calls=1021 margin 2.13->1.57 t=4.0s
[DONE] evaluation__4332__deblur__restore__nes__l1 calls=1021 margin 2.13->2.25 t=4.0s
[DONE] evaluation__4332__deblur__random_walk__random_walk__l1 calls=1024 margin 2.13->2.03 t=7.0s
[DONE] evaluation__4332__deblur__confidence_boost__nes__l1 calls=1021 margin 2.13->2.77 t=4.4s
[DONE] evaluation__4332__deblur__boundary_probe__nes__l1 calls=1021 margin 2.13->1.58 t=4.1s
[DONE] evaluation__4332__deblur__counterfactual__nes__l1 calls=1021 margin 2.13->1.60 t=4.1s
[DONE] evaluation__8221__denoise__attack__nes__l0.5 calls=1021 margin 7.20->6.91 t=3.9s
[DONE] evaluation__8221__denoise__restore__nes__l0.5 calls=1021 margin 7.20->7.18 t=4.2s
[DONE] evaluation__8221__denoise__random_walk__random_walk__l0.5 calls=1024 margin 7.20->7.16 t=7.1s
[DONE] evaluation__8221__denoise__confidence_boost__nes__l0.5 calls=1021 margin 7.20->7.49 t=4.3s
[DONE] evaluation__8221__denoise__boundary_probe__nes__l0.5 calls=1021 margin 7.20->6.92 t=4.1s
[DONE] evaluation__8221__denoise__counterfactual__nes__l0.5 calls=1021 margin 7.20->6.93 t=4.2s
[DONE] evaluation__8221__deblur__attack__nes__l1 calls=1021 margin 6.36->6.06 t=3.8s
[DONE] evaluation__8221__deblur__restore__nes__l1 calls=1021 margin 6.36->6.40 t=4.0s
[DONE] evaluation__8221__deblur__random_walk__random_walk__l1 calls=1024 margin 6.36->6.41 t=6.9s
[DONE] evaluation__8221__deblur__confidence_boost__nes__l1 calls=1021 margin 6.36->6.66 t=4.3s
[DONE] evaluation__8221__deblur__boundary_probe__nes__l1 calls=1021 margin 6.36->6.06 t=4.3s
[DONE] evaluation__8221__deblur__counterfactual__nes__l1 calls=1021 margin 6.36->6.06 t=4.1s
[DONE] evaluation__806__denoise__attack__nes__l0.5 calls=1021 margin 0.54->0.15 t=3.9s
[DONE] evaluation__806__denoise__restore__nes__l0.5 calls=1021 margin 0.54->0.55 t=4.1s
[DONE] evaluation__806__denoise__random_walk__random_walk__l0.5 calls=1024 margin 0.54->0.41 t=7.3s
[DONE] evaluation__806__denoise__confidence_boost__nes__l0.5 calls=1021 margin 0.54->0.90 t=4.4s
[DONE] evaluation__806__denoise__boundary_probe__nes__l0.5 calls=1021 margin 0.54->0.15 t=4.1s
[DONE] evaluation__806__denoise__counterfactual__nes__l0.5 calls=1021 margin 0.54->0.16 t=4.1s
[DONE] evaluation__806__deblur__attack__nes__l1 calls=1021 margin 0.82->0.51 t=3.9s
[DONE] evaluation__806__deblur__restore__nes__l1 calls=1021 margin 0.82->0.81 t=4.1s
[DONE] evaluation__806__deblur__random_walk__random_walk__l1 calls=1024 margin 0.82->0.77 t=7.1s
[DONE] evaluation__806__deblur__confidence_boost__nes__l1 calls=1021 margin 0.82->1.07 t=4.3s
[DONE] evaluation__806__deblur__boundary_probe__nes__l1 calls=1021 margin 0.82->0.51 t=4.1s
[DONE] evaluation__806__deblur__counterfactual__nes__l1 calls=1021 margin 0.82->0.50 t=3.9s
[DONE] evaluation__3854__denoise__attack__nes__l0.5 calls=1021 margin 2.42->1.71 t=3.9s
[DONE] evaluation__3854__denoise__restore__nes__l0.5 calls=1021 margin 2.42->2.41 t=4.0s
[DONE] evaluation__3854__denoise__random_walk__random_walk__l0.5 calls=1024 margin 2.42->2.24 t=7.2s
[DONE] evaluation__3854__denoise__confidence_boost__nes__l0.5 calls=1021 margin 2.42->3.04 t=4.4s
[DONE] evaluation__3854__denoise__boundary_probe__nes__l0.5 calls=1021 margin 2.42->1.61 t=4.1s
[DONE] evaluation__3854__denoise__counterfactual__nes__l0.5 calls=1021 margin 2.42->1.62 t=4.2s
[DONE] evaluation__3854__deblur__attack__nes__l1 calls=1021 margin 3.35->2.90 t=3.8s
[DONE] evaluation__3854__deblur__restore__nes__l1 calls=1021 margin 3.35->3.32 t=4.5s
[DONE] evaluation__3854__deblur__random_walk__random_walk__l1 calls=1024 margin 3.35->3.18 t=7.1s
[DONE] evaluation__3854__deblur__confidence_boost__nes__l1 calls=1021 margin 3.35->3.73 t=4.3s
[DONE] evaluation__3854__deblur__boundary_probe__nes__l1 calls=1021 margin 3.35->2.81 t=4.3s
[DONE] evaluation__3854__deblur__counterfactual__nes__l1 calls=1021 margin 3.35->2.82 t=4.3s
[DONE] evaluation__7580__denoise__attack__nes__l0.5 calls=1021 margin 1.03->0.82 t=4.0s
[DONE] evaluation__7580__denoise__restore__nes__l0.5 calls=1021 margin 1.03->1.07 t=4.2s
[DONE] evaluation__7580__denoise__random_walk__random_walk__l0.5 calls=1024 margin 1.03->0.97 t=7.1s
[DONE] evaluation__7580__denoise__confidence_boost__nes__l0.5 calls=1021 margin 1.03->1.22 t=4.3s
[DONE] evaluation__7580__denoise__boundary_probe__nes__l0.5 calls=1021 margin 1.03->0.75 t=4.1s
[DONE] evaluation__7580__denoise__counterfactual__nes__l0.5 calls=1021 margin 1.03->0.79 t=4.0s
[DONE] evaluation__7580__deblur__attack__nes__l1 calls=1021 margin 2.19->1.84 t=4.0s
[DONE] evaluation__7580__deblur__restore__nes__l1 calls=1021 margin 2.19->2.10 t=4.3s
[DONE] evaluation__7580__deblur__random_walk__random_walk__l1 calls=1024 margin 2.19->2.16 t=7.0s
[DONE] evaluation__7580__deblur__confidence_boost__nes__l1 calls=1021 margin 2.19->2.59 t=4.3s
[DONE] evaluation__7580__deblur__boundary_probe__nes__l1 calls=1021 margin 2.19->1.78 t=4.3s
[DONE] evaluation__7580__deblur__counterfactual__nes__l1 calls=1021 margin 2.19->1.79 t=4.0s
[DONE] evaluation__9010__denoise__attack__nes__l0.5 calls=1021 margin 1.55->1.02 t=3.9s
[DONE] evaluation__9010__denoise__restore__nes__l0.5 calls=1021 margin 1.55->1.50 t=4.3s
[DONE] evaluation__9010__denoise__random_walk__random_walk__l0.5 calls=1024 margin 1.55->1.48 t=7.0s
[DONE] evaluation__9010__denoise__confidence_boost__nes__l0.5 calls=1021 margin 1.55->2.09 t=4.2s
[DONE] evaluation__9010__denoise__boundary_probe__nes__l0.5 calls=1021 margin 1.55->1.02 t=4.3s
[DONE] evaluation__9010__denoise__counterfactual__nes__l0.5 calls=1021 margin 1.55->0.97 t=4.0s
[DONE] evaluation__9010__deblur__attack__nes__l1 calls=1021 margin 0.84->0.33 t=4.0s
[DONE] evaluation__9010__deblur__restore__nes__l1 calls=1021 margin 0.84->1.00 t=4.1s
[DONE] evaluation__9010__deblur__random_walk__random_walk__l1 calls=1024 margin 0.84->0.86 t=7.1s
[DONE] evaluation__9010__deblur__confidence_boost__nes__l1 calls=1021 margin 0.84->1.37 t=4.0s
[DONE] evaluation__9010__deblur__boundary_probe__nes__l1 calls=1021 margin 0.84->0.31 t=4.1s
[DONE] evaluation__9010__deblur__counterfactual__nes__l1 calls=1021 margin 0.84->0.27 t=4.1s
[DONE] evaluation__2656__denoise__attack__nes__l0.5 calls=1021 margin 7.36->6.82 t=3.8s
[DONE] evaluation__2656__denoise__restore__nes__l0.5 calls=1021 margin 7.36->7.26 t=4.1s
[DONE] evaluation__2656__denoise__random_walk__random_walk__l0.5 calls=1024 margin 7.36->7.26 t=6.9s
[DONE] evaluation__2656__denoise__confidence_boost__nes__l0.5 calls=1021 margin 7.36->7.88 t=4.1s
[DONE] evaluation__2656__denoise__boundary_probe__nes__l0.5 calls=1021 margin 7.36->6.79 t=4.4s
[DONE] evaluation__2656__denoise__counterfactual__nes__l0.5 calls=1021 margin 7.36->6.80 t=4.1s
[DONE] evaluation__2656__deblur__attack__nes__l1 calls=1021 margin 6.35->5.66 t=4.3s
[DONE] evaluation__2656__deblur__restore__nes__l1 calls=1021 margin 6.35->6.53 t=4.3s
[DONE] evaluation__2656__deblur__random_walk__random_walk__l1 calls=1024 margin 6.35->6.35 t=7.1s
[DONE] evaluation__2656__deblur__confidence_boost__nes__l1 calls=1021 margin 6.35->6.99 t=4.4s
[DONE] evaluation__2656__deblur__boundary_probe__nes__l1 calls=1021 margin 6.35->5.62 t=4.5s
[DONE] evaluation__2656__deblur__counterfactual__nes__l1 calls=1021 margin 6.35->5.70 t=4.4s
[DONE] evaluation__6891__denoise__attack__nes__l0.5 calls=1021 margin 8.71->8.37 t=4.1s
[DONE] evaluation__6891__denoise__restore__nes__l0.5 calls=1021 margin 8.71->8.73 t=4.3s
[DONE] evaluation__6891__denoise__random_walk__random_walk__l0.5 calls=1024 margin 8.71->8.68 t=7.2s
[DONE] evaluation__6891__denoise__confidence_boost__nes__l0.5 calls=1021 margin 8.71->8.99 t=4.0s
[DONE] evaluation__6891__denoise__boundary_probe__nes__l0.5 calls=1021 margin 8.71->8.35 t=4.2s
[DONE] evaluation__6891__denoise__counterfactual__nes__l0.5 calls=1021 margin 8.71->8.36 t=3.9s
[DONE] evaluation__6891__deblur__attack__nes__l1 calls=1021 margin 8.41->8.07 t=3.8s
[DONE] evaluation__6891__deblur__restore__nes__l1 calls=1021 margin 8.41->8.49 t=4.4s
[DONE] evaluation__6891__deblur__random_walk__random_walk__l1 calls=1024 margin 8.41->8.47 t=6.9s
[DONE] evaluation__6891__deblur__confidence_boost__nes__l1 calls=1021 margin 8.41->8.76 t=4.0s
[DONE] evaluation__6891__deblur__boundary_probe__nes__l1 calls=1021 margin 8.41->8.00 t=4.2s
[DONE] evaluation__6891__deblur__counterfactual__nes__l1 calls=1021 margin 8.41->8.01 t=4.2s
[DONE] evaluation__8178__denoise__attack__nes__l0.5 calls=1021 margin 6.88->6.54 t=3.9s
[DONE] evaluation__8178__denoise__restore__nes__l0.5 calls=1021 margin 6.88->6.87 t=4.2s
[DONE] evaluation__8178__denoise__random_walk__random_walk__l0.5 calls=1024 margin 6.88->6.95 t=7.0s
[DONE] evaluation__8178__denoise__confidence_boost__nes__l0.5 calls=1021 margin 6.88->7.24 t=3.9s
[DONE] evaluation__8178__denoise__boundary_probe__nes__l0.5 calls=1021 margin 6.88->6.53 t=4.2s
[DONE] evaluation__8178__denoise__counterfactual__nes__l0.5 calls=1021 margin 6.88->6.54 t=4.0s
[DONE] evaluation__8178__deblur__attack__nes__l1 calls=1021 margin 7.20->6.80 t=4.0s
[DONE] evaluation__8178__deblur__restore__nes__l1 calls=1021 margin 7.20->7.21 t=4.4s
[DONE] evaluation__8178__deblur__random_walk__random_walk__l1 calls=1024 margin 7.20->7.10 t=7.0s
[DONE] evaluation__8178__deblur__confidence_boost__nes__l1 calls=1021 margin 7.20->7.56 t=4.0s
[DONE] evaluation__8178__deblur__boundary_probe__nes__l1 calls=1021 margin 7.20->6.82 t=4.4s
[DONE] evaluation__8178__deblur__counterfactual__nes__l1 calls=1021 margin 7.20->6.83 t=4.2s
[DONE] fit__6081__denoise__attack__nes__l0.5 calls=1021 margin 7.14->6.49 t=4.2s
[DONE] fit__6081__denoise__restore__nes__l0.5 calls=1021 margin 7.14->7.10 t=4.5s
[DONE] fit__6081__denoise__random_walk__random_walk__l0.5 calls=1024 margin 7.14->7.13 t=6.9s
[DONE] fit__6081__denoise__confidence_boost__nes__l0.5 calls=1021 margin 7.14->7.75 t=3.9s
[DONE] fit__6081__denoise__boundary_probe__nes__l0.5 calls=1021 margin 7.14->6.49 t=4.2s
[DONE] fit__6081__denoise__counterfactual__nes__l0.5 calls=1021 margin 7.14->6.45 t=4.0s
[DONE] fit__6081__deblur__attack__nes__l1 calls=1021 margin 7.22->6.50 t=4.2s
[DONE] fit__6081__deblur__restore__nes__l1 calls=1021 margin 7.22->7.38 t=4.6s
[DONE] fit__6081__deblur__random_walk__random_walk__l1 calls=1024 margin 7.22->7.15 t=7.0s
[DONE] fit__6081__deblur__confidence_boost__nes__l1 calls=1021 margin 7.22->7.81 t=4.3s
[DONE] fit__6081__deblur__boundary_probe__nes__l1 calls=1021 margin 7.22->6.48 t=4.7s
[DONE] fit__6081__deblur__counterfactual__nes__l1 calls=1021 margin 7.22->6.48 t=4.2s
[DONE] fit__9182__denoise__attack__nes__l0.5 calls=1021 margin 4.09->3.66 t=4.1s
[DONE] fit__9182__denoise__restore__nes__l0.5 calls=1021 margin 4.09->4.12 t=4.3s
[DONE] fit__9182__denoise__random_walk__random_walk__l0.5 calls=1024 margin 4.09->4.01 t=7.0s
[DONE] fit__9182__denoise__confidence_boost__nes__l0.5 calls=1021 margin 4.09->4.54 t=4.1s
[DONE] fit__9182__denoise__boundary_probe__nes__l0.5 calls=1021 margin 4.09->3.65 t=4.0s
[DONE] fit__9182__denoise__counterfactual__nes__l0.5 calls=1021 margin 4.09->3.69 t=3.8s
[DONE] fit__9182__deblur__attack__nes__l1 calls=1021 margin 3.89->3.31 t=3.9s
[DONE] fit__9182__deblur__restore__nes__l1 calls=1021 margin 3.89->3.95 t=4.4s
[DONE] fit__9182__deblur__random_walk__random_walk__l1 calls=1024 margin 3.89->3.89 t=6.7s
[DONE] fit__9182__deblur__confidence_boost__nes__l1 calls=1021 margin 3.89->4.41 t=4.1s
[DONE] fit__9182__deblur__boundary_probe__nes__l1 calls=1021 margin 3.89->3.38 t=4.3s
[DONE] fit__9182__deblur__counterfactual__nes__l1 calls=1021 margin 3.89->3.37 t=3.9s
[DONE] fit__5347__denoise__attack__nes__l0.5 calls=1021 margin 5.40->4.68 t=4.1s
[DONE] fit__5347__denoise__restore__nes__l0.5 calls=1021 margin 5.40->5.40 t=4.5s
[DONE] fit__5347__denoise__random_walk__random_walk__l0.5 calls=1024 margin 5.40->5.31 t=6.9s
[DONE] fit__5347__denoise__confidence_boost__nes__l0.5 calls=1021 margin 5.40->6.01 t=3.9s
[DONE] fit__5347__denoise__boundary_probe__nes__l0.5 calls=1021 margin 5.40->4.63 t=4.4s
[DONE] fit__5347__denoise__counterfactual__nes__l0.5 calls=1021 margin 5.40->4.69 t=3.8s
[DONE] fit__5347__deblur__attack__nes__l1 calls=1021 margin 5.73->5.23 t=4.1s
[DONE] fit__5347__deblur__restore__nes__l1 calls=1021 margin 5.73->5.76 t=4.4s
[DONE] fit__5347__deblur__random_walk__random_walk__l1 calls=1024 margin 5.73->5.65 t=6.8s
[DONE] fit__5347__deblur__confidence_boost__nes__l1 calls=1021 margin 5.73->6.17 t=3.8s
[DONE] fit__5347__deblur__boundary_probe__nes__l1 calls=1021 margin 5.73->5.25 t=4.4s
[DONE] fit__5347__deblur__counterfactual__nes__l1 calls=1021 margin 5.73->5.24 t=3.8s
[DONE] fit__149__denoise__attack__nes__l0.5 calls=1021 margin 2.93->2.56 t=4.3s
[DONE] fit__149__denoise__restore__nes__l0.5 calls=1021 margin 2.93->2.86 t=4.5s
[DONE] fit__149__denoise__random_walk__random_walk__l0.5 calls=1024 margin 2.93->2.94 t=6.8s
[DONE] fit__149__denoise__confidence_boost__nes__l0.5 calls=1021 margin 2.93->3.35 t=4.2s
[DONE] fit__149__denoise__boundary_probe__nes__l0.5 calls=1021 margin 2.93->2.54 t=4.3s
[DONE] fit__149__denoise__counterfactual__nes__l0.5 calls=1021 margin 2.93->2.54 t=4.1s
[DONE] fit__149__deblur__attack__nes__l1 calls=1021 margin 2.04->1.75 t=4.2s
[DONE] fit__149__deblur__restore__nes__l1 calls=1021 margin 2.04->2.07 t=4.5s
[DONE] fit__149__deblur__random_walk__random_walk__l1 calls=1024 margin 2.04->2.04 t=6.6s
[DONE] fit__149__deblur__confidence_boost__nes__l1 calls=1021 margin 2.04->2.37 t=4.2s
[DONE] fit__149__deblur__boundary_probe__nes__l1 calls=1021 margin 2.04->1.75 t=4.3s
[DONE] fit__149__deblur__counterfactual__nes__l1 calls=1021 margin 2.04->1.74 t=3.9s
[DONE] fit__8558__denoise__attack__nes__l0.5 calls=1021 margin 6.38->5.86 t=4.2s
[DONE] fit__8558__denoise__restore__nes__l0.5 calls=1021 margin 6.38->6.34 t=4.3s
[DONE] fit__8558__denoise__random_walk__random_walk__l0.5 calls=1024 margin 6.38->6.32 t=6.9s
[DONE] fit__8558__denoise__confidence_boost__nes__l0.5 calls=1021 margin 6.38->6.88 t=4.2s
[DONE] fit__8558__denoise__boundary_probe__nes__l0.5 calls=1021 margin 6.38->5.84 t=4.4s
[DONE] fit__8558__denoise__counterfactual__nes__l0.5 calls=1021 margin 6.38->5.84 t=3.9s
[DONE] fit__8558__deblur__attack__nes__l1 calls=1021 margin 6.06->5.58 t=4.2s
[DONE] fit__8558__deblur__restore__nes__l1 calls=1021 margin 6.06->6.20 t=4.4s
[DONE] fit__8558__deblur__random_walk__random_walk__l1 calls=1024 margin 6.06->6.07 t=6.9s
[DONE] fit__8558__deblur__confidence_boost__nes__l1 calls=1021 margin 6.06->6.45 t=4.1s
[DONE] fit__8558__deblur__boundary_probe__nes__l1 calls=1021 margin 6.06->5.52 t=4.3s
[DONE] fit__8558__deblur__counterfactual__nes__l1 calls=1021 margin 6.06->5.47 t=3.9s
[DONE] fit__2831__denoise__attack__nes__l0.5 calls=1021 margin 0.91->0.74 t=4.4s
[DONE] fit__2831__denoise__restore__nes__l0.5 calls=1021 margin 0.91->0.90 t=4.4s
[DONE] fit__2831__denoise__random_walk__random_walk__l0.5 calls=1024 margin 0.91->0.85 t=6.7s
[DONE] fit__2831__denoise__confidence_boost__nes__l0.5 calls=1021 margin 0.91->0.92 t=4.2s
[DONE] fit__2831__denoise__boundary_probe__nes__l0.5 calls=1021 margin 0.91->0.72 t=4.2s
[DONE] fit__2831__denoise__counterfactual__nes__l0.5 calls=1021 margin 0.91->0.73 t=4.1s
[DONE] fit__2831__deblur__attack__nes__l1 calls=1021 margin 0.81->0.84 t=4.5s
[DONE] fit__2831__deblur__restore__nes__l1 calls=1021 margin 0.81->0.81 t=4.4s
[DONE] fit__2831__deblur__random_walk__random_walk__l1 calls=1024 margin 0.81->0.76 t=6.7s
[DONE] fit__2831__deblur__confidence_boost__nes__l1 calls=1021 margin 0.81->0.80 t=4.2s
[DONE] fit__2831__deblur__boundary_probe__nes__l1 calls=1021 margin 0.81->0.63 t=4.2s
[DONE] fit__2831__deblur__counterfactual__nes__l1 calls=1021 margin 0.81->0.65 t=4.2s
[DONE] fit__8996__denoise__attack__nes__l0.5 calls=1021 margin 0.57->0.02 t=4.3s
[DONE] fit__8996__denoise__restore__nes__l0.5 calls=1021 margin 0.57->0.55 t=4.2s
[DONE] fit__8996__denoise__random_walk__random_walk__l0.5 calls=1024 margin 0.57->0.63 t=6.3s
[DONE] fit__8996__denoise__confidence_boost__nes__l0.5 calls=1021 margin 0.57->1.13 t=4.1s
[DONE] fit__8996__denoise__boundary_probe__nes__l0.5 calls=1021 margin 0.57->0.01 t=4.2s
[DONE] fit__8996__denoise__counterfactual__nes__l0.5 calls=1021 margin 0.57->-0.01 t=4.0s
[DONE] fit__8996__deblur__attack__nes__l1 calls=1021 margin 0.99->0.28 t=4.4s
[DONE] fit__8996__deblur__restore__nes__l1 calls=1021 margin 0.99->0.94 t=4.2s
[DONE] fit__8996__deblur__random_walk__random_walk__l1 calls=1024 margin 0.99->0.67 t=6.6s
[DONE] fit__8996__deblur__confidence_boost__nes__l1 calls=1021 margin 0.99->1.35 t=4.2s
[DONE] fit__8996__deblur__boundary_probe__nes__l1 calls=1021 margin 0.99->0.26 t=4.1s
[DONE] fit__8996__deblur__counterfactual__nes__l1 calls=1021 margin 0.99->0.55 t=4.2s
[DONE] fit__3559__denoise__attack__nes__l0.5 calls=1021 margin 0.73->0.44 t=4.4s
[DONE] fit__3559__denoise__restore__nes__l0.5 calls=1021 margin 0.73->0.75 t=4.2s
[DONE] fit__3559__denoise__random_walk__random_walk__l0.5 calls=1024 margin 0.73->0.70 t=6.5s
[DONE] fit__3559__denoise__confidence_boost__nes__l0.5 calls=1021 margin 0.73->0.71 t=4.2s
[DONE] fit__3559__denoise__boundary_probe__nes__l0.5 calls=1021 margin 0.73->0.42 t=4.3s
[DONE] fit__3559__denoise__counterfactual__nes__l0.5 calls=1021 margin 0.73->0.41 t=4.3s
[DONE] fit__3559__deblur__attack__nes__l1 calls=1021 margin 0.63->0.47 t=4.3s
[DONE] fit__3559__deblur__restore__nes__l1 calls=1021 margin 0.63->0.62 t=4.1s
[DONE] fit__3559__deblur__random_walk__random_walk__l1 calls=1024 margin 0.63->0.63 t=6.8s
[DONE] fit__3559__deblur__confidence_boost__nes__l1 calls=1021 margin 0.63->0.79 t=4.2s
[DONE] fit__3559__deblur__boundary_probe__nes__l1 calls=1021 margin 0.63->0.39 t=4.3s
[DONE] fit__3559__deblur__counterfactual__nes__l1 calls=1021 margin 0.63->0.40 t=4.4s
[DONE] fit__319__denoise__attack__nes__l0.5 calls=1021 margin 2.04->1.52 t=4.3s
[DONE] fit__319__denoise__restore__nes__l0.5 calls=1021 margin 2.04->1.90 t=3.9s
[DONE] fit__319__denoise__random_walk__random_walk__l0.5 calls=1024 margin 2.04->2.19 t=6.5s
[DONE] fit__319__denoise__confidence_boost__nes__l0.5 calls=1021 margin 2.04->2.69 t=4.4s
[DONE] fit__319__denoise__boundary_probe__nes__l0.5 calls=1021 margin 2.04->1.55 t=4.3s
[DONE] fit__319__denoise__counterfactual__nes__l0.5 calls=1021 margin 2.04->1.50 t=4.3s
[DONE] fit__319__deblur__attack__nes__l1 calls=1021 margin 0.84->0.40 t=4.1s
[DONE] fit__319__deblur__restore__nes__l1 calls=1021 margin 0.84->1.03 t=4.2s
[DONE] fit__319__deblur__random_walk__random_walk__l1 calls=1024 margin 0.84->0.84 t=6.7s
[DONE] fit__319__deblur__confidence_boost__nes__l1 calls=1021 margin 0.84->1.37 t=4.2s
[DONE] fit__319__deblur__boundary_probe__nes__l1 calls=1021 margin 0.84->0.41 t=4.0s
[DONE] fit__319__deblur__counterfactual__nes__l1 calls=1021 margin 0.84->0.44 t=4.3s
[DONE] fit__5269__denoise__attack__nes__l0.5 calls=1021 margin 1.33->0.46 t=4.1s
[DONE] fit__5269__denoise__restore__nes__l0.5 calls=1021 margin 1.33->1.36 t=4.2s
[DONE] fit__5269__denoise__random_walk__random_walk__l0.5 calls=1024 margin 1.33->1.35 t=6.6s
[DONE] fit__5269__denoise__confidence_boost__nes__l0.5 calls=1021 margin 1.33->2.05 t=4.3s
[DONE] fit__5269__denoise__boundary_probe__nes__l0.5 calls=1021 margin 1.33->0.51 t=4.3s
[DONE] fit__5269__denoise__counterfactual__nes__l0.5 calls=1021 margin 1.33->0.58 t=4.4s
[DONE] fit__5269__deblur__attack__nes__l1 calls=1021 margin 1.21->0.36 t=4.0s
[DONE] fit__5269__deblur__restore__nes__l1 calls=1021 margin 1.21->1.33 t=4.3s
[DONE] fit__5269__deblur__random_walk__random_walk__l1 calls=1024 margin 1.21->1.00 t=6.4s
[DONE] fit__5269__deblur__confidence_boost__nes__l1 calls=1021 margin 1.21->1.85 t=4.4s
[DONE] fit__5269__deblur__boundary_probe__nes__l1 calls=1021 margin 1.21->0.31 t=4.2s
[DONE] fit__5269__deblur__counterfactual__nes__l1 calls=1021 margin 1.21->0.32 t=4.3s
[DONE] fit__2862__denoise__attack__nes__l0.5 calls=1021 margin 0.96->0.84 t=4.0s
[DONE] fit__2862__denoise__restore__nes__l0.5 calls=1021 margin 0.96->0.94 t=4.1s
[DONE] fit__2862__denoise__random_walk__random_walk__l0.5 calls=1024 margin 0.96->0.97 t=6.9s
[DONE] fit__2862__denoise__confidence_boost__nes__l0.5 calls=1021 margin 0.96->1.09 t=4.4s
[DONE] fit__2862__denoise__boundary_probe__nes__l0.5 calls=1021 margin 0.96->0.83 t=4.2s
[DONE] fit__2862__denoise__counterfactual__nes__l0.5 calls=1021 margin 0.96->0.84 t=4.1s
[DONE] fit__2862__deblur__attack__nes__l1 calls=1021 margin 0.79->0.61 t=3.9s
[DONE] fit__2862__deblur__restore__nes__l1 calls=1021 margin 0.79->0.80 t=3.9s
[DONE] fit__2862__deblur__random_walk__random_walk__l1 calls=1024 margin 0.79->0.75 t=6.9s
[DONE] fit__2862__deblur__confidence_boost__nes__l1 calls=1021 margin 0.79->0.92 t=4.4s
[DONE] fit__2862__deblur__boundary_probe__nes__l1 calls=1021 margin 0.79->0.61 t=4.3s
[DONE] fit__2862__deblur__counterfactual__nes__l1 calls=1021 margin 0.79->0.61 t=4.3s
[DONE] fit__8582__denoise__attack__nes__l0.5 calls=1021 margin 1.26->0.96 t=4.2s
[DONE] fit__8582__denoise__restore__nes__l0.5 calls=1021 margin 1.26->1.23 t=4.0s
[DONE] fit__8582__denoise__random_walk__random_walk__l0.5 calls=1024 margin 1.26->1.29 t=7.0s
[DONE] fit__8582__denoise__confidence_boost__nes__l0.5 calls=1021 margin 1.26->1.62 t=4.3s
[DONE] fit__8582__denoise__boundary_probe__nes__l0.5 calls=1021 margin 1.26->0.91 t=4.2s
[DONE] fit__8582__denoise__counterfactual__nes__l0.5 calls=1021 margin 1.26->0.93 t=4.2s
[DONE] fit__8582__deblur__attack__nes__l1 calls=1021 margin 0.11->-0.22 t=4.0s
[DONE] fit__8582__deblur__restore__nes__l1 calls=1021 margin 0.11->0.17 t=4.0s
[DONE] fit__8582__deblur__random_walk__random_walk__l1 calls=1024 margin 0.11->0.06 t=6.9s
[DONE] fit__8582__deblur__confidence_boost__nes__l1 calls=1021 margin 0.11->0.45 t=4.3s
[DONE] fit__8582__deblur__boundary_probe__nes__l1 calls=1021 margin 0.11->0.00 t=4.1s
[DONE] fit__8582__deblur__counterfactual__nes__l1 calls=1021 margin 0.11->-0.26 t=4.3s
[DONE] fit__2234__denoise__attack__nes__l0.5 calls=1021 margin 11.42->11.09 t=4.1s
[DONE] fit__2234__denoise__restore__nes__l0.5 calls=1021 margin 11.42->11.40 t=4.0s
[DONE] fit__2234__denoise__random_walk__random_walk__l0.5 calls=1024 margin 11.42->11.33 t=6.7s
[DONE] fit__2234__denoise__confidence_boost__nes__l0.5 calls=1021 margin 11.42->11.69 t=4.3s
[DONE] fit__2234__denoise__boundary_probe__nes__l0.5 calls=1021 margin 11.42->11.06 t=4.4s
[DONE] fit__2234__denoise__counterfactual__nes__l0.5 calls=1021 margin 11.42->11.04 t=4.3s
[DONE] fit__2234__deblur__attack__nes__l1 calls=1021 margin 11.33->10.92 t=4.2s
[DONE] fit__2234__deblur__restore__nes__l1 calls=1021 margin 11.33->11.35 t=4.2s
[DONE] fit__2234__deblur__random_walk__random_walk__l1 calls=1024 margin 11.33->11.36 t=6.9s
[DONE] fit__2234__deblur__confidence_boost__nes__l1 calls=1021 margin 11.33->11.74 t=4.3s
[DONE] fit__2234__deblur__boundary_probe__nes__l1 calls=1021 margin 11.33->10.86 t=4.3s
[DONE] fit__2234__deblur__counterfactual__nes__l1 calls=1021 margin 11.33->10.89 t=4.0s
[DONE] fit__492__denoise__attack__nes__l0.5 calls=1021 margin 0.30->-0.07 t=4.1s
[DONE] fit__492__denoise__restore__nes__l0.5 calls=1021 margin 0.30->0.36 t=4.2s
[DONE] fit__492__denoise__random_walk__random_walk__l0.5 calls=1024 margin 0.30->0.27 t=6.8s
[DONE] fit__492__denoise__confidence_boost__nes__l0.5 calls=1021 margin 0.30->0.58 t=4.1s
[DONE] fit__492__denoise__boundary_probe__nes__l0.5 calls=1021 margin 0.30->0.00 t=4.2s
[DONE] fit__492__denoise__counterfactual__nes__l0.5 calls=1021 margin 0.30->-0.04 t=4.1s
[DONE] fit__492__deblur__attack__nes__l1 calls=1021 margin 1.45->1.08 t=4.0s
[DONE] fit__492__deblur__restore__nes__l1 calls=1021 margin 1.45->1.47 t=4.1s
[DONE] fit__492__deblur__random_walk__random_walk__l1 calls=1024 margin 1.45->1.23 t=7.1s
[DONE] fit__492__deblur__confidence_boost__nes__l1 calls=1021 margin 1.45->1.82 t=4.2s
[DONE] fit__492__deblur__boundary_probe__nes__l1 calls=1021 margin 1.45->1.07 t=4.3s
[DONE] fit__492__deblur__counterfactual__nes__l1 calls=1021 margin 1.45->1.08 t=4.2s
[DONE] fit__5793__denoise__attack__nes__l0.5 calls=1021 margin 3.07->2.54 t=4.1s
[DONE] fit__5793__denoise__restore__nes__l0.5 calls=1021 margin 3.07->3.15 t=4.1s
[DONE] fit__5793__denoise__random_walk__random_walk__l0.5 calls=1024 margin 3.07->2.99 t=6.7s
[DONE] fit__5793__denoise__confidence_boost__nes__l0.5 calls=1021 margin 3.07->3.52 t=4.0s
[DONE] fit__5793__denoise__boundary_probe__nes__l0.5 calls=1021 margin 3.07->2.38 t=4.2s
[DONE] fit__5793__denoise__counterfactual__nes__l0.5 calls=1021 margin 3.07->2.53 t=4.0s
[DONE] fit__5793__deblur__attack__nes__l1 calls=1021 margin 4.20->3.42 t=3.9s
[DONE] fit__5793__deblur__restore__nes__l1 calls=1021 margin 4.20->4.20 t=4.1s
[DONE] fit__5793__deblur__random_walk__random_walk__l1 calls=1024 margin 4.20->4.24 t=6.8s
[DONE] fit__5793__deblur__confidence_boost__nes__l1 calls=1021 margin 4.20->4.85 t=4.2s
[DONE] fit__5793__deblur__boundary_probe__nes__l1 calls=1021 margin 4.20->3.44 t=4.3s
[DONE] fit__5793__deblur__counterfactual__nes__l1 calls=1021 margin 4.20->3.45 t=4.1s
[DONE] fit__2876__denoise__attack__nes__l0.5 calls=1021 margin 7.12->6.46 t=3.9s
[DONE] fit__2876__denoise__restore__nes__l0.5 calls=1021 margin 7.12->7.17 t=4.1s
[DONE] fit__2876__denoise__random_walk__random_walk__l0.5 calls=1024 margin 7.12->6.94 t=6.9s
[DONE] fit__2876__denoise__confidence_boost__nes__l0.5 calls=1021 margin 7.12->7.69 t=4.3s
[DONE] fit__2876__denoise__boundary_probe__nes__l0.5 calls=1021 margin 7.12->6.35 t=4.2s
[DONE] fit__2876__denoise__counterfactual__nes__l0.5 calls=1021 margin 7.12->6.40 t=4.2s
[DONE] fit__2876__deblur__attack__nes__l1 calls=1021 margin 5.83->4.99 t=3.9s
[DONE] fit__2876__deblur__restore__nes__l1 calls=1021 margin 5.83->5.99 t=4.3s
[DONE] fit__2876__deblur__random_walk__random_walk__l1 calls=1024 margin 5.83->5.99 t=6.8s
[DONE] fit__2876__deblur__confidence_boost__nes__l1 calls=1021 margin 5.83->6.61 t=3.9s
[DONE] fit__2876__deblur__boundary_probe__nes__l1 calls=1021 margin 5.83->4.89 t=3.7s
[DONE] fit__2876__deblur__counterfactual__nes__l1 calls=1021 margin 5.83->4.87 t=3.6s
[DONE] fit__7752__denoise__attack__nes__l0.5 calls=1021 margin 9.35->8.86 t=3.6s
[DONE] fit__7752__denoise__restore__nes__l0.5 calls=1021 margin 9.35->9.35 t=3.7s
[DONE] fit__7752__denoise__random_walk__random_walk__l0.5 calls=1024 margin 9.35->9.32 t=5.6s
[DONE] fit__7752__denoise__confidence_boost__nes__l0.5 calls=1021 margin 9.35->9.75 t=3.3s
[DONE] fit__7752__denoise__boundary_probe__nes__l0.5 calls=1021 margin 9.35->8.84 t=3.7s
[DONE] fit__7752__denoise__counterfactual__nes__l0.5 calls=1021 margin 9.35->8.86 t=3.3s
[DONE] fit__7752__deblur__attack__nes__l1 calls=1021 margin 9.53->9.14 t=3.0s
[DONE] fit__7752__deblur__restore__nes__l1 calls=1021 margin 9.53->9.55 t=3.0s
[DONE] fit__7752__deblur__random_walk__random_walk__l1 calls=1024 margin 9.53->9.53 t=4.3s
[DONE] fit__7752__deblur__confidence_boost__nes__l1 calls=1021 margin 9.53->9.92 t=2.7s
[DONE] fit__7752__deblur__boundary_probe__nes__l1 calls=1021 margin 9.53->8.99 t=2.7s
[DONE] fit__7752__deblur__counterfactual__nes__l1 calls=1021 margin 9.53->9.04 t=2.7s
