/home/sepi/jupyterenv/lib/python3.12/site-packages/robustbench/loaders.py:4: UserWarning: pkg_resources is deprecated as an API. See https://setuptools.pypa.io/en/latest/pkg_resources.html. The pkg_resources package is slated for removal as early as 2025-11-30. Refrain from using this package or pin to Setuptools<81.
  import pkg_resources
/home/sepi/jupyterenv/lib/python3.12/site-packages/robustbench/utils.py:130: FutureWarning: You are using `torch.load` with `weights_only=False` (the current default value), which uses the default pickle module implicitly. It is possible to construct malicious pickle data which will execute arbitrary code during unpickling (See https://github.com/pytorch/pytorch/blob/main/SECURITY.md#untrusted-models for more details). In a future release, the default value for `weights_only` will be flipped to `True`. This limits the functions that could be executed during unpickling. Arbitrary objects will no longer be allowed to be loaded via this mode unless they are explicitly allowlisted by the user via `torch.serialization.add_safe_globals`. We recommend you start setting `weights_only=True` for any use case where you don't have full control of the loaded file. Please open an issue on GitHub for any issues related to this experimental feature.
  checkpoint = torch.load(model_path, map_location=torch.device('cpu'))
[DONE] calibration__297__denoise__attack__nes__l0.5 calls=1021 margin 9.45->9.12 t=2.8s
[DONE] calibration__297__denoise__restore__nes__l0.5 calls=1021 margin 9.45->9.42 t=2.8s
[DONE] calibration__297__denoise__random_walk__random_walk__l0.5 calls=1024 margin 9.45->9.46 t=5.9s
[DONE] calibration__297__denoise__confidence_boost__nes__l0.5 calls=1021 margin 9.45->9.77 t=3.5s
[DONE] calibration__297__denoise__boundary_probe__nes__l0.5 calls=1021 margin 9.45->9.14 t=5.6s
[DONE] calibration__297__denoise__counterfactual__nes__l0.5 calls=1021 margin 9.45->9.12 t=4.9s
[DONE] calibration__297__deblur__attack__nes__l1 calls=1021 margin 9.27->8.76 t=3.8s
[DONE] calibration__297__deblur__restore__nes__l1 calls=1021 margin 9.27->9.29 t=3.8s
[DONE] calibration__297__deblur__random_walk__random_walk__l1 calls=1024 margin 9.27->9.15 t=6.5s
[DONE] calibration__297__deblur__confidence_boost__nes__l1 calls=1021 margin 9.27->9.68 t=3.7s
[DONE] calibration__297__deblur__boundary_probe__nes__l1 calls=1021 margin 9.27->8.78 t=5.8s
[DONE] calibration__297__deblur__counterfactual__nes__l1 calls=1021 margin 9.27->8.82 t=4.6s
[DONE] calibration__4792__denoise__attack__nes__l0.5 calls=1021 margin 0.33->-0.39 t=3.9s
[DONE] calibration__4792__denoise__restore__nes__l0.5 calls=1021 margin 0.33->0.44 t=3.9s
[DONE] calibration__4792__denoise__random_walk__random_walk__l0.5 calls=1024 margin 0.33->0.01 t=6.5s
[DONE] calibration__4792__denoise__confidence_boost__nes__l0.5 calls=1021 margin 0.33->1.07 t=4.1s
[DONE] calibration__4792__denoise__boundary_probe__nes__l0.5 calls=1021 margin 0.33->0.00 t=5.9s
[DONE] calibration__4792__denoise__counterfactual__nes__l0.5 calls=1021 margin 0.33->-0.48 t=4.3s
[DONE] calibration__4792__deblur__attack__nes__l1 calls=1021 margin 2.01->1.02 t=3.8s
[DONE] calibration__4792__deblur__restore__nes__l1 calls=1021 margin 2.01->1.96 t=3.8s
[DONE] calibration__4792__deblur__random_walk__random_walk__l1 calls=1024 margin 2.01->1.87 t=6.7s
[DONE] calibration__4792__deblur__confidence_boost__nes__l1 calls=1021 margin 2.01->2.93 t=4.3s
[DONE] calibration__4792__deblur__boundary_probe__nes__l1 calls=1021 margin 2.01->1.04 t=6.1s
[DONE] calibration__4792__deblur__counterfactual__nes__l1 calls=1021 margin 2.01->0.99 t=4.1s
[DONE] calibration__619__denoise__attack__nes__l0.5 calls=1021 margin 6.58->5.74 t=3.7s
[DONE] calibration__619__denoise__restore__nes__l0.5 calls=1021 margin 6.58->6.38 t=3.9s
[DONE] calibration__619__denoise__random_walk__random_walk__l0.5 calls=1024 margin 6.58->6.53 t=6.4s
[DONE] calibration__619__denoise__confidence_boost__nes__l0.5 calls=1021 margin 6.58->7.21 t=4.6s
[DONE] calibration__619__denoise__boundary_probe__nes__l0.5 calls=1021 margin 6.58->5.70 t=5.4s
[DONE] calibration__619__denoise__counterfactual__nes__l0.5 calls=1021 margin 6.58->5.67 t=3.9s
[DONE] calibration__619__deblur__attack__nes__l1 calls=1021 margin 5.83->4.94 t=3.7s
[DONE] calibration__619__deblur__restore__nes__l1 calls=1021 margin 5.83->5.94 t=3.8s
[DONE] calibration__619__deblur__random_walk__random_walk__l1 calls=1024 margin 5.83->5.69 t=6.6s
[DONE] calibration__619__deblur__confidence_boost__nes__l1 calls=1021 margin 5.83->6.58 t=4.7s
[DONE] calibration__619__deblur__boundary_probe__nes__l1 calls=1021 margin 5.83->4.84 t=5.4s
[DONE] calibration__619__deblur__counterfactual__nes__l1 calls=1021 margin 5.83->4.88 t=3.9s
[DONE] calibration__9662__denoise__attack__nes__l0.5 calls=1021 margin 6.45->6.11 t=3.7s
[DONE] calibration__9662__denoise__restore__nes__l0.5 calls=1021 margin 6.45->6.44 t=3.7s
[DONE] calibration__9662__denoise__random_walk__random_walk__l0.5 calls=1024 margin 6.45->6.48 t=6.7s
[DONE] calibration__9662__denoise__confidence_boost__nes__l0.5 calls=1021 margin 6.45->6.71 t=5.0s
[DONE] calibration__9662__denoise__boundary_probe__nes__l0.5 calls=1021 margin 6.45->6.11 t=5.1s
[DONE] calibration__9662__denoise__counterfactual__nes__l0.5 calls=1021 margin 6.45->6.10 t=4.0s
[DONE] calibration__9662__deblur__attack__nes__l1 calls=1021 margin 6.79->6.55 t=3.8s
[DONE] calibration__9662__deblur__restore__nes__l1 calls=1021 margin 6.79->6.82 t=3.8s
[DONE] calibration__9662__deblur__random_walk__random_walk__l1 calls=1024 margin 6.79->6.83 t=6.6s
[DONE] calibration__9662__deblur__confidence_boost__nes__l1 calls=1021 margin 6.79->7.01 t=4.9s
[DONE] calibration__9662__deblur__boundary_probe__nes__l1 calls=1021 margin 6.79->6.43 t=4.8s
[DONE] calibration__9662__deblur__counterfactual__nes__l1 calls=1021 margin 6.79->6.46 t=3.9s
[DONE] calibration__5419__denoise__attack__nes__l0.5 calls=1021 margin 0.14->-0.11 t=3.8s
[DONE] calibration__5419__denoise__restore__nes__l0.5 calls=1021 margin 0.14->0.18 t=3.9s
[DONE] calibration__5419__denoise__random_walk__random_walk__l0.5 calls=1024 margin 0.14->0.07 t=6.8s
[DONE] calibration__5419__denoise__confidence_boost__nes__l0.5 calls=1021 margin 0.14->0.39 t=4.8s
[DONE] calibration__5419__denoise__boundary_probe__nes__l0.5 calls=1021 margin 0.14->0.00 t=4.7s
[DONE] calibration__5419__denoise__counterfactual__nes__l0.5 calls=1021 margin 0.14->-0.11 t=4.1s
[DONE] calibration__5419__deblur__attack__nes__l1 calls=1021 margin 0.80->0.48 t=3.8s
[DONE] calibration__5419__deblur__restore__nes__l1 calls=1021 margin 0.80->0.78 t=3.7s
[DONE] calibration__5419__deblur__random_walk__random_walk__l1 calls=1024 margin 0.80->0.76 t=6.8s
[DONE] calibration__5419__deblur__confidence_boost__nes__l1 calls=1021 margin 0.80->1.15 t=4.8s
[DONE] calibration__5419__deblur__boundary_probe__nes__l1 calls=1021 margin 0.80->0.41 t=4.7s
[DONE] calibration__5419__deblur__counterfactual__nes__l1 calls=1021 margin 0.80->0.41 t=4.0s
[DONE] calibration__467__denoise__attack__nes__l0.5 calls=1021 margin 3.63->3.35 t=3.9s
[DONE] calibration__467__denoise__restore__nes__l0.5 calls=1021 margin 3.63->3.61 t=4.0s
[DONE] calibration__467__denoise__random_walk__random_walk__l0.5 calls=1024 margin 3.63->3.55 t=6.7s
[DONE] calibration__467__denoise__confidence_boost__nes__l0.5 calls=1021 margin 3.63->3.88 t=4.8s
[DONE] calibration__467__denoise__boundary_probe__nes__l0.5 calls=1021 margin 3.63->3.35 t=4.7s
[DONE] calibration__467__denoise__counterfactual__nes__l0.5 calls=1021 margin 3.63->3.36 t=3.8s
[DONE] calibration__467__deblur__attack__nes__l1 calls=1021 margin 3.95->3.68 t=3.7s
[DONE] calibration__467__deblur__restore__nes__l1 calls=1021 margin 3.95->3.93 t=3.9s
[DONE] calibration__467__deblur__random_walk__random_walk__l1 calls=1024 margin 3.95->3.88 t=6.7s
[DONE] calibration__467__deblur__confidence_boost__nes__l1 calls=1021 margin 3.95->4.16 t=4.6s
[DONE] calibration__467__deblur__boundary_probe__nes__l1 calls=1021 margin 3.95->3.68 t=4.7s
[DONE] calibration__467__deblur__counterfactual__nes__l1 calls=1021 margin 3.95->3.66 t=4.0s
[DONE] calibration__7440__denoise__attack__nes__l0.5 calls=1021 margin 0.90->0.79 t=3.9s
[DONE] calibration__7440__denoise__restore__nes__l0.5 calls=1021 margin 0.90->0.89 t=4.0s
[DONE] calibration__7440__denoise__random_walk__random_walk__l0.5 calls=1024 margin 0.90->0.84 t=6.7s
[DONE] calibration__7440__denoise__confidence_boost__nes__l0.5 calls=1021 margin 0.90->1.05 t=4.7s
[DONE] calibration__7440__denoise__boundary_probe__nes__l0.5 calls=1021 margin 0.90->0.73 t=4.7s
[DONE] calibration__7440__denoise__counterfactual__nes__l0.5 calls=1021 margin 0.90->0.79 t=4.0s
[DONE] calibration__7440__deblur__attack__nes__l1 calls=1021 margin 0.86->0.75 t=3.8s
[DONE] calibration__7440__deblur__restore__nes__l1 calls=1021 margin 0.86->0.88 t=3.8s
[DONE] calibration__7440__deblur__random_walk__random_walk__l1 calls=1024 margin 0.86->0.88 t=6.8s
[DONE] calibration__7440__deblur__confidence_boost__nes__l1 calls=1021 margin 0.86->1.01 t=4.6s
[DONE] calibration__7440__deblur__boundary_probe__nes__l1 calls=1021 margin 0.86->0.72 t=4.5s
[DONE] calibration__7440__deblur__counterfactual__nes__l1 calls=1021 margin 0.86->0.80 t=4.1s
[DONE] calibration__2981__denoise__attack__nes__l0.5 calls=1021 margin 3.28->2.30 t=3.8s
[DONE] calibration__2981__denoise__restore__nes__l0.5 calls=1021 margin 3.28->3.39 t=3.9s
[DONE] calibration__2981__denoise__random_walk__random_walk__l0.5 calls=1024 margin 3.28->3.15 t=6.9s
[DONE] calibration__2981__denoise__confidence_boost__nes__l0.5 calls=1021 margin 3.28->4.23 t=4.6s
[DONE] calibration__2981__denoise__boundary_probe__nes__l0.5 calls=1021 margin 3.28->2.36 t=4.6s
[DONE] calibration__2981__denoise__counterfactual__nes__l0.5 calls=1021 margin 3.28->2.39 t=4.1s
[DONE] calibration__2981__deblur__attack__nes__l1 calls=1021 margin 4.72->3.91 t=4.0s
[DONE] calibration__2981__deblur__restore__nes__l1 calls=1021 margin 4.72->4.83 t=4.1s
[DONE] calibration__2981__deblur__random_walk__random_walk__l1 calls=1024 margin 4.72->4.74 t=6.8s
[DONE] calibration__2981__deblur__confidence_boost__nes__l1 calls=1021 margin 4.72->5.46 t=4.6s
[DONE] calibration__2981__deblur__boundary_probe__nes__l1 calls=1021 margin 4.72->3.79 t=4.9s
[DONE] calibration__2981__deblur__counterfactual__nes__l1 calls=1021 margin 4.72->3.84 t=4.0s
[DONE] calibration__8574__denoise__attack__nes__l0.5 calls=1021 margin 0.62->0.34 t=3.8s
[DONE] calibration__8574__denoise__restore__nes__l0.5 calls=1021 margin 0.62->0.66 t=3.8s
[DONE] calibration__8574__denoise__random_walk__random_walk__l0.5 calls=1024 margin 0.62->0.46 t=6.9s
[DONE] calibration__8574__denoise__confidence_boost__nes__l0.5 calls=1021 margin 0.62->0.96 t=4.5s
[DONE] calibration__8574__denoise__boundary_probe__nes__l0.5 calls=1021 margin 0.62->0.19 t=4.7s
[DONE] calibration__8574__denoise__counterfactual__nes__l0.5 calls=1021 margin 0.62->0.17 t=4.0s
[DONE] calibration__8574__deblur__attack__nes__l1 calls=1021 margin 0.77->0.53 t=3.8s
[DONE] calibration__8574__deblur__restore__nes__l1 calls=1021 margin 0.77->0.75 t=4.0s
[DONE] calibration__8574__deblur__random_walk__random_walk__l1 calls=1024 margin 0.77->0.73 t=7.0s
[DONE] calibration__8574__deblur__confidence_boost__nes__l1 calls=1021 margin 0.77->0.95 t=4.3s
[DONE] calibration__8574__deblur__boundary_probe__nes__l1 calls=1021 margin 0.77->0.51 t=4.7s
[DONE] calibration__8574__deblur__counterfactual__nes__l1 calls=1021 margin 0.77->0.54 t=3.9s
[DONE] calibration__6332__denoise__attack__nes__l0.5 calls=1021 margin 6.81->6.46 t=3.8s
[DONE] calibration__6332__denoise__restore__nes__l0.5 calls=1021 margin 6.81->6.79 t=3.7s
[DONE] calibration__6332__denoise__random_walk__random_walk__l0.5 calls=1024 margin 6.81->6.79 t=6.8s
[DONE] calibration__6332__denoise__confidence_boost__nes__l0.5 calls=1021 margin 6.81->7.18 t=4.4s
[DONE] calibration__6332__denoise__boundary_probe__nes__l0.5 calls=1021 margin 6.81->6.42 t=4.7s
[DONE] calibration__6332__denoise__counterfactual__nes__l0.5 calls=1021 margin 6.81->6.42 t=4.1s
[DONE] calibration__6332__deblur__attack__nes__l1 calls=1021 margin 5.81->5.34 t=3.7s
[DONE] calibration__6332__deblur__restore__nes__l1 calls=1021 margin 5.81->5.92 t=3.8s
[DONE] calibration__6332__deblur__random_walk__random_walk__l1 calls=1024 margin 5.81->5.73 t=6.8s
[DONE] calibration__6332__deblur__confidence_boost__nes__l1 calls=1021 margin 5.81->6.27 t=3.9s
[DONE] calibration__6332__deblur__boundary_probe__nes__l1 calls=1021 margin 5.81->5.35 t=4.6s
[DONE] calibration__6332__deblur__counterfactual__nes__l1 calls=1021 margin 5.81->5.37 t=4.1s
[DONE] calibration__102__denoise__attack__nes__l0.5 calls=1021 margin 7.17->6.65 t=3.7s
[DONE] calibration__102__denoise__restore__nes__l0.5 calls=1021 margin 7.17->7.12 t=3.8s
[DONE] calibration__102__denoise__random_walk__random_walk__l0.5 calls=1024 margin 7.17->7.08 t=6.9s
[DONE] calibration__102__denoise__confidence_boost__nes__l0.5 calls=1021 margin 7.17->7.62 t=4.3s
[DONE] calibration__102__denoise__boundary_probe__nes__l0.5 calls=1021 margin 7.17->6.57 t=4.6s
[DONE] calibration__102__denoise__counterfactual__nes__l0.5 calls=1021 margin 7.17->6.60 t=4.1s
[DONE] calibration__102__deblur__attack__nes__l1 calls=1021 margin 5.47->4.81 t=3.8s
[DONE] calibration__102__deblur__restore__nes__l1 calls=1021 margin 5.47->5.59 t=3.7s
[DONE] calibration__102__deblur__random_walk__random_walk__l1 calls=1024 margin 5.47->5.37 t=6.8s
[DONE] calibration__102__deblur__confidence_boost__nes__l1 calls=1021 margin 5.47->6.14 t=4.2s
[DONE] calibration__102__deblur__boundary_probe__nes__l1 calls=1021 margin 5.47->4.81 t=4.4s
[DONE] calibration__102__deblur__counterfactual__nes__l1 calls=1021 margin 5.47->4.81 t=4.3s
[DONE] calibration__5961__denoise__attack__nes__l0.5 calls=1021 margin 2.78->2.35 t=3.9s
[DONE] calibration__5961__denoise__restore__nes__l0.5 calls=1021 margin 2.78->2.76 t=3.8s
[DONE] calibration__5961__denoise__random_walk__random_walk__l0.5 calls=1024 margin 2.78->2.60 t=6.9s
[DONE] calibration__5961__denoise__confidence_boost__nes__l0.5 calls=1021 margin 2.78->3.21 t=4.3s
[DONE] calibration__5961__denoise__boundary_probe__nes__l0.5 calls=1021 margin 2.78->2.34 t=4.3s
[DONE] calibration__5961__denoise__counterfactual__nes__l0.5 calls=1021 margin 2.78->2.37 t=4.4s
[DONE] calibration__5961__deblur__attack__nes__l1 calls=1021 margin 2.52->2.18 t=4.0s
[DONE] calibration__5961__deblur__restore__nes__l1 calls=1021 margin 2.52->2.59 t=4.0s
[DONE] calibration__5961__deblur__random_walk__random_walk__l1 calls=1024 margin 2.52->2.51 t=6.8s
[DONE] calibration__5961__deblur__confidence_boost__nes__l1 calls=1021 margin 2.52->2.85 t=4.2s
[DONE] calibration__5961__deblur__boundary_probe__nes__l1 calls=1021 margin 2.52->2.18 t=4.4s
[DONE] calibration__5961__deblur__counterfactual__nes__l1 calls=1021 margin 2.52->2.15 t=4.4s
[DONE] calibration__1478__denoise__attack__nes__l0.5 calls=1021 margin 1.31->0.49 t=3.9s
[DONE] calibration__1478__denoise__restore__nes__l0.5 calls=1021 margin 1.31->1.33 t=3.8s
[DONE] calibration__1478__denoise__random_walk__random_walk__l0.5 calls=1024 margin 1.31->1.16 t=6.8s
[DONE] calibration__1478__denoise__confidence_boost__nes__l0.5 calls=1021 margin 1.31->1.94 t=4.0s
[DONE] calibration__1478__denoise__boundary_probe__nes__l0.5 calls=1021 margin 1.31->0.47 t=4.2s
[DONE] calibration__1478__denoise__counterfactual__nes__l0.5 calls=1021 margin 1.31->0.54 t=4.4s
[DONE] calibration__1478__deblur__attack__nes__l1 calls=1021 margin 1.56->0.92 t=4.0s
[DONE] calibration__1478__deblur__restore__nes__l1 calls=1021 margin 1.56->1.72 t=3.8s
[DONE] calibration__1478__deblur__random_walk__random_walk__l1 calls=1024 margin 1.56->1.49 t=6.9s
[DONE] calibration__1478__deblur__confidence_boost__nes__l1 calls=1021 margin 1.56->2.08 t=4.0s
[DONE] calibration__1478__deblur__boundary_probe__nes__l1 calls=1021 margin 1.56->0.87 t=4.3s
[DONE] calibration__1478__deblur__counterfactual__nes__l1 calls=1021 margin 1.56->0.91 t=4.5s
[DONE] calibration__7128__denoise__attack__nes__l0.5 calls=1021 margin 0.47->-0.09 t=4.1s
[DONE] calibration__7128__denoise__restore__nes__l0.5 calls=1021 margin 0.47->0.45 t=3.8s
[DONE] calibration__7128__denoise__random_walk__random_walk__l0.5 calls=1024 margin 0.47->0.39 t=7.0s
[DONE] calibration__7128__denoise__confidence_boost__nes__l0.5 calls=1021 margin 0.47->0.98 t=4.1s
[DONE] calibration__7128__denoise__boundary_probe__nes__l0.5 calls=1021 margin 0.47->0.00 t=4.3s
[DONE] calibration__7128__denoise__counterfactual__nes__l0.5 calls=1021 margin 0.47->0.03 t=4.4s
[DONE] calibration__7128__deblur__attack__nes__l1 calls=1021 margin 1.02->0.42 t=4.0s
[DONE] calibration__7128__deblur__restore__nes__l1 calls=1021 margin 1.02->1.14 t=3.9s
[DONE] calibration__7128__deblur__random_walk__random_walk__l1 calls=1024 margin 1.02->0.97 t=6.5s
[DONE] calibration__7128__deblur__confidence_boost__nes__l1 calls=1021 margin 1.02->1.66 t=4.0s
[DONE] calibration__7128__deblur__boundary_probe__nes__l1 calls=1021 margin 1.02->0.42 t=4.4s
[DONE] calibration__7128__deblur__counterfactual__nes__l1 calls=1021 margin 1.02->0.42 t=4.4s
[DONE] calibration__2600__denoise__attack__nes__l0.5 calls=1021 margin 3.85->3.35 t=4.1s
[DONE] calibration__2600__denoise__restore__nes__l0.5 calls=1021 margin 3.85->3.90 t=3.9s
[DONE] calibration__2600__denoise__random_walk__random_walk__l0.5 calls=1024 margin 3.85->3.65 t=6.8s
[DONE] calibration__2600__denoise__confidence_boost__nes__l0.5 calls=1021 margin 3.85->4.30 t=4.0s
[DONE] calibration__2600__denoise__boundary_probe__nes__l0.5 calls=1021 margin 3.85->3.27 t=4.2s
[DONE] calibration__2600__denoise__counterfactual__nes__l0.5 calls=1021 margin 3.85->3.26 t=4.4s
[DONE] calibration__2600__deblur__attack__nes__l1 calls=1021 margin 4.55->4.03 t=4.0s
[DONE] calibration__2600__deblur__restore__nes__l1 calls=1021 margin 4.55->4.63 t=3.8s
[DONE] calibration__2600__deblur__random_walk__random_walk__l1 calls=1024 margin 4.55->4.54 t=6.8s
[DONE] calibration__2600__deblur__confidence_boost__nes__l1 calls=1021 margin 4.55->4.84 t=3.9s
[DONE] calibration__2600__deblur__boundary_probe__nes__l1 calls=1021 margin 4.55->4.13 t=4.3s
[DONE] calibration__2600__deblur__counterfactual__nes__l1 calls=1021 margin 4.55->4.12 t=4.3s
[DONE] calibration__3747__denoise__attack__nes__l0.5 calls=1021 margin 2.47->1.77 t=4.2s
[DONE] calibration__3747__denoise__restore__nes__l0.5 calls=1021 margin 2.47->2.51 t=3.8s
[DONE] calibration__3747__denoise__random_walk__random_walk__l0.5 calls=1024 margin 2.47->2.28 t=6.8s
[DONE] calibration__3747__denoise__confidence_boost__nes__l0.5 calls=1021 margin 2.47->3.34 t=3.8s
[DONE] calibration__3747__denoise__boundary_probe__nes__l0.5 calls=1021 margin 2.47->1.72 t=4.2s
[DONE] calibration__3747__denoise__counterfactual__nes__l0.5 calls=1021 margin 2.47->1.75 t=4.2s
[DONE] calibration__3747__deblur__attack__nes__l1 calls=1021 margin 2.29->1.50 t=4.1s
[DONE] calibration__3747__deblur__restore__nes__l1 calls=1021 margin 2.29->2.36 t=4.1s
[DONE] calibration__3747__deblur__random_walk__random_walk__l1 calls=1024 margin 2.29->2.51 t=6.5s
[DONE] calibration__3747__deblur__confidence_boost__nes__l1 calls=1021 margin 2.29->3.29 t=3.7s
[DONE] calibration__3747__deblur__boundary_probe__nes__l1 calls=1021 margin 2.29->1.53 t=4.1s
[DONE] calibration__3747__deblur__counterfactual__nes__l1 calls=1021 margin 2.29->1.47 t=4.3s
[DONE] calibration__8922__denoise__attack__nes__l0.5 calls=1021 margin 6.42->5.83 t=4.2s
[DONE] calibration__8922__denoise__restore__nes__l0.5 calls=1021 margin 6.42->6.44 t=4.0s
[DONE] calibration__8922__denoise__random_walk__random_walk__l0.5 calls=1024 margin 6.42->6.44 t=6.7s
[DONE] calibration__8922__denoise__confidence_boost__nes__l0.5 calls=1021 margin 6.42->7.06 t=3.8s
[DONE] calibration__8922__denoise__boundary_probe__nes__l0.5 calls=1021 margin 6.42->5.55 t=4.1s
[DONE] calibration__8922__denoise__counterfactual__nes__l0.5 calls=1021 margin 6.42->5.58 t=4.3s
[DONE] calibration__8922__deblur__attack__nes__l1 calls=1021 margin 5.96->5.05 t=4.3s
[DONE] calibration__8922__deblur__restore__nes__l1 calls=1021 margin 5.96->6.18 t=3.9s
[DONE] calibration__8922__deblur__random_walk__random_walk__l1 calls=1024 margin 5.96->6.17 t=6.7s
[DONE] calibration__8922__deblur__confidence_boost__nes__l1 calls=1021 margin 5.96->6.71 t=4.0s
[DONE] calibration__8922__deblur__boundary_probe__nes__l1 calls=1021 margin 5.96->5.12 t=4.0s
[DONE] calibration__8922__deblur__counterfactual__nes__l1 calls=1021 margin 5.96->5.06 t=4.2s
[DONE] evaluation__2264__denoise__attack__nes__l0.5 calls=1021 margin 9.24->8.76 t=4.5s
[DONE] evaluation__2264__denoise__restore__nes__l0.5 calls=1021 margin 9.24->9.19 t=4.0s
[DONE] evaluation__2264__denoise__random_walk__random_walk__l0.5 calls=1024 margin 9.24->9.15 t=6.7s
[DONE] evaluation__2264__denoise__confidence_boost__nes__l0.5 calls=1021 margin 9.24->9.67 t=3.8s
[DONE] evaluation__2264__denoise__boundary_probe__nes__l0.5 calls=1021 margin 9.24->8.73 t=3.9s
[DONE] evaluation__2264__denoise__counterfactual__nes__l0.5 calls=1021 margin 9.24->8.80 t=4.3s
[DONE] evaluation__2264__deblur__attack__nes__l1 calls=1021 margin 7.87->7.03 t=4.5s
[DONE] evaluation__2264__deblur__restore__nes__l1 calls=1021 margin 7.87->8.03 t=3.9s
[DONE] evaluation__2264__deblur__random_walk__random_walk__l1 calls=1024 margin 7.87->7.73 t=6.9s
[DONE] evaluation__2264__deblur__confidence_boost__nes__l1 calls=1021 margin 7.87->8.55 t=3.8s
[DONE] evaluation__2264__deblur__boundary_probe__nes__l1 calls=1021 margin 7.87->6.99 t=4.0s
[DONE] evaluation__2264__deblur__counterfactual__nes__l1 calls=1021 margin 7.87->6.99 t=4.1s
[DONE] evaluation__4461__denoise__attack__nes__l0.5 calls=1021 margin 6.75->6.14 t=4.5s
[DONE] evaluation__4461__denoise__restore__nes__l0.5 calls=1021 margin 6.75->6.73 t=4.1s
[DONE] evaluation__4461__denoise__random_walk__random_walk__l0.5 calls=1024 margin 6.75->6.53 t=6.7s
[DONE] evaluation__4461__denoise__confidence_boost__nes__l0.5 calls=1021 margin 6.75->7.29 t=3.8s
[DONE] evaluation__4461__denoise__boundary_probe__nes__l0.5 calls=1021 margin 6.75->6.05 t=4.0s
[DONE] evaluation__4461__denoise__counterfactual__nes__l0.5 calls=1021 margin 6.75->6.04 t=4.1s
[DONE] evaluation__4461__deblur__attack__nes__l1 calls=1021 margin 6.18->5.40 t=4.5s
[DONE] evaluation__4461__deblur__restore__nes__l1 calls=1021 margin 6.18->6.26 t=4.0s
[DONE] evaluation__4461__deblur__random_walk__random_walk__l1 calls=1024 margin 6.18->6.40 t=7.0s
[DONE] evaluation__4461__deblur__confidence_boost__nes__l1 calls=1021 margin 6.18->6.82 t=3.7s
[DONE] evaluation__4461__deblur__boundary_probe__nes__l1 calls=1021 margin 6.18->5.40 t=4.0s
[DONE] evaluation__4461__deblur__counterfactual__nes__l1 calls=1021 margin 6.18->5.41 t=4.2s
[DONE] evaluation__6476__denoise__attack__nes__l0.5 calls=1021 margin 4.96->4.33 t=4.5s
[DONE] evaluation__6476__denoise__restore__nes__l0.5 calls=1021 margin 4.96->4.84 t=4.1s
[DONE] evaluation__6476__denoise__random_walk__random_walk__l0.5 calls=1024 margin 4.96->5.06 t=6.7s
[DONE] evaluation__6476__denoise__confidence_boost__nes__l0.5 calls=1021 margin 4.96->5.62 t=3.9s
[DONE] evaluation__6476__denoise__boundary_probe__nes__l0.5 calls=1021 margin 4.96->4.24 t=3.9s
[DONE] evaluation__6476__denoise__counterfactual__nes__l0.5 calls=1021 margin 4.96->4.31 t=4.1s
[DONE] evaluation__6476__deblur__attack__nes__l1 calls=1021 margin 3.37->2.36 t=4.5s
[DONE] evaluation__6476__deblur__restore__nes__l1 calls=1021 margin 3.37->3.63 t=4.0s
[DONE] evaluation__6476__deblur__random_walk__random_walk__l1 calls=1024 margin 3.37->3.57 t=6.7s
[DONE] evaluation__6476__deblur__confidence_boost__nes__l1 calls=1021 margin 3.37->4.42 t=3.7s
[DONE] evaluation__6476__deblur__boundary_probe__nes__l1 calls=1021 margin 3.37->2.46 t=4.0s
[DONE] evaluation__6476__deblur__counterfactual__nes__l1 calls=1021 margin 3.37->2.39 t=4.1s
[DONE] evaluation__895__denoise__attack__nes__l0.5 calls=1021 margin 2.94->2.69 t=4.5s
[DONE] evaluation__895__denoise__restore__nes__l0.5 calls=1021 margin 2.94->2.94 t=4.1s
[DONE] evaluation__895__denoise__random_walk__random_walk__l0.5 calls=1024 margin 2.94->2.90 t=6.8s
[DONE] evaluation__895__denoise__confidence_boost__nes__l0.5 calls=1021 margin 2.94->3.19 t=3.8s
[DONE] evaluation__895__denoise__boundary_probe__nes__l0.5 calls=1021 margin 2.94->2.69 t=4.0s
[DONE] evaluation__895__denoise__counterfactual__nes__l0.5 calls=1021 margin 2.94->2.71 t=4.3s
[DONE] evaluation__895__deblur__attack__nes__l1 calls=1021 margin 2.97->2.70 t=4.5s
[DONE] evaluation__895__deblur__restore__nes__l1 calls=1021 margin 2.97->3.00 t=4.3s
[DONE] evaluation__895__deblur__random_walk__random_walk__l1 calls=1024 margin 2.97->2.95 t=7.0s
[DONE] evaluation__895__deblur__confidence_boost__nes__l1 calls=1021 margin 2.97->3.21 t=3.7s
[DONE] evaluation__895__deblur__boundary_probe__nes__l1 calls=1021 margin 2.97->2.70 t=4.2s
[DONE] evaluation__895__deblur__counterfactual__nes__l1 calls=1021 margin 2.97->2.70 t=4.2s
[DONE] evaluation__2620__denoise__attack__nes__l0.5 calls=1021 margin 8.24->7.80 t=4.5s
[DONE] evaluation__2620__denoise__restore__nes__l0.5 calls=1021 margin 8.24->8.24 t=4.1s
[DONE] evaluation__2620__denoise__random_walk__random_walk__l0.5 calls=1024 margin 8.24->8.20 t=6.8s
[DONE] evaluation__2620__denoise__confidence_boost__nes__l0.5 calls=1021 margin 8.24->8.57 t=3.8s
[DONE] evaluation__2620__denoise__boundary_probe__nes__l0.5 calls=1021 margin 8.24->7.80 t=4.0s
[DONE] evaluation__2620__denoise__counterfactual__nes__l0.5 calls=1021 margin 8.24->7.83 t=4.2s
[DONE] evaluation__2620__deblur__attack__nes__l1 calls=1021 margin 7.93->7.56 t=4.4s
[DONE] evaluation__2620__deblur__restore__nes__l1 calls=1021 margin 7.93->7.98 t=4.2s
[DONE] evaluation__2620__deblur__random_walk__random_walk__l1 calls=1024 margin 7.93->7.87 t=6.9s
[DONE] evaluation__2620__deblur__confidence_boost__nes__l1 calls=1021 margin 7.93->8.23 t=3.7s
[DONE] evaluation__2620__deblur__boundary_probe__nes__l1 calls=1021 margin 7.93->7.55 t=4.0s
[DONE] evaluation__2620__deblur__counterfactual__nes__l1 calls=1021 margin 7.93->7.51 t=4.1s
[DONE] evaluation__4799__denoise__attack__nes__l0.5 calls=1021 margin 5.53->4.94 t=4.4s
[DONE] evaluation__4799__denoise__restore__nes__l0.5 calls=1021 margin 5.53->5.55 t=4.2s
[DONE] evaluation__4799__denoise__random_walk__random_walk__l0.5 calls=1024 margin 5.53->5.53 t=7.0s
[DONE] evaluation__4799__denoise__confidence_boost__nes__l0.5 calls=1021 margin 5.53->6.10 t=3.8s
[DONE] evaluation__4799__denoise__boundary_probe__nes__l0.5 calls=1021 margin 5.53->4.92 t=4.0s
[DONE] evaluation__4799__denoise__counterfactual__nes__l0.5 calls=1021 margin 5.53->4.95 t=4.1s
[DONE] evaluation__4799__deblur__attack__nes__l1 calls=1021 margin 6.40->5.68 t=4.5s
[DONE] evaluation__4799__deblur__restore__nes__l1 calls=1021 margin 6.40->6.43 t=4.3s
[DONE] evaluation__4799__deblur__random_walk__random_walk__l1 calls=1024 margin 6.40->6.16 t=7.1s
[DONE] evaluation__4799__deblur__confidence_boost__nes__l1 calls=1021 margin 6.40->6.93 t=3.8s
[DONE] evaluation__4799__deblur__boundary_probe__nes__l1 calls=1021 margin 6.40->5.71 t=4.2s
[DONE] evaluation__4799__deblur__counterfactual__nes__l1 calls=1021 margin 6.40->5.64 t=4.0s
[DONE] evaluation__8155__denoise__attack__nes__l0.5 calls=1021 margin 8.93->8.57 t=4.4s
[DONE] evaluation__8155__denoise__restore__nes__l0.5 calls=1021 margin 8.93->8.93 t=4.3s
[DONE] evaluation__8155__denoise__random_walk__random_walk__l0.5 calls=1024 margin 8.93->8.93 t=6.7s
[DONE] evaluation__8155__denoise__confidence_boost__nes__l0.5 calls=1021 margin 8.93->9.24 t=3.8s
[DONE] evaluation__8155__denoise__boundary_probe__nes__l0.5 calls=1021 margin 8.93->8.58 t=4.2s
[DONE] evaluation__8155__denoise__counterfactual__nes__l0.5 calls=1021 margin 8.93->8.57 t=4.0s
[DONE] evaluation__8155__deblur__attack__nes__l1 calls=1021 margin 8.48->8.06 t=4.4s
[DONE] evaluation__8155__deblur__restore__nes__l1 calls=1021 margin 8.48->8.53 t=4.4s
[DONE] evaluation__8155__deblur__random_walk__random_walk__l1 calls=1024 margin 8.48->8.41 t=6.8s
[DONE] evaluation__8155__deblur__confidence_boost__nes__l1 calls=1021 margin 8.48->8.88 t=3.8s
[DONE] evaluation__8155__deblur__boundary_probe__nes__l1 calls=1021 margin 8.48->7.95 t=4.0s
[DONE] evaluation__8155__deblur__counterfactual__nes__l1 calls=1021 margin 8.48->8.00 t=4.1s
[DONE] evaluation__3363__denoise__attack__nes__l0.5 calls=1021 margin 1.97->1.52 t=4.4s
[DONE] evaluation__3363__denoise__restore__nes__l0.5 calls=1021 margin 1.97->1.91 t=4.3s
[DONE] evaluation__3363__denoise__random_walk__random_walk__l0.5 calls=1024 margin 1.97->1.90 t=7.0s
[DONE] evaluation__3363__denoise__confidence_boost__nes__l0.5 calls=1021 margin 1.97->2.67 t=3.8s
[DONE] evaluation__3363__denoise__boundary_probe__nes__l0.5 calls=1021 margin 1.97->1.47 t=4.1s
[DONE] evaluation__3363__denoise__counterfactual__nes__l0.5 calls=1021 margin 1.97->1.48 t=4.1s
[DONE] evaluation__3363__deblur__attack__nes__l1 calls=1021 margin 2.02->1.70 t=4.4s
[DONE] evaluation__3363__deblur__restore__nes__l1 calls=1021 margin 2.02->2.09 t=4.5s
[DONE] evaluation__3363__deblur__random_walk__random_walk__l1 calls=1024 margin 2.02->1.97 t=6.7s
[DONE] evaluation__3363__deblur__confidence_boost__nes__l1 calls=1021 margin 2.02->2.40 t=3.8s
[DONE] evaluation__3363__deblur__boundary_probe__nes__l1 calls=1021 margin 2.02->1.62 t=4.0s
[DONE] evaluation__3363__deblur__counterfactual__nes__l1 calls=1021 margin 2.02->1.63 t=4.2s
[DONE] evaluation__6248__denoise__attack__nes__l0.5 calls=1021 margin 8.91->8.31 t=4.5s
[DONE] evaluation__6248__denoise__restore__nes__l0.5 calls=1021 margin 8.91->8.77 t=4.5s
[DONE] evaluation__6248__denoise__random_walk__random_walk__l0.5 calls=1024 margin 8.91->8.85 t=6.7s
[DONE] evaluation__6248__denoise__confidence_boost__nes__l0.5 calls=1021 margin 8.91->9.46 t=3.9s
[DONE] evaluation__6248__denoise__boundary_probe__nes__l0.5 calls=1021 margin 8.91->8.26 t=3.7s
[DONE] evaluation__6248__denoise__counterfactual__nes__l0.5 calls=1021 margin 8.91->8.20 t=4.0s
[DONE] evaluation__6248__deblur__attack__nes__l1 calls=1021 margin 6.87->5.80 t=4.4s
[DONE] evaluation__6248__deblur__restore__nes__l1 calls=1021 margin 6.87->7.17 t=4.6s
[DONE] evaluation__6248__deblur__random_walk__random_walk__l1 calls=1024 margin 6.87->6.98 t=7.0s
[DONE] evaluation__6248__deblur__confidence_boost__nes__l1 calls=1021 margin 6.87->7.84 t=3.8s
[DONE] evaluation__6248__deblur__boundary_probe__nes__l1 calls=1021 margin 6.87->5.85 t=3.9s
[DONE] evaluation__6248__deblur__counterfactual__nes__l1 calls=1021 margin 6.87->5.85 t=4.1s
[DONE] evaluation__8650__denoise__attack__nes__l0.5 calls=1021 margin 3.97->3.30 t=4.6s
[DONE] evaluation__8650__denoise__restore__nes__l0.5 calls=1021 margin 3.97->4.03 t=4.9s
[DONE] evaluation__8650__denoise__random_walk__random_walk__l0.5 calls=1024 margin 3.97->4.01 t=6.9s
[DONE] evaluation__8650__denoise__confidence_boost__nes__l0.5 calls=1021 margin 3.97->4.56 t=3.9s
[DONE] evaluation__8650__denoise__boundary_probe__nes__l0.5 calls=1021 margin 3.97->3.28 t=4.3s
[DONE] evaluation__8650__denoise__counterfactual__nes__l0.5 calls=1021 margin 3.97->3.24 t=4.2s
[DONE] evaluation__8650__deblur__attack__nes__l1 calls=1021 margin 5.08->4.44 t=4.7s
[DONE] evaluation__8650__deblur__restore__nes__l1 calls=1021 margin 5.08->5.15 t=4.5s
[DONE] evaluation__8650__deblur__random_walk__random_walk__l1 calls=1024 margin 5.08->4.94 t=6.6s
[DONE] evaluation__8650__deblur__confidence_boost__nes__l1 calls=1021 margin 5.08->5.65 t=3.9s
[DONE] evaluation__8650__deblur__boundary_probe__nes__l1 calls=1021 margin 5.08->4.47 t=4.0s
[DONE] evaluation__8650__deblur__counterfactual__nes__l1 calls=1021 margin 5.08->4.42 t=4.3s
[DONE] evaluation__1861__denoise__attack__nes__l0.5 calls=1021 margin 1.21->0.68 t=4.7s
[DONE] evaluation__1861__denoise__restore__nes__l0.5 calls=1021 margin 1.21->1.27 t=4.5s
[DONE] evaluation__1861__denoise__random_walk__random_walk__l0.5 calls=1024 margin 1.21->1.08 t=6.8s
[DONE] evaluation__1861__denoise__confidence_boost__nes__l0.5 calls=1021 margin 1.21->1.71 t=3.8s
[DONE] evaluation__1861__denoise__boundary_probe__nes__l0.5 calls=1021 margin 1.21->0.63 t=3.9s
[DONE] evaluation__1861__denoise__counterfactual__nes__l0.5 calls=1021 margin 1.21->0.61 t=4.1s
[DONE] evaluation__1861__deblur__attack__nes__l1 calls=1021 margin 2.78->2.41 t=4.8s
[DONE] evaluation__1861__deblur__restore__nes__l1 calls=1021 margin 2.78->2.81 t=4.7s
[DONE] evaluation__1861__deblur__random_walk__random_walk__l1 calls=1024 margin 2.78->2.67 t=6.9s
[DONE] evaluation__1861__deblur__confidence_boost__nes__l1 calls=1021 margin 2.78->3.19 t=4.1s
[DONE] evaluation__1861__deblur__boundary_probe__nes__l1 calls=1021 margin 2.78->2.33 t=4.3s
[DONE] evaluation__1861__deblur__counterfactual__nes__l1 calls=1021 margin 2.78->2.37 t=4.6s
[DONE] evaluation__4407__denoise__attack__nes__l0.5 calls=1021 margin 5.49->4.70 t=4.8s
[DONE] evaluation__4407__denoise__restore__nes__l0.5 calls=1021 margin 5.49->5.44 t=4.2s
[DONE] evaluation__4407__denoise__random_walk__random_walk__l0.5 calls=1024 margin 5.49->5.17 t=6.7s
[DONE] evaluation__4407__denoise__confidence_boost__nes__l0.5 calls=1021 margin 5.49->6.25 t=3.9s
[DONE] evaluation__4407__denoise__boundary_probe__nes__l0.5 calls=1021 margin 5.49->4.70 t=4.2s
[DONE] evaluation__4407__denoise__counterfactual__nes__l0.5 calls=1021 margin 5.49->4.66 t=4.7s
[DONE] evaluation__4407__deblur__attack__nes__l1 calls=1021 margin 5.59->4.77 t=4.6s
[DONE] evaluation__4407__deblur__restore__nes__l1 calls=1021 margin 5.59->5.61 t=4.4s
[DONE] evaluation__4407__deblur__random_walk__random_walk__l1 calls=1024 margin 5.59->5.49 t=6.3s
[DONE] evaluation__4407__deblur__confidence_boost__nes__l1 calls=1021 margin 5.59->6.30 t=4.0s
[DONE] evaluation__4407__deblur__boundary_probe__nes__l1 calls=1021 margin 5.59->4.80 t=4.1s
[DONE] evaluation__4407__deblur__counterfactual__nes__l1 calls=1021 margin 5.59->4.73 t=4.8s
[DONE] evaluation__7349__denoise__attack__nes__l0.5 calls=1021 margin 2.82->2.06 t=4.5s
[DONE] evaluation__7349__denoise__restore__nes__l0.5 calls=1021 margin 2.82->2.87 t=4.0s
[DONE] evaluation__7349__denoise__random_walk__random_walk__l0.5 calls=1024 margin 2.82->2.95 t=6.8s
[DONE] evaluation__7349__denoise__confidence_boost__nes__l0.5 calls=1021 margin 2.82->3.56 t=3.7s
[DONE] evaluation__7349__denoise__boundary_probe__nes__l0.5 calls=1021 margin 2.82->2.06 t=3.8s
[DONE] evaluation__7349__denoise__counterfactual__nes__l0.5 calls=1021 margin 2.82->2.10 t=4.7s
[DONE] evaluation__7349__deblur__attack__nes__l1 calls=1021 margin 2.70->2.10 t=4.4s
[DONE] evaluation__7349__deblur__restore__nes__l1 calls=1021 margin 2.70->2.71 t=3.9s
[DONE] evaluation__7349__deblur__random_walk__random_walk__l1 calls=1024 margin 2.70->2.70 t=6.6s
[DONE] evaluation__7349__deblur__confidence_boost__nes__l1 calls=1021 margin 2.70->3.46 t=3.8s
[DONE] evaluation__7349__deblur__boundary_probe__nes__l1 calls=1021 margin 2.70->2.02 t=3.9s
[DONE] evaluation__7349__deblur__counterfactual__nes__l1 calls=1021 margin 2.70->2.04 t=4.5s
[DONE] evaluation__509__denoise__attack__nes__l0.5 calls=1021 margin 0.37->0.18 t=4.5s
[DONE] evaluation__509__denoise__restore__nes__l0.5 calls=1021 margin 0.37->0.39 t=4.1s
[DONE] evaluation__509__denoise__random_walk__random_walk__l0.5 calls=1024 margin 0.37->0.36 t=7.0s
[DONE] evaluation__509__denoise__confidence_boost__nes__l0.5 calls=1021 margin 0.37->0.56 t=3.7s
[DONE] evaluation__509__denoise__boundary_probe__nes__l0.5 calls=1021 margin 0.37->0.17 t=3.9s
[DONE] evaluation__509__denoise__counterfactual__nes__l0.5 calls=1021 margin 0.37->0.19 t=4.7s
[DONE] evaluation__509__deblur__attack__nes__l1 calls=1021 margin 0.96->0.68 t=4.4s
[DONE] evaluation__509__deblur__restore__nes__l1 calls=1021 margin 0.96->0.96 t=4.0s
[DONE] evaluation__509__deblur__random_walk__random_walk__l1 calls=1024 margin 0.96->0.94 t=6.6s
[DONE] evaluation__509__deblur__confidence_boost__nes__l1 calls=1021 margin 0.96->1.28 t=3.8s
[DONE] evaluation__509__deblur__boundary_probe__nes__l1 calls=1021 margin 0.96->0.63 t=3.8s
[DONE] evaluation__509__deblur__counterfactual__nes__l1 calls=1021 margin 0.96->0.64 t=4.7s
[DONE] evaluation__4268__denoise__attack__nes__l0.5 calls=1021 margin 0.34->0.12 t=4.4s
[DONE] evaluation__4268__denoise__restore__nes__l0.5 calls=1021 margin 0.34->0.34 t=4.1s
[DONE] evaluation__4268__denoise__random_walk__random_walk__l0.5 calls=1024 margin 0.34->0.28 t=6.9s
[DONE] evaluation__4268__denoise__confidence_boost__nes__l0.5 calls=1021 margin 0.34->0.60 t=3.8s
[DONE] evaluation__4268__denoise__boundary_probe__nes__l0.5 calls=1021 margin 0.34->0.07 t=3.9s
[DONE] evaluation__4268__denoise__counterfactual__nes__l0.5 calls=1021 margin 0.34->0.06 t=4.6s
[DONE] evaluation__4268__deblur__attack__nes__l1 calls=1021 margin 0.48->0.22 t=4.5s
[DONE] evaluation__4268__deblur__restore__nes__l1 calls=1021 margin 0.48->0.46 t=4.0s
[DONE] evaluation__4268__deblur__random_walk__random_walk__l1 calls=1024 margin 0.48->0.41 t=6.6s
[DONE] evaluation__4268__deblur__confidence_boost__nes__l1 calls=1021 margin 0.48->0.72 t=3.8s
[DONE] evaluation__4268__deblur__boundary_probe__nes__l1 calls=1021 margin 0.48->0.19 t=3.9s
[DONE] evaluation__4268__deblur__counterfactual__nes__l1 calls=1021 margin 0.48->0.21 t=4.6s
[DONE] evaluation__5906__denoise__attack__nes__l0.5 calls=1021 margin 1.33->1.09 t=4.6s
[DONE] evaluation__5906__denoise__restore__nes__l0.5 calls=1021 margin 1.33->1.35 t=4.2s
[DONE] evaluation__5906__denoise__random_walk__random_walk__l0.5 calls=1024 margin 1.33->1.33 t=6.7s
[DONE] evaluation__5906__denoise__confidence_boost__nes__l0.5 calls=1021 margin 1.33->1.64 t=3.8s
[DONE] evaluation__5906__denoise__boundary_probe__nes__l0.5 calls=1021 margin 1.33->1.06 t=3.9s
[DONE] evaluation__5906__denoise__counterfactual__nes__l0.5 calls=1021 margin 1.33->1.09 t=4.5s
[DONE] evaluation__5906__deblur__attack__nes__l1 calls=1021 margin 1.27->0.97 t=4.4s
[DONE] evaluation__5906__deblur__restore__nes__l1 calls=1021 margin 1.27->1.33 t=4.1s
[DONE] evaluation__5906__deblur__random_walk__random_walk__l1 calls=1024 margin 1.27->1.27 t=6.6s
[DONE] evaluation__5906__deblur__confidence_boost__nes__l1 calls=1021 margin 1.27->1.63 t=3.8s
[DONE] evaluation__5906__deblur__boundary_probe__nes__l1 calls=1021 margin 1.27->0.97 t=3.8s
[DONE] evaluation__5906__deblur__counterfactual__nes__l1 calls=1021 margin 1.27->0.97 t=4.4s
[DONE] evaluation__8912__denoise__attack__nes__l0.5 calls=1021 margin 0.33->0.03 t=4.7s
[DONE] evaluation__8912__denoise__restore__nes__l0.5 calls=1021 margin 0.33->0.30 t=4.2s
[DONE] evaluation__8912__denoise__random_walk__random_walk__l0.5 calls=1024 margin 0.33->0.27 t=6.7s
[DONE] evaluation__8912__denoise__confidence_boost__nes__l0.5 calls=1021 margin 0.33->0.61 t=3.7s
[DONE] evaluation__8912__denoise__boundary_probe__nes__l0.5 calls=1021 margin 0.33->0.04 t=4.0s
[DONE] evaluation__8912__denoise__counterfactual__nes__l0.5 calls=1021 margin 0.33->0.01 t=4.3s
[DONE] evaluation__8912__deblur__attack__nes__l1 calls=1021 margin 0.09->-0.18 t=4.6s
[DONE] evaluation__8912__deblur__restore__nes__l1 calls=1021 margin 0.09->0.14 t=4.3s
[DONE] evaluation__8912__deblur__random_walk__random_walk__l1 calls=1024 margin 0.09->0.13 t=6.3s
[DONE] evaluation__8912__deblur__confidence_boost__nes__l1 calls=1021 margin 0.09->0.37 t=4.0s
[DONE] evaluation__8912__deblur__boundary_probe__nes__l1 calls=1021 margin 0.09->0.00 t=4.0s
[DONE] evaluation__8912__deblur__counterfactual__nes__l1 calls=1021 margin 0.09->-0.14 t=4.3s
[DONE] evaluation__1559__denoise__attack__nes__l0.5 calls=1021 margin 0.58->0.48 t=4.6s
[DONE] evaluation__1559__denoise__restore__nes__l0.5 calls=1021 margin 0.58->0.59 t=4.4s
[DONE] evaluation__1559__denoise__random_walk__random_walk__l0.5 calls=1024 margin 0.58->0.58 t=6.6s
[DONE] evaluation__1559__denoise__confidence_boost__nes__l0.5 calls=1021 margin 0.58->0.69 t=3.8s
[DONE] evaluation__1559__denoise__boundary_probe__nes__l0.5 calls=1021 margin 0.58->0.45 t=3.8s
[DONE] evaluation__1559__denoise__counterfactual__nes__l0.5 calls=1021 margin 0.58->0.50 t=4.4s
[DONE] evaluation__1559__deblur__attack__nes__l1 calls=1021 margin 0.59->0.43 t=4.7s
[DONE] evaluation__1559__deblur__restore__nes__l1 calls=1021 margin 0.59->0.62 t=4.4s
[DONE] evaluation__1559__deblur__random_walk__random_walk__l1 calls=1024 margin 0.59->0.61 t=6.5s
[DONE] evaluation__1559__deblur__confidence_boost__nes__l1 calls=1021 margin 0.59->0.75 t=4.1s
[DONE] evaluation__1559__deblur__boundary_probe__nes__l1 calls=1021 margin 0.59->0.40 t=4.0s
[DONE] evaluation__1559__deblur__counterfactual__nes__l1 calls=1021 margin 0.59->0.43 t=4.4s
[DONE] evaluation__4232__denoise__attack__nes__l0.5 calls=1021 margin 6.83->5.87 t=4.7s
[DONE] evaluation__4232__denoise__restore__nes__l0.5 calls=1021 margin 6.83->6.90 t=4.4s
[DONE] evaluation__4232__denoise__random_walk__random_walk__l0.5 calls=1024 margin 6.83->6.76 t=6.6s
[DONE] evaluation__4232__denoise__confidence_boost__nes__l0.5 calls=1021 margin 6.83->7.57 t=3.7s
[DONE] evaluation__4232__denoise__boundary_probe__nes__l0.5 calls=1021 margin 6.83->5.92 t=3.8s
[DONE] evaluation__4232__denoise__counterfactual__nes__l0.5 calls=1021 margin 6.83->5.95 t=4.3s
[DONE] evaluation__4232__deblur__attack__nes__l1 calls=1021 margin 4.52->2.85 t=4.7s
[DONE] evaluation__4232__deblur__restore__nes__l1 calls=1021 margin 4.52->4.88 t=4.6s
[DONE] evaluation__4232__deblur__random_walk__random_walk__l1 calls=1024 margin 4.52->4.30 t=6.7s
[DONE] evaluation__4232__deblur__confidence_boost__nes__l1 calls=1021 margin 4.52->5.84 t=4.0s
[DONE] evaluation__4232__deblur__boundary_probe__nes__l1 calls=1021 margin 4.52->2.85 t=4.0s
[DONE] evaluation__4232__deblur__counterfactual__nes__l1 calls=1021 margin 4.52->2.90 t=4.4s
[DONE] evaluation__5725__denoise__attack__nes__l0.5 calls=1021 margin 1.76->0.93 t=4.8s
[DONE] evaluation__5725__denoise__restore__nes__l0.5 calls=1021 margin 1.76->1.74 t=4.3s
[DONE] evaluation__5725__denoise__random_walk__random_walk__l0.5 calls=1024 margin 1.76->1.55 t=6.6s
[DONE] evaluation__5725__denoise__confidence_boost__nes__l0.5 calls=1021 margin 1.76->2.59 t=3.7s
[DONE] evaluation__5725__denoise__boundary_probe__nes__l0.5 calls=1021 margin 1.76->0.95 t=3.9s
[DONE] evaluation__5725__denoise__counterfactual__nes__l0.5 calls=1021 margin 1.76->0.96 t=4.2s
[DONE] evaluation__5725__deblur__attack__nes__l1 calls=1021 margin 0.84->0.46 t=4.7s
[DONE] evaluation__5725__deblur__restore__nes__l1 calls=1021 margin 0.84->1.04 t=4.4s
[DONE] evaluation__5725__deblur__random_walk__random_walk__l1 calls=1024 margin 0.84->0.86 t=6.5s
[DONE] evaluation__5725__deblur__confidence_boost__nes__l1 calls=1021 margin 0.84->1.68 t=3.9s
[DONE] evaluation__5725__deblur__boundary_probe__nes__l1 calls=1021 margin 0.84->0.47 t=3.9s
[DONE] evaluation__5725__deblur__counterfactual__nes__l1 calls=1021 margin 0.84->0.45 t=4.3s
[DONE] evaluation__2313__denoise__attack__nes__l0.5 calls=1021 margin 1.56->1.30 t=4.7s
[DONE] evaluation__2313__denoise__restore__nes__l0.5 calls=1021 margin 1.56->1.56 t=4.5s
[DONE] evaluation__2313__denoise__random_walk__random_walk__l0.5 calls=1024 margin 1.56->1.56 t=6.6s
[DONE] evaluation__2313__denoise__confidence_boost__nes__l0.5 calls=1021 margin 1.56->1.83 t=3.7s
[DONE] evaluation__2313__denoise__boundary_probe__nes__l0.5 calls=1021 margin 1.56->1.28 t=3.9s
[DONE] evaluation__2313__denoise__counterfactual__nes__l0.5 calls=1021 margin 1.56->1.29 t=4.5s
[DONE] evaluation__2313__deblur__attack__nes__l1 calls=1021 margin 0.49->0.19 t=4.9s
[DONE] evaluation__2313__deblur__restore__nes__l1 calls=1021 margin 0.49->0.58 t=4.4s
[DONE] evaluation__2313__deblur__random_walk__random_walk__l1 calls=1024 margin 0.49->0.53 t=6.6s
[DONE] evaluation__2313__deblur__confidence_boost__nes__l1 calls=1021 margin 0.49->0.85 t=4.0s
[DONE] evaluation__2313__deblur__boundary_probe__nes__l1 calls=1021 margin 0.49->0.16 t=3.9s
[DONE] evaluation__2313__deblur__counterfactual__nes__l1 calls=1021 margin 0.49->0.19 t=4.5s
[DONE] evaluation__3731__denoise__attack__nes__l0.5 calls=1021 margin 1.39->0.82 t=4.9s
[DONE] evaluation__3731__denoise__restore__nes__l0.5 calls=1021 margin 1.39->1.35 t=4.4s
[DONE] evaluation__3731__denoise__random_walk__random_walk__l0.5 calls=1024 margin 1.39->1.43 t=6.5s
[DONE] evaluation__3731__denoise__confidence_boost__nes__l0.5 calls=1021 margin 1.39->1.95 t=3.8s
[DONE] evaluation__3731__denoise__boundary_probe__nes__l0.5 calls=1021 margin 1.39->0.86 t=3.9s
[DONE] evaluation__3731__denoise__counterfactual__nes__l0.5 calls=1021 margin 1.39->0.85 t=4.4s
[DONE] evaluation__3731__deblur__attack__nes__l1 calls=1021 margin 0.63->0.18 t=4.8s
[DONE] evaluation__3731__deblur__restore__nes__l1 calls=1021 margin 0.63->0.62 t=4.3s
[DONE] evaluation__3731__deblur__random_walk__random_walk__l1 calls=1024 margin 0.63->0.66 t=6.6s
[DONE] evaluation__3731__deblur__confidence_boost__nes__l1 calls=1021 margin 0.63->1.16 t=3.8s
[DONE] evaluation__3731__deblur__boundary_probe__nes__l1 calls=1021 margin 0.63->0.20 t=4.0s
[DONE] evaluation__3731__deblur__counterfactual__nes__l1 calls=1021 margin 0.63->0.19 t=4.5s
[DONE] evaluation__7025__denoise__attack__nes__l0.5 calls=1021 margin 6.47->6.04 t=4.7s
[DONE] evaluation__7025__denoise__restore__nes__l0.5 calls=1021 margin 6.47->6.39 t=4.3s
[DONE] evaluation__7025__denoise__random_walk__random_walk__l0.5 calls=1024 margin 6.47->6.38 t=6.8s
[DONE] evaluation__7025__denoise__confidence_boost__nes__l0.5 calls=1021 margin 6.47->6.95 t=3.9s
[DONE] evaluation__7025__denoise__boundary_probe__nes__l0.5 calls=1021 margin 6.47->6.00 t=4.0s
[DONE] evaluation__7025__denoise__counterfactual__nes__l0.5 calls=1021 margin 6.47->6.02 t=4.4s
[DONE] evaluation__7025__deblur__attack__nes__l1 calls=1021 margin 5.10->4.46 t=4.8s
[DONE] evaluation__7025__deblur__restore__nes__l1 calls=1021 margin 5.10->5.30 t=4.2s
[DONE] evaluation__7025__deblur__random_walk__random_walk__l1 calls=1024 margin 5.10->5.20 t=6.6s
[DONE] evaluation__7025__deblur__confidence_boost__nes__l1 calls=1021 margin 5.10->5.73 t=3.7s
[DONE] evaluation__7025__deblur__boundary_probe__nes__l1 calls=1021 margin 5.10->4.37 t=4.0s
[DONE] evaluation__7025__deblur__counterfactual__nes__l1 calls=1021 margin 5.10->4.40 t=4.3s
[DONE] evaluation__1333__denoise__attack__nes__l0.5 calls=1021 margin 2.52->1.90 t=4.7s
[DONE] evaluation__1333__denoise__restore__nes__l0.5 calls=1021 margin 2.52->2.48 t=4.3s
[DONE] evaluation__1333__denoise__random_walk__random_walk__l0.5 calls=1024 margin 2.52->2.51 t=6.6s
[DONE] evaluation__1333__denoise__confidence_boost__nes__l0.5 calls=1021 margin 2.52->3.10 t=3.7s
[DONE] evaluation__1333__denoise__boundary_probe__nes__l0.5 calls=1021 margin 2.52->1.93 t=4.0s
[DONE] evaluation__1333__denoise__counterfactual__nes__l0.5 calls=1021 margin 2.52->1.93 t=4.3s
[DONE] evaluation__1333__deblur__attack__nes__l1 calls=1021 margin 2.27->1.38 t=4.8s
[DONE] evaluation__1333__deblur__restore__nes__l1 calls=1021 margin 2.27->2.48 t=4.4s
[DONE] evaluation__1333__deblur__random_walk__random_walk__l1 calls=1024 margin 2.27->2.28 t=6.7s
[DONE] evaluation__1333__deblur__confidence_boost__nes__l1 calls=1021 margin 2.27->3.10 t=3.8s
[DONE] evaluation__1333__deblur__boundary_probe__nes__l1 calls=1021 margin 2.27->1.45 t=4.1s
[DONE] evaluation__1333__deblur__counterfactual__nes__l1 calls=1021 margin 2.27->1.44 t=4.4s
[DONE] evaluation__3096__denoise__attack__nes__l0.5 calls=1021 margin 8.06->7.84 t=4.8s
[DONE] evaluation__3096__denoise__restore__nes__l0.5 calls=1021 margin 8.06->8.02 t=4.4s
[DONE] evaluation__3096__denoise__random_walk__random_walk__l0.5 calls=1024 margin 8.06->8.10 t=6.6s
[DONE] evaluation__3096__denoise__confidence_boost__nes__l0.5 calls=1021 margin 8.06->8.31 t=3.9s
[DONE] evaluation__3096__denoise__boundary_probe__nes__l0.5 calls=1021 margin 8.06->7.79 t=4.1s
[DONE] evaluation__3096__denoise__counterfactual__nes__l0.5 calls=1021 margin 8.06->7.79 t=4.4s
[DONE] evaluation__3096__deblur__attack__nes__l1 calls=1021 margin 7.43->7.20 t=4.7s
[DONE] evaluation__3096__deblur__restore__nes__l1 calls=1021 margin 7.43->7.46 t=4.2s
[DONE] evaluation__3096__deblur__random_walk__random_walk__l1 calls=1024 margin 7.43->7.39 t=6.4s
[DONE] evaluation__3096__deblur__confidence_boost__nes__l1 calls=1021 margin 7.43->7.66 t=3.8s
[DONE] evaluation__3096__deblur__boundary_probe__nes__l1 calls=1021 margin 7.43->7.16 t=4.0s
[DONE] evaluation__3096__deblur__counterfactual__nes__l1 calls=1021 margin 7.43->7.17 t=4.4s
[DONE] evaluation__7237__denoise__attack__nes__l0.5 calls=1021 margin 3.06->2.69 t=4.6s
[DONE] evaluation__7237__denoise__restore__nes__l0.5 calls=1021 margin 3.06->2.99 t=4.4s
[DONE] evaluation__7237__denoise__random_walk__random_walk__l0.5 calls=1024 margin 3.06->3.08 t=6.6s
[DONE] evaluation__7237__denoise__confidence_boost__nes__l0.5 calls=1021 margin 3.06->3.51 t=3.7s
[DONE] evaluation__7237__denoise__boundary_probe__nes__l0.5 calls=1021 margin 3.06->2.68 t=4.1s
[DONE] evaluation__7237__denoise__counterfactual__nes__l0.5 calls=1021 margin 3.06->2.72 t=4.3s
[DONE] evaluation__7237__deblur__attack__nes__l1 calls=1021 margin 2.32->1.94 t=4.5s
[DONE] evaluation__7237__deblur__restore__nes__l1 calls=1021 margin 2.32->2.37 t=4.5s
[DONE] evaluation__7237__deblur__random_walk__random_walk__l1 calls=1024 margin 2.32->2.26 t=6.6s
[DONE] evaluation__7237__deblur__confidence_boost__nes__l1 calls=1021 margin 2.32->2.74 t=3.8s
[DONE] evaluation__7237__deblur__boundary_probe__nes__l1 calls=1021 margin 2.32->1.90 t=4.1s
[DONE] evaluation__7237__deblur__counterfactual__nes__l1 calls=1021 margin 2.32->1.92 t=4.5s
[DONE] evaluation__9252__denoise__attack__nes__l0.5 calls=1021 margin 0.89->0.19 t=4.6s
[DONE] evaluation__9252__denoise__restore__nes__l0.5 calls=1021 margin 0.89->0.84 t=4.3s
[DONE] evaluation__9252__denoise__random_walk__random_walk__l0.5 calls=1024 margin 0.89->0.52 t=6.5s
[DONE] evaluation__9252__denoise__confidence_boost__nes__l0.5 calls=1021 margin 0.89->1.45 t=3.8s
[DONE] evaluation__9252__denoise__boundary_probe__nes__l0.5 calls=1021 margin 0.89->0.14 t=4.0s
[DONE] evaluation__9252__denoise__counterfactual__nes__l0.5 calls=1021 margin 0.89->0.16 t=4.4s
[DONE] evaluation__9252__deblur__attack__nes__l1 calls=1021 margin 0.88->0.42 t=4.6s
[DONE] evaluation__9252__deblur__restore__nes__l1 calls=1021 margin 0.88->1.04 t=4.3s
[DONE] evaluation__9252__deblur__random_walk__random_walk__l1 calls=1024 margin 0.88->0.93 t=6.6s
[DONE] evaluation__9252__deblur__confidence_boost__nes__l1 calls=1021 margin 0.88->1.31 t=3.7s
[DONE] evaluation__9252__deblur__boundary_probe__nes__l1 calls=1021 margin 0.88->0.43 t=4.0s
[DONE] evaluation__9252__deblur__counterfactual__nes__l1 calls=1021 margin 0.88->0.52 t=4.4s
[DONE] evaluation__2837__denoise__attack__nes__l0.5 calls=1021 margin 1.66->1.37 t=4.6s
[DONE] evaluation__2837__denoise__restore__nes__l0.5 calls=1021 margin 1.66->1.65 t=4.1s
[DONE] evaluation__2837__denoise__random_walk__random_walk__l0.5 calls=1024 margin 1.66->1.61 t=6.6s
[DONE] evaluation__2837__denoise__confidence_boost__nes__l0.5 calls=1021 margin 1.66->1.94 t=3.9s
[DONE] evaluation__2837__denoise__boundary_probe__nes__l0.5 calls=1021 margin 1.66->1.38 t=4.2s
[DONE] evaluation__2837__denoise__counterfactual__nes__l0.5 calls=1021 margin 1.66->1.38 t=4.4s
[DONE] evaluation__2837__deblur__attack__nes__l1 calls=1021 margin 1.79->1.52 t=4.4s
[DONE] evaluation__2837__deblur__restore__nes__l1 calls=1021 margin 1.79->1.88 t=4.4s
[DONE] evaluation__2837__deblur__random_walk__random_walk__l1 calls=1024 margin 1.79->1.81 t=6.8s
[DONE] evaluation__2837__deblur__confidence_boost__nes__l1 calls=1021 margin 1.79->2.08 t=3.7s
[DONE] evaluation__2837__deblur__boundary_probe__nes__l1 calls=1021 margin 1.79->1.52 t=4.0s
[DONE] evaluation__2837__deblur__counterfactual__nes__l1 calls=1021 margin 1.79->1.52 t=4.5s
[DONE] evaluation__6947__denoise__attack__nes__l0.5 calls=1021 margin 1.48->1.20 t=4.5s
[DONE] evaluation__6947__denoise__restore__nes__l0.5 calls=1021 margin 1.48->1.52 t=4.2s
[DONE] evaluation__6947__denoise__random_walk__random_walk__l0.5 calls=1024 margin 1.48->1.42 t=6.9s
[DONE] evaluation__6947__denoise__confidence_boost__nes__l0.5 calls=1021 margin 1.48->1.74 t=3.8s
[DONE] evaluation__6947__denoise__boundary_probe__nes__l0.5 calls=1021 margin 1.48->1.19 t=4.2s
[DONE] evaluation__6947__denoise__counterfactual__nes__l0.5 calls=1021 margin 1.48->1.18 t=4.5s
[DONE] evaluation__6947__deblur__attack__nes__l1 calls=1021 margin 3.34->2.91 t=4.6s
[DONE] evaluation__6947__deblur__restore__nes__l1 calls=1021 margin 3.34->3.36 t=4.3s
[DONE] evaluation__6947__deblur__random_walk__random_walk__l1 calls=1024 margin 3.34->3.03 t=6.5s
[DONE] evaluation__6947__deblur__confidence_boost__nes__l1 calls=1021 margin 3.34->3.58 t=3.7s
[DONE] evaluation__6947__deblur__boundary_probe__nes__l1 calls=1021 margin 3.34->2.94 t=4.1s
[DONE] evaluation__6947__deblur__counterfactual__nes__l1 calls=1021 margin 3.34->2.95 t=4.5s
[DONE] evaluation__8567__denoise__attack__nes__l0.5 calls=1021 margin 4.54->4.15 t=4.6s
[DONE] evaluation__8567__denoise__restore__nes__l0.5 calls=1021 margin 4.54->4.62 t=4.2s
[DONE] evaluation__8567__denoise__random_walk__random_walk__l0.5 calls=1024 margin 4.54->4.43 t=6.4s
[DONE] evaluation__8567__denoise__confidence_boost__nes__l0.5 calls=1021 margin 4.54->4.86 t=3.8s
[DONE] evaluation__8567__denoise__boundary_probe__nes__l0.5 calls=1021 margin 4.54->4.12 t=4.0s
[DONE] evaluation__8567__denoise__counterfactual__nes__l0.5 calls=1021 margin 4.54->4.09 t=4.4s
[DONE] evaluation__8567__deblur__attack__nes__l1 calls=1021 margin 5.63->5.09 t=4.6s
[DONE] evaluation__8567__deblur__restore__nes__l1 calls=1021 margin 5.63->5.63 t=4.1s
[DONE] evaluation__8567__deblur__random_walk__random_walk__l1 calls=1024 margin 5.63->5.44 t=6.6s
[DONE] evaluation__8567__deblur__confidence_boost__nes__l1 calls=1021 margin 5.63->6.04 t=3.9s
[DONE] evaluation__8567__deblur__boundary_probe__nes__l1 calls=1021 margin 5.63->5.05 t=4.0s
[DONE] evaluation__8567__deblur__counterfactual__nes__l1 calls=1021 margin 5.63->5.10 t=4.5s
[DONE] evaluation__2493__denoise__attack__nes__l0.5 calls=1021 margin 1.40->0.72 t=4.5s
[DONE] evaluation__2493__denoise__restore__nes__l0.5 calls=1021 margin 1.40->1.35 t=4.2s
[DONE] evaluation__2493__denoise__random_walk__random_walk__l0.5 calls=1024 margin 1.40->1.30 t=6.7s
[DONE] evaluation__2493__denoise__confidence_boost__nes__l0.5 calls=1021 margin 1.40->2.12 t=3.8s
[DONE] evaluation__2493__denoise__boundary_probe__nes__l0.5 calls=1021 margin 1.40->0.74 t=4.0s
[DONE] evaluation__2493__denoise__counterfactual__nes__l0.5 calls=1021 margin 1.40->0.81 t=4.5s
[DONE] evaluation__2493__deblur__attack__nes__l1 calls=1021 margin 1.21->0.50 t=4.4s
[DONE] evaluation__2493__deblur__restore__nes__l1 calls=1021 margin 1.21->1.32 t=4.1s
[DONE] evaluation__2493__deblur__random_walk__random_walk__l1 calls=1024 margin 1.21->1.28 t=6.5s
[DONE] evaluation__2493__deblur__confidence_boost__nes__l1 calls=1021 margin 1.21->2.06 t=4.1s
[DONE] evaluation__2493__deblur__boundary_probe__nes__l1 calls=1021 margin 1.21->0.49 t=4.3s
[DONE] evaluation__2493__deblur__counterfactual__nes__l1 calls=1021 margin 1.21->0.50 t=4.7s
[DONE] evaluation__5432__denoise__attack__nes__l0.5 calls=1021 margin 4.71->3.88 t=4.4s
[DONE] evaluation__5432__denoise__restore__nes__l0.5 calls=1021 margin 4.71->4.65 t=4.1s
[DONE] evaluation__5432__denoise__random_walk__random_walk__l0.5 calls=1024 margin 4.71->4.76 t=6.6s
[DONE] evaluation__5432__denoise__confidence_boost__nes__l0.5 calls=1021 margin 4.71->5.55 t=3.9s
[DONE] evaluation__5432__denoise__boundary_probe__nes__l0.5 calls=1021 margin 4.71->3.88 t=4.1s
[DONE] evaluation__5432__denoise__counterfactual__nes__l0.5 calls=1021 margin 4.71->3.89 t=4.4s
[DONE] evaluation__5432__deblur__attack__nes__l1 calls=1021 margin 4.32->3.43 t=4.5s
[DONE] evaluation__5432__deblur__restore__nes__l1 calls=1021 margin 4.32->4.58 t=4.0s
[DONE] evaluation__5432__deblur__random_walk__random_walk__l1 calls=1024 margin 4.32->4.11 t=6.6s
[DONE] evaluation__5432__deblur__confidence_boost__nes__l1 calls=1021 margin 4.32->5.28 t=3.8s
[DONE] evaluation__5432__deblur__boundary_probe__nes__l1 calls=1021 margin 4.32->3.29 t=4.1s
[DONE] evaluation__5432__deblur__counterfactual__nes__l1 calls=1021 margin 4.32->3.29 t=4.5s
[DONE] evaluation__7694__denoise__attack__nes__l0.5 calls=1021 margin 4.03->3.43 t=4.4s
[DONE] evaluation__7694__denoise__restore__nes__l0.5 calls=1021 margin 4.03->3.98 t=4.1s
[DONE] evaluation__7694__denoise__random_walk__random_walk__l0.5 calls=1024 margin 4.03->3.82 t=7.0s
[DONE] evaluation__7694__denoise__confidence_boost__nes__l0.5 calls=1021 margin 4.03->4.60 t=3.8s
[DONE] evaluation__7694__denoise__boundary_probe__nes__l0.5 calls=1021 margin 4.03->3.36 t=4.2s
[DONE] evaluation__7694__denoise__counterfactual__nes__l0.5 calls=1021 margin 4.03->3.39 t=4.7s
[DONE] evaluation__7694__deblur__attack__nes__l1 calls=1021 margin 3.39->2.47 t=4.2s
[DONE] evaluation__7694__deblur__restore__nes__l1 calls=1021 margin 3.39->3.53 t=3.9s
[DONE] evaluation__7694__deblur__random_walk__random_walk__l1 calls=1024 margin 3.39->3.06 t=6.6s
[DONE] evaluation__7694__deblur__confidence_boost__nes__l1 calls=1021 margin 3.39->4.07 t=3.8s
[DONE] evaluation__7694__deblur__boundary_probe__nes__l1 calls=1021 margin 3.39->2.49 t=4.2s
[DONE] evaluation__7694__deblur__counterfactual__nes__l1 calls=1021 margin 3.39->2.34 t=4.6s
[DONE] fit__1949__denoise__attack__nes__l0.5 calls=1021 margin 5.69->5.03 t=4.3s
[DONE] fit__1949__denoise__restore__nes__l0.5 calls=1021 margin 5.69->5.67 t=4.0s
[DONE] fit__1949__denoise__random_walk__random_walk__l0.5 calls=1024 margin 5.69->5.72 t=6.8s
[DONE] fit__1949__denoise__confidence_boost__nes__l0.5 calls=1021 margin 5.69->6.21 t=3.8s
[DONE] fit__1949__denoise__boundary_probe__nes__l0.5 calls=1021 margin 5.69->4.92 t=4.4s
[DONE] fit__1949__denoise__counterfactual__nes__l0.5 calls=1021 margin 5.69->4.90 t=4.5s
[DONE] fit__1949__deblur__attack__nes__l1 calls=1021 margin 4.76->4.12 t=4.3s
[DONE] fit__1949__deblur__restore__nes__l1 calls=1021 margin 4.76->4.87 t=4.0s
[DONE] fit__1949__deblur__random_walk__random_walk__l1 calls=1024 margin 4.76->4.85 t=6.6s
[DONE] fit__1949__deblur__confidence_boost__nes__l1 calls=1021 margin 4.76->5.38 t=3.9s
[DONE] fit__1949__deblur__boundary_probe__nes__l1 calls=1021 margin 4.76->4.03 t=4.2s
[DONE] fit__1949__deblur__counterfactual__nes__l1 calls=1021 margin 4.76->4.05 t=4.5s
[DONE] fit__8031__denoise__attack__nes__l0.5 calls=1021 margin 6.00->5.18 t=4.2s
[DONE] fit__8031__denoise__restore__nes__l0.5 calls=1021 margin 6.00->6.02 t=4.1s
[DONE] fit__8031__denoise__random_walk__random_walk__l0.5 calls=1024 margin 6.00->5.73 t=6.8s
[DONE] fit__8031__denoise__confidence_boost__nes__l0.5 calls=1021 margin 6.00->6.76 t=3.9s
[DONE] fit__8031__denoise__boundary_probe__nes__l0.5 calls=1021 margin 6.00->5.10 t=4.2s
[DONE] fit__8031__denoise__counterfactual__nes__l0.5 calls=1021 margin 6.00->5.20 t=4.4s
[DONE] fit__8031__deblur__attack__nes__l1 calls=1021 margin 6.90->6.12 t=4.2s
[DONE] fit__8031__deblur__restore__nes__l1 calls=1021 margin 6.90->6.91 t=4.0s
[DONE] fit__8031__deblur__random_walk__random_walk__l1 calls=1024 margin 6.90->6.71 t=6.8s
[DONE] fit__8031__deblur__confidence_boost__nes__l1 calls=1021 margin 6.90->7.51 t=3.8s
[DONE] fit__8031__deblur__boundary_probe__nes__l1 calls=1021 margin 6.90->6.08 t=4.2s
[DONE] fit__8031__deblur__counterfactual__nes__l1 calls=1021 margin 6.90->6.09 t=4.6s
[DONE] fit__2142__denoise__attack__nes__l0.5 calls=1021 margin 2.47->2.03 t=4.3s
[DONE] fit__2142__denoise__restore__nes__l0.5 calls=1021 margin 2.47->2.39 t=4.0s
[DONE] fit__2142__denoise__random_walk__random_walk__l0.5 calls=1024 margin 2.47->2.49 t=6.8s
[DONE] fit__2142__denoise__confidence_boost__nes__l0.5 calls=1021 margin 2.47->2.92 t=3.8s
[DONE] fit__2142__denoise__boundary_probe__nes__l0.5 calls=1021 margin 2.47->2.00 t=4.2s
[DONE] fit__2142__denoise__counterfactual__nes__l0.5 calls=1021 margin 2.47->2.03 t=4.5s
[DONE] fit__2142__deblur__attack__nes__l1 calls=1021 margin 2.11->1.64 t=4.2s
[DONE] fit__2142__deblur__restore__nes__l1 calls=1021 margin 2.11->2.21 t=4.0s
[DONE] fit__2142__deblur__random_walk__random_walk__l1 calls=1024 margin 2.11->2.03 t=6.7s
[DONE] fit__2142__deblur__confidence_boost__nes__l1 calls=1021 margin 2.11->2.60 t=3.9s
[DONE] fit__2142__deblur__boundary_probe__nes__l1 calls=1021 margin 2.11->1.57 t=4.2s
[DONE] fit__2142__deblur__counterfactual__nes__l1 calls=1021 margin 2.11->1.63 t=4.5s
[DONE] fit__8709__denoise__attack__nes__l0.5 calls=1021 margin 9.87->9.56 t=4.1s
[DONE] fit__8709__denoise__restore__nes__l0.5 calls=1021 margin 9.87->9.86 t=4.1s
[DONE] fit__8709__denoise__random_walk__random_walk__l0.5 calls=1024 margin 9.87->9.76 t=6.6s
[DONE] fit__8709__denoise__confidence_boost__nes__l0.5 calls=1021 margin 9.87->10.10 t=3.7s
[DONE] fit__8709__denoise__boundary_probe__nes__l0.5 calls=1021 margin 9.87->9.53 t=4.3s
[DONE] fit__8709__denoise__counterfactual__nes__l0.5 calls=1021 margin 9.87->9.49 t=4.5s
[DONE] fit__8709__deblur__attack__nes__l1 calls=1021 margin 9.69->9.16 t=4.1s
[DONE] fit__8709__deblur__restore__nes__l1 calls=1021 margin 9.69->9.72 t=4.1s
[DONE] fit__8709__deblur__random_walk__random_walk__l1 calls=1024 margin 9.69->9.59 t=6.6s
[DONE] fit__8709__deblur__confidence_boost__nes__l1 calls=1021 margin 9.69->9.92 t=4.0s
[DONE] fit__8709__deblur__boundary_probe__nes__l1 calls=1021 margin 9.69->9.31 t=4.4s
[DONE] fit__8709__deblur__counterfactual__nes__l1 calls=1021 margin 9.69->9.31 t=4.3s
[DONE] fit__1963__denoise__attack__nes__l0.5 calls=1021 margin 8.10->6.71 t=4.2s
[DONE] fit__1963__denoise__restore__nes__l0.5 calls=1021 margin 8.10->8.15 t=4.0s
[DONE] fit__1963__denoise__random_walk__random_walk__l0.5 calls=1024 margin 8.10->7.63 t=6.8s
[DONE] fit__1963__denoise__confidence_boost__nes__l0.5 calls=1021 margin 8.10->9.48 t=4.0s
[DONE] fit__1963__denoise__boundary_probe__nes__l0.5 calls=1021 margin 8.10->6.64 t=4.2s
[DONE] fit__1963__denoise__counterfactual__nes__l0.5 calls=1021 margin 8.10->6.73 t=4.2s
[DONE] fit__1963__deblur__attack__nes__l1 calls=1021 margin 5.32->4.06 t=4.0s
[DONE] fit__1963__deblur__restore__nes__l1 calls=1021 margin 5.32->5.74 t=4.0s
[DONE] fit__1963__deblur__random_walk__random_walk__l1 calls=1024 margin 5.32->4.74 t=7.0s
[DONE] fit__1963__deblur__confidence_boost__nes__l1 calls=1021 margin 5.32->6.81 t=4.0s
[DONE] fit__1963__deblur__boundary_probe__nes__l1 calls=1021 margin 5.32->3.97 t=4.3s
[DONE] fit__1963__deblur__counterfactual__nes__l1 calls=1021 margin 5.32->3.95 t=4.4s
[DONE] fit__1070__denoise__attack__nes__l0.5 calls=1021 margin 0.28->0.17 t=4.4s
[DONE] fit__1070__denoise__restore__nes__l0.5 calls=1021 margin 0.28->0.28 t=4.1s
[DONE] fit__1070__denoise__random_walk__random_walk__l0.5 calls=1024 margin 0.28->0.29 t=6.9s
[DONE] fit__1070__denoise__confidence_boost__nes__l0.5 calls=1021 margin 0.28->0.39 t=4.0s
[DONE] fit__1070__denoise__boundary_probe__nes__l0.5 calls=1021 margin 0.28->0.12 t=4.4s
[DONE] fit__1070__denoise__counterfactual__nes__l0.5 calls=1021 margin 0.28->0.13 t=4.3s
[DONE] fit__1070__deblur__attack__nes__l1 calls=1021 margin 0.59->0.46 t=4.2s
[DONE] fit__1070__deblur__restore__nes__l1 calls=1021 margin 0.59->0.58 t=4.0s
[DONE] fit__1070__deblur__random_walk__random_walk__l1 calls=1024 margin 0.59->0.56 t=6.7s
[DONE] fit__1070__deblur__confidence_boost__nes__l1 calls=1021 margin 0.59->0.73 t=4.2s
[DONE] fit__1070__deblur__boundary_probe__nes__l1 calls=1021 margin 0.59->0.43 t=4.5s
[DONE] fit__1070__deblur__counterfactual__nes__l1 calls=1021 margin 0.59->0.42 t=4.2s
[DONE] fit__8033__denoise__attack__nes__l0.5 calls=1021 margin 0.44->0.24 t=4.1s
[DONE] fit__8033__denoise__restore__nes__l0.5 calls=1021 margin 0.44->0.48 t=4.0s
[DONE] fit__8033__denoise__random_walk__random_walk__l0.5 calls=1024 margin 0.44->0.39 t=6.7s
[DONE] fit__8033__denoise__confidence_boost__nes__l0.5 calls=1021 margin 0.44->0.69 t=4.0s
[DONE] fit__8033__denoise__boundary_probe__nes__l0.5 calls=1021 margin 0.44->0.15 t=4.6s
[DONE] fit__8033__denoise__counterfactual__nes__l0.5 calls=1021 margin 0.44->0.18 t=4.3s
[DONE] fit__8033__deblur__attack__nes__l1 calls=1021 margin 0.51->0.48 t=4.3s
[DONE] fit__8033__deblur__restore__nes__l1 calls=1021 margin 0.51->0.51 t=4.1s
[DONE] fit__8033__deblur__random_walk__random_walk__l1 calls=1024 margin 0.51->0.50 t=6.7s
[DONE] fit__8033__deblur__confidence_boost__nes__l1 calls=1021 margin 0.51->0.54 t=4.2s
[DONE] fit__8033__deblur__boundary_probe__nes__l1 calls=1021 margin 0.51->0.42 t=4.5s
[DONE] fit__8033__deblur__counterfactual__nes__l1 calls=1021 margin 0.51->0.42 t=4.2s
[DONE] fit__2348__denoise__attack__nes__l0.5 calls=1021 margin 2.22->1.61 t=3.9s
[DONE] fit__2348__denoise__restore__nes__l0.5 calls=1021 margin 2.22->2.13 t=4.0s
[DONE] fit__2348__denoise__random_walk__random_walk__l0.5 calls=1024 margin 2.22->2.20 t=6.8s
[DONE] fit__2348__denoise__confidence_boost__nes__l0.5 calls=1021 margin 2.22->2.90 t=4.2s
[DONE] fit__2348__denoise__boundary_probe__nes__l0.5 calls=1021 margin 2.22->1.56 t=4.3s
[DONE] fit__2348__denoise__counterfactual__nes__l0.5 calls=1021 margin 2.22->1.51 t=4.0s
[DONE] fit__2348__deblur__attack__nes__l1 calls=1021 margin 1.51->0.82 t=4.1s
[DONE] fit__2348__deblur__restore__nes__l1 calls=1021 margin 1.51->1.63 t=3.9s
[DONE] fit__2348__deblur__random_walk__random_walk__l1 calls=1024 margin 1.51->1.46 t=6.6s
[DONE] fit__2348__deblur__confidence_boost__nes__l1 calls=1021 margin 1.51->2.21 t=4.2s
[DONE] fit__2348__deblur__boundary_probe__nes__l1 calls=1021 margin 1.51->0.89 t=4.4s
[DONE] fit__2348__deblur__counterfactual__nes__l1 calls=1021 margin 1.51->0.93 t=4.0s
[DONE] fit__8381__denoise__attack__nes__l0.5 calls=1021 margin 1.42->0.57 t=4.1s
[DONE] fit__8381__denoise__restore__nes__l0.5 calls=1021 margin 1.42->1.46 t=4.0s
[DONE] fit__8381__denoise__random_walk__random_walk__l0.5 calls=1024 margin 1.42->1.47 t=6.9s
[DONE] fit__8381__denoise__confidence_boost__nes__l0.5 calls=1021 margin 1.42->2.13 t=4.2s
[DONE] fit__8381__denoise__boundary_probe__nes__l0.5 calls=1021 margin 1.42->0.57 t=4.3s
[DONE] fit__8381__denoise__counterfactual__nes__l0.5 calls=1021 margin 1.42->0.57 t=3.8s
[DONE] fit__8381__deblur__attack__nes__l1 calls=1021 margin 1.59->0.92 t=3.9s
[DONE] fit__8381__deblur__restore__nes__l1 calls=1021 margin 1.59->1.65 t=4.0s
[DONE] fit__8381__deblur__random_walk__random_walk__l1 calls=1024 margin 1.59->1.53 t=6.8s
[DONE] fit__8381__deblur__confidence_boost__nes__l1 calls=1021 margin 1.59->2.23 t=4.1s
[DONE] fit__8381__deblur__boundary_probe__nes__l1 calls=1021 margin 1.59->0.94 t=4.3s
[DONE] fit__8381__deblur__counterfactual__nes__l1 calls=1021 margin 1.59->0.91 t=3.9s
[DONE] fit__2651__denoise__attack__nes__l0.5 calls=1021 margin 0.57->-0.51 t=3.8s
[DONE] fit__2651__denoise__restore__nes__l0.5 calls=1021 margin 0.57->0.63 t=4.1s
[DONE] fit__2651__denoise__random_walk__random_walk__l0.5 calls=1024 margin 0.57->0.41 t=7.0s
[DONE] fit__2651__denoise__confidence_boost__nes__l0.5 calls=1021 margin 0.57->1.15 t=4.2s
[DONE] fit__2651__denoise__boundary_probe__nes__l0.5 calls=1021 margin 0.57->0.00 t=4.3s
[DONE] fit__2651__denoise__counterfactual__nes__l0.5 calls=1021 margin 0.57->-0.52 t=3.9s
[DONE] fit__2651__deblur__attack__nes__l1 calls=1021 margin 2.35->1.91 t=3.9s
[DONE] fit__2651__deblur__restore__nes__l1 calls=1021 margin 2.35->2.39 t=4.0s
[DONE] fit__2651__deblur__random_walk__random_walk__l1 calls=1024 margin 2.35->2.30 t=6.8s
[DONE] fit__2651__deblur__confidence_boost__nes__l1 calls=1021 margin 2.35->2.91 t=4.2s
[DONE] fit__2651__deblur__boundary_probe__nes__l1 calls=1021 margin 2.35->1.81 t=4.3s
[DONE] fit__2651__deblur__counterfactual__nes__l1 calls=1021 margin 2.35->1.80 t=4.0s
[DONE] fit__62__denoise__attack__nes__l0.5 calls=1021 margin 7.33->6.86 t=4.1s
[DONE] fit__62__denoise__restore__nes__l0.5 calls=1021 margin 7.33->7.24 t=4.0s
[DONE] fit__62__denoise__random_walk__random_walk__l0.5 calls=1024 margin 7.33->7.32 t=6.8s
[DONE] fit__62__denoise__confidence_boost__nes__l0.5 calls=1021 margin 7.33->7.70 t=4.1s
[DONE] fit__62__denoise__boundary_probe__nes__l0.5 calls=1021 margin 7.33->6.86 t=4.2s
[DONE] fit__62__denoise__counterfactual__nes__l0.5 calls=1021 margin 7.33->6.84 t=4.0s
[DONE] fit__62__deblur__attack__nes__l1 calls=1021 margin 4.72->4.13 t=4.0s
[DONE] fit__62__deblur__restore__nes__l1 calls=1021 margin 4.72->5.00 t=4.0s
[DONE] fit__62__deblur__random_walk__random_walk__l1 calls=1024 margin 4.72->4.80 t=6.9s
[DONE] fit__62__deblur__confidence_boost__nes__l1 calls=1021 margin 4.72->5.42 t=4.0s
[DONE] fit__62__deblur__boundary_probe__nes__l1 calls=1021 margin 4.72->4.13 t=4.2s
[DONE] fit__62__deblur__counterfactual__nes__l1 calls=1021 margin 4.72->4.09 t=4.1s
[DONE] fit__7890__denoise__attack__nes__l0.5 calls=1021 margin 2.65->2.23 t=4.1s
[DONE] fit__7890__denoise__restore__nes__l0.5 calls=1021 margin 2.65->2.56 t=4.0s
[DONE] fit__7890__denoise__random_walk__random_walk__l0.5 calls=1024 margin 2.65->2.65 t=6.9s
[DONE] fit__7890__denoise__confidence_boost__nes__l0.5 calls=1021 margin 2.65->3.06 t=4.1s
[DONE] fit__7890__denoise__boundary_probe__nes__l0.5 calls=1021 margin 2.65->2.21 t=4.1s
[DONE] fit__7890__denoise__counterfactual__nes__l0.5 calls=1021 margin 2.65->2.24 t=4.1s
[DONE] fit__7890__deblur__attack__nes__l1 calls=1021 margin 0.82->0.50 t=3.9s
[DONE] fit__7890__deblur__restore__nes__l1 calls=1021 margin 0.82->0.93 t=4.0s
[DONE] fit__7890__deblur__random_walk__random_walk__l1 calls=1024 margin 0.82->0.92 t=7.1s
[DONE] fit__7890__deblur__confidence_boost__nes__l1 calls=1021 margin 0.82->1.25 t=4.1s
[DONE] fit__7890__deblur__boundary_probe__nes__l1 calls=1021 margin 0.82->0.47 t=4.2s
[DONE] fit__7890__deblur__counterfactual__nes__l1 calls=1021 margin 0.82->0.44 t=3.9s
[DONE] fit__1473__denoise__attack__nes__l0.5 calls=1021 margin 9.86->9.51 t=3.9s
[DONE] fit__1473__denoise__restore__nes__l0.5 calls=1021 margin 9.86->9.83 t=4.0s
[DONE] fit__1473__denoise__random_walk__random_walk__l0.5 calls=1024 margin 9.86->9.86 t=6.9s
[DONE] fit__1473__denoise__confidence_boost__nes__l0.5 calls=1021 margin 9.86->10.20 t=4.1s
[DONE] fit__1473__denoise__boundary_probe__nes__l0.5 calls=1021 margin 9.86->9.49 t=4.3s
[DONE] fit__1473__denoise__counterfactual__nes__l0.5 calls=1021 margin 9.86->9.52 t=3.9s
[DONE] fit__1473__deblur__attack__nes__l1 calls=1021 margin 8.64->8.25 t=4.0s
[DONE] fit__1473__deblur__restore__nes__l1 calls=1021 margin 8.64->8.76 t=4.0s
[DONE] fit__1473__deblur__random_walk__random_walk__l1 calls=1024 margin 8.64->8.68 t=7.0s
[DONE] fit__1473__deblur__confidence_boost__nes__l1 calls=1021 margin 8.64->9.07 t=4.0s
[DONE] fit__1473__deblur__boundary_probe__nes__l1 calls=1021 margin 8.64->8.23 t=4.2s
[DONE] fit__1473__deblur__counterfactual__nes__l1 calls=1021 margin 8.64->8.23 t=3.9s
[DONE] fit__8629__denoise__attack__nes__l0.5 calls=1021 margin 1.42->0.89 t=3.9s
[DONE] fit__8629__denoise__restore__nes__l0.5 calls=1021 margin 1.42->1.38 t=3.9s
[DONE] fit__8629__denoise__random_walk__random_walk__l0.5 calls=1024 margin 1.42->1.51 t=7.0s
[DONE] fit__8629__denoise__confidence_boost__nes__l0.5 calls=1021 margin 1.42->1.95 t=3.9s
[DONE] fit__8629__denoise__boundary_probe__nes__l0.5 calls=1021 margin 1.42->0.92 t=4.3s
[DONE] fit__8629__denoise__counterfactual__nes__l0.5 calls=1021 margin 1.42->0.92 t=4.0s
[DONE] fit__8629__deblur__attack__nes__l1 calls=1021 margin 0.26->-0.35 t=4.0s
[DONE] fit__8629__deblur__restore__nes__l1 calls=1021 margin 0.26->0.38 t=4.0s
[DONE] fit__8629__deblur__random_walk__random_walk__l1 calls=1024 margin 0.26->0.17 t=7.0s
[DONE] fit__8629__deblur__confidence_boost__nes__l1 calls=1021 margin 0.26->0.88 t=3.9s
[DONE] fit__8629__deblur__boundary_probe__nes__l1 calls=1021 margin 0.26->0.00 t=4.3s
[DONE] fit__8629__deblur__counterfactual__nes__l1 calls=1021 margin 0.26->-0.33 t=3.8s
[DONE] fit__4348__denoise__attack__nes__l0.5 calls=1021 margin 1.72->1.28 t=4.2s
[DONE] fit__4348__denoise__restore__nes__l0.5 calls=1021 margin 1.72->1.76 t=4.1s
[DONE] fit__4348__denoise__random_walk__random_walk__l0.5 calls=1024 margin 1.72->1.61 t=7.1s
[DONE] fit__4348__denoise__confidence_boost__nes__l0.5 calls=1021 margin 1.72->2.21 t=4.0s
[DONE] fit__4348__denoise__boundary_probe__nes__l0.5 calls=1021 margin 1.72->1.18 t=4.5s
[DONE] fit__4348__denoise__counterfactual__nes__l0.5 calls=1021 margin 1.72->1.24 t=4.1s
[DONE] fit__4348__deblur__attack__nes__l1 calls=1021 margin 2.90->2.32 t=4.0s
[DONE] fit__4348__deblur__restore__nes__l1 calls=1021 margin 2.90->2.90 t=4.1s
[DONE] fit__4348__deblur__random_walk__random_walk__l1 calls=1024 margin 2.90->2.86 t=6.8s
[DONE] fit__4348__deblur__confidence_boost__nes__l1 calls=1021 margin 2.90->3.41 t=4.0s
[DONE] fit__4348__deblur__boundary_probe__nes__l1 calls=1021 margin 2.90->2.27 t=4.4s
[DONE] fit__4348__deblur__counterfactual__nes__l1 calls=1021 margin 2.90->2.27 t=4.0s
[DONE] fit__780__denoise__attack__nes__l0.5 calls=1021 margin 4.93->4.28 t=3.9s
[DONE] fit__780__denoise__restore__nes__l0.5 calls=1021 margin 4.93->4.86 t=4.0s
[DONE] fit__780__denoise__random_walk__random_walk__l0.5 calls=1024 margin 4.93->4.85 t=6.7s
[DONE] fit__780__denoise__confidence_boost__nes__l0.5 calls=1021 margin 4.93->5.53 t=4.1s
[DONE] fit__780__denoise__boundary_probe__nes__l0.5 calls=1021 margin 4.93->4.25 t=4.3s
[DONE] fit__780__denoise__counterfactual__nes__l0.5 calls=1021 margin 4.93->4.31 t=3.9s
[DONE] fit__780__deblur__attack__nes__l1 calls=1021 margin 3.55->2.49 t=3.9s
[DONE] fit__780__deblur__restore__nes__l1 calls=1021 margin 3.55->3.66 t=4.1s
[DONE] fit__780__deblur__random_walk__random_walk__l1 calls=1024 margin 3.55->3.48 t=6.8s
[DONE] fit__780__deblur__confidence_boost__nes__l1 calls=1021 margin 3.55->4.40 t=4.2s
[DONE] fit__780__deblur__boundary_probe__nes__l1 calls=1021 margin 3.55->2.53 t=4.3s
[DONE] fit__780__deblur__counterfactual__nes__l1 calls=1021 margin 3.55->2.52 t=4.1s
[DONE] fit__7547__denoise__attack__nes__l0.5 calls=1021 margin 4.70->4.06 t=3.9s
[DONE] fit__7547__denoise__restore__nes__l0.5 calls=1021 margin 4.70->4.66 t=4.2s
[DONE] fit__7547__denoise__random_walk__random_walk__l0.5 calls=1024 margin 4.70->4.71 t=6.4s
[DONE] fit__7547__denoise__confidence_boost__nes__l0.5 calls=1021 margin 4.70->5.16 t=3.9s
[DONE] fit__7547__denoise__boundary_probe__nes__l0.5 calls=1021 margin 4.70->4.12 t=3.7s
[DONE] fit__7547__denoise__counterfactual__nes__l0.5 calls=1021 margin 4.70->4.08 t=3.5s
[DONE] fit__7547__deblur__attack__nes__l1 calls=1021 margin 3.89->3.33 t=3.6s
[DONE] fit__7547__deblur__restore__nes__l1 calls=1021 margin 3.89->4.04 t=3.6s
[DONE] fit__7547__deblur__random_walk__random_walk__l1 calls=1024 margin 3.89->3.77 t=5.7s
[DONE] fit__7547__deblur__confidence_boost__nes__l1 calls=1021 margin 3.89->4.33 t=3.4s
[DONE] fit__7547__deblur__boundary_probe__nes__l1 calls=1021 margin 3.89->3.29 t=3.5s
[DONE] fit__7547__deblur__counterfactual__nes__l1 calls=1021 margin 3.89->3.26 t=3.2s
