{
  "analysis_outputs/lfc_workloads_20260926": {
    "sessions": 4800,
    "matched_original": 4800,
    "sha_identical": 4800
  },
  "analysis_outputs/lfc_controls_20260926": {
    "sessions": 4800,
    "matched_original": 4800,
    "sha_identical": 4800
  }
}
workload        objective    n  median_largest_subsequence  alarm_primary  alarm_primary_median_first  alarm_lag20  alarm_lag20_median_first
   clean            noise  200                         1.0          0.000                         NaN        0.000                       NaN
   clean         shuffled 2000                         1.0          0.000                         NaN        0.000                       NaN
   clean            sweep  200                        74.5          0.555                       189.0        0.550                     250.0
  deblur           attack  200                      1013.5          1.000                       124.0        1.000                     111.0
  deblur   boundary_probe  200                      1013.5          0.995                       121.0        0.995                     110.0
  deblur confidence_boost  200                      1012.5          1.000                       128.5        1.000                     116.5
  deblur   counterfactual  200                      1015.5          1.000                       121.5        1.000                     108.0
  deblur      random_walk  200                      1024.0          1.000                        15.0        1.000                      22.0
  deblur          restore  200                      1014.0          0.990                       217.0        1.000                     186.5
 denoise           attack  200                      1004.5          1.000                        91.0        1.000                      85.0
 denoise   boundary_probe  200                      1005.0          1.000                        88.5        1.000                      85.5
 denoise confidence_boost  200                      1003.0          1.000                        97.0        1.000                      91.5
 denoise   counterfactual  200                      1005.5          1.000                        86.0        1.000                      88.5
 denoise      random_walk  200                      1024.0          1.000                        15.5        1.000                      22.0
 denoise          restore  200                      1006.0          1.000                        98.0        1.000                      90.5
{
  "P7a_restore_ge_90pct": true,
  "P7a_confidence_boost_ge_90pct": true,
  "P7b_attack_ge_95pct": true,
  "P7c_shuffled_le_2pct": true,
  "P7c_noise_le_2pct": true,
  "P7d_random_walk_ge_90pct": true
}
