[DONE] calibration__3421__denoise__attack__nes__l0.5 calls=1021 margin 0.16->-7.32 t=3.4s
[DONE] calibration__3421__denoise__restore__nes__l0.5 calls=1021 margin 0.16->0.11 t=3.1s
[DONE] calibration__3421__denoise__random_walk__random_walk__l0.5 calls=1024 margin 0.16->-1.18 t=5.1s
[DONE] calibration__3421__denoise__confidence_boost__nes__l0.5 calls=1021 margin 0.16->6.82 t=3.1s
[DONE] calibration__3421__denoise__boundary_probe__nes__l0.5 calls=1021 margin 0.16->0.01 t=2.9s
[DONE] calibration__3421__denoise__counterfactual__nes__l0.5 calls=1021 margin 0.16->-7.14 t=2.9s
[DONE] calibration__3421__deblur__attack__nes__l1 calls=1021 margin 6.94->-2.68 t=2.9s
[DONE] calibration__3421__deblur__restore__nes__l1 calls=1021 margin 6.94->6.26 t=2.9s
[DONE] calibration__3421__deblur__random_walk__random_walk__l1 calls=1024 margin 6.94->2.26 t=5.0s
[DONE] calibration__3421__deblur__confidence_boost__nes__l1 calls=1021 margin 6.94->13.17 t=3.0s
[DONE] calibration__3421__deblur__boundary_probe__nes__l1 calls=1021 margin 6.94->0.02 t=2.7s
[DONE] calibration__3421__deblur__counterfactual__nes__l1 calls=1021 margin 6.94->-2.77 t=2.9s
[DONE] calibration__738__denoise__attack__nes__l0.5 calls=1021 margin 0.78->-5.90 t=2.9s
[DONE] calibration__738__denoise__restore__nes__l0.5 calls=1021 margin 0.78->1.77 t=2.8s
[DONE] calibration__738__denoise__random_walk__random_walk__l0.5 calls=1024 margin 0.78->1.49 t=4.9s
[DONE] calibration__738__denoise__confidence_boost__nes__l0.5 calls=1021 margin 0.78->7.20 t=2.9s
[DONE] calibration__738__denoise__boundary_probe__nes__l0.5 calls=1021 margin 0.78->0.00 t=3.0s
[DONE] calibration__738__denoise__counterfactual__nes__l0.5 calls=1021 margin 0.78->-6.10 t=2.9s
[DONE] calibration__738__deblur__attack__nes__l1 calls=1021 margin 8.65->-0.34 t=2.7s
[DONE] calibration__738__deblur__restore__nes__l1 calls=1021 margin 8.65->7.58 t=2.9s
[DONE] calibration__738__deblur__random_walk__random_walk__l1 calls=1024 margin 8.65->5.12 t=4.9s
[DONE] calibration__738__deblur__confidence_boost__nes__l1 calls=1021 margin 8.65->11.73 t=3.0s
[DONE] calibration__738__deblur__boundary_probe__nes__l1 calls=1021 margin 8.65->0.09 t=2.8s
[DONE] calibration__738__deblur__counterfactual__nes__l1 calls=1021 margin 8.65->-0.28 t=2.7s
[DONE] calibration__6417__denoise__attack__nes__l0.5 calls=1021 margin 3.01->-3.93 t=2.7s
[DONE] calibration__6417__denoise__restore__nes__l0.5 calls=1021 margin 3.01->3.80 t=2.9s
[DONE] calibration__6417__denoise__random_walk__random_walk__l0.5 calls=1024 margin 3.01->3.13 t=4.6s
[DONE] calibration__6417__denoise__confidence_boost__nes__l0.5 calls=1021 margin 3.01->8.37 t=3.1s
[DONE] calibration__6417__denoise__boundary_probe__nes__l0.5 calls=1021 margin 3.01->0.02 t=3.0s
[DONE] calibration__6417__denoise__counterfactual__nes__l0.5 calls=1021 margin 3.01->-4.86 t=3.1s
[DONE] calibration__6417__deblur__attack__nes__l1 calls=1021 margin 5.49->-4.20 t=2.9s
[DONE] calibration__6417__deblur__restore__nes__l1 calls=1021 margin 5.49->4.40 t=2.9s
[DONE] calibration__6417__deblur__random_walk__random_walk__l1 calls=1024 margin 5.49->3.91 t=4.7s
[DONE] calibration__6417__deblur__confidence_boost__nes__l1 calls=1021 margin 5.49->9.39 t=3.1s
[DONE] calibration__6417__deblur__boundary_probe__nes__l1 calls=1021 margin 5.49->0.07 t=2.9s
[DONE] calibration__6417__deblur__counterfactual__nes__l1 calls=1021 margin 5.49->-3.28 t=2.9s
[DONE] calibration__2985__denoise__attack__nes__l0.5 calls=1021 margin 2.84->-2.26 t=3.0s
[DONE] calibration__2985__denoise__restore__nes__l0.5 calls=1021 margin 2.84->3.50 t=3.3s
[DONE] calibration__2985__denoise__random_walk__random_walk__l0.5 calls=1024 margin 2.84->2.12 t=4.8s
[DONE] calibration__2985__denoise__confidence_boost__nes__l0.5 calls=1021 margin 2.84->8.08 t=3.1s
[DONE] calibration__2985__denoise__boundary_probe__nes__l0.5 calls=1021 margin 2.84->0.02 t=2.7s
[DONE] calibration__2985__denoise__counterfactual__nes__l0.5 calls=1021 margin 2.84->-2.48 t=2.8s
[DONE] calibration__2985__deblur__attack__nes__l1 calls=1021 margin 8.01->1.42 t=3.2s
[DONE] calibration__2985__deblur__restore__nes__l1 calls=1021 margin 8.01->8.02 t=2.8s
[DONE] calibration__2985__deblur__random_walk__random_walk__l1 calls=1024 margin 8.01->8.96 t=4.5s
[DONE] calibration__2985__deblur__confidence_boost__nes__l1 calls=1021 margin 8.01->11.68 t=3.2s
[DONE] calibration__2985__deblur__boundary_probe__nes__l1 calls=1021 margin 8.01->1.07 t=2.8s
[DONE] calibration__2985__deblur__counterfactual__nes__l1 calls=1021 margin 8.01->0.55 t=2.8s
[DONE] calibration__9917__denoise__attack__nes__l0.5 calls=1021 margin 2.38->-7.28 t=3.0s
[DONE] calibration__9917__denoise__restore__nes__l0.5 calls=1021 margin 2.38->2.14 t=2.7s
[DONE] calibration__9917__denoise__random_walk__random_walk__l0.5 calls=1024 margin 2.38->2.18 t=4.4s
[DONE] calibration__9917__denoise__confidence_boost__nes__l0.5 calls=1021 margin 2.38->9.41 t=3.3s
[DONE] calibration__9917__denoise__boundary_probe__nes__l0.5 calls=1021 margin 2.38->0.01 t=3.0s
[DONE] calibration__9917__denoise__counterfactual__nes__l0.5 calls=1021 margin 2.38->-7.05 t=3.0s
[DONE] calibration__9917__deblur__attack__nes__l1 calls=1021 margin 12.11->0.71 t=2.9s
[DONE] calibration__9917__deblur__restore__nes__l1 calls=1021 margin 12.11->12.17 t=2.7s
[DONE] calibration__9917__deblur__random_walk__random_walk__l1 calls=1024 margin 12.11->9.29 t=4.4s
[DONE] calibration__9917__deblur__confidence_boost__nes__l1 calls=1021 margin 12.11->14.45 t=3.2s
[DONE] calibration__9917__deblur__boundary_probe__nes__l1 calls=1021 margin 12.11->2.22 t=2.8s
[DONE] calibration__9917__deblur__counterfactual__nes__l1 calls=1021 margin 12.11->2.98 t=2.9s
[DONE] calibration__6769__denoise__attack__nes__l0.5 calls=1021 margin 0.82->-5.58 t=2.8s
[DONE] calibration__6769__denoise__restore__nes__l0.5 calls=1021 margin 0.82->0.86 t=3.0s
[DONE] calibration__6769__denoise__random_walk__random_walk__l0.5 calls=1024 margin 0.82->1.23 t=4.2s
[DONE] calibration__6769__denoise__confidence_boost__nes__l0.5 calls=1021 margin 0.82->7.06 t=3.2s
[DONE] calibration__6769__denoise__boundary_probe__nes__l0.5 calls=1021 margin 0.82->0.01 t=3.1s
[DONE] calibration__6769__denoise__counterfactual__nes__l0.5 calls=1021 margin 0.82->-5.17 t=2.9s
[DONE] calibration__6769__deblur__attack__nes__l1 calls=1021 margin 9.26->1.21 t=2.9s
[DONE] calibration__6769__deblur__restore__nes__l1 calls=1021 margin 9.26->9.34 t=3.1s
[DONE] calibration__6769__deblur__random_walk__random_walk__l1 calls=1024 margin 9.26->4.16 t=3.9s
[DONE] calibration__6769__deblur__confidence_boost__nes__l1 calls=1021 margin 9.26->13.82 t=3.2s
[DONE] calibration__6769__deblur__boundary_probe__nes__l1 calls=1021 margin 9.26->0.02 t=3.3s
[DONE] calibration__6769__deblur__counterfactual__nes__l1 calls=1021 margin 9.26->-0.20 t=3.4s
[DONE] calibration__807__denoise__attack__nes__l0.5 calls=1021 margin 3.81->-2.45 t=3.0s
[DONE] calibration__807__denoise__restore__nes__l0.5 calls=1021 margin 3.81->4.01 t=3.2s
[DONE] calibration__807__denoise__random_walk__random_walk__l0.5 calls=1024 margin 3.81->4.27 t=4.4s
[DONE] calibration__807__denoise__confidence_boost__nes__l0.5 calls=1021 margin 3.81->7.88 t=3.1s
[DONE] calibration__807__denoise__boundary_probe__nes__l0.5 calls=1021 margin 3.81->0.03 t=3.1s
[DONE] calibration__807__denoise__counterfactual__nes__l0.5 calls=1021 margin 3.81->-3.26 t=3.1s
[DONE] calibration__807__deblur__attack__nes__l1 calls=1021 margin 9.21->-1.76 t=2.8s
[DONE] calibration__807__deblur__restore__nes__l1 calls=1021 margin 9.21->8.45 t=3.0s
[DONE] calibration__807__deblur__random_walk__random_walk__l1 calls=1024 margin 9.21->7.65 t=4.2s
[DONE] calibration__807__deblur__confidence_boost__nes__l1 calls=1021 margin 9.21->13.67 t=3.2s
[DONE] calibration__807__deblur__boundary_probe__nes__l1 calls=1021 margin 9.21->0.07 t=3.0s
[DONE] calibration__807__deblur__counterfactual__nes__l1 calls=1021 margin 9.21->0.64 t=3.0s
[DONE] calibration__7422__denoise__attack__nes__l0.5 calls=1021 margin 1.50->-5.08 t=2.9s
[DONE] calibration__7422__denoise__restore__nes__l0.5 calls=1021 margin 1.50->1.46 t=2.9s
[DONE] calibration__7422__denoise__random_walk__random_walk__l0.5 calls=1024 margin 1.50->0.65 t=3.9s
[DONE] calibration__7422__denoise__confidence_boost__nes__l0.5 calls=1021 margin 1.50->7.70 t=3.2s
[DONE] calibration__7422__denoise__boundary_probe__nes__l0.5 calls=1021 margin 1.50->0.01 t=3.0s
[DONE] calibration__7422__denoise__counterfactual__nes__l0.5 calls=1021 margin 1.50->-5.56 t=3.1s
[DONE] calibration__7422__deblur__attack__nes__l1 calls=1021 margin 6.46->-8.73 t=2.8s
[DONE] calibration__7422__deblur__restore__nes__l1 calls=1021 margin 6.46->6.82 t=3.0s
[DONE] calibration__7422__deblur__random_walk__random_walk__l1 calls=1024 margin 6.46->7.08 t=4.0s
[DONE] calibration__7422__deblur__confidence_boost__nes__l1 calls=1021 margin 6.46->13.43 t=3.0s
[DONE] calibration__7422__deblur__boundary_probe__nes__l1 calls=1021 margin 6.46->0.02 t=2.9s
[DONE] calibration__7422__deblur__counterfactual__nes__l1 calls=1021 margin 6.46->-3.27 t=2.9s
[DONE] calibration__1908__denoise__attack__nes__l0.5 calls=1021 margin 0.56->-4.98 t=3.2s
[DONE] calibration__1908__denoise__restore__nes__l0.5 calls=1021 margin 0.56->0.77 t=3.0s
[DONE] calibration__1908__denoise__random_walk__random_walk__l0.5 calls=1024 margin 0.56->-1.21 t=4.0s
[DONE] calibration__1908__denoise__confidence_boost__nes__l0.5 calls=1021 margin 0.56->7.33 t=3.1s
[DONE] calibration__1908__denoise__boundary_probe__nes__l0.5 calls=1021 margin 0.56->0.00 t=2.9s
[DONE] calibration__1908__denoise__counterfactual__nes__l0.5 calls=1021 margin 0.56->-4.98 t=3.0s
[DONE] calibration__1908__deblur__attack__nes__l1 calls=1021 margin 0.38->-5.40 t=3.0s
[DONE] calibration__1908__deblur__restore__nes__l1 calls=1021 margin 0.38->0.26 t=3.1s
[DONE] calibration__1908__deblur__random_walk__random_walk__l1 calls=1024 margin 0.38->3.43 t=3.9s
[DONE] calibration__1908__deblur__confidence_boost__nes__l1 calls=1021 margin 0.38->7.69 t=3.2s
[DONE] calibration__1908__deblur__boundary_probe__nes__l1 calls=1021 margin 0.38->0.00 t=3.3s
[DONE] calibration__1908__deblur__counterfactual__nes__l1 calls=1021 margin 0.38->-5.22 t=3.2s
[DONE] calibration__9640__denoise__attack__nes__l0.5 calls=1021 margin 4.01->-3.45 t=3.0s
[DONE] calibration__9640__denoise__restore__nes__l0.5 calls=1021 margin 4.01->3.76 t=3.2s
[DONE] calibration__9640__denoise__random_walk__random_walk__l0.5 calls=1024 margin 4.01->4.18 t=4.2s
[DONE] calibration__9640__denoise__confidence_boost__nes__l0.5 calls=1021 margin 4.01->7.69 t=3.0s
[DONE] calibration__9640__denoise__boundary_probe__nes__l0.5 calls=1021 margin 4.01->0.04 t=3.2s
[DONE] calibration__9640__denoise__counterfactual__nes__l0.5 calls=1021 margin 4.01->-2.02 t=3.0s
[DONE] calibration__9640__deblur__attack__nes__l1 calls=1021 margin 4.04->-3.37 t=3.0s
[DONE] calibration__9640__deblur__restore__nes__l1 calls=1021 margin 4.04->4.44 t=3.1s
[DONE] calibration__9640__deblur__random_walk__random_walk__l1 calls=1024 margin 4.04->5.55 t=3.8s
[DONE] calibration__9640__deblur__confidence_boost__nes__l1 calls=1021 margin 4.04->8.80 t=3.3s
[DONE] calibration__9640__deblur__boundary_probe__nes__l1 calls=1021 margin 4.04->0.00 t=3.1s
[DONE] calibration__9640__deblur__counterfactual__nes__l1 calls=1021 margin 4.04->-2.80 t=3.3s
[DONE] calibration__6803__denoise__attack__nes__l0.5 calls=1021 margin 10.14->5.16 t=2.9s
[DONE] calibration__6803__denoise__restore__nes__l0.5 calls=1021 margin 10.14->9.59 t=2.8s
[DONE] calibration__6803__denoise__random_walk__random_walk__l0.5 calls=1024 margin 10.14->10.16 t=4.1s
[DONE] calibration__6803__denoise__confidence_boost__nes__l0.5 calls=1021 margin 10.14->13.87 t=3.1s
[DONE] calibration__6803__denoise__boundary_probe__nes__l0.5 calls=1021 margin 10.14->5.51 t=3.2s
[DONE] calibration__6803__denoise__counterfactual__nes__l0.5 calls=1021 margin 10.14->5.29 t=2.9s
[DONE] calibration__6803__deblur__attack__nes__l1 calls=1021 margin 0.96->-6.41 t=2.9s
[DONE] calibration__6803__deblur__restore__nes__l1 calls=1021 margin 0.96->3.56 t=3.3s
[DONE] calibration__6803__deblur__random_walk__random_walk__l1 calls=1024 margin 0.96->4.89 t=4.0s
[DONE] calibration__6803__deblur__confidence_boost__nes__l1 calls=1021 margin 0.96->10.95 t=3.3s
[DONE] calibration__6803__deblur__boundary_probe__nes__l1 calls=1021 margin 0.96->0.01 t=3.2s
[DONE] calibration__6803__deblur__counterfactual__nes__l1 calls=1021 margin 0.96->-6.33 t=2.9s
[DONE] calibration__99__denoise__attack__nes__l0.5 calls=1021 margin 0.72->-8.38 t=2.9s
[DONE] calibration__99__denoise__restore__nes__l0.5 calls=1021 margin 0.72->0.82 t=3.0s
[DONE] calibration__99__denoise__random_walk__random_walk__l0.5 calls=1024 margin 0.72->-0.13 t=3.9s
[DONE] calibration__99__denoise__confidence_boost__nes__l0.5 calls=1021 margin 0.72->6.48 t=3.0s
[DONE] calibration__99__denoise__boundary_probe__nes__l0.5 calls=1021 margin 0.72->0.03 t=3.2s
[DONE] calibration__99__denoise__counterfactual__nes__l0.5 calls=1021 margin 0.72->-3.75 t=2.9s
[DONE] calibration__99__deblur__attack__nes__l1 calls=1021 margin 10.57->0.81 t=2.7s
[DONE] calibration__99__deblur__restore__nes__l1 calls=1021 margin 10.57->9.78 t=3.1s
[DONE] calibration__99__deblur__random_walk__random_walk__l1 calls=1024 margin 10.57->4.51 t=4.0s
[DONE] calibration__99__deblur__confidence_boost__nes__l1 calls=1021 margin 10.57->14.10 t=3.1s
[DONE] calibration__99__deblur__boundary_probe__nes__l1 calls=1021 margin 10.57->1.11 t=3.0s
[DONE] calibration__99__deblur__counterfactual__nes__l1 calls=1021 margin 10.57->0.15 t=3.0s
[DONE] calibration__5811__denoise__attack__nes__l0.5 calls=1021 margin 4.37->-2.65 t=3.1s
[DONE] calibration__5811__denoise__restore__nes__l0.5 calls=1021 margin 4.37->4.40 t=2.9s
[DONE] calibration__5811__denoise__random_walk__random_walk__l0.5 calls=1024 margin 4.37->3.46 t=3.9s
[DONE] calibration__5811__denoise__confidence_boost__nes__l0.5 calls=1021 margin 4.37->9.15 t=3.2s
[DONE] calibration__5811__denoise__boundary_probe__nes__l0.5 calls=1021 margin 4.37->0.02 t=3.3s
[DONE] calibration__5811__denoise__counterfactual__nes__l0.5 calls=1021 margin 4.37->-2.87 t=3.0s
[DONE] calibration__5811__deblur__attack__nes__l1 calls=1021 margin 9.00->0.77 t=3.1s
[DONE] calibration__5811__deblur__restore__nes__l1 calls=1021 margin 9.00->9.56 t=2.9s
[DONE] calibration__5811__deblur__random_walk__random_walk__l1 calls=1024 margin 9.00->10.42 t=4.0s
[DONE] calibration__5811__deblur__confidence_boost__nes__l1 calls=1021 margin 9.00->15.25 t=3.0s
[DONE] calibration__5811__deblur__boundary_probe__nes__l1 calls=1021 margin 9.00->0.49 t=3.2s
[DONE] calibration__5811__deblur__counterfactual__nes__l1 calls=1021 margin 9.00->-0.43 t=2.9s
[DONE] calibration__3803__denoise__attack__nes__l0.5 calls=1021 margin 8.04->5.40 t=2.9s
[DONE] calibration__3803__denoise__restore__nes__l0.5 calls=1021 margin 8.04->8.29 t=3.1s
[DONE] calibration__3803__denoise__random_walk__random_walk__l0.5 calls=1024 margin 8.04->8.99 t=4.0s
[DONE] calibration__3803__denoise__confidence_boost__nes__l0.5 calls=1021 margin 8.04->10.64 t=3.1s
[DONE] calibration__3803__denoise__boundary_probe__nes__l0.5 calls=1021 margin 8.04->4.63 t=3.2s
[DONE] calibration__3803__denoise__counterfactual__nes__l0.5 calls=1021 margin 8.04->4.61 t=2.8s
[DONE] calibration__3803__deblur__attack__nes__l1 calls=1021 margin 6.42->1.56 t=3.0s
[DONE] calibration__3803__deblur__restore__nes__l1 calls=1021 margin 6.42->8.09 t=3.2s
[DONE] calibration__3803__deblur__random_walk__random_walk__l1 calls=1024 margin 6.42->8.62 t=3.9s
[DONE] calibration__3803__deblur__confidence_boost__nes__l1 calls=1021 margin 6.42->11.60 t=2.9s
[DONE] calibration__3803__deblur__boundary_probe__nes__l1 calls=1021 margin 6.42->1.20 t=3.2s
[DONE] calibration__3803__deblur__counterfactual__nes__l1 calls=1021 margin 6.42->1.14 t=2.8s
[DONE] calibration__7030__denoise__attack__nes__l0.5 calls=1021 margin 3.01->-6.22 t=2.9s
[DONE] calibration__7030__denoise__restore__nes__l0.5 calls=1021 margin 3.01->2.32 t=3.1s
[DONE] calibration__7030__denoise__random_walk__random_walk__l0.5 calls=1024 margin 3.01->3.90 t=4.3s
[DONE] calibration__7030__denoise__confidence_boost__nes__l0.5 calls=1021 margin 3.01->8.22 t=3.1s
[DONE] calibration__7030__denoise__boundary_probe__nes__l0.5 calls=1021 margin 3.01->0.00 t=3.2s
[DONE] calibration__7030__denoise__counterfactual__nes__l0.5 calls=1021 margin 3.01->-5.33 t=2.9s
[DONE] calibration__7030__deblur__attack__nes__l1 calls=1021 margin 6.35->-5.68 t=3.2s
[DONE] calibration__7030__deblur__restore__nes__l1 calls=1021 margin 6.35->6.95 t=3.1s
[DONE] calibration__7030__deblur__random_walk__random_walk__l1 calls=1024 margin 6.35->4.14 t=4.2s
[DONE] calibration__7030__deblur__confidence_boost__nes__l1 calls=1021 margin 6.35->12.64 t=3.1s
[DONE] calibration__7030__deblur__boundary_probe__nes__l1 calls=1021 margin 6.35->0.01 t=3.5s
[DONE] calibration__7030__deblur__counterfactual__nes__l1 calls=1021 margin 6.35->-5.44 t=3.0s
[DONE] calibration__5945__denoise__attack__nes__l0.5 calls=1021 margin 5.15->-3.20 t=3.1s
[DONE] calibration__5945__denoise__restore__nes__l0.5 calls=1021 margin 5.15->4.65 t=2.8s
[DONE] calibration__5945__denoise__random_walk__random_walk__l0.5 calls=1024 margin 5.15->5.11 t=4.2s
[DONE] calibration__5945__denoise__confidence_boost__nes__l0.5 calls=1021 margin 5.15->10.25 t=3.1s
[DONE] calibration__5945__denoise__boundary_probe__nes__l0.5 calls=1021 margin 5.15->0.04 t=3.1s
[DONE] calibration__5945__denoise__counterfactual__nes__l0.5 calls=1021 margin 5.15->-1.88 t=2.8s
[DONE] calibration__5945__deblur__attack__nes__l1 calls=1021 margin 9.12->-1.51 t=2.9s
[DONE] calibration__5945__deblur__restore__nes__l1 calls=1021 margin 9.12->9.41 t=3.2s
[DONE] calibration__5945__deblur__random_walk__random_walk__l1 calls=1024 margin 9.12->7.28 t=4.1s
[DONE] calibration__5945__deblur__confidence_boost__nes__l1 calls=1021 margin 9.12->12.52 t=3.0s
[DONE] calibration__5945__deblur__boundary_probe__nes__l1 calls=1021 margin 9.12->0.08 t=3.1s
[DONE] calibration__5945__deblur__counterfactual__nes__l1 calls=1021 margin 9.12->0.59 t=3.1s
[DONE] evaluation__791__denoise__attack__nes__l0.5 calls=1021 margin 3.81->-3.93 t=3.0s
[DONE] evaluation__791__denoise__restore__nes__l0.5 calls=1021 margin 3.81->3.94 t=3.0s
[DONE] evaluation__791__denoise__random_walk__random_walk__l0.5 calls=1024 margin 3.81->4.24 t=4.4s
[DONE] evaluation__791__denoise__confidence_boost__nes__l0.5 calls=1021 margin 3.81->8.18 t=3.0s
[DONE] evaluation__791__denoise__boundary_probe__nes__l0.5 calls=1021 margin 3.81->0.00 t=3.1s
[DONE] evaluation__791__denoise__counterfactual__nes__l0.5 calls=1021 margin 3.81->-2.92 t=2.9s
[DONE] evaluation__791__deblur__attack__nes__l1 calls=1021 margin 9.53->4.34 t=2.8s
[DONE] evaluation__791__deblur__restore__nes__l1 calls=1021 margin 9.53->9.65 t=2.8s
[DONE] evaluation__791__deblur__random_walk__random_walk__l1 calls=1024 margin 9.53->8.34 t=4.2s
[DONE] evaluation__791__deblur__confidence_boost__nes__l1 calls=1021 margin 9.53->13.29 t=2.8s
[DONE] evaluation__791__deblur__boundary_probe__nes__l1 calls=1021 margin 9.53->4.01 t=3.2s
[DONE] evaluation__791__deblur__counterfactual__nes__l1 calls=1021 margin 9.53->3.94 t=2.9s
[DONE] evaluation__5857__denoise__attack__nes__l0.5 calls=1021 margin 1.55->-3.96 t=2.9s
[DONE] evaluation__5857__denoise__restore__nes__l0.5 calls=1021 margin 1.55->1.89 t=3.0s
[DONE] evaluation__5857__denoise__random_walk__random_walk__l0.5 calls=1024 margin 1.55->1.93 t=4.4s
[DONE] evaluation__5857__denoise__confidence_boost__nes__l0.5 calls=1021 margin 1.55->6.92 t=3.1s
[DONE] evaluation__5857__denoise__boundary_probe__nes__l0.5 calls=1021 margin 1.55->0.01 t=2.9s
[DONE] evaluation__5857__denoise__counterfactual__nes__l0.5 calls=1021 margin 1.55->-4.30 t=3.2s
[DONE] evaluation__5857__deblur__attack__nes__l1 calls=1021 margin 6.47->-1.42 t=3.0s
[DONE] evaluation__5857__deblur__restore__nes__l1 calls=1021 margin 6.47->7.06 t=2.9s
[DONE] evaluation__5857__deblur__random_walk__random_walk__l1 calls=1024 margin 6.47->2.41 t=4.3s
[DONE] evaluation__5857__deblur__confidence_boost__nes__l1 calls=1021 margin 6.47->12.03 t=2.8s
[DONE] evaluation__5857__deblur__boundary_probe__nes__l1 calls=1021 margin 6.47->0.04 t=2.9s
[DONE] evaluation__5857__deblur__counterfactual__nes__l1 calls=1021 margin 6.47->-0.99 t=3.1s
[DONE] evaluation__8031__denoise__attack__nes__l0.5 calls=1021 margin 1.63->-3.90 t=3.0s
[DONE] evaluation__8031__denoise__restore__nes__l0.5 calls=1021 margin 1.63->1.35 t=2.8s
[DONE] evaluation__8031__denoise__random_walk__random_walk__l0.5 calls=1024 margin 1.63->1.84 t=4.2s
[DONE] evaluation__8031__denoise__confidence_boost__nes__l0.5 calls=1021 margin 1.63->6.75 t=3.0s
[DONE] evaluation__8031__denoise__boundary_probe__nes__l0.5 calls=1021 margin 1.63->0.00 t=3.0s
[DONE] evaluation__8031__denoise__counterfactual__nes__l0.5 calls=1021 margin 1.63->-3.93 t=3.1s
[DONE] evaluation__8031__deblur__attack__nes__l1 calls=1021 margin 8.75->-2.86 t=3.0s
[DONE] evaluation__8031__deblur__restore__nes__l1 calls=1021 margin 8.75->8.06 t=2.7s
[DONE] evaluation__8031__deblur__random_walk__random_walk__l1 calls=1024 margin 8.75->4.62 t=4.2s
[DONE] evaluation__8031__deblur__confidence_boost__nes__l1 calls=1021 margin 8.75->12.50 t=2.9s
[DONE] evaluation__8031__deblur__boundary_probe__nes__l1 calls=1021 margin 8.75->0.06 t=2.8s
[DONE] evaluation__8031__deblur__counterfactual__nes__l1 calls=1021 margin 8.75->-2.54 t=3.1s
[DONE] evaluation__9991__denoise__attack__nes__l0.5 calls=1021 margin 6.17->-1.44 t=2.9s
[DONE] evaluation__9991__denoise__restore__nes__l0.5 calls=1021 margin 6.17->6.47 t=3.0s
[DONE] evaluation__9991__denoise__random_walk__random_walk__l0.5 calls=1024 margin 6.17->6.49 t=4.3s
[DONE] evaluation__9991__denoise__confidence_boost__nes__l0.5 calls=1021 margin 6.17->10.60 t=2.8s
[DONE] evaluation__9991__denoise__boundary_probe__nes__l0.5 calls=1021 margin 6.17->0.01 t=3.0s
[DONE] evaluation__9991__denoise__counterfactual__nes__l0.5 calls=1021 margin 6.17->-0.91 t=2.9s
[DONE] evaluation__9991__deblur__attack__nes__l1 calls=1021 margin 10.05->1.31 t=3.1s
[DONE] evaluation__9991__deblur__restore__nes__l1 calls=1021 margin 10.05->8.77 t=2.9s
[DONE] evaluation__9991__deblur__random_walk__random_walk__l1 calls=1024 margin 10.05->7.51 t=4.2s
[DONE] evaluation__9991__deblur__confidence_boost__nes__l1 calls=1021 margin 10.05->14.13 t=2.8s
[DONE] evaluation__9991__deblur__boundary_probe__nes__l1 calls=1021 margin 10.05->0.41 t=2.9s
[DONE] evaluation__9991__deblur__counterfactual__nes__l1 calls=1021 margin 10.05->0.84 t=3.0s
[DONE] evaluation__1882__denoise__attack__nes__l0.5 calls=1021 margin 1.29->-6.04 t=2.9s
[DONE] evaluation__1882__denoise__restore__nes__l0.5 calls=1021 margin 1.29->1.55 t=2.9s
[DONE] evaluation__1882__denoise__random_walk__random_walk__l0.5 calls=1024 margin 1.29->0.68 t=4.1s
[DONE] evaluation__1882__denoise__confidence_boost__nes__l0.5 calls=1021 margin 1.29->7.91 t=2.9s
[DONE] evaluation__1882__denoise__boundary_probe__nes__l0.5 calls=1021 margin 1.29->0.03 t=3.1s
[DONE] evaluation__1882__denoise__counterfactual__nes__l0.5 calls=1021 margin 1.29->-6.32 t=2.9s
[DONE] evaluation__1882__deblur__attack__nes__l1 calls=1021 margin 11.01->3.47 t=3.0s
[DONE] evaluation__1882__deblur__restore__nes__l1 calls=1021 margin 11.01->11.15 t=3.0s
[DONE] evaluation__1882__deblur__random_walk__random_walk__l1 calls=1024 margin 11.01->7.41 t=4.2s
[DONE] evaluation__1882__deblur__confidence_boost__nes__l1 calls=1021 margin 11.01->13.19 t=3.1s
[DONE] evaluation__1882__deblur__boundary_probe__nes__l1 calls=1021 margin 11.01->2.87 t=2.9s
[DONE] evaluation__1882__deblur__counterfactual__nes__l1 calls=1021 margin 11.01->1.52 t=3.0s
[DONE] evaluation__6789__denoise__attack__nes__l0.5 calls=1021 margin 1.36->-2.99 t=3.1s
[DONE] evaluation__6789__denoise__restore__nes__l0.5 calls=1021 margin 1.36->1.06 t=2.9s
[DONE] evaluation__6789__denoise__random_walk__random_walk__l0.5 calls=1024 margin 1.36->1.28 t=4.4s
[DONE] evaluation__6789__denoise__confidence_boost__nes__l0.5 calls=1021 margin 1.36->5.92 t=2.9s
[DONE] evaluation__6789__denoise__boundary_probe__nes__l0.5 calls=1021 margin 1.36->0.01 t=2.9s
[DONE] evaluation__6789__denoise__counterfactual__nes__l0.5 calls=1021 margin 1.36->-4.01 t=2.9s
[DONE] evaluation__6789__deblur__attack__nes__l1 calls=1021 margin 9.18->1.94 t=3.0s
[DONE] evaluation__6789__deblur__restore__nes__l1 calls=1021 margin 9.18->8.35 t=2.7s
[DONE] evaluation__6789__deblur__random_walk__random_walk__l1 calls=1024 margin 9.18->4.57 t=3.7s
[DONE] evaluation__6789__deblur__confidence_boost__nes__l1 calls=1021 margin 9.18->11.84 t=2.8s
[DONE] evaluation__6789__deblur__boundary_probe__nes__l1 calls=1021 margin 9.18->0.99 t=2.9s
[DONE] evaluation__6789__deblur__counterfactual__nes__l1 calls=1021 margin 9.18->1.80 t=2.9s
[DONE] evaluation__8366__denoise__attack__nes__l0.5 calls=1021 margin 0.99->-4.74 t=2.9s
[DONE] evaluation__8366__denoise__restore__nes__l0.5 calls=1021 margin 0.99->1.19 t=3.0s
[DONE] evaluation__8366__denoise__random_walk__random_walk__l0.5 calls=1024 margin 0.99->1.04 t=4.1s
[DONE] evaluation__8366__denoise__confidence_boost__nes__l0.5 calls=1021 margin 0.99->6.11 t=3.1s
[DONE] evaluation__8366__denoise__boundary_probe__nes__l0.5 calls=1021 margin 0.99->0.03 t=3.1s
[DONE] evaluation__8366__denoise__counterfactual__nes__l0.5 calls=1021 margin 0.99->-5.00 t=3.2s
[DONE] evaluation__8366__deblur__attack__nes__l1 calls=1021 margin 5.37->1.04 t=3.1s
[DONE] evaluation__8366__deblur__restore__nes__l1 calls=1021 margin 5.37->5.16 t=3.2s
[DONE] evaluation__8366__deblur__random_walk__random_walk__l1 calls=1024 margin 5.37->3.01 t=4.1s
[DONE] evaluation__8366__deblur__confidence_boost__nes__l1 calls=1021 margin 5.37->8.80 t=2.9s
[DONE] evaluation__8366__deblur__boundary_probe__nes__l1 calls=1021 margin 5.37->0.06 t=3.1s
[DONE] evaluation__8366__deblur__counterfactual__nes__l1 calls=1021 margin 5.37->0.52 t=3.1s
[DONE] evaluation__1709__denoise__attack__nes__l0.5 calls=1021 margin 6.53->-2.51 t=2.9s
[DONE] evaluation__1709__denoise__restore__nes__l0.5 calls=1021 margin 6.53->7.10 t=3.1s
[DONE] evaluation__1709__denoise__random_walk__random_walk__l0.5 calls=1024 margin 6.53->6.89 t=3.9s
[DONE] evaluation__1709__denoise__confidence_boost__nes__l0.5 calls=1021 margin 6.53->10.82 t=2.7s
[DONE] evaluation__1709__denoise__boundary_probe__nes__l0.5 calls=1021 margin 6.53->0.04 t=3.1s
[DONE] evaluation__1709__denoise__counterfactual__nes__l0.5 calls=1021 margin 6.53->-1.00 t=2.7s
[DONE] evaluation__1709__deblur__attack__nes__l1 calls=1021 margin 7.80->-4.38 t=3.1s
[DONE] evaluation__1709__deblur__restore__nes__l1 calls=1021 margin 7.80->8.12 t=3.2s
[DONE] evaluation__1709__deblur__random_walk__random_walk__l1 calls=1024 margin 7.80->6.65 t=4.1s
[DONE] evaluation__1709__deblur__confidence_boost__nes__l1 calls=1021 margin 7.80->13.08 t=2.9s
[DONE] evaluation__1709__deblur__boundary_probe__nes__l1 calls=1021 margin 7.80->0.05 t=2.9s
[DONE] evaluation__1709__deblur__counterfactual__nes__l1 calls=1021 margin 7.80->-3.84 t=3.0s
[DONE] evaluation__4035__denoise__attack__nes__l0.5 calls=1021 margin 5.13->-1.08 t=3.1s
[DONE] evaluation__4035__denoise__restore__nes__l0.5 calls=1021 margin 5.13->5.18 t=3.4s
[DONE] evaluation__4035__denoise__random_walk__random_walk__l0.5 calls=1024 margin 5.13->4.79 t=4.1s
[DONE] evaluation__4035__denoise__confidence_boost__nes__l0.5 calls=1021 margin 5.13->9.67 t=3.0s
[DONE] evaluation__4035__denoise__boundary_probe__nes__l0.5 calls=1021 margin 5.13->0.01 t=3.3s
[DONE] evaluation__4035__denoise__counterfactual__nes__l0.5 calls=1021 margin 5.13->-2.02 t=3.1s
[DONE] evaluation__4035__deblur__attack__nes__l1 calls=1021 margin 10.68->2.42 t=2.9s
[DONE] evaluation__4035__deblur__restore__nes__l1 calls=1021 margin 10.68->9.99 t=3.1s
[DONE] evaluation__4035__deblur__random_walk__random_walk__l1 calls=1024 margin 10.68->10.41 t=4.3s
[DONE] evaluation__4035__deblur__confidence_boost__nes__l1 calls=1021 margin 10.68->13.71 t=2.7s
[DONE] evaluation__4035__deblur__boundary_probe__nes__l1 calls=1021 margin 10.68->2.08 t=2.9s
[DONE] evaluation__4035__deblur__counterfactual__nes__l1 calls=1021 margin 10.68->2.51 t=3.0s
[DONE] evaluation__7855__denoise__attack__nes__l0.5 calls=1021 margin 1.41->-5.05 t=3.1s
[DONE] evaluation__7855__denoise__restore__nes__l0.5 calls=1021 margin 1.41->0.57 t=3.2s
[DONE] evaluation__7855__denoise__random_walk__random_walk__l0.5 calls=1024 margin 1.41->2.59 t=4.1s
[DONE] evaluation__7855__denoise__confidence_boost__nes__l0.5 calls=1021 margin 1.41->8.63 t=3.1s
[DONE] evaluation__7855__denoise__boundary_probe__nes__l0.5 calls=1021 margin 1.41->0.03 t=2.9s
[DONE] evaluation__7855__denoise__counterfactual__nes__l0.5 calls=1021 margin 1.41->-5.20 t=3.2s
[DONE] evaluation__7855__deblur__attack__nes__l1 calls=1021 margin 2.63->-10.77 t=3.1s
[DONE] evaluation__7855__deblur__restore__nes__l1 calls=1021 margin 2.63->2.81 t=3.2s
[DONE] evaluation__7855__deblur__random_walk__random_walk__l1 calls=1024 margin 2.63->1.12 t=4.3s
[DONE] evaluation__7855__deblur__confidence_boost__nes__l1 calls=1021 margin 2.63->11.56 t=3.1s
[DONE] evaluation__7855__deblur__boundary_probe__nes__l1 calls=1021 margin 2.63->0.05 t=2.9s
[DONE] evaluation__7855__deblur__counterfactual__nes__l1 calls=1021 margin 2.63->-9.37 t=3.1s
[DONE] evaluation__1518__denoise__attack__nes__l0.5 calls=1021 margin 0.23->-6.43 t=3.1s
[DONE] evaluation__1518__denoise__restore__nes__l0.5 calls=1021 margin 0.23->1.25 t=3.1s
[DONE] evaluation__1518__denoise__random_walk__random_walk__l0.5 calls=1024 margin 0.23->1.01 t=4.2s
[DONE] evaluation__1518__denoise__confidence_boost__nes__l0.5 calls=1021 margin 0.23->6.95 t=3.0s
[DONE] evaluation__1518__denoise__boundary_probe__nes__l0.5 calls=1021 margin 0.23->0.00 t=3.1s
[DONE] evaluation__1518__denoise__counterfactual__nes__l0.5 calls=1021 margin 0.23->-6.51 t=3.1s
[DONE] evaluation__1518__deblur__attack__nes__l1 calls=1021 margin 5.52->-0.18 t=3.0s
[DONE] evaluation__1518__deblur__restore__nes__l1 calls=1021 margin 5.52->5.47 t=3.0s
[DONE] evaluation__1518__deblur__random_walk__random_walk__l1 calls=1024 margin 5.52->9.67 t=4.0s
[DONE] evaluation__1518__deblur__confidence_boost__nes__l1 calls=1021 margin 5.52->11.98 t=2.7s
[DONE] evaluation__1518__deblur__boundary_probe__nes__l1 calls=1021 margin 5.52->0.02 t=3.1s
[DONE] evaluation__1518__deblur__counterfactual__nes__l1 calls=1021 margin 5.52->-0.99 t=3.4s
[DONE] evaluation__4785__denoise__attack__nes__l0.5 calls=1021 margin 6.36->-3.77 t=3.0s
[DONE] evaluation__4785__denoise__restore__nes__l0.5 calls=1021 margin 6.36->6.00 t=3.0s
[DONE] evaluation__4785__denoise__random_walk__random_walk__l0.5 calls=1024 margin 6.36->3.97 t=4.3s
[DONE] evaluation__4785__denoise__confidence_boost__nes__l0.5 calls=1021 margin 6.36->12.19 t=2.9s
[DONE] evaluation__4785__denoise__boundary_probe__nes__l0.5 calls=1021 margin 6.36->0.05 t=3.1s
[DONE] evaluation__4785__denoise__counterfactual__nes__l0.5 calls=1021 margin 6.36->-2.21 t=2.9s
[DONE] evaluation__4785__deblur__attack__nes__l1 calls=1021 margin 12.84->4.67 t=3.2s
[DONE] evaluation__4785__deblur__restore__nes__l1 calls=1021 margin 12.84->13.10 t=3.2s
[DONE] evaluation__4785__deblur__random_walk__random_walk__l1 calls=1024 margin 12.84->13.24 t=4.2s
[DONE] evaluation__4785__deblur__confidence_boost__nes__l1 calls=1021 margin 12.84->14.52 t=3.0s
[DONE] evaluation__4785__deblur__boundary_probe__nes__l1 calls=1021 margin 12.84->4.61 t=3.0s
[DONE] evaluation__4785__deblur__counterfactual__nes__l1 calls=1021 margin 12.84->4.63 t=2.9s
[DONE] evaluation__6340__denoise__attack__nes__l0.5 calls=1021 margin 2.63->-4.01 t=3.1s
[DONE] evaluation__6340__denoise__restore__nes__l0.5 calls=1021 margin 2.63->2.95 t=3.0s
[DONE] evaluation__6340__denoise__random_walk__random_walk__l0.5 calls=1024 margin 2.63->1.12 t=4.0s
[DONE] evaluation__6340__denoise__confidence_boost__nes__l0.5 calls=1021 margin 2.63->8.55 t=2.9s
[DONE] evaluation__6340__denoise__boundary_probe__nes__l0.5 calls=1021 margin 2.63->0.01 t=3.1s
[DONE] evaluation__6340__denoise__counterfactual__nes__l0.5 calls=1021 margin 2.63->-4.25 t=3.0s
[DONE] evaluation__6340__deblur__attack__nes__l1 calls=1021 margin 6.91->1.26 t=2.9s
[DONE] evaluation__6340__deblur__restore__nes__l1 calls=1021 margin 6.91->7.41 t=3.0s
[DONE] evaluation__6340__deblur__random_walk__random_walk__l1 calls=1024 margin 6.91->9.41 t=4.2s
[DONE] evaluation__6340__deblur__confidence_boost__nes__l1 calls=1021 margin 6.91->11.41 t=2.9s
[DONE] evaluation__6340__deblur__boundary_probe__nes__l1 calls=1021 margin 6.91->1.21 t=2.9s
[DONE] evaluation__6340__deblur__counterfactual__nes__l1 calls=1021 margin 6.91->1.58 t=3.1s
[DONE] evaluation__9839__denoise__attack__nes__l0.5 calls=1021 margin 0.97->-5.47 t=2.9s
[DONE] evaluation__9839__denoise__restore__nes__l0.5 calls=1021 margin 0.97->0.74 t=2.9s
[DONE] evaluation__9839__denoise__random_walk__random_walk__l0.5 calls=1024 margin 0.97->1.50 t=4.2s
[DONE] evaluation__9839__denoise__confidence_boost__nes__l0.5 calls=1021 margin 0.97->4.87 t=2.9s
[DONE] evaluation__9839__denoise__boundary_probe__nes__l0.5 calls=1021 margin 0.97->0.00 t=3.0s
[DONE] evaluation__9839__denoise__counterfactual__nes__l0.5 calls=1021 margin 0.97->-4.15 t=3.0s
[DONE] evaluation__9839__deblur__attack__nes__l1 calls=1021 margin 1.49->-5.17 t=3.2s
[DONE] evaluation__9839__deblur__restore__nes__l1 calls=1021 margin 1.49->1.89 t=3.0s
[DONE] evaluation__9839__deblur__random_walk__random_walk__l1 calls=1024 margin 1.49->4.30 t=4.2s
[DONE] evaluation__9839__deblur__confidence_boost__nes__l1 calls=1021 margin 1.49->9.29 t=3.0s
[DONE] evaluation__9839__deblur__boundary_probe__nes__l1 calls=1021 margin 1.49->0.00 t=3.1s
[DONE] evaluation__9839__deblur__counterfactual__nes__l1 calls=1021 margin 1.49->-4.95 t=3.0s
[DONE] evaluation__3692__denoise__attack__nes__l0.5 calls=1021 margin 4.46->-3.55 t=3.0s
[DONE] evaluation__3692__denoise__restore__nes__l0.5 calls=1021 margin 4.46->4.47 t=3.0s
[DONE] evaluation__3692__denoise__random_walk__random_walk__l0.5 calls=1024 margin 4.46->2.28 t=4.2s
[DONE] evaluation__3692__denoise__confidence_boost__nes__l0.5 calls=1021 margin 4.46->10.82 t=2.9s
[DONE] evaluation__3692__denoise__boundary_probe__nes__l0.5 calls=1021 margin 4.46->0.01 t=3.1s
[DONE] evaluation__3692__denoise__counterfactual__nes__l0.5 calls=1021 margin 4.46->-3.15 t=3.2s
[DONE] evaluation__3692__deblur__attack__nes__l1 calls=1021 margin 9.22->-5.94 t=3.3s
[DONE] evaluation__3692__deblur__restore__nes__l1 calls=1021 margin 9.22->10.38 t=3.1s
[DONE] evaluation__3692__deblur__random_walk__random_walk__l1 calls=1024 margin 9.22->8.30 t=4.4s
[DONE] evaluation__3692__deblur__confidence_boost__nes__l1 calls=1021 margin 9.22->15.13 t=3.0s
[DONE] evaluation__3692__deblur__boundary_probe__nes__l1 calls=1021 margin 9.22->0.01 t=2.9s
[DONE] evaluation__3692__deblur__counterfactual__nes__l1 calls=1021 margin 9.22->-5.20 t=3.0s
[DONE] evaluation__4362__denoise__attack__nes__l0.5 calls=1021 margin 9.48->3.73 t=2.9s
[DONE] evaluation__4362__denoise__restore__nes__l0.5 calls=1021 margin 9.48->9.52 t=3.2s
[DONE] evaluation__4362__denoise__random_walk__random_walk__l0.5 calls=1024 margin 9.48->9.03 t=4.5s
[DONE] evaluation__4362__denoise__confidence_boost__nes__l0.5 calls=1021 margin 9.48->12.47 t=2.9s
[DONE] evaluation__4362__denoise__boundary_probe__nes__l0.5 calls=1021 margin 9.48->4.12 t=3.1s
[DONE] evaluation__4362__denoise__counterfactual__nes__l0.5 calls=1021 margin 9.48->4.42 t=3.1s
[DONE] evaluation__4362__deblur__attack__nes__l1 calls=1021 margin 3.89->-4.63 t=3.1s
[DONE] evaluation__4362__deblur__restore__nes__l1 calls=1021 margin 3.89->3.83 t=3.1s
[DONE] evaluation__4362__deblur__random_walk__random_walk__l1 calls=1024 margin 3.89->7.46 t=4.1s
[DONE] evaluation__4362__deblur__confidence_boost__nes__l1 calls=1021 margin 3.89->11.56 t=2.7s
[DONE] evaluation__4362__deblur__boundary_probe__nes__l1 calls=1021 margin 3.89->0.01 t=3.0s
[DONE] evaluation__4362__deblur__counterfactual__nes__l1 calls=1021 margin 3.89->-4.73 t=2.9s
[DONE] evaluation__8540__denoise__attack__nes__l0.5 calls=1021 margin 1.22->-10.17 t=3.1s
[DONE] evaluation__8540__denoise__restore__nes__l0.5 calls=1021 margin 1.22->0.56 t=3.1s
[DONE] evaluation__8540__denoise__random_walk__random_walk__l0.5 calls=1024 margin 1.22->3.06 t=4.3s
[DONE] evaluation__8540__denoise__confidence_boost__nes__l0.5 calls=1021 margin 1.22->8.36 t=3.1s
[DONE] evaluation__8540__denoise__boundary_probe__nes__l0.5 calls=1021 margin 1.22->0.01 t=2.7s
[DONE] evaluation__8540__denoise__counterfactual__nes__l0.5 calls=1021 margin 1.22->-8.44 t=2.6s
[DONE] evaluation__8540__deblur__attack__nes__l1 calls=1021 margin 11.66->-3.18 t=3.1s
[DONE] evaluation__8540__deblur__restore__nes__l1 calls=1021 margin 11.66->12.19 t=3.1s
[DONE] evaluation__8540__deblur__random_walk__random_walk__l1 calls=1024 margin 11.66->9.87 t=4.0s
[DONE] evaluation__8540__deblur__confidence_boost__nes__l1 calls=1021 margin 11.66->15.46 t=2.9s
[DONE] evaluation__8540__deblur__boundary_probe__nes__l1 calls=1021 margin 11.66->0.00 t=2.9s
[DONE] evaluation__8540__deblur__counterfactual__nes__l1 calls=1021 margin 11.66->-2.41 t=3.1s
[DONE] evaluation__2281__denoise__attack__nes__l0.5 calls=1021 margin 5.43->-0.43 t=3.1s
[DONE] evaluation__2281__denoise__restore__nes__l0.5 calls=1021 margin 5.43->5.53 t=3.1s
[DONE] evaluation__2281__denoise__random_walk__random_walk__l0.5 calls=1024 margin 5.43->5.55 t=4.0s
[DONE] evaluation__2281__denoise__confidence_boost__nes__l0.5 calls=1021 margin 5.43->9.91 t=2.9s
[DONE] evaluation__2281__denoise__boundary_probe__nes__l0.5 calls=1021 margin 5.43->0.10 t=2.8s
[DONE] evaluation__2281__denoise__counterfactual__nes__l0.5 calls=1021 margin 5.43->-0.86 t=2.8s
[DONE] evaluation__2281__deblur__attack__nes__l1 calls=1021 margin 9.89->3.67 t=2.8s
[DONE] evaluation__2281__deblur__restore__nes__l1 calls=1021 margin 9.89->10.46 t=3.2s
[DONE] evaluation__2281__deblur__random_walk__random_walk__l1 calls=1024 margin 9.89->8.68 t=4.6s
[DONE] evaluation__2281__deblur__confidence_boost__nes__l1 calls=1021 margin 9.89->14.01 t=3.0s
[DONE] evaluation__2281__deblur__boundary_probe__nes__l1 calls=1021 margin 9.89->4.19 t=2.9s
[DONE] evaluation__2281__deblur__counterfactual__nes__l1 calls=1021 margin 9.89->3.85 t=2.8s
[DONE] evaluation__5615__denoise__attack__nes__l0.5 calls=1021 margin 0.92->-6.52 t=3.0s
[DONE] evaluation__5615__denoise__restore__nes__l0.5 calls=1021 margin 0.92->1.35 t=3.0s
[DONE] evaluation__5615__denoise__random_walk__random_walk__l0.5 calls=1024 margin 0.92->1.23 t=4.5s
[DONE] evaluation__5615__denoise__confidence_boost__nes__l0.5 calls=1021 margin 0.92->6.42 t=2.8s
[DONE] evaluation__5615__denoise__boundary_probe__nes__l0.5 calls=1021 margin 0.92->0.01 t=2.8s
[DONE] evaluation__5615__denoise__counterfactual__nes__l0.5 calls=1021 margin 0.92->-5.68 t=2.8s
[DONE] evaluation__5615__deblur__attack__nes__l1 calls=1021 margin 3.54->-5.53 t=3.0s
[DONE] evaluation__5615__deblur__restore__nes__l1 calls=1021 margin 3.54->4.60 t=3.1s
[DONE] evaluation__5615__deblur__random_walk__random_walk__l1 calls=1024 margin 3.54->6.34 t=4.3s
[DONE] evaluation__5615__deblur__confidence_boost__nes__l1 calls=1021 margin 3.54->10.52 t=3.1s
[DONE] evaluation__5615__deblur__boundary_probe__nes__l1 calls=1021 margin 3.54->0.01 t=2.9s
[DONE] evaluation__5615__deblur__counterfactual__nes__l1 calls=1021 margin 3.54->-5.84 t=2.8s
[DONE] evaluation__8789__denoise__attack__nes__l0.5 calls=1021 margin 2.39->-8.14 t=2.7s
[DONE] evaluation__8789__denoise__restore__nes__l0.5 calls=1021 margin 2.39->2.42 t=2.9s
[DONE] evaluation__8789__denoise__random_walk__random_walk__l0.5 calls=1024 margin 2.39->-1.17 t=4.3s
[DONE] evaluation__8789__denoise__confidence_boost__nes__l0.5 calls=1021 margin 2.39->9.10 t=2.8s
[DONE] evaluation__8789__denoise__boundary_probe__nes__l0.5 calls=1021 margin 2.39->0.00 t=2.8s
[DONE] evaluation__8789__denoise__counterfactual__nes__l0.5 calls=1021 margin 2.39->-7.90 t=2.8s
[DONE] evaluation__8789__deblur__attack__nes__l1 calls=1021 margin 6.06->0.58 t=3.0s
[DONE] evaluation__8789__deblur__restore__nes__l1 calls=1021 margin 6.06->7.60 t=3.3s
[DONE] evaluation__8789__deblur__random_walk__random_walk__l1 calls=1024 margin 6.06->9.02 t=4.3s
[DONE] evaluation__8789__deblur__confidence_boost__nes__l1 calls=1021 margin 6.06->13.54 t=3.1s
[DONE] evaluation__8789__deblur__boundary_probe__nes__l1 calls=1021 margin 6.06->0.59 t=3.0s
[DONE] evaluation__8789__deblur__counterfactual__nes__l1 calls=1021 margin 6.06->0.78 t=3.2s
[DONE] evaluation__1147__denoise__attack__nes__l0.5 calls=1021 margin 6.29->-3.21 t=2.9s
[DONE] evaluation__1147__denoise__restore__nes__l0.5 calls=1021 margin 6.29->5.50 t=2.8s
[DONE] evaluation__1147__denoise__random_walk__random_walk__l0.5 calls=1024 margin 6.29->5.34 t=4.3s
[DONE] evaluation__1147__denoise__confidence_boost__nes__l0.5 calls=1021 margin 6.29->11.35 t=2.9s
[DONE] evaluation__1147__denoise__boundary_probe__nes__l0.5 calls=1021 margin 6.29->0.02 t=3.0s
[DONE] evaluation__1147__denoise__counterfactual__nes__l0.5 calls=1021 margin 6.29->-0.94 t=3.1s
[DONE] evaluation__1147__deblur__attack__nes__l1 calls=1021 margin 2.24->-5.80 t=2.9s
[DONE] evaluation__1147__deblur__restore__nes__l1 calls=1021 margin 2.24->3.74 t=3.1s
[DONE] evaluation__1147__deblur__random_walk__random_walk__l1 calls=1024 margin 2.24->5.21 t=4.2s
[DONE] evaluation__1147__deblur__confidence_boost__nes__l1 calls=1021 margin 2.24->10.53 t=3.2s
[DONE] evaluation__1147__deblur__boundary_probe__nes__l1 calls=1021 margin 2.24->0.00 t=2.9s
[DONE] evaluation__1147__deblur__counterfactual__nes__l1 calls=1021 margin 2.24->-6.24 t=3.0s
[DONE] evaluation__4291__denoise__attack__nes__l0.5 calls=1021 margin 3.33->-2.86 t=2.7s
[DONE] evaluation__4291__denoise__restore__nes__l0.5 calls=1021 margin 3.33->2.94 t=2.8s
[DONE] evaluation__4291__denoise__random_walk__random_walk__l0.5 calls=1024 margin 3.33->3.96 t=4.0s
[DONE] evaluation__4291__denoise__confidence_boost__nes__l0.5 calls=1021 margin 3.33->7.85 t=3.3s
[DONE] evaluation__4291__denoise__boundary_probe__nes__l0.5 calls=1021 margin 3.33->0.01 t=3.1s
[DONE] evaluation__4291__denoise__counterfactual__nes__l0.5 calls=1021 margin 3.33->-2.94 t=3.0s
[DONE] evaluation__4291__deblur__attack__nes__l1 calls=1021 margin 2.22->-8.73 t=3.0s
[DONE] evaluation__4291__deblur__restore__nes__l1 calls=1021 margin 2.22->2.02 t=2.7s
[DONE] evaluation__4291__deblur__random_walk__random_walk__l1 calls=1024 margin 2.22->-0.18 t=4.3s
[DONE] evaluation__4291__deblur__confidence_boost__nes__l1 calls=1021 margin 2.22->7.80 t=3.2s
[DONE] evaluation__4291__deblur__boundary_probe__nes__l1 calls=1021 margin 2.22->0.00 t=2.9s
[DONE] evaluation__4291__deblur__counterfactual__nes__l1 calls=1021 margin 2.22->-7.77 t=2.8s
[DONE] evaluation__6894__denoise__attack__nes__l0.5 calls=1021 margin 5.16->-5.30 t=2.8s
[DONE] evaluation__6894__denoise__restore__nes__l0.5 calls=1021 margin 5.16->4.68 t=3.1s
[DONE] evaluation__6894__denoise__random_walk__random_walk__l0.5 calls=1024 margin 5.16->6.67 t=4.2s
[DONE] evaluation__6894__denoise__confidence_boost__nes__l0.5 calls=1021 margin 5.16->11.73 t=3.2s
[DONE] evaluation__6894__denoise__boundary_probe__nes__l0.5 calls=1021 margin 5.16->0.00 t=3.2s
[DONE] evaluation__6894__denoise__counterfactual__nes__l0.5 calls=1021 margin 5.16->-4.95 t=2.9s
[DONE] evaluation__6894__deblur__attack__nes__l1 calls=1021 margin 10.29->-1.70 t=3.0s
[DONE] evaluation__6894__deblur__restore__nes__l1 calls=1021 margin 10.29->10.95 t=2.9s
[DONE] evaluation__6894__deblur__random_walk__random_walk__l1 calls=1024 margin 10.29->10.21 t=4.5s
[DONE] evaluation__6894__deblur__confidence_boost__nes__l1 calls=1021 margin 10.29->14.29 t=3.3s
[DONE] evaluation__6894__deblur__boundary_probe__nes__l1 calls=1021 margin 10.29->0.00 t=3.0s
[DONE] evaluation__6894__deblur__counterfactual__nes__l1 calls=1021 margin 10.29->-0.46 t=2.8s
[DONE] evaluation__9762__denoise__attack__nes__l0.5 calls=1021 margin 8.77->2.65 t=2.9s
[DONE] evaluation__9762__denoise__restore__nes__l0.5 calls=1021 margin 8.77->8.54 t=3.0s
[DONE] evaluation__9762__denoise__random_walk__random_walk__l0.5 calls=1024 margin 8.77->7.94 t=4.2s
[DONE] evaluation__9762__denoise__confidence_boost__nes__l0.5 calls=1021 margin 8.77->12.70 t=3.2s
[DONE] evaluation__9762__denoise__boundary_probe__nes__l0.5 calls=1021 margin 8.77->1.68 t=3.2s
[DONE] evaluation__9762__denoise__counterfactual__nes__l0.5 calls=1021 margin 8.77->1.33 t=3.1s
[DONE] evaluation__9762__deblur__attack__nes__l1 calls=1021 margin 7.66->-6.60 t=2.7s
[DONE] evaluation__9762__deblur__restore__nes__l1 calls=1021 margin 7.66->7.48 t=3.0s
[DONE] evaluation__9762__deblur__random_walk__random_walk__l1 calls=1024 margin 7.66->4.50 t=4.1s
[DONE] evaluation__9762__deblur__confidence_boost__nes__l1 calls=1021 margin 7.66->13.77 t=3.3s
[DONE] evaluation__9762__deblur__boundary_probe__nes__l1 calls=1021 margin 7.66->0.02 t=3.2s
[DONE] evaluation__9762__deblur__counterfactual__nes__l1 calls=1021 margin 7.66->-1.20 t=3.0s
[DONE] evaluation__3482__denoise__attack__nes__l0.5 calls=1021 margin 0.54->-4.81 t=3.1s
[DONE] evaluation__3482__denoise__restore__nes__l0.5 calls=1021 margin 0.54->0.36 t=2.9s
[DONE] evaluation__3482__denoise__random_walk__random_walk__l0.5 calls=1024 margin 0.54->-0.66 t=4.0s
[DONE] evaluation__3482__denoise__confidence_boost__nes__l0.5 calls=1021 margin 0.54->6.05 t=3.0s
[DONE] evaluation__3482__denoise__boundary_probe__nes__l0.5 calls=1021 margin 0.54->0.01 t=3.3s
[DONE] evaluation__3482__denoise__counterfactual__nes__l0.5 calls=1021 margin 0.54->-4.55 t=3.0s
[DONE] evaluation__3482__deblur__attack__nes__l1 calls=1021 margin 7.64->-1.06 t=3.1s
[DONE] evaluation__3482__deblur__restore__nes__l1 calls=1021 margin 7.64->7.46 t=3.0s
[DONE] evaluation__3482__deblur__random_walk__random_walk__l1 calls=1024 margin 7.64->4.11 t=3.9s
[DONE] evaluation__3482__deblur__confidence_boost__nes__l1 calls=1021 margin 7.64->11.03 t=3.3s
[DONE] evaluation__3482__deblur__boundary_probe__nes__l1 calls=1021 margin 7.64->0.03 t=3.3s
[DONE] evaluation__3482__deblur__counterfactual__nes__l1 calls=1021 margin 7.64->0.08 t=3.4s
[DONE] evaluation__5606__denoise__attack__nes__l0.5 calls=1021 margin 7.08->1.35 t=2.7s
[DONE] evaluation__5606__denoise__restore__nes__l0.5 calls=1021 margin 7.08->6.78 t=2.9s
[DONE] evaluation__5606__denoise__random_walk__random_walk__l0.5 calls=1024 margin 7.08->7.10 t=4.0s
[DONE] evaluation__5606__denoise__confidence_boost__nes__l0.5 calls=1021 margin 7.08->11.77 t=3.1s
[DONE] evaluation__5606__denoise__boundary_probe__nes__l0.5 calls=1021 margin 7.08->1.05 t=3.1s
[DONE] evaluation__5606__denoise__counterfactual__nes__l0.5 calls=1021 margin 7.08->1.25 t=3.2s
[DONE] evaluation__5606__deblur__attack__nes__l1 calls=1021 margin 12.35->5.95 t=2.9s
[DONE] evaluation__5606__deblur__restore__nes__l1 calls=1021 margin 12.35->13.13 t=2.9s
[DONE] evaluation__5606__deblur__random_walk__random_walk__l1 calls=1024 margin 12.35->13.91 t=4.2s
[DONE] evaluation__5606__deblur__confidence_boost__nes__l1 calls=1021 margin 12.35->15.05 t=2.9s
[DONE] evaluation__5606__deblur__boundary_probe__nes__l1 calls=1021 margin 12.35->5.89 t=3.1s
[DONE] evaluation__5606__deblur__counterfactual__nes__l1 calls=1021 margin 12.35->5.02 t=3.1s
[DONE] evaluation__8327__denoise__attack__nes__l0.5 calls=1021 margin 0.14->-5.95 t=2.9s
[DONE] evaluation__8327__denoise__restore__nes__l0.5 calls=1021 margin 0.14->0.38 t=2.9s
[DONE] evaluation__8327__denoise__random_walk__random_walk__l0.5 calls=1024 margin 0.14->1.21 t=4.1s
[DONE] evaluation__8327__denoise__confidence_boost__nes__l0.5 calls=1021 margin 0.14->6.38 t=2.9s
[DONE] evaluation__8327__denoise__boundary_probe__nes__l0.5 calls=1021 margin 0.14->0.02 t=3.2s
[DONE] evaluation__8327__denoise__counterfactual__nes__l0.5 calls=1021 margin 0.14->-6.06 t=3.0s
[DONE] evaluation__8327__deblur__attack__nes__l1 calls=1021 margin 8.87->-4.49 t=3.0s
[DONE] evaluation__8327__deblur__restore__nes__l1 calls=1021 margin 8.87->8.31 t=3.2s
[DONE] evaluation__8327__deblur__random_walk__random_walk__l1 calls=1024 margin 8.87->5.20 t=4.0s
[DONE] evaluation__8327__deblur__confidence_boost__nes__l1 calls=1021 margin 8.87->13.60 t=3.2s
[DONE] evaluation__8327__deblur__boundary_probe__nes__l1 calls=1021 margin 8.87->0.00 t=3.2s
[DONE] evaluation__8327__deblur__counterfactual__nes__l1 calls=1021 margin 8.87->-4.13 t=3.3s
[DONE] evaluation__1142__denoise__attack__nes__l0.5 calls=1021 margin 3.73->-3.74 t=3.0s
[DONE] evaluation__1142__denoise__restore__nes__l0.5 calls=1021 margin 3.73->3.47 t=2.9s
[DONE] evaluation__1142__denoise__random_walk__random_walk__l0.5 calls=1024 margin 3.73->1.65 t=4.1s
[DONE] evaluation__1142__denoise__confidence_boost__nes__l0.5 calls=1021 margin 3.73->9.25 t=3.0s
[DONE] evaluation__1142__denoise__boundary_probe__nes__l0.5 calls=1021 margin 3.73->0.04 t=3.3s
[DONE] evaluation__1142__denoise__counterfactual__nes__l0.5 calls=1021 margin 3.73->-3.36 t=3.1s
[DONE] evaluation__1142__deblur__attack__nes__l1 calls=1021 margin 9.96->0.99 t=3.2s
[DONE] evaluation__1142__deblur__restore__nes__l1 calls=1021 margin 9.96->11.10 t=2.9s
[DONE] evaluation__1142__deblur__random_walk__random_walk__l1 calls=1024 margin 9.96->12.11 t=4.2s
[DONE] evaluation__1142__deblur__confidence_boost__nes__l1 calls=1021 margin 9.96->14.46 t=2.9s
[DONE] evaluation__1142__deblur__boundary_probe__nes__l1 calls=1021 margin 9.96->0.00 t=3.0s
[DONE] evaluation__1142__deblur__counterfactual__nes__l1 calls=1021 margin 9.96->-0.03 t=3.1s
[DONE] evaluation__3817__denoise__attack__nes__l0.5 calls=1021 margin 3.74->-0.99 t=3.0s
[DONE] evaluation__3817__denoise__restore__nes__l0.5 calls=1021 margin 3.74->3.38 t=2.8s
[DONE] evaluation__3817__denoise__random_walk__random_walk__l0.5 calls=1024 margin 3.74->3.11 t=3.9s
[DONE] evaluation__3817__denoise__confidence_boost__nes__l0.5 calls=1021 margin 3.74->7.61 t=2.7s
[DONE] evaluation__3817__denoise__boundary_probe__nes__l0.5 calls=1021 margin 3.74->0.03 t=2.9s
[DONE] evaluation__3817__denoise__counterfactual__nes__l0.5 calls=1021 margin 3.74->-2.13 t=3.2s
[DONE] evaluation__3817__deblur__attack__nes__l1 calls=1021 margin 9.52->1.94 t=3.1s
[DONE] evaluation__3817__deblur__restore__nes__l1 calls=1021 margin 9.52->10.22 t=3.1s
[DONE] evaluation__3817__deblur__random_walk__random_walk__l1 calls=1024 margin 9.52->11.26 t=4.1s
[DONE] evaluation__3817__deblur__confidence_boost__nes__l1 calls=1021 margin 9.52->14.08 t=3.2s
[DONE] evaluation__3817__deblur__boundary_probe__nes__l1 calls=1021 margin 9.52->1.79 t=3.2s
[DONE] evaluation__3817__deblur__counterfactual__nes__l1 calls=1021 margin 9.52->2.08 t=3.3s
[DONE] evaluation__6395__denoise__attack__nes__l0.5 calls=1021 margin 2.43->-3.04 t=3.1s
[DONE] evaluation__6395__denoise__restore__nes__l0.5 calls=1021 margin 2.43->3.19 t=2.8s
[DONE] evaluation__6395__denoise__random_walk__random_walk__l0.5 calls=1024 margin 2.43->1.96 t=4.3s
[DONE] evaluation__6395__denoise__confidence_boost__nes__l0.5 calls=1021 margin 2.43->6.99 t=2.9s
[DONE] evaluation__6395__denoise__boundary_probe__nes__l0.5 calls=1021 margin 2.43->0.04 t=3.1s
[DONE] evaluation__6395__denoise__counterfactual__nes__l0.5 calls=1021 margin 2.43->-2.74 t=3.2s
[DONE] evaluation__6395__deblur__attack__nes__l1 calls=1021 margin 8.11->-3.36 t=3.0s
[DONE] evaluation__6395__deblur__restore__nes__l1 calls=1021 margin 8.11->10.03 t=3.1s
[DONE] evaluation__6395__deblur__random_walk__random_walk__l1 calls=1024 margin 8.11->8.90 t=4.0s
[DONE] evaluation__6395__deblur__confidence_boost__nes__l1 calls=1021 margin 8.11->14.67 t=3.2s
[DONE] evaluation__6395__deblur__boundary_probe__nes__l1 calls=1021 margin 8.11->0.01 t=3.1s
[DONE] evaluation__6395__deblur__counterfactual__nes__l1 calls=1021 margin 8.11->-4.41 t=3.1s
[DONE] evaluation__609__denoise__attack__nes__l0.5 calls=1021 margin 7.13->3.01 t=3.0s
[DONE] evaluation__609__denoise__restore__nes__l0.5 calls=1021 margin 7.13->7.03 t=2.8s
[DONE] evaluation__609__denoise__random_walk__random_walk__l0.5 calls=1024 margin 7.13->7.29 t=3.9s
[DONE] evaluation__609__denoise__confidence_boost__nes__l0.5 calls=1021 margin 7.13->10.72 t=2.9s
[DONE] evaluation__609__denoise__boundary_probe__nes__l0.5 calls=1021 margin 7.13->2.94 t=3.1s
[DONE] evaluation__609__denoise__counterfactual__nes__l0.5 calls=1021 margin 7.13->2.84 t=3.0s
[DONE] evaluation__609__deblur__attack__nes__l1 calls=1021 margin 11.54->8.76 t=2.8s
[DONE] evaluation__609__deblur__restore__nes__l1 calls=1021 margin 11.54->11.56 t=2.7s
[DONE] evaluation__609__deblur__random_walk__random_walk__l1 calls=1024 margin 11.54->11.12 t=4.3s
[DONE] evaluation__609__deblur__confidence_boost__nes__l1 calls=1021 margin 11.54->12.80 t=3.0s
[DONE] evaluation__609__deblur__boundary_probe__nes__l1 calls=1021 margin 11.54->8.25 t=3.1s
[DONE] evaluation__609__deblur__counterfactual__nes__l1 calls=1021 margin 11.54->9.72 t=3.0s
[DONE] evaluation__5397__denoise__attack__nes__l0.5 calls=1021 margin 0.95->-7.50 t=3.1s
[DONE] evaluation__5397__denoise__restore__nes__l0.5 calls=1021 margin 0.95->1.34 t=3.3s
[DONE] evaluation__5397__denoise__random_walk__random_walk__l0.5 calls=1024 margin 0.95->1.66 t=4.0s
[DONE] evaluation__5397__denoise__confidence_boost__nes__l0.5 calls=1021 margin 0.95->8.25 t=2.7s
[DONE] evaluation__5397__denoise__boundary_probe__nes__l0.5 calls=1021 margin 0.95->0.02 t=3.1s
[DONE] evaluation__5397__denoise__counterfactual__nes__l0.5 calls=1021 margin 0.95->-7.24 t=3.0s
[DONE] evaluation__5397__deblur__attack__nes__l1 calls=1021 margin 7.17->-5.49 t=2.8s
[DONE] evaluation__5397__deblur__restore__nes__l1 calls=1021 margin 7.17->8.09 t=2.8s
[DONE] evaluation__5397__deblur__random_walk__random_walk__l1 calls=1024 margin 7.17->2.61 t=4.0s
[DONE] evaluation__5397__deblur__confidence_boost__nes__l1 calls=1021 margin 7.17->12.83 t=3.1s
[DONE] evaluation__5397__deblur__boundary_probe__nes__l1 calls=1021 margin 7.17->0.00 t=3.0s
[DONE] evaluation__5397__deblur__counterfactual__nes__l1 calls=1021 margin 7.17->-1.97 t=2.8s
[DONE] evaluation__8312__denoise__attack__nes__l0.5 calls=1021 margin 6.02->0.70 t=3.1s
[DONE] evaluation__8312__denoise__restore__nes__l0.5 calls=1021 margin 6.02->6.00 t=3.1s
[DONE] evaluation__8312__denoise__random_walk__random_walk__l0.5 calls=1024 margin 6.02->5.47 t=4.2s
[DONE] evaluation__8312__denoise__confidence_boost__nes__l0.5 calls=1021 margin 6.02->9.68 t=2.7s
[DONE] evaluation__8312__denoise__boundary_probe__nes__l0.5 calls=1021 margin 6.02->0.01 t=3.0s
[DONE] evaluation__8312__denoise__counterfactual__nes__l0.5 calls=1021 margin 6.02->-0.33 t=3.0s
[DONE] evaluation__8312__deblur__attack__nes__l1 calls=1021 margin 1.32->-5.98 t=3.1s
[DONE] evaluation__8312__deblur__restore__nes__l1 calls=1021 margin 1.32->2.88 t=3.2s
[DONE] evaluation__8312__deblur__random_walk__random_walk__l1 calls=1024 margin 1.32->5.55 t=4.1s
[DONE] evaluation__8312__deblur__confidence_boost__nes__l1 calls=1021 margin 1.32->9.82 t=2.7s
[DONE] evaluation__8312__deblur__boundary_probe__nes__l1 calls=1021 margin 1.32->0.02 t=2.7s
[DONE] evaluation__8312__deblur__counterfactual__nes__l1 calls=1021 margin 1.32->-6.37 t=2.8s
[DONE] evaluation__9362__denoise__attack__nes__l0.5 calls=1021 margin 3.72->-3.74 t=3.2s
[DONE] evaluation__9362__denoise__restore__nes__l0.5 calls=1021 margin 3.72->2.93 t=3.2s
[DONE] evaluation__9362__denoise__random_walk__random_walk__l0.5 calls=1024 margin 3.72->3.12 t=4.5s
[DONE] evaluation__9362__denoise__confidence_boost__nes__l0.5 calls=1021 margin 3.72->8.18 t=2.9s
[DONE] evaluation__9362__denoise__boundary_probe__nes__l0.5 calls=1021 margin 3.72->0.01 t=2.8s
[DONE] evaluation__9362__denoise__counterfactual__nes__l0.5 calls=1021 margin 3.72->-3.92 t=3.0s
[DONE] evaluation__9362__deblur__attack__nes__l1 calls=1021 margin 0.76->-8.21 t=3.1s
[DONE] evaluation__9362__deblur__restore__nes__l1 calls=1021 margin 0.76->1.06 t=3.2s
[DONE] evaluation__9362__deblur__random_walk__random_walk__l1 calls=1024 margin 0.76->1.50 t=4.2s
[DONE] evaluation__9362__deblur__confidence_boost__nes__l1 calls=1021 margin 0.76->9.50 t=2.7s
[DONE] evaluation__9362__deblur__boundary_probe__nes__l1 calls=1021 margin 0.76->0.03 t=3.0s
[DONE] evaluation__9362__deblur__counterfactual__nes__l1 calls=1021 margin 0.76->-7.53 t=3.0s
[DONE] fit__5256__denoise__attack__nes__l0.5 calls=1021 margin 1.61->-4.36 t=3.0s
[DONE] fit__5256__denoise__restore__nes__l0.5 calls=1021 margin 1.61->1.96 t=3.3s
[DONE] fit__5256__denoise__random_walk__random_walk__l0.5 calls=1024 margin 1.61->0.86 t=4.3s
[DONE] fit__5256__denoise__confidence_boost__nes__l0.5 calls=1021 margin 1.61->7.01 t=3.3s
[DONE] fit__5256__denoise__boundary_probe__nes__l0.5 calls=1021 margin 1.61->0.02 t=3.0s
[DONE] fit__5256__denoise__counterfactual__nes__l0.5 calls=1021 margin 1.61->-4.39 t=3.2s
[DONE] fit__5256__deblur__attack__nes__l1 calls=1021 margin 9.57->-0.33 t=2.9s
[DONE] fit__5256__deblur__restore__nes__l1 calls=1021 margin 9.57->8.54 t=3.3s
[DONE] fit__5256__deblur__random_walk__random_walk__l1 calls=1024 margin 9.57->4.30 t=4.0s
[DONE] fit__5256__deblur__confidence_boost__nes__l1 calls=1021 margin 9.57->12.98 t=2.7s
[DONE] fit__5256__deblur__boundary_probe__nes__l1 calls=1021 margin 9.57->0.84 t=2.9s
[DONE] fit__5256__deblur__counterfactual__nes__l1 calls=1021 margin 9.57->2.05 t=3.0s
[DONE] fit__1810__denoise__attack__nes__l0.5 calls=1021 margin 6.04->-2.54 t=2.9s
[DONE] fit__1810__denoise__restore__nes__l0.5 calls=1021 margin 6.04->6.18 t=3.2s
[DONE] fit__1810__denoise__random_walk__random_walk__l0.5 calls=1024 margin 6.04->4.16 t=4.4s
[DONE] fit__1810__denoise__confidence_boost__nes__l0.5 calls=1021 margin 6.04->10.58 t=2.8s
[DONE] fit__1810__denoise__boundary_probe__nes__l0.5 calls=1021 margin 6.04->0.03 t=2.9s
[DONE] fit__1810__denoise__counterfactual__nes__l0.5 calls=1021 margin 6.04->0.18 t=2.7s
[DONE] fit__1810__deblur__attack__nes__l1 calls=1021 margin 9.78->2.77 t=2.7s
[DONE] fit__1810__deblur__restore__nes__l1 calls=1021 margin 9.78->8.53 t=3.0s
[DONE] fit__1810__deblur__random_walk__random_walk__l1 calls=1024 margin 9.78->6.81 t=4.6s
[DONE] fit__1810__deblur__confidence_boost__nes__l1 calls=1021 margin 9.78->12.05 t=3.2s
[DONE] fit__1810__deblur__boundary_probe__nes__l1 calls=1021 margin 9.78->1.68 t=2.9s
[DONE] fit__1810__deblur__counterfactual__nes__l1 calls=1021 margin 9.78->1.97 t=2.8s
[DONE] fit__7329__denoise__attack__nes__l0.5 calls=1021 margin 0.07->-5.77 t=2.9s
[DONE] fit__7329__denoise__restore__nes__l0.5 calls=1021 margin 0.07->0.05 t=2.9s
[DONE] fit__7329__denoise__random_walk__random_walk__l0.5 calls=1024 margin 0.07->-1.34 t=4.5s
[DONE] fit__7329__denoise__confidence_boost__nes__l0.5 calls=1021 margin 0.07->5.57 t=3.1s
[DONE] fit__7329__denoise__boundary_probe__nes__l0.5 calls=1021 margin 0.07->0.01 t=3.0s
[DONE] fit__7329__denoise__counterfactual__nes__l0.5 calls=1021 margin 0.07->-5.85 t=3.1s
[DONE] fit__7329__deblur__attack__nes__l1 calls=1021 margin 3.88->-9.06 t=3.0s
[DONE] fit__7329__deblur__restore__nes__l1 calls=1021 margin 3.88->6.20 t=3.2s
[DONE] fit__7329__deblur__random_walk__random_walk__l1 calls=1024 margin 3.88->4.73 t=4.3s
[DONE] fit__7329__deblur__confidence_boost__nes__l1 calls=1021 margin 3.88->10.53 t=3.0s
[DONE] fit__7329__deblur__boundary_probe__nes__l1 calls=1021 margin 3.88->0.01 t=2.8s
[DONE] fit__7329__deblur__counterfactual__nes__l1 calls=1021 margin 3.88->-7.54 t=2.9s
[DONE] fit__3480__denoise__attack__nes__l0.5 calls=1021 margin 8.33->-0.29 t=3.0s
[DONE] fit__3480__denoise__restore__nes__l0.5 calls=1021 margin 8.33->8.08 t=2.9s
[DONE] fit__3480__denoise__random_walk__random_walk__l0.5 calls=1024 margin 8.33->8.19 t=4.3s
[DONE] fit__3480__denoise__confidence_boost__nes__l0.5 calls=1021 margin 8.33->12.79 t=3.1s
[DONE] fit__3480__denoise__boundary_probe__nes__l0.5 calls=1021 margin 8.33->0.87 t=3.0s
[DONE] fit__3480__denoise__counterfactual__nes__l0.5 calls=1021 margin 8.33->0.45 t=3.2s
[DONE] fit__3480__deblur__attack__nes__l1 calls=1021 margin 8.20->-0.54 t=3.0s
[DONE] fit__3480__deblur__restore__nes__l1 calls=1021 margin 8.20->7.51 t=3.1s
[DONE] fit__3480__deblur__random_walk__random_walk__l1 calls=1024 margin 8.20->9.21 t=4.4s
[DONE] fit__3480__deblur__confidence_boost__nes__l1 calls=1021 margin 8.20->13.72 t=2.8s
[DONE] fit__3480__deblur__boundary_probe__nes__l1 calls=1021 margin 8.20->0.05 t=2.9s
[DONE] fit__3480__deblur__counterfactual__nes__l1 calls=1021 margin 8.20->-3.27 t=3.0s
[DONE] fit__9423__denoise__attack__nes__l0.5 calls=1021 margin 4.38->-6.43 t=3.0s
[DONE] fit__9423__denoise__restore__nes__l0.5 calls=1021 margin 4.38->4.79 t=2.9s
[DONE] fit__9423__denoise__random_walk__random_walk__l0.5 calls=1024 margin 4.38->2.73 t=4.5s
[DONE] fit__9423__denoise__confidence_boost__nes__l0.5 calls=1021 margin 4.38->10.24 t=3.0s
[DONE] fit__9423__denoise__boundary_probe__nes__l0.5 calls=1021 margin 4.38->0.02 t=3.0s
[DONE] fit__9423__denoise__counterfactual__nes__l0.5 calls=1021 margin 4.38->-5.33 t=3.1s
[DONE] fit__9423__deblur__attack__nes__l1 calls=1021 margin 2.34->-7.59 t=3.0s
[DONE] fit__9423__deblur__restore__nes__l1 calls=1021 margin 2.34->4.53 t=3.0s
[DONE] fit__9423__deblur__random_walk__random_walk__l1 calls=1024 margin 2.34->5.25 t=4.6s
[DONE] fit__9423__deblur__confidence_boost__nes__l1 calls=1021 margin 2.34->12.47 t=3.1s
[DONE] fit__9423__deblur__boundary_probe__nes__l1 calls=1021 margin 2.34->0.02 t=3.0s
[DONE] fit__9423__deblur__counterfactual__nes__l1 calls=1021 margin 2.34->-7.31 t=2.9s
[DONE] fit__5817__denoise__attack__nes__l0.5 calls=1021 margin 3.78->-3.15 t=3.3s
[DONE] fit__5817__denoise__restore__nes__l0.5 calls=1021 margin 3.78->4.12 t=3.0s
[DONE] fit__5817__denoise__random_walk__random_walk__l0.5 calls=1024 margin 3.78->2.59 t=4.4s
[DONE] fit__5817__denoise__confidence_boost__nes__l0.5 calls=1021 margin 3.78->8.89 t=3.1s
[DONE] fit__5817__denoise__boundary_probe__nes__l0.5 calls=1021 margin 3.78->0.01 t=2.9s
[DONE] fit__5817__denoise__counterfactual__nes__l0.5 calls=1021 margin 3.78->-4.72 t=2.9s
[DONE] fit__5817__deblur__attack__nes__l1 calls=1021 margin 4.67->-4.01 t=2.9s
[DONE] fit__5817__deblur__restore__nes__l1 calls=1021 margin 4.67->4.69 t=2.8s
[DONE] fit__5817__deblur__random_walk__random_walk__l1 calls=1024 margin 4.67->4.73 t=4.4s
[DONE] fit__5817__deblur__confidence_boost__nes__l1 calls=1021 margin 4.67->12.04 t=3.1s
[DONE] fit__5817__deblur__boundary_probe__nes__l1 calls=1021 margin 4.67->0.01 t=3.0s
[DONE] fit__5817__deblur__counterfactual__nes__l1 calls=1021 margin 4.67->-2.12 t=2.7s
[DONE] fit__1544__denoise__attack__nes__l0.5 calls=1021 margin 2.56->-6.52 t=3.0s
[DONE] fit__1544__denoise__restore__nes__l0.5 calls=1021 margin 2.56->3.10 t=2.9s
[DONE] fit__1544__denoise__random_walk__random_walk__l0.5 calls=1024 margin 2.56->0.59 t=4.4s
[DONE] fit__1544__denoise__confidence_boost__nes__l0.5 calls=1021 margin 2.56->8.74 t=2.9s
[DONE] fit__1544__denoise__boundary_probe__nes__l0.5 calls=1021 margin 2.56->0.02 t=3.1s
[DONE] fit__1544__denoise__counterfactual__nes__l0.5 calls=1021 margin 2.56->-6.24 t=2.9s
[DONE] fit__1544__deblur__attack__nes__l1 calls=1021 margin 7.38->-2.44 t=2.9s
[DONE] fit__1544__deblur__restore__nes__l1 calls=1021 margin 7.38->9.14 t=2.9s
[DONE] fit__1544__deblur__random_walk__random_walk__l1 calls=1024 margin 7.38->12.09 t=4.2s
[DONE] fit__1544__deblur__confidence_boost__nes__l1 calls=1021 margin 7.38->15.17 t=3.1s
[DONE] fit__1544__deblur__boundary_probe__nes__l1 calls=1021 margin 7.38->0.00 t=3.2s
[DONE] fit__1544__deblur__counterfactual__nes__l1 calls=1021 margin 7.38->-2.53 t=2.9s
[DONE] fit__5329__denoise__attack__nes__l0.5 calls=1021 margin 5.61->-0.96 t=2.9s
[DONE] fit__5329__denoise__restore__nes__l0.5 calls=1021 margin 5.61->5.70 t=2.8s
[DONE] fit__5329__denoise__random_walk__random_walk__l0.5 calls=1024 margin 5.61->5.03 t=4.2s
[DONE] fit__5329__denoise__confidence_boost__nes__l0.5 calls=1021 margin 5.61->10.57 t=2.9s
[DONE] fit__5329__denoise__boundary_probe__nes__l0.5 calls=1021 margin 5.61->0.05 t=2.9s
[DONE] fit__5329__denoise__counterfactual__nes__l0.5 calls=1021 margin 5.61->-1.29 t=2.8s
[DONE] fit__5329__deblur__attack__nes__l1 calls=1021 margin 11.43->5.98 t=2.7s
[DONE] fit__5329__deblur__restore__nes__l1 calls=1021 margin 11.43->11.88 t=3.0s
[DONE] fit__5329__deblur__random_walk__random_walk__l1 calls=1024 margin 11.43->11.07 t=4.2s
[DONE] fit__5329__deblur__confidence_boost__nes__l1 calls=1021 margin 11.43->14.08 t=3.2s
[DONE] fit__5329__deblur__boundary_probe__nes__l1 calls=1021 margin 11.43->5.72 t=3.1s
[DONE] fit__5329__deblur__counterfactual__nes__l1 calls=1021 margin 11.43->5.58 t=3.1s
[DONE] fit__4406__denoise__attack__nes__l0.5 calls=1021 margin 0.66->-7.08 t=3.0s
[DONE] fit__4406__denoise__restore__nes__l0.5 calls=1021 margin 0.66->2.20 t=3.1s
[DONE] fit__4406__denoise__random_walk__random_walk__l0.5 calls=1024 margin 0.66->0.29 t=4.3s
[DONE] fit__4406__denoise__confidence_boost__nes__l0.5 calls=1021 margin 0.66->7.98 t=3.1s
[DONE] fit__4406__denoise__boundary_probe__nes__l0.5 calls=1021 margin 0.66->0.00 t=2.9s
[DONE] fit__4406__denoise__counterfactual__nes__l0.5 calls=1021 margin 0.66->-6.88 t=3.2s
[DONE] fit__4406__deblur__attack__nes__l1 calls=1021 margin 10.91->4.93 t=3.2s
[DONE] fit__4406__deblur__restore__nes__l1 calls=1021 margin 10.91->11.31 t=2.9s
[DONE] fit__4406__deblur__random_walk__random_walk__l1 calls=1024 margin 10.91->11.66 t=4.2s
[DONE] fit__4406__deblur__confidence_boost__nes__l1 calls=1021 margin 10.91->13.96 t=3.1s
[DONE] fit__4406__deblur__boundary_probe__nes__l1 calls=1021 margin 10.91->5.05 t=3.0s
[DONE] fit__4406__deblur__counterfactual__nes__l1 calls=1021 margin 10.91->4.88 t=2.9s
[DONE] fit__9712__denoise__attack__nes__l0.5 calls=1021 margin 1.88->-4.92 t=3.0s
[DONE] fit__9712__denoise__restore__nes__l0.5 calls=1021 margin 1.88->2.28 t=3.0s
[DONE] fit__9712__denoise__random_walk__random_walk__l0.5 calls=1024 margin 1.88->2.25 t=4.2s
[DONE] fit__9712__denoise__confidence_boost__nes__l0.5 calls=1021 margin 1.88->6.93 t=3.0s
[DONE] fit__9712__denoise__boundary_probe__nes__l0.5 calls=1021 margin 1.88->0.03 t=3.2s
[DONE] fit__9712__denoise__counterfactual__nes__l0.5 calls=1021 margin 1.88->-5.39 t=2.9s
[DONE] fit__9712__deblur__attack__nes__l1 calls=1021 margin 6.44->1.66 t=3.3s
[DONE] fit__9712__deblur__restore__nes__l1 calls=1021 margin 6.44->6.76 t=2.8s
[DONE] fit__9712__deblur__random_walk__random_walk__l1 calls=1024 margin 6.44->5.20 t=4.1s
[DONE] fit__9712__deblur__confidence_boost__nes__l1 calls=1021 margin 6.44->10.34 t=3.1s
[DONE] fit__9712__deblur__boundary_probe__nes__l1 calls=1021 margin 6.44->0.88 t=3.2s
[DONE] fit__9712__deblur__counterfactual__nes__l1 calls=1021 margin 6.44->0.72 t=2.9s
[DONE] fit__4702__denoise__attack__nes__l0.5 calls=1021 margin 9.28->4.46 t=2.9s
[DONE] fit__4702__denoise__restore__nes__l0.5 calls=1021 margin 9.28->9.17 t=2.9s
[DONE] fit__4702__denoise__random_walk__random_walk__l0.5 calls=1024 margin 9.28->9.71 t=4.3s
[DONE] fit__4702__denoise__confidence_boost__nes__l0.5 calls=1021 margin 9.28->12.26 t=3.3s
[DONE] fit__4702__denoise__boundary_probe__nes__l0.5 calls=1021 margin 9.28->5.16 t=3.4s
[DONE] fit__4702__denoise__counterfactual__nes__l0.5 calls=1021 margin 9.28->4.91 t=3.2s
[DONE] fit__4702__deblur__attack__nes__l1 calls=1021 margin 14.72->14.72 t=3.1s
[DONE] fit__4702__deblur__restore__nes__l1 calls=1021 margin 14.72->14.59 t=3.2s
[DONE] fit__4702__deblur__random_walk__random_walk__l1 calls=1024 margin 14.72->13.72 t=4.2s
[DONE] fit__4702__deblur__confidence_boost__nes__l1 calls=1021 margin 14.72->14.80 t=3.5s
[DONE] fit__4702__deblur__boundary_probe__nes__l1 calls=1021 margin 14.72->10.28 t=3.5s
[DONE] fit__4702__deblur__counterfactual__nes__l1 calls=1021 margin 14.72->10.47 t=3.2s
[DONE] fit__955__denoise__attack__nes__l0.5 calls=1021 margin 1.16->-6.90 t=3.2s
[DONE] fit__955__denoise__restore__nes__l0.5 calls=1021 margin 1.16->1.22 t=3.3s
[DONE] fit__955__denoise__random_walk__random_walk__l0.5 calls=1024 margin 1.16->0.89 t=4.0s
[DONE] fit__955__denoise__confidence_boost__nes__l0.5 calls=1021 margin 1.16->7.22 t=3.2s
[DONE] fit__955__denoise__boundary_probe__nes__l0.5 calls=1021 margin 1.16->0.02 t=2.9s
[DONE] fit__955__denoise__counterfactual__nes__l0.5 calls=1021 margin 1.16->-6.50 t=2.8s
[DONE] fit__955__deblur__attack__nes__l1 calls=1021 margin 9.59->1.59 t=2.7s
[DONE] fit__955__deblur__restore__nes__l1 calls=1021 margin 9.59->9.30 t=3.0s
[DONE] fit__955__deblur__random_walk__random_walk__l1 calls=1024 margin 9.59->7.94 t=4.4s
[DONE] fit__955__deblur__confidence_boost__nes__l1 calls=1021 margin 9.59->13.26 t=2.9s
[DONE] fit__955__deblur__boundary_probe__nes__l1 calls=1021 margin 9.59->1.59 t=3.1s
[DONE] fit__955__deblur__counterfactual__nes__l1 calls=1021 margin 9.59->1.32 t=2.8s
[DONE] fit__6955__denoise__attack__nes__l0.5 calls=1021 margin 10.44->3.64 t=2.8s
[DONE] fit__6955__denoise__restore__nes__l0.5 calls=1021 margin 10.44->10.40 t=3.1s
[DONE] fit__6955__denoise__random_walk__random_walk__l0.5 calls=1024 margin 10.44->11.43 t=4.2s
[DONE] fit__6955__denoise__confidence_boost__nes__l0.5 calls=1021 margin 10.44->14.03 t=3.0s
[DONE] fit__6955__denoise__boundary_probe__nes__l0.5 calls=1021 margin 10.44->2.62 t=3.1s
[DONE] fit__6955__denoise__counterfactual__nes__l0.5 calls=1021 margin 10.44->3.39 t=3.1s
[DONE] fit__6955__deblur__attack__nes__l1 calls=1021 margin 14.62->4.10 t=2.8s
[DONE] fit__6955__deblur__restore__nes__l1 calls=1021 margin 14.62->14.77 t=3.1s
[DONE] fit__6955__deblur__random_walk__random_walk__l1 calls=1024 margin 14.62->11.84 t=4.5s
[DONE] fit__6955__deblur__confidence_boost__nes__l1 calls=1021 margin 14.62->14.84 t=3.0s
[DONE] fit__6955__deblur__boundary_probe__nes__l1 calls=1021 margin 14.62->4.01 t=3.4s
[DONE] fit__6955__deblur__counterfactual__nes__l1 calls=1021 margin 14.62->3.91 t=3.1s
[DONE] fit__2052__denoise__attack__nes__l0.5 calls=1021 margin 8.11->2.49 t=3.3s
[DONE] fit__2052__denoise__restore__nes__l0.5 calls=1021 margin 8.11->8.27 t=2.9s
[DONE] fit__2052__denoise__random_walk__random_walk__l0.5 calls=1024 margin 8.11->8.18 t=4.4s
[DONE] fit__2052__denoise__confidence_boost__nes__l0.5 calls=1021 margin 8.11->11.28 t=3.0s
[DONE] fit__2052__denoise__boundary_probe__nes__l0.5 calls=1021 margin 8.11->2.39 t=3.3s
[DONE] fit__2052__denoise__counterfactual__nes__l0.5 calls=1021 margin 8.11->1.88 t=3.0s
[DONE] fit__2052__deblur__attack__nes__l1 calls=1021 margin 14.52->14.37 t=3.1s
[DONE] fit__2052__deblur__restore__nes__l1 calls=1021 margin 14.52->14.54 t=3.1s
[DONE] fit__2052__deblur__random_walk__random_walk__l1 calls=1024 margin 14.52->12.16 t=4.2s
[DONE] fit__2052__deblur__confidence_boost__nes__l1 calls=1021 margin 14.52->14.75 t=2.8s
[DONE] fit__2052__deblur__boundary_probe__nes__l1 calls=1021 margin 14.52->8.03 t=3.1s
[DONE] fit__2052__deblur__counterfactual__nes__l1 calls=1021 margin 14.52->8.05 t=2.7s
[DONE] fit__9101__denoise__attack__nes__l0.5 calls=1021 margin 0.96->-3.62 t=2.8s
[DONE] fit__9101__denoise__restore__nes__l0.5 calls=1021 margin 0.96->0.71 t=2.8s
[DONE] fit__9101__denoise__random_walk__random_walk__l0.5 calls=1024 margin 0.96->1.44 t=4.5s
[DONE] fit__9101__denoise__confidence_boost__nes__l0.5 calls=1021 margin 0.96->5.43 t=2.9s
[DONE] fit__9101__denoise__boundary_probe__nes__l0.5 calls=1021 margin 0.96->0.04 t=3.0s
[DONE] fit__9101__denoise__counterfactual__nes__l0.5 calls=1021 margin 0.96->-3.31 t=3.1s
[DONE] fit__9101__deblur__attack__nes__l1 calls=1021 margin 11.72->2.54 t=3.0s
[DONE] fit__9101__deblur__restore__nes__l1 calls=1021 margin 11.72->11.94 t=3.0s
[DONE] fit__9101__deblur__random_walk__random_walk__l1 calls=1024 margin 11.72->6.84 t=4.3s
[DONE] fit__9101__deblur__confidence_boost__nes__l1 calls=1021 margin 11.72->13.71 t=3.2s
[DONE] fit__9101__deblur__boundary_probe__nes__l1 calls=1021 margin 11.72->0.16 t=3.1s
[DONE] fit__9101__deblur__counterfactual__nes__l1 calls=1021 margin 11.72->2.57 t=3.0s
[DONE] fit__5137__denoise__attack__nes__l0.5 calls=1021 margin 7.18->3.16 t=2.8s
[DONE] fit__5137__denoise__restore__nes__l0.5 calls=1021 margin 7.18->7.51 t=3.1s
[DONE] fit__5137__denoise__random_walk__random_walk__l0.5 calls=1024 margin 7.18->7.17 t=4.2s
[DONE] fit__5137__denoise__confidence_boost__nes__l0.5 calls=1021 margin 7.18->10.36 t=3.1s
[DONE] fit__5137__denoise__boundary_probe__nes__l0.5 calls=1021 margin 7.18->2.50 t=3.1s
[DONE] fit__5137__denoise__counterfactual__nes__l0.5 calls=1021 margin 7.18->2.84 t=2.9s
[DONE] fit__5137__deblur__attack__nes__l1 calls=1021 margin 13.01->9.71 t=3.0s
[DONE] fit__5137__deblur__restore__nes__l1 calls=1021 margin 13.01->12.81 t=3.3s
[DONE] fit__5137__deblur__random_walk__random_walk__l1 calls=1024 margin 13.01->11.49 t=4.3s
[DONE] fit__5137__deblur__confidence_boost__nes__l1 calls=1021 margin 13.01->13.73 t=2.7s
[DONE] fit__5137__deblur__boundary_probe__nes__l1 calls=1021 margin 13.01->9.04 t=3.1s
[DONE] fit__5137__deblur__counterfactual__nes__l1 calls=1021 margin 13.01->9.99 t=2.9s
