[DONE] calibration__1735__denoise__attack__nes__l0.5 calls=1021 margin 3.38->-0.68 t=3.1s
[DONE] calibration__1735__denoise__restore__nes__l0.5 calls=1021 margin 3.38->3.32 t=2.9s
[DONE] calibration__1735__denoise__random_walk__random_walk__l0.5 calls=1024 margin 3.38->4.17 t=5.0s
[DONE] calibration__1735__denoise__confidence_boost__nes__l0.5 calls=1021 margin 3.38->7.59 t=2.9s
[DONE] calibration__1735__denoise__boundary_probe__nes__l0.5 calls=1021 margin 3.38->0.01 t=2.9s
[DONE] calibration__1735__denoise__counterfactual__nes__l0.5 calls=1021 margin 3.38->-1.24 t=3.1s
[DONE] calibration__1735__deblur__attack__nes__l1 calls=1021 margin 4.95->-0.46 t=2.7s
[DONE] calibration__1735__deblur__restore__nes__l1 calls=1021 margin 4.95->5.54 t=2.7s
[DONE] calibration__1735__deblur__random_walk__random_walk__l1 calls=1024 margin 4.95->3.34 t=4.8s
[DONE] calibration__1735__deblur__confidence_boost__nes__l1 calls=1021 margin 4.95->8.48 t=3.2s
[DONE] calibration__1735__deblur__boundary_probe__nes__l1 calls=1021 margin 4.95->0.01 t=2.8s
[DONE] calibration__1735__deblur__counterfactual__nes__l1 calls=1021 margin 4.95->-0.94 t=3.1s
[DONE] calibration__8197__denoise__attack__nes__l0.5 calls=1021 margin 1.03->-5.91 t=2.8s
[DONE] calibration__8197__denoise__restore__nes__l0.5 calls=1021 margin 1.03->0.83 t=3.0s
[DONE] calibration__8197__denoise__random_walk__random_walk__l0.5 calls=1024 margin 1.03->2.38 t=4.8s
[DONE] calibration__8197__denoise__confidence_boost__nes__l0.5 calls=1021 margin 1.03->8.37 t=3.1s
[DONE] calibration__8197__denoise__boundary_probe__nes__l0.5 calls=1021 margin 1.03->0.03 t=2.8s
[DONE] calibration__8197__denoise__counterfactual__nes__l0.5 calls=1021 margin 1.03->-6.31 t=3.0s
[DONE] calibration__8197__deblur__attack__nes__l1 calls=1021 margin 3.93->-11.24 t=2.9s
[DONE] calibration__8197__deblur__restore__nes__l1 calls=1021 margin 3.93->2.52 t=2.9s
[DONE] calibration__8197__deblur__random_walk__random_walk__l1 calls=1024 margin 3.93->-2.43 t=4.8s
[DONE] calibration__8197__deblur__confidence_boost__nes__l1 calls=1021 margin 3.93->12.58 t=3.0s
[DONE] calibration__8197__deblur__boundary_probe__nes__l1 calls=1021 margin 3.93->0.02 t=2.9s
[DONE] calibration__8197__deblur__counterfactual__nes__l1 calls=1021 margin 3.93->-8.39 t=2.9s
[DONE] calibration__3028__denoise__attack__nes__l0.5 calls=1021 margin 0.97->-5.80 t=3.0s
[DONE] calibration__3028__denoise__restore__nes__l0.5 calls=1021 margin 0.97->0.77 t=2.9s
[DONE] calibration__3028__denoise__random_walk__random_walk__l0.5 calls=1024 margin 0.97->-1.03 t=4.6s
[DONE] calibration__3028__denoise__confidence_boost__nes__l0.5 calls=1021 margin 0.97->6.75 t=3.2s
[DONE] calibration__3028__denoise__boundary_probe__nes__l0.5 calls=1021 margin 0.97->0.03 t=3.0s
[DONE] calibration__3028__denoise__counterfactual__nes__l0.5 calls=1021 margin 0.97->-6.21 t=3.0s
[DONE] calibration__3028__deblur__attack__nes__l1 calls=1021 margin 9.40->2.46 t=2.9s
[DONE] calibration__3028__deblur__restore__nes__l1 calls=1021 margin 9.40->9.64 t=2.9s
[DONE] calibration__3028__deblur__random_walk__random_walk__l1 calls=1024 margin 9.40->6.48 t=4.6s
[DONE] calibration__3028__deblur__confidence_boost__nes__l1 calls=1021 margin 9.40->13.16 t=3.0s
[DONE] calibration__3028__deblur__boundary_probe__nes__l1 calls=1021 margin 9.40->3.30 t=3.0s
[DONE] calibration__3028__deblur__counterfactual__nes__l1 calls=1021 margin 9.40->3.18 t=2.9s
[DONE] calibration__603__denoise__attack__nes__l0.5 calls=1021 margin 6.44->-3.51 t=3.0s
[DONE] calibration__603__denoise__restore__nes__l0.5 calls=1021 margin 6.44->6.94 t=3.2s
[DONE] calibration__603__denoise__random_walk__random_walk__l0.5 calls=1024 margin 6.44->6.83 t=4.7s
[DONE] calibration__603__denoise__confidence_boost__nes__l0.5 calls=1021 margin 6.44->11.20 t=3.2s
[DONE] calibration__603__denoise__boundary_probe__nes__l0.5 calls=1021 margin 6.44->0.04 t=3.0s
[DONE] calibration__603__denoise__counterfactual__nes__l0.5 calls=1021 margin 6.44->-3.91 t=3.2s
[DONE] calibration__603__deblur__attack__nes__l1 calls=1021 margin 10.48->0.40 t=3.3s
[DONE] calibration__603__deblur__restore__nes__l1 calls=1021 margin 10.48->10.41 t=3.0s
[DONE] calibration__603__deblur__random_walk__random_walk__l1 calls=1024 margin 10.48->8.45 t=4.8s
[DONE] calibration__603__deblur__confidence_boost__nes__l1 calls=1021 margin 10.48->13.70 t=3.1s
[DONE] calibration__603__deblur__boundary_probe__nes__l1 calls=1021 margin 10.48->3.72 t=3.0s
[DONE] calibration__603__deblur__counterfactual__nes__l1 calls=1021 margin 10.48->1.96 t=2.9s
[DONE] calibration__6232__denoise__attack__nes__l0.5 calls=1021 margin 6.12->0.35 t=3.1s
[DONE] calibration__6232__denoise__restore__nes__l0.5 calls=1021 margin 6.12->6.21 t=3.2s
[DONE] calibration__6232__denoise__random_walk__random_walk__l0.5 calls=1024 margin 6.12->6.51 t=4.6s
[DONE] calibration__6232__denoise__confidence_boost__nes__l0.5 calls=1021 margin 6.12->9.56 t=2.9s
[DONE] calibration__6232__denoise__boundary_probe__nes__l0.5 calls=1021 margin 6.12->0.71 t=2.8s
[DONE] calibration__6232__denoise__counterfactual__nes__l0.5 calls=1021 margin 6.12->1.16 t=2.8s
[DONE] calibration__6232__deblur__attack__nes__l1 calls=1021 margin 6.35->-0.94 t=3.0s
[DONE] calibration__6232__deblur__restore__nes__l1 calls=1021 margin 6.35->5.69 t=3.2s
[DONE] calibration__6232__deblur__random_walk__random_walk__l1 calls=1024 margin 6.35->4.51 t=4.5s
[DONE] calibration__6232__deblur__confidence_boost__nes__l1 calls=1021 margin 6.35->9.63 t=3.1s
[DONE] calibration__6232__deblur__boundary_probe__nes__l1 calls=1021 margin 6.35->0.02 t=3.0s
[DONE] calibration__6232__deblur__counterfactual__nes__l1 calls=1021 margin 6.35->0.14 t=2.8s
[DONE] calibration__3234__denoise__attack__nes__l0.5 calls=1021 margin 3.03->-1.55 t=2.9s
[DONE] calibration__3234__denoise__restore__nes__l0.5 calls=1021 margin 3.03->2.82 t=3.1s
[DONE] calibration__3234__denoise__random_walk__random_walk__l0.5 calls=1024 margin 3.03->3.22 t=4.6s
[DONE] calibration__3234__denoise__confidence_boost__nes__l0.5 calls=1021 margin 3.03->7.59 t=3.1s
[DONE] calibration__3234__denoise__boundary_probe__nes__l0.5 calls=1021 margin 3.03->0.01 t=2.9s
[DONE] calibration__3234__denoise__counterfactual__nes__l0.5 calls=1021 margin 3.03->-2.30 t=3.0s
[DONE] calibration__3234__deblur__attack__nes__l1 calls=1021 margin 10.50->4.39 t=3.0s
[DONE] calibration__3234__deblur__restore__nes__l1 calls=1021 margin 10.50->11.01 t=2.8s
[DONE] calibration__3234__deblur__random_walk__random_walk__l1 calls=1024 margin 10.50->9.76 t=4.5s
[DONE] calibration__3234__deblur__confidence_boost__nes__l1 calls=1021 margin 10.50->13.86 t=3.1s
[DONE] calibration__3234__deblur__boundary_probe__nes__l1 calls=1021 margin 10.50->4.42 t=2.7s
[DONE] calibration__3234__deblur__counterfactual__nes__l1 calls=1021 margin 10.50->4.11 t=2.7s
[DONE] calibration__8169__denoise__attack__nes__l0.5 calls=1021 margin 1.09->-1.75 t=3.0s
[DONE] calibration__8169__denoise__restore__nes__l0.5 calls=1021 margin 1.09->0.97 t=3.2s
[DONE] calibration__8169__denoise__random_walk__random_walk__l0.5 calls=1024 margin 1.09->1.81 t=4.7s
[DONE] calibration__8169__denoise__confidence_boost__nes__l0.5 calls=1021 margin 1.09->3.95 t=3.1s
[DONE] calibration__8169__denoise__boundary_probe__nes__l0.5 calls=1021 margin 1.09->0.00 t=3.3s
[DONE] calibration__8169__denoise__counterfactual__nes__l0.5 calls=1021 margin 1.09->-1.84 t=2.9s
[DONE] calibration__8169__deblur__attack__nes__l1 calls=1021 margin 5.57->0.08 t=3.2s
[DONE] calibration__8169__deblur__restore__nes__l1 calls=1021 margin 5.57->5.49 t=3.0s
[DONE] calibration__8169__deblur__random_walk__random_walk__l1 calls=1024 margin 5.57->5.68 t=4.5s
[DONE] calibration__8169__deblur__confidence_boost__nes__l1 calls=1021 margin 5.57->9.09 t=3.1s
[DONE] calibration__8169__deblur__boundary_probe__nes__l1 calls=1021 margin 5.57->0.10 t=3.2s
[DONE] calibration__8169__deblur__counterfactual__nes__l1 calls=1021 margin 5.57->-0.40 t=3.0s
[DONE] calibration__2208__denoise__attack__nes__l0.5 calls=1021 margin 8.28->-2.56 t=2.9s
[DONE] calibration__2208__denoise__restore__nes__l0.5 calls=1021 margin 8.28->8.77 t=3.0s
[DONE] calibration__2208__denoise__random_walk__random_walk__l0.5 calls=1024 margin 8.28->9.83 t=4.6s
[DONE] calibration__2208__denoise__confidence_boost__nes__l0.5 calls=1021 margin 8.28->13.88 t=3.0s
[DONE] calibration__2208__denoise__boundary_probe__nes__l0.5 calls=1021 margin 8.28->0.02 t=2.9s
[DONE] calibration__2208__denoise__counterfactual__nes__l0.5 calls=1021 margin 8.28->-2.70 t=3.0s
[DONE] calibration__2208__deblur__attack__nes__l1 calls=1021 margin 7.39->-4.00 t=2.8s
[DONE] calibration__2208__deblur__restore__nes__l1 calls=1021 margin 7.39->9.18 t=2.8s
[DONE] calibration__2208__deblur__random_walk__random_walk__l1 calls=1024 margin 7.39->6.84 t=4.4s
[DONE] calibration__2208__deblur__confidence_boost__nes__l1 calls=1021 margin 7.39->14.51 t=2.9s
[DONE] calibration__2208__deblur__boundary_probe__nes__l1 calls=1021 margin 7.39->0.01 t=3.0s
[DONE] calibration__2208__deblur__counterfactual__nes__l1 calls=1021 margin 7.39->-3.09 t=3.4s
[DONE] calibration__327__denoise__attack__nes__l0.5 calls=1021 margin 1.01->-5.98 t=3.0s
[DONE] calibration__327__denoise__restore__nes__l0.5 calls=1021 margin 1.01->1.37 t=2.9s
[DONE] calibration__327__denoise__random_walk__random_walk__l0.5 calls=1024 margin 1.01->1.06 t=4.5s
[DONE] calibration__327__denoise__confidence_boost__nes__l0.5 calls=1021 margin 1.01->6.71 t=2.8s
[DONE] calibration__327__denoise__boundary_probe__nes__l0.5 calls=1021 margin 1.01->0.01 t=3.0s
[DONE] calibration__327__denoise__counterfactual__nes__l0.5 calls=1021 margin 1.01->-3.89 t=2.8s
[DONE] calibration__327__deblur__attack__nes__l1 calls=1021 margin 7.87->1.42 t=3.3s
[DONE] calibration__327__deblur__restore__nes__l1 calls=1021 margin 7.87->9.07 t=3.0s
[DONE] calibration__327__deblur__random_walk__random_walk__l1 calls=1024 margin 7.87->6.63 t=4.5s
[DONE] calibration__327__deblur__confidence_boost__nes__l1 calls=1021 margin 7.87->14.19 t=3.0s
[DONE] calibration__327__deblur__boundary_probe__nes__l1 calls=1021 margin 7.87->0.04 t=2.7s
[DONE] calibration__327__deblur__counterfactual__nes__l1 calls=1021 margin 7.87->0.50 t=2.8s
[DONE] calibration__8025__denoise__attack__nes__l0.5 calls=1021 margin 0.90->-7.08 t=3.1s
[DONE] calibration__8025__denoise__restore__nes__l0.5 calls=1021 margin 0.90->1.19 t=3.0s
[DONE] calibration__8025__denoise__random_walk__random_walk__l0.5 calls=1024 margin 0.90->1.94 t=4.5s
[DONE] calibration__8025__denoise__confidence_boost__nes__l0.5 calls=1021 margin 0.90->6.90 t=2.9s
[DONE] calibration__8025__denoise__boundary_probe__nes__l0.5 calls=1021 margin 0.90->0.01 t=3.2s
[DONE] calibration__8025__denoise__counterfactual__nes__l0.5 calls=1021 margin 0.90->-7.17 t=2.9s
[DONE] calibration__8025__deblur__attack__nes__l1 calls=1021 margin 7.39->-1.30 t=3.0s
[DONE] calibration__8025__deblur__restore__nes__l1 calls=1021 margin 7.39->6.72 t=3.3s
[DONE] calibration__8025__deblur__random_walk__random_walk__l1 calls=1024 margin 7.39->8.72 t=4.3s
[DONE] calibration__8025__deblur__confidence_boost__nes__l1 calls=1021 margin 7.39->13.16 t=3.0s
[DONE] calibration__8025__deblur__boundary_probe__nes__l1 calls=1021 margin 7.39->0.01 t=3.1s
[DONE] calibration__8025__deblur__counterfactual__nes__l1 calls=1021 margin 7.39->-2.18 t=3.0s
[DONE] calibration__3455__denoise__attack__nes__l0.5 calls=1021 margin 8.96->-1.37 t=2.9s
[DONE] calibration__3455__denoise__restore__nes__l0.5 calls=1021 margin 8.96->9.06 t=3.0s
[DONE] calibration__3455__denoise__random_walk__random_walk__l0.5 calls=1024 margin 8.96->9.31 t=4.4s
[DONE] calibration__3455__denoise__confidence_boost__nes__l0.5 calls=1021 margin 8.96->13.35 t=2.9s
[DONE] calibration__3455__denoise__boundary_probe__nes__l0.5 calls=1021 margin 8.96->0.08 t=3.1s
[DONE] calibration__3455__denoise__counterfactual__nes__l0.5 calls=1021 margin 8.96->-1.21 t=3.0s
[DONE] calibration__3455__deblur__attack__nes__l1 calls=1021 margin 2.11->-10.06 t=2.9s
[DONE] calibration__3455__deblur__restore__nes__l1 calls=1021 margin 2.11->3.36 t=3.2s
[DONE] calibration__3455__deblur__random_walk__random_walk__l1 calls=1024 margin 2.11->5.36 t=4.5s
[DONE] calibration__3455__deblur__confidence_boost__nes__l1 calls=1021 margin 2.11->11.80 t=2.9s
[DONE] calibration__3455__deblur__boundary_probe__nes__l1 calls=1021 margin 2.11->0.01 t=2.6s
[DONE] calibration__3455__deblur__counterfactual__nes__l1 calls=1021 margin 2.11->-9.53 t=3.0s
[DONE] calibration__8724__denoise__attack__nes__l0.5 calls=1021 margin 8.48->0.69 t=3.1s
[DONE] calibration__8724__denoise__restore__nes__l0.5 calls=1021 margin 8.48->8.03 t=3.0s
[DONE] calibration__8724__denoise__random_walk__random_walk__l0.5 calls=1024 margin 8.48->8.15 t=4.5s
[DONE] calibration__8724__denoise__confidence_boost__nes__l0.5 calls=1021 margin 8.48->13.68 t=3.1s
[DONE] calibration__8724__denoise__boundary_probe__nes__l0.5 calls=1021 margin 8.48->0.19 t=3.3s
[DONE] calibration__8724__denoise__counterfactual__nes__l0.5 calls=1021 margin 8.48->0.98 t=3.2s
[DONE] calibration__8724__deblur__attack__nes__l1 calls=1021 margin 0.81->-11.03 t=2.9s
[DONE] calibration__8724__deblur__restore__nes__l1 calls=1021 margin 0.81->2.98 t=3.1s
[DONE] calibration__8724__deblur__random_walk__random_walk__l1 calls=1024 margin 0.81->3.97 t=4.4s
[DONE] calibration__8724__deblur__confidence_boost__nes__l1 calls=1021 margin 0.81->11.44 t=2.9s
[DONE] calibration__8724__deblur__boundary_probe__nes__l1 calls=1021 margin 0.81->0.02 t=3.0s
[DONE] calibration__8724__deblur__counterfactual__nes__l1 calls=1021 margin 0.81->-8.10 t=3.2s
[DONE] calibration__2004__denoise__attack__nes__l0.5 calls=1021 margin 0.91->-3.86 t=2.8s
[DONE] calibration__2004__denoise__restore__nes__l0.5 calls=1021 margin 0.91->1.56 t=3.0s
[DONE] calibration__2004__denoise__random_walk__random_walk__l0.5 calls=1024 margin 0.91->0.89 t=4.5s
[DONE] calibration__2004__denoise__confidence_boost__nes__l0.5 calls=1021 margin 0.91->6.73 t=3.1s
[DONE] calibration__2004__denoise__boundary_probe__nes__l0.5 calls=1021 margin 0.91->0.00 t=3.1s
[DONE] calibration__2004__denoise__counterfactual__nes__l0.5 calls=1021 margin 0.91->-3.71 t=2.8s
[DONE] calibration__2004__deblur__attack__nes__l1 calls=1021 margin 6.38->-0.30 t=3.1s
[DONE] calibration__2004__deblur__restore__nes__l1 calls=1021 margin 6.38->7.09 t=3.0s
[DONE] calibration__2004__deblur__random_walk__random_walk__l1 calls=1024 margin 6.38->5.29 t=4.3s
[DONE] calibration__2004__deblur__confidence_boost__nes__l1 calls=1021 margin 6.38->9.98 t=3.0s
[DONE] calibration__2004__deblur__boundary_probe__nes__l1 calls=1021 margin 6.38->0.04 t=3.0s
[DONE] calibration__2004__deblur__counterfactual__nes__l1 calls=1021 margin 6.38->-0.30 t=2.9s
[DONE] calibration__519__denoise__attack__nes__l0.5 calls=1021 margin 2.45->-5.43 t=2.8s
[DONE] calibration__519__denoise__restore__nes__l0.5 calls=1021 margin 2.45->2.84 t=3.1s
[DONE] calibration__519__denoise__random_walk__random_walk__l0.5 calls=1024 margin 2.45->1.95 t=4.3s
[DONE] calibration__519__denoise__confidence_boost__nes__l0.5 calls=1021 margin 2.45->10.69 t=2.9s
[DONE] calibration__519__denoise__boundary_probe__nes__l0.5 calls=1021 margin 2.45->0.03 t=2.9s
[DONE] calibration__519__denoise__counterfactual__nes__l0.5 calls=1021 margin 2.45->-5.54 t=2.9s
[DONE] calibration__519__deblur__attack__nes__l1 calls=1021 margin 4.83->-0.04 t=3.0s
[DONE] calibration__519__deblur__restore__nes__l1 calls=1021 margin 4.83->6.98 t=2.8s
[DONE] calibration__519__deblur__random_walk__random_walk__l1 calls=1024 margin 4.83->11.67 t=4.3s
[DONE] calibration__519__deblur__confidence_boost__nes__l1 calls=1021 margin 4.83->14.63 t=3.2s
[DONE] calibration__519__deblur__boundary_probe__nes__l1 calls=1021 margin 4.83->0.62 t=3.0s
[DONE] calibration__519__deblur__counterfactual__nes__l1 calls=1021 margin 4.83->0.09 t=2.8s
[DONE] calibration__5612__denoise__attack__nes__l0.5 calls=1021 margin 8.19->3.33 t=3.3s
[DONE] calibration__5612__denoise__restore__nes__l0.5 calls=1021 margin 8.19->8.32 t=3.2s
[DONE] calibration__5612__denoise__random_walk__random_walk__l0.5 calls=1024 margin 8.19->7.26 t=4.5s
[DONE] calibration__5612__denoise__confidence_boost__nes__l0.5 calls=1021 margin 8.19->10.48 t=3.4s
[DONE] calibration__5612__denoise__boundary_probe__nes__l0.5 calls=1021 margin 8.19->3.05 t=3.2s
[DONE] calibration__5612__denoise__counterfactual__nes__l0.5 calls=1021 margin 8.19->2.83 t=3.2s
[DONE] calibration__5612__deblur__attack__nes__l1 calls=1021 margin 8.61->1.17 t=3.0s
[DONE] calibration__5612__deblur__restore__nes__l1 calls=1021 margin 8.61->9.16 t=2.9s
[DONE] calibration__5612__deblur__random_walk__random_walk__l1 calls=1024 margin 8.61->9.56 t=4.2s
[DONE] calibration__5612__deblur__confidence_boost__nes__l1 calls=1021 margin 8.61->13.57 t=3.1s
[DONE] calibration__5612__deblur__boundary_probe__nes__l1 calls=1021 margin 8.61->0.89 t=2.8s
[DONE] calibration__5612__deblur__counterfactual__nes__l1 calls=1021 margin 8.61->1.58 t=3.0s
[DONE] calibration__3213__denoise__attack__nes__l0.5 calls=1021 margin 1.62->-6.51 t=3.2s
[DONE] calibration__3213__denoise__restore__nes__l0.5 calls=1021 margin 1.62->2.44 t=2.8s
[DONE] calibration__3213__denoise__random_walk__random_walk__l0.5 calls=1024 margin 1.62->-0.88 t=4.6s
[DONE] calibration__3213__denoise__confidence_boost__nes__l0.5 calls=1021 margin 1.62->9.03 t=3.2s
[DONE] calibration__3213__denoise__boundary_probe__nes__l0.5 calls=1021 margin 1.62->0.00 t=2.9s
[DONE] calibration__3213__denoise__counterfactual__nes__l0.5 calls=1021 margin 1.62->-6.79 t=2.9s
[DONE] calibration__3213__deblur__attack__nes__l1 calls=1021 margin 9.57->1.58 t=3.0s
[DONE] calibration__3213__deblur__restore__nes__l1 calls=1021 margin 9.57->9.79 t=3.0s
[DONE] calibration__3213__deblur__random_walk__random_walk__l1 calls=1024 margin 9.57->8.68 t=4.3s
[DONE] calibration__3213__deblur__confidence_boost__nes__l1 calls=1021 margin 9.57->13.29 t=3.1s
[DONE] calibration__3213__deblur__boundary_probe__nes__l1 calls=1021 margin 9.57->3.54 t=3.1s
[DONE] calibration__3213__deblur__counterfactual__nes__l1 calls=1021 margin 9.57->3.37 t=3.0s
[DONE] calibration__7699__denoise__attack__nes__l0.5 calls=1021 margin 2.58->-3.85 t=3.0s
[DONE] calibration__7699__denoise__restore__nes__l0.5 calls=1021 margin 2.58->2.63 t=3.0s
[DONE] calibration__7699__denoise__random_walk__random_walk__l0.5 calls=1024 margin 2.58->3.01 t=4.5s
[DONE] calibration__7699__denoise__confidence_boost__nes__l0.5 calls=1021 margin 2.58->7.71 t=3.1s
[DONE] calibration__7699__denoise__boundary_probe__nes__l0.5 calls=1021 margin 2.58->0.02 t=2.9s
[DONE] calibration__7699__denoise__counterfactual__nes__l0.5 calls=1021 margin 2.58->-3.93 t=3.1s
[DONE] calibration__7699__deblur__attack__nes__l1 calls=1021 margin 5.17->-6.29 t=3.2s
[DONE] calibration__7699__deblur__restore__nes__l1 calls=1021 margin 5.17->6.34 t=3.1s
[DONE] calibration__7699__deblur__random_walk__random_walk__l1 calls=1024 margin 5.17->6.20 t=4.3s
[DONE] calibration__7699__deblur__confidence_boost__nes__l1 calls=1021 margin 5.17->11.03 t=3.0s
[DONE] calibration__7699__deblur__boundary_probe__nes__l1 calls=1021 margin 5.17->0.05 t=2.8s
[DONE] calibration__7699__deblur__counterfactual__nes__l1 calls=1021 margin 5.17->-5.78 t=3.2s
[DONE] evaluation__3568__denoise__attack__nes__l0.5 calls=1021 margin 4.96->-1.75 t=3.1s
[DONE] evaluation__3568__denoise__restore__nes__l0.5 calls=1021 margin 4.96->4.69 t=3.2s
[DONE] evaluation__3568__denoise__random_walk__random_walk__l0.5 calls=1024 margin 4.96->5.79 t=4.3s
[DONE] evaluation__3568__denoise__confidence_boost__nes__l0.5 calls=1021 margin 4.96->9.56 t=3.0s
[DONE] evaluation__3568__denoise__boundary_probe__nes__l0.5 calls=1021 margin 4.96->0.00 t=2.9s
[DONE] evaluation__3568__denoise__counterfactual__nes__l0.5 calls=1021 margin 4.96->-2.18 t=2.9s
[DONE] evaluation__3568__deblur__attack__nes__l1 calls=1021 margin 7.51->-2.31 t=2.8s
[DONE] evaluation__3568__deblur__restore__nes__l1 calls=1021 margin 7.51->8.16 t=3.0s
[DONE] evaluation__3568__deblur__random_walk__random_walk__l1 calls=1024 margin 7.51->1.43 t=4.4s
[DONE] evaluation__3568__deblur__confidence_boost__nes__l1 calls=1021 margin 7.51->13.55 t=3.0s
[DONE] evaluation__3568__deblur__boundary_probe__nes__l1 calls=1021 margin 7.51->0.03 t=2.6s
[DONE] evaluation__3568__deblur__counterfactual__nes__l1 calls=1021 margin 7.51->-0.69 t=3.2s
[DONE] evaluation__6494__denoise__attack__nes__l0.5 calls=1021 margin 1.01->-6.04 t=3.0s
[DONE] evaluation__6494__denoise__restore__nes__l0.5 calls=1021 margin 1.01->1.19 t=3.2s
[DONE] evaluation__6494__denoise__random_walk__random_walk__l0.5 calls=1024 margin 1.01->-0.23 t=4.2s
[DONE] evaluation__6494__denoise__confidence_boost__nes__l0.5 calls=1021 margin 1.01->5.93 t=3.2s
[DONE] evaluation__6494__denoise__boundary_probe__nes__l0.5 calls=1021 margin 1.01->0.00 t=2.8s
[DONE] evaluation__6494__denoise__counterfactual__nes__l0.5 calls=1021 margin 1.01->-2.80 t=3.2s
[DONE] evaluation__6494__deblur__attack__nes__l1 calls=1021 margin 4.33->-1.50 t=3.0s
[DONE] evaluation__6494__deblur__restore__nes__l1 calls=1021 margin 4.33->5.70 t=3.1s
[DONE] evaluation__6494__deblur__random_walk__random_walk__l1 calls=1024 margin 4.33->4.28 t=4.2s
[DONE] evaluation__6494__deblur__confidence_boost__nes__l1 calls=1021 margin 4.33->11.38 t=3.2s
[DONE] evaluation__6494__deblur__boundary_probe__nes__l1 calls=1021 margin 4.33->0.01 t=2.9s
[DONE] evaluation__6494__deblur__counterfactual__nes__l1 calls=1021 margin 4.33->-2.36 t=3.1s
[DONE] evaluation__9045__denoise__attack__nes__l0.5 calls=1021 margin 8.08->3.80 t=2.9s
[DONE] evaluation__9045__denoise__restore__nes__l0.5 calls=1021 margin 8.08->8.07 t=3.1s
[DONE] evaluation__9045__denoise__random_walk__random_walk__l0.5 calls=1024 margin 8.08->7.75 t=4.2s
[DONE] evaluation__9045__denoise__confidence_boost__nes__l0.5 calls=1021 margin 8.08->11.82 t=2.9s
[DONE] evaluation__9045__denoise__boundary_probe__nes__l0.5 calls=1021 margin 8.08->3.70 t=2.9s
[DONE] evaluation__9045__denoise__counterfactual__nes__l0.5 calls=1021 margin 8.08->3.35 t=3.2s
[DONE] evaluation__9045__deblur__attack__nes__l1 calls=1021 margin 11.83->8.79 t=2.8s
[DONE] evaluation__9045__deblur__restore__nes__l1 calls=1021 margin 11.83->11.88 t=2.9s
[DONE] evaluation__9045__deblur__random_walk__random_walk__l1 calls=1024 margin 11.83->12.36 t=4.3s
[DONE] evaluation__9045__deblur__confidence_boost__nes__l1 calls=1021 margin 11.83->13.37 t=3.1s
[DONE] evaluation__9045__deblur__boundary_probe__nes__l1 calls=1021 margin 11.83->9.32 t=2.9s
[DONE] evaluation__9045__deblur__counterfactual__nes__l1 calls=1021 margin 11.83->9.22 t=3.0s
[DONE] evaluation__122__denoise__attack__nes__l0.5 calls=1021 margin 3.74->-1.82 t=3.2s
[DONE] evaluation__122__denoise__restore__nes__l0.5 calls=1021 margin 3.74->3.02 t=3.0s
[DONE] evaluation__122__denoise__random_walk__random_walk__l0.5 calls=1024 margin 3.74->3.20 t=4.2s
[DONE] evaluation__122__denoise__confidence_boost__nes__l0.5 calls=1021 margin 3.74->8.58 t=3.1s
[DONE] evaluation__122__denoise__boundary_probe__nes__l0.5 calls=1021 margin 3.74->0.01 t=3.1s
[DONE] evaluation__122__denoise__counterfactual__nes__l0.5 calls=1021 margin 3.74->-2.27 t=2.9s
[DONE] evaluation__122__deblur__attack__nes__l1 calls=1021 margin 6.59->-3.22 t=2.6s
[DONE] evaluation__122__deblur__restore__nes__l1 calls=1021 margin 6.59->7.00 t=2.8s
[DONE] evaluation__122__deblur__random_walk__random_walk__l1 calls=1024 margin 6.59->4.74 t=4.2s
[DONE] evaluation__122__deblur__confidence_boost__nes__l1 calls=1021 margin 6.59->11.38 t=3.1s
[DONE] evaluation__122__deblur__boundary_probe__nes__l1 calls=1021 margin 6.59->0.09 t=3.0s
[DONE] evaluation__122__deblur__counterfactual__nes__l1 calls=1021 margin 6.59->-3.54 t=3.3s
[DONE] evaluation__3020__denoise__attack__nes__l0.5 calls=1021 margin 3.40->-3.67 t=3.0s
[DONE] evaluation__3020__denoise__restore__nes__l0.5 calls=1021 margin 3.40->3.19 t=3.2s
[DONE] evaluation__3020__denoise__random_walk__random_walk__l0.5 calls=1024 margin 3.40->2.01 t=4.3s
[DONE] evaluation__3020__denoise__confidence_boost__nes__l0.5 calls=1021 margin 3.40->7.80 t=3.2s
[DONE] evaluation__3020__denoise__boundary_probe__nes__l0.5 calls=1021 margin 3.40->0.00 t=3.1s
[DONE] evaluation__3020__denoise__counterfactual__nes__l0.5 calls=1021 margin 3.40->-2.60 t=3.0s
[DONE] evaluation__3020__deblur__attack__nes__l1 calls=1021 margin 8.54->-1.67 t=3.1s
[DONE] evaluation__3020__deblur__restore__nes__l1 calls=1021 margin 8.54->7.70 t=2.8s
[DONE] evaluation__3020__deblur__random_walk__random_walk__l1 calls=1024 margin 8.54->5.04 t=4.2s
[DONE] evaluation__3020__deblur__confidence_boost__nes__l1 calls=1021 margin 8.54->12.52 t=3.0s
[DONE] evaluation__3020__deblur__boundary_probe__nes__l1 calls=1021 margin 8.54->0.03 t=3.0s
[DONE] evaluation__3020__deblur__counterfactual__nes__l1 calls=1021 margin 8.54->-1.95 t=3.0s
[DONE] evaluation__7450__denoise__attack__nes__l0.5 calls=1021 margin 2.17->-4.32 t=3.1s
[DONE] evaluation__7450__denoise__restore__nes__l0.5 calls=1021 margin 2.17->2.44 t=3.1s
[DONE] evaluation__7450__denoise__random_walk__random_walk__l0.5 calls=1024 margin 2.17->0.17 t=4.5s
[DONE] evaluation__7450__denoise__confidence_boost__nes__l0.5 calls=1021 margin 2.17->7.22 t=3.1s
[DONE] evaluation__7450__denoise__boundary_probe__nes__l0.5 calls=1021 margin 2.17->0.01 t=3.1s
[DONE] evaluation__7450__denoise__counterfactual__nes__l0.5 calls=1021 margin 2.17->-3.17 t=2.9s
[DONE] evaluation__7450__deblur__attack__nes__l1 calls=1021 margin 8.89->3.54 t=3.2s
[DONE] evaluation__7450__deblur__restore__nes__l1 calls=1021 margin 8.89->8.38 t=2.9s
[DONE] evaluation__7450__deblur__random_walk__random_walk__l1 calls=1024 margin 8.89->7.03 t=4.4s
[DONE] evaluation__7450__deblur__confidence_boost__nes__l1 calls=1021 margin 8.89->11.14 t=3.2s
[DONE] evaluation__7450__deblur__boundary_probe__nes__l1 calls=1021 margin 8.89->3.71 t=3.2s
[DONE] evaluation__7450__deblur__counterfactual__nes__l1 calls=1021 margin 8.89->3.70 t=3.1s
[DONE] evaluation__988__denoise__attack__nes__l0.5 calls=1021 margin 6.67->1.57 t=3.3s
[DONE] evaluation__988__denoise__restore__nes__l0.5 calls=1021 margin 6.67->6.59 t=3.2s
[DONE] evaluation__988__denoise__random_walk__random_walk__l0.5 calls=1024 margin 6.67->6.74 t=4.3s
[DONE] evaluation__988__denoise__confidence_boost__nes__l0.5 calls=1021 margin 6.67->9.85 t=3.1s
[DONE] evaluation__988__denoise__boundary_probe__nes__l0.5 calls=1021 margin 6.67->1.25 t=3.0s
[DONE] evaluation__988__denoise__counterfactual__nes__l0.5 calls=1021 margin 6.67->1.18 t=3.0s
[DONE] evaluation__988__deblur__attack__nes__l1 calls=1021 margin 3.81->-4.61 t=2.9s
[DONE] evaluation__988__deblur__restore__nes__l1 calls=1021 margin 3.81->4.50 t=3.0s
[DONE] evaluation__988__deblur__random_walk__random_walk__l1 calls=1024 margin 3.81->6.05 t=4.1s
[DONE] evaluation__988__deblur__confidence_boost__nes__l1 calls=1021 margin 3.81->11.15 t=3.1s
[DONE] evaluation__988__deblur__boundary_probe__nes__l1 calls=1021 margin 3.81->0.01 t=3.0s
[DONE] evaluation__988__deblur__counterfactual__nes__l1 calls=1021 margin 3.81->-4.90 t=2.9s
[DONE] evaluation__3313__denoise__attack__nes__l0.5 calls=1021 margin 10.67->1.87 t=2.8s
[DONE] evaluation__3313__denoise__restore__nes__l0.5 calls=1021 margin 10.67->10.03 t=3.0s
[DONE] evaluation__3313__denoise__random_walk__random_walk__l0.5 calls=1024 margin 10.67->10.96 t=4.2s
[DONE] evaluation__3313__denoise__confidence_boost__nes__l0.5 calls=1021 margin 10.67->14.53 t=3.2s
[DONE] evaluation__3313__denoise__boundary_probe__nes__l0.5 calls=1021 margin 10.67->0.72 t=3.2s
[DONE] evaluation__3313__denoise__counterfactual__nes__l0.5 calls=1021 margin 10.67->1.61 t=2.7s
[DONE] evaluation__3313__deblur__attack__nes__l1 calls=1021 margin 13.40->-0.78 t=3.1s
[DONE] evaluation__3313__deblur__restore__nes__l1 calls=1021 margin 13.40->13.53 t=2.9s
[DONE] evaluation__3313__deblur__random_walk__random_walk__l1 calls=1024 margin 13.40->10.00 t=4.2s
[DONE] evaluation__3313__deblur__confidence_boost__nes__l1 calls=1021 margin 13.40->15.00 t=3.0s
[DONE] evaluation__3313__deblur__boundary_probe__nes__l1 calls=1021 margin 13.40->0.07 t=2.7s
[DONE] evaluation__3313__deblur__counterfactual__nes__l1 calls=1021 margin 13.40->-1.72 t=2.6s
[DONE] evaluation__6981__denoise__attack__nes__l0.5 calls=1021 margin 3.19->-3.77 t=2.8s
[DONE] evaluation__6981__denoise__restore__nes__l0.5 calls=1021 margin 3.19->3.28 t=3.1s
[DONE] evaluation__6981__denoise__random_walk__random_walk__l0.5 calls=1024 margin 3.19->3.80 t=4.2s
[DONE] evaluation__6981__denoise__confidence_boost__nes__l0.5 calls=1021 margin 3.19->8.07 t=3.1s
[DONE] evaluation__6981__denoise__boundary_probe__nes__l0.5 calls=1021 margin 3.19->0.04 t=2.9s
[DONE] evaluation__6981__denoise__counterfactual__nes__l0.5 calls=1021 margin 3.19->-4.34 t=3.1s
[DONE] evaluation__6981__deblur__attack__nes__l1 calls=1021 margin 5.92->-5.25 t=2.9s
[DONE] evaluation__6981__deblur__restore__nes__l1 calls=1021 margin 5.92->6.15 t=3.2s
[DONE] evaluation__6981__deblur__random_walk__random_walk__l1 calls=1024 margin 5.92->9.41 t=4.4s
[DONE] evaluation__6981__deblur__confidence_boost__nes__l1 calls=1021 margin 5.92->14.11 t=2.9s
[DONE] evaluation__6981__deblur__boundary_probe__nes__l1 calls=1021 margin 5.92->0.00 t=3.1s
[DONE] evaluation__6981__deblur__counterfactual__nes__l1 calls=1021 margin 5.92->-4.93 t=3.0s
[DONE] evaluation__9267__denoise__attack__nes__l0.5 calls=1021 margin 2.45->-1.80 t=2.8s
[DONE] evaluation__9267__denoise__restore__nes__l0.5 calls=1021 margin 2.45->1.82 t=2.8s
[DONE] evaluation__9267__denoise__random_walk__random_walk__l0.5 calls=1024 margin 2.45->2.42 t=4.2s
[DONE] evaluation__9267__denoise__confidence_boost__nes__l0.5 calls=1021 margin 2.45->8.12 t=2.9s
[DONE] evaluation__9267__denoise__boundary_probe__nes__l0.5 calls=1021 margin 2.45->0.00 t=3.1s
[DONE] evaluation__9267__denoise__counterfactual__nes__l0.5 calls=1021 margin 2.45->-1.93 t=2.9s
[DONE] evaluation__9267__deblur__attack__nes__l1 calls=1021 margin 5.73->-7.98 t=2.9s
[DONE] evaluation__9267__deblur__restore__nes__l1 calls=1021 margin 5.73->5.47 t=2.6s
[DONE] evaluation__9267__deblur__random_walk__random_walk__l1 calls=1024 margin 5.73->0.77 t=4.1s
[DONE] evaluation__9267__deblur__confidence_boost__nes__l1 calls=1021 margin 5.73->11.86 t=2.9s
[DONE] evaluation__9267__deblur__boundary_probe__nes__l1 calls=1021 margin 5.73->0.04 t=3.2s
[DONE] evaluation__9267__deblur__counterfactual__nes__l1 calls=1021 margin 5.73->-7.25 t=3.3s
[DONE] evaluation__3023__denoise__attack__nes__l0.5 calls=1021 margin 0.86->-5.62 t=2.9s
[DONE] evaluation__3023__denoise__restore__nes__l0.5 calls=1021 margin 0.86->1.02 t=3.3s
[DONE] evaluation__3023__denoise__random_walk__random_walk__l0.5 calls=1024 margin 0.86->0.71 t=4.3s
[DONE] evaluation__3023__denoise__confidence_boost__nes__l0.5 calls=1021 margin 0.86->7.86 t=2.8s
[DONE] evaluation__3023__denoise__boundary_probe__nes__l0.5 calls=1021 margin 0.86->0.01 t=3.0s
[DONE] evaluation__3023__denoise__counterfactual__nes__l0.5 calls=1021 margin 0.86->-5.40 t=2.7s
[DONE] evaluation__3023__deblur__attack__nes__l1 calls=1021 margin 10.84->-3.37 t=3.1s
[DONE] evaluation__3023__deblur__restore__nes__l1 calls=1021 margin 10.84->10.43 t=2.9s
[DONE] evaluation__3023__deblur__random_walk__random_walk__l1 calls=1024 margin 10.84->8.56 t=4.2s
[DONE] evaluation__3023__deblur__confidence_boost__nes__l1 calls=1021 margin 10.84->13.14 t=3.0s
[DONE] evaluation__3023__deblur__boundary_probe__nes__l1 calls=1021 margin 10.84->0.09 t=3.2s
[DONE] evaluation__3023__deblur__counterfactual__nes__l1 calls=1021 margin 10.84->-3.04 t=3.1s
[DONE] evaluation__5732__denoise__attack__nes__l0.5 calls=1021 margin 4.26->-1.83 t=2.8s
[DONE] evaluation__5732__denoise__restore__nes__l0.5 calls=1021 margin 4.26->4.24 t=3.0s
[DONE] evaluation__5732__denoise__random_walk__random_walk__l0.5 calls=1024 margin 4.26->4.01 t=4.2s
[DONE] evaluation__5732__denoise__confidence_boost__nes__l0.5 calls=1021 margin 4.26->8.20 t=2.9s
[DONE] evaluation__5732__denoise__boundary_probe__nes__l0.5 calls=1021 margin 4.26->0.01 t=3.2s
[DONE] evaluation__5732__denoise__counterfactual__nes__l0.5 calls=1021 margin 4.26->-1.93 t=3.1s
[DONE] evaluation__5732__deblur__attack__nes__l1 calls=1021 margin 6.00->-4.79 t=2.9s
[DONE] evaluation__5732__deblur__restore__nes__l1 calls=1021 margin 6.00->5.23 t=3.0s
[DONE] evaluation__5732__deblur__random_walk__random_walk__l1 calls=1024 margin 6.00->5.10 t=4.4s
[DONE] evaluation__5732__deblur__confidence_boost__nes__l1 calls=1021 margin 6.00->11.56 t=3.0s
[DONE] evaluation__5732__deblur__boundary_probe__nes__l1 calls=1021 margin 6.00->0.01 t=3.2s
[DONE] evaluation__5732__deblur__counterfactual__nes__l1 calls=1021 margin 6.00->-3.02 t=2.9s
[DONE] evaluation__7518__denoise__attack__nes__l0.5 calls=1021 margin 4.91->-3.87 t=3.1s
[DONE] evaluation__7518__denoise__restore__nes__l0.5 calls=1021 margin 4.91->5.23 t=3.3s
[DONE] evaluation__7518__denoise__random_walk__random_walk__l0.5 calls=1024 margin 4.91->1.99 t=4.4s
[DONE] evaluation__7518__denoise__confidence_boost__nes__l0.5 calls=1021 margin 4.91->10.08 t=3.2s
[DONE] evaluation__7518__denoise__boundary_probe__nes__l0.5 calls=1021 margin 4.91->0.00 t=3.5s
[DONE] evaluation__7518__denoise__counterfactual__nes__l0.5 calls=1021 margin 4.91->-3.75 t=3.1s
[DONE] evaluation__7518__deblur__attack__nes__l1 calls=1021 margin 8.29->-2.67 t=3.3s
[DONE] evaluation__7518__deblur__restore__nes__l1 calls=1021 margin 8.29->8.94 t=3.3s
[DONE] evaluation__7518__deblur__random_walk__random_walk__l1 calls=1024 margin 8.29->5.82 t=4.5s
[DONE] evaluation__7518__deblur__confidence_boost__nes__l1 calls=1021 margin 8.29->12.34 t=3.1s
[DONE] evaluation__7518__deblur__boundary_probe__nes__l1 calls=1021 margin 8.29->0.01 t=3.5s
[DONE] evaluation__7518__deblur__counterfactual__nes__l1 calls=1021 margin 8.29->-0.13 t=3.0s
[DONE] evaluation__1533__denoise__attack__nes__l0.5 calls=1021 margin 3.87->-1.64 t=3.3s
[DONE] evaluation__1533__denoise__restore__nes__l0.5 calls=1021 margin 3.87->3.71 t=3.2s
[DONE] evaluation__1533__denoise__random_walk__random_walk__l0.5 calls=1024 margin 3.87->5.17 t=4.4s
[DONE] evaluation__1533__denoise__confidence_boost__nes__l0.5 calls=1021 margin 3.87->8.55 t=3.3s
[DONE] evaluation__1533__denoise__boundary_probe__nes__l0.5 calls=1021 margin 3.87->0.01 t=3.2s
[DONE] evaluation__1533__denoise__counterfactual__nes__l0.5 calls=1021 margin 3.87->-1.61 t=3.1s
[DONE] evaluation__1533__deblur__attack__nes__l1 calls=1021 margin 6.26->-5.64 t=3.0s
[DONE] evaluation__1533__deblur__restore__nes__l1 calls=1021 margin 6.26->5.26 t=3.2s
[DONE] evaluation__1533__deblur__random_walk__random_walk__l1 calls=1024 margin 6.26->7.20 t=4.2s
[DONE] evaluation__1533__deblur__confidence_boost__nes__l1 calls=1021 margin 6.26->14.04 t=2.9s
[DONE] evaluation__1533__deblur__boundary_probe__nes__l1 calls=1021 margin 6.26->0.05 t=3.2s
[DONE] evaluation__1533__deblur__counterfactual__nes__l1 calls=1021 margin 6.26->-4.10 t=2.7s
[DONE] evaluation__4042__denoise__attack__nes__l0.5 calls=1021 margin 0.97->-3.77 t=2.7s
[DONE] evaluation__4042__denoise__restore__nes__l0.5 calls=1021 margin 0.97->0.85 t=2.7s
[DONE] evaluation__4042__denoise__random_walk__random_walk__l0.5 calls=1024 margin 0.97->0.15 t=4.4s
[DONE] evaluation__4042__denoise__confidence_boost__nes__l0.5 calls=1021 margin 0.97->5.47 t=2.7s
[DONE] evaluation__4042__denoise__boundary_probe__nes__l0.5 calls=1021 margin 0.97->0.01 t=3.2s
[DONE] evaluation__4042__denoise__counterfactual__nes__l0.5 calls=1021 margin 0.97->-3.73 t=2.9s
[DONE] evaluation__4042__deblur__attack__nes__l1 calls=1021 margin 4.28->-0.49 t=2.9s
[DONE] evaluation__4042__deblur__restore__nes__l1 calls=1021 margin 4.28->4.59 t=3.1s
[DONE] evaluation__4042__deblur__random_walk__random_walk__l1 calls=1024 margin 4.28->5.94 t=4.4s
[DONE] evaluation__4042__deblur__confidence_boost__nes__l1 calls=1021 margin 4.28->9.02 t=3.3s
[DONE] evaluation__4042__deblur__boundary_probe__nes__l1 calls=1021 margin 4.28->0.01 t=3.0s
[DONE] evaluation__4042__deblur__counterfactual__nes__l1 calls=1021 margin 4.28->-0.21 t=3.0s
[DONE] evaluation__7916__denoise__attack__nes__l0.5 calls=1021 margin 5.12->1.51 t=3.1s
[DONE] evaluation__7916__denoise__restore__nes__l0.5 calls=1021 margin 5.12->5.22 t=3.1s
[DONE] evaluation__7916__denoise__random_walk__random_walk__l0.5 calls=1024 margin 5.12->5.59 t=4.3s
[DONE] evaluation__7916__denoise__confidence_boost__nes__l0.5 calls=1021 margin 5.12->8.45 t=3.3s
[DONE] evaluation__7916__denoise__boundary_probe__nes__l0.5 calls=1021 margin 5.12->1.27 t=3.1s
[DONE] evaluation__7916__denoise__counterfactual__nes__l0.5 calls=1021 margin 5.12->0.69 t=3.3s
[DONE] evaluation__7916__deblur__attack__nes__l1 calls=1021 margin 2.65->-2.44 t=3.0s
[DONE] evaluation__7916__deblur__restore__nes__l1 calls=1021 margin 2.65->3.74 t=3.1s
[DONE] evaluation__7916__deblur__random_walk__random_walk__l1 calls=1024 margin 2.65->5.49 t=4.6s
[DONE] evaluation__7916__deblur__confidence_boost__nes__l1 calls=1021 margin 2.65->9.07 t=3.1s
[DONE] evaluation__7916__deblur__boundary_probe__nes__l1 calls=1021 margin 2.65->0.01 t=2.9s
[DONE] evaluation__7916__deblur__counterfactual__nes__l1 calls=1021 margin 2.65->-1.51 t=2.8s
[DONE] evaluation__1290__denoise__attack__nes__l0.5 calls=1021 margin 5.44->-2.85 t=2.9s
[DONE] evaluation__1290__denoise__restore__nes__l0.5 calls=1021 margin 5.44->5.43 t=2.9s
[DONE] evaluation__1290__denoise__random_walk__random_walk__l0.5 calls=1024 margin 5.44->5.01 t=4.4s
[DONE] evaluation__1290__denoise__confidence_boost__nes__l0.5 calls=1021 margin 5.44->9.16 t=2.9s
[DONE] evaluation__1290__denoise__boundary_probe__nes__l0.5 calls=1021 margin 5.44->0.02 t=3.3s
[DONE] evaluation__1290__denoise__counterfactual__nes__l0.5 calls=1021 margin 5.44->-2.22 t=3.0s
[DONE] evaluation__1290__deblur__attack__nes__l1 calls=1021 margin 4.37->-2.18 t=3.2s
[DONE] evaluation__1290__deblur__restore__nes__l1 calls=1021 margin 4.37->3.81 t=3.0s
[DONE] evaluation__1290__deblur__random_walk__random_walk__l1 calls=1024 margin 4.37->4.96 t=4.3s
[DONE] evaluation__1290__deblur__confidence_boost__nes__l1 calls=1021 margin 4.37->9.43 t=3.2s
[DONE] evaluation__1290__deblur__boundary_probe__nes__l1 calls=1021 margin 4.37->0.01 t=3.1s
[DONE] evaluation__1290__deblur__counterfactual__nes__l1 calls=1021 margin 4.37->-1.75 t=3.2s
[DONE] evaluation__3613__denoise__attack__nes__l0.5 calls=1021 margin 2.39->-3.57 t=2.7s
[DONE] evaluation__3613__denoise__restore__nes__l0.5 calls=1021 margin 2.39->3.02 t=3.0s
[DONE] evaluation__3613__denoise__random_walk__random_walk__l0.5 calls=1024 margin 2.39->0.49 t=4.4s
[DONE] evaluation__3613__denoise__confidence_boost__nes__l0.5 calls=1021 margin 2.39->7.71 t=2.9s
[DONE] evaluation__3613__denoise__boundary_probe__nes__l0.5 calls=1021 margin 2.39->0.01 t=3.0s
[DONE] evaluation__3613__denoise__counterfactual__nes__l0.5 calls=1021 margin 2.39->-3.36 t=3.2s
[DONE] evaluation__3613__deblur__attack__nes__l1 calls=1021 margin 7.83->-0.80 t=3.0s
[DONE] evaluation__3613__deblur__restore__nes__l1 calls=1021 margin 7.83->8.08 t=3.2s
[DONE] evaluation__3613__deblur__random_walk__random_walk__l1 calls=1024 margin 7.83->7.13 t=4.7s
[DONE] evaluation__3613__deblur__confidence_boost__nes__l1 calls=1021 margin 7.83->13.38 t=3.2s
[DONE] evaluation__3613__deblur__boundary_probe__nes__l1 calls=1021 margin 7.83->0.01 t=3.1s
[DONE] evaluation__3613__deblur__counterfactual__nes__l1 calls=1021 margin 7.83->-0.56 t=3.2s
[DONE] evaluation__6120__denoise__attack__nes__l0.5 calls=1021 margin 3.87->-3.47 t=3.3s
[DONE] evaluation__6120__denoise__restore__nes__l0.5 calls=1021 margin 3.87->3.75 t=3.1s
[DONE] evaluation__6120__denoise__random_walk__random_walk__l0.5 calls=1024 margin 3.87->3.27 t=4.6s
[DONE] evaluation__6120__denoise__confidence_boost__nes__l0.5 calls=1021 margin 3.87->7.65 t=3.0s
[DONE] evaluation__6120__denoise__boundary_probe__nes__l0.5 calls=1021 margin 3.87->0.02 t=2.9s
[DONE] evaluation__6120__denoise__counterfactual__nes__l0.5 calls=1021 margin 3.87->-2.89 t=2.9s
[DONE] evaluation__6120__deblur__attack__nes__l1 calls=1021 margin 6.40->-3.87 t=2.8s
[DONE] evaluation__6120__deblur__restore__nes__l1 calls=1021 margin 6.40->7.40 t=2.9s
[DONE] evaluation__6120__deblur__random_walk__random_walk__l1 calls=1024 margin 6.40->5.47 t=4.5s
[DONE] evaluation__6120__deblur__confidence_boost__nes__l1 calls=1021 margin 6.40->10.99 t=3.2s
[DONE] evaluation__6120__deblur__boundary_probe__nes__l1 calls=1021 margin 6.40->0.04 t=3.3s
[DONE] evaluation__6120__deblur__counterfactual__nes__l1 calls=1021 margin 6.40->-3.88 t=3.3s
[DONE] evaluation__9540__denoise__attack__nes__l0.5 calls=1021 margin 4.97->-1.28 t=3.1s
[DONE] evaluation__9540__denoise__restore__nes__l0.5 calls=1021 margin 4.97->5.11 t=3.1s
[DONE] evaluation__9540__denoise__random_walk__random_walk__l0.5 calls=1024 margin 4.97->4.44 t=4.7s
[DONE] evaluation__9540__denoise__confidence_boost__nes__l0.5 calls=1021 margin 4.97->9.44 t=3.2s
[DONE] evaluation__9540__denoise__boundary_probe__nes__l0.5 calls=1021 margin 4.97->0.05 t=3.2s
[DONE] evaluation__9540__denoise__counterfactual__nes__l0.5 calls=1021 margin 4.97->-0.94 t=3.1s
[DONE] evaluation__9540__deblur__attack__nes__l1 calls=1021 margin 9.42->0.50 t=2.8s
[DONE] evaluation__9540__deblur__restore__nes__l1 calls=1021 margin 9.42->9.56 t=3.3s
[DONE] evaluation__9540__deblur__random_walk__random_walk__l1 calls=1024 margin 9.42->8.88 t=4.7s
[DONE] evaluation__9540__deblur__confidence_boost__nes__l1 calls=1021 margin 9.42->14.02 t=3.1s
[DONE] evaluation__9540__deblur__boundary_probe__nes__l1 calls=1021 margin 9.42->0.01 t=2.9s
[DONE] evaluation__9540__deblur__counterfactual__nes__l1 calls=1021 margin 9.42->1.54 t=2.6s
[DONE] evaluation__2105__denoise__attack__nes__l0.5 calls=1021 margin 10.33->3.43 t=2.9s
[DONE] evaluation__2105__denoise__restore__nes__l0.5 calls=1021 margin 10.33->9.47 t=3.3s
[DONE] evaluation__2105__denoise__random_walk__random_walk__l0.5 calls=1024 margin 10.33->11.12 t=4.8s
[DONE] evaluation__2105__denoise__confidence_boost__nes__l0.5 calls=1021 margin 10.33->13.69 t=3.0s
[DONE] evaluation__2105__denoise__boundary_probe__nes__l0.5 calls=1021 margin 10.33->3.90 t=2.9s
[DONE] evaluation__2105__denoise__counterfactual__nes__l0.5 calls=1021 margin 10.33->4.48 t=3.0s
[DONE] evaluation__2105__deblur__attack__nes__l1 calls=1021 margin 6.94->-5.98 t=2.8s
[DONE] evaluation__2105__deblur__restore__nes__l1 calls=1021 margin 6.94->7.68 t=2.9s
[DONE] evaluation__2105__deblur__random_walk__random_walk__l1 calls=1024 margin 6.94->7.51 t=4.3s
[DONE] evaluation__2105__deblur__confidence_boost__nes__l1 calls=1021 margin 6.94->14.56 t=3.1s
[DONE] evaluation__2105__deblur__boundary_probe__nes__l1 calls=1021 margin 6.94->0.01 t=3.3s
[DONE] evaluation__2105__deblur__counterfactual__nes__l1 calls=1021 margin 6.94->-6.26 t=3.2s
[DONE] evaluation__4788__denoise__attack__nes__l0.5 calls=1021 margin 8.36->-0.39 t=3.0s
[DONE] evaluation__4788__denoise__restore__nes__l0.5 calls=1021 margin 8.36->7.65 t=3.6s
[DONE] evaluation__4788__denoise__random_walk__random_walk__l0.5 calls=1024 margin 8.36->9.13 t=4.6s
[DONE] evaluation__4788__denoise__confidence_boost__nes__l0.5 calls=1021 margin 8.36->12.45 t=3.3s
[DONE] evaluation__4788__denoise__boundary_probe__nes__l0.5 calls=1021 margin 8.36->0.12 t=3.0s
[DONE] evaluation__4788__denoise__counterfactual__nes__l0.5 calls=1021 margin 8.36->0.11 t=3.0s
[DONE] evaluation__4788__deblur__attack__nes__l1 calls=1021 margin 3.76->-4.43 t=3.4s
[DONE] evaluation__4788__deblur__restore__nes__l1 calls=1021 margin 3.76->6.03 t=3.2s
[DONE] evaluation__4788__deblur__random_walk__random_walk__l1 calls=1024 margin 3.76->6.19 t=4.7s
[DONE] evaluation__4788__deblur__confidence_boost__nes__l1 calls=1021 margin 3.76->13.04 t=3.4s
[DONE] evaluation__4788__deblur__boundary_probe__nes__l1 calls=1021 margin 3.76->0.02 t=3.2s
[DONE] evaluation__4788__deblur__counterfactual__nes__l1 calls=1021 margin 3.76->-4.57 t=3.4s
[DONE] evaluation__8113__denoise__attack__nes__l0.5 calls=1021 margin 9.85->4.86 t=3.2s
[DONE] evaluation__8113__denoise__restore__nes__l0.5 calls=1021 margin 9.85->10.29 t=3.4s
[DONE] evaluation__8113__denoise__random_walk__random_walk__l0.5 calls=1024 margin 9.85->9.99 t=4.4s
[DONE] evaluation__8113__denoise__confidence_boost__nes__l0.5 calls=1021 margin 9.85->13.12 t=3.2s
[DONE] evaluation__8113__denoise__boundary_probe__nes__l0.5 calls=1021 margin 9.85->4.61 t=3.1s
[DONE] evaluation__8113__denoise__counterfactual__nes__l0.5 calls=1021 margin 9.85->4.75 t=3.0s
[DONE] evaluation__8113__deblur__attack__nes__l1 calls=1021 margin 8.94->0.90 t=2.9s
[DONE] evaluation__8113__deblur__restore__nes__l1 calls=1021 margin 8.94->8.46 t=3.2s
[DONE] evaluation__8113__deblur__random_walk__random_walk__l1 calls=1024 margin 8.94->7.24 t=4.3s
[DONE] evaluation__8113__deblur__confidence_boost__nes__l1 calls=1021 margin 8.94->14.48 t=2.9s
[DONE] evaluation__8113__deblur__boundary_probe__nes__l1 calls=1021 margin 8.94->0.10 t=2.8s
[DONE] evaluation__8113__deblur__counterfactual__nes__l1 calls=1021 margin 8.94->0.34 t=3.2s
[DONE] evaluation__1966__denoise__attack__nes__l0.5 calls=1021 margin 4.87->0.02 t=3.1s
[DONE] evaluation__1966__denoise__restore__nes__l0.5 calls=1021 margin 4.87->4.64 t=3.2s
[DONE] evaluation__1966__denoise__random_walk__random_walk__l0.5 calls=1024 margin 4.87->3.62 t=4.3s
[DONE] evaluation__1966__denoise__confidence_boost__nes__l0.5 calls=1021 margin 4.87->8.59 t=2.7s
[DONE] evaluation__1966__denoise__boundary_probe__nes__l0.5 calls=1021 margin 4.87->0.38 t=2.9s
[DONE] evaluation__1966__denoise__counterfactual__nes__l0.5 calls=1021 margin 4.87->0.71 t=3.0s
[DONE] evaluation__1966__deblur__attack__nes__l1 calls=1021 margin 9.50->1.24 t=2.8s
[DONE] evaluation__1966__deblur__restore__nes__l1 calls=1021 margin 9.50->9.32 t=2.9s
[DONE] evaluation__1966__deblur__random_walk__random_walk__l1 calls=1024 margin 9.50->5.01 t=4.5s
[DONE] evaluation__1966__deblur__confidence_boost__nes__l1 calls=1021 margin 9.50->12.69 t=3.1s
[DONE] evaluation__1966__deblur__boundary_probe__nes__l1 calls=1021 margin 9.50->1.94 t=2.8s
[DONE] evaluation__1966__deblur__counterfactual__nes__l1 calls=1021 margin 9.50->1.48 t=3.0s
[DONE] evaluation__4186__denoise__attack__nes__l0.5 calls=1021 margin 6.91->-3.21 t=3.2s
[DONE] evaluation__4186__denoise__restore__nes__l0.5 calls=1021 margin 6.91->6.70 t=3.3s
[DONE] evaluation__4186__denoise__random_walk__random_walk__l0.5 calls=1024 margin 6.91->5.35 t=4.3s
[DONE] evaluation__4186__denoise__confidence_boost__nes__l0.5 calls=1021 margin 6.91->12.70 t=3.2s
[DONE] evaluation__4186__denoise__boundary_probe__nes__l0.5 calls=1021 margin 6.91->0.04 t=2.9s
[DONE] evaluation__4186__denoise__counterfactual__nes__l0.5 calls=1021 margin 6.91->-2.80 t=3.0s
[DONE] evaluation__4186__deblur__attack__nes__l1 calls=1021 margin 11.74->6.06 t=3.1s
[DONE] evaluation__4186__deblur__restore__nes__l1 calls=1021 margin 11.74->11.29 t=3.4s
[DONE] evaluation__4186__deblur__random_walk__random_walk__l1 calls=1024 margin 11.74->10.99 t=4.4s
[DONE] evaluation__4186__deblur__confidence_boost__nes__l1 calls=1021 margin 11.74->13.82 t=3.3s
[DONE] evaluation__4186__deblur__boundary_probe__nes__l1 calls=1021 margin 11.74->6.30 t=3.4s
[DONE] evaluation__4186__deblur__counterfactual__nes__l1 calls=1021 margin 11.74->6.64 t=3.2s
[DONE] evaluation__5998__denoise__attack__nes__l0.5 calls=1021 margin 1.13->-6.32 t=3.0s
[DONE] evaluation__5998__denoise__restore__nes__l0.5 calls=1021 margin 1.13->1.05 t=3.3s
[DONE] evaluation__5998__denoise__random_walk__random_walk__l0.5 calls=1024 margin 1.13->0.81 t=4.5s
[DONE] evaluation__5998__denoise__confidence_boost__nes__l0.5 calls=1021 margin 1.13->6.07 t=3.2s
[DONE] evaluation__5998__denoise__boundary_probe__nes__l0.5 calls=1021 margin 1.13->0.00 t=3.1s
[DONE] evaluation__5998__denoise__counterfactual__nes__l0.5 calls=1021 margin 1.13->-7.09 t=3.2s
[DONE] evaluation__5998__deblur__attack__nes__l1 calls=1021 margin 4.95->-2.13 t=3.0s
[DONE] evaluation__5998__deblur__restore__nes__l1 calls=1021 margin 4.95->5.05 t=3.2s
[DONE] evaluation__5998__deblur__random_walk__random_walk__l1 calls=1024 margin 4.95->2.64 t=4.4s
[DONE] evaluation__5998__deblur__confidence_boost__nes__l1 calls=1021 margin 4.95->9.62 t=3.2s
[DONE] evaluation__5998__deblur__boundary_probe__nes__l1 calls=1021 margin 4.95->0.03 t=3.0s
[DONE] evaluation__5998__deblur__counterfactual__nes__l1 calls=1021 margin 4.95->-2.67 t=3.0s
[DONE] evaluation__582__denoise__attack__nes__l0.5 calls=1021 margin 3.34->-2.05 t=3.0s
[DONE] evaluation__582__denoise__restore__nes__l0.5 calls=1021 margin 3.34->3.25 t=3.0s
[DONE] evaluation__582__denoise__random_walk__random_walk__l0.5 calls=1024 margin 3.34->2.94 t=4.3s
[DONE] evaluation__582__denoise__confidence_boost__nes__l0.5 calls=1021 margin 3.34->7.55 t=2.6s
[DONE] evaluation__582__denoise__boundary_probe__nes__l0.5 calls=1021 margin 3.34->0.01 t=2.9s
[DONE] evaluation__582__denoise__counterfactual__nes__l0.5 calls=1021 margin 3.34->-1.63 t=2.9s
[DONE] evaluation__582__deblur__attack__nes__l1 calls=1021 margin 7.01->-0.14 t=3.0s
[DONE] evaluation__582__deblur__restore__nes__l1 calls=1021 margin 7.01->7.12 t=3.1s
[DONE] evaluation__582__deblur__random_walk__random_walk__l1 calls=1024 margin 7.01->7.26 t=4.5s
[DONE] evaluation__582__deblur__confidence_boost__nes__l1 calls=1021 margin 7.01->11.28 t=3.0s
[DONE] evaluation__582__deblur__boundary_probe__nes__l1 calls=1021 margin 7.01->0.90 t=3.0s
[DONE] evaluation__582__deblur__counterfactual__nes__l1 calls=1021 margin 7.01->-0.45 t=2.8s
[DONE] evaluation__2196__denoise__attack__nes__l0.5 calls=1021 margin 0.27->-6.64 t=3.0s
[DONE] evaluation__2196__denoise__restore__nes__l0.5 calls=1021 margin 0.27->0.34 t=3.3s
[DONE] evaluation__2196__denoise__random_walk__random_walk__l0.5 calls=1024 margin 0.27->-0.47 t=4.0s
[DONE] evaluation__2196__denoise__confidence_boost__nes__l0.5 calls=1021 margin 0.27->7.24 t=2.9s
[DONE] evaluation__2196__denoise__boundary_probe__nes__l0.5 calls=1021 margin 0.27->0.01 t=3.1s
[DONE] evaluation__2196__denoise__counterfactual__nes__l0.5 calls=1021 margin 0.27->-6.36 t=3.2s
[DONE] evaluation__2196__deblur__attack__nes__l1 calls=1021 margin 11.40->-1.63 t=3.0s
[DONE] evaluation__2196__deblur__restore__nes__l1 calls=1021 margin 11.40->11.84 t=3.3s
[DONE] evaluation__2196__deblur__random_walk__random_walk__l1 calls=1024 margin 11.40->8.73 t=4.5s
[DONE] evaluation__2196__deblur__confidence_boost__nes__l1 calls=1021 margin 11.40->15.04 t=3.0s
[DONE] evaluation__2196__deblur__boundary_probe__nes__l1 calls=1021 margin 11.40->0.02 t=2.7s
[DONE] evaluation__2196__deblur__counterfactual__nes__l1 calls=1021 margin 11.40->-3.07 t=3.2s
[DONE] evaluation__4254__denoise__attack__nes__l0.5 calls=1021 margin 8.10->2.10 t=3.1s
[DONE] evaluation__4254__denoise__restore__nes__l0.5 calls=1021 margin 8.10->7.76 t=3.0s
[DONE] evaluation__4254__denoise__random_walk__random_walk__l0.5 calls=1024 margin 8.10->8.27 t=4.5s
[DONE] evaluation__4254__denoise__confidence_boost__nes__l0.5 calls=1021 margin 8.10->11.60 t=3.1s
[DONE] evaluation__4254__denoise__boundary_probe__nes__l0.5 calls=1021 margin 8.10->2.45 t=3.1s
[DONE] evaluation__4254__denoise__counterfactual__nes__l0.5 calls=1021 margin 8.10->2.31 t=3.2s
[DONE] evaluation__4254__deblur__attack__nes__l1 calls=1021 margin 8.65->-1.36 t=2.8s
[DONE] evaluation__4254__deblur__restore__nes__l1 calls=1021 margin 8.65->9.79 t=3.0s
[DONE] evaluation__4254__deblur__random_walk__random_walk__l1 calls=1024 margin 8.65->9.59 t=4.3s
[DONE] evaluation__4254__deblur__confidence_boost__nes__l1 calls=1021 margin 8.65->14.25 t=3.3s
[DONE] evaluation__4254__deblur__boundary_probe__nes__l1 calls=1021 margin 8.65->0.00 t=3.2s
[DONE] evaluation__4254__deblur__counterfactual__nes__l1 calls=1021 margin 8.65->-0.32 t=3.2s
[DONE] evaluation__7580__denoise__attack__nes__l0.5 calls=1021 margin 3.45->-2.30 t=2.9s
[DONE] evaluation__7580__denoise__restore__nes__l0.5 calls=1021 margin 3.45->3.85 t=3.2s
[DONE] evaluation__7580__denoise__random_walk__random_walk__l0.5 calls=1024 margin 3.45->3.61 t=4.4s
[DONE] evaluation__7580__denoise__confidence_boost__nes__l0.5 calls=1021 margin 3.45->7.74 t=3.2s
[DONE] evaluation__7580__denoise__boundary_probe__nes__l0.5 calls=1021 margin 3.45->0.01 t=3.0s
[DONE] evaluation__7580__denoise__counterfactual__nes__l0.5 calls=1021 margin 3.45->-2.17 t=2.8s
[DONE] evaluation__7580__deblur__attack__nes__l1 calls=1021 margin 9.22->4.15 t=3.1s
[DONE] evaluation__7580__deblur__restore__nes__l1 calls=1021 margin 9.22->9.73 t=3.1s
[DONE] evaluation__7580__deblur__random_walk__random_walk__l1 calls=1024 margin 9.22->9.92 t=4.6s
[DONE] evaluation__7580__deblur__confidence_boost__nes__l1 calls=1021 margin 9.22->14.10 t=3.2s
[DONE] evaluation__7580__deblur__boundary_probe__nes__l1 calls=1021 margin 9.22->3.79 t=3.1s
[DONE] evaluation__7580__deblur__counterfactual__nes__l1 calls=1021 margin 9.22->2.99 t=3.0s
[DONE] evaluation__3170__denoise__attack__nes__l0.5 calls=1021 margin 6.51->2.70 t=3.0s
[DONE] evaluation__3170__denoise__restore__nes__l0.5 calls=1021 margin 6.51->6.33 t=3.1s
[DONE] evaluation__3170__denoise__random_walk__random_walk__l0.5 calls=1024 margin 6.51->5.78 t=4.4s
[DONE] evaluation__3170__denoise__confidence_boost__nes__l0.5 calls=1021 margin 6.51->8.84 t=3.2s
[DONE] evaluation__3170__denoise__boundary_probe__nes__l0.5 calls=1021 margin 6.51->2.62 t=3.2s
[DONE] evaluation__3170__denoise__counterfactual__nes__l0.5 calls=1021 margin 6.51->2.39 t=2.9s
[DONE] evaluation__3170__deblur__attack__nes__l1 calls=1021 margin 5.36->-1.91 t=3.0s
[DONE] evaluation__3170__deblur__restore__nes__l1 calls=1021 margin 5.36->6.02 t=3.0s
[DONE] evaluation__3170__deblur__random_walk__random_walk__l1 calls=1024 margin 5.36->6.89 t=4.5s
[DONE] evaluation__3170__deblur__confidence_boost__nes__l1 calls=1021 margin 5.36->9.27 t=3.2s
[DONE] evaluation__3170__deblur__boundary_probe__nes__l1 calls=1021 margin 5.36->0.01 t=3.2s
[DONE] evaluation__3170__deblur__counterfactual__nes__l1 calls=1021 margin 5.36->-0.17 t=2.9s
[DONE] evaluation__6724__denoise__attack__nes__l0.5 calls=1021 margin 3.16->-4.94 t=3.1s
[DONE] evaluation__6724__denoise__restore__nes__l0.5 calls=1021 margin 3.16->2.98 t=3.1s
[DONE] evaluation__6724__denoise__random_walk__random_walk__l0.5 calls=1024 margin 3.16->3.82 t=4.4s
[DONE] evaluation__6724__denoise__confidence_boost__nes__l0.5 calls=1021 margin 3.16->8.92 t=3.3s
[DONE] evaluation__6724__denoise__boundary_probe__nes__l0.5 calls=1021 margin 3.16->0.01 t=3.0s
[DONE] evaluation__6724__denoise__counterfactual__nes__l0.5 calls=1021 margin 3.16->-4.27 t=3.0s
[DONE] evaluation__6724__deblur__attack__nes__l1 calls=1021 margin 8.31->2.65 t=3.0s
[DONE] evaluation__6724__deblur__restore__nes__l1 calls=1021 margin 8.31->9.62 t=3.1s
[DONE] evaluation__6724__deblur__random_walk__random_walk__l1 calls=1024 margin 8.31->9.26 t=4.4s
[DONE] evaluation__6724__deblur__confidence_boost__nes__l1 calls=1021 margin 8.31->12.48 t=3.1s
[DONE] evaluation__6724__deblur__boundary_probe__nes__l1 calls=1021 margin 8.31->2.94 t=2.7s
[DONE] evaluation__6724__deblur__counterfactual__nes__l1 calls=1021 margin 8.31->3.01 t=2.8s
[DONE] evaluation__8995__denoise__attack__nes__l0.5 calls=1021 margin 4.84->0.27 t=3.1s
[DONE] evaluation__8995__denoise__restore__nes__l0.5 calls=1021 margin 4.84->5.32 t=3.1s
[DONE] evaluation__8995__denoise__random_walk__random_walk__l0.5 calls=1024 margin 4.84->5.17 t=4.4s
[DONE] evaluation__8995__denoise__confidence_boost__nes__l0.5 calls=1021 margin 4.84->8.27 t=3.0s
[DONE] evaluation__8995__denoise__boundary_probe__nes__l0.5 calls=1021 margin 4.84->0.05 t=2.6s
[DONE] evaluation__8995__denoise__counterfactual__nes__l0.5 calls=1021 margin 4.84->0.21 t=2.7s
[DONE] evaluation__8995__deblur__attack__nes__l1 calls=1021 margin 7.33->-2.17 t=3.1s
[DONE] evaluation__8995__deblur__restore__nes__l1 calls=1021 margin 7.33->8.16 t=3.0s
[DONE] evaluation__8995__deblur__random_walk__random_walk__l1 calls=1024 margin 7.33->6.46 t=4.7s
[DONE] evaluation__8995__deblur__confidence_boost__nes__l1 calls=1021 margin 7.33->12.02 t=3.3s
[DONE] evaluation__8995__deblur__boundary_probe__nes__l1 calls=1021 margin 7.33->0.05 t=3.3s
[DONE] evaluation__8995__deblur__counterfactual__nes__l1 calls=1021 margin 7.33->-3.56 t=3.0s
[DONE] fit__2130__denoise__attack__nes__l0.5 calls=1021 margin 1.97->-1.79 t=2.9s
[DONE] fit__2130__denoise__restore__nes__l0.5 calls=1021 margin 1.97->2.03 t=2.7s
[DONE] fit__2130__denoise__random_walk__random_walk__l0.5 calls=1024 margin 1.97->2.10 t=4.6s
[DONE] fit__2130__denoise__confidence_boost__nes__l0.5 calls=1021 margin 1.97->5.80 t=3.1s
[DONE] fit__2130__denoise__boundary_probe__nes__l0.5 calls=1021 margin 1.97->0.01 t=2.9s
[DONE] fit__2130__denoise__counterfactual__nes__l0.5 calls=1021 margin 1.97->-1.59 t=3.0s
[DONE] fit__2130__deblur__attack__nes__l1 calls=1021 margin 6.73->1.27 t=3.1s
[DONE] fit__2130__deblur__restore__nes__l1 calls=1021 margin 6.73->7.07 t=3.0s
[DONE] fit__2130__deblur__random_walk__random_walk__l1 calls=1024 margin 6.73->5.83 t=4.3s
[DONE] fit__2130__deblur__confidence_boost__nes__l1 calls=1021 margin 6.73->11.49 t=3.2s
[DONE] fit__2130__deblur__boundary_probe__nes__l1 calls=1021 margin 6.73->2.15 t=3.0s
[DONE] fit__2130__deblur__counterfactual__nes__l1 calls=1021 margin 6.73->1.36 t=3.0s
[DONE] fit__8643__denoise__attack__nes__l0.5 calls=1021 margin 2.59->-5.25 t=2.9s
[DONE] fit__8643__denoise__restore__nes__l0.5 calls=1021 margin 2.59->2.39 t=2.9s
[DONE] fit__8643__denoise__random_walk__random_walk__l0.5 calls=1024 margin 2.59->3.70 t=4.4s
[DONE] fit__8643__denoise__confidence_boost__nes__l0.5 calls=1021 margin 2.59->8.92 t=3.0s
[DONE] fit__8643__denoise__boundary_probe__nes__l0.5 calls=1021 margin 2.59->0.00 t=3.2s
[DONE] fit__8643__denoise__counterfactual__nes__l0.5 calls=1021 margin 2.59->-5.21 t=3.0s
[DONE] fit__8643__deblur__attack__nes__l1 calls=1021 margin 10.82->1.12 t=3.1s
[DONE] fit__8643__deblur__restore__nes__l1 calls=1021 margin 10.82->10.70 t=3.2s
[DONE] fit__8643__deblur__random_walk__random_walk__l1 calls=1024 margin 10.82->7.63 t=4.4s
[DONE] fit__8643__deblur__confidence_boost__nes__l1 calls=1021 margin 10.82->13.81 t=3.2s
[DONE] fit__8643__deblur__boundary_probe__nes__l1 calls=1021 margin 10.82->0.28 t=3.3s
[DONE] fit__8643__deblur__counterfactual__nes__l1 calls=1021 margin 10.82->0.14 t=3.0s
[DONE] fit__4954__denoise__attack__nes__l0.5 calls=1021 margin 0.45->-6.02 t=2.8s
[DONE] fit__4954__denoise__restore__nes__l0.5 calls=1021 margin 0.45->0.02 t=2.7s
[DONE] fit__4954__denoise__random_walk__random_walk__l0.5 calls=1024 margin 0.45->0.57 t=4.3s
[DONE] fit__4954__denoise__confidence_boost__nes__l0.5 calls=1021 margin 0.45->4.83 t=3.1s
[DONE] fit__4954__denoise__boundary_probe__nes__l0.5 calls=1021 margin 0.45->0.01 t=2.9s
[DONE] fit__4954__denoise__counterfactual__nes__l0.5 calls=1021 margin 0.45->-4.45 t=3.2s
[DONE] fit__4954__deblur__attack__nes__l1 calls=1021 margin 4.60->-6.13 t=2.9s
[DONE] fit__4954__deblur__restore__nes__l1 calls=1021 margin 4.60->3.23 t=2.9s
[DONE] fit__4954__deblur__random_walk__random_walk__l1 calls=1024 margin 4.60->-0.86 t=4.3s
[DONE] fit__4954__deblur__confidence_boost__nes__l1 calls=1021 margin 4.60->9.29 t=3.1s
[DONE] fit__4954__deblur__boundary_probe__nes__l1 calls=1021 margin 4.60->0.01 t=3.1s
[DONE] fit__4954__deblur__counterfactual__nes__l1 calls=1021 margin 4.60->-6.61 t=3.2s
[DONE] fit__623__denoise__attack__nes__l0.5 calls=1021 margin 3.68->-0.67 t=3.0s
[DONE] fit__623__denoise__restore__nes__l0.5 calls=1021 margin 3.68->4.07 t=2.9s
[DONE] fit__623__denoise__random_walk__random_walk__l0.5 calls=1024 margin 3.68->3.66 t=4.5s
[DONE] fit__623__denoise__confidence_boost__nes__l0.5 calls=1021 margin 3.68->7.92 t=3.0s
[DONE] fit__623__denoise__boundary_probe__nes__l0.5 calls=1021 margin 3.68->0.01 t=3.1s
[DONE] fit__623__denoise__counterfactual__nes__l0.5 calls=1021 margin 3.68->-0.30 t=3.1s
[DONE] fit__623__deblur__attack__nes__l1 calls=1021 margin 6.68->0.63 t=3.0s
[DONE] fit__623__deblur__restore__nes__l1 calls=1021 margin 6.68->7.16 t=3.5s
[DONE] fit__623__deblur__random_walk__random_walk__l1 calls=1024 margin 6.68->6.81 t=4.5s
[DONE] fit__623__deblur__confidence_boost__nes__l1 calls=1021 margin 6.68->11.82 t=3.2s
[DONE] fit__623__deblur__boundary_probe__nes__l1 calls=1021 margin 6.68->0.34 t=3.4s
[DONE] fit__623__deblur__counterfactual__nes__l1 calls=1021 margin 6.68->0.27 t=2.9s
[DONE] fit__7351__denoise__attack__nes__l0.5 calls=1021 margin 1.86->-5.94 t=3.2s
[DONE] fit__7351__denoise__restore__nes__l0.5 calls=1021 margin 1.86->2.42 t=3.1s
[DONE] fit__7351__denoise__random_walk__random_walk__l0.5 calls=1024 margin 1.86->0.46 t=4.4s
[DONE] fit__7351__denoise__confidence_boost__nes__l0.5 calls=1021 margin 1.86->8.60 t=3.1s
[DONE] fit__7351__denoise__boundary_probe__nes__l0.5 calls=1021 margin 1.86->0.00 t=3.1s
[DONE] fit__7351__denoise__counterfactual__nes__l0.5 calls=1021 margin 1.86->-6.33 t=3.1s
[DONE] fit__7351__deblur__attack__nes__l1 calls=1021 margin 1.69->-6.91 t=3.1s
[DONE] fit__7351__deblur__restore__nes__l1 calls=1021 margin 1.69->2.05 t=2.9s
[DONE] fit__7351__deblur__random_walk__random_walk__l1 calls=1024 margin 1.69->2.38 t=4.3s
[DONE] fit__7351__deblur__confidence_boost__nes__l1 calls=1021 margin 1.69->11.70 t=2.9s
[DONE] fit__7351__deblur__boundary_probe__nes__l1 calls=1021 margin 1.69->0.02 t=3.0s
[DONE] fit__7351__deblur__counterfactual__nes__l1 calls=1021 margin 1.69->-7.18 t=3.1s
[DONE] fit__2922__denoise__attack__nes__l0.5 calls=1021 margin 4.29->-6.21 t=3.1s
[DONE] fit__2922__denoise__restore__nes__l0.5 calls=1021 margin 4.29->3.48 t=3.2s
[DONE] fit__2922__denoise__random_walk__random_walk__l0.5 calls=1024 margin 4.29->3.17 t=4.3s
[DONE] fit__2922__denoise__confidence_boost__nes__l0.5 calls=1021 margin 4.29->12.72 t=3.0s
[DONE] fit__2922__denoise__boundary_probe__nes__l0.5 calls=1021 margin 4.29->0.01 t=3.2s
[DONE] fit__2922__denoise__counterfactual__nes__l0.5 calls=1021 margin 4.29->-6.72 t=3.0s
[DONE] fit__2922__deblur__attack__nes__l1 calls=1021 margin 10.75->-0.41 t=3.0s
[DONE] fit__2922__deblur__restore__nes__l1 calls=1021 margin 10.75->10.83 t=3.1s
[DONE] fit__2922__deblur__random_walk__random_walk__l1 calls=1024 margin 10.75->11.71 t=4.3s
[DONE] fit__2922__deblur__confidence_boost__nes__l1 calls=1021 margin 10.75->14.46 t=2.9s
[DONE] fit__2922__deblur__boundary_probe__nes__l1 calls=1021 margin 10.75->0.17 t=3.3s
[DONE] fit__2922__deblur__counterfactual__nes__l1 calls=1021 margin 10.75->-2.58 t=3.1s
[DONE] fit__9198__denoise__attack__nes__l0.5 calls=1021 margin 1.15->-4.40 t=3.1s
[DONE] fit__9198__denoise__restore__nes__l0.5 calls=1021 margin 1.15->2.10 t=3.2s
[DONE] fit__9198__denoise__random_walk__random_walk__l0.5 calls=1024 margin 1.15->1.80 t=4.2s
[DONE] fit__9198__denoise__confidence_boost__nes__l0.5 calls=1021 margin 1.15->7.29 t=3.2s
[DONE] fit__9198__denoise__boundary_probe__nes__l0.5 calls=1021 margin 1.15->0.02 t=3.3s
[DONE] fit__9198__denoise__counterfactual__nes__l0.5 calls=1021 margin 1.15->-5.34 t=3.4s
[DONE] fit__9198__deblur__attack__nes__l1 calls=1021 margin 4.90->-3.94 t=3.0s
[DONE] fit__9198__deblur__restore__nes__l1 calls=1021 margin 4.90->4.07 t=3.1s
[DONE] fit__9198__deblur__random_walk__random_walk__l1 calls=1024 margin 4.90->4.83 t=4.1s
[DONE] fit__9198__deblur__confidence_boost__nes__l1 calls=1021 margin 4.90->12.15 t=2.8s
[DONE] fit__9198__deblur__boundary_probe__nes__l1 calls=1021 margin 4.90->0.02 t=3.0s
[DONE] fit__9198__deblur__counterfactual__nes__l1 calls=1021 margin 4.90->-3.41 t=3.1s
[DONE] fit__1928__denoise__attack__nes__l0.5 calls=1021 margin 8.56->0.83 t=3.0s
[DONE] fit__1928__denoise__restore__nes__l0.5 calls=1021 margin 8.56->8.67 t=3.2s
[DONE] fit__1928__denoise__random_walk__random_walk__l0.5 calls=1024 margin 8.56->8.50 t=4.2s
[DONE] fit__1928__denoise__confidence_boost__nes__l0.5 calls=1021 margin 8.56->12.17 t=3.0s
[DONE] fit__1928__denoise__boundary_probe__nes__l0.5 calls=1021 margin 8.56->0.28 t=2.8s
[DONE] fit__1928__denoise__counterfactual__nes__l0.5 calls=1021 margin 8.56->0.75 t=3.0s
[DONE] fit__1928__deblur__attack__nes__l1 calls=1021 margin 5.02->-7.21 t=2.9s
[DONE] fit__1928__deblur__restore__nes__l1 calls=1021 margin 5.02->5.32 t=3.1s
[DONE] fit__1928__deblur__random_walk__random_walk__l1 calls=1024 margin 5.02->6.58 t=4.4s
[DONE] fit__1928__deblur__confidence_boost__nes__l1 calls=1021 margin 5.02->13.28 t=3.0s
[DONE] fit__1928__deblur__boundary_probe__nes__l1 calls=1021 margin 5.02->0.05 t=2.9s
[DONE] fit__1928__deblur__counterfactual__nes__l1 calls=1021 margin 5.02->-7.44 t=2.8s
[DONE] fit__1940__denoise__attack__nes__l0.5 calls=1021 margin 1.54->-5.43 t=2.8s
[DONE] fit__1940__denoise__restore__nes__l0.5 calls=1021 margin 1.54->1.41 t=3.2s
[DONE] fit__1940__denoise__random_walk__random_walk__l0.5 calls=1024 margin 1.54->0.27 t=4.3s
[DONE] fit__1940__denoise__confidence_boost__nes__l0.5 calls=1021 margin 1.54->8.00 t=3.4s
[DONE] fit__1940__denoise__boundary_probe__nes__l0.5 calls=1021 margin 1.54->0.01 t=3.2s
[DONE] fit__1940__denoise__counterfactual__nes__l0.5 calls=1021 margin 1.54->-4.96 t=3.4s
[DONE] fit__1940__deblur__attack__nes__l1 calls=1021 margin 3.07->-5.18 t=3.1s
[DONE] fit__1940__deblur__restore__nes__l1 calls=1021 margin 3.07->4.53 t=3.0s
[DONE] fit__1940__deblur__random_walk__random_walk__l1 calls=1024 margin 3.07->4.00 t=4.4s
[DONE] fit__1940__deblur__confidence_boost__nes__l1 calls=1021 margin 3.07->11.46 t=3.1s
[DONE] fit__1940__deblur__boundary_probe__nes__l1 calls=1021 margin 3.07->0.01 t=3.2s
[DONE] fit__1940__deblur__counterfactual__nes__l1 calls=1021 margin 3.07->-6.17 t=3.1s
[DONE] fit__6571__denoise__attack__nes__l0.5 calls=1021 margin 3.93->-3.00 t=2.8s
[DONE] fit__6571__denoise__restore__nes__l0.5 calls=1021 margin 3.93->4.24 t=3.4s
[DONE] fit__6571__denoise__random_walk__random_walk__l0.5 calls=1024 margin 3.93->3.30 t=4.4s
[DONE] fit__6571__denoise__confidence_boost__nes__l0.5 calls=1021 margin 3.93->7.79 t=3.4s
[DONE] fit__6571__denoise__boundary_probe__nes__l0.5 calls=1021 margin 3.93->0.01 t=3.2s
[DONE] fit__6571__denoise__counterfactual__nes__l0.5 calls=1021 margin 3.93->-2.75 t=3.0s
[DONE] fit__6571__deblur__attack__nes__l1 calls=1021 margin 8.85->3.23 t=3.0s
[DONE] fit__6571__deblur__restore__nes__l1 calls=1021 margin 8.85->9.71 t=3.1s
[DONE] fit__6571__deblur__random_walk__random_walk__l1 calls=1024 margin 8.85->6.98 t=4.5s
[DONE] fit__6571__deblur__confidence_boost__nes__l1 calls=1021 margin 8.85->12.09 t=3.2s
[DONE] fit__6571__deblur__boundary_probe__nes__l1 calls=1021 margin 8.85->2.55 t=3.1s
[DONE] fit__6571__deblur__counterfactual__nes__l1 calls=1021 margin 8.85->3.57 t=3.4s
[DONE] fit__1688__denoise__attack__nes__l0.5 calls=1021 margin 13.61->9.44 t=3.1s
[DONE] fit__1688__denoise__restore__nes__l0.5 calls=1021 margin 13.61->13.81 t=3.1s
[DONE] fit__1688__denoise__random_walk__random_walk__l0.5 calls=1024 margin 13.61->13.52 t=4.2s
[DONE] fit__1688__denoise__confidence_boost__nes__l0.5 calls=1021 margin 13.61->14.22 t=2.8s
[DONE] fit__1688__denoise__boundary_probe__nes__l0.5 calls=1021 margin 13.61->9.30 t=3.1s
[DONE] fit__1688__denoise__counterfactual__nes__l0.5 calls=1021 margin 13.61->9.48 t=3.2s
[DONE] fit__1688__deblur__attack__nes__l1 calls=1021 margin 12.06->3.19 t=3.2s
[DONE] fit__1688__deblur__restore__nes__l1 calls=1021 margin 12.06->13.03 t=3.4s
[DONE] fit__1688__deblur__random_walk__random_walk__l1 calls=1024 margin 12.06->12.68 t=4.3s
[DONE] fit__1688__deblur__confidence_boost__nes__l1 calls=1021 margin 12.06->15.08 t=3.0s
[DONE] fit__1688__deblur__boundary_probe__nes__l1 calls=1021 margin 12.06->1.13 t=2.8s
[DONE] fit__1688__deblur__counterfactual__nes__l1 calls=1021 margin 12.06->1.89 t=3.0s
[DONE] fit__9721__denoise__attack__nes__l0.5 calls=1021 margin 8.35->-1.16 t=3.2s
[DONE] fit__9721__denoise__restore__nes__l0.5 calls=1021 margin 8.35->8.26 t=3.0s
[DONE] fit__9721__denoise__random_walk__random_walk__l0.5 calls=1024 margin 8.35->6.45 t=4.3s
[DONE] fit__9721__denoise__confidence_boost__nes__l0.5 calls=1021 margin 8.35->13.39 t=3.1s
[DONE] fit__9721__denoise__boundary_probe__nes__l0.5 calls=1021 margin 8.35->0.07 t=2.9s
[DONE] fit__9721__denoise__counterfactual__nes__l0.5 calls=1021 margin 8.35->-1.64 t=3.2s
[DONE] fit__9721__deblur__attack__nes__l1 calls=1021 margin 5.25->-5.51 t=3.3s
[DONE] fit__9721__deblur__restore__nes__l1 calls=1021 margin 5.25->6.40 t=3.2s
[DONE] fit__9721__deblur__random_walk__random_walk__l1 calls=1024 margin 5.25->8.04 t=4.6s
[DONE] fit__9721__deblur__confidence_boost__nes__l1 calls=1021 margin 5.25->12.89 t=2.9s
[DONE] fit__9721__deblur__boundary_probe__nes__l1 calls=1021 margin 5.25->0.03 t=3.1s
[DONE] fit__9721__deblur__counterfactual__nes__l1 calls=1021 margin 5.25->-5.06 t=3.1s
[DONE] fit__4339__denoise__attack__nes__l0.5 calls=1021 margin 6.44->-1.50 t=3.2s
[DONE] fit__4339__denoise__restore__nes__l0.5 calls=1021 margin 6.44->6.20 t=3.1s
[DONE] fit__4339__denoise__random_walk__random_walk__l0.5 calls=1024 margin 6.44->5.81 t=4.4s
[DONE] fit__4339__denoise__confidence_boost__nes__l0.5 calls=1021 margin 6.44->10.82 t=3.0s
[DONE] fit__4339__denoise__boundary_probe__nes__l0.5 calls=1021 margin 6.44->0.01 t=3.0s
[DONE] fit__4339__denoise__counterfactual__nes__l0.5 calls=1021 margin 6.44->0.14 t=3.0s
[DONE] fit__4339__deblur__attack__nes__l1 calls=1021 margin 11.01->6.61 t=3.1s
[DONE] fit__4339__deblur__restore__nes__l1 calls=1021 margin 11.01->11.15 t=3.0s
[DONE] fit__4339__deblur__random_walk__random_walk__l1 calls=1024 margin 11.01->9.54 t=4.2s
[DONE] fit__4339__deblur__confidence_boost__nes__l1 calls=1021 margin 11.01->13.96 t=2.8s
[DONE] fit__4339__deblur__boundary_probe__nes__l1 calls=1021 margin 11.01->6.57 t=3.1s
[DONE] fit__4339__deblur__counterfactual__nes__l1 calls=1021 margin 11.01->6.37 t=3.0s
[DONE] fit__1279__denoise__attack__nes__l0.5 calls=1021 margin 7.12->2.84 t=3.2s
[DONE] fit__1279__denoise__restore__nes__l0.5 calls=1021 margin 7.12->7.70 t=3.2s
[DONE] fit__1279__denoise__random_walk__random_walk__l0.5 calls=1024 margin 7.12->6.58 t=4.1s
[DONE] fit__1279__denoise__confidence_boost__nes__l0.5 calls=1021 margin 7.12->10.68 t=3.2s
[DONE] fit__1279__denoise__boundary_probe__nes__l0.5 calls=1021 margin 7.12->2.86 t=3.2s
[DONE] fit__1279__denoise__counterfactual__nes__l0.5 calls=1021 margin 7.12->2.97 t=3.0s
[DONE] fit__1279__deblur__attack__nes__l1 calls=1021 margin 5.89->-3.47 t=3.1s
[DONE] fit__1279__deblur__restore__nes__l1 calls=1021 margin 5.89->7.66 t=2.9s
[DONE] fit__1279__deblur__random_walk__random_walk__l1 calls=1024 margin 5.89->8.97 t=4.4s
[DONE] fit__1279__deblur__confidence_boost__nes__l1 calls=1021 margin 5.89->13.72 t=2.8s
[DONE] fit__1279__deblur__boundary_probe__nes__l1 calls=1021 margin 5.89->0.04 t=3.0s
[DONE] fit__1279__deblur__counterfactual__nes__l1 calls=1021 margin 5.89->-4.17 t=3.2s
[DONE] fit__4865__denoise__attack__nes__l0.5 calls=1021 margin 3.12->-3.71 t=3.2s
[DONE] fit__4865__denoise__restore__nes__l0.5 calls=1021 margin 3.12->3.26 t=3.1s
[DONE] fit__4865__denoise__random_walk__random_walk__l0.5 calls=1024 margin 3.12->3.92 t=4.3s
[DONE] fit__4865__denoise__confidence_boost__nes__l0.5 calls=1021 margin 3.12->6.77 t=3.1s
[DONE] fit__4865__denoise__boundary_probe__nes__l0.5 calls=1021 margin 3.12->0.00 t=3.1s
[DONE] fit__4865__denoise__counterfactual__nes__l0.5 calls=1021 margin 3.12->-3.50 t=3.2s
[DONE] fit__4865__deblur__attack__nes__l1 calls=1021 margin 0.90->-9.46 t=3.1s
[DONE] fit__4865__deblur__restore__nes__l1 calls=1021 margin 0.90->0.96 t=3.4s
[DONE] fit__4865__deblur__random_walk__random_walk__l1 calls=1024 margin 0.90->-2.28 t=4.1s
[DONE] fit__4865__deblur__confidence_boost__nes__l1 calls=1021 margin 0.90->8.53 t=2.9s
[DONE] fit__4865__deblur__boundary_probe__nes__l1 calls=1021 margin 0.90->0.01 t=2.6s
[DONE] fit__4865__deblur__counterfactual__nes__l1 calls=1021 margin 0.90->-8.45 t=2.7s
[DONE] fit__2467__denoise__attack__nes__l0.5 calls=1021 margin 2.99->-1.31 t=2.7s
[DONE] fit__2467__denoise__restore__nes__l0.5 calls=1021 margin 2.99->3.02 t=2.8s
[DONE] fit__2467__denoise__random_walk__random_walk__l0.5 calls=1024 margin 2.99->2.38 t=3.9s
[DONE] fit__2467__denoise__confidence_boost__nes__l0.5 calls=1021 margin 2.99->7.10 t=3.0s
[DONE] fit__2467__denoise__boundary_probe__nes__l0.5 calls=1021 margin 2.99->0.00 t=2.7s
[DONE] fit__2467__denoise__counterfactual__nes__l0.5 calls=1021 margin 2.99->-0.94 t=2.9s
[DONE] fit__2467__deblur__attack__nes__l1 calls=1021 margin 10.79->0.70 t=2.8s
[DONE] fit__2467__deblur__restore__nes__l1 calls=1021 margin 10.79->9.63 t=2.9s
[DONE] fit__2467__deblur__random_walk__random_walk__l1 calls=1024 margin 10.79->4.69 t=4.0s
[DONE] fit__2467__deblur__confidence_boost__nes__l1 calls=1021 margin 10.79->14.23 t=3.0s
[DONE] fit__2467__deblur__boundary_probe__nes__l1 calls=1021 margin 10.79->0.15 t=2.9s
[DONE] fit__2467__deblur__counterfactual__nes__l1 calls=1021 margin 10.79->0.23 t=2.7s
[DONE] fit__7920__denoise__attack__nes__l0.5 calls=1021 margin 2.63->-5.58 t=2.8s
[DONE] fit__7920__denoise__restore__nes__l0.5 calls=1021 margin 2.63->2.45 t=2.7s
[DONE] fit__7920__denoise__random_walk__random_walk__l0.5 calls=1024 margin 2.63->1.68 t=3.7s
[DONE] fit__7920__denoise__confidence_boost__nes__l0.5 calls=1021 margin 2.63->7.86 t=2.6s
[DONE] fit__7920__denoise__boundary_probe__nes__l0.5 calls=1021 margin 2.63->0.01 t=2.6s
[DONE] fit__7920__denoise__counterfactual__nes__l0.5 calls=1021 margin 2.63->-5.35 t=2.7s
[DONE] fit__7920__deblur__attack__nes__l1 calls=1021 margin 5.53->-3.25 t=2.7s
[DONE] fit__7920__deblur__restore__nes__l1 calls=1021 margin 5.53->5.27 t=2.7s
[DONE] fit__7920__deblur__random_walk__random_walk__l1 calls=1024 margin 5.53->4.11 t=3.5s
[DONE] fit__7920__deblur__confidence_boost__nes__l1 calls=1021 margin 5.53->10.92 t=2.6s
[DONE] fit__7920__deblur__boundary_probe__nes__l1 calls=1021 margin 5.53->0.03 t=2.5s
[DONE] fit__7920__deblur__counterfactual__nes__l1 calls=1021 margin 5.53->-3.29 t=2.5s
