[denoise boundary_probe 128] done
[denoise boundary_probe 256] done
[denoise boundary_probe 512] done
[denoise boundary_probe 1024] done
[denoise boundary_probe attack_truncated] done
[denoise boundary_probe pre_either_flip] done
[denoise confidence_boost 128] done
[denoise confidence_boost 256] done
[denoise confidence_boost 512] done
[denoise confidence_boost 1024] done
[denoise confidence_boost attack_truncated] done
[denoise confidence_boost pre_either_flip] done
[denoise counterfactual 128] done
[denoise counterfactual 256] done
[denoise counterfactual 512] done
[denoise counterfactual 1024] done
[denoise counterfactual attack_truncated] done
[denoise counterfactual pre_either_flip] done
[denoise random_walk 128] done
[denoise random_walk 256] done
[denoise random_walk 512] done
[denoise random_walk 1024] done
[denoise random_walk attack_truncated] done
[denoise random_walk pre_either_flip] done
[denoise restore 128] done
[denoise restore 256] done
[denoise restore 512] done
[denoise restore 1024] done
[denoise restore attack_truncated] done
[denoise restore pre_either_flip] done
[deblur boundary_probe 128] done
[deblur boundary_probe 256] done
[deblur boundary_probe 512] done
[deblur boundary_probe 1024] done
[deblur boundary_probe attack_truncated] done
[deblur boundary_probe pre_either_flip] done
[deblur confidence_boost 128] done
[deblur confidence_boost 256] done
[deblur confidence_boost 512] done
[deblur confidence_boost 1024] done
[deblur confidence_boost attack_truncated] done
[deblur confidence_boost pre_either_flip] done
[deblur counterfactual 128] done
[deblur counterfactual 256] done
[deblur counterfactual 512] done
[deblur counterfactual 1024] done
[deblur counterfactual attack_truncated] done
[deblur counterfactual pre_either_flip] done
[deblur random_walk 128] done
[deblur random_walk 256] done
[deblur random_walk 512] done
[deblur random_walk 1024] done
[deblur random_walk attack_truncated] done
[deblur random_walk pre_either_flip] done
[deblur restore 128] done
[deblur restore 256] done
[deblur restore 512] done
[deblur restore 1024] done
[deblur restore attack_truncated] done
[deblur restore pre_either_flip] done
                             n  label_preserved  reached_target  start_p  final_p  final_margin  psnr_gain  blacklight_alarm  gwad_plus_native_alarm
workload objective                                                                                                                                  
deblur   attack            378            0.817           0.148    0.948    0.926         5.561     -0.610               1.0                     1.0
         boundary_probe    378            1.000           0.000    0.948    0.925         4.827     -0.518               1.0                     1.0
         confidence_boost  378            1.000           0.000    0.948    0.963         6.357     -0.598               1.0                     1.0
         counterfactual    378            0.817           0.177    0.948    0.926         5.167     -0.609               1.0                     1.0
         random_walk       378            0.987           0.013    0.948    0.949         6.021     -2.629               1.0                     1.0
         restore           378            1.000           0.000    0.948    0.949         6.051      0.328               1.0                     1.0
denoise  attack            378            0.701           0.249    0.945    0.869         3.673     -0.051               1.0                     1.0
         boundary_probe    378            1.000           0.000    0.945    0.838         3.071     -0.047               1.0                     1.0
         confidence_boost  378            1.000           0.000    0.945    0.963         6.190     -0.046               1.0                     1.0
         counterfactual    378            0.683           0.317    0.945    0.859         3.104     -0.054               1.0                     1.0
         random_walk       378            0.981           0.016    0.945    0.944         5.607     -0.297               1.0                     1.0
         restore           378            1.000           0.000    0.945    0.945         5.631      0.198               1.0                     1.0
workload                                  deblur                                                    denoise                                                   
prefix                                      1024   128   256   512 attack_truncated pre_either_flip    1024   128   256   512 attack_truncated pre_either_flip
negative         detector                                                                                                                                     
boundary_probe   logreg:blacklight          0.48  0.50  0.48  0.50             0.48            0.49    0.52  0.52  0.51  0.49             0.49            0.50
                 logreg:gwad_plus           0.51   NaN   NaN  0.45              NaN             NaN    0.48   NaN   NaN  0.47              NaN             NaN
                 logreg:output_trajectory   0.78  0.67  0.64  0.70             0.74            0.71    0.76  0.60  0.63  0.66             0.78            0.68
                 logreg:query_only_all      0.50  0.50  0.48  0.47             0.48            0.49    0.49  0.52  0.51  0.47             0.49            0.50
confidence_boost logreg:blacklight          0.50  0.51  0.49  0.50             0.51            0.51    0.45  0.53  0.58  0.46             0.48            0.48
                 logreg:gwad_plus           0.48   NaN   NaN  0.52              NaN             NaN    0.49   NaN   NaN  0.47              NaN             NaN
                 logreg:output_trajectory   1.00  0.99  1.00  1.00             0.99            0.99    1.00  0.99  0.99  0.99             0.99            0.99
                 logreg:query_only_all      0.48  0.51  0.49  0.52             0.51            0.51    0.48  0.53  0.58  0.46             0.48            0.48
counterfactual   logreg:blacklight          0.50  0.50  0.50  0.51             0.51            0.51    0.49  0.50  0.52  0.49             0.48            0.48
                 logreg:gwad_plus           0.49   NaN   NaN  0.52              NaN             NaN    0.48   NaN   NaN  0.46              NaN             NaN
                 logreg:output_trajectory   0.66  0.66  0.66  0.68             0.72            0.69    0.65  0.64  0.65  0.65             0.76            0.67
                 logreg:query_only_all      0.50  0.50  0.50  0.53             0.51            0.51    0.48  0.50  0.52  0.48             0.48            0.48
random_walk      logreg:blacklight          1.00  1.00  1.00  1.00             1.00            1.00    1.00  1.00  1.00  1.00             1.00            1.00
                 logreg:gwad_plus           1.00   NaN   NaN  1.00              NaN             NaN    1.00   NaN   NaN  1.00              NaN             NaN
                 logreg:output_trajectory   0.93  0.82  0.86  0.90             0.92            0.92    0.96  0.80  0.85  0.90             0.93            0.93
                 logreg:query_only_all      1.00  1.00  1.00  1.00             1.00            1.00    1.00  1.00  1.00  1.00             1.00            1.00
restore          logreg:blacklight          0.45  0.50  0.50  0.46             0.46            0.47    0.46  0.46  0.46  0.47             0.47            0.47
                 logreg:gwad_plus           0.48   NaN   NaN  0.50              NaN             NaN    0.49   NaN   NaN  0.48              NaN             NaN
                 logreg:output_trajectory   1.00  0.97  0.98  0.99             0.98            0.98    0.96  0.95  0.97  0.96             0.96            0.97
                 logreg:query_only_all      0.47  0.50  0.50  0.49             0.46            0.47    0.47  0.46  0.46  0.46             0.47            0.47
