[DONE] calibration__6639__denoise__attack__nes__l0.5 calls=1021 margin 7.07->6.33 t=3.3s
[DONE] calibration__6639__denoise__restore__nes__l0.5 calls=1021 margin 7.07->7.06 t=3.0s
[DONE] calibration__6639__denoise__random_walk__random_walk__l0.5 calls=1024 margin 7.07->6.96 t=4.8s
[DONE] calibration__6639__denoise__confidence_boost__nes__l0.5 calls=1021 margin 7.07->7.35 t=2.9s
[DONE] calibration__6639__denoise__boundary_probe__nes__l0.5 calls=1021 margin 7.07->6.52 t=2.9s
[DONE] calibration__6639__denoise__counterfactual__nes__l0.5 calls=1021 margin 7.07->6.50 t=2.9s
[DONE] calibration__6639__deblur__attack__nes__l1 calls=1021 margin 6.82->6.26 t=2.8s
[DONE] calibration__6639__deblur__restore__nes__l1 calls=1021 margin 6.82->6.86 t=3.1s
[DONE] calibration__6639__deblur__random_walk__random_walk__l1 calls=1024 margin 6.82->6.80 t=4.7s
[DONE] calibration__6639__deblur__confidence_boost__nes__l1 calls=1021 margin 6.82->7.18 t=2.9s
[DONE] calibration__6639__deblur__boundary_probe__nes__l1 calls=1021 margin 6.82->4.38 t=2.6s
[DONE] calibration__6639__deblur__counterfactual__nes__l1 calls=1021 margin 6.82->4.49 t=2.7s
[DONE] calibration__5362__denoise__attack__nes__l0.5 calls=1021 margin 5.65->5.35 t=2.9s
[DONE] calibration__5362__denoise__restore__nes__l0.5 calls=1021 margin 5.65->5.70 t=2.9s
[DONE] calibration__5362__denoise__random_walk__random_walk__l0.5 calls=1024 margin 5.65->5.53 t=4.5s
[DONE] calibration__5362__denoise__confidence_boost__nes__l0.5 calls=1021 margin 5.65->5.93 t=2.7s
[DONE] calibration__5362__denoise__boundary_probe__nes__l0.5 calls=1021 margin 5.65->5.12 t=2.8s
[DONE] calibration__5362__denoise__counterfactual__nes__l0.5 calls=1021 margin 5.65->5.08 t=2.9s
[DONE] calibration__5362__deblur__attack__nes__l1 calls=1021 margin 6.06->5.85 t=3.2s
[DONE] calibration__5362__deblur__restore__nes__l1 calls=1021 margin 6.06->6.07 t=3.3s
[DONE] calibration__5362__deblur__random_walk__random_walk__l1 calls=1024 margin 6.06->5.96 t=4.4s
[DONE] calibration__5362__deblur__confidence_boost__nes__l1 calls=1021 margin 6.06->6.39 t=3.2s
[DONE] calibration__5362__deblur__boundary_probe__nes__l1 calls=1021 margin 6.06->5.80 t=3.3s
[DONE] calibration__5362__deblur__counterfactual__nes__l1 calls=1021 margin 6.06->5.81 t=3.2s
[DONE] calibration__2447__denoise__attack__nes__l0.5 calls=1021 margin 6.47->5.78 t=2.6s
[DONE] calibration__2447__denoise__restore__nes__l0.5 calls=1021 margin 6.47->6.54 t=2.7s
[DONE] calibration__2447__denoise__random_walk__random_walk__l0.5 calls=1024 margin 6.47->6.44 t=4.6s
[DONE] calibration__2447__denoise__confidence_boost__nes__l0.5 calls=1021 margin 6.47->6.73 t=2.6s
[DONE] calibration__2447__denoise__boundary_probe__nes__l0.5 calls=1021 margin 6.47->5.35 t=2.8s
[DONE] calibration__2447__denoise__counterfactual__nes__l0.5 calls=1021 margin 6.47->5.36 t=2.7s
[DONE] calibration__2447__deblur__attack__nes__l1 calls=1021 margin 6.35->5.98 t=3.1s
[DONE] calibration__2447__deblur__restore__nes__l1 calls=1021 margin 6.35->6.36 t=2.8s
[DONE] calibration__2447__deblur__random_walk__random_walk__l1 calls=1024 margin 6.35->6.37 t=4.3s
[DONE] calibration__2447__deblur__confidence_boost__nes__l1 calls=1021 margin 6.35->6.70 t=2.7s
[DONE] calibration__2447__deblur__boundary_probe__nes__l1 calls=1021 margin 6.35->5.75 t=3.1s
[DONE] calibration__2447__deblur__counterfactual__nes__l1 calls=1021 margin 6.35->5.80 t=2.9s
[DONE] calibration__12414__denoise__attack__nes__l0.5 calls=1021 margin 5.74->0.81 t=2.9s
[DONE] calibration__12414__denoise__restore__nes__l0.5 calls=1021 margin 5.74->5.60 t=2.8s
[DONE] calibration__12414__denoise__random_walk__random_walk__l0.5 calls=1024 margin 5.74->5.53 t=4.4s
[DONE] calibration__12414__denoise__confidence_boost__nes__l0.5 calls=1021 margin 5.74->5.94 t=2.8s
[DONE] calibration__12414__denoise__boundary_probe__nes__l0.5 calls=1021 margin 5.74->0.04 t=2.9s
[DONE] calibration__12414__denoise__counterfactual__nes__l0.5 calls=1021 margin 5.74->-0.51 t=2.7s
[DONE] calibration__12414__deblur__attack__nes__l1 calls=1021 margin 5.53->-0.16 t=3.0s
[DONE] calibration__12414__deblur__restore__nes__l1 calls=1021 margin 5.53->5.63 t=2.8s
[DONE] calibration__12414__deblur__random_walk__random_walk__l1 calls=1024 margin 5.53->4.74 t=4.3s
[DONE] calibration__12414__deblur__confidence_boost__nes__l1 calls=1021 margin 5.53->5.89 t=3.1s
[DONE] calibration__12414__deblur__boundary_probe__nes__l1 calls=1021 margin 5.53->0.03 t=3.0s
[DONE] calibration__12414__deblur__counterfactual__nes__l1 calls=1021 margin 5.53->-0.99 t=2.8s
[DONE] calibration__7655__denoise__attack__nes__l0.5 calls=1021 margin 6.15->6.13 t=2.8s
[DONE] calibration__7655__denoise__restore__nes__l0.5 calls=1021 margin 6.15->6.15 t=2.6s
[DONE] calibration__7655__denoise__random_walk__random_walk__l0.5 calls=1024 margin 6.15->6.12 t=3.9s
[DONE] calibration__7655__denoise__confidence_boost__nes__l0.5 calls=1021 margin 6.15->6.21 t=3.1s
[DONE] calibration__7655__denoise__boundary_probe__nes__l0.5 calls=1021 margin 6.15->6.04 t=3.0s
[DONE] calibration__7655__denoise__counterfactual__nes__l0.5 calls=1021 margin 6.15->6.04 t=3.0s
[DONE] calibration__7655__deblur__attack__nes__l1 calls=1021 margin 6.11->6.03 t=2.9s
[DONE] calibration__7655__deblur__restore__nes__l1 calls=1021 margin 6.11->6.11 t=2.7s
[DONE] calibration__7655__deblur__random_walk__random_walk__l1 calls=1024 margin 6.11->6.14 t=4.3s
[DONE] calibration__7655__deblur__confidence_boost__nes__l1 calls=1021 margin 6.11->6.21 t=3.0s
[DONE] calibration__7655__deblur__boundary_probe__nes__l1 calls=1021 margin 6.11->5.99 t=3.0s
[DONE] calibration__7655__deblur__counterfactual__nes__l1 calls=1021 margin 6.11->5.99 t=3.1s
[DONE] calibration__7392__denoise__attack__nes__l0.5 calls=1021 margin 1.24->-3.49 t=2.7s
[DONE] calibration__7392__denoise__restore__nes__l0.5 calls=1021 margin 1.24->0.44 t=3.0s
[DONE] calibration__7392__denoise__random_walk__random_walk__l0.5 calls=1024 margin 1.24->1.23 t=4.3s
[DONE] calibration__7392__denoise__confidence_boost__nes__l0.5 calls=1021 margin 1.24->5.37 t=2.9s
[DONE] calibration__7392__denoise__boundary_probe__nes__l0.5 calls=1021 margin 1.24->0.01 t=3.0s
[DONE] calibration__7392__denoise__counterfactual__nes__l0.5 calls=1021 margin 1.24->-4.28 t=3.2s
[DONE] calibration__7392__deblur__attack__nes__l1 calls=1021 margin 6.45->6.26 t=3.2s
[DONE] calibration__7392__deblur__restore__nes__l1 calls=1021 margin 6.45->6.50 t=3.4s
[DONE] calibration__7392__deblur__random_walk__random_walk__l1 calls=1024 margin 6.45->6.58 t=4.4s
[DONE] calibration__7392__deblur__confidence_boost__nes__l1 calls=1021 margin 6.45->6.90 t=2.8s
[DONE] calibration__7392__deblur__boundary_probe__nes__l1 calls=1021 margin 6.45->6.26 t=2.9s
[DONE] calibration__7392__deblur__counterfactual__nes__l1 calls=1021 margin 6.45->6.25 t=2.8s
[DONE] calibration__6630__denoise__attack__nes__l0.5 calls=1021 margin 6.17->6.00 t=3.2s
[DONE] calibration__6630__denoise__restore__nes__l0.5 calls=1021 margin 6.17->6.14 t=3.3s
[DONE] calibration__6630__denoise__random_walk__random_walk__l0.5 calls=1024 margin 6.17->6.20 t=4.4s
[DONE] calibration__6630__denoise__confidence_boost__nes__l0.5 calls=1021 margin 6.17->6.27 t=2.9s
[DONE] calibration__6630__denoise__boundary_probe__nes__l0.5 calls=1021 margin 6.17->5.81 t=3.2s
[DONE] calibration__6630__denoise__counterfactual__nes__l0.5 calls=1021 margin 6.17->6.02 t=3.0s
[DONE] calibration__6630__deblur__attack__nes__l1 calls=1021 margin 6.09->5.88 t=3.2s
[DONE] calibration__6630__deblur__restore__nes__l1 calls=1021 margin 6.09->6.10 t=3.5s
[DONE] calibration__6630__deblur__random_walk__random_walk__l1 calls=1024 margin 6.09->6.18 t=4.4s
[DONE] calibration__6630__deblur__confidence_boost__nes__l1 calls=1021 margin 6.09->6.28 t=2.9s
[DONE] calibration__6630__deblur__boundary_probe__nes__l1 calls=1021 margin 6.09->5.83 t=3.3s
[DONE] calibration__6630__deblur__counterfactual__nes__l1 calls=1021 margin 6.09->5.83 t=3.3s
[DONE] calibration__6285__denoise__attack__nes__l0.5 calls=1021 margin 5.27->2.88 t=3.3s
[DONE] calibration__6285__denoise__restore__nes__l0.5 calls=1021 margin 5.27->5.16 t=3.2s
[DONE] calibration__6285__denoise__random_walk__random_walk__l0.5 calls=1024 margin 5.27->5.08 t=4.4s
[DONE] calibration__6285__denoise__confidence_boost__nes__l0.5 calls=1021 margin 5.27->5.99 t=3.1s
[DONE] calibration__6285__denoise__boundary_probe__nes__l0.5 calls=1021 margin 5.27->2.95 t=3.2s
[DONE] calibration__6285__denoise__counterfactual__nes__l0.5 calls=1021 margin 5.27->2.78 t=3.0s
[DONE] calibration__6285__deblur__attack__nes__l1 calls=1021 margin 6.34->5.99 t=3.0s
[DONE] calibration__6285__deblur__restore__nes__l1 calls=1021 margin 6.34->6.40 t=3.2s
[DONE] calibration__6285__deblur__random_walk__random_walk__l1 calls=1024 margin 6.34->6.33 t=4.6s
[DONE] calibration__6285__deblur__confidence_boost__nes__l1 calls=1021 margin 6.34->6.57 t=3.3s
[DONE] calibration__6285__deblur__boundary_probe__nes__l1 calls=1021 margin 6.34->5.94 t=3.2s
[DONE] calibration__6285__deblur__counterfactual__nes__l1 calls=1021 margin 6.34->5.94 t=3.0s
[DONE] calibration__7027__denoise__attack__nes__l0.5 calls=1021 margin 5.44->4.97 t=2.8s
[DONE] calibration__7027__denoise__restore__nes__l0.5 calls=1021 margin 5.44->5.42 t=3.2s
[DONE] calibration__7027__denoise__random_walk__random_walk__l0.5 calls=1024 margin 5.44->5.49 t=4.3s
[DONE] calibration__7027__denoise__confidence_boost__nes__l0.5 calls=1021 margin 5.44->5.99 t=3.0s
[DONE] calibration__7027__denoise__boundary_probe__nes__l0.5 calls=1021 margin 5.44->4.81 t=3.0s
[DONE] calibration__7027__denoise__counterfactual__nes__l0.5 calls=1021 margin 5.44->4.82 t=2.8s
[DONE] calibration__7027__deblur__attack__nes__l1 calls=1021 margin 5.33->2.32 t=2.8s
[DONE] calibration__7027__deblur__restore__nes__l1 calls=1021 margin 5.33->5.51 t=2.9s
[DONE] calibration__7027__deblur__random_walk__random_walk__l1 calls=1024 margin 5.33->5.18 t=4.3s
[DONE] calibration__7027__deblur__confidence_boost__nes__l1 calls=1021 margin 5.33->6.21 t=3.1s
[DONE] calibration__7027__deblur__boundary_probe__nes__l1 calls=1021 margin 5.33->1.14 t=2.9s
[DONE] calibration__7027__deblur__counterfactual__nes__l1 calls=1021 margin 5.33->1.36 t=2.7s
[DONE] calibration__5057__denoise__attack__nes__l0.5 calls=1021 margin 0.22->-1.89 t=3.0s
[DONE] calibration__5057__denoise__restore__nes__l0.5 calls=1021 margin 0.22->0.17 t=3.2s
[DONE] calibration__5057__denoise__random_walk__random_walk__l0.5 calls=1024 margin 0.22->0.46 t=4.3s
[DONE] calibration__5057__denoise__confidence_boost__nes__l0.5 calls=1021 margin 0.22->2.13 t=3.1s
[DONE] calibration__5057__denoise__boundary_probe__nes__l0.5 calls=1021 margin 0.22->0.00 t=3.0s
[DONE] calibration__5057__denoise__counterfactual__nes__l0.5 calls=1021 margin 0.22->-2.08 t=3.1s
[DONE] calibration__5057__deblur__attack__nes__l1 calls=1021 margin 2.13->-0.24 t=2.7s
[DONE] calibration__5057__deblur__restore__nes__l1 calls=1021 margin 2.13->1.96 t=2.8s
[DONE] calibration__5057__deblur__random_walk__random_walk__l1 calls=1024 margin 2.13->2.20 t=4.3s
[DONE] calibration__5057__deblur__confidence_boost__nes__l1 calls=1021 margin 2.13->4.13 t=2.9s
[DONE] calibration__5057__deblur__boundary_probe__nes__l1 calls=1021 margin 2.13->0.00 t=3.0s
[DONE] calibration__5057__deblur__counterfactual__nes__l1 calls=1021 margin 2.13->-0.84 t=3.0s
[DONE] calibration__10964__denoise__attack__nes__l0.5 calls=1021 margin 3.70->-2.66 t=3.3s
[DONE] calibration__10964__denoise__restore__nes__l0.5 calls=1021 margin 3.70->3.64 t=2.9s
[DONE] calibration__10964__denoise__random_walk__random_walk__l0.5 calls=1024 margin 3.70->3.50 t=3.8s
[DONE] calibration__10964__denoise__confidence_boost__nes__l0.5 calls=1021 margin 3.70->6.19 t=2.7s
[DONE] calibration__10964__denoise__boundary_probe__nes__l0.5 calls=1021 margin 3.70->0.01 t=2.7s
[DONE] calibration__10964__denoise__counterfactual__nes__l0.5 calls=1021 margin 3.70->-2.56 t=3.0s
[DONE] calibration__10964__deblur__attack__nes__l1 calls=1021 margin 5.60->-0.07 t=3.0s
[DONE] calibration__10964__deblur__restore__nes__l1 calls=1021 margin 5.60->5.68 t=3.1s
[DONE] calibration__10964__deblur__random_walk__random_walk__l1 calls=1024 margin 5.60->4.84 t=4.1s
[DONE] calibration__10964__deblur__confidence_boost__nes__l1 calls=1021 margin 5.60->6.32 t=3.0s
[DONE] calibration__10964__deblur__boundary_probe__nes__l1 calls=1021 margin 5.60->0.05 t=3.1s
[DONE] calibration__10964__deblur__counterfactual__nes__l1 calls=1021 margin 5.60->0.21 t=3.2s
[DONE] calibration__3971__denoise__attack__nes__l0.5 calls=1021 margin 5.79->5.34 t=2.8s
[DONE] calibration__3971__denoise__restore__nes__l0.5 calls=1021 margin 5.79->5.74 t=3.2s
[DONE] calibration__3971__denoise__random_walk__random_walk__l0.5 calls=1024 margin 5.79->5.91 t=4.0s
[DONE] calibration__3971__denoise__confidence_boost__nes__l0.5 calls=1021 margin 5.79->6.19 t=2.8s
[DONE] calibration__3971__denoise__boundary_probe__nes__l0.5 calls=1021 margin 5.79->5.12 t=2.9s
[DONE] calibration__3971__denoise__counterfactual__nes__l0.5 calls=1021 margin 5.79->5.10 t=3.0s
[DONE] calibration__3971__deblur__attack__nes__l1 calls=1021 margin 6.09->5.78 t=2.8s
[DONE] calibration__3971__deblur__restore__nes__l1 calls=1021 margin 6.09->6.07 t=3.0s
[DONE] calibration__3971__deblur__random_walk__random_walk__l1 calls=1024 margin 6.09->6.19 t=4.2s
[DONE] calibration__3971__deblur__confidence_boost__nes__l1 calls=1021 margin 6.09->6.37 t=2.8s
[DONE] calibration__3971__deblur__boundary_probe__nes__l1 calls=1021 margin 6.09->5.71 t=2.8s
[DONE] calibration__3971__deblur__counterfactual__nes__l1 calls=1021 margin 6.09->5.85 t=3.0s
[DONE] calibration__8505__denoise__attack__nes__l0.5 calls=1021 margin 1.07->-2.66 t=3.0s
[DONE] calibration__8505__denoise__restore__nes__l0.5 calls=1021 margin 1.07->1.25 t=3.1s
[DONE] calibration__8505__denoise__random_walk__random_walk__l0.5 calls=1024 margin 1.07->1.13 t=4.1s
[DONE] calibration__8505__denoise__confidence_boost__nes__l0.5 calls=1021 margin 1.07->3.85 t=3.0s
[DONE] calibration__8505__denoise__boundary_probe__nes__l0.5 calls=1021 margin 1.07->0.00 t=3.1s
[DONE] calibration__8505__denoise__counterfactual__nes__l0.5 calls=1021 margin 1.07->-2.19 t=2.9s
[DONE] calibration__8505__deblur__attack__nes__l1 calls=1021 margin 4.43->1.00 t=3.0s
[DONE] calibration__8505__deblur__restore__nes__l1 calls=1021 margin 4.43->4.50 t=3.3s
[DONE] calibration__8505__deblur__random_walk__random_walk__l1 calls=1024 margin 4.43->4.02 t=4.0s
[DONE] calibration__8505__deblur__confidence_boost__nes__l1 calls=1021 margin 4.43->5.82 t=3.2s
[DONE] calibration__8505__deblur__boundary_probe__nes__l1 calls=1021 margin 4.43->0.79 t=3.4s
[DONE] calibration__8505__deblur__counterfactual__nes__l1 calls=1021 margin 4.43->0.85 t=3.0s
[DONE] calibration__5336__denoise__attack__nes__l0.5 calls=1021 margin 4.33->-3.20 t=3.1s
[DONE] calibration__5336__denoise__restore__nes__l0.5 calls=1021 margin 4.33->4.52 t=3.1s
[DONE] calibration__5336__denoise__random_walk__random_walk__l0.5 calls=1024 margin 4.33->4.63 t=3.8s
[DONE] calibration__5336__denoise__confidence_boost__nes__l0.5 calls=1021 margin 4.33->6.87 t=2.8s
[DONE] calibration__5336__denoise__boundary_probe__nes__l0.5 calls=1021 margin 4.33->0.02 t=3.0s
[DONE] calibration__5336__denoise__counterfactual__nes__l0.5 calls=1021 margin 4.33->1.21 t=2.7s
[DONE] calibration__5336__deblur__attack__nes__l1 calls=1021 margin 6.46->3.47 t=2.9s
[DONE] calibration__5336__deblur__restore__nes__l1 calls=1021 margin 6.46->6.53 t=2.8s
[DONE] calibration__5336__deblur__random_walk__random_walk__l1 calls=1024 margin 6.46->6.21 t=3.7s
[DONE] calibration__5336__deblur__confidence_boost__nes__l1 calls=1021 margin 6.46->6.92 t=2.8s
[DONE] calibration__5336__deblur__boundary_probe__nes__l1 calls=1021 margin 6.46->2.92 t=3.1s
[DONE] calibration__5336__deblur__counterfactual__nes__l1 calls=1021 margin 6.46->3.04 t=2.9s
[DONE] evaluation__3281__denoise__attack__nes__l0.5 calls=1021 margin 6.63->5.69 t=2.9s
[DONE] evaluation__3281__denoise__restore__nes__l0.5 calls=1021 margin 6.63->6.58 t=3.0s
[DONE] evaluation__3281__denoise__random_walk__random_walk__l0.5 calls=1024 margin 6.63->6.51 t=3.7s
[DONE] evaluation__3281__denoise__confidence_boost__nes__l0.5 calls=1021 margin 6.63->7.04 t=2.8s
[DONE] evaluation__3281__denoise__boundary_probe__nes__l0.5 calls=1021 margin 6.63->6.19 t=3.0s
[DONE] evaluation__3281__denoise__counterfactual__nes__l0.5 calls=1021 margin 6.63->6.07 t=3.1s
[DONE] evaluation__3281__deblur__attack__nes__l1 calls=1021 margin 6.28->3.71 t=3.0s
[DONE] evaluation__3281__deblur__restore__nes__l1 calls=1021 margin 6.28->6.41 t=2.9s
[DONE] evaluation__3281__deblur__random_walk__random_walk__l1 calls=1024 margin 6.28->6.07 t=4.1s
[DONE] evaluation__3281__deblur__confidence_boost__nes__l1 calls=1021 margin 6.28->7.14 t=2.7s
[DONE] evaluation__3281__deblur__boundary_probe__nes__l1 calls=1021 margin 6.28->3.37 t=2.8s
[DONE] evaluation__3281__deblur__counterfactual__nes__l1 calls=1021 margin 6.28->3.50 t=2.6s
[DONE] evaluation__7309__denoise__attack__nes__l0.5 calls=1021 margin 5.66->0.47 t=3.0s
[DONE] evaluation__7309__denoise__restore__nes__l0.5 calls=1021 margin 5.66->5.63 t=3.2s
[DONE] evaluation__7309__denoise__random_walk__random_walk__l0.5 calls=1024 margin 5.66->5.69 t=4.1s
[DONE] evaluation__7309__denoise__confidence_boost__nes__l0.5 calls=1021 margin 5.66->6.48 t=3.2s
[DONE] evaluation__7309__denoise__boundary_probe__nes__l0.5 calls=1021 margin 5.66->0.08 t=3.0s
[DONE] evaluation__7309__denoise__counterfactual__nes__l0.5 calls=1021 margin 5.66->1.12 t=3.2s
[DONE] evaluation__7309__deblur__attack__nes__l1 calls=1021 margin 6.13->5.67 t=2.7s
[DONE] evaluation__7309__deblur__restore__nes__l1 calls=1021 margin 6.13->6.15 t=3.3s
[DONE] evaluation__7309__deblur__random_walk__random_walk__l1 calls=1024 margin 6.13->5.93 t=4.1s
[DONE] evaluation__7309__deblur__confidence_boost__nes__l1 calls=1021 margin 6.13->6.15 t=2.9s
[DONE] evaluation__7309__deblur__boundary_probe__nes__l1 calls=1021 margin 6.13->4.77 t=3.0s
[DONE] evaluation__7309__deblur__counterfactual__nes__l1 calls=1021 margin 6.13->4.94 t=2.9s
[DONE] evaluation__8970__denoise__attack__nes__l0.5 calls=1021 margin 6.17->5.99 t=3.1s
[DONE] evaluation__8970__denoise__restore__nes__l0.5 calls=1021 margin 6.17->6.16 t=3.5s
[DONE] evaluation__8970__denoise__random_walk__random_walk__l0.5 calls=1024 margin 6.17->6.18 t=3.9s
[DONE] evaluation__8970__denoise__confidence_boost__nes__l0.5 calls=1021 margin 6.17->5.99 t=2.9s
[DONE] evaluation__8970__denoise__boundary_probe__nes__l0.5 calls=1021 margin 6.17->5.77 t=3.2s
[DONE] evaluation__8970__denoise__counterfactual__nes__l0.5 calls=1021 margin 6.17->5.75 t=3.3s
[DONE] evaluation__8970__deblur__attack__nes__l1 calls=1021 margin 6.42->6.06 t=2.9s
[DONE] evaluation__8970__deblur__restore__nes__l1 calls=1021 margin 6.42->6.46 t=3.0s
[DONE] evaluation__8970__deblur__random_walk__random_walk__l1 calls=1024 margin 6.42->6.35 t=4.1s
[DONE] evaluation__8970__deblur__confidence_boost__nes__l1 calls=1021 margin 6.42->6.18 t=3.2s
[DONE] evaluation__8970__deblur__boundary_probe__nes__l1 calls=1021 margin 6.42->5.78 t=3.1s
[DONE] evaluation__8970__deblur__counterfactual__nes__l1 calls=1021 margin 6.42->6.01 t=3.1s
[DONE] evaluation__10629__denoise__attack__nes__l0.5 calls=1021 margin 0.16->-7.33 t=3.3s
[DONE] evaluation__10629__denoise__restore__nes__l0.5 calls=1021 margin 0.16->0.15 t=3.2s
[DONE] evaluation__10629__denoise__random_walk__random_walk__l0.5 calls=1024 margin 0.16->0.10 t=4.1s
[DONE] evaluation__10629__denoise__confidence_boost__nes__l0.5 calls=1021 margin 0.16->6.22 t=3.1s
[DONE] evaluation__10629__denoise__boundary_probe__nes__l0.5 calls=1021 margin 0.16->0.01 t=2.9s
[DONE] evaluation__10629__denoise__counterfactual__nes__l0.5 calls=1021 margin 0.16->-6.85 t=3.3s
[DONE] evaluation__10629__deblur__attack__nes__l1 calls=1021 margin 4.96->-8.00 t=3.2s
[DONE] evaluation__10629__deblur__restore__nes__l1 calls=1021 margin 4.96->4.96 t=2.9s
[DONE] evaluation__10629__deblur__random_walk__random_walk__l1 calls=1024 margin 4.96->4.16 t=4.0s
[DONE] evaluation__10629__deblur__confidence_boost__nes__l1 calls=1021 margin 4.96->6.64 t=2.9s
[DONE] evaluation__10629__deblur__boundary_probe__nes__l1 calls=1021 margin 4.96->0.01 t=3.0s
[DONE] evaluation__10629__deblur__counterfactual__nes__l1 calls=1021 margin 4.96->-7.58 t=3.2s
[DONE] evaluation__1278__denoise__attack__nes__l0.5 calls=1021 margin 4.96->2.05 t=3.0s
[DONE] evaluation__1278__denoise__restore__nes__l0.5 calls=1021 margin 4.96->4.41 t=2.9s
[DONE] evaluation__1278__denoise__random_walk__random_walk__l0.5 calls=1024 margin 4.96->5.18 t=3.9s
[DONE] evaluation__1278__denoise__confidence_boost__nes__l0.5 calls=1021 margin 4.96->5.85 t=3.0s
[DONE] evaluation__1278__denoise__boundary_probe__nes__l0.5 calls=1021 margin 4.96->2.05 t=3.1s
[DONE] evaluation__1278__denoise__counterfactual__nes__l0.5 calls=1021 margin 4.96->1.92 t=3.2s
[DONE] evaluation__1278__deblur__attack__nes__l1 calls=1021 margin 1.93->-1.13 t=3.1s
[DONE] evaluation__1278__deblur__restore__nes__l1 calls=1021 margin 1.93->2.09 t=3.2s
[DONE] evaluation__1278__deblur__random_walk__random_walk__l1 calls=1024 margin 1.93->1.76 t=4.2s
[DONE] evaluation__1278__deblur__confidence_boost__nes__l1 calls=1021 margin 1.93->4.37 t=3.4s
[DONE] evaluation__1278__deblur__boundary_probe__nes__l1 calls=1021 margin 1.93->0.01 t=3.3s
[DONE] evaluation__1278__deblur__counterfactual__nes__l1 calls=1021 margin 1.93->-1.38 t=3.1s
[DONE] evaluation__5985__denoise__attack__nes__l0.5 calls=1021 margin 6.59->6.37 t=2.8s
[DONE] evaluation__5985__denoise__restore__nes__l0.5 calls=1021 margin 6.59->6.65 t=3.3s
[DONE] evaluation__5985__denoise__random_walk__random_walk__l0.5 calls=1024 margin 6.59->6.57 t=3.7s
[DONE] evaluation__5985__denoise__confidence_boost__nes__l0.5 calls=1021 margin 6.59->7.00 t=3.0s
[DONE] evaluation__5985__denoise__boundary_probe__nes__l0.5 calls=1021 margin 6.59->6.15 t=2.9s
[DONE] evaluation__5985__denoise__counterfactual__nes__l0.5 calls=1021 margin 6.59->6.15 t=2.8s
[DONE] evaluation__5985__deblur__attack__nes__l1 calls=1021 margin 6.62->6.43 t=3.1s
[DONE] evaluation__5985__deblur__restore__nes__l1 calls=1021 margin 6.62->6.62 t=3.1s
[DONE] evaluation__5985__deblur__random_walk__random_walk__l1 calls=1024 margin 6.62->6.58 t=4.0s
[DONE] evaluation__5985__deblur__confidence_boost__nes__l1 calls=1021 margin 6.62->6.90 t=2.7s
[DONE] evaluation__5985__deblur__boundary_probe__nes__l1 calls=1021 margin 6.62->6.20 t=2.8s
[DONE] evaluation__5985__deblur__counterfactual__nes__l1 calls=1021 margin 6.62->6.21 t=2.9s
[DONE] evaluation__6763__denoise__attack__nes__l0.5 calls=1021 margin 6.28->5.91 t=3.0s
[DONE] evaluation__6763__denoise__restore__nes__l0.5 calls=1021 margin 6.28->6.28 t=2.8s
[DONE] evaluation__6763__denoise__random_walk__random_walk__l0.5 calls=1024 margin 6.28->6.19 t=4.4s
[DONE] evaluation__6763__denoise__confidence_boost__nes__l0.5 calls=1021 margin 6.28->6.24 t=3.0s
[DONE] evaluation__6763__denoise__boundary_probe__nes__l0.5 calls=1021 margin 6.28->4.79 t=3.0s
[DONE] evaluation__6763__denoise__counterfactual__nes__l0.5 calls=1021 margin 6.28->4.78 t=2.9s
[DONE] evaluation__6763__deblur__attack__nes__l1 calls=1021 margin 6.48->6.15 t=3.1s
[DONE] evaluation__6763__deblur__restore__nes__l1 calls=1021 margin 6.48->6.49 t=3.4s
[DONE] evaluation__6763__deblur__random_walk__random_walk__l1 calls=1024 margin 6.48->6.34 t=4.0s
[DONE] evaluation__6763__deblur__confidence_boost__nes__l1 calls=1021 margin 6.48->6.45 t=3.2s
[DONE] evaluation__6763__deblur__boundary_probe__nes__l1 calls=1021 margin 6.48->6.03 t=3.1s
[DONE] evaluation__6763__deblur__counterfactual__nes__l1 calls=1021 margin 6.48->6.06 t=2.7s
[DONE] evaluation__10693__denoise__attack__nes__l0.5 calls=1021 margin 6.49->3.85 t=2.9s
[DONE] evaluation__10693__denoise__restore__nes__l0.5 calls=1021 margin 6.49->6.45 t=3.1s
[DONE] evaluation__10693__denoise__random_walk__random_walk__l0.5 calls=1024 margin 6.49->6.55 t=4.2s
[DONE] evaluation__10693__denoise__confidence_boost__nes__l0.5 calls=1021 margin 6.49->6.67 t=3.2s
[DONE] evaluation__10693__denoise__boundary_probe__nes__l0.5 calls=1021 margin 6.49->0.75 t=3.1s
[DONE] evaluation__10693__denoise__counterfactual__nes__l0.5 calls=1021 margin 6.49->1.45 t=2.9s
[DONE] evaluation__10693__deblur__attack__nes__l1 calls=1021 margin 6.51->5.54 t=3.3s
[DONE] evaluation__10693__deblur__restore__nes__l1 calls=1021 margin 6.51->6.57 t=3.1s
[DONE] evaluation__10693__deblur__random_walk__random_walk__l1 calls=1024 margin 6.51->6.08 t=4.5s
[DONE] evaluation__10693__deblur__confidence_boost__nes__l1 calls=1021 margin 6.51->6.58 t=3.1s
[DONE] evaluation__10693__deblur__boundary_probe__nes__l1 calls=1021 margin 6.51->1.82 t=3.2s
[DONE] evaluation__10693__deblur__counterfactual__nes__l1 calls=1021 margin 6.51->2.30 t=3.5s
[DONE] evaluation__10031__denoise__attack__nes__l0.5 calls=1021 margin 6.27->6.19 t=2.9s
[DONE] evaluation__10031__denoise__restore__nes__l0.5 calls=1021 margin 6.27->6.27 t=2.9s
[DONE] evaluation__10031__denoise__random_walk__random_walk__l0.5 calls=1024 margin 6.27->6.25 t=4.5s
[DONE] evaluation__10031__denoise__confidence_boost__nes__l0.5 calls=1021 margin 6.27->6.41 t=2.9s
[DONE] evaluation__10031__denoise__boundary_probe__nes__l0.5 calls=1021 margin 6.27->6.00 t=2.7s
[DONE] evaluation__10031__denoise__counterfactual__nes__l0.5 calls=1021 margin 6.27->6.02 t=2.7s
[DONE] evaluation__10031__deblur__attack__nes__l1 calls=1021 margin 6.29->6.16 t=2.9s
[DONE] evaluation__10031__deblur__restore__nes__l1 calls=1021 margin 6.29->6.25 t=3.1s
[DONE] evaluation__10031__deblur__random_walk__random_walk__l1 calls=1024 margin 6.29->6.27 t=4.6s
[DONE] evaluation__10031__deblur__confidence_boost__nes__l1 calls=1021 margin 6.29->6.45 t=3.2s
[DONE] evaluation__10031__deblur__boundary_probe__nes__l1 calls=1021 margin 6.29->6.08 t=3.2s
[DONE] evaluation__10031__deblur__counterfactual__nes__l1 calls=1021 margin 6.29->6.05 t=2.9s
[DONE] evaluation__134__denoise__attack__nes__l0.5 calls=1021 margin 6.13->6.07 t=2.8s
[DONE] evaluation__134__denoise__restore__nes__l0.5 calls=1021 margin 6.13->6.12 t=3.0s
[DONE] evaluation__134__denoise__random_walk__random_walk__l0.5 calls=1024 margin 6.13->6.14 t=4.5s
[DONE] evaluation__134__denoise__confidence_boost__nes__l0.5 calls=1021 margin 6.13->6.19 t=2.9s
[DONE] evaluation__134__denoise__boundary_probe__nes__l0.5 calls=1021 margin 6.13->5.82 t=3.0s
[DONE] evaluation__134__denoise__counterfactual__nes__l0.5 calls=1021 margin 6.13->5.81 t=3.0s
[DONE] evaluation__134__deblur__attack__nes__l1 calls=1021 margin 6.04->5.97 t=2.6s
[DONE] evaluation__134__deblur__restore__nes__l1 calls=1021 margin 6.04->6.03 t=3.0s
[DONE] evaluation__134__deblur__random_walk__random_walk__l1 calls=1024 margin 6.04->6.04 t=4.8s
[DONE] evaluation__134__deblur__confidence_boost__nes__l1 calls=1021 margin 6.04->6.14 t=3.1s
[DONE] evaluation__134__deblur__boundary_probe__nes__l1 calls=1021 margin 6.04->5.61 t=3.1s
[DONE] evaluation__134__deblur__counterfactual__nes__l1 calls=1021 margin 6.04->5.58 t=2.7s
[DONE] evaluation__5078__denoise__attack__nes__l0.5 calls=1021 margin 6.40->6.28 t=3.0s
[DONE] evaluation__5078__denoise__restore__nes__l0.5 calls=1021 margin 6.40->6.40 t=3.2s
[DONE] evaluation__5078__denoise__random_walk__random_walk__l0.5 calls=1024 margin 6.40->6.42 t=4.3s
[DONE] evaluation__5078__denoise__confidence_boost__nes__l0.5 calls=1021 margin 6.40->6.51 t=3.0s
[DONE] evaluation__5078__denoise__boundary_probe__nes__l0.5 calls=1021 margin 6.40->6.22 t=3.1s
[DONE] evaluation__5078__denoise__counterfactual__nes__l0.5 calls=1021 margin 6.40->6.20 t=3.0s
[DONE] evaluation__5078__deblur__attack__nes__l1 calls=1021 margin 6.41->6.35 t=3.6s
[DONE] evaluation__5078__deblur__restore__nes__l1 calls=1021 margin 6.41->6.40 t=3.4s
[DONE] evaluation__5078__deblur__random_walk__random_walk__l1 calls=1024 margin 6.41->6.38 t=4.5s
[DONE] evaluation__5078__deblur__confidence_boost__nes__l1 calls=1021 margin 6.41->6.41 t=2.9s
[DONE] evaluation__5078__deblur__boundary_probe__nes__l1 calls=1021 margin 6.41->6.26 t=3.1s
[DONE] evaluation__5078__deblur__counterfactual__nes__l1 calls=1021 margin 6.41->6.26 t=3.1s
[DONE] evaluation__3682__denoise__attack__nes__l0.5 calls=1021 margin 6.31->6.26 t=2.9s
[DONE] evaluation__3682__denoise__restore__nes__l0.5 calls=1021 margin 6.31->6.32 t=3.0s
[DONE] evaluation__3682__denoise__random_walk__random_walk__l0.5 calls=1024 margin 6.31->6.34 t=3.9s
[DONE] evaluation__3682__denoise__confidence_boost__nes__l0.5 calls=1021 margin 6.31->6.39 t=2.6s
[DONE] evaluation__3682__denoise__boundary_probe__nes__l0.5 calls=1021 margin 6.31->6.22 t=3.0s
[DONE] evaluation__3682__denoise__counterfactual__nes__l0.5 calls=1021 margin 6.31->6.22 t=3.2s
[DONE] evaluation__3682__deblur__attack__nes__l1 calls=1021 margin 6.39->6.35 t=2.9s
[DONE] evaluation__3682__deblur__restore__nes__l1 calls=1021 margin 6.39->6.39 t=3.1s
[DONE] evaluation__3682__deblur__random_walk__random_walk__l1 calls=1024 margin 6.39->6.40 t=3.9s
[DONE] evaluation__3682__deblur__confidence_boost__nes__l1 calls=1021 margin 6.39->6.43 t=2.5s
[DONE] evaluation__3682__deblur__boundary_probe__nes__l1 calls=1021 margin 6.39->6.32 t=2.6s
[DONE] evaluation__3682__deblur__counterfactual__nes__l1 calls=1021 margin 6.39->6.33 t=3.0s
[DONE] evaluation__2774__denoise__attack__nes__l0.5 calls=1021 margin 6.22->5.98 t=3.0s
[DONE] evaluation__2774__denoise__restore__nes__l0.5 calls=1021 margin 6.22->6.24 t=3.0s
[DONE] evaluation__2774__denoise__random_walk__random_walk__l0.5 calls=1024 margin 6.22->6.25 t=4.3s
[DONE] evaluation__2774__denoise__confidence_boost__nes__l0.5 calls=1021 margin 6.22->6.42 t=3.0s
[DONE] evaluation__2774__denoise__boundary_probe__nes__l0.5 calls=1021 margin 6.22->5.95 t=3.0s
[DONE] evaluation__2774__denoise__counterfactual__nes__l0.5 calls=1021 margin 6.22->5.96 t=3.0s
[DONE] evaluation__2774__deblur__attack__nes__l1 calls=1021 margin 6.41->6.24 t=2.7s
[DONE] evaluation__2774__deblur__restore__nes__l1 calls=1021 margin 6.41->6.40 t=2.9s
[DONE] evaluation__2774__deblur__random_walk__random_walk__l1 calls=1024 margin 6.41->6.45 t=4.5s
[DONE] evaluation__2774__deblur__confidence_boost__nes__l1 calls=1021 margin 6.41->6.60 t=2.8s
[DONE] evaluation__2774__deblur__boundary_probe__nes__l1 calls=1021 margin 6.41->6.23 t=3.1s
[DONE] evaluation__2774__deblur__counterfactual__nes__l1 calls=1021 margin 6.41->6.22 t=2.8s
[DONE] evaluation__10755__denoise__attack__nes__l0.5 calls=1021 margin 5.36->4.43 t=3.0s
[DONE] evaluation__10755__denoise__restore__nes__l0.5 calls=1021 margin 5.36->5.52 t=2.8s
[DONE] evaluation__10755__denoise__random_walk__random_walk__l0.5 calls=1024 margin 5.36->5.49 t=4.3s
[DONE] evaluation__10755__denoise__confidence_boost__nes__l0.5 calls=1021 margin 5.36->6.00 t=2.9s
[DONE] evaluation__10755__denoise__boundary_probe__nes__l0.5 calls=1021 margin 5.36->4.26 t=2.7s
[DONE] evaluation__10755__denoise__counterfactual__nes__l0.5 calls=1021 margin 5.36->4.24 t=3.1s
[DONE] evaluation__10755__deblur__attack__nes__l1 calls=1021 margin 6.16->6.06 t=3.1s
[DONE] evaluation__10755__deblur__restore__nes__l1 calls=1021 margin 6.16->6.17 t=2.9s
[DONE] evaluation__10755__deblur__random_walk__random_walk__l1 calls=1024 margin 6.16->6.17 t=4.3s
[DONE] evaluation__10755__deblur__confidence_boost__nes__l1 calls=1021 margin 6.16->6.30 t=2.8s
[DONE] evaluation__10755__deblur__boundary_probe__nes__l1 calls=1021 margin 6.16->5.95 t=2.7s
[DONE] evaluation__10755__deblur__counterfactual__nes__l1 calls=1021 margin 6.16->5.94 t=2.7s
[DONE] evaluation__490__denoise__attack__nes__l0.5 calls=1021 margin 0.95->-2.03 t=2.7s
[DONE] evaluation__490__denoise__restore__nes__l0.5 calls=1021 margin 0.95->0.89 t=3.1s
[DONE] evaluation__490__denoise__random_walk__random_walk__l0.5 calls=1024 margin 0.95->0.65 t=4.2s
[DONE] evaluation__490__denoise__confidence_boost__nes__l0.5 calls=1021 margin 0.95->3.42 t=3.1s
[DONE] evaluation__490__denoise__boundary_probe__nes__l0.5 calls=1021 margin 0.95->0.00 t=3.2s
[DONE] evaluation__490__denoise__counterfactual__nes__l0.5 calls=1021 margin 0.95->-2.61 t=3.1s
[DONE] evaluation__490__deblur__attack__nes__l1 calls=1021 margin 3.15->1.63 t=3.2s
[DONE] evaluation__490__deblur__restore__nes__l1 calls=1021 margin 3.15->3.28 t=3.1s
[DONE] evaluation__490__deblur__random_walk__random_walk__l1 calls=1024 margin 3.15->2.94 t=4.2s
[DONE] evaluation__490__deblur__confidence_boost__nes__l1 calls=1021 margin 3.15->4.72 t=3.1s
[DONE] evaluation__490__deblur__boundary_probe__nes__l1 calls=1021 margin 3.15->1.30 t=3.1s
[DONE] evaluation__490__deblur__counterfactual__nes__l1 calls=1021 margin 3.15->1.20 t=3.3s
[DONE] evaluation__9743__denoise__attack__nes__l0.5 calls=1021 margin 6.20->6.15 t=2.8s
[DONE] evaluation__9743__denoise__restore__nes__l0.5 calls=1021 margin 6.20->6.20 t=2.9s
[DONE] evaluation__9743__denoise__random_walk__random_walk__l0.5 calls=1024 margin 6.20->6.21 t=4.4s
[DONE] evaluation__9743__denoise__confidence_boost__nes__l0.5 calls=1021 margin 6.20->6.25 t=2.8s
[DONE] evaluation__9743__denoise__boundary_probe__nes__l0.5 calls=1021 margin 6.20->6.13 t=2.8s
[DONE] evaluation__9743__denoise__counterfactual__nes__l0.5 calls=1021 margin 6.20->6.12 t=2.9s
[DONE] evaluation__9743__deblur__attack__nes__l1 calls=1021 margin 6.27->6.21 t=2.8s
[DONE] evaluation__9743__deblur__restore__nes__l1 calls=1021 margin 6.27->6.27 t=3.1s
[DONE] evaluation__9743__deblur__random_walk__random_walk__l1 calls=1024 margin 6.27->6.28 t=4.5s
[DONE] evaluation__9743__deblur__confidence_boost__nes__l1 calls=1021 margin 6.27->6.30 t=2.9s
[DONE] evaluation__9743__deblur__boundary_probe__nes__l1 calls=1021 margin 6.27->6.19 t=2.8s
[DONE] evaluation__9743__deblur__counterfactual__nes__l1 calls=1021 margin 6.27->6.19 t=3.0s
[DONE] evaluation__3405__denoise__attack__nes__l0.5 calls=1021 margin 5.74->4.48 t=3.1s
[DONE] evaluation__3405__denoise__restore__nes__l0.5 calls=1021 margin 5.74->5.67 t=3.3s
[DONE] evaluation__3405__denoise__random_walk__random_walk__l0.5 calls=1024 margin 5.74->5.76 t=4.1s
[DONE] evaluation__3405__denoise__confidence_boost__nes__l0.5 calls=1021 margin 5.74->6.24 t=3.1s
[DONE] evaluation__3405__denoise__boundary_probe__nes__l0.5 calls=1021 margin 5.74->4.57 t=2.8s
[DONE] evaluation__3405__denoise__counterfactual__nes__l0.5 calls=1021 margin 5.74->4.83 t=2.9s
[DONE] evaluation__3405__deblur__attack__nes__l1 calls=1021 margin 5.82->4.14 t=3.2s
[DONE] evaluation__3405__deblur__restore__nes__l1 calls=1021 margin 5.82->5.83 t=3.2s
[DONE] evaluation__3405__deblur__random_walk__random_walk__l1 calls=1024 margin 5.82->5.79 t=3.8s
[DONE] evaluation__3405__deblur__confidence_boost__nes__l1 calls=1021 margin 5.82->6.41 t=3.1s
[DONE] evaluation__3405__deblur__boundary_probe__nes__l1 calls=1021 margin 5.82->3.75 t=3.2s
[DONE] evaluation__3405__deblur__counterfactual__nes__l1 calls=1021 margin 5.82->3.95 t=3.2s
[DONE] evaluation__3598__denoise__attack__nes__l0.5 calls=1021 margin 5.71->4.22 t=2.7s
[DONE] evaluation__3598__denoise__restore__nes__l0.5 calls=1021 margin 5.71->5.71 t=2.9s
[DONE] evaluation__3598__denoise__random_walk__random_walk__l0.5 calls=1024 margin 5.71->5.79 t=4.1s
[DONE] evaluation__3598__denoise__confidence_boost__nes__l0.5 calls=1021 margin 5.71->6.24 t=2.8s
[DONE] evaluation__3598__denoise__boundary_probe__nes__l0.5 calls=1021 margin 5.71->4.10 t=2.9s
[DONE] evaluation__3598__denoise__counterfactual__nes__l0.5 calls=1021 margin 5.71->4.62 t=2.9s
[DONE] evaluation__3598__deblur__attack__nes__l1 calls=1021 margin 5.96->5.28 t=2.9s
[DONE] evaluation__3598__deblur__restore__nes__l1 calls=1021 margin 5.96->5.95 t=3.0s
[DONE] evaluation__3598__deblur__random_walk__random_walk__l1 calls=1024 margin 5.96->5.92 t=4.0s
[DONE] evaluation__3598__deblur__confidence_boost__nes__l1 calls=1021 margin 5.96->6.66 t=2.7s
[DONE] evaluation__3598__deblur__boundary_probe__nes__l1 calls=1021 margin 5.96->5.27 t=2.8s
[DONE] evaluation__3598__deblur__counterfactual__nes__l1 calls=1021 margin 5.96->5.27 t=3.0s
[DONE] evaluation__8447__denoise__attack__nes__l0.5 calls=1021 margin 5.76->4.91 t=3.0s
[DONE] evaluation__8447__denoise__restore__nes__l0.5 calls=1021 margin 5.76->5.65 t=3.0s
[DONE] evaluation__8447__denoise__random_walk__random_walk__l0.5 calls=1024 margin 5.76->5.64 t=4.1s
[DONE] evaluation__8447__denoise__confidence_boost__nes__l0.5 calls=1021 margin 5.76->6.42 t=2.9s
[DONE] evaluation__8447__denoise__boundary_probe__nes__l0.5 calls=1021 margin 5.76->4.68 t=3.0s
[DONE] evaluation__8447__denoise__counterfactual__nes__l0.5 calls=1021 margin 5.76->4.84 t=2.9s
[DONE] evaluation__8447__deblur__attack__nes__l1 calls=1021 margin 5.37->4.67 t=2.8s
[DONE] evaluation__8447__deblur__restore__nes__l1 calls=1021 margin 5.37->5.36 t=3.0s
[DONE] evaluation__8447__deblur__random_walk__random_walk__l1 calls=1024 margin 5.37->5.40 t=4.8s
[DONE] evaluation__8447__deblur__confidence_boost__nes__l1 calls=1021 margin 5.37->5.90 t=3.0s
[DONE] evaluation__8447__deblur__boundary_probe__nes__l1 calls=1021 margin 5.37->4.38 t=2.8s
[DONE] evaluation__8447__deblur__counterfactual__nes__l1 calls=1021 margin 5.37->4.39 t=2.7s
[DONE] evaluation__976__denoise__attack__nes__l0.5 calls=1021 margin 5.88->5.40 t=2.9s
[DONE] evaluation__976__denoise__restore__nes__l0.5 calls=1021 margin 5.88->5.87 t=3.0s
[DONE] evaluation__976__denoise__random_walk__random_walk__l0.5 calls=1024 margin 5.88->6.00 t=4.3s
[DONE] evaluation__976__denoise__confidence_boost__nes__l0.5 calls=1021 margin 5.88->6.48 t=3.0s
[DONE] evaluation__976__denoise__boundary_probe__nes__l0.5 calls=1021 margin 5.88->4.75 t=2.9s
[DONE] evaluation__976__denoise__counterfactual__nes__l0.5 calls=1021 margin 5.88->4.82 t=3.0s
[DONE] evaluation__976__deblur__attack__nes__l1 calls=1021 margin 4.60->1.68 t=2.9s
[DONE] evaluation__976__deblur__restore__nes__l1 calls=1021 margin 4.60->4.83 t=2.7s
[DONE] evaluation__976__deblur__random_walk__random_walk__l1 calls=1024 margin 4.60->4.28 t=4.1s
[DONE] evaluation__976__deblur__confidence_boost__nes__l1 calls=1021 margin 4.60->5.63 t=2.7s
[DONE] evaluation__976__deblur__boundary_probe__nes__l1 calls=1021 margin 4.60->0.90 t=2.7s
[DONE] evaluation__976__deblur__counterfactual__nes__l1 calls=1021 margin 4.60->0.67 t=3.2s
[DONE] evaluation__3493__denoise__attack__nes__l0.5 calls=1021 margin 5.76->1.22 t=3.0s
[DONE] evaluation__3493__denoise__restore__nes__l0.5 calls=1021 margin 5.76->5.41 t=2.8s
[DONE] evaluation__3493__denoise__random_walk__random_walk__l0.5 calls=1024 margin 5.76->5.95 t=4.3s
[DONE] evaluation__3493__denoise__confidence_boost__nes__l0.5 calls=1021 margin 5.76->6.94 t=3.0s
[DONE] evaluation__3493__denoise__boundary_probe__nes__l0.5 calls=1021 margin 5.76->0.94 t=2.9s
[DONE] evaluation__3493__denoise__counterfactual__nes__l0.5 calls=1021 margin 5.76->0.30 t=2.9s
[DONE] evaluation__3493__deblur__attack__nes__l1 calls=1021 margin 2.95->-4.39 t=2.9s
[DONE] evaluation__3493__deblur__restore__nes__l1 calls=1021 margin 2.95->3.81 t=2.9s
[DONE] evaluation__3493__deblur__random_walk__random_walk__l1 calls=1024 margin 2.95->4.20 t=4.2s
[DONE] evaluation__3493__deblur__confidence_boost__nes__l1 calls=1021 margin 2.95->6.51 t=2.7s
[DONE] evaluation__3493__deblur__boundary_probe__nes__l1 calls=1021 margin 2.95->0.01 t=3.4s
[DONE] evaluation__3493__deblur__counterfactual__nes__l1 calls=1021 margin 2.95->-4.56 t=3.1s
[DONE] evaluation__6770__denoise__attack__nes__l0.5 calls=1021 margin 5.77->5.42 t=2.9s
[DONE] evaluation__6770__denoise__restore__nes__l0.5 calls=1021 margin 5.77->5.80 t=2.9s
[DONE] evaluation__6770__denoise__random_walk__random_walk__l0.5 calls=1024 margin 5.77->5.84 t=4.3s
[DONE] evaluation__6770__denoise__confidence_boost__nes__l0.5 calls=1021 margin 5.77->5.98 t=3.1s
[DONE] evaluation__6770__denoise__boundary_probe__nes__l0.5 calls=1021 margin 5.77->4.91 t=2.7s
[DONE] evaluation__6770__denoise__counterfactual__nes__l0.5 calls=1021 margin 5.77->5.13 t=2.9s
[DONE] evaluation__6770__deblur__attack__nes__l1 calls=1021 margin 6.16->5.82 t=3.3s
[DONE] evaluation__6770__deblur__restore__nes__l1 calls=1021 margin 6.16->6.17 t=3.1s
[DONE] evaluation__6770__deblur__random_walk__random_walk__l1 calls=1024 margin 6.16->6.12 t=4.4s
[DONE] evaluation__6770__deblur__confidence_boost__nes__l1 calls=1021 margin 6.16->6.34 t=3.0s
[DONE] evaluation__6770__deblur__boundary_probe__nes__l1 calls=1021 margin 6.16->5.77 t=2.8s
[DONE] evaluation__6770__deblur__counterfactual__nes__l1 calls=1021 margin 6.16->5.77 t=2.8s
[DONE] evaluation__7608__denoise__attack__nes__l0.5 calls=1021 margin 5.94->5.45 t=3.1s
[DONE] evaluation__7608__denoise__restore__nes__l0.5 calls=1021 margin 5.94->5.95 t=3.1s
[DONE] evaluation__7608__denoise__random_walk__random_walk__l0.5 calls=1024 margin 5.94->6.02 t=4.0s
[DONE] evaluation__7608__denoise__confidence_boost__nes__l0.5 calls=1021 margin 5.94->6.25 t=3.2s
[DONE] evaluation__7608__denoise__boundary_probe__nes__l0.5 calls=1021 margin 5.94->5.55 t=3.4s
[DONE] evaluation__7608__denoise__counterfactual__nes__l0.5 calls=1021 margin 5.94->5.58 t=3.4s
[DONE] evaluation__7608__deblur__attack__nes__l1 calls=1021 margin 5.61->4.99 t=2.8s
[DONE] evaluation__7608__deblur__restore__nes__l1 calls=1021 margin 5.61->5.65 t=2.9s
[DONE] evaluation__7608__deblur__random_walk__random_walk__l1 calls=1024 margin 5.61->5.64 t=4.2s
[DONE] evaluation__7608__deblur__confidence_boost__nes__l1 calls=1021 margin 5.61->6.11 t=3.4s
[DONE] evaluation__7608__deblur__boundary_probe__nes__l1 calls=1021 margin 5.61->4.66 t=3.4s
[DONE] evaluation__7608__deblur__counterfactual__nes__l1 calls=1021 margin 5.61->5.17 t=3.1s
[DONE] evaluation__8773__denoise__attack__nes__l0.5 calls=1021 margin 5.78->5.33 t=3.3s
[DONE] evaluation__8773__denoise__restore__nes__l0.5 calls=1021 margin 5.78->5.82 t=2.8s
[DONE] evaluation__8773__denoise__random_walk__random_walk__l0.5 calls=1024 margin 5.78->5.85 t=4.3s
[DONE] evaluation__8773__denoise__confidence_boost__nes__l0.5 calls=1021 margin 5.78->6.00 t=3.2s
[DONE] evaluation__8773__denoise__boundary_probe__nes__l0.5 calls=1021 margin 5.78->5.04 t=3.1s
[DONE] evaluation__8773__denoise__counterfactual__nes__l0.5 calls=1021 margin 5.78->5.17 t=3.3s
[DONE] evaluation__8773__deblur__attack__nes__l1 calls=1021 margin 5.76->5.06 t=3.2s
[DONE] evaluation__8773__deblur__restore__nes__l1 calls=1021 margin 5.76->5.76 t=3.0s
[DONE] evaluation__8773__deblur__random_walk__random_walk__l1 calls=1024 margin 5.76->5.65 t=4.1s
[DONE] evaluation__8773__deblur__confidence_boost__nes__l1 calls=1021 margin 5.76->6.39 t=2.8s
[DONE] evaluation__8773__deblur__boundary_probe__nes__l1 calls=1021 margin 5.76->5.06 t=2.8s
[DONE] evaluation__8773__deblur__counterfactual__nes__l1 calls=1021 margin 5.76->5.07 t=2.9s
[DONE] evaluation__191__denoise__attack__nes__l0.5 calls=1021 margin 5.58->4.69 t=2.8s
[DONE] evaluation__191__denoise__restore__nes__l0.5 calls=1021 margin 5.58->5.58 t=2.9s
[DONE] evaluation__191__denoise__random_walk__random_walk__l0.5 calls=1024 margin 5.58->5.64 t=4.6s
[DONE] evaluation__191__denoise__confidence_boost__nes__l0.5 calls=1021 margin 5.58->6.01 t=2.9s
[DONE] evaluation__191__denoise__boundary_probe__nes__l0.5 calls=1021 margin 5.58->4.45 t=2.8s
[DONE] evaluation__191__denoise__counterfactual__nes__l0.5 calls=1021 margin 5.58->4.55 t=2.7s
[DONE] evaluation__191__deblur__attack__nes__l1 calls=1021 margin 5.31->4.10 t=3.0s
[DONE] evaluation__191__deblur__restore__nes__l1 calls=1021 margin 5.31->5.30 t=3.1s
[DONE] evaluation__191__deblur__random_walk__random_walk__l1 calls=1024 margin 5.31->5.08 t=4.2s
[DONE] evaluation__191__deblur__confidence_boost__nes__l1 calls=1021 margin 5.31->5.91 t=3.0s
[DONE] evaluation__191__deblur__boundary_probe__nes__l1 calls=1021 margin 5.31->4.02 t=2.8s
[DONE] evaluation__191__deblur__counterfactual__nes__l1 calls=1021 margin 5.31->3.87 t=2.6s
[DONE] evaluation__5816__denoise__attack__nes__l0.5 calls=1021 margin 1.31->-3.73 t=3.1s
[DONE] evaluation__5816__denoise__restore__nes__l0.5 calls=1021 margin 1.31->1.74 t=2.9s
[DONE] evaluation__5816__denoise__random_walk__random_walk__l0.5 calls=1024 margin 1.31->0.61 t=4.1s
[DONE] evaluation__5816__denoise__confidence_boost__nes__l0.5 calls=1021 margin 1.31->5.52 t=2.9s
[DONE] evaluation__5816__denoise__boundary_probe__nes__l0.5 calls=1021 margin 1.31->0.01 t=3.5s
[DONE] evaluation__5816__denoise__counterfactual__nes__l0.5 calls=1021 margin 1.31->-3.80 t=3.4s
[DONE] evaluation__5816__deblur__attack__nes__l1 calls=1021 margin 5.72->-3.66 t=3.3s
[DONE] evaluation__5816__deblur__restore__nes__l1 calls=1021 margin 5.72->5.72 t=3.4s
[DONE] evaluation__5816__deblur__random_walk__random_walk__l1 calls=1024 margin 5.72->5.19 t=4.2s
[DONE] evaluation__5816__deblur__confidence_boost__nes__l1 calls=1021 margin 5.72->6.36 t=3.1s
[DONE] evaluation__5816__deblur__boundary_probe__nes__l1 calls=1021 margin 5.72->0.00 t=3.2s
[DONE] evaluation__5816__deblur__counterfactual__nes__l1 calls=1021 margin 5.72->0.79 t=2.9s
[DONE] evaluation__6288__denoise__attack__nes__l0.5 calls=1021 margin 2.70->0.19 t=2.6s
[DONE] evaluation__6288__denoise__restore__nes__l0.5 calls=1021 margin 2.70->2.81 t=2.5s
[DONE] evaluation__6288__denoise__random_walk__random_walk__l0.5 calls=1024 margin 2.70->2.31 t=4.2s
[DONE] evaluation__6288__denoise__confidence_boost__nes__l0.5 calls=1021 margin 2.70->4.08 t=3.0s
[DONE] evaluation__6288__denoise__boundary_probe__nes__l0.5 calls=1021 margin 2.70->0.02 t=3.3s
[DONE] evaluation__6288__denoise__counterfactual__nes__l0.5 calls=1021 margin 2.70->-0.01 t=3.1s
[DONE] evaluation__6288__deblur__attack__nes__l1 calls=1021 margin 3.91->2.15 t=2.9s
[DONE] evaluation__6288__deblur__restore__nes__l1 calls=1021 margin 3.91->3.86 t=3.0s
[DONE] evaluation__6288__deblur__random_walk__random_walk__l1 calls=1024 margin 3.91->3.89 t=3.8s
[DONE] evaluation__6288__deblur__confidence_boost__nes__l1 calls=1021 margin 3.91->4.88 t=2.8s
[DONE] evaluation__6288__deblur__boundary_probe__nes__l1 calls=1021 margin 3.91->1.85 t=2.8s
[DONE] evaluation__6288__deblur__counterfactual__nes__l1 calls=1021 margin 3.91->1.95 t=2.7s
[DONE] evaluation__7378__denoise__attack__nes__l0.5 calls=1021 margin 3.19->-3.23 t=2.8s
[DONE] evaluation__7378__denoise__restore__nes__l0.5 calls=1021 margin 3.19->2.69 t=3.1s
[DONE] evaluation__7378__denoise__random_walk__random_walk__l0.5 calls=1024 margin 3.19->2.69 t=4.3s
[DONE] evaluation__7378__denoise__confidence_boost__nes__l0.5 calls=1021 margin 3.19->5.62 t=3.1s
[DONE] evaluation__7378__denoise__boundary_probe__nes__l0.5 calls=1021 margin 3.19->0.01 t=3.1s
[DONE] evaluation__7378__denoise__counterfactual__nes__l0.5 calls=1021 margin 3.19->-2.22 t=3.0s
[DONE] evaluation__7378__deblur__attack__nes__l1 calls=1021 margin 5.71->4.47 t=3.1s
[DONE] evaluation__7378__deblur__restore__nes__l1 calls=1021 margin 5.71->5.80 t=2.9s
[DONE] evaluation__7378__deblur__random_walk__random_walk__l1 calls=1024 margin 5.71->6.03 t=4.4s
[DONE] evaluation__7378__deblur__confidence_boost__nes__l1 calls=1021 margin 5.71->6.38 t=2.9s
[DONE] evaluation__7378__deblur__boundary_probe__nes__l1 calls=1021 margin 5.71->3.92 t=2.9s
[DONE] evaluation__7378__deblur__counterfactual__nes__l1 calls=1021 margin 5.71->4.29 t=2.7s
[DONE] evaluation__12506__denoise__attack__nes__l0.5 calls=1021 margin 4.79->3.95 t=2.6s
[DONE] evaluation__12506__denoise__restore__nes__l0.5 calls=1021 margin 4.79->4.78 t=2.9s
[DONE] evaluation__12506__denoise__random_walk__random_walk__l0.5 calls=1024 margin 4.79->4.60 t=4.0s
[DONE] evaluation__12506__denoise__confidence_boost__nes__l0.5 calls=1021 margin 4.79->5.37 t=2.6s
[DONE] evaluation__12506__denoise__boundary_probe__nes__l0.5 calls=1021 margin 4.79->3.84 t=2.8s
[DONE] evaluation__12506__denoise__counterfactual__nes__l0.5 calls=1021 margin 4.79->3.85 t=3.0s
[DONE] evaluation__12506__deblur__attack__nes__l1 calls=1021 margin 5.59->5.38 t=3.1s
[DONE] evaluation__12506__deblur__restore__nes__l1 calls=1021 margin 5.59->5.57 t=3.1s
[DONE] evaluation__12506__deblur__random_walk__random_walk__l1 calls=1024 margin 5.59->5.54 t=4.1s
[DONE] evaluation__12506__deblur__confidence_boost__nes__l1 calls=1021 margin 5.59->5.86 t=2.8s
[DONE] evaluation__12506__deblur__boundary_probe__nes__l1 calls=1021 margin 5.59->4.86 t=3.0s
[DONE] evaluation__12506__deblur__counterfactual__nes__l1 calls=1021 margin 5.59->4.87 t=2.7s
[DONE] evaluation__1904__denoise__attack__nes__l0.5 calls=1021 margin 1.51->-2.44 t=2.7s
[DONE] evaluation__1904__denoise__restore__nes__l0.5 calls=1021 margin 1.51->1.30 t=2.9s
[DONE] evaluation__1904__denoise__random_walk__random_walk__l0.5 calls=1024 margin 1.51->1.51 t=4.5s
[DONE] evaluation__1904__denoise__confidence_boost__nes__l0.5 calls=1021 margin 1.51->5.40 t=2.8s
[DONE] evaluation__1904__denoise__boundary_probe__nes__l0.5 calls=1021 margin 1.51->0.00 t=2.7s
[DONE] evaluation__1904__denoise__counterfactual__nes__l0.5 calls=1021 margin 1.51->-2.61 t=2.9s
[DONE] evaluation__1904__deblur__attack__nes__l1 calls=1021 margin 4.98->1.37 t=3.0s
[DONE] evaluation__1904__deblur__restore__nes__l1 calls=1021 margin 4.98->4.84 t=2.7s
[DONE] evaluation__1904__deblur__random_walk__random_walk__l1 calls=1024 margin 4.98->4.09 t=4.1s
[DONE] evaluation__1904__deblur__confidence_boost__nes__l1 calls=1021 margin 4.98->6.21 t=3.2s
[DONE] evaluation__1904__deblur__boundary_probe__nes__l1 calls=1021 margin 4.98->1.40 t=3.1s
[DONE] evaluation__1904__deblur__counterfactual__nes__l1 calls=1021 margin 4.98->0.99 t=3.1s
[DONE] evaluation__5805__denoise__attack__nes__l0.5 calls=1021 margin 5.76->3.64 t=3.1s
[DONE] evaluation__5805__denoise__restore__nes__l0.5 calls=1021 margin 5.76->5.56 t=3.2s
[DONE] evaluation__5805__denoise__random_walk__random_walk__l0.5 calls=1024 margin 5.76->5.61 t=4.1s
[DONE] evaluation__5805__denoise__confidence_boost__nes__l0.5 calls=1021 margin 5.76->6.43 t=3.0s
[DONE] evaluation__5805__denoise__boundary_probe__nes__l0.5 calls=1021 margin 5.76->3.25 t=3.2s
[DONE] evaluation__5805__denoise__counterfactual__nes__l0.5 calls=1021 margin 5.76->3.51 t=3.0s
[DONE] evaluation__5805__deblur__attack__nes__l1 calls=1021 margin 5.98->5.54 t=3.1s
[DONE] evaluation__5805__deblur__restore__nes__l1 calls=1021 margin 5.98->6.05 t=2.9s
[DONE] evaluation__5805__deblur__random_walk__random_walk__l1 calls=1024 margin 5.98->6.17 t=3.8s
[DONE] evaluation__5805__deblur__confidence_boost__nes__l1 calls=1021 margin 5.98->6.53 t=3.3s
[DONE] evaluation__5805__deblur__boundary_probe__nes__l1 calls=1021 margin 5.98->5.19 t=2.8s
[DONE] evaluation__5805__deblur__counterfactual__nes__l1 calls=1021 margin 5.98->5.14 t=3.0s
[DONE] evaluation__4921__denoise__attack__nes__l0.5 calls=1021 margin 5.97->5.71 t=2.8s
[DONE] evaluation__4921__denoise__restore__nes__l0.5 calls=1021 margin 5.97->5.98 t=3.0s
[DONE] evaluation__4921__denoise__random_walk__random_walk__l0.5 calls=1024 margin 5.97->6.02 t=4.4s
[DONE] evaluation__4921__denoise__confidence_boost__nes__l0.5 calls=1021 margin 5.97->6.25 t=2.9s
[DONE] evaluation__4921__denoise__boundary_probe__nes__l0.5 calls=1021 margin 5.97->5.70 t=3.3s
[DONE] evaluation__4921__denoise__counterfactual__nes__l0.5 calls=1021 margin 5.97->5.70 t=3.2s
[DONE] evaluation__4921__deblur__attack__nes__l1 calls=1021 margin 5.98->5.77 t=2.9s
[DONE] evaluation__4921__deblur__restore__nes__l1 calls=1021 margin 5.98->5.98 t=2.7s
[DONE] evaluation__4921__deblur__random_walk__random_walk__l1 calls=1024 margin 5.98->5.88 t=4.0s
[DONE] evaluation__4921__deblur__confidence_boost__nes__l1 calls=1021 margin 5.98->6.07 t=3.0s
[DONE] evaluation__4921__deblur__boundary_probe__nes__l1 calls=1021 margin 5.98->5.65 t=2.7s
[DONE] evaluation__4921__deblur__counterfactual__nes__l1 calls=1021 margin 5.98->5.64 t=2.9s
[DONE] evaluation__4706__denoise__attack__nes__l0.5 calls=1021 margin 6.38->6.13 t=2.9s
[DONE] evaluation__4706__denoise__restore__nes__l0.5 calls=1021 margin 6.38->6.36 t=2.6s
[DONE] evaluation__4706__denoise__random_walk__random_walk__l0.5 calls=1024 margin 6.38->6.45 t=4.0s
[DONE] evaluation__4706__denoise__confidence_boost__nes__l0.5 calls=1021 margin 6.38->6.53 t=3.1s
[DONE] evaluation__4706__denoise__boundary_probe__nes__l0.5 calls=1021 margin 6.38->6.12 t=2.7s
[DONE] evaluation__4706__denoise__counterfactual__nes__l0.5 calls=1021 margin 6.38->6.08 t=3.3s
[DONE] evaluation__4706__deblur__attack__nes__l1 calls=1021 margin 6.06->5.88 t=2.8s
[DONE] evaluation__4706__deblur__restore__nes__l1 calls=1021 margin 6.06->6.06 t=3.0s
[DONE] evaluation__4706__deblur__random_walk__random_walk__l1 calls=1024 margin 6.06->6.14 t=4.6s
[DONE] evaluation__4706__deblur__confidence_boost__nes__l1 calls=1021 margin 6.06->6.26 t=2.6s
[DONE] evaluation__4706__deblur__boundary_probe__nes__l1 calls=1021 margin 6.06->5.87 t=3.0s
[DONE] evaluation__4706__deblur__counterfactual__nes__l1 calls=1021 margin 6.06->5.87 t=2.7s
[DONE] evaluation__10169__denoise__attack__nes__l0.5 calls=1021 margin 1.94->-2.87 t=2.9s
[DONE] evaluation__10169__denoise__restore__nes__l0.5 calls=1021 margin 1.94->1.92 t=3.0s
[DONE] evaluation__10169__denoise__random_walk__random_walk__l0.5 calls=1024 margin 1.94->2.09 t=4.1s
[DONE] evaluation__10169__denoise__confidence_boost__nes__l0.5 calls=1021 margin 1.94->5.17 t=3.1s
[DONE] evaluation__10169__denoise__boundary_probe__nes__l0.5 calls=1021 margin 1.94->0.01 t=3.1s
[DONE] evaluation__10169__denoise__counterfactual__nes__l0.5 calls=1021 margin 1.94->-2.33 t=3.0s
[DONE] evaluation__10169__deblur__attack__nes__l1 calls=1021 margin 1.45->-5.23 t=3.5s
[DONE] evaluation__10169__deblur__restore__nes__l1 calls=1021 margin 1.45->1.13 t=3.4s
[DONE] evaluation__10169__deblur__random_walk__random_walk__l1 calls=1024 margin 1.45->1.48 t=4.6s
[DONE] evaluation__10169__deblur__confidence_boost__nes__l1 calls=1021 margin 1.45->7.09 t=3.3s
[DONE] evaluation__10169__deblur__boundary_probe__nes__l1 calls=1021 margin 1.45->0.01 t=2.8s
[DONE] evaluation__10169__deblur__counterfactual__nes__l1 calls=1021 margin 1.45->-5.88 t=3.3s
[DONE] evaluation__315__denoise__attack__nes__l0.5 calls=1021 margin 5.30->2.75 t=3.4s
[DONE] evaluation__315__denoise__restore__nes__l0.5 calls=1021 margin 5.30->5.34 t=3.2s
[DONE] evaluation__315__denoise__random_walk__random_walk__l0.5 calls=1024 margin 5.30->5.51 t=4.2s
[DONE] evaluation__315__denoise__confidence_boost__nes__l0.5 calls=1021 margin 5.30->6.15 t=3.3s
[DONE] evaluation__315__denoise__boundary_probe__nes__l0.5 calls=1021 margin 5.30->3.10 t=2.9s
[DONE] evaluation__315__denoise__counterfactual__nes__l0.5 calls=1021 margin 5.30->2.92 t=3.1s
[DONE] evaluation__315__deblur__attack__nes__l1 calls=1021 margin 6.19->5.78 t=2.6s
[DONE] evaluation__315__deblur__restore__nes__l1 calls=1021 margin 6.19->6.17 t=3.0s
[DONE] evaluation__315__deblur__random_walk__random_walk__l1 calls=1024 margin 6.19->6.20 t=3.8s
[DONE] evaluation__315__deblur__confidence_boost__nes__l1 calls=1021 margin 6.19->6.28 t=2.8s
[DONE] evaluation__315__deblur__boundary_probe__nes__l1 calls=1021 margin 6.19->5.45 t=2.9s
[DONE] evaluation__315__deblur__counterfactual__nes__l1 calls=1021 margin 6.19->5.49 t=3.0s
[DONE] fit__9117__denoise__attack__nes__l0.5 calls=1021 margin 6.30->3.49 t=3.3s
[DONE] fit__9117__denoise__restore__nes__l0.5 calls=1021 margin 6.30->6.21 t=2.9s
[DONE] fit__9117__denoise__random_walk__random_walk__l0.5 calls=1024 margin 6.30->6.38 t=4.1s
[DONE] fit__9117__denoise__confidence_boost__nes__l0.5 calls=1021 margin 6.30->7.08 t=3.2s
[DONE] fit__9117__denoise__boundary_probe__nes__l0.5 calls=1021 margin 6.30->3.25 t=2.8s
[DONE] fit__9117__denoise__counterfactual__nes__l0.5 calls=1021 margin 6.30->3.28 t=3.2s
[DONE] fit__9117__deblur__attack__nes__l1 calls=1021 margin 4.65->0.22 t=2.9s
[DONE] fit__9117__deblur__restore__nes__l1 calls=1021 margin 4.65->4.67 t=2.4s
[DONE] fit__9117__deblur__random_walk__random_walk__l1 calls=1024 margin 4.65->4.99 t=4.4s
[DONE] fit__9117__deblur__confidence_boost__nes__l1 calls=1021 margin 4.65->6.59 t=2.8s
[DONE] fit__9117__deblur__boundary_probe__nes__l1 calls=1021 margin 4.65->0.23 t=3.2s
[DONE] fit__9117__deblur__counterfactual__nes__l1 calls=1021 margin 4.65->0.00 t=2.8s
[DONE] fit__9708__denoise__attack__nes__l0.5 calls=1021 margin 5.49->-4.62 t=2.8s
[DONE] fit__9708__denoise__restore__nes__l0.5 calls=1021 margin 5.49->6.10 t=2.8s
[DONE] fit__9708__denoise__random_walk__random_walk__l0.5 calls=1024 margin 5.49->5.54 t=4.1s
[DONE] fit__9708__denoise__confidence_boost__nes__l0.5 calls=1021 margin 5.49->5.79 t=2.9s
[DONE] fit__9708__denoise__boundary_probe__nes__l0.5 calls=1021 margin 5.49->0.04 t=3.0s
[DONE] fit__9708__denoise__counterfactual__nes__l0.5 calls=1021 margin 5.49->-4.86 t=2.8s
[DONE] fit__9708__deblur__attack__nes__l1 calls=1021 margin 5.79->-5.67 t=2.6s
[DONE] fit__9708__deblur__restore__nes__l1 calls=1021 margin 5.79->5.84 t=2.6s
[DONE] fit__9708__deblur__random_walk__random_walk__l1 calls=1024 margin 5.79->6.40 t=4.1s
[DONE] fit__9708__deblur__confidence_boost__nes__l1 calls=1021 margin 5.79->6.45 t=2.9s
[DONE] fit__9708__deblur__boundary_probe__nes__l1 calls=1021 margin 5.79->0.06 t=2.7s
[DONE] fit__9708__deblur__counterfactual__nes__l1 calls=1021 margin 5.79->-5.60 t=2.6s
[DONE] fit__11745__denoise__attack__nes__l0.5 calls=1021 margin 7.02->6.53 t=3.0s
[DONE] fit__11745__denoise__restore__nes__l0.5 calls=1021 margin 7.02->6.97 t=2.9s
[DONE] fit__11745__denoise__random_walk__random_walk__l0.5 calls=1024 margin 7.02->6.95 t=3.9s
[DONE] fit__11745__denoise__confidence_boost__nes__l0.5 calls=1021 margin 7.02->7.38 t=3.1s
[DONE] fit__11745__denoise__boundary_probe__nes__l0.5 calls=1021 margin 7.02->5.61 t=3.2s
[DONE] fit__11745__denoise__counterfactual__nes__l0.5 calls=1021 margin 7.02->5.27 t=3.1s
[DONE] fit__11745__deblur__attack__nes__l1 calls=1021 margin 6.68->6.30 t=3.1s
[DONE] fit__11745__deblur__restore__nes__l1 calls=1021 margin 6.68->6.71 t=3.0s
[DONE] fit__11745__deblur__random_walk__random_walk__l1 calls=1024 margin 6.68->6.75 t=4.1s
[DONE] fit__11745__deblur__confidence_boost__nes__l1 calls=1021 margin 6.68->7.12 t=2.8s
[DONE] fit__11745__deblur__boundary_probe__nes__l1 calls=1021 margin 6.68->5.83 t=3.0s
[DONE] fit__11745__deblur__counterfactual__nes__l1 calls=1021 margin 6.68->5.84 t=3.1s
[DONE] fit__9662__denoise__attack__nes__l0.5 calls=1021 margin 6.26->5.82 t=3.2s
[DONE] fit__9662__denoise__restore__nes__l0.5 calls=1021 margin 6.26->6.25 t=2.8s
[DONE] fit__9662__denoise__random_walk__random_walk__l0.5 calls=1024 margin 6.26->6.23 t=3.9s
[DONE] fit__9662__denoise__confidence_boost__nes__l0.5 calls=1021 margin 6.26->6.44 t=2.8s
[DONE] fit__9662__denoise__boundary_probe__nes__l0.5 calls=1021 margin 6.26->5.86 t=2.7s
[DONE] fit__9662__denoise__counterfactual__nes__l0.5 calls=1021 margin 6.26->5.85 t=3.0s
[DONE] fit__9662__deblur__attack__nes__l1 calls=1021 margin 6.36->6.23 t=2.7s
[DONE] fit__9662__deblur__restore__nes__l1 calls=1021 margin 6.36->6.36 t=2.7s
[DONE] fit__9662__deblur__random_walk__random_walk__l1 calls=1024 margin 6.36->6.41 t=4.0s
[DONE] fit__9662__deblur__confidence_boost__nes__l1 calls=1021 margin 6.36->6.55 t=2.9s
[DONE] fit__9662__deblur__boundary_probe__nes__l1 calls=1021 margin 6.36->6.09 t=3.2s
[DONE] fit__9662__deblur__counterfactual__nes__l1 calls=1021 margin 6.36->6.09 t=3.0s
[DONE] fit__7324__denoise__attack__nes__l0.5 calls=1021 margin 5.60->0.93 t=2.8s
[DONE] fit__7324__denoise__restore__nes__l0.5 calls=1021 margin 5.60->5.38 t=2.8s
[DONE] fit__7324__denoise__random_walk__random_walk__l0.5 calls=1024 margin 5.60->5.01 t=3.9s
[DONE] fit__7324__denoise__confidence_boost__nes__l0.5 calls=1021 margin 5.60->6.15 t=3.4s
[DONE] fit__7324__denoise__boundary_probe__nes__l0.5 calls=1021 margin 5.60->0.06 t=3.1s
[DONE] fit__7324__denoise__counterfactual__nes__l0.5 calls=1021 margin 5.60->0.04 t=3.0s
[DONE] fit__7324__deblur__attack__nes__l1 calls=1021 margin 6.32->5.92 t=3.1s
[DONE] fit__7324__deblur__restore__nes__l1 calls=1021 margin 6.32->6.31 t=3.3s
[DONE] fit__7324__deblur__random_walk__random_walk__l1 calls=1024 margin 6.32->6.04 t=3.8s
[DONE] fit__7324__deblur__confidence_boost__nes__l1 calls=1021 margin 6.32->6.48 t=3.2s
[DONE] fit__7324__deblur__boundary_probe__nes__l1 calls=1021 margin 6.32->5.59 t=3.1s
[DONE] fit__7324__deblur__counterfactual__nes__l1 calls=1021 margin 6.32->5.59 t=3.3s
[DONE] fit__7462__denoise__attack__nes__l0.5 calls=1021 margin 3.37->1.06 t=3.0s
[DONE] fit__7462__denoise__restore__nes__l0.5 calls=1021 margin 3.37->3.79 t=2.9s
[DONE] fit__7462__denoise__random_walk__random_walk__l0.5 calls=1024 margin 3.37->3.50 t=3.9s
[DONE] fit__7462__denoise__confidence_boost__nes__l0.5 calls=1021 margin 3.37->5.02 t=2.7s
[DONE] fit__7462__denoise__boundary_probe__nes__l0.5 calls=1021 margin 3.37->0.96 t=2.8s
[DONE] fit__7462__denoise__counterfactual__nes__l0.5 calls=1021 margin 3.37->1.21 t=3.0s
[DONE] fit__7462__deblur__attack__nes__l1 calls=1021 margin 5.86->5.05 t=2.9s
[DONE] fit__7462__deblur__restore__nes__l1 calls=1021 margin 5.86->5.78 t=2.7s
[DONE] fit__7462__deblur__random_walk__random_walk__l1 calls=1024 margin 5.86->5.39 t=4.1s
[DONE] fit__7462__deblur__confidence_boost__nes__l1 calls=1021 margin 5.86->6.13 t=2.8s
[DONE] fit__7462__deblur__boundary_probe__nes__l1 calls=1021 margin 5.86->4.99 t=2.6s
[DONE] fit__7462__deblur__counterfactual__nes__l1 calls=1021 margin 5.86->4.95 t=2.6s
[DONE] fit__10645__denoise__attack__nes__l0.5 calls=1021 margin 6.46->6.33 t=2.9s
[DONE] fit__10645__denoise__restore__nes__l0.5 calls=1021 margin 6.46->6.46 t=2.7s
[DONE] fit__10645__denoise__random_walk__random_walk__l0.5 calls=1024 margin 6.46->6.47 t=4.3s
[DONE] fit__10645__denoise__confidence_boost__nes__l0.5 calls=1021 margin 6.46->6.58 t=3.1s
[DONE] fit__10645__denoise__boundary_probe__nes__l0.5 calls=1021 margin 6.46->6.30 t=2.9s
[DONE] fit__10645__denoise__counterfactual__nes__l0.5 calls=1021 margin 6.46->6.25 t=2.8s
[DONE] fit__10645__deblur__attack__nes__l1 calls=1021 margin 6.41->6.34 t=2.8s
[DONE] fit__10645__deblur__restore__nes__l1 calls=1021 margin 6.41->6.52 t=3.0s
[DONE] fit__10645__deblur__random_walk__random_walk__l1 calls=1024 margin 6.41->6.34 t=4.3s
[DONE] fit__10645__deblur__confidence_boost__nes__l1 calls=1021 margin 6.41->5.92 t=3.2s
[DONE] fit__10645__deblur__boundary_probe__nes__l1 calls=1021 margin 6.41->4.25 t=2.9s
[DONE] fit__10645__deblur__counterfactual__nes__l1 calls=1021 margin 6.41->4.22 t=2.9s
[DONE] fit__12459__denoise__attack__nes__l0.5 calls=1021 margin 6.11->4.79 t=3.1s
[DONE] fit__12459__denoise__restore__nes__l0.5 calls=1021 margin 6.11->6.17 t=3.2s
[DONE] fit__12459__denoise__random_walk__random_walk__l0.5 calls=1024 margin 6.11->5.88 t=4.5s
[DONE] fit__12459__denoise__confidence_boost__nes__l0.5 calls=1021 margin 6.11->6.50 t=2.9s
[DONE] fit__12459__denoise__boundary_probe__nes__l0.5 calls=1021 margin 6.11->4.57 t=2.9s
[DONE] fit__12459__denoise__counterfactual__nes__l0.5 calls=1021 margin 6.11->4.73 t=3.2s
[DONE] fit__12459__deblur__attack__nes__l1 calls=1021 margin 5.89->4.35 t=3.3s
[DONE] fit__12459__deblur__restore__nes__l1 calls=1021 margin 5.89->6.02 t=3.5s
[DONE] fit__12459__deblur__random_walk__random_walk__l1 calls=1024 margin 5.89->6.22 t=4.0s
[DONE] fit__12459__deblur__confidence_boost__nes__l1 calls=1021 margin 5.89->6.46 t=3.1s
[DONE] fit__12459__deblur__boundary_probe__nes__l1 calls=1021 margin 5.89->3.91 t=3.0s
[DONE] fit__12459__deblur__counterfactual__nes__l1 calls=1021 margin 5.89->3.73 t=3.2s
[DONE] fit__12369__denoise__attack__nes__l0.5 calls=1021 margin 0.37->-6.53 t=3.3s
[DONE] fit__12369__denoise__restore__nes__l0.5 calls=1021 margin 0.37->0.61 t=3.6s
[DONE] fit__12369__denoise__random_walk__random_walk__l0.5 calls=1024 margin 0.37->-1.00 t=4.3s
[DONE] fit__12369__denoise__confidence_boost__nes__l0.5 calls=1021 margin 0.37->5.48 t=3.1s
[DONE] fit__12369__denoise__boundary_probe__nes__l0.5 calls=1021 margin 0.37->0.01 t=3.4s
[DONE] fit__12369__denoise__counterfactual__nes__l0.5 calls=1021 margin 0.37->-6.24 t=3.1s
[DONE] fit__12369__deblur__attack__nes__l1 calls=1021 margin 2.60->-5.68 t=2.9s
[DONE] fit__12369__deblur__restore__nes__l1 calls=1021 margin 2.60->3.83 t=3.0s
[DONE] fit__12369__deblur__random_walk__random_walk__l1 calls=1024 margin 2.60->1.64 t=3.9s
[DONE] fit__12369__deblur__confidence_boost__nes__l1 calls=1021 margin 2.60->5.45 t=3.1s
[DONE] fit__12369__deblur__boundary_probe__nes__l1 calls=1021 margin 2.60->0.00 t=3.2s
[DONE] fit__12369__deblur__counterfactual__nes__l1 calls=1021 margin 2.60->-5.72 t=3.2s
[DONE] fit__7073__denoise__attack__nes__l0.5 calls=1021 margin 0.09->-3.73 t=2.9s
[DONE] fit__7073__denoise__restore__nes__l0.5 calls=1021 margin 0.09->0.31 t=3.0s
[DONE] fit__7073__denoise__random_walk__random_walk__l0.5 calls=1024 margin 0.09->-0.77 t=3.9s
[DONE] fit__7073__denoise__confidence_boost__nes__l0.5 calls=1021 margin 0.09->2.07 t=3.1s
[DONE] fit__7073__denoise__boundary_probe__nes__l0.5 calls=1021 margin 0.09->0.00 t=2.9s
[DONE] fit__7073__denoise__counterfactual__nes__l0.5 calls=1021 margin 0.09->-4.59 t=3.1s
[DONE] fit__7073__deblur__attack__nes__l1 calls=1021 margin 2.71->-0.47 t=2.7s
[DONE] fit__7073__deblur__restore__nes__l1 calls=1021 margin 2.71->2.62 t=2.6s
[DONE] fit__7073__deblur__random_walk__random_walk__l1 calls=1024 margin 2.71->3.12 t=4.3s
[DONE] fit__7073__deblur__confidence_boost__nes__l1 calls=1021 margin 2.71->4.32 t=3.5s
[DONE] fit__7073__deblur__boundary_probe__nes__l1 calls=1021 margin 2.71->0.04 t=3.0s
[DONE] fit__7073__deblur__counterfactual__nes__l1 calls=1021 margin 2.71->0.18 t=3.0s
[DONE] fit__6786__denoise__attack__nes__l0.5 calls=1021 margin 5.67->2.01 t=3.1s
[DONE] fit__6786__denoise__restore__nes__l0.5 calls=1021 margin 5.67->5.70 t=3.1s
[DONE] fit__6786__denoise__random_walk__random_walk__l0.5 calls=1024 margin 5.67->5.87 t=4.4s
[DONE] fit__6786__denoise__confidence_boost__nes__l0.5 calls=1021 margin 5.67->6.01 t=3.3s
[DONE] fit__6786__denoise__boundary_probe__nes__l0.5 calls=1021 margin 5.67->4.78 t=3.6s
[DONE] fit__6786__denoise__counterfactual__nes__l0.5 calls=1021 margin 5.67->4.07 t=3.3s
[DONE] fit__6786__deblur__attack__nes__l1 calls=1021 margin 6.17->5.82 t=2.9s
[DONE] fit__6786__deblur__restore__nes__l1 calls=1021 margin 6.17->6.16 t=3.0s
[DONE] fit__6786__deblur__random_walk__random_walk__l1 calls=1024 margin 6.17->6.37 t=4.2s
[DONE] fit__6786__deblur__confidence_boost__nes__l1 calls=1021 margin 6.17->6.45 t=2.7s
[DONE] fit__6786__deblur__boundary_probe__nes__l1 calls=1021 margin 6.17->5.74 t=2.8s
[DONE] fit__6786__deblur__counterfactual__nes__l1 calls=1021 margin 6.17->5.76 t=3.1s
[DONE] fit__9428__denoise__attack__nes__l0.5 calls=1021 margin 6.58->6.44 t=3.3s
[DONE] fit__9428__denoise__restore__nes__l0.5 calls=1021 margin 6.58->6.59 t=3.3s
[DONE] fit__9428__denoise__random_walk__random_walk__l0.5 calls=1024 margin 6.58->6.58 t=4.0s
[DONE] fit__9428__denoise__confidence_boost__nes__l0.5 calls=1021 margin 6.58->6.70 t=2.9s
[DONE] fit__9428__denoise__boundary_probe__nes__l0.5 calls=1021 margin 6.58->6.42 t=3.0s
[DONE] fit__9428__denoise__counterfactual__nes__l0.5 calls=1021 margin 6.58->6.45 t=2.9s
[DONE] fit__9428__deblur__attack__nes__l1 calls=1021 margin 6.59->6.47 t=2.7s
[DONE] fit__9428__deblur__restore__nes__l1 calls=1021 margin 6.59->6.60 t=2.9s
[DONE] fit__9428__deblur__random_walk__random_walk__l1 calls=1024 margin 6.59->6.58 t=4.0s
[DONE] fit__9428__deblur__confidence_boost__nes__l1 calls=1021 margin 6.59->6.70 t=2.9s
[DONE] fit__9428__deblur__boundary_probe__nes__l1 calls=1021 margin 6.59->6.40 t=3.1s
[DONE] fit__9428__deblur__counterfactual__nes__l1 calls=1021 margin 6.59->6.41 t=2.8s
[DONE] fit__9164__denoise__attack__nes__l0.5 calls=1021 margin 4.33->0.79 t=2.6s
[DONE] fit__9164__denoise__restore__nes__l0.5 calls=1021 margin 4.33->4.30 t=2.9s
[DONE] fit__9164__denoise__random_walk__random_walk__l0.5 calls=1024 margin 4.33->4.03 t=4.4s
[DONE] fit__9164__denoise__confidence_boost__nes__l0.5 calls=1021 margin 4.33->5.88 t=3.2s
[DONE] fit__9164__denoise__boundary_probe__nes__l0.5 calls=1021 margin 4.33->0.83 t=2.8s
[DONE] fit__9164__denoise__counterfactual__nes__l0.5 calls=1021 margin 4.33->0.53 t=3.0s
[DONE] fit__9164__deblur__attack__nes__l1 calls=1021 margin 4.53->1.69 t=3.1s
[DONE] fit__9164__deblur__restore__nes__l1 calls=1021 margin 4.53->4.81 t=3.0s
[DONE] fit__9164__deblur__random_walk__random_walk__l1 calls=1024 margin 4.53->4.42 t=3.8s
[DONE] fit__9164__deblur__confidence_boost__nes__l1 calls=1021 margin 4.53->5.95 t=2.7s
[DONE] fit__9164__deblur__boundary_probe__nes__l1 calls=1021 margin 4.53->0.98 t=2.9s
[DONE] fit__9164__deblur__counterfactual__nes__l1 calls=1021 margin 4.53->1.16 t=3.1s
[DONE] fit__10835__denoise__attack__nes__l0.5 calls=1021 margin 1.31->-2.67 t=2.7s
[DONE] fit__10835__denoise__restore__nes__l0.5 calls=1021 margin 1.31->1.16 t=2.7s
[DONE] fit__10835__denoise__random_walk__random_walk__l0.5 calls=1024 margin 1.31->1.42 t=3.9s
[DONE] fit__10835__denoise__confidence_boost__nes__l0.5 calls=1021 margin 1.31->4.85 t=2.9s
[DONE] fit__10835__denoise__boundary_probe__nes__l0.5 calls=1021 margin 1.31->0.01 t=2.7s
[DONE] fit__10835__denoise__counterfactual__nes__l0.5 calls=1021 margin 1.31->-2.84 t=2.6s
[DONE] fit__10835__deblur__attack__nes__l1 calls=1021 margin 1.04->-1.55 t=2.7s
[DONE] fit__10835__deblur__restore__nes__l1 calls=1021 margin 1.04->1.14 t=2.8s
[DONE] fit__10835__deblur__random_walk__random_walk__l1 calls=1024 margin 1.04->3.01 t=3.5s
[DONE] fit__10835__deblur__confidence_boost__nes__l1 calls=1021 margin 1.04->4.85 t=2.4s
[DONE] fit__10835__deblur__boundary_probe__nes__l1 calls=1021 margin 1.04->0.00 t=2.6s
[DONE] fit__10835__deblur__counterfactual__nes__l1 calls=1021 margin 1.04->-2.41 t=2.5s
