[DONE] calibration__6316__denoise__attack__nes__l0.5 calls=1021 margin 6.00->5.93 t=3.3s
[DONE] calibration__6316__denoise__restore__nes__l0.5 calls=1021 margin 6.00->6.00 t=3.1s
[DONE] calibration__6316__denoise__random_walk__random_walk__l0.5 calls=1024 margin 6.00->6.03 t=4.5s
[DONE] calibration__6316__denoise__confidence_boost__nes__l0.5 calls=1021 margin 6.00->6.07 t=2.9s
[DONE] calibration__6316__denoise__boundary_probe__nes__l0.5 calls=1021 margin 6.00->5.84 t=3.0s
[DONE] calibration__6316__denoise__counterfactual__nes__l0.5 calls=1021 margin 6.00->5.85 t=3.1s
[DONE] calibration__6316__deblur__attack__nes__l1 calls=1021 margin 6.07->5.96 t=2.7s
[DONE] calibration__6316__deblur__restore__nes__l1 calls=1021 margin 6.07->6.05 t=2.8s
[DONE] calibration__6316__deblur__random_walk__random_walk__l1 calls=1024 margin 6.07->6.08 t=4.5s
[DONE] calibration__6316__deblur__confidence_boost__nes__l1 calls=1021 margin 6.07->6.23 t=3.1s
[DONE] calibration__6316__deblur__boundary_probe__nes__l1 calls=1021 margin 6.07->5.87 t=3.1s
[DONE] calibration__6316__deblur__counterfactual__nes__l1 calls=1021 margin 6.07->5.91 t=2.9s
[DONE] calibration__6777__denoise__attack__nes__l0.5 calls=1021 margin 6.09->5.99 t=2.9s
[DONE] calibration__6777__denoise__restore__nes__l0.5 calls=1021 margin 6.09->6.09 t=3.0s
[DONE] calibration__6777__denoise__random_walk__random_walk__l0.5 calls=1024 margin 6.09->6.10 t=4.5s
[DONE] calibration__6777__denoise__confidence_boost__nes__l0.5 calls=1021 margin 6.09->6.19 t=2.9s
[DONE] calibration__6777__denoise__boundary_probe__nes__l0.5 calls=1021 margin 6.09->5.91 t=2.9s
[DONE] calibration__6777__denoise__counterfactual__nes__l0.5 calls=1021 margin 6.09->5.90 t=2.7s
[DONE] calibration__6777__deblur__attack__nes__l1 calls=1021 margin 6.05->5.95 t=2.9s
[DONE] calibration__6777__deblur__restore__nes__l1 calls=1021 margin 6.05->6.04 t=2.8s
[DONE] calibration__6777__deblur__random_walk__random_walk__l1 calls=1024 margin 6.05->5.97 t=4.2s
[DONE] calibration__6777__deblur__confidence_boost__nes__l1 calls=1021 margin 6.05->6.16 t=2.9s
[DONE] calibration__6777__deblur__boundary_probe__nes__l1 calls=1021 margin 6.05->5.89 t=2.9s
[DONE] calibration__6777__deblur__counterfactual__nes__l1 calls=1021 margin 6.05->5.90 t=2.9s
[DONE] calibration__7813__denoise__attack__nes__l0.5 calls=1021 margin 5.41->0.87 t=2.9s
[DONE] calibration__7813__denoise__restore__nes__l0.5 calls=1021 margin 5.41->5.44 t=3.3s
[DONE] calibration__7813__denoise__random_walk__random_walk__l0.5 calls=1024 margin 5.41->4.85 t=4.5s
[DONE] calibration__7813__denoise__confidence_boost__nes__l0.5 calls=1021 margin 5.41->6.03 t=3.2s
[DONE] calibration__7813__denoise__boundary_probe__nes__l0.5 calls=1021 margin 5.41->1.27 t=3.2s
[DONE] calibration__7813__denoise__counterfactual__nes__l0.5 calls=1021 margin 5.41->1.78 t=2.9s
[DONE] calibration__7813__deblur__attack__nes__l1 calls=1021 margin 6.39->5.94 t=2.9s
[DONE] calibration__7813__deblur__restore__nes__l1 calls=1021 margin 6.39->6.39 t=3.2s
[DONE] calibration__7813__deblur__random_walk__random_walk__l1 calls=1024 margin 6.39->6.28 t=4.5s
[DONE] calibration__7813__deblur__confidence_boost__nes__l1 calls=1021 margin 6.39->5.74 t=3.1s
[DONE] calibration__7813__deblur__boundary_probe__nes__l1 calls=1021 margin 6.39->5.63 t=3.0s
[DONE] calibration__7813__deblur__counterfactual__nes__l1 calls=1021 margin 6.39->6.05 t=3.3s
[DONE] calibration__8988__denoise__attack__nes__l0.5 calls=1021 margin 5.19->4.72 t=3.2s
[DONE] calibration__8988__denoise__restore__nes__l0.5 calls=1021 margin 5.19->5.23 t=3.1s
[DONE] calibration__8988__denoise__random_walk__random_walk__l0.5 calls=1024 margin 5.19->5.25 t=4.1s
[DONE] calibration__8988__denoise__confidence_boost__nes__l0.5 calls=1021 margin 5.19->5.67 t=2.8s
[DONE] calibration__8988__denoise__boundary_probe__nes__l0.5 calls=1021 margin 5.19->0.08 t=3.1s
[DONE] calibration__8988__denoise__counterfactual__nes__l0.5 calls=1021 margin 5.19->1.08 t=2.9s
[DONE] calibration__8988__deblur__attack__nes__l1 calls=1021 margin 6.23->6.03 t=2.7s
[DONE] calibration__8988__deblur__restore__nes__l1 calls=1021 margin 6.23->6.28 t=2.8s
[DONE] calibration__8988__deblur__random_walk__random_walk__l1 calls=1024 margin 6.23->6.23 t=4.0s
[DONE] calibration__8988__deblur__confidence_boost__nes__l1 calls=1021 margin 6.23->6.49 t=2.6s
[DONE] calibration__8988__deblur__boundary_probe__nes__l1 calls=1021 margin 6.23->5.91 t=2.8s
[DONE] calibration__8988__deblur__counterfactual__nes__l1 calls=1021 margin 6.23->5.92 t=3.0s
[DONE] calibration__10005__denoise__attack__nes__l0.5 calls=1021 margin 6.44->6.38 t=3.2s
[DONE] calibration__10005__denoise__restore__nes__l0.5 calls=1021 margin 6.44->6.45 t=3.1s
[DONE] calibration__10005__denoise__random_walk__random_walk__l0.5 calls=1024 margin 6.44->6.44 t=4.1s
[DONE] calibration__10005__denoise__confidence_boost__nes__l0.5 calls=1021 margin 6.44->6.47 t=2.8s
[DONE] calibration__10005__denoise__boundary_probe__nes__l0.5 calls=1021 margin 6.44->6.30 t=2.6s
[DONE] calibration__10005__denoise__counterfactual__nes__l0.5 calls=1021 margin 6.44->6.31 t=2.9s
[DONE] calibration__10005__deblur__attack__nes__l1 calls=1021 margin 6.18->5.83 t=3.3s
[DONE] calibration__10005__deblur__restore__nes__l1 calls=1021 margin 6.18->6.24 t=3.3s
[DONE] calibration__10005__deblur__random_walk__random_walk__l1 calls=1024 margin 6.18->6.33 t=4.4s
[DONE] calibration__10005__deblur__confidence_boost__nes__l1 calls=1021 margin 6.18->6.45 t=3.3s
[DONE] calibration__10005__deblur__boundary_probe__nes__l1 calls=1021 margin 6.18->5.79 t=3.3s
[DONE] calibration__10005__deblur__counterfactual__nes__l1 calls=1021 margin 6.18->5.84 t=3.3s
[DONE] calibration__9020__denoise__attack__nes__l0.5 calls=1021 margin 6.17->5.89 t=2.9s
[DONE] calibration__9020__denoise__restore__nes__l0.5 calls=1021 margin 6.17->6.16 t=2.9s
[DONE] calibration__9020__denoise__random_walk__random_walk__l0.5 calls=1024 margin 6.17->6.11 t=4.0s
[DONE] calibration__9020__denoise__confidence_boost__nes__l0.5 calls=1021 margin 6.17->6.44 t=2.4s
[DONE] calibration__9020__denoise__boundary_probe__nes__l0.5 calls=1021 margin 6.17->5.88 t=2.6s
[DONE] calibration__9020__denoise__counterfactual__nes__l0.5 calls=1021 margin 6.17->5.88 t=3.0s
[DONE] calibration__9020__deblur__attack__nes__l1 calls=1021 margin 6.25->6.15 t=2.7s
[DONE] calibration__9020__deblur__restore__nes__l1 calls=1021 margin 6.25->6.24 t=2.8s
[DONE] calibration__9020__deblur__random_walk__random_walk__l1 calls=1024 margin 6.25->6.27 t=4.5s
[DONE] calibration__9020__deblur__confidence_boost__nes__l1 calls=1021 margin 6.25->6.41 t=2.6s
[DONE] calibration__9020__deblur__boundary_probe__nes__l1 calls=1021 margin 6.25->6.07 t=2.6s
[DONE] calibration__9020__deblur__counterfactual__nes__l1 calls=1021 margin 6.25->6.07 t=2.8s
[DONE] calibration__9548__denoise__attack__nes__l0.5 calls=1021 margin 6.03->5.54 t=3.1s
[DONE] calibration__9548__denoise__restore__nes__l0.5 calls=1021 margin 6.03->6.02 t=3.1s
[DONE] calibration__9548__denoise__random_walk__random_walk__l0.5 calls=1024 margin 6.03->6.07 t=4.4s
[DONE] calibration__9548__denoise__confidence_boost__nes__l0.5 calls=1021 margin 6.03->6.55 t=3.3s
[DONE] calibration__9548__denoise__boundary_probe__nes__l0.5 calls=1021 margin 6.03->5.40 t=3.4s
[DONE] calibration__9548__denoise__counterfactual__nes__l0.5 calls=1021 margin 6.03->5.32 t=3.2s
[DONE] calibration__9548__deblur__attack__nes__l1 calls=1021 margin 5.78->4.11 t=3.3s
[DONE] calibration__9548__deblur__restore__nes__l1 calls=1021 margin 5.78->5.90 t=3.1s
[DONE] calibration__9548__deblur__random_walk__random_walk__l1 calls=1024 margin 5.78->6.14 t=4.3s
[DONE] calibration__9548__deblur__confidence_boost__nes__l1 calls=1021 margin 5.78->6.51 t=2.9s
[DONE] calibration__9548__deblur__boundary_probe__nes__l1 calls=1021 margin 5.78->3.79 t=2.9s
[DONE] calibration__9548__deblur__counterfactual__nes__l1 calls=1021 margin 5.78->4.12 t=3.1s
[DONE] calibration__11971__denoise__attack__nes__l0.5 calls=1021 margin 6.46->3.60 t=2.9s
[DONE] calibration__11971__denoise__restore__nes__l0.5 calls=1021 margin 6.46->6.30 t=3.1s
[DONE] calibration__11971__denoise__random_walk__random_walk__l0.5 calls=1024 margin 6.46->6.49 t=4.4s
[DONE] calibration__11971__denoise__confidence_boost__nes__l0.5 calls=1021 margin 6.46->7.04 t=2.9s
[DONE] calibration__11971__denoise__boundary_probe__nes__l0.5 calls=1021 margin 6.46->2.47 t=3.0s
[DONE] calibration__11971__denoise__counterfactual__nes__l0.5 calls=1021 margin 6.46->3.74 t=3.2s
[DONE] calibration__11971__deblur__attack__nes__l1 calls=1021 margin 5.00->1.36 t=3.5s
[DONE] calibration__11971__deblur__restore__nes__l1 calls=1021 margin 5.00->5.38 t=3.0s
[DONE] calibration__11971__deblur__random_walk__random_walk__l1 calls=1024 margin 5.00->5.58 t=4.4s
[DONE] calibration__11971__deblur__confidence_boost__nes__l1 calls=1021 margin 5.00->6.44 t=3.3s
[DONE] calibration__11971__deblur__boundary_probe__nes__l1 calls=1021 margin 5.00->1.37 t=3.5s
[DONE] calibration__11971__deblur__counterfactual__nes__l1 calls=1021 margin 5.00->0.64 t=3.3s
[DONE] calibration__9856__denoise__attack__nes__l0.5 calls=1021 margin 6.36->6.19 t=2.8s
[DONE] calibration__9856__denoise__restore__nes__l0.5 calls=1021 margin 6.36->6.35 t=3.2s
[DONE] calibration__9856__denoise__random_walk__random_walk__l0.5 calls=1024 margin 6.36->6.30 t=4.3s
[DONE] calibration__9856__denoise__confidence_boost__nes__l0.5 calls=1021 margin 6.36->6.54 t=2.6s
[DONE] calibration__9856__denoise__boundary_probe__nes__l0.5 calls=1021 margin 6.36->6.10 t=2.8s
[DONE] calibration__9856__denoise__counterfactual__nes__l0.5 calls=1021 margin 6.36->6.07 t=3.1s
[DONE] calibration__9856__deblur__attack__nes__l1 calls=1021 margin 6.29->6.19 t=2.9s
[DONE] calibration__9856__deblur__restore__nes__l1 calls=1021 margin 6.29->6.30 t=2.9s
[DONE] calibration__9856__deblur__random_walk__random_walk__l1 calls=1024 margin 6.29->6.25 t=4.3s
[DONE] calibration__9856__deblur__confidence_boost__nes__l1 calls=1021 margin 6.29->6.46 t=2.9s
[DONE] calibration__9856__deblur__boundary_probe__nes__l1 calls=1021 margin 6.29->5.90 t=2.8s
[DONE] calibration__9856__deblur__counterfactual__nes__l1 calls=1021 margin 6.29->5.90 t=3.0s
[DONE] calibration__6932__denoise__attack__nes__l0.5 calls=1021 margin 4.72->3.58 t=2.9s
[DONE] calibration__6932__denoise__restore__nes__l0.5 calls=1021 margin 4.72->4.87 t=2.5s
[DONE] calibration__6932__denoise__random_walk__random_walk__l0.5 calls=1024 margin 4.72->4.95 t=4.2s
[DONE] calibration__6932__denoise__confidence_boost__nes__l0.5 calls=1021 margin 4.72->5.39 t=2.9s
[DONE] calibration__6932__denoise__boundary_probe__nes__l0.5 calls=1021 margin 4.72->3.40 t=2.7s
[DONE] calibration__6932__denoise__counterfactual__nes__l0.5 calls=1021 margin 4.72->3.43 t=2.9s
[DONE] calibration__6932__deblur__attack__nes__l1 calls=1021 margin 5.64->5.31 t=2.9s
[DONE] calibration__6932__deblur__restore__nes__l1 calls=1021 margin 5.64->5.62 t=3.0s
[DONE] calibration__6932__deblur__random_walk__random_walk__l1 calls=1024 margin 5.64->5.68 t=4.1s
[DONE] calibration__6932__deblur__confidence_boost__nes__l1 calls=1021 margin 5.64->5.93 t=2.8s
[DONE] calibration__6932__deblur__boundary_probe__nes__l1 calls=1021 margin 5.64->5.22 t=2.8s
[DONE] calibration__6932__deblur__counterfactual__nes__l1 calls=1021 margin 5.64->5.31 t=2.7s
[DONE] calibration__5527__denoise__attack__nes__l0.5 calls=1021 margin 3.03->-0.18 t=3.2s
[DONE] calibration__5527__denoise__restore__nes__l0.5 calls=1021 margin 3.03->2.84 t=2.9s
[DONE] calibration__5527__denoise__random_walk__random_walk__l0.5 calls=1024 margin 3.03->2.72 t=4.3s
[DONE] calibration__5527__denoise__confidence_boost__nes__l0.5 calls=1021 margin 3.03->5.15 t=3.1s
[DONE] calibration__5527__denoise__boundary_probe__nes__l0.5 calls=1021 margin 3.03->0.01 t=2.9s
[DONE] calibration__5527__denoise__counterfactual__nes__l0.5 calls=1021 margin 3.03->-0.60 t=3.1s
[DONE] calibration__5527__deblur__attack__nes__l1 calls=1021 margin 5.39->4.43 t=3.0s
[DONE] calibration__5527__deblur__restore__nes__l1 calls=1021 margin 5.39->5.46 t=2.9s
[DONE] calibration__5527__deblur__random_walk__random_walk__l1 calls=1024 margin 5.39->5.42 t=4.2s
[DONE] calibration__5527__deblur__confidence_boost__nes__l1 calls=1021 margin 5.39->6.17 t=3.1s
[DONE] calibration__5527__deblur__boundary_probe__nes__l1 calls=1021 margin 5.39->4.32 t=3.0s
[DONE] calibration__5527__deblur__counterfactual__nes__l1 calls=1021 margin 5.39->4.24 t=3.1s
[DONE] calibration__5108__denoise__attack__nes__l0.5 calls=1021 margin 0.79->-2.87 t=3.0s
[DONE] calibration__5108__denoise__restore__nes__l0.5 calls=1021 margin 0.79->1.28 t=2.8s
[DONE] calibration__5108__denoise__random_walk__random_walk__l0.5 calls=1024 margin 0.79->1.45 t=4.0s
[DONE] calibration__5108__denoise__confidence_boost__nes__l0.5 calls=1021 margin 0.79->5.50 t=2.7s
[DONE] calibration__5108__denoise__boundary_probe__nes__l0.5 calls=1021 margin 0.79->0.02 t=2.9s
[DONE] calibration__5108__denoise__counterfactual__nes__l0.5 calls=1021 margin 0.79->-3.04 t=2.9s
[DONE] calibration__5108__deblur__attack__nes__l1 calls=1021 margin 2.45->-3.44 t=2.9s
[DONE] calibration__5108__deblur__restore__nes__l1 calls=1021 margin 2.45->2.17 t=2.8s
[DONE] calibration__5108__deblur__random_walk__random_walk__l1 calls=1024 margin 2.45->3.66 t=4.0s
[DONE] calibration__5108__deblur__confidence_boost__nes__l1 calls=1021 margin 2.45->6.19 t=2.6s
[DONE] calibration__5108__deblur__boundary_probe__nes__l1 calls=1021 margin 2.45->0.01 t=2.8s
[DONE] calibration__5108__deblur__counterfactual__nes__l1 calls=1021 margin 2.45->-3.13 t=2.7s
[DONE] calibration__11981__denoise__attack__nes__l0.5 calls=1021 margin 5.86->5.10 t=2.8s
[DONE] calibration__11981__denoise__restore__nes__l0.5 calls=1021 margin 5.86->5.87 t=2.8s
[DONE] calibration__11981__denoise__random_walk__random_walk__l0.5 calls=1024 margin 5.86->5.80 t=4.4s
[DONE] calibration__11981__denoise__confidence_boost__nes__l0.5 calls=1021 margin 5.86->6.22 t=2.8s
[DONE] calibration__11981__denoise__boundary_probe__nes__l0.5 calls=1021 margin 5.86->4.70 t=2.7s
[DONE] calibration__11981__denoise__counterfactual__nes__l0.5 calls=1021 margin 5.86->4.86 t=2.7s
[DONE] calibration__11981__deblur__attack__nes__l1 calls=1021 margin 6.31->6.16 t=2.7s
[DONE] calibration__11981__deblur__restore__nes__l1 calls=1021 margin 6.31->6.30 t=2.8s
[DONE] calibration__11981__deblur__random_walk__random_walk__l1 calls=1024 margin 6.31->6.37 t=3.8s
[DONE] calibration__11981__deblur__confidence_boost__nes__l1 calls=1021 margin 6.31->6.42 t=2.5s
[DONE] calibration__11981__deblur__boundary_probe__nes__l1 calls=1021 margin 6.31->6.08 t=3.0s
[DONE] calibration__11981__deblur__counterfactual__nes__l1 calls=1021 margin 6.31->6.09 t=2.6s
[DONE] calibration__8711__denoise__attack__nes__l0.5 calls=1021 margin 3.69->-1.35 t=2.7s
[DONE] calibration__8711__denoise__restore__nes__l0.5 calls=1021 margin 3.69->4.06 t=3.0s
[DONE] calibration__8711__denoise__random_walk__random_walk__l0.5 calls=1024 margin 3.69->3.45 t=4.0s
[DONE] calibration__8711__denoise__confidence_boost__nes__l0.5 calls=1021 margin 3.69->5.32 t=2.9s
[DONE] calibration__8711__denoise__boundary_probe__nes__l0.5 calls=1021 margin 3.69->0.04 t=3.0s
[DONE] calibration__8711__denoise__counterfactual__nes__l0.5 calls=1021 margin 3.69->-1.91 t=3.1s
[DONE] calibration__8711__deblur__attack__nes__l1 calls=1021 margin 5.61->1.86 t=3.2s
[DONE] calibration__8711__deblur__restore__nes__l1 calls=1021 margin 5.61->5.48 t=3.1s
[DONE] calibration__8711__deblur__random_walk__random_walk__l1 calls=1024 margin 5.61->5.73 t=4.1s
[DONE] calibration__8711__deblur__confidence_boost__nes__l1 calls=1021 margin 5.61->6.32 t=3.2s
[DONE] calibration__8711__deblur__boundary_probe__nes__l1 calls=1021 margin 5.61->1.61 t=3.0s
[DONE] calibration__8711__deblur__counterfactual__nes__l1 calls=1021 margin 5.61->1.51 t=2.8s
[DONE] evaluation__3474__denoise__attack__nes__l0.5 calls=1021 margin 7.30->6.88 t=2.9s
[DONE] evaluation__3474__denoise__restore__nes__l0.5 calls=1021 margin 7.30->7.27 t=3.0s
[DONE] evaluation__3474__denoise__random_walk__random_walk__l0.5 calls=1024 margin 7.30->7.36 t=4.1s
[DONE] evaluation__3474__denoise__confidence_boost__nes__l0.5 calls=1021 margin 7.30->7.60 t=3.2s
[DONE] evaluation__3474__denoise__boundary_probe__nes__l0.5 calls=1021 margin 7.30->6.89 t=2.8s
[DONE] evaluation__3474__denoise__counterfactual__nes__l0.5 calls=1021 margin 7.30->6.85 t=2.7s
[DONE] evaluation__3474__deblur__attack__nes__l1 calls=1021 margin 6.91->6.37 t=2.7s
[DONE] evaluation__3474__deblur__restore__nes__l1 calls=1021 margin 6.91->7.02 t=2.7s
[DONE] evaluation__3474__deblur__random_walk__random_walk__l1 calls=1024 margin 6.91->6.95 t=4.2s
[DONE] evaluation__3474__deblur__confidence_boost__nes__l1 calls=1021 margin 6.91->7.52 t=2.8s
[DONE] evaluation__3474__deblur__boundary_probe__nes__l1 calls=1021 margin 6.91->6.36 t=2.7s
[DONE] evaluation__3474__deblur__counterfactual__nes__l1 calls=1021 margin 6.91->6.34 t=2.8s
[DONE] evaluation__10652__denoise__attack__nes__l0.5 calls=1021 margin 5.15->0.32 t=3.1s
[DONE] evaluation__10652__denoise__restore__nes__l0.5 calls=1021 margin 5.15->4.82 t=2.9s
[DONE] evaluation__10652__denoise__random_walk__random_walk__l0.5 calls=1024 margin 5.15->5.20 t=4.4s
[DONE] evaluation__10652__denoise__confidence_boost__nes__l0.5 calls=1021 margin 5.15->6.16 t=2.9s
[DONE] evaluation__10652__denoise__boundary_probe__nes__l0.5 calls=1021 margin 5.15->0.70 t=3.1s
[DONE] evaluation__10652__denoise__counterfactual__nes__l0.5 calls=1021 margin 5.15->0.90 t=3.1s
[DONE] evaluation__10652__deblur__attack__nes__l1 calls=1021 margin 2.98->-4.51 t=3.1s
[DONE] evaluation__10652__deblur__restore__nes__l1 calls=1021 margin 2.98->3.48 t=2.9s
[DONE] evaluation__10652__deblur__random_walk__random_walk__l1 calls=1024 margin 2.98->3.59 t=4.2s
[DONE] evaluation__10652__deblur__confidence_boost__nes__l1 calls=1021 margin 2.98->6.01 t=2.6s
[DONE] evaluation__10652__deblur__boundary_probe__nes__l1 calls=1021 margin 2.98->0.03 t=3.0s
[DONE] evaluation__10652__deblur__counterfactual__nes__l1 calls=1021 margin 2.98->-4.15 t=2.9s
[DONE] evaluation__3263__denoise__attack__nes__l0.5 calls=1021 margin 6.15->5.78 t=2.9s
[DONE] evaluation__3263__denoise__restore__nes__l0.5 calls=1021 margin 6.15->6.15 t=3.2s
[DONE] evaluation__3263__denoise__random_walk__random_walk__l0.5 calls=1024 margin 6.15->6.09 t=4.1s
[DONE] evaluation__3263__denoise__confidence_boost__nes__l0.5 calls=1021 margin 6.15->6.01 t=3.3s
[DONE] evaluation__3263__denoise__boundary_probe__nes__l0.5 calls=1021 margin 6.15->2.00 t=3.0s
[DONE] evaluation__3263__denoise__counterfactual__nes__l0.5 calls=1021 margin 6.15->5.73 t=3.3s
[DONE] evaluation__3263__deblur__attack__nes__l1 calls=1021 margin 5.94->5.67 t=3.3s
[DONE] evaluation__3263__deblur__restore__nes__l1 calls=1021 margin 5.94->6.01 t=2.8s
[DONE] evaluation__3263__deblur__random_walk__random_walk__l1 calls=1024 margin 5.94->6.00 t=3.9s
[DONE] evaluation__3263__deblur__confidence_boost__nes__l1 calls=1021 margin 5.94->6.00 t=3.1s
[DONE] evaluation__3263__deblur__boundary_probe__nes__l1 calls=1021 margin 5.94->5.57 t=3.1s
[DONE] evaluation__3263__deblur__counterfactual__nes__l1 calls=1021 margin 5.94->5.57 t=2.8s
[DONE] evaluation__8280__denoise__attack__nes__l0.5 calls=1021 margin 5.85->5.42 t=2.9s
[DONE] evaluation__8280__denoise__restore__nes__l0.5 calls=1021 margin 5.85->5.87 t=3.2s
[DONE] evaluation__8280__denoise__random_walk__random_walk__l0.5 calls=1024 margin 5.85->5.90 t=4.3s
[DONE] evaluation__8280__denoise__confidence_boost__nes__l0.5 calls=1021 margin 5.85->6.27 t=2.8s
[DONE] evaluation__8280__denoise__boundary_probe__nes__l0.5 calls=1021 margin 5.85->5.26 t=3.3s
[DONE] evaluation__8280__denoise__counterfactual__nes__l0.5 calls=1021 margin 5.85->5.36 t=3.1s
[DONE] evaluation__8280__deblur__attack__nes__l1 calls=1021 margin 6.07->5.59 t=2.9s
[DONE] evaluation__8280__deblur__restore__nes__l1 calls=1021 margin 6.07->6.03 t=3.0s
[DONE] evaluation__8280__deblur__random_walk__random_walk__l1 calls=1024 margin 6.07->5.91 t=4.4s
[DONE] evaluation__8280__deblur__confidence_boost__nes__l1 calls=1021 margin 6.07->5.85 t=3.1s
[DONE] evaluation__8280__deblur__boundary_probe__nes__l1 calls=1021 margin 6.07->5.52 t=3.4s
[DONE] evaluation__8280__deblur__counterfactual__nes__l1 calls=1021 margin 6.07->5.54 t=3.5s
[DONE] evaluation__4164__denoise__attack__nes__l0.5 calls=1021 margin 6.01->6.13 t=3.3s
[DONE] evaluation__4164__denoise__restore__nes__l0.5 calls=1021 margin 6.01->5.93 t=3.0s
[DONE] evaluation__4164__denoise__random_walk__random_walk__l0.5 calls=1024 margin 6.01->5.93 t=4.0s
[DONE] evaluation__4164__denoise__confidence_boost__nes__l0.5 calls=1021 margin 6.01->5.51 t=3.1s
[DONE] evaluation__4164__denoise__boundary_probe__nes__l0.5 calls=1021 margin 6.01->5.06 t=3.0s
[DONE] evaluation__4164__denoise__counterfactual__nes__l0.5 calls=1021 margin 6.01->5.09 t=3.0s
[DONE] evaluation__4164__deblur__attack__nes__l1 calls=1021 margin 5.85->4.70 t=3.2s
[DONE] evaluation__4164__deblur__restore__nes__l1 calls=1021 margin 5.85->5.80 t=3.2s
[DONE] evaluation__4164__deblur__random_walk__random_walk__l1 calls=1024 margin 5.85->5.91 t=4.1s
[DONE] evaluation__4164__deblur__confidence_boost__nes__l1 calls=1021 margin 5.85->5.72 t=2.9s
[DONE] evaluation__4164__deblur__boundary_probe__nes__l1 calls=1021 margin 5.85->4.46 t=3.3s
[DONE] evaluation__4164__deblur__counterfactual__nes__l1 calls=1021 margin 5.85->4.48 t=2.8s
[DONE] evaluation__10734__denoise__attack__nes__l0.5 calls=1021 margin 0.04->-3.51 t=3.0s
[DONE] evaluation__10734__denoise__restore__nes__l0.5 calls=1021 margin 0.04->0.02 t=3.0s
[DONE] evaluation__10734__denoise__random_walk__random_walk__l0.5 calls=1024 margin 0.04->0.76 t=4.2s
[DONE] evaluation__10734__denoise__confidence_boost__nes__l0.5 calls=1021 margin 0.04->5.02 t=3.4s
[DONE] evaluation__10734__denoise__boundary_probe__nes__l0.5 calls=1021 margin 0.04->0.01 t=3.2s
[DONE] evaluation__10734__denoise__counterfactual__nes__l0.5 calls=1021 margin 0.04->-4.26 t=3.1s
[DONE] evaluation__10734__deblur__attack__nes__l1 calls=1021 margin 6.32->-3.43 t=3.2s
[DONE] evaluation__10734__deblur__restore__nes__l1 calls=1021 margin 6.32->6.32 t=3.4s
[DONE] evaluation__10734__deblur__random_walk__random_walk__l1 calls=1024 margin 6.32->6.47 t=4.3s
[DONE] evaluation__10734__deblur__confidence_boost__nes__l1 calls=1021 margin 6.32->6.42 t=3.0s
[DONE] evaluation__10734__deblur__boundary_probe__nes__l1 calls=1021 margin 6.32->0.04 t=3.2s
[DONE] evaluation__10734__deblur__counterfactual__nes__l1 calls=1021 margin 6.32->-1.90 t=3.2s
[DONE] evaluation__11163__denoise__attack__nes__l0.5 calls=1021 margin 3.28->-4.08 t=3.2s
[DONE] evaluation__11163__denoise__restore__nes__l0.5 calls=1021 margin 3.28->4.27 t=3.1s
[DONE] evaluation__11163__denoise__random_walk__random_walk__l0.5 calls=1024 margin 3.28->1.69 t=4.1s
[DONE] evaluation__11163__denoise__confidence_boost__nes__l0.5 calls=1021 margin 3.28->6.11 t=3.0s
[DONE] evaluation__11163__denoise__boundary_probe__nes__l0.5 calls=1021 margin 3.28->0.01 t=2.8s
[DONE] evaluation__11163__denoise__counterfactual__nes__l0.5 calls=1021 margin 3.28->-4.82 t=3.2s
[DONE] evaluation__11163__deblur__attack__nes__l1 calls=1021 margin 6.78->1.07 t=3.0s
[DONE] evaluation__11163__deblur__restore__nes__l1 calls=1021 margin 6.78->6.70 t=3.2s
[DONE] evaluation__11163__deblur__random_walk__random_walk__l1 calls=1024 margin 6.78->2.39 t=4.6s
[DONE] evaluation__11163__deblur__confidence_boost__nes__l1 calls=1021 margin 6.78->6.89 t=3.1s
[DONE] evaluation__11163__deblur__boundary_probe__nes__l1 calls=1021 margin 6.78->0.01 t=3.1s
[DONE] evaluation__11163__deblur__counterfactual__nes__l1 calls=1021 margin 6.78->0.79 t=3.4s
[DONE] evaluation__2162__denoise__attack__nes__l0.5 calls=1021 margin 5.97->3.54 t=3.0s
[DONE] evaluation__2162__denoise__restore__nes__l0.5 calls=1021 margin 5.97->5.96 t=3.1s
[DONE] evaluation__2162__denoise__random_walk__random_walk__l0.5 calls=1024 margin 5.97->6.16 t=4.1s
[DONE] evaluation__2162__denoise__confidence_boost__nes__l0.5 calls=1021 margin 5.97->6.31 t=3.0s
[DONE] evaluation__2162__denoise__boundary_probe__nes__l0.5 calls=1021 margin 5.97->3.38 t=3.0s
[DONE] evaluation__2162__denoise__counterfactual__nes__l0.5 calls=1021 margin 5.97->3.75 t=3.3s
[DONE] evaluation__2162__deblur__attack__nes__l1 calls=1021 margin 5.98->5.70 t=3.1s
[DONE] evaluation__2162__deblur__restore__nes__l1 calls=1021 margin 5.98->5.99 t=3.2s
[DONE] evaluation__2162__deblur__random_walk__random_walk__l1 calls=1024 margin 5.98->5.88 t=4.2s
[DONE] evaluation__2162__deblur__confidence_boost__nes__l1 calls=1021 margin 5.98->6.00 t=2.9s
[DONE] evaluation__2162__deblur__boundary_probe__nes__l1 calls=1021 margin 5.98->3.86 t=3.0s
[DONE] evaluation__2162__deblur__counterfactual__nes__l1 calls=1021 margin 5.98->3.84 t=3.5s
[DONE] evaluation__5305__denoise__attack__nes__l0.5 calls=1021 margin 5.77->2.25 t=3.1s
[DONE] evaluation__5305__denoise__restore__nes__l0.5 calls=1021 margin 5.77->5.79 t=3.1s
[DONE] evaluation__5305__denoise__random_walk__random_walk__l0.5 calls=1024 margin 5.77->5.40 t=4.1s
[DONE] evaluation__5305__denoise__confidence_boost__nes__l0.5 calls=1021 margin 5.77->6.39 t=3.0s
[DONE] evaluation__5305__denoise__boundary_probe__nes__l0.5 calls=1021 margin 5.77->0.01 t=3.2s
[DONE] evaluation__5305__denoise__counterfactual__nes__l0.5 calls=1021 margin 5.77->-3.09 t=3.1s
[DONE] evaluation__5305__deblur__attack__nes__l1 calls=1021 margin 6.29->6.16 t=2.9s
[DONE] evaluation__5305__deblur__restore__nes__l1 calls=1021 margin 6.29->6.29 t=2.8s
[DONE] evaluation__5305__deblur__random_walk__random_walk__l1 calls=1024 margin 6.29->6.49 t=4.5s
[DONE] evaluation__5305__deblur__confidence_boost__nes__l1 calls=1021 margin 6.29->6.51 t=3.3s
[DONE] evaluation__5305__deblur__boundary_probe__nes__l1 calls=1021 margin 6.29->5.99 t=3.2s
[DONE] evaluation__5305__deblur__counterfactual__nes__l1 calls=1021 margin 6.29->6.01 t=2.9s
[DONE] evaluation__3471__denoise__attack__nes__l0.5 calls=1021 margin 6.16->6.06 t=2.7s
[DONE] evaluation__3471__denoise__restore__nes__l0.5 calls=1021 margin 6.16->6.16 t=2.7s
[DONE] evaluation__3471__denoise__random_walk__random_walk__l0.5 calls=1024 margin 6.16->6.17 t=4.4s
[DONE] evaluation__3471__denoise__confidence_boost__nes__l0.5 calls=1021 margin 6.16->6.21 t=3.1s
[DONE] evaluation__3471__denoise__boundary_probe__nes__l0.5 calls=1021 margin 6.16->6.02 t=2.9s
[DONE] evaluation__3471__denoise__counterfactual__nes__l0.5 calls=1021 margin 6.16->6.02 t=3.1s
[DONE] evaluation__3471__deblur__attack__nes__l1 calls=1021 margin 6.04->6.03 t=2.9s
[DONE] evaluation__3471__deblur__restore__nes__l1 calls=1021 margin 6.04->6.02 t=2.8s
[DONE] evaluation__3471__deblur__random_walk__random_walk__l1 calls=1024 margin 6.04->6.11 t=4.4s
[DONE] evaluation__3471__deblur__confidence_boost__nes__l1 calls=1021 margin 6.04->6.05 t=3.0s
[DONE] evaluation__3471__deblur__boundary_probe__nes__l1 calls=1021 margin 6.04->5.73 t=2.7s
[DONE] evaluation__3471__deblur__counterfactual__nes__l1 calls=1021 margin 6.04->5.72 t=2.9s
[DONE] evaluation__8020__denoise__attack__nes__l0.5 calls=1021 margin 6.30->6.20 t=2.8s
[DONE] evaluation__8020__denoise__restore__nes__l0.5 calls=1021 margin 6.30->6.31 t=3.1s
[DONE] evaluation__8020__denoise__random_walk__random_walk__l0.5 calls=1024 margin 6.30->6.27 t=4.1s
[DONE] evaluation__8020__denoise__confidence_boost__nes__l0.5 calls=1021 margin 6.30->6.38 t=2.9s
[DONE] evaluation__8020__denoise__boundary_probe__nes__l0.5 calls=1021 margin 6.30->6.17 t=2.8s
[DONE] evaluation__8020__denoise__counterfactual__nes__l0.5 calls=1021 margin 6.30->6.17 t=3.1s
[DONE] evaluation__8020__deblur__attack__nes__l1 calls=1021 margin 6.36->6.33 t=3.1s
[DONE] evaluation__8020__deblur__restore__nes__l1 calls=1021 margin 6.36->6.36 t=3.4s
[DONE] evaluation__8020__deblur__random_walk__random_walk__l1 calls=1024 margin 6.36->6.39 t=4.1s
[DONE] evaluation__8020__deblur__confidence_boost__nes__l1 calls=1021 margin 6.36->6.43 t=3.1s
[DONE] evaluation__8020__deblur__boundary_probe__nes__l1 calls=1021 margin 6.36->6.26 t=3.0s
[DONE] evaluation__8020__deblur__counterfactual__nes__l1 calls=1021 margin 6.36->6.26 t=3.3s
[DONE] evaluation__7740__denoise__attack__nes__l0.5 calls=1021 margin 5.74->0.41 t=3.2s
[DONE] evaluation__7740__denoise__restore__nes__l0.5 calls=1021 margin 5.74->5.88 t=3.1s
[DONE] evaluation__7740__denoise__random_walk__random_walk__l0.5 calls=1024 margin 5.74->5.98 t=4.1s
[DONE] evaluation__7740__denoise__confidence_boost__nes__l0.5 calls=1021 margin 5.74->6.38 t=3.2s
[DONE] evaluation__7740__denoise__boundary_probe__nes__l0.5 calls=1021 margin 5.74->1.07 t=3.3s
[DONE] evaluation__7740__denoise__counterfactual__nes__l0.5 calls=1021 margin 5.74->0.59 t=2.7s
[DONE] evaluation__7740__deblur__attack__nes__l1 calls=1021 margin 6.32->5.92 t=3.0s
[DONE] evaluation__7740__deblur__restore__nes__l1 calls=1021 margin 6.32->6.32 t=3.2s
[DONE] evaluation__7740__deblur__random_walk__random_walk__l1 calls=1024 margin 6.32->6.27 t=4.1s
[DONE] evaluation__7740__deblur__confidence_boost__nes__l1 calls=1021 margin 6.32->6.55 t=3.7s
[DONE] evaluation__7740__deblur__boundary_probe__nes__l1 calls=1021 margin 6.32->5.82 t=3.3s
[DONE] evaluation__7740__deblur__counterfactual__nes__l1 calls=1021 margin 6.32->5.87 t=3.0s
[DONE] evaluation__838__denoise__attack__nes__l0.5 calls=1021 margin 5.06->0.24 t=2.9s
[DONE] evaluation__838__denoise__restore__nes__l0.5 calls=1021 margin 5.06->5.17 t=3.1s
[DONE] evaluation__838__denoise__random_walk__random_walk__l0.5 calls=1024 margin 5.06->4.65 t=3.8s
[DONE] evaluation__838__denoise__confidence_boost__nes__l0.5 calls=1021 margin 5.06->6.24 t=3.0s
[DONE] evaluation__838__denoise__boundary_probe__nes__l0.5 calls=1021 margin 5.06->0.45 t=3.2s
[DONE] evaluation__838__denoise__counterfactual__nes__l0.5 calls=1021 margin 5.06->0.44 t=3.1s
[DONE] evaluation__838__deblur__attack__nes__l1 calls=1021 margin 6.08->6.02 t=3.4s
[DONE] evaluation__838__deblur__restore__nes__l1 calls=1021 margin 6.08->6.10 t=3.3s
[DONE] evaluation__838__deblur__random_walk__random_walk__l1 calls=1024 margin 6.08->6.31 t=4.1s
[DONE] evaluation__838__deblur__confidence_boost__nes__l1 calls=1021 margin 6.08->6.29 t=3.0s
[DONE] evaluation__838__deblur__boundary_probe__nes__l1 calls=1021 margin 6.08->5.73 t=2.9s
[DONE] evaluation__838__deblur__counterfactual__nes__l1 calls=1021 margin 6.08->5.71 t=3.0s
[DONE] evaluation__1610__denoise__attack__nes__l0.5 calls=1021 margin 6.07->5.90 t=3.1s
[DONE] evaluation__1610__denoise__restore__nes__l0.5 calls=1021 margin 6.07->6.07 t=3.0s
[DONE] evaluation__1610__denoise__random_walk__random_walk__l0.5 calls=1024 margin 6.07->6.07 t=4.2s
[DONE] evaluation__1610__denoise__confidence_boost__nes__l0.5 calls=1021 margin 6.07->6.32 t=2.9s
[DONE] evaluation__1610__denoise__boundary_probe__nes__l0.5 calls=1021 margin 6.07->5.87 t=3.0s
[DONE] evaluation__1610__denoise__counterfactual__nes__l0.5 calls=1021 margin 6.07->5.88 t=3.1s
[DONE] evaluation__1610__deblur__attack__nes__l1 calls=1021 margin 6.18->6.04 t=2.9s
[DONE] evaluation__1610__deblur__restore__nes__l1 calls=1021 margin 6.18->6.20 t=2.9s
[DONE] evaluation__1610__deblur__random_walk__random_walk__l1 calls=1024 margin 6.18->6.18 t=4.1s
[DONE] evaluation__1610__deblur__confidence_boost__nes__l1 calls=1021 margin 6.18->6.32 t=3.0s
[DONE] evaluation__1610__deblur__boundary_probe__nes__l1 calls=1021 margin 6.18->5.96 t=3.0s
[DONE] evaluation__1610__deblur__counterfactual__nes__l1 calls=1021 margin 6.18->5.94 t=2.7s
[DONE] evaluation__5656__denoise__attack__nes__l0.5 calls=1021 margin 5.74->5.05 t=2.7s
[DONE] evaluation__5656__denoise__restore__nes__l0.5 calls=1021 margin 5.74->5.72 t=3.1s
[DONE] evaluation__5656__denoise__random_walk__random_walk__l0.5 calls=1024 margin 5.74->5.81 t=4.0s
[DONE] evaluation__5656__denoise__confidence_boost__nes__l0.5 calls=1021 margin 5.74->6.18 t=2.7s
[DONE] evaluation__5656__denoise__boundary_probe__nes__l0.5 calls=1021 margin 5.74->4.96 t=2.7s
[DONE] evaluation__5656__denoise__counterfactual__nes__l0.5 calls=1021 margin 5.74->4.99 t=2.7s
[DONE] evaluation__5656__deblur__attack__nes__l1 calls=1021 margin 6.07->5.46 t=2.7s
[DONE] evaluation__5656__deblur__restore__nes__l1 calls=1021 margin 6.07->6.03 t=3.0s
[DONE] evaluation__5656__deblur__random_walk__random_walk__l1 calls=1024 margin 6.07->6.02 t=4.2s
[DONE] evaluation__5656__deblur__confidence_boost__nes__l1 calls=1021 margin 6.07->6.53 t=3.1s
[DONE] evaluation__5656__deblur__boundary_probe__nes__l1 calls=1021 margin 6.07->5.25 t=2.6s
[DONE] evaluation__5656__deblur__counterfactual__nes__l1 calls=1021 margin 6.07->5.34 t=2.5s
[DONE] evaluation__10065__denoise__attack__nes__l0.5 calls=1021 margin 5.05->-3.21 t=2.7s
[DONE] evaluation__10065__denoise__restore__nes__l0.5 calls=1021 margin 5.05->4.50 t=2.9s
[DONE] evaluation__10065__denoise__random_walk__random_walk__l0.5 calls=1024 margin 5.05->5.27 t=3.8s
[DONE] evaluation__10065__denoise__confidence_boost__nes__l0.5 calls=1021 margin 5.05->6.20 t=3.1s
[DONE] evaluation__10065__denoise__boundary_probe__nes__l0.5 calls=1021 margin 5.05->0.04 t=3.2s
[DONE] evaluation__10065__denoise__counterfactual__nes__l0.5 calls=1021 margin 5.05->-3.47 t=2.9s
[DONE] evaluation__10065__deblur__attack__nes__l1 calls=1021 margin 4.63->-3.13 t=2.8s
[DONE] evaluation__10065__deblur__restore__nes__l1 calls=1021 margin 4.63->4.89 t=3.0s
[DONE] evaluation__10065__deblur__random_walk__random_walk__l1 calls=1024 margin 4.63->5.86 t=3.8s
[DONE] evaluation__10065__deblur__confidence_boost__nes__l1 calls=1021 margin 4.63->6.06 t=2.7s
[DONE] evaluation__10065__deblur__boundary_probe__nes__l1 calls=1021 margin 4.63->0.01 t=2.7s
[DONE] evaluation__10065__deblur__counterfactual__nes__l1 calls=1021 margin 4.63->-3.42 t=3.0s
[DONE] evaluation__12223__denoise__attack__nes__l0.5 calls=1021 margin 3.38->-2.73 t=2.9s
[DONE] evaluation__12223__denoise__restore__nes__l0.5 calls=1021 margin 3.38->3.32 t=3.0s
[DONE] evaluation__12223__denoise__random_walk__random_walk__l0.5 calls=1024 margin 3.38->2.10 t=3.9s
[DONE] evaluation__12223__denoise__confidence_boost__nes__l0.5 calls=1021 margin 3.38->6.44 t=3.5s
[DONE] evaluation__12223__denoise__boundary_probe__nes__l0.5 calls=1021 margin 3.38->0.00 t=3.2s
[DONE] evaluation__12223__denoise__counterfactual__nes__l0.5 calls=1021 margin 3.38->-2.63 t=3.5s
[DONE] evaluation__12223__deblur__attack__nes__l1 calls=1021 margin 4.65->-2.12 t=2.9s
[DONE] evaluation__12223__deblur__restore__nes__l1 calls=1021 margin 4.65->4.83 t=2.9s
[DONE] evaluation__12223__deblur__random_walk__random_walk__l1 calls=1024 margin 4.65->3.59 t=3.9s
[DONE] evaluation__12223__deblur__confidence_boost__nes__l1 calls=1021 margin 4.65->6.60 t=3.0s
[DONE] evaluation__12223__deblur__boundary_probe__nes__l1 calls=1021 margin 4.65->0.00 t=3.0s
[DONE] evaluation__12223__deblur__counterfactual__nes__l1 calls=1021 margin 4.65->-2.00 t=3.1s
[DONE] evaluation__907__denoise__attack__nes__l0.5 calls=1021 margin 5.44->0.08 t=2.8s
[DONE] evaluation__907__denoise__restore__nes__l0.5 calls=1021 margin 5.44->5.62 t=2.9s
[DONE] evaluation__907__denoise__random_walk__random_walk__l0.5 calls=1024 margin 5.44->5.18 t=4.3s
[DONE] evaluation__907__denoise__confidence_boost__nes__l0.5 calls=1021 margin 5.44->6.69 t=3.1s
[DONE] evaluation__907__denoise__boundary_probe__nes__l0.5 calls=1021 margin 5.44->0.02 t=3.1s
[DONE] evaluation__907__denoise__counterfactual__nes__l0.5 calls=1021 margin 5.44->-0.40 t=3.1s
[DONE] evaluation__907__deblur__attack__nes__l1 calls=1021 margin 6.75->6.53 t=2.8s
[DONE] evaluation__907__deblur__restore__nes__l1 calls=1021 margin 6.75->6.73 t=2.8s
[DONE] evaluation__907__deblur__random_walk__random_walk__l1 calls=1024 margin 6.75->6.77 t=4.3s
[DONE] evaluation__907__deblur__confidence_boost__nes__l1 calls=1021 margin 6.75->7.02 t=3.0s
[DONE] evaluation__907__deblur__boundary_probe__nes__l1 calls=1021 margin 6.75->6.30 t=3.0s
[DONE] evaluation__907__deblur__counterfactual__nes__l1 calls=1021 margin 6.75->6.44 t=3.1s
[DONE] evaluation__1910__denoise__attack__nes__l0.5 calls=1021 margin 2.06->-2.64 t=2.9s
[DONE] evaluation__1910__denoise__restore__nes__l0.5 calls=1021 margin 2.06->1.95 t=2.5s
[DONE] evaluation__1910__denoise__random_walk__random_walk__l0.5 calls=1024 margin 2.06->3.05 t=3.9s
[DONE] evaluation__1910__denoise__confidence_boost__nes__l0.5 calls=1021 margin 2.06->6.02 t=2.9s
[DONE] evaluation__1910__denoise__boundary_probe__nes__l0.5 calls=1021 margin 2.06->0.04 t=2.9s
[DONE] evaluation__1910__denoise__counterfactual__nes__l0.5 calls=1021 margin 2.06->-2.42 t=2.9s
[DONE] evaluation__1910__deblur__attack__nes__l1 calls=1021 margin 1.43->-4.66 t=3.4s
[DONE] evaluation__1910__deblur__restore__nes__l1 calls=1021 margin 1.43->2.77 t=2.9s
[DONE] evaluation__1910__deblur__random_walk__random_walk__l1 calls=1024 margin 1.43->3.01 t=4.1s
[DONE] evaluation__1910__deblur__confidence_boost__nes__l1 calls=1021 margin 1.43->5.78 t=2.7s
[DONE] evaluation__1910__deblur__boundary_probe__nes__l1 calls=1021 margin 1.43->0.02 t=2.8s
[DONE] evaluation__1910__deblur__counterfactual__nes__l1 calls=1021 margin 1.43->-4.37 t=3.1s
[DONE] evaluation__3416__denoise__attack__nes__l0.5 calls=1021 margin 6.31->6.01 t=3.3s
[DONE] evaluation__3416__denoise__restore__nes__l0.5 calls=1021 margin 6.31->6.32 t=3.1s
[DONE] evaluation__3416__denoise__random_walk__random_walk__l0.5 calls=1024 margin 6.31->6.27 t=4.1s
[DONE] evaluation__3416__denoise__confidence_boost__nes__l0.5 calls=1021 margin 6.31->6.53 t=3.0s
[DONE] evaluation__3416__denoise__boundary_probe__nes__l0.5 calls=1021 margin 6.31->5.81 t=3.2s
[DONE] evaluation__3416__denoise__counterfactual__nes__l0.5 calls=1021 margin 6.31->5.98 t=3.2s
[DONE] evaluation__3416__deblur__attack__nes__l1 calls=1021 margin 5.89->2.68 t=3.4s
[DONE] evaluation__3416__deblur__restore__nes__l1 calls=1021 margin 5.89->5.93 t=3.5s
[DONE] evaluation__3416__deblur__random_walk__random_walk__l1 calls=1024 margin 5.89->5.96 t=4.2s
[DONE] evaluation__3416__deblur__confidence_boost__nes__l1 calls=1021 margin 5.89->6.46 t=3.2s
[DONE] evaluation__3416__deblur__boundary_probe__nes__l1 calls=1021 margin 5.89->2.29 t=3.1s
[DONE] evaluation__3416__deblur__counterfactual__nes__l1 calls=1021 margin 5.89->3.15 t=3.1s
[DONE] evaluation__6791__denoise__attack__nes__l0.5 calls=1021 margin 2.19->-4.73 t=3.0s
[DONE] evaluation__6791__denoise__restore__nes__l0.5 calls=1021 margin 2.19->1.68 t=3.1s
[DONE] evaluation__6791__denoise__random_walk__random_walk__l0.5 calls=1024 margin 2.19->1.24 t=4.2s
[DONE] evaluation__6791__denoise__confidence_boost__nes__l0.5 calls=1021 margin 2.19->6.76 t=3.0s
[DONE] evaluation__6791__denoise__boundary_probe__nes__l0.5 calls=1021 margin 2.19->0.02 t=3.4s
[DONE] evaluation__6791__denoise__counterfactual__nes__l0.5 calls=1021 margin 2.19->-4.81 t=2.9s
[DONE] evaluation__6791__deblur__attack__nes__l1 calls=1021 margin 0.48->-5.74 t=3.2s
[DONE] evaluation__6791__deblur__restore__nes__l1 calls=1021 margin 0.48->1.36 t=3.0s
[DONE] evaluation__6791__deblur__random_walk__random_walk__l1 calls=1024 margin 0.48->-0.19 t=4.2s
[DONE] evaluation__6791__deblur__confidence_boost__nes__l1 calls=1021 margin 0.48->5.78 t=2.6s
[DONE] evaluation__6791__deblur__boundary_probe__nes__l1 calls=1021 margin 0.48->0.00 t=2.7s
[DONE] evaluation__6791__deblur__counterfactual__nes__l1 calls=1021 margin 0.48->-5.95 t=2.7s
[DONE] evaluation__11666__denoise__attack__nes__l0.5 calls=1021 margin 3.30->0.45 t=2.5s
[DONE] evaluation__11666__denoise__restore__nes__l0.5 calls=1021 margin 3.30->3.43 t=2.7s
[DONE] evaluation__11666__denoise__random_walk__random_walk__l0.5 calls=1024 margin 3.30->3.14 t=4.3s
[DONE] evaluation__11666__denoise__confidence_boost__nes__l0.5 calls=1021 margin 3.30->5.41 t=2.8s
[DONE] evaluation__11666__denoise__boundary_probe__nes__l0.5 calls=1021 margin 3.30->0.57 t=2.9s
[DONE] evaluation__11666__denoise__counterfactual__nes__l0.5 calls=1021 margin 3.30->0.28 t=2.8s
[DONE] evaluation__11666__deblur__attack__nes__l1 calls=1021 margin 1.91->-3.85 t=3.0s
[DONE] evaluation__11666__deblur__restore__nes__l1 calls=1021 margin 1.91->2.51 t=2.6s
[DONE] evaluation__11666__deblur__random_walk__random_walk__l1 calls=1024 margin 1.91->0.59 t=4.4s
[DONE] evaluation__11666__deblur__confidence_boost__nes__l1 calls=1021 margin 1.91->5.18 t=3.2s
[DONE] evaluation__11666__deblur__boundary_probe__nes__l1 calls=1021 margin 1.91->0.00 t=3.1s
[DONE] evaluation__11666__deblur__counterfactual__nes__l1 calls=1021 margin 1.91->-4.06 t=3.0s
[DONE] evaluation__3235__denoise__attack__nes__l0.5 calls=1021 margin 4.62->0.19 t=2.9s
[DONE] evaluation__3235__denoise__restore__nes__l0.5 calls=1021 margin 4.62->4.69 t=3.2s
[DONE] evaluation__3235__denoise__random_walk__random_walk__l0.5 calls=1024 margin 4.62->4.67 t=4.2s
[DONE] evaluation__3235__denoise__confidence_boost__nes__l0.5 calls=1021 margin 4.62->5.52 t=2.9s
[DONE] evaluation__3235__denoise__boundary_probe__nes__l0.5 calls=1021 margin 4.62->0.03 t=3.0s
[DONE] evaluation__3235__denoise__counterfactual__nes__l0.5 calls=1021 margin 4.62->-0.19 t=3.3s
[DONE] evaluation__3235__deblur__attack__nes__l1 calls=1021 margin 5.45->4.81 t=3.4s
[DONE] evaluation__3235__deblur__restore__nes__l1 calls=1021 margin 5.45->5.45 t=3.2s
[DONE] evaluation__3235__deblur__random_walk__random_walk__l1 calls=1024 margin 5.45->5.39 t=4.5s
[DONE] evaluation__3235__deblur__confidence_boost__nes__l1 calls=1021 margin 5.45->5.65 t=3.5s
[DONE] evaluation__3235__deblur__boundary_probe__nes__l1 calls=1021 margin 5.45->4.79 t=3.4s
[DONE] evaluation__3235__deblur__counterfactual__nes__l1 calls=1021 margin 5.45->4.80 t=3.4s
[DONE] evaluation__3821__denoise__attack__nes__l0.5 calls=1021 margin 6.10->4.07 t=2.9s
[DONE] evaluation__3821__denoise__restore__nes__l0.5 calls=1021 margin 6.10->6.12 t=2.8s
[DONE] evaluation__3821__denoise__random_walk__random_walk__l0.5 calls=1024 margin 6.10->6.00 t=4.3s
[DONE] evaluation__3821__denoise__confidence_boost__nes__l0.5 calls=1021 margin 6.10->6.36 t=2.9s
[DONE] evaluation__3821__denoise__boundary_probe__nes__l0.5 calls=1021 margin 6.10->3.86 t=2.9s
[DONE] evaluation__3821__denoise__counterfactual__nes__l0.5 calls=1021 margin 6.10->3.89 t=2.9s
[DONE] evaluation__3821__deblur__attack__nes__l1 calls=1021 margin 6.06->5.76 t=2.7s
[DONE] evaluation__3821__deblur__restore__nes__l1 calls=1021 margin 6.06->6.07 t=3.1s
[DONE] evaluation__3821__deblur__random_walk__random_walk__l1 calls=1024 margin 6.06->6.01 t=4.3s
[DONE] evaluation__3821__deblur__confidence_boost__nes__l1 calls=1021 margin 6.06->6.42 t=3.1s
[DONE] evaluation__3821__deblur__boundary_probe__nes__l1 calls=1021 margin 6.06->5.73 t=2.9s
[DONE] evaluation__3821__deblur__counterfactual__nes__l1 calls=1021 margin 6.06->5.74 t=2.9s
[DONE] evaluation__4849__denoise__attack__nes__l0.5 calls=1021 margin 1.15->-1.45 t=2.9s
[DONE] evaluation__4849__denoise__restore__nes__l0.5 calls=1021 margin 1.15->0.97 t=3.1s
[DONE] evaluation__4849__denoise__random_walk__random_walk__l0.5 calls=1024 margin 1.15->0.97 t=4.0s
[DONE] evaluation__4849__denoise__confidence_boost__nes__l0.5 calls=1021 margin 1.15->4.24 t=2.8s
[DONE] evaluation__4849__denoise__boundary_probe__nes__l0.5 calls=1021 margin 1.15->0.00 t=2.9s
[DONE] evaluation__4849__denoise__counterfactual__nes__l0.5 calls=1021 margin 1.15->-1.66 t=2.9s
[DONE] evaluation__4849__deblur__attack__nes__l1 calls=1021 margin 1.57->-2.08 t=2.8s
[DONE] evaluation__4849__deblur__restore__nes__l1 calls=1021 margin 1.57->1.92 t=3.0s
[DONE] evaluation__4849__deblur__random_walk__random_walk__l1 calls=1024 margin 1.57->1.45 t=4.1s
[DONE] evaluation__4849__deblur__confidence_boost__nes__l1 calls=1021 margin 1.57->4.78 t=3.0s
[DONE] evaluation__4849__deblur__boundary_probe__nes__l1 calls=1021 margin 1.57->0.00 t=3.0s
[DONE] evaluation__4849__deblur__counterfactual__nes__l1 calls=1021 margin 1.57->-2.09 t=2.8s
[DONE] evaluation__12297__denoise__attack__nes__l0.5 calls=1021 margin 1.94->-5.31 t=3.1s
[DONE] evaluation__12297__denoise__restore__nes__l0.5 calls=1021 margin 1.94->1.70 t=3.0s
[DONE] evaluation__12297__denoise__random_walk__random_walk__l0.5 calls=1024 margin 1.94->2.90 t=4.2s
[DONE] evaluation__12297__denoise__confidence_boost__nes__l0.5 calls=1021 margin 1.94->5.89 t=3.1s
[DONE] evaluation__12297__denoise__boundary_probe__nes__l0.5 calls=1021 margin 1.94->0.00 t=3.3s
[DONE] evaluation__12297__denoise__counterfactual__nes__l0.5 calls=1021 margin 1.94->-5.51 t=2.9s
[DONE] evaluation__12297__deblur__attack__nes__l1 calls=1021 margin 4.82->-3.62 t=3.0s
[DONE] evaluation__12297__deblur__restore__nes__l1 calls=1021 margin 4.82->5.00 t=3.1s
[DONE] evaluation__12297__deblur__random_walk__random_walk__l1 calls=1024 margin 4.82->4.95 t=4.1s
[DONE] evaluation__12297__deblur__confidence_boost__nes__l1 calls=1021 margin 4.82->6.24 t=3.0s
[DONE] evaluation__12297__deblur__boundary_probe__nes__l1 calls=1021 margin 4.82->0.00 t=2.9s
[DONE] evaluation__12297__deblur__counterfactual__nes__l1 calls=1021 margin 4.82->-3.84 t=3.4s
[DONE] evaluation__9543__denoise__attack__nes__l0.5 calls=1021 margin 1.63->-1.48 t=3.2s
[DONE] evaluation__9543__denoise__restore__nes__l0.5 calls=1021 margin 1.63->1.89 t=3.3s
[DONE] evaluation__9543__denoise__random_walk__random_walk__l0.5 calls=1024 margin 1.63->1.52 t=4.1s
[DONE] evaluation__9543__denoise__confidence_boost__nes__l0.5 calls=1021 margin 1.63->3.18 t=2.9s
[DONE] evaluation__9543__denoise__boundary_probe__nes__l0.5 calls=1021 margin 1.63->0.01 t=2.9s
[DONE] evaluation__9543__denoise__counterfactual__nes__l0.5 calls=1021 margin 1.63->-2.05 t=3.0s
[DONE] evaluation__9543__deblur__attack__nes__l1 calls=1021 margin 3.05->1.78 t=2.7s
[DONE] evaluation__9543__deblur__restore__nes__l1 calls=1021 margin 3.05->3.00 t=2.9s
[DONE] evaluation__9543__deblur__random_walk__random_walk__l1 calls=1024 margin 3.05->3.21 t=3.9s
[DONE] evaluation__9543__deblur__confidence_boost__nes__l1 calls=1021 margin 3.05->4.07 t=2.9s
[DONE] evaluation__9543__deblur__boundary_probe__nes__l1 calls=1021 margin 3.05->1.63 t=3.0s
[DONE] evaluation__9543__deblur__counterfactual__nes__l1 calls=1021 margin 3.05->1.67 t=2.9s
[DONE] evaluation__32__denoise__attack__nes__l0.5 calls=1021 margin 6.59->6.43 t=2.8s
[DONE] evaluation__32__denoise__restore__nes__l0.5 calls=1021 margin 6.59->6.59 t=2.7s
[DONE] evaluation__32__denoise__random_walk__random_walk__l0.5 calls=1024 margin 6.59->6.63 t=3.9s
[DONE] evaluation__32__denoise__confidence_boost__nes__l0.5 calls=1021 margin 6.59->6.70 t=2.9s
[DONE] evaluation__32__denoise__boundary_probe__nes__l0.5 calls=1021 margin 6.59->6.40 t=3.2s
[DONE] evaluation__32__denoise__counterfactual__nes__l0.5 calls=1021 margin 6.59->6.40 t=3.4s
[DONE] evaluation__32__deblur__attack__nes__l1 calls=1021 margin 6.51->6.41 t=2.8s
[DONE] evaluation__32__deblur__restore__nes__l1 calls=1021 margin 6.51->6.51 t=2.9s
[DONE] evaluation__32__deblur__random_walk__random_walk__l1 calls=1024 margin 6.51->6.51 t=4.3s
[DONE] evaluation__32__deblur__confidence_boost__nes__l1 calls=1021 margin 6.51->6.57 t=3.0s
[DONE] evaluation__32__deblur__boundary_probe__nes__l1 calls=1021 margin 6.51->6.43 t=2.9s
[DONE] evaluation__32__deblur__counterfactual__nes__l1 calls=1021 margin 6.51->6.43 t=3.2s
[DONE] evaluation__3826__denoise__attack__nes__l0.5 calls=1021 margin 4.44->-4.76 t=3.3s
[DONE] evaluation__3826__denoise__restore__nes__l0.5 calls=1021 margin 4.44->4.34 t=2.9s
[DONE] evaluation__3826__denoise__random_walk__random_walk__l0.5 calls=1024 margin 4.44->3.62 t=4.2s
[DONE] evaluation__3826__denoise__confidence_boost__nes__l0.5 calls=1021 margin 4.44->5.85 t=3.3s
[DONE] evaluation__3826__denoise__boundary_probe__nes__l0.5 calls=1021 margin 4.44->0.01 t=3.2s
[DONE] evaluation__3826__denoise__counterfactual__nes__l0.5 calls=1021 margin 4.44->-5.63 t=3.3s
[DONE] evaluation__3826__deblur__attack__nes__l1 calls=1021 margin 6.19->5.96 t=3.1s
[DONE] evaluation__3826__deblur__restore__nes__l1 calls=1021 margin 6.19->6.21 t=3.0s
[DONE] evaluation__3826__deblur__random_walk__random_walk__l1 calls=1024 margin 6.19->6.29 t=4.1s
[DONE] evaluation__3826__deblur__confidence_boost__nes__l1 calls=1021 margin 6.19->6.41 t=3.1s
[DONE] evaluation__3826__deblur__boundary_probe__nes__l1 calls=1021 margin 6.19->5.05 t=3.0s
[DONE] evaluation__3826__deblur__counterfactual__nes__l1 calls=1021 margin 6.19->5.16 t=3.2s
[DONE] evaluation__7271__denoise__attack__nes__l0.5 calls=1021 margin 7.08->6.92 t=3.1s
[DONE] evaluation__7271__denoise__restore__nes__l0.5 calls=1021 margin 7.08->7.09 t=2.6s
[DONE] evaluation__7271__denoise__random_walk__random_walk__l0.5 calls=1024 margin 7.08->7.05 t=4.4s
[DONE] evaluation__7271__denoise__confidence_boost__nes__l0.5 calls=1021 margin 7.08->7.22 t=2.9s
[DONE] evaluation__7271__denoise__boundary_probe__nes__l0.5 calls=1021 margin 7.08->6.88 t=3.0s
[DONE] evaluation__7271__denoise__counterfactual__nes__l0.5 calls=1021 margin 7.08->6.87 t=2.7s
[DONE] evaluation__7271__deblur__attack__nes__l1 calls=1021 margin 6.80->6.61 t=3.1s
[DONE] evaluation__7271__deblur__restore__nes__l1 calls=1021 margin 6.80->6.82 t=2.8s
[DONE] evaluation__7271__deblur__random_walk__random_walk__l1 calls=1024 margin 6.80->6.82 t=4.1s
[DONE] evaluation__7271__deblur__confidence_boost__nes__l1 calls=1021 margin 6.80->6.89 t=3.1s
[DONE] evaluation__7271__deblur__boundary_probe__nes__l1 calls=1021 margin 6.80->6.64 t=2.8s
[DONE] evaluation__7271__deblur__counterfactual__nes__l1 calls=1021 margin 6.80->6.65 t=2.6s
[DONE] evaluation__9310__denoise__attack__nes__l0.5 calls=1021 margin 4.70->2.43 t=2.6s
[DONE] evaluation__9310__denoise__restore__nes__l0.5 calls=1021 margin 4.70->4.70 t=3.0s
[DONE] evaluation__9310__denoise__random_walk__random_walk__l0.5 calls=1024 margin 4.70->4.72 t=4.1s
[DONE] evaluation__9310__denoise__confidence_boost__nes__l0.5 calls=1021 margin 4.70->5.85 t=3.0s
[DONE] evaluation__9310__denoise__boundary_probe__nes__l0.5 calls=1021 margin 4.70->1.48 t=3.2s
[DONE] evaluation__9310__denoise__counterfactual__nes__l0.5 calls=1021 margin 4.70->1.31 t=2.8s
[DONE] evaluation__9310__deblur__attack__nes__l1 calls=1021 margin 4.73->1.62 t=3.1s
[DONE] evaluation__9310__deblur__restore__nes__l1 calls=1021 margin 4.73->4.80 t=3.1s
[DONE] evaluation__9310__deblur__random_walk__random_walk__l1 calls=1024 margin 4.73->4.99 t=4.0s
[DONE] evaluation__9310__deblur__confidence_boost__nes__l1 calls=1021 margin 4.73->5.64 t=2.9s
[DONE] evaluation__9310__deblur__boundary_probe__nes__l1 calls=1021 margin 4.73->0.74 t=2.9s
[DONE] evaluation__9310__deblur__counterfactual__nes__l1 calls=1021 margin 4.73->0.59 t=3.0s
[DONE] evaluation__9879__denoise__attack__nes__l0.5 calls=1021 margin 5.67->5.45 t=2.7s
[DONE] evaluation__9879__denoise__restore__nes__l0.5 calls=1021 margin 5.67->5.65 t=3.1s
[DONE] evaluation__9879__denoise__random_walk__random_walk__l0.5 calls=1024 margin 5.67->5.62 t=4.2s
[DONE] evaluation__9879__denoise__confidence_boost__nes__l0.5 calls=1021 margin 5.67->5.86 t=2.6s
[DONE] evaluation__9879__denoise__boundary_probe__nes__l0.5 calls=1021 margin 5.67->5.37 t=3.1s
[DONE] evaluation__9879__denoise__counterfactual__nes__l0.5 calls=1021 margin 5.67->5.35 t=3.1s
[DONE] evaluation__9879__deblur__attack__nes__l1 calls=1021 margin 5.98->5.77 t=2.9s
[DONE] evaluation__9879__deblur__restore__nes__l1 calls=1021 margin 5.98->5.95 t=2.9s
[DONE] evaluation__9879__deblur__random_walk__random_walk__l1 calls=1024 margin 5.98->5.85 t=4.2s
[DONE] evaluation__9879__deblur__confidence_boost__nes__l1 calls=1021 margin 5.98->6.11 t=2.8s
[DONE] evaluation__9879__deblur__boundary_probe__nes__l1 calls=1021 margin 5.98->5.62 t=2.6s
[DONE] evaluation__9879__deblur__counterfactual__nes__l1 calls=1021 margin 5.98->5.66 t=2.7s
[DONE] evaluation__453__denoise__attack__nes__l0.5 calls=1021 margin 3.91->1.18 t=2.7s
[DONE] evaluation__453__denoise__restore__nes__l0.5 calls=1021 margin 3.91->3.91 t=2.5s
[DONE] evaluation__453__denoise__random_walk__random_walk__l0.5 calls=1024 margin 3.91->3.67 t=4.0s
[DONE] evaluation__453__denoise__confidence_boost__nes__l0.5 calls=1021 margin 3.91->5.63 t=2.8s
[DONE] evaluation__453__denoise__boundary_probe__nes__l0.5 calls=1021 margin 3.91->1.07 t=2.7s
[DONE] evaluation__453__denoise__counterfactual__nes__l0.5 calls=1021 margin 3.91->0.97 t=2.9s
[DONE] evaluation__453__deblur__attack__nes__l1 calls=1021 margin 0.80->-2.22 t=2.9s
[DONE] evaluation__453__deblur__restore__nes__l1 calls=1021 margin 0.80->0.92 t=2.9s
[DONE] evaluation__453__deblur__random_walk__random_walk__l1 calls=1024 margin 0.80->-0.22 t=4.5s
[DONE] evaluation__453__deblur__confidence_boost__nes__l1 calls=1021 margin 0.80->3.41 t=3.1s
[DONE] evaluation__453__deblur__boundary_probe__nes__l1 calls=1021 margin 0.80->0.00 t=2.6s
[DONE] evaluation__453__deblur__counterfactual__nes__l1 calls=1021 margin 0.80->-1.91 t=2.7s
[DONE] evaluation__3867__denoise__attack__nes__l0.5 calls=1021 margin 3.71->-2.08 t=3.1s
[DONE] evaluation__3867__denoise__restore__nes__l0.5 calls=1021 margin 3.71->4.40 t=3.1s
[DONE] evaluation__3867__denoise__random_walk__random_walk__l0.5 calls=1024 margin 3.71->4.06 t=4.1s
[DONE] evaluation__3867__denoise__confidence_boost__nes__l0.5 calls=1021 margin 3.71->6.15 t=3.2s
[DONE] evaluation__3867__denoise__boundary_probe__nes__l0.5 calls=1021 margin 3.71->0.03 t=3.2s
[DONE] evaluation__3867__denoise__counterfactual__nes__l0.5 calls=1021 margin 3.71->-2.11 t=3.2s
[DONE] evaluation__3867__deblur__attack__nes__l1 calls=1021 margin 5.46->1.12 t=3.4s
[DONE] evaluation__3867__deblur__restore__nes__l1 calls=1021 margin 5.46->5.43 t=3.2s
[DONE] evaluation__3867__deblur__random_walk__random_walk__l1 calls=1024 margin 5.46->5.67 t=4.5s
[DONE] evaluation__3867__deblur__confidence_boost__nes__l1 calls=1021 margin 5.46->5.91 t=3.5s
[DONE] evaluation__3867__deblur__boundary_probe__nes__l1 calls=1021 margin 5.46->4.17 t=3.3s
[DONE] evaluation__3867__deblur__counterfactual__nes__l1 calls=1021 margin 5.46->4.11 t=3.2s
[DONE] evaluation__7454__denoise__attack__nes__l0.5 calls=1021 margin 4.68->1.38 t=3.1s
[DONE] evaluation__7454__denoise__restore__nes__l0.5 calls=1021 margin 4.68->4.69 t=3.2s
[DONE] evaluation__7454__denoise__random_walk__random_walk__l0.5 calls=1024 margin 4.68->4.30 t=4.5s
[DONE] evaluation__7454__denoise__confidence_boost__nes__l0.5 calls=1021 margin 4.68->5.94 t=3.2s
[DONE] evaluation__7454__denoise__boundary_probe__nes__l0.5 calls=1021 margin 4.68->0.85 t=3.0s
[DONE] evaluation__7454__denoise__counterfactual__nes__l0.5 calls=1021 margin 4.68->0.48 t=3.2s
[DONE] evaluation__7454__deblur__attack__nes__l1 calls=1021 margin 6.15->4.60 t=3.4s
[DONE] evaluation__7454__deblur__restore__nes__l1 calls=1021 margin 6.15->6.14 t=3.4s
[DONE] evaluation__7454__deblur__random_walk__random_walk__l1 calls=1024 margin 6.15->5.80 t=4.3s
[DONE] evaluation__7454__deblur__confidence_boost__nes__l1 calls=1021 margin 6.15->6.45 t=3.2s
[DONE] evaluation__7454__deblur__boundary_probe__nes__l1 calls=1021 margin 6.15->4.15 t=3.3s
[DONE] evaluation__7454__deblur__counterfactual__nes__l1 calls=1021 margin 6.15->3.67 t=3.4s
[DONE] fit__3475__denoise__attack__nes__l0.5 calls=1021 margin 6.15->5.99 t=3.1s
[DONE] fit__3475__denoise__restore__nes__l0.5 calls=1021 margin 6.15->6.12 t=3.2s
[DONE] fit__3475__denoise__random_walk__random_walk__l0.5 calls=1024 margin 6.15->6.17 t=4.3s
[DONE] fit__3475__denoise__confidence_boost__nes__l0.5 calls=1021 margin 6.15->6.28 t=3.1s
[DONE] fit__3475__denoise__boundary_probe__nes__l0.5 calls=1021 margin 6.15->5.86 t=2.8s
[DONE] fit__3475__denoise__counterfactual__nes__l0.5 calls=1021 margin 6.15->5.88 t=3.2s
[DONE] fit__3475__deblur__attack__nes__l1 calls=1021 margin 5.92->5.81 t=3.1s
[DONE] fit__3475__deblur__restore__nes__l1 calls=1021 margin 5.92->5.92 t=3.4s
[DONE] fit__3475__deblur__random_walk__random_walk__l1 calls=1024 margin 5.92->6.02 t=3.8s
[DONE] fit__3475__deblur__confidence_boost__nes__l1 calls=1021 margin 5.92->6.03 t=2.9s
[DONE] fit__3475__deblur__boundary_probe__nes__l1 calls=1021 margin 5.92->5.59 t=3.1s
[DONE] fit__3475__deblur__counterfactual__nes__l1 calls=1021 margin 5.92->5.62 t=3.2s
[DONE] fit__9294__denoise__attack__nes__l0.5 calls=1021 margin 0.10->-4.37 t=3.3s
[DONE] fit__9294__denoise__restore__nes__l0.5 calls=1021 margin 0.10->0.42 t=3.0s
[DONE] fit__9294__denoise__random_walk__random_walk__l0.5 calls=1024 margin 0.10->0.09 t=3.9s
[DONE] fit__9294__denoise__confidence_boost__nes__l0.5 calls=1021 margin 0.10->4.18 t=3.0s
[DONE] fit__9294__denoise__boundary_probe__nes__l0.5 calls=1021 margin 0.10->0.00 t=3.3s
[DONE] fit__9294__denoise__counterfactual__nes__l0.5 calls=1021 margin 0.10->-4.48 t=3.4s
[DONE] fit__9294__deblur__attack__nes__l1 calls=1021 margin 5.49->-6.35 t=3.0s
[DONE] fit__9294__deblur__restore__nes__l1 calls=1021 margin 5.49->5.50 t=3.2s
[DONE] fit__9294__deblur__random_walk__random_walk__l1 calls=1024 margin 5.49->4.46 t=4.1s
[DONE] fit__9294__deblur__confidence_boost__nes__l1 calls=1021 margin 5.49->6.04 t=3.0s
[DONE] fit__9294__deblur__boundary_probe__nes__l1 calls=1021 margin 5.49->0.04 t=3.2s
[DONE] fit__9294__deblur__counterfactual__nes__l1 calls=1021 margin 5.49->-6.01 t=2.9s
[DONE] fit__6230__denoise__attack__nes__l0.5 calls=1021 margin 5.86->5.31 t=3.0s
[DONE] fit__6230__denoise__restore__nes__l0.5 calls=1021 margin 5.86->5.93 t=3.2s
[DONE] fit__6230__denoise__random_walk__random_walk__l0.5 calls=1024 margin 5.86->5.86 t=3.7s
[DONE] fit__6230__denoise__confidence_boost__nes__l0.5 calls=1021 margin 5.86->5.61 t=2.7s
[DONE] fit__6230__denoise__boundary_probe__nes__l0.5 calls=1021 margin 5.86->3.55 t=3.0s
[DONE] fit__6230__denoise__counterfactual__nes__l0.5 calls=1021 margin 5.86->3.54 t=3.1s
[DONE] fit__6230__deblur__attack__nes__l1 calls=1021 margin 6.46->6.13 t=3.2s
[DONE] fit__6230__deblur__restore__nes__l1 calls=1021 margin 6.46->6.44 t=3.2s
[DONE] fit__6230__deblur__random_walk__random_walk__l1 calls=1024 margin 6.46->6.45 t=4.2s
[DONE] fit__6230__deblur__confidence_boost__nes__l1 calls=1021 margin 6.46->6.11 t=3.5s
[DONE] fit__6230__deblur__boundary_probe__nes__l1 calls=1021 margin 6.46->6.05 t=3.2s
[DONE] fit__6230__deblur__counterfactual__nes__l1 calls=1021 margin 6.46->6.06 t=3.4s
[DONE] fit__4092__denoise__attack__nes__l0.5 calls=1021 margin 2.18->-4.89 t=3.1s
[DONE] fit__4092__denoise__restore__nes__l0.5 calls=1021 margin 2.18->2.31 t=3.4s
[DONE] fit__4092__denoise__random_walk__random_walk__l0.5 calls=1024 margin 2.18->2.23 t=4.2s
[DONE] fit__4092__denoise__confidence_boost__nes__l0.5 calls=1021 margin 2.18->5.95 t=3.0s
[DONE] fit__4092__denoise__boundary_probe__nes__l0.5 calls=1021 margin 2.18->0.01 t=2.7s
[DONE] fit__4092__denoise__counterfactual__nes__l0.5 calls=1021 margin 2.18->-4.99 t=3.0s
[DONE] fit__4092__deblur__attack__nes__l1 calls=1021 margin 6.22->6.15 t=3.3s
[DONE] fit__4092__deblur__restore__nes__l1 calls=1021 margin 6.22->6.22 t=3.2s
[DONE] fit__4092__deblur__random_walk__random_walk__l1 calls=1024 margin 6.22->6.14 t=4.2s
[DONE] fit__4092__deblur__confidence_boost__nes__l1 calls=1021 margin 6.22->6.32 t=3.0s
[DONE] fit__4092__deblur__boundary_probe__nes__l1 calls=1021 margin 6.22->5.38 t=3.4s
[DONE] fit__4092__deblur__counterfactual__nes__l1 calls=1021 margin 6.22->5.46 t=3.2s
[DONE] fit__8594__denoise__attack__nes__l0.5 calls=1021 margin 5.86->5.63 t=3.1s
[DONE] fit__8594__denoise__restore__nes__l0.5 calls=1021 margin 5.86->5.84 t=2.9s
[DONE] fit__8594__denoise__random_walk__random_walk__l0.5 calls=1024 margin 5.86->5.86 t=4.1s
[DONE] fit__8594__denoise__confidence_boost__nes__l0.5 calls=1021 margin 5.86->6.16 t=2.6s
[DONE] fit__8594__denoise__boundary_probe__nes__l0.5 calls=1021 margin 5.86->5.63 t=2.7s
[DONE] fit__8594__denoise__counterfactual__nes__l0.5 calls=1021 margin 5.86->5.61 t=3.2s
[DONE] fit__8594__deblur__attack__nes__l1 calls=1021 margin 5.82->5.54 t=2.7s
[DONE] fit__8594__deblur__restore__nes__l1 calls=1021 margin 5.82->5.82 t=2.9s
[DONE] fit__8594__deblur__random_walk__random_walk__l1 calls=1024 margin 5.82->5.76 t=3.9s
[DONE] fit__8594__deblur__confidence_boost__nes__l1 calls=1021 margin 5.82->6.11 t=3.1s
[DONE] fit__8594__deblur__boundary_probe__nes__l1 calls=1021 margin 5.82->5.52 t=3.1s
[DONE] fit__8594__deblur__counterfactual__nes__l1 calls=1021 margin 5.82->5.50 t=2.8s
[DONE] fit__11432__denoise__attack__nes__l0.5 calls=1021 margin 6.22->6.02 t=3.0s
[DONE] fit__11432__denoise__restore__nes__l0.5 calls=1021 margin 6.22->6.23 t=2.8s
[DONE] fit__11432__denoise__random_walk__random_walk__l0.5 calls=1024 margin 6.22->6.23 t=4.0s
[DONE] fit__11432__denoise__confidence_boost__nes__l0.5 calls=1021 margin 6.22->6.37 t=2.9s
[DONE] fit__11432__denoise__boundary_probe__nes__l0.5 calls=1021 margin 6.22->5.97 t=2.9s
[DONE] fit__11432__denoise__counterfactual__nes__l0.5 calls=1021 margin 6.22->6.01 t=2.9s
[DONE] fit__11432__deblur__attack__nes__l1 calls=1021 margin 6.20->6.12 t=2.9s
[DONE] fit__11432__deblur__restore__nes__l1 calls=1021 margin 6.20->6.19 t=2.9s
[DONE] fit__11432__deblur__random_walk__random_walk__l1 calls=1024 margin 6.20->6.22 t=4.0s
[DONE] fit__11432__deblur__confidence_boost__nes__l1 calls=1021 margin 6.20->6.29 t=3.0s
[DONE] fit__11432__deblur__boundary_probe__nes__l1 calls=1021 margin 6.20->6.03 t=3.1s
[DONE] fit__11432__deblur__counterfactual__nes__l1 calls=1021 margin 6.20->6.05 t=3.1s
[DONE] fit__9936__denoise__attack__nes__l0.5 calls=1021 margin 5.06->1.62 t=3.2s
[DONE] fit__9936__denoise__restore__nes__l0.5 calls=1021 margin 5.06->5.07 t=3.2s
[DONE] fit__9936__denoise__random_walk__random_walk__l0.5 calls=1024 margin 5.06->4.33 t=4.1s
[DONE] fit__9936__denoise__confidence_boost__nes__l0.5 calls=1021 margin 5.06->5.65 t=2.9s
[DONE] fit__9936__denoise__boundary_probe__nes__l0.5 calls=1021 margin 5.06->0.04 t=2.8s
[DONE] fit__9936__denoise__counterfactual__nes__l0.5 calls=1021 margin 5.06->0.11 t=2.8s
[DONE] fit__9936__deblur__attack__nes__l1 calls=1021 margin 5.64->0.75 t=3.0s
[DONE] fit__9936__deblur__restore__nes__l1 calls=1021 margin 5.64->5.93 t=3.5s
[DONE] fit__9936__deblur__random_walk__random_walk__l1 calls=1024 margin 5.64->5.87 t=4.3s
[DONE] fit__9936__deblur__confidence_boost__nes__l1 calls=1021 margin 5.64->6.45 t=3.3s
[DONE] fit__9936__deblur__boundary_probe__nes__l1 calls=1021 margin 5.64->1.39 t=3.3s
[DONE] fit__9936__deblur__counterfactual__nes__l1 calls=1021 margin 5.64->0.65 t=3.2s
[DONE] fit__10593__denoise__attack__nes__l0.5 calls=1021 margin 3.76->1.00 t=3.1s
[DONE] fit__10593__denoise__restore__nes__l0.5 calls=1021 margin 3.76->3.63 t=3.2s
[DONE] fit__10593__denoise__random_walk__random_walk__l0.5 calls=1024 margin 3.76->3.78 t=3.9s
[DONE] fit__10593__denoise__confidence_boost__nes__l0.5 calls=1021 margin 3.76->5.03 t=2.7s
[DONE] fit__10593__denoise__boundary_probe__nes__l0.5 calls=1021 margin 3.76->0.53 t=2.8s
[DONE] fit__10593__denoise__counterfactual__nes__l0.5 calls=1021 margin 3.76->0.46 t=2.7s
[DONE] fit__10593__deblur__attack__nes__l1 calls=1021 margin 5.95->2.85 t=2.9s
[DONE] fit__10593__deblur__restore__nes__l1 calls=1021 margin 5.95->5.82 t=2.8s
[DONE] fit__10593__deblur__random_walk__random_walk__l1 calls=1024 margin 5.95->5.58 t=4.1s
[DONE] fit__10593__deblur__confidence_boost__nes__l1 calls=1021 margin 5.95->6.58 t=3.1s
[DONE] fit__10593__deblur__boundary_probe__nes__l1 calls=1021 margin 5.95->3.93 t=3.1s
[DONE] fit__10593__deblur__counterfactual__nes__l1 calls=1021 margin 5.95->3.85 t=3.0s
[DONE] fit__8998__denoise__attack__nes__l0.5 calls=1021 margin 5.90->5.35 t=3.3s
[DONE] fit__8998__denoise__restore__nes__l0.5 calls=1021 margin 5.90->5.93 t=2.9s
[DONE] fit__8998__denoise__random_walk__random_walk__l0.5 calls=1024 margin 5.90->6.00 t=3.9s
[DONE] fit__8998__denoise__confidence_boost__nes__l0.5 calls=1021 margin 5.90->6.10 t=2.9s
[DONE] fit__8998__denoise__boundary_probe__nes__l0.5 calls=1021 margin 5.90->5.26 t=3.0s
[DONE] fit__8998__denoise__counterfactual__nes__l0.5 calls=1021 margin 5.90->5.21 t=3.0s
[DONE] fit__8998__deblur__attack__nes__l1 calls=1021 margin 6.39->6.23 t=3.2s
[DONE] fit__8998__deblur__restore__nes__l1 calls=1021 margin 6.39->6.41 t=3.1s
[DONE] fit__8998__deblur__random_walk__random_walk__l1 calls=1024 margin 6.39->6.46 t=4.0s
[DONE] fit__8998__deblur__confidence_boost__nes__l1 calls=1021 margin 6.39->6.55 t=3.0s
[DONE] fit__8998__deblur__boundary_probe__nes__l1 calls=1021 margin 6.39->5.88 t=2.9s
[DONE] fit__8998__deblur__counterfactual__nes__l1 calls=1021 margin 6.39->5.94 t=3.5s
[DONE] fit__5355__denoise__attack__nes__l0.5 calls=1021 margin 4.37->3.06 t=2.9s
[DONE] fit__5355__denoise__restore__nes__l0.5 calls=1021 margin 4.37->4.21 t=2.9s
[DONE] fit__5355__denoise__random_walk__random_walk__l0.5 calls=1024 margin 4.37->4.21 t=4.3s
[DONE] fit__5355__denoise__confidence_boost__nes__l0.5 calls=1021 margin 4.37->5.05 t=3.0s
[DONE] fit__5355__denoise__boundary_probe__nes__l0.5 calls=1021 margin 4.37->2.78 t=3.0s
[DONE] fit__5355__denoise__counterfactual__nes__l0.5 calls=1021 margin 4.37->2.82 t=3.3s
[DONE] fit__5355__deblur__attack__nes__l1 calls=1021 margin 5.16->3.74 t=3.2s
[DONE] fit__5355__deblur__restore__nes__l1 calls=1021 margin 5.16->5.14 t=2.8s
[DONE] fit__5355__deblur__random_walk__random_walk__l1 calls=1024 margin 5.16->5.17 t=3.9s
[DONE] fit__5355__deblur__confidence_boost__nes__l1 calls=1021 margin 5.16->5.88 t=3.0s
[DONE] fit__5355__deblur__boundary_probe__nes__l1 calls=1021 margin 5.16->3.29 t=2.8s
[DONE] fit__5355__deblur__counterfactual__nes__l1 calls=1021 margin 5.16->3.44 t=2.8s
[DONE] fit__12454__denoise__attack__nes__l0.5 calls=1021 margin 3.25->-0.04 t=2.8s
[DONE] fit__12454__denoise__restore__nes__l0.5 calls=1021 margin 3.25->3.44 t=2.7s
[DONE] fit__12454__denoise__random_walk__random_walk__l0.5 calls=1024 margin 3.25->3.44 t=3.8s
[DONE] fit__12454__denoise__confidence_boost__nes__l0.5 calls=1021 margin 3.25->4.68 t=3.1s
[DONE] fit__12454__denoise__boundary_probe__nes__l0.5 calls=1021 margin 3.25->0.00 t=3.1s
[DONE] fit__12454__denoise__counterfactual__nes__l0.5 calls=1021 margin 3.25->-0.31 t=3.1s
[DONE] fit__12454__deblur__attack__nes__l1 calls=1021 margin 4.01->2.84 t=3.2s
[DONE] fit__12454__deblur__restore__nes__l1 calls=1021 margin 4.01->4.05 t=3.0s
[DONE] fit__12454__deblur__random_walk__random_walk__l1 calls=1024 margin 4.01->3.79 t=4.0s
[DONE] fit__12454__deblur__confidence_boost__nes__l1 calls=1021 margin 4.01->4.94 t=2.7s
[DONE] fit__12454__deblur__boundary_probe__nes__l1 calls=1021 margin 4.01->2.72 t=2.9s
[DONE] fit__12454__deblur__counterfactual__nes__l1 calls=1021 margin 4.01->2.80 t=2.9s
[DONE] fit__11609__denoise__attack__nes__l0.5 calls=1021 margin 0.75->-4.95 t=3.1s
[DONE] fit__11609__denoise__restore__nes__l0.5 calls=1021 margin 0.75->0.93 t=3.4s
[DONE] fit__11609__denoise__random_walk__random_walk__l0.5 calls=1024 margin 0.75->0.81 t=4.3s
[DONE] fit__11609__denoise__confidence_boost__nes__l0.5 calls=1021 margin 0.75->5.30 t=3.1s
[DONE] fit__11609__denoise__boundary_probe__nes__l0.5 calls=1021 margin 0.75->0.00 t=3.1s
[DONE] fit__11609__denoise__counterfactual__nes__l0.5 calls=1021 margin 0.75->-5.65 t=3.2s
[DONE] fit__11609__deblur__attack__nes__l1 calls=1021 margin 6.32->4.86 t=3.0s
[DONE] fit__11609__deblur__restore__nes__l1 calls=1021 margin 6.32->6.33 t=3.2s
[DONE] fit__11609__deblur__random_walk__random_walk__l1 calls=1024 margin 6.32->6.22 t=3.9s
[DONE] fit__11609__deblur__confidence_boost__nes__l1 calls=1021 margin 6.32->6.53 t=3.2s
[DONE] fit__11609__deblur__boundary_probe__nes__l1 calls=1021 margin 6.32->3.29 t=2.9s
[DONE] fit__11609__deblur__counterfactual__nes__l1 calls=1021 margin 6.32->5.75 t=3.7s
[DONE] fit__8765__denoise__attack__nes__l0.5 calls=1021 margin 6.41->6.30 t=3.0s
[DONE] fit__8765__denoise__restore__nes__l0.5 calls=1021 margin 6.41->6.41 t=2.9s
[DONE] fit__8765__denoise__random_walk__random_walk__l0.5 calls=1024 margin 6.41->6.43 t=3.9s
[DONE] fit__8765__denoise__confidence_boost__nes__l0.5 calls=1021 margin 6.41->6.50 t=2.9s
[DONE] fit__8765__denoise__boundary_probe__nes__l0.5 calls=1021 margin 6.41->6.21 t=2.8s
[DONE] fit__8765__denoise__counterfactual__nes__l0.5 calls=1021 margin 6.41->6.21 t=2.8s
[DONE] fit__8765__deblur__attack__nes__l1 calls=1021 margin 6.46->6.42 t=2.5s
[DONE] fit__8765__deblur__restore__nes__l1 calls=1021 margin 6.46->6.44 t=2.5s
[DONE] fit__8765__deblur__random_walk__random_walk__l1 calls=1024 margin 6.46->6.43 t=3.5s
[DONE] fit__8765__deblur__confidence_boost__nes__l1 calls=1021 margin 6.46->6.47 t=2.5s
[DONE] fit__8765__deblur__boundary_probe__nes__l1 calls=1021 margin 6.46->6.29 t=2.6s
[DONE] fit__8765__deblur__counterfactual__nes__l1 calls=1021 margin 6.46->6.29 t=2.6s
[DONE] fit__8684__denoise__attack__nes__l0.5 calls=1021 margin 3.25->-2.41 t=3.0s
[DONE] fit__8684__denoise__restore__nes__l0.5 calls=1021 margin 3.25->3.50 t=2.9s
[DONE] fit__8684__denoise__random_walk__random_walk__l0.5 calls=1024 margin 3.25->2.94 t=3.7s
[DONE] fit__8684__denoise__confidence_boost__nes__l0.5 calls=1021 margin 3.25->5.72 t=2.8s
[DONE] fit__8684__denoise__boundary_probe__nes__l0.5 calls=1021 margin 3.25->0.03 t=3.0s
[DONE] fit__8684__denoise__counterfactual__nes__l0.5 calls=1021 margin 3.25->-1.97 t=2.8s
[DONE] fit__8684__deblur__attack__nes__l1 calls=1021 margin 5.29->-1.63 t=2.8s
[DONE] fit__8684__deblur__restore__nes__l1 calls=1021 margin 5.29->5.07 t=2.8s
[DONE] fit__8684__deblur__random_walk__random_walk__l1 calls=1024 margin 5.29->5.58 t=3.5s
[DONE] fit__8684__deblur__confidence_boost__nes__l1 calls=1021 margin 5.29->6.37 t=2.7s
[DONE] fit__8684__deblur__boundary_probe__nes__l1 calls=1021 margin 5.29->0.04 t=2.6s
[DONE] fit__8684__deblur__counterfactual__nes__l1 calls=1021 margin 5.29->1.92 t=2.6s
