[DONE] calibration__7979__denoise__attack__nes__l0.5 calls=1021 margin 5.62->5.45 t=3.1s
[DONE] calibration__7979__denoise__restore__nes__l0.5 calls=1021 margin 5.62->5.63 t=2.6s
[DONE] calibration__7979__denoise__random_walk__random_walk__l0.5 calls=1024 margin 5.62->5.48 t=4.5s
[DONE] calibration__7979__denoise__confidence_boost__nes__l0.5 calls=1021 margin 5.62->5.72 t=2.7s
[DONE] calibration__7979__denoise__boundary_probe__nes__l0.5 calls=1021 margin 5.62->4.21 t=2.9s
[DONE] calibration__7979__denoise__counterfactual__nes__l0.5 calls=1021 margin 5.62->4.50 t=2.9s
[DONE] calibration__7979__deblur__attack__nes__l1 calls=1021 margin 5.60->5.10 t=2.9s
[DONE] calibration__7979__deblur__restore__nes__l1 calls=1021 margin 5.60->5.55 t=3.1s
[DONE] calibration__7979__deblur__random_walk__random_walk__l1 calls=1024 margin 5.60->5.72 t=4.4s
[DONE] calibration__7979__deblur__confidence_boost__nes__l1 calls=1021 margin 5.60->6.01 t=2.6s
[DONE] calibration__7979__deblur__boundary_probe__nes__l1 calls=1021 margin 5.60->5.07 t=2.7s
[DONE] calibration__7979__deblur__counterfactual__nes__l1 calls=1021 margin 5.60->5.12 t=2.9s
[DONE] calibration__4249__denoise__attack__nes__l0.5 calls=1021 margin 5.52->6.15 t=3.1s
[DONE] calibration__4249__denoise__restore__nes__l0.5 calls=1021 margin 5.52->5.54 t=3.2s
[DONE] calibration__4249__denoise__random_walk__random_walk__l0.5 calls=1024 margin 5.52->5.34 t=4.6s
[DONE] calibration__4249__denoise__confidence_boost__nes__l0.5 calls=1021 margin 5.52->5.55 t=3.0s
[DONE] calibration__4249__denoise__boundary_probe__nes__l0.5 calls=1021 margin 5.52->0.80 t=3.0s
[DONE] calibration__4249__denoise__counterfactual__nes__l0.5 calls=1021 margin 5.52->1.15 t=3.0s
[DONE] calibration__4249__deblur__attack__nes__l1 calls=1021 margin 6.26->5.93 t=3.0s
[DONE] calibration__4249__deblur__restore__nes__l1 calls=1021 margin 6.26->6.29 t=3.2s
[DONE] calibration__4249__deblur__random_walk__random_walk__l1 calls=1024 margin 6.26->6.32 t=4.4s
[DONE] calibration__4249__deblur__confidence_boost__nes__l1 calls=1021 margin 6.26->6.66 t=2.8s
[DONE] calibration__4249__deblur__boundary_probe__nes__l1 calls=1021 margin 6.26->5.93 t=2.7s
[DONE] calibration__4249__deblur__counterfactual__nes__l1 calls=1021 margin 6.26->5.91 t=2.8s
[DONE] calibration__10966__denoise__attack__nes__l0.5 calls=1021 margin 3.83->-0.97 t=3.0s
[DONE] calibration__10966__denoise__restore__nes__l0.5 calls=1021 margin 3.83->4.20 t=3.0s
[DONE] calibration__10966__denoise__random_walk__random_walk__l0.5 calls=1024 margin 3.83->3.77 t=4.6s
[DONE] calibration__10966__denoise__confidence_boost__nes__l0.5 calls=1021 margin 3.83->6.09 t=3.4s
[DONE] calibration__10966__denoise__boundary_probe__nes__l0.5 calls=1021 margin 3.83->0.00 t=3.3s
[DONE] calibration__10966__denoise__counterfactual__nes__l0.5 calls=1021 margin 3.83->-0.43 t=2.8s
[DONE] calibration__10966__deblur__attack__nes__l1 calls=1021 margin 6.24->-5.98 t=2.8s
[DONE] calibration__10966__deblur__restore__nes__l1 calls=1021 margin 6.24->6.23 t=3.0s
[DONE] calibration__10966__deblur__random_walk__random_walk__l1 calls=1024 margin 6.24->5.83 t=4.5s
[DONE] calibration__10966__deblur__confidence_boost__nes__l1 calls=1021 margin 6.24->6.95 t=3.1s
[DONE] calibration__10966__deblur__boundary_probe__nes__l1 calls=1021 margin 6.24->0.06 t=3.0s
[DONE] calibration__10966__deblur__counterfactual__nes__l1 calls=1021 margin 6.24->-6.33 t=2.8s
[DONE] calibration__9463__denoise__attack__nes__l0.5 calls=1021 margin 6.52->6.37 t=2.8s
[DONE] calibration__9463__denoise__restore__nes__l0.5 calls=1021 margin 6.52->6.50 t=3.0s
[DONE] calibration__9463__denoise__random_walk__random_walk__l0.5 calls=1024 margin 6.52->6.59 t=3.9s
[DONE] calibration__9463__denoise__confidence_boost__nes__l0.5 calls=1021 margin 6.52->6.53 t=3.3s
[DONE] calibration__9463__denoise__boundary_probe__nes__l0.5 calls=1021 margin 6.52->3.26 t=3.0s
[DONE] calibration__9463__denoise__counterfactual__nes__l0.5 calls=1021 margin 6.52->3.79 t=3.4s
[DONE] calibration__9463__deblur__attack__nes__l1 calls=1021 margin 6.23->6.07 t=3.0s
[DONE] calibration__9463__deblur__restore__nes__l1 calls=1021 margin 6.23->6.25 t=3.3s
[DONE] calibration__9463__deblur__random_walk__random_walk__l1 calls=1024 margin 6.23->5.43 t=4.2s
[DONE] calibration__9463__deblur__confidence_boost__nes__l1 calls=1021 margin 6.23->6.36 t=3.1s
[DONE] calibration__9463__deblur__boundary_probe__nes__l1 calls=1021 margin 6.23->1.26 t=3.0s
[DONE] calibration__9463__deblur__counterfactual__nes__l1 calls=1021 margin 6.23->1.89 t=2.8s
[DONE] calibration__4875__denoise__attack__nes__l0.5 calls=1021 margin 6.03->5.07 t=2.9s
[DONE] calibration__4875__denoise__restore__nes__l0.5 calls=1021 margin 6.03->6.00 t=3.3s
[DONE] calibration__4875__denoise__random_walk__random_walk__l0.5 calls=1024 margin 6.03->6.13 t=4.2s
[DONE] calibration__4875__denoise__confidence_boost__nes__l0.5 calls=1021 margin 6.03->6.22 t=2.9s
[DONE] calibration__4875__denoise__boundary_probe__nes__l0.5 calls=1021 margin 6.03->4.55 t=2.8s
[DONE] calibration__4875__denoise__counterfactual__nes__l0.5 calls=1021 margin 6.03->4.54 t=2.8s
[DONE] calibration__4875__deblur__attack__nes__l1 calls=1021 margin 6.18->5.10 t=2.7s
[DONE] calibration__4875__deblur__restore__nes__l1 calls=1021 margin 6.18->6.10 t=2.9s
[DONE] calibration__4875__deblur__random_walk__random_walk__l1 calls=1024 margin 6.18->6.15 t=4.5s
[DONE] calibration__4875__deblur__confidence_boost__nes__l1 calls=1021 margin 6.18->6.55 t=2.4s
[DONE] calibration__4875__deblur__boundary_probe__nes__l1 calls=1021 margin 6.18->4.01 t=3.1s
[DONE] calibration__4875__deblur__counterfactual__nes__l1 calls=1021 margin 6.18->4.23 t=2.9s
[DONE] calibration__9227__denoise__attack__nes__l0.5 calls=1021 margin 6.57->6.31 t=3.0s
[DONE] calibration__9227__denoise__restore__nes__l0.5 calls=1021 margin 6.57->6.56 t=3.1s
[DONE] calibration__9227__denoise__random_walk__random_walk__l0.5 calls=1024 margin 6.57->6.58 t=4.4s
[DONE] calibration__9227__denoise__confidence_boost__nes__l0.5 calls=1021 margin 6.57->6.63 t=3.0s
[DONE] calibration__9227__denoise__boundary_probe__nes__l0.5 calls=1021 margin 6.57->6.17 t=3.0s
[DONE] calibration__9227__denoise__counterfactual__nes__l0.5 calls=1021 margin 6.57->6.23 t=2.8s
[DONE] calibration__9227__deblur__attack__nes__l1 calls=1021 margin 6.59->6.50 t=2.8s
[DONE] calibration__9227__deblur__restore__nes__l1 calls=1021 margin 6.59->6.59 t=3.0s
[DONE] calibration__9227__deblur__random_walk__random_walk__l1 calls=1024 margin 6.59->6.57 t=4.6s
[DONE] calibration__9227__deblur__confidence_boost__nes__l1 calls=1021 margin 6.59->6.74 t=3.2s
[DONE] calibration__9227__deblur__boundary_probe__nes__l1 calls=1021 margin 6.59->6.39 t=3.2s
[DONE] calibration__9227__deblur__counterfactual__nes__l1 calls=1021 margin 6.59->6.39 t=2.9s
[DONE] calibration__10119__denoise__attack__nes__l0.5 calls=1021 margin 5.34->3.57 t=3.0s
[DONE] calibration__10119__denoise__restore__nes__l0.5 calls=1021 margin 5.34->5.30 t=3.0s
[DONE] calibration__10119__denoise__random_walk__random_walk__l0.5 calls=1024 margin 5.34->5.04 t=4.4s
[DONE] calibration__10119__denoise__confidence_boost__nes__l0.5 calls=1021 margin 5.34->6.16 t=3.0s
[DONE] calibration__10119__denoise__boundary_probe__nes__l0.5 calls=1021 margin 5.34->3.39 t=3.0s
[DONE] calibration__10119__denoise__counterfactual__nes__l0.5 calls=1021 margin 5.34->3.52 t=2.7s
[DONE] calibration__10119__deblur__attack__nes__l1 calls=1021 margin 5.54->3.40 t=2.6s
[DONE] calibration__10119__deblur__restore__nes__l1 calls=1021 margin 5.54->5.41 t=2.6s
[DONE] calibration__10119__deblur__random_walk__random_walk__l1 calls=1024 margin 5.54->5.59 t=4.2s
[DONE] calibration__10119__deblur__confidence_boost__nes__l1 calls=1021 margin 5.54->6.13 t=3.0s
[DONE] calibration__10119__deblur__boundary_probe__nes__l1 calls=1021 margin 5.54->3.96 t=3.0s
[DONE] calibration__10119__deblur__counterfactual__nes__l1 calls=1021 margin 5.54->4.28 t=3.0s
[DONE] calibration__6303__denoise__attack__nes__l0.5 calls=1021 margin 6.29->6.04 t=3.3s
[DONE] calibration__6303__denoise__restore__nes__l0.5 calls=1021 margin 6.29->6.29 t=3.1s
[DONE] calibration__6303__denoise__random_walk__random_walk__l0.5 calls=1024 margin 6.29->6.21 t=4.2s
[DONE] calibration__6303__denoise__confidence_boost__nes__l0.5 calls=1021 margin 6.29->6.52 t=3.2s
[DONE] calibration__6303__denoise__boundary_probe__nes__l0.5 calls=1021 margin 6.29->5.99 t=3.3s
[DONE] calibration__6303__denoise__counterfactual__nes__l0.5 calls=1021 margin 6.29->6.00 t=3.0s
[DONE] calibration__6303__deblur__attack__nes__l1 calls=1021 margin 5.98->5.43 t=3.3s
[DONE] calibration__6303__deblur__restore__nes__l1 calls=1021 margin 5.98->5.98 t=3.0s
[DONE] calibration__6303__deblur__random_walk__random_walk__l1 calls=1024 margin 5.98->6.02 t=4.2s
[DONE] calibration__6303__deblur__confidence_boost__nes__l1 calls=1021 margin 5.98->6.41 t=3.2s
[DONE] calibration__6303__deblur__boundary_probe__nes__l1 calls=1021 margin 5.98->4.54 t=2.9s
[DONE] calibration__6303__deblur__counterfactual__nes__l1 calls=1021 margin 5.98->4.78 t=2.6s
[DONE] calibration__12507__denoise__attack__nes__l0.5 calls=1021 margin 1.73->-5.42 t=3.1s
[DONE] calibration__12507__denoise__restore__nes__l0.5 calls=1021 margin 1.73->1.68 t=3.0s
[DONE] calibration__12507__denoise__random_walk__random_walk__l0.5 calls=1024 margin 1.73->2.08 t=4.2s
[DONE] calibration__12507__denoise__confidence_boost__nes__l0.5 calls=1021 margin 1.73->6.48 t=2.9s
[DONE] calibration__12507__denoise__boundary_probe__nes__l0.5 calls=1021 margin 1.73->0.03 t=3.3s
[DONE] calibration__12507__denoise__counterfactual__nes__l0.5 calls=1021 margin 1.73->-5.47 t=3.1s
[DONE] calibration__12507__deblur__attack__nes__l1 calls=1021 margin 6.63->6.05 t=2.9s
[DONE] calibration__12507__deblur__restore__nes__l1 calls=1021 margin 6.63->6.66 t=3.0s
[DONE] calibration__12507__deblur__random_walk__random_walk__l1 calls=1024 margin 6.63->6.73 t=4.1s
[DONE] calibration__12507__deblur__confidence_boost__nes__l1 calls=1021 margin 6.63->6.89 t=3.2s
[DONE] calibration__12507__deblur__boundary_probe__nes__l1 calls=1021 margin 6.63->5.03 t=2.8s
[DONE] calibration__12507__deblur__counterfactual__nes__l1 calls=1021 margin 6.63->4.75 t=2.7s
[DONE] calibration__8798__denoise__attack__nes__l0.5 calls=1021 margin 5.84->5.28 t=2.9s
[DONE] calibration__8798__denoise__restore__nes__l0.5 calls=1021 margin 5.84->5.87 t=3.1s
[DONE] calibration__8798__denoise__random_walk__random_walk__l0.5 calls=1024 margin 5.84->5.85 t=4.4s
[DONE] calibration__8798__denoise__confidence_boost__nes__l0.5 calls=1021 margin 5.84->6.16 t=2.8s
[DONE] calibration__8798__denoise__boundary_probe__nes__l0.5 calls=1021 margin 5.84->5.15 t=2.7s
[DONE] calibration__8798__denoise__counterfactual__nes__l0.5 calls=1021 margin 5.84->5.20 t=2.9s
[DONE] calibration__8798__deblur__attack__nes__l1 calls=1021 margin 5.98->5.66 t=2.7s
[DONE] calibration__8798__deblur__restore__nes__l1 calls=1021 margin 5.98->6.00 t=3.0s
[DONE] calibration__8798__deblur__random_walk__random_walk__l1 calls=1024 margin 5.98->6.04 t=4.3s
[DONE] calibration__8798__deblur__confidence_boost__nes__l1 calls=1021 margin 5.98->6.31 t=2.6s
[DONE] calibration__8798__deblur__boundary_probe__nes__l1 calls=1021 margin 5.98->5.70 t=2.5s
[DONE] calibration__8798__deblur__counterfactual__nes__l1 calls=1021 margin 5.98->5.70 t=2.9s
[DONE] calibration__9379__denoise__attack__nes__l0.5 calls=1021 margin 6.07->6.00 t=3.1s
[DONE] calibration__9379__denoise__restore__nes__l0.5 calls=1021 margin 6.07->6.09 t=2.7s
[DONE] calibration__9379__denoise__random_walk__random_walk__l0.5 calls=1024 margin 6.07->6.07 t=4.6s
[DONE] calibration__9379__denoise__confidence_boost__nes__l0.5 calls=1021 margin 6.07->6.15 t=3.0s
[DONE] calibration__9379__denoise__boundary_probe__nes__l0.5 calls=1021 margin 6.07->5.95 t=3.1s
[DONE] calibration__9379__denoise__counterfactual__nes__l0.5 calls=1021 margin 6.07->5.94 t=3.0s
[DONE] calibration__9379__deblur__attack__nes__l1 calls=1021 margin 6.01->5.86 t=2.7s
[DONE] calibration__9379__deblur__restore__nes__l1 calls=1021 margin 6.01->6.00 t=2.8s
[DONE] calibration__9379__deblur__random_walk__random_walk__l1 calls=1024 margin 6.01->6.06 t=4.1s
[DONE] calibration__9379__deblur__confidence_boost__nes__l1 calls=1021 margin 6.01->6.16 t=3.0s
[DONE] calibration__9379__deblur__boundary_probe__nes__l1 calls=1021 margin 6.01->5.83 t=3.0s
[DONE] calibration__9379__deblur__counterfactual__nes__l1 calls=1021 margin 6.01->5.81 t=2.7s
[DONE] calibration__10875__denoise__attack__nes__l0.5 calls=1021 margin 6.59->6.27 t=2.8s
[DONE] calibration__10875__denoise__restore__nes__l0.5 calls=1021 margin 6.59->6.57 t=2.9s
[DONE] calibration__10875__denoise__random_walk__random_walk__l0.5 calls=1024 margin 6.59->6.61 t=3.9s
[DONE] calibration__10875__denoise__confidence_boost__nes__l0.5 calls=1021 margin 6.59->6.89 t=2.7s
[DONE] calibration__10875__denoise__boundary_probe__nes__l0.5 calls=1021 margin 6.59->6.22 t=3.0s
[DONE] calibration__10875__denoise__counterfactual__nes__l0.5 calls=1021 margin 6.59->6.23 t=2.9s
[DONE] calibration__10875__deblur__attack__nes__l1 calls=1021 margin 6.44->6.23 t=3.0s
[DONE] calibration__10875__deblur__restore__nes__l1 calls=1021 margin 6.44->6.46 t=3.0s
[DONE] calibration__10875__deblur__random_walk__random_walk__l1 calls=1024 margin 6.44->6.48 t=4.1s
[DONE] calibration__10875__deblur__confidence_boost__nes__l1 calls=1021 margin 6.44->6.66 t=2.9s
[DONE] calibration__10875__deblur__boundary_probe__nes__l1 calls=1021 margin 6.44->6.18 t=2.9s
[DONE] calibration__10875__deblur__counterfactual__nes__l1 calls=1021 margin 6.44->6.20 t=3.1s
[DONE] calibration__12399__denoise__attack__nes__l0.5 calls=1021 margin 6.34->6.12 t=3.0s
[DONE] calibration__12399__denoise__restore__nes__l0.5 calls=1021 margin 6.34->6.34 t=2.8s
[DONE] calibration__12399__denoise__random_walk__random_walk__l0.5 calls=1024 margin 6.34->6.27 t=4.0s
[DONE] calibration__12399__denoise__confidence_boost__nes__l0.5 calls=1021 margin 6.34->6.43 t=2.8s
[DONE] calibration__12399__denoise__boundary_probe__nes__l0.5 calls=1021 margin 6.34->6.20 t=2.6s
[DONE] calibration__12399__denoise__counterfactual__nes__l0.5 calls=1021 margin 6.34->6.20 t=2.6s
[DONE] calibration__12399__deblur__attack__nes__l1 calls=1021 margin 6.05->5.91 t=3.1s
[DONE] calibration__12399__deblur__restore__nes__l1 calls=1021 margin 6.05->6.10 t=2.8s
[DONE] calibration__12399__deblur__random_walk__random_walk__l1 calls=1024 margin 6.05->6.10 t=4.0s
[DONE] calibration__12399__deblur__confidence_boost__nes__l1 calls=1021 margin 6.05->6.25 t=2.8s
[DONE] calibration__12399__deblur__boundary_probe__nes__l1 calls=1021 margin 6.05->5.85 t=2.8s
[DONE] calibration__12399__deblur__counterfactual__nes__l1 calls=1021 margin 6.05->5.88 t=2.7s
[DONE] calibration__11658__denoise__attack__nes__l0.5 calls=1021 margin 5.36->0.50 t=2.9s
[DONE] calibration__11658__denoise__restore__nes__l0.5 calls=1021 margin 5.36->5.48 t=3.1s
[DONE] calibration__11658__denoise__random_walk__random_walk__l0.5 calls=1024 margin 5.36->4.55 t=4.4s
[DONE] calibration__11658__denoise__confidence_boost__nes__l0.5 calls=1021 margin 5.36->6.10 t=3.0s
[DONE] calibration__11658__denoise__boundary_probe__nes__l0.5 calls=1021 margin 5.36->0.06 t=3.4s
[DONE] calibration__11658__denoise__counterfactual__nes__l0.5 calls=1021 margin 5.36->1.23 t=3.0s
[DONE] calibration__11658__deblur__attack__nes__l1 calls=1021 margin 6.06->4.66 t=2.8s
[DONE] calibration__11658__deblur__restore__nes__l1 calls=1021 margin 6.06->6.02 t=3.1s
[DONE] calibration__11658__deblur__random_walk__random_walk__l1 calls=1024 margin 6.06->5.69 t=4.0s
[DONE] calibration__11658__deblur__confidence_boost__nes__l1 calls=1021 margin 6.06->6.66 t=3.0s
[DONE] calibration__11658__deblur__boundary_probe__nes__l1 calls=1021 margin 6.06->2.94 t=3.0s
[DONE] calibration__11658__deblur__counterfactual__nes__l1 calls=1021 margin 6.06->2.98 t=3.4s
[DONE] evaluation__2928__denoise__attack__nes__l0.5 calls=1021 margin 5.48->0.67 t=3.1s
[DONE] evaluation__2928__denoise__restore__nes__l0.5 calls=1021 margin 5.48->5.37 t=2.8s
[DONE] evaluation__2928__denoise__random_walk__random_walk__l0.5 calls=1024 margin 5.48->5.66 t=4.5s
[DONE] evaluation__2928__denoise__confidence_boost__nes__l0.5 calls=1021 margin 5.48->6.35 t=3.2s
[DONE] evaluation__2928__denoise__boundary_probe__nes__l0.5 calls=1021 margin 5.48->0.60 t=3.0s
[DONE] evaluation__2928__denoise__counterfactual__nes__l0.5 calls=1021 margin 5.48->0.07 t=3.1s
[DONE] evaluation__2928__deblur__attack__nes__l1 calls=1021 margin 6.07->5.76 t=3.2s
[DONE] evaluation__2928__deblur__restore__nes__l1 calls=1021 margin 6.07->6.12 t=3.1s
[DONE] evaluation__2928__deblur__random_walk__random_walk__l1 calls=1024 margin 6.07->6.12 t=4.2s
[DONE] evaluation__2928__deblur__confidence_boost__nes__l1 calls=1021 margin 6.07->6.60 t=3.0s
[DONE] evaluation__2928__deblur__boundary_probe__nes__l1 calls=1021 margin 6.07->5.60 t=3.1s
[DONE] evaluation__2928__deblur__counterfactual__nes__l1 calls=1021 margin 6.07->5.61 t=3.5s
[DONE] evaluation__5711__denoise__attack__nes__l0.5 calls=1021 margin 5.48->4.62 t=3.1s
[DONE] evaluation__5711__denoise__restore__nes__l0.5 calls=1021 margin 5.48->5.57 t=2.9s
[DONE] evaluation__5711__denoise__random_walk__random_walk__l0.5 calls=1024 margin 5.48->5.16 t=4.4s
[DONE] evaluation__5711__denoise__confidence_boost__nes__l0.5 calls=1021 margin 5.48->5.64 t=3.4s
[DONE] evaluation__5711__denoise__boundary_probe__nes__l0.5 calls=1021 margin 5.48->1.90 t=3.0s
[DONE] evaluation__5711__denoise__counterfactual__nes__l0.5 calls=1021 margin 5.48->2.68 t=3.4s
[DONE] evaluation__5711__deblur__attack__nes__l1 calls=1021 margin 5.80->5.85 t=3.4s
[DONE] evaluation__5711__deblur__restore__nes__l1 calls=1021 margin 5.80->5.88 t=2.9s
[DONE] evaluation__5711__deblur__random_walk__random_walk__l1 calls=1024 margin 5.80->5.38 t=4.2s
[DONE] evaluation__5711__deblur__confidence_boost__nes__l1 calls=1021 margin 5.80->5.74 t=3.2s
[DONE] evaluation__5711__deblur__boundary_probe__nes__l1 calls=1021 margin 5.80->0.77 t=3.1s
[DONE] evaluation__5711__deblur__counterfactual__nes__l1 calls=1021 margin 5.80->0.61 t=2.7s
[DONE] evaluation__6394__denoise__attack__nes__l0.5 calls=1021 margin 2.07->-5.60 t=3.2s
[DONE] evaluation__6394__denoise__restore__nes__l0.5 calls=1021 margin 2.07->1.66 t=3.0s
[DONE] evaluation__6394__denoise__random_walk__random_walk__l0.5 calls=1024 margin 2.07->2.75 t=4.0s
[DONE] evaluation__6394__denoise__confidence_boost__nes__l0.5 calls=1021 margin 2.07->6.05 t=2.8s
[DONE] evaluation__6394__denoise__boundary_probe__nes__l0.5 calls=1021 margin 2.07->0.01 t=3.1s
[DONE] evaluation__6394__denoise__counterfactual__nes__l0.5 calls=1021 margin 2.07->-5.40 t=3.1s
[DONE] evaluation__6394__deblur__attack__nes__l1 calls=1021 margin 6.10->3.14 t=3.0s
[DONE] evaluation__6394__deblur__restore__nes__l1 calls=1021 margin 6.10->6.13 t=3.0s
[DONE] evaluation__6394__deblur__random_walk__random_walk__l1 calls=1024 margin 6.10->5.53 t=4.3s
[DONE] evaluation__6394__deblur__confidence_boost__nes__l1 calls=1021 margin 6.10->6.51 t=2.7s
[DONE] evaluation__6394__deblur__boundary_probe__nes__l1 calls=1021 margin 6.10->0.16 t=2.8s
[DONE] evaluation__6394__deblur__counterfactual__nes__l1 calls=1021 margin 6.10->-0.10 t=3.1s
[DONE] evaluation__9186__denoise__attack__nes__l0.5 calls=1021 margin 4.53->-2.29 t=3.2s
[DONE] evaluation__9186__denoise__restore__nes__l0.5 calls=1021 margin 4.53->4.74 t=3.1s
[DONE] evaluation__9186__denoise__random_walk__random_walk__l0.5 calls=1024 margin 4.53->4.23 t=4.1s
[DONE] evaluation__9186__denoise__confidence_boost__nes__l0.5 calls=1021 margin 4.53->6.13 t=3.4s
[DONE] evaluation__9186__denoise__boundary_probe__nes__l0.5 calls=1021 margin 4.53->0.01 t=3.1s
[DONE] evaluation__9186__denoise__counterfactual__nes__l0.5 calls=1021 margin 4.53->-2.91 t=3.1s
[DONE] evaluation__9186__deblur__attack__nes__l1 calls=1021 margin 5.46->-3.55 t=3.0s
[DONE] evaluation__9186__deblur__restore__nes__l1 calls=1021 margin 5.46->5.36 t=2.8s
[DONE] evaluation__9186__deblur__random_walk__random_walk__l1 calls=1024 margin 5.46->5.55 t=3.9s
[DONE] evaluation__9186__deblur__confidence_boost__nes__l1 calls=1021 margin 5.46->6.49 t=2.9s
[DONE] evaluation__9186__deblur__boundary_probe__nes__l1 calls=1021 margin 5.46->0.01 t=3.0s
[DONE] evaluation__9186__deblur__counterfactual__nes__l1 calls=1021 margin 5.46->-4.36 t=2.8s
[DONE] evaluation__10955__denoise__attack__nes__l0.5 calls=1021 margin 4.70->2.53 t=3.0s
[DONE] evaluation__10955__denoise__restore__nes__l0.5 calls=1021 margin 4.70->4.53 t=2.8s
[DONE] evaluation__10955__denoise__random_walk__random_walk__l0.5 calls=1024 margin 4.70->4.66 t=4.2s
[DONE] evaluation__10955__denoise__confidence_boost__nes__l0.5 calls=1021 margin 4.70->5.91 t=2.9s
[DONE] evaluation__10955__denoise__boundary_probe__nes__l0.5 calls=1021 margin 4.70->2.69 t=2.7s
[DONE] evaluation__10955__denoise__counterfactual__nes__l0.5 calls=1021 margin 4.70->2.84 t=2.8s
[DONE] evaluation__10955__deblur__attack__nes__l1 calls=1021 margin 3.23->-0.88 t=2.6s
[DONE] evaluation__10955__deblur__restore__nes__l1 calls=1021 margin 3.23->3.31 t=2.8s
[DONE] evaluation__10955__deblur__random_walk__random_walk__l1 calls=1024 margin 3.23->3.34 t=4.4s
[DONE] evaluation__10955__deblur__confidence_boost__nes__l1 calls=1021 margin 3.23->5.08 t=3.0s
[DONE] evaluation__10955__deblur__boundary_probe__nes__l1 calls=1021 margin 3.23->0.08 t=3.0s
[DONE] evaluation__10955__deblur__counterfactual__nes__l1 calls=1021 margin 3.23->0.56 t=2.9s
[DONE] evaluation__366__denoise__attack__nes__l0.5 calls=1021 margin 6.06->5.71 t=3.1s
[DONE] evaluation__366__denoise__restore__nes__l0.5 calls=1021 margin 6.06->6.11 t=3.2s
[DONE] evaluation__366__denoise__random_walk__random_walk__l0.5 calls=1024 margin 6.06->6.08 t=4.1s
[DONE] evaluation__366__denoise__confidence_boost__nes__l0.5 calls=1021 margin 6.06->6.42 t=3.2s
[DONE] evaluation__366__denoise__boundary_probe__nes__l0.5 calls=1021 margin 6.06->5.59 t=2.8s
[DONE] evaluation__366__denoise__counterfactual__nes__l0.5 calls=1021 margin 6.06->5.60 t=2.8s
[DONE] evaluation__366__deblur__attack__nes__l1 calls=1021 margin 6.20->5.94 t=3.0s
[DONE] evaluation__366__deblur__restore__nes__l1 calls=1021 margin 6.20->6.18 t=3.2s
[DONE] evaluation__366__deblur__random_walk__random_walk__l1 calls=1024 margin 6.20->6.20 t=4.0s
[DONE] evaluation__366__deblur__confidence_boost__nes__l1 calls=1021 margin 6.20->6.08 t=3.0s
[DONE] evaluation__366__deblur__boundary_probe__nes__l1 calls=1021 margin 6.20->5.91 t=3.3s
[DONE] evaluation__366__deblur__counterfactual__nes__l1 calls=1021 margin 6.20->6.02 t=3.2s
[DONE] evaluation__1945__denoise__attack__nes__l0.5 calls=1021 margin 3.14->-5.91 t=3.0s
[DONE] evaluation__1945__denoise__restore__nes__l0.5 calls=1021 margin 3.14->4.06 t=3.1s
[DONE] evaluation__1945__denoise__random_walk__random_walk__l0.5 calls=1024 margin 3.14->4.08 t=4.3s
[DONE] evaluation__1945__denoise__confidence_boost__nes__l0.5 calls=1021 margin 3.14->6.15 t=3.0s
[DONE] evaluation__1945__denoise__boundary_probe__nes__l0.5 calls=1021 margin 3.14->0.07 t=3.0s
[DONE] evaluation__1945__denoise__counterfactual__nes__l0.5 calls=1021 margin 3.14->-5.97 t=3.1s
[DONE] evaluation__1945__deblur__attack__nes__l1 calls=1021 margin 5.88->5.78 t=3.2s
[DONE] evaluation__1945__deblur__restore__nes__l1 calls=1021 margin 5.88->5.96 t=3.2s
[DONE] evaluation__1945__deblur__random_walk__random_walk__l1 calls=1024 margin 5.88->5.80 t=4.7s
[DONE] evaluation__1945__deblur__confidence_boost__nes__l1 calls=1021 margin 5.88->6.18 t=3.1s
[DONE] evaluation__1945__deblur__boundary_probe__nes__l1 calls=1021 margin 5.88->0.06 t=3.1s
[DONE] evaluation__1945__deblur__counterfactual__nes__l1 calls=1021 margin 5.88->-2.53 t=3.5s
[DONE] evaluation__5058__denoise__attack__nes__l0.5 calls=1021 margin 6.12->6.04 t=3.1s
[DONE] evaluation__5058__denoise__restore__nes__l0.5 calls=1021 margin 6.12->6.06 t=3.2s
[DONE] evaluation__5058__denoise__random_walk__random_walk__l0.5 calls=1024 margin 6.12->6.13 t=4.3s
[DONE] evaluation__5058__denoise__confidence_boost__nes__l0.5 calls=1021 margin 6.12->6.39 t=3.1s
[DONE] evaluation__5058__denoise__boundary_probe__nes__l0.5 calls=1021 margin 6.12->4.60 t=3.0s
[DONE] evaluation__5058__denoise__counterfactual__nes__l0.5 calls=1021 margin 6.12->4.55 t=2.8s
[DONE] evaluation__5058__deblur__attack__nes__l1 calls=1021 margin 6.07->5.77 t=3.1s
[DONE] evaluation__5058__deblur__restore__nes__l1 calls=1021 margin 6.07->6.11 t=3.2s
[DONE] evaluation__5058__deblur__random_walk__random_walk__l1 calls=1024 margin 6.07->6.02 t=4.5s
[DONE] evaluation__5058__deblur__confidence_boost__nes__l1 calls=1021 margin 6.07->6.06 t=3.1s
[DONE] evaluation__5058__deblur__boundary_probe__nes__l1 calls=1021 margin 6.07->5.30 t=2.8s
[DONE] evaluation__5058__deblur__counterfactual__nes__l1 calls=1021 margin 6.07->5.33 t=3.1s
[DONE] evaluation__8596__denoise__attack__nes__l0.5 calls=1021 margin 4.67->-0.54 t=2.8s
[DONE] evaluation__8596__denoise__restore__nes__l0.5 calls=1021 margin 4.67->4.65 t=3.2s
[DONE] evaluation__8596__denoise__random_walk__random_walk__l0.5 calls=1024 margin 4.67->3.97 t=4.6s
[DONE] evaluation__8596__denoise__confidence_boost__nes__l0.5 calls=1021 margin 4.67->6.64 t=3.2s
[DONE] evaluation__8596__denoise__boundary_probe__nes__l0.5 calls=1021 margin 4.67->0.05 t=3.2s
[DONE] evaluation__8596__denoise__counterfactual__nes__l0.5 calls=1021 margin 4.67->-0.36 t=3.0s
[DONE] evaluation__8596__deblur__attack__nes__l1 calls=1021 margin 6.10->5.54 t=3.1s
[DONE] evaluation__8596__deblur__restore__nes__l1 calls=1021 margin 6.10->6.10 t=2.7s
[DONE] evaluation__8596__deblur__random_walk__random_walk__l1 calls=1024 margin 6.10->6.02 t=4.5s
[DONE] evaluation__8596__deblur__confidence_boost__nes__l1 calls=1021 margin 6.10->6.33 t=3.1s
[DONE] evaluation__8596__deblur__boundary_probe__nes__l1 calls=1021 margin 6.10->5.24 t=2.6s
[DONE] evaluation__8596__deblur__counterfactual__nes__l1 calls=1021 margin 6.10->5.26 t=2.8s
[DONE] evaluation__6579__denoise__attack__nes__l0.5 calls=1021 margin 6.08->6.03 t=2.7s
[DONE] evaluation__6579__denoise__restore__nes__l0.5 calls=1021 margin 6.08->6.09 t=3.0s
[DONE] evaluation__6579__denoise__random_walk__random_walk__l0.5 calls=1024 margin 6.08->6.08 t=4.5s
[DONE] evaluation__6579__denoise__confidence_boost__nes__l0.5 calls=1021 margin 6.08->6.51 t=2.9s
[DONE] evaluation__6579__denoise__boundary_probe__nes__l0.5 calls=1021 margin 6.08->5.81 t=3.1s
[DONE] evaluation__6579__denoise__counterfactual__nes__l0.5 calls=1021 margin 6.08->5.80 t=2.9s
[DONE] evaluation__6579__deblur__attack__nes__l1 calls=1021 margin 5.80->5.80 t=2.9s
[DONE] evaluation__6579__deblur__restore__nes__l1 calls=1021 margin 5.80->5.88 t=2.6s
[DONE] evaluation__6579__deblur__random_walk__random_walk__l1 calls=1024 margin 5.80->5.92 t=4.6s
[DONE] evaluation__6579__deblur__confidence_boost__nes__l1 calls=1021 margin 5.80->6.17 t=3.4s
[DONE] evaluation__6579__deblur__boundary_probe__nes__l1 calls=1021 margin 5.80->5.45 t=3.2s
[DONE] evaluation__6579__deblur__counterfactual__nes__l1 calls=1021 margin 5.80->5.44 t=2.8s
[DONE] evaluation__2241__denoise__attack__nes__l0.5 calls=1021 margin 6.47->6.39 t=2.7s
[DONE] evaluation__2241__denoise__restore__nes__l0.5 calls=1021 margin 6.47->6.47 t=2.8s
[DONE] evaluation__2241__denoise__random_walk__random_walk__l0.5 calls=1024 margin 6.47->6.45 t=4.3s
[DONE] evaluation__2241__denoise__confidence_boost__nes__l0.5 calls=1021 margin 6.47->6.50 t=2.7s
[DONE] evaluation__2241__denoise__boundary_probe__nes__l0.5 calls=1021 margin 6.47->6.34 t=2.5s
[DONE] evaluation__2241__denoise__counterfactual__nes__l0.5 calls=1021 margin 6.47->6.33 t=3.1s
[DONE] evaluation__2241__deblur__attack__nes__l1 calls=1021 margin 6.39->6.35 t=2.7s
[DONE] evaluation__2241__deblur__restore__nes__l1 calls=1021 margin 6.39->6.39 t=3.1s
[DONE] evaluation__2241__deblur__random_walk__random_walk__l1 calls=1024 margin 6.39->6.40 t=4.5s
[DONE] evaluation__2241__deblur__confidence_boost__nes__l1 calls=1021 margin 6.39->6.40 t=3.0s
[DONE] evaluation__2241__deblur__boundary_probe__nes__l1 calls=1021 margin 6.39->6.26 t=2.7s
[DONE] evaluation__2241__deblur__counterfactual__nes__l1 calls=1021 margin 6.39->6.26 t=3.0s
[DONE] evaluation__468__denoise__attack__nes__l0.5 calls=1021 margin 6.23->6.14 t=2.9s
[DONE] evaluation__468__denoise__restore__nes__l0.5 calls=1021 margin 6.23->6.24 t=2.8s
[DONE] evaluation__468__denoise__random_walk__random_walk__l0.5 calls=1024 margin 6.23->6.18 t=4.2s
[DONE] evaluation__468__denoise__confidence_boost__nes__l0.5 calls=1021 margin 6.23->6.43 t=2.6s
[DONE] evaluation__468__denoise__boundary_probe__nes__l0.5 calls=1021 margin 6.23->5.82 t=3.2s
[DONE] evaluation__468__denoise__counterfactual__nes__l0.5 calls=1021 margin 6.23->5.86 t=2.7s
[DONE] evaluation__468__deblur__attack__nes__l1 calls=1021 margin 6.35->6.06 t=2.9s
[DONE] evaluation__468__deblur__restore__nes__l1 calls=1021 margin 6.35->6.33 t=2.8s
[DONE] evaluation__468__deblur__random_walk__random_walk__l1 calls=1024 margin 6.35->6.31 t=4.1s
[DONE] evaluation__468__deblur__confidence_boost__nes__l1 calls=1021 margin 6.35->6.53 t=2.9s
[DONE] evaluation__468__deblur__boundary_probe__nes__l1 calls=1021 margin 6.35->5.92 t=2.8s
[DONE] evaluation__468__deblur__counterfactual__nes__l1 calls=1021 margin 6.35->5.74 t=3.1s
[DONE] evaluation__3253__denoise__attack__nes__l0.5 calls=1021 margin 1.76->-0.95 t=3.1s
[DONE] evaluation__3253__denoise__restore__nes__l0.5 calls=1021 margin 1.76->2.05 t=2.8s
[DONE] evaluation__3253__denoise__random_walk__random_walk__l0.5 calls=1024 margin 1.76->2.69 t=4.2s
[DONE] evaluation__3253__denoise__confidence_boost__nes__l0.5 calls=1021 margin 1.76->4.18 t=3.1s
[DONE] evaluation__3253__denoise__boundary_probe__nes__l0.5 calls=1021 margin 1.76->0.01 t=2.8s
[DONE] evaluation__3253__denoise__counterfactual__nes__l0.5 calls=1021 margin 1.76->-1.19 t=2.8s
[DONE] evaluation__3253__deblur__attack__nes__l1 calls=1021 margin 4.10->2.22 t=2.7s
[DONE] evaluation__3253__deblur__restore__nes__l1 calls=1021 margin 4.10->4.02 t=3.3s
[DONE] evaluation__3253__deblur__random_walk__random_walk__l1 calls=1024 margin 4.10->3.76 t=4.4s
[DONE] evaluation__3253__deblur__confidence_boost__nes__l1 calls=1021 margin 4.10->5.05 t=3.1s
[DONE] evaluation__3253__deblur__boundary_probe__nes__l1 calls=1021 margin 4.10->2.01 t=3.0s
[DONE] evaluation__3253__deblur__counterfactual__nes__l1 calls=1021 margin 4.10->2.08 t=2.8s
[DONE] evaluation__10061__denoise__attack__nes__l0.5 calls=1021 margin 6.17->5.99 t=3.1s
[DONE] evaluation__10061__denoise__restore__nes__l0.5 calls=1021 margin 6.17->6.14 t=3.0s
[DONE] evaluation__10061__denoise__random_walk__random_walk__l0.5 calls=1024 margin 6.17->6.17 t=4.3s
[DONE] evaluation__10061__denoise__confidence_boost__nes__l0.5 calls=1021 margin 6.17->6.49 t=2.8s
[DONE] evaluation__10061__denoise__boundary_probe__nes__l0.5 calls=1021 margin 6.17->5.89 t=3.1s
[DONE] evaluation__10061__denoise__counterfactual__nes__l0.5 calls=1021 margin 6.17->5.89 t=2.9s
[DONE] evaluation__10061__deblur__attack__nes__l1 calls=1021 margin 6.12->6.01 t=2.8s
[DONE] evaluation__10061__deblur__restore__nes__l1 calls=1021 margin 6.12->6.12 t=2.6s
[DONE] evaluation__10061__deblur__random_walk__random_walk__l1 calls=1024 margin 6.12->6.17 t=4.1s
[DONE] evaluation__10061__deblur__confidence_boost__nes__l1 calls=1021 margin 6.12->6.21 t=3.1s
[DONE] evaluation__10061__deblur__boundary_probe__nes__l1 calls=1021 margin 6.12->5.94 t=2.8s
[DONE] evaluation__10061__deblur__counterfactual__nes__l1 calls=1021 margin 6.12->5.90 t=2.9s
[DONE] evaluation__10213__denoise__attack__nes__l0.5 calls=1021 margin 6.06->5.70 t=2.6s
[DONE] evaluation__10213__denoise__restore__nes__l0.5 calls=1021 margin 6.06->6.06 t=3.0s
[DONE] evaluation__10213__denoise__random_walk__random_walk__l0.5 calls=1024 margin 6.06->5.87 t=4.0s
[DONE] evaluation__10213__denoise__confidence_boost__nes__l0.5 calls=1021 margin 6.06->6.24 t=2.9s
[DONE] evaluation__10213__denoise__boundary_probe__nes__l0.5 calls=1021 margin 6.06->5.54 t=2.9s
[DONE] evaluation__10213__denoise__counterfactual__nes__l0.5 calls=1021 margin 6.06->5.77 t=3.0s
[DONE] evaluation__10213__deblur__attack__nes__l1 calls=1021 margin 6.13->6.01 t=3.1s
[DONE] evaluation__10213__deblur__restore__nes__l1 calls=1021 margin 6.13->6.14 t=3.3s
[DONE] evaluation__10213__deblur__random_walk__random_walk__l1 calls=1024 margin 6.13->6.18 t=3.9s
[DONE] evaluation__10213__deblur__confidence_boost__nes__l1 calls=1021 margin 6.13->6.27 t=2.7s
[DONE] evaluation__10213__deblur__boundary_probe__nes__l1 calls=1021 margin 6.13->5.91 t=2.8s
[DONE] evaluation__10213__deblur__counterfactual__nes__l1 calls=1021 margin 6.13->5.89 t=2.9s
[DONE] evaluation__2448__denoise__attack__nes__l0.5 calls=1021 margin 5.90->3.58 t=3.5s
[DONE] evaluation__2448__denoise__restore__nes__l0.5 calls=1021 margin 5.90->5.82 t=3.4s
[DONE] evaluation__2448__denoise__random_walk__random_walk__l0.5 calls=1024 margin 5.90->5.98 t=4.0s
[DONE] evaluation__2448__denoise__confidence_boost__nes__l0.5 calls=1021 margin 5.90->6.40 t=3.0s
[DONE] evaluation__2448__denoise__boundary_probe__nes__l0.5 calls=1021 margin 5.90->3.31 t=2.9s
[DONE] evaluation__2448__denoise__counterfactual__nes__l0.5 calls=1021 margin 5.90->3.08 t=2.8s
[DONE] evaluation__2448__deblur__attack__nes__l1 calls=1021 margin 5.30->3.82 t=3.3s
[DONE] evaluation__2448__deblur__restore__nes__l1 calls=1021 margin 5.30->5.51 t=3.1s
[DONE] evaluation__2448__deblur__random_walk__random_walk__l1 calls=1024 margin 5.30->5.45 t=4.5s
[DONE] evaluation__2448__deblur__confidence_boost__nes__l1 calls=1021 margin 5.30->6.20 t=3.5s
[DONE] evaluation__2448__deblur__boundary_probe__nes__l1 calls=1021 margin 5.30->2.95 t=3.1s
[DONE] evaluation__2448__deblur__counterfactual__nes__l1 calls=1021 margin 5.30->2.78 t=3.3s
[DONE] evaluation__3059__denoise__attack__nes__l0.5 calls=1021 margin 3.77->-0.23 t=2.9s
[DONE] evaluation__3059__denoise__restore__nes__l0.5 calls=1021 margin 3.77->4.04 t=2.9s
[DONE] evaluation__3059__denoise__random_walk__random_walk__l0.5 calls=1024 margin 3.77->4.56 t=4.4s
[DONE] evaluation__3059__denoise__confidence_boost__nes__l0.5 calls=1021 margin 3.77->6.42 t=2.9s
[DONE] evaluation__3059__denoise__boundary_probe__nes__l0.5 calls=1021 margin 3.77->0.04 t=3.1s
[DONE] evaluation__3059__denoise__counterfactual__nes__l0.5 calls=1021 margin 3.77->-0.70 t=2.9s
[DONE] evaluation__3059__deblur__attack__nes__l1 calls=1021 margin 5.03->1.79 t=2.8s
[DONE] evaluation__3059__deblur__restore__nes__l1 calls=1021 margin 5.03->4.97 t=2.9s
[DONE] evaluation__3059__deblur__random_walk__random_walk__l1 calls=1024 margin 5.03->4.96 t=4.1s
[DONE] evaluation__3059__deblur__confidence_boost__nes__l1 calls=1021 margin 5.03->6.74 t=3.0s
[DONE] evaluation__3059__deblur__boundary_probe__nes__l1 calls=1021 margin 5.03->1.30 t=2.9s
[DONE] evaluation__3059__deblur__counterfactual__nes__l1 calls=1021 margin 5.03->1.52 t=2.9s
[DONE] evaluation__6645__denoise__attack__nes__l0.5 calls=1021 margin 2.89->-1.58 t=3.3s
[DONE] evaluation__6645__denoise__restore__nes__l0.5 calls=1021 margin 2.89->2.81 t=3.0s
[DONE] evaluation__6645__denoise__random_walk__random_walk__l0.5 calls=1024 margin 2.89->3.42 t=4.0s
[DONE] evaluation__6645__denoise__confidence_boost__nes__l0.5 calls=1021 margin 2.89->5.82 t=3.1s
[DONE] evaluation__6645__denoise__boundary_probe__nes__l0.5 calls=1021 margin 2.89->0.00 t=3.1s
[DONE] evaluation__6645__denoise__counterfactual__nes__l0.5 calls=1021 margin 2.89->-1.55 t=3.2s
[DONE] evaluation__6645__deblur__attack__nes__l1 calls=1021 margin 5.55->2.52 t=3.3s
[DONE] evaluation__6645__deblur__restore__nes__l1 calls=1021 margin 5.55->5.71 t=3.3s
[DONE] evaluation__6645__deblur__random_walk__random_walk__l1 calls=1024 margin 5.55->5.68 t=4.6s
[DONE] evaluation__6645__deblur__confidence_boost__nes__l1 calls=1021 margin 5.55->6.32 t=3.1s
[DONE] evaluation__6645__deblur__boundary_probe__nes__l1 calls=1021 margin 5.55->2.65 t=3.0s
[DONE] evaluation__6645__deblur__counterfactual__nes__l1 calls=1021 margin 5.55->2.74 t=3.3s
[DONE] evaluation__6102__denoise__attack__nes__l0.5 calls=1021 margin 5.98->4.65 t=3.0s
[DONE] evaluation__6102__denoise__restore__nes__l0.5 calls=1021 margin 5.98->6.10 t=3.1s
[DONE] evaluation__6102__denoise__random_walk__random_walk__l0.5 calls=1024 margin 5.98->5.96 t=4.4s
[DONE] evaluation__6102__denoise__confidence_boost__nes__l0.5 calls=1021 margin 5.98->6.72 t=2.8s
[DONE] evaluation__6102__denoise__boundary_probe__nes__l0.5 calls=1021 margin 5.98->4.28 t=3.0s
[DONE] evaluation__6102__denoise__counterfactual__nes__l0.5 calls=1021 margin 5.98->4.04 t=2.8s
[DONE] evaluation__6102__deblur__attack__nes__l1 calls=1021 margin 4.90->-0.86 t=2.7s
[DONE] evaluation__6102__deblur__restore__nes__l1 calls=1021 margin 4.90->5.22 t=3.2s
[DONE] evaluation__6102__deblur__random_walk__random_walk__l1 calls=1024 margin 4.90->6.23 t=4.6s
[DONE] evaluation__6102__deblur__confidence_boost__nes__l1 calls=1021 margin 4.90->6.68 t=3.0s
[DONE] evaluation__6102__deblur__boundary_probe__nes__l1 calls=1021 margin 4.90->0.02 t=3.0s
[DONE] evaluation__6102__deblur__counterfactual__nes__l1 calls=1021 margin 4.90->-1.37 t=3.0s
[DONE] evaluation__8410__denoise__attack__nes__l0.5 calls=1021 margin 6.42->6.08 t=2.9s
[DONE] evaluation__8410__denoise__restore__nes__l0.5 calls=1021 margin 6.42->6.40 t=3.2s
[DONE] evaluation__8410__denoise__random_walk__random_walk__l0.5 calls=1024 margin 6.42->6.52 t=4.3s
[DONE] evaluation__8410__denoise__confidence_boost__nes__l0.5 calls=1021 margin 6.42->6.83 t=3.0s
[DONE] evaluation__8410__denoise__boundary_probe__nes__l0.5 calls=1021 margin 6.42->6.01 t=2.9s
[DONE] evaluation__8410__denoise__counterfactual__nes__l0.5 calls=1021 margin 6.42->5.98 t=3.1s
[DONE] evaluation__8410__deblur__attack__nes__l1 calls=1021 margin 3.90->-4.99 t=3.0s
[DONE] evaluation__8410__deblur__restore__nes__l1 calls=1021 margin 3.90->4.38 t=3.2s
[DONE] evaluation__8410__deblur__random_walk__random_walk__l1 calls=1024 margin 3.90->5.24 t=4.4s
[DONE] evaluation__8410__deblur__confidence_boost__nes__l1 calls=1021 margin 3.90->6.52 t=3.1s
[DONE] evaluation__8410__deblur__boundary_probe__nes__l1 calls=1021 margin 3.90->0.01 t=3.0s
[DONE] evaluation__8410__deblur__counterfactual__nes__l1 calls=1021 margin 3.90->-4.22 t=3.0s
[DONE] evaluation__2656__denoise__attack__nes__l0.5 calls=1021 margin 3.16->0.77 t=2.7s
[DONE] evaluation__2656__denoise__restore__nes__l0.5 calls=1021 margin 3.16->2.99 t=2.6s
[DONE] evaluation__2656__denoise__random_walk__random_walk__l0.5 calls=1024 margin 3.16->2.78 t=4.5s
[DONE] evaluation__2656__denoise__confidence_boost__nes__l0.5 calls=1021 margin 3.16->5.02 t=2.9s
[DONE] evaluation__2656__denoise__boundary_probe__nes__l0.5 calls=1021 margin 3.16->0.59 t=2.8s
[DONE] evaluation__2656__denoise__counterfactual__nes__l0.5 calls=1021 margin 3.16->1.32 t=2.9s
[DONE] evaluation__2656__deblur__attack__nes__l1 calls=1021 margin 3.53->-1.82 t=3.1s
[DONE] evaluation__2656__deblur__restore__nes__l1 calls=1021 margin 3.53->3.77 t=3.0s
[DONE] evaluation__2656__deblur__random_walk__random_walk__l1 calls=1024 margin 3.53->4.59 t=4.7s
[DONE] evaluation__2656__deblur__confidence_boost__nes__l1 calls=1021 margin 3.53->6.00 t=3.2s
[DONE] evaluation__2656__deblur__boundary_probe__nes__l1 calls=1021 margin 3.53->0.02 t=3.5s
[DONE] evaluation__2656__deblur__counterfactual__nes__l1 calls=1021 margin 3.53->-1.78 t=3.2s
[DONE] evaluation__3820__denoise__attack__nes__l0.5 calls=1021 margin 4.58->-0.42 t=3.2s
[DONE] evaluation__3820__denoise__restore__nes__l0.5 calls=1021 margin 4.58->4.68 t=3.3s
[DONE] evaluation__3820__denoise__random_walk__random_walk__l0.5 calls=1024 margin 4.58->4.75 t=4.3s
[DONE] evaluation__3820__denoise__confidence_boost__nes__l0.5 calls=1021 margin 4.58->6.18 t=3.3s
[DONE] evaluation__3820__denoise__boundary_probe__nes__l0.5 calls=1021 margin 4.58->0.02 t=3.0s
[DONE] evaluation__3820__denoise__counterfactual__nes__l0.5 calls=1021 margin 4.58->-1.30 t=3.2s
[DONE] evaluation__3820__deblur__attack__nes__l1 calls=1021 margin 4.08->-1.44 t=3.1s
[DONE] evaluation__3820__deblur__restore__nes__l1 calls=1021 margin 4.08->4.29 t=2.8s
[DONE] evaluation__3820__deblur__random_walk__random_walk__l1 calls=1024 margin 4.08->4.62 t=4.5s
[DONE] evaluation__3820__deblur__confidence_boost__nes__l1 calls=1021 margin 4.08->5.82 t=3.2s
[DONE] evaluation__3820__deblur__boundary_probe__nes__l1 calls=1021 margin 4.08->0.00 t=3.1s
[DONE] evaluation__3820__deblur__counterfactual__nes__l1 calls=1021 margin 4.08->-1.27 t=3.2s
[DONE] evaluation__4697__denoise__attack__nes__l0.5 calls=1021 margin 5.72->5.00 t=3.0s
[DONE] evaluation__4697__denoise__restore__nes__l0.5 calls=1021 margin 5.72->5.69 t=3.2s
[DONE] evaluation__4697__denoise__random_walk__random_walk__l0.5 calls=1024 margin 5.72->5.79 t=3.9s
[DONE] evaluation__4697__denoise__confidence_boost__nes__l0.5 calls=1021 margin 5.72->6.06 t=2.7s
[DONE] evaluation__4697__denoise__boundary_probe__nes__l0.5 calls=1021 margin 5.72->3.70 t=2.7s
[DONE] evaluation__4697__denoise__counterfactual__nes__l0.5 calls=1021 margin 5.72->4.15 t=3.0s
[DONE] evaluation__4697__deblur__attack__nes__l1 calls=1021 margin 5.71->5.05 t=3.1s
[DONE] evaluation__4697__deblur__restore__nes__l1 calls=1021 margin 5.71->5.60 t=3.0s
[DONE] evaluation__4697__deblur__random_walk__random_walk__l1 calls=1024 margin 5.71->5.88 t=4.8s
[DONE] evaluation__4697__deblur__confidence_boost__nes__l1 calls=1021 margin 5.71->6.22 t=3.3s
[DONE] evaluation__4697__deblur__boundary_probe__nes__l1 calls=1021 margin 5.71->4.02 t=2.9s
[DONE] evaluation__4697__deblur__counterfactual__nes__l1 calls=1021 margin 5.71->4.90 t=2.9s
[DONE] evaluation__9289__denoise__attack__nes__l0.5 calls=1021 margin 1.54->-4.94 t=3.2s
[DONE] evaluation__9289__denoise__restore__nes__l0.5 calls=1021 margin 1.54->1.19 t=3.3s
[DONE] evaluation__9289__denoise__random_walk__random_walk__l0.5 calls=1024 margin 1.54->1.37 t=4.4s
[DONE] evaluation__9289__denoise__confidence_boost__nes__l0.5 calls=1021 margin 1.54->5.09 t=3.1s
[DONE] evaluation__9289__denoise__boundary_probe__nes__l0.5 calls=1021 margin 1.54->0.00 t=3.0s
[DONE] evaluation__9289__denoise__counterfactual__nes__l0.5 calls=1021 margin 1.54->-5.14 t=3.0s
[DONE] evaluation__9289__deblur__attack__nes__l1 calls=1021 margin 4.02->-4.53 t=3.3s
[DONE] evaluation__9289__deblur__restore__nes__l1 calls=1021 margin 4.02->3.68 t=3.2s
[DONE] evaluation__9289__deblur__random_walk__random_walk__l1 calls=1024 margin 4.02->4.69 t=4.1s
[DONE] evaluation__9289__deblur__confidence_boost__nes__l1 calls=1021 margin 4.02->6.44 t=3.2s
[DONE] evaluation__9289__deblur__boundary_probe__nes__l1 calls=1021 margin 4.02->0.02 t=2.7s
[DONE] evaluation__9289__deblur__counterfactual__nes__l1 calls=1021 margin 4.02->-4.08 t=2.8s
[DONE] evaluation__12437__denoise__attack__nes__l0.5 calls=1021 margin 5.62->4.32 t=2.9s
[DONE] evaluation__12437__denoise__restore__nes__l0.5 calls=1021 margin 5.62->5.58 t=3.0s
[DONE] evaluation__12437__denoise__random_walk__random_walk__l0.5 calls=1024 margin 5.62->5.82 t=4.0s
[DONE] evaluation__12437__denoise__confidence_boost__nes__l0.5 calls=1021 margin 5.62->6.11 t=2.9s
[DONE] evaluation__12437__denoise__boundary_probe__nes__l0.5 calls=1021 margin 5.62->4.05 t=2.8s
[DONE] evaluation__12437__denoise__counterfactual__nes__l0.5 calls=1021 margin 5.62->4.11 t=3.1s
[DONE] evaluation__12437__deblur__attack__nes__l1 calls=1021 margin 4.87->2.68 t=3.0s
[DONE] evaluation__12437__deblur__restore__nes__l1 calls=1021 margin 4.87->4.95 t=2.8s
[DONE] evaluation__12437__deblur__random_walk__random_walk__l1 calls=1024 margin 4.87->4.99 t=4.4s
[DONE] evaluation__12437__deblur__confidence_boost__nes__l1 calls=1021 margin 4.87->5.90 t=3.1s
[DONE] evaluation__12437__deblur__boundary_probe__nes__l1 calls=1021 margin 4.87->2.22 t=2.8s
[DONE] evaluation__12437__deblur__counterfactual__nes__l1 calls=1021 margin 4.87->2.70 t=3.0s
[DONE] evaluation__95__denoise__attack__nes__l0.5 calls=1021 margin 4.95->1.85 t=3.2s
[DONE] evaluation__95__denoise__restore__nes__l0.5 calls=1021 margin 4.95->4.81 t=3.3s
[DONE] evaluation__95__denoise__random_walk__random_walk__l0.5 calls=1024 margin 4.95->4.36 t=4.4s
[DONE] evaluation__95__denoise__confidence_boost__nes__l0.5 calls=1021 margin 4.95->6.16 t=3.2s
[DONE] evaluation__95__denoise__boundary_probe__nes__l0.5 calls=1021 margin 4.95->1.67 t=3.2s
[DONE] evaluation__95__denoise__counterfactual__nes__l0.5 calls=1021 margin 4.95->1.96 t=3.3s
[DONE] evaluation__95__deblur__attack__nes__l1 calls=1021 margin 5.01->3.75 t=2.9s
[DONE] evaluation__95__deblur__restore__nes__l1 calls=1021 margin 5.01->5.17 t=3.2s
[DONE] evaluation__95__deblur__random_walk__random_walk__l1 calls=1024 margin 5.01->4.98 t=4.3s
[DONE] evaluation__95__deblur__confidence_boost__nes__l1 calls=1021 margin 5.01->5.70 t=2.9s
[DONE] evaluation__95__deblur__boundary_probe__nes__l1 calls=1021 margin 5.01->3.72 t=3.1s
[DONE] evaluation__95__deblur__counterfactual__nes__l1 calls=1021 margin 5.01->3.58 t=3.0s
[DONE] evaluation__6392__denoise__attack__nes__l0.5 calls=1021 margin 4.11->1.67 t=2.9s
[DONE] evaluation__6392__denoise__restore__nes__l0.5 calls=1021 margin 4.11->3.99 t=3.0s
[DONE] evaluation__6392__denoise__random_walk__random_walk__l0.5 calls=1024 margin 4.11->4.26 t=4.3s
[DONE] evaluation__6392__denoise__confidence_boost__nes__l0.5 calls=1021 margin 4.11->5.42 t=3.0s
[DONE] evaluation__6392__denoise__boundary_probe__nes__l0.5 calls=1021 margin 4.11->0.57 t=2.8s
[DONE] evaluation__6392__denoise__counterfactual__nes__l0.5 calls=1021 margin 4.11->0.63 t=3.4s
[DONE] evaluation__6392__deblur__attack__nes__l1 calls=1021 margin 3.94->1.96 t=2.8s
[DONE] evaluation__6392__deblur__restore__nes__l1 calls=1021 margin 3.94->3.97 t=2.9s
[DONE] evaluation__6392__deblur__random_walk__random_walk__l1 calls=1024 margin 3.94->4.15 t=4.0s
[DONE] evaluation__6392__deblur__confidence_boost__nes__l1 calls=1021 margin 3.94->5.25 t=2.9s
[DONE] evaluation__6392__deblur__boundary_probe__nes__l1 calls=1021 margin 3.94->2.12 t=2.8s
[DONE] evaluation__6392__deblur__counterfactual__nes__l1 calls=1021 margin 3.94->2.08 t=3.0s
[DONE] evaluation__2618__denoise__attack__nes__l0.5 calls=1021 margin 5.99->4.48 t=3.0s
[DONE] evaluation__2618__denoise__restore__nes__l0.5 calls=1021 margin 5.99->5.87 t=2.9s
[DONE] evaluation__2618__denoise__random_walk__random_walk__l0.5 calls=1024 margin 5.99->6.16 t=3.8s
[DONE] evaluation__2618__denoise__confidence_boost__nes__l0.5 calls=1021 margin 5.99->6.37 t=2.6s
[DONE] evaluation__2618__denoise__boundary_probe__nes__l0.5 calls=1021 margin 5.99->3.97 t=2.8s
[DONE] evaluation__2618__denoise__counterfactual__nes__l0.5 calls=1021 margin 5.99->4.07 t=3.1s
[DONE] evaluation__2618__deblur__attack__nes__l1 calls=1021 margin 5.91->4.81 t=3.0s
[DONE] evaluation__2618__deblur__restore__nes__l1 calls=1021 margin 5.91->5.95 t=3.3s
[DONE] evaluation__2618__deblur__random_walk__random_walk__l1 calls=1024 margin 5.91->6.12 t=4.4s
[DONE] evaluation__2618__deblur__confidence_boost__nes__l1 calls=1021 margin 5.91->6.46 t=2.8s
[DONE] evaluation__2618__deblur__boundary_probe__nes__l1 calls=1021 margin 5.91->4.22 t=2.9s
[DONE] evaluation__2618__deblur__counterfactual__nes__l1 calls=1021 margin 5.91->4.58 t=3.0s
[DONE] evaluation__6302__denoise__attack__nes__l0.5 calls=1021 margin 6.02->5.09 t=2.9s
[DONE] evaluation__6302__denoise__restore__nes__l0.5 calls=1021 margin 6.02->6.03 t=2.6s
[DONE] evaluation__6302__denoise__random_walk__random_walk__l0.5 calls=1024 margin 6.02->6.05 t=4.1s
[DONE] evaluation__6302__denoise__confidence_boost__nes__l0.5 calls=1021 margin 6.02->6.47 t=3.0s
[DONE] evaluation__6302__denoise__boundary_probe__nes__l0.5 calls=1021 margin 6.02->4.97 t=2.9s
[DONE] evaluation__6302__denoise__counterfactual__nes__l0.5 calls=1021 margin 6.02->5.02 t=2.9s
[DONE] evaluation__6302__deblur__attack__nes__l1 calls=1021 margin 6.13->5.21 t=3.1s
[DONE] evaluation__6302__deblur__restore__nes__l1 calls=1021 margin 6.13->6.15 t=3.1s
[DONE] evaluation__6302__deblur__random_walk__random_walk__l1 calls=1024 margin 6.13->6.01 t=4.3s
[DONE] evaluation__6302__deblur__confidence_boost__nes__l1 calls=1021 margin 6.13->6.55 t=2.9s
[DONE] evaluation__6302__deblur__boundary_probe__nes__l1 calls=1021 margin 6.13->5.14 t=3.1s
[DONE] evaluation__6302__deblur__counterfactual__nes__l1 calls=1021 margin 6.13->5.19 t=3.0s
[DONE] evaluation__10316__denoise__attack__nes__l0.5 calls=1021 margin 5.57->2.81 t=3.1s
[DONE] evaluation__10316__denoise__restore__nes__l0.5 calls=1021 margin 5.57->5.49 t=3.1s
[DONE] evaluation__10316__denoise__random_walk__random_walk__l0.5 calls=1024 margin 5.57->6.14 t=4.4s
[DONE] evaluation__10316__denoise__confidence_boost__nes__l0.5 calls=1021 margin 5.57->6.52 t=2.7s
[DONE] evaluation__10316__denoise__boundary_probe__nes__l0.5 calls=1021 margin 5.57->2.68 t=2.9s
[DONE] evaluation__10316__denoise__counterfactual__nes__l0.5 calls=1021 margin 5.57->2.35 t=3.1s
[DONE] evaluation__10316__deblur__attack__nes__l1 calls=1021 margin 6.17->6.00 t=2.8s
[DONE] evaluation__10316__deblur__restore__nes__l1 calls=1021 margin 6.17->6.20 t=3.1s
[DONE] evaluation__10316__deblur__random_walk__random_walk__l1 calls=1024 margin 6.17->6.35 t=3.8s
[DONE] evaluation__10316__deblur__confidence_boost__nes__l1 calls=1021 margin 6.17->6.54 t=2.8s
[DONE] evaluation__10316__deblur__boundary_probe__nes__l1 calls=1021 margin 6.17->5.96 t=3.1s
[DONE] evaluation__10316__deblur__counterfactual__nes__l1 calls=1021 margin 6.17->5.96 t=3.0s
[DONE] evaluation__4778__denoise__attack__nes__l0.5 calls=1021 margin 5.61->5.12 t=2.9s
[DONE] evaluation__4778__denoise__restore__nes__l0.5 calls=1021 margin 5.61->5.68 t=2.8s
[DONE] evaluation__4778__denoise__random_walk__random_walk__l0.5 calls=1024 margin 5.61->5.63 t=3.8s
[DONE] evaluation__4778__denoise__confidence_boost__nes__l0.5 calls=1021 margin 5.61->5.85 t=2.6s
[DONE] evaluation__4778__denoise__boundary_probe__nes__l0.5 calls=1021 margin 5.61->3.49 t=2.7s
[DONE] evaluation__4778__denoise__counterfactual__nes__l0.5 calls=1021 margin 5.61->4.10 t=2.7s
[DONE] evaluation__4778__deblur__attack__nes__l1 calls=1021 margin 6.21->5.87 t=2.6s
[DONE] evaluation__4778__deblur__restore__nes__l1 calls=1021 margin 6.21->6.22 t=2.9s
[DONE] evaluation__4778__deblur__random_walk__random_walk__l1 calls=1024 margin 6.21->6.25 t=4.2s
[DONE] evaluation__4778__deblur__confidence_boost__nes__l1 calls=1021 margin 6.21->6.44 t=3.0s
[DONE] evaluation__4778__deblur__boundary_probe__nes__l1 calls=1021 margin 6.21->5.56 t=2.9s
[DONE] evaluation__4778__deblur__counterfactual__nes__l1 calls=1021 margin 6.21->5.49 t=2.7s
[DONE] evaluation__978__denoise__attack__nes__l0.5 calls=1021 margin 6.16->5.90 t=2.9s
[DONE] evaluation__978__denoise__restore__nes__l0.5 calls=1021 margin 6.16->6.13 t=3.2s
[DONE] evaluation__978__denoise__random_walk__random_walk__l0.5 calls=1024 margin 6.16->6.15 t=4.2s
[DONE] evaluation__978__denoise__confidence_boost__nes__l0.5 calls=1021 margin 6.16->6.38 t=2.9s
[DONE] evaluation__978__denoise__boundary_probe__nes__l0.5 calls=1021 margin 6.16->5.81 t=2.5s
[DONE] evaluation__978__denoise__counterfactual__nes__l0.5 calls=1021 margin 6.16->5.83 t=3.0s
[DONE] evaluation__978__deblur__attack__nes__l1 calls=1021 margin 5.96->5.76 t=3.0s
[DONE] evaluation__978__deblur__restore__nes__l1 calls=1021 margin 5.96->5.99 t=3.1s
[DONE] evaluation__978__deblur__random_walk__random_walk__l1 calls=1024 margin 5.96->6.04 t=4.1s
[DONE] evaluation__978__deblur__confidence_boost__nes__l1 calls=1021 margin 5.96->6.20 t=3.0s
[DONE] evaluation__978__deblur__boundary_probe__nes__l1 calls=1021 margin 5.96->5.72 t=2.8s
[DONE] evaluation__978__deblur__counterfactual__nes__l1 calls=1021 margin 5.96->5.69 t=2.9s
[DONE] evaluation__3975__denoise__attack__nes__l0.5 calls=1021 margin 5.37->4.61 t=3.1s
[DONE] evaluation__3975__denoise__restore__nes__l0.5 calls=1021 margin 5.37->5.34 t=3.0s
[DONE] evaluation__3975__denoise__random_walk__random_walk__l0.5 calls=1024 margin 5.37->5.46 t=4.0s
[DONE] evaluation__3975__denoise__confidence_boost__nes__l0.5 calls=1021 margin 5.37->6.08 t=2.7s
[DONE] evaluation__3975__denoise__boundary_probe__nes__l0.5 calls=1021 margin 5.37->4.64 t=2.9s
[DONE] evaluation__3975__denoise__counterfactual__nes__l0.5 calls=1021 margin 5.37->4.62 t=2.8s
[DONE] evaluation__3975__deblur__attack__nes__l1 calls=1021 margin 4.18->2.57 t=2.9s
[DONE] evaluation__3975__deblur__restore__nes__l1 calls=1021 margin 4.18->4.27 t=3.1s
[DONE] evaluation__3975__deblur__random_walk__random_walk__l1 calls=1024 margin 4.18->4.13 t=4.2s
[DONE] evaluation__3975__deblur__confidence_boost__nes__l1 calls=1021 margin 4.18->5.28 t=2.5s
[DONE] evaluation__3975__deblur__boundary_probe__nes__l1 calls=1021 margin 4.18->2.29 t=2.8s
[DONE] evaluation__3975__deblur__counterfactual__nes__l1 calls=1021 margin 4.18->3.05 t=2.9s
[DONE] evaluation__10419__denoise__attack__nes__l0.5 calls=1021 margin 1.75->-4.23 t=3.1s
[DONE] evaluation__10419__denoise__restore__nes__l0.5 calls=1021 margin 1.75->2.29 t=3.2s
[DONE] evaluation__10419__denoise__random_walk__random_walk__l0.5 calls=1024 margin 1.75->1.28 t=4.0s
[DONE] evaluation__10419__denoise__confidence_boost__nes__l0.5 calls=1021 margin 1.75->4.98 t=2.8s
[DONE] evaluation__10419__denoise__boundary_probe__nes__l0.5 calls=1021 margin 1.75->0.00 t=2.9s
[DONE] evaluation__10419__denoise__counterfactual__nes__l0.5 calls=1021 margin 1.75->-4.07 t=2.9s
[DONE] evaluation__10419__deblur__attack__nes__l1 calls=1021 margin 5.17->0.57 t=2.8s
[DONE] evaluation__10419__deblur__restore__nes__l1 calls=1021 margin 5.17->5.04 t=3.0s
[DONE] evaluation__10419__deblur__random_walk__random_walk__l1 calls=1024 margin 5.17->5.61 t=4.7s
[DONE] evaluation__10419__deblur__confidence_boost__nes__l1 calls=1021 margin 5.17->5.92 t=3.4s
[DONE] evaluation__10419__deblur__boundary_probe__nes__l1 calls=1021 margin 5.17->0.07 t=3.5s
[DONE] evaluation__10419__deblur__counterfactual__nes__l1 calls=1021 margin 5.17->1.95 t=3.0s
[DONE] evaluation__10713__denoise__attack__nes__l0.5 calls=1021 margin 2.88->-3.84 t=2.8s
[DONE] evaluation__10713__denoise__restore__nes__l0.5 calls=1021 margin 2.88->3.23 t=2.8s
[DONE] evaluation__10713__denoise__random_walk__random_walk__l0.5 calls=1024 margin 2.88->3.19 t=4.3s
[DONE] evaluation__10713__denoise__confidence_boost__nes__l0.5 calls=1021 margin 2.88->5.94 t=3.2s
[DONE] evaluation__10713__denoise__boundary_probe__nes__l0.5 calls=1021 margin 2.88->0.02 t=3.1s
[DONE] evaluation__10713__denoise__counterfactual__nes__l0.5 calls=1021 margin 2.88->-2.00 t=3.1s
[DONE] evaluation__10713__deblur__attack__nes__l1 calls=1021 margin 5.51->1.51 t=3.2s
[DONE] evaluation__10713__deblur__restore__nes__l1 calls=1021 margin 5.51->5.50 t=3.2s
[DONE] evaluation__10713__deblur__random_walk__random_walk__l1 calls=1024 margin 5.51->5.64 t=4.5s
[DONE] evaluation__10713__deblur__confidence_boost__nes__l1 calls=1021 margin 5.51->6.66 t=2.8s
[DONE] evaluation__10713__deblur__boundary_probe__nes__l1 calls=1021 margin 5.51->0.75 t=2.9s
[DONE] evaluation__10713__deblur__counterfactual__nes__l1 calls=1021 margin 5.51->1.29 t=3.1s
[DONE] fit__12288__denoise__attack__nes__l0.5 calls=1021 margin 6.29->6.19 t=2.9s
[DONE] fit__12288__denoise__restore__nes__l0.5 calls=1021 margin 6.29->6.27 t=2.9s
[DONE] fit__12288__denoise__random_walk__random_walk__l0.5 calls=1024 margin 6.29->6.30 t=4.3s
[DONE] fit__12288__denoise__confidence_boost__nes__l0.5 calls=1021 margin 6.29->6.36 t=3.1s
[DONE] fit__12288__denoise__boundary_probe__nes__l0.5 calls=1021 margin 6.29->6.11 t=3.1s
[DONE] fit__12288__denoise__counterfactual__nes__l0.5 calls=1021 margin 6.29->6.12 t=2.8s
[DONE] fit__12288__deblur__attack__nes__l1 calls=1021 margin 6.38->6.19 t=2.8s
[DONE] fit__12288__deblur__restore__nes__l1 calls=1021 margin 6.38->6.37 t=2.7s
[DONE] fit__12288__deblur__random_walk__random_walk__l1 calls=1024 margin 6.38->6.33 t=3.8s
[DONE] fit__12288__deblur__confidence_boost__nes__l1 calls=1021 margin 6.38->6.58 t=2.9s
[DONE] fit__12288__deblur__boundary_probe__nes__l1 calls=1021 margin 6.38->6.15 t=3.2s
[DONE] fit__12288__deblur__counterfactual__nes__l1 calls=1021 margin 6.38->6.16 t=2.8s
[DONE] fit__9651__denoise__attack__nes__l0.5 calls=1021 margin 3.31->-3.32 t=3.0s
[DONE] fit__9651__denoise__restore__nes__l0.5 calls=1021 margin 3.31->3.19 t=3.1s
[DONE] fit__9651__denoise__random_walk__random_walk__l0.5 calls=1024 margin 3.31->3.42 t=4.3s
[DONE] fit__9651__denoise__confidence_boost__nes__l0.5 calls=1021 margin 3.31->6.23 t=3.3s
[DONE] fit__9651__denoise__boundary_probe__nes__l0.5 calls=1021 margin 3.31->0.03 t=3.0s
[DONE] fit__9651__denoise__counterfactual__nes__l0.5 calls=1021 margin 3.31->-3.99 t=3.3s
[DONE] fit__9651__deblur__attack__nes__l1 calls=1021 margin 6.14->5.99 t=3.0s
[DONE] fit__9651__deblur__restore__nes__l1 calls=1021 margin 6.14->6.15 t=3.0s
[DONE] fit__9651__deblur__random_walk__random_walk__l1 calls=1024 margin 6.14->6.18 t=4.0s
[DONE] fit__9651__deblur__confidence_boost__nes__l1 calls=1021 margin 6.14->6.57 t=3.3s
[DONE] fit__9651__deblur__boundary_probe__nes__l1 calls=1021 margin 6.14->5.93 t=2.9s
[DONE] fit__9651__deblur__counterfactual__nes__l1 calls=1021 margin 6.14->5.91 t=2.9s
[DONE] fit__1521__denoise__attack__nes__l0.5 calls=1021 margin 2.24->-4.23 t=3.0s
[DONE] fit__1521__denoise__restore__nes__l0.5 calls=1021 margin 2.24->2.53 t=3.0s
[DONE] fit__1521__denoise__random_walk__random_walk__l0.5 calls=1024 margin 2.24->1.23 t=3.8s
[DONE] fit__1521__denoise__confidence_boost__nes__l0.5 calls=1021 margin 2.24->5.94 t=2.9s
[DONE] fit__1521__denoise__boundary_probe__nes__l0.5 calls=1021 margin 2.24->0.00 t=3.3s
[DONE] fit__1521__denoise__counterfactual__nes__l0.5 calls=1021 margin 2.24->-4.11 t=3.1s
[DONE] fit__1521__deblur__attack__nes__l1 calls=1021 margin 6.12->5.63 t=3.2s
[DONE] fit__1521__deblur__restore__nes__l1 calls=1021 margin 6.12->6.19 t=3.2s
[DONE] fit__1521__deblur__random_walk__random_walk__l1 calls=1024 margin 6.12->5.78 t=4.1s
[DONE] fit__1521__deblur__confidence_boost__nes__l1 calls=1021 margin 6.12->6.26 t=3.2s
[DONE] fit__1521__deblur__boundary_probe__nes__l1 calls=1021 margin 6.12->5.65 t=3.4s
[DONE] fit__1521__deblur__counterfactual__nes__l1 calls=1021 margin 6.12->5.64 t=3.0s
[DONE] fit__10190__denoise__attack__nes__l0.5 calls=1021 margin 6.32->5.96 t=2.5s
[DONE] fit__10190__denoise__restore__nes__l0.5 calls=1021 margin 6.32->6.33 t=2.8s
[DONE] fit__10190__denoise__random_walk__random_walk__l0.5 calls=1024 margin 6.32->6.24 t=4.4s
[DONE] fit__10190__denoise__confidence_boost__nes__l0.5 calls=1021 margin 6.32->6.52 t=3.0s
[DONE] fit__10190__denoise__boundary_probe__nes__l0.5 calls=1021 margin 6.32->5.66 t=2.9s
[DONE] fit__10190__denoise__counterfactual__nes__l0.5 calls=1021 margin 6.32->5.65 t=2.9s
[DONE] fit__10190__deblur__attack__nes__l1 calls=1021 margin 5.95->5.94 t=2.9s
[DONE] fit__10190__deblur__restore__nes__l1 calls=1021 margin 5.95->5.94 t=3.0s
[DONE] fit__10190__deblur__random_walk__random_walk__l1 calls=1024 margin 5.95->5.97 t=4.5s
[DONE] fit__10190__deblur__confidence_boost__nes__l1 calls=1021 margin 5.95->6.26 t=2.8s
[DONE] fit__10190__deblur__boundary_probe__nes__l1 calls=1021 margin 5.95->5.62 t=3.1s
[DONE] fit__10190__deblur__counterfactual__nes__l1 calls=1021 margin 5.95->5.62 t=3.3s
[DONE] fit__5826__denoise__attack__nes__l0.5 calls=1021 margin 3.08->-1.59 t=3.1s
[DONE] fit__5826__denoise__restore__nes__l0.5 calls=1021 margin 3.08->3.00 t=2.8s
[DONE] fit__5826__denoise__random_walk__random_walk__l0.5 calls=1024 margin 3.08->2.25 t=3.9s
[DONE] fit__5826__denoise__confidence_boost__nes__l0.5 calls=1021 margin 3.08->5.47 t=2.8s
[DONE] fit__5826__denoise__boundary_probe__nes__l0.5 calls=1021 margin 3.08->0.01 t=2.9s
[DONE] fit__5826__denoise__counterfactual__nes__l0.5 calls=1021 margin 3.08->-1.55 t=3.1s
[DONE] fit__5826__deblur__attack__nes__l1 calls=1021 margin 6.33->5.61 t=3.3s
[DONE] fit__5826__deblur__restore__nes__l1 calls=1021 margin 6.33->6.20 t=3.3s
[DONE] fit__5826__deblur__random_walk__random_walk__l1 calls=1024 margin 6.33->6.25 t=4.0s
[DONE] fit__5826__deblur__confidence_boost__nes__l1 calls=1021 margin 6.33->6.55 t=2.9s
[DONE] fit__5826__deblur__boundary_probe__nes__l1 calls=1021 margin 6.33->4.48 t=3.2s
[DONE] fit__5826__deblur__counterfactual__nes__l1 calls=1021 margin 6.33->5.43 t=3.1s
[DONE] fit__5549__denoise__attack__nes__l0.5 calls=1021 margin 6.15->5.63 t=2.9s
[DONE] fit__5549__denoise__restore__nes__l0.5 calls=1021 margin 6.15->6.22 t=3.0s
[DONE] fit__5549__denoise__random_walk__random_walk__l0.5 calls=1024 margin 6.15->6.17 t=4.4s
[DONE] fit__5549__denoise__confidence_boost__nes__l0.5 calls=1021 margin 6.15->6.57 t=3.1s
[DONE] fit__5549__denoise__boundary_probe__nes__l0.5 calls=1021 margin 6.15->5.55 t=3.2s
[DONE] fit__5549__denoise__counterfactual__nes__l0.5 calls=1021 margin 6.15->5.55 t=3.0s
[DONE] fit__5549__deblur__attack__nes__l1 calls=1021 margin 6.56->6.25 t=3.1s
[DONE] fit__5549__deblur__restore__nes__l1 calls=1021 margin 6.56->6.53 t=2.9s
[DONE] fit__5549__deblur__random_walk__random_walk__l1 calls=1024 margin 6.56->6.54 t=4.2s
[DONE] fit__5549__deblur__confidence_boost__nes__l1 calls=1021 margin 6.56->6.64 t=3.0s
[DONE] fit__5549__deblur__boundary_probe__nes__l1 calls=1021 margin 6.56->6.16 t=3.1s
[DONE] fit__5549__deblur__counterfactual__nes__l1 calls=1021 margin 6.56->6.16 t=3.0s
[DONE] fit__4437__denoise__attack__nes__l0.5 calls=1021 margin 6.95->5.67 t=3.1s
[DONE] fit__4437__denoise__restore__nes__l0.5 calls=1021 margin 6.95->6.95 t=2.7s
[DONE] fit__4437__denoise__random_walk__random_walk__l0.5 calls=1024 margin 6.95->6.93 t=3.9s
[DONE] fit__4437__denoise__confidence_boost__nes__l0.5 calls=1021 margin 6.95->7.18 t=2.6s
[DONE] fit__4437__denoise__boundary_probe__nes__l0.5 calls=1021 margin 6.95->5.23 t=2.7s
[DONE] fit__4437__denoise__counterfactual__nes__l0.5 calls=1021 margin 6.95->6.45 t=2.6s
[DONE] fit__4437__deblur__attack__nes__l1 calls=1021 margin 6.77->5.73 t=2.5s
[DONE] fit__4437__deblur__restore__nes__l1 calls=1021 margin 6.77->6.82 t=2.5s
[DONE] fit__4437__deblur__random_walk__random_walk__l1 calls=1024 margin 6.77->6.86 t=3.9s
[DONE] fit__4437__deblur__confidence_boost__nes__l1 calls=1021 margin 6.77->7.14 t=2.7s
[DONE] fit__4437__deblur__boundary_probe__nes__l1 calls=1021 margin 6.77->5.83 t=2.9s
[DONE] fit__4437__deblur__counterfactual__nes__l1 calls=1021 margin 6.77->5.71 t=2.9s
[DONE] fit__8480__denoise__attack__nes__l0.5 calls=1021 margin 3.14->-2.03 t=3.0s
[DONE] fit__8480__denoise__restore__nes__l0.5 calls=1021 margin 3.14->3.37 t=3.3s
[DONE] fit__8480__denoise__random_walk__random_walk__l0.5 calls=1024 margin 3.14->3.05 t=4.0s
[DONE] fit__8480__denoise__confidence_boost__nes__l0.5 calls=1021 margin 3.14->6.82 t=3.1s
[DONE] fit__8480__denoise__boundary_probe__nes__l0.5 calls=1021 margin 3.14->0.00 t=3.3s
[DONE] fit__8480__denoise__counterfactual__nes__l0.5 calls=1021 margin 3.14->-2.02 t=3.3s
[DONE] fit__8480__deblur__attack__nes__l1 calls=1021 margin 1.91->-5.88 t=3.0s
[DONE] fit__8480__deblur__restore__nes__l1 calls=1021 margin 1.91->1.72 t=3.0s
[DONE] fit__8480__deblur__random_walk__random_walk__l1 calls=1024 margin 1.91->1.94 t=4.1s
[DONE] fit__8480__deblur__confidence_boost__nes__l1 calls=1021 margin 1.91->6.80 t=3.0s
[DONE] fit__8480__deblur__boundary_probe__nes__l1 calls=1021 margin 1.91->0.00 t=3.4s
[DONE] fit__8480__deblur__counterfactual__nes__l1 calls=1021 margin 1.91->-5.36 t=3.2s
[DONE] fit__5498__denoise__attack__nes__l0.5 calls=1021 margin 1.46->-4.22 t=3.2s
[DONE] fit__5498__denoise__restore__nes__l0.5 calls=1021 margin 1.46->1.90 t=3.3s
[DONE] fit__5498__denoise__random_walk__random_walk__l0.5 calls=1024 margin 1.46->1.58 t=4.2s
[DONE] fit__5498__denoise__confidence_boost__nes__l0.5 calls=1021 margin 1.46->5.39 t=3.3s
[DONE] fit__5498__denoise__boundary_probe__nes__l0.5 calls=1021 margin 1.46->0.00 t=3.2s
[DONE] fit__5498__denoise__counterfactual__nes__l0.5 calls=1021 margin 1.46->-4.33 t=3.0s
[DONE] fit__5498__deblur__attack__nes__l1 calls=1021 margin 0.24->-5.29 t=3.0s
[DONE] fit__5498__deblur__restore__nes__l1 calls=1021 margin 0.24->0.31 t=3.1s
[DONE] fit__5498__deblur__random_walk__random_walk__l1 calls=1024 margin 0.24->-1.14 t=4.2s
[DONE] fit__5498__deblur__confidence_boost__nes__l1 calls=1021 margin 0.24->5.04 t=3.0s
[DONE] fit__5498__deblur__boundary_probe__nes__l1 calls=1021 margin 0.24->0.01 t=3.0s
[DONE] fit__5498__deblur__counterfactual__nes__l1 calls=1021 margin 0.24->-5.18 t=3.2s
[DONE] fit__5620__denoise__attack__nes__l0.5 calls=1021 margin 5.69->3.03 t=3.0s
[DONE] fit__5620__denoise__restore__nes__l0.5 calls=1021 margin 5.69->5.68 t=2.9s
[DONE] fit__5620__denoise__random_walk__random_walk__l0.5 calls=1024 margin 5.69->5.45 t=3.9s
[DONE] fit__5620__denoise__confidence_boost__nes__l0.5 calls=1021 margin 5.69->6.64 t=3.1s
[DONE] fit__5620__denoise__boundary_probe__nes__l0.5 calls=1021 margin 5.69->3.10 t=3.1s
[DONE] fit__5620__denoise__counterfactual__nes__l0.5 calls=1021 margin 5.69->2.83 t=2.9s
[DONE] fit__5620__deblur__attack__nes__l1 calls=1021 margin 4.62->1.55 t=3.3s
[DONE] fit__5620__deblur__restore__nes__l1 calls=1021 margin 4.62->4.92 t=3.3s
[DONE] fit__5620__deblur__random_walk__random_walk__l1 calls=1024 margin 4.62->5.37 t=3.8s
[DONE] fit__5620__deblur__confidence_boost__nes__l1 calls=1021 margin 4.62->6.39 t=2.8s
[DONE] fit__5620__deblur__boundary_probe__nes__l1 calls=1021 margin 4.62->1.81 t=2.8s
[DONE] fit__5620__deblur__counterfactual__nes__l1 calls=1021 margin 4.62->1.18 t=2.6s
[DONE] fit__12626__denoise__attack__nes__l0.5 calls=1021 margin 5.76->3.23 t=3.1s
[DONE] fit__12626__denoise__restore__nes__l0.5 calls=1021 margin 5.76->5.81 t=2.9s
[DONE] fit__12626__denoise__random_walk__random_walk__l0.5 calls=1024 margin 5.76->5.91 t=4.4s
[DONE] fit__12626__denoise__confidence_boost__nes__l0.5 calls=1021 margin 5.76->6.64 t=3.2s
[DONE] fit__12626__denoise__boundary_probe__nes__l0.5 calls=1021 margin 5.76->2.54 t=3.0s
[DONE] fit__12626__denoise__counterfactual__nes__l0.5 calls=1021 margin 5.76->2.54 t=3.0s
[DONE] fit__12626__deblur__attack__nes__l1 calls=1021 margin 5.83->5.00 t=3.1s
[DONE] fit__12626__deblur__restore__nes__l1 calls=1021 margin 5.83->5.86 t=3.2s
[DONE] fit__12626__deblur__random_walk__random_walk__l1 calls=1024 margin 5.83->5.79 t=3.9s
[DONE] fit__12626__deblur__confidence_boost__nes__l1 calls=1021 margin 5.83->6.65 t=2.8s
[DONE] fit__12626__deblur__boundary_probe__nes__l1 calls=1021 margin 5.83->4.30 t=3.5s
[DONE] fit__12626__deblur__counterfactual__nes__l1 calls=1021 margin 5.83->4.48 t=3.0s
[DONE] fit__2299__denoise__attack__nes__l0.5 calls=1021 margin 6.23->4.10 t=3.1s
[DONE] fit__2299__denoise__restore__nes__l0.5 calls=1021 margin 6.23->6.25 t=2.9s
[DONE] fit__2299__denoise__random_walk__random_walk__l0.5 calls=1024 margin 6.23->5.97 t=4.3s
[DONE] fit__2299__denoise__confidence_boost__nes__l0.5 calls=1021 margin 6.23->6.69 t=3.2s
[DONE] fit__2299__denoise__boundary_probe__nes__l0.5 calls=1021 margin 6.23->3.89 t=2.9s
[DONE] fit__2299__denoise__counterfactual__nes__l0.5 calls=1021 margin 6.23->4.02 t=3.2s
[DONE] fit__2299__deblur__attack__nes__l1 calls=1021 margin 6.37->6.17 t=3.1s
[DONE] fit__2299__deblur__restore__nes__l1 calls=1021 margin 6.37->6.32 t=3.0s
[DONE] fit__2299__deblur__random_walk__random_walk__l1 calls=1024 margin 6.37->6.23 t=4.1s
[DONE] fit__2299__deblur__confidence_boost__nes__l1 calls=1021 margin 6.37->6.54 t=2.8s
[DONE] fit__2299__deblur__boundary_probe__nes__l1 calls=1021 margin 6.37->5.61 t=3.0s
[DONE] fit__2299__deblur__counterfactual__nes__l1 calls=1021 margin 6.37->6.13 t=2.8s
[DONE] fit__12612__denoise__attack__nes__l0.5 calls=1021 margin 6.44->6.10 t=2.8s
[DONE] fit__12612__denoise__restore__nes__l0.5 calls=1021 margin 6.44->6.45 t=3.1s
[DONE] fit__12612__denoise__random_walk__random_walk__l0.5 calls=1024 margin 6.44->6.44 t=3.9s
[DONE] fit__12612__denoise__confidence_boost__nes__l0.5 calls=1021 margin 6.44->6.61 t=3.0s
[DONE] fit__12612__denoise__boundary_probe__nes__l0.5 calls=1021 margin 6.44->6.05 t=2.7s
[DONE] fit__12612__denoise__counterfactual__nes__l0.5 calls=1021 margin 6.44->6.18 t=2.7s
[DONE] fit__12612__deblur__attack__nes__l1 calls=1021 margin 6.07->5.88 t=2.8s
[DONE] fit__12612__deblur__restore__nes__l1 calls=1021 margin 6.07->6.07 t=2.8s
[DONE] fit__12612__deblur__random_walk__random_walk__l1 calls=1024 margin 6.07->6.11 t=3.8s
[DONE] fit__12612__deblur__confidence_boost__nes__l1 calls=1021 margin 6.07->6.38 t=2.8s
[DONE] fit__12612__deblur__boundary_probe__nes__l1 calls=1021 margin 6.07->5.67 t=2.8s
[DONE] fit__12612__deblur__counterfactual__nes__l1 calls=1021 margin 6.07->5.67 t=2.7s
[DONE] fit__7949__denoise__attack__nes__l0.5 calls=1021 margin 2.55->-0.52 t=2.7s
[DONE] fit__7949__denoise__restore__nes__l0.5 calls=1021 margin 2.55->2.48 t=2.8s
[DONE] fit__7949__denoise__random_walk__random_walk__l0.5 calls=1024 margin 2.55->2.72 t=3.6s
[DONE] fit__7949__denoise__confidence_boost__nes__l0.5 calls=1021 margin 2.55->4.66 t=2.6s
[DONE] fit__7949__denoise__boundary_probe__nes__l0.5 calls=1021 margin 2.55->0.00 t=2.6s
[DONE] fit__7949__denoise__counterfactual__nes__l0.5 calls=1021 margin 2.55->-0.52 t=2.6s
[DONE] fit__7949__deblur__attack__nes__l1 calls=1021 margin 4.70->0.77 t=2.6s
[DONE] fit__7949__deblur__restore__nes__l1 calls=1021 margin 4.70->4.71 t=2.6s
[DONE] fit__7949__deblur__random_walk__random_walk__l1 calls=1024 margin 4.70->4.57 t=3.6s
[DONE] fit__7949__deblur__confidence_boost__nes__l1 calls=1021 margin 4.70->5.88 t=2.5s
[DONE] fit__7949__deblur__boundary_probe__nes__l1 calls=1021 margin 4.70->1.30 t=2.5s
[DONE] fit__7949__deblur__counterfactual__nes__l1 calls=1021 margin 4.70->1.12 t=2.5s
