[DONE] calibration__4512__denoise__attack__nes__l0.5 calls=1021 margin 5.50->2.04 t=2.4s
[DONE] calibration__4512__denoise__restore__nes__l0.5 calls=1021 margin 5.50->5.60 t=3.0s
[DONE] calibration__4512__denoise__random_walk__random_walk__l0.5 calls=1024 margin 5.50->5.17 t=3.8s
[DONE] calibration__4512__denoise__confidence_boost__nes__l0.5 calls=1021 margin 5.50->7.16 t=2.8s
[DONE] calibration__4512__denoise__boundary_probe__nes__l0.5 calls=1021 margin 5.50->1.75 t=3.3s
[DONE] calibration__4512__denoise__counterfactual__nes__l0.5 calls=1021 margin 5.50->1.77 t=3.2s
[DONE] calibration__4512__deblur__attack__nes__l1 calls=1021 margin 1.50->-3.37 t=3.2s
[DONE] calibration__4512__deblur__restore__nes__l1 calls=1021 margin 1.50->1.82 t=3.1s
[DONE] calibration__4512__deblur__random_walk__random_walk__l1 calls=1024 margin 1.50->2.17 t=3.8s
[DONE] calibration__4512__deblur__confidence_boost__nes__l1 calls=1021 margin 1.50->5.60 t=2.8s
[DONE] calibration__4512__deblur__boundary_probe__nes__l1 calls=1021 margin 1.50->0.02 t=3.2s
[DONE] calibration__4512__deblur__counterfactual__nes__l1 calls=1021 margin 1.50->-2.82 t=3.1s
[DONE] calibration__516__denoise__attack__nes__l0.5 calls=1021 margin 5.56->4.46 t=2.9s
[DONE] calibration__516__denoise__restore__nes__l0.5 calls=1021 margin 5.56->5.49 t=2.8s
[DONE] calibration__516__denoise__random_walk__random_walk__l0.5 calls=1024 margin 5.56->5.74 t=4.3s
[DONE] calibration__516__denoise__confidence_boost__nes__l0.5 calls=1021 margin 5.56->6.11 t=3.2s
[DONE] calibration__516__denoise__boundary_probe__nes__l0.5 calls=1021 margin 5.56->4.32 t=3.2s
[DONE] calibration__516__denoise__counterfactual__nes__l0.5 calls=1021 margin 5.56->4.36 t=2.7s
[DONE] calibration__516__deblur__attack__nes__l1 calls=1021 margin 4.45->2.00 t=3.0s
[DONE] calibration__516__deblur__restore__nes__l1 calls=1021 margin 4.45->4.42 t=3.0s
[DONE] calibration__516__deblur__random_walk__random_walk__l1 calls=1024 margin 4.45->4.13 t=4.2s
[DONE] calibration__516__deblur__confidence_boost__nes__l1 calls=1021 margin 4.45->6.01 t=2.8s
[DONE] calibration__516__deblur__boundary_probe__nes__l1 calls=1021 margin 4.45->1.60 t=3.2s
[DONE] calibration__516__deblur__counterfactual__nes__l1 calls=1021 margin 4.45->1.77 t=3.0s
[DONE] calibration__142__denoise__attack__nes__l0.5 calls=1021 margin 6.77->6.29 t=3.2s
[DONE] calibration__142__denoise__restore__nes__l0.5 calls=1021 margin 6.77->6.77 t=3.0s
[DONE] calibration__142__denoise__random_walk__random_walk__l0.5 calls=1024 margin 6.77->6.81 t=4.0s
[DONE] calibration__142__denoise__confidence_boost__nes__l0.5 calls=1021 margin 6.77->7.13 t=3.1s
[DONE] calibration__142__denoise__boundary_probe__nes__l0.5 calls=1021 margin 6.77->6.21 t=3.1s
[DONE] calibration__142__denoise__counterfactual__nes__l0.5 calls=1021 margin 6.77->6.18 t=3.0s
[DONE] calibration__142__deblur__attack__nes__l1 calls=1021 margin 6.57->6.21 t=2.9s
[DONE] calibration__142__deblur__restore__nes__l1 calls=1021 margin 6.57->6.64 t=3.0s
[DONE] calibration__142__deblur__random_walk__random_walk__l1 calls=1024 margin 6.57->6.65 t=4.0s
[DONE] calibration__142__deblur__confidence_boost__nes__l1 calls=1021 margin 6.57->6.77 t=2.9s
[DONE] calibration__142__deblur__boundary_probe__nes__l1 calls=1021 margin 6.57->5.28 t=2.9s
[DONE] calibration__142__deblur__counterfactual__nes__l1 calls=1021 margin 6.57->5.37 t=3.1s
[DONE] calibration__11287__denoise__attack__nes__l0.5 calls=1021 margin 6.23->6.08 t=3.2s
[DONE] calibration__11287__denoise__restore__nes__l0.5 calls=1021 margin 6.23->6.27 t=3.0s
[DONE] calibration__11287__denoise__random_walk__random_walk__l0.5 calls=1024 margin 6.23->6.19 t=4.2s
[DONE] calibration__11287__denoise__confidence_boost__nes__l0.5 calls=1021 margin 6.23->6.41 t=3.2s
[DONE] calibration__11287__denoise__boundary_probe__nes__l0.5 calls=1021 margin 6.23->5.98 t=3.1s
[DONE] calibration__11287__denoise__counterfactual__nes__l0.5 calls=1021 margin 6.23->5.97 t=3.0s
[DONE] calibration__11287__deblur__attack__nes__l1 calls=1021 margin 6.31->6.14 t=2.8s
[DONE] calibration__11287__deblur__restore__nes__l1 calls=1021 margin 6.31->6.37 t=2.9s
[DONE] calibration__11287__deblur__random_walk__random_walk__l1 calls=1024 margin 6.31->6.40 t=4.0s
[DONE] calibration__11287__deblur__confidence_boost__nes__l1 calls=1021 margin 6.31->6.06 t=2.9s
[DONE] calibration__11287__deblur__boundary_probe__nes__l1 calls=1021 margin 6.31->5.41 t=3.0s
[DONE] calibration__11287__deblur__counterfactual__nes__l1 calls=1021 margin 6.31->5.20 t=2.9s
[DONE] calibration__2401__denoise__attack__nes__l0.5 calls=1021 margin 5.11->1.82 t=2.9s
[DONE] calibration__2401__denoise__restore__nes__l0.5 calls=1021 margin 5.11->5.01 t=3.1s
[DONE] calibration__2401__denoise__random_walk__random_walk__l0.5 calls=1024 margin 5.11->4.45 t=4.0s
[DONE] calibration__2401__denoise__confidence_boost__nes__l0.5 calls=1021 margin 5.11->5.88 t=3.0s
[DONE] calibration__2401__denoise__boundary_probe__nes__l0.5 calls=1021 margin 5.11->0.54 t=2.8s
[DONE] calibration__2401__denoise__counterfactual__nes__l0.5 calls=1021 margin 5.11->2.68 t=2.9s
[DONE] calibration__2401__deblur__attack__nes__l1 calls=1021 margin 6.41->6.08 t=3.0s
[DONE] calibration__2401__deblur__restore__nes__l1 calls=1021 margin 6.41->6.40 t=2.8s
[DONE] calibration__2401__deblur__random_walk__random_walk__l1 calls=1024 margin 6.41->6.25 t=4.0s
[DONE] calibration__2401__deblur__confidence_boost__nes__l1 calls=1021 margin 6.41->6.62 t=3.0s
[DONE] calibration__2401__deblur__boundary_probe__nes__l1 calls=1021 margin 6.41->6.06 t=3.2s
[DONE] calibration__2401__deblur__counterfactual__nes__l1 calls=1021 margin 6.41->6.04 t=3.1s
[DONE] calibration__797__denoise__attack__nes__l0.5 calls=1021 margin 4.38->0.13 t=3.3s
[DONE] calibration__797__denoise__restore__nes__l0.5 calls=1021 margin 4.38->4.84 t=2.9s
[DONE] calibration__797__denoise__random_walk__random_walk__l0.5 calls=1024 margin 4.38->3.94 t=3.9s
[DONE] calibration__797__denoise__confidence_boost__nes__l0.5 calls=1021 margin 4.38->6.40 t=3.1s
[DONE] calibration__797__denoise__boundary_probe__nes__l0.5 calls=1021 margin 4.38->0.16 t=3.0s
[DONE] calibration__797__denoise__counterfactual__nes__l0.5 calls=1021 margin 4.38->0.03 t=2.6s
[DONE] calibration__797__deblur__attack__nes__l1 calls=1021 margin 6.35->6.14 t=2.6s
[DONE] calibration__797__deblur__restore__nes__l1 calls=1021 margin 6.35->6.36 t=2.8s
[DONE] calibration__797__deblur__random_walk__random_walk__l1 calls=1024 margin 6.35->6.39 t=3.8s
[DONE] calibration__797__deblur__confidence_boost__nes__l1 calls=1021 margin 6.35->6.62 t=2.7s
[DONE] calibration__797__deblur__boundary_probe__nes__l1 calls=1021 margin 6.35->5.94 t=3.1s
[DONE] calibration__797__deblur__counterfactual__nes__l1 calls=1021 margin 6.35->5.97 t=3.2s
[DONE] calibration__6266__denoise__attack__nes__l0.5 calls=1021 margin 6.33->6.16 t=2.9s
[DONE] calibration__6266__denoise__restore__nes__l0.5 calls=1021 margin 6.33->6.33 t=3.2s
[DONE] calibration__6266__denoise__random_walk__random_walk__l0.5 calls=1024 margin 6.33->6.32 t=3.8s
[DONE] calibration__6266__denoise__confidence_boost__nes__l0.5 calls=1021 margin 6.33->6.48 t=2.9s
[DONE] calibration__6266__denoise__boundary_probe__nes__l0.5 calls=1021 margin 6.33->6.16 t=3.0s
[DONE] calibration__6266__denoise__counterfactual__nes__l0.5 calls=1021 margin 6.33->6.19 t=3.0s
[DONE] calibration__6266__deblur__attack__nes__l1 calls=1021 margin 6.25->6.10 t=2.6s
[DONE] calibration__6266__deblur__restore__nes__l1 calls=1021 margin 6.25->6.25 t=3.0s
[DONE] calibration__6266__deblur__random_walk__random_walk__l1 calls=1024 margin 6.25->6.25 t=3.9s
[DONE] calibration__6266__deblur__confidence_boost__nes__l1 calls=1021 margin 6.25->6.39 t=2.8s
[DONE] calibration__6266__deblur__boundary_probe__nes__l1 calls=1021 margin 6.25->6.07 t=2.9s
[DONE] calibration__6266__deblur__counterfactual__nes__l1 calls=1021 margin 6.25->6.06 t=3.0s
[DONE] calibration__149__denoise__attack__nes__l0.5 calls=1021 margin 6.58->6.18 t=3.0s
[DONE] calibration__149__denoise__restore__nes__l0.5 calls=1021 margin 6.58->6.57 t=3.2s
[DONE] calibration__149__denoise__random_walk__random_walk__l0.5 calls=1024 margin 6.58->6.51 t=4.2s
[DONE] calibration__149__denoise__confidence_boost__nes__l0.5 calls=1021 margin 6.58->6.62 t=3.4s
[DONE] calibration__149__denoise__boundary_probe__nes__l0.5 calls=1021 margin 6.58->6.12 t=3.2s
[DONE] calibration__149__denoise__counterfactual__nes__l0.5 calls=1021 margin 6.58->6.04 t=3.3s
[DONE] calibration__149__deblur__attack__nes__l1 calls=1021 margin 5.96->5.74 t=2.8s
[DONE] calibration__149__deblur__restore__nes__l1 calls=1021 margin 5.96->5.96 t=3.3s
[DONE] calibration__149__deblur__random_walk__random_walk__l1 calls=1024 margin 5.96->6.04 t=3.6s
[DONE] calibration__149__deblur__confidence_boost__nes__l1 calls=1021 margin 5.96->6.55 t=3.0s
[DONE] calibration__149__deblur__boundary_probe__nes__l1 calls=1021 margin 5.96->5.36 t=2.9s
[DONE] calibration__149__deblur__counterfactual__nes__l1 calls=1021 margin 5.96->5.30 t=2.9s
[DONE] calibration__5342__denoise__attack__nes__l0.5 calls=1021 margin 5.55->2.29 t=2.9s
[DONE] calibration__5342__denoise__restore__nes__l0.5 calls=1021 margin 5.55->5.79 t=3.5s
[DONE] calibration__5342__denoise__random_walk__random_walk__l0.5 calls=1024 margin 5.55->5.63 t=3.8s
[DONE] calibration__5342__denoise__confidence_boost__nes__l0.5 calls=1021 margin 5.55->6.83 t=3.1s
[DONE] calibration__5342__denoise__boundary_probe__nes__l0.5 calls=1021 margin 5.55->0.05 t=3.1s
[DONE] calibration__5342__denoise__counterfactual__nes__l0.5 calls=1021 margin 5.55->-0.97 t=3.1s
[DONE] calibration__5342__deblur__attack__nes__l1 calls=1021 margin 1.52->-5.99 t=2.8s
[DONE] calibration__5342__deblur__restore__nes__l1 calls=1021 margin 1.52->2.29 t=3.0s
[DONE] calibration__5342__deblur__random_walk__random_walk__l1 calls=1024 margin 1.52->0.89 t=4.1s
[DONE] calibration__5342__deblur__confidence_boost__nes__l1 calls=1021 margin 1.52->6.52 t=3.1s
[DONE] calibration__5342__deblur__boundary_probe__nes__l1 calls=1021 margin 1.52->0.00 t=3.1s
[DONE] calibration__5342__deblur__counterfactual__nes__l1 calls=1021 margin 1.52->-5.87 t=2.9s
[DONE] calibration__4456__denoise__attack__nes__l0.5 calls=1021 margin 1.33->-3.11 t=2.7s
[DONE] calibration__4456__denoise__restore__nes__l0.5 calls=1021 margin 1.33->1.15 t=2.9s
[DONE] calibration__4456__denoise__random_walk__random_walk__l0.5 calls=1024 margin 1.33->0.62 t=4.1s
[DONE] calibration__4456__denoise__confidence_boost__nes__l0.5 calls=1021 margin 1.33->2.37 t=2.9s
[DONE] calibration__4456__denoise__boundary_probe__nes__l0.5 calls=1021 margin 1.33->0.02 t=3.1s
[DONE] calibration__4456__denoise__counterfactual__nes__l0.5 calls=1021 margin 1.33->-3.28 t=2.8s
[DONE] calibration__4456__deblur__attack__nes__l1 calls=1021 margin 2.34->-0.12 t=3.0s
[DONE] calibration__4456__deblur__restore__nes__l1 calls=1021 margin 2.34->2.25 t=3.1s
[DONE] calibration__4456__deblur__random_walk__random_walk__l1 calls=1024 margin 2.34->2.95 t=4.1s
[DONE] calibration__4456__deblur__confidence_boost__nes__l1 calls=1021 margin 2.34->4.34 t=3.3s
[DONE] calibration__4456__deblur__boundary_probe__nes__l1 calls=1021 margin 2.34->0.01 t=3.4s
[DONE] calibration__4456__deblur__counterfactual__nes__l1 calls=1021 margin 2.34->-0.57 t=3.2s
[DONE] calibration__7652__denoise__attack__nes__l0.5 calls=1021 margin 5.11->-5.51 t=3.1s
[DONE] calibration__7652__denoise__restore__nes__l0.5 calls=1021 margin 5.11->5.28 t=3.4s
[DONE] calibration__7652__denoise__random_walk__random_walk__l0.5 calls=1024 margin 5.11->5.28 t=4.1s
[DONE] calibration__7652__denoise__confidence_boost__nes__l0.5 calls=1021 margin 5.11->6.25 t=3.1s
[DONE] calibration__7652__denoise__boundary_probe__nes__l0.5 calls=1021 margin 5.11->0.03 t=3.2s
[DONE] calibration__7652__denoise__counterfactual__nes__l0.5 calls=1021 margin 5.11->-5.36 t=3.2s
[DONE] calibration__7652__deblur__attack__nes__l1 calls=1021 margin 6.18->5.51 t=3.2s
[DONE] calibration__7652__deblur__restore__nes__l1 calls=1021 margin 6.18->6.19 t=3.4s
[DONE] calibration__7652__deblur__random_walk__random_walk__l1 calls=1024 margin 6.18->6.31 t=4.0s
[DONE] calibration__7652__deblur__confidence_boost__nes__l1 calls=1021 margin 6.18->6.41 t=2.9s
[DONE] calibration__7652__deblur__boundary_probe__nes__l1 calls=1021 margin 6.18->3.63 t=3.1s
[DONE] calibration__7652__deblur__counterfactual__nes__l1 calls=1021 margin 6.18->3.82 t=3.0s
[DONE] calibration__2901__denoise__attack__nes__l0.5 calls=1021 margin 6.34->6.15 t=2.7s
[DONE] calibration__2901__denoise__restore__nes__l0.5 calls=1021 margin 6.34->6.33 t=3.0s
[DONE] calibration__2901__denoise__random_walk__random_walk__l0.5 calls=1024 margin 6.34->6.43 t=3.9s
[DONE] calibration__2901__denoise__confidence_boost__nes__l0.5 calls=1021 margin 6.34->6.57 t=3.1s
[DONE] calibration__2901__denoise__boundary_probe__nes__l0.5 calls=1021 margin 6.34->5.96 t=3.0s
[DONE] calibration__2901__denoise__counterfactual__nes__l0.5 calls=1021 margin 6.34->6.12 t=3.0s
[DONE] calibration__2901__deblur__attack__nes__l1 calls=1021 margin 6.30->5.95 t=2.9s
[DONE] calibration__2901__deblur__restore__nes__l1 calls=1021 margin 6.30->6.28 t=3.1s
[DONE] calibration__2901__deblur__random_walk__random_walk__l1 calls=1024 margin 6.30->6.26 t=4.1s
[DONE] calibration__2901__deblur__confidence_boost__nes__l1 calls=1021 margin 6.30->6.55 t=2.8s
[DONE] calibration__2901__deblur__boundary_probe__nes__l1 calls=1021 margin 6.30->5.80 t=2.7s
[DONE] calibration__2901__deblur__counterfactual__nes__l1 calls=1021 margin 6.30->5.99 t=3.2s
[DONE] calibration__2906__denoise__attack__nes__l0.5 calls=1021 margin 3.88->1.43 t=2.8s
[DONE] calibration__2906__denoise__restore__nes__l0.5 calls=1021 margin 3.88->3.79 t=3.0s
[DONE] calibration__2906__denoise__random_walk__random_walk__l0.5 calls=1024 margin 3.88->4.42 t=3.8s
[DONE] calibration__2906__denoise__confidence_boost__nes__l0.5 calls=1021 margin 3.88->5.81 t=3.1s
[DONE] calibration__2906__denoise__boundary_probe__nes__l0.5 calls=1021 margin 3.88->0.87 t=3.3s
[DONE] calibration__2906__denoise__counterfactual__nes__l0.5 calls=1021 margin 3.88->1.12 t=3.2s
[DONE] calibration__2906__deblur__attack__nes__l1 calls=1021 margin 4.79->2.21 t=3.3s
[DONE] calibration__2906__deblur__restore__nes__l1 calls=1021 margin 4.79->4.82 t=3.3s
[DONE] calibration__2906__deblur__random_walk__random_walk__l1 calls=1024 margin 4.79->4.45 t=4.1s
[DONE] calibration__2906__deblur__confidence_boost__nes__l1 calls=1021 margin 4.79->5.74 t=3.2s
[DONE] calibration__2906__deblur__boundary_probe__nes__l1 calls=1021 margin 4.79->1.97 t=3.3s
[DONE] calibration__2906__deblur__counterfactual__nes__l1 calls=1021 margin 4.79->1.88 t=2.8s
[DONE] calibration__3141__denoise__attack__nes__l0.5 calls=1021 margin 3.65->1.38 t=3.1s
[DONE] calibration__3141__denoise__restore__nes__l0.5 calls=1021 margin 3.65->3.71 t=2.9s
[DONE] calibration__3141__denoise__random_walk__random_walk__l0.5 calls=1024 margin 3.65->3.18 t=3.9s
[DONE] calibration__3141__denoise__confidence_boost__nes__l0.5 calls=1021 margin 3.65->5.18 t=2.7s
[DONE] calibration__3141__denoise__boundary_probe__nes__l0.5 calls=1021 margin 3.65->0.70 t=3.0s
[DONE] calibration__3141__denoise__counterfactual__nes__l0.5 calls=1021 margin 3.65->0.80 t=2.9s
[DONE] calibration__3141__deblur__attack__nes__l1 calls=1021 margin 0.32->-3.04 t=2.9s
[DONE] calibration__3141__deblur__restore__nes__l1 calls=1021 margin 0.32->0.29 t=2.8s
[DONE] calibration__3141__deblur__random_walk__random_walk__l1 calls=1024 margin 0.32->-0.39 t=3.9s
[DONE] calibration__3141__deblur__confidence_boost__nes__l1 calls=1021 margin 0.32->3.99 t=3.0s
[DONE] calibration__3141__deblur__boundary_probe__nes__l1 calls=1021 margin 0.32->0.00 t=2.8s
[DONE] calibration__3141__deblur__counterfactual__nes__l1 calls=1021 margin 0.32->-2.94 t=2.8s
[DONE] evaluation__1279__denoise__attack__nes__l0.5 calls=1021 margin 7.23->6.81 t=3.1s
[DONE] evaluation__1279__denoise__restore__nes__l0.5 calls=1021 margin 7.23->7.26 t=3.3s
[DONE] evaluation__1279__denoise__random_walk__random_walk__l0.5 calls=1024 margin 7.23->7.18 t=4.0s
[DONE] evaluation__1279__denoise__confidence_boost__nes__l0.5 calls=1021 margin 7.23->7.47 t=3.0s
[DONE] evaluation__1279__denoise__boundary_probe__nes__l0.5 calls=1021 margin 7.23->6.33 t=2.9s
[DONE] evaluation__1279__denoise__counterfactual__nes__l0.5 calls=1021 margin 7.23->6.84 t=2.9s
[DONE] evaluation__1279__deblur__attack__nes__l1 calls=1021 margin 7.31->6.66 t=3.1s
[DONE] evaluation__1279__deblur__restore__nes__l1 calls=1021 margin 7.31->7.27 t=2.9s
[DONE] evaluation__1279__deblur__random_walk__random_walk__l1 calls=1024 margin 7.31->7.15 t=4.0s
[DONE] evaluation__1279__deblur__confidence_boost__nes__l1 calls=1021 margin 7.31->7.49 t=3.2s
[DONE] evaluation__1279__deblur__boundary_probe__nes__l1 calls=1021 margin 7.31->5.61 t=3.0s
[DONE] evaluation__1279__deblur__counterfactual__nes__l1 calls=1021 margin 7.31->5.71 t=2.8s
[DONE] evaluation__7247__denoise__attack__nes__l0.5 calls=1021 margin 0.99->-4.90 t=3.3s
[DONE] evaluation__7247__denoise__restore__nes__l0.5 calls=1021 margin 0.99->0.99 t=2.9s
[DONE] evaluation__7247__denoise__random_walk__random_walk__l0.5 calls=1024 margin 0.99->0.07 t=3.9s
[DONE] evaluation__7247__denoise__confidence_boost__nes__l0.5 calls=1021 margin 0.99->5.59 t=3.0s
[DONE] evaluation__7247__denoise__boundary_probe__nes__l0.5 calls=1021 margin 0.99->0.02 t=3.2s
[DONE] evaluation__7247__denoise__counterfactual__nes__l0.5 calls=1021 margin 0.99->-4.56 t=3.3s
[DONE] evaluation__7247__deblur__attack__nes__l1 calls=1021 margin 5.34->0.40 t=3.1s
[DONE] evaluation__7247__deblur__restore__nes__l1 calls=1021 margin 5.34->5.15 t=3.0s
[DONE] evaluation__7247__deblur__random_walk__random_walk__l1 calls=1024 margin 5.34->5.53 t=4.1s
[DONE] evaluation__7247__deblur__confidence_boost__nes__l1 calls=1021 margin 5.34->6.45 t=2.9s
[DONE] evaluation__7247__deblur__boundary_probe__nes__l1 calls=1021 margin 5.34->0.10 t=3.4s
[DONE] evaluation__7247__deblur__counterfactual__nes__l1 calls=1021 margin 5.34->0.07 t=3.2s
[DONE] evaluation__6060__denoise__attack__nes__l0.5 calls=1021 margin 6.24->6.16 t=2.8s
[DONE] evaluation__6060__denoise__restore__nes__l0.5 calls=1021 margin 6.24->6.25 t=3.2s
[DONE] evaluation__6060__denoise__random_walk__random_walk__l0.5 calls=1024 margin 6.24->6.20 t=3.9s
[DONE] evaluation__6060__denoise__confidence_boost__nes__l0.5 calls=1021 margin 6.24->6.18 t=3.4s
[DONE] evaluation__6060__denoise__boundary_probe__nes__l0.5 calls=1021 margin 6.24->5.92 t=3.2s
[DONE] evaluation__6060__denoise__counterfactual__nes__l0.5 calls=1021 margin 6.24->6.10 t=3.0s
[DONE] evaluation__6060__deblur__attack__nes__l1 calls=1021 margin 6.03->5.77 t=3.4s
[DONE] evaluation__6060__deblur__restore__nes__l1 calls=1021 margin 6.03->6.05 t=3.3s
[DONE] evaluation__6060__deblur__random_walk__random_walk__l1 calls=1024 margin 6.03->5.96 t=4.6s
[DONE] evaluation__6060__deblur__confidence_boost__nes__l1 calls=1021 margin 6.03->6.15 t=3.1s
[DONE] evaluation__6060__deblur__boundary_probe__nes__l1 calls=1021 margin 6.03->5.58 t=3.1s
[DONE] evaluation__6060__deblur__counterfactual__nes__l1 calls=1021 margin 6.03->5.56 t=3.1s
[DONE] evaluation__10508__denoise__attack__nes__l0.5 calls=1021 margin 3.04->-4.23 t=3.0s
[DONE] evaluation__10508__denoise__restore__nes__l0.5 calls=1021 margin 3.04->3.72 t=3.2s
[DONE] evaluation__10508__denoise__random_walk__random_walk__l0.5 calls=1024 margin 3.04->3.89 t=4.1s
[DONE] evaluation__10508__denoise__confidence_boost__nes__l0.5 calls=1021 margin 3.04->6.07 t=3.1s
[DONE] evaluation__10508__denoise__boundary_probe__nes__l0.5 calls=1021 margin 3.04->0.01 t=3.2s
[DONE] evaluation__10508__denoise__counterfactual__nes__l0.5 calls=1021 margin 3.04->-2.00 t=3.2s
[DONE] evaluation__10508__deblur__attack__nes__l1 calls=1021 margin 4.80->-6.18 t=2.9s
[DONE] evaluation__10508__deblur__restore__nes__l1 calls=1021 margin 4.80->5.12 t=3.2s
[DONE] evaluation__10508__deblur__random_walk__random_walk__l1 calls=1024 margin 4.80->5.49 t=4.4s
[DONE] evaluation__10508__deblur__confidence_boost__nes__l1 calls=1021 margin 4.80->6.17 t=3.0s
[DONE] evaluation__10508__deblur__boundary_probe__nes__l1 calls=1021 margin 4.80->0.09 t=3.1s
[DONE] evaluation__10508__deblur__counterfactual__nes__l1 calls=1021 margin 4.80->-5.95 t=3.1s
[DONE] evaluation__9763__denoise__attack__nes__l0.5 calls=1021 margin 6.11->5.57 t=2.9s
[DONE] evaluation__9763__denoise__restore__nes__l0.5 calls=1021 margin 6.11->6.07 t=2.8s
[DONE] evaluation__9763__denoise__random_walk__random_walk__l0.5 calls=1024 margin 6.11->6.09 t=4.0s
[DONE] evaluation__9763__denoise__confidence_boost__nes__l0.5 calls=1021 margin 6.11->6.51 t=3.0s
[DONE] evaluation__9763__denoise__boundary_probe__nes__l0.5 calls=1021 margin 6.11->4.93 t=2.9s
[DONE] evaluation__9763__denoise__counterfactual__nes__l0.5 calls=1021 margin 6.11->5.05 t=2.9s
[DONE] evaluation__9763__deblur__attack__nes__l1 calls=1021 margin 5.72->-0.83 t=2.9s
[DONE] evaluation__9763__deblur__restore__nes__l1 calls=1021 margin 5.72->5.65 t=3.1s
[DONE] evaluation__9763__deblur__random_walk__random_walk__l1 calls=1024 margin 5.72->5.83 t=4.3s
[DONE] evaluation__9763__deblur__confidence_boost__nes__l1 calls=1021 margin 5.72->6.15 t=3.0s
[DONE] evaluation__9763__deblur__boundary_probe__nes__l1 calls=1021 margin 5.72->0.00 t=3.2s
[DONE] evaluation__9763__deblur__counterfactual__nes__l1 calls=1021 margin 5.72->-0.63 t=3.0s
[DONE] evaluation__2236__denoise__attack__nes__l0.5 calls=1021 margin 3.90->-3.45 t=3.1s
[DONE] evaluation__2236__denoise__restore__nes__l0.5 calls=1021 margin 3.90->3.44 t=3.1s
[DONE] evaluation__2236__denoise__random_walk__random_walk__l0.5 calls=1024 margin 3.90->1.44 t=4.2s
[DONE] evaluation__2236__denoise__confidence_boost__nes__l0.5 calls=1021 margin 3.90->5.87 t=3.2s
[DONE] evaluation__2236__denoise__boundary_probe__nes__l0.5 calls=1021 margin 3.90->0.01 t=3.0s
[DONE] evaluation__2236__denoise__counterfactual__nes__l0.5 calls=1021 margin 3.90->-3.86 t=3.2s
[DONE] evaluation__2236__deblur__attack__nes__l1 calls=1021 margin 6.49->-3.15 t=3.1s
[DONE] evaluation__2236__deblur__restore__nes__l1 calls=1021 margin 6.49->6.49 t=3.1s
[DONE] evaluation__2236__deblur__random_walk__random_walk__l1 calls=1024 margin 6.49->6.54 t=3.9s
[DONE] evaluation__2236__deblur__confidence_boost__nes__l1 calls=1021 margin 6.49->6.35 t=3.0s
[DONE] evaluation__2236__deblur__boundary_probe__nes__l1 calls=1021 margin 6.49->0.02 t=3.2s
[DONE] evaluation__2236__deblur__counterfactual__nes__l1 calls=1021 margin 6.49->-1.40 t=3.3s
[DONE] evaluation__5573__denoise__attack__nes__l0.5 calls=1021 margin 1.94->-3.43 t=3.1s
[DONE] evaluation__5573__denoise__restore__nes__l0.5 calls=1021 margin 1.94->1.82 t=3.2s
[DONE] evaluation__5573__denoise__random_walk__random_walk__l0.5 calls=1024 margin 1.94->1.33 t=4.3s
[DONE] evaluation__5573__denoise__confidence_boost__nes__l0.5 calls=1021 margin 1.94->5.67 t=3.1s
[DONE] evaluation__5573__denoise__boundary_probe__nes__l0.5 calls=1021 margin 1.94->0.00 t=3.4s
[DONE] evaluation__5573__denoise__counterfactual__nes__l0.5 calls=1021 margin 1.94->-3.08 t=3.2s
[DONE] evaluation__5573__deblur__attack__nes__l1 calls=1021 margin 5.88->-1.63 t=3.1s
[DONE] evaluation__5573__deblur__restore__nes__l1 calls=1021 margin 5.88->6.13 t=3.3s
[DONE] evaluation__5573__deblur__random_walk__random_walk__l1 calls=1024 margin 5.88->5.94 t=4.5s
[DONE] evaluation__5573__deblur__confidence_boost__nes__l1 calls=1021 margin 5.88->6.06 t=3.2s
[DONE] evaluation__5573__deblur__boundary_probe__nes__l1 calls=1021 margin 5.88->0.04 t=3.0s
[DONE] evaluation__5573__deblur__counterfactual__nes__l1 calls=1021 margin 5.88->-3.80 t=3.0s
[DONE] evaluation__4385__denoise__attack__nes__l0.5 calls=1021 margin 4.62->-3.87 t=2.7s
[DONE] evaluation__4385__denoise__restore__nes__l0.5 calls=1021 margin 4.62->5.11 t=3.1s
[DONE] evaluation__4385__denoise__random_walk__random_walk__l0.5 calls=1024 margin 4.62->4.69 t=4.1s
[DONE] evaluation__4385__denoise__confidence_boost__nes__l0.5 calls=1021 margin 4.62->6.63 t=3.2s
[DONE] evaluation__4385__denoise__boundary_probe__nes__l0.5 calls=1021 margin 4.62->0.01 t=3.0s
[DONE] evaluation__4385__denoise__counterfactual__nes__l0.5 calls=1021 margin 4.62->-4.61 t=3.0s
[DONE] evaluation__4385__deblur__attack__nes__l1 calls=1021 margin 6.42->5.66 t=3.2s
[DONE] evaluation__4385__deblur__restore__nes__l1 calls=1021 margin 6.42->6.36 t=3.1s
[DONE] evaluation__4385__deblur__random_walk__random_walk__l1 calls=1024 margin 6.42->6.37 t=4.0s
[DONE] evaluation__4385__deblur__confidence_boost__nes__l1 calls=1021 margin 6.42->6.48 t=3.3s
[DONE] evaluation__4385__deblur__boundary_probe__nes__l1 calls=1021 margin 6.42->5.58 t=3.1s
[DONE] evaluation__4385__deblur__counterfactual__nes__l1 calls=1021 margin 6.42->5.59 t=3.2s
[DONE] evaluation__6882__denoise__attack__nes__l0.5 calls=1021 margin 6.04->5.69 t=3.0s
[DONE] evaluation__6882__denoise__restore__nes__l0.5 calls=1021 margin 6.04->6.07 t=3.2s
[DONE] evaluation__6882__denoise__random_walk__random_walk__l0.5 calls=1024 margin 6.04->6.00 t=3.9s
[DONE] evaluation__6882__denoise__confidence_boost__nes__l0.5 calls=1021 margin 6.04->6.29 t=3.2s
[DONE] evaluation__6882__denoise__boundary_probe__nes__l0.5 calls=1021 margin 6.04->5.62 t=2.8s
[DONE] evaluation__6882__denoise__counterfactual__nes__l0.5 calls=1021 margin 6.04->5.65 t=3.0s
[DONE] evaluation__6882__deblur__attack__nes__l1 calls=1021 margin 6.22->5.96 t=3.2s
[DONE] evaluation__6882__deblur__restore__nes__l1 calls=1021 margin 6.22->6.19 t=2.9s
[DONE] evaluation__6882__deblur__random_walk__random_walk__l1 calls=1024 margin 6.22->6.25 t=4.2s
[DONE] evaluation__6882__deblur__confidence_boost__nes__l1 calls=1021 margin 6.22->6.36 t=3.3s
[DONE] evaluation__6882__deblur__boundary_probe__nes__l1 calls=1021 margin 6.22->5.90 t=3.2s
[DONE] evaluation__6882__deblur__counterfactual__nes__l1 calls=1021 margin 6.22->5.92 t=3.1s
[DONE] evaluation__9785__denoise__attack__nes__l0.5 calls=1021 margin 6.28->5.21 t=2.9s
[DONE] evaluation__9785__denoise__restore__nes__l0.5 calls=1021 margin 6.28->6.25 t=2.8s
[DONE] evaluation__9785__denoise__random_walk__random_walk__l0.5 calls=1024 margin 6.28->6.14 t=4.2s
[DONE] evaluation__9785__denoise__confidence_boost__nes__l0.5 calls=1021 margin 6.28->6.86 t=2.9s
[DONE] evaluation__9785__denoise__boundary_probe__nes__l0.5 calls=1021 margin 6.28->1.31 t=3.4s
[DONE] evaluation__9785__denoise__counterfactual__nes__l0.5 calls=1021 margin 6.28->1.45 t=3.1s
[DONE] evaluation__9785__deblur__attack__nes__l1 calls=1021 margin 6.42->6.04 t=3.0s
[DONE] evaluation__9785__deblur__restore__nes__l1 calls=1021 margin 6.42->6.41 t=3.2s
[DONE] evaluation__9785__deblur__random_walk__random_walk__l1 calls=1024 margin 6.42->6.35 t=4.2s
[DONE] evaluation__9785__deblur__confidence_boost__nes__l1 calls=1021 margin 6.42->6.69 t=2.6s
[DONE] evaluation__9785__deblur__boundary_probe__nes__l1 calls=1021 margin 6.42->5.39 t=2.6s
[DONE] evaluation__9785__deblur__counterfactual__nes__l1 calls=1021 margin 6.42->5.95 t=2.9s
[DONE] evaluation__4533__denoise__attack__nes__l0.5 calls=1021 margin 2.85->-3.67 t=3.0s
[DONE] evaluation__4533__denoise__restore__nes__l0.5 calls=1021 margin 2.85->2.77 t=3.1s
[DONE] evaluation__4533__denoise__random_walk__random_walk__l0.5 calls=1024 margin 2.85->2.51 t=4.0s
[DONE] evaluation__4533__denoise__confidence_boost__nes__l0.5 calls=1021 margin 2.85->6.27 t=3.3s
[DONE] evaluation__4533__denoise__boundary_probe__nes__l0.5 calls=1021 margin 2.85->0.02 t=3.2s
[DONE] evaluation__4533__denoise__counterfactual__nes__l0.5 calls=1021 margin 2.85->-3.75 t=3.1s
[DONE] evaluation__4533__deblur__attack__nes__l1 calls=1021 margin 6.42->6.18 t=3.1s
[DONE] evaluation__4533__deblur__restore__nes__l1 calls=1021 margin 6.42->6.42 t=2.8s
[DONE] evaluation__4533__deblur__random_walk__random_walk__l1 calls=1024 margin 6.42->6.09 t=4.0s
[DONE] evaluation__4533__deblur__confidence_boost__nes__l1 calls=1021 margin 6.42->6.60 t=2.8s
[DONE] evaluation__4533__deblur__boundary_probe__nes__l1 calls=1021 margin 6.42->6.17 t=3.3s
[DONE] evaluation__4533__deblur__counterfactual__nes__l1 calls=1021 margin 6.42->6.16 t=3.1s
[DONE] evaluation__3041__denoise__attack__nes__l0.5 calls=1021 margin 6.27->6.13 t=2.8s
[DONE] evaluation__3041__denoise__restore__nes__l0.5 calls=1021 margin 6.27->6.26 t=2.9s
[DONE] evaluation__3041__denoise__random_walk__random_walk__l0.5 calls=1024 margin 6.27->6.29 t=4.2s
[DONE] evaluation__3041__denoise__confidence_boost__nes__l0.5 calls=1021 margin 6.27->6.38 t=3.1s
[DONE] evaluation__3041__denoise__boundary_probe__nes__l0.5 calls=1021 margin 6.27->6.11 t=2.7s
[DONE] evaluation__3041__denoise__counterfactual__nes__l0.5 calls=1021 margin 6.27->6.08 t=2.6s
[DONE] evaluation__3041__deblur__attack__nes__l1 calls=1021 margin 6.34->6.21 t=2.9s
[DONE] evaluation__3041__deblur__restore__nes__l1 calls=1021 margin 6.34->6.34 t=3.0s
[DONE] evaluation__3041__deblur__random_walk__random_walk__l1 calls=1024 margin 6.34->6.35 t=4.0s
[DONE] evaluation__3041__deblur__confidence_boost__nes__l1 calls=1021 margin 6.34->6.39 t=3.0s
[DONE] evaluation__3041__deblur__boundary_probe__nes__l1 calls=1021 margin 6.34->6.08 t=3.1s
[DONE] evaluation__3041__deblur__counterfactual__nes__l1 calls=1021 margin 6.34->6.14 t=3.4s
[DONE] evaluation__732__denoise__attack__nes__l0.5 calls=1021 margin 6.15->5.91 t=2.8s
[DONE] evaluation__732__denoise__restore__nes__l0.5 calls=1021 margin 6.15->6.17 t=2.8s
[DONE] evaluation__732__denoise__random_walk__random_walk__l0.5 calls=1024 margin 6.15->6.15 t=4.1s
[DONE] evaluation__732__denoise__confidence_boost__nes__l0.5 calls=1021 margin 6.15->6.29 t=3.3s
[DONE] evaluation__732__denoise__boundary_probe__nes__l0.5 calls=1021 margin 6.15->5.60 t=2.9s
[DONE] evaluation__732__denoise__counterfactual__nes__l0.5 calls=1021 margin 6.15->5.56 t=3.0s
[DONE] evaluation__732__deblur__attack__nes__l1 calls=1021 margin 6.43->6.25 t=3.1s
[DONE] evaluation__732__deblur__restore__nes__l1 calls=1021 margin 6.43->6.43 t=3.0s
[DONE] evaluation__732__deblur__random_walk__random_walk__l1 calls=1024 margin 6.43->6.39 t=4.1s
[DONE] evaluation__732__deblur__confidence_boost__nes__l1 calls=1021 margin 6.43->6.47 t=2.6s
[DONE] evaluation__732__deblur__boundary_probe__nes__l1 calls=1021 margin 6.43->6.18 t=2.8s
[DONE] evaluation__732__deblur__counterfactual__nes__l1 calls=1021 margin 6.43->6.21 t=3.0s
[DONE] evaluation__10260__denoise__attack__nes__l0.5 calls=1021 margin 3.83->-0.83 t=3.0s
[DONE] evaluation__10260__denoise__restore__nes__l0.5 calls=1021 margin 3.83->3.66 t=2.8s
[DONE] evaluation__10260__denoise__random_walk__random_walk__l0.5 calls=1024 margin 3.83->2.73 t=4.1s
[DONE] evaluation__10260__denoise__confidence_boost__nes__l0.5 calls=1021 margin 3.83->5.62 t=2.9s
[DONE] evaluation__10260__denoise__boundary_probe__nes__l0.5 calls=1021 margin 3.83->0.00 t=3.1s
[DONE] evaluation__10260__denoise__counterfactual__nes__l0.5 calls=1021 margin 3.83->-0.99 t=2.7s
[DONE] evaluation__10260__deblur__attack__nes__l1 calls=1021 margin 6.37->6.24 t=2.6s
[DONE] evaluation__10260__deblur__restore__nes__l1 calls=1021 margin 6.37->6.41 t=2.9s
[DONE] evaluation__10260__deblur__random_walk__random_walk__l1 calls=1024 margin 6.37->6.42 t=4.1s
[DONE] evaluation__10260__deblur__confidence_boost__nes__l1 calls=1021 margin 6.37->6.54 t=2.7s
[DONE] evaluation__10260__deblur__boundary_probe__nes__l1 calls=1021 margin 6.37->6.18 t=2.7s
[DONE] evaluation__10260__deblur__counterfactual__nes__l1 calls=1021 margin 6.37->6.19 t=2.6s
[DONE] evaluation__11723__denoise__attack__nes__l0.5 calls=1021 margin 6.05->5.87 t=2.8s
[DONE] evaluation__11723__denoise__restore__nes__l0.5 calls=1021 margin 6.05->6.04 t=2.7s
[DONE] evaluation__11723__denoise__random_walk__random_walk__l0.5 calls=1024 margin 6.05->6.09 t=4.4s
[DONE] evaluation__11723__denoise__confidence_boost__nes__l0.5 calls=1021 margin 6.05->6.29 t=2.9s
[DONE] evaluation__11723__denoise__boundary_probe__nes__l0.5 calls=1021 margin 6.05->5.80 t=3.0s
[DONE] evaluation__11723__denoise__counterfactual__nes__l0.5 calls=1021 margin 6.05->5.80 t=2.7s
[DONE] evaluation__11723__deblur__attack__nes__l1 calls=1021 margin 6.10->5.87 t=3.2s
[DONE] evaluation__11723__deblur__restore__nes__l1 calls=1021 margin 6.10->6.09 t=3.1s
[DONE] evaluation__11723__deblur__random_walk__random_walk__l1 calls=1024 margin 6.10->6.17 t=4.0s
[DONE] evaluation__11723__deblur__confidence_boost__nes__l1 calls=1021 margin 6.10->6.28 t=2.6s
[DONE] evaluation__11723__deblur__boundary_probe__nes__l1 calls=1021 margin 6.10->5.84 t=3.0s
[DONE] evaluation__11723__deblur__counterfactual__nes__l1 calls=1021 margin 6.10->5.85 t=2.7s
[DONE] evaluation__3586__denoise__attack__nes__l0.5 calls=1021 margin 6.52->6.39 t=2.9s
[DONE] evaluation__3586__denoise__restore__nes__l0.5 calls=1021 margin 6.52->6.51 t=3.2s
[DONE] evaluation__3586__denoise__random_walk__random_walk__l0.5 calls=1024 margin 6.52->6.46 t=4.4s
[DONE] evaluation__3586__denoise__confidence_boost__nes__l0.5 calls=1021 margin 6.52->6.65 t=3.0s
[DONE] evaluation__3586__denoise__boundary_probe__nes__l0.5 calls=1021 margin 6.52->6.12 t=2.8s
[DONE] evaluation__3586__denoise__counterfactual__nes__l0.5 calls=1021 margin 6.52->6.24 t=3.0s
[DONE] evaluation__3586__deblur__attack__nes__l1 calls=1021 margin 6.55->6.34 t=3.2s
[DONE] evaluation__3586__deblur__restore__nes__l1 calls=1021 margin 6.55->6.56 t=2.8s
[DONE] evaluation__3586__deblur__random_walk__random_walk__l1 calls=1024 margin 6.55->6.54 t=3.8s
[DONE] evaluation__3586__deblur__confidence_boost__nes__l1 calls=1021 margin 6.55->6.65 t=3.0s
[DONE] evaluation__3586__deblur__boundary_probe__nes__l1 calls=1021 margin 6.55->6.33 t=2.9s
[DONE] evaluation__3586__deblur__counterfactual__nes__l1 calls=1021 margin 6.55->6.34 t=3.1s
[DONE] evaluation__2584__denoise__attack__nes__l0.5 calls=1021 margin 5.81->4.10 t=3.4s
[DONE] evaluation__2584__denoise__restore__nes__l0.5 calls=1021 margin 5.81->5.86 t=3.0s
[DONE] evaluation__2584__denoise__random_walk__random_walk__l0.5 calls=1024 margin 5.81->5.61 t=4.1s
[DONE] evaluation__2584__denoise__confidence_boost__nes__l0.5 calls=1021 margin 5.81->6.32 t=2.7s
[DONE] evaluation__2584__denoise__boundary_probe__nes__l0.5 calls=1021 margin 5.81->3.49 t=2.9s
[DONE] evaluation__2584__denoise__counterfactual__nes__l0.5 calls=1021 margin 5.81->4.37 t=3.4s
[DONE] evaluation__2584__deblur__attack__nes__l1 calls=1021 margin 5.54->3.69 t=3.5s
[DONE] evaluation__2584__deblur__restore__nes__l1 calls=1021 margin 5.54->5.72 t=3.3s
[DONE] evaluation__2584__deblur__random_walk__random_walk__l1 calls=1024 margin 5.54->5.79 t=3.8s
[DONE] evaluation__2584__deblur__confidence_boost__nes__l1 calls=1021 margin 5.54->6.50 t=3.4s
[DONE] evaluation__2584__deblur__boundary_probe__nes__l1 calls=1021 margin 5.54->3.19 t=3.3s
[DONE] evaluation__2584__deblur__counterfactual__nes__l1 calls=1021 margin 5.54->3.24 t=3.3s
[DONE] evaluation__3143__denoise__attack__nes__l0.5 calls=1021 margin 0.65->-4.96 t=3.5s
[DONE] evaluation__3143__denoise__restore__nes__l0.5 calls=1021 margin 0.65->0.63 t=3.1s
[DONE] evaluation__3143__denoise__random_walk__random_walk__l0.5 calls=1024 margin 0.65->1.45 t=3.9s
[DONE] evaluation__3143__denoise__confidence_boost__nes__l0.5 calls=1021 margin 0.65->4.44 t=3.3s
[DONE] evaluation__3143__denoise__boundary_probe__nes__l0.5 calls=1021 margin 0.65->0.01 t=3.1s
[DONE] evaluation__3143__denoise__counterfactual__nes__l0.5 calls=1021 margin 0.65->-5.04 t=3.2s
[DONE] evaluation__3143__deblur__attack__nes__l1 calls=1021 margin 1.35->-5.68 t=3.1s
[DONE] evaluation__3143__deblur__restore__nes__l1 calls=1021 margin 1.35->1.32 t=3.1s
[DONE] evaluation__3143__deblur__random_walk__random_walk__l1 calls=1024 margin 1.35->2.35 t=4.5s
[DONE] evaluation__3143__deblur__confidence_boost__nes__l1 calls=1021 margin 1.35->5.77 t=3.0s
[DONE] evaluation__3143__deblur__boundary_probe__nes__l1 calls=1021 margin 1.35->0.03 t=3.2s
[DONE] evaluation__3143__deblur__counterfactual__nes__l1 calls=1021 margin 1.35->-5.46 t=3.3s
[DONE] evaluation__8299__denoise__attack__nes__l0.5 calls=1021 margin 2.03->-1.57 t=3.2s
[DONE] evaluation__8299__denoise__restore__nes__l0.5 calls=1021 margin 2.03->1.94 t=3.1s
[DONE] evaluation__8299__denoise__random_walk__random_walk__l0.5 calls=1024 margin 2.03->1.45 t=4.4s
[DONE] evaluation__8299__denoise__confidence_boost__nes__l0.5 calls=1021 margin 2.03->4.62 t=3.0s
[DONE] evaluation__8299__denoise__boundary_probe__nes__l0.5 calls=1021 margin 2.03->0.00 t=2.8s
[DONE] evaluation__8299__denoise__counterfactual__nes__l0.5 calls=1021 margin 2.03->-0.16 t=3.0s
[DONE] evaluation__8299__deblur__attack__nes__l1 calls=1021 margin 3.03->-1.09 t=2.9s
[DONE] evaluation__8299__deblur__restore__nes__l1 calls=1021 margin 3.03->3.51 t=3.0s
[DONE] evaluation__8299__deblur__random_walk__random_walk__l1 calls=1024 margin 3.03->2.58 t=4.3s
[DONE] evaluation__8299__deblur__confidence_boost__nes__l1 calls=1021 margin 3.03->5.91 t=3.2s
[DONE] evaluation__8299__deblur__boundary_probe__nes__l1 calls=1021 margin 3.03->0.02 t=2.9s
[DONE] evaluation__8299__deblur__counterfactual__nes__l1 calls=1021 margin 3.03->-0.93 t=2.7s
[DONE] evaluation__7346__denoise__attack__nes__l0.5 calls=1021 margin 4.73->-2.51 t=2.7s
[DONE] evaluation__7346__denoise__restore__nes__l0.5 calls=1021 margin 4.73->4.00 t=3.0s
[DONE] evaluation__7346__denoise__random_walk__random_walk__l0.5 calls=1024 margin 4.73->4.80 t=4.3s
[DONE] evaluation__7346__denoise__confidence_boost__nes__l0.5 calls=1021 margin 4.73->6.87 t=3.2s
[DONE] evaluation__7346__denoise__boundary_probe__nes__l0.5 calls=1021 margin 4.73->0.01 t=3.2s
[DONE] evaluation__7346__denoise__counterfactual__nes__l0.5 calls=1021 margin 4.73->-1.57 t=3.1s
[DONE] evaluation__7346__deblur__attack__nes__l1 calls=1021 margin 6.91->4.62 t=3.0s
[DONE] evaluation__7346__deblur__restore__nes__l1 calls=1021 margin 6.91->6.96 t=3.1s
[DONE] evaluation__7346__deblur__random_walk__random_walk__l1 calls=1024 margin 6.91->6.69 t=4.2s
[DONE] evaluation__7346__deblur__confidence_boost__nes__l1 calls=1021 margin 6.91->7.16 t=3.1s
[DONE] evaluation__7346__deblur__boundary_probe__nes__l1 calls=1021 margin 6.91->0.21 t=3.2s
[DONE] evaluation__7346__deblur__counterfactual__nes__l1 calls=1021 margin 6.91->-1.88 t=3.3s
[DONE] evaluation__2611__denoise__attack__nes__l0.5 calls=1021 margin 0.09->-4.84 t=3.2s
[DONE] evaluation__2611__denoise__restore__nes__l0.5 calls=1021 margin 0.09->0.25 t=3.1s
[DONE] evaluation__2611__denoise__random_walk__random_walk__l0.5 calls=1024 margin 0.09->-0.13 t=4.5s
[DONE] evaluation__2611__denoise__confidence_boost__nes__l0.5 calls=1021 margin 0.09->5.55 t=3.2s
[DONE] evaluation__2611__denoise__boundary_probe__nes__l0.5 calls=1021 margin 0.09->0.03 t=3.0s
[DONE] evaluation__2611__denoise__counterfactual__nes__l0.5 calls=1021 margin 0.09->-4.74 t=3.2s
[DONE] evaluation__2611__deblur__attack__nes__l1 calls=1021 margin 3.94->-2.90 t=2.8s
[DONE] evaluation__2611__deblur__restore__nes__l1 calls=1021 margin 3.94->4.79 t=3.0s
[DONE] evaluation__2611__deblur__random_walk__random_walk__l1 calls=1024 margin 3.94->5.03 t=4.6s
[DONE] evaluation__2611__deblur__confidence_boost__nes__l1 calls=1021 margin 3.94->6.36 t=3.4s
[DONE] evaluation__2611__deblur__boundary_probe__nes__l1 calls=1021 margin 3.94->0.01 t=3.4s
[DONE] evaluation__2611__deblur__counterfactual__nes__l1 calls=1021 margin 3.94->-4.62 t=3.5s
[DONE] evaluation__3487__denoise__attack__nes__l0.5 calls=1021 margin 3.71->-0.47 t=3.1s
[DONE] evaluation__3487__denoise__restore__nes__l0.5 calls=1021 margin 3.71->3.63 t=2.9s
[DONE] evaluation__3487__denoise__random_walk__random_walk__l0.5 calls=1024 margin 3.71->3.64 t=4.4s
[DONE] evaluation__3487__denoise__confidence_boost__nes__l0.5 calls=1021 margin 3.71->5.44 t=2.8s
[DONE] evaluation__3487__denoise__boundary_probe__nes__l0.5 calls=1021 margin 3.71->0.03 t=2.8s
[DONE] evaluation__3487__denoise__counterfactual__nes__l0.5 calls=1021 margin 3.71->-0.79 t=2.8s
[DONE] evaluation__3487__deblur__attack__nes__l1 calls=1021 margin 2.19->-2.24 t=3.1s
[DONE] evaluation__3487__deblur__restore__nes__l1 calls=1021 margin 2.19->2.37 t=3.2s
[DONE] evaluation__3487__deblur__random_walk__random_walk__l1 calls=1024 margin 2.19->2.53 t=4.5s
[DONE] evaluation__3487__deblur__confidence_boost__nes__l1 calls=1021 margin 2.19->4.82 t=3.1s
[DONE] evaluation__3487__deblur__boundary_probe__nes__l1 calls=1021 margin 2.19->0.02 t=3.0s
[DONE] evaluation__3487__deblur__counterfactual__nes__l1 calls=1021 margin 2.19->-1.85 t=2.8s
[DONE] evaluation__6028__denoise__attack__nes__l0.5 calls=1021 margin 2.16->-5.23 t=3.2s
[DONE] evaluation__6028__denoise__restore__nes__l0.5 calls=1021 margin 2.16->2.55 t=3.2s
[DONE] evaluation__6028__denoise__random_walk__random_walk__l0.5 calls=1024 margin 2.16->2.85 t=4.4s
[DONE] evaluation__6028__denoise__confidence_boost__nes__l0.5 calls=1021 margin 2.16->5.63 t=3.4s
[DONE] evaluation__6028__denoise__boundary_probe__nes__l0.5 calls=1021 margin 2.16->0.00 t=2.8s
[DONE] evaluation__6028__denoise__counterfactual__nes__l0.5 calls=1021 margin 2.16->-4.95 t=3.1s
[DONE] evaluation__6028__deblur__attack__nes__l1 calls=1021 margin 5.86->5.21 t=3.1s
[DONE] evaluation__6028__deblur__restore__nes__l1 calls=1021 margin 5.86->5.83 t=3.2s
[DONE] evaluation__6028__deblur__random_walk__random_walk__l1 calls=1024 margin 5.86->5.51 t=4.7s
[DONE] evaluation__6028__deblur__confidence_boost__nes__l1 calls=1021 margin 5.86->6.04 t=3.4s
[DONE] evaluation__6028__deblur__boundary_probe__nes__l1 calls=1021 margin 5.86->1.81 t=2.9s
[DONE] evaluation__6028__deblur__counterfactual__nes__l1 calls=1021 margin 5.86->5.26 t=3.1s
[DONE] evaluation__6108__denoise__attack__nes__l0.5 calls=1021 margin 6.72->4.90 t=2.9s
[DONE] evaluation__6108__denoise__restore__nes__l0.5 calls=1021 margin 6.72->6.76 t=3.0s
[DONE] evaluation__6108__denoise__random_walk__random_walk__l0.5 calls=1024 margin 6.72->6.43 t=4.4s
[DONE] evaluation__6108__denoise__confidence_boost__nes__l0.5 calls=1021 margin 6.72->7.11 t=3.0s
[DONE] evaluation__6108__denoise__boundary_probe__nes__l0.5 calls=1021 margin 6.72->4.25 t=2.9s
[DONE] evaluation__6108__denoise__counterfactual__nes__l0.5 calls=1021 margin 6.72->4.05 t=3.2s
[DONE] evaluation__6108__deblur__attack__nes__l1 calls=1021 margin 6.49->5.78 t=3.1s
[DONE] evaluation__6108__deblur__restore__nes__l1 calls=1021 margin 6.49->6.49 t=3.3s
[DONE] evaluation__6108__deblur__random_walk__random_walk__l1 calls=1024 margin 6.49->6.33 t=4.8s
[DONE] evaluation__6108__deblur__confidence_boost__nes__l1 calls=1021 margin 6.49->7.04 t=3.4s
[DONE] evaluation__6108__deblur__boundary_probe__nes__l1 calls=1021 margin 6.49->3.80 t=3.0s
[DONE] evaluation__6108__deblur__counterfactual__nes__l1 calls=1021 margin 6.49->4.14 t=3.6s
[DONE] evaluation__11375__denoise__attack__nes__l0.5 calls=1021 margin 5.26->3.96 t=3.1s
[DONE] evaluation__11375__denoise__restore__nes__l0.5 calls=1021 margin 5.26->5.21 t=3.1s
[DONE] evaluation__11375__denoise__random_walk__random_walk__l0.5 calls=1024 margin 5.26->5.39 t=4.3s
[DONE] evaluation__11375__denoise__confidence_boost__nes__l0.5 calls=1021 margin 5.26->6.13 t=2.7s
[DONE] evaluation__11375__denoise__boundary_probe__nes__l0.5 calls=1021 margin 5.26->1.12 t=2.9s
[DONE] evaluation__11375__denoise__counterfactual__nes__l0.5 calls=1021 margin 5.26->1.00 t=2.9s
[DONE] evaluation__11375__deblur__attack__nes__l1 calls=1021 margin 6.38->4.04 t=2.9s
[DONE] evaluation__11375__deblur__restore__nes__l1 calls=1021 margin 6.38->6.43 t=3.0s
[DONE] evaluation__11375__deblur__random_walk__random_walk__l1 calls=1024 margin 6.38->6.50 t=3.9s
[DONE] evaluation__11375__deblur__confidence_boost__nes__l1 calls=1021 margin 6.38->6.61 t=3.1s
[DONE] evaluation__11375__deblur__boundary_probe__nes__l1 calls=1021 margin 6.38->2.56 t=2.9s
[DONE] evaluation__11375__deblur__counterfactual__nes__l1 calls=1021 margin 6.38->4.35 t=3.0s
[DONE] evaluation__4208__denoise__attack__nes__l0.5 calls=1021 margin 0.94->-6.44 t=3.1s
[DONE] evaluation__4208__denoise__restore__nes__l0.5 calls=1021 margin 0.94->1.33 t=3.2s
[DONE] evaluation__4208__denoise__random_walk__random_walk__l0.5 calls=1024 margin 0.94->0.01 t=4.3s
[DONE] evaluation__4208__denoise__confidence_boost__nes__l0.5 calls=1021 margin 0.94->6.18 t=2.8s
[DONE] evaluation__4208__denoise__boundary_probe__nes__l0.5 calls=1021 margin 0.94->0.01 t=3.5s
[DONE] evaluation__4208__denoise__counterfactual__nes__l0.5 calls=1021 margin 0.94->-6.45 t=3.4s
[DONE] evaluation__4208__deblur__attack__nes__l1 calls=1021 margin 6.10->4.45 t=3.5s
[DONE] evaluation__4208__deblur__restore__nes__l1 calls=1021 margin 6.10->6.10 t=3.3s
[DONE] evaluation__4208__deblur__random_walk__random_walk__l1 calls=1024 margin 6.10->5.66 t=4.1s
[DONE] evaluation__4208__deblur__confidence_boost__nes__l1 calls=1021 margin 6.10->6.70 t=2.9s
[DONE] evaluation__4208__deblur__boundary_probe__nes__l1 calls=1021 margin 6.10->1.19 t=3.0s
[DONE] evaluation__4208__deblur__counterfactual__nes__l1 calls=1021 margin 6.10->5.47 t=2.9s
[DONE] evaluation__1150__denoise__attack__nes__l0.5 calls=1021 margin 2.49->-1.18 t=3.0s
[DONE] evaluation__1150__denoise__restore__nes__l0.5 calls=1021 margin 2.49->2.36 t=3.2s
[DONE] evaluation__1150__denoise__random_walk__random_walk__l0.5 calls=1024 margin 2.49->2.01 t=4.3s
[DONE] evaluation__1150__denoise__confidence_boost__nes__l0.5 calls=1021 margin 2.49->4.85 t=3.0s
[DONE] evaluation__1150__denoise__boundary_probe__nes__l0.5 calls=1021 margin 2.49->0.01 t=3.1s
[DONE] evaluation__1150__denoise__counterfactual__nes__l0.5 calls=1021 margin 2.49->-1.36 t=2.9s
[DONE] evaluation__1150__deblur__attack__nes__l1 calls=1021 margin 5.07->3.29 t=2.9s
[DONE] evaluation__1150__deblur__restore__nes__l1 calls=1021 margin 5.07->5.06 t=2.8s
[DONE] evaluation__1150__deblur__random_walk__random_walk__l1 calls=1024 margin 5.07->5.38 t=4.3s
[DONE] evaluation__1150__deblur__confidence_boost__nes__l1 calls=1021 margin 5.07->5.90 t=3.1s
[DONE] evaluation__1150__deblur__boundary_probe__nes__l1 calls=1021 margin 5.07->2.86 t=3.0s
[DONE] evaluation__1150__deblur__counterfactual__nes__l1 calls=1021 margin 5.07->3.18 t=3.1s
[DONE] evaluation__7070__denoise__attack__nes__l0.5 calls=1021 margin 4.54->1.12 t=3.1s
[DONE] evaluation__7070__denoise__restore__nes__l0.5 calls=1021 margin 4.54->4.64 t=2.8s
[DONE] evaluation__7070__denoise__random_walk__random_walk__l0.5 calls=1024 margin 4.54->4.58 t=4.3s
[DONE] evaluation__7070__denoise__confidence_boost__nes__l0.5 calls=1021 margin 4.54->6.12 t=3.1s
[DONE] evaluation__7070__denoise__boundary_probe__nes__l0.5 calls=1021 margin 4.54->1.38 t=3.2s
[DONE] evaluation__7070__denoise__counterfactual__nes__l0.5 calls=1021 margin 4.54->1.14 t=2.8s
[DONE] evaluation__7070__deblur__attack__nes__l1 calls=1021 margin 5.38->2.12 t=2.9s
[DONE] evaluation__7070__deblur__restore__nes__l1 calls=1021 margin 5.38->5.19 t=2.9s
[DONE] evaluation__7070__deblur__random_walk__random_walk__l1 calls=1024 margin 5.38->5.21 t=3.8s
[DONE] evaluation__7070__deblur__confidence_boost__nes__l1 calls=1021 margin 5.38->6.24 t=3.0s
[DONE] evaluation__7070__deblur__boundary_probe__nes__l1 calls=1021 margin 5.38->2.40 t=2.8s
[DONE] evaluation__7070__deblur__counterfactual__nes__l1 calls=1021 margin 5.38->2.23 t=2.7s
[DONE] evaluation__6027__denoise__attack__nes__l0.5 calls=1021 margin 6.52->6.37 t=2.8s
[DONE] evaluation__6027__denoise__restore__nes__l0.5 calls=1021 margin 6.52->6.52 t=3.0s
[DONE] evaluation__6027__denoise__random_walk__random_walk__l0.5 calls=1024 margin 6.52->6.51 t=3.9s
[DONE] evaluation__6027__denoise__confidence_boost__nes__l0.5 calls=1021 margin 6.52->6.60 t=2.8s
[DONE] evaluation__6027__denoise__boundary_probe__nes__l0.5 calls=1021 margin 6.52->6.32 t=2.8s
[DONE] evaluation__6027__denoise__counterfactual__nes__l0.5 calls=1021 margin 6.52->6.32 t=2.6s
[DONE] evaluation__6027__deblur__attack__nes__l1 calls=1021 margin 6.35->6.14 t=2.8s
[DONE] evaluation__6027__deblur__restore__nes__l1 calls=1021 margin 6.35->6.34 t=2.7s
[DONE] evaluation__6027__deblur__random_walk__random_walk__l1 calls=1024 margin 6.35->6.42 t=4.1s
[DONE] evaluation__6027__deblur__confidence_boost__nes__l1 calls=1021 margin 6.35->6.51 t=2.9s
[DONE] evaluation__6027__deblur__boundary_probe__nes__l1 calls=1021 margin 6.35->6.06 t=2.9s
[DONE] evaluation__6027__deblur__counterfactual__nes__l1 calls=1021 margin 6.35->6.03 t=2.6s
[DONE] evaluation__6562__denoise__attack__nes__l0.5 calls=1021 margin 4.31->-1.90 t=3.3s
[DONE] evaluation__6562__denoise__restore__nes__l0.5 calls=1021 margin 4.31->4.69 t=3.5s
[DONE] evaluation__6562__denoise__random_walk__random_walk__l0.5 calls=1024 margin 4.31->4.93 t=4.4s
[DONE] evaluation__6562__denoise__confidence_boost__nes__l0.5 calls=1021 margin 4.31->5.87 t=3.0s
[DONE] evaluation__6562__denoise__boundary_probe__nes__l0.5 calls=1021 margin 4.31->0.01 t=3.3s
[DONE] evaluation__6562__denoise__counterfactual__nes__l0.5 calls=1021 margin 4.31->-1.89 t=3.0s
[DONE] evaluation__6562__deblur__attack__nes__l1 calls=1021 margin 6.19->6.02 t=3.1s
[DONE] evaluation__6562__deblur__restore__nes__l1 calls=1021 margin 6.19->6.21 t=3.3s
[DONE] evaluation__6562__deblur__random_walk__random_walk__l1 calls=1024 margin 6.19->6.27 t=4.4s
[DONE] evaluation__6562__deblur__confidence_boost__nes__l1 calls=1021 margin 6.19->6.49 t=3.2s
[DONE] evaluation__6562__deblur__boundary_probe__nes__l1 calls=1021 margin 6.19->5.95 t=3.2s
[DONE] evaluation__6562__deblur__counterfactual__nes__l1 calls=1021 margin 6.19->5.93 t=3.2s
[DONE] evaluation__3789__denoise__attack__nes__l0.5 calls=1021 margin 0.58->-4.41 t=3.0s
[DONE] evaluation__3789__denoise__restore__nes__l0.5 calls=1021 margin 0.58->0.72 t=3.3s
[DONE] evaluation__3789__denoise__random_walk__random_walk__l0.5 calls=1024 margin 0.58->-0.02 t=4.2s
[DONE] evaluation__3789__denoise__confidence_boost__nes__l0.5 calls=1021 margin 0.58->4.48 t=2.9s
[DONE] evaluation__3789__denoise__boundary_probe__nes__l0.5 calls=1021 margin 0.58->0.01 t=3.2s
[DONE] evaluation__3789__denoise__counterfactual__nes__l0.5 calls=1021 margin 0.58->-4.42 t=3.0s
[DONE] evaluation__3789__deblur__attack__nes__l1 calls=1021 margin 5.65->3.49 t=3.2s
[DONE] evaluation__3789__deblur__restore__nes__l1 calls=1021 margin 5.65->5.59 t=2.9s
[DONE] evaluation__3789__deblur__random_walk__random_walk__l1 calls=1024 margin 5.65->5.55 t=3.9s
[DONE] evaluation__3789__deblur__confidence_boost__nes__l1 calls=1021 margin 5.65->5.65 t=3.1s
[DONE] evaluation__3789__deblur__boundary_probe__nes__l1 calls=1021 margin 5.65->2.66 t=3.1s
[DONE] evaluation__3789__deblur__counterfactual__nes__l1 calls=1021 margin 5.65->4.61 t=3.0s
[DONE] evaluation__4785__denoise__attack__nes__l0.5 calls=1021 margin 6.40->6.28 t=3.3s
[DONE] evaluation__4785__denoise__restore__nes__l0.5 calls=1021 margin 6.40->6.42 t=3.2s
[DONE] evaluation__4785__denoise__random_walk__random_walk__l0.5 calls=1024 margin 6.40->6.37 t=3.6s
[DONE] evaluation__4785__denoise__confidence_boost__nes__l0.5 calls=1021 margin 6.40->6.52 t=2.6s
[DONE] evaluation__4785__denoise__boundary_probe__nes__l0.5 calls=1021 margin 6.40->6.23 t=3.1s
[DONE] evaluation__4785__denoise__counterfactual__nes__l0.5 calls=1021 margin 6.40->6.23 t=3.3s
[DONE] evaluation__4785__deblur__attack__nes__l1 calls=1021 margin 6.43->6.34 t=2.9s
[DONE] evaluation__4785__deblur__restore__nes__l1 calls=1021 margin 6.43->6.44 t=3.4s
[DONE] evaluation__4785__deblur__random_walk__random_walk__l1 calls=1024 margin 6.43->6.42 t=3.8s
[DONE] evaluation__4785__deblur__confidence_boost__nes__l1 calls=1021 margin 6.43->6.48 t=2.9s
[DONE] evaluation__4785__deblur__boundary_probe__nes__l1 calls=1021 margin 6.43->6.27 t=3.1s
[DONE] evaluation__4785__deblur__counterfactual__nes__l1 calls=1021 margin 6.43->6.29 t=2.9s
[DONE] evaluation__2544__denoise__attack__nes__l0.5 calls=1021 margin 6.33->6.16 t=2.9s
[DONE] evaluation__2544__denoise__restore__nes__l0.5 calls=1021 margin 6.33->6.33 t=3.1s
[DONE] evaluation__2544__denoise__random_walk__random_walk__l0.5 calls=1024 margin 6.33->6.39 t=4.1s
[DONE] evaluation__2544__denoise__confidence_boost__nes__l0.5 calls=1021 margin 6.33->6.48 t=2.9s
[DONE] evaluation__2544__denoise__boundary_probe__nes__l0.5 calls=1021 margin 6.33->6.12 t=3.1s
[DONE] evaluation__2544__denoise__counterfactual__nes__l0.5 calls=1021 margin 6.33->6.13 t=3.4s
[DONE] evaluation__2544__deblur__attack__nes__l1 calls=1021 margin 6.06->5.95 t=3.0s
[DONE] evaluation__2544__deblur__restore__nes__l1 calls=1021 margin 6.06->6.08 t=3.3s
[DONE] evaluation__2544__deblur__random_walk__random_walk__l1 calls=1024 margin 6.06->6.11 t=3.9s
[DONE] evaluation__2544__deblur__confidence_boost__nes__l1 calls=1021 margin 6.06->6.21 t=3.0s
[DONE] evaluation__2544__deblur__boundary_probe__nes__l1 calls=1021 margin 6.06->5.92 t=3.0s
[DONE] evaluation__2544__deblur__counterfactual__nes__l1 calls=1021 margin 6.06->5.92 t=2.8s
[DONE] evaluation__7267__denoise__attack__nes__l0.5 calls=1021 margin 5.42->2.94 t=3.0s
[DONE] evaluation__7267__denoise__restore__nes__l0.5 calls=1021 margin 5.42->5.52 t=3.1s
[DONE] evaluation__7267__denoise__random_walk__random_walk__l0.5 calls=1024 margin 5.42->5.08 t=3.9s
[DONE] evaluation__7267__denoise__confidence_boost__nes__l0.5 calls=1021 margin 5.42->6.51 t=2.9s
[DONE] evaluation__7267__denoise__boundary_probe__nes__l0.5 calls=1021 margin 5.42->3.74 t=2.5s
[DONE] evaluation__7267__denoise__counterfactual__nes__l0.5 calls=1021 margin 5.42->3.62 t=2.9s
[DONE] evaluation__7267__deblur__attack__nes__l1 calls=1021 margin 6.38->2.41 t=2.8s
[DONE] evaluation__7267__deblur__restore__nes__l1 calls=1021 margin 6.38->6.18 t=3.3s
[DONE] evaluation__7267__deblur__random_walk__random_walk__l1 calls=1024 margin 6.38->6.32 t=4.3s
[DONE] evaluation__7267__deblur__confidence_boost__nes__l1 calls=1021 margin 6.38->7.23 t=2.9s
[DONE] evaluation__7267__deblur__boundary_probe__nes__l1 calls=1021 margin 6.38->1.46 t=3.1s
[DONE] evaluation__7267__deblur__counterfactual__nes__l1 calls=1021 margin 6.38->2.31 t=2.9s
[DONE] evaluation__11889__denoise__attack__nes__l0.5 calls=1021 margin 3.64->-0.74 t=3.2s
[DONE] evaluation__11889__denoise__restore__nes__l0.5 calls=1021 margin 3.64->3.68 t=3.1s
[DONE] evaluation__11889__denoise__random_walk__random_walk__l0.5 calls=1024 margin 3.64->3.45 t=3.8s
[DONE] evaluation__11889__denoise__confidence_boost__nes__l0.5 calls=1021 margin 3.64->5.41 t=3.2s
[DONE] evaluation__11889__denoise__boundary_probe__nes__l0.5 calls=1021 margin 3.64->0.05 t=3.3s
[DONE] evaluation__11889__denoise__counterfactual__nes__l0.5 calls=1021 margin 3.64->-1.20 t=3.4s
[DONE] evaluation__11889__deblur__attack__nes__l1 calls=1021 margin 5.60->3.80 t=3.6s
[DONE] evaluation__11889__deblur__restore__nes__l1 calls=1021 margin 5.60->5.69 t=3.5s
[DONE] evaluation__11889__deblur__random_walk__random_walk__l1 calls=1024 margin 5.60->5.64 t=4.2s
[DONE] evaluation__11889__deblur__confidence_boost__nes__l1 calls=1021 margin 5.60->6.12 t=2.9s
[DONE] evaluation__11889__deblur__boundary_probe__nes__l1 calls=1021 margin 5.60->4.11 t=3.1s
[DONE] evaluation__11889__deblur__counterfactual__nes__l1 calls=1021 margin 5.60->3.84 t=3.3s
[DONE] fit__6333__denoise__attack__nes__l0.5 calls=1021 margin 6.76->5.87 t=3.3s
[DONE] fit__6333__denoise__restore__nes__l0.5 calls=1021 margin 6.76->6.73 t=3.0s
[DONE] fit__6333__denoise__random_walk__random_walk__l0.5 calls=1024 margin 6.76->6.77 t=4.2s
[DONE] fit__6333__denoise__confidence_boost__nes__l0.5 calls=1021 margin 6.76->7.17 t=3.0s
[DONE] fit__6333__denoise__boundary_probe__nes__l0.5 calls=1021 margin 6.76->6.10 t=2.9s
[DONE] fit__6333__denoise__counterfactual__nes__l0.5 calls=1021 margin 6.76->6.15 t=3.1s
[DONE] fit__6333__deblur__attack__nes__l1 calls=1021 margin 6.13->4.13 t=3.0s
[DONE] fit__6333__deblur__restore__nes__l1 calls=1021 margin 6.13->6.30 t=3.1s
[DONE] fit__6333__deblur__random_walk__random_walk__l1 calls=1024 margin 6.13->6.23 t=3.9s
[DONE] fit__6333__deblur__confidence_boost__nes__l1 calls=1021 margin 6.13->6.93 t=3.1s
[DONE] fit__6333__deblur__boundary_probe__nes__l1 calls=1021 margin 6.13->3.57 t=3.1s
[DONE] fit__6333__deblur__counterfactual__nes__l1 calls=1021 margin 6.13->3.73 t=3.0s
[DONE] fit__7729__denoise__attack__nes__l0.5 calls=1021 margin 5.26->0.63 t=3.0s
[DONE] fit__7729__denoise__restore__nes__l0.5 calls=1021 margin 5.26->4.97 t=2.7s
[DONE] fit__7729__denoise__random_walk__random_walk__l0.5 calls=1024 margin 5.26->4.97 t=4.3s
[DONE] fit__7729__denoise__confidence_boost__nes__l0.5 calls=1021 margin 5.26->6.66 t=3.1s
[DONE] fit__7729__denoise__boundary_probe__nes__l0.5 calls=1021 margin 5.26->0.04 t=2.9s
[DONE] fit__7729__denoise__counterfactual__nes__l0.5 calls=1021 margin 5.26->0.10 t=3.0s
[DONE] fit__7729__deblur__attack__nes__l1 calls=1021 margin 4.36->-5.99 t=2.7s
[DONE] fit__7729__deblur__restore__nes__l1 calls=1021 margin 4.36->4.08 t=2.6s
[DONE] fit__7729__deblur__random_walk__random_walk__l1 calls=1024 margin 4.36->5.78 t=3.7s
[DONE] fit__7729__deblur__confidence_boost__nes__l1 calls=1021 margin 4.36->6.47 t=2.8s
[DONE] fit__7729__deblur__boundary_probe__nes__l1 calls=1021 margin 4.36->0.02 t=2.9s
[DONE] fit__7729__deblur__counterfactual__nes__l1 calls=1021 margin 4.36->-5.96 t=2.8s
[DONE] fit__3952__denoise__attack__nes__l0.5 calls=1021 margin 5.52->0.62 t=3.3s
[DONE] fit__3952__denoise__restore__nes__l0.5 calls=1021 margin 5.52->5.40 t=3.2s
[DONE] fit__3952__denoise__random_walk__random_walk__l0.5 calls=1024 margin 5.52->5.80 t=4.1s
[DONE] fit__3952__denoise__confidence_boost__nes__l0.5 calls=1021 margin 5.52->7.21 t=2.8s
[DONE] fit__3952__denoise__boundary_probe__nes__l0.5 calls=1021 margin 5.52->0.01 t=2.8s
[DONE] fit__3952__denoise__counterfactual__nes__l0.5 calls=1021 margin 5.52->0.57 t=2.7s
[DONE] fit__3952__deblur__attack__nes__l1 calls=1021 margin 6.46->3.89 t=3.1s
[DONE] fit__3952__deblur__restore__nes__l1 calls=1021 margin 6.46->6.72 t=2.9s
[DONE] fit__3952__deblur__random_walk__random_walk__l1 calls=1024 margin 6.46->6.44 t=3.5s
[DONE] fit__3952__deblur__confidence_boost__nes__l1 calls=1021 margin 6.46->7.09 t=2.9s
[DONE] fit__3952__deblur__boundary_probe__nes__l1 calls=1021 margin 6.46->2.77 t=3.1s
[DONE] fit__3952__deblur__counterfactual__nes__l1 calls=1021 margin 6.46->2.88 t=3.0s
[DONE] fit__1756__denoise__attack__nes__l0.5 calls=1021 margin 5.97->5.80 t=3.1s
[DONE] fit__1756__denoise__restore__nes__l0.5 calls=1021 margin 5.97->5.97 t=3.0s
[DONE] fit__1756__denoise__random_walk__random_walk__l0.5 calls=1024 margin 5.97->5.99 t=4.3s
[DONE] fit__1756__denoise__confidence_boost__nes__l0.5 calls=1021 margin 5.97->6.09 t=3.2s
[DONE] fit__1756__denoise__boundary_probe__nes__l0.5 calls=1021 margin 5.97->5.72 t=2.9s
[DONE] fit__1756__denoise__counterfactual__nes__l0.5 calls=1021 margin 5.97->5.74 t=3.0s
[DONE] fit__1756__deblur__attack__nes__l1 calls=1021 margin 6.26->6.17 t=3.1s
[DONE] fit__1756__deblur__restore__nes__l1 calls=1021 margin 6.26->6.27 t=2.8s
[DONE] fit__1756__deblur__random_walk__random_walk__l1 calls=1024 margin 6.26->6.24 t=3.9s
[DONE] fit__1756__deblur__confidence_boost__nes__l1 calls=1021 margin 6.26->6.33 t=2.9s
[DONE] fit__1756__deblur__boundary_probe__nes__l1 calls=1021 margin 6.26->6.00 t=2.7s
[DONE] fit__1756__deblur__counterfactual__nes__l1 calls=1021 margin 6.26->6.00 t=3.0s
[DONE] fit__6201__denoise__attack__nes__l0.5 calls=1021 margin 4.30->0.86 t=3.0s
[DONE] fit__6201__denoise__restore__nes__l0.5 calls=1021 margin 4.30->4.30 t=3.1s
[DONE] fit__6201__denoise__random_walk__random_walk__l0.5 calls=1024 margin 4.30->4.14 t=4.4s
[DONE] fit__6201__denoise__confidence_boost__nes__l0.5 calls=1021 margin 4.30->6.00 t=3.2s
[DONE] fit__6201__denoise__boundary_probe__nes__l0.5 calls=1021 margin 4.30->0.59 t=2.9s
[DONE] fit__6201__denoise__counterfactual__nes__l0.5 calls=1021 margin 4.30->0.55 t=2.8s
[DONE] fit__6201__deblur__attack__nes__l1 calls=1021 margin 6.05->5.17 t=2.9s
[DONE] fit__6201__deblur__restore__nes__l1 calls=1021 margin 6.05->6.11 t=3.2s
[DONE] fit__6201__deblur__random_walk__random_walk__l1 calls=1024 margin 6.05->6.07 t=4.2s
[DONE] fit__6201__deblur__confidence_boost__nes__l1 calls=1021 margin 6.05->6.27 t=3.2s
[DONE] fit__6201__deblur__boundary_probe__nes__l1 calls=1021 margin 6.05->4.88 t=3.3s
[DONE] fit__6201__deblur__counterfactual__nes__l1 calls=1021 margin 6.05->4.94 t=3.4s
[DONE] fit__5451__denoise__attack__nes__l0.5 calls=1021 margin 0.69->-3.75 t=3.0s
[DONE] fit__5451__denoise__restore__nes__l0.5 calls=1021 margin 0.69->0.96 t=3.0s
[DONE] fit__5451__denoise__random_walk__random_walk__l0.5 calls=1024 margin 0.69->0.05 t=4.1s
[DONE] fit__5451__denoise__confidence_boost__nes__l0.5 calls=1021 margin 0.69->4.47 t=2.8s
[DONE] fit__5451__denoise__boundary_probe__nes__l0.5 calls=1021 margin 0.69->0.01 t=2.9s
[DONE] fit__5451__denoise__counterfactual__nes__l0.5 calls=1021 margin 0.69->-3.49 t=2.8s
[DONE] fit__5451__deblur__attack__nes__l1 calls=1021 margin 6.52->6.34 t=2.9s
[DONE] fit__5451__deblur__restore__nes__l1 calls=1021 margin 6.52->6.53 t=2.9s
[DONE] fit__5451__deblur__random_walk__random_walk__l1 calls=1024 margin 6.52->6.32 t=4.3s
[DONE] fit__5451__deblur__confidence_boost__nes__l1 calls=1021 margin 6.52->6.44 t=2.7s
[DONE] fit__5451__deblur__boundary_probe__nes__l1 calls=1021 margin 6.52->6.18 t=2.6s
[DONE] fit__5451__deblur__counterfactual__nes__l1 calls=1021 margin 6.52->6.29 t=2.6s
[DONE] fit__2777__denoise__attack__nes__l0.5 calls=1021 margin 6.11->6.07 t=3.1s
[DONE] fit__2777__denoise__restore__nes__l0.5 calls=1021 margin 6.11->6.13 t=2.8s
[DONE] fit__2777__denoise__random_walk__random_walk__l0.5 calls=1024 margin 6.11->6.12 t=4.1s
[DONE] fit__2777__denoise__confidence_boost__nes__l0.5 calls=1021 margin 6.11->6.18 t=3.1s
[DONE] fit__2777__denoise__boundary_probe__nes__l0.5 calls=1021 margin 6.11->5.93 t=3.2s
[DONE] fit__2777__denoise__counterfactual__nes__l0.5 calls=1021 margin 6.11->5.93 t=3.1s
[DONE] fit__2777__deblur__attack__nes__l1 calls=1021 margin 6.28->6.18 t=2.8s
[DONE] fit__2777__deblur__restore__nes__l1 calls=1021 margin 6.28->6.26 t=3.3s
[DONE] fit__2777__deblur__random_walk__random_walk__l1 calls=1024 margin 6.28->6.25 t=4.4s
[DONE] fit__2777__deblur__confidence_boost__nes__l1 calls=1021 margin 6.28->6.35 t=3.0s
[DONE] fit__2777__deblur__boundary_probe__nes__l1 calls=1021 margin 6.28->6.14 t=3.2s
[DONE] fit__2777__deblur__counterfactual__nes__l1 calls=1021 margin 6.28->6.14 t=3.0s
[DONE] fit__4191__denoise__attack__nes__l0.5 calls=1021 margin 0.72->-3.85 t=3.0s
[DONE] fit__4191__denoise__restore__nes__l0.5 calls=1021 margin 0.72->0.66 t=3.1s
[DONE] fit__4191__denoise__random_walk__random_walk__l0.5 calls=1024 margin 0.72->0.84 t=4.5s
[DONE] fit__4191__denoise__confidence_boost__nes__l0.5 calls=1021 margin 0.72->5.07 t=2.9s
[DONE] fit__4191__denoise__boundary_probe__nes__l0.5 calls=1021 margin 0.72->0.00 t=2.9s
[DONE] fit__4191__denoise__counterfactual__nes__l0.5 calls=1021 margin 0.72->-4.56 t=2.9s
[DONE] fit__4191__deblur__attack__nes__l1 calls=1021 margin 2.88->-4.37 t=2.9s
[DONE] fit__4191__deblur__restore__nes__l1 calls=1021 margin 2.88->2.48 t=2.7s
[DONE] fit__4191__deblur__random_walk__random_walk__l1 calls=1024 margin 2.88->-0.73 t=3.9s
[DONE] fit__4191__deblur__confidence_boost__nes__l1 calls=1021 margin 2.88->5.82 t=3.0s
[DONE] fit__4191__deblur__boundary_probe__nes__l1 calls=1021 margin 2.88->0.02 t=2.8s
[DONE] fit__4191__deblur__counterfactual__nes__l1 calls=1021 margin 2.88->-4.49 t=3.2s
[DONE] fit__10921__denoise__attack__nes__l0.5 calls=1021 margin 6.30->2.68 t=3.1s
[DONE] fit__10921__denoise__restore__nes__l0.5 calls=1021 margin 6.30->6.31 t=3.2s
[DONE] fit__10921__denoise__random_walk__random_walk__l0.5 calls=1024 margin 6.30->6.70 t=4.0s
[DONE] fit__10921__denoise__confidence_boost__nes__l0.5 calls=1021 margin 6.30->6.92 t=2.9s
[DONE] fit__10921__denoise__boundary_probe__nes__l0.5 calls=1021 margin 6.30->2.61 t=3.0s
[DONE] fit__10921__denoise__counterfactual__nes__l0.5 calls=1021 margin 6.30->2.94 t=2.8s
[DONE] fit__10921__deblur__attack__nes__l1 calls=1021 margin 5.04->-0.93 t=2.9s
[DONE] fit__10921__deblur__restore__nes__l1 calls=1021 margin 5.04->5.13 t=2.9s
[DONE] fit__10921__deblur__random_walk__random_walk__l1 calls=1024 margin 5.04->5.10 t=4.2s
[DONE] fit__10921__deblur__confidence_boost__nes__l1 calls=1021 margin 5.04->6.61 t=3.3s
[DONE] fit__10921__deblur__boundary_probe__nes__l1 calls=1021 margin 5.04->0.03 t=2.9s
[DONE] fit__10921__deblur__counterfactual__nes__l1 calls=1021 margin 5.04->-1.76 t=3.0s
[DONE] fit__2847__denoise__attack__nes__l0.5 calls=1021 margin 1.13->-3.68 t=2.9s
[DONE] fit__2847__denoise__restore__nes__l0.5 calls=1021 margin 1.13->1.22 t=3.2s
[DONE] fit__2847__denoise__random_walk__random_walk__l0.5 calls=1024 margin 1.13->1.36 t=4.4s
[DONE] fit__2847__denoise__confidence_boost__nes__l0.5 calls=1021 margin 1.13->2.98 t=3.2s
[DONE] fit__2847__denoise__boundary_probe__nes__l0.5 calls=1021 margin 1.13->0.01 t=3.2s
[DONE] fit__2847__denoise__counterfactual__nes__l0.5 calls=1021 margin 1.13->-1.12 t=3.5s
[DONE] fit__2847__deblur__attack__nes__l1 calls=1021 margin 3.45->1.01 t=2.9s
[DONE] fit__2847__deblur__restore__nes__l1 calls=1021 margin 3.45->3.66 t=3.2s
[DONE] fit__2847__deblur__random_walk__random_walk__l1 calls=1024 margin 3.45->3.21 t=3.9s
[DONE] fit__2847__deblur__confidence_boost__nes__l1 calls=1021 margin 3.45->4.70 t=2.6s
[DONE] fit__2847__deblur__boundary_probe__nes__l1 calls=1021 margin 3.45->0.47 t=2.9s
[DONE] fit__2847__deblur__counterfactual__nes__l1 calls=1021 margin 3.45->0.82 t=3.0s
[DONE] fit__1149__denoise__attack__nes__l0.5 calls=1021 margin 5.87->4.33 t=3.5s
[DONE] fit__1149__denoise__restore__nes__l0.5 calls=1021 margin 5.87->5.94 t=3.2s
[DONE] fit__1149__denoise__random_walk__random_walk__l0.5 calls=1024 margin 5.87->5.61 t=3.7s
[DONE] fit__1149__denoise__confidence_boost__nes__l0.5 calls=1021 margin 5.87->6.32 t=3.3s
[DONE] fit__1149__denoise__boundary_probe__nes__l0.5 calls=1021 margin 5.87->3.82 t=3.5s
[DONE] fit__1149__denoise__counterfactual__nes__l0.5 calls=1021 margin 5.87->3.61 t=3.3s
[DONE] fit__1149__deblur__attack__nes__l1 calls=1021 margin 5.98->5.78 t=3.1s
[DONE] fit__1149__deblur__restore__nes__l1 calls=1021 margin 5.98->5.98 t=3.0s
[DONE] fit__1149__deblur__random_walk__random_walk__l1 calls=1024 margin 5.98->5.97 t=4.0s
[DONE] fit__1149__deblur__confidence_boost__nes__l1 calls=1021 margin 5.98->6.23 t=2.9s
[DONE] fit__1149__deblur__boundary_probe__nes__l1 calls=1021 margin 5.98->5.73 t=3.3s
[DONE] fit__1149__deblur__counterfactual__nes__l1 calls=1021 margin 5.98->5.75 t=3.1s
[DONE] fit__3006__denoise__attack__nes__l0.5 calls=1021 margin 6.17->5.88 t=2.9s
[DONE] fit__3006__denoise__restore__nes__l0.5 calls=1021 margin 6.17->6.08 t=2.8s
[DONE] fit__3006__denoise__random_walk__random_walk__l0.5 calls=1024 margin 6.17->5.88 t=4.1s
[DONE] fit__3006__denoise__confidence_boost__nes__l0.5 calls=1021 margin 6.17->6.08 t=2.8s
[DONE] fit__3006__denoise__boundary_probe__nes__l0.5 calls=1021 margin 6.17->3.39 t=3.0s
[DONE] fit__3006__denoise__counterfactual__nes__l0.5 calls=1021 margin 6.17->3.79 t=3.2s
[DONE] fit__3006__deblur__attack__nes__l1 calls=1021 margin 6.31->6.01 t=2.6s
[DONE] fit__3006__deblur__restore__nes__l1 calls=1021 margin 6.31->6.26 t=2.8s
[DONE] fit__3006__deblur__random_walk__random_walk__l1 calls=1024 margin 6.31->6.23 t=4.3s
[DONE] fit__3006__deblur__confidence_boost__nes__l1 calls=1021 margin 6.31->6.59 t=3.0s
[DONE] fit__3006__deblur__boundary_probe__nes__l1 calls=1021 margin 6.31->5.88 t=3.1s
[DONE] fit__3006__deblur__counterfactual__nes__l1 calls=1021 margin 6.31->5.89 t=3.4s
[DONE] fit__7498__denoise__attack__nes__l0.5 calls=1021 margin 3.91->-1.98 t=2.9s
[DONE] fit__7498__denoise__restore__nes__l0.5 calls=1021 margin 3.91->3.98 t=3.0s
[DONE] fit__7498__denoise__random_walk__random_walk__l0.5 calls=1024 margin 3.91->3.37 t=4.2s
[DONE] fit__7498__denoise__confidence_boost__nes__l0.5 calls=1021 margin 3.91->6.07 t=2.7s
[DONE] fit__7498__denoise__boundary_probe__nes__l0.5 calls=1021 margin 3.91->0.02 t=2.8s
[DONE] fit__7498__denoise__counterfactual__nes__l0.5 calls=1021 margin 3.91->-2.07 t=2.8s
[DONE] fit__7498__deblur__attack__nes__l1 calls=1021 margin 4.77->1.03 t=2.8s
[DONE] fit__7498__deblur__restore__nes__l1 calls=1021 margin 4.77->5.10 t=2.7s
[DONE] fit__7498__deblur__random_walk__random_walk__l1 calls=1024 margin 4.77->4.97 t=3.8s
[DONE] fit__7498__deblur__confidence_boost__nes__l1 calls=1021 margin 4.77->5.65 t=2.5s
[DONE] fit__7498__deblur__boundary_probe__nes__l1 calls=1021 margin 4.77->0.33 t=2.8s
[DONE] fit__7498__deblur__counterfactual__nes__l1 calls=1021 margin 4.77->0.41 t=2.6s
[DONE] fit__5992__denoise__attack__nes__l0.5 calls=1021 margin 3.37->0.35 t=2.6s
[DONE] fit__5992__denoise__restore__nes__l0.5 calls=1021 margin 3.37->3.04 t=2.7s
[DONE] fit__5992__denoise__random_walk__random_walk__l0.5 calls=1024 margin 3.37->3.21 t=3.7s
[DONE] fit__5992__denoise__confidence_boost__nes__l0.5 calls=1021 margin 3.37->5.39 t=2.7s
[DONE] fit__5992__denoise__boundary_probe__nes__l0.5 calls=1021 margin 3.37->0.49 t=2.6s
[DONE] fit__5992__denoise__counterfactual__nes__l0.5 calls=1021 margin 3.37->0.45 t=2.4s
[DONE] fit__5992__deblur__attack__nes__l1 calls=1021 margin 2.77->0.02 t=2.4s
[DONE] fit__5992__deblur__restore__nes__l1 calls=1021 margin 2.77->2.73 t=2.4s
[DONE] fit__5992__deblur__random_walk__random_walk__l1 calls=1024 margin 2.77->2.94 t=3.5s
[DONE] fit__5992__deblur__confidence_boost__nes__l1 calls=1021 margin 2.77->4.27 t=2.4s
[DONE] fit__5992__deblur__boundary_probe__nes__l1 calls=1021 margin 2.77->0.02 t=2.3s
[DONE] fit__5992__deblur__counterfactual__nes__l1 calls=1021 margin 2.77->0.78 t=2.4s
