[DONE] evaluation__1109__denoise__attack__nes__l0.5 calls=1021 margin 1.95->-13.32 t=3.0s
[DONE] evaluation__1109__denoise__restore__nes__l0.5 calls=1021 margin 1.95->1.65 t=2.8s
[DONE] evaluation__1109__denoise__confidence_boost__nes__l0.5 calls=1021 margin 1.95->9.67 t=2.8s
[DONE] evaluation__1109__deblur__attack__nes__l1 calls=1021 margin 8.19->-13.18 t=3.0s
[DONE] evaluation__1109__deblur__restore__nes__l1 calls=1021 margin 8.19->8.73 t=2.9s
[DONE] evaluation__1109__deblur__confidence_boost__nes__l1 calls=1021 margin 8.19->14.47 t=2.9s
[DONE] evaluation__6494__denoise__attack__nes__l0.5 calls=1021 margin 1.01->-11.69 t=2.7s
[DONE] evaluation__6494__denoise__restore__nes__l0.5 calls=1021 margin 1.01->1.28 t=2.9s
[DONE] evaluation__6494__denoise__confidence_boost__nes__l0.5 calls=1021 margin 1.01->9.93 t=2.9s
[DONE] evaluation__6494__deblur__attack__nes__l1 calls=1021 margin 4.33->-11.57 t=2.7s
[DONE] evaluation__6494__deblur__restore__nes__l1 calls=1021 margin 4.33->4.33 t=2.9s
[DONE] evaluation__6494__deblur__confidence_boost__nes__l1 calls=1021 margin 4.33->13.00 t=2.7s
[DONE] evaluation__9973__denoise__attack__nes__l0.5 calls=1021 margin 2.95->-11.64 t=2.8s
[DONE] evaluation__9973__denoise__restore__nes__l0.5 calls=1021 margin 2.95->3.18 t=3.0s
[DONE] evaluation__9973__denoise__confidence_boost__nes__l0.5 calls=1021 margin 2.95->11.33 t=2.5s
[DONE] evaluation__9973__deblur__attack__nes__l1 calls=1021 margin 5.88->-12.45 t=3.2s
[DONE] evaluation__9973__deblur__restore__nes__l1 calls=1021 margin 5.88->5.88 t=2.7s
[DONE] evaluation__9973__deblur__confidence_boost__nes__l1 calls=1021 margin 5.88->13.10 t=2.8s
[DONE] evaluation__1991__denoise__attack__nes__l0.5 calls=1021 margin 9.56->-0.33 t=2.7s
[DONE] evaluation__1991__denoise__restore__nes__l0.5 calls=1021 margin 9.56->9.11 t=3.1s
[DONE] evaluation__1991__denoise__confidence_boost__nes__l0.5 calls=1021 margin 9.56->14.03 t=3.0s
[DONE] evaluation__1991__deblur__attack__nes__l1 calls=1021 margin 11.58->-0.63 t=2.9s
[DONE] evaluation__1991__deblur__restore__nes__l1 calls=1021 margin 11.58->11.09 t=3.2s
[DONE] evaluation__1991__deblur__confidence_boost__nes__l1 calls=1021 margin 11.58->14.88 t=3.3s
[DONE] evaluation__7450__denoise__attack__nes__l0.5 calls=1021 margin 2.17->-10.57 t=3.2s
[DONE] evaluation__7450__denoise__restore__nes__l0.5 calls=1021 margin 2.17->1.85 t=3.2s
[DONE] evaluation__7450__denoise__confidence_boost__nes__l0.5 calls=1021 margin 2.17->10.64 t=3.6s
[DONE] evaluation__7450__deblur__attack__nes__l1 calls=1021 margin 8.89->-7.08 t=3.5s
[DONE] evaluation__7450__deblur__restore__nes__l1 calls=1021 margin 8.89->6.94 t=3.3s
[DONE] evaluation__7450__deblur__confidence_boost__nes__l1 calls=1021 margin 8.89->12.11 t=3.5s
[DONE] evaluation__1202__denoise__attack__nes__l0.5 calls=1021 margin 5.42->-9.24 t=3.4s
[DONE] evaluation__1202__denoise__restore__nes__l0.5 calls=1021 margin 5.42->5.21 t=3.7s
[DONE] evaluation__1202__denoise__confidence_boost__nes__l0.5 calls=1021 margin 5.42->13.09 t=3.4s
[DONE] evaluation__1202__deblur__attack__nes__l1 calls=1021 margin 9.91->-9.22 t=3.2s
[DONE] evaluation__1202__deblur__restore__nes__l1 calls=1021 margin 9.91->9.14 t=3.3s
[DONE] evaluation__1202__deblur__confidence_boost__nes__l1 calls=1021 margin 9.91->15.41 t=3.3s
[DONE] evaluation__4622__denoise__attack__nes__l0.5 calls=1021 margin 3.89->-11.44 t=3.6s
[DONE] evaluation__4622__denoise__restore__nes__l0.5 calls=1021 margin 3.89->3.47 t=3.7s
[DONE] evaluation__4622__denoise__confidence_boost__nes__l0.5 calls=1021 margin 3.89->12.49 t=3.2s
[DONE] evaluation__4622__deblur__attack__nes__l1 calls=1021 margin 5.54->-16.43 t=3.5s
[DONE] evaluation__4622__deblur__restore__nes__l1 calls=1021 margin 5.54->5.54 t=3.3s
[DONE] evaluation__4622__deblur__confidence_boost__nes__l1 calls=1021 margin 5.54->14.39 t=3.4s
[DONE] evaluation__9267__denoise__attack__nes__l0.5 calls=1021 margin 2.45->-6.07 t=3.4s
[DONE] evaluation__9267__denoise__restore__nes__l0.5 calls=1021 margin 2.45->1.19 t=3.6s
[DONE] evaluation__9267__denoise__confidence_boost__nes__l0.5 calls=1021 margin 2.45->11.55 t=3.4s
[DONE] evaluation__9267__deblur__attack__nes__l1 calls=1021 margin 5.73->-13.61 t=3.6s
[DONE] evaluation__9267__deblur__restore__nes__l1 calls=1021 margin 5.73->4.70 t=3.6s
[DONE] evaluation__9267__deblur__confidence_boost__nes__l1 calls=1021 margin 5.73->14.45 t=3.8s
[DONE] evaluation__4155__denoise__attack__nes__l0.5 calls=1021 margin 5.42->-9.86 t=3.4s
[DONE] evaluation__4155__denoise__restore__nes__l0.5 calls=1021 margin 5.42->5.31 t=3.3s
[DONE] evaluation__4155__denoise__confidence_boost__nes__l0.5 calls=1021 margin 5.42->14.01 t=3.4s
[DONE] evaluation__4155__deblur__attack__nes__l1 calls=1021 margin 7.33->-3.08 t=3.4s
[DONE] evaluation__4155__deblur__restore__nes__l1 calls=1021 margin 7.33->9.43 t=3.3s
[DONE] evaluation__4155__deblur__confidence_boost__nes__l1 calls=1021 margin 7.33->15.65 t=3.7s
[DONE] evaluation__6786__denoise__attack__nes__l0.5 calls=1021 margin 1.24->-11.36 t=3.8s
[DONE] evaluation__6786__denoise__restore__nes__l0.5 calls=1021 margin 1.24->0.73 t=3.8s
[DONE] evaluation__6786__denoise__confidence_boost__nes__l0.5 calls=1021 margin 1.24->10.02 t=3.3s
[DONE] evaluation__6786__deblur__attack__nes__l1 calls=1021 margin 1.98->-11.69 t=3.6s
[DONE] evaluation__6786__deblur__restore__nes__l1 calls=1021 margin 1.98->1.98 t=3.3s
[DONE] evaluation__6786__deblur__confidence_boost__nes__l1 calls=1021 margin 1.98->14.51 t=3.4s
[DONE] evaluation__1533__denoise__attack__nes__l0.5 calls=1021 margin 3.87->-6.11 t=3.3s
[DONE] evaluation__1533__denoise__restore__nes__l0.5 calls=1021 margin 3.87->3.21 t=3.6s
[DONE] evaluation__1533__denoise__confidence_boost__nes__l0.5 calls=1021 margin 3.87->12.82 t=3.5s
[DONE] evaluation__1533__deblur__attack__nes__l1 calls=1021 margin 6.26->-14.47 t=3.6s
[DONE] evaluation__1533__deblur__restore__nes__l1 calls=1021 margin 6.26->4.90 t=3.5s
[DONE] evaluation__1533__deblur__confidence_boost__nes__l1 calls=1021 margin 6.26->15.23 t=3.6s
[DONE] evaluation__4173__denoise__attack__nes__l0.5 calls=1021 margin 6.50->-5.46 t=3.4s
[DONE] evaluation__4173__denoise__restore__nes__l0.5 calls=1021 margin 6.50->6.16 t=3.0s
[DONE] evaluation__4173__denoise__confidence_boost__nes__l0.5 calls=1021 margin 6.50->14.74 t=3.3s
[DONE] evaluation__4173__deblur__attack__nes__l1 calls=1021 margin 7.18->-11.86 t=3.2s
[DONE] evaluation__4173__deblur__restore__nes__l1 calls=1021 margin 7.18->9.68 t=3.4s
[DONE] evaluation__4173__deblur__confidence_boost__nes__l1 calls=1021 margin 7.18->15.02 t=3.7s
[DONE] evaluation__9393__denoise__attack__nes__l0.5 calls=1021 margin 5.85->-10.91 t=3.5s
[DONE] evaluation__9393__denoise__restore__nes__l0.5 calls=1021 margin 5.85->6.26 t=3.6s
[DONE] evaluation__9393__denoise__confidence_boost__nes__l0.5 calls=1021 margin 5.85->13.37 t=3.4s
[DONE] evaluation__9393__deblur__attack__nes__l1 calls=1021 margin 6.04->-13.90 t=3.3s
[DONE] evaluation__9393__deblur__restore__nes__l1 calls=1021 margin 6.04->6.12 t=3.7s
[DONE] evaluation__9393__deblur__confidence_boost__nes__l1 calls=1021 margin 6.04->14.96 t=3.7s
[DONE] evaluation__3613__denoise__attack__nes__l0.5 calls=1021 margin 2.39->-9.63 t=3.7s
[DONE] evaluation__3613__denoise__restore__nes__l0.5 calls=1021 margin 2.39->2.87 t=3.5s
[DONE] evaluation__3613__denoise__confidence_boost__nes__l0.5 calls=1021 margin 2.39->10.56 t=3.4s
[DONE] evaluation__3613__deblur__attack__nes__l1 calls=1021 margin 7.83->-8.30 t=3.4s
[DONE] evaluation__3613__deblur__restore__nes__l1 calls=1021 margin 7.83->7.50 t=3.6s
[DONE] evaluation__3613__deblur__confidence_boost__nes__l1 calls=1021 margin 7.83->14.94 t=3.6s
[DONE] evaluation__7720__denoise__attack__nes__l0.5 calls=1021 margin 4.63->-10.99 t=3.5s
[DONE] evaluation__7720__denoise__restore__nes__l0.5 calls=1021 margin 4.63->4.92 t=3.2s
[DONE] evaluation__7720__denoise__confidence_boost__nes__l0.5 calls=1021 margin 4.63->14.19 t=3.3s
[DONE] evaluation__7720__deblur__attack__nes__l1 calls=1021 margin 4.33->-10.54 t=3.6s
[DONE] evaluation__7720__deblur__restore__nes__l1 calls=1021 margin 4.33->4.33 t=3.4s
[DONE] evaluation__7720__deblur__confidence_boost__nes__l1 calls=1021 margin 4.33->14.03 t=3.4s
[DONE] evaluation__1641__denoise__attack__nes__l0.5 calls=1021 margin 7.84->-6.45 t=3.5s
[DONE] evaluation__1641__denoise__restore__nes__l0.5 calls=1021 margin 7.84->9.17 t=3.6s
[DONE] evaluation__1641__denoise__confidence_boost__nes__l0.5 calls=1021 margin 7.84->14.71 t=3.4s
[DONE] evaluation__1641__deblur__attack__nes__l1 calls=1021 margin 8.86->-9.09 t=3.6s
[DONE] evaluation__1641__deblur__restore__nes__l1 calls=1021 margin 8.86->9.01 t=3.3s
[DONE] evaluation__1641__deblur__confidence_boost__nes__l1 calls=1021 margin 8.86->15.69 t=3.4s
[DONE] evaluation__4788__denoise__attack__nes__l0.5 calls=1021 margin 8.36->-8.77 t=3.5s
[DONE] evaluation__4788__denoise__restore__nes__l0.5 calls=1021 margin 8.36->6.48 t=3.8s
[DONE] evaluation__4788__denoise__confidence_boost__nes__l0.5 calls=1021 margin 8.36->14.41 t=3.9s
[DONE] evaluation__4788__deblur__attack__nes__l1 calls=1021 margin 3.76->-8.43 t=3.7s
[DONE] evaluation__4788__deblur__restore__nes__l1 calls=1021 margin 3.76->3.76 t=3.5s
[DONE] evaluation__4788__deblur__confidence_boost__nes__l1 calls=1021 margin 3.76->15.91 t=3.4s
[DONE] evaluation__8534__denoise__attack__nes__l0.5 calls=1021 margin 8.90->-3.05 t=3.2s
[DONE] evaluation__8534__denoise__restore__nes__l0.5 calls=1021 margin 8.90->8.86 t=3.2s
[DONE] evaluation__8534__denoise__confidence_boost__nes__l0.5 calls=1021 margin 8.90->14.57 t=4.0s
[DONE] evaluation__8534__deblur__attack__nes__l1 calls=1021 margin 8.32->-10.30 t=3.4s
[DONE] evaluation__8534__deblur__restore__nes__l1 calls=1021 margin 8.32->8.55 t=3.4s
[DONE] evaluation__8534__deblur__confidence_boost__nes__l1 calls=1021 margin 8.32->15.33 t=3.5s
[DONE] evaluation__3788__denoise__attack__nes__l0.5 calls=1021 margin 2.72->-14.20 t=3.4s
[DONE] evaluation__3788__denoise__restore__nes__l0.5 calls=1021 margin 2.72->2.70 t=3.4s
[DONE] evaluation__3788__denoise__confidence_boost__nes__l0.5 calls=1021 margin 2.72->12.37 t=3.2s
[DONE] evaluation__3788__deblur__attack__nes__l1 calls=1021 margin 7.16->-14.63 t=3.3s
[DONE] evaluation__3788__deblur__restore__nes__l1 calls=1021 margin 7.16->5.70 t=3.3s
[DONE] evaluation__3788__deblur__confidence_boost__nes__l1 calls=1021 margin 7.16->14.76 t=3.5s
[DONE] evaluation__5998__denoise__attack__nes__l0.5 calls=1021 margin 1.13->-12.80 t=3.6s
[DONE] evaluation__5998__denoise__restore__nes__l0.5 calls=1021 margin 1.13->1.51 t=3.3s
[DONE] evaluation__5998__denoise__confidence_boost__nes__l0.5 calls=1021 margin 1.13->10.64 t=3.1s
[DONE] evaluation__5998__deblur__attack__nes__l1 calls=1021 margin 4.95->-9.81 t=3.1s
[DONE] evaluation__5998__deblur__restore__nes__l1 calls=1021 margin 4.95->4.65 t=3.5s
[DONE] evaluation__5998__deblur__confidence_boost__nes__l1 calls=1021 margin 4.95->12.24 t=3.4s
[DONE] evaluation__1011__denoise__attack__nes__l0.5 calls=1021 margin 0.63->-14.11 t=3.4s
[DONE] evaluation__1011__denoise__restore__nes__l0.5 calls=1021 margin 0.63->0.40 t=3.4s
[DONE] evaluation__1011__denoise__confidence_boost__nes__l0.5 calls=1021 margin 0.63->12.21 t=3.3s
[DONE] evaluation__1011__deblur__attack__nes__l1 calls=1021 margin 12.12->-8.56 t=3.5s
[DONE] evaluation__1011__deblur__restore__nes__l1 calls=1021 margin 12.12->12.12 t=3.1s
[DONE] evaluation__1011__deblur__confidence_boost__nes__l1 calls=1021 margin 12.12->15.70 t=3.6s
[DONE] evaluation__4083__denoise__attack__nes__l0.5 calls=1021 margin 10.15->-7.66 t=3.2s
[DONE] evaluation__4083__denoise__restore__nes__l0.5 calls=1021 margin 10.15->11.23 t=3.1s
[DONE] evaluation__4083__denoise__confidence_boost__nes__l0.5 calls=1021 margin 10.15->15.66 t=3.6s
[DONE] evaluation__4083__deblur__attack__nes__l1 calls=1021 margin 13.24->1.05 t=3.5s
[DONE] evaluation__4083__deblur__restore__nes__l1 calls=1021 margin 13.24->13.90 t=3.3s
[DONE] evaluation__4083__deblur__confidence_boost__nes__l1 calls=1021 margin 13.24->16.62 t=3.4s
[DONE] evaluation__7580__denoise__attack__nes__l0.5 calls=1021 margin 3.45->-7.51 t=3.7s
[DONE] evaluation__7580__denoise__restore__nes__l0.5 calls=1021 margin 3.45->4.04 t=3.6s
[DONE] evaluation__7580__denoise__confidence_boost__nes__l0.5 calls=1021 margin 3.45->10.71 t=3.8s
[DONE] evaluation__7580__deblur__attack__nes__l1 calls=1021 margin 9.22->-4.08 t=3.9s
[DONE] evaluation__7580__deblur__restore__nes__l1 calls=1021 margin 9.22->10.64 t=4.1s
[DONE] evaluation__7580__deblur__confidence_boost__nes__l1 calls=1021 margin 9.22->15.89 t=3.7s
[DONE] evaluation__5315__denoise__attack__nes__l0.5 calls=1021 margin 3.20->-11.19 t=3.4s
[DONE] evaluation__5315__denoise__restore__nes__l0.5 calls=1021 margin 3.20->2.89 t=3.9s
[DONE] evaluation__5315__denoise__confidence_boost__nes__l0.5 calls=1021 margin 3.20->12.82 t=3.7s
[DONE] evaluation__5315__deblur__attack__nes__l1 calls=1021 margin 8.33->-5.83 t=3.7s
[DONE] evaluation__5315__deblur__restore__nes__l1 calls=1021 margin 8.33->8.96 t=3.7s
[DONE] evaluation__5315__deblur__confidence_boost__nes__l1 calls=1021 margin 8.33->14.82 t=3.6s
[DONE] evaluation__8355__denoise__attack__nes__l0.5 calls=1021 margin 10.40->-5.94 t=3.6s
[DONE] evaluation__8355__denoise__restore__nes__l0.5 calls=1021 margin 10.40->9.73 t=3.6s
[DONE] evaluation__8355__denoise__confidence_boost__nes__l0.5 calls=1021 margin 10.40->13.40 t=3.6s
[DONE] evaluation__8355__deblur__attack__nes__l1 calls=1021 margin 10.72->-6.98 t=3.8s
[DONE] evaluation__8355__deblur__restore__nes__l1 calls=1021 margin 10.72->11.05 t=3.9s
[DONE] evaluation__8355__deblur__confidence_boost__nes__l1 calls=1021 margin 10.72->15.07 t=3.6s
[DONE] fit__2130__denoise__attack__nes__l0.5 calls=1021 margin 1.97->-5.81 t=3.7s
[DONE] fit__2130__denoise__restore__nes__l0.5 calls=1021 margin 1.97->2.20 t=3.5s
[DONE] fit__2130__denoise__confidence_boost__nes__l0.5 calls=1021 margin 1.97->9.34 t=3.7s
[DONE] fit__2130__deblur__attack__nes__l1 calls=1021 margin 6.73->-6.27 t=3.4s
[DONE] fit__2130__deblur__restore__nes__l1 calls=1021 margin 6.73->4.61 t=3.4s
[DONE] fit__2130__deblur__confidence_boost__nes__l1 calls=1021 margin 6.73->12.36 t=3.4s
[DONE] fit__1187__denoise__attack__nes__l0.5 calls=1021 margin 5.69->-12.25 t=3.4s
[DONE] fit__1187__denoise__restore__nes__l0.5 calls=1021 margin 5.69->3.99 t=3.4s
[DONE] fit__1187__denoise__confidence_boost__nes__l0.5 calls=1021 margin 5.69->14.41 t=3.4s
[DONE] fit__1187__deblur__attack__nes__l1 calls=1021 margin 11.70->-6.87 t=3.5s
[DONE] fit__1187__deblur__restore__nes__l1 calls=1021 margin 11.70->11.99 t=3.1s
[DONE] fit__1187__deblur__confidence_boost__nes__l1 calls=1021 margin 11.70->14.57 t=3.2s
[DONE] fit__7864__denoise__attack__nes__l0.5 calls=1021 margin 1.86->-8.84 t=3.1s
[DONE] fit__7864__denoise__restore__nes__l0.5 calls=1021 margin 1.86->2.68 t=3.4s
[DONE] fit__7864__denoise__confidence_boost__nes__l0.5 calls=1021 margin 1.86->10.68 t=3.1s
[DONE] fit__7864__deblur__attack__nes__l1 calls=1021 margin 10.86->-9.69 t=3.2s
[DONE] fit__7864__deblur__restore__nes__l1 calls=1021 margin 10.86->8.81 t=3.4s
[DONE] fit__7864__deblur__confidence_boost__nes__l1 calls=1021 margin 10.86->14.15 t=3.3s
[DONE] fit__7351__denoise__attack__nes__l0.5 calls=1021 margin 1.86->-12.17 t=3.4s
[DONE] fit__7351__denoise__restore__nes__l0.5 calls=1021 margin 1.86->2.99 t=3.2s
[DONE] fit__7351__denoise__confidence_boost__nes__l0.5 calls=1021 margin 1.86->12.44 t=3.6s
[DONE] fit__7351__deblur__attack__nes__l1 calls=1021 margin 1.69->-10.95 t=3.1s
[DONE] fit__7351__deblur__restore__nes__l1 calls=1021 margin 1.69->3.14 t=3.1s
[DONE] fit__7351__deblur__confidence_boost__nes__l1 calls=1021 margin 1.69->15.44 t=3.2s
[DONE] fit__3628__denoise__attack__nes__l0.5 calls=1021 margin 3.47->-8.44 t=3.2s
[DONE] fit__3628__denoise__restore__nes__l0.5 calls=1021 margin 3.47->4.08 t=2.8s
[DONE] fit__3628__denoise__confidence_boost__nes__l0.5 calls=1021 margin 3.47->12.70 t=2.9s
[DONE] fit__3628__deblur__attack__nes__l1 calls=1021 margin 6.89->-8.72 t=2.9s
[DONE] fit__3628__deblur__restore__nes__l1 calls=1021 margin 6.89->6.92 t=3.4s
[DONE] fit__3628__deblur__confidence_boost__nes__l1 calls=1021 margin 6.89->15.05 t=3.1s
[DONE] fit__1658__denoise__attack__nes__l0.5 calls=1021 margin 5.38->-9.87 t=3.4s
[DONE] fit__1658__denoise__restore__nes__l0.5 calls=1021 margin 5.38->5.16 t=3.4s
[DONE] fit__1658__denoise__confidence_boost__nes__l0.5 calls=1021 margin 5.38->13.63 t=3.0s
[DONE] fit__1658__deblur__attack__nes__l1 calls=1021 margin 1.92->-7.36 t=3.1s
[DONE] fit__1658__deblur__restore__nes__l1 calls=1021 margin 1.92->1.92 t=3.3s
[DONE] fit__1658__deblur__confidence_boost__nes__l1 calls=1021 margin 1.92->16.12 t=3.4s
[DONE] fit__1940__denoise__attack__nes__l0.5 calls=1021 margin 1.54->-11.47 t=3.4s
[DONE] fit__1940__denoise__restore__nes__l0.5 calls=1021 margin 1.54->3.34 t=3.4s
[DONE] fit__1940__denoise__confidence_boost__nes__l0.5 calls=1021 margin 1.54->13.54 t=3.4s
[DONE] fit__1940__deblur__attack__nes__l1 calls=1021 margin 3.07->-11.39 t=3.0s
[DONE] fit__1940__deblur__restore__nes__l1 calls=1021 margin 3.07->6.17 t=3.2s
[DONE] fit__1940__deblur__confidence_boost__nes__l1 calls=1021 margin 3.07->15.12 t=3.2s
[DONE] fit__9146__denoise__attack__nes__l0.5 calls=1021 margin 9.14->-3.95 t=3.4s
[DONE] fit__9146__denoise__restore__nes__l0.5 calls=1021 margin 9.14->8.17 t=3.7s
[DONE] fit__9146__denoise__confidence_boost__nes__l0.5 calls=1021 margin 9.14->15.68 t=3.2s
[DONE] fit__9146__deblur__attack__nes__l1 calls=1021 margin 11.99->-4.60 t=3.3s
[DONE] fit__9146__deblur__restore__nes__l1 calls=1021 margin 11.99->12.87 t=4.1s
[DONE] fit__9146__deblur__confidence_boost__nes__l1 calls=1021 margin 11.99->15.63 t=3.2s
[DONE] fit__5089__denoise__attack__nes__l0.5 calls=1021 margin 11.69->-3.62 t=3.1s
[DONE] fit__5089__denoise__restore__nes__l0.5 calls=1021 margin 11.69->11.13 t=3.0s
[DONE] fit__5089__denoise__confidence_boost__nes__l0.5 calls=1021 margin 11.69->15.42 t=3.0s
[DONE] fit__5089__deblur__attack__nes__l1 calls=1021 margin 5.02->-12.88 t=3.3s
[DONE] fit__5089__deblur__restore__nes__l1 calls=1021 margin 5.02->5.02 t=3.5s
[DONE] fit__5089__deblur__confidence_boost__nes__l1 calls=1021 margin 5.02->15.42 t=3.7s
[DONE] fit__4339__denoise__attack__nes__l0.5 calls=1021 margin 6.44->-11.87 t=3.7s
[DONE] fit__4339__denoise__restore__nes__l0.5 calls=1021 margin 6.44->6.27 t=3.5s
[DONE] fit__4339__denoise__confidence_boost__nes__l0.5 calls=1021 margin 6.44->14.43 t=3.5s
[DONE] fit__4339__deblur__attack__nes__l1 calls=1021 margin 11.01->-0.03 t=3.7s
[DONE] fit__4339__deblur__restore__nes__l1 calls=1021 margin 11.01->11.04 t=3.7s
[DONE] fit__4339__deblur__confidence_boost__nes__l1 calls=1021 margin 11.01->15.41 t=3.7s
[DONE] fit__2021__denoise__attack__nes__l0.5 calls=1021 margin 4.26->-6.21 t=3.7s
[DONE] fit__2021__denoise__restore__nes__l0.5 calls=1021 margin 4.26->5.18 t=3.3s
[DONE] fit__2021__denoise__confidence_boost__nes__l0.5 calls=1021 margin 4.26->12.56 t=3.4s
[DONE] fit__2021__deblur__attack__nes__l1 calls=1021 margin 6.43->-7.05 t=3.6s
[DONE] fit__2021__deblur__restore__nes__l1 calls=1021 margin 6.43->7.67 t=3.3s
[DONE] fit__2021__deblur__confidence_boost__nes__l1 calls=1021 margin 6.43->14.64 t=3.2s
[DONE] fit__1913__denoise__attack__nes__l0.5 calls=1021 margin 1.20->-10.11 t=3.3s
[DONE] fit__1913__denoise__restore__nes__l0.5 calls=1021 margin 1.20->0.67 t=3.0s
[DONE] fit__1913__denoise__confidence_boost__nes__l0.5 calls=1021 margin 1.20->10.19 t=3.1s
[DONE] fit__1913__deblur__attack__nes__l1 calls=1021 margin 0.47->-14.43 t=3.3s
[DONE] fit__1913__deblur__restore__nes__l1 calls=1021 margin 0.47->1.84 t=3.1s
[DONE] fit__1913__deblur__confidence_boost__nes__l1 calls=1021 margin 0.47->10.02 t=3.0s
[DONE] fit__7920__denoise__attack__nes__l0.5 calls=1021 margin 2.63->-12.80 t=3.1s
[DONE] fit__7920__denoise__restore__nes__l0.5 calls=1021 margin 2.63->1.89 t=3.1s
[DONE] fit__7920__denoise__confidence_boost__nes__l0.5 calls=1021 margin 2.63->10.84 t=3.2s
[DONE] fit__7920__deblur__attack__nes__l1 calls=1021 margin 5.53->-12.69 t=3.3s
[DONE] fit__7920__deblur__restore__nes__l1 calls=1021 margin 5.53->3.74 t=2.9s
[DONE] fit__7920__deblur__confidence_boost__nes__l1 calls=1021 margin 5.53->12.86 t=2.9s
