[DONE] evaluation__791__denoise__attack__nes__l0.5 calls=1021 margin 3.81->-9.14 t=2.8s
[DONE] evaluation__791__denoise__restore__nes__l0.5 calls=1021 margin 3.81->4.12 t=2.5s
[DONE] evaluation__791__denoise__confidence_boost__nes__l0.5 calls=1021 margin 3.81->11.68 t=2.6s
[DONE] evaluation__791__deblur__attack__nes__l1 calls=1021 margin 9.53->-4.37 t=2.6s
[DONE] evaluation__791__deblur__restore__nes__l1 calls=1021 margin 9.53->9.77 t=2.6s
[DONE] evaluation__791__deblur__confidence_boost__nes__l1 calls=1021 margin 9.53->14.71 t=2.7s
[DONE] evaluation__6241__denoise__attack__nes__l0.5 calls=1021 margin 4.07->-11.39 t=2.8s
[DONE] evaluation__6241__denoise__restore__nes__l0.5 calls=1021 margin 4.07->5.06 t=2.7s
[DONE] evaluation__6241__denoise__confidence_boost__nes__l0.5 calls=1021 margin 4.07->13.89 t=2.8s
[DONE] evaluation__6241__deblur__attack__nes__l1 calls=1021 margin 9.04->-10.13 t=2.9s
[DONE] evaluation__6241__deblur__restore__nes__l1 calls=1021 margin 9.04->8.50 t=2.9s
[DONE] evaluation__6241__deblur__confidence_boost__nes__l1 calls=1021 margin 9.04->14.79 t=2.9s
[DONE] evaluation__9046__denoise__attack__nes__l0.5 calls=1021 margin 2.30->-10.70 t=2.9s
[DONE] evaluation__9046__denoise__restore__nes__l0.5 calls=1021 margin 2.30->1.98 t=2.9s
[DONE] evaluation__9046__denoise__confidence_boost__nes__l0.5 calls=1021 margin 2.30->12.21 t=3.0s
[DONE] evaluation__9046__deblur__attack__nes__l1 calls=1021 margin 11.21->-5.08 t=3.1s
[DONE] evaluation__9046__deblur__restore__nes__l1 calls=1021 margin 11.21->10.63 t=2.7s
[DONE] evaluation__9046__deblur__confidence_boost__nes__l1 calls=1021 margin 11.21->14.74 t=2.9s
[DONE] evaluation__1882__denoise__attack__nes__l0.5 calls=1021 margin 1.29->-12.33 t=2.6s
[DONE] evaluation__1882__denoise__restore__nes__l0.5 calls=1021 margin 1.29->0.15 t=2.8s
[DONE] evaluation__1882__denoise__confidence_boost__nes__l0.5 calls=1021 margin 1.29->11.07 t=2.8s
[DONE] evaluation__1882__deblur__attack__nes__l1 calls=1021 margin 11.01->-9.34 t=3.0s
[DONE] evaluation__1882__deblur__restore__nes__l1 calls=1021 margin 11.01->11.01 t=2.9s
[DONE] evaluation__1882__deblur__confidence_boost__nes__l1 calls=1021 margin 11.01->13.22 t=2.7s
[DONE] evaluation__7215__denoise__attack__nes__l0.5 calls=1021 margin 9.57->-0.85 t=2.7s
[DONE] evaluation__7215__denoise__restore__nes__l0.5 calls=1021 margin 9.57->8.77 t=3.1s
[DONE] evaluation__7215__denoise__confidence_boost__nes__l0.5 calls=1021 margin 9.57->14.73 t=2.9s
[DONE] evaluation__7215__deblur__attack__nes__l1 calls=1021 margin 12.40->0.03 t=2.9s
[DONE] evaluation__7215__deblur__restore__nes__l1 calls=1021 margin 12.40->12.50 t=3.2s
[DONE] evaluation__7215__deblur__confidence_boost__nes__l1 calls=1021 margin 12.40->15.62 t=3.1s
[DONE] evaluation__1196__denoise__attack__nes__l0.5 calls=1021 margin 4.55->-9.84 t=3.1s
[DONE] evaluation__1196__denoise__restore__nes__l0.5 calls=1021 margin 4.55->5.23 t=3.4s
[DONE] evaluation__1196__denoise__confidence_boost__nes__l0.5 calls=1021 margin 4.55->12.83 t=3.5s
[DONE] evaluation__1196__deblur__attack__nes__l1 calls=1021 margin 12.88->-9.99 t=3.7s
[DONE] evaluation__1196__deblur__restore__nes__l1 calls=1021 margin 12.88->11.81 t=3.4s
[DONE] evaluation__1196__deblur__confidence_boost__nes__l1 calls=1021 margin 12.88->15.35 t=3.6s
[DONE] evaluation__4035__denoise__attack__nes__l0.5 calls=1021 margin 5.13->-7.28 t=3.6s
[DONE] evaluation__4035__denoise__restore__nes__l0.5 calls=1021 margin 5.13->4.67 t=3.5s
[DONE] evaluation__4035__denoise__confidence_boost__nes__l0.5 calls=1021 margin 5.13->13.39 t=3.6s
[DONE] evaluation__4035__deblur__attack__nes__l1 calls=1021 margin 10.68->-5.71 t=3.3s
[DONE] evaluation__4035__deblur__restore__nes__l1 calls=1021 margin 10.68->10.62 t=3.2s
[DONE] evaluation__4035__deblur__confidence_boost__nes__l1 calls=1021 margin 10.68->14.60 t=3.6s
[DONE] evaluation__8363__denoise__attack__nes__l0.5 calls=1021 margin 7.33->-5.36 t=3.7s
[DONE] evaluation__8363__denoise__restore__nes__l0.5 calls=1021 margin 7.33->8.19 t=3.6s
[DONE] evaluation__8363__denoise__confidence_boost__nes__l0.5 calls=1021 margin 7.33->13.04 t=3.2s
[DONE] evaluation__8363__deblur__attack__nes__l1 calls=1021 margin 2.74->-12.95 t=3.2s
[DONE] evaluation__8363__deblur__restore__nes__l1 calls=1021 margin 2.74->2.54 t=3.0s
[DONE] evaluation__8363__deblur__confidence_boost__nes__l1 calls=1021 margin 2.74->13.81 t=3.4s
[DONE] evaluation__3479__denoise__attack__nes__l0.5 calls=1021 margin 1.63->-12.47 t=3.6s
[DONE] evaluation__3479__denoise__restore__nes__l0.5 calls=1021 margin 1.63->1.86 t=3.5s
[DONE] evaluation__3479__denoise__confidence_boost__nes__l0.5 calls=1021 margin 1.63->11.71 t=3.6s
[DONE] evaluation__3479__deblur__attack__nes__l1 calls=1021 margin 1.72->-11.57 t=3.2s
[DONE] evaluation__3479__deblur__restore__nes__l1 calls=1021 margin 1.72->1.72 t=3.2s
[DONE] evaluation__3479__deblur__confidence_boost__nes__l1 calls=1021 margin 1.72->13.11 t=3.3s
[DONE] evaluation__6340__denoise__attack__nes__l0.5 calls=1021 margin 2.63->-9.65 t=3.4s
[DONE] evaluation__6340__denoise__restore__nes__l0.5 calls=1021 margin 2.63->4.46 t=3.4s
[DONE] evaluation__6340__denoise__confidence_boost__nes__l0.5 calls=1021 margin 2.63->12.76 t=3.8s
[DONE] evaluation__6340__deblur__attack__nes__l1 calls=1021 margin 6.91->-2.50 t=3.4s
[DONE] evaluation__6340__deblur__restore__nes__l1 calls=1021 margin 6.91->7.01 t=3.3s
[DONE] evaluation__6340__deblur__confidence_boost__nes__l1 calls=1021 margin 6.91->14.49 t=3.7s
[DONE] evaluation__1303__denoise__attack__nes__l0.5 calls=1021 margin 2.53->-10.26 t=3.4s
[DONE] evaluation__1303__denoise__restore__nes__l0.5 calls=1021 margin 2.53->3.45 t=4.1s
[DONE] evaluation__1303__denoise__confidence_boost__nes__l0.5 calls=1021 margin 2.53->12.79 t=3.3s
[DONE] evaluation__1303__deblur__attack__nes__l1 calls=1021 margin 6.20->-11.24 t=3.4s
[DONE] evaluation__1303__deblur__restore__nes__l1 calls=1021 margin 6.20->6.20 t=3.7s
[DONE] evaluation__1303__deblur__confidence_boost__nes__l1 calls=1021 margin 6.20->13.76 t=3.5s
[DONE] evaluation__4047__denoise__attack__nes__l0.5 calls=1021 margin 3.86->-13.49 t=3.3s
[DONE] evaluation__4047__denoise__restore__nes__l0.5 calls=1021 margin 3.86->4.76 t=3.5s
[DONE] evaluation__4047__denoise__confidence_boost__nes__l0.5 calls=1021 margin 3.86->12.99 t=3.1s
[DONE] evaluation__4047__deblur__attack__nes__l1 calls=1021 margin 5.77->-16.00 t=3.6s
[DONE] evaluation__4047__deblur__restore__nes__l1 calls=1021 margin 5.77->5.77 t=3.6s
[DONE] evaluation__4047__deblur__confidence_boost__nes__l1 calls=1021 margin 5.77->16.11 t=3.7s
[DONE] evaluation__8540__denoise__attack__nes__l0.5 calls=1021 margin 1.22->-15.85 t=3.3s
[DONE] evaluation__8540__denoise__restore__nes__l0.5 calls=1021 margin 1.22->0.63 t=3.1s
[DONE] evaluation__8540__denoise__confidence_boost__nes__l0.5 calls=1021 margin 1.22->11.77 t=3.4s
[DONE] evaluation__8540__deblur__attack__nes__l1 calls=1021 margin 11.66->-13.17 t=3.8s
[DONE] evaluation__8540__deblur__restore__nes__l1 calls=1021 margin 11.66->11.66 t=3.8s
[DONE] evaluation__8540__deblur__confidence_boost__nes__l1 calls=1021 margin 11.66->15.49 t=3.4s
[DONE] evaluation__2582__denoise__attack__nes__l0.5 calls=1021 margin 0.13->-12.98 t=3.3s
[DONE] evaluation__2582__denoise__restore__nes__l0.5 calls=1021 margin 0.13->0.62 t=3.6s
[DONE] evaluation__2582__denoise__confidence_boost__nes__l0.5 calls=1021 margin 0.13->10.27 t=3.4s
[DONE] evaluation__2582__deblur__attack__nes__l1 calls=1021 margin 10.15->-5.71 t=3.1s
[DONE] evaluation__2582__deblur__restore__nes__l1 calls=1021 margin 10.15->10.15 t=3.2s
[DONE] evaluation__2582__deblur__confidence_boost__nes__l1 calls=1021 margin 10.15->14.95 t=3.2s
[DONE] evaluation__6835__denoise__attack__nes__l0.5 calls=1021 margin 3.30->-12.64 t=3.1s
[DONE] evaluation__6835__denoise__restore__nes__l0.5 calls=1021 margin 3.30->4.30 t=2.9s
[DONE] evaluation__6835__denoise__confidence_boost__nes__l0.5 calls=1021 margin 3.30->11.82 t=3.4s
[DONE] evaluation__6835__deblur__attack__nes__l1 calls=1021 margin 7.18->-13.44 t=3.2s
[DONE] evaluation__6835__deblur__restore__nes__l1 calls=1021 margin 7.18->7.56 t=3.2s
[DONE] evaluation__6835__deblur__confidence_boost__nes__l1 calls=1021 margin 7.18->15.95 t=3.5s
[DONE] evaluation__1147__denoise__attack__nes__l0.5 calls=1021 margin 6.29->-9.75 t=3.4s
[DONE] evaluation__1147__denoise__restore__nes__l0.5 calls=1021 margin 6.29->3.95 t=3.2s
[DONE] evaluation__1147__denoise__confidence_boost__nes__l0.5 calls=1021 margin 6.29->14.57 t=3.1s
[DONE] evaluation__1147__deblur__attack__nes__l1 calls=1021 margin 2.24->-10.15 t=3.5s
[DONE] evaluation__1147__deblur__restore__nes__l1 calls=1021 margin 2.24->3.14 t=3.3s
[DONE] evaluation__1147__deblur__confidence_boost__nes__l1 calls=1021 margin 2.24->14.78 t=3.2s
[DONE] evaluation__4746__denoise__attack__nes__l0.5 calls=1021 margin 11.29->-1.72 t=3.3s
[DONE] evaluation__4746__denoise__restore__nes__l0.5 calls=1021 margin 11.29->12.13 t=3.6s
[DONE] evaluation__4746__denoise__confidence_boost__nes__l0.5 calls=1021 margin 11.29->15.74 t=3.4s
[DONE] evaluation__4746__deblur__attack__nes__l1 calls=1021 margin 8.92->-9.30 t=3.4s
[DONE] evaluation__4746__deblur__restore__nes__l1 calls=1021 margin 8.92->8.92 t=3.5s
[DONE] evaluation__4746__deblur__confidence_boost__nes__l1 calls=1021 margin 8.92->16.41 t=3.5s
[DONE] evaluation__8184__denoise__attack__nes__l0.5 calls=1021 margin 7.82->-8.00 t=3.9s
[DONE] evaluation__8184__denoise__restore__nes__l0.5 calls=1021 margin 7.82->6.51 t=3.7s
[DONE] evaluation__8184__denoise__confidence_boost__nes__l0.5 calls=1021 margin 7.82->14.36 t=3.5s
[DONE] evaluation__8184__deblur__attack__nes__l1 calls=1021 margin 1.83->-13.67 t=3.4s
[DONE] evaluation__8184__deblur__restore__nes__l1 calls=1021 margin 1.83->2.30 t=3.4s
[DONE] evaluation__8184__deblur__confidence_boost__nes__l1 calls=1021 margin 1.83->14.93 t=3.3s
[DONE] evaluation__3482__denoise__attack__nes__l0.5 calls=1021 margin 0.54->-9.58 t=3.2s
[DONE] evaluation__3482__denoise__restore__nes__l0.5 calls=1021 margin 0.54->1.24 t=3.2s
[DONE] evaluation__3482__denoise__confidence_boost__nes__l0.5 calls=1021 margin 0.54->11.19 t=3.3s
[DONE] evaluation__3482__deblur__attack__nes__l1 calls=1021 margin 7.64->-11.74 t=3.4s
[DONE] evaluation__3482__deblur__restore__nes__l1 calls=1021 margin 7.64->3.54 t=3.4s
[DONE] evaluation__3482__deblur__confidence_boost__nes__l1 calls=1021 margin 7.64->12.72 t=3.5s
[DONE] evaluation__5675__denoise__attack__nes__l0.5 calls=1021 margin 3.75->-9.73 t=3.3s
[DONE] evaluation__5675__denoise__restore__nes__l0.5 calls=1021 margin 3.75->4.20 t=3.2s
[DONE] evaluation__5675__denoise__confidence_boost__nes__l0.5 calls=1021 margin 3.75->14.36 t=3.4s
[DONE] evaluation__5675__deblur__attack__nes__l1 calls=1021 margin 9.35->-9.14 t=3.0s
[DONE] evaluation__5675__deblur__restore__nes__l1 calls=1021 margin 9.35->9.64 t=3.2s
[DONE] evaluation__5675__deblur__confidence_boost__nes__l1 calls=1021 margin 9.35->15.18 t=3.4s
[DONE] evaluation__939__denoise__attack__nes__l0.5 calls=1021 margin 2.39->-8.55 t=3.4s
[DONE] evaluation__939__denoise__restore__nes__l0.5 calls=1021 margin 2.39->2.49 t=3.5s
[DONE] evaluation__939__denoise__confidence_boost__nes__l0.5 calls=1021 margin 2.39->10.08 t=3.2s
[DONE] evaluation__939__deblur__attack__nes__l1 calls=1021 margin 8.23->-7.94 t=3.7s
[DONE] evaluation__939__deblur__restore__nes__l1 calls=1021 margin 8.23->8.48 t=3.5s
[DONE] evaluation__939__deblur__confidence_boost__nes__l1 calls=1021 margin 8.23->13.83 t=3.4s
[DONE] evaluation__3817__denoise__attack__nes__l0.5 calls=1021 margin 3.74->-9.60 t=3.6s
[DONE] evaluation__3817__denoise__restore__nes__l0.5 calls=1021 margin 3.74->3.24 t=3.4s
[DONE] evaluation__3817__denoise__confidence_boost__nes__l0.5 calls=1021 margin 3.74->10.42 t=3.3s
[DONE] evaluation__3817__deblur__attack__nes__l1 calls=1021 margin 9.52->-5.40 t=3.6s
[DONE] evaluation__3817__deblur__restore__nes__l1 calls=1021 margin 9.52->10.40 t=3.2s
[DONE] evaluation__3817__deblur__confidence_boost__nes__l1 calls=1021 margin 9.52->15.20 t=3.3s
[DONE] evaluation__7261__denoise__attack__nes__l0.5 calls=1021 margin 4.17->-8.84 t=3.1s
[DONE] evaluation__7261__denoise__restore__nes__l0.5 calls=1021 margin 4.17->4.62 t=3.5s
[DONE] evaluation__7261__denoise__confidence_boost__nes__l0.5 calls=1021 margin 4.17->10.57 t=3.3s
[DONE] evaluation__7261__deblur__attack__nes__l1 calls=1021 margin 1.39->-10.26 t=3.6s
[DONE] evaluation__7261__deblur__restore__nes__l1 calls=1021 margin 1.39->2.33 t=3.5s
[DONE] evaluation__7261__deblur__confidence_boost__nes__l1 calls=1021 margin 1.39->13.74 t=3.5s
[DONE] evaluation__3368__denoise__attack__nes__l0.5 calls=1021 margin 3.09->-9.44 t=3.7s
[DONE] evaluation__3368__denoise__restore__nes__l0.5 calls=1021 margin 3.09->3.55 t=3.2s
[DONE] evaluation__3368__denoise__confidence_boost__nes__l0.5 calls=1021 margin 3.09->10.27 t=4.0s
[DONE] evaluation__3368__deblur__attack__nes__l1 calls=1021 margin 6.11->-11.76 t=4.0s
[DONE] evaluation__3368__deblur__restore__nes__l1 calls=1021 margin 6.11->5.40 t=3.9s
[DONE] evaluation__3368__deblur__confidence_boost__nes__l1 calls=1021 margin 6.11->12.11 t=3.9s
[DONE] evaluation__8312__denoise__attack__nes__l0.5 calls=1021 margin 6.02->-6.37 t=4.0s
[DONE] evaluation__8312__denoise__restore__nes__l0.5 calls=1021 margin 6.02->5.66 t=3.7s
[DONE] evaluation__8312__denoise__confidence_boost__nes__l0.5 calls=1021 margin 6.02->11.96 t=3.9s
[DONE] evaluation__8312__deblur__attack__nes__l1 calls=1021 margin 1.32->-10.77 t=3.8s
[DONE] evaluation__8312__deblur__restore__nes__l1 calls=1021 margin 1.32->5.02 t=3.6s
[DONE] evaluation__8312__deblur__confidence_boost__nes__l1 calls=1021 margin 1.32->12.98 t=3.3s
[DONE] fit__1851__denoise__attack__nes__l0.5 calls=1021 margin 3.02->-5.88 t=3.2s
[DONE] fit__1851__denoise__restore__nes__l0.5 calls=1021 margin 3.02->3.05 t=3.3s
[DONE] fit__1851__denoise__confidence_boost__nes__l0.5 calls=1021 margin 3.02->10.64 t=3.4s
[DONE] fit__1851__deblur__attack__nes__l1 calls=1021 margin 5.48->-5.73 t=3.8s
[DONE] fit__1851__deblur__restore__nes__l1 calls=1021 margin 5.48->7.63 t=3.6s
[DONE] fit__1851__deblur__confidence_boost__nes__l1 calls=1021 margin 5.48->13.75 t=3.9s
[DONE] fit__9749__denoise__attack__nes__l0.5 calls=1021 margin 7.42->-5.94 t=3.9s
[DONE] fit__9749__denoise__restore__nes__l0.5 calls=1021 margin 7.42->7.81 t=3.6s
[DONE] fit__9749__denoise__confidence_boost__nes__l0.5 calls=1021 margin 7.42->14.28 t=3.3s
[DONE] fit__9749__deblur__attack__nes__l1 calls=1021 margin 9.88->-10.03 t=3.0s
[DONE] fit__9749__deblur__restore__nes__l1 calls=1021 margin 9.88->10.04 t=3.4s
[DONE] fit__9749__deblur__confidence_boost__nes__l1 calls=1021 margin 9.88->15.77 t=3.3s
[DONE] fit__7329__denoise__attack__nes__l0.5 calls=1021 margin 0.07->-10.97 t=3.2s
[DONE] fit__7329__denoise__restore__nes__l0.5 calls=1021 margin 0.07->0.16 t=3.4s
[DONE] fit__7329__denoise__confidence_boost__nes__l0.5 calls=1021 margin 0.07->10.18 t=3.4s
[DONE] fit__7329__deblur__attack__nes__l1 calls=1021 margin 3.88->-13.99 t=3.6s
[DONE] fit__7329__deblur__restore__nes__l1 calls=1021 margin 3.88->6.66 t=3.6s
[DONE] fit__7329__deblur__confidence_boost__nes__l1 calls=1021 margin 3.88->13.46 t=3.4s
[DONE] fit__5133__denoise__attack__nes__l0.5 calls=1021 margin 7.07->-9.51 t=3.2s
[DONE] fit__5133__denoise__restore__nes__l0.5 calls=1021 margin 7.07->5.99 t=3.4s
[DONE] fit__5133__denoise__confidence_boost__nes__l0.5 calls=1021 margin 7.07->14.27 t=3.4s
[DONE] fit__5133__deblur__attack__nes__l1 calls=1021 margin 11.14->-12.19 t=3.3s
[DONE] fit__5133__deblur__restore__nes__l1 calls=1021 margin 11.14->11.14 t=3.2s
[DONE] fit__5133__deblur__confidence_boost__nes__l1 calls=1021 margin 11.14->15.63 t=3.2s
[DONE] fit__2963__denoise__attack__nes__l0.5 calls=1021 margin 5.35->-6.59 t=3.2s
[DONE] fit__2963__denoise__restore__nes__l0.5 calls=1021 margin 5.35->4.74 t=3.4s
[DONE] fit__2963__denoise__confidence_boost__nes__l0.5 calls=1021 margin 5.35->12.94 t=3.2s
[DONE] fit__2963__deblur__attack__nes__l1 calls=1021 margin 7.93->-7.01 t=3.2s
[DONE] fit__2963__deblur__restore__nes__l1 calls=1021 margin 7.93->7.78 t=3.4s
[DONE] fit__2963__deblur__confidence_boost__nes__l1 calls=1021 margin 7.93->15.04 t=3.2s
[DONE] fit__1544__denoise__attack__nes__l0.5 calls=1021 margin 2.56->-12.19 t=3.3s
[DONE] fit__1544__denoise__restore__nes__l0.5 calls=1021 margin 2.56->3.30 t=3.2s
[DONE] fit__1544__denoise__confidence_boost__nes__l0.5 calls=1021 margin 2.56->12.90 t=3.3s
[DONE] fit__1544__deblur__attack__nes__l1 calls=1021 margin 7.38->-10.81 t=3.9s
[DONE] fit__1544__deblur__restore__nes__l1 calls=1021 margin 7.38->7.38 t=3.2s
[DONE] fit__1544__deblur__confidence_boost__nes__l1 calls=1021 margin 7.38->16.13 t=3.0s
[DONE] fit__7325__denoise__attack__nes__l0.5 calls=1021 margin 6.45->-8.42 t=3.0s
[DONE] fit__7325__denoise__restore__nes__l0.5 calls=1021 margin 6.45->6.18 t=2.9s
[DONE] fit__7325__denoise__confidence_boost__nes__l0.5 calls=1021 margin 6.45->14.89 t=3.5s
[DONE] fit__7325__deblur__attack__nes__l1 calls=1021 margin 9.01->-9.26 t=3.2s
[DONE] fit__7325__deblur__restore__nes__l1 calls=1021 margin 9.01->9.01 t=3.2s
[DONE] fit__7325__deblur__confidence_boost__nes__l1 calls=1021 margin 9.01->16.07 t=3.6s
[DONE] fit__6690__denoise__attack__nes__l0.5 calls=1021 margin 0.59->-15.54 t=3.2s
[DONE] fit__6690__denoise__restore__nes__l0.5 calls=1021 margin 0.59->1.25 t=3.2s
[DONE] fit__6690__denoise__confidence_boost__nes__l0.5 calls=1021 margin 0.59->12.70 t=3.3s
[DONE] fit__6690__deblur__attack__nes__l1 calls=1021 margin 9.49->-8.08 t=3.6s
[DONE] fit__6690__deblur__restore__nes__l1 calls=1021 margin 9.49->10.45 t=3.3s
[DONE] fit__6690__deblur__confidence_boost__nes__l1 calls=1021 margin 9.49->15.42 t=3.4s
[DONE] fit__4702__denoise__attack__nes__l0.5 calls=1021 margin 9.28->-4.15 t=3.2s
[DONE] fit__4702__denoise__restore__nes__l0.5 calls=1021 margin 9.28->9.56 t=3.1s
[DONE] fit__4702__denoise__confidence_boost__nes__l0.5 calls=1021 margin 9.28->14.34 t=2.9s
[DONE] fit__4702__deblur__attack__nes__l1 calls=1021 margin 14.72->4.50 t=3.3s
[DONE] fit__4702__deblur__restore__nes__l1 calls=1021 margin 14.72->14.94 t=3.6s
[DONE] fit__4702__deblur__confidence_boost__nes__l1 calls=1021 margin 14.72->15.92 t=3.8s
[DONE] fit__3116__denoise__attack__nes__l0.5 calls=1021 margin 3.05->-11.94 t=3.4s
[DONE] fit__3116__denoise__restore__nes__l0.5 calls=1021 margin 3.05->2.22 t=3.3s
[DONE] fit__3116__denoise__confidence_boost__nes__l0.5 calls=1021 margin 3.05->12.43 t=3.1s
[DONE] fit__3116__deblur__attack__nes__l1 calls=1021 margin 5.37->-15.21 t=3.0s
[DONE] fit__3116__deblur__restore__nes__l1 calls=1021 margin 5.37->5.41 t=3.3s
[DONE] fit__3116__deblur__confidence_boost__nes__l1 calls=1021 margin 5.37->14.12 t=3.6s
[DONE] fit__1358__denoise__attack__nes__l0.5 calls=1021 margin 5.70->-11.52 t=3.4s
[DONE] fit__1358__denoise__restore__nes__l0.5 calls=1021 margin 5.70->4.81 t=3.3s
[DONE] fit__1358__denoise__confidence_boost__nes__l0.5 calls=1021 margin 5.70->14.09 t=3.4s
[DONE] fit__1358__deblur__attack__nes__l1 calls=1021 margin 10.56->-1.11 t=3.5s
[DONE] fit__1358__deblur__restore__nes__l1 calls=1021 margin 10.56->10.56 t=3.3s
[DONE] fit__1358__deblur__confidence_boost__nes__l1 calls=1021 margin 10.56->17.14 t=3.6s
[DONE] fit__9101__denoise__attack__nes__l0.5 calls=1021 margin 0.96->-9.39 t=3.5s
[DONE] fit__9101__denoise__restore__nes__l0.5 calls=1021 margin 0.96->0.46 t=4.0s
[DONE] fit__9101__denoise__confidence_boost__nes__l0.5 calls=1021 margin 0.96->9.83 t=3.6s
[DONE] fit__9101__deblur__attack__nes__l1 calls=1021 margin 11.72->-11.25 t=3.6s
[DONE] fit__9101__deblur__restore__nes__l1 calls=1021 margin 11.72->11.72 t=3.7s
[DONE] fit__9101__deblur__confidence_boost__nes__l1 calls=1021 margin 11.72->15.09 t=4.1s
[DONE] fit__7297__denoise__attack__nes__l0.5 calls=1021 margin 4.29->-13.13 t=3.6s
[DONE] fit__7297__denoise__restore__nes__l0.5 calls=1021 margin 4.29->3.10 t=3.8s
[DONE] fit__7297__denoise__confidence_boost__nes__l0.5 calls=1021 margin 4.29->11.94 t=3.6s
[DONE] fit__7297__deblur__attack__nes__l1 calls=1021 margin 7.21->-13.85 t=3.0s
[DONE] fit__7297__deblur__restore__nes__l1 calls=1021 margin 7.21->8.38 t=3.2s
[DONE] fit__7297__deblur__confidence_boost__nes__l1 calls=1021 margin 7.21->13.38 t=3.3s
