[DONE] evaluation__5857__denoise__attack__nes__l0.5 calls=1021 margin 1.55->-9.51 t=3.8s
[DONE] evaluation__5857__denoise__restore__nes__l0.5 calls=1021 margin 1.55->1.68 t=3.5s
[DONE] evaluation__5857__denoise__confidence_boost__nes__l0.5 calls=1021 margin 1.55->11.37 t=3.2s
[DONE] evaluation__5857__deblur__attack__nes__l1 calls=1021 margin 6.47->-12.70 t=3.5s
[DONE] evaluation__5857__deblur__restore__nes__l1 calls=1021 margin 6.47->6.83 t=3.4s
[DONE] evaluation__5857__deblur__confidence_boost__nes__l1 calls=1021 margin 6.47->13.20 t=3.8s
[DONE] evaluation__8894__denoise__attack__nes__l0.5 calls=1021 margin 1.28->-8.17 t=3.4s
[DONE] evaluation__8894__denoise__restore__nes__l0.5 calls=1021 margin 1.28->0.54 t=3.6s
[DONE] evaluation__8894__denoise__confidence_boost__nes__l0.5 calls=1021 margin 1.28->11.03 t=3.6s
[DONE] evaluation__8894__deblur__attack__nes__l1 calls=1021 margin 8.42->-8.10 t=3.6s
[DONE] evaluation__8894__deblur__restore__nes__l1 calls=1021 margin 8.42->6.42 t=3.6s
[DONE] evaluation__8894__deblur__confidence_boost__nes__l1 calls=1021 margin 8.42->13.40 t=3.5s
[DONE] evaluation__604__denoise__attack__nes__l0.5 calls=1021 margin 6.83->-5.90 t=3.3s
[DONE] evaluation__604__denoise__restore__nes__l0.5 calls=1021 margin 6.83->5.73 t=3.4s
[DONE] evaluation__604__denoise__confidence_boost__nes__l0.5 calls=1021 margin 6.83->13.72 t=3.6s
[DONE] evaluation__604__deblur__attack__nes__l1 calls=1021 margin 11.28->-4.18 t=3.5s
[DONE] evaluation__604__deblur__restore__nes__l1 calls=1021 margin 11.28->11.79 t=3.3s
[DONE] evaluation__604__deblur__confidence_boost__nes__l1 calls=1021 margin 11.28->15.29 t=3.4s
[DONE] evaluation__6789__denoise__attack__nes__l0.5 calls=1021 margin 1.36->-7.70 t=3.3s
[DONE] evaluation__6789__denoise__restore__nes__l0.5 calls=1021 margin 1.36->1.55 t=3.6s
[DONE] evaluation__6789__denoise__confidence_boost__nes__l0.5 calls=1021 margin 1.36->9.50 t=3.5s
[DONE] evaluation__6789__deblur__attack__nes__l1 calls=1021 margin 9.18->-8.82 t=3.4s
[DONE] evaluation__6789__deblur__restore__nes__l1 calls=1021 margin 9.18->6.24 t=3.7s
[DONE] evaluation__6789__deblur__confidence_boost__nes__l1 calls=1021 margin 9.18->11.78 t=3.5s
[DONE] evaluation__9455__denoise__attack__nes__l0.5 calls=1021 margin 0.92->-10.97 t=3.5s
[DONE] evaluation__9455__denoise__restore__nes__l0.5 calls=1021 margin 0.92->1.31 t=3.8s
[DONE] evaluation__9455__denoise__confidence_boost__nes__l0.5 calls=1021 margin 0.92->9.34 t=3.8s
[DONE] evaluation__9455__deblur__attack__nes__l1 calls=1021 margin 9.25->-11.05 t=3.5s
[DONE] evaluation__9455__deblur__restore__nes__l1 calls=1021 margin 9.25->8.32 t=3.6s
[DONE] evaluation__9455__deblur__confidence_boost__nes__l1 calls=1021 margin 9.25->13.98 t=3.7s
[DONE] evaluation__3573__denoise__attack__nes__l0.5 calls=1021 margin 8.55->-5.21 t=3.5s
[DONE] evaluation__3573__denoise__restore__nes__l0.5 calls=1021 margin 8.55->8.02 t=3.6s
[DONE] evaluation__3573__denoise__confidence_boost__nes__l0.5 calls=1021 margin 8.55->14.12 t=3.5s
[DONE] evaluation__3573__deblur__attack__nes__l1 calls=1021 margin 9.61->-12.39 t=3.5s
[DONE] evaluation__3573__deblur__restore__nes__l1 calls=1021 margin 9.61->9.61 t=3.5s
[DONE] evaluation__3573__deblur__confidence_boost__nes__l1 calls=1021 margin 9.61->15.34 t=3.3s
[DONE] evaluation__7855__denoise__attack__nes__l0.5 calls=1021 margin 1.41->-9.84 t=3.3s
[DONE] evaluation__7855__denoise__restore__nes__l0.5 calls=1021 margin 1.41->0.37 t=3.6s
[DONE] evaluation__7855__denoise__confidence_boost__nes__l0.5 calls=1021 margin 1.41->12.99 t=3.6s
[DONE] evaluation__7855__deblur__attack__nes__l1 calls=1021 margin 2.63->-15.99 t=3.3s
[DONE] evaluation__7855__deblur__restore__nes__l1 calls=1021 margin 2.63->1.55 t=3.5s
[DONE] evaluation__7855__deblur__confidence_boost__nes__l1 calls=1021 margin 2.63->14.66 t=3.5s
[DONE] evaluation__2991__denoise__attack__nes__l0.5 calls=1021 margin 2.68->-10.71 t=3.6s
[DONE] evaluation__2991__denoise__restore__nes__l0.5 calls=1021 margin 2.68->4.07 t=3.8s
[DONE] evaluation__2991__denoise__confidence_boost__nes__l0.5 calls=1021 margin 2.68->11.25 t=3.6s
[DONE] evaluation__2991__deblur__attack__nes__l1 calls=1021 margin 7.17->-12.26 t=3.6s
[DONE] evaluation__2991__deblur__restore__nes__l1 calls=1021 margin 7.17->7.17 t=3.0s
[DONE] evaluation__2991__deblur__confidence_boost__nes__l1 calls=1021 margin 7.17->13.88 t=3.1s
[DONE] evaluation__6079__denoise__attack__nes__l0.5 calls=1021 margin 3.97->-9.41 t=3.1s
[DONE] evaluation__6079__denoise__restore__nes__l0.5 calls=1021 margin 3.97->4.59 t=3.7s
[DONE] evaluation__6079__denoise__confidence_boost__nes__l0.5 calls=1021 margin 3.97->12.36 t=3.5s
[DONE] evaluation__6079__deblur__attack__nes__l1 calls=1021 margin 5.83->-5.82 t=3.8s
[DONE] evaluation__6079__deblur__restore__nes__l1 calls=1021 margin 5.83->5.81 t=3.6s
[DONE] evaluation__6079__deblur__confidence_boost__nes__l1 calls=1021 margin 5.83->12.96 t=3.5s
[DONE] evaluation__9839__denoise__attack__nes__l0.5 calls=1021 margin 0.97->-11.24 t=3.7s
[DONE] evaluation__9839__denoise__restore__nes__l0.5 calls=1021 margin 0.97->0.08 t=3.3s
[DONE] evaluation__9839__denoise__confidence_boost__nes__l0.5 calls=1021 margin 0.97->9.02 t=3.6s
[DONE] evaluation__9839__deblur__attack__nes__l1 calls=1021 margin 1.49->-8.70 t=3.5s
[DONE] evaluation__9839__deblur__restore__nes__l1 calls=1021 margin 1.49->2.32 t=3.6s
[DONE] evaluation__9839__deblur__confidence_boost__nes__l1 calls=1021 margin 1.49->13.76 t=3.5s
[DONE] evaluation__3822__denoise__attack__nes__l0.5 calls=1021 margin 5.28->-8.73 t=3.3s
[DONE] evaluation__3822__denoise__restore__nes__l0.5 calls=1021 margin 5.28->3.92 t=3.3s
[DONE] evaluation__3822__denoise__confidence_boost__nes__l0.5 calls=1021 margin 5.28->14.03 t=3.3s
[DONE] evaluation__3822__deblur__attack__nes__l1 calls=1021 margin 7.28->-11.14 t=3.6s
[DONE] evaluation__3822__deblur__restore__nes__l1 calls=1021 margin 7.28->8.96 t=3.7s
[DONE] evaluation__3822__deblur__confidence_boost__nes__l1 calls=1021 margin 7.28->15.97 t=3.5s
[DONE] evaluation__8354__denoise__attack__nes__l0.5 calls=1021 margin 1.72->-12.30 t=3.7s
[DONE] evaluation__8354__denoise__restore__nes__l0.5 calls=1021 margin 1.72->0.51 t=3.3s
[DONE] evaluation__8354__denoise__confidence_boost__nes__l0.5 calls=1021 margin 1.72->11.76 t=3.5s
[DONE] evaluation__8354__deblur__attack__nes__l1 calls=1021 margin 4.42->-13.46 t=3.5s
[DONE] evaluation__8354__deblur__restore__nes__l1 calls=1021 margin 4.42->4.81 t=3.7s
[DONE] evaluation__8354__deblur__confidence_boost__nes__l1 calls=1021 margin 4.42->13.42 t=3.7s
[DONE] evaluation__2281__denoise__attack__nes__l0.5 calls=1021 margin 5.43->-9.43 t=3.6s
[DONE] evaluation__2281__denoise__restore__nes__l0.5 calls=1021 margin 5.43->5.72 t=3.2s
[DONE] evaluation__2281__denoise__confidence_boost__nes__l0.5 calls=1021 margin 5.43->13.88 t=3.0s
[DONE] evaluation__2281__deblur__attack__nes__l1 calls=1021 margin 9.89->-7.25 t=3.6s
[DONE] evaluation__2281__deblur__restore__nes__l1 calls=1021 margin 9.89->9.92 t=3.3s
[DONE] evaluation__2281__deblur__confidence_boost__nes__l1 calls=1021 margin 9.89->15.03 t=3.3s
[DONE] evaluation__6092__denoise__attack__nes__l0.5 calls=1021 margin 2.73->-9.76 t=3.4s
[DONE] evaluation__6092__denoise__restore__nes__l0.5 calls=1021 margin 2.73->2.93 t=3.3s
[DONE] evaluation__6092__denoise__confidence_boost__nes__l0.5 calls=1021 margin 2.73->11.11 t=3.2s
[DONE] evaluation__6092__deblur__attack__nes__l1 calls=1021 margin 8.47->-9.53 t=3.3s
[DONE] evaluation__6092__deblur__restore__nes__l1 calls=1021 margin 8.47->8.96 t=3.4s
[DONE] evaluation__6092__deblur__confidence_boost__nes__l1 calls=1021 margin 8.47->14.53 t=3.5s
[DONE] evaluation__9759__denoise__attack__nes__l0.5 calls=1021 margin 3.09->-12.20 t=3.5s
[DONE] evaluation__9759__denoise__restore__nes__l0.5 calls=1021 margin 3.09->2.27 t=3.7s
[DONE] evaluation__9759__denoise__confidence_boost__nes__l0.5 calls=1021 margin 3.09->13.05 t=3.5s
[DONE] evaluation__9759__deblur__attack__nes__l1 calls=1021 margin 4.91->-12.34 t=3.5s
[DONE] evaluation__9759__deblur__restore__nes__l1 calls=1021 margin 4.91->4.91 t=3.6s
[DONE] evaluation__9759__deblur__confidence_boost__nes__l1 calls=1021 margin 4.91->15.97 t=3.9s
[DONE] evaluation__4291__denoise__attack__nes__l0.5 calls=1021 margin 3.33->-8.20 t=3.2s
[DONE] evaluation__4291__denoise__restore__nes__l0.5 calls=1021 margin 3.33->2.89 t=3.3s
[DONE] evaluation__4291__denoise__confidence_boost__nes__l0.5 calls=1021 margin 3.33->10.85 t=3.4s
[DONE] evaluation__4291__deblur__attack__nes__l1 calls=1021 margin 2.22->-13.74 t=3.2s
[DONE] evaluation__4291__deblur__restore__nes__l1 calls=1021 margin 2.22->2.75 t=3.3s
[DONE] evaluation__4291__deblur__confidence_boost__nes__l1 calls=1021 margin 2.22->11.90 t=3.4s
[DONE] evaluation__7777__denoise__attack__nes__l0.5 calls=1021 margin 13.14->-4.29 t=3.3s
[DONE] evaluation__7777__denoise__restore__nes__l0.5 calls=1021 margin 13.14->12.46 t=3.2s
[DONE] evaluation__7777__denoise__confidence_boost__nes__l0.5 calls=1021 margin 13.14->15.62 t=3.5s
[DONE] evaluation__7777__deblur__attack__nes__l1 calls=1021 margin 2.94->-12.57 t=3.3s
[DONE] evaluation__7777__deblur__restore__nes__l1 calls=1021 margin 2.94->4.32 t=3.5s
[DONE] evaluation__7777__deblur__confidence_boost__nes__l1 calls=1021 margin 2.94->15.34 t=3.4s
[DONE] evaluation__3317__denoise__attack__nes__l0.5 calls=1021 margin 7.78->-6.80 t=4.0s
[DONE] evaluation__3317__denoise__restore__nes__l0.5 calls=1021 margin 7.78->7.44 t=3.8s
[DONE] evaluation__3317__denoise__confidence_boost__nes__l0.5 calls=1021 margin 7.78->14.55 t=3.7s
[DONE] evaluation__3317__deblur__attack__nes__l1 calls=1021 margin 9.78->-8.10 t=3.7s
[DONE] evaluation__3317__deblur__restore__nes__l1 calls=1021 margin 9.78->9.18 t=3.8s
[DONE] evaluation__3317__deblur__confidence_boost__nes__l1 calls=1021 margin 9.78->15.15 t=3.7s
[DONE] evaluation__5606__denoise__attack__nes__l0.5 calls=1021 margin 7.08->-5.43 t=3.8s
[DONE] evaluation__5606__denoise__restore__nes__l0.5 calls=1021 margin 7.08->6.36 t=3.6s
[DONE] evaluation__5606__denoise__confidence_boost__nes__l0.5 calls=1021 margin 7.08->14.59 t=3.7s
[DONE] evaluation__5606__deblur__attack__nes__l1 calls=1021 margin 12.35->-2.12 t=3.7s
[DONE] evaluation__5606__deblur__restore__nes__l1 calls=1021 margin 12.35->13.93 t=3.7s
[DONE] evaluation__5606__deblur__confidence_boost__nes__l1 calls=1021 margin 12.35->16.43 t=3.9s
[DONE] evaluation__8560__denoise__attack__nes__l0.5 calls=1021 margin 4.47->-6.46 t=3.7s
[DONE] evaluation__8560__denoise__restore__nes__l0.5 calls=1021 margin 4.47->3.34 t=3.9s
[DONE] evaluation__8560__denoise__confidence_boost__nes__l0.5 calls=1021 margin 4.47->13.22 t=4.2s
[DONE] evaluation__8560__deblur__attack__nes__l1 calls=1021 margin 4.32->-12.35 t=4.0s
[DONE] evaluation__8560__deblur__restore__nes__l1 calls=1021 margin 4.32->5.19 t=3.6s
[DONE] evaluation__8560__deblur__confidence_boost__nes__l1 calls=1021 margin 4.32->14.32 t=4.0s
[DONE] evaluation__3138__denoise__attack__nes__l0.5 calls=1021 margin 0.22->-9.53 t=3.7s
[DONE] evaluation__3138__denoise__restore__nes__l0.5 calls=1021 margin 0.22->0.74 t=3.7s
[DONE] evaluation__3138__denoise__confidence_boost__nes__l0.5 calls=1021 margin 0.22->8.61 t=3.8s
[DONE] evaluation__3138__deblur__attack__nes__l1 calls=1021 margin 7.00->-8.53 t=3.4s
[DONE] evaluation__3138__deblur__restore__nes__l1 calls=1021 margin 7.00->7.65 t=3.3s
[DONE] evaluation__3138__deblur__confidence_boost__nes__l1 calls=1021 margin 7.00->14.20 t=3.7s
[DONE] evaluation__6395__denoise__attack__nes__l0.5 calls=1021 margin 2.43->-9.83 t=3.4s
[DONE] evaluation__6395__denoise__restore__nes__l0.5 calls=1021 margin 2.43->2.99 t=3.8s
[DONE] evaluation__6395__denoise__confidence_boost__nes__l0.5 calls=1021 margin 2.43->11.41 t=3.5s
[DONE] evaluation__6395__deblur__attack__nes__l1 calls=1021 margin 8.11->-10.21 t=3.1s
[DONE] evaluation__6395__deblur__restore__nes__l1 calls=1021 margin 8.11->8.47 t=3.2s
[DONE] evaluation__6395__deblur__confidence_boost__nes__l1 calls=1021 margin 8.11->16.38 t=3.7s
[DONE] evaluation__2148__denoise__attack__nes__l0.5 calls=1021 margin 5.24->-5.17 t=3.8s
[DONE] evaluation__2148__denoise__restore__nes__l0.5 calls=1021 margin 5.24->5.86 t=3.1s
[DONE] evaluation__2148__denoise__confidence_boost__nes__l0.5 calls=1021 margin 5.24->10.40 t=3.3s
[DONE] evaluation__2148__deblur__attack__nes__l1 calls=1021 margin 7.67->-6.18 t=3.4s
[DONE] evaluation__2148__deblur__restore__nes__l1 calls=1021 margin 7.67->7.33 t=3.3s
[DONE] evaluation__2148__deblur__confidence_boost__nes__l1 calls=1021 margin 7.67->13.08 t=3.2s
[DONE] evaluation__6749__denoise__attack__nes__l0.5 calls=1021 margin 9.63->-6.23 t=3.4s
[DONE] evaluation__6749__denoise__restore__nes__l0.5 calls=1021 margin 9.63->8.46 t=3.4s
[DONE] evaluation__6749__denoise__confidence_boost__nes__l0.5 calls=1021 margin 9.63->12.79 t=3.2s
[DONE] evaluation__6749__deblur__attack__nes__l1 calls=1021 margin 11.82->-3.72 t=3.2s
[DONE] evaluation__6749__deblur__restore__nes__l1 calls=1021 margin 11.82->12.38 t=3.0s
[DONE] evaluation__6749__deblur__confidence_boost__nes__l1 calls=1021 margin 11.82->14.25 t=3.1s
[DONE] evaluation__9362__denoise__attack__nes__l0.5 calls=1021 margin 3.72->-12.10 t=3.0s
[DONE] evaluation__9362__denoise__restore__nes__l0.5 calls=1021 margin 3.72->1.81 t=3.2s
[DONE] evaluation__9362__denoise__confidence_boost__nes__l0.5 calls=1021 margin 3.72->11.22 t=3.1s
[DONE] evaluation__9362__deblur__attack__nes__l1 calls=1021 margin 0.76->-13.75 t=3.3s
[DONE] evaluation__9362__deblur__restore__nes__l1 calls=1021 margin 0.76->2.82 t=3.5s
[DONE] evaluation__9362__deblur__confidence_boost__nes__l1 calls=1021 margin 0.76->12.48 t=3.6s
[DONE] fit__7533__denoise__attack__nes__l0.5 calls=1021 margin 3.67->-9.58 t=3.3s
[DONE] fit__7533__denoise__restore__nes__l0.5 calls=1021 margin 3.67->2.68 t=3.2s
[DONE] fit__7533__denoise__confidence_boost__nes__l0.5 calls=1021 margin 3.67->13.67 t=3.4s
[DONE] fit__7533__deblur__attack__nes__l1 calls=1021 margin 8.39->-11.33 t=3.3s
[DONE] fit__7533__deblur__restore__nes__l1 calls=1021 margin 8.39->8.39 t=3.0s
[DONE] fit__7533__deblur__confidence_boost__nes__l1 calls=1021 margin 8.39->15.60 t=3.2s
[DONE] fit__6117__denoise__attack__nes__l0.5 calls=1021 margin 3.25->-8.96 t=3.2s
[DONE] fit__6117__denoise__restore__nes__l0.5 calls=1021 margin 3.25->1.75 t=3.5s
[DONE] fit__6117__denoise__confidence_boost__nes__l0.5 calls=1021 margin 3.25->10.96 t=3.3s
[DONE] fit__6117__deblur__attack__nes__l1 calls=1021 margin 7.15->-11.87 t=3.5s
[DONE] fit__6117__deblur__restore__nes__l1 calls=1021 margin 7.15->5.52 t=3.1s
[DONE] fit__6117__deblur__confidence_boost__nes__l1 calls=1021 margin 7.15->13.33 t=3.3s
[DONE] fit__3480__denoise__attack__nes__l0.5 calls=1021 margin 8.33->-7.69 t=3.2s
[DONE] fit__3480__denoise__restore__nes__l0.5 calls=1021 margin 8.33->8.71 t=3.1s
[DONE] fit__3480__denoise__confidence_boost__nes__l0.5 calls=1021 margin 8.33->14.72 t=3.5s
[DONE] fit__3480__deblur__attack__nes__l1 calls=1021 margin 8.20->-11.52 t=3.6s
[DONE] fit__3480__deblur__restore__nes__l1 calls=1021 margin 8.20->8.20 t=3.3s
[DONE] fit__3480__deblur__confidence_boost__nes__l1 calls=1021 margin 8.20->15.49 t=3.5s
[DONE] fit__2684__denoise__attack__nes__l0.5 calls=1021 margin 0.95->-6.05 t=3.4s
[DONE] fit__2684__denoise__restore__nes__l0.5 calls=1021 margin 0.95->0.65 t=3.5s
[DONE] fit__2684__denoise__confidence_boost__nes__l0.5 calls=1021 margin 0.95->7.16 t=3.3s
[DONE] fit__2684__deblur__attack__nes__l1 calls=1021 margin 1.06->-9.66 t=3.2s
[DONE] fit__2684__deblur__restore__nes__l1 calls=1021 margin 1.06->1.02 t=3.2s
[DONE] fit__2684__deblur__confidence_boost__nes__l1 calls=1021 margin 1.06->9.60 t=3.4s
[DONE] fit__9226__denoise__attack__nes__l0.5 calls=1021 margin 3.63->-8.55 t=3.8s
[DONE] fit__9226__denoise__restore__nes__l0.5 calls=1021 margin 3.63->3.15 t=3.5s
[DONE] fit__9226__denoise__confidence_boost__nes__l0.5 calls=1021 margin 3.63->10.18 t=3.4s
[DONE] fit__9226__deblur__attack__nes__l1 calls=1021 margin 2.63->-10.64 t=3.5s
[DONE] fit__9226__deblur__restore__nes__l1 calls=1021 margin 2.63->4.68 t=3.7s
[DONE] fit__9226__deblur__confidence_boost__nes__l1 calls=1021 margin 2.63->14.48 t=3.9s
[DONE] fit__5329__denoise__attack__nes__l0.5 calls=1021 margin 5.61->-8.58 t=3.9s
[DONE] fit__5329__denoise__restore__nes__l0.5 calls=1021 margin 5.61->5.93 t=3.9s
[DONE] fit__5329__denoise__confidence_boost__nes__l0.5 calls=1021 margin 5.61->14.43 t=3.6s
[DONE] fit__5329__deblur__attack__nes__l1 calls=1021 margin 11.43->-4.14 t=3.5s
[DONE] fit__5329__deblur__restore__nes__l1 calls=1021 margin 11.43->11.37 t=3.5s
[DONE] fit__5329__deblur__confidence_boost__nes__l1 calls=1021 margin 11.43->15.30 t=3.6s
[DONE] fit__4641__denoise__attack__nes__l0.5 calls=1021 margin 2.59->-10.61 t=3.4s
[DONE] fit__4641__denoise__restore__nes__l0.5 calls=1021 margin 2.59->2.66 t=3.6s
[DONE] fit__4641__denoise__confidence_boost__nes__l0.5 calls=1021 margin 2.59->9.65 t=3.4s
[DONE] fit__4641__deblur__attack__nes__l1 calls=1021 margin 8.97->-8.24 t=3.2s
[DONE] fit__4641__deblur__restore__nes__l1 calls=1021 margin 8.97->8.86 t=3.8s
[DONE] fit__4641__deblur__confidence_boost__nes__l1 calls=1021 margin 8.97->13.60 t=3.6s
[DONE] fit__4150__denoise__attack__nes__l0.5 calls=1021 margin 10.09->-7.11 t=3.6s
[DONE] fit__4150__denoise__restore__nes__l0.5 calls=1021 margin 10.09->9.93 t=3.3s
[DONE] fit__4150__denoise__confidence_boost__nes__l0.5 calls=1021 margin 10.09->15.32 t=3.2s
[DONE] fit__4150__deblur__attack__nes__l1 calls=1021 margin 4.57->-8.05 t=3.4s
[DONE] fit__4150__deblur__restore__nes__l1 calls=1021 margin 4.57->4.57 t=3.6s
[DONE] fit__4150__deblur__confidence_boost__nes__l1 calls=1021 margin 4.57->16.05 t=3.2s
[DONE] fit__955__denoise__attack__nes__l0.5 calls=1021 margin 1.16->-12.82 t=3.1s
[DONE] fit__955__denoise__restore__nes__l0.5 calls=1021 margin 1.16->0.69 t=3.1s
[DONE] fit__955__denoise__confidence_boost__nes__l0.5 calls=1021 margin 1.16->11.69 t=2.7s
[DONE] fit__955__deblur__attack__nes__l1 calls=1021 margin 9.59->-11.82 t=2.8s
[DONE] fit__955__deblur__restore__nes__l1 calls=1021 margin 9.59->9.69 t=2.7s
[DONE] fit__955__deblur__confidence_boost__nes__l1 calls=1021 margin 9.59->14.35 t=2.7s
[DONE] fit__9372__denoise__attack__nes__l0.5 calls=1021 margin 4.51->-8.17 t=2.9s
[DONE] fit__9372__denoise__restore__nes__l0.5 calls=1021 margin 4.51->4.36 t=2.9s
[DONE] fit__9372__denoise__confidence_boost__nes__l0.5 calls=1021 margin 4.51->14.00 t=2.8s
[DONE] fit__9372__deblur__attack__nes__l1 calls=1021 margin 6.26->-6.98 t=2.8s
[DONE] fit__9372__deblur__restore__nes__l1 calls=1021 margin 6.26->6.26 t=2.8s
[DONE] fit__9372__deblur__confidence_boost__nes__l1 calls=1021 margin 6.26->14.28 t=2.8s
[DONE] fit__6684__denoise__attack__nes__l0.5 calls=1021 margin 3.33->-6.81 t=2.8s
[DONE] fit__6684__denoise__restore__nes__l0.5 calls=1021 margin 3.33->4.22 t=2.7s
[DONE] fit__6684__denoise__confidence_boost__nes__l0.5 calls=1021 margin 3.33->11.66 t=2.7s
[DONE] fit__6684__deblur__attack__nes__l1 calls=1021 margin 12.00->-8.54 t=2.8s
[DONE] fit__6684__deblur__restore__nes__l1 calls=1021 margin 12.00->11.85 t=2.7s
[DONE] fit__6684__deblur__confidence_boost__nes__l1 calls=1021 margin 12.00->15.16 t=2.7s
[DONE] fit__5137__denoise__attack__nes__l0.5 calls=1021 margin 7.18->-3.36 t=2.8s
[DONE] fit__5137__denoise__restore__nes__l0.5 calls=1021 margin 7.18->7.88 t=2.7s
[DONE] fit__5137__denoise__confidence_boost__nes__l0.5 calls=1021 margin 7.18->11.75 t=2.7s
[DONE] fit__5137__deblur__attack__nes__l1 calls=1021 margin 13.01->-6.00 t=2.6s
[DONE] fit__5137__deblur__restore__nes__l1 calls=1021 margin 13.01->12.52 t=2.4s
[DONE] fit__5137__deblur__confidence_boost__nes__l1 calls=1021 margin 13.01->14.45 t=2.2s
