[DONE] evaluation__539__denoise__attack__nes__l0.5 calls=1021 margin 3.43->-7.95 t=2.6s
[DONE] evaluation__539__denoise__restore__nes__l0.5 calls=1021 margin 3.43->4.61 t=2.5s
[DONE] evaluation__539__denoise__confidence_boost__nes__l0.5 calls=1021 margin 3.43->11.86 t=2.4s
[DONE] evaluation__539__deblur__attack__nes__l1 calls=1021 margin 11.17->-6.06 t=2.4s
[DONE] evaluation__539__deblur__restore__nes__l1 calls=1021 margin 11.17->10.66 t=2.6s
[DONE] evaluation__539__deblur__confidence_boost__nes__l1 calls=1021 margin 11.17->15.70 t=2.7s
[DONE] evaluation__6003__denoise__attack__nes__l0.5 calls=1021 margin 5.78->-4.87 t=2.6s
[DONE] evaluation__6003__denoise__restore__nes__l0.5 calls=1021 margin 5.78->6.32 t=2.5s
[DONE] evaluation__6003__denoise__confidence_boost__nes__l0.5 calls=1021 margin 5.78->11.64 t=2.5s
[DONE] evaluation__6003__deblur__attack__nes__l1 calls=1021 margin 10.21->-0.45 t=2.5s
[DONE] evaluation__6003__deblur__restore__nes__l1 calls=1021 margin 10.21->11.15 t=2.5s
[DONE] evaluation__6003__deblur__confidence_boost__nes__l1 calls=1021 margin 10.21->14.39 t=2.8s
[DONE] evaluation__9045__denoise__attack__nes__l0.5 calls=1021 margin 8.08->0.20 t=2.6s
[DONE] evaluation__9045__denoise__restore__nes__l0.5 calls=1021 margin 8.08->8.65 t=2.7s
[DONE] evaluation__9045__denoise__confidence_boost__nes__l0.5 calls=1021 margin 8.08->13.91 t=2.7s
[DONE] evaluation__9045__deblur__attack__nes__l1 calls=1021 margin 11.83->0.81 t=2.8s
[DONE] evaluation__9045__deblur__restore__nes__l1 calls=1021 margin 11.83->11.40 t=2.9s
[DONE] evaluation__9045__deblur__confidence_boost__nes__l1 calls=1021 margin 11.83->14.89 t=2.8s
[DONE] evaluation__1751__denoise__attack__nes__l0.5 calls=1021 margin 8.23->-4.02 t=3.0s
[DONE] evaluation__1751__denoise__restore__nes__l0.5 calls=1021 margin 8.23->7.95 t=2.9s
[DONE] evaluation__1751__denoise__confidence_boost__nes__l0.5 calls=1021 margin 8.23->12.98 t=3.0s
[DONE] evaluation__1751__deblur__attack__nes__l1 calls=1021 margin 9.11->-4.03 t=3.1s
[DONE] evaluation__1751__deblur__restore__nes__l1 calls=1021 margin 9.11->8.27 t=3.1s
[DONE] evaluation__1751__deblur__confidence_boost__nes__l1 calls=1021 margin 9.11->14.46 t=3.0s
[DONE] evaluation__6984__denoise__attack__nes__l0.5 calls=1021 margin 8.02->-4.28 t=3.0s
[DONE] evaluation__6984__denoise__restore__nes__l0.5 calls=1021 margin 8.02->8.32 t=3.2s
[DONE] evaluation__6984__denoise__confidence_boost__nes__l0.5 calls=1021 margin 8.02->13.60 t=3.1s
[DONE] evaluation__6984__deblur__attack__nes__l1 calls=1021 margin 8.69->-2.96 t=2.8s
[DONE] evaluation__6984__deblur__restore__nes__l1 calls=1021 margin 8.69->8.76 t=2.8s
[DONE] evaluation__6984__deblur__confidence_boost__nes__l1 calls=1021 margin 8.69->13.72 t=2.8s
[DONE] evaluation__988__denoise__attack__nes__l0.5 calls=1021 margin 6.67->-5.97 t=3.1s
[DONE] evaluation__988__denoise__restore__nes__l0.5 calls=1021 margin 6.67->6.64 t=3.1s
[DONE] evaluation__988__denoise__confidence_boost__nes__l0.5 calls=1021 margin 6.67->12.48 t=3.1s
[DONE] evaluation__988__deblur__attack__nes__l1 calls=1021 margin 3.81->-10.61 t=3.1s
[DONE] evaluation__988__deblur__restore__nes__l1 calls=1021 margin 3.81->5.32 t=3.2s
[DONE] evaluation__988__deblur__confidence_boost__nes__l1 calls=1021 margin 3.81->14.09 t=3.0s
[DONE] evaluation__3713__denoise__attack__nes__l0.5 calls=1021 margin 7.46->-5.02 t=3.3s
[DONE] evaluation__3713__denoise__restore__nes__l0.5 calls=1021 margin 7.46->7.00 t=3.2s
[DONE] evaluation__3713__denoise__confidence_boost__nes__l0.5 calls=1021 margin 7.46->14.70 t=3.6s
[DONE] evaluation__3713__deblur__attack__nes__l1 calls=1021 margin 6.61->-6.93 t=3.6s
[DONE] evaluation__3713__deblur__restore__nes__l1 calls=1021 margin 6.61->6.72 t=3.6s
[DONE] evaluation__3713__deblur__confidence_boost__nes__l1 calls=1021 margin 6.61->14.22 t=3.5s
[DONE] evaluation__7902__denoise__attack__nes__l0.5 calls=1021 margin 7.99->-5.47 t=3.3s
[DONE] evaluation__7902__denoise__restore__nes__l0.5 calls=1021 margin 7.99->6.19 t=3.4s
[DONE] evaluation__7902__denoise__confidence_boost__nes__l0.5 calls=1021 margin 7.99->13.69 t=3.4s
[DONE] evaluation__7902__deblur__attack__nes__l1 calls=1021 margin 11.33->-8.24 t=3.0s
[DONE] evaluation__7902__deblur__restore__nes__l1 calls=1021 margin 11.33->11.24 t=3.3s
[DONE] evaluation__7902__deblur__confidence_boost__nes__l1 calls=1021 margin 11.33->14.52 t=3.3s
[DONE] evaluation__3023__denoise__attack__nes__l0.5 calls=1021 margin 0.86->-10.19 t=3.4s
[DONE] evaluation__3023__denoise__restore__nes__l0.5 calls=1021 margin 0.86->2.13 t=3.3s
[DONE] evaluation__3023__denoise__confidence_boost__nes__l0.5 calls=1021 margin 0.86->12.06 t=3.8s
[DONE] evaluation__3023__deblur__attack__nes__l1 calls=1021 margin 10.84->-11.51 t=3.5s
[DONE] evaluation__3023__deblur__restore__nes__l1 calls=1021 margin 10.84->10.55 t=3.3s
[DONE] evaluation__3023__deblur__confidence_boost__nes__l1 calls=1021 margin 10.84->13.05 t=3.3s
[DONE] evaluation__6237__denoise__attack__nes__l0.5 calls=1021 margin 1.29->-5.28 t=3.8s
[DONE] evaluation__6237__denoise__restore__nes__l0.5 calls=1021 margin 1.29->1.57 t=3.5s
[DONE] evaluation__6237__denoise__confidence_boost__nes__l0.5 calls=1021 margin 1.29->8.42 t=3.6s
[DONE] evaluation__6237__deblur__attack__nes__l1 calls=1021 margin 0.37->-6.72 t=3.7s
[DONE] evaluation__6237__deblur__restore__nes__l1 calls=1021 margin 0.37->1.21 t=3.4s
[DONE] evaluation__6237__deblur__confidence_boost__nes__l1 calls=1021 margin 0.37->9.46 t=3.6s
[DONE] evaluation__463__denoise__attack__nes__l0.5 calls=1021 margin 0.50->-13.46 t=3.3s
[DONE] evaluation__463__denoise__restore__nes__l0.5 calls=1021 margin 0.50->0.65 t=3.5s
[DONE] evaluation__463__denoise__confidence_boost__nes__l0.5 calls=1021 margin 0.50->11.60 t=3.4s
[DONE] evaluation__463__deblur__attack__nes__l1 calls=1021 margin 3.07->-8.03 t=3.5s
[DONE] evaluation__463__deblur__restore__nes__l1 calls=1021 margin 3.07->3.07 t=3.5s
[DONE] evaluation__463__deblur__confidence_boost__nes__l1 calls=1021 margin 3.07->16.10 t=3.8s
[DONE] evaluation__4042__denoise__attack__nes__l0.5 calls=1021 margin 0.97->-8.34 t=3.9s
[DONE] evaluation__4042__denoise__restore__nes__l0.5 calls=1021 margin 0.97->1.22 t=3.7s
[DONE] evaluation__4042__denoise__confidence_boost__nes__l0.5 calls=1021 margin 0.97->9.15 t=3.5s
[DONE] evaluation__4042__deblur__attack__nes__l1 calls=1021 margin 4.28->-5.62 t=3.3s
[DONE] evaluation__4042__deblur__restore__nes__l1 calls=1021 margin 4.28->4.28 t=3.5s
[DONE] evaluation__4042__deblur__confidence_boost__nes__l1 calls=1021 margin 4.28->13.41 t=3.3s
[DONE] evaluation__8500__denoise__attack__nes__l0.5 calls=1021 margin 3.75->-9.59 t=3.6s
[DONE] evaluation__8500__denoise__restore__nes__l0.5 calls=1021 margin 3.75->4.36 t=3.6s
[DONE] evaluation__8500__denoise__confidence_boost__nes__l0.5 calls=1021 margin 3.75->14.21 t=3.4s
[DONE] evaluation__8500__deblur__attack__nes__l1 calls=1021 margin 12.84->-12.57 t=3.5s
[DONE] evaluation__8500__deblur__restore__nes__l1 calls=1021 margin 12.84->12.84 t=3.3s
[DONE] evaluation__8500__deblur__confidence_boost__nes__l1 calls=1021 margin 12.84->15.97 t=3.3s
[DONE] evaluation__2487__denoise__attack__nes__l0.5 calls=1021 margin 4.44->-5.78 t=3.5s
[DONE] evaluation__2487__denoise__restore__nes__l0.5 calls=1021 margin 4.44->4.11 t=3.3s
[DONE] evaluation__2487__denoise__confidence_boost__nes__l0.5 calls=1021 margin 4.44->10.58 t=3.5s
[DONE] evaluation__2487__deblur__attack__nes__l1 calls=1021 margin 1.87->-11.24 t=3.1s
[DONE] evaluation__2487__deblur__restore__nes__l1 calls=1021 margin 1.87->2.71 t=3.5s
[DONE] evaluation__2487__deblur__confidence_boost__nes__l1 calls=1021 margin 1.87->12.04 t=3.6s
[DONE] evaluation__6120__denoise__attack__nes__l0.5 calls=1021 margin 3.87->-8.22 t=3.0s
[DONE] evaluation__6120__denoise__restore__nes__l0.5 calls=1021 margin 3.87->4.42 t=3.1s
[DONE] evaluation__6120__denoise__confidence_boost__nes__l0.5 calls=1021 margin 3.87->10.49 t=3.4s
[DONE] evaluation__6120__deblur__attack__nes__l1 calls=1021 margin 6.40->-11.22 t=3.4s
[DONE] evaluation__6120__deblur__restore__nes__l1 calls=1021 margin 6.40->6.69 t=3.1s
[DONE] evaluation__6120__deblur__confidence_boost__nes__l1 calls=1021 margin 6.40->12.40 t=3.4s
[DONE] evaluation__920__denoise__attack__nes__l0.5 calls=1021 margin 6.52->-2.90 t=3.4s
[DONE] evaluation__920__denoise__restore__nes__l0.5 calls=1021 margin 6.52->7.13 t=3.1s
[DONE] evaluation__920__denoise__confidence_boost__nes__l0.5 calls=1021 margin 6.52->13.69 t=3.0s
[DONE] evaluation__920__deblur__attack__nes__l1 calls=1021 margin 5.36->-9.38 t=3.1s
[DONE] evaluation__920__deblur__restore__nes__l1 calls=1021 margin 5.36->4.44 t=3.0s
[DONE] evaluation__920__deblur__confidence_boost__nes__l1 calls=1021 margin 5.36->13.40 t=3.2s
[DONE] evaluation__4465__denoise__attack__nes__l0.5 calls=1021 margin 5.37->-7.67 t=3.5s
[DONE] evaluation__4465__denoise__restore__nes__l0.5 calls=1021 margin 5.37->6.01 t=3.3s
[DONE] evaluation__4465__denoise__confidence_boost__nes__l0.5 calls=1021 margin 5.37->14.19 t=3.3s
[DONE] evaluation__4465__deblur__attack__nes__l1 calls=1021 margin 4.98->-12.30 t=3.6s
[DONE] evaluation__4465__deblur__restore__nes__l1 calls=1021 margin 4.98->5.15 t=3.6s
[DONE] evaluation__4465__deblur__confidence_boost__nes__l1 calls=1021 margin 4.98->16.48 t=3.3s
[DONE] evaluation__8113__denoise__attack__nes__l0.5 calls=1021 margin 9.85->-2.66 t=3.3s
[DONE] evaluation__8113__denoise__restore__nes__l0.5 calls=1021 margin 9.85->10.21 t=3.2s
[DONE] evaluation__8113__denoise__confidence_boost__nes__l0.5 calls=1021 margin 9.85->14.98 t=3.8s
[DONE] evaluation__8113__deblur__attack__nes__l1 calls=1021 margin 8.94->-7.81 t=3.6s
[DONE] evaluation__8113__deblur__restore__nes__l1 calls=1021 margin 8.94->7.60 t=3.7s
[DONE] evaluation__8113__deblur__confidence_boost__nes__l1 calls=1021 margin 8.94->15.72 t=3.8s
[DONE] evaluation__3437__denoise__attack__nes__l0.5 calls=1021 margin 0.24->-13.22 t=3.6s
[DONE] evaluation__3437__denoise__restore__nes__l0.5 calls=1021 margin 0.24->2.25 t=3.4s
[DONE] evaluation__3437__denoise__confidence_boost__nes__l0.5 calls=1021 margin 0.24->11.43 t=3.6s
[DONE] evaluation__3437__deblur__attack__nes__l1 calls=1021 margin 11.61->-11.08 t=3.3s
[DONE] evaluation__3437__deblur__restore__nes__l1 calls=1021 margin 11.61->9.41 t=3.5s
[DONE] evaluation__3437__deblur__confidence_boost__nes__l1 calls=1021 margin 11.61->14.26 t=3.5s
[DONE] evaluation__5668__denoise__attack__nes__l0.5 calls=1021 margin 5.47->-9.66 t=3.0s
[DONE] evaluation__5668__denoise__restore__nes__l0.5 calls=1021 margin 5.47->4.78 t=3.2s
[DONE] evaluation__5668__denoise__confidence_boost__nes__l0.5 calls=1021 margin 5.47->13.38 t=3.2s
[DONE] evaluation__5668__deblur__attack__nes__l1 calls=1021 margin 9.61->-10.08 t=3.6s
[DONE] evaluation__5668__deblur__restore__nes__l1 calls=1021 margin 9.61->8.78 t=3.5s
[DONE] evaluation__5668__deblur__confidence_boost__nes__l1 calls=1021 margin 9.61->14.45 t=3.2s
[DONE] evaluation__582__denoise__attack__nes__l0.5 calls=1021 margin 3.34->-10.47 t=3.2s
[DONE] evaluation__582__denoise__restore__nes__l0.5 calls=1021 margin 3.34->3.21 t=3.3s
[DONE] evaluation__582__denoise__confidence_boost__nes__l0.5 calls=1021 margin 3.34->10.27 t=3.2s
[DONE] evaluation__582__deblur__attack__nes__l1 calls=1021 margin 7.01->-8.49 t=3.4s
[DONE] evaluation__582__deblur__restore__nes__l1 calls=1021 margin 7.01->7.00 t=3.5s
[DONE] evaluation__582__deblur__confidence_boost__nes__l1 calls=1021 margin 7.01->13.70 t=3.6s
[DONE] evaluation__3270__denoise__attack__nes__l0.5 calls=1021 margin 6.24->-8.22 t=3.4s
[DONE] evaluation__3270__denoise__restore__nes__l0.5 calls=1021 margin 6.24->6.43 t=3.6s
[DONE] evaluation__3270__denoise__confidence_boost__nes__l0.5 calls=1021 margin 6.24->11.66 t=3.2s
[DONE] evaluation__3270__deblur__attack__nes__l1 calls=1021 margin 10.09->-3.31 t=3.3s
[DONE] evaluation__3270__deblur__restore__nes__l1 calls=1021 margin 10.09->11.07 t=3.2s
[DONE] evaluation__3270__deblur__confidence_boost__nes__l1 calls=1021 margin 10.09->15.12 t=3.6s
[DONE] evaluation__6718__denoise__attack__nes__l0.5 calls=1021 margin 1.68->-12.67 t=3.2s
[DONE] evaluation__6718__denoise__restore__nes__l0.5 calls=1021 margin 1.68->2.03 t=3.5s
[DONE] evaluation__6718__denoise__confidence_boost__nes__l0.5 calls=1021 margin 1.68->12.25 t=3.3s
[DONE] evaluation__6718__deblur__attack__nes__l1 calls=1021 margin 8.16->-10.10 t=3.3s
[DONE] evaluation__6718__deblur__restore__nes__l1 calls=1021 margin 8.16->8.47 t=3.2s
[DONE] evaluation__6718__deblur__confidence_boost__nes__l1 calls=1021 margin 8.16->16.06 t=3.2s
[DONE] evaluation__3170__denoise__attack__nes__l0.5 calls=1021 margin 6.51->-2.44 t=3.5s
[DONE] evaluation__3170__denoise__restore__nes__l0.5 calls=1021 margin 6.51->6.45 t=3.6s
[DONE] evaluation__3170__denoise__confidence_boost__nes__l0.5 calls=1021 margin 6.51->10.11 t=3.8s
[DONE] evaluation__3170__deblur__attack__nes__l1 calls=1021 margin 5.36->-9.12 t=3.5s
[DONE] evaluation__3170__deblur__restore__nes__l1 calls=1021 margin 5.36->7.14 t=3.8s
[DONE] evaluation__3170__deblur__confidence_boost__nes__l1 calls=1021 margin 5.36->11.54 t=4.1s
[DONE] evaluation__7642__denoise__attack__nes__l0.5 calls=1021 margin 2.54->-13.10 t=3.5s
[DONE] evaluation__7642__denoise__restore__nes__l0.5 calls=1021 margin 2.54->2.14 t=4.1s
[DONE] evaluation__7642__denoise__confidence_boost__nes__l0.5 calls=1021 margin 2.54->12.27 t=3.9s
[DONE] evaluation__7642__deblur__attack__nes__l1 calls=1021 margin 10.02->-8.80 t=3.6s
[DONE] evaluation__7642__deblur__restore__nes__l1 calls=1021 margin 10.02->9.92 t=3.5s
[DONE] evaluation__7642__deblur__confidence_boost__nes__l1 calls=1021 margin 10.02->14.47 t=3.7s
[DONE] fit__90__denoise__attack__nes__l0.5 calls=1021 margin 4.88->-10.36 t=3.7s
[DONE] fit__90__denoise__restore__nes__l0.5 calls=1021 margin 4.88->5.16 t=3.6s
[DONE] fit__90__denoise__confidence_boost__nes__l0.5 calls=1021 margin 4.88->13.71 t=3.9s
[DONE] fit__90__deblur__attack__nes__l1 calls=1021 margin 7.09->-9.17 t=3.4s
[DONE] fit__90__deblur__restore__nes__l1 calls=1021 margin 7.09->7.89 t=3.6s
[DONE] fit__90__deblur__confidence_boost__nes__l1 calls=1021 margin 7.09->16.01 t=3.8s
[DONE] fit__8643__denoise__attack__nes__l0.5 calls=1021 margin 2.59->-10.50 t=3.8s
[DONE] fit__8643__denoise__restore__nes__l0.5 calls=1021 margin 2.59->2.05 t=3.5s
[DONE] fit__8643__denoise__confidence_boost__nes__l0.5 calls=1021 margin 2.59->11.85 t=3.9s
[DONE] fit__8643__deblur__attack__nes__l1 calls=1021 margin 10.82->-10.93 t=3.6s
[DONE] fit__8643__deblur__restore__nes__l1 calls=1021 margin 10.82->10.92 t=3.7s
[DONE] fit__8643__deblur__confidence_boost__nes__l1 calls=1021 margin 10.82->14.55 t=3.8s
[DONE] fit__7166__denoise__attack__nes__l0.5 calls=1021 margin 4.36->-6.50 t=3.9s
[DONE] fit__7166__denoise__restore__nes__l0.5 calls=1021 margin 4.36->5.23 t=3.2s
[DONE] fit__7166__denoise__confidence_boost__nes__l0.5 calls=1021 margin 4.36->12.23 t=3.1s
[DONE] fit__7166__deblur__attack__nes__l1 calls=1021 margin 8.72->-1.60 t=3.3s
[DONE] fit__7166__deblur__restore__nes__l1 calls=1021 margin 8.72->8.41 t=3.1s
[DONE] fit__7166__deblur__confidence_boost__nes__l1 calls=1021 margin 8.72->13.54 t=3.1s
[DONE] fit__3844__denoise__attack__nes__l0.5 calls=1021 margin 8.45->-6.10 t=3.5s
[DONE] fit__3844__denoise__restore__nes__l0.5 calls=1021 margin 8.45->8.22 t=3.2s
[DONE] fit__3844__denoise__confidence_boost__nes__l0.5 calls=1021 margin 8.45->14.45 t=3.5s
[DONE] fit__3844__deblur__attack__nes__l1 calls=1021 margin 7.18->-10.06 t=3.1s
[DONE] fit__3844__deblur__restore__nes__l1 calls=1021 margin 7.18->9.36 t=3.2s
[DONE] fit__3844__deblur__confidence_boost__nes__l1 calls=1021 margin 7.18->15.07 t=3.1s
[DONE] fit__2922__denoise__attack__nes__l0.5 calls=1021 margin 4.29->-14.03 t=3.5s
[DONE] fit__2922__denoise__restore__nes__l0.5 calls=1021 margin 4.29->1.77 t=3.3s
[DONE] fit__2922__denoise__confidence_boost__nes__l0.5 calls=1021 margin 4.29->15.43 t=3.1s
[DONE] fit__2922__deblur__attack__nes__l1 calls=1021 margin 10.75->-10.49 t=3.1s
[DONE] fit__2922__deblur__restore__nes__l1 calls=1021 margin 10.75->11.98 t=3.6s
[DONE] fit__2922__deblur__confidence_boost__nes__l1 calls=1021 margin 10.75->15.81 t=3.3s
[DONE] fit__1526__denoise__attack__nes__l0.5 calls=1021 margin 7.03->-9.13 t=3.4s
[DONE] fit__1526__denoise__restore__nes__l0.5 calls=1021 margin 7.03->6.62 t=3.7s
[DONE] fit__1526__denoise__confidence_boost__nes__l0.5 calls=1021 margin 7.03->15.06 t=3.4s
[DONE] fit__1526__deblur__attack__nes__l1 calls=1021 margin 10.16->-10.48 t=3.4s
[DONE] fit__1526__deblur__restore__nes__l1 calls=1021 margin 10.16->9.73 t=3.1s
[DONE] fit__1526__deblur__confidence_boost__nes__l1 calls=1021 margin 10.16->15.83 t=3.4s
[DONE] fit__6664__denoise__attack__nes__l0.5 calls=1021 margin 3.57->-11.18 t=3.4s
[DONE] fit__6664__denoise__restore__nes__l0.5 calls=1021 margin 3.57->4.13 t=3.6s
[DONE] fit__6664__denoise__confidence_boost__nes__l0.5 calls=1021 margin 3.57->11.50 t=3.5s
[DONE] fit__6664__deblur__attack__nes__l1 calls=1021 margin 7.97->-8.91 t=3.9s
[DONE] fit__6664__deblur__restore__nes__l1 calls=1021 margin 7.97->7.97 t=3.8s
[DONE] fit__6664__deblur__confidence_boost__nes__l1 calls=1021 margin 7.97->14.59 t=3.5s
[DONE] fit__6571__denoise__attack__nes__l0.5 calls=1021 margin 3.93->-12.09 t=3.0s
[DONE] fit__6571__denoise__restore__nes__l0.5 calls=1021 margin 3.93->3.76 t=3.2s
[DONE] fit__6571__denoise__confidence_boost__nes__l0.5 calls=1021 margin 3.93->10.70 t=3.2s
[DONE] fit__6571__deblur__attack__nes__l1 calls=1021 margin 8.85->-8.90 t=3.4s
[DONE] fit__6571__deblur__restore__nes__l1 calls=1021 margin 8.85->9.42 t=3.3s
[DONE] fit__6571__deblur__confidence_boost__nes__l1 calls=1021 margin 8.85->13.78 t=3.1s
[DONE] fit__4668__denoise__attack__nes__l0.5 calls=1021 margin 9.52->-8.79 t=3.5s
[DONE] fit__4668__denoise__restore__nes__l0.5 calls=1021 margin 9.52->8.44 t=3.5s
[DONE] fit__4668__denoise__confidence_boost__nes__l0.5 calls=1021 margin 9.52->15.28 t=3.4s
[DONE] fit__4668__deblur__attack__nes__l1 calls=1021 margin 4.04->-11.47 t=3.1s
[DONE] fit__4668__deblur__restore__nes__l1 calls=1021 margin 4.04->6.03 t=3.2s
[DONE] fit__4668__deblur__confidence_boost__nes__l1 calls=1021 margin 4.04->15.38 t=3.3s
[DONE] fit__2518__denoise__attack__nes__l0.5 calls=1021 margin 1.28->-9.86 t=3.4s
[DONE] fit__2518__denoise__restore__nes__l0.5 calls=1021 margin 1.28->1.07 t=3.5s
[DONE] fit__2518__denoise__confidence_boost__nes__l0.5 calls=1021 margin 1.28->8.64 t=3.6s
[DONE] fit__2518__deblur__attack__nes__l1 calls=1021 margin 4.56->-11.04 t=3.6s
[DONE] fit__2518__deblur__restore__nes__l1 calls=1021 margin 4.56->3.45 t=3.2s
[DONE] fit__2518__deblur__confidence_boost__nes__l1 calls=1021 margin 4.56->11.24 t=3.2s
[DONE] fit__1279__denoise__attack__nes__l0.5 calls=1021 margin 7.12->-2.78 t=3.3s
[DONE] fit__1279__denoise__restore__nes__l0.5 calls=1021 margin 7.12->8.42 t=3.4s
[DONE] fit__1279__denoise__confidence_boost__nes__l0.5 calls=1021 margin 7.12->13.18 t=3.2s
[DONE] fit__1279__deblur__attack__nes__l1 calls=1021 margin 5.89->-11.48 t=3.6s
[DONE] fit__1279__deblur__restore__nes__l1 calls=1021 margin 5.89->10.53 t=3.7s
[DONE] fit__1279__deblur__confidence_boost__nes__l1 calls=1021 margin 5.89->16.02 t=3.7s
[DONE] fit__8256__denoise__attack__nes__l0.5 calls=1021 margin 7.51->-7.06 t=3.7s
[DONE] fit__8256__denoise__restore__nes__l0.5 calls=1021 margin 7.51->8.38 t=3.4s
[DONE] fit__8256__denoise__confidence_boost__nes__l0.5 calls=1021 margin 7.51->13.78 t=3.6s
[DONE] fit__8256__deblur__attack__nes__l1 calls=1021 margin 11.97->0.10 t=3.6s
[DONE] fit__8256__deblur__restore__nes__l1 calls=1021 margin 11.97->12.44 t=3.4s
[DONE] fit__8256__deblur__confidence_boost__nes__l1 calls=1021 margin 11.97->15.71 t=3.7s
[DONE] fit__5980__denoise__attack__nes__l0.5 calls=1021 margin 4.84->-9.72 t=3.4s
[DONE] fit__5980__denoise__restore__nes__l0.5 calls=1021 margin 4.84->3.72 t=3.6s
[DONE] fit__5980__denoise__confidence_boost__nes__l0.5 calls=1021 margin 4.84->11.95 t=3.2s
[DONE] fit__5980__deblur__attack__nes__l1 calls=1021 margin 8.97->-8.87 t=3.3s
[DONE] fit__5980__deblur__restore__nes__l1 calls=1021 margin 8.97->9.21 t=3.6s
[DONE] fit__5980__deblur__confidence_boost__nes__l1 calls=1021 margin 8.97->13.82 t=3.4s
