[DONE] evaluation__4126__denoise__attack__nes__l0.5 calls=1021 margin 4.25->-6.19 t=3.4s
[DONE] evaluation__4126__denoise__restore__nes__l0.5 calls=1021 margin 4.25->3.34 t=3.0s
[DONE] evaluation__4126__denoise__confidence_boost__nes__l0.5 calls=1021 margin 4.25->11.81 t=2.8s
[DONE] evaluation__4126__deblur__attack__nes__l1 calls=1021 margin 3.11->-7.16 t=3.4s
[DONE] evaluation__4126__deblur__restore__nes__l1 calls=1021 margin 3.11->4.08 t=3.5s
[DONE] evaluation__4126__deblur__confidence_boost__nes__l1 calls=1021 margin 3.11->11.58 t=3.6s
[DONE] evaluation__8884__denoise__attack__nes__l0.5 calls=1021 margin 5.96->-10.06 t=3.3s
[DONE] evaluation__8884__denoise__restore__nes__l0.5 calls=1021 margin 5.96->7.58 t=3.1s
[DONE] evaluation__8884__denoise__confidence_boost__nes__l0.5 calls=1021 margin 5.96->14.50 t=3.7s
[DONE] evaluation__8884__deblur__attack__nes__l1 calls=1021 margin 8.51->-12.90 t=3.6s
[DONE] evaluation__8884__deblur__restore__nes__l1 calls=1021 margin 8.51->7.97 t=3.3s
[DONE] evaluation__8884__deblur__confidence_boost__nes__l1 calls=1021 margin 8.51->15.11 t=3.4s
[DONE] evaluation__122__denoise__attack__nes__l0.5 calls=1021 margin 3.74->-8.92 t=3.6s
[DONE] evaluation__122__denoise__restore__nes__l0.5 calls=1021 margin 3.74->2.44 t=3.4s
[DONE] evaluation__122__denoise__confidence_boost__nes__l0.5 calls=1021 margin 3.74->12.33 t=3.7s
[DONE] evaluation__122__deblur__attack__nes__l1 calls=1021 margin 6.59->-9.73 t=4.0s
[DONE] evaluation__122__deblur__restore__nes__l1 calls=1021 margin 6.59->4.67 t=3.4s
[DONE] evaluation__122__deblur__confidence_boost__nes__l1 calls=1021 margin 6.59->13.84 t=3.3s
[DONE] evaluation__5245__denoise__attack__nes__l0.5 calls=1021 margin 9.81->-0.73 t=3.2s
[DONE] evaluation__5245__denoise__restore__nes__l0.5 calls=1021 margin 9.81->9.38 t=3.2s
[DONE] evaluation__5245__denoise__confidence_boost__nes__l0.5 calls=1021 margin 9.81->14.08 t=3.1s
[DONE] evaluation__5245__deblur__attack__nes__l1 calls=1021 margin 11.62->-0.56 t=3.4s
[DONE] evaluation__5245__deblur__restore__nes__l1 calls=1021 margin 11.62->11.34 t=3.9s
[DONE] evaluation__5245__deblur__confidence_boost__nes__l1 calls=1021 margin 11.62->14.66 t=3.5s
[DONE] evaluation__8503__denoise__attack__nes__l0.5 calls=1021 margin 1.23->-10.44 t=3.3s
[DONE] evaluation__8503__denoise__restore__nes__l0.5 calls=1021 margin 1.23->0.43 t=3.6s
[DONE] evaluation__8503__denoise__confidence_boost__nes__l0.5 calls=1021 margin 1.23->8.46 t=3.5s
[DONE] evaluation__8503__deblur__attack__nes__l1 calls=1021 margin 5.89->-7.66 t=3.4s
[DONE] evaluation__8503__deblur__restore__nes__l1 calls=1021 margin 5.89->4.70 t=3.4s
[DONE] evaluation__8503__deblur__confidence_boost__nes__l1 calls=1021 margin 5.89->11.58 t=3.7s
[DONE] evaluation__3313__denoise__attack__nes__l0.5 calls=1021 margin 10.67->-7.21 t=3.7s
[DONE] evaluation__3313__denoise__restore__nes__l0.5 calls=1021 margin 10.67->10.62 t=3.8s
[DONE] evaluation__3313__denoise__confidence_boost__nes__l0.5 calls=1021 margin 10.67->15.06 t=3.8s
[DONE] evaluation__3313__deblur__attack__nes__l1 calls=1021 margin 13.40->-10.73 t=4.0s
[DONE] evaluation__3313__deblur__restore__nes__l1 calls=1021 margin 13.40->13.40 t=3.3s
[DONE] evaluation__3313__deblur__confidence_boost__nes__l1 calls=1021 margin 13.40->17.29 t=3.0s
[DONE] evaluation__7340__denoise__attack__nes__l0.5 calls=1021 margin 2.73->-12.85 t=3.2s
[DONE] evaluation__7340__denoise__restore__nes__l0.5 calls=1021 margin 2.73->1.80 t=3.4s
[DONE] evaluation__7340__denoise__confidence_boost__nes__l0.5 calls=1021 margin 2.73->12.77 t=3.3s
[DONE] evaluation__7340__deblur__attack__nes__l1 calls=1021 margin 8.76->-14.50 t=3.4s
[DONE] evaluation__7340__deblur__restore__nes__l1 calls=1021 margin 8.76->8.84 t=3.6s
[DONE] evaluation__7340__deblur__confidence_boost__nes__l1 calls=1021 margin 8.76->14.78 t=3.4s
[DONE] evaluation__1603__denoise__attack__nes__l0.5 calls=1021 margin 0.13->-10.90 t=3.4s
[DONE] evaluation__1603__denoise__restore__nes__l0.5 calls=1021 margin 0.13->0.56 t=3.7s
[DONE] evaluation__1603__denoise__confidence_boost__nes__l0.5 calls=1021 margin 0.13->9.42 t=3.5s
[DONE] evaluation__1603__deblur__attack__nes__l1 calls=1021 margin 5.62->-11.36 t=3.5s
[DONE] evaluation__1603__deblur__restore__nes__l1 calls=1021 margin 5.62->5.40 t=3.3s
[DONE] evaluation__1603__deblur__confidence_boost__nes__l1 calls=1021 margin 5.62->13.12 t=3.3s
[DONE] evaluation__5732__denoise__attack__nes__l0.5 calls=1021 margin 4.26->-8.31 t=3.5s
[DONE] evaluation__5732__denoise__restore__nes__l0.5 calls=1021 margin 4.26->5.28 t=4.0s
[DONE] evaluation__5732__denoise__confidence_boost__nes__l0.5 calls=1021 margin 4.26->12.58 t=3.5s
[DONE] evaluation__5732__deblur__attack__nes__l1 calls=1021 margin 6.00->-13.35 t=3.6s
[DONE] evaluation__5732__deblur__restore__nes__l1 calls=1021 margin 6.00->5.90 t=3.4s
[DONE] evaluation__5732__deblur__confidence_boost__nes__l1 calls=1021 margin 6.00->14.76 t=3.3s
[DONE] evaluation__8739__denoise__attack__nes__l0.5 calls=1021 margin 3.66->-10.06 t=3.5s
[DONE] evaluation__8739__denoise__restore__nes__l0.5 calls=1021 margin 3.66->4.18 t=3.5s
[DONE] evaluation__8739__denoise__confidence_boost__nes__l0.5 calls=1021 margin 3.66->13.11 t=3.5s
[DONE] evaluation__8739__deblur__attack__nes__l1 calls=1021 margin 5.77->-11.69 t=3.5s
[DONE] evaluation__8739__deblur__restore__nes__l1 calls=1021 margin 5.77->6.64 t=3.6s
[DONE] evaluation__8739__deblur__confidence_boost__nes__l1 calls=1021 margin 5.77->14.09 t=3.6s
[DONE] evaluation__3809__denoise__attack__nes__l0.5 calls=1021 margin 1.50->-10.73 t=3.6s
[DONE] evaluation__3809__denoise__restore__nes__l0.5 calls=1021 margin 1.50->0.62 t=3.7s
[DONE] evaluation__3809__denoise__confidence_boost__nes__l0.5 calls=1021 margin 1.50->11.50 t=3.5s
[DONE] evaluation__3809__deblur__attack__nes__l1 calls=1021 margin 7.89->-11.93 t=3.9s
[DONE] evaluation__3809__deblur__restore__nes__l1 calls=1021 margin 7.89->7.89 t=3.8s
[DONE] evaluation__3809__deblur__confidence_boost__nes__l1 calls=1021 margin 7.89->15.36 t=3.9s
[DONE] evaluation__7916__denoise__attack__nes__l0.5 calls=1021 margin 5.12->-3.29 t=3.7s
[DONE] evaluation__7916__denoise__restore__nes__l0.5 calls=1021 margin 5.12->4.31 t=3.6s
[DONE] evaluation__7916__denoise__confidence_boost__nes__l0.5 calls=1021 margin 5.12->11.79 t=3.7s
[DONE] evaluation__7916__deblur__attack__nes__l1 calls=1021 margin 2.65->-5.26 t=3.6s
[DONE] evaluation__7916__deblur__restore__nes__l1 calls=1021 margin 2.65->2.89 t=3.5s
[DONE] evaluation__7916__deblur__confidence_boost__nes__l1 calls=1021 margin 2.65->15.21 t=3.8s
[DONE] evaluation__1745__denoise__attack__nes__l0.5 calls=1021 margin 3.11->-9.02 t=3.9s
[DONE] evaluation__1745__denoise__restore__nes__l0.5 calls=1021 margin 3.11->2.57 t=3.6s
[DONE] evaluation__1745__denoise__confidence_boost__nes__l0.5 calls=1021 margin 3.11->9.97 t=3.9s
[DONE] evaluation__1745__deblur__attack__nes__l1 calls=1021 margin 5.99->-8.23 t=3.8s
[DONE] evaluation__1745__deblur__restore__nes__l1 calls=1021 margin 5.99->6.77 t=3.4s
[DONE] evaluation__1745__deblur__confidence_boost__nes__l1 calls=1021 margin 5.99->14.51 t=3.6s
[DONE] evaluation__5947__denoise__attack__nes__l0.5 calls=1021 margin 7.93->-7.45 t=3.6s
[DONE] evaluation__5947__denoise__restore__nes__l0.5 calls=1021 margin 7.93->7.58 t=3.4s
[DONE] evaluation__5947__denoise__confidence_boost__nes__l0.5 calls=1021 margin 7.93->13.86 t=3.3s
[DONE] evaluation__5947__deblur__attack__nes__l1 calls=1021 margin 3.56->-9.77 t=3.3s
[DONE] evaluation__5947__deblur__restore__nes__l1 calls=1021 margin 3.56->3.75 t=3.4s
[DONE] evaluation__5947__deblur__confidence_boost__nes__l1 calls=1021 margin 3.56->13.93 t=3.5s
[DONE] evaluation__9540__denoise__attack__nes__l0.5 calls=1021 margin 4.97->-8.03 t=3.5s
[DONE] evaluation__9540__denoise__restore__nes__l0.5 calls=1021 margin 4.97->4.88 t=3.9s
[DONE] evaluation__9540__denoise__confidence_boost__nes__l0.5 calls=1021 margin 4.97->12.32 t=3.5s
[DONE] evaluation__9540__deblur__attack__nes__l1 calls=1021 margin 9.42->-10.02 t=3.3s
[DONE] evaluation__9540__deblur__restore__nes__l1 calls=1021 margin 9.42->9.58 t=3.5s
[DONE] evaluation__9540__deblur__confidence_boost__nes__l1 calls=1021 margin 9.42->15.14 t=3.4s
[DONE] evaluation__4127__denoise__attack__nes__l0.5 calls=1021 margin 6.54->-3.65 t=3.6s
[DONE] evaluation__4127__denoise__restore__nes__l0.5 calls=1021 margin 6.54->7.27 t=3.8s
[DONE] evaluation__4127__denoise__confidence_boost__nes__l0.5 calls=1021 margin 6.54->12.68 t=3.7s
[DONE] evaluation__4127__deblur__attack__nes__l1 calls=1021 margin 3.01->-12.03 t=3.6s
[DONE] evaluation__4127__deblur__restore__nes__l1 calls=1021 margin 3.01->5.48 t=3.6s
[DONE] evaluation__4127__deblur__confidence_boost__nes__l1 calls=1021 margin 3.01->14.37 t=3.8s
[DONE] evaluation__7337__denoise__attack__nes__l0.5 calls=1021 margin 3.22->-6.75 t=3.2s
[DONE] evaluation__7337__denoise__restore__nes__l0.5 calls=1021 margin 3.22->2.07 t=3.7s
[DONE] evaluation__7337__denoise__confidence_boost__nes__l0.5 calls=1021 margin 3.22->12.91 t=3.3s
[DONE] evaluation__7337__deblur__attack__nes__l1 calls=1021 margin 13.81->-11.27 t=3.6s
[DONE] evaluation__7337__deblur__restore__nes__l1 calls=1021 margin 13.81->13.41 t=3.4s
[DONE] evaluation__7337__deblur__confidence_boost__nes__l1 calls=1021 margin 13.81->15.63 t=3.5s
[DONE] evaluation__1966__denoise__attack__nes__l0.5 calls=1021 margin 4.87->-10.94 t=3.4s
[DONE] evaluation__1966__denoise__restore__nes__l0.5 calls=1021 margin 4.87->4.41 t=3.6s
[DONE] evaluation__1966__denoise__confidence_boost__nes__l0.5 calls=1021 margin 4.87->12.06 t=3.6s
[DONE] evaluation__1966__deblur__attack__nes__l1 calls=1021 margin 9.50->-10.68 t=3.5s
[DONE] evaluation__1966__deblur__restore__nes__l1 calls=1021 margin 9.50->9.44 t=3.4s
[DONE] evaluation__1966__deblur__confidence_boost__nes__l1 calls=1021 margin 9.50->14.61 t=3.6s
[DONE] evaluation__5246__denoise__attack__nes__l0.5 calls=1021 margin 5.68->-8.62 t=3.6s
[DONE] evaluation__5246__denoise__restore__nes__l0.5 calls=1021 margin 5.68->4.48 t=4.0s
[DONE] evaluation__5246__denoise__confidence_boost__nes__l0.5 calls=1021 margin 5.68->14.29 t=3.9s
[DONE] evaluation__5246__deblur__attack__nes__l1 calls=1021 margin 8.58->-11.45 t=3.9s
[DONE] evaluation__5246__deblur__restore__nes__l1 calls=1021 margin 8.58->8.89 t=4.1s
[DONE] evaluation__5246__deblur__confidence_boost__nes__l1 calls=1021 margin 8.58->15.13 t=3.7s
[DONE] evaluation__8466__denoise__attack__nes__l0.5 calls=1021 margin 3.74->-6.07 t=3.7s
[DONE] evaluation__8466__denoise__restore__nes__l0.5 calls=1021 margin 3.74->3.55 t=4.0s
[DONE] evaluation__8466__denoise__confidence_boost__nes__l0.5 calls=1021 margin 3.74->12.25 t=3.7s
[DONE] evaluation__8466__deblur__attack__nes__l1 calls=1021 margin 9.87->-9.28 t=3.7s
[DONE] evaluation__8466__deblur__restore__nes__l1 calls=1021 margin 9.87->7.48 t=3.9s
[DONE] evaluation__8466__deblur__confidence_boost__nes__l1 calls=1021 margin 9.87->15.38 t=3.9s
[DONE] evaluation__2196__denoise__attack__nes__l0.5 calls=1021 margin 0.27->-11.61 t=3.8s
[DONE] evaluation__2196__denoise__restore__nes__l0.5 calls=1021 margin 0.27->0.13 t=4.0s
[DONE] evaluation__2196__denoise__confidence_boost__nes__l0.5 calls=1021 margin 0.27->12.42 t=3.8s
[DONE] evaluation__2196__deblur__attack__nes__l1 calls=1021 margin 11.40->-9.18 t=3.7s
[DONE] evaluation__2196__deblur__restore__nes__l1 calls=1021 margin 11.40->10.92 t=3.8s
[DONE] evaluation__2196__deblur__confidence_boost__nes__l1 calls=1021 margin 11.40->15.63 t=3.8s
[DONE] evaluation__5383__denoise__attack__nes__l0.5 calls=1021 margin 4.63->-5.19 t=3.6s
[DONE] evaluation__5383__denoise__restore__nes__l0.5 calls=1021 margin 4.63->5.04 t=3.4s
[DONE] evaluation__5383__denoise__confidence_boost__nes__l0.5 calls=1021 margin 4.63->11.10 t=3.6s
[DONE] evaluation__5383__deblur__attack__nes__l1 calls=1021 margin 8.43->-11.42 t=3.5s
[DONE] evaluation__5383__deblur__restore__nes__l1 calls=1021 margin 8.43->8.95 t=3.8s
[DONE] evaluation__5383__deblur__confidence_boost__nes__l1 calls=1021 margin 8.43->15.21 t=3.7s
[DONE] evaluation__1654__denoise__attack__nes__l0.5 calls=1021 margin 3.39->-5.82 t=3.3s
[DONE] evaluation__1654__denoise__restore__nes__l0.5 calls=1021 margin 3.39->2.09 t=3.7s
[DONE] evaluation__1654__denoise__confidence_boost__nes__l0.5 calls=1021 margin 3.39->9.89 t=3.2s
[DONE] evaluation__1654__deblur__attack__nes__l1 calls=1021 margin 4.10->-12.39 t=3.8s
[DONE] evaluation__1654__deblur__restore__nes__l1 calls=1021 margin 4.10->2.94 t=3.5s
[DONE] evaluation__1654__deblur__confidence_boost__nes__l1 calls=1021 margin 4.10->12.80 t=3.4s
[DONE] evaluation__6724__denoise__attack__nes__l0.5 calls=1021 margin 3.16->-11.50 t=3.5s
[DONE] evaluation__6724__denoise__restore__nes__l0.5 calls=1021 margin 3.16->2.90 t=3.3s
[DONE] evaluation__6724__denoise__confidence_boost__nes__l0.5 calls=1021 margin 3.16->11.58 t=3.4s
[DONE] evaluation__6724__deblur__attack__nes__l1 calls=1021 margin 8.31->-6.92 t=3.3s
[DONE] evaluation__6724__deblur__restore__nes__l1 calls=1021 margin 8.31->9.12 t=3.3s
[DONE] evaluation__6724__deblur__confidence_boost__nes__l1 calls=1021 margin 8.31->14.11 t=3.3s
[DONE] evaluation__9247__denoise__attack__nes__l0.5 calls=1021 margin 6.08->-9.04 t=3.5s
[DONE] evaluation__9247__denoise__restore__nes__l0.5 calls=1021 margin 6.08->6.04 t=3.5s
[DONE] evaluation__9247__denoise__confidence_boost__nes__l0.5 calls=1021 margin 6.08->13.51 t=3.2s
[DONE] evaluation__9247__deblur__attack__nes__l1 calls=1021 margin 11.74->-7.19 t=3.4s
[DONE] evaluation__9247__deblur__restore__nes__l1 calls=1021 margin 11.74->12.25 t=3.5s
[DONE] evaluation__9247__deblur__confidence_boost__nes__l1 calls=1021 margin 11.74->15.06 t=3.5s
[DONE] fit__6772__denoise__attack__nes__l0.5 calls=1021 margin 2.57->-10.27 t=3.6s
[DONE] fit__6772__denoise__restore__nes__l0.5 calls=1021 margin 2.57->2.14 t=3.8s
[DONE] fit__6772__denoise__confidence_boost__nes__l0.5 calls=1021 margin 2.57->13.35 t=3.2s
[DONE] fit__6772__deblur__attack__nes__l1 calls=1021 margin 4.90->-12.51 t=3.0s
[DONE] fit__6772__deblur__restore__nes__l1 calls=1021 margin 4.90->2.89 t=3.0s
[DONE] fit__6772__deblur__confidence_boost__nes__l1 calls=1021 margin 4.90->15.24 t=3.0s
[DONE] fit__4954__denoise__attack__nes__l0.5 calls=1021 margin 0.45->-12.81 t=3.2s
[DONE] fit__4954__denoise__restore__nes__l0.5 calls=1021 margin 0.45->0.06 t=3.7s
[DONE] fit__4954__denoise__confidence_boost__nes__l0.5 calls=1021 margin 0.45->8.36 t=3.1s
[DONE] fit__4954__deblur__attack__nes__l1 calls=1021 margin 4.60->-13.85 t=3.6s
[DONE] fit__4954__deblur__restore__nes__l1 calls=1021 margin 4.60->3.41 t=3.5s
[DONE] fit__4954__deblur__confidence_boost__nes__l1 calls=1021 margin 4.60->11.57 t=3.6s
[DONE] fit__2695__denoise__attack__nes__l0.5 calls=1021 margin 1.27->-8.85 t=3.1s
[DONE] fit__2695__denoise__restore__nes__l0.5 calls=1021 margin 1.27->0.79 t=3.5s
[DONE] fit__2695__denoise__confidence_boost__nes__l0.5 calls=1021 margin 1.27->10.68 t=3.4s
[DONE] fit__2695__deblur__attack__nes__l1 calls=1021 margin 4.53->-14.29 t=3.6s
[DONE] fit__2695__deblur__restore__nes__l1 calls=1021 margin 4.53->5.43 t=3.6s
[DONE] fit__2695__deblur__confidence_boost__nes__l1 calls=1021 margin 4.53->13.26 t=3.7s
[DONE] fit__573__denoise__attack__nes__l0.5 calls=1021 margin 7.80->-11.53 t=3.1s
[DONE] fit__573__denoise__restore__nes__l0.5 calls=1021 margin 7.80->8.76 t=3.2s
[DONE] fit__573__denoise__confidence_boost__nes__l0.5 calls=1021 margin 7.80->13.60 t=2.9s
[DONE] fit__573__deblur__attack__nes__l1 calls=1021 margin 5.28->-13.83 t=3.3s
[DONE] fit__573__deblur__restore__nes__l1 calls=1021 margin 5.28->5.28 t=3.3s
[DONE] fit__573__deblur__confidence_boost__nes__l1 calls=1021 margin 5.28->14.11 t=3.6s
[DONE] fit__9198__denoise__attack__nes__l0.5 calls=1021 margin 1.15->-10.57 t=3.7s
[DONE] fit__9198__denoise__restore__nes__l0.5 calls=1021 margin 1.15->0.15 t=3.5s
[DONE] fit__9198__denoise__confidence_boost__nes__l0.5 calls=1021 margin 1.15->10.71 t=3.9s
[DONE] fit__9198__deblur__attack__nes__l1 calls=1021 margin 4.90->-9.14 t=3.6s
[DONE] fit__9198__deblur__restore__nes__l1 calls=1021 margin 4.90->5.76 t=3.7s
[DONE] fit__9198__deblur__confidence_boost__nes__l1 calls=1021 margin 4.90->15.04 t=3.5s
[DONE] fit__3507__denoise__attack__nes__l0.5 calls=1021 margin 9.52->-10.83 t=4.0s
[DONE] fit__3507__denoise__restore__nes__l0.5 calls=1021 margin 9.52->9.12 t=3.8s
[DONE] fit__3507__denoise__confidence_boost__nes__l0.5 calls=1021 margin 9.52->15.30 t=3.8s
[DONE] fit__3507__deblur__attack__nes__l1 calls=1021 margin 10.64->-14.16 t=4.1s
[DONE] fit__3507__deblur__restore__nes__l1 calls=1021 margin 10.64->10.59 t=3.5s
[DONE] fit__3507__deblur__confidence_boost__nes__l1 calls=1021 margin 10.64->15.85 t=3.7s
[DONE] fit__4420__denoise__attack__nes__l0.5 calls=1021 margin 0.77->-14.28 t=3.5s
[DONE] fit__4420__denoise__restore__nes__l0.5 calls=1021 margin 0.77->0.22 t=3.4s
[DONE] fit__4420__denoise__confidence_boost__nes__l0.5 calls=1021 margin 0.77->10.07 t=3.5s
[DONE] fit__4420__deblur__attack__nes__l1 calls=1021 margin 7.40->-10.97 t=3.6s
[DONE] fit__4420__deblur__restore__nes__l1 calls=1021 margin 7.40->7.84 t=3.3s
[DONE] fit__4420__deblur__confidence_boost__nes__l1 calls=1021 margin 7.40->14.62 t=3.4s
[DONE] fit__1688__denoise__attack__nes__l0.5 calls=1021 margin 13.61->3.04 t=3.5s
[DONE] fit__1688__denoise__restore__nes__l0.5 calls=1021 margin 13.61->13.41 t=3.6s
[DONE] fit__1688__denoise__confidence_boost__nes__l0.5 calls=1021 margin 13.61->15.66 t=3.3s
[DONE] fit__1688__deblur__attack__nes__l1 calls=1021 margin 12.06->-5.35 t=3.2s
[DONE] fit__1688__deblur__restore__nes__l1 calls=1021 margin 12.06->12.06 t=3.2s
[DONE] fit__1688__deblur__confidence_boost__nes__l1 calls=1021 margin 12.06->16.54 t=3.3s
[DONE] fit__743__denoise__attack__nes__l0.5 calls=1021 margin 2.99->-6.71 t=3.3s
[DONE] fit__743__denoise__restore__nes__l0.5 calls=1021 margin 2.99->2.21 t=2.9s
[DONE] fit__743__denoise__confidence_boost__nes__l0.5 calls=1021 margin 2.99->10.58 t=3.1s
[DONE] fit__743__deblur__attack__nes__l1 calls=1021 margin 9.96->-11.65 t=3.2s
[DONE] fit__743__deblur__restore__nes__l1 calls=1021 margin 9.96->7.46 t=2.6s
[DONE] fit__743__deblur__confidence_boost__nes__l1 calls=1021 margin 9.96->14.82 t=2.7s
[DONE] fit__7703__denoise__attack__nes__l0.5 calls=1021 margin 6.23->-8.35 t=2.7s
[DONE] fit__7703__denoise__restore__nes__l0.5 calls=1021 margin 6.23->4.63 t=2.8s
[DONE] fit__7703__denoise__confidence_boost__nes__l0.5 calls=1021 margin 6.23->12.52 t=3.0s
[DONE] fit__7703__deblur__attack__nes__l1 calls=1021 margin 7.26->-7.25 t=2.9s
[DONE] fit__7703__deblur__restore__nes__l1 calls=1021 margin 7.26->6.14 t=2.8s
[DONE] fit__7703__deblur__confidence_boost__nes__l1 calls=1021 margin 7.26->13.48 t=2.9s
[DONE] fit__4865__denoise__attack__nes__l0.5 calls=1021 margin 3.12->-10.81 t=2.9s
[DONE] fit__4865__denoise__restore__nes__l0.5 calls=1021 margin 3.12->3.09 t=3.0s
[DONE] fit__4865__denoise__confidence_boost__nes__l0.5 calls=1021 margin 3.12->10.15 t=2.9s
[DONE] fit__4865__deblur__attack__nes__l1 calls=1021 margin 0.90->-13.40 t=2.8s
[DONE] fit__4865__deblur__restore__nes__l1 calls=1021 margin 0.90->0.15 t=2.8s
[DONE] fit__4865__deblur__confidence_boost__nes__l1 calls=1021 margin 0.90->11.62 t=2.8s
[DONE] fit__4336__denoise__attack__nes__l0.5 calls=1021 margin 9.51->-4.84 t=2.8s
[DONE] fit__4336__denoise__restore__nes__l0.5 calls=1021 margin 9.51->9.32 t=2.8s
[DONE] fit__4336__denoise__confidence_boost__nes__l0.5 calls=1021 margin 9.51->13.74 t=2.8s
[DONE] fit__4336__deblur__attack__nes__l1 calls=1021 margin 9.82->-6.44 t=2.8s
[DONE] fit__4336__deblur__restore__nes__l1 calls=1021 margin 9.82->11.91 t=2.8s
[DONE] fit__4336__deblur__confidence_boost__nes__l1 calls=1021 margin 9.82->14.47 t=2.4s
