[DONE] evaluation__3568__denoise__attack__nes__l0.5 calls=1021 margin 4.96->-6.51 t=3.0s
[DONE] evaluation__3568__denoise__restore__nes__l0.5 calls=1021 margin 4.96->3.74 t=2.8s
[DONE] evaluation__3568__denoise__confidence_boost__nes__l0.5 calls=1021 margin 4.96->12.84 t=3.2s
[DONE] evaluation__3568__deblur__attack__nes__l1 calls=1021 margin 7.51->-10.84 t=3.1s
[DONE] evaluation__3568__deblur__restore__nes__l1 calls=1021 margin 7.51->6.00 t=3.0s
[DONE] evaluation__3568__deblur__confidence_boost__nes__l1 calls=1021 margin 7.51->15.06 t=2.9s
[DONE] evaluation__7748__denoise__attack__nes__l0.5 calls=1021 margin 6.00->-4.70 t=2.8s
[DONE] evaluation__7748__denoise__restore__nes__l0.5 calls=1021 margin 6.00->5.78 t=2.8s
[DONE] evaluation__7748__denoise__confidence_boost__nes__l0.5 calls=1021 margin 6.00->13.45 t=2.7s
[DONE] evaluation__7748__deblur__attack__nes__l1 calls=1021 margin 7.34->-2.50 t=2.8s
[DONE] evaluation__7748__deblur__restore__nes__l1 calls=1021 margin 7.34->8.56 t=3.1s
[DONE] evaluation__7748__deblur__confidence_boost__nes__l1 calls=1021 margin 7.34->15.70 t=3.3s
[DONE] evaluation__6__denoise__attack__nes__l0.5 calls=1021 margin 1.17->-14.32 t=3.3s
[DONE] evaluation__6__denoise__restore__nes__l0.5 calls=1021 margin 1.17->1.48 t=3.2s
[DONE] evaluation__6__denoise__confidence_boost__nes__l0.5 calls=1021 margin 1.17->10.86 t=3.6s
[DONE] evaluation__6__deblur__attack__nes__l1 calls=1021 margin 0.18->-16.94 t=3.9s
[DONE] evaluation__6__deblur__restore__nes__l1 calls=1021 margin 0.18->0.38 t=3.9s
[DONE] evaluation__6__deblur__confidence_boost__nes__l1 calls=1021 margin 0.18->10.14 t=3.7s
[DONE] evaluation__3020__denoise__attack__nes__l0.5 calls=1021 margin 3.40->-11.15 t=3.8s
[DONE] evaluation__3020__denoise__restore__nes__l0.5 calls=1021 margin 3.40->3.53 t=3.5s
[DONE] evaluation__3020__denoise__confidence_boost__nes__l0.5 calls=1021 margin 3.40->11.55 t=3.6s
[DONE] evaluation__3020__deblur__attack__nes__l1 calls=1021 margin 8.54->-11.90 t=3.4s
[DONE] evaluation__3020__deblur__restore__nes__l1 calls=1021 margin 8.54->6.68 t=3.4s
[DONE] evaluation__3020__deblur__confidence_boost__nes__l1 calls=1021 margin 8.54->14.24 t=3.3s
[DONE] evaluation__8123__denoise__attack__nes__l0.5 calls=1021 margin 4.76->-5.39 t=3.7s
[DONE] evaluation__8123__denoise__restore__nes__l0.5 calls=1021 margin 4.76->5.28 t=3.5s
[DONE] evaluation__8123__denoise__confidence_boost__nes__l0.5 calls=1021 margin 4.76->10.39 t=3.5s
[DONE] evaluation__8123__deblur__attack__nes__l1 calls=1021 margin 1.94->-9.93 t=3.3s
[DONE] evaluation__8123__deblur__restore__nes__l1 calls=1021 margin 1.94->1.45 t=3.1s
[DONE] evaluation__8123__deblur__confidence_boost__nes__l1 calls=1021 margin 1.94->10.64 t=3.8s
[DONE] evaluation__2170__denoise__attack__nes__l0.5 calls=1021 margin 1.85->-13.13 t=3.7s
[DONE] evaluation__2170__denoise__restore__nes__l0.5 calls=1021 margin 1.85->2.81 t=3.7s
[DONE] evaluation__2170__denoise__confidence_boost__nes__l0.5 calls=1021 margin 1.85->11.87 t=3.3s
[DONE] evaluation__2170__deblur__attack__nes__l1 calls=1021 margin 11.69->-15.53 t=3.5s
[DONE] evaluation__2170__deblur__restore__nes__l1 calls=1021 margin 11.69->11.69 t=3.3s
[DONE] evaluation__2170__deblur__confidence_boost__nes__l1 calls=1021 margin 11.69->14.86 t=3.6s
[DONE] evaluation__6981__denoise__attack__nes__l0.5 calls=1021 margin 3.19->-10.46 t=3.6s
[DONE] evaluation__6981__denoise__restore__nes__l0.5 calls=1021 margin 3.19->2.71 t=3.7s
[DONE] evaluation__6981__denoise__confidence_boost__nes__l0.5 calls=1021 margin 3.19->11.77 t=3.9s
[DONE] evaluation__6981__deblur__attack__nes__l1 calls=1021 margin 5.92->-12.65 t=3.7s
[DONE] evaluation__6981__deblur__restore__nes__l1 calls=1021 margin 5.92->6.87 t=3.9s
[DONE] evaluation__6981__deblur__confidence_boost__nes__l1 calls=1021 margin 5.92->15.20 t=3.8s
[DONE] evaluation__294__denoise__attack__nes__l0.5 calls=1021 margin 4.97->-3.21 t=3.8s
[DONE] evaluation__294__denoise__restore__nes__l0.5 calls=1021 margin 4.97->4.31 t=3.3s
[DONE] evaluation__294__denoise__confidence_boost__nes__l0.5 calls=1021 margin 4.97->11.24 t=3.7s
[DONE] evaluation__294__deblur__attack__nes__l1 calls=1021 margin 6.13->-5.24 t=4.0s
[DONE] evaluation__294__deblur__restore__nes__l1 calls=1021 margin 6.13->6.43 t=3.7s
[DONE] evaluation__294__deblur__confidence_boost__nes__l1 calls=1021 margin 6.13->12.96 t=3.7s
[DONE] evaluation__5413__denoise__attack__nes__l0.5 calls=1021 margin 5.02->-6.70 t=3.2s
[DONE] evaluation__5413__denoise__restore__nes__l0.5 calls=1021 margin 5.02->5.34 t=3.7s
[DONE] evaluation__5413__denoise__confidence_boost__nes__l0.5 calls=1021 margin 5.02->12.04 t=3.7s
[DONE] evaluation__5413__deblur__attack__nes__l1 calls=1021 margin 6.78->-11.91 t=3.7s
[DONE] evaluation__5413__deblur__restore__nes__l1 calls=1021 margin 6.78->7.94 t=3.4s
[DONE] evaluation__5413__deblur__confidence_boost__nes__l1 calls=1021 margin 6.78->14.72 t=3.5s
[DONE] evaluation__7518__denoise__attack__nes__l0.5 calls=1021 margin 4.91->-9.76 t=3.7s
[DONE] evaluation__7518__denoise__restore__nes__l0.5 calls=1021 margin 4.91->4.49 t=3.5s
[DONE] evaluation__7518__denoise__confidence_boost__nes__l0.5 calls=1021 margin 4.91->11.79 t=3.8s
[DONE] evaluation__7518__deblur__attack__nes__l1 calls=1021 margin 8.29->-13.41 t=3.8s
[DONE] evaluation__7518__deblur__restore__nes__l1 calls=1021 margin 8.29->8.29 t=3.7s
[DONE] evaluation__7518__deblur__confidence_boost__nes__l1 calls=1021 margin 8.29->15.05 t=3.7s
[DONE] evaluation__3671__denoise__attack__nes__l0.5 calls=1021 margin 5.82->-11.69 t=3.7s
[DONE] evaluation__3671__denoise__restore__nes__l0.5 calls=1021 margin 5.82->5.69 t=3.6s
[DONE] evaluation__3671__denoise__confidence_boost__nes__l0.5 calls=1021 margin 5.82->13.58 t=3.4s
[DONE] evaluation__3671__deblur__attack__nes__l1 calls=1021 margin 5.36->-16.08 t=3.3s
[DONE] evaluation__3671__deblur__restore__nes__l1 calls=1021 margin 5.36->5.36 t=3.2s
[DONE] evaluation__3671__deblur__confidence_boost__nes__l1 calls=1021 margin 5.36->15.75 t=3.2s
[DONE] evaluation__4600__denoise__attack__nes__l0.5 calls=1021 margin 2.86->-7.76 t=3.3s
[DONE] evaluation__4600__denoise__restore__nes__l0.5 calls=1021 margin 2.86->1.01 t=3.6s
[DONE] evaluation__4600__denoise__confidence_boost__nes__l0.5 calls=1021 margin 2.86->13.10 t=3.6s
[DONE] evaluation__4600__deblur__attack__nes__l1 calls=1021 margin 10.21->-10.64 t=3.4s
[DONE] evaluation__4600__deblur__restore__nes__l1 calls=1021 margin 10.21->10.55 t=3.5s
[DONE] evaluation__4600__deblur__confidence_boost__nes__l1 calls=1021 margin 10.21->15.88 t=3.4s
[DONE] evaluation__1290__denoise__attack__nes__l0.5 calls=1021 margin 5.44->-11.04 t=3.5s
[DONE] evaluation__1290__denoise__restore__nes__l0.5 calls=1021 margin 5.44->6.13 t=3.6s
[DONE] evaluation__1290__denoise__confidence_boost__nes__l0.5 calls=1021 margin 5.44->11.59 t=3.7s
[DONE] evaluation__1290__deblur__attack__nes__l1 calls=1021 margin 4.37->-7.51 t=3.6s
[DONE] evaluation__1290__deblur__restore__nes__l1 calls=1021 margin 4.37->4.84 t=3.3s
[DONE] evaluation__1290__deblur__confidence_boost__nes__l1 calls=1021 margin 4.37->14.06 t=4.0s
[DONE] evaluation__4860__denoise__attack__nes__l0.5 calls=1021 margin 5.77->-9.43 t=3.7s
[DONE] evaluation__4860__denoise__restore__nes__l0.5 calls=1021 margin 5.77->5.36 t=3.5s
[DONE] evaluation__4860__denoise__confidence_boost__nes__l0.5 calls=1021 margin 5.77->12.82 t=3.6s
[DONE] evaluation__4860__deblur__attack__nes__l1 calls=1021 margin 7.80->7.80 t=3.4s
[DONE] evaluation__4860__deblur__restore__nes__l1 calls=1021 margin 7.80->7.80 t=3.6s
[DONE] evaluation__4860__deblur__confidence_boost__nes__l1 calls=1021 margin 7.80->15.33 t=3.2s
[DONE] evaluation__9261__denoise__attack__nes__l0.5 calls=1021 margin 2.48->-10.41 t=3.5s
[DONE] evaluation__9261__denoise__restore__nes__l0.5 calls=1021 margin 2.48->4.08 t=3.4s
[DONE] evaluation__9261__denoise__confidence_boost__nes__l0.5 calls=1021 margin 2.48->12.46 t=3.5s
[DONE] evaluation__9261__deblur__attack__nes__l1 calls=1021 margin 8.69->-2.06 t=3.9s
[DONE] evaluation__9261__deblur__restore__nes__l1 calls=1021 margin 8.69->9.14 t=3.2s
[DONE] evaluation__9261__deblur__confidence_boost__nes__l1 calls=1021 margin 8.69->15.63 t=3.6s
[DONE] evaluation__2105__denoise__attack__nes__l0.5 calls=1021 margin 10.33->-2.85 t=3.4s
[DONE] evaluation__2105__denoise__restore__nes__l0.5 calls=1021 margin 10.33->9.58 t=3.3s
[DONE] evaluation__2105__denoise__confidence_boost__nes__l0.5 calls=1021 margin 10.33->15.12 t=3.7s
[DONE] evaluation__2105__deblur__attack__nes__l1 calls=1021 margin 6.94->-12.94 t=3.1s
[DONE] evaluation__2105__deblur__restore__nes__l1 calls=1021 margin 6.94->7.37 t=3.6s
[DONE] evaluation__2105__deblur__confidence_boost__nes__l1 calls=1021 margin 6.94->15.55 t=3.7s
[DONE] evaluation__6192__denoise__attack__nes__l0.5 calls=1021 margin 10.93->-1.41 t=3.4s
[DONE] evaluation__6192__denoise__restore__nes__l0.5 calls=1021 margin 10.93->11.44 t=3.6s
[DONE] evaluation__6192__denoise__confidence_boost__nes__l0.5 calls=1021 margin 10.93->14.32 t=3.4s
[DONE] evaluation__6192__deblur__attack__nes__l1 calls=1021 margin 11.11->-7.32 t=3.7s
[DONE] evaluation__6192__deblur__restore__nes__l1 calls=1021 margin 11.11->13.45 t=3.4s
[DONE] evaluation__6192__deblur__confidence_boost__nes__l1 calls=1021 margin 11.11->16.15 t=3.6s
[DONE] evaluation__56__denoise__attack__nes__l0.5 calls=1021 margin 1.73->-9.69 t=3.3s
[DONE] evaluation__56__denoise__restore__nes__l0.5 calls=1021 margin 1.73->2.79 t=3.4s
[DONE] evaluation__56__denoise__confidence_boost__nes__l0.5 calls=1021 margin 1.73->13.84 t=3.8s
[DONE] evaluation__56__deblur__attack__nes__l1 calls=1021 margin 4.61->-15.67 t=3.8s
[DONE] evaluation__56__deblur__restore__nes__l1 calls=1021 margin 4.61->1.31 t=3.3s
[DONE] evaluation__56__deblur__confidence_boost__nes__l1 calls=1021 margin 4.61->15.32 t=3.4s
[DONE] evaluation__4186__denoise__attack__nes__l0.5 calls=1021 margin 6.91->-11.46 t=3.3s
[DONE] evaluation__4186__denoise__restore__nes__l0.5 calls=1021 margin 6.91->5.10 t=3.6s
[DONE] evaluation__4186__denoise__confidence_boost__nes__l0.5 calls=1021 margin 6.91->15.47 t=3.4s
[DONE] evaluation__4186__deblur__attack__nes__l1 calls=1021 margin 11.74->-4.77 t=4.0s
[DONE] evaluation__4186__deblur__restore__nes__l1 calls=1021 margin 11.74->11.17 t=3.5s
[DONE] evaluation__4186__deblur__confidence_boost__nes__l1 calls=1021 margin 11.74->15.68 t=3.9s
[DONE] evaluation__7762__denoise__attack__nes__l0.5 calls=1021 margin 5.60->-11.94 t=3.4s
[DONE] evaluation__7762__denoise__restore__nes__l0.5 calls=1021 margin 5.60->4.45 t=3.7s
[DONE] evaluation__7762__denoise__confidence_boost__nes__l0.5 calls=1021 margin 5.60->13.51 t=3.8s
[DONE] evaluation__7762__deblur__attack__nes__l1 calls=1021 margin 9.70->-14.37 t=3.5s
[DONE] evaluation__7762__deblur__restore__nes__l1 calls=1021 margin 9.70->7.78 t=3.8s
[DONE] evaluation__7762__deblur__confidence_boost__nes__l1 calls=1021 margin 9.70->15.17 t=3.9s
[DONE] evaluation__1866__denoise__attack__nes__l0.5 calls=1021 margin 4.90->-6.74 t=4.0s
[DONE] evaluation__1866__denoise__restore__nes__l0.5 calls=1021 margin 4.90->3.06 t=4.0s
[DONE] evaluation__1866__denoise__confidence_boost__nes__l0.5 calls=1021 margin 4.90->12.63 t=3.8s
[DONE] evaluation__1866__deblur__attack__nes__l1 calls=1021 margin 12.12->-2.86 t=3.8s
[DONE] evaluation__1866__deblur__restore__nes__l1 calls=1021 margin 12.12->12.23 t=3.9s
[DONE] evaluation__1866__deblur__confidence_boost__nes__l1 calls=1021 margin 12.12->15.09 t=3.8s
[DONE] evaluation__4254__denoise__attack__nes__l0.5 calls=1021 margin 8.10->-5.38 t=3.7s
[DONE] evaluation__4254__denoise__restore__nes__l0.5 calls=1021 margin 8.10->7.36 t=4.1s
[DONE] evaluation__4254__denoise__confidence_boost__nes__l0.5 calls=1021 margin 8.10->13.83 t=3.4s
[DONE] evaluation__4254__deblur__attack__nes__l1 calls=1021 margin 8.65->-10.96 t=3.7s
[DONE] evaluation__4254__deblur__restore__nes__l1 calls=1021 margin 8.65->10.62 t=3.8s
[DONE] evaluation__4254__deblur__confidence_boost__nes__l1 calls=1021 margin 8.65->15.71 t=4.2s
[DONE] evaluation__425__denoise__attack__nes__l0.5 calls=1021 margin 1.86->-10.86 t=4.1s
[DONE] evaluation__425__denoise__restore__nes__l0.5 calls=1021 margin 1.86->1.99 t=3.6s
[DONE] evaluation__425__denoise__confidence_boost__nes__l0.5 calls=1021 margin 1.86->11.62 t=4.0s
[DONE] evaluation__425__deblur__attack__nes__l1 calls=1021 margin 8.65->-8.37 t=3.8s
[DONE] evaluation__425__deblur__restore__nes__l1 calls=1021 margin 8.65->8.23 t=3.2s
[DONE] evaluation__425__deblur__confidence_boost__nes__l1 calls=1021 margin 8.65->14.57 t=3.1s
[DONE] evaluation__5966__denoise__attack__nes__l0.5 calls=1021 margin 7.89->-7.05 t=3.5s
[DONE] evaluation__5966__denoise__restore__nes__l0.5 calls=1021 margin 7.89->7.32 t=3.5s
[DONE] evaluation__5966__denoise__confidence_boost__nes__l0.5 calls=1021 margin 7.89->13.52 t=3.5s
[DONE] evaluation__5966__deblur__attack__nes__l1 calls=1021 margin 12.61->-5.82 t=3.5s
[DONE] evaluation__5966__deblur__restore__nes__l1 calls=1021 margin 12.61->12.37 t=3.1s
[DONE] evaluation__5966__deblur__confidence_boost__nes__l1 calls=1021 margin 12.61->14.46 t=3.3s
[DONE] evaluation__8995__denoise__attack__nes__l0.5 calls=1021 margin 4.84->-6.10 t=3.4s
[DONE] evaluation__8995__denoise__restore__nes__l0.5 calls=1021 margin 4.84->4.98 t=3.5s
[DONE] evaluation__8995__denoise__confidence_boost__nes__l0.5 calls=1021 margin 4.84->11.36 t=3.4s
[DONE] evaluation__8995__deblur__attack__nes__l1 calls=1021 margin 7.33->-13.12 t=3.3s
[DONE] evaluation__8995__deblur__restore__nes__l1 calls=1021 margin 7.33->8.75 t=3.0s
[DONE] evaluation__8995__deblur__confidence_boost__nes__l1 calls=1021 margin 7.33->13.65 t=3.0s
[DONE] fit__4123__denoise__attack__nes__l0.5 calls=1021 margin 3.92->-6.96 t=3.1s
[DONE] fit__4123__denoise__restore__nes__l0.5 calls=1021 margin 3.92->4.25 t=3.4s
[DONE] fit__4123__denoise__confidence_boost__nes__l0.5 calls=1021 margin 3.92->10.21 t=3.6s
[DONE] fit__4123__deblur__attack__nes__l1 calls=1021 margin 6.86->-6.07 t=3.2s
[DONE] fit__4123__deblur__restore__nes__l1 calls=1021 margin 6.86->5.47 t=3.3s
[DONE] fit__4123__deblur__confidence_boost__nes__l1 calls=1021 margin 6.86->12.92 t=3.2s
[DONE] fit__3407__denoise__attack__nes__l0.5 calls=1021 margin 4.85->-4.05 t=3.4s
[DONE] fit__3407__denoise__restore__nes__l0.5 calls=1021 margin 4.85->4.37 t=3.5s
[DONE] fit__3407__denoise__confidence_boost__nes__l0.5 calls=1021 margin 4.85->10.61 t=3.4s
[DONE] fit__3407__deblur__attack__nes__l1 calls=1021 margin 7.73->-6.78 t=3.4s
[DONE] fit__3407__deblur__restore__nes__l1 calls=1021 margin 7.73->7.24 t=3.5s
[DONE] fit__3407__deblur__confidence_boost__nes__l1 calls=1021 margin 7.73->13.28 t=3.8s
[DONE] fit__623__denoise__attack__nes__l0.5 calls=1021 margin 3.68->-5.27 t=3.2s
[DONE] fit__623__denoise__restore__nes__l0.5 calls=1021 margin 3.68->4.65 t=3.3s
[DONE] fit__623__denoise__confidence_boost__nes__l0.5 calls=1021 margin 3.68->10.93 t=3.5s
[DONE] fit__623__deblur__attack__nes__l1 calls=1021 margin 6.68->-6.91 t=3.6s
[DONE] fit__623__deblur__restore__nes__l1 calls=1021 margin 6.68->8.00 t=3.4s
[DONE] fit__623__deblur__confidence_boost__nes__l1 calls=1021 margin 6.68->14.77 t=3.4s
[DONE] fit__9171__denoise__attack__nes__l0.5 calls=1021 margin 9.24->-11.39 t=3.3s
[DONE] fit__9171__denoise__restore__nes__l0.5 calls=1021 margin 9.24->9.53 t=3.4s
[DONE] fit__9171__denoise__confidence_boost__nes__l0.5 calls=1021 margin 9.24->14.83 t=3.8s
[DONE] fit__9171__deblur__attack__nes__l1 calls=1021 margin 13.29->-13.43 t=3.4s
[DONE] fit__9171__deblur__restore__nes__l1 calls=1021 margin 13.29->13.29 t=3.6s
[DONE] fit__9171__deblur__confidence_boost__nes__l1 calls=1021 margin 13.29->15.81 t=3.4s
[DONE] fit__6196__denoise__attack__nes__l0.5 calls=1021 margin 4.17->-11.33 t=3.5s
[DONE] fit__6196__denoise__restore__nes__l0.5 calls=1021 margin 4.17->3.40 t=3.1s
[DONE] fit__6196__denoise__confidence_boost__nes__l0.5 calls=1021 margin 4.17->13.17 t=3.3s
[DONE] fit__6196__deblur__attack__nes__l1 calls=1021 margin 7.42->-9.80 t=3.5s
[DONE] fit__6196__deblur__restore__nes__l1 calls=1021 margin 7.42->7.82 t=3.1s
[DONE] fit__6196__deblur__confidence_boost__nes__l1 calls=1021 margin 7.42->14.75 t=3.0s
[DONE] fit__1928__denoise__attack__nes__l0.5 calls=1021 margin 8.56->-7.69 t=3.6s
[DONE] fit__1928__denoise__restore__nes__l0.5 calls=1021 margin 8.56->8.54 t=3.7s
[DONE] fit__1928__denoise__confidence_boost__nes__l0.5 calls=1021 margin 8.56->14.94 t=3.5s
[DONE] fit__1928__deblur__attack__nes__l1 calls=1021 margin 5.02->-12.91 t=3.5s
[DONE] fit__1928__deblur__restore__nes__l1 calls=1021 margin 5.02->4.72 t=3.3s
[DONE] fit__1928__deblur__confidence_boost__nes__l1 calls=1021 margin 5.02->15.88 t=3.4s
[DONE] fit__4259__denoise__attack__nes__l0.5 calls=1021 margin 0.74->-12.94 t=3.2s
[DONE] fit__4259__denoise__restore__nes__l0.5 calls=1021 margin 0.74->1.94 t=3.8s
[DONE] fit__4259__denoise__confidence_boost__nes__l0.5 calls=1021 margin 0.74->11.47 t=3.8s
[DONE] fit__4259__deblur__attack__nes__l1 calls=1021 margin 6.92->-12.43 t=3.6s
[DONE] fit__4259__deblur__restore__nes__l1 calls=1021 margin 6.92->7.12 t=3.4s
[DONE] fit__4259__deblur__confidence_boost__nes__l1 calls=1021 margin 6.92->15.10 t=3.3s
[DONE] fit__1211__denoise__attack__nes__l0.5 calls=1021 margin 8.98->-7.78 t=3.3s
[DONE] fit__1211__denoise__restore__nes__l0.5 calls=1021 margin 8.98->9.17 t=3.3s
[DONE] fit__1211__denoise__confidence_boost__nes__l0.5 calls=1021 margin 8.98->14.91 t=3.3s
[DONE] fit__1211__deblur__attack__nes__l1 calls=1021 margin 7.52->-13.22 t=3.7s
[DONE] fit__1211__deblur__restore__nes__l1 calls=1021 margin 7.52->7.20 t=3.8s
[DONE] fit__1211__deblur__confidence_boost__nes__l1 calls=1021 margin 7.52->15.21 t=3.7s
[DONE] fit__9721__denoise__attack__nes__l0.5 calls=1021 margin 8.35->-9.93 t=4.1s
[DONE] fit__9721__denoise__restore__nes__l0.5 calls=1021 margin 8.35->8.08 t=3.9s
[DONE] fit__9721__denoise__confidence_boost__nes__l0.5 calls=1021 margin 8.35->15.36 t=3.4s
[DONE] fit__9721__deblur__attack__nes__l1 calls=1021 margin 5.25->-13.07 t=3.2s
[DONE] fit__9721__deblur__restore__nes__l1 calls=1021 margin 5.25->5.25 t=3.4s
[DONE] fit__9721__deblur__confidence_boost__nes__l1 calls=1021 margin 5.25->15.43 t=3.7s
[DONE] fit__5929__denoise__attack__nes__l0.5 calls=1021 margin 3.09->-8.97 t=3.4s
[DONE] fit__5929__denoise__restore__nes__l0.5 calls=1021 margin 3.09->2.43 t=3.3s
[DONE] fit__5929__denoise__confidence_boost__nes__l0.5 calls=1021 margin 3.09->13.36 t=3.3s
[DONE] fit__5929__deblur__attack__nes__l1 calls=1021 margin 4.45->-9.49 t=3.3s
[DONE] fit__5929__deblur__restore__nes__l1 calls=1021 margin 4.45->3.81 t=3.4s
[DONE] fit__5929__deblur__confidence_boost__nes__l1 calls=1021 margin 4.45->13.61 t=3.4s
[DONE] fit__2962__denoise__attack__nes__l0.5 calls=1021 margin 1.02->-10.93 t=3.1s
[DONE] fit__2962__denoise__restore__nes__l0.5 calls=1021 margin 1.02->2.08 t=3.4s
[DONE] fit__2962__denoise__confidence_boost__nes__l0.5 calls=1021 margin 1.02->9.77 t=2.9s
[DONE] fit__2962__deblur__attack__nes__l1 calls=1021 margin 3.56->-13.87 t=2.8s
[DONE] fit__2962__deblur__restore__nes__l1 calls=1021 margin 3.56->4.06 t=2.8s
[DONE] fit__2962__deblur__confidence_boost__nes__l1 calls=1021 margin 3.56->10.22 t=2.8s
[DONE] fit__2467__denoise__attack__nes__l0.5 calls=1021 margin 2.99->-9.83 t=3.1s
[DONE] fit__2467__denoise__restore__nes__l0.5 calls=1021 margin 2.99->2.91 t=3.0s
[DONE] fit__2467__denoise__confidence_boost__nes__l0.5 calls=1021 margin 2.99->11.48 t=2.9s
[DONE] fit__2467__deblur__attack__nes__l1 calls=1021 margin 10.79->-7.81 t=3.0s
[DONE] fit__2467__deblur__restore__nes__l1 calls=1021 margin 10.79->8.49 t=2.9s
[DONE] fit__2467__deblur__confidence_boost__nes__l1 calls=1021 margin 10.79->14.90 t=2.8s
