[DONE] evaluation__3782__denoise__attack__nes__l0.5 calls=1021 margin 6.14->-6.68 t=3.2s
[DONE] evaluation__3782__denoise__restore__nes__l0.5 calls=1021 margin 6.14->5.69 t=2.8s
[DONE] evaluation__3782__denoise__confidence_boost__nes__l0.5 calls=1021 margin 6.14->13.40 t=2.7s
[DONE] evaluation__3782__deblur__attack__nes__l1 calls=1021 margin 6.93->-5.82 t=2.9s
[DONE] evaluation__3782__deblur__restore__nes__l1 calls=1021 margin 6.93->7.87 t=2.9s
[DONE] evaluation__3782__deblur__confidence_boost__nes__l1 calls=1021 margin 6.93->13.65 t=3.1s
[DONE] evaluation__8031__denoise__attack__nes__l0.5 calls=1021 margin 1.63->-8.91 t=3.2s
[DONE] evaluation__8031__denoise__restore__nes__l0.5 calls=1021 margin 1.63->1.47 t=3.1s
[DONE] evaluation__8031__denoise__confidence_boost__nes__l0.5 calls=1021 margin 1.63->10.96 t=3.0s
[DONE] evaluation__8031__deblur__attack__nes__l1 calls=1021 margin 8.75->-13.25 t=3.1s
[DONE] evaluation__8031__deblur__restore__nes__l1 calls=1021 margin 8.75->7.46 t=3.2s
[DONE] evaluation__8031__deblur__confidence_boost__nes__l1 calls=1021 margin 8.75->14.82 t=3.3s
[DONE] evaluation__81__denoise__attack__nes__l0.5 calls=1021 margin 2.65->-7.80 t=3.6s
[DONE] evaluation__81__denoise__restore__nes__l0.5 calls=1021 margin 2.65->3.37 t=3.7s
[DONE] evaluation__81__denoise__confidence_boost__nes__l0.5 calls=1021 margin 2.65->9.21 t=3.7s
[DONE] evaluation__81__deblur__attack__nes__l1 calls=1021 margin 1.67->-9.33 t=3.4s
[DONE] evaluation__81__deblur__restore__nes__l1 calls=1021 margin 1.67->1.32 t=3.3s
[DONE] evaluation__81__deblur__confidence_boost__nes__l1 calls=1021 margin 1.67->9.16 t=3.4s
[DONE] evaluation__5051__denoise__attack__nes__l0.5 calls=1021 margin 2.70->-9.35 t=3.3s
[DONE] evaluation__5051__denoise__restore__nes__l0.5 calls=1021 margin 2.70->2.22 t=3.1s
[DONE] evaluation__5051__denoise__confidence_boost__nes__l0.5 calls=1021 margin 2.70->10.39 t=3.7s
[DONE] evaluation__5051__deblur__attack__nes__l1 calls=1021 margin 8.45->-11.03 t=3.7s
[DONE] evaluation__5051__deblur__restore__nes__l1 calls=1021 margin 8.45->7.34 t=3.5s
[DONE] evaluation__5051__deblur__confidence_boost__nes__l1 calls=1021 margin 8.45->14.24 t=3.5s
[DONE] evaluation__8366__denoise__attack__nes__l0.5 calls=1021 margin 0.99->-8.92 t=3.6s
[DONE] evaluation__8366__denoise__restore__nes__l0.5 calls=1021 margin 0.99->0.91 t=3.6s
[DONE] evaluation__8366__denoise__confidence_boost__nes__l0.5 calls=1021 margin 0.99->9.84 t=3.3s
[DONE] evaluation__8366__deblur__attack__nes__l1 calls=1021 margin 5.37->-9.87 t=3.5s
[DONE] evaluation__8366__deblur__restore__nes__l1 calls=1021 margin 5.37->3.89 t=3.4s
[DONE] evaluation__8366__deblur__confidence_boost__nes__l1 calls=1021 margin 5.37->11.70 t=3.7s
[DONE] evaluation__2774__denoise__attack__nes__l0.5 calls=1021 margin 2.73->-7.73 t=3.8s
[DONE] evaluation__2774__denoise__restore__nes__l0.5 calls=1021 margin 2.73->3.98 t=3.4s
[DONE] evaluation__2774__denoise__confidence_boost__nes__l0.5 calls=1021 margin 2.73->10.68 t=3.6s
[DONE] evaluation__2774__deblur__attack__nes__l1 calls=1021 margin 5.75->-9.69 t=3.3s
[DONE] evaluation__2774__deblur__restore__nes__l1 calls=1021 margin 5.75->5.59 t=3.4s
[DONE] evaluation__2774__deblur__confidence_boost__nes__l1 calls=1021 margin 5.75->14.60 t=3.4s
[DONE] evaluation__7206__denoise__attack__nes__l0.5 calls=1021 margin 3.37->-9.50 t=3.6s
[DONE] evaluation__7206__denoise__restore__nes__l0.5 calls=1021 margin 3.37->2.79 t=3.8s
[DONE] evaluation__7206__denoise__confidence_boost__nes__l0.5 calls=1021 margin 3.37->14.45 t=3.3s
[DONE] evaluation__7206__deblur__attack__nes__l1 calls=1021 margin 5.60->-13.57 t=3.4s
[DONE] evaluation__7206__deblur__restore__nes__l1 calls=1021 margin 5.60->5.60 t=3.5s
[DONE] evaluation__7206__deblur__confidence_boost__nes__l1 calls=1021 margin 5.60->16.25 t=3.5s
[DONE] evaluation__1518__denoise__attack__nes__l0.5 calls=1021 margin 0.23->-11.10 t=3.3s
[DONE] evaluation__1518__denoise__restore__nes__l0.5 calls=1021 margin 0.23->0.70 t=3.7s
[DONE] evaluation__1518__denoise__confidence_boost__nes__l0.5 calls=1021 margin 0.23->10.77 t=3.5s
[DONE] evaluation__1518__deblur__attack__nes__l1 calls=1021 margin 5.52->-6.15 t=3.5s
[DONE] evaluation__1518__deblur__restore__nes__l1 calls=1021 margin 5.52->6.13 t=3.7s
[DONE] evaluation__1518__deblur__confidence_boost__nes__l1 calls=1021 margin 5.52->15.03 t=3.3s
[DONE] evaluation__5655__denoise__attack__nes__l0.5 calls=1021 margin 2.82->-12.45 t=3.2s
[DONE] evaluation__5655__denoise__restore__nes__l0.5 calls=1021 margin 2.82->2.18 t=3.7s
[DONE] evaluation__5655__denoise__confidence_boost__nes__l0.5 calls=1021 margin 2.82->12.29 t=3.5s
[DONE] evaluation__5655__deblur__attack__nes__l1 calls=1021 margin 5.51->-9.68 t=3.4s
[DONE] evaluation__5655__deblur__restore__nes__l1 calls=1021 margin 5.51->6.50 t=4.0s
[DONE] evaluation__5655__deblur__confidence_boost__nes__l1 calls=1021 margin 5.51->13.74 t=3.3s
[DONE] evaluation__8196__denoise__attack__nes__l0.5 calls=1021 margin 3.23->-8.52 t=3.3s
[DONE] evaluation__8196__denoise__restore__nes__l0.5 calls=1021 margin 3.23->2.35 t=3.5s
[DONE] evaluation__8196__denoise__confidence_boost__nes__l0.5 calls=1021 margin 3.23->10.29 t=3.2s
[DONE] evaluation__8196__deblur__attack__nes__l1 calls=1021 margin 7.35->-12.33 t=3.5s
[DONE] evaluation__8196__deblur__restore__nes__l1 calls=1021 margin 7.35->5.45 t=3.1s
[DONE] evaluation__8196__deblur__confidence_boost__nes__l1 calls=1021 margin 7.35->12.59 t=3.4s
[DONE] evaluation__3692__denoise__attack__nes__l0.5 calls=1021 margin 4.46->-10.59 t=3.3s
[DONE] evaluation__3692__denoise__restore__nes__l0.5 calls=1021 margin 4.46->4.82 t=3.3s
[DONE] evaluation__3692__denoise__confidence_boost__nes__l0.5 calls=1021 margin 4.46->15.00 t=3.3s
[DONE] evaluation__3692__deblur__attack__nes__l1 calls=1021 margin 9.22->-12.59 t=3.3s
[DONE] evaluation__3692__deblur__restore__nes__l1 calls=1021 margin 9.22->9.11 t=3.5s
[DONE] evaluation__3692__deblur__confidence_boost__nes__l1 calls=1021 margin 9.22->17.26 t=3.4s
[DONE] evaluation__6005__denoise__attack__nes__l0.5 calls=1021 margin 8.76->-6.94 t=3.3s
[DONE] evaluation__6005__denoise__restore__nes__l0.5 calls=1021 margin 8.76->8.01 t=3.5s
[DONE] evaluation__6005__denoise__confidence_boost__nes__l0.5 calls=1021 margin 8.76->15.08 t=3.3s
[DONE] evaluation__6005__deblur__attack__nes__l1 calls=1021 margin 11.28->-6.64 t=3.0s
[DONE] evaluation__6005__deblur__restore__nes__l1 calls=1021 margin 11.28->11.81 t=3.4s
[DONE] evaluation__6005__deblur__confidence_boost__nes__l1 calls=1021 margin 11.28->15.74 t=3.3s
[DONE] evaluation__1599__denoise__attack__nes__l0.5 calls=1021 margin 1.71->-10.67 t=2.8s
[DONE] evaluation__1599__denoise__restore__nes__l0.5 calls=1021 margin 1.71->1.92 t=3.3s
[DONE] evaluation__1599__denoise__confidence_boost__nes__l0.5 calls=1021 margin 1.71->12.41 t=3.1s
[DONE] evaluation__1599__deblur__attack__nes__l1 calls=1021 margin 14.85->-5.86 t=3.1s
[DONE] evaluation__1599__deblur__restore__nes__l1 calls=1021 margin 14.85->13.47 t=3.1s
[DONE] evaluation__1599__deblur__confidence_boost__nes__l1 calls=1021 margin 14.85->16.17 t=3.2s
[DONE] evaluation__5615__denoise__attack__nes__l0.5 calls=1021 margin 0.92->-13.00 t=3.1s
[DONE] evaluation__5615__denoise__restore__nes__l0.5 calls=1021 margin 0.92->2.26 t=3.3s
[DONE] evaluation__5615__denoise__confidence_boost__nes__l0.5 calls=1021 margin 0.92->9.88 t=3.7s
[DONE] evaluation__5615__deblur__attack__nes__l1 calls=1021 margin 3.54->-11.19 t=3.8s
[DONE] evaluation__5615__deblur__restore__nes__l1 calls=1021 margin 3.54->4.82 t=3.5s
[DONE] evaluation__5615__deblur__confidence_boost__nes__l1 calls=1021 margin 3.54->13.99 t=3.6s
[DONE] evaluation__9410__denoise__attack__nes__l0.5 calls=1021 margin 1.41->-11.66 t=3.3s
[DONE] evaluation__9410__denoise__restore__nes__l0.5 calls=1021 margin 1.41->2.16 t=3.2s
[DONE] evaluation__9410__denoise__confidence_boost__nes__l0.5 calls=1021 margin 1.41->9.91 t=3.0s
[DONE] evaluation__9410__deblur__attack__nes__l1 calls=1021 margin 7.30->-10.93 t=3.3s
[DONE] evaluation__9410__deblur__restore__nes__l1 calls=1021 margin 7.30->7.30 t=3.2s
[DONE] evaluation__9410__deblur__confidence_boost__nes__l1 calls=1021 margin 7.30->14.22 t=3.3s
[DONE] evaluation__2488__denoise__attack__nes__l0.5 calls=1021 margin 11.93->-5.92 t=3.4s
[DONE] evaluation__2488__denoise__restore__nes__l0.5 calls=1021 margin 11.93->11.02 t=3.1s
[DONE] evaluation__2488__denoise__confidence_boost__nes__l0.5 calls=1021 margin 11.93->15.14 t=3.8s
[DONE] evaluation__2488__deblur__attack__nes__l1 calls=1021 margin 10.43->-13.84 t=3.2s
[DONE] evaluation__2488__deblur__restore__nes__l1 calls=1021 margin 10.43->11.55 t=3.1s
[DONE] evaluation__2488__deblur__confidence_boost__nes__l1 calls=1021 margin 10.43->15.95 t=3.4s
[DONE] evaluation__6894__denoise__attack__nes__l0.5 calls=1021 margin 5.16->-10.50 t=3.3s
[DONE] evaluation__6894__denoise__restore__nes__l0.5 calls=1021 margin 5.16->6.14 t=3.4s
[DONE] evaluation__6894__denoise__confidence_boost__nes__l0.5 calls=1021 margin 5.16->14.64 t=3.5s
[DONE] evaluation__6894__deblur__attack__nes__l1 calls=1021 margin 10.29->-9.55 t=3.7s
[DONE] evaluation__6894__deblur__restore__nes__l1 calls=1021 margin 10.29->10.29 t=3.2s
[DONE] evaluation__6894__deblur__confidence_boost__nes__l1 calls=1021 margin 10.29->15.66 t=3.3s
[DONE] evaluation__808__denoise__attack__nes__l0.5 calls=1021 margin 0.02->-9.91 t=3.3s
[DONE] evaluation__808__denoise__restore__nes__l0.5 calls=1021 margin 0.02->0.44 t=3.4s
[DONE] evaluation__808__denoise__confidence_boost__nes__l0.5 calls=1021 margin 0.02->11.47 t=3.5s
[DONE] evaluation__808__deblur__attack__nes__l1 calls=1021 margin 9.61->-9.30 t=3.4s
[DONE] evaluation__808__deblur__restore__nes__l1 calls=1021 margin 9.61->9.35 t=3.2s
[DONE] evaluation__808__deblur__confidence_boost__nes__l1 calls=1021 margin 9.61->14.51 t=3.4s
[DONE] evaluation__5153__denoise__attack__nes__l0.5 calls=1021 margin 6.20->-9.01 t=3.0s
[DONE] evaluation__5153__denoise__restore__nes__l0.5 calls=1021 margin 6.20->6.23 t=3.4s
[DONE] evaluation__5153__denoise__confidence_boost__nes__l0.5 calls=1021 margin 6.20->16.02 t=3.5s
[DONE] evaluation__5153__deblur__attack__nes__l1 calls=1021 margin 11.45->-9.81 t=3.6s
[DONE] evaluation__5153__deblur__restore__nes__l1 calls=1021 margin 11.45->9.41 t=3.9s
[DONE] evaluation__5153__deblur__confidence_boost__nes__l1 calls=1021 margin 11.45->16.88 t=3.7s
[DONE] evaluation__8327__denoise__attack__nes__l0.5 calls=1021 margin 0.14->-11.65 t=3.6s
[DONE] evaluation__8327__denoise__restore__nes__l0.5 calls=1021 margin 0.14->1.46 t=3.5s
[DONE] evaluation__8327__denoise__confidence_boost__nes__l0.5 calls=1021 margin 0.14->10.30 t=3.3s
[DONE] evaluation__8327__deblur__attack__nes__l1 calls=1021 margin 8.87->-9.64 t=3.7s
[DONE] evaluation__8327__deblur__restore__nes__l1 calls=1021 margin 8.87->6.61 t=3.5s
[DONE] evaluation__8327__deblur__confidence_boost__nes__l1 calls=1021 margin 8.87->14.26 t=3.7s
[DONE] evaluation__1897__denoise__attack__nes__l0.5 calls=1021 margin 0.49->-11.31 t=4.2s
[DONE] evaluation__1897__denoise__restore__nes__l0.5 calls=1021 margin 0.49->1.03 t=4.1s
[DONE] evaluation__1897__denoise__confidence_boost__nes__l0.5 calls=1021 margin 0.49->9.99 t=3.4s
[DONE] evaluation__1897__deblur__attack__nes__l1 calls=1021 margin 5.49->-12.87 t=3.9s
[DONE] evaluation__1897__deblur__restore__nes__l1 calls=1021 margin 5.49->4.73 t=3.7s
[DONE] evaluation__1897__deblur__confidence_boost__nes__l1 calls=1021 margin 5.49->15.09 t=3.5s
[DONE] evaluation__4539__denoise__attack__nes__l0.5 calls=1021 margin 3.94->-9.49 t=3.5s
[DONE] evaluation__4539__denoise__restore__nes__l0.5 calls=1021 margin 3.94->4.11 t=3.5s
[DONE] evaluation__4539__denoise__confidence_boost__nes__l0.5 calls=1021 margin 3.94->11.75 t=3.3s
[DONE] evaluation__4539__deblur__attack__nes__l1 calls=1021 margin 5.35->-11.11 t=3.8s
[DONE] evaluation__4539__deblur__restore__nes__l1 calls=1021 margin 5.35->5.79 t=3.6s
[DONE] evaluation__4539__deblur__confidence_boost__nes__l1 calls=1021 margin 5.35->14.69 t=3.4s
[DONE] evaluation__609__denoise__attack__nes__l0.5 calls=1021 margin 7.13->-2.14 t=3.7s
[DONE] evaluation__609__denoise__restore__nes__l0.5 calls=1021 margin 7.13->7.39 t=3.5s
[DONE] evaluation__609__denoise__confidence_boost__nes__l0.5 calls=1021 margin 7.13->12.38 t=3.7s
[DONE] evaluation__609__deblur__attack__nes__l1 calls=1021 margin 11.54->3.34 t=3.6s
[DONE] evaluation__609__deblur__restore__nes__l1 calls=1021 margin 11.54->11.85 t=3.3s
[DONE] evaluation__609__deblur__confidence_boost__nes__l1 calls=1021 margin 11.54->13.99 t=3.2s
[DONE] evaluation__6167__denoise__attack__nes__l0.5 calls=1021 margin 3.39->-11.55 t=3.3s
[DONE] evaluation__6167__denoise__restore__nes__l0.5 calls=1021 margin 3.39->2.38 t=3.2s
[DONE] evaluation__6167__denoise__confidence_boost__nes__l0.5 calls=1021 margin 3.39->11.56 t=3.4s
[DONE] evaluation__6167__deblur__attack__nes__l1 calls=1021 margin 1.47->-17.33 t=3.5s
[DONE] evaluation__6167__deblur__restore__nes__l1 calls=1021 margin 1.47->1.86 t=3.3s
[DONE] evaluation__6167__deblur__confidence_boost__nes__l1 calls=1021 margin 1.47->12.94 t=2.9s
[DONE] evaluation__9060__denoise__attack__nes__l0.5 calls=1021 margin 3.55->-11.50 t=3.1s
[DONE] evaluation__9060__denoise__restore__nes__l0.5 calls=1021 margin 3.55->3.59 t=3.3s
[DONE] evaluation__9060__denoise__confidence_boost__nes__l0.5 calls=1021 margin 3.55->11.32 t=3.4s
[DONE] evaluation__9060__deblur__attack__nes__l1 calls=1021 margin 7.55->-15.69 t=3.2s
[DONE] evaluation__9060__deblur__restore__nes__l1 calls=1021 margin 7.55->6.61 t=3.0s
[DONE] evaluation__9060__deblur__confidence_boost__nes__l1 calls=1021 margin 7.55->14.13 t=3.3s
[DONE] fit__5256__denoise__attack__nes__l0.5 calls=1021 margin 1.61->-9.28 t=3.2s
[DONE] fit__5256__denoise__restore__nes__l0.5 calls=1021 margin 1.61->2.40 t=3.2s
[DONE] fit__5256__denoise__confidence_boost__nes__l0.5 calls=1021 margin 1.61->11.33 t=3.3s
[DONE] fit__5256__deblur__attack__nes__l1 calls=1021 margin 9.57->-11.59 t=3.2s
[DONE] fit__5256__deblur__restore__nes__l1 calls=1021 margin 9.57->8.60 t=3.2s
[DONE] fit__5256__deblur__confidence_boost__nes__l1 calls=1021 margin 9.57->13.55 t=3.1s
[DONE] fit__3647__denoise__attack__nes__l0.5 calls=1021 margin 7.44->-4.01 t=2.8s
[DONE] fit__3647__denoise__restore__nes__l0.5 calls=1021 margin 7.44->5.66 t=3.0s
[DONE] fit__3647__denoise__confidence_boost__nes__l0.5 calls=1021 margin 7.44->12.65 t=3.1s
[DONE] fit__3647__deblur__attack__nes__l1 calls=1021 margin 6.18->-7.39 t=3.1s
[DONE] fit__3647__deblur__restore__nes__l1 calls=1021 margin 6.18->7.49 t=2.9s
[DONE] fit__3647__deblur__confidence_boost__nes__l1 calls=1021 margin 6.18->13.26 t=3.1s
[DONE] fit__1852__denoise__attack__nes__l0.5 calls=1021 margin 6.66->-3.87 t=2.8s
[DONE] fit__1852__denoise__restore__nes__l0.5 calls=1021 margin 6.66->7.13 t=2.7s
[DONE] fit__1852__denoise__confidence_boost__nes__l0.5 calls=1021 margin 6.66->12.33 t=2.8s
[DONE] fit__1852__deblur__attack__nes__l1 calls=1021 margin 7.76->-3.34 t=3.2s
[DONE] fit__1852__deblur__restore__nes__l1 calls=1021 margin 7.76->10.09 t=3.1s
[DONE] fit__1852__deblur__confidence_boost__nes__l1 calls=1021 margin 7.76->14.86 t=3.2s
[DONE] fit__9423__denoise__attack__nes__l0.5 calls=1021 margin 4.38->-13.03 t=3.3s
[DONE] fit__9423__denoise__restore__nes__l0.5 calls=1021 margin 4.38->4.54 t=3.0s
[DONE] fit__9423__denoise__confidence_boost__nes__l0.5 calls=1021 margin 4.38->12.73 t=3.2s
[DONE] fit__9423__deblur__attack__nes__l1 calls=1021 margin 2.34->-11.85 t=3.4s
[DONE] fit__9423__deblur__restore__nes__l1 calls=1021 margin 2.34->2.34 t=3.4s
[DONE] fit__9423__deblur__confidence_boost__nes__l1 calls=1021 margin 2.34->14.91 t=3.3s
[DONE] fit__8204__denoise__attack__nes__l0.5 calls=1021 margin 2.56->-15.52 t=3.4s
[DONE] fit__8204__denoise__restore__nes__l0.5 calls=1021 margin 2.56->1.70 t=3.4s
[DONE] fit__8204__denoise__confidence_boost__nes__l0.5 calls=1021 margin 2.56->12.55 t=3.6s
[DONE] fit__8204__deblur__attack__nes__l1 calls=1021 margin 13.21->-9.29 t=3.4s
[DONE] fit__8204__deblur__restore__nes__l1 calls=1021 margin 13.21->13.48 t=3.0s
[DONE] fit__8204__deblur__confidence_boost__nes__l1 calls=1021 margin 13.21->15.08 t=3.2s
[DONE] fit__3498__denoise__attack__nes__l0.5 calls=1021 margin 3.68->-6.70 t=2.9s
[DONE] fit__3498__denoise__restore__nes__l0.5 calls=1021 margin 3.68->3.58 t=3.0s
[DONE] fit__3498__denoise__confidence_boost__nes__l0.5 calls=1021 margin 3.68->15.19 t=3.0s
[DONE] fit__3498__deblur__attack__nes__l1 calls=1021 margin 12.90->-4.12 t=2.8s
[DONE] fit__3498__deblur__restore__nes__l1 calls=1021 margin 12.90->10.81 t=2.8s
[DONE] fit__3498__deblur__confidence_boost__nes__l1 calls=1021 margin 12.90->16.92 t=3.2s
[DONE] fit__4406__denoise__attack__nes__l0.5 calls=1021 margin 0.66->-12.46 t=3.4s
[DONE] fit__4406__denoise__restore__nes__l0.5 calls=1021 margin 0.66->3.44 t=3.7s
[DONE] fit__4406__denoise__confidence_boost__nes__l0.5 calls=1021 margin 0.66->12.24 t=3.5s
[DONE] fit__4406__deblur__attack__nes__l1 calls=1021 margin 10.91->-6.09 t=3.5s
[DONE] fit__4406__deblur__restore__nes__l1 calls=1021 margin 10.91->11.45 t=3.7s
[DONE] fit__4406__deblur__confidence_boost__nes__l1 calls=1021 margin 10.91->16.08 t=3.3s
[DONE] fit__1436__denoise__attack__nes__l0.5 calls=1021 margin 13.07->-0.52 t=3.5s
[DONE] fit__1436__denoise__restore__nes__l0.5 calls=1021 margin 13.07->13.21 t=3.5s
[DONE] fit__1436__denoise__confidence_boost__nes__l0.5 calls=1021 margin 13.07->15.36 t=3.3s
[DONE] fit__1436__deblur__attack__nes__l1 calls=1021 margin 3.38->-10.67 t=3.1s
[DONE] fit__1436__deblur__restore__nes__l1 calls=1021 margin 3.38->5.63 t=3.2s
[DONE] fit__1436__deblur__confidence_boost__nes__l1 calls=1021 margin 3.38->14.92 t=3.4s
[DONE] fit__9789__denoise__attack__nes__l0.5 calls=1021 margin 9.35->-7.14 t=3.0s
[DONE] fit__9789__denoise__restore__nes__l0.5 calls=1021 margin 9.35->10.67 t=3.4s
[DONE] fit__9789__denoise__confidence_boost__nes__l0.5 calls=1021 margin 9.35->15.54 t=3.4s
[DONE] fit__9789__deblur__attack__nes__l1 calls=1021 margin 9.16->-11.55 t=3.7s
[DONE] fit__9789__deblur__restore__nes__l1 calls=1021 margin 9.16->9.31 t=3.3s
[DONE] fit__9789__deblur__confidence_boost__nes__l1 calls=1021 margin 9.16->16.27 t=3.4s
[DONE] fit__6955__denoise__attack__nes__l0.5 calls=1021 margin 10.44->-5.81 t=3.4s
[DONE] fit__6955__denoise__restore__nes__l0.5 calls=1021 margin 10.44->10.39 t=3.6s
[DONE] fit__6955__denoise__confidence_boost__nes__l0.5 calls=1021 margin 10.44->15.69 t=3.3s
[DONE] fit__6955__deblur__attack__nes__l1 calls=1021 margin 14.62->-9.83 t=3.4s
[DONE] fit__6955__deblur__restore__nes__l1 calls=1021 margin 14.62->12.45 t=3.1s
[DONE] fit__6955__deblur__confidence_boost__nes__l1 calls=1021 margin 14.62->17.06 t=3.1s
[DONE] fit__3686__denoise__attack__nes__l0.5 calls=1021 margin 2.56->-6.46 t=3.0s
[DONE] fit__3686__denoise__restore__nes__l0.5 calls=1021 margin 2.56->2.47 t=3.1s
[DONE] fit__3686__denoise__confidence_boost__nes__l0.5 calls=1021 margin 2.56->10.25 t=3.0s
[DONE] fit__3686__deblur__attack__nes__l1 calls=1021 margin 8.67->-10.52 t=3.2s
[DONE] fit__3686__deblur__restore__nes__l1 calls=1021 margin 8.67->8.47 t=3.2s
[DONE] fit__3686__deblur__confidence_boost__nes__l1 calls=1021 margin 8.67->16.18 t=2.9s
[DONE] fit__3732__denoise__attack__nes__l0.5 calls=1021 margin 6.47->-8.09 t=2.9s
[DONE] fit__3732__denoise__restore__nes__l0.5 calls=1021 margin 6.47->6.89 t=2.9s
[DONE] fit__3732__denoise__confidence_boost__nes__l0.5 calls=1021 margin 6.47->12.88 t=2.7s
[DONE] fit__3732__deblur__attack__nes__l1 calls=1021 margin 6.78->-12.36 t=2.8s
[DONE] fit__3732__deblur__restore__nes__l1 calls=1021 margin 6.78->8.08 t=2.6s
[DONE] fit__3732__deblur__confidence_boost__nes__l1 calls=1021 margin 6.78->14.09 t=2.7s
