[DONE] evaluation__870__clean__lime__r0 q=1000 bl=8 gwad+=-1 del 0.117/0.627 t=90.5s
[DONE] evaluation__870__clean__kernelshap__r0 q=500 bl=3 gwad+=-1 del 0.273/0.621 t=44.5s
[DONE] evaluation__870__clean__occlusion__r0 q=626 bl=2 gwad+=259 del 0.097/0.598 t=56.4s
[DONE] evaluation__870__clean__rise__r0 q=1000 bl=-1 gwad+=-1 del 0.207/0.604 t=89.2s
[DONE] evaluation__1962__clean__lime__r0 q=1000 bl=2 gwad+=-1 del 0.219/0.617 t=94.6s
[DONE] evaluation__1962__clean__kernelshap__r0 q=500 bl=4 gwad+=-1 del 0.705/0.575 t=46.0s
[DONE] evaluation__1962__clean__occlusion__r0 q=626 bl=2 gwad+=259 del 0.303/0.541 t=58.4s
[DONE] evaluation__1962__clean__rise__r0 q=1000 bl=-1 gwad+=-1 del 0.259/0.517 t=94.2s
[DONE] evaluation__3006__clean__lime__r0 q=1000 bl=2 gwad+=-1 del 0.131/0.347 t=93.2s
[DONE] evaluation__3006__clean__kernelshap__r0 q=500 bl=3 gwad+=-1 del 0.102/0.334 t=46.3s
[DONE] evaluation__3006__clean__occlusion__r0 q=626 bl=2 gwad+=348 del 0.037/0.303 t=56.0s
[DONE] evaluation__3006__clean__rise__r0 q=1000 bl=-1 gwad+=-1 del 0.089/0.368 t=87.7s
[DONE] evaluation__5031__clean__lime__r0 q=1000 bl=7 gwad+=-1 del 0.224/0.590 t=87.8s
[DONE] evaluation__5031__clean__kernelshap__r0 q=500 bl=3 gwad+=-1 del 0.215/0.560 t=43.8s
[DONE] evaluation__5031__clean__occlusion__r0 q=626 bl=2 gwad+=259 del 0.054/0.617 t=54.1s
[DONE] evaluation__5031__clean__rise__r0 q=1000 bl=-1 gwad+=-1 del 0.365/0.549 t=86.9s
[DONE] evaluation__5901__clean__lime__r0 q=1000 bl=7 gwad+=-1 del 0.123/0.529 t=87.0s
[DONE] evaluation__5901__clean__kernelshap__r0 q=500 bl=3 gwad+=-1 del 0.829/0.562 t=43.5s
[DONE] evaluation__5901__clean__occlusion__r0 q=626 bl=2 gwad+=259 del 0.282/0.547 t=54.3s
[DONE] evaluation__5901__clean__rise__r0 q=1000 bl=-1 gwad+=-1 del 0.465/0.509 t=86.1s
[DONE] evaluation__6962__clean__lime__r0 q=1000 bl=9 gwad+=-1 del 0.328/0.675 t=88.3s
[DONE] evaluation__6962__clean__kernelshap__r0 q=500 bl=3 gwad+=-1 del 0.384/0.639 t=43.8s
[DONE] evaluation__6962__clean__occlusion__r0 q=626 bl=2 gwad+=259 del 0.595/0.711 t=54.6s
[DONE] evaluation__6962__clean__rise__r0 q=1000 bl=-1 gwad+=-1 del 0.323/0.704 t=88.6s
[DONE] evaluation__7569__clean__lime__r0 q=1000 bl=3 gwad+=-1 del 0.038/0.235 t=87.5s
[DONE] evaluation__7569__clean__kernelshap__r0 q=500 bl=3 gwad+=-1 del 0.044/0.395 t=43.6s
[DONE] evaluation__7569__clean__occlusion__r0 q=626 bl=2 gwad+=259 del 0.035/0.344 t=54.7s
[DONE] evaluation__7569__clean__rise__r0 q=1000 bl=-1 gwad+=-1 del 0.039/0.207 t=88.1s
[DONE] evaluation__8295__clean__lime__r0 q=1000 bl=8 gwad+=-1 del 0.209/0.435 t=86.9s
[DONE] evaluation__8295__clean__kernelshap__r0 q=500 bl=5 gwad+=-1 del 0.326/0.441 t=43.6s
[DONE] evaluation__8295__clean__occlusion__r0 q=626 bl=2 gwad+=260 del 0.158/0.459 t=55.1s
[DONE] evaluation__8295__clean__rise__r0 q=1000 bl=-1 gwad+=-1 del 0.256/0.467 t=87.6s
[DONE] evaluation__10655__clean__lime__r0 q=1000 bl=6 gwad+=-1 del 0.235/0.672 t=87.4s
[DONE] evaluation__10655__clean__kernelshap__r0 q=500 bl=3 gwad+=-1 del 0.577/0.703 t=43.2s
[DONE] evaluation__10655__clean__occlusion__r0 q=626 bl=2 gwad+=259 del 0.272/0.724 t=54.8s
[DONE] evaluation__10655__clean__rise__r0 q=1000 bl=-1 gwad+=-1 del 0.314/0.639 t=88.2s
[DONE] evaluation__12179__clean__lime__r0 q=1000 bl=3 gwad+=-1 del 0.051/0.240 t=92.2s
[DONE] evaluation__12179__clean__kernelshap__r0 q=500 bl=3 gwad+=-1 del 0.027/0.259 t=46.6s
[DONE] evaluation__12179__clean__occlusion__r0 q=626 bl=2 gwad+=259 del 0.024/0.204 t=61.1s
[DONE] evaluation__12179__clean__rise__r0 q=1000 bl=-1 gwad+=-1 del 0.024/0.274 t=104.3s
[DONE] evaluation__13185__clean__lime__r0 q=1000 bl=12 gwad+=-1 del 0.071/0.456 t=106.2s
[DONE] evaluation__13185__clean__kernelshap__r0 q=500 bl=3 gwad+=-1 del 0.086/0.417 t=45.7s
[DONE] evaluation__13185__clean__occlusion__r0 q=626 bl=2 gwad+=259 del 0.232/0.396 t=54.6s
[DONE] evaluation__13185__clean__rise__r0 q=1000 bl=-1 gwad+=-1 del 0.258/0.368 t=87.7s
[DONE] evaluation__13633__clean__lime__r0 q=1000 bl=6 gwad+=-1 del 0.093/0.429 t=87.0s
[DONE] evaluation__13633__clean__kernelshap__r0 q=500 bl=3 gwad+=-1 del 0.173/0.408 t=44.1s
[DONE] evaluation__13633__clean__occlusion__r0 q=626 bl=2 gwad+=259 del 0.279/0.425 t=54.2s
[DONE] evaluation__13633__clean__rise__r0 q=1000 bl=-1 gwad+=-1 del 0.265/0.424 t=87.4s
[DONE] evaluation__15365__clean__lime__r0 q=1000 bl=5 gwad+=-1 del 0.226/0.475 t=87.2s
[DONE] evaluation__15365__clean__kernelshap__r0 q=500 bl=4 gwad+=-1 del 0.189/0.516 t=43.4s
[DONE] evaluation__15365__clean__occlusion__r0 q=626 bl=2 gwad+=259 del 0.081/0.549 t=54.4s
[DONE] evaluation__15365__clean__rise__r0 q=1000 bl=-1 gwad+=-1 del 0.437/0.502 t=87.1s
[DONE] evaluation__16720__clean__lime__r0 q=1000 bl=5 gwad+=-1 del 0.394/0.549 t=86.6s
[DONE] evaluation__16720__clean__kernelshap__r0 q=500 bl=3 gwad+=-1 del 0.553/0.514 t=43.5s
[DONE] evaluation__16720__clean__occlusion__r0 q=626 bl=2 gwad+=259 del 0.467/0.400 t=54.3s
[DONE] evaluation__16720__clean__rise__r0 q=1000 bl=-1 gwad+=-1 del 0.183/0.536 t=86.6s
[DONE] evaluation__19258__clean__lime__r0 q=1000 bl=4 gwad+=-1 del 0.109/0.440 t=87.1s
[DONE] evaluation__19258__clean__kernelshap__r0 q=500 bl=3 gwad+=-1 del 0.437/0.556 t=43.4s
[DONE] evaluation__19258__clean__occlusion__r0 q=626 bl=2 gwad+=259 del 0.417/0.399 t=54.2s
[DONE] evaluation__19258__clean__rise__r0 q=1000 bl=-1 gwad+=-1 del 0.107/0.566 t=86.2s
[DONE] evaluation__20989__clean__lime__r0 q=1000 bl=4 gwad+=-1 del 0.036/0.542 t=86.8s
[DONE] evaluation__20989__clean__kernelshap__r0 q=500 bl=3 gwad+=-1 del 0.296/0.459 t=43.8s
[DONE] evaluation__20989__clean__occlusion__r0 q=626 bl=2 gwad+=259 del 0.593/0.571 t=54.2s
[DONE] evaluation__20989__clean__rise__r0 q=1000 bl=-1 gwad+=-1 del 0.063/0.530 t=86.8s
[DONE] evaluation__23445__clean__lime__r0 q=1000 bl=2 gwad+=-1 del 0.190/0.542 t=87.1s
[DONE] evaluation__23445__clean__kernelshap__r0 q=500 bl=3 gwad+=-1 del 0.557/0.561 t=43.5s
[DONE] evaluation__23445__clean__occlusion__r0 q=626 bl=2 gwad+=259 del 0.324/0.600 t=54.7s
[DONE] evaluation__23445__clean__rise__r0 q=1000 bl=-1 gwad+=-1 del 0.388/0.556 t=86.4s
[DONE] evaluation__25554__clean__lime__r0 q=1000 bl=4 gwad+=-1 del 0.142/0.373 t=89.6s
[DONE] evaluation__25554__clean__kernelshap__r0 q=500 bl=3 gwad+=-1 del 0.122/0.280 t=45.5s
[DONE] evaluation__25554__clean__occlusion__r0 q=626 bl=2 gwad+=259 del 0.147/0.339 t=56.6s
[DONE] evaluation__25554__clean__rise__r0 q=1000 bl=-1 gwad+=-1 del 0.137/0.363 t=87.9s
[DONE] evaluation__26535__clean__lime__r0 q=1000 bl=4 gwad+=-1 del 0.034/0.381 t=88.2s
[DONE] evaluation__26535__clean__kernelshap__r0 q=500 bl=3 gwad+=-1 del 0.118/0.379 t=44.9s
[DONE] evaluation__26535__clean__occlusion__r0 q=626 bl=2 gwad+=259 del 0.088/0.354 t=54.8s
[DONE] evaluation__26535__clean__rise__r0 q=1000 bl=-1 gwad+=-1 del 0.035/0.422 t=87.1s
[DONE] evaluation__27074__clean__lime__r0 q=1000 bl=4 gwad+=-1 del 0.082/0.230 t=89.4s
[DONE] evaluation__27074__clean__kernelshap__r0 q=500 bl=3 gwad+=-1 del 0.082/0.297 t=43.3s
[DONE] evaluation__27074__clean__occlusion__r0 q=626 bl=2 gwad+=259 del 0.030/0.261 t=54.1s
[DONE] evaluation__27074__clean__rise__r0 q=1000 bl=-1 gwad+=-1 del 0.078/0.332 t=88.3s
[DONE] evaluation__27903__clean__lime__r0 q=1000 bl=8 gwad+=-1 del 0.046/0.249 t=87.2s
[DONE] evaluation__27903__clean__kernelshap__r0 q=500 bl=3 gwad+=-1 del 0.072/0.228 t=43.9s
[DONE] evaluation__27903__clean__occlusion__r0 q=626 bl=2 gwad+=259 del 0.052/0.327 t=54.2s
[DONE] evaluation__27903__clean__rise__r0 q=1000 bl=-1 gwad+=-1 del 0.048/0.293 t=86.7s
[DONE] evaluation__29360__clean__lime__r0 q=1000 bl=4 gwad+=-1 del 0.107/0.462 t=86.9s
[DONE] evaluation__29360__clean__kernelshap__r0 q=500 bl=3 gwad+=-1 del 0.172/0.393 t=43.5s
[DONE] evaluation__29360__clean__occlusion__r0 q=626 bl=2 gwad+=259 del 0.040/0.376 t=54.3s
[DONE] evaluation__29360__clean__rise__r0 q=1000 bl=-1 gwad+=-1 del 0.108/0.400 t=85.5s
[DONE] evaluation__30070__clean__lime__r0 q=1000 bl=6 gwad+=-1 del 0.157/0.310 t=88.1s
[DONE] evaluation__30070__clean__kernelshap__r0 q=500 bl=3 gwad+=-1 del 0.056/0.344 t=43.2s
[DONE] evaluation__30070__clean__occlusion__r0 q=626 bl=2 gwad+=259 del 0.055/0.344 t=54.0s
[DONE] evaluation__30070__clean__rise__r0 q=1000 bl=-1 gwad+=-1 del 0.155/0.343 t=85.9s
[DONE] evaluation__31852__clean__lime__r0 q=1000 bl=4 gwad+=-1 del 0.120/0.274 t=87.6s
[DONE] evaluation__31852__clean__kernelshap__r0 q=500 bl=3 gwad+=-1 del 0.042/0.265 t=43.4s
[DONE] evaluation__31852__clean__occlusion__r0 q=626 bl=2 gwad+=259 del 0.076/0.265 t=54.3s
[DONE] evaluation__31852__clean__rise__r0 q=1000 bl=-1 gwad+=-1 del 0.081/0.213 t=88.2s
[DONE] evaluation__33028__clean__lime__r0 q=1000 bl=5 gwad+=-1 del 0.064/0.403 t=92.0s
[DONE] evaluation__33028__clean__kernelshap__r0 q=500 bl=3 gwad+=-1 del 0.128/0.422 t=44.6s
[DONE] evaluation__33028__clean__occlusion__r0 q=626 bl=2 gwad+=259 del 0.037/0.359 t=55.0s
[DONE] evaluation__33028__clean__rise__r0 q=1000 bl=-1 gwad+=-1 del 0.090/0.412 t=89.5s
[DONE] evaluation__36078__clean__lime__r0 q=1000 bl=4 gwad+=-1 del 0.107/0.337 t=91.1s
[DONE] evaluation__36078__clean__kernelshap__r0 q=500 bl=3 gwad+=-1 del 0.300/0.401 t=45.8s
[DONE] evaluation__36078__clean__occlusion__r0 q=626 bl=2 gwad+=-1 del 0.087/0.377 t=57.0s
[DONE] evaluation__36078__clean__rise__r0 q=1000 bl=-1 gwad+=-1 del 0.203/0.393 t=90.4s
[DONE] evaluation__38409__clean__lime__r0 q=1000 bl=2 gwad+=-1 del 0.280/0.588 t=87.6s
[DONE] evaluation__38409__clean__kernelshap__r0 q=500 bl=4 gwad+=-1 del 0.467/0.643 t=44.6s
[DONE] evaluation__38409__clean__occlusion__r0 q=626 bl=2 gwad+=259 del 0.308/0.613 t=54.8s
[DONE] evaluation__38409__clean__rise__r0 q=1000 bl=-1 gwad+=-1 del 0.308/0.642 t=88.2s
[DONE] evaluation__39152__clean__lime__r0 q=1000 bl=2 gwad+=885 del 0.048/0.276 t=87.2s
[DONE] evaluation__39152__clean__kernelshap__r0 q=500 bl=3 gwad+=259 del 0.033/0.183 t=44.0s
[DONE] evaluation__39152__clean__occlusion__r0 q=626 bl=2 gwad+=259 del 0.048/0.303 t=54.9s
[DONE] evaluation__39152__clean__rise__r0 q=1000 bl=-1 gwad+=-1 del 0.028/0.263 t=88.9s
[DONE] evaluation__42472__clean__lime__r0 q=1000 bl=10 gwad+=-1 del 0.170/0.211 t=87.2s
[DONE] evaluation__42472__clean__kernelshap__r0 q=500 bl=3 gwad+=-1 del 0.131/0.224 t=43.4s
[DONE] evaluation__42472__clean__occlusion__r0 q=626 bl=2 gwad+=259 del 0.139/0.150 t=54.1s
[DONE] evaluation__42472__clean__rise__r0 q=1000 bl=-1 gwad+=-1 del 0.064/0.152 t=85.7s
[DONE] evaluation__43001__clean__lime__r0 q=1000 bl=4 gwad+=-1 del 0.229/0.234 t=87.0s
[DONE] evaluation__43001__clean__kernelshap__r0 q=500 bl=3 gwad+=-1 del 0.257/0.222 t=43.3s
[DONE] evaluation__43001__clean__occlusion__r0 q=626 bl=2 gwad+=259 del 0.151/0.275 t=54.2s
[DONE] evaluation__43001__clean__rise__r0 q=1000 bl=-1 gwad+=-1 del 0.121/0.247 t=86.2s
[DONE] evaluation__44154__clean__lime__r0 q=1000 bl=3 gwad+=-1 del 0.328/0.491 t=87.7s
[DONE] evaluation__44154__clean__kernelshap__r0 q=500 bl=3 gwad+=-1 del 0.320/0.465 t=44.2s
[DONE] evaluation__44154__clean__occlusion__r0 q=626 bl=2 gwad+=259 del 0.399/0.464 t=55.8s
[DONE] evaluation__44154__clean__rise__r0 q=1000 bl=-1 gwad+=-1 del 0.357/0.492 t=88.0s
[DONE] evaluation__48319__clean__lime__r0 q=1000 bl=2 gwad+=-1 del 0.054/0.442 t=86.9s
[DONE] evaluation__48319__clean__kernelshap__r0 q=500 bl=3 gwad+=477 del 0.132/0.285 t=43.2s
[DONE] evaluation__48319__clean__occlusion__r0 q=626 bl=2 gwad+=259 del 0.037/0.292 t=54.0s
[DONE] evaluation__48319__clean__rise__r0 q=1000 bl=5 gwad+=-1 del 0.077/0.314 t=85.3s
[DONE] evaluation__48701__clean__lime__r0 q=1000 bl=5 gwad+=-1 del 0.364/0.373 t=87.2s
[DONE] evaluation__48701__clean__kernelshap__r0 q=500 bl=3 gwad+=-1 del 0.332/0.351 t=43.7s
[DONE] evaluation__48701__clean__occlusion__r0 q=626 bl=2 gwad+=259 del 0.263/0.391 t=54.6s
[DONE] evaluation__48701__clean__rise__r0 q=1000 bl=-1 gwad+=-1 del 0.115/0.334 t=86.8s
