[DONE] evaluation__1501__clean__lime__r0 q=1000 bl=4 gwad+=-1 del 0.089/0.369 t=90.9s
[DONE] evaluation__1501__clean__kernelshap__r0 q=500 bl=3 gwad+=-1 del 0.086/0.459 t=45.3s
[DONE] evaluation__1501__clean__occlusion__r0 q=626 bl=2 gwad+=259 del 0.166/0.340 t=56.3s
[DONE] evaluation__1501__clean__rise__r0 q=1000 bl=-1 gwad+=-1 del 0.096/0.367 t=92.0s
[DONE] evaluation__2903__clean__lime__r0 q=1000 bl=2 gwad+=-1 del 0.055/0.473 t=93.0s
[DONE] evaluation__2903__clean__kernelshap__r0 q=500 bl=3 gwad+=-1 del 0.034/0.403 t=45.7s
[DONE] evaluation__2903__clean__occlusion__r0 q=626 bl=2 gwad+=259 del 0.058/0.362 t=59.1s
[DONE] evaluation__2903__clean__rise__r0 q=1000 bl=-1 gwad+=-1 del 0.042/0.516 t=93.0s
[DONE] evaluation__3159__clean__lime__r0 q=1000 bl=5 gwad+=-1 del 0.434/0.815 t=92.1s
[DONE] evaluation__3159__clean__kernelshap__r0 q=500 bl=3 gwad+=-1 del 0.553/0.822 t=45.2s
[DONE] evaluation__3159__clean__occlusion__r0 q=626 bl=2 gwad+=259 del 0.787/0.845 t=54.5s
[DONE] evaluation__3159__clean__rise__r0 q=1000 bl=-1 gwad+=-1 del 0.925/0.798 t=86.9s
[DONE] evaluation__5313__clean__lime__r0 q=1000 bl=4 gwad+=-1 del 0.043/0.333 t=86.7s
[DONE] evaluation__5313__clean__kernelshap__r0 q=500 bl=3 gwad+=-1 del 0.108/0.283 t=43.2s
[DONE] evaluation__5313__clean__occlusion__r0 q=626 bl=2 gwad+=259 del 0.041/0.331 t=54.0s
[DONE] evaluation__5313__clean__rise__r0 q=1000 bl=-1 gwad+=-1 del 0.047/0.292 t=86.6s
[DONE] evaluation__5955__clean__lime__r0 q=1000 bl=5 gwad+=-1 del 0.163/0.417 t=86.8s
[DONE] evaluation__5955__clean__kernelshap__r0 q=500 bl=3 gwad+=-1 del 0.120/0.499 t=44.8s
[DONE] evaluation__5955__clean__occlusion__r0 q=626 bl=2 gwad+=259 del 0.109/0.525 t=54.5s
[DONE] evaluation__5955__clean__rise__r0 q=1000 bl=-1 gwad+=-1 del 0.113/0.429 t=88.3s
[DONE] evaluation__7055__clean__lime__r0 q=1000 bl=5 gwad+=-1 del 0.149/0.596 t=87.2s
[DONE] evaluation__7055__clean__kernelshap__r0 q=500 bl=3 gwad+=-1 del 0.130/0.605 t=44.1s
[DONE] evaluation__7055__clean__occlusion__r0 q=626 bl=2 gwad+=259 del 0.058/0.391 t=54.5s
[DONE] evaluation__7055__clean__rise__r0 q=1000 bl=-1 gwad+=-1 del 0.235/0.562 t=86.6s
[DONE] evaluation__7864__clean__lime__r0 q=1000 bl=6 gwad+=-1 del 0.047/0.444 t=86.9s
[DONE] evaluation__7864__clean__kernelshap__r0 q=500 bl=3 gwad+=-1 del 0.234/0.468 t=45.4s
[DONE] evaluation__7864__clean__occlusion__r0 q=626 bl=2 gwad+=259 del 0.282/0.399 t=53.9s
[DONE] evaluation__7864__clean__rise__r0 q=1000 bl=-1 gwad+=-1 del 0.157/0.526 t=87.9s
[DONE] evaluation__8418__clean__lime__r0 q=1000 bl=7 gwad+=-1 del 0.027/0.358 t=87.2s
[DONE] evaluation__8418__clean__kernelshap__r0 q=500 bl=3 gwad+=-1 del 0.060/0.472 t=44.9s
[DONE] evaluation__8418__clean__occlusion__r0 q=626 bl=2 gwad+=259 del 0.062/0.343 t=55.3s
[DONE] evaluation__8418__clean__rise__r0 q=1000 bl=-1 gwad+=-1 del 0.088/0.400 t=88.1s
[DONE] evaluation__11067__clean__lime__r0 q=1000 bl=7 gwad+=259 del 0.136/0.340 t=86.8s
[DONE] evaluation__11067__clean__kernelshap__r0 q=500 bl=3 gwad+=-1 del 0.165/0.418 t=44.1s
[DONE] evaluation__11067__clean__occlusion__r0 q=626 bl=2 gwad+=259 del 0.183/0.424 t=54.8s
[DONE] evaluation__11067__clean__rise__r0 q=1000 bl=-1 gwad+=-1 del 0.063/0.313 t=88.6s
[DONE] evaluation__12421__clean__lime__r0 q=1000 bl=2 gwad+=-1 del 0.041/0.231 t=93.3s
[DONE] evaluation__12421__clean__kernelshap__r0 q=500 bl=3 gwad+=-1 del 0.121/0.248 t=48.7s
[DONE] evaluation__12421__clean__occlusion__r0 q=626 bl=2 gwad+=274 del 0.045/0.214 t=61.0s
[DONE] evaluation__12421__clean__rise__r0 q=1000 bl=-1 gwad+=-1 del 0.024/0.203 t=99.8s
[DONE] evaluation__13327__clean__lime__r0 q=1000 bl=8 gwad+=-1 del 0.042/0.245 t=100.1s
[DONE] evaluation__13327__clean__kernelshap__r0 q=500 bl=3 gwad+=-1 del 0.190/0.201 t=44.2s
[DONE] evaluation__13327__clean__occlusion__r0 q=626 bl=2 gwad+=259 del 0.055/0.213 t=54.4s
[DONE] evaluation__13327__clean__rise__r0 q=1000 bl=-1 gwad+=-1 del 0.034/0.271 t=87.3s
[DONE] evaluation__13674__clean__lime__r0 q=1000 bl=2 gwad+=260 del 0.027/0.280 t=86.4s
[DONE] evaluation__13674__clean__kernelshap__r0 q=500 bl=3 gwad+=262 del 0.027/0.185 t=43.5s
[DONE] evaluation__13674__clean__occlusion__r0 q=626 bl=2 gwad+=259 del 0.027/0.225 t=54.3s
[DONE] evaluation__13674__clean__rise__r0 q=1000 bl=-1 gwad+=-1 del 0.027/0.258 t=85.5s
[DONE] evaluation__15609__clean__lime__r0 q=1000 bl=5 gwad+=-1 del 0.045/0.344 t=87.4s
[DONE] evaluation__15609__clean__kernelshap__r0 q=500 bl=3 gwad+=-1 del 0.030/0.387 t=44.0s
[DONE] evaluation__15609__clean__occlusion__r0 q=626 bl=2 gwad+=259 del 0.031/0.310 t=54.3s
[DONE] evaluation__15609__clean__rise__r0 q=1000 bl=-1 gwad+=-1 del 0.035/0.383 t=87.7s
[DONE] evaluation__18467__clean__lime__r0 q=1000 bl=4 gwad+=-1 del 0.219/0.186 t=87.5s
[DONE] evaluation__18467__clean__kernelshap__r0 q=500 bl=3 gwad+=-1 del 0.166/0.179 t=43.5s
[DONE] evaluation__18467__clean__occlusion__r0 q=626 bl=2 gwad+=259 del 0.214/0.193 t=54.1s
[DONE] evaluation__18467__clean__rise__r0 q=1000 bl=-1 gwad+=-1 del 0.160/0.166 t=86.0s
[DONE] evaluation__20019__clean__lime__r0 q=1000 bl=6 gwad+=-1 del 0.165/0.528 t=86.7s
[DONE] evaluation__20019__clean__kernelshap__r0 q=500 bl=3 gwad+=-1 del 0.539/0.550 t=43.5s
[DONE] evaluation__20019__clean__occlusion__r0 q=626 bl=2 gwad+=259 del 0.218/0.589 t=54.1s
[DONE] evaluation__20019__clean__rise__r0 q=1000 bl=-1 gwad+=-1 del 0.253/0.518 t=88.1s
[DONE] evaluation__21161__clean__lime__r0 q=1000 bl=5 gwad+=-1 del 0.069/0.404 t=86.8s
[DONE] evaluation__21161__clean__kernelshap__r0 q=500 bl=3 gwad+=-1 del 0.195/0.309 t=43.3s
[DONE] evaluation__21161__clean__occlusion__r0 q=626 bl=2 gwad+=259 del 0.083/0.293 t=54.6s
[DONE] evaluation__21161__clean__rise__r0 q=1000 bl=-1 gwad+=-1 del 0.059/0.321 t=88.2s
[DONE] evaluation__23640__clean__lime__r0 q=1000 bl=3 gwad+=-1 del 0.076/0.190 t=87.2s
[DONE] evaluation__23640__clean__kernelshap__r0 q=500 bl=3 gwad+=-1 del 0.101/0.218 t=43.6s
[DONE] evaluation__23640__clean__occlusion__r0 q=626 bl=2 gwad+=259 del 0.189/0.232 t=54.1s
[DONE] evaluation__23640__clean__rise__r0 q=1000 bl=-1 gwad+=-1 del 0.093/0.189 t=86.5s
[DONE] evaluation__25652__clean__lime__r0 q=1000 bl=4 gwad+=-1 del 0.104/0.461 t=90.3s
[DONE] evaluation__25652__clean__kernelshap__r0 q=500 bl=3 gwad+=-1 del 0.075/0.454 t=45.0s
[DONE] evaluation__25652__clean__occlusion__r0 q=626 bl=2 gwad+=259 del 0.290/0.346 t=56.5s
[DONE] evaluation__25652__clean__rise__r0 q=1000 bl=-1 gwad+=-1 del 0.126/0.365 t=86.4s
[DONE] evaluation__26731__clean__lime__r0 q=1000 bl=6 gwad+=-1 del 0.161/0.433 t=87.0s
[DONE] evaluation__26731__clean__kernelshap__r0 q=500 bl=3 gwad+=-1 del 0.247/0.372 t=44.0s
[DONE] evaluation__26731__clean__occlusion__r0 q=626 bl=2 gwad+=259 del 0.064/0.424 t=55.1s
[DONE] evaluation__26731__clean__rise__r0 q=1000 bl=-1 gwad+=-1 del 0.105/0.416 t=90.4s
[DONE] evaluation__27153__clean__lime__r0 q=1000 bl=6 gwad+=-1 del 0.312/0.601 t=88.1s
[DONE] evaluation__27153__clean__kernelshap__r0 q=500 bl=3 gwad+=-1 del 0.346/0.622 t=43.4s
[DONE] evaluation__27153__clean__occlusion__r0 q=626 bl=2 gwad+=259 del 0.553/0.567 t=54.0s
[DONE] evaluation__27153__clean__rise__r0 q=1000 bl=-1 gwad+=-1 del 0.341/0.596 t=86.7s
[DONE] evaluation__28204__clean__lime__r0 q=1000 bl=4 gwad+=-1 del 0.278/0.467 t=87.1s
[DONE] evaluation__28204__clean__kernelshap__r0 q=500 bl=3 gwad+=-1 del 0.387/0.455 t=43.5s
[DONE] evaluation__28204__clean__occlusion__r0 q=626 bl=2 gwad+=535 del 0.139/0.448 t=54.1s
[DONE] evaluation__28204__clean__rise__r0 q=1000 bl=-1 gwad+=-1 del 0.298/0.391 t=86.9s
[DONE] evaluation__29905__clean__lime__r0 q=1000 bl=3 gwad+=-1 del 0.067/0.180 t=87.0s
[DONE] evaluation__29905__clean__kernelshap__r0 q=500 bl=4 gwad+=-1 del 0.237/0.148 t=43.4s
[DONE] evaluation__29905__clean__occlusion__r0 q=626 bl=2 gwad+=259 del 0.074/0.186 t=54.2s
[DONE] evaluation__29905__clean__rise__r0 q=1000 bl=-1 gwad+=-1 del 0.037/0.218 t=86.2s
[DONE] evaluation__30689__clean__lime__r0 q=1000 bl=9 gwad+=-1 del 0.022/0.083 t=87.0s
[DONE] evaluation__30689__clean__kernelshap__r0 q=500 bl=3 gwad+=-1 del 0.037/0.111 t=43.3s
[DONE] evaluation__30689__clean__occlusion__r0 q=626 bl=2 gwad+=259 del 0.026/0.079 t=54.2s
[DONE] evaluation__30689__clean__rise__r0 q=1000 bl=-1 gwad+=-1 del 0.023/0.078 t=86.5s
[DONE] evaluation__32613__clean__lime__r0 q=1000 bl=9 gwad+=-1 del 0.112/0.393 t=87.3s
[DONE] evaluation__32613__clean__kernelshap__r0 q=500 bl=3 gwad+=-1 del 0.214/0.415 t=43.5s
[DONE] evaluation__32613__clean__occlusion__r0 q=626 bl=2 gwad+=259 del 0.180/0.420 t=54.5s
[DONE] evaluation__32613__clean__rise__r0 q=1000 bl=-1 gwad+=-1 del 0.103/0.367 t=88.9s
[DONE] evaluation__34437__clean__lime__r0 q=1000 bl=3 gwad+=-1 del 0.123/0.449 t=89.9s
[DONE] evaluation__34437__clean__kernelshap__r0 q=500 bl=3 gwad+=-1 del 0.314/0.514 t=43.6s
[DONE] evaluation__34437__clean__occlusion__r0 q=626 bl=2 gwad+=259 del 0.040/0.426 t=55.3s
[DONE] evaluation__34437__clean__rise__r0 q=1000 bl=-1 gwad+=-1 del 0.113/0.476 t=88.1s
[DONE] evaluation__36540__clean__lime__r0 q=1000 bl=2 gwad+=-1 del 0.368/0.600 t=90.4s
[DONE] evaluation__36540__clean__kernelshap__r0 q=500 bl=3 gwad+=-1 del 0.404/0.631 t=45.8s
[DONE] evaluation__36540__clean__occlusion__r0 q=626 bl=2 gwad+=259 del 0.564/0.570 t=57.3s
[DONE] evaluation__36540__clean__rise__r0 q=1000 bl=-1 gwad+=-1 del 0.391/0.608 t=91.0s
[DONE] evaluation__38600__clean__lime__r0 q=1000 bl=5 gwad+=-1 del 0.072/0.348 t=87.4s
[DONE] evaluation__38600__clean__kernelshap__r0 q=500 bl=3 gwad+=-1 del 0.036/0.263 t=44.2s
[DONE] evaluation__38600__clean__occlusion__r0 q=626 bl=2 gwad+=259 del 0.073/0.307 t=55.4s
[DONE] evaluation__38600__clean__rise__r0 q=1000 bl=-1 gwad+=-1 del 0.107/0.304 t=87.6s
[DONE] evaluation__39360__clean__lime__r0 q=1000 bl=7 gwad+=-1 del 0.164/0.262 t=86.8s
[DONE] evaluation__39360__clean__kernelshap__r0 q=500 bl=3 gwad+=-1 del 0.253/0.259 t=44.4s
[DONE] evaluation__39360__clean__occlusion__r0 q=626 bl=2 gwad+=259 del 0.085/0.215 t=54.4s
[DONE] evaluation__39360__clean__rise__r0 q=1000 bl=-1 gwad+=-1 del 0.101/0.224 t=86.5s
[DONE] evaluation__42574__clean__lime__r0 q=1000 bl=7 gwad+=-1 del 0.072/0.234 t=86.4s
[DONE] evaluation__42574__clean__kernelshap__r0 q=500 bl=3 gwad+=-1 del 0.078/0.280 t=44.2s
[DONE] evaluation__42574__clean__occlusion__r0 q=626 bl=2 gwad+=259 del 0.044/0.245 t=54.2s
[DONE] evaluation__42574__clean__rise__r0 q=1000 bl=-1 gwad+=-1 del 0.056/0.253 t=86.1s
[DONE] evaluation__43108__clean__lime__r0 q=1000 bl=7 gwad+=-1 del 0.120/0.457 t=86.9s
[DONE] evaluation__43108__clean__kernelshap__r0 q=500 bl=3 gwad+=259 del 0.087/0.543 t=44.0s
[DONE] evaluation__43108__clean__occlusion__r0 q=626 bl=2 gwad+=259 del 0.058/0.473 t=54.0s
[DONE] evaluation__43108__clean__rise__r0 q=1000 bl=-1 gwad+=-1 del 0.196/0.445 t=85.4s
[DONE] evaluation__44257__clean__lime__r0 q=1000 bl=6 gwad+=-1 del 0.100/0.138 t=87.2s
[DONE] evaluation__44257__clean__kernelshap__r0 q=500 bl=3 gwad+=-1 del 0.054/0.167 t=45.2s
[DONE] evaluation__44257__clean__occlusion__r0 q=626 bl=2 gwad+=259 del 0.041/0.148 t=56.7s
[DONE] evaluation__44257__clean__rise__r0 q=1000 bl=-1 gwad+=-1 del 0.149/0.159 t=86.7s
[DONE] evaluation__48550__clean__lime__r0 q=1000 bl=3 gwad+=-1 del 0.727/0.848 t=86.7s
[DONE] evaluation__48550__clean__kernelshap__r0 q=500 bl=3 gwad+=-1 del 0.527/0.856 t=44.3s
[DONE] evaluation__48550__clean__occlusion__r0 q=626 bl=2 gwad+=519 del 0.579/0.838 t=54.3s
[DONE] evaluation__48550__clean__rise__r0 q=1000 bl=678 gwad+=-1 del 0.803/0.835 t=87.3s
[DONE] evaluation__49054__clean__lime__r0 q=1000 bl=10 gwad+=260 del 0.208/0.388 t=87.3s
[DONE] evaluation__49054__clean__kernelshap__r0 q=500 bl=3 gwad+=-1 del 0.293/0.459 t=43.9s
[DONE] evaluation__49054__clean__occlusion__r0 q=626 bl=2 gwad+=259 del 0.345/0.394 t=54.4s
[DONE] evaluation__49054__clean__rise__r0 q=1000 bl=-1 gwad+=-1 del 0.214/0.437 t=86.2s
