[DONE] evaluation__1504__clean__lime__r0 q=1000 bl=11 gwad+=-1 del 0.096/0.547 t=91.1s
[DONE] evaluation__1504__clean__kernelshap__r0 q=500 bl=3 gwad+=-1 del 0.614/0.501 t=45.2s
[DONE] evaluation__1504__clean__occlusion__r0 q=626 bl=2 gwad+=259 del 0.045/0.425 t=56.9s
[DONE] evaluation__1504__clean__rise__r0 q=1000 bl=-1 gwad+=-1 del 0.110/0.574 t=93.4s
[DONE] evaluation__2943__clean__lime__r0 q=1000 bl=5 gwad+=-1 del 0.029/0.267 t=92.1s
[DONE] evaluation__2943__clean__kernelshap__r0 q=500 bl=5 gwad+=-1 del 0.042/0.302 t=46.5s
[DONE] evaluation__2943__clean__occlusion__r0 q=626 bl=2 gwad+=259 del 0.042/0.257 t=57.3s
[DONE] evaluation__2943__clean__rise__r0 q=1000 bl=-1 gwad+=-1 del 0.027/0.259 t=94.0s
[DONE] evaluation__3180__clean__lime__r0 q=1000 bl=3 gwad+=-1 del 0.351/0.742 t=93.3s
[DONE] evaluation__3180__clean__kernelshap__r0 q=500 bl=4 gwad+=-1 del 0.374/0.748 t=44.0s
[DONE] evaluation__3180__clean__occlusion__r0 q=626 bl=2 gwad+=259 del 0.265/0.718 t=54.1s
[DONE] evaluation__3180__clean__rise__r0 q=1000 bl=-1 gwad+=-1 del 0.534/0.699 t=88.3s
[DONE] evaluation__5347__clean__lime__r0 q=1000 bl=7 gwad+=-1 del 0.105/0.292 t=87.0s
[DONE] evaluation__5347__clean__kernelshap__r0 q=500 bl=3 gwad+=-1 del 0.177/0.426 t=43.2s
[DONE] evaluation__5347__clean__occlusion__r0 q=626 bl=2 gwad+=259 del 0.146/0.298 t=54.0s
[DONE] evaluation__5347__clean__rise__r0 q=1000 bl=-1 gwad+=-1 del 0.187/0.440 t=87.2s
[DONE] evaluation__5979__clean__lime__r0 q=1000 bl=2 gwad+=-1 del 0.385/0.282 t=87.1s
[DONE] evaluation__5979__clean__kernelshap__r0 q=500 bl=3 gwad+=-1 del 0.051/0.322 t=43.3s
[DONE] evaluation__5979__clean__occlusion__r0 q=626 bl=2 gwad+=-1 del 0.034/0.251 t=54.5s
[DONE] evaluation__5979__clean__rise__r0 q=1000 bl=-1 gwad+=-1 del 0.038/0.233 t=87.6s
[DONE] evaluation__7067__clean__lime__r0 q=1000 bl=2 gwad+=-1 del 0.105/0.535 t=87.3s
[DONE] evaluation__7067__clean__kernelshap__r0 q=500 bl=3 gwad+=-1 del 0.265/0.628 t=43.5s
[DONE] evaluation__7067__clean__occlusion__r0 q=626 bl=2 gwad+=259 del 0.058/0.457 t=54.6s
[DONE] evaluation__7067__clean__rise__r0 q=1000 bl=-1 gwad+=-1 del 0.140/0.552 t=86.9s
[DONE] evaluation__7887__clean__lime__r0 q=1000 bl=9 gwad+=-1 del 0.123/0.657 t=86.5s
[DONE] evaluation__7887__clean__kernelshap__r0 q=500 bl=3 gwad+=-1 del 0.889/0.604 t=43.8s
[DONE] evaluation__7887__clean__occlusion__r0 q=626 bl=2 gwad+=259 del 0.607/0.521 t=54.5s
[DONE] evaluation__7887__clean__rise__r0 q=1000 bl=-1 gwad+=-1 del 0.607/0.634 t=87.2s
[DONE] evaluation__8426__clean__lime__r0 q=1000 bl=5 gwad+=-1 del 0.035/0.440 t=87.1s
[DONE] evaluation__8426__clean__kernelshap__r0 q=500 bl=3 gwad+=-1 del 0.179/0.453 t=44.1s
[DONE] evaluation__8426__clean__occlusion__r0 q=626 bl=2 gwad+=314 del 0.039/0.369 t=54.2s
[DONE] evaluation__8426__clean__rise__r0 q=1000 bl=-1 gwad+=-1 del 0.044/0.394 t=87.8s
[DONE] evaluation__11082__clean__lime__r0 q=1000 bl=4 gwad+=-1 del 0.112/0.580 t=87.0s
[DONE] evaluation__11082__clean__kernelshap__r0 q=500 bl=3 gwad+=-1 del 0.635/0.546 t=43.8s
[DONE] evaluation__11082__clean__occlusion__r0 q=626 bl=2 gwad+=259 del 0.261/0.481 t=54.8s
[DONE] evaluation__11082__clean__rise__r0 q=1000 bl=-1 gwad+=-1 del 0.103/0.559 t=89.5s
[DONE] evaluation__12430__clean__lime__r0 q=1000 bl=6 gwad+=-1 del 0.100/0.254 t=94.2s
[DONE] evaluation__12430__clean__kernelshap__r0 q=500 bl=3 gwad+=-1 del 0.105/0.257 t=49.8s
[DONE] evaluation__12430__clean__occlusion__r0 q=626 bl=2 gwad+=259 del 0.109/0.282 t=65.6s
[DONE] evaluation__12430__clean__rise__r0 q=1000 bl=-1 gwad+=-1 del 0.120/0.268 t=100.2s
[DONE] evaluation__13333__clean__lime__r0 q=1000 bl=5 gwad+=-1 del 0.130/0.228 t=95.8s
[DONE] evaluation__13333__clean__kernelshap__r0 q=500 bl=3 gwad+=-1 del 0.095/0.242 t=43.7s
[DONE] evaluation__13333__clean__occlusion__r0 q=626 bl=2 gwad+=259 del 0.136/0.310 t=54.5s
[DONE] evaluation__13333__clean__rise__r0 q=1000 bl=-1 gwad+=-1 del 0.139/0.245 t=86.4s
[DONE] evaluation__13687__clean__lime__r0 q=1000 bl=5 gwad+=-1 del 0.100/0.443 t=87.1s
[DONE] evaluation__13687__clean__kernelshap__r0 q=500 bl=3 gwad+=-1 del 0.119/0.449 t=43.3s
[DONE] evaluation__13687__clean__occlusion__r0 q=626 bl=2 gwad+=259 del 0.041/0.513 t=54.3s
[DONE] evaluation__13687__clean__rise__r0 q=1000 bl=-1 gwad+=-1 del 0.131/0.399 t=86.3s
[DONE] evaluation__15617__clean__lime__r0 q=1000 bl=2 gwad+=-1 del 0.234/0.275 t=87.0s
[DONE] evaluation__15617__clean__kernelshap__r0 q=500 bl=3 gwad+=-1 del 0.122/0.312 t=43.6s
[DONE] evaluation__15617__clean__occlusion__r0 q=626 bl=2 gwad+=259 del 0.138/0.294 t=55.0s
[DONE] evaluation__15617__clean__rise__r0 q=1000 bl=-1 gwad+=-1 del 0.098/0.333 t=87.1s
[DONE] evaluation__18475__clean__lime__r0 q=1000 bl=3 gwad+=-1 del 0.038/0.196 t=86.9s
[DONE] evaluation__18475__clean__kernelshap__r0 q=500 bl=3 gwad+=-1 del 0.199/0.228 t=43.1s
[DONE] evaluation__18475__clean__occlusion__r0 q=626 bl=2 gwad+=259 del 0.050/0.220 t=54.3s
[DONE] evaluation__18475__clean__rise__r0 q=1000 bl=-1 gwad+=-1 del 0.107/0.210 t=85.8s
[DONE] evaluation__20046__clean__lime__r0 q=1000 bl=4 gwad+=-1 del 0.052/0.215 t=86.9s
[DONE] evaluation__20046__clean__kernelshap__r0 q=500 bl=3 gwad+=-1 del 0.202/0.199 t=43.2s
[DONE] evaluation__20046__clean__occlusion__r0 q=626 bl=2 gwad+=259 del 0.230/0.279 t=53.8s
[DONE] evaluation__20046__clean__rise__r0 q=1000 bl=-1 gwad+=-1 del 0.036/0.266 t=86.2s
[DONE] evaluation__21183__clean__lime__r0 q=1000 bl=3 gwad+=-1 del 0.091/0.331 t=87.1s
[DONE] evaluation__21183__clean__kernelshap__r0 q=500 bl=3 gwad+=-1 del 0.102/0.276 t=43.3s
[DONE] evaluation__21183__clean__occlusion__r0 q=626 bl=2 gwad+=259 del 0.042/0.342 t=54.6s
[DONE] evaluation__21183__clean__rise__r0 q=1000 bl=-1 gwad+=-1 del 0.072/0.307 t=86.7s
[DONE] evaluation__23643__clean__lime__r0 q=1000 bl=6 gwad+=-1 del 0.098/0.366 t=87.6s
[DONE] evaluation__23643__clean__kernelshap__r0 q=500 bl=3 gwad+=-1 del 0.135/0.223 t=43.2s
[DONE] evaluation__23643__clean__occlusion__r0 q=626 bl=2 gwad+=259 del 0.043/0.287 t=54.0s
[DONE] evaluation__23643__clean__rise__r0 q=1000 bl=-1 gwad+=-1 del 0.136/0.330 t=87.0s
[DONE] evaluation__25665__clean__lime__r0 q=1000 bl=5 gwad+=-1 del 0.023/0.156 t=90.9s
[DONE] evaluation__25665__clean__kernelshap__r0 q=500 bl=3 gwad+=-1 del 0.023/0.265 t=45.9s
[DONE] evaluation__25665__clean__occlusion__r0 q=626 bl=2 gwad+=259 del 0.023/0.191 t=55.9s
[DONE] evaluation__25665__clean__rise__r0 q=1000 bl=-1 gwad+=-1 del 0.023/0.275 t=86.5s
[DONE] evaluation__26742__clean__lime__r0 q=1000 bl=5 gwad+=-1 del 0.024/0.083 t=88.5s
[DONE] evaluation__26742__clean__kernelshap__r0 q=500 bl=3 gwad+=-1 del 0.019/0.063 t=43.7s
[DONE] evaluation__26742__clean__occlusion__r0 q=626 bl=2 gwad+=259 del 0.020/0.082 t=54.7s
[DONE] evaluation__26742__clean__rise__r0 q=1000 bl=-1 gwad+=-1 del 0.020/0.075 t=90.6s
[DONE] evaluation__27188__clean__lime__r0 q=1000 bl=4 gwad+=-1 del 0.363/0.518 t=87.2s
[DONE] evaluation__27188__clean__kernelshap__r0 q=500 bl=3 gwad+=-1 del 0.315/0.463 t=43.4s
[DONE] evaluation__27188__clean__occlusion__r0 q=626 bl=2 gwad+=259 del 0.218/0.535 t=54.4s
[DONE] evaluation__27188__clean__rise__r0 q=1000 bl=-1 gwad+=-1 del 0.321/0.498 t=86.5s
[DONE] evaluation__28228__clean__lime__r0 q=1000 bl=5 gwad+=-1 del 0.323/0.469 t=88.5s
[DONE] evaluation__28228__clean__kernelshap__r0 q=500 bl=4 gwad+=-1 del 0.428/0.503 t=43.7s
[DONE] evaluation__28228__clean__occlusion__r0 q=626 bl=2 gwad+=584 del 0.237/0.388 t=54.5s
[DONE] evaluation__28228__clean__rise__r0 q=1000 bl=-1 gwad+=-1 del 0.418/0.468 t=86.9s
[DONE] evaluation__29917__clean__lime__r0 q=1000 bl=5 gwad+=-1 del 0.221/0.249 t=87.0s
[DONE] evaluation__29917__clean__kernelshap__r0 q=500 bl=3 gwad+=-1 del 0.304/0.316 t=43.3s
[DONE] evaluation__29917__clean__occlusion__r0 q=626 bl=2 gwad+=259 del 0.391/0.281 t=54.3s
[DONE] evaluation__29917__clean__rise__r0 q=1000 bl=-1 gwad+=-1 del 0.152/0.269 t=85.8s
[DONE] evaluation__30699__clean__lime__r0 q=1000 bl=3 gwad+=-1 del 0.269/0.514 t=88.0s
[DONE] evaluation__30699__clean__kernelshap__r0 q=500 bl=3 gwad+=-1 del 0.380/0.532 t=43.3s
[DONE] evaluation__30699__clean__occlusion__r0 q=626 bl=2 gwad+=259 del 0.305/0.548 t=54.1s
[DONE] evaluation__30699__clean__rise__r0 q=1000 bl=-1 gwad+=-1 del 0.600/0.584 t=86.4s
[DONE] evaluation__32644__clean__lime__r0 q=1000 bl=3 gwad+=-1 del 0.046/0.443 t=87.1s
[DONE] evaluation__32644__clean__kernelshap__r0 q=500 bl=3 gwad+=-1 del 0.064/0.349 t=43.3s
[DONE] evaluation__32644__clean__occlusion__r0 q=626 bl=2 gwad+=259 del 0.038/0.416 t=54.3s
[DONE] evaluation__32644__clean__rise__r0 q=1000 bl=-1 gwad+=-1 del 0.094/0.433 t=88.9s
[DONE] evaluation__34445__clean__lime__r0 q=1000 bl=7 gwad+=-1 del 0.187/0.407 t=89.7s
[DONE] evaluation__34445__clean__kernelshap__r0 q=500 bl=3 gwad+=-1 del 0.353/0.443 t=43.5s
[DONE] evaluation__34445__clean__occlusion__r0 q=626 bl=2 gwad+=259 del 0.269/0.412 t=56.3s
[DONE] evaluation__34445__clean__rise__r0 q=1000 bl=-1 gwad+=-1 del 0.208/0.399 t=90.0s
[DONE] evaluation__36547__clean__lime__r0 q=1000 bl=3 gwad+=-1 del 0.334/0.508 t=91.5s
[DONE] evaluation__36547__clean__kernelshap__r0 q=500 bl=3 gwad+=-1 del 0.339/0.544 t=45.7s
[DONE] evaluation__36547__clean__occlusion__r0 q=626 bl=2 gwad+=259 del 0.326/0.562 t=57.3s
[DONE] evaluation__36547__clean__rise__r0 q=1000 bl=-1 gwad+=-1 del 0.299/0.589 t=89.5s
[DONE] evaluation__38643__clean__lime__r0 q=1000 bl=2 gwad+=307 del 0.098/0.573 t=88.1s
[DONE] evaluation__38643__clean__kernelshap__r0 q=500 bl=3 gwad+=259 del 0.137/0.664 t=43.1s
[DONE] evaluation__38643__clean__occlusion__r0 q=626 bl=2 gwad+=259 del 0.166/0.621 t=55.6s
[DONE] evaluation__38643__clean__rise__r0 q=1000 bl=654 gwad+=-1 del 0.276/0.640 t=85.3s
[DONE] evaluation__39372__clean__lime__r0 q=1000 bl=3 gwad+=-1 del 0.294/0.217 t=86.8s
[DONE] evaluation__39372__clean__kernelshap__r0 q=500 bl=3 gwad+=-1 del 0.077/0.222 t=43.5s
[DONE] evaluation__39372__clean__occlusion__r0 q=626 bl=2 gwad+=259 del 0.043/0.169 t=54.1s
[DONE] evaluation__39372__clean__rise__r0 q=1000 bl=-1 gwad+=-1 del 0.076/0.169 t=86.3s
[DONE] evaluation__42595__clean__lime__r0 q=1000 bl=6 gwad+=-1 del 0.026/0.101 t=86.8s
[DONE] evaluation__42595__clean__kernelshap__r0 q=500 bl=3 gwad+=-1 del 0.031/0.093 t=43.4s
[DONE] evaluation__42595__clean__occlusion__r0 q=626 bl=2 gwad+=259 del 0.020/0.083 t=54.1s
[DONE] evaluation__42595__clean__rise__r0 q=1000 bl=-1 gwad+=-1 del 0.018/0.061 t=86.3s
[DONE] evaluation__43112__clean__lime__r0 q=1000 bl=7 gwad+=-1 del 0.110/0.383 t=90.5s
[DONE] evaluation__43112__clean__kernelshap__r0 q=500 bl=3 gwad+=-1 del 0.135/0.568 t=43.3s
[DONE] evaluation__43112__clean__occlusion__r0 q=626 bl=2 gwad+=259 del 0.102/0.525 t=53.8s
[DONE] evaluation__43112__clean__rise__r0 q=1000 bl=-1 gwad+=-1 del 0.300/0.578 t=85.7s
[DONE] evaluation__44275__clean__lime__r0 q=1000 bl=6 gwad+=-1 del 0.220/0.491 t=89.1s
[DONE] evaluation__44275__clean__kernelshap__r0 q=500 bl=3 gwad+=-1 del 0.199/0.433 t=44.7s
[DONE] evaluation__44275__clean__occlusion__r0 q=626 bl=2 gwad+=259 del 0.164/0.501 t=55.2s
[DONE] evaluation__44275__clean__rise__r0 q=1000 bl=-1 gwad+=-1 del 0.312/0.566 t=86.5s
[DONE] evaluation__48580__clean__lime__r0 q=1000 bl=3 gwad+=-1 del 0.053/0.495 t=86.9s
[DONE] evaluation__48580__clean__kernelshap__r0 q=500 bl=3 gwad+=-1 del 0.083/0.442 t=43.5s
[DONE] evaluation__48580__clean__occlusion__r0 q=626 bl=2 gwad+=259 del 0.038/0.465 t=54.2s
[DONE] evaluation__48580__clean__rise__r0 q=1000 bl=-1 gwad+=-1 del 0.068/0.538 t=86.3s
[DONE] evaluation__49089__clean__lime__r0 q=1000 bl=5 gwad+=-1 del 0.148/0.244 t=87.8s
[DONE] evaluation__49089__clean__kernelshap__r0 q=500 bl=3 gwad+=375 del 0.219/0.230 t=43.5s
[DONE] evaluation__49089__clean__occlusion__r0 q=626 bl=2 gwad+=259 del 0.102/0.197 t=54.7s
[DONE] evaluation__49089__clean__rise__r0 q=1000 bl=-1 gwad+=-1 del 0.095/0.228 t=85.8s
