[DONE] evaluation__171__clean__lime__r0 q=1000 bl=6 gwad+=-1 del 0.255/0.428 t=88.1s
[DONE] evaluation__171__clean__kernelshap__r0 q=500 bl=3 gwad+=-1 del 0.115/0.491 t=44.3s
[DONE] evaluation__171__clean__occlusion__r0 q=626 bl=2 gwad+=259 del 0.540/0.347 t=55.3s
[DONE] evaluation__171__clean__rise__r0 q=1000 bl=85 gwad+=-1 del 0.140/0.513 t=88.7s
[DONE] evaluation__1929__clean__lime__r0 q=1000 bl=3 gwad+=-1 del 0.230/0.636 t=92.1s
[DONE] evaluation__1929__clean__kernelshap__r0 q=500 bl=3 gwad+=-1 del 0.746/0.573 t=47.4s
[DONE] evaluation__1929__clean__occlusion__r0 q=626 bl=2 gwad+=-1 del 0.138/0.668 t=57.3s
[DONE] evaluation__1929__clean__rise__r0 q=1000 bl=-1 gwad+=-1 del 0.170/0.569 t=94.1s
[DONE] evaluation__2963__clean__lime__r0 q=1000 bl=6 gwad+=-1 del 0.041/0.490 t=93.9s
[DONE] evaluation__2963__clean__kernelshap__r0 q=500 bl=3 gwad+=-1 del 0.042/0.560 t=46.8s
[DONE] evaluation__2963__clean__occlusion__r0 q=626 bl=2 gwad+=315 del 0.042/0.510 t=57.8s
[DONE] evaluation__2963__clean__rise__r0 q=1000 bl=-1 gwad+=-1 del 0.051/0.433 t=88.0s
[DONE] evaluation__4076__clean__lime__r0 q=1000 bl=2 gwad+=260 del 0.068/0.264 t=87.0s
[DONE] evaluation__4076__clean__kernelshap__r0 q=500 bl=3 gwad+=-1 del 0.027/0.324 t=44.2s
[DONE] evaluation__4076__clean__occlusion__r0 q=626 bl=2 gwad+=-1 del 0.027/0.238 t=54.6s
[DONE] evaluation__4076__clean__rise__r0 q=1000 bl=-1 gwad+=-1 del 0.038/0.348 t=87.0s
[DONE] evaluation__5401__clean__lime__r0 q=1000 bl=5 gwad+=-1 del 0.260/0.349 t=87.3s
[DONE] evaluation__5401__clean__kernelshap__r0 q=500 bl=3 gwad+=-1 del 0.210/0.387 t=43.8s
[DONE] evaluation__5401__clean__occlusion__r0 q=626 bl=2 gwad+=259 del 0.169/0.348 t=54.0s
[DONE] evaluation__5401__clean__rise__r0 q=1000 bl=-1 gwad+=-1 del 0.197/0.365 t=85.8s
[DONE] evaluation__6726__clean__lime__r0 q=1000 bl=6 gwad+=-1 del 0.022/0.397 t=87.2s
[DONE] evaluation__6726__clean__kernelshap__r0 q=500 bl=3 gwad+=-1 del 0.030/0.314 t=44.3s
[DONE] evaluation__6726__clean__occlusion__r0 q=626 bl=2 gwad+=259 del 0.023/0.315 t=54.5s
[DONE] evaluation__6726__clean__rise__r0 q=1000 bl=-1 gwad+=-1 del 0.089/0.334 t=86.9s
[DONE] evaluation__7427__clean__lime__r0 q=1000 bl=2 gwad+=-1 del 0.054/0.378 t=86.4s
[DONE] evaluation__7427__clean__kernelshap__r0 q=500 bl=3 gwad+=-1 del 0.073/0.356 t=43.4s
[DONE] evaluation__7427__clean__occlusion__r0 q=626 bl=2 gwad+=259 del 0.031/0.384 t=54.2s
[DONE] evaluation__7427__clean__rise__r0 q=1000 bl=-1 gwad+=-1 del 0.227/0.422 t=86.1s
[DONE] evaluation__7963__clean__lime__r0 q=1000 bl=7 gwad+=-1 del 0.057/0.128 t=87.3s
[DONE] evaluation__7963__clean__kernelshap__r0 q=500 bl=3 gwad+=-1 del 0.045/0.175 t=43.2s
[DONE] evaluation__7963__clean__occlusion__r0 q=626 bl=2 gwad+=259 del 0.051/0.142 t=54.3s
[DONE] evaluation__7963__clean__rise__r0 q=1000 bl=-1 gwad+=-1 del 0.044/0.142 t=86.8s
[DONE] evaluation__10590__clean__lime__r0 q=1000 bl=7 gwad+=-1 del 0.169/0.273 t=87.5s
[DONE] evaluation__10590__clean__kernelshap__r0 q=500 bl=3 gwad+=-1 del 0.185/0.283 t=44.4s
[DONE] evaluation__10590__clean__occlusion__r0 q=626 bl=2 gwad+=259 del 0.104/0.271 t=54.4s
[DONE] evaluation__10590__clean__rise__r0 q=1000 bl=-1 gwad+=-1 del 0.249/0.333 t=86.8s
[DONE] evaluation__11873__clean__lime__r0 q=1000 bl=4 gwad+=-1 del 0.284/0.695 t=88.7s
[DONE] evaluation__11873__clean__kernelshap__r0 q=500 bl=3 gwad+=-1 del 0.704/0.598 t=46.9s
[DONE] evaluation__11873__clean__occlusion__r0 q=626 bl=2 gwad+=259 del 0.587/0.552 t=58.3s
[DONE] evaluation__11873__clean__rise__r0 q=1000 bl=-1 gwad+=-1 del 0.550/0.600 t=98.5s
[DONE] evaluation__13106__clean__lime__r0 q=1000 bl=4 gwad+=-1 del 0.075/0.302 t=104.0s
[DONE] evaluation__13106__clean__kernelshap__r0 q=500 bl=3 gwad+=-1 del 0.311/0.308 t=53.9s
[DONE] evaluation__13106__clean__occlusion__r0 q=626 bl=2 gwad+=259 del 0.044/0.270 t=58.8s
[DONE] evaluation__13106__clean__rise__r0 q=1000 bl=-1 gwad+=-1 del 0.020/0.436 t=85.8s
[DONE] evaluation__13553__clean__lime__r0 q=1000 bl=3 gwad+=-1 del 0.170/0.565 t=87.0s
[DONE] evaluation__13553__clean__kernelshap__r0 q=500 bl=3 gwad+=-1 del 0.586/0.575 t=43.5s
[DONE] evaluation__13553__clean__occlusion__r0 q=626 bl=2 gwad+=259 del 0.179/0.548 t=55.3s
[DONE] evaluation__13553__clean__rise__r0 q=1000 bl=-1 gwad+=-1 del 0.392/0.581 t=86.7s
[DONE] evaluation__14254__clean__lime__r0 q=1000 bl=4 gwad+=-1 del 0.036/0.324 t=86.5s
[DONE] evaluation__14254__clean__kernelshap__r0 q=500 bl=3 gwad+=-1 del 0.210/0.391 t=43.6s
[DONE] evaluation__14254__clean__occlusion__r0 q=626 bl=2 gwad+=259 del 0.050/0.355 t=54.1s
[DONE] evaluation__14254__clean__rise__r0 q=1000 bl=-1 gwad+=-1 del 0.093/0.301 t=86.1s
[DONE] evaluation__16027__clean__lime__r0 q=1000 bl=4 gwad+=-1 del 0.122/0.471 t=86.8s
[DONE] evaluation__16027__clean__kernelshap__r0 q=500 bl=3 gwad+=-1 del 0.084/0.522 t=43.4s
[DONE] evaluation__16027__clean__occlusion__r0 q=626 bl=2 gwad+=259 del 0.289/0.466 t=53.8s
[DONE] evaluation__16027__clean__rise__r0 q=1000 bl=-1 gwad+=-1 del 0.194/0.560 t=87.0s
[DONE] evaluation__18802__clean__lime__r0 q=1000 bl=6 gwad+=-1 del 0.216/0.659 t=87.0s
[DONE] evaluation__18802__clean__kernelshap__r0 q=500 bl=3 gwad+=-1 del 0.280/0.670 t=43.2s
[DONE] evaluation__18802__clean__occlusion__r0 q=626 bl=2 gwad+=259 del 0.564/0.646 t=54.4s
[DONE] evaluation__18802__clean__rise__r0 q=1000 bl=-1 gwad+=-1 del 0.410/0.673 t=85.8s
[DONE] evaluation__20085__clean__lime__r0 q=1000 bl=3 gwad+=441 del 0.237/0.670 t=87.1s
[DONE] evaluation__20085__clean__kernelshap__r0 q=500 bl=2 gwad+=259 del 0.641/0.603 t=43.1s
[DONE] evaluation__20085__clean__occlusion__r0 q=626 bl=2 gwad+=259 del 0.255/0.694 t=54.3s
[DONE] evaluation__20085__clean__rise__r0 q=1000 bl=2 gwad+=-1 del 0.707/0.708 t=85.2s
[DONE] evaluation__23015__clean__lime__r0 q=1000 bl=3 gwad+=-1 del 0.324/0.516 t=87.2s
[DONE] evaluation__23015__clean__kernelshap__r0 q=500 bl=3 gwad+=-1 del 0.347/0.463 t=43.3s
[DONE] evaluation__23015__clean__occlusion__r0 q=626 bl=2 gwad+=259 del 0.508/0.497 t=54.4s
[DONE] evaluation__23015__clean__rise__r0 q=1000 bl=-1 gwad+=-1 del 0.181/0.449 t=86.5s
[DONE] evaluation__24217__clean__lime__r0 q=1000 bl=2 gwad+=-1 del 0.084/0.375 t=86.5s
[DONE] evaluation__24217__clean__kernelshap__r0 q=500 bl=3 gwad+=287 del 0.096/0.318 t=44.7s
[DONE] evaluation__24217__clean__occlusion__r0 q=626 bl=2 gwad+=259 del 0.051/0.220 t=56.4s
[DONE] evaluation__24217__clean__rise__r0 q=1000 bl=-1 gwad+=-1 del 0.094/0.355 t=90.0s
[DONE] evaluation__25710__clean__lime__r0 q=1000 bl=8 gwad+=-1 del 0.229/0.581 t=86.8s
[DONE] evaluation__25710__clean__kernelshap__r0 q=500 bl=3 gwad+=-1 del 0.294/0.653 t=43.6s
[DONE] evaluation__25710__clean__occlusion__r0 q=626 bl=2 gwad+=259 del 0.265/0.563 t=54.5s
[DONE] evaluation__25710__clean__rise__r0 q=1000 bl=-1 gwad+=-1 del 0.320/0.685 t=85.7s
[DONE] evaluation__26756__clean__lime__r0 q=1000 bl=3 gwad+=-1 del 0.264/0.535 t=89.2s
[DONE] evaluation__26756__clean__kernelshap__r0 q=500 bl=3 gwad+=-1 del 0.274/0.585 t=44.9s
[DONE] evaluation__26756__clean__occlusion__r0 q=626 bl=2 gwad+=259 del 0.213/0.528 t=54.4s
[DONE] evaluation__26756__clean__rise__r0 q=1000 bl=-1 gwad+=-1 del 0.456/0.592 t=86.8s
[DONE] evaluation__27560__clean__lime__r0 q=1000 bl=5 gwad+=-1 del 0.086/0.271 t=87.1s
[DONE] evaluation__27560__clean__kernelshap__r0 q=500 bl=3 gwad+=-1 del 0.063/0.229 t=43.4s
[DONE] evaluation__27560__clean__occlusion__r0 q=626 bl=2 gwad+=259 del 0.037/0.273 t=54.4s
[DONE] evaluation__27560__clean__rise__r0 q=1000 bl=-1 gwad+=-1 del 0.197/0.243 t=86.6s
[DONE] evaluation__28576__clean__lime__r0 q=1000 bl=9 gwad+=-1 del 0.297/0.623 t=86.5s
[DONE] evaluation__28576__clean__kernelshap__r0 q=500 bl=3 gwad+=-1 del 0.329/0.513 t=43.6s
[DONE] evaluation__28576__clean__occlusion__r0 q=626 bl=2 gwad+=259 del 0.288/0.639 t=54.4s
[DONE] evaluation__28576__clean__rise__r0 q=1000 bl=-1 gwad+=-1 del 0.395/0.561 t=86.6s
[DONE] evaluation__29950__clean__lime__r0 q=1000 bl=3 gwad+=-1 del 0.837/0.951 t=87.3s
[DONE] evaluation__29950__clean__kernelshap__r0 q=500 bl=3 gwad+=-1 del 0.932/0.950 t=43.5s
[DONE] evaluation__29950__clean__occlusion__r0 q=626 bl=2 gwad+=259 del 0.912/0.958 t=54.6s
[DONE] evaluation__29950__clean__rise__r0 q=1000 bl=-1 gwad+=-1 del 0.895/0.949 t=86.8s
[DONE] evaluation__31266__clean__lime__r0 q=1000 bl=4 gwad+=-1 del 0.134/0.679 t=86.9s
[DONE] evaluation__31266__clean__kernelshap__r0 q=500 bl=3 gwad+=-1 del 0.520/0.680 t=43.6s
[DONE] evaluation__31266__clean__occlusion__r0 q=626 bl=2 gwad+=259 del 0.357/0.732 t=54.1s
[DONE] evaluation__31266__clean__rise__r0 q=1000 bl=-1 gwad+=-1 del 0.327/0.696 t=85.8s
[DONE] evaluation__32810__clean__lime__r0 q=1000 bl=6 gwad+=-1 del 0.124/0.227 t=89.2s
[DONE] evaluation__32810__clean__kernelshap__r0 q=500 bl=3 gwad+=-1 del 0.150/0.221 t=45.3s
[DONE] evaluation__32810__clean__occlusion__r0 q=626 bl=2 gwad+=259 del 0.076/0.213 t=55.7s
[DONE] evaluation__32810__clean__rise__r0 q=1000 bl=357 gwad+=-1 del 0.104/0.225 t=87.6s
[DONE] evaluation__35185__clean__lime__r0 q=1000 bl=3 gwad+=-1 del 0.152/0.267 t=91.5s
[DONE] evaluation__35185__clean__kernelshap__r0 q=500 bl=3 gwad+=-1 del 0.169/0.259 t=45.4s
[DONE] evaluation__35185__clean__occlusion__r0 q=626 bl=2 gwad+=259 del 0.123/0.270 t=56.7s
[DONE] evaluation__35185__clean__rise__r0 q=1000 bl=-1 gwad+=-1 del 0.099/0.267 t=90.0s
[DONE] evaluation__37357__clean__lime__r0 q=1000 bl=10 gwad+=-1 del 0.234/0.542 t=91.4s
[DONE] evaluation__37357__clean__kernelshap__r0 q=500 bl=3 gwad+=-1 del 0.189/0.419 t=43.5s
[DONE] evaluation__37357__clean__occlusion__r0 q=626 bl=2 gwad+=449 del 0.079/0.407 t=54.1s
[DONE] evaluation__37357__clean__rise__r0 q=1000 bl=-1 gwad+=-1 del 0.253/0.428 t=88.0s
[DONE] evaluation__39105__clean__lime__r0 q=1000 bl=6 gwad+=-1 del 0.057/0.175 t=88.8s
[DONE] evaluation__39105__clean__kernelshap__r0 q=500 bl=3 gwad+=-1 del 0.330/0.231 t=43.7s
[DONE] evaluation__39105__clean__occlusion__r0 q=626 bl=2 gwad+=259 del 0.030/0.251 t=54.3s
[DONE] evaluation__39105__clean__rise__r0 q=1000 bl=-1 gwad+=-1 del 0.033/0.181 t=87.3s
[DONE] evaluation__42208__clean__lime__r0 q=1000 bl=7 gwad+=-1 del 0.066/0.446 t=86.5s
[DONE] evaluation__42208__clean__kernelshap__r0 q=500 bl=3 gwad+=-1 del 0.275/0.379 t=43.3s
[DONE] evaluation__42208__clean__occlusion__r0 q=626 bl=2 gwad+=259 del 0.062/0.362 t=54.2s
[DONE] evaluation__42208__clean__rise__r0 q=1000 bl=-1 gwad+=-1 del 0.071/0.301 t=85.5s
[DONE] evaluation__42857__clean__lime__r0 q=1000 bl=6 gwad+=-1 del 0.081/0.449 t=87.2s
[DONE] evaluation__42857__clean__kernelshap__r0 q=500 bl=4 gwad+=-1 del 0.109/0.341 t=43.3s
[DONE] evaluation__42857__clean__occlusion__r0 q=626 bl=2 gwad+=259 del 0.072/0.328 t=54.2s
[DONE] evaluation__42857__clean__rise__r0 q=1000 bl=-1 gwad+=-1 del 0.089/0.292 t=85.5s
[DONE] evaluation__43920__clean__lime__r0 q=1000 bl=4 gwad+=-1 del 0.424/0.700 t=86.3s
[DONE] evaluation__43920__clean__kernelshap__r0 q=500 bl=3 gwad+=-1 del 0.455/0.649 t=43.5s
[DONE] evaluation__43920__clean__occlusion__r0 q=626 bl=2 gwad+=-1 del 0.706/0.723 t=54.6s
[DONE] evaluation__43920__clean__rise__r0 q=1000 bl=-1 gwad+=-1 del 0.534/0.680 t=88.5s
[DONE] evaluation__45967__clean__lime__r0 q=1000 bl=3 gwad+=-1 del 0.046/0.368 t=87.5s
[DONE] evaluation__45967__clean__kernelshap__r0 q=500 bl=3 gwad+=-1 del 0.268/0.337 t=43.5s
[DONE] evaluation__45967__clean__occlusion__r0 q=626 bl=2 gwad+=347 del 0.081/0.386 t=53.9s
[DONE] evaluation__45967__clean__rise__r0 q=1000 bl=-1 gwad+=-1 del 0.107/0.428 t=87.3s
[DONE] evaluation__48661__clean__lime__r0 q=1000 bl=2 gwad+=-1 del 0.517/0.341 t=87.1s
[DONE] evaluation__48661__clean__kernelshap__r0 q=500 bl=3 gwad+=-1 del 0.283/0.343 t=43.5s
[DONE] evaluation__48661__clean__occlusion__r0 q=626 bl=2 gwad+=259 del 0.413/0.372 t=54.4s
[DONE] evaluation__48661__clean__rise__r0 q=1000 bl=-1 gwad+=-1 del 0.293/0.301 t=87.0s
[DONE] evaluation__49605__clean__lime__r0 q=1000 bl=3 gwad+=-1 del 0.799/0.436 t=86.3s
[DONE] evaluation__49605__clean__kernelshap__r0 q=500 bl=3 gwad+=-1 del 0.336/0.506 t=42.4s
[DONE] evaluation__49605__clean__occlusion__r0 q=626 bl=2 gwad+=272 del 0.499/0.484 t=51.7s
[DONE] evaluation__49605__clean__rise__r0 q=1000 bl=-1 gwad+=-1 del 0.173/0.439 t=82.4s
