[DONE] evaluation__184__clean__lime__r0 q=1000 bl=2 gwad+=-1 del 0.042/0.337 t=88.9s
[DONE] evaluation__184__clean__kernelshap__r0 q=500 bl=3 gwad+=348 del 0.225/0.350 t=44.5s
[DONE] evaluation__184__clean__occlusion__r0 q=626 bl=2 gwad+=259 del 0.204/0.416 t=55.6s
[DONE] evaluation__184__clean__rise__r0 q=1000 bl=-1 gwad+=-1 del 0.039/0.421 t=89.1s
[DONE] evaluation__1940__clean__lime__r0 q=1000 bl=2 gwad+=-1 del 0.042/0.531 t=91.9s
[DONE] evaluation__1940__clean__kernelshap__r0 q=500 bl=3 gwad+=-1 del 0.238/0.462 t=46.8s
[DONE] evaluation__1940__clean__occlusion__r0 q=626 bl=2 gwad+=259 del 0.034/0.412 t=58.3s
[DONE] evaluation__1940__clean__rise__r0 q=1000 bl=-1 gwad+=-1 del 0.037/0.378 t=94.7s
[DONE] evaluation__2991__clean__lime__r0 q=1000 bl=2 gwad+=-1 del 0.045/0.420 t=93.1s
[DONE] evaluation__2991__clean__kernelshap__r0 q=500 bl=3 gwad+=364 del 0.083/0.426 t=46.3s
[DONE] evaluation__2991__clean__occlusion__r0 q=626 bl=2 gwad+=259 del 0.051/0.341 t=57.2s
[DONE] evaluation__2991__clean__rise__r0 q=1000 bl=-1 gwad+=-1 del 0.105/0.270 t=87.9s
[DONE] evaluation__4088__clean__lime__r0 q=1000 bl=5 gwad+=-1 del 0.225/0.475 t=86.9s
[DONE] evaluation__4088__clean__kernelshap__r0 q=500 bl=3 gwad+=350 del 0.651/0.665 t=43.5s
[DONE] evaluation__4088__clean__occlusion__r0 q=626 bl=2 gwad+=259 del 0.103/0.592 t=55.2s
[DONE] evaluation__4088__clean__rise__r0 q=1000 bl=-1 gwad+=-1 del 0.226/0.543 t=88.8s
[DONE] evaluation__5404__clean__lime__r0 q=1000 bl=3 gwad+=-1 del 0.307/0.355 t=87.9s
[DONE] evaluation__5404__clean__kernelshap__r0 q=500 bl=3 gwad+=-1 del 0.331/0.384 t=43.5s
[DONE] evaluation__5404__clean__occlusion__r0 q=626 bl=2 gwad+=372 del 0.557/0.312 t=56.3s
[DONE] evaluation__5404__clean__rise__r0 q=1000 bl=-1 gwad+=-1 del 0.157/0.347 t=87.6s
[DONE] evaluation__6749__clean__lime__r0 q=1000 bl=4 gwad+=-1 del 0.104/0.443 t=87.0s
[DONE] evaluation__6749__clean__kernelshap__r0 q=500 bl=3 gwad+=-1 del 0.226/0.378 t=43.4s
[DONE] evaluation__6749__clean__occlusion__r0 q=626 bl=2 gwad+=259 del 0.038/0.400 t=55.1s
[DONE] evaluation__6749__clean__rise__r0 q=1000 bl=-1 gwad+=-1 del 0.087/0.414 t=87.9s
[DONE] evaluation__7444__clean__lime__r0 q=1000 bl=5 gwad+=-1 del 0.329/0.700 t=86.5s
[DONE] evaluation__7444__clean__kernelshap__r0 q=500 bl=3 gwad+=-1 del 0.399/0.637 t=43.5s
[DONE] evaluation__7444__clean__occlusion__r0 q=626 bl=2 gwad+=259 del 0.386/0.624 t=55.9s
[DONE] evaluation__7444__clean__rise__r0 q=1000 bl=-1 gwad+=-1 del 0.401/0.706 t=87.0s
[DONE] evaluation__7965__clean__lime__r0 q=1000 bl=8 gwad+=-1 del 0.177/0.604 t=86.8s
[DONE] evaluation__7965__clean__kernelshap__r0 q=500 bl=3 gwad+=-1 del 0.214/0.606 t=43.3s
[DONE] evaluation__7965__clean__occlusion__r0 q=626 bl=2 gwad+=259 del 0.121/0.484 t=55.7s
[DONE] evaluation__7965__clean__rise__r0 q=1000 bl=-1 gwad+=-1 del 0.178/0.524 t=86.5s
[DONE] evaluation__10591__clean__lime__r0 q=1000 bl=7 gwad+=-1 del 0.143/0.543 t=87.2s
[DONE] evaluation__10591__clean__kernelshap__r0 q=500 bl=3 gwad+=259 del 0.154/0.512 t=43.4s
[DONE] evaluation__10591__clean__occlusion__r0 q=626 bl=2 gwad+=259 del 0.159/0.595 t=54.1s
[DONE] evaluation__10591__clean__rise__r0 q=1000 bl=-1 gwad+=-1 del 0.102/0.482 t=86.3s
[DONE] evaluation__11893__clean__lime__r0 q=1000 bl=5 gwad+=-1 del 0.137/0.648 t=89.9s
[DONE] evaluation__11893__clean__kernelshap__r0 q=500 bl=3 gwad+=-1 del 0.122/0.590 t=46.1s
[DONE] evaluation__11893__clean__occlusion__r0 q=626 bl=2 gwad+=259 del 0.180/0.681 t=60.1s
[DONE] evaluation__11893__clean__rise__r0 q=1000 bl=-1 gwad+=-1 del 0.458/0.612 t=101.1s
[DONE] evaluation__13133__clean__lime__r0 q=1000 bl=4 gwad+=-1 del 0.085/0.438 t=105.8s
[DONE] evaluation__13133__clean__kernelshap__r0 q=500 bl=3 gwad+=-1 del 0.136/0.513 t=50.2s
[DONE] evaluation__13133__clean__occlusion__r0 q=626 bl=2 gwad+=259 del 0.189/0.395 t=54.8s
[DONE] evaluation__13133__clean__rise__r0 q=1000 bl=-1 gwad+=-1 del 0.108/0.468 t=85.6s
[DONE] evaluation__13564__clean__lime__r0 q=1000 bl=5 gwad+=-1 del 0.291/0.679 t=86.9s
[DONE] evaluation__13564__clean__kernelshap__r0 q=500 bl=3 gwad+=-1 del 0.707/0.618 t=43.5s
[DONE] evaluation__13564__clean__occlusion__r0 q=626 bl=2 gwad+=259 del 0.803/0.604 t=54.1s
[DONE] evaluation__13564__clean__rise__r0 q=1000 bl=-1 gwad+=-1 del 0.498/0.660 t=86.9s
[DONE] evaluation__14275__clean__lime__r0 q=1000 bl=7 gwad+=-1 del 0.359/0.663 t=86.7s
[DONE] evaluation__14275__clean__kernelshap__r0 q=500 bl=4 gwad+=-1 del 0.215/0.686 t=44.0s
[DONE] evaluation__14275__clean__occlusion__r0 q=626 bl=2 gwad+=259 del 0.625/0.710 t=54.2s
[DONE] evaluation__14275__clean__rise__r0 q=1000 bl=-1 gwad+=-1 del 0.569/0.705 t=86.2s
[DONE] evaluation__16042__clean__lime__r0 q=1000 bl=4 gwad+=-1 del 0.159/0.408 t=86.7s
[DONE] evaluation__16042__clean__kernelshap__r0 q=500 bl=3 gwad+=-1 del 0.301/0.447 t=43.5s
[DONE] evaluation__16042__clean__occlusion__r0 q=626 bl=2 gwad+=259 del 0.255/0.417 t=54.4s
[DONE] evaluation__16042__clean__rise__r0 q=1000 bl=-1 gwad+=-1 del 0.170/0.354 t=87.1s
[DONE] evaluation__18804__clean__lime__r0 q=1000 bl=6 gwad+=-1 del 0.160/0.696 t=87.4s
[DONE] evaluation__18804__clean__kernelshap__r0 q=500 bl=3 gwad+=-1 del 0.476/0.623 t=43.6s
[DONE] evaluation__18804__clean__occlusion__r0 q=626 bl=2 gwad+=259 del 0.565/0.756 t=54.1s
[DONE] evaluation__18804__clean__rise__r0 q=1000 bl=-1 gwad+=-1 del 0.377/0.696 t=86.7s
[DONE] evaluation__20095__clean__lime__r0 q=1000 bl=3 gwad+=260 del 0.279/0.594 t=86.7s
[DONE] evaluation__20095__clean__kernelshap__r0 q=500 bl=3 gwad+=-1 del 0.166/0.568 t=43.2s
[DONE] evaluation__20095__clean__occlusion__r0 q=626 bl=2 gwad+=259 del 0.127/0.584 t=54.1s
[DONE] evaluation__20095__clean__rise__r0 q=1000 bl=13 gwad+=-1 del 0.266/0.503 t=85.0s
[DONE] evaluation__23034__clean__lime__r0 q=1000 bl=3 gwad+=-1 del 0.422/0.604 t=87.9s
[DONE] evaluation__23034__clean__kernelshap__r0 q=500 bl=3 gwad+=-1 del 0.595/0.548 t=43.6s
[DONE] evaluation__23034__clean__occlusion__r0 q=626 bl=2 gwad+=259 del 0.445/0.550 t=54.2s
[DONE] evaluation__23034__clean__rise__r0 q=1000 bl=-1 gwad+=-1 del 0.388/0.600 t=87.1s
[DONE] evaluation__24245__clean__lime__r0 q=1000 bl=7 gwad+=-1 del 0.327/0.583 t=87.3s
[DONE] evaluation__24245__clean__kernelshap__r0 q=500 bl=3 gwad+=-1 del 0.525/0.565 t=45.1s
[DONE] evaluation__24245__clean__occlusion__r0 q=626 bl=2 gwad+=259 del 0.248/0.559 t=56.1s
[DONE] evaluation__24245__clean__rise__r0 q=1000 bl=-1 gwad+=-1 del 0.368/0.611 t=89.8s
[DONE] evaluation__25717__clean__lime__r0 q=1000 bl=3 gwad+=-1 del 0.578/0.634 t=87.0s
[DONE] evaluation__25717__clean__kernelshap__r0 q=500 bl=3 gwad+=-1 del 0.401/0.548 t=44.0s
[DONE] evaluation__25717__clean__occlusion__r0 q=626 bl=2 gwad+=399 del 0.354/0.613 t=54.5s
[DONE] evaluation__25717__clean__rise__r0 q=1000 bl=-1 gwad+=-1 del 0.372/0.627 t=87.3s
[DONE] evaluation__26779__clean__lime__r0 q=1000 bl=7 gwad+=-1 del 0.115/0.291 t=89.5s
[DONE] evaluation__26779__clean__kernelshap__r0 q=500 bl=3 gwad+=-1 del 0.140/0.319 t=43.8s
[DONE] evaluation__26779__clean__occlusion__r0 q=626 bl=2 gwad+=259 del 0.105/0.315 t=54.3s
[DONE] evaluation__26779__clean__rise__r0 q=1000 bl=-1 gwad+=-1 del 0.240/0.286 t=85.8s
[DONE] evaluation__27572__clean__lime__r0 q=1000 bl=5 gwad+=-1 del 0.379/0.439 t=87.8s
[DONE] evaluation__27572__clean__kernelshap__r0 q=500 bl=3 gwad+=-1 del 0.257/0.474 t=43.5s
[DONE] evaluation__27572__clean__occlusion__r0 q=626 bl=2 gwad+=259 del 0.216/0.479 t=54.3s
[DONE] evaluation__27572__clean__rise__r0 q=1000 bl=-1 gwad+=-1 del 0.219/0.450 t=88.4s
[DONE] evaluation__28594__clean__lime__r0 q=1000 bl=4 gwad+=-1 del 0.139/0.433 t=87.2s
[DONE] evaluation__28594__clean__kernelshap__r0 q=500 bl=4 gwad+=-1 del 0.408/0.422 t=44.1s
[DONE] evaluation__28594__clean__occlusion__r0 q=626 bl=2 gwad+=259 del 0.101/0.487 t=54.5s
[DONE] evaluation__28594__clean__rise__r0 q=1000 bl=-1 gwad+=-1 del 0.096/0.379 t=86.0s
[DONE] evaluation__29999__clean__lime__r0 q=1000 bl=2 gwad+=-1 del 0.574/0.890 t=86.9s
[DONE] evaluation__29999__clean__kernelshap__r0 q=500 bl=3 gwad+=-1 del 0.715/0.870 t=43.5s
[DONE] evaluation__29999__clean__occlusion__r0 q=626 bl=2 gwad+=355 del 0.836/0.866 t=54.3s
[DONE] evaluation__29999__clean__rise__r0 q=1000 bl=-1 gwad+=-1 del 0.852/0.896 t=86.8s
[DONE] evaluation__31289__clean__lime__r0 q=1000 bl=4 gwad+=-1 del 0.244/0.652 t=87.6s
[DONE] evaluation__31289__clean__kernelshap__r0 q=500 bl=3 gwad+=-1 del 0.576/0.635 t=43.9s
[DONE] evaluation__31289__clean__occlusion__r0 q=626 bl=2 gwad+=259 del 0.389/0.561 t=54.7s
[DONE] evaluation__31289__clean__rise__r0 q=1000 bl=-1 gwad+=-1 del 0.540/0.594 t=86.6s
[DONE] evaluation__32834__clean__lime__r0 q=1000 bl=2 gwad+=-1 del 0.260/0.412 t=90.9s
[DONE] evaluation__32834__clean__kernelshap__r0 q=500 bl=3 gwad+=-1 del 0.148/0.437 t=45.0s
[DONE] evaluation__32834__clean__occlusion__r0 q=626 bl=2 gwad+=259 del 0.186/0.483 t=54.5s
[DONE] evaluation__32834__clean__rise__r0 q=1000 bl=-1 gwad+=-1 del 0.246/0.387 t=89.3s
[DONE] evaluation__35188__clean__lime__r0 q=1000 bl=3 gwad+=-1 del 0.362/0.286 t=91.2s
[DONE] evaluation__35188__clean__kernelshap__r0 q=500 bl=3 gwad+=-1 del 0.139/0.410 t=45.2s
[DONE] evaluation__35188__clean__occlusion__r0 q=626 bl=2 gwad+=274 del 0.070/0.348 t=57.2s
[DONE] evaluation__35188__clean__rise__r0 q=1000 bl=-1 gwad+=-1 del 0.040/0.296 t=90.3s
[DONE] evaluation__37376__clean__lime__r0 q=1000 bl=9 gwad+=-1 del 0.053/0.181 t=89.3s
[DONE] evaluation__37376__clean__kernelshap__r0 q=500 bl=3 gwad+=279 del 0.216/0.175 t=43.4s
[DONE] evaluation__37376__clean__occlusion__r0 q=626 bl=2 gwad+=259 del 0.035/0.173 t=55.6s
[DONE] evaluation__37376__clean__rise__r0 q=1000 bl=-1 gwad+=-1 del 0.072/0.163 t=89.1s
[DONE] evaluation__39109__clean__lime__r0 q=1000 bl=6 gwad+=-1 del 0.174/0.262 t=86.8s
[DONE] evaluation__39109__clean__kernelshap__r0 q=500 bl=3 gwad+=-1 del 0.180/0.230 t=43.3s
[DONE] evaluation__39109__clean__occlusion__r0 q=626 bl=2 gwad+=259 del 0.152/0.240 t=55.3s
[DONE] evaluation__39109__clean__rise__r0 q=1000 bl=-1 gwad+=-1 del 0.115/0.264 t=86.9s
[DONE] evaluation__42220__clean__lime__r0 q=1000 bl=5 gwad+=-1 del 0.033/0.249 t=87.0s
[DONE] evaluation__42220__clean__kernelshap__r0 q=500 bl=3 gwad+=280 del 0.080/0.225 t=43.4s
[DONE] evaluation__42220__clean__occlusion__r0 q=626 bl=2 gwad+=259 del 0.046/0.211 t=54.8s
[DONE] evaluation__42220__clean__rise__r0 q=1000 bl=-1 gwad+=-1 del 0.032/0.251 t=86.5s
[DONE] evaluation__42869__clean__lime__r0 q=1000 bl=3 gwad+=-1 del 0.035/0.189 t=86.6s
[DONE] evaluation__42869__clean__kernelshap__r0 q=500 bl=4 gwad+=-1 del 0.028/0.225 t=43.2s
[DONE] evaluation__42869__clean__occlusion__r0 q=626 bl=2 gwad+=259 del 0.028/0.171 t=54.6s
[DONE] evaluation__42869__clean__rise__r0 q=1000 bl=-1 gwad+=-1 del 0.025/0.223 t=86.3s
[DONE] evaluation__43946__clean__lime__r0 q=1000 bl=5 gwad+=-1 del 0.473/0.630 t=87.0s
[DONE] evaluation__43946__clean__kernelshap__r0 q=500 bl=3 gwad+=-1 del 0.545/0.681 t=43.8s
[DONE] evaluation__43946__clean__occlusion__r0 q=626 bl=2 gwad+=259 del 0.613/0.709 t=55.8s
[DONE] evaluation__43946__clean__rise__r0 q=1000 bl=-1 gwad+=-1 del 0.646/0.695 t=87.6s
[DONE] evaluation__45975__clean__lime__r0 q=1000 bl=3 gwad+=-1 del 0.090/0.271 t=87.7s
[DONE] evaluation__45975__clean__kernelshap__r0 q=500 bl=3 gwad+=-1 del 0.086/0.332 t=43.1s
[DONE] evaluation__45975__clean__occlusion__r0 q=626 bl=2 gwad+=259 del 0.041/0.321 t=55.0s
[DONE] evaluation__45975__clean__rise__r0 q=1000 bl=-1 gwad+=-1 del 0.050/0.314 t=86.7s
[DONE] evaluation__48693__clean__lime__r0 q=1000 bl=5 gwad+=-1 del 0.551/0.563 t=87.1s
[DONE] evaluation__48693__clean__kernelshap__r0 q=500 bl=3 gwad+=-1 del 0.372/0.464 t=43.3s
[DONE] evaluation__48693__clean__occlusion__r0 q=626 bl=2 gwad+=259 del 0.408/0.489 t=54.7s
[DONE] evaluation__48693__clean__rise__r0 q=1000 bl=-1 gwad+=-1 del 0.408/0.477 t=87.4s
[DONE] evaluation__49628__clean__lime__r0 q=1000 bl=5 gwad+=-1 del 0.468/0.501 t=85.5s
[DONE] evaluation__49628__clean__kernelshap__r0 q=500 bl=3 gwad+=-1 del 0.483/0.584 t=41.4s
[DONE] evaluation__49628__clean__occlusion__r0 q=626 bl=2 gwad+=259 del 0.496/0.564 t=51.8s
[DONE] evaluation__49628__clean__rise__r0 q=1000 bl=-1 gwad+=-1 del 0.508/0.547 t=80.1s
