[DONE] evaluation__3568__denoise__attack_throttled__simba__l0.5 calls=1023 margin 4.96->-2.79 t=9.6s
[DONE] evaluation__3568__deblur__attack_throttled__simba__l1 calls=1023 margin 7.51->-3.23 t=9.9s
[DONE] evaluation__6494__denoise__attack_throttled__simba__l0.5 calls=1023 margin 1.01->-5.92 t=9.6s
[DONE] evaluation__6494__deblur__attack_throttled__simba__l1 calls=1023 margin 4.33->-4.55 t=10.1s
[DONE] evaluation__9045__denoise__attack_throttled__simba__l0.5 calls=1023 margin 8.08->2.86 t=9.6s
[DONE] evaluation__9045__deblur__attack_throttled__simba__l1 calls=1023 margin 11.83->7.53 t=9.8s
[DONE] evaluation__122__denoise__attack_throttled__simba__l0.5 calls=1023 margin 3.74->-2.73 t=9.8s
[DONE] evaluation__122__deblur__attack_throttled__simba__l1 calls=1023 margin 6.59->-3.13 t=9.7s
[DONE] evaluation__3020__denoise__attack_throttled__simba__l0.5 calls=1023 margin 3.40->-4.52 t=9.7s
[DONE] evaluation__3020__deblur__attack_throttled__simba__l1 calls=1023 margin 8.54->-1.86 t=9.6s
[DONE] evaluation__7450__denoise__attack_throttled__simba__l0.5 calls=1023 margin 2.17->-4.90 t=10.0s
[DONE] evaluation__7450__deblur__attack_throttled__simba__l1 calls=1023 margin 8.89->6.68 t=9.8s
[DONE] evaluation__988__denoise__attack_throttled__simba__l0.5 calls=1023 margin 6.67->0.79 t=9.6s
[DONE] evaluation__988__deblur__attack_throttled__simba__l1 calls=1023 margin 3.81->-3.92 t=9.7s
[DONE] evaluation__3313__denoise__attack_throttled__simba__l0.5 calls=1023 margin 10.67->1.21 t=9.5s
[DONE] evaluation__3313__deblur__attack_throttled__simba__l1 calls=1023 margin 13.40->5.41 t=9.8s
[DONE] evaluation__6981__denoise__attack_throttled__simba__l0.5 calls=1023 margin 3.19->-4.62 t=10.8s
[DONE] evaluation__6981__deblur__attack_throttled__simba__l1 calls=1023 margin 5.92->-2.06 t=13.1s
[DONE] evaluation__9267__denoise__attack_throttled__simba__l0.5 calls=1023 margin 2.45->-2.43 t=13.5s
[DONE] evaluation__9267__deblur__attack_throttled__simba__l1 calls=1023 margin 5.73->-5.68 t=15.0s
[DONE] evaluation__3023__denoise__attack_throttled__simba__l0.5 calls=1023 margin 0.86->-6.18 t=14.7s
[DONE] evaluation__3023__deblur__attack_throttled__simba__l1 calls=1023 margin 10.84->-3.60 t=15.1s
[DONE] evaluation__5732__denoise__attack_throttled__simba__l0.5 calls=1023 margin 4.26->-1.80 t=15.1s
[DONE] evaluation__5732__deblur__attack_throttled__simba__l1 calls=1023 margin 6.00->-5.64 t=15.0s
[DONE] evaluation__7518__denoise__attack_throttled__simba__l0.5 calls=1023 margin 4.91->-2.92 t=14.9s
[DONE] evaluation__7518__deblur__attack_throttled__simba__l1 calls=1023 margin 8.29->1.23 t=15.2s
[DONE] evaluation__1533__denoise__attack_throttled__simba__l0.5 calls=1023 margin 3.87->-1.97 t=15.1s
[DONE] evaluation__1533__deblur__attack_throttled__simba__l1 calls=1023 margin 6.26->-4.93 t=14.7s
[DONE] evaluation__4042__denoise__attack_throttled__simba__l0.5 calls=1023 margin 0.97->-3.56 t=15.0s
[DONE] evaluation__4042__deblur__attack_throttled__simba__l1 calls=1023 margin 4.28->-1.36 t=14.8s
[DONE] evaluation__7916__denoise__attack_throttled__simba__l0.5 calls=1023 margin 5.12->0.67 t=10.0s
[DONE] evaluation__7916__deblur__attack_throttled__simba__l1 calls=1023 margin 2.65->-2.31 t=10.4s
[DONE] evaluation__1290__denoise__attack_throttled__simba__l0.5 calls=1023 margin 5.44->-3.46 t=9.9s
[DONE] evaluation__1290__deblur__attack_throttled__simba__l1 calls=1023 margin 4.37->-1.72 t=9.9s
[DONE] evaluation__3613__denoise__attack_throttled__simba__l0.5 calls=1023 margin 2.39->-4.11 t=9.9s
[DONE] evaluation__3613__deblur__attack_throttled__simba__l1 calls=1023 margin 7.83->0.57 t=9.6s
[DONE] evaluation__6120__denoise__attack_throttled__simba__l0.5 calls=1023 margin 3.87->-2.38 t=9.6s
[DONE] evaluation__6120__deblur__attack_throttled__simba__l1 calls=1023 margin 6.40->-0.66 t=10.1s
[DONE] evaluation__9540__denoise__attack_throttled__simba__l0.5 calls=1023 margin 4.97->-1.73 t=10.9s
[DONE] evaluation__9540__deblur__attack_throttled__simba__l1 calls=1023 margin 9.42->1.50 t=10.7s
[DONE] evaluation__2105__denoise__attack_throttled__simba__l0.5 calls=1023 margin 10.33->3.98 t=10.7s
[DONE] evaluation__2105__deblur__attack_throttled__simba__l1 calls=1023 margin 6.94->-6.91 t=10.7s
[DONE] evaluation__4788__denoise__attack_throttled__simba__l0.5 calls=1023 margin 8.36->-1.62 t=11.0s
[DONE] evaluation__4788__deblur__attack_throttled__simba__l1 calls=1023 margin 3.76->-3.59 t=10.6s
[DONE] evaluation__8113__denoise__attack_throttled__simba__l0.5 calls=1023 margin 9.85->4.05 t=10.9s
[DONE] evaluation__8113__deblur__attack_throttled__simba__l1 calls=1023 margin 8.94->1.72 t=10.5s
[DONE] evaluation__1966__denoise__attack_throttled__simba__l0.5 calls=1023 margin 4.87->-1.00 t=10.9s
[DONE] evaluation__1966__deblur__attack_throttled__simba__l1 calls=1023 margin 9.50->1.13 t=10.7s
[DONE] evaluation__4186__denoise__attack_throttled__simba__l0.5 calls=1023 margin 6.91->-4.47 t=10.6s
[DONE] evaluation__4186__deblur__attack_throttled__simba__l1 calls=1023 margin 11.74->5.69 t=10.8s
[DONE] evaluation__5998__denoise__attack_throttled__simba__l0.5 calls=1023 margin 1.13->-6.77 t=10.8s
[DONE] evaluation__5998__deblur__attack_throttled__simba__l1 calls=1023 margin 4.95->-0.63 t=10.7s
[DONE] evaluation__582__denoise__attack_throttled__simba__l0.5 calls=1023 margin 3.34->-2.72 t=10.7s
[DONE] evaluation__582__deblur__attack_throttled__simba__l1 calls=1023 margin 7.01->3.22 t=10.5s
[DONE] evaluation__2196__denoise__attack_throttled__simba__l0.5 calls=1023 margin 0.27->-6.36 t=10.9s
[DONE] evaluation__2196__deblur__attack_throttled__simba__l1 calls=1023 margin 11.40->5.91 t=11.1s
[DONE] evaluation__4254__denoise__attack_throttled__simba__l0.5 calls=1023 margin 8.10->2.27 t=10.4s
[DONE] evaluation__4254__deblur__attack_throttled__simba__l1 calls=1023 margin 8.65->0.88 t=10.6s
[DONE] evaluation__7580__denoise__attack_throttled__simba__l0.5 calls=1023 margin 3.45->-2.34 t=9.7s
[DONE] evaluation__7580__deblur__attack_throttled__simba__l1 calls=1023 margin 9.22->3.42 t=10.0s
[DONE] evaluation__3170__denoise__attack_throttled__simba__l0.5 calls=1023 margin 6.51->1.78 t=9.7s
[DONE] evaluation__3170__deblur__attack_throttled__simba__l1 calls=1023 margin 5.36->-1.27 t=9.6s
[DONE] evaluation__6724__denoise__attack_throttled__simba__l0.5 calls=1023 margin 3.16->-4.81 t=9.7s
[DONE] evaluation__6724__deblur__attack_throttled__simba__l1 calls=1023 margin 8.31->-0.10 t=10.3s
[DONE] evaluation__8995__denoise__attack_throttled__simba__l0.5 calls=1023 margin 4.84->-1.29 t=10.9s
[DONE] evaluation__8995__deblur__attack_throttled__simba__l1 calls=1023 margin 7.33->2.73 t=10.9s
[DONE] fit__2130__denoise__attack_throttled__simba__l0.5 calls=1023 margin 1.97->-2.01 t=10.7s
[DONE] fit__2130__deblur__attack_throttled__simba__l1 calls=1023 margin 6.73->4.71 t=10.8s
[DONE] fit__8643__denoise__attack_throttled__simba__l0.5 calls=1023 margin 2.59->-4.64 t=10.7s
[DONE] fit__8643__deblur__attack_throttled__simba__l1 calls=1023 margin 10.82->0.12 t=10.9s
[DONE] fit__4954__denoise__attack_throttled__simba__l0.5 calls=1023 margin 0.45->-4.94 t=10.8s
[DONE] fit__4954__deblur__attack_throttled__simba__l1 calls=1023 margin 4.60->-8.66 t=10.5s
[DONE] fit__623__denoise__attack_throttled__simba__l0.5 calls=1023 margin 3.68->-1.20 t=10.7s
[DONE] fit__623__deblur__attack_throttled__simba__l1 calls=1023 margin 6.68->0.34 t=11.0s
[DONE] fit__7351__denoise__attack_throttled__simba__l0.5 calls=1023 margin 1.86->-6.16 t=10.5s
[DONE] fit__7351__deblur__attack_throttled__simba__l1 calls=1023 margin 1.69->-4.86 t=11.1s
[DONE] fit__2922__denoise__attack_throttled__simba__l0.5 calls=1023 margin 4.29->-6.21 t=10.6s
[DONE] fit__2922__deblur__attack_throttled__simba__l1 calls=1023 margin 10.75->3.85 t=11.1s
[DONE] fit__9198__denoise__attack_throttled__simba__l0.5 calls=1023 margin 1.15->-5.65 t=10.7s
[DONE] fit__9198__deblur__attack_throttled__simba__l1 calls=1023 margin 4.90->-3.63 t=11.0s
[DONE] fit__1928__denoise__attack_throttled__simba__l0.5 calls=1023 margin 8.56->2.79 t=10.7s
[DONE] fit__1928__deblur__attack_throttled__simba__l1 calls=1023 margin 5.02->-7.55 t=10.7s
[DONE] fit__1940__denoise__attack_throttled__simba__l0.5 calls=1023 margin 1.54->-5.71 t=10.6s
[DONE] fit__1940__deblur__attack_throttled__simba__l1 calls=1023 margin 3.07->-8.15 t=10.9s
[DONE] fit__6571__denoise__attack_throttled__simba__l0.5 calls=1023 margin 3.93->-4.90 t=10.4s
[DONE] fit__6571__deblur__attack_throttled__simba__l1 calls=1023 margin 8.85->2.81 t=11.1s
[DONE] fit__1688__denoise__attack_throttled__simba__l0.5 calls=1023 margin 13.61->12.68 t=10.3s
[DONE] fit__1688__deblur__attack_throttled__simba__l1 calls=1023 margin 12.06->4.99 t=10.9s
[DONE] fit__9721__denoise__attack_throttled__simba__l0.5 calls=1023 margin 8.35->-2.74 t=10.8s
[DONE] fit__9721__deblur__attack_throttled__simba__l1 calls=1023 margin 5.25->-7.10 t=10.5s
[DONE] fit__4339__denoise__attack_throttled__simba__l0.5 calls=1023 margin 6.44->-1.78 t=10.7s
[DONE] fit__4339__deblur__attack_throttled__simba__l1 calls=1023 margin 11.01->6.50 t=10.8s
[DONE] fit__1279__denoise__attack_throttled__simba__l0.5 calls=1023 margin 7.12->1.75 t=10.6s
[DONE] fit__1279__deblur__attack_throttled__simba__l1 calls=1023 margin 5.89->-5.42 t=10.7s
[DONE] fit__4865__denoise__attack_throttled__simba__l0.5 calls=1023 margin 3.12->-4.02 t=10.6s
[DONE] fit__4865__deblur__attack_throttled__simba__l1 calls=1023 margin 0.90->-9.16 t=10.3s
[DONE] fit__2467__denoise__attack_throttled__simba__l0.5 calls=1023 margin 2.99->-2.49 t=9.7s
[DONE] fit__2467__deblur__attack_throttled__simba__l1 calls=1023 margin 10.79->4.08 t=9.4s
[DONE] fit__7920__denoise__attack_throttled__simba__l0.5 calls=1023 margin 2.63->-6.74 t=8.8s
[DONE] fit__7920__deblur__attack_throttled__simba__l1 calls=1023 margin 5.53->-3.62 t=8.3s
