[DONE] evaluation__1109__denoise__attack_throttled__simba__l0.5 calls=1023 margin 1.95->-7.37 t=8.3s
[DONE] evaluation__1109__deblur__attack_throttled__simba__l1 calls=1023 margin 8.19->-1.28 t=8.5s
[DONE] evaluation__6003__denoise__attack_throttled__simba__l0.5 calls=1023 margin 5.78->-0.57 t=8.9s
[DONE] evaluation__6003__deblur__attack_throttled__simba__l1 calls=1023 margin 10.21->3.98 t=9.3s
[DONE] evaluation__8884__denoise__attack_throttled__simba__l0.5 calls=1023 margin 5.96->-1.79 t=9.8s
[DONE] evaluation__8884__deblur__attack_throttled__simba__l1 calls=1023 margin 8.51->-4.94 t=9.6s
[DONE] evaluation__6__denoise__attack_throttled__simba__l0.5 calls=1023 margin 1.17->-8.07 t=9.6s
[DONE] evaluation__6__deblur__attack_throttled__simba__l1 calls=1023 margin 0.18->-7.27 t=9.9s
[DONE] evaluation__1991__denoise__attack_throttled__simba__l0.5 calls=1023 margin 9.56->6.14 t=9.5s
[DONE] evaluation__1991__deblur__attack_throttled__simba__l1 calls=1023 margin 11.58->8.24 t=9.7s
[DONE] evaluation__6984__denoise__attack_throttled__simba__l0.5 calls=1023 margin 8.02->1.62 t=9.6s
[DONE] evaluation__6984__deblur__attack_throttled__simba__l1 calls=1023 margin 8.69->6.12 t=9.8s
[DONE] evaluation__8503__denoise__attack_throttled__simba__l0.5 calls=1023 margin 1.23->-3.38 t=9.7s
[DONE] evaluation__8503__deblur__attack_throttled__simba__l1 calls=1023 margin 5.89->-1.09 t=9.8s
[DONE] evaluation__2170__denoise__attack_throttled__simba__l0.5 calls=1023 margin 1.85->-6.98 t=9.9s
[DONE] evaluation__2170__deblur__attack_throttled__simba__l1 calls=1023 margin 11.69->1.80 t=9.9s
[DONE] evaluation__4622__denoise__attack_throttled__simba__l0.5 calls=1023 margin 3.89->-4.20 t=9.8s
[DONE] evaluation__4622__deblur__attack_throttled__simba__l1 calls=1023 margin 5.54->-6.50 t=9.9s
[DONE] evaluation__7902__denoise__attack_throttled__simba__l0.5 calls=1023 margin 7.99->2.61 t=9.7s
[DONE] evaluation__7902__deblur__attack_throttled__simba__l1 calls=1023 margin 11.33->7.71 t=12.8s
[DONE] evaluation__1603__denoise__attack_throttled__simba__l0.5 calls=1023 margin 0.13->-6.56 t=13.5s
[DONE] evaluation__1603__deblur__attack_throttled__simba__l1 calls=1023 margin 5.62->-6.60 t=13.7s
[DONE] evaluation__5413__denoise__attack_throttled__simba__l0.5 calls=1023 margin 5.02->-2.29 t=14.8s
[DONE] evaluation__5413__deblur__attack_throttled__simba__l1 calls=1023 margin 6.78->-0.86 t=14.9s
[DONE] evaluation__6786__denoise__attack_throttled__simba__l0.5 calls=1023 margin 1.24->-4.51 t=14.9s
[DONE] evaluation__6786__deblur__attack_throttled__simba__l1 calls=1023 margin 1.98->-8.39 t=14.9s
[DONE] evaluation__463__denoise__attack_throttled__simba__l0.5 calls=1023 margin 0.50->-7.87 t=15.0s
[DONE] evaluation__463__deblur__attack_throttled__simba__l1 calls=1023 margin 3.07->-8.52 t=15.0s
[DONE] evaluation__3809__denoise__attack_throttled__simba__l0.5 calls=1023 margin 1.50->-3.74 t=14.8s
[DONE] evaluation__3809__deblur__attack_throttled__simba__l1 calls=1023 margin 7.89->1.31 t=15.1s
[DONE] evaluation__4600__denoise__attack_throttled__simba__l0.5 calls=1023 margin 2.86->-4.36 t=14.8s
[DONE] evaluation__4600__deblur__attack_throttled__simba__l1 calls=1023 margin 10.21->8.31 t=14.5s
[DONE] evaluation__9393__denoise__attack_throttled__simba__l0.5 calls=1023 margin 5.85->-3.30 t=12.8s
[DONE] evaluation__9393__deblur__attack_throttled__simba__l1 calls=1023 margin 6.04->-0.81 t=10.1s
[DONE] evaluation__2487__denoise__attack_throttled__simba__l0.5 calls=1023 margin 4.44->-0.44 t=10.1s
[DONE] evaluation__2487__deblur__attack_throttled__simba__l1 calls=1023 margin 1.87->-3.14 t=9.7s
[DONE] evaluation__5947__denoise__attack_throttled__simba__l0.5 calls=1023 margin 7.93->1.47 t=9.4s
[DONE] evaluation__5947__deblur__attack_throttled__simba__l1 calls=1023 margin 3.56->-0.75 t=9.8s
[DONE] evaluation__9261__denoise__attack_throttled__simba__l0.5 calls=1023 margin 2.48->-4.24 t=9.7s
[DONE] evaluation__9261__deblur__attack_throttled__simba__l1 calls=1023 margin 8.69->4.00 t=9.9s
[DONE] evaluation__1641__denoise__attack_throttled__simba__l0.5 calls=1023 margin 7.84->0.25 t=10.6s
[DONE] evaluation__1641__deblur__attack_throttled__simba__l1 calls=1023 margin 8.86->4.06 t=10.8s
[DONE] evaluation__4465__denoise__attack_throttled__simba__l0.5 calls=1023 margin 5.37->-2.12 t=10.7s
[DONE] evaluation__4465__deblur__attack_throttled__simba__l1 calls=1023 margin 4.98->-4.48 t=10.8s
[DONE] evaluation__7337__denoise__attack_throttled__simba__l0.5 calls=1023 margin 3.22->-2.53 t=10.3s
[DONE] evaluation__7337__deblur__attack_throttled__simba__l1 calls=1023 margin 13.81->-0.38 t=11.0s
[DONE] evaluation__56__denoise__attack_throttled__simba__l0.5 calls=1023 margin 1.73->-4.73 t=10.6s
[DONE] evaluation__56__deblur__attack_throttled__simba__l1 calls=1023 margin 4.61->-6.60 t=10.7s
[DONE] evaluation__3788__denoise__attack_throttled__simba__l0.5 calls=1023 margin 2.72->-8.35 t=10.6s
[DONE] evaluation__3788__deblur__attack_throttled__simba__l1 calls=1023 margin 7.16->-0.53 t=10.5s
[DONE] evaluation__5668__denoise__attack_throttled__simba__l0.5 calls=1023 margin 5.47->-1.80 t=10.9s
[DONE] evaluation__5668__deblur__attack_throttled__simba__l1 calls=1023 margin 9.61->7.13 t=10.6s
[DONE] evaluation__8466__denoise__attack_throttled__simba__l0.5 calls=1023 margin 3.74->-0.35 t=10.6s
[DONE] evaluation__8466__deblur__attack_throttled__simba__l1 calls=1023 margin 9.87->-0.65 t=10.7s
[DONE] evaluation__1866__denoise__attack_throttled__simba__l0.5 calls=1023 margin 4.90->-1.04 t=10.8s
[DONE] evaluation__1866__deblur__attack_throttled__simba__l1 calls=1023 margin 12.12->2.82 t=10.4s
[DONE] evaluation__4083__denoise__attack_throttled__simba__l0.5 calls=1023 margin 10.15->1.40 t=10.9s
[DONE] evaluation__4083__deblur__attack_throttled__simba__l1 calls=1023 margin 13.24->4.48 t=10.5s
[DONE] evaluation__6718__denoise__attack_throttled__simba__l0.5 calls=1023 margin 1.68->-5.83 t=10.9s
[DONE] evaluation__6718__deblur__attack_throttled__simba__l1 calls=1023 margin 8.16->-0.47 t=10.6s
[DONE] evaluation__1654__denoise__attack_throttled__simba__l0.5 calls=1023 margin 3.39->-1.10 t=10.0s
[DONE] evaluation__1654__deblur__attack_throttled__simba__l1 calls=1023 margin 4.10->-0.14 t=10.0s
[DONE] evaluation__5966__denoise__attack_throttled__simba__l0.5 calls=1023 margin 7.89->-0.01 t=9.7s
[DONE] evaluation__5966__deblur__attack_throttled__simba__l1 calls=1023 margin 12.61->6.31 t=9.7s
[DONE] evaluation__8355__denoise__attack_throttled__simba__l0.5 calls=1023 margin 10.40->5.16 t=9.8s
[DONE] evaluation__8355__deblur__attack_throttled__simba__l1 calls=1023 margin 10.72->5.28 t=9.7s
[DONE] fit__90__denoise__attack_throttled__simba__l0.5 calls=1023 margin 4.88->-3.89 t=10.7s
[DONE] fit__90__deblur__attack_throttled__simba__l1 calls=1023 margin 7.09->0.71 t=11.1s
[DONE] fit__6772__denoise__attack_throttled__simba__l0.5 calls=1023 margin 2.57->-4.54 t=10.7s
[DONE] fit__6772__deblur__attack_throttled__simba__l1 calls=1023 margin 4.90->-4.04 t=11.2s
[DONE] fit__3407__denoise__attack_throttled__simba__l0.5 calls=1023 margin 4.85->-0.06 t=10.5s
[DONE] fit__3407__deblur__attack_throttled__simba__l1 calls=1023 margin 7.73->1.50 t=11.0s
[DONE] fit__7864__denoise__attack_throttled__simba__l0.5 calls=1023 margin 1.86->-4.73 t=10.6s
[DONE] fit__7864__deblur__attack_throttled__simba__l1 calls=1023 margin 10.86->6.78 t=10.9s
[DONE] fit__3844__denoise__attack_throttled__simba__l0.5 calls=1023 margin 8.45->1.55 t=10.6s
[DONE] fit__3844__deblur__attack_throttled__simba__l1 calls=1023 margin 7.18->-1.16 t=10.8s
[DONE] fit__573__denoise__attack_throttled__simba__l0.5 calls=1023 margin 7.80->-2.50 t=10.9s
[DONE] fit__573__deblur__attack_throttled__simba__l1 calls=1023 margin 5.28->-3.58 t=11.2s
[DONE] fit__6196__denoise__attack_throttled__simba__l0.5 calls=1023 margin 4.17->-4.76 t=10.6s
[DONE] fit__6196__deblur__attack_throttled__simba__l1 calls=1023 margin 7.42->-2.63 t=11.1s
[DONE] fit__1658__denoise__attack_throttled__simba__l0.5 calls=1023 margin 5.38->-3.14 t=10.6s
[DONE] fit__1658__deblur__attack_throttled__simba__l1 calls=1023 margin 1.92->-3.40 t=11.0s
[DONE] fit__6664__denoise__attack_throttled__simba__l0.5 calls=1023 margin 3.57->-5.74 t=10.7s
[DONE] fit__6664__deblur__attack_throttled__simba__l1 calls=1023 margin 7.97->1.41 t=10.7s
[DONE] fit__4420__denoise__attack_throttled__simba__l0.5 calls=1023 margin 0.77->-7.33 t=10.7s
[DONE] fit__4420__deblur__attack_throttled__simba__l1 calls=1023 margin 7.40->4.00 t=10.7s
[DONE] fit__1211__denoise__attack_throttled__simba__l0.5 calls=1023 margin 8.98->0.80 t=10.9s
[DONE] fit__1211__deblur__attack_throttled__simba__l1 calls=1023 margin 7.52->-3.73 t=10.7s
[DONE] fit__5089__denoise__attack_throttled__simba__l0.5 calls=1023 margin 11.69->5.08 t=10.7s
[DONE] fit__5089__deblur__attack_throttled__simba__l1 calls=1023 margin 5.02->-2.93 t=10.6s
[DONE] fit__2518__denoise__attack_throttled__simba__l0.5 calls=1023 margin 1.28->-3.92 t=10.6s
[DONE] fit__2518__deblur__attack_throttled__simba__l1 calls=1023 margin 4.56->-2.22 t=10.9s
[DONE] fit__7703__denoise__attack_throttled__simba__l0.5 calls=1023 margin 6.23->1.37 t=11.0s
[DONE] fit__7703__deblur__attack_throttled__simba__l1 calls=1023 margin 7.26->2.24 t=10.5s
[DONE] fit__2962__denoise__attack_throttled__simba__l0.5 calls=1023 margin 1.02->-5.11 t=11.0s
[DONE] fit__2962__deblur__attack_throttled__simba__l1 calls=1023 margin 3.56->-8.54 t=10.6s
[DONE] fit__1913__denoise__attack_throttled__simba__l0.5 calls=1023 margin 1.20->-5.19 t=10.9s
[DONE] fit__1913__deblur__attack_throttled__simba__l1 calls=1023 margin 0.47->-6.00 t=10.3s
[DONE] fit__5980__denoise__attack_throttled__simba__l0.5 calls=1023 margin 4.84->-3.26 t=9.8s
[DONE] fit__5980__deblur__attack_throttled__simba__l1 calls=1023 margin 8.97->1.84 t=9.7s
