[DONE] evaluation__3499__denoise__attack_throttled__simba__l0.5 calls=1023 margin 6.66->0.49 t=9.1s
[DONE] evaluation__3499__deblur__attack_throttled__simba__l1 calls=1023 margin 5.52->0.12 t=9.2s
[DONE] evaluation__6241__denoise__attack_throttled__simba__l0.5 calls=1023 margin 4.07->-4.73 t=9.7s
[DONE] evaluation__6241__deblur__attack_throttled__simba__l1 calls=1023 margin 9.04->-3.42 t=9.7s
[DONE] evaluation__8894__denoise__attack_throttled__simba__l0.5 calls=1023 margin 1.28->-3.88 t=10.0s
[DONE] evaluation__8894__deblur__attack_throttled__simba__l1 calls=1023 margin 8.42->3.15 t=9.8s
[DONE] evaluation__81__denoise__attack_throttled__simba__l0.5 calls=1023 margin 2.65->-4.58 t=9.3s
[DONE] evaluation__81__deblur__attack_throttled__simba__l1 calls=1023 margin 1.67->-5.66 t=9.8s
[DONE] evaluation__2601__denoise__attack_throttled__simba__l0.5 calls=1023 margin 8.50->5.08 t=9.5s
[DONE] evaluation__2601__deblur__attack_throttled__simba__l1 calls=1023 margin 10.31->6.03 t=9.8s
[DONE] evaluation__7215__denoise__attack_throttled__simba__l0.5 calls=1023 margin 9.57->4.89 t=9.9s
[DONE] evaluation__7215__deblur__attack_throttled__simba__l1 calls=1023 margin 12.40->6.64 t=9.5s
[DONE] evaluation__9455__denoise__attack_throttled__simba__l0.5 calls=1023 margin 0.92->-5.74 t=9.7s
[DONE] evaluation__9455__deblur__attack_throttled__simba__l1 calls=1023 margin 9.25->-2.34 t=9.6s
[DONE] evaluation__2774__denoise__attack_throttled__simba__l0.5 calls=1023 margin 2.73->-3.84 t=9.8s
[DONE] evaluation__2774__deblur__attack_throttled__simba__l1 calls=1023 margin 5.75->-1.94 t=9.8s
[DONE] evaluation__6515__denoise__attack_throttled__simba__l0.5 calls=1023 margin 7.92->-1.46 t=9.5s
[DONE] evaluation__6515__deblur__attack_throttled__simba__l1 calls=1023 margin 5.84->-0.32 t=10.1s
[DONE] evaluation__8363__denoise__attack_throttled__simba__l0.5 calls=1023 margin 7.33->-0.76 t=13.3s
[DONE] evaluation__8363__deblur__attack_throttled__simba__l1 calls=1023 margin 2.74->-8.38 t=13.4s
[DONE] evaluation__2991__denoise__attack_throttled__simba__l0.5 calls=1023 margin 2.68->-5.15 t=14.4s
[DONE] evaluation__2991__deblur__attack_throttled__simba__l1 calls=1023 margin 7.17->-2.04 t=14.9s
[DONE] evaluation__5655__denoise__attack_throttled__simba__l0.5 calls=1023 margin 2.82->-5.06 t=14.7s
[DONE] evaluation__5655__deblur__attack_throttled__simba__l1 calls=1023 margin 5.51->-0.48 t=15.4s
[DONE] evaluation__7378__denoise__attack_throttled__simba__l0.5 calls=1023 margin 2.00->-2.53 t=14.8s
[DONE] evaluation__7378__deblur__attack_throttled__simba__l1 calls=1023 margin 4.60->-2.62 t=15.0s
[DONE] evaluation__1303__denoise__attack_throttled__simba__l0.5 calls=1023 margin 2.53->-4.95 t=14.8s
[DONE] evaluation__1303__deblur__attack_throttled__simba__l1 calls=1023 margin 6.20->-0.65 t=15.2s
[DONE] evaluation__3822__denoise__attack_throttled__simba__l0.5 calls=1023 margin 5.28->-2.96 t=14.9s
[DONE] evaluation__3822__deblur__attack_throttled__simba__l1 calls=1023 margin 7.28->-3.61 t=14.5s
[DONE] evaluation__6005__denoise__attack_throttled__simba__l0.5 calls=1023 margin 8.76->0.88 t=14.6s
[DONE] evaluation__6005__deblur__attack_throttled__simba__l1 calls=1023 margin 11.28->2.92 t=11.6s
[DONE] evaluation__9715__denoise__attack_throttled__simba__l0.5 calls=1023 margin 2.89->-4.83 t=9.9s
[DONE] evaluation__9715__deblur__attack_throttled__simba__l1 calls=1023 margin 5.76->-4.31 t=10.3s
[DONE] evaluation__2582__denoise__attack_throttled__simba__l0.5 calls=1023 margin 0.13->-7.96 t=9.5s
[DONE] evaluation__2582__deblur__attack_throttled__simba__l1 calls=1023 margin 10.15->8.28 t=9.8s
[DONE] evaluation__6092__denoise__attack_throttled__simba__l0.5 calls=1023 margin 2.73->-5.48 t=9.7s
[DONE] evaluation__6092__deblur__attack_throttled__simba__l1 calls=1023 margin 8.47->0.32 t=9.6s
[DONE] evaluation__9410__denoise__attack_throttled__simba__l0.5 calls=1023 margin 1.41->-5.93 t=10.0s
[DONE] evaluation__9410__deblur__attack_throttled__simba__l1 calls=1023 margin 7.30->-0.17 t=10.5s
[DONE] evaluation__1978__denoise__attack_throttled__simba__l0.5 calls=1023 margin 13.10->6.02 t=10.5s
[DONE] evaluation__1978__deblur__attack_throttled__simba__l1 calls=1023 margin 9.77->4.08 t=10.7s
[DONE] evaluation__4746__denoise__attack_throttled__simba__l0.5 calls=1023 margin 11.29->3.94 t=10.3s
[DONE] evaluation__4746__deblur__attack_throttled__simba__l1 calls=1023 margin 8.92->-1.47 t=10.8s
[DONE] evaluation__7777__denoise__attack_throttled__simba__l0.5 calls=1023 margin 13.14->5.41 t=10.6s
[DONE] evaluation__7777__deblur__attack_throttled__simba__l1 calls=1023 margin 2.94->-5.65 t=10.5s
[DONE] evaluation__808__denoise__attack_throttled__simba__l0.5 calls=1023 margin 0.02->-6.90 t=10.6s
[DONE] evaluation__808__deblur__attack_throttled__simba__l1 calls=1023 margin 9.61->2.54 t=10.9s
[DONE] evaluation__3975__denoise__attack_throttled__simba__l0.5 calls=1023 margin 3.19->-3.92 t=10.4s
[DONE] evaluation__3975__deblur__attack_throttled__simba__l1 calls=1023 margin 6.98->-0.92 t=10.8s
[DONE] evaluation__5675__denoise__attack_throttled__simba__l0.5 calls=1023 margin 3.75->-3.75 t=10.5s
[DONE] evaluation__5675__deblur__attack_throttled__simba__l1 calls=1023 margin 9.35->3.90 t=10.9s
[DONE] evaluation__8560__denoise__attack_throttled__simba__l0.5 calls=1023 margin 4.47->-1.78 t=10.6s
[DONE] evaluation__8560__deblur__attack_throttled__simba__l1 calls=1023 margin 4.32->-4.45 t=10.5s
[DONE] evaluation__1897__denoise__attack_throttled__simba__l0.5 calls=1023 margin 0.49->-5.82 t=10.6s
[DONE] evaluation__1897__deblur__attack_throttled__simba__l1 calls=1023 margin 5.49->-5.84 t=10.9s
[DONE] evaluation__4086__denoise__attack_throttled__simba__l0.5 calls=1023 margin 7.71->1.83 t=10.5s
[DONE] evaluation__4086__deblur__attack_throttled__simba__l1 calls=1023 margin 6.30->1.18 t=11.0s
[DONE] evaluation__7261__denoise__attack_throttled__simba__l0.5 calls=1023 margin 4.17->-0.77 t=10.6s
[DONE] evaluation__7261__deblur__attack_throttled__simba__l1 calls=1023 margin 1.39->-8.12 t=9.9s
[DONE] evaluation__2148__denoise__attack_throttled__simba__l0.5 calls=1023 margin 5.24->0.58 t=9.6s
[DONE] evaluation__2148__deblur__attack_throttled__simba__l1 calls=1023 margin 7.67->1.10 t=9.5s
[DONE] evaluation__6167__denoise__attack_throttled__simba__l0.5 calls=1023 margin 3.39->-5.74 t=9.7s
[DONE] evaluation__6167__deblur__attack_throttled__simba__l1 calls=1023 margin 1.47->-9.43 t=9.9s
[DONE] evaluation__8652__denoise__attack_throttled__simba__l0.5 calls=1023 margin 0.70->-7.16 t=9.8s
[DONE] evaluation__8652__deblur__attack_throttled__simba__l1 calls=1023 margin 9.66->1.18 t=10.8s
[DONE] fit__1851__denoise__attack_throttled__simba__l0.5 calls=1023 margin 3.02->-2.68 t=10.7s
[DONE] fit__1851__deblur__attack_throttled__simba__l1 calls=1023 margin 5.48->-1.19 t=10.7s
[DONE] fit__7533__denoise__attack_throttled__simba__l0.5 calls=1023 margin 3.67->-3.49 t=11.0s
[DONE] fit__7533__deblur__attack_throttled__simba__l1 calls=1023 margin 8.39->-5.51 t=10.6s
[DONE] fit__3647__denoise__attack_throttled__simba__l0.5 calls=1023 margin 7.44->2.57 t=10.8s
[DONE] fit__3647__deblur__attack_throttled__simba__l1 calls=1023 margin 6.18->0.23 t=10.5s
[DONE] fit__7903__denoise__attack_throttled__simba__l0.5 calls=1023 margin 2.90->-2.61 t=11.0s
[DONE] fit__7903__deblur__attack_throttled__simba__l1 calls=1023 margin 1.63->-7.08 t=10.6s
[DONE] fit__5133__denoise__attack_throttled__simba__l0.5 calls=1023 margin 7.07->-2.96 t=10.8s
[DONE] fit__5133__deblur__attack_throttled__simba__l1 calls=1023 margin 11.14->-2.65 t=10.9s
[DONE] fit__2684__denoise__attack_throttled__simba__l0.5 calls=1023 margin 0.95->-2.92 t=10.9s
[DONE] fit__2684__deblur__attack_throttled__simba__l1 calls=1023 margin 1.06->-3.23 t=10.9s
[DONE] fit__8204__denoise__attack_throttled__simba__l0.5 calls=1023 margin 2.56->-8.23 t=10.9s
[DONE] fit__8204__deblur__attack_throttled__simba__l1 calls=1023 margin 13.21->8.09 t=10.7s
[DONE] fit__1842__denoise__attack_throttled__simba__l0.5 calls=1023 margin 7.32->-2.24 t=10.9s
[DONE] fit__1842__deblur__attack_throttled__simba__l1 calls=1023 margin 11.03->-3.01 t=10.7s
[DONE] fit__7325__denoise__attack_throttled__simba__l0.5 calls=1023 margin 6.45->-1.15 t=10.9s
[DONE] fit__7325__deblur__attack_throttled__simba__l1 calls=1023 margin 9.01->6.54 t=10.8s
[DONE] fit__4641__denoise__attack_throttled__simba__l0.5 calls=1023 margin 2.59->-1.58 t=10.5s
[DONE] fit__4641__deblur__attack_throttled__simba__l1 calls=1023 margin 8.97->0.47 t=10.8s
[DONE] fit__1436__denoise__attack_throttled__simba__l0.5 calls=1023 margin 13.07->10.30 t=10.7s
[DONE] fit__1436__deblur__attack_throttled__simba__l1 calls=1023 margin 3.38->-1.03 t=10.9s
[DONE] fit__8691__denoise__attack_throttled__simba__l0.5 calls=1023 margin 9.34->1.91 t=10.6s
[DONE] fit__8691__deblur__attack_throttled__simba__l1 calls=1023 margin 4.18->-2.76 t=10.7s
[DONE] fit__3116__denoise__attack_throttled__simba__l0.5 calls=1023 margin 3.05->-4.43 t=10.9s
[DONE] fit__3116__deblur__attack_throttled__simba__l1 calls=1023 margin 5.37->1.18 t=11.0s
[DONE] fit__9372__denoise__attack_throttled__simba__l0.5 calls=1023 margin 4.51->-2.03 t=10.4s
[DONE] fit__9372__deblur__attack_throttled__simba__l1 calls=1023 margin 6.26->1.10 t=11.1s
[DONE] fit__3686__denoise__attack_throttled__simba__l0.5 calls=1023 margin 2.56->-1.21 t=10.3s
[DONE] fit__3686__deblur__attack_throttled__simba__l1 calls=1023 margin 8.67->0.13 t=11.2s
[DONE] fit__2143__denoise__attack_throttled__simba__l0.5 calls=1023 margin 1.83->-4.68 t=10.1s
[DONE] fit__2143__deblur__attack_throttled__simba__l1 calls=1023 margin 4.69->0.10 t=9.9s
[DONE] fit__7297__denoise__attack_throttled__simba__l0.5 calls=1023 margin 4.29->-4.45 t=9.4s
[DONE] fit__7297__deblur__attack_throttled__simba__l1 calls=1023 margin 7.21->3.43 t=8.8s
