[DONE] evaluation__539__denoise__attack_throttled__simba__l0.5 calls=1023 margin 3.43->-2.20 t=7.4s
[DONE] evaluation__539__deblur__attack_throttled__simba__l1 calls=1023 margin 11.17->7.01 t=7.8s
[DONE] evaluation__4126__denoise__attack_throttled__simba__l0.5 calls=1023 margin 4.25->-3.96 t=7.7s
[DONE] evaluation__4126__deblur__attack_throttled__simba__l1 calls=1023 margin 3.11->-2.73 t=8.2s
[DONE] evaluation__7748__denoise__attack_throttled__simba__l0.5 calls=1023 margin 6.00->0.62 t=8.8s
[DONE] evaluation__7748__deblur__attack_throttled__simba__l1 calls=1023 margin 7.34->3.57 t=9.1s
[DONE] evaluation__9973__denoise__attack_throttled__simba__l0.5 calls=1023 margin 2.95->-5.42 t=9.6s
[DONE] evaluation__9973__deblur__attack_throttled__simba__l1 calls=1023 margin 5.88->-5.30 t=9.6s
[DONE] evaluation__1751__denoise__attack_throttled__simba__l0.5 calls=1023 margin 8.23->3.61 t=10.0s
[DONE] evaluation__1751__deblur__attack_throttled__simba__l1 calls=1023 margin 9.11->5.49 t=9.9s
[DONE] evaluation__5245__denoise__attack_throttled__simba__l0.5 calls=1023 margin 9.81->5.07 t=9.6s
[DONE] evaluation__5245__deblur__attack_throttled__simba__l1 calls=1023 margin 11.62->7.30 t=9.8s
[DONE] evaluation__8123__denoise__attack_throttled__simba__l0.5 calls=1023 margin 4.76->-0.12 t=9.5s
[DONE] evaluation__8123__deblur__attack_throttled__simba__l1 calls=1023 margin 1.94->-8.38 t=9.8s
[DONE] evaluation__1202__denoise__attack_throttled__simba__l0.5 calls=1023 margin 5.42->-2.60 t=9.8s
[DONE] evaluation__1202__deblur__attack_throttled__simba__l1 calls=1023 margin 9.91->2.67 t=9.9s
[DONE] evaluation__3713__denoise__attack_throttled__simba__l0.5 calls=1023 margin 7.46->0.76 t=9.7s
[DONE] evaluation__3713__deblur__attack_throttled__simba__l1 calls=1023 margin 6.61->0.23 t=9.7s
[DONE] evaluation__7340__denoise__attack_throttled__simba__l0.5 calls=1023 margin 2.73->-6.81 t=9.8s
[DONE] evaluation__7340__deblur__attack_throttled__simba__l1 calls=1023 margin 8.76->-2.70 t=9.6s
[DONE] evaluation__294__denoise__attack_throttled__simba__l0.5 calls=1023 margin 4.97->-0.41 t=9.8s
[DONE] evaluation__294__deblur__attack_throttled__simba__l1 calls=1023 margin 6.13->0.99 t=10.3s
[DONE] evaluation__4155__denoise__attack_throttled__simba__l0.5 calls=1023 margin 5.42->-4.27 t=13.0s
[DONE] evaluation__4155__deblur__attack_throttled__simba__l1 calls=1023 margin 7.33->0.97 t=13.4s
[DONE] evaluation__6237__denoise__attack_throttled__simba__l0.5 calls=1023 margin 1.29->-2.22 t=14.8s
[DONE] evaluation__6237__deblur__attack_throttled__simba__l1 calls=1023 margin 0.37->-2.75 t=14.8s
[DONE] evaluation__8739__denoise__attack_throttled__simba__l0.5 calls=1023 margin 3.66->-4.15 t=14.9s
[DONE] evaluation__8739__deblur__attack_throttled__simba__l1 calls=1023 margin 5.77->-0.62 t=15.2s
[DONE] evaluation__3671__denoise__attack_throttled__simba__l0.5 calls=1023 margin 5.82->-3.89 t=15.0s
[DONE] evaluation__3671__deblur__attack_throttled__simba__l1 calls=1023 margin 5.36->-9.35 t=14.7s
[DONE] evaluation__4173__denoise__attack_throttled__simba__l0.5 calls=1023 margin 6.50->0.25 t=15.1s
[DONE] evaluation__4173__deblur__attack_throttled__simba__l1 calls=1023 margin 7.18->-5.22 t=15.0s
[DONE] evaluation__8500__denoise__attack_throttled__simba__l0.5 calls=1023 margin 3.75->-3.72 t=14.8s
[DONE] evaluation__8500__deblur__attack_throttled__simba__l1 calls=1023 margin 12.84->6.36 t=14.7s
[DONE] evaluation__1745__denoise__attack_throttled__simba__l0.5 calls=1023 margin 3.11->-3.03 t=14.7s
[DONE] evaluation__1745__deblur__attack_throttled__simba__l1 calls=1023 margin 5.99->0.31 t=11.1s
[DONE] evaluation__4860__denoise__attack_throttled__simba__l0.5 calls=1023 margin 5.77->-0.93 t=10.0s
[DONE] evaluation__4860__deblur__attack_throttled__simba__l1 calls=1023 margin 7.80->-0.54 t=10.2s
[DONE] evaluation__7720__denoise__attack_throttled__simba__l0.5 calls=1023 margin 4.63->-5.79 t=9.5s
[DONE] evaluation__7720__deblur__attack_throttled__simba__l1 calls=1023 margin 4.33->-5.37 t=9.9s
[DONE] evaluation__920__denoise__attack_throttled__simba__l0.5 calls=1023 margin 6.52->1.01 t=9.6s
[DONE] evaluation__920__deblur__attack_throttled__simba__l1 calls=1023 margin 5.36->-2.50 t=9.8s
[DONE] evaluation__4127__denoise__attack_throttled__simba__l0.5 calls=1023 margin 6.54->1.50 t=10.2s
[DONE] evaluation__4127__deblur__attack_throttled__simba__l1 calls=1023 margin 3.01->-6.44 t=10.4s
[DONE] evaluation__6192__denoise__attack_throttled__simba__l0.5 calls=1023 margin 10.93->7.42 t=10.6s
[DONE] evaluation__6192__deblur__attack_throttled__simba__l1 calls=1023 margin 11.11->-2.00 t=10.6s
[DONE] evaluation__8534__denoise__attack_throttled__simba__l0.5 calls=1023 margin 8.90->3.16 t=10.4s
[DONE] evaluation__8534__deblur__attack_throttled__simba__l1 calls=1023 margin 8.32->0.19 t=10.9s
[DONE] evaluation__3437__denoise__attack_throttled__simba__l0.5 calls=1023 margin 0.24->-7.35 t=10.5s
[DONE] evaluation__3437__deblur__attack_throttled__simba__l1 calls=1023 margin 11.61->5.82 t=10.8s
[DONE] evaluation__5246__denoise__attack_throttled__simba__l0.5 calls=1023 margin 5.68->-3.44 t=10.6s
[DONE] evaluation__5246__deblur__attack_throttled__simba__l1 calls=1023 margin 8.58->-0.46 t=10.7s
[DONE] evaluation__7762__denoise__attack_throttled__simba__l0.5 calls=1023 margin 5.60->-3.71 t=10.6s
[DONE] evaluation__7762__deblur__attack_throttled__simba__l1 calls=1023 margin 9.70->-0.65 t=11.0s
[DONE] evaluation__1011__denoise__attack_throttled__simba__l0.5 calls=1023 margin 0.63->-6.25 t=10.3s
[DONE] evaluation__1011__deblur__attack_throttled__simba__l1 calls=1023 margin 12.12->-4.37 t=11.0s
[DONE] evaluation__3270__denoise__attack_throttled__simba__l0.5 calls=1023 margin 6.24->0.97 t=10.6s
[DONE] evaluation__3270__deblur__attack_throttled__simba__l1 calls=1023 margin 10.09->8.15 t=10.7s
[DONE] evaluation__5383__denoise__attack_throttled__simba__l0.5 calls=1023 margin 4.63->-1.20 t=10.6s
[DONE] evaluation__5383__deblur__attack_throttled__simba__l1 calls=1023 margin 8.43->-1.79 t=10.7s
[DONE] evaluation__425__denoise__attack_throttled__simba__l0.5 calls=1023 margin 1.86->-4.71 t=10.8s
[DONE] evaluation__425__deblur__attack_throttled__simba__l1 calls=1023 margin 8.65->2.67 t=10.8s
[DONE] evaluation__5315__denoise__attack_throttled__simba__l0.5 calls=1023 margin 3.20->-6.45 t=10.4s
[DONE] evaluation__5315__deblur__attack_throttled__simba__l1 calls=1023 margin 8.33->4.68 t=9.9s
[DONE] evaluation__7642__denoise__attack_throttled__simba__l0.5 calls=1023 margin 2.54->-6.23 t=9.6s
[DONE] evaluation__7642__deblur__attack_throttled__simba__l1 calls=1023 margin 10.02->0.66 t=9.8s
[DONE] evaluation__9247__denoise__attack_throttled__simba__l0.5 calls=1023 margin 6.08->-2.47 t=9.8s
[DONE] evaluation__9247__deblur__attack_throttled__simba__l1 calls=1023 margin 11.74->0.20 t=9.6s
[DONE] fit__4123__denoise__attack_throttled__simba__l0.5 calls=1023 margin 3.92->-1.97 t=10.2s
[DONE] fit__4123__deblur__attack_throttled__simba__l1 calls=1023 margin 6.86->3.50 t=10.8s
[DONE] fit__1187__denoise__attack_throttled__simba__l0.5 calls=1023 margin 5.69->-4.50 t=10.7s
[DONE] fit__1187__deblur__attack_throttled__simba__l1 calls=1023 margin 11.70->7.30 t=10.7s
[DONE] fit__7166__denoise__attack_throttled__simba__l0.5 calls=1023 margin 4.36->-0.31 t=10.8s
[DONE] fit__7166__deblur__attack_throttled__simba__l1 calls=1023 margin 8.72->4.17 t=10.7s
[DONE] fit__2695__denoise__attack_throttled__simba__l0.5 calls=1023 margin 1.27->-5.94 t=10.9s
[DONE] fit__2695__deblur__attack_throttled__simba__l1 calls=1023 margin 4.53->-8.07 t=10.5s
[DONE] fit__9171__denoise__attack_throttled__simba__l0.5 calls=1023 margin 9.24->1.92 t=11.0s
[DONE] fit__9171__deblur__attack_throttled__simba__l1 calls=1023 margin 13.29->0.33 t=10.6s
[DONE] fit__3628__denoise__attack_throttled__simba__l0.5 calls=1023 margin 3.47->-2.99 t=11.1s
[DONE] fit__3628__deblur__attack_throttled__simba__l1 calls=1023 margin 6.89->-0.76 t=11.0s
[DONE] fit__1526__denoise__attack_throttled__simba__l0.5 calls=1023 margin 7.03->-0.97 t=10.9s
[DONE] fit__1526__deblur__attack_throttled__simba__l1 calls=1023 margin 10.16->-0.95 t=10.6s
[DONE] fit__3507__denoise__attack_throttled__simba__l0.5 calls=1023 margin 9.52->-0.48 t=10.8s
[DONE] fit__3507__deblur__attack_throttled__simba__l1 calls=1023 margin 10.64->-1.00 t=10.8s
[DONE] fit__4259__denoise__attack_throttled__simba__l0.5 calls=1023 margin 0.74->-8.23 t=11.1s
[DONE] fit__4259__deblur__attack_throttled__simba__l1 calls=1023 margin 6.92->-1.00 t=10.6s
[DONE] fit__9146__denoise__attack_throttled__simba__l0.5 calls=1023 margin 9.14->2.75 t=10.9s
[DONE] fit__9146__deblur__attack_throttled__simba__l1 calls=1023 margin 11.99->5.86 t=10.3s
[DONE] fit__4668__denoise__attack_throttled__simba__l0.5 calls=1023 margin 9.52->0.85 t=11.0s
[DONE] fit__4668__deblur__attack_throttled__simba__l1 calls=1023 margin 4.04->-3.60 t=10.7s
[DONE] fit__743__denoise__attack_throttled__simba__l0.5 calls=1023 margin 2.99->-2.86 t=10.4s
[DONE] fit__743__deblur__attack_throttled__simba__l1 calls=1023 margin 9.96->-0.32 t=10.9s
[DONE] fit__5929__denoise__attack_throttled__simba__l0.5 calls=1023 margin 3.09->-3.91 t=10.6s
[DONE] fit__5929__deblur__attack_throttled__simba__l1 calls=1023 margin 4.45->0.11 t=10.9s
[DONE] fit__2021__denoise__attack_throttled__simba__l0.5 calls=1023 margin 4.26->-2.11 t=10.5s
[DONE] fit__2021__deblur__attack_throttled__simba__l1 calls=1023 margin 6.43->1.19 t=10.8s
[DONE] fit__8256__denoise__attack_throttled__simba__l0.5 calls=1023 margin 7.51->-1.14 t=10.7s
[DONE] fit__8256__deblur__attack_throttled__simba__l1 calls=1023 margin 11.97->3.41 t=11.1s
[DONE] fit__4336__denoise__attack_throttled__simba__l0.5 calls=1023 margin 9.51->2.01 t=10.4s
[DONE] fit__4336__deblur__attack_throttled__simba__l1 calls=1023 margin 9.82->1.85 t=10.9s
