[DONE] evaluation__3782__denoise__attack_throttled__simba__l0.5 calls=1023 margin 6.14->-2.57 t=10.1s
[DONE] evaluation__3782__deblur__attack_throttled__simba__l1 calls=1023 margin 6.93->2.57 t=9.7s
[DONE] evaluation__7115__denoise__attack_throttled__simba__l0.5 calls=1023 margin 2.25->-2.74 t=9.8s
[DONE] evaluation__7115__deblur__attack_throttled__simba__l1 calls=1023 margin 5.47->-3.24 t=9.6s
[DONE] evaluation__9046__denoise__attack_throttled__simba__l0.5 calls=1023 margin 2.30->-4.97 t=9.8s
[DONE] evaluation__9046__deblur__attack_throttled__simba__l1 calls=1023 margin 11.21->1.08 t=9.8s
[DONE] evaluation__604__denoise__attack_throttled__simba__l0.5 calls=1023 margin 6.83->0.08 t=9.8s
[DONE] evaluation__604__deblur__attack_throttled__simba__l1 calls=1023 margin 11.28->5.50 t=9.7s
[DONE] evaluation__5051__denoise__attack_throttled__simba__l0.5 calls=1023 margin 2.70->-3.65 t=9.7s
[DONE] evaluation__5051__deblur__attack_throttled__simba__l1 calls=1023 margin 8.45->-4.82 t=10.0s
[DONE] evaluation__7535__denoise__attack_throttled__simba__l0.5 calls=1023 margin 2.48->-4.03 t=9.7s
[DONE] evaluation__7535__deblur__attack_throttled__simba__l1 calls=1023 margin 10.22->5.56 t=10.0s
[DONE] evaluation__1196__denoise__attack_throttled__simba__l0.5 calls=1023 margin 4.55->-4.04 t=9.8s
[DONE] evaluation__1196__deblur__attack_throttled__simba__l1 calls=1023 margin 12.88->9.19 t=9.9s
[DONE] evaluation__3573__denoise__attack_throttled__simba__l0.5 calls=1023 margin 8.55->2.75 t=9.7s
[DONE] evaluation__3573__deblur__attack_throttled__simba__l1 calls=1023 margin 9.61->-3.82 t=11.4s
[DONE] evaluation__7206__denoise__attack_throttled__simba__l0.5 calls=1023 margin 3.37->-4.79 t=13.7s
[DONE] evaluation__7206__deblur__attack_throttled__simba__l1 calls=1023 margin 5.60->-1.20 t=13.7s
[DONE] evaluation__9805__denoise__attack_throttled__simba__l0.5 calls=1023 margin 0.76->-4.21 t=14.7s
[DONE] evaluation__9805__deblur__attack_throttled__simba__l1 calls=1023 margin 3.05->-4.63 t=15.3s
[DONE] evaluation__3479__denoise__attack_throttled__simba__l0.5 calls=1023 margin 1.63->-6.87 t=15.0s
[DONE] evaluation__3479__deblur__attack_throttled__simba__l1 calls=1023 margin 1.72->-8.07 t=15.3s
[DONE] evaluation__6079__denoise__attack_throttled__simba__l0.5 calls=1023 margin 3.97->-1.54 t=14.9s
[DONE] evaluation__6079__deblur__attack_throttled__simba__l1 calls=1023 margin 5.83->-0.27 t=15.2s
[DONE] evaluation__8196__denoise__attack_throttled__simba__l0.5 calls=1023 margin 3.23->-4.71 t=15.0s
[DONE] evaluation__8196__deblur__attack_throttled__simba__l1 calls=1023 margin 7.35->4.45 t=15.1s
[DONE] evaluation__3256__denoise__attack_throttled__simba__l0.5 calls=1023 margin 7.50->-4.94 t=15.0s
[DONE] evaluation__3256__deblur__attack_throttled__simba__l1 calls=1023 margin 11.06->8.14 t=14.9s
[DONE] evaluation__4047__denoise__attack_throttled__simba__l0.5 calls=1023 margin 3.86->-7.21 t=14.2s
[DONE] evaluation__4047__deblur__attack_throttled__simba__l1 calls=1023 margin 5.77->1.43 t=10.1s
[DONE] evaluation__8354__denoise__attack_throttled__simba__l0.5 calls=1023 margin 1.72->-5.73 t=10.2s
[DONE] evaluation__8354__deblur__attack_throttled__simba__l1 calls=1023 margin 4.42->-2.30 t=9.8s
[DONE] evaluation__1599__denoise__attack_throttled__simba__l0.5 calls=1023 margin 1.71->-6.59 t=9.8s
[DONE] evaluation__1599__deblur__attack_throttled__simba__l1 calls=1023 margin 14.85->14.85 t=9.6s
[DONE] evaluation__4246__denoise__attack_throttled__simba__l0.5 calls=1023 margin 3.86->-1.44 t=9.8s
[DONE] evaluation__4246__deblur__attack_throttled__simba__l1 calls=1023 margin 9.50->3.93 t=9.8s
[DONE] evaluation__6835__denoise__attack_throttled__simba__l0.5 calls=1023 margin 3.30->-5.22 t=10.6s
[DONE] evaluation__6835__deblur__attack_throttled__simba__l1 calls=1023 margin 7.18->-3.82 t=11.0s
[DONE] evaluation__9759__denoise__attack_throttled__simba__l0.5 calls=1023 margin 3.09->-3.98 t=10.4s
[DONE] evaluation__9759__deblur__attack_throttled__simba__l1 calls=1023 margin 4.91->-9.55 t=11.0s
[DONE] evaluation__2488__denoise__attack_throttled__simba__l0.5 calls=1023 margin 11.93->2.91 t=10.7s
[DONE] evaluation__2488__deblur__attack_throttled__simba__l1 calls=1023 margin 10.43->-0.66 t=10.7s
[DONE] evaluation__4989__denoise__attack_throttled__simba__l0.5 calls=1023 margin 11.41->7.23 t=10.6s
[DONE] evaluation__4989__deblur__attack_throttled__simba__l1 calls=1023 margin 11.36->4.56 t=10.6s
[DONE] evaluation__8184__denoise__attack_throttled__simba__l0.5 calls=1023 margin 7.82->-0.33 t=10.7s
[DONE] evaluation__8184__deblur__attack_throttled__simba__l1 calls=1023 margin 1.83->-6.97 t=10.8s
[DONE] evaluation__3317__denoise__attack_throttled__simba__l0.5 calls=1023 margin 7.78->1.70 t=10.5s
[DONE] evaluation__3317__deblur__attack_throttled__simba__l1 calls=1023 margin 9.78->5.00 t=10.9s
[DONE] evaluation__5153__denoise__attack_throttled__simba__l0.5 calls=1023 margin 6.20->-1.51 t=10.9s
[DONE] evaluation__5153__deblur__attack_throttled__simba__l1 calls=1023 margin 11.45->6.81 t=10.6s
[DONE] evaluation__6234__denoise__attack_throttled__simba__l0.5 calls=1023 margin 1.97->-3.39 t=10.8s
[DONE] evaluation__6234__deblur__attack_throttled__simba__l1 calls=1023 margin 5.70->0.76 t=10.6s
[DONE] evaluation__939__denoise__attack_throttled__simba__l0.5 calls=1023 margin 2.39->-4.85 t=11.0s
[DONE] evaluation__939__deblur__attack_throttled__simba__l1 calls=1023 margin 8.23->-1.94 t=10.8s
[DONE] evaluation__3138__denoise__attack_throttled__simba__l0.5 calls=1023 margin 0.22->-5.26 t=10.6s
[DONE] evaluation__3138__deblur__attack_throttled__simba__l1 calls=1023 margin 7.00->2.05 t=10.8s
[DONE] evaluation__4539__denoise__attack_throttled__simba__l0.5 calls=1023 margin 3.94->-1.08 t=10.1s
[DONE] evaluation__4539__deblur__attack_throttled__simba__l1 calls=1023 margin 5.35->-3.91 t=10.0s
[DONE] evaluation__9955__denoise__attack_throttled__simba__l0.5 calls=1023 margin 4.14->-4.93 t=9.8s
[DONE] evaluation__9955__deblur__attack_throttled__simba__l1 calls=1023 margin 12.11->2.60 t=9.8s
[DONE] evaluation__3368__denoise__attack_throttled__simba__l0.5 calls=1023 margin 3.09->-2.68 t=9.9s
[DONE] evaluation__3368__deblur__attack_throttled__simba__l1 calls=1023 margin 6.11->-1.77 t=9.8s
[DONE] evaluation__6749__denoise__attack_throttled__simba__l0.5 calls=1023 margin 9.63->5.44 t=10.7s
[DONE] evaluation__6749__deblur__attack_throttled__simba__l1 calls=1023 margin 11.82->4.66 t=10.9s
[DONE] evaluation__9060__denoise__attack_throttled__simba__l0.5 calls=1023 margin 3.55->-6.55 t=10.4s
[DONE] evaluation__9060__deblur__attack_throttled__simba__l1 calls=1023 margin 7.55->-6.43 t=11.1s
[DONE] fit__4040__denoise__attack_throttled__simba__l0.5 calls=1023 margin 1.70->-3.10 t=10.4s
[DONE] fit__4040__deblur__attack_throttled__simba__l1 calls=1023 margin 9.26->-1.95 t=11.2s
[DONE] fit__9749__denoise__attack_throttled__simba__l0.5 calls=1023 margin 7.42->1.26 t=10.5s
[DONE] fit__9749__deblur__attack_throttled__simba__l1 calls=1023 margin 9.88->-3.32 t=10.6s
[DONE] fit__6117__denoise__attack_throttled__simba__l0.5 calls=1023 margin 3.25->-2.42 t=10.6s
[DONE] fit__6117__deblur__attack_throttled__simba__l1 calls=1023 margin 7.15->-6.04 t=10.9s
[DONE] fit__1852__denoise__attack_throttled__simba__l0.5 calls=1023 margin 6.66->1.75 t=10.6s
[DONE] fit__1852__deblur__attack_throttled__simba__l1 calls=1023 margin 7.76->-0.65 t=11.0s
[DONE] fit__8493__denoise__attack_throttled__simba__l0.5 calls=1023 margin 4.15->-4.05 t=10.7s
[DONE] fit__8493__deblur__attack_throttled__simba__l1 calls=1023 margin 1.66->-9.34 t=11.1s
[DONE] fit__2963__denoise__attack_throttled__simba__l0.5 calls=1023 margin 5.35->-0.91 t=10.8s
[DONE] fit__2963__deblur__attack_throttled__simba__l1 calls=1023 margin 7.93->2.29 t=10.7s
[DONE] fit__9226__denoise__attack_throttled__simba__l0.5 calls=1023 margin 3.63->-2.86 t=10.9s
[DONE] fit__9226__deblur__attack_throttled__simba__l1 calls=1023 margin 2.63->-2.15 t=10.7s
[DONE] fit__3498__denoise__attack_throttled__simba__l0.5 calls=1023 margin 3.68->-3.70 t=10.8s
[DONE] fit__3498__deblur__attack_throttled__simba__l1 calls=1023 margin 12.90->0.88 t=10.7s
[DONE] fit__2915__denoise__attack_throttled__simba__l0.5 calls=1023 margin 7.10->1.17 t=10.7s
[DONE] fit__2915__deblur__attack_throttled__simba__l1 calls=1023 margin 7.82->0.96 t=10.8s
[DONE] fit__6690__denoise__attack_throttled__simba__l0.5 calls=1023 margin 0.59->-9.28 t=10.7s
[DONE] fit__6690__deblur__attack_throttled__simba__l1 calls=1023 margin 9.49->-2.70 t=10.8s
[DONE] fit__4150__denoise__attack_throttled__simba__l0.5 calls=1023 margin 10.09->0.04 t=11.0s
[DONE] fit__4150__deblur__attack_throttled__simba__l1 calls=1023 margin 4.57->-4.87 t=10.5s
[DONE] fit__9789__denoise__attack_throttled__simba__l0.5 calls=1023 margin 9.35->-0.43 t=10.9s
[DONE] fit__9789__deblur__attack_throttled__simba__l1 calls=1023 margin 9.16->-3.32 t=10.5s
[DONE] fit__5818__denoise__attack_throttled__simba__l0.5 calls=1023 margin 3.18->-6.89 t=10.9s
[DONE] fit__5818__deblur__attack_throttled__simba__l1 calls=1023 margin 5.21->-4.43 t=10.6s
[DONE] fit__1358__denoise__attack_throttled__simba__l0.5 calls=1023 margin 5.70->-6.23 t=10.8s
[DONE] fit__1358__deblur__attack_throttled__simba__l1 calls=1023 margin 10.56->5.90 t=10.5s
[DONE] fit__6684__denoise__attack_throttled__simba__l0.5 calls=1023 margin 3.33->-1.91 t=10.0s
[DONE] fit__6684__deblur__attack_throttled__simba__l1 calls=1023 margin 12.00->2.88 t=9.4s
[DONE] fit__3732__denoise__attack_throttled__simba__l0.5 calls=1023 margin 6.47->-0.62 t=9.3s
[DONE] fit__3732__deblur__attack_throttled__simba__l1 calls=1023 margin 6.78->0.31 t=8.4s
[DONE] fit__8575__denoise__attack_throttled__simba__l0.5 calls=1023 margin 3.82->-1.87 t=8.4s
[DONE] fit__8575__deblur__attack_throttled__simba__l1 calls=1023 margin 7.11->2.68 t=7.6s
