[denoise boundary_probe 128] done
[denoise boundary_probe 256] done
[denoise boundary_probe 512] done
[denoise boundary_probe 1024] done
[denoise boundary_probe attack_truncated] done
[denoise boundary_probe pre_either_flip] done
[denoise confidence_boost 128] done
[denoise confidence_boost 256] done
[denoise confidence_boost 512] done
[denoise confidence_boost 1024] done
[denoise confidence_boost attack_truncated] done
[denoise confidence_boost pre_either_flip] done
[denoise counterfactual 128] done
[denoise counterfactual 256] done
[denoise counterfactual 512] done
[denoise counterfactual 1024] done
[denoise counterfactual attack_truncated] done
[denoise counterfactual pre_either_flip] done
[denoise random_walk 128] done
[denoise random_walk 256] done
[denoise random_walk 512] done
[denoise random_walk 1024] done
[denoise random_walk attack_truncated] done
[denoise random_walk pre_either_flip] done
[denoise restore 128] done
[denoise restore 256] done
[denoise restore 512] done
[denoise restore 1024] done
[denoise restore attack_truncated] done
[denoise restore pre_either_flip] done
[deblur boundary_probe 128] done
[deblur boundary_probe 256] done
[deblur boundary_probe 512] done
[deblur boundary_probe 1024] done
[deblur boundary_probe attack_truncated] done
[deblur boundary_probe pre_either_flip] done
[deblur confidence_boost 128] done
[deblur confidence_boost 256] done
[deblur confidence_boost 512] done
[deblur confidence_boost 1024] done
[deblur confidence_boost attack_truncated] done
[deblur confidence_boost pre_either_flip] done
[deblur counterfactual 128] done
[deblur counterfactual 256] done
[deblur counterfactual 512] done
[deblur counterfactual 1024] done
[deblur counterfactual attack_truncated] done
[deblur counterfactual pre_either_flip] done
[deblur random_walk 128] done
[deblur random_walk 256] done
[deblur random_walk 512] done
[deblur random_walk 1024] done
[deblur random_walk attack_truncated] done
[deblur random_walk pre_either_flip] done
[deblur restore 128] done
[deblur restore 256] done
[deblur restore 512] done
[deblur restore 1024] done
[deblur restore attack_truncated] done
[deblur restore pre_either_flip] done
                             n  label_preserved  reached_target  start_p  final_p  final_margin  psnr_gain  blacklight_alarm  gwad_plus_native_alarm
workload objective                                                                                                                                  
deblur   attack            400            0.378           0.507    0.999    0.184        -1.331     -0.374               1.0                     1.0
         boundary_probe    400            1.000           0.000    0.999    0.504         0.040     -0.271               1.0                     1.0
         confidence_boost  400            1.000           0.000    0.999    1.000        12.814     -0.254               1.0                     1.0
         counterfactual    400            0.415           0.582    0.999    0.186        -1.412     -0.357               1.0                     1.0
         random_walk       400            0.955           0.035    0.999    0.998         6.787     -1.590               1.0                     1.0
         restore           400            1.000           0.000    0.999    0.999         7.747      0.368               1.0                     1.0
denoise  attack            400            0.275           0.602    0.970    0.055        -2.680     -0.067               1.0                     1.0
         boundary_probe    400            1.000           0.000    0.970    0.488         0.018     -0.033               1.0                     1.0
         confidence_boost  400            1.000           0.000    0.970    1.000         9.147     -0.032               1.0                     1.0
         counterfactual    400            0.282           0.718    0.970    0.067        -2.595     -0.066               1.0                     1.0
         random_walk       400            0.915           0.065    0.970    0.959         3.629     -0.314               1.0                     1.0
         restore           400            1.000           0.000    0.970    0.969         3.972      0.168               1.0                     1.0
workload                                  deblur                                                    denoise                                                   
prefix                                      1024   128   256   512 attack_truncated pre_either_flip    1024   128   256   512 attack_truncated pre_either_flip
negative         detector                                                                                                                                     
boundary_probe   logreg:blacklight          0.48  0.50  0.50  0.49             0.49            0.49    0.58  0.49  0.51  0.54             0.50            0.50
                 logreg:gwad_plus           0.54   NaN   NaN  0.51              NaN             NaN    0.56   NaN   NaN  0.51              NaN             NaN
                 logreg:output_trajectory   0.89  0.52  0.56  0.65             0.80            0.54    0.95  0.56  0.65  0.81             0.81            0.59
                 logreg:query_only_all      0.50  0.50  0.50  0.50             0.49            0.49    0.59  0.49  0.51  0.53             0.50            0.50
confidence_boost logreg:blacklight          0.50  0.47  0.51  0.52             0.52            0.52    0.53  0.51  0.55  0.50             0.50            0.50
                 logreg:gwad_plus           0.49   NaN   NaN  0.48              NaN             NaN    0.53   NaN   NaN  0.53              NaN             NaN
                 logreg:output_trajectory   1.00  1.00  1.00  1.00             1.00            1.00    1.00  1.00  1.00  1.00             1.00            1.00
                 logreg:query_only_all      0.49  0.47  0.51  0.49             0.52            0.52    0.54  0.51  0.55  0.53             0.50            0.50
counterfactual   logreg:blacklight          0.49  0.51  0.52  0.51             0.50            0.49    0.49  0.49  0.50  0.50             0.50            0.49
                 logreg:gwad_plus           0.48   NaN   NaN  0.52              NaN             NaN    0.55   NaN   NaN  0.52              NaN             NaN
                 logreg:output_trajectory   0.57  0.54  0.53  0.55             0.78            0.53    0.66  0.55  0.58  0.62             0.83            0.56
                 logreg:query_only_all      0.48  0.51  0.52  0.53             0.50            0.49    0.51  0.49  0.50  0.52             0.50            0.49
random_walk      logreg:blacklight          1.00  1.00  1.00  1.00             1.00            1.00    1.00  1.00  1.00  1.00             1.00            1.00
                 logreg:gwad_plus           1.00   NaN   NaN  1.00              NaN             NaN    1.00   NaN   NaN  1.00              NaN             NaN
                 logreg:output_trajectory   0.99  0.82  0.87  0.92             0.98            0.98    1.00  0.91  0.95  0.99             0.99            0.99
                 logreg:query_only_all      1.00  1.00  1.00  1.00             1.00            1.00    1.00  1.00  1.00  1.00             1.00            1.00
restore          logreg:blacklight          0.51  0.48  0.53  0.49             0.53            0.52    0.54  0.45  0.56  0.52             0.51            0.51
                 logreg:gwad_plus           0.51   NaN   NaN  0.51              NaN             NaN    0.48   NaN   NaN  0.48              NaN             NaN
                 logreg:output_trajectory   1.00  0.99  1.00  1.00             0.99            0.99    1.00  1.00  1.00  1.00             0.99            0.99
                 logreg:query_only_all      0.51  0.48  0.53  0.51             0.53            0.52    0.51  0.45  0.56  0.48             0.51            0.51
