[DONE] calibration__3421__denoise__attack__nes__l0.5 calls=1021 margin 4.51->-1.24 t=3.2s
[DONE] calibration__3421__denoise__restore__nes__l0.5 calls=1021 margin 4.51->4.22 t=3.3s
[DONE] calibration__3421__denoise__random_walk__random_walk__l0.5 calls=1024 margin 4.51->3.82 t=4.7s
[DONE] calibration__3421__denoise__confidence_boost__nes__l0.5 calls=1021 margin 4.51->9.30 t=3.1s
[DONE] calibration__3421__denoise__boundary_probe__nes__l0.5 calls=1021 margin 4.51->0.02 t=3.2s
[DONE] calibration__3421__denoise__counterfactual__nes__l0.5 calls=1021 margin 4.51->-2.05 t=3.1s
[DONE] calibration__3421__deblur__attack__nes__l1 calls=1021 margin 10.54->0.37 t=3.0s
[DONE] calibration__3421__deblur__restore__nes__l1 calls=1021 margin 10.54->8.99 t=3.2s
[DONE] calibration__3421__deblur__random_walk__random_walk__l1 calls=1024 margin 10.54->6.54 t=4.6s
[DONE] calibration__3421__deblur__confidence_boost__nes__l1 calls=1021 margin 10.54->14.53 t=2.9s
[DONE] calibration__3421__deblur__boundary_probe__nes__l1 calls=1021 margin 10.54->0.09 t=2.9s
[DONE] calibration__3421__deblur__counterfactual__nes__l1 calls=1021 margin 10.54->-1.27 t=3.1s
[DONE] calibration__6601__denoise__attack__nes__l0.5 calls=1021 margin 1.24->-2.58 t=3.2s
[DONE] calibration__6601__denoise__restore__nes__l0.5 calls=1021 margin 1.24->1.96 t=3.2s
[DONE] calibration__6601__denoise__random_walk__random_walk__l0.5 calls=1024 margin 1.24->1.15 t=4.5s
[DONE] calibration__6601__denoise__confidence_boost__nes__l0.5 calls=1021 margin 1.24->4.23 t=3.3s
[DONE] calibration__6601__denoise__boundary_probe__nes__l0.5 calls=1021 margin 1.24->0.00 t=3.1s
[DONE] calibration__6601__denoise__counterfactual__nes__l0.5 calls=1021 margin 1.24->-3.22 t=3.1s
[DONE] calibration__6601__deblur__attack__nes__l1 calls=1021 margin 5.56->-3.61 t=3.1s
[DONE] calibration__6601__deblur__restore__nes__l1 calls=1021 margin 5.56->4.08 t=3.2s
[DONE] calibration__6601__deblur__random_walk__random_walk__l1 calls=1024 margin 5.56->2.16 t=4.6s
[DONE] calibration__6601__deblur__confidence_boost__nes__l1 calls=1021 margin 5.56->9.13 t=3.0s
[DONE] calibration__6601__deblur__boundary_probe__nes__l1 calls=1021 margin 5.56->0.07 t=3.0s
[DONE] calibration__6601__deblur__counterfactual__nes__l1 calls=1021 margin 5.56->0.99 t=3.2s
[DONE] calibration__6714__denoise__attack__nes__l0.5 calls=1021 margin 2.52->-7.70 t=3.0s
[DONE] calibration__6714__denoise__restore__nes__l0.5 calls=1021 margin 2.52->2.96 t=3.4s
[DONE] calibration__6714__denoise__random_walk__random_walk__l0.5 calls=1024 margin 2.52->3.63 t=4.3s
[DONE] calibration__6714__denoise__confidence_boost__nes__l0.5 calls=1021 margin 2.52->9.30 t=2.8s
[DONE] calibration__6714__denoise__boundary_probe__nes__l0.5 calls=1021 margin 2.52->0.01 t=3.0s
[DONE] calibration__6714__denoise__counterfactual__nes__l0.5 calls=1021 margin 2.52->-7.46 t=3.2s
[DONE] calibration__6714__deblur__attack__nes__l1 calls=1021 margin 9.93->-1.66 t=3.0s
[DONE] calibration__6714__deblur__restore__nes__l1 calls=1021 margin 9.93->9.07 t=3.0s
[DONE] calibration__6714__deblur__random_walk__random_walk__l1 calls=1024 margin 9.93->7.17 t=4.3s
[DONE] calibration__6714__deblur__confidence_boost__nes__l1 calls=1021 margin 9.93->13.28 t=2.8s
[DONE] calibration__6714__deblur__boundary_probe__nes__l1 calls=1021 margin 9.93->0.11 t=2.6s
[DONE] calibration__6714__deblur__counterfactual__nes__l1 calls=1021 margin 9.93->-4.06 t=2.8s
[DONE] calibration__129__denoise__attack__nes__l0.5 calls=1021 margin 2.99->-1.26 t=3.3s
[DONE] calibration__129__denoise__restore__nes__l0.5 calls=1021 margin 2.99->2.89 t=3.1s
[DONE] calibration__129__denoise__random_walk__random_walk__l0.5 calls=1024 margin 2.99->1.79 t=4.5s
[DONE] calibration__129__denoise__confidence_boost__nes__l0.5 calls=1021 margin 2.99->9.35 t=3.2s
[DONE] calibration__129__denoise__boundary_probe__nes__l0.5 calls=1021 margin 2.99->0.01 t=2.9s
[DONE] calibration__129__denoise__counterfactual__nes__l0.5 calls=1021 margin 2.99->-1.41 t=3.0s
[DONE] calibration__129__deblur__attack__nes__l1 calls=1021 margin 6.89->-3.59 t=3.1s
[DONE] calibration__129__deblur__restore__nes__l1 calls=1021 margin 6.89->5.28 t=3.1s
[DONE] calibration__129__deblur__random_walk__random_walk__l1 calls=1024 margin 6.89->3.40 t=4.5s
[DONE] calibration__129__deblur__confidence_boost__nes__l1 calls=1021 margin 6.89->11.81 t=3.0s
[DONE] calibration__129__deblur__boundary_probe__nes__l1 calls=1021 margin 6.89->0.08 t=3.1s
[DONE] calibration__129__deblur__counterfactual__nes__l1 calls=1021 margin 6.89->-3.99 t=2.9s
[DONE] calibration__8720__denoise__attack__nes__l0.5 calls=1021 margin 1.30->-3.13 t=2.9s
[DONE] calibration__8720__denoise__restore__nes__l0.5 calls=1021 margin 1.30->1.63 t=3.1s
[DONE] calibration__8720__denoise__random_walk__random_walk__l0.5 calls=1024 margin 1.30->0.66 t=4.3s
[DONE] calibration__8720__denoise__confidence_boost__nes__l0.5 calls=1021 margin 1.30->5.03 t=3.1s
[DONE] calibration__8720__denoise__boundary_probe__nes__l0.5 calls=1021 margin 1.30->0.00 t=3.1s
[DONE] calibration__8720__denoise__counterfactual__nes__l0.5 calls=1021 margin 1.30->-2.99 t=3.0s
[DONE] calibration__8720__deblur__attack__nes__l1 calls=1021 margin 1.87->-5.89 t=3.1s
[DONE] calibration__8720__deblur__restore__nes__l1 calls=1021 margin 1.87->1.67 t=3.1s
[DONE] calibration__8720__deblur__random_walk__random_walk__l1 calls=1024 margin 1.87->1.76 t=4.8s
[DONE] calibration__8720__deblur__confidence_boost__nes__l1 calls=1021 margin 1.87->7.16 t=3.1s
[DONE] calibration__8720__deblur__boundary_probe__nes__l1 calls=1021 margin 1.87->0.02 t=2.8s
[DONE] calibration__8720__deblur__counterfactual__nes__l1 calls=1021 margin 1.87->-5.54 t=3.0s
[DONE] calibration__2633__denoise__attack__nes__l0.5 calls=1021 margin 7.48->-0.15 t=3.2s
[DONE] calibration__2633__denoise__restore__nes__l0.5 calls=1021 margin 7.48->7.54 t=3.3s
[DONE] calibration__2633__denoise__random_walk__random_walk__l0.5 calls=1024 margin 7.48->6.98 t=4.3s
[DONE] calibration__2633__denoise__confidence_boost__nes__l0.5 calls=1021 margin 7.48->10.28 t=3.1s
[DONE] calibration__2633__denoise__boundary_probe__nes__l0.5 calls=1021 margin 7.48->0.50 t=3.1s
[DONE] calibration__2633__denoise__counterfactual__nes__l0.5 calls=1021 margin 7.48->1.96 t=3.2s
[DONE] calibration__2633__deblur__attack__nes__l1 calls=1021 margin 6.59->0.95 t=3.1s
[DONE] calibration__2633__deblur__restore__nes__l1 calls=1021 margin 6.59->6.41 t=3.2s
[DONE] calibration__2633__deblur__random_walk__random_walk__l1 calls=1024 margin 6.59->8.00 t=4.1s
[DONE] calibration__2633__deblur__confidence_boost__nes__l1 calls=1021 margin 6.59->12.35 t=3.0s
[DONE] calibration__2633__deblur__boundary_probe__nes__l1 calls=1021 margin 6.59->1.11 t=3.1s
[DONE] calibration__2633__deblur__counterfactual__nes__l1 calls=1021 margin 6.59->0.56 t=3.3s
[DONE] calibration__7980__denoise__attack__nes__l0.5 calls=1021 margin 2.56->-6.42 t=3.1s
[DONE] calibration__7980__denoise__restore__nes__l0.5 calls=1021 margin 2.56->2.73 t=2.9s
[DONE] calibration__7980__denoise__random_walk__random_walk__l0.5 calls=1024 margin 2.56->-0.09 t=4.3s
[DONE] calibration__7980__denoise__confidence_boost__nes__l0.5 calls=1021 margin 2.56->8.61 t=2.9s
[DONE] calibration__7980__denoise__boundary_probe__nes__l0.5 calls=1021 margin 2.56->0.00 t=3.0s
[DONE] calibration__7980__denoise__counterfactual__nes__l0.5 calls=1021 margin 2.56->-1.84 t=2.9s
[DONE] calibration__7980__deblur__attack__nes__l1 calls=1021 margin 3.47->-3.40 t=3.3s
[DONE] calibration__7980__deblur__restore__nes__l1 calls=1021 margin 3.47->5.05 t=3.2s
[DONE] calibration__7980__deblur__random_walk__random_walk__l1 calls=1024 margin 3.47->7.07 t=4.3s
[DONE] calibration__7980__deblur__confidence_boost__nes__l1 calls=1021 margin 3.47->11.12 t=2.8s
[DONE] calibration__7980__deblur__boundary_probe__nes__l1 calls=1021 margin 3.47->0.04 t=3.3s
[DONE] calibration__7980__deblur__counterfactual__nes__l1 calls=1021 margin 3.47->-2.97 t=3.1s
[DONE] calibration__4675__denoise__attack__nes__l0.5 calls=1021 margin 10.27->5.38 t=3.0s
[DONE] calibration__4675__denoise__restore__nes__l0.5 calls=1021 margin 10.27->10.13 t=3.1s
[DONE] calibration__4675__denoise__random_walk__random_walk__l0.5 calls=1024 margin 10.27->10.14 t=4.0s
[DONE] calibration__4675__denoise__confidence_boost__nes__l0.5 calls=1021 margin 10.27->13.17 t=2.9s
[DONE] calibration__4675__denoise__boundary_probe__nes__l0.5 calls=1021 margin 10.27->5.68 t=2.9s
[DONE] calibration__4675__denoise__counterfactual__nes__l0.5 calls=1021 margin 10.27->5.25 t=3.0s
[DONE] calibration__4675__deblur__attack__nes__l1 calls=1021 margin 11.47->3.86 t=3.0s
[DONE] calibration__4675__deblur__restore__nes__l1 calls=1021 margin 11.47->11.51 t=3.2s
[DONE] calibration__4675__deblur__random_walk__random_walk__l1 calls=1024 margin 11.47->12.49 t=4.3s
[DONE] calibration__4675__deblur__confidence_boost__nes__l1 calls=1021 margin 11.47->14.89 t=3.1s
[DONE] calibration__4675__deblur__boundary_probe__nes__l1 calls=1021 margin 11.47->3.93 t=3.1s
[DONE] calibration__4675__deblur__counterfactual__nes__l1 calls=1021 margin 11.47->5.01 t=3.2s
[DONE] calibration__817__denoise__attack__nes__l0.5 calls=1021 margin 1.70->-6.27 t=3.0s
[DONE] calibration__817__denoise__restore__nes__l0.5 calls=1021 margin 1.70->1.74 t=3.1s
[DONE] calibration__817__denoise__random_walk__random_walk__l0.5 calls=1024 margin 1.70->0.42 t=4.5s
[DONE] calibration__817__denoise__confidence_boost__nes__l0.5 calls=1021 margin 1.70->6.78 t=3.1s
[DONE] calibration__817__denoise__boundary_probe__nes__l0.5 calls=1021 margin 1.70->0.02 t=3.1s
[DONE] calibration__817__denoise__counterfactual__nes__l0.5 calls=1021 margin 1.70->-5.84 t=3.0s
[DONE] calibration__817__deblur__attack__nes__l1 calls=1021 margin 0.84->-7.23 t=2.9s
[DONE] calibration__817__deblur__restore__nes__l1 calls=1021 margin 0.84->1.32 t=3.0s
[DONE] calibration__817__deblur__random_walk__random_walk__l1 calls=1024 margin 0.84->-1.05 t=4.2s
[DONE] calibration__817__deblur__confidence_boost__nes__l1 calls=1021 margin 0.84->8.42 t=2.7s
[DONE] calibration__817__deblur__boundary_probe__nes__l1 calls=1021 margin 0.84->0.02 t=2.7s
[DONE] calibration__817__deblur__counterfactual__nes__l1 calls=1021 margin 0.84->-6.99 t=2.7s
[DONE] calibration__5553__denoise__attack__nes__l0.5 calls=1021 margin 4.57->0.33 t=3.2s
[DONE] calibration__5553__denoise__restore__nes__l0.5 calls=1021 margin 4.57->4.42 t=2.9s
[DONE] calibration__5553__denoise__random_walk__random_walk__l0.5 calls=1024 margin 4.57->5.01 t=4.3s
[DONE] calibration__5553__denoise__confidence_boost__nes__l0.5 calls=1021 margin 4.57->7.66 t=3.0s
[DONE] calibration__5553__denoise__boundary_probe__nes__l0.5 calls=1021 margin 4.57->0.88 t=3.0s
[DONE] calibration__5553__denoise__counterfactual__nes__l0.5 calls=1021 margin 4.57->0.68 t=2.9s
[DONE] calibration__5553__deblur__attack__nes__l1 calls=1021 margin 6.19->2.61 t=2.9s
[DONE] calibration__5553__deblur__restore__nes__l1 calls=1021 margin 6.19->7.32 t=2.8s
[DONE] calibration__5553__deblur__random_walk__random_walk__l1 calls=1024 margin 6.19->7.11 t=4.4s
[DONE] calibration__5553__deblur__confidence_boost__nes__l1 calls=1021 margin 6.19->11.26 t=3.1s
[DONE] calibration__5553__deblur__boundary_probe__nes__l1 calls=1021 margin 6.19->1.50 t=3.1s
[DONE] calibration__5553__deblur__counterfactual__nes__l1 calls=1021 margin 6.19->1.60 t=3.2s
[DONE] calibration__1931__denoise__attack__nes__l0.5 calls=1021 margin 10.47->4.93 t=3.1s
[DONE] calibration__1931__denoise__restore__nes__l0.5 calls=1021 margin 10.47->10.23 t=3.1s
[DONE] calibration__1931__denoise__random_walk__random_walk__l0.5 calls=1024 margin 10.47->10.26 t=4.7s
[DONE] calibration__1931__denoise__confidence_boost__nes__l0.5 calls=1021 margin 10.47->13.57 t=3.0s
[DONE] calibration__1931__denoise__boundary_probe__nes__l0.5 calls=1021 margin 10.47->4.69 t=3.1s
[DONE] calibration__1931__denoise__counterfactual__nes__l0.5 calls=1021 margin 10.47->4.20 t=3.2s
[DONE] calibration__1931__deblur__attack__nes__l1 calls=1021 margin 11.14->2.27 t=3.3s
[DONE] calibration__1931__deblur__restore__nes__l1 calls=1021 margin 11.14->11.10 t=3.3s
[DONE] calibration__1931__deblur__random_walk__random_walk__l1 calls=1024 margin 11.14->11.19 t=4.4s
[DONE] calibration__1931__deblur__confidence_boost__nes__l1 calls=1021 margin 11.14->14.50 t=3.2s
[DONE] calibration__1931__deblur__boundary_probe__nes__l1 calls=1021 margin 11.14->3.15 t=3.2s
[DONE] calibration__1931__deblur__counterfactual__nes__l1 calls=1021 margin 11.14->2.98 t=3.2s
[DONE] calibration__8609__denoise__attack__nes__l0.5 calls=1021 margin 9.15->3.25 t=3.2s
[DONE] calibration__8609__denoise__restore__nes__l0.5 calls=1021 margin 9.15->8.98 t=3.2s
[DONE] calibration__8609__denoise__random_walk__random_walk__l0.5 calls=1024 margin 9.15->10.61 t=4.3s
[DONE] calibration__8609__denoise__confidence_boost__nes__l0.5 calls=1021 margin 9.15->13.37 t=3.1s
[DONE] calibration__8609__denoise__boundary_probe__nes__l0.5 calls=1021 margin 9.15->2.98 t=3.4s
[DONE] calibration__8609__denoise__counterfactual__nes__l0.5 calls=1021 margin 9.15->2.21 t=3.0s
[DONE] calibration__8609__deblur__attack__nes__l1 calls=1021 margin 4.37->-6.78 t=3.1s
[DONE] calibration__8609__deblur__restore__nes__l1 calls=1021 margin 4.37->4.86 t=3.2s
[DONE] calibration__8609__deblur__random_walk__random_walk__l1 calls=1024 margin 4.37->5.51 t=4.5s
[DONE] calibration__8609__deblur__confidence_boost__nes__l1 calls=1021 margin 4.37->12.54 t=3.3s
[DONE] calibration__8609__deblur__boundary_probe__nes__l1 calls=1021 margin 4.37->0.04 t=3.1s
[DONE] calibration__8609__deblur__counterfactual__nes__l1 calls=1021 margin 4.37->-8.59 t=3.0s
[DONE] calibration__4853__denoise__attack__nes__l0.5 calls=1021 margin 11.55->9.05 t=3.0s
[DONE] calibration__4853__denoise__restore__nes__l0.5 calls=1021 margin 11.55->11.73 t=2.9s
[DONE] calibration__4853__denoise__random_walk__random_walk__l0.5 calls=1024 margin 11.55->11.43 t=4.1s
[DONE] calibration__4853__denoise__confidence_boost__nes__l0.5 calls=1021 margin 11.55->13.38 t=2.9s
[DONE] calibration__4853__denoise__boundary_probe__nes__l0.5 calls=1021 margin 11.55->8.75 t=3.0s
[DONE] calibration__4853__denoise__counterfactual__nes__l0.5 calls=1021 margin 11.55->8.92 t=3.2s
[DONE] calibration__4853__deblur__attack__nes__l1 calls=1021 margin 12.62->8.25 t=2.9s
[DONE] calibration__4853__deblur__restore__nes__l1 calls=1021 margin 12.62->12.38 t=3.1s
[DONE] calibration__4853__deblur__random_walk__random_walk__l1 calls=1024 margin 12.62->12.71 t=4.2s
[DONE] calibration__4853__deblur__confidence_boost__nes__l1 calls=1021 margin 12.62->13.87 t=3.2s
[DONE] calibration__4853__deblur__boundary_probe__nes__l1 calls=1021 margin 12.62->7.81 t=2.9s
[DONE] calibration__4853__deblur__counterfactual__nes__l1 calls=1021 margin 12.62->8.06 t=2.9s
[DONE] calibration__703__denoise__attack__nes__l0.5 calls=1021 margin 0.76->-7.05 t=3.0s
[DONE] calibration__703__denoise__restore__nes__l0.5 calls=1021 margin 0.76->1.26 t=3.0s
[DONE] calibration__703__denoise__random_walk__random_walk__l0.5 calls=1024 margin 0.76->-0.54 t=4.3s
[DONE] calibration__703__denoise__confidence_boost__nes__l0.5 calls=1021 margin 0.76->7.82 t=3.1s
[DONE] calibration__703__denoise__boundary_probe__nes__l0.5 calls=1021 margin 0.76->0.02 t=2.9s
[DONE] calibration__703__denoise__counterfactual__nes__l0.5 calls=1021 margin 0.76->-6.83 t=2.9s
[DONE] calibration__703__deblur__attack__nes__l1 calls=1021 margin 1.47->-11.10 t=2.8s
[DONE] calibration__703__deblur__restore__nes__l1 calls=1021 margin 1.47->3.14 t=3.0s
[DONE] calibration__703__deblur__random_walk__random_walk__l1 calls=1024 margin 1.47->-1.33 t=4.1s
[DONE] calibration__703__deblur__confidence_boost__nes__l1 calls=1021 margin 1.47->13.71 t=3.3s
[DONE] calibration__703__deblur__boundary_probe__nes__l1 calls=1021 margin 1.47->0.05 t=3.0s
[DONE] calibration__703__deblur__counterfactual__nes__l1 calls=1021 margin 1.47->-10.59 t=3.2s
[DONE] calibration__4651__denoise__attack__nes__l0.5 calls=1021 margin 3.38->-2.39 t=3.1s
[DONE] calibration__4651__denoise__restore__nes__l0.5 calls=1021 margin 3.38->2.91 t=3.0s
[DONE] calibration__4651__denoise__random_walk__random_walk__l0.5 calls=1024 margin 3.38->5.32 t=3.9s
[DONE] calibration__4651__denoise__confidence_boost__nes__l0.5 calls=1021 margin 3.38->8.98 t=3.1s
[DONE] calibration__4651__denoise__boundary_probe__nes__l0.5 calls=1021 margin 3.38->0.00 t=2.9s
[DONE] calibration__4651__denoise__counterfactual__nes__l0.5 calls=1021 margin 3.38->-3.55 t=2.7s
[DONE] calibration__4651__deblur__attack__nes__l1 calls=1021 margin 5.79->-8.90 t=3.1s
[DONE] calibration__4651__deblur__restore__nes__l1 calls=1021 margin 5.79->7.51 t=3.4s
[DONE] calibration__4651__deblur__random_walk__random_walk__l1 calls=1024 margin 5.79->8.79 t=4.1s
[DONE] calibration__4651__deblur__confidence_boost__nes__l1 calls=1021 margin 5.79->13.37 t=2.8s
[DONE] calibration__4651__deblur__boundary_probe__nes__l1 calls=1021 margin 5.79->0.05 t=3.0s
[DONE] calibration__4651__deblur__counterfactual__nes__l1 calls=1021 margin 5.79->-7.17 t=3.0s
[DONE] calibration__3126__denoise__attack__nes__l0.5 calls=1021 margin 8.12->1.15 t=3.1s
[DONE] calibration__3126__denoise__restore__nes__l0.5 calls=1021 margin 8.12->7.60 t=3.0s
[DONE] calibration__3126__denoise__random_walk__random_walk__l0.5 calls=1024 margin 8.12->4.88 t=3.9s
[DONE] calibration__3126__denoise__confidence_boost__nes__l0.5 calls=1021 margin 8.12->11.05 t=2.8s
[DONE] calibration__3126__denoise__boundary_probe__nes__l0.5 calls=1021 margin 8.12->0.43 t=3.1s
[DONE] calibration__3126__denoise__counterfactual__nes__l0.5 calls=1021 margin 8.12->0.41 t=3.0s
[DONE] calibration__3126__deblur__attack__nes__l1 calls=1021 margin 12.13->6.11 t=3.2s
[DONE] calibration__3126__deblur__restore__nes__l1 calls=1021 margin 12.13->11.81 t=3.6s
[DONE] calibration__3126__deblur__random_walk__random_walk__l1 calls=1024 margin 12.13->11.28 t=4.3s
[DONE] calibration__3126__deblur__confidence_boost__nes__l1 calls=1021 margin 12.13->13.42 t=2.9s
[DONE] calibration__3126__deblur__boundary_probe__nes__l1 calls=1021 margin 12.13->6.67 t=3.1s
[DONE] calibration__3126__deblur__counterfactual__nes__l1 calls=1021 margin 12.13->5.44 t=3.0s
[DONE] calibration__8350__denoise__attack__nes__l0.5 calls=1021 margin 0.20->-8.09 t=3.1s
[DONE] calibration__8350__denoise__restore__nes__l0.5 calls=1021 margin 0.20->0.80 t=3.1s
[DONE] calibration__8350__denoise__random_walk__random_walk__l0.5 calls=1024 margin 0.20->1.25 t=4.2s
[DONE] calibration__8350__denoise__confidence_boost__nes__l0.5 calls=1021 margin 0.20->6.38 t=3.0s
[DONE] calibration__8350__denoise__boundary_probe__nes__l0.5 calls=1021 margin 0.20->0.00 t=3.1s
[DONE] calibration__8350__denoise__counterfactual__nes__l0.5 calls=1021 margin 0.20->-7.50 t=3.3s
[DONE] calibration__8350__deblur__attack__nes__l1 calls=1021 margin 4.42->-9.82 t=3.1s
[DONE] calibration__8350__deblur__restore__nes__l1 calls=1021 margin 4.42->4.04 t=3.3s
[DONE] calibration__8350__deblur__random_walk__random_walk__l1 calls=1024 margin 4.42->4.52 t=4.1s
[DONE] calibration__8350__deblur__confidence_boost__nes__l1 calls=1021 margin 4.42->11.34 t=3.2s
[DONE] calibration__8350__deblur__boundary_probe__nes__l1 calls=1021 margin 4.42->0.02 t=3.3s
[DONE] calibration__8350__deblur__counterfactual__nes__l1 calls=1021 margin 4.42->-9.01 t=3.2s
[DONE] evaluation__4415__denoise__attack__nes__l0.5 calls=1021 margin 4.86->-1.58 t=3.2s
[DONE] evaluation__4415__denoise__restore__nes__l0.5 calls=1021 margin 4.86->5.59 t=3.0s
[DONE] evaluation__4415__denoise__random_walk__random_walk__l0.5 calls=1024 margin 4.86->5.35 t=4.3s
[DONE] evaluation__4415__denoise__confidence_boost__nes__l0.5 calls=1021 margin 4.86->11.35 t=2.9s
[DONE] evaluation__4415__denoise__boundary_probe__nes__l0.5 calls=1021 margin 4.86->0.00 t=3.0s
[DONE] evaluation__4415__denoise__counterfactual__nes__l0.5 calls=1021 margin 4.86->-1.45 t=3.0s
[DONE] evaluation__4415__deblur__attack__nes__l1 calls=1021 margin 7.90->1.01 t=3.1s
[DONE] evaluation__4415__deblur__restore__nes__l1 calls=1021 margin 7.90->8.91 t=3.3s
[DONE] evaluation__4415__deblur__random_walk__random_walk__l1 calls=1024 margin 7.90->7.78 t=4.3s
[DONE] evaluation__4415__deblur__confidence_boost__nes__l1 calls=1021 margin 7.90->13.72 t=3.2s
[DONE] evaluation__4415__deblur__boundary_probe__nes__l1 calls=1021 margin 7.90->1.50 t=3.0s
[DONE] evaluation__4415__deblur__counterfactual__nes__l1 calls=1021 margin 7.90->1.32 t=3.2s
[DONE] evaluation__8073__denoise__attack__nes__l0.5 calls=1021 margin 1.27->-2.47 t=3.1s
[DONE] evaluation__8073__denoise__restore__nes__l0.5 calls=1021 margin 1.27->1.14 t=3.0s
[DONE] evaluation__8073__denoise__random_walk__random_walk__l0.5 calls=1024 margin 1.27->-0.56 t=4.0s
[DONE] evaluation__8073__denoise__confidence_boost__nes__l0.5 calls=1021 margin 1.27->5.71 t=3.4s
[DONE] evaluation__8073__denoise__boundary_probe__nes__l0.5 calls=1021 margin 1.27->0.00 t=3.0s
[DONE] evaluation__8073__denoise__counterfactual__nes__l0.5 calls=1021 margin 1.27->-3.11 t=2.9s
[DONE] evaluation__8073__deblur__attack__nes__l1 calls=1021 margin 5.67->-5.72 t=3.1s
[DONE] evaluation__8073__deblur__restore__nes__l1 calls=1021 margin 5.67->5.67 t=3.2s
[DONE] evaluation__8073__deblur__random_walk__random_walk__l1 calls=1024 margin 5.67->6.41 t=4.2s
[DONE] evaluation__8073__deblur__confidence_boost__nes__l1 calls=1021 margin 5.67->12.31 t=3.1s
[DONE] evaluation__8073__deblur__boundary_probe__nes__l1 calls=1021 margin 5.67->0.01 t=3.1s
[DONE] evaluation__8073__deblur__counterfactual__nes__l1 calls=1021 margin 5.67->-4.29 t=3.2s
[DONE] evaluation__9766__denoise__attack__nes__l0.5 calls=1021 margin 1.42->-3.53 t=2.8s
[DONE] evaluation__9766__denoise__restore__nes__l0.5 calls=1021 margin 1.42->1.55 t=2.9s
[DONE] evaluation__9766__denoise__random_walk__random_walk__l0.5 calls=1024 margin 1.42->1.83 t=4.3s
[DONE] evaluation__9766__denoise__confidence_boost__nes__l0.5 calls=1021 margin 1.42->5.14 t=2.9s
[DONE] evaluation__9766__denoise__boundary_probe__nes__l0.5 calls=1021 margin 1.42->0.01 t=3.1s
[DONE] evaluation__9766__denoise__counterfactual__nes__l0.5 calls=1021 margin 1.42->-3.15 t=3.1s
[DONE] evaluation__9766__deblur__attack__nes__l1 calls=1021 margin 4.06->-4.29 t=3.2s
[DONE] evaluation__9766__deblur__restore__nes__l1 calls=1021 margin 4.06->3.69 t=2.9s
[DONE] evaluation__9766__deblur__random_walk__random_walk__l1 calls=1024 margin 4.06->2.96 t=4.3s
[DONE] evaluation__9766__deblur__confidence_boost__nes__l1 calls=1021 margin 4.06->8.81 t=3.3s
[DONE] evaluation__9766__deblur__boundary_probe__nes__l1 calls=1021 margin 4.06->0.01 t=3.0s
[DONE] evaluation__9766__deblur__counterfactual__nes__l1 calls=1021 margin 4.06->-3.80 t=2.9s
[DONE] evaluation__1378__denoise__attack__nes__l0.5 calls=1021 margin 8.76->4.69 t=2.9s
[DONE] evaluation__1378__denoise__restore__nes__l0.5 calls=1021 margin 8.76->8.82 t=3.1s
[DONE] evaluation__1378__denoise__random_walk__random_walk__l0.5 calls=1024 margin 8.76->8.28 t=4.2s
[DONE] evaluation__1378__denoise__confidence_boost__nes__l0.5 calls=1021 margin 8.76->10.93 t=3.2s
[DONE] evaluation__1378__denoise__boundary_probe__nes__l0.5 calls=1021 margin 8.76->5.26 t=3.4s
[DONE] evaluation__1378__denoise__counterfactual__nes__l0.5 calls=1021 margin 8.76->4.98 t=3.2s
[DONE] evaluation__1378__deblur__attack__nes__l1 calls=1021 margin 9.78->6.54 t=3.3s
[DONE] evaluation__1378__deblur__restore__nes__l1 calls=1021 margin 9.78->9.58 t=3.2s
[DONE] evaluation__1378__deblur__random_walk__random_walk__l1 calls=1024 margin 9.78->9.20 t=4.1s
[DONE] evaluation__1378__deblur__confidence_boost__nes__l1 calls=1021 margin 9.78->11.10 t=2.9s
[DONE] evaluation__1378__deblur__boundary_probe__nes__l1 calls=1021 margin 9.78->6.62 t=2.7s
[DONE] evaluation__1378__deblur__counterfactual__nes__l1 calls=1021 margin 9.78->6.55 t=3.0s
[DONE] evaluation__3418__denoise__attack__nes__l0.5 calls=1021 margin 3.26->-3.77 t=3.1s
[DONE] evaluation__3418__denoise__restore__nes__l0.5 calls=1021 margin 3.26->2.81 t=3.3s
[DONE] evaluation__3418__denoise__random_walk__random_walk__l0.5 calls=1024 margin 3.26->2.15 t=4.5s
[DONE] evaluation__3418__denoise__confidence_boost__nes__l0.5 calls=1021 margin 3.26->8.99 t=3.2s
[DONE] evaluation__3418__denoise__boundary_probe__nes__l0.5 calls=1021 margin 3.26->0.02 t=2.9s
[DONE] evaluation__3418__denoise__counterfactual__nes__l0.5 calls=1021 margin 3.26->-3.28 t=2.9s
[DONE] evaluation__3418__deblur__attack__nes__l1 calls=1021 margin 7.12->-1.28 t=3.2s
[DONE] evaluation__3418__deblur__restore__nes__l1 calls=1021 margin 7.12->7.16 t=3.5s
[DONE] evaluation__3418__deblur__random_walk__random_walk__l1 calls=1024 margin 7.12->6.11 t=4.3s
[DONE] evaluation__3418__deblur__confidence_boost__nes__l1 calls=1021 margin 7.12->11.28 t=2.9s
[DONE] evaluation__3418__deblur__boundary_probe__nes__l1 calls=1021 margin 7.12->0.03 t=3.0s
[DONE] evaluation__3418__deblur__counterfactual__nes__l1 calls=1021 margin 7.12->-1.26 t=3.3s
[DONE] evaluation__6184__denoise__attack__nes__l0.5 calls=1021 margin 4.52->-3.24 t=3.2s
[DONE] evaluation__6184__denoise__restore__nes__l0.5 calls=1021 margin 4.52->4.31 t=3.1s
[DONE] evaluation__6184__denoise__random_walk__random_walk__l0.5 calls=1024 margin 4.52->3.39 t=4.3s
[DONE] evaluation__6184__denoise__confidence_boost__nes__l0.5 calls=1021 margin 4.52->9.01 t=2.9s
[DONE] evaluation__6184__denoise__boundary_probe__nes__l0.5 calls=1021 margin 4.52->0.00 t=3.0s
[DONE] evaluation__6184__denoise__counterfactual__nes__l0.5 calls=1021 margin 4.52->-2.85 t=3.0s
[DONE] evaluation__6184__deblur__attack__nes__l1 calls=1021 margin 7.47->4.33 t=3.0s
[DONE] evaluation__6184__deblur__restore__nes__l1 calls=1021 margin 7.47->8.81 t=2.9s
[DONE] evaluation__6184__deblur__random_walk__random_walk__l1 calls=1024 margin 7.47->8.71 t=4.2s
[DONE] evaluation__6184__deblur__confidence_boost__nes__l1 calls=1021 margin 7.47->11.50 t=3.0s
[DONE] evaluation__6184__deblur__boundary_probe__nes__l1 calls=1021 margin 7.47->3.01 t=3.1s
[DONE] evaluation__6184__deblur__counterfactual__nes__l1 calls=1021 margin 7.47->3.09 t=3.1s
[DONE] evaluation__113__denoise__attack__nes__l0.5 calls=1021 margin 1.74->-9.08 t=3.0s
[DONE] evaluation__113__denoise__restore__nes__l0.5 calls=1021 margin 1.74->0.83 t=2.9s
[DONE] evaluation__113__denoise__random_walk__random_walk__l0.5 calls=1024 margin 1.74->0.97 t=4.2s
[DONE] evaluation__113__denoise__confidence_boost__nes__l0.5 calls=1021 margin 1.74->11.47 t=3.1s
[DONE] evaluation__113__denoise__boundary_probe__nes__l0.5 calls=1021 margin 1.74->0.00 t=3.2s
[DONE] evaluation__113__denoise__counterfactual__nes__l0.5 calls=1021 margin 1.74->-7.76 t=3.2s
[DONE] evaluation__113__deblur__attack__nes__l1 calls=1021 margin 7.73->-7.39 t=3.2s
[DONE] evaluation__113__deblur__restore__nes__l1 calls=1021 margin 7.73->6.58 t=3.2s
[DONE] evaluation__113__deblur__random_walk__random_walk__l1 calls=1024 margin 7.73->3.88 t=4.6s
[DONE] evaluation__113__deblur__confidence_boost__nes__l1 calls=1021 margin 7.73->14.53 t=3.3s
[DONE] evaluation__113__deblur__boundary_probe__nes__l1 calls=1021 margin 7.73->0.02 t=3.3s
[DONE] evaluation__113__deblur__counterfactual__nes__l1 calls=1021 margin 7.73->-6.85 t=3.0s
[DONE] evaluation__3408__denoise__attack__nes__l0.5 calls=1021 margin 8.60->2.40 t=3.0s
[DONE] evaluation__3408__denoise__restore__nes__l0.5 calls=1021 margin 8.60->8.32 t=2.7s
[DONE] evaluation__3408__denoise__random_walk__random_walk__l0.5 calls=1024 margin 8.60->7.51 t=3.9s
[DONE] evaluation__3408__denoise__confidence_boost__nes__l0.5 calls=1021 margin 8.60->13.17 t=2.7s
[DONE] evaluation__3408__denoise__boundary_probe__nes__l0.5 calls=1021 margin 8.60->2.24 t=3.2s
[DONE] evaluation__3408__denoise__counterfactual__nes__l0.5 calls=1021 margin 8.60->1.62 t=3.1s
[DONE] evaluation__3408__deblur__attack__nes__l1 calls=1021 margin 3.18->-4.56 t=2.9s
[DONE] evaluation__3408__deblur__restore__nes__l1 calls=1021 margin 3.18->3.35 t=3.2s
[DONE] evaluation__3408__deblur__random_walk__random_walk__l1 calls=1024 margin 3.18->0.54 t=4.2s
[DONE] evaluation__3408__deblur__confidence_boost__nes__l1 calls=1021 margin 3.18->10.29 t=2.8s
[DONE] evaluation__3408__deblur__boundary_probe__nes__l1 calls=1021 margin 3.18->0.00 t=2.9s
[DONE] evaluation__3408__deblur__counterfactual__nes__l1 calls=1021 margin 3.18->-3.87 t=2.9s
[DONE] evaluation__5691__denoise__attack__nes__l0.5 calls=1021 margin 10.52->5.38 t=3.3s
[DONE] evaluation__5691__denoise__restore__nes__l0.5 calls=1021 margin 10.52->11.12 t=3.1s
[DONE] evaluation__5691__denoise__random_walk__random_walk__l0.5 calls=1024 margin 10.52->11.07 t=3.9s
[DONE] evaluation__5691__denoise__confidence_boost__nes__l0.5 calls=1021 margin 10.52->14.75 t=3.0s
[DONE] evaluation__5691__denoise__boundary_probe__nes__l0.5 calls=1021 margin 10.52->5.43 t=3.1s
[DONE] evaluation__5691__denoise__counterfactual__nes__l0.5 calls=1021 margin 10.52->4.57 t=3.0s
[DONE] evaluation__5691__deblur__attack__nes__l1 calls=1021 margin 15.94->15.92 t=3.3s
[DONE] evaluation__5691__deblur__restore__nes__l1 calls=1021 margin 15.94->16.56 t=3.1s
[DONE] evaluation__5691__deblur__random_walk__random_walk__l1 calls=1024 margin 15.94->15.73 t=4.2s
[DONE] evaluation__5691__deblur__confidence_boost__nes__l1 calls=1021 margin 15.94->15.94 t=3.5s
[DONE] evaluation__5691__deblur__boundary_probe__nes__l1 calls=1021 margin 15.94->7.68 t=3.1s
[DONE] evaluation__5691__deblur__counterfactual__nes__l1 calls=1021 margin 15.94->6.44 t=3.4s
[DONE] evaluation__9475__denoise__attack__nes__l0.5 calls=1021 margin 5.95->-1.85 t=3.1s
[DONE] evaluation__9475__denoise__restore__nes__l0.5 calls=1021 margin 5.95->7.14 t=3.2s
[DONE] evaluation__9475__denoise__random_walk__random_walk__l0.5 calls=1024 margin 5.95->4.66 t=4.0s
[DONE] evaluation__9475__denoise__confidence_boost__nes__l0.5 calls=1021 margin 5.95->12.66 t=2.8s
[DONE] evaluation__9475__denoise__boundary_probe__nes__l0.5 calls=1021 margin 5.95->0.05 t=3.2s
[DONE] evaluation__9475__denoise__counterfactual__nes__l0.5 calls=1021 margin 5.95->-2.80 t=3.3s
[DONE] evaluation__9475__deblur__attack__nes__l1 calls=1021 margin 14.03->-2.15 t=3.1s
[DONE] evaluation__9475__deblur__restore__nes__l1 calls=1021 margin 14.03->13.33 t=3.0s
[DONE] evaluation__9475__deblur__random_walk__random_walk__l1 calls=1024 margin 14.03->13.57 t=4.0s
[DONE] evaluation__9475__deblur__confidence_boost__nes__l1 calls=1021 margin 14.03->15.15 t=3.1s
[DONE] evaluation__9475__deblur__boundary_probe__nes__l1 calls=1021 margin 14.03->0.03 t=3.2s
[DONE] evaluation__9475__deblur__counterfactual__nes__l1 calls=1021 margin 14.03->-3.06 t=3.1s
[DONE] evaluation__3700__denoise__attack__nes__l0.5 calls=1021 margin 5.81->0.08 t=3.2s
[DONE] evaluation__3700__denoise__restore__nes__l0.5 calls=1021 margin 5.81->6.32 t=3.1s
[DONE] evaluation__3700__denoise__random_walk__random_walk__l0.5 calls=1024 margin 5.81->4.35 t=4.2s
[DONE] evaluation__3700__denoise__confidence_boost__nes__l0.5 calls=1021 margin 5.81->9.94 t=3.1s
[DONE] evaluation__3700__denoise__boundary_probe__nes__l0.5 calls=1021 margin 5.81->0.01 t=3.0s
[DONE] evaluation__3700__denoise__counterfactual__nes__l0.5 calls=1021 margin 5.81->-0.23 t=2.9s
[DONE] evaluation__3700__deblur__attack__nes__l1 calls=1021 margin 7.29->1.19 t=3.1s
[DONE] evaluation__3700__deblur__restore__nes__l1 calls=1021 margin 7.29->7.83 t=2.9s
[DONE] evaluation__3700__deblur__random_walk__random_walk__l1 calls=1024 margin 7.29->8.96 t=4.2s
[DONE] evaluation__3700__deblur__confidence_boost__nes__l1 calls=1021 margin 7.29->12.01 t=3.1s
[DONE] evaluation__3700__deblur__boundary_probe__nes__l1 calls=1021 margin 7.29->1.10 t=2.9s
[DONE] evaluation__3700__deblur__counterfactual__nes__l1 calls=1021 margin 7.29->1.77 t=3.0s
[DONE] evaluation__6465__denoise__attack__nes__l0.5 calls=1021 margin 3.24->-2.06 t=3.1s
[DONE] evaluation__6465__denoise__restore__nes__l0.5 calls=1021 margin 3.24->3.26 t=3.1s
[DONE] evaluation__6465__denoise__random_walk__random_walk__l0.5 calls=1024 margin 3.24->2.50 t=4.3s
[DONE] evaluation__6465__denoise__confidence_boost__nes__l0.5 calls=1021 margin 3.24->7.22 t=2.9s
[DONE] evaluation__6465__denoise__boundary_probe__nes__l0.5 calls=1021 margin 3.24->0.00 t=2.9s
[DONE] evaluation__6465__denoise__counterfactual__nes__l0.5 calls=1021 margin 3.24->-2.07 t=2.9s
[DONE] evaluation__6465__deblur__attack__nes__l1 calls=1021 margin 7.30->-1.89 t=3.3s
[DONE] evaluation__6465__deblur__restore__nes__l1 calls=1021 margin 7.30->6.82 t=3.0s
[DONE] evaluation__6465__deblur__random_walk__random_walk__l1 calls=1024 margin 7.30->6.68 t=4.2s
[DONE] evaluation__6465__deblur__confidence_boost__nes__l1 calls=1021 margin 7.30->11.12 t=3.0s
[DONE] evaluation__6465__deblur__boundary_probe__nes__l1 calls=1021 margin 7.30->0.00 t=3.1s
[DONE] evaluation__6465__deblur__counterfactual__nes__l1 calls=1021 margin 7.30->-0.05 t=2.9s
[DONE] evaluation__8258__denoise__attack__nes__l0.5 calls=1021 margin 0.80->-6.65 t=3.2s
[DONE] evaluation__8258__denoise__restore__nes__l0.5 calls=1021 margin 0.80->1.41 t=3.0s
[DONE] evaluation__8258__denoise__random_walk__random_walk__l0.5 calls=1024 margin 0.80->-0.91 t=4.0s
[DONE] evaluation__8258__denoise__confidence_boost__nes__l0.5 calls=1021 margin 0.80->5.87 t=2.9s
[DONE] evaluation__8258__denoise__boundary_probe__nes__l0.5 calls=1021 margin 0.80->0.01 t=3.2s
[DONE] evaluation__8258__denoise__counterfactual__nes__l0.5 calls=1021 margin 0.80->-6.97 t=3.0s
[DONE] evaluation__8258__deblur__attack__nes__l1 calls=1021 margin 3.77->-1.67 t=3.2s
[DONE] evaluation__8258__deblur__restore__nes__l1 calls=1021 margin 3.77->5.33 t=3.2s
[DONE] evaluation__8258__deblur__random_walk__random_walk__l1 calls=1024 margin 3.77->7.00 t=4.0s
[DONE] evaluation__8258__deblur__confidence_boost__nes__l1 calls=1021 margin 3.77->10.96 t=3.1s
[DONE] evaluation__8258__deblur__boundary_probe__nes__l1 calls=1021 margin 3.77->0.01 t=3.1s
[DONE] evaluation__8258__deblur__counterfactual__nes__l1 calls=1021 margin 3.77->0.01 t=3.2s
[DONE] evaluation__1375__denoise__attack__nes__l0.5 calls=1021 margin 11.86->4.05 t=3.2s
[DONE] evaluation__1375__denoise__restore__nes__l0.5 calls=1021 margin 11.86->11.88 t=2.9s
[DONE] evaluation__1375__denoise__random_walk__random_walk__l0.5 calls=1024 margin 11.86->11.89 t=4.2s
[DONE] evaluation__1375__denoise__confidence_boost__nes__l0.5 calls=1021 margin 11.86->14.43 t=3.1s
[DONE] evaluation__1375__denoise__boundary_probe__nes__l0.5 calls=1021 margin 11.86->4.06 t=3.1s
[DONE] evaluation__1375__denoise__counterfactual__nes__l0.5 calls=1021 margin 11.86->3.61 t=3.2s
[DONE] evaluation__1375__deblur__attack__nes__l1 calls=1021 margin 10.52->2.77 t=2.9s
[DONE] evaluation__1375__deblur__restore__nes__l1 calls=1021 margin 10.52->12.18 t=2.9s
[DONE] evaluation__1375__deblur__random_walk__random_walk__l1 calls=1024 margin 10.52->12.51 t=3.8s
[DONE] evaluation__1375__deblur__confidence_boost__nes__l1 calls=1021 margin 10.52->15.37 t=2.7s
[DONE] evaluation__1375__deblur__boundary_probe__nes__l1 calls=1021 margin 10.52->1.40 t=2.9s
[DONE] evaluation__1375__deblur__counterfactual__nes__l1 calls=1021 margin 10.52->1.13 t=3.1s
[DONE] evaluation__4616__denoise__attack__nes__l0.5 calls=1021 margin 1.24->-7.00 t=3.1s
[DONE] evaluation__4616__denoise__restore__nes__l0.5 calls=1021 margin 1.24->1.23 t=3.2s
[DONE] evaluation__4616__denoise__random_walk__random_walk__l0.5 calls=1024 margin 1.24->2.80 t=4.0s
[DONE] evaluation__4616__denoise__confidence_boost__nes__l0.5 calls=1021 margin 1.24->9.26 t=3.0s
[DONE] evaluation__4616__denoise__boundary_probe__nes__l0.5 calls=1021 margin 1.24->0.01 t=3.2s
[DONE] evaluation__4616__denoise__counterfactual__nes__l0.5 calls=1021 margin 1.24->-6.60 t=3.2s
[DONE] evaluation__4616__deblur__attack__nes__l1 calls=1021 margin 4.87->-7.74 t=3.1s
[DONE] evaluation__4616__deblur__restore__nes__l1 calls=1021 margin 4.87->5.20 t=3.1s
[DONE] evaluation__4616__deblur__random_walk__random_walk__l1 calls=1024 margin 4.87->3.27 t=4.2s
[DONE] evaluation__4616__deblur__confidence_boost__nes__l1 calls=1021 margin 4.87->11.99 t=3.1s
[DONE] evaluation__4616__deblur__boundary_probe__nes__l1 calls=1021 margin 4.87->0.03 t=3.2s
[DONE] evaluation__4616__deblur__counterfactual__nes__l1 calls=1021 margin 4.87->-6.43 t=3.4s
[DONE] evaluation__7277__denoise__attack__nes__l0.5 calls=1021 margin 5.61->0.21 t=3.1s
[DONE] evaluation__7277__denoise__restore__nes__l0.5 calls=1021 margin 5.61->5.69 t=3.0s
[DONE] evaluation__7277__denoise__random_walk__random_walk__l0.5 calls=1024 margin 5.61->6.13 t=4.1s
[DONE] evaluation__7277__denoise__confidence_boost__nes__l0.5 calls=1021 margin 5.61->11.24 t=3.2s
[DONE] evaluation__7277__denoise__boundary_probe__nes__l0.5 calls=1021 margin 5.61->0.01 t=3.3s
[DONE] evaluation__7277__denoise__counterfactual__nes__l0.5 calls=1021 margin 5.61->-0.81 t=3.4s
[DONE] evaluation__7277__deblur__attack__nes__l1 calls=1021 margin 8.73->-2.19 t=3.1s
[DONE] evaluation__7277__deblur__restore__nes__l1 calls=1021 margin 8.73->8.88 t=2.8s
[DONE] evaluation__7277__deblur__random_walk__random_walk__l1 calls=1024 margin 8.73->5.61 t=4.3s
[DONE] evaluation__7277__deblur__confidence_boost__nes__l1 calls=1021 margin 8.73->14.91 t=3.1s
[DONE] evaluation__7277__deblur__boundary_probe__nes__l1 calls=1021 margin 8.73->0.02 t=3.1s
[DONE] evaluation__7277__deblur__counterfactual__nes__l1 calls=1021 margin 8.73->-2.85 t=3.1s
[DONE] evaluation__148__denoise__attack__nes__l0.5 calls=1021 margin 1.74->-3.28 t=3.0s
[DONE] evaluation__148__denoise__restore__nes__l0.5 calls=1021 margin 1.74->1.96 t=3.0s
[DONE] evaluation__148__denoise__random_walk__random_walk__l0.5 calls=1024 margin 1.74->1.74 t=4.2s
[DONE] evaluation__148__denoise__confidence_boost__nes__l0.5 calls=1021 margin 1.74->5.31 t=3.1s
[DONE] evaluation__148__denoise__boundary_probe__nes__l0.5 calls=1021 margin 1.74->0.01 t=3.1s
[DONE] evaluation__148__denoise__counterfactual__nes__l0.5 calls=1021 margin 1.74->-3.05 t=3.3s
[DONE] evaluation__148__deblur__attack__nes__l1 calls=1021 margin 1.83->-2.26 t=3.0s
[DONE] evaluation__148__deblur__restore__nes__l1 calls=1021 margin 1.83->2.61 t=3.1s
[DONE] evaluation__148__deblur__random_walk__random_walk__l1 calls=1024 margin 1.83->2.98 t=4.2s
[DONE] evaluation__148__deblur__confidence_boost__nes__l1 calls=1021 margin 1.83->7.08 t=3.3s
[DONE] evaluation__148__deblur__boundary_probe__nes__l1 calls=1021 margin 1.83->0.02 t=3.1s
[DONE] evaluation__148__deblur__counterfactual__nes__l1 calls=1021 margin 1.83->-3.25 t=3.3s
[DONE] evaluation__4810__denoise__attack__nes__l0.5 calls=1021 margin 0.31->-5.16 t=3.0s
[DONE] evaluation__4810__denoise__restore__nes__l0.5 calls=1021 margin 0.31->0.33 t=3.0s
[DONE] evaluation__4810__denoise__random_walk__random_walk__l0.5 calls=1024 margin 0.31->-0.44 t=4.0s
[DONE] evaluation__4810__denoise__confidence_boost__nes__l0.5 calls=1021 margin 0.31->6.32 t=3.0s
[DONE] evaluation__4810__denoise__boundary_probe__nes__l0.5 calls=1021 margin 0.31->0.01 t=2.9s
[DONE] evaluation__4810__denoise__counterfactual__nes__l0.5 calls=1021 margin 0.31->-5.40 t=3.2s
[DONE] evaluation__4810__deblur__attack__nes__l1 calls=1021 margin 8.59->2.74 t=3.1s
[DONE] evaluation__4810__deblur__restore__nes__l1 calls=1021 margin 8.59->10.01 t=3.0s
[DONE] evaluation__4810__deblur__random_walk__random_walk__l1 calls=1024 margin 8.59->9.81 t=4.2s
[DONE] evaluation__4810__deblur__confidence_boost__nes__l1 calls=1021 margin 8.59->13.48 t=3.2s
[DONE] evaluation__4810__deblur__boundary_probe__nes__l1 calls=1021 margin 8.59->2.05 t=3.4s
[DONE] evaluation__4810__deblur__counterfactual__nes__l1 calls=1021 margin 8.59->2.25 t=3.0s
[DONE] evaluation__7295__denoise__attack__nes__l0.5 calls=1021 margin 2.31->-5.17 t=3.2s
[DONE] evaluation__7295__denoise__restore__nes__l0.5 calls=1021 margin 2.31->2.64 t=2.9s
[DONE] evaluation__7295__denoise__random_walk__random_walk__l0.5 calls=1024 margin 2.31->1.67 t=4.3s
[DONE] evaluation__7295__denoise__confidence_boost__nes__l0.5 calls=1021 margin 2.31->7.61 t=2.9s
[DONE] evaluation__7295__denoise__boundary_probe__nes__l0.5 calls=1021 margin 2.31->0.01 t=2.7s
[DONE] evaluation__7295__denoise__counterfactual__nes__l0.5 calls=1021 margin 2.31->-5.15 t=2.9s
[DONE] evaluation__7295__deblur__attack__nes__l1 calls=1021 margin 5.79->-2.06 t=3.1s
[DONE] evaluation__7295__deblur__restore__nes__l1 calls=1021 margin 5.79->6.59 t=3.0s
[DONE] evaluation__7295__deblur__random_walk__random_walk__l1 calls=1024 margin 5.79->6.67 t=4.1s
[DONE] evaluation__7295__deblur__confidence_boost__nes__l1 calls=1021 margin 5.79->12.37 t=3.0s
[DONE] evaluation__7295__deblur__boundary_probe__nes__l1 calls=1021 margin 5.79->0.01 t=3.3s
[DONE] evaluation__7295__deblur__counterfactual__nes__l1 calls=1021 margin 5.79->-2.00 t=2.8s
[DONE] evaluation__9838__denoise__attack__nes__l0.5 calls=1021 margin 2.09->-3.08 t=2.7s
[DONE] evaluation__9838__denoise__restore__nes__l0.5 calls=1021 margin 2.09->2.44 t=3.2s
[DONE] evaluation__9838__denoise__random_walk__random_walk__l0.5 calls=1024 margin 2.09->1.04 t=4.1s
[DONE] evaluation__9838__denoise__confidence_boost__nes__l0.5 calls=1021 margin 2.09->8.32 t=2.9s
[DONE] evaluation__9838__denoise__boundary_probe__nes__l0.5 calls=1021 margin 2.09->0.02 t=2.9s
[DONE] evaluation__9838__denoise__counterfactual__nes__l0.5 calls=1021 margin 2.09->-3.23 t=2.9s
[DONE] evaluation__9838__deblur__attack__nes__l1 calls=1021 margin 7.21->-1.14 t=3.1s
[DONE] evaluation__9838__deblur__restore__nes__l1 calls=1021 margin 7.21->8.17 t=3.3s
[DONE] evaluation__9838__deblur__random_walk__random_walk__l1 calls=1024 margin 7.21->8.11 t=4.3s
[DONE] evaluation__9838__deblur__confidence_boost__nes__l1 calls=1021 margin 7.21->13.39 t=2.9s
[DONE] evaluation__9838__deblur__boundary_probe__nes__l1 calls=1021 margin 7.21->0.02 t=3.3s
[DONE] evaluation__9838__deblur__counterfactual__nes__l1 calls=1021 margin 7.21->-2.23 t=2.9s
[DONE] evaluation__1062__denoise__attack__nes__l0.5 calls=1021 margin 4.93->-5.36 t=3.0s
[DONE] evaluation__1062__denoise__restore__nes__l0.5 calls=1021 margin 4.93->4.19 t=3.2s
[DONE] evaluation__1062__denoise__random_walk__random_walk__l0.5 calls=1024 margin 4.93->4.90 t=3.9s
[DONE] evaluation__1062__denoise__confidence_boost__nes__l0.5 calls=1021 margin 4.93->10.94 t=2.8s
[DONE] evaluation__1062__denoise__boundary_probe__nes__l0.5 calls=1021 margin 4.93->0.01 t=3.3s
[DONE] evaluation__1062__denoise__counterfactual__nes__l0.5 calls=1021 margin 4.93->-4.59 t=3.1s
[DONE] evaluation__1062__deblur__attack__nes__l1 calls=1021 margin 3.44->-8.97 t=3.2s
[DONE] evaluation__1062__deblur__restore__nes__l1 calls=1021 margin 3.44->7.50 t=3.6s
[DONE] evaluation__1062__deblur__random_walk__random_walk__l1 calls=1024 margin 3.44->5.90 t=4.5s
[DONE] evaluation__1062__deblur__confidence_boost__nes__l1 calls=1021 margin 3.44->13.25 t=3.3s
[DONE] evaluation__1062__deblur__boundary_probe__nes__l1 calls=1021 margin 3.44->0.02 t=2.9s
[DONE] evaluation__1062__deblur__counterfactual__nes__l1 calls=1021 margin 3.44->-7.37 t=3.4s
[DONE] evaluation__4161__denoise__attack__nes__l0.5 calls=1021 margin 6.99->2.06 t=3.2s
[DONE] evaluation__4161__denoise__restore__nes__l0.5 calls=1021 margin 6.99->6.55 t=3.0s
[DONE] evaluation__4161__denoise__random_walk__random_walk__l0.5 calls=1024 margin 6.99->7.82 t=4.0s
[DONE] evaluation__4161__denoise__confidence_boost__nes__l0.5 calls=1021 margin 6.99->11.54 t=2.9s
[DONE] evaluation__4161__denoise__boundary_probe__nes__l0.5 calls=1021 margin 6.99->1.89 t=2.9s
[DONE] evaluation__4161__denoise__counterfactual__nes__l0.5 calls=1021 margin 6.99->1.91 t=2.9s
[DONE] evaluation__4161__deblur__attack__nes__l1 calls=1021 margin 10.69->-4.39 t=3.2s
[DONE] evaluation__4161__deblur__restore__nes__l1 calls=1021 margin 10.69->10.88 t=3.2s
[DONE] evaluation__4161__deblur__random_walk__random_walk__l1 calls=1024 margin 10.69->8.27 t=4.1s
[DONE] evaluation__4161__deblur__confidence_boost__nes__l1 calls=1021 margin 10.69->15.04 t=2.8s
[DONE] evaluation__4161__deblur__boundary_probe__nes__l1 calls=1021 margin 10.69->0.02 t=3.2s
[DONE] evaluation__4161__deblur__counterfactual__nes__l1 calls=1021 margin 10.69->-6.93 t=3.0s
[DONE] evaluation__8100__denoise__attack__nes__l0.5 calls=1021 margin 2.22->-2.50 t=3.0s
[DONE] evaluation__8100__denoise__restore__nes__l0.5 calls=1021 margin 2.22->2.37 t=3.1s
[DONE] evaluation__8100__denoise__random_walk__random_walk__l0.5 calls=1024 margin 2.22->2.64 t=4.4s
[DONE] evaluation__8100__denoise__confidence_boost__nes__l0.5 calls=1021 margin 2.22->6.08 t=3.0s
[DONE] evaluation__8100__denoise__boundary_probe__nes__l0.5 calls=1021 margin 2.22->0.00 t=2.9s
[DONE] evaluation__8100__denoise__counterfactual__nes__l0.5 calls=1021 margin 2.22->-2.49 t=3.0s
[DONE] evaluation__8100__deblur__attack__nes__l1 calls=1021 margin 1.21->-5.00 t=3.0s
[DONE] evaluation__8100__deblur__restore__nes__l1 calls=1021 margin 1.21->2.22 t=3.1s
[DONE] evaluation__8100__deblur__random_walk__random_walk__l1 calls=1024 margin 1.21->2.33 t=4.2s
[DONE] evaluation__8100__deblur__confidence_boost__nes__l1 calls=1021 margin 1.21->7.31 t=3.0s
[DONE] evaluation__8100__deblur__boundary_probe__nes__l1 calls=1021 margin 1.21->0.00 t=3.2s
[DONE] evaluation__8100__deblur__counterfactual__nes__l1 calls=1021 margin 1.21->-3.98 t=3.1s
[DONE] evaluation__2084__denoise__attack__nes__l0.5 calls=1021 margin 3.79->-2.76 t=3.2s
[DONE] evaluation__2084__denoise__restore__nes__l0.5 calls=1021 margin 3.79->4.31 t=3.1s
[DONE] evaluation__2084__denoise__random_walk__random_walk__l0.5 calls=1024 margin 3.79->2.22 t=4.5s
[DONE] evaluation__2084__denoise__confidence_boost__nes__l0.5 calls=1021 margin 3.79->8.72 t=3.0s
[DONE] evaluation__2084__denoise__boundary_probe__nes__l0.5 calls=1021 margin 3.79->0.02 t=2.9s
[DONE] evaluation__2084__denoise__counterfactual__nes__l0.5 calls=1021 margin 3.79->-3.26 t=2.9s
[DONE] evaluation__2084__deblur__attack__nes__l1 calls=1021 margin 8.89->2.64 t=3.1s
[DONE] evaluation__2084__deblur__restore__nes__l1 calls=1021 margin 8.89->9.14 t=3.0s
[DONE] evaluation__2084__deblur__random_walk__random_walk__l1 calls=1024 margin 8.89->8.70 t=4.6s
[DONE] evaluation__2084__deblur__confidence_boost__nes__l1 calls=1021 margin 8.89->13.35 t=3.0s
[DONE] evaluation__2084__deblur__boundary_probe__nes__l1 calls=1021 margin 8.89->2.68 t=3.1s
[DONE] evaluation__2084__deblur__counterfactual__nes__l1 calls=1021 margin 8.89->2.66 t=3.3s
[DONE] evaluation__5465__denoise__attack__nes__l0.5 calls=1021 margin 2.33->-3.45 t=2.9s
[DONE] evaluation__5465__denoise__restore__nes__l0.5 calls=1021 margin 2.33->2.57 t=3.1s
[DONE] evaluation__5465__denoise__random_walk__random_walk__l0.5 calls=1024 margin 2.33->2.46 t=4.3s
[DONE] evaluation__5465__denoise__confidence_boost__nes__l0.5 calls=1021 margin 2.33->7.14 t=2.9s
[DONE] evaluation__5465__denoise__boundary_probe__nes__l0.5 calls=1021 margin 2.33->0.01 t=3.2s
[DONE] evaluation__5465__denoise__counterfactual__nes__l0.5 calls=1021 margin 2.33->-4.07 t=2.9s
[DONE] evaluation__5465__deblur__attack__nes__l1 calls=1021 margin 6.87->0.18 t=3.2s
[DONE] evaluation__5465__deblur__restore__nes__l1 calls=1021 margin 6.87->6.40 t=3.2s
[DONE] evaluation__5465__deblur__random_walk__random_walk__l1 calls=1024 margin 6.87->5.74 t=4.4s
[DONE] evaluation__5465__deblur__confidence_boost__nes__l1 calls=1021 margin 6.87->11.09 t=3.1s
[DONE] evaluation__5465__deblur__boundary_probe__nes__l1 calls=1021 margin 6.87->1.21 t=3.1s
[DONE] evaluation__5465__deblur__counterfactual__nes__l1 calls=1021 margin 6.87->-0.40 t=3.2s
[DONE] evaluation__6745__denoise__attack__nes__l0.5 calls=1021 margin 2.20->-3.56 t=3.2s
[DONE] evaluation__6745__denoise__restore__nes__l0.5 calls=1021 margin 2.20->2.06 t=3.3s
[DONE] evaluation__6745__denoise__random_walk__random_walk__l0.5 calls=1024 margin 2.20->1.29 t=4.2s
[DONE] evaluation__6745__denoise__confidence_boost__nes__l0.5 calls=1021 margin 2.20->7.54 t=3.4s
[DONE] evaluation__6745__denoise__boundary_probe__nes__l0.5 calls=1021 margin 2.20->0.01 t=3.1s
[DONE] evaluation__6745__denoise__counterfactual__nes__l0.5 calls=1021 margin 2.20->-3.69 t=2.9s
[DONE] evaluation__6745__deblur__attack__nes__l1 calls=1021 margin 2.93->-6.13 t=3.2s
[DONE] evaluation__6745__deblur__restore__nes__l1 calls=1021 margin 2.93->3.36 t=3.3s
[DONE] evaluation__6745__deblur__random_walk__random_walk__l1 calls=1024 margin 2.93->4.01 t=4.3s
[DONE] evaluation__6745__deblur__confidence_boost__nes__l1 calls=1021 margin 2.93->9.66 t=3.1s
[DONE] evaluation__6745__deblur__boundary_probe__nes__l1 calls=1021 margin 2.93->0.00 t=2.9s
[DONE] evaluation__6745__deblur__counterfactual__nes__l1 calls=1021 margin 2.93->-2.53 t=3.1s
[DONE] evaluation__362__denoise__attack__nes__l0.5 calls=1021 margin 4.82->-2.16 t=3.1s
[DONE] evaluation__362__denoise__restore__nes__l0.5 calls=1021 margin 4.82->4.12 t=2.8s
[DONE] evaluation__362__denoise__random_walk__random_walk__l0.5 calls=1024 margin 4.82->4.92 t=4.0s
[DONE] evaluation__362__denoise__confidence_boost__nes__l0.5 calls=1021 margin 4.82->9.61 t=2.8s
[DONE] evaluation__362__denoise__boundary_probe__nes__l0.5 calls=1021 margin 4.82->0.02 t=3.0s
[DONE] evaluation__362__denoise__counterfactual__nes__l0.5 calls=1021 margin 4.82->-1.81 t=3.1s
[DONE] evaluation__362__deblur__attack__nes__l1 calls=1021 margin 11.07->6.91 t=3.2s
[DONE] evaluation__362__deblur__restore__nes__l1 calls=1021 margin 11.07->12.43 t=3.3s
[DONE] evaluation__362__deblur__random_walk__random_walk__l1 calls=1024 margin 11.07->10.43 t=4.2s
[DONE] evaluation__362__deblur__confidence_boost__nes__l1 calls=1021 margin 11.07->14.24 t=2.9s
[DONE] evaluation__362__deblur__boundary_probe__nes__l1 calls=1021 margin 11.07->6.14 t=3.0s
[DONE] evaluation__362__deblur__counterfactual__nes__l1 calls=1021 margin 11.07->6.28 t=3.1s
[DONE] evaluation__2196__denoise__attack__nes__l0.5 calls=1021 margin 6.22->-2.25 t=3.0s
[DONE] evaluation__2196__denoise__restore__nes__l0.5 calls=1021 margin 6.22->6.79 t=3.3s
[DONE] evaluation__2196__denoise__random_walk__random_walk__l0.5 calls=1024 margin 6.22->4.35 t=4.0s
[DONE] evaluation__2196__denoise__confidence_boost__nes__l0.5 calls=1021 margin 6.22->11.63 t=2.9s
[DONE] evaluation__2196__denoise__boundary_probe__nes__l0.5 calls=1021 margin 6.22->0.05 t=3.3s
[DONE] evaluation__2196__denoise__counterfactual__nes__l0.5 calls=1021 margin 6.22->-1.68 t=2.9s
[DONE] evaluation__2196__deblur__attack__nes__l1 calls=1021 margin 11.43->6.22 t=3.3s
[DONE] evaluation__2196__deblur__restore__nes__l1 calls=1021 margin 11.43->12.57 t=3.1s
[DONE] evaluation__2196__deblur__random_walk__random_walk__l1 calls=1024 margin 11.43->12.54 t=4.2s
[DONE] evaluation__2196__deblur__confidence_boost__nes__l1 calls=1021 margin 11.43->14.92 t=3.1s
[DONE] evaluation__2196__deblur__boundary_probe__nes__l1 calls=1021 margin 11.43->7.47 t=2.8s
[DONE] evaluation__2196__deblur__counterfactual__nes__l1 calls=1021 margin 11.43->7.27 t=3.1s
[DONE] evaluation__6211__denoise__attack__nes__l0.5 calls=1021 margin 6.74->3.06 t=3.0s
[DONE] evaluation__6211__denoise__restore__nes__l0.5 calls=1021 margin 6.74->6.94 t=3.2s
[DONE] evaluation__6211__denoise__random_walk__random_walk__l0.5 calls=1024 margin 6.74->5.83 t=4.3s
[DONE] evaluation__6211__denoise__confidence_boost__nes__l0.5 calls=1021 margin 6.74->9.67 t=3.2s
[DONE] evaluation__6211__denoise__boundary_probe__nes__l0.5 calls=1021 margin 6.74->2.63 t=2.9s
[DONE] evaluation__6211__denoise__counterfactual__nes__l0.5 calls=1021 margin 6.74->3.15 t=2.9s
[DONE] evaluation__6211__deblur__attack__nes__l1 calls=1021 margin 12.45->7.72 t=3.3s
[DONE] evaluation__6211__deblur__restore__nes__l1 calls=1021 margin 12.45->12.83 t=3.2s
[DONE] evaluation__6211__deblur__random_walk__random_walk__l1 calls=1024 margin 12.45->10.92 t=4.1s
[DONE] evaluation__6211__deblur__confidence_boost__nes__l1 calls=1021 margin 12.45->13.93 t=2.8s
[DONE] evaluation__6211__deblur__boundary_probe__nes__l1 calls=1021 margin 12.45->7.46 t=2.9s
[DONE] evaluation__6211__deblur__counterfactual__nes__l1 calls=1021 margin 12.45->7.75 t=2.9s
[DONE] evaluation__9266__denoise__attack__nes__l0.5 calls=1021 margin 6.22->-1.42 t=2.9s
[DONE] evaluation__9266__denoise__restore__nes__l0.5 calls=1021 margin 6.22->6.64 t=2.9s
[DONE] evaluation__9266__denoise__random_walk__random_walk__l0.5 calls=1024 margin 6.22->5.00 t=4.3s
[DONE] evaluation__9266__denoise__confidence_boost__nes__l0.5 calls=1021 margin 6.22->10.80 t=3.0s
[DONE] evaluation__9266__denoise__boundary_probe__nes__l0.5 calls=1021 margin 6.22->0.02 t=3.0s
[DONE] evaluation__9266__denoise__counterfactual__nes__l0.5 calls=1021 margin 6.22->-0.84 t=2.7s
[DONE] evaluation__9266__deblur__attack__nes__l1 calls=1021 margin 7.21->-6.98 t=2.8s
[DONE] evaluation__9266__deblur__restore__nes__l1 calls=1021 margin 7.21->9.27 t=3.1s
[DONE] evaluation__9266__deblur__random_walk__random_walk__l1 calls=1024 margin 7.21->3.93 t=4.2s
[DONE] evaluation__9266__deblur__confidence_boost__nes__l1 calls=1021 margin 7.21->14.90 t=2.9s
[DONE] evaluation__9266__deblur__boundary_probe__nes__l1 calls=1021 margin 7.21->0.01 t=2.9s
[DONE] evaluation__9266__deblur__counterfactual__nes__l1 calls=1021 margin 7.21->-6.29 t=2.7s
[DONE] evaluation__2188__denoise__attack__nes__l0.5 calls=1021 margin 2.16->-8.28 t=2.9s
[DONE] evaluation__2188__denoise__restore__nes__l0.5 calls=1021 margin 2.16->1.95 t=3.2s
[DONE] evaluation__2188__denoise__random_walk__random_walk__l0.5 calls=1024 margin 2.16->-3.14 t=4.4s
[DONE] evaluation__2188__denoise__confidence_boost__nes__l0.5 calls=1021 margin 2.16->10.28 t=2.9s
[DONE] evaluation__2188__denoise__boundary_probe__nes__l0.5 calls=1021 margin 2.16->0.01 t=3.2s
[DONE] evaluation__2188__denoise__counterfactual__nes__l0.5 calls=1021 margin 2.16->-7.97 t=3.1s
[DONE] evaluation__2188__deblur__attack__nes__l1 calls=1021 margin 12.04->6.18 t=3.0s
[DONE] evaluation__2188__deblur__restore__nes__l1 calls=1021 margin 12.04->12.94 t=3.2s
[DONE] evaluation__2188__deblur__random_walk__random_walk__l1 calls=1024 margin 12.04->11.46 t=4.3s
[DONE] evaluation__2188__deblur__confidence_boost__nes__l1 calls=1021 margin 12.04->14.09 t=2.9s
[DONE] evaluation__2188__deblur__boundary_probe__nes__l1 calls=1021 margin 12.04->3.65 t=3.0s
[DONE] evaluation__2188__deblur__counterfactual__nes__l1 calls=1021 margin 12.04->4.69 t=3.1s
[DONE] evaluation__4979__denoise__attack__nes__l0.5 calls=1021 margin 5.52->-0.75 t=3.1s
[DONE] evaluation__4979__denoise__restore__nes__l0.5 calls=1021 margin 5.52->5.69 t=3.2s
[DONE] evaluation__4979__denoise__random_walk__random_walk__l0.5 calls=1024 margin 5.52->3.96 t=4.1s
[DONE] evaluation__4979__denoise__confidence_boost__nes__l0.5 calls=1021 margin 5.52->8.28 t=3.3s
[DONE] evaluation__4979__denoise__boundary_probe__nes__l0.5 calls=1021 margin 5.52->0.04 t=3.1s
[DONE] evaluation__4979__denoise__counterfactual__nes__l0.5 calls=1021 margin 5.52->1.70 t=3.1s
[DONE] evaluation__4979__deblur__attack__nes__l1 calls=1021 margin 6.80->0.87 t=3.1s
[DONE] evaluation__4979__deblur__restore__nes__l1 calls=1021 margin 6.80->6.77 t=3.0s
[DONE] evaluation__4979__deblur__random_walk__random_walk__l1 calls=1024 margin 6.80->4.74 t=4.1s
[DONE] evaluation__4979__deblur__confidence_boost__nes__l1 calls=1021 margin 6.80->10.25 t=3.3s
[DONE] evaluation__4979__deblur__boundary_probe__nes__l1 calls=1021 margin 6.80->0.10 t=3.0s
[DONE] evaluation__4979__deblur__counterfactual__nes__l1 calls=1021 margin 6.80->0.43 t=3.1s
[DONE] evaluation__8512__denoise__attack__nes__l0.5 calls=1021 margin 6.32->-1.87 t=3.1s
[DONE] evaluation__8512__denoise__restore__nes__l0.5 calls=1021 margin 6.32->6.09 t=3.2s
[DONE] evaluation__8512__denoise__random_walk__random_walk__l0.5 calls=1024 margin 6.32->6.37 t=4.4s
[DONE] evaluation__8512__denoise__confidence_boost__nes__l0.5 calls=1021 margin 6.32->10.17 t=3.4s
[DONE] evaluation__8512__denoise__boundary_probe__nes__l0.5 calls=1021 margin 6.32->0.02 t=3.1s
[DONE] evaluation__8512__denoise__counterfactual__nes__l0.5 calls=1021 margin 6.32->-1.38 t=3.1s
[DONE] evaluation__8512__deblur__attack__nes__l1 calls=1021 margin 4.49->-4.91 t=3.4s
[DONE] evaluation__8512__deblur__restore__nes__l1 calls=1021 margin 4.49->5.09 t=3.1s
[DONE] evaluation__8512__deblur__random_walk__random_walk__l1 calls=1024 margin 4.49->6.28 t=4.5s
[DONE] evaluation__8512__deblur__confidence_boost__nes__l1 calls=1021 margin 4.49->11.32 t=3.3s
[DONE] evaluation__8512__deblur__boundary_probe__nes__l1 calls=1021 margin 4.49->0.00 t=3.2s
[DONE] evaluation__8512__deblur__counterfactual__nes__l1 calls=1021 margin 4.49->-4.46 t=3.0s
[DONE] fit__2400__denoise__attack__nes__l0.5 calls=1021 margin 1.58->-2.92 t=3.0s
[DONE] fit__2400__denoise__restore__nes__l0.5 calls=1021 margin 1.58->1.97 t=3.2s
[DONE] fit__2400__denoise__random_walk__random_walk__l0.5 calls=1024 margin 1.58->2.31 t=4.7s
[DONE] fit__2400__denoise__confidence_boost__nes__l0.5 calls=1021 margin 1.58->6.22 t=2.9s
[DONE] fit__2400__denoise__boundary_probe__nes__l0.5 calls=1021 margin 1.58->0.01 t=3.1s
[DONE] fit__2400__denoise__counterfactual__nes__l0.5 calls=1021 margin 1.58->-3.80 t=2.8s
[DONE] fit__2400__deblur__attack__nes__l1 calls=1021 margin 4.74->1.31 t=3.1s
[DONE] fit__2400__deblur__restore__nes__l1 calls=1021 margin 4.74->5.06 t=2.9s
[DONE] fit__2400__deblur__random_walk__random_walk__l1 calls=1024 margin 4.74->4.65 t=4.2s
[DONE] fit__2400__deblur__confidence_boost__nes__l1 calls=1021 margin 4.74->8.86 t=2.6s
[DONE] fit__2400__deblur__boundary_probe__nes__l1 calls=1021 margin 4.74->0.00 t=2.8s
[DONE] fit__2400__deblur__counterfactual__nes__l1 calls=1021 margin 4.74->-0.21 t=2.8s
[DONE] fit__8400__denoise__attack__nes__l0.5 calls=1021 margin 3.01->-5.72 t=3.0s
[DONE] fit__8400__denoise__restore__nes__l0.5 calls=1021 margin 3.01->3.43 t=3.1s
[DONE] fit__8400__denoise__random_walk__random_walk__l0.5 calls=1024 margin 3.01->3.31 t=4.1s
[DONE] fit__8400__denoise__confidence_boost__nes__l0.5 calls=1021 margin 3.01->9.95 t=3.1s
[DONE] fit__8400__denoise__boundary_probe__nes__l0.5 calls=1021 margin 3.01->0.05 t=3.0s
[DONE] fit__8400__denoise__counterfactual__nes__l0.5 calls=1021 margin 3.01->-6.26 t=3.1s
[DONE] fit__8400__deblur__attack__nes__l1 calls=1021 margin 5.76->-6.52 t=3.2s
[DONE] fit__8400__deblur__restore__nes__l1 calls=1021 margin 5.76->6.37 t=2.9s
[DONE] fit__8400__deblur__random_walk__random_walk__l1 calls=1024 margin 5.76->6.71 t=4.3s
[DONE] fit__8400__deblur__confidence_boost__nes__l1 calls=1021 margin 5.76->13.82 t=2.9s
[DONE] fit__8400__deblur__boundary_probe__nes__l1 calls=1021 margin 5.76->0.05 t=3.0s
[DONE] fit__8400__deblur__counterfactual__nes__l1 calls=1021 margin 5.76->-5.71 t=2.9s
[DONE] fit__3701__denoise__attack__nes__l0.5 calls=1021 margin 2.74->-2.99 t=3.1s
[DONE] fit__3701__denoise__restore__nes__l0.5 calls=1021 margin 2.74->3.31 t=3.1s
[DONE] fit__3701__denoise__random_walk__random_walk__l0.5 calls=1024 margin 2.74->1.73 t=4.4s
[DONE] fit__3701__denoise__confidence_boost__nes__l0.5 calls=1021 margin 2.74->7.50 t=3.1s
[DONE] fit__3701__denoise__boundary_probe__nes__l0.5 calls=1021 margin 2.74->0.01 t=2.9s
[DONE] fit__3701__denoise__counterfactual__nes__l0.5 calls=1021 margin 2.74->-2.90 t=3.0s
[DONE] fit__3701__deblur__attack__nes__l1 calls=1021 margin 8.42->3.86 t=3.2s
[DONE] fit__3701__deblur__restore__nes__l1 calls=1021 margin 8.42->8.70 t=3.0s
[DONE] fit__3701__deblur__random_walk__random_walk__l1 calls=1024 margin 8.42->6.51 t=4.2s
[DONE] fit__3701__deblur__confidence_boost__nes__l1 calls=1021 margin 8.42->11.10 t=3.1s
[DONE] fit__3701__deblur__boundary_probe__nes__l1 calls=1021 margin 8.42->4.22 t=3.0s
[DONE] fit__3701__deblur__counterfactual__nes__l1 calls=1021 margin 8.42->4.84 t=3.1s
[DONE] fit__1496__denoise__attack__nes__l0.5 calls=1021 margin 2.72->-3.33 t=3.1s
[DONE] fit__1496__denoise__restore__nes__l0.5 calls=1021 margin 2.72->2.36 t=3.1s
[DONE] fit__1496__denoise__random_walk__random_walk__l0.5 calls=1024 margin 2.72->1.98 t=4.4s
[DONE] fit__1496__denoise__confidence_boost__nes__l0.5 calls=1021 margin 2.72->7.95 t=3.1s
[DONE] fit__1496__denoise__boundary_probe__nes__l0.5 calls=1021 margin 2.72->0.01 t=2.9s
[DONE] fit__1496__denoise__counterfactual__nes__l0.5 calls=1021 margin 2.72->-4.08 t=3.0s
[DONE] fit__1496__deblur__attack__nes__l1 calls=1021 margin 6.10->-8.65 t=3.1s
[DONE] fit__1496__deblur__restore__nes__l1 calls=1021 margin 6.10->2.90 t=3.2s
[DONE] fit__1496__deblur__random_walk__random_walk__l1 calls=1024 margin 6.10->-2.58 t=4.1s
[DONE] fit__1496__deblur__confidence_boost__nes__l1 calls=1021 margin 6.10->8.25 t=3.0s
[DONE] fit__1496__deblur__boundary_probe__nes__l1 calls=1021 margin 6.10->0.05 t=3.0s
[DONE] fit__1496__deblur__counterfactual__nes__l1 calls=1021 margin 6.10->-7.33 t=3.1s
[DONE] fit__7082__denoise__attack__nes__l0.5 calls=1021 margin 1.53->-3.29 t=3.1s
[DONE] fit__7082__denoise__restore__nes__l0.5 calls=1021 margin 1.53->1.96 t=2.9s
[DONE] fit__7082__denoise__random_walk__random_walk__l0.5 calls=1024 margin 1.53->1.45 t=4.3s
[DONE] fit__7082__denoise__confidence_boost__nes__l0.5 calls=1021 margin 1.53->7.63 t=3.0s
[DONE] fit__7082__denoise__boundary_probe__nes__l0.5 calls=1021 margin 1.53->0.01 t=3.2s
[DONE] fit__7082__denoise__counterfactual__nes__l0.5 calls=1021 margin 1.53->-3.16 t=3.0s
[DONE] fit__7082__deblur__attack__nes__l1 calls=1021 margin 2.52->-7.77 t=3.1s
[DONE] fit__7082__deblur__restore__nes__l1 calls=1021 margin 2.52->2.34 t=3.1s
[DONE] fit__7082__deblur__random_walk__random_walk__l1 calls=1024 margin 2.52->2.39 t=4.3s
[DONE] fit__7082__deblur__confidence_boost__nes__l1 calls=1021 margin 2.52->8.16 t=3.0s
[DONE] fit__7082__deblur__boundary_probe__nes__l1 calls=1021 margin 2.52->0.01 t=3.0s
[DONE] fit__7082__deblur__counterfactual__nes__l1 calls=1021 margin 2.52->-4.95 t=3.1s
[DONE] fit__1112__denoise__attack__nes__l0.5 calls=1021 margin 4.12->-0.80 t=3.3s
[DONE] fit__1112__denoise__restore__nes__l0.5 calls=1021 margin 4.12->4.39 t=3.4s
[DONE] fit__1112__denoise__random_walk__random_walk__l0.5 calls=1024 margin 4.12->4.37 t=4.3s
[DONE] fit__1112__denoise__confidence_boost__nes__l0.5 calls=1021 margin 4.12->7.20 t=3.3s
[DONE] fit__1112__denoise__boundary_probe__nes__l0.5 calls=1021 margin 4.12->0.01 t=3.0s
[DONE] fit__1112__denoise__counterfactual__nes__l0.5 calls=1021 margin 4.12->-1.21 t=3.1s
[DONE] fit__1112__deblur__attack__nes__l1 calls=1021 margin 4.65->-3.46 t=3.1s
[DONE] fit__1112__deblur__restore__nes__l1 calls=1021 margin 4.65->5.09 t=3.5s
[DONE] fit__1112__deblur__random_walk__random_walk__l1 calls=1024 margin 4.65->5.04 t=4.4s
[DONE] fit__1112__deblur__confidence_boost__nes__l1 calls=1021 margin 4.65->8.13 t=3.4s
[DONE] fit__1112__deblur__boundary_probe__nes__l1 calls=1021 margin 4.65->0.00 t=3.3s
[DONE] fit__1112__deblur__counterfactual__nes__l1 calls=1021 margin 4.65->-4.05 t=3.2s
[DONE] fit__8196__denoise__attack__nes__l0.5 calls=1021 margin 4.10->-2.73 t=3.0s
[DONE] fit__8196__denoise__restore__nes__l0.5 calls=1021 margin 4.10->3.97 t=3.0s
[DONE] fit__8196__denoise__random_walk__random_walk__l0.5 calls=1024 margin 4.10->4.28 t=4.4s
[DONE] fit__8196__denoise__confidence_boost__nes__l0.5 calls=1021 margin 4.10->8.40 t=3.1s
[DONE] fit__8196__denoise__boundary_probe__nes__l0.5 calls=1021 margin 4.10->0.01 t=3.2s
[DONE] fit__8196__denoise__counterfactual__nes__l0.5 calls=1021 margin 4.10->-2.42 t=3.0s
[DONE] fit__8196__deblur__attack__nes__l1 calls=1021 margin 7.47->0.93 t=3.2s
[DONE] fit__8196__deblur__restore__nes__l1 calls=1021 margin 7.47->6.63 t=3.2s
[DONE] fit__8196__deblur__random_walk__random_walk__l1 calls=1024 margin 7.47->5.77 t=4.2s
[DONE] fit__8196__deblur__confidence_boost__nes__l1 calls=1021 margin 7.47->10.72 t=3.1s
[DONE] fit__8196__deblur__boundary_probe__nes__l1 calls=1021 margin 7.47->0.10 t=3.4s
[DONE] fit__8196__deblur__counterfactual__nes__l1 calls=1021 margin 7.47->0.44 t=3.1s
[DONE] fit__3222__denoise__attack__nes__l0.5 calls=1021 margin 9.23->-0.70 t=3.2s
[DONE] fit__3222__denoise__restore__nes__l0.5 calls=1021 margin 9.23->9.75 t=3.1s
[DONE] fit__3222__denoise__random_walk__random_walk__l0.5 calls=1024 margin 9.23->7.79 t=4.3s
[DONE] fit__3222__denoise__confidence_boost__nes__l0.5 calls=1021 margin 9.23->14.21 t=2.9s
[DONE] fit__3222__denoise__boundary_probe__nes__l0.5 calls=1021 margin 9.23->0.00 t=3.2s
[DONE] fit__3222__denoise__counterfactual__nes__l0.5 calls=1021 margin 9.23->-1.29 t=3.3s
[DONE] fit__3222__deblur__attack__nes__l1 calls=1021 margin 4.40->-7.82 t=3.3s
[DONE] fit__3222__deblur__restore__nes__l1 calls=1021 margin 4.40->4.92 t=3.3s
[DONE] fit__3222__deblur__random_walk__random_walk__l1 calls=1024 margin 4.40->8.35 t=4.2s
[DONE] fit__3222__deblur__confidence_boost__nes__l1 calls=1021 margin 4.40->13.35 t=3.3s
[DONE] fit__3222__deblur__boundary_probe__nes__l1 calls=1021 margin 4.40->0.02 t=3.1s
[DONE] fit__3222__deblur__counterfactual__nes__l1 calls=1021 margin 4.40->-2.84 t=3.1s
[DONE] fit__679__denoise__attack__nes__l0.5 calls=1021 margin 2.35->-5.05 t=2.9s
[DONE] fit__679__denoise__restore__nes__l0.5 calls=1021 margin 2.35->2.17 t=3.2s
[DONE] fit__679__denoise__random_walk__random_walk__l0.5 calls=1024 margin 2.35->3.98 t=4.4s
[DONE] fit__679__denoise__confidence_boost__nes__l0.5 calls=1021 margin 2.35->8.60 t=3.0s
[DONE] fit__679__denoise__boundary_probe__nes__l0.5 calls=1021 margin 2.35->0.04 t=2.9s
[DONE] fit__679__denoise__counterfactual__nes__l0.5 calls=1021 margin 2.35->-4.88 t=3.0s
[DONE] fit__679__deblur__attack__nes__l1 calls=1021 margin 4.33->-3.37 t=3.2s
[DONE] fit__679__deblur__restore__nes__l1 calls=1021 margin 4.33->4.56 t=2.9s
[DONE] fit__679__deblur__random_walk__random_walk__l1 calls=1024 margin 4.33->6.52 t=4.4s
[DONE] fit__679__deblur__confidence_boost__nes__l1 calls=1021 margin 4.33->10.84 t=3.2s
[DONE] fit__679__deblur__boundary_probe__nes__l1 calls=1021 margin 4.33->0.01 t=3.4s
[DONE] fit__679__deblur__counterfactual__nes__l1 calls=1021 margin 4.33->-3.63 t=3.2s
[DONE] fit__6835__denoise__attack__nes__l0.5 calls=1021 margin 2.74->-6.86 t=3.0s
[DONE] fit__6835__denoise__restore__nes__l0.5 calls=1021 margin 2.74->2.53 t=3.1s
[DONE] fit__6835__denoise__random_walk__random_walk__l0.5 calls=1024 margin 2.74->1.79 t=4.5s
[DONE] fit__6835__denoise__confidence_boost__nes__l0.5 calls=1021 margin 2.74->9.76 t=3.2s
[DONE] fit__6835__denoise__boundary_probe__nes__l0.5 calls=1021 margin 2.74->0.01 t=3.4s
[DONE] fit__6835__denoise__counterfactual__nes__l0.5 calls=1021 margin 2.74->-5.62 t=3.1s
[DONE] fit__6835__deblur__attack__nes__l1 calls=1021 margin 6.82->-6.11 t=3.3s
[DONE] fit__6835__deblur__restore__nes__l1 calls=1021 margin 6.82->6.91 t=3.2s
[DONE] fit__6835__deblur__random_walk__random_walk__l1 calls=1024 margin 6.82->2.34 t=4.3s
[DONE] fit__6835__deblur__confidence_boost__nes__l1 calls=1021 margin 6.82->14.56 t=3.1s
[DONE] fit__6835__deblur__boundary_probe__nes__l1 calls=1021 margin 6.82->0.04 t=3.3s
[DONE] fit__6835__deblur__counterfactual__nes__l1 calls=1021 margin 6.82->-6.36 t=3.0s
[DONE] fit__2702__denoise__attack__nes__l0.5 calls=1021 margin 4.94->-1.94 t=2.9s
[DONE] fit__2702__denoise__restore__nes__l0.5 calls=1021 margin 4.94->5.12 t=3.3s
[DONE] fit__2702__denoise__random_walk__random_walk__l0.5 calls=1024 margin 4.94->4.69 t=4.0s
[DONE] fit__2702__denoise__confidence_boost__nes__l0.5 calls=1021 margin 4.94->9.82 t=3.2s
[DONE] fit__2702__denoise__boundary_probe__nes__l0.5 calls=1021 margin 4.94->0.05 t=3.0s
[DONE] fit__2702__denoise__counterfactual__nes__l0.5 calls=1021 margin 4.94->-2.48 t=3.4s
[DONE] fit__2702__deblur__attack__nes__l1 calls=1021 margin 6.38->-0.80 t=3.2s
[DONE] fit__2702__deblur__restore__nes__l1 calls=1021 margin 6.38->7.12 t=3.0s
[DONE] fit__2702__deblur__random_walk__random_walk__l1 calls=1024 margin 6.38->4.86 t=4.4s
[DONE] fit__2702__deblur__confidence_boost__nes__l1 calls=1021 margin 6.38->11.84 t=3.2s
[DONE] fit__2702__deblur__boundary_probe__nes__l1 calls=1021 margin 6.38->0.04 t=2.8s
[DONE] fit__2702__deblur__counterfactual__nes__l1 calls=1021 margin 6.38->1.33 t=2.9s
[DONE] fit__8771__denoise__attack__nes__l0.5 calls=1021 margin 8.93->2.21 t=3.0s
[DONE] fit__8771__denoise__restore__nes__l0.5 calls=1021 margin 8.93->8.95 t=3.0s
[DONE] fit__8771__denoise__random_walk__random_walk__l0.5 calls=1024 margin 8.93->8.96 t=4.5s
[DONE] fit__8771__denoise__confidence_boost__nes__l0.5 calls=1021 margin 8.93->12.93 t=3.2s
[DONE] fit__8771__denoise__boundary_probe__nes__l0.5 calls=1021 margin 8.93->1.15 t=3.2s
[DONE] fit__8771__denoise__counterfactual__nes__l0.5 calls=1021 margin 8.93->1.60 t=2.9s
[DONE] fit__8771__deblur__attack__nes__l1 calls=1021 margin 10.09->-5.94 t=2.9s
[DONE] fit__8771__deblur__restore__nes__l1 calls=1021 margin 10.09->11.02 t=3.0s
[DONE] fit__8771__deblur__random_walk__random_walk__l1 calls=1024 margin 10.09->10.80 t=4.1s
[DONE] fit__8771__deblur__confidence_boost__nes__l1 calls=1021 margin 10.09->13.92 t=3.2s
[DONE] fit__8771__deblur__boundary_probe__nes__l1 calls=1021 margin 10.09->0.03 t=3.3s
[DONE] fit__8771__deblur__counterfactual__nes__l1 calls=1021 margin 10.09->-4.42 t=2.9s
[DONE] fit__1635__denoise__attack__nes__l0.5 calls=1021 margin 3.83->-3.79 t=2.8s
[DONE] fit__1635__denoise__restore__nes__l0.5 calls=1021 margin 3.83->4.62 t=3.1s
[DONE] fit__1635__denoise__random_walk__random_walk__l0.5 calls=1024 margin 3.83->3.09 t=4.6s
[DONE] fit__1635__denoise__confidence_boost__nes__l0.5 calls=1021 margin 3.83->9.09 t=3.0s
[DONE] fit__1635__denoise__boundary_probe__nes__l0.5 calls=1021 margin 3.83->0.02 t=3.0s
[DONE] fit__1635__denoise__counterfactual__nes__l0.5 calls=1021 margin 3.83->-3.89 t=3.0s
[DONE] fit__1635__deblur__attack__nes__l1 calls=1021 margin 6.07->-1.14 t=3.2s
[DONE] fit__1635__deblur__restore__nes__l1 calls=1021 margin 6.07->6.17 t=3.3s
[DONE] fit__1635__deblur__random_walk__random_walk__l1 calls=1024 margin 6.07->4.09 t=4.2s
[DONE] fit__1635__deblur__confidence_boost__nes__l1 calls=1021 margin 6.07->10.80 t=3.0s
[DONE] fit__1635__deblur__boundary_probe__nes__l1 calls=1021 margin 6.07->0.02 t=3.1s
[DONE] fit__1635__deblur__counterfactual__nes__l1 calls=1021 margin 6.07->-1.69 t=3.1s
[DONE] fit__612__denoise__attack__nes__l0.5 calls=1021 margin 8.10->3.69 t=3.2s
[DONE] fit__612__denoise__restore__nes__l0.5 calls=1021 margin 8.10->7.85 t=3.2s
[DONE] fit__612__denoise__random_walk__random_walk__l0.5 calls=1024 margin 8.10->7.77 t=4.1s
[DONE] fit__612__denoise__confidence_boost__nes__l0.5 calls=1021 margin 8.10->11.30 t=3.2s
[DONE] fit__612__denoise__boundary_probe__nes__l0.5 calls=1021 margin 8.10->4.34 t=3.0s
[DONE] fit__612__denoise__counterfactual__nes__l0.5 calls=1021 margin 8.10->4.15 t=3.2s
[DONE] fit__612__deblur__attack__nes__l1 calls=1021 margin 3.24->-2.36 t=3.1s
[DONE] fit__612__deblur__restore__nes__l1 calls=1021 margin 3.24->5.03 t=3.1s
[DONE] fit__612__deblur__random_walk__random_walk__l1 calls=1024 margin 3.24->6.84 t=4.3s
[DONE] fit__612__deblur__confidence_boost__nes__l1 calls=1021 margin 3.24->12.21 t=3.2s
[DONE] fit__612__deblur__boundary_probe__nes__l1 calls=1021 margin 3.24->0.01 t=3.0s
[DONE] fit__612__deblur__counterfactual__nes__l1 calls=1021 margin 3.24->-1.89 t=3.1s
[DONE] fit__4347__denoise__attack__nes__l0.5 calls=1021 margin 7.09->0.32 t=3.1s
[DONE] fit__4347__denoise__restore__nes__l0.5 calls=1021 margin 7.09->7.41 t=2.9s
[DONE] fit__4347__denoise__random_walk__random_walk__l0.5 calls=1024 margin 7.09->5.81 t=4.1s
[DONE] fit__4347__denoise__confidence_boost__nes__l0.5 calls=1021 margin 7.09->10.43 t=2.8s
[DONE] fit__4347__denoise__boundary_probe__nes__l0.5 calls=1021 margin 7.09->0.45 t=3.2s
[DONE] fit__4347__denoise__counterfactual__nes__l0.5 calls=1021 margin 7.09->1.63 t=2.9s
[DONE] fit__4347__deblur__attack__nes__l1 calls=1021 margin 11.91->5.42 t=3.0s
[DONE] fit__4347__deblur__restore__nes__l1 calls=1021 margin 11.91->12.17 t=3.0s
[DONE] fit__4347__deblur__random_walk__random_walk__l1 calls=1024 margin 11.91->11.91 t=4.5s
[DONE] fit__4347__deblur__confidence_boost__nes__l1 calls=1021 margin 11.91->14.15 t=3.0s
[DONE] fit__4347__deblur__boundary_probe__nes__l1 calls=1021 margin 11.91->7.35 t=2.9s
[DONE] fit__4347__deblur__counterfactual__nes__l1 calls=1021 margin 11.91->6.97 t=2.9s
[DONE] fit__3397__denoise__attack__nes__l0.5 calls=1021 margin 1.36->-6.51 t=3.1s
[DONE] fit__3397__denoise__restore__nes__l0.5 calls=1021 margin 1.36->0.84 t=2.9s
[DONE] fit__3397__denoise__random_walk__random_walk__l0.5 calls=1024 margin 1.36->0.78 t=4.3s
[DONE] fit__3397__denoise__confidence_boost__nes__l0.5 calls=1021 margin 1.36->6.23 t=2.7s
[DONE] fit__3397__denoise__boundary_probe__nes__l0.5 calls=1021 margin 1.36->0.01 t=3.1s
[DONE] fit__3397__denoise__counterfactual__nes__l0.5 calls=1021 margin 1.36->-5.60 t=3.4s
[DONE] fit__3397__deblur__attack__nes__l1 calls=1021 margin 9.31->3.02 t=3.0s
[DONE] fit__3397__deblur__restore__nes__l1 calls=1021 margin 9.31->9.57 t=3.1s
[DONE] fit__3397__deblur__random_walk__random_walk__l1 calls=1024 margin 9.31->8.15 t=4.1s
[DONE] fit__3397__deblur__confidence_boost__nes__l1 calls=1021 margin 9.31->11.74 t=3.0s
[DONE] fit__3397__deblur__boundary_probe__nes__l1 calls=1021 margin 9.31->3.51 t=2.8s
[DONE] fit__3397__deblur__counterfactual__nes__l1 calls=1021 margin 9.31->3.91 t=3.1s
[DONE] fit__9773__denoise__attack__nes__l0.5 calls=1021 margin 1.61->-6.01 t=2.8s
[DONE] fit__9773__denoise__restore__nes__l0.5 calls=1021 margin 1.61->1.19 t=2.6s
[DONE] fit__9773__denoise__random_walk__random_walk__l0.5 calls=1024 margin 1.61->3.40 t=3.9s
[DONE] fit__9773__denoise__confidence_boost__nes__l0.5 calls=1021 margin 1.61->6.73 t=2.8s
[DONE] fit__9773__denoise__boundary_probe__nes__l0.5 calls=1021 margin 1.61->0.00 t=2.6s
[DONE] fit__9773__denoise__counterfactual__nes__l0.5 calls=1021 margin 1.61->-6.37 t=2.8s
[DONE] fit__9773__deblur__attack__nes__l1 calls=1021 margin 1.19->-7.58 t=2.6s
[DONE] fit__9773__deblur__restore__nes__l1 calls=1021 margin 1.19->2.49 t=2.6s
[DONE] fit__9773__deblur__random_walk__random_walk__l1 calls=1024 margin 1.19->-1.94 t=3.6s
[DONE] fit__9773__deblur__confidence_boost__nes__l1 calls=1021 margin 1.19->8.16 t=2.6s
[DONE] fit__9773__deblur__boundary_probe__nes__l1 calls=1021 margin 1.19->0.02 t=2.6s
[DONE] fit__9773__deblur__counterfactual__nes__l1 calls=1021 margin 1.19->-6.45 t=2.8s
