[DONE] calibration__864__denoise__attack__nes__l0.5 calls=1021 margin 2.48->-2.40 t=2.6s
[DONE] calibration__864__denoise__restore__nes__l0.5 calls=1021 margin 2.48->2.53 t=2.9s
[DONE] calibration__864__denoise__random_walk__random_walk__l0.5 calls=1024 margin 2.48->1.91 t=3.9s
[DONE] calibration__864__denoise__confidence_boost__nes__l0.5 calls=1021 margin 2.48->7.28 t=3.4s
[DONE] calibration__864__denoise__boundary_probe__nes__l0.5 calls=1021 margin 2.48->0.01 t=3.5s
[DONE] calibration__864__denoise__counterfactual__nes__l0.5 calls=1021 margin 2.48->-2.17 t=2.9s
[DONE] calibration__864__deblur__attack__nes__l1 calls=1021 margin 8.60->0.73 t=2.8s
[DONE] calibration__864__deblur__restore__nes__l1 calls=1021 margin 8.60->9.38 t=2.9s
[DONE] calibration__864__deblur__random_walk__random_walk__l1 calls=1024 margin 8.60->7.07 t=3.8s
[DONE] calibration__864__deblur__confidence_boost__nes__l1 calls=1021 margin 8.60->12.66 t=3.3s
[DONE] calibration__864__deblur__boundary_probe__nes__l1 calls=1021 margin 8.60->3.78 t=3.3s
[DONE] calibration__864__deblur__counterfactual__nes__l1 calls=1021 margin 8.60->3.83 t=3.2s
[DONE] calibration__5339__denoise__attack__nes__l0.5 calls=1021 margin 1.06->-6.17 t=2.8s
[DONE] calibration__5339__denoise__restore__nes__l0.5 calls=1021 margin 1.06->1.11 t=3.1s
[DONE] calibration__5339__denoise__random_walk__random_walk__l0.5 calls=1024 margin 1.06->-0.19 t=4.2s
[DONE] calibration__5339__denoise__confidence_boost__nes__l0.5 calls=1021 margin 1.06->7.21 t=3.1s
[DONE] calibration__5339__denoise__boundary_probe__nes__l0.5 calls=1021 margin 1.06->0.03 t=3.2s
[DONE] calibration__5339__denoise__counterfactual__nes__l0.5 calls=1021 margin 1.06->-6.45 t=3.0s
[DONE] calibration__5339__deblur__attack__nes__l1 calls=1021 margin 9.06->-0.93 t=3.0s
[DONE] calibration__5339__deblur__restore__nes__l1 calls=1021 margin 9.06->9.43 t=2.9s
[DONE] calibration__5339__deblur__random_walk__random_walk__l1 calls=1024 margin 9.06->6.21 t=4.0s
[DONE] calibration__5339__deblur__confidence_boost__nes__l1 calls=1021 margin 9.06->14.26 t=3.2s
[DONE] calibration__5339__deblur__boundary_probe__nes__l1 calls=1021 margin 9.06->0.09 t=3.4s
[DONE] calibration__5339__deblur__counterfactual__nes__l1 calls=1021 margin 9.06->-2.72 t=3.1s
[DONE] calibration__3930__denoise__attack__nes__l0.5 calls=1021 margin 2.69->-5.76 t=2.9s
[DONE] calibration__3930__denoise__restore__nes__l0.5 calls=1021 margin 2.69->3.06 t=3.1s
[DONE] calibration__3930__denoise__random_walk__random_walk__l0.5 calls=1024 margin 2.69->1.44 t=4.1s
[DONE] calibration__3930__denoise__confidence_boost__nes__l0.5 calls=1021 margin 2.69->9.14 t=3.2s
[DONE] calibration__3930__denoise__boundary_probe__nes__l0.5 calls=1021 margin 2.69->0.01 t=3.3s
[DONE] calibration__3930__denoise__counterfactual__nes__l0.5 calls=1021 margin 2.69->-5.35 t=3.1s
[DONE] calibration__3930__deblur__attack__nes__l1 calls=1021 margin 8.68->2.29 t=2.9s
[DONE] calibration__3930__deblur__restore__nes__l1 calls=1021 margin 8.68->8.60 t=3.2s
[DONE] calibration__3930__deblur__random_walk__random_walk__l1 calls=1024 margin 8.68->6.89 t=4.1s
[DONE] calibration__3930__deblur__confidence_boost__nes__l1 calls=1021 margin 8.68->12.08 t=3.3s
[DONE] calibration__3930__deblur__boundary_probe__nes__l1 calls=1021 margin 8.68->2.11 t=3.3s
[DONE] calibration__3930__deblur__counterfactual__nes__l1 calls=1021 margin 8.68->1.45 t=3.0s
[DONE] calibration__9145__denoise__attack__nes__l0.5 calls=1021 margin 0.10->-6.02 t=3.1s
[DONE] calibration__9145__denoise__restore__nes__l0.5 calls=1021 margin 0.10->0.63 t=3.3s
[DONE] calibration__9145__denoise__random_walk__random_walk__l0.5 calls=1024 margin 0.10->-0.43 t=4.4s
[DONE] calibration__9145__denoise__confidence_boost__nes__l0.5 calls=1021 margin 0.10->5.59 t=3.4s
[DONE] calibration__9145__denoise__boundary_probe__nes__l0.5 calls=1021 margin 0.10->0.00 t=3.3s
[DONE] calibration__9145__denoise__counterfactual__nes__l0.5 calls=1021 margin 0.10->-5.17 t=3.0s
[DONE] calibration__9145__deblur__attack__nes__l1 calls=1021 margin 1.94->-6.13 t=3.0s
[DONE] calibration__9145__deblur__restore__nes__l1 calls=1021 margin 1.94->2.40 t=2.8s
[DONE] calibration__9145__deblur__random_walk__random_walk__l1 calls=1024 margin 1.94->3.04 t=4.1s
[DONE] calibration__9145__deblur__confidence_boost__nes__l1 calls=1021 margin 1.94->9.44 t=3.2s
[DONE] calibration__9145__deblur__boundary_probe__nes__l1 calls=1021 margin 1.94->0.02 t=3.3s
[DONE] calibration__9145__deblur__counterfactual__nes__l1 calls=1021 margin 1.94->-6.59 t=2.8s
[DONE] calibration__6407__denoise__attack__nes__l0.5 calls=1021 margin 5.32->-3.97 t=3.1s
[DONE] calibration__6407__denoise__restore__nes__l0.5 calls=1021 margin 5.32->5.52 t=2.7s
[DONE] calibration__6407__denoise__random_walk__random_walk__l0.5 calls=1024 margin 5.32->5.75 t=4.2s
[DONE] calibration__6407__denoise__confidence_boost__nes__l0.5 calls=1021 margin 5.32->12.84 t=3.0s
[DONE] calibration__6407__denoise__boundary_probe__nes__l0.5 calls=1021 margin 5.32->0.04 t=3.0s
[DONE] calibration__6407__denoise__counterfactual__nes__l0.5 calls=1021 margin 5.32->-3.30 t=2.8s
[DONE] calibration__6407__deblur__attack__nes__l1 calls=1021 margin 11.78->-5.40 t=2.8s
[DONE] calibration__6407__deblur__restore__nes__l1 calls=1021 margin 11.78->11.09 t=2.9s
[DONE] calibration__6407__deblur__random_walk__random_walk__l1 calls=1024 margin 11.78->4.75 t=4.1s
[DONE] calibration__6407__deblur__confidence_boost__nes__l1 calls=1021 margin 11.78->15.03 t=3.0s
[DONE] calibration__6407__deblur__boundary_probe__nes__l1 calls=1021 margin 11.78->0.02 t=3.4s
[DONE] calibration__6407__deblur__counterfactual__nes__l1 calls=1021 margin 11.78->-4.88 t=3.1s
[DONE] calibration__1597__denoise__attack__nes__l0.5 calls=1021 margin 7.38->0.74 t=2.9s
[DONE] calibration__1597__denoise__restore__nes__l0.5 calls=1021 margin 7.38->7.53 t=3.1s
[DONE] calibration__1597__denoise__random_walk__random_walk__l0.5 calls=1024 margin 7.38->4.77 t=4.2s
[DONE] calibration__1597__denoise__confidence_boost__nes__l0.5 calls=1021 margin 7.38->10.98 t=3.0s
[DONE] calibration__1597__denoise__boundary_probe__nes__l0.5 calls=1021 margin 7.38->0.53 t=3.1s
[DONE] calibration__1597__denoise__counterfactual__nes__l0.5 calls=1021 margin 7.38->0.28 t=3.1s
[DONE] calibration__1597__deblur__attack__nes__l1 calls=1021 margin 9.74->3.42 t=2.8s
[DONE] calibration__1597__deblur__restore__nes__l1 calls=1021 margin 9.74->10.11 t=2.7s
[DONE] calibration__1597__deblur__random_walk__random_walk__l1 calls=1024 margin 9.74->11.20 t=4.3s
[DONE] calibration__1597__deblur__confidence_boost__nes__l1 calls=1021 margin 9.74->13.44 t=3.0s
[DONE] calibration__1597__deblur__boundary_probe__nes__l1 calls=1021 margin 9.74->2.89 t=3.3s
[DONE] calibration__1597__deblur__counterfactual__nes__l1 calls=1021 margin 9.74->3.39 t=3.1s
[DONE] calibration__6364__denoise__attack__nes__l0.5 calls=1021 margin 0.98->-3.61 t=2.9s
[DONE] calibration__6364__denoise__restore__nes__l0.5 calls=1021 margin 0.98->1.05 t=3.0s
[DONE] calibration__6364__denoise__random_walk__random_walk__l0.5 calls=1024 margin 0.98->1.93 t=4.1s
[DONE] calibration__6364__denoise__confidence_boost__nes__l0.5 calls=1021 margin 0.98->5.63 t=2.9s
[DONE] calibration__6364__denoise__boundary_probe__nes__l0.5 calls=1021 margin 0.98->0.01 t=3.1s
[DONE] calibration__6364__denoise__counterfactual__nes__l0.5 calls=1021 margin 0.98->-2.97 t=3.0s
[DONE] calibration__6364__deblur__attack__nes__l1 calls=1021 margin 3.54->-4.65 t=2.9s
[DONE] calibration__6364__deblur__restore__nes__l1 calls=1021 margin 3.54->3.46 t=2.6s
[DONE] calibration__6364__deblur__random_walk__random_walk__l1 calls=1024 margin 3.54->4.00 t=4.1s
[DONE] calibration__6364__deblur__confidence_boost__nes__l1 calls=1021 margin 3.54->8.15 t=3.1s
[DONE] calibration__6364__deblur__boundary_probe__nes__l1 calls=1021 margin 3.54->0.01 t=3.2s
[DONE] calibration__6364__deblur__counterfactual__nes__l1 calls=1021 margin 3.54->-3.74 t=3.2s
[DONE] calibration__1624__denoise__attack__nes__l0.5 calls=1021 margin 2.32->-2.54 t=3.1s
[DONE] calibration__1624__denoise__restore__nes__l0.5 calls=1021 margin 2.32->2.17 t=2.9s
[DONE] calibration__1624__denoise__random_walk__random_walk__l0.5 calls=1024 margin 2.32->3.23 t=4.1s
[DONE] calibration__1624__denoise__confidence_boost__nes__l0.5 calls=1021 margin 2.32->6.99 t=2.9s
[DONE] calibration__1624__denoise__boundary_probe__nes__l0.5 calls=1021 margin 2.32->0.01 t=3.0s
[DONE] calibration__1624__denoise__counterfactual__nes__l0.5 calls=1021 margin 2.32->-2.36 t=3.2s
[DONE] calibration__1624__deblur__attack__nes__l1 calls=1021 margin 0.87->-10.77 t=3.2s
[DONE] calibration__1624__deblur__restore__nes__l1 calls=1021 margin 0.87->2.27 t=2.9s
[DONE] calibration__1624__deblur__random_walk__random_walk__l1 calls=1024 margin 0.87->2.59 t=4.1s
[DONE] calibration__1624__deblur__confidence_boost__nes__l1 calls=1021 margin 0.87->12.05 t=3.1s
[DONE] calibration__1624__deblur__boundary_probe__nes__l1 calls=1021 margin 0.87->0.00 t=3.0s
[DONE] calibration__1624__deblur__counterfactual__nes__l1 calls=1021 margin 0.87->-9.60 t=3.0s
[DONE] calibration__9116__denoise__attack__nes__l0.5 calls=1021 margin 5.95->-3.24 t=3.1s
[DONE] calibration__9116__denoise__restore__nes__l0.5 calls=1021 margin 5.95->5.77 t=2.9s
[DONE] calibration__9116__denoise__random_walk__random_walk__l0.5 calls=1024 margin 5.95->6.94 t=4.3s
[DONE] calibration__9116__denoise__confidence_boost__nes__l0.5 calls=1021 margin 5.95->10.82 t=3.1s
[DONE] calibration__9116__denoise__boundary_probe__nes__l0.5 calls=1021 margin 5.95->0.05 t=3.2s
[DONE] calibration__9116__denoise__counterfactual__nes__l0.5 calls=1021 margin 5.95->-2.49 t=3.2s
[DONE] calibration__9116__deblur__attack__nes__l1 calls=1021 margin 6.79->-5.65 t=3.1s
[DONE] calibration__9116__deblur__restore__nes__l1 calls=1021 margin 6.79->9.82 t=3.0s
[DONE] calibration__9116__deblur__random_walk__random_walk__l1 calls=1024 margin 6.79->8.42 t=4.0s
[DONE] calibration__9116__deblur__confidence_boost__nes__l1 calls=1021 margin 6.79->14.33 t=2.9s
[DONE] calibration__9116__deblur__boundary_probe__nes__l1 calls=1021 margin 6.79->0.02 t=3.0s
[DONE] calibration__9116__deblur__counterfactual__nes__l1 calls=1021 margin 6.79->-2.64 t=3.0s
[DONE] calibration__3688__denoise__attack__nes__l0.5 calls=1021 margin 4.98->0.33 t=3.1s
[DONE] calibration__3688__denoise__restore__nes__l0.5 calls=1021 margin 4.98->5.44 t=3.1s
[DONE] calibration__3688__denoise__random_walk__random_walk__l0.5 calls=1024 margin 4.98->4.56 t=4.6s
[DONE] calibration__3688__denoise__confidence_boost__nes__l0.5 calls=1021 margin 4.98->7.95 t=3.2s
[DONE] calibration__3688__denoise__boundary_probe__nes__l0.5 calls=1021 margin 4.98->1.65 t=3.2s
[DONE] calibration__3688__denoise__counterfactual__nes__l0.5 calls=1021 margin 4.98->1.43 t=3.1s
[DONE] calibration__3688__deblur__attack__nes__l1 calls=1021 margin 8.74->2.77 t=3.1s
[DONE] calibration__3688__deblur__restore__nes__l1 calls=1021 margin 8.74->8.93 t=3.0s
[DONE] calibration__3688__deblur__random_walk__random_walk__l1 calls=1024 margin 8.74->7.48 t=4.1s
[DONE] calibration__3688__deblur__confidence_boost__nes__l1 calls=1021 margin 8.74->12.44 t=3.3s
[DONE] calibration__3688__deblur__boundary_probe__nes__l1 calls=1021 margin 8.74->2.38 t=3.3s
[DONE] calibration__3688__deblur__counterfactual__nes__l1 calls=1021 margin 8.74->2.66 t=3.2s
[DONE] calibration__501__denoise__attack__nes__l0.5 calls=1021 margin 11.66->1.83 t=3.2s
[DONE] calibration__501__denoise__restore__nes__l0.5 calls=1021 margin 11.66->11.01 t=3.2s
[DONE] calibration__501__denoise__random_walk__random_walk__l0.5 calls=1024 margin 11.66->12.32 t=4.0s
[DONE] calibration__501__denoise__confidence_boost__nes__l0.5 calls=1021 margin 11.66->14.25 t=2.9s
[DONE] calibration__501__denoise__boundary_probe__nes__l0.5 calls=1021 margin 11.66->3.52 t=3.3s
[DONE] calibration__501__denoise__counterfactual__nes__l0.5 calls=1021 margin 11.66->2.25 t=2.9s
[DONE] calibration__501__deblur__attack__nes__l1 calls=1021 margin 2.72->-11.81 t=3.1s
[DONE] calibration__501__deblur__restore__nes__l1 calls=1021 margin 2.72->3.70 t=3.1s
[DONE] calibration__501__deblur__random_walk__random_walk__l1 calls=1024 margin 2.72->8.23 t=4.2s
[DONE] calibration__501__deblur__confidence_boost__nes__l1 calls=1021 margin 2.72->13.82 t=2.9s
[DONE] calibration__501__deblur__boundary_probe__nes__l1 calls=1021 margin 2.72->0.01 t=3.1s
[DONE] calibration__501__deblur__counterfactual__nes__l1 calls=1021 margin 2.72->-9.82 t=3.0s
[DONE] calibration__7874__denoise__attack__nes__l0.5 calls=1021 margin 9.88->2.58 t=3.0s
[DONE] calibration__7874__denoise__restore__nes__l0.5 calls=1021 margin 9.88->10.12 t=3.0s
[DONE] calibration__7874__denoise__random_walk__random_walk__l0.5 calls=1024 margin 9.88->9.56 t=3.9s
[DONE] calibration__7874__denoise__confidence_boost__nes__l0.5 calls=1021 margin 9.88->13.87 t=3.0s
[DONE] calibration__7874__denoise__boundary_probe__nes__l0.5 calls=1021 margin 9.88->3.35 t=3.3s
[DONE] calibration__7874__denoise__counterfactual__nes__l0.5 calls=1021 margin 9.88->2.57 t=3.1s
[DONE] calibration__7874__deblur__attack__nes__l1 calls=1021 margin 8.29->-4.12 t=3.1s
[DONE] calibration__7874__deblur__restore__nes__l1 calls=1021 margin 8.29->9.50 t=3.3s
[DONE] calibration__7874__deblur__random_walk__random_walk__l1 calls=1024 margin 8.29->9.59 t=4.1s
[DONE] calibration__7874__deblur__confidence_boost__nes__l1 calls=1021 margin 8.29->14.55 t=3.2s
[DONE] calibration__7874__deblur__boundary_probe__nes__l1 calls=1021 margin 8.29->0.12 t=3.2s
[DONE] calibration__7874__deblur__counterfactual__nes__l1 calls=1021 margin 8.29->-4.76 t=3.1s
[DONE] calibration__3377__denoise__attack__nes__l0.5 calls=1021 margin 3.93->-5.75 t=3.3s
[DONE] calibration__3377__denoise__restore__nes__l0.5 calls=1021 margin 3.93->3.39 t=3.1s
[DONE] calibration__3377__denoise__random_walk__random_walk__l0.5 calls=1024 margin 3.93->4.85 t=4.2s
[DONE] calibration__3377__denoise__confidence_boost__nes__l0.5 calls=1021 margin 3.93->11.37 t=3.0s
[DONE] calibration__3377__denoise__boundary_probe__nes__l0.5 calls=1021 margin 3.93->0.01 t=3.2s
[DONE] calibration__3377__denoise__counterfactual__nes__l0.5 calls=1021 margin 3.93->-5.71 t=3.2s
[DONE] calibration__3377__deblur__attack__nes__l1 calls=1021 margin 14.70->4.09 t=3.1s
[DONE] calibration__3377__deblur__restore__nes__l1 calls=1021 margin 14.70->15.00 t=2.9s
[DONE] calibration__3377__deblur__random_walk__random_walk__l1 calls=1024 margin 14.70->9.48 t=3.9s
[DONE] calibration__3377__deblur__confidence_boost__nes__l1 calls=1021 margin 14.70->14.84 t=3.1s
[DONE] calibration__3377__deblur__boundary_probe__nes__l1 calls=1021 margin 14.70->3.72 t=3.0s
[DONE] calibration__3377__deblur__counterfactual__nes__l1 calls=1021 margin 14.70->6.09 t=3.4s
[DONE] calibration__8568__denoise__attack__nes__l0.5 calls=1021 margin 1.16->-4.05 t=2.9s
[DONE] calibration__8568__denoise__restore__nes__l0.5 calls=1021 margin 1.16->1.68 t=2.9s
[DONE] calibration__8568__denoise__random_walk__random_walk__l0.5 calls=1024 margin 1.16->1.08 t=4.0s
[DONE] calibration__8568__denoise__confidence_boost__nes__l0.5 calls=1021 margin 1.16->5.96 t=3.1s
[DONE] calibration__8568__denoise__boundary_probe__nes__l0.5 calls=1021 margin 1.16->0.01 t=3.2s
[DONE] calibration__8568__denoise__counterfactual__nes__l0.5 calls=1021 margin 1.16->-3.54 t=3.1s
[DONE] calibration__8568__deblur__attack__nes__l1 calls=1021 margin 6.97->-1.90 t=3.1s
[DONE] calibration__8568__deblur__restore__nes__l1 calls=1021 margin 6.97->7.08 t=3.1s
[DONE] calibration__8568__deblur__random_walk__random_walk__l1 calls=1024 margin 6.97->0.91 t=4.2s
[DONE] calibration__8568__deblur__confidence_boost__nes__l1 calls=1021 margin 6.97->13.00 t=3.4s
[DONE] calibration__8568__deblur__boundary_probe__nes__l1 calls=1021 margin 6.97->0.01 t=3.0s
[DONE] calibration__8568__deblur__counterfactual__nes__l1 calls=1021 margin 6.97->-2.43 t=2.8s
[DONE] calibration__3803__denoise__attack__nes__l0.5 calls=1021 margin 5.23->0.27 t=3.2s
[DONE] calibration__3803__denoise__restore__nes__l0.5 calls=1021 margin 5.23->5.11 t=3.0s
[DONE] calibration__3803__denoise__random_walk__random_walk__l0.5 calls=1024 margin 5.23->6.22 t=4.0s
[DONE] calibration__3803__denoise__confidence_boost__nes__l0.5 calls=1021 margin 5.23->9.53 t=3.2s
[DONE] calibration__3803__denoise__boundary_probe__nes__l0.5 calls=1021 margin 5.23->0.58 t=3.1s
[DONE] calibration__3803__denoise__counterfactual__nes__l0.5 calls=1021 margin 5.23->0.03 t=2.8s
[DONE] calibration__3803__deblur__attack__nes__l1 calls=1021 margin 6.14->-0.72 t=3.2s
[DONE] calibration__3803__deblur__restore__nes__l1 calls=1021 margin 6.14->7.49 t=3.2s
[DONE] calibration__3803__deblur__random_walk__random_walk__l1 calls=1024 margin 6.14->7.88 t=4.4s
[DONE] calibration__3803__deblur__confidence_boost__nes__l1 calls=1021 margin 6.14->11.46 t=3.4s
[DONE] calibration__3803__deblur__boundary_probe__nes__l1 calls=1021 margin 6.14->0.04 t=3.3s
[DONE] calibration__3803__deblur__counterfactual__nes__l1 calls=1021 margin 6.14->-0.45 t=3.0s
[DONE] calibration__157__denoise__attack__nes__l0.5 calls=1021 margin 3.59->-5.34 t=3.3s
[DONE] calibration__157__denoise__restore__nes__l0.5 calls=1021 margin 3.59->4.13 t=3.2s
[DONE] calibration__157__denoise__random_walk__random_walk__l0.5 calls=1024 margin 3.59->3.87 t=4.2s
[DONE] calibration__157__denoise__confidence_boost__nes__l0.5 calls=1021 margin 3.59->9.54 t=3.0s
[DONE] calibration__157__denoise__boundary_probe__nes__l0.5 calls=1021 margin 3.59->0.02 t=3.1s
[DONE] calibration__157__denoise__counterfactual__nes__l0.5 calls=1021 margin 3.59->-4.49 t=3.5s
[DONE] calibration__157__deblur__attack__nes__l1 calls=1021 margin 7.24->-4.44 t=3.2s
[DONE] calibration__157__deblur__restore__nes__l1 calls=1021 margin 7.24->7.71 t=3.0s
[DONE] calibration__157__deblur__random_walk__random_walk__l1 calls=1024 margin 7.24->5.89 t=4.4s
[DONE] calibration__157__deblur__confidence_boost__nes__l1 calls=1021 margin 7.24->12.55 t=3.3s
[DONE] calibration__157__deblur__boundary_probe__nes__l1 calls=1021 margin 7.24->0.03 t=3.1s
[DONE] calibration__157__deblur__counterfactual__nes__l1 calls=1021 margin 7.24->-3.77 t=3.0s
[DONE] calibration__5608__denoise__attack__nes__l0.5 calls=1021 margin 3.95->-1.98 t=3.2s
[DONE] calibration__5608__denoise__restore__nes__l0.5 calls=1021 margin 3.95->3.89 t=3.1s
[DONE] calibration__5608__denoise__random_walk__random_walk__l0.5 calls=1024 margin 3.95->4.52 t=4.3s
[DONE] calibration__5608__denoise__confidence_boost__nes__l0.5 calls=1021 margin 3.95->9.32 t=3.3s
[DONE] calibration__5608__denoise__boundary_probe__nes__l0.5 calls=1021 margin 3.95->0.02 t=3.2s
[DONE] calibration__5608__denoise__counterfactual__nes__l0.5 calls=1021 margin 3.95->-2.56 t=3.2s
[DONE] calibration__5608__deblur__attack__nes__l1 calls=1021 margin 9.68->2.96 t=3.0s
[DONE] calibration__5608__deblur__restore__nes__l1 calls=1021 margin 9.68->10.46 t=3.1s
[DONE] calibration__5608__deblur__random_walk__random_walk__l1 calls=1024 margin 9.68->10.39 t=4.3s
[DONE] calibration__5608__deblur__confidence_boost__nes__l1 calls=1021 margin 9.68->13.64 t=3.2s
[DONE] calibration__5608__deblur__boundary_probe__nes__l1 calls=1021 margin 9.68->2.99 t=3.1s
[DONE] calibration__5608__deblur__counterfactual__nes__l1 calls=1021 margin 9.68->2.62 t=3.0s
[DONE] evaluation__2993__denoise__attack__nes__l0.5 calls=1021 margin 1.29->-2.95 t=3.0s
[DONE] evaluation__2993__denoise__restore__nes__l0.5 calls=1021 margin 1.29->1.94 t=3.0s
[DONE] evaluation__2993__denoise__random_walk__random_walk__l0.5 calls=1024 margin 1.29->1.83 t=4.2s
[DONE] evaluation__2993__denoise__confidence_boost__nes__l0.5 calls=1021 margin 1.29->8.34 t=3.1s
[DONE] evaluation__2993__denoise__boundary_probe__nes__l0.5 calls=1021 margin 1.29->0.01 t=2.9s
[DONE] evaluation__2993__denoise__counterfactual__nes__l0.5 calls=1021 margin 1.29->-3.05 t=2.9s
[DONE] evaluation__2993__deblur__attack__nes__l1 calls=1021 margin 8.65->0.02 t=3.1s
[DONE] evaluation__2993__deblur__restore__nes__l1 calls=1021 margin 8.65->8.60 t=2.9s
[DONE] evaluation__2993__deblur__random_walk__random_walk__l1 calls=1024 margin 8.65->2.91 t=4.0s
[DONE] evaluation__2993__deblur__confidence_boost__nes__l1 calls=1021 margin 8.65->13.52 t=2.9s
[DONE] evaluation__2993__deblur__boundary_probe__nes__l1 calls=1021 margin 8.65->0.08 t=3.2s
[DONE] evaluation__2993__deblur__counterfactual__nes__l1 calls=1021 margin 8.65->0.26 t=3.0s
[DONE] evaluation__5951__denoise__attack__nes__l0.5 calls=1021 margin 3.59->0.22 t=3.3s
[DONE] evaluation__5951__denoise__restore__nes__l0.5 calls=1021 margin 3.59->3.86 t=2.8s
[DONE] evaluation__5951__denoise__random_walk__random_walk__l0.5 calls=1024 margin 3.59->2.27 t=4.3s
[DONE] evaluation__5951__denoise__confidence_boost__nes__l0.5 calls=1021 margin 3.59->6.55 t=3.0s
[DONE] evaluation__5951__denoise__boundary_probe__nes__l0.5 calls=1021 margin 3.59->0.04 t=3.0s
[DONE] evaluation__5951__denoise__counterfactual__nes__l0.5 calls=1021 margin 3.59->0.29 t=2.7s
[DONE] evaluation__5951__deblur__attack__nes__l1 calls=1021 margin 4.42->-1.35 t=2.7s
[DONE] evaluation__5951__deblur__restore__nes__l1 calls=1021 margin 4.42->4.93 t=2.9s
[DONE] evaluation__5951__deblur__random_walk__random_walk__l1 calls=1024 margin 4.42->3.50 t=4.1s
[DONE] evaluation__5951__deblur__confidence_boost__nes__l1 calls=1021 margin 4.42->9.77 t=3.0s
[DONE] evaluation__5951__deblur__boundary_probe__nes__l1 calls=1021 margin 4.42->0.02 t=3.2s
[DONE] evaluation__5951__deblur__counterfactual__nes__l1 calls=1021 margin 4.42->-1.54 t=3.1s
[DONE] evaluation__8970__denoise__attack__nes__l0.5 calls=1021 margin 4.73->-5.03 t=3.0s
[DONE] evaluation__8970__denoise__restore__nes__l0.5 calls=1021 margin 4.73->4.46 t=3.1s
[DONE] evaluation__8970__denoise__random_walk__random_walk__l0.5 calls=1024 margin 4.73->6.42 t=4.2s
[DONE] evaluation__8970__denoise__confidence_boost__nes__l0.5 calls=1021 margin 4.73->10.62 t=3.0s
[DONE] evaluation__8970__denoise__boundary_probe__nes__l0.5 calls=1021 margin 4.73->0.05 t=3.0s
[DONE] evaluation__8970__denoise__counterfactual__nes__l0.5 calls=1021 margin 4.73->-4.76 t=3.1s
[DONE] evaluation__8970__deblur__attack__nes__l1 calls=1021 margin 7.75->-0.68 t=3.1s
[DONE] evaluation__8970__deblur__restore__nes__l1 calls=1021 margin 7.75->8.22 t=2.9s
[DONE] evaluation__8970__deblur__random_walk__random_walk__l1 calls=1024 margin 7.75->6.54 t=4.1s
[DONE] evaluation__8970__deblur__confidence_boost__nes__l1 calls=1021 margin 7.75->14.74 t=3.1s
[DONE] evaluation__8970__deblur__boundary_probe__nes__l1 calls=1021 margin 7.75->0.01 t=3.0s
[DONE] evaluation__8970__deblur__counterfactual__nes__l1 calls=1021 margin 7.75->-1.07 t=3.1s
[DONE] evaluation__1158__denoise__attack__nes__l0.5 calls=1021 margin 0.27->-9.24 t=3.4s
[DONE] evaluation__1158__denoise__restore__nes__l0.5 calls=1021 margin 0.27->0.79 t=3.1s
[DONE] evaluation__1158__denoise__random_walk__random_walk__l0.5 calls=1024 margin 0.27->-2.14 t=4.0s
[DONE] evaluation__1158__denoise__confidence_boost__nes__l0.5 calls=1021 margin 0.27->8.60 t=2.9s
[DONE] evaluation__1158__denoise__boundary_probe__nes__l0.5 calls=1021 margin 0.27->0.01 t=3.1s
[DONE] evaluation__1158__denoise__counterfactual__nes__l0.5 calls=1021 margin 0.27->-8.02 t=3.2s
[DONE] evaluation__1158__deblur__attack__nes__l1 calls=1021 margin 8.12->-3.43 t=3.1s
[DONE] evaluation__1158__deblur__restore__nes__l1 calls=1021 margin 8.12->7.95 t=3.3s
[DONE] evaluation__1158__deblur__random_walk__random_walk__l1 calls=1024 margin 8.12->5.80 t=4.3s
[DONE] evaluation__1158__deblur__confidence_boost__nes__l1 calls=1021 margin 8.12->11.67 t=3.2s
[DONE] evaluation__1158__deblur__boundary_probe__nes__l1 calls=1021 margin 8.12->0.04 t=2.9s
[DONE] evaluation__1158__deblur__counterfactual__nes__l1 calls=1021 margin 8.12->-4.17 t=3.0s
[DONE] evaluation__2748__denoise__attack__nes__l0.5 calls=1021 margin 8.56->3.67 t=2.9s
[DONE] evaluation__2748__denoise__restore__nes__l0.5 calls=1021 margin 8.56->8.29 t=3.1s
[DONE] evaluation__2748__denoise__random_walk__random_walk__l0.5 calls=1024 margin 8.56->8.62 t=4.1s
[DONE] evaluation__2748__denoise__confidence_boost__nes__l0.5 calls=1021 margin 8.56->11.11 t=3.2s
[DONE] evaluation__2748__denoise__boundary_probe__nes__l0.5 calls=1021 margin 8.56->4.66 t=3.2s
[DONE] evaluation__2748__denoise__counterfactual__nes__l0.5 calls=1021 margin 8.56->3.98 t=3.1s
[DONE] evaluation__2748__deblur__attack__nes__l1 calls=1021 margin 10.07->6.41 t=3.1s
[DONE] evaluation__2748__deblur__restore__nes__l1 calls=1021 margin 10.07->10.04 t=3.0s
[DONE] evaluation__2748__deblur__random_walk__random_walk__l1 calls=1024 margin 10.07->8.08 t=4.3s
[DONE] evaluation__2748__deblur__confidence_boost__nes__l1 calls=1021 margin 10.07->12.34 t=2.8s
[DONE] evaluation__2748__deblur__boundary_probe__nes__l1 calls=1021 margin 10.07->5.92 t=3.1s
[DONE] evaluation__2748__deblur__counterfactual__nes__l1 calls=1021 margin 10.07->5.86 t=3.3s
[DONE] evaluation__4025__denoise__attack__nes__l0.5 calls=1021 margin 1.16->-2.69 t=2.9s
[DONE] evaluation__4025__denoise__restore__nes__l0.5 calls=1021 margin 1.16->1.43 t=3.2s
[DONE] evaluation__4025__denoise__random_walk__random_walk__l0.5 calls=1024 margin 1.16->1.72 t=4.2s
[DONE] evaluation__4025__denoise__confidence_boost__nes__l0.5 calls=1021 margin 1.16->5.97 t=3.2s
[DONE] evaluation__4025__denoise__boundary_probe__nes__l0.5 calls=1021 margin 1.16->0.00 t=3.1s
[DONE] evaluation__4025__denoise__counterfactual__nes__l0.5 calls=1021 margin 1.16->-3.35 t=3.2s
[DONE] evaluation__4025__deblur__attack__nes__l1 calls=1021 margin 3.32->-5.02 t=3.0s
[DONE] evaluation__4025__deblur__restore__nes__l1 calls=1021 margin 3.32->3.09 t=2.9s
[DONE] evaluation__4025__deblur__random_walk__random_walk__l1 calls=1024 margin 3.32->2.38 t=4.3s
[DONE] evaluation__4025__deblur__confidence_boost__nes__l1 calls=1021 margin 3.32->10.30 t=3.1s
[DONE] evaluation__4025__deblur__boundary_probe__nes__l1 calls=1021 margin 3.32->0.04 t=3.0s
[DONE] evaluation__4025__deblur__counterfactual__nes__l1 calls=1021 margin 3.32->-5.35 t=3.1s
[DONE] evaluation__8880__denoise__attack__nes__l0.5 calls=1021 margin 10.11->4.14 t=3.1s
[DONE] evaluation__8880__denoise__restore__nes__l0.5 calls=1021 margin 10.11->10.20 t=3.0s
[DONE] evaluation__8880__denoise__random_walk__random_walk__l0.5 calls=1024 margin 10.11->9.93 t=3.9s
[DONE] evaluation__8880__denoise__confidence_boost__nes__l0.5 calls=1021 margin 10.11->13.50 t=3.1s
[DONE] evaluation__8880__denoise__boundary_probe__nes__l0.5 calls=1021 margin 10.11->3.72 t=3.3s
[DONE] evaluation__8880__denoise__counterfactual__nes__l0.5 calls=1021 margin 10.11->3.55 t=3.2s
[DONE] evaluation__8880__deblur__attack__nes__l1 calls=1021 margin 11.42->4.36 t=2.9s
[DONE] evaluation__8880__deblur__restore__nes__l1 calls=1021 margin 11.42->11.68 t=3.2s
[DONE] evaluation__8880__deblur__random_walk__random_walk__l1 calls=1024 margin 11.42->10.18 t=4.3s
[DONE] evaluation__8880__deblur__confidence_boost__nes__l1 calls=1021 margin 11.42->14.00 t=2.7s
[DONE] evaluation__8880__deblur__boundary_probe__nes__l1 calls=1021 margin 11.42->6.58 t=2.8s
[DONE] evaluation__8880__deblur__counterfactual__nes__l1 calls=1021 margin 11.42->6.37 t=2.8s
[DONE] evaluation__1038__denoise__attack__nes__l0.5 calls=1021 margin 11.89->2.55 t=3.4s
[DONE] evaluation__1038__denoise__restore__nes__l0.5 calls=1021 margin 11.89->10.99 t=3.5s
[DONE] evaluation__1038__denoise__random_walk__random_walk__l0.5 calls=1024 margin 11.89->11.53 t=4.2s
[DONE] evaluation__1038__denoise__confidence_boost__nes__l0.5 calls=1021 margin 11.89->15.12 t=3.2s
[DONE] evaluation__1038__denoise__boundary_probe__nes__l0.5 calls=1021 margin 11.89->2.33 t=3.1s
[DONE] evaluation__1038__denoise__counterfactual__nes__l0.5 calls=1021 margin 11.89->2.79 t=3.0s
[DONE] evaluation__1038__deblur__attack__nes__l1 calls=1021 margin 8.43->-3.44 t=3.3s
[DONE] evaluation__1038__deblur__restore__nes__l1 calls=1021 margin 8.43->8.42 t=3.2s
[DONE] evaluation__1038__deblur__random_walk__random_walk__l1 calls=1024 margin 8.43->9.90 t=4.0s
[DONE] evaluation__1038__deblur__confidence_boost__nes__l1 calls=1021 margin 8.43->13.90 t=3.2s
[DONE] evaluation__1038__deblur__boundary_probe__nes__l1 calls=1021 margin 8.43->0.02 t=3.3s
[DONE] evaluation__1038__deblur__counterfactual__nes__l1 calls=1021 margin 8.43->-3.95 t=3.2s
[DONE] evaluation__4546__denoise__attack__nes__l0.5 calls=1021 margin 0.95->-4.41 t=3.2s
[DONE] evaluation__4546__denoise__restore__nes__l0.5 calls=1021 margin 0.95->0.65 t=3.0s
[DONE] evaluation__4546__denoise__random_walk__random_walk__l0.5 calls=1024 margin 0.95->0.65 t=4.4s
[DONE] evaluation__4546__denoise__confidence_boost__nes__l0.5 calls=1021 margin 0.95->6.29 t=2.9s
[DONE] evaluation__4546__denoise__boundary_probe__nes__l0.5 calls=1021 margin 0.95->0.00 t=3.0s
[DONE] evaluation__4546__denoise__counterfactual__nes__l0.5 calls=1021 margin 0.95->-4.16 t=3.1s
[DONE] evaluation__4546__deblur__attack__nes__l1 calls=1021 margin 1.37->-4.40 t=3.0s
[DONE] evaluation__4546__deblur__restore__nes__l1 calls=1021 margin 1.37->0.24 t=3.1s
[DONE] evaluation__4546__deblur__random_walk__random_walk__l1 calls=1024 margin 1.37->3.43 t=4.2s
[DONE] evaluation__4546__deblur__confidence_boost__nes__l1 calls=1021 margin 1.37->3.64 t=3.0s
[DONE] evaluation__4546__deblur__boundary_probe__nes__l1 calls=1021 margin 1.37->0.03 t=3.1s
[DONE] evaluation__4546__deblur__counterfactual__nes__l1 calls=1021 margin 1.37->-4.03 t=3.4s
[DONE] evaluation__8284__denoise__attack__nes__l0.5 calls=1021 margin 3.03->-3.84 t=3.2s
[DONE] evaluation__8284__denoise__restore__nes__l0.5 calls=1021 margin 3.03->2.94 t=3.2s
[DONE] evaluation__8284__denoise__random_walk__random_walk__l0.5 calls=1024 margin 3.03->3.53 t=4.3s
[DONE] evaluation__8284__denoise__confidence_boost__nes__l0.5 calls=1021 margin 3.03->8.61 t=2.7s
[DONE] evaluation__8284__denoise__boundary_probe__nes__l0.5 calls=1021 margin 3.03->0.02 t=3.0s
[DONE] evaluation__8284__denoise__counterfactual__nes__l0.5 calls=1021 margin 3.03->-3.56 t=3.0s
[DONE] evaluation__8284__deblur__attack__nes__l1 calls=1021 margin 8.03->-0.15 t=2.9s
[DONE] evaluation__8284__deblur__restore__nes__l1 calls=1021 margin 8.03->9.20 t=3.2s
[DONE] evaluation__8284__deblur__random_walk__random_walk__l1 calls=1024 margin 8.03->9.55 t=4.2s
[DONE] evaluation__8284__deblur__confidence_boost__nes__l1 calls=1021 margin 8.03->13.82 t=3.1s
[DONE] evaluation__8284__deblur__boundary_probe__nes__l1 calls=1021 margin 8.03->0.63 t=3.1s
[DONE] evaluation__8284__deblur__counterfactual__nes__l1 calls=1021 margin 8.03->-0.32 t=3.0s
[DONE] evaluation__3329__denoise__attack__nes__l0.5 calls=1021 margin 0.96->-6.60 t=2.9s
[DONE] evaluation__3329__denoise__restore__nes__l0.5 calls=1021 margin 0.96->1.43 t=3.2s
[DONE] evaluation__3329__denoise__random_walk__random_walk__l0.5 calls=1024 margin 0.96->1.99 t=4.1s
[DONE] evaluation__3329__denoise__confidence_boost__nes__l0.5 calls=1021 margin 0.96->7.18 t=2.9s
[DONE] evaluation__3329__denoise__boundary_probe__nes__l0.5 calls=1021 margin 0.96->0.01 t=3.1s
[DONE] evaluation__3329__denoise__counterfactual__nes__l0.5 calls=1021 margin 0.96->-6.58 t=2.9s
[DONE] evaluation__3329__deblur__attack__nes__l1 calls=1021 margin 5.68->-4.96 t=3.2s
[DONE] evaluation__3329__deblur__restore__nes__l1 calls=1021 margin 5.68->5.69 t=2.9s
[DONE] evaluation__3329__deblur__random_walk__random_walk__l1 calls=1024 margin 5.68->4.80 t=4.2s
[DONE] evaluation__3329__deblur__confidence_boost__nes__l1 calls=1021 margin 5.68->10.29 t=3.1s
[DONE] evaluation__3329__deblur__boundary_probe__nes__l1 calls=1021 margin 5.68->0.05 t=3.0s
[DONE] evaluation__3329__deblur__counterfactual__nes__l1 calls=1021 margin 5.68->-4.57 t=2.9s
[DONE] evaluation__5815__denoise__attack__nes__l0.5 calls=1021 margin 1.91->-2.34 t=2.9s
[DONE] evaluation__5815__denoise__restore__nes__l0.5 calls=1021 margin 1.91->2.33 t=3.1s
[DONE] evaluation__5815__denoise__random_walk__random_walk__l0.5 calls=1024 margin 1.91->1.00 t=4.4s
[DONE] evaluation__5815__denoise__confidence_boost__nes__l0.5 calls=1021 margin 1.91->6.70 t=3.3s
[DONE] evaluation__5815__denoise__boundary_probe__nes__l0.5 calls=1021 margin 1.91->0.02 t=2.8s
[DONE] evaluation__5815__denoise__counterfactual__nes__l0.5 calls=1021 margin 1.91->-3.03 t=3.1s
[DONE] evaluation__5815__deblur__attack__nes__l1 calls=1021 margin 2.58->-6.02 t=3.2s
[DONE] evaluation__5815__deblur__restore__nes__l1 calls=1021 margin 2.58->1.52 t=3.1s
[DONE] evaluation__5815__deblur__random_walk__random_walk__l1 calls=1024 margin 2.58->1.52 t=4.3s
[DONE] evaluation__5815__deblur__confidence_boost__nes__l1 calls=1021 margin 2.58->9.42 t=2.9s
[DONE] evaluation__5815__deblur__boundary_probe__nes__l1 calls=1021 margin 2.58->0.01 t=2.9s
[DONE] evaluation__5815__deblur__counterfactual__nes__l1 calls=1021 margin 2.58->-4.08 t=3.2s
[DONE] evaluation__7854__denoise__attack__nes__l0.5 calls=1021 margin 0.88->-5.55 t=3.0s
[DONE] evaluation__7854__denoise__restore__nes__l0.5 calls=1021 margin 0.88->1.56 t=3.0s
[DONE] evaluation__7854__denoise__random_walk__random_walk__l0.5 calls=1024 margin 0.88->-0.08 t=4.2s
[DONE] evaluation__7854__denoise__confidence_boost__nes__l0.5 calls=1021 margin 0.88->6.84 t=3.0s
[DONE] evaluation__7854__denoise__boundary_probe__nes__l0.5 calls=1021 margin 0.88->0.01 t=3.2s
[DONE] evaluation__7854__denoise__counterfactual__nes__l0.5 calls=1021 margin 0.88->-5.30 t=3.2s
[DONE] evaluation__7854__deblur__attack__nes__l1 calls=1021 margin 6.48->-3.19 t=3.1s
[DONE] evaluation__7854__deblur__restore__nes__l1 calls=1021 margin 6.48->6.20 t=3.3s
[DONE] evaluation__7854__deblur__random_walk__random_walk__l1 calls=1024 margin 6.48->6.84 t=4.1s
[DONE] evaluation__7854__deblur__confidence_boost__nes__l1 calls=1021 margin 6.48->11.09 t=2.8s
[DONE] evaluation__7854__deblur__boundary_probe__nes__l1 calls=1021 margin 6.48->0.01 t=3.0s
[DONE] evaluation__7854__deblur__counterfactual__nes__l1 calls=1021 margin 6.48->-2.98 t=2.9s
[DONE] evaluation__236__denoise__attack__nes__l0.5 calls=1021 margin 2.26->-5.32 t=3.1s
[DONE] evaluation__236__denoise__restore__nes__l0.5 calls=1021 margin 2.26->2.30 t=3.1s
[DONE] evaluation__236__denoise__random_walk__random_walk__l0.5 calls=1024 margin 2.26->1.41 t=4.1s
[DONE] evaluation__236__denoise__confidence_boost__nes__l0.5 calls=1021 margin 2.26->8.34 t=2.9s
[DONE] evaluation__236__denoise__boundary_probe__nes__l0.5 calls=1021 margin 2.26->0.00 t=3.1s
[DONE] evaluation__236__denoise__counterfactual__nes__l0.5 calls=1021 margin 2.26->-4.69 t=3.0s
[DONE] evaluation__236__deblur__attack__nes__l1 calls=1021 margin 5.13->-0.92 t=3.3s
[DONE] evaluation__236__deblur__restore__nes__l1 calls=1021 margin 5.13->8.43 t=3.0s
[DONE] evaluation__236__deblur__random_walk__random_walk__l1 calls=1024 margin 5.13->7.20 t=4.4s
[DONE] evaluation__236__deblur__confidence_boost__nes__l1 calls=1021 margin 5.13->13.68 t=3.1s
[DONE] evaluation__236__deblur__boundary_probe__nes__l1 calls=1021 margin 5.13->0.01 t=2.7s
[DONE] evaluation__236__deblur__counterfactual__nes__l1 calls=1021 margin 5.13->-1.32 t=2.9s
[DONE] evaluation__4578__denoise__attack__nes__l0.5 calls=1021 margin 6.46->-3.08 t=3.2s
[DONE] evaluation__4578__denoise__restore__nes__l0.5 calls=1021 margin 6.46->5.37 t=3.1s
[DONE] evaluation__4578__denoise__random_walk__random_walk__l0.5 calls=1024 margin 6.46->6.13 t=4.3s
[DONE] evaluation__4578__denoise__confidence_boost__nes__l0.5 calls=1021 margin 6.46->12.11 t=3.2s
[DONE] evaluation__4578__denoise__boundary_probe__nes__l0.5 calls=1021 margin 6.46->0.02 t=3.1s
[DONE] evaluation__4578__denoise__counterfactual__nes__l0.5 calls=1021 margin 6.46->-1.64 t=3.0s
[DONE] evaluation__4578__deblur__attack__nes__l1 calls=1021 margin 8.96->-0.39 t=3.3s
[DONE] evaluation__4578__deblur__restore__nes__l1 calls=1021 margin 8.96->9.38 t=3.2s
[DONE] evaluation__4578__deblur__random_walk__random_walk__l1 calls=1024 margin 8.96->9.67 t=4.3s
[DONE] evaluation__4578__deblur__confidence_boost__nes__l1 calls=1021 margin 8.96->14.15 t=2.7s
[DONE] evaluation__4578__deblur__boundary_probe__nes__l1 calls=1021 margin 8.96->0.40 t=3.1s
[DONE] evaluation__4578__deblur__counterfactual__nes__l1 calls=1021 margin 8.96->0.02 t=2.9s
[DONE] evaluation__6582__denoise__attack__nes__l0.5 calls=1021 margin 12.29->5.26 t=3.0s
[DONE] evaluation__6582__denoise__restore__nes__l0.5 calls=1021 margin 12.29->12.09 t=3.1s
[DONE] evaluation__6582__denoise__random_walk__random_walk__l0.5 calls=1024 margin 12.29->11.67 t=4.2s
[DONE] evaluation__6582__denoise__confidence_boost__nes__l0.5 calls=1021 margin 12.29->14.27 t=3.2s
[DONE] evaluation__6582__denoise__boundary_probe__nes__l0.5 calls=1021 margin 12.29->5.42 t=2.8s
[DONE] evaluation__6582__denoise__counterfactual__nes__l0.5 calls=1021 margin 12.29->5.03 t=3.0s
[DONE] evaluation__6582__deblur__attack__nes__l1 calls=1021 margin 11.83->4.88 t=3.1s
[DONE] evaluation__6582__deblur__restore__nes__l1 calls=1021 margin 11.83->12.25 t=3.3s
[DONE] evaluation__6582__deblur__random_walk__random_walk__l1 calls=1024 margin 11.83->13.55 t=4.5s
[DONE] evaluation__6582__deblur__confidence_boost__nes__l1 calls=1021 margin 11.83->14.80 t=3.0s
[DONE] evaluation__6582__deblur__boundary_probe__nes__l1 calls=1021 margin 11.83->4.80 t=3.1s
[DONE] evaluation__6582__deblur__counterfactual__nes__l1 calls=1021 margin 11.83->5.16 t=2.9s
[DONE] evaluation__8497__denoise__attack__nes__l0.5 calls=1021 margin 5.31->-3.46 t=3.0s
[DONE] evaluation__8497__denoise__restore__nes__l0.5 calls=1021 margin 5.31->5.41 t=3.4s
[DONE] evaluation__8497__denoise__random_walk__random_walk__l0.5 calls=1024 margin 5.31->6.19 t=4.4s
[DONE] evaluation__8497__denoise__confidence_boost__nes__l0.5 calls=1021 margin 5.31->10.42 t=3.1s
[DONE] evaluation__8497__denoise__boundary_probe__nes__l0.5 calls=1021 margin 5.31->0.06 t=3.2s
[DONE] evaluation__8497__denoise__counterfactual__nes__l0.5 calls=1021 margin 5.31->-0.61 t=3.0s
[DONE] evaluation__8497__deblur__attack__nes__l1 calls=1021 margin 8.05->-5.45 t=3.2s
[DONE] evaluation__8497__deblur__restore__nes__l1 calls=1021 margin 8.05->9.89 t=3.3s
[DONE] evaluation__8497__deblur__random_walk__random_walk__l1 calls=1024 margin 8.05->2.87 t=4.6s
[DONE] evaluation__8497__deblur__confidence_boost__nes__l1 calls=1021 margin 8.05->14.33 t=3.3s
[DONE] evaluation__8497__deblur__boundary_probe__nes__l1 calls=1021 margin 8.05->0.06 t=3.3s
[DONE] evaluation__8497__deblur__counterfactual__nes__l1 calls=1021 margin 8.05->-5.43 t=3.5s
[DONE] evaluation__4259__denoise__attack__nes__l0.5 calls=1021 margin 0.25->-8.18 t=3.0s
[DONE] evaluation__4259__denoise__restore__nes__l0.5 calls=1021 margin 0.25->0.62 t=3.3s
[DONE] evaluation__4259__denoise__random_walk__random_walk__l0.5 calls=1024 margin 0.25->-1.23 t=4.4s
[DONE] evaluation__4259__denoise__confidence_boost__nes__l0.5 calls=1021 margin 0.25->8.23 t=3.1s
[DONE] evaluation__4259__denoise__boundary_probe__nes__l0.5 calls=1021 margin 0.25->0.04 t=3.1s
[DONE] evaluation__4259__denoise__counterfactual__nes__l0.5 calls=1021 margin 0.25->-8.09 t=3.0s
[DONE] evaluation__4259__deblur__attack__nes__l1 calls=1021 margin 3.65->-0.87 t=3.0s
[DONE] evaluation__4259__deblur__restore__nes__l1 calls=1021 margin 3.65->5.44 t=3.3s
[DONE] evaluation__4259__deblur__random_walk__random_walk__l1 calls=1024 margin 3.65->5.74 t=4.3s
[DONE] evaluation__4259__deblur__confidence_boost__nes__l1 calls=1021 margin 3.65->11.10 t=3.2s
[DONE] evaluation__4259__deblur__boundary_probe__nes__l1 calls=1021 margin 3.65->0.01 t=3.1s
[DONE] evaluation__4259__deblur__counterfactual__nes__l1 calls=1021 margin 3.65->-0.95 t=3.3s
[DONE] evaluation__5269__denoise__attack__nes__l0.5 calls=1021 margin 5.15->-0.99 t=3.2s
[DONE] evaluation__5269__denoise__restore__nes__l0.5 calls=1021 margin 5.15->5.88 t=3.2s
[DONE] evaluation__5269__denoise__random_walk__random_walk__l0.5 calls=1024 margin 5.15->4.82 t=4.5s
[DONE] evaluation__5269__denoise__confidence_boost__nes__l0.5 calls=1021 margin 5.15->10.19 t=2.9s
[DONE] evaluation__5269__denoise__boundary_probe__nes__l0.5 calls=1021 margin 5.15->0.04 t=3.1s
[DONE] evaluation__5269__denoise__counterfactual__nes__l0.5 calls=1021 margin 5.15->-1.84 t=3.1s
[DONE] evaluation__5269__deblur__attack__nes__l1 calls=1021 margin 7.84->-0.92 t=3.2s
[DONE] evaluation__5269__deblur__restore__nes__l1 calls=1021 margin 7.84->9.13 t=3.3s
[DONE] evaluation__5269__deblur__random_walk__random_walk__l1 calls=1024 margin 7.84->10.59 t=4.3s
[DONE] evaluation__5269__deblur__confidence_boost__nes__l1 calls=1021 margin 7.84->14.29 t=3.2s
[DONE] evaluation__5269__deblur__boundary_probe__nes__l1 calls=1021 margin 7.84->0.02 t=3.0s
[DONE] evaluation__5269__deblur__counterfactual__nes__l1 calls=1021 margin 7.84->2.23 t=3.4s
[DONE] evaluation__8904__denoise__attack__nes__l0.5 calls=1021 margin 2.26->-4.65 t=3.1s
[DONE] evaluation__8904__denoise__restore__nes__l0.5 calls=1021 margin 2.26->2.74 t=3.4s
[DONE] evaluation__8904__denoise__random_walk__random_walk__l0.5 calls=1024 margin 2.26->1.26 t=4.4s
[DONE] evaluation__8904__denoise__confidence_boost__nes__l0.5 calls=1021 margin 2.26->7.57 t=2.9s
[DONE] evaluation__8904__denoise__boundary_probe__nes__l0.5 calls=1021 margin 2.26->0.00 t=3.0s
[DONE] evaluation__8904__denoise__counterfactual__nes__l0.5 calls=1021 margin 2.26->-4.92 t=2.9s
[DONE] evaluation__8904__deblur__attack__nes__l1 calls=1021 margin 10.08->3.11 t=2.9s
[DONE] evaluation__8904__deblur__restore__nes__l1 calls=1021 margin 10.08->11.53 t=2.9s
[DONE] evaluation__8904__deblur__random_walk__random_walk__l1 calls=1024 margin 10.08->10.37 t=4.5s
[DONE] evaluation__8904__deblur__confidence_boost__nes__l1 calls=1021 margin 10.08->14.04 t=2.9s
[DONE] evaluation__8904__deblur__boundary_probe__nes__l1 calls=1021 margin 10.08->3.35 t=2.9s
[DONE] evaluation__8904__deblur__counterfactual__nes__l1 calls=1021 margin 10.08->3.46 t=3.0s
[DONE] evaluation__610__denoise__attack__nes__l0.5 calls=1021 margin 11.67->5.73 t=3.3s
[DONE] evaluation__610__denoise__restore__nes__l0.5 calls=1021 margin 11.67->12.09 t=3.2s
[DONE] evaluation__610__denoise__random_walk__random_walk__l0.5 calls=1024 margin 11.67->11.93 t=4.8s
[DONE] evaluation__610__denoise__confidence_boost__nes__l0.5 calls=1021 margin 11.67->14.24 t=3.4s
[DONE] evaluation__610__denoise__boundary_probe__nes__l0.5 calls=1021 margin 11.67->5.75 t=3.0s
[DONE] evaluation__610__denoise__counterfactual__nes__l0.5 calls=1021 margin 11.67->5.86 t=3.0s
[DONE] evaluation__610__deblur__attack__nes__l1 calls=1021 margin 6.21->-5.35 t=3.2s
[DONE] evaluation__610__deblur__restore__nes__l1 calls=1021 margin 6.21->7.10 t=3.5s
[DONE] evaluation__610__deblur__random_walk__random_walk__l1 calls=1024 margin 6.21->8.02 t=4.5s
[DONE] evaluation__610__deblur__confidence_boost__nes__l1 calls=1021 margin 6.21->13.78 t=3.5s
[DONE] evaluation__610__deblur__boundary_probe__nes__l1 calls=1021 margin 6.21->0.01 t=3.2s
[DONE] evaluation__610__deblur__counterfactual__nes__l1 calls=1021 margin 6.21->-4.53 t=3.4s
[DONE] evaluation__2865__denoise__attack__nes__l0.5 calls=1021 margin 11.67->7.97 t=3.1s
[DONE] evaluation__2865__denoise__restore__nes__l0.5 calls=1021 margin 11.67->11.25 t=3.1s
[DONE] evaluation__2865__denoise__random_walk__random_walk__l0.5 calls=1024 margin 11.67->11.69 t=4.4s
[DONE] evaluation__2865__denoise__confidence_boost__nes__l0.5 calls=1021 margin 11.67->14.24 t=3.2s
[DONE] evaluation__2865__denoise__boundary_probe__nes__l0.5 calls=1021 margin 11.67->7.67 t=3.0s
[DONE] evaluation__2865__denoise__counterfactual__nes__l0.5 calls=1021 margin 11.67->7.36 t=3.0s
[DONE] evaluation__2865__deblur__attack__nes__l1 calls=1021 margin 11.39->4.64 t=3.2s
[DONE] evaluation__2865__deblur__restore__nes__l1 calls=1021 margin 11.39->10.79 t=3.0s
[DONE] evaluation__2865__deblur__random_walk__random_walk__l1 calls=1024 margin 11.39->10.68 t=4.1s
[DONE] evaluation__2865__deblur__confidence_boost__nes__l1 calls=1021 margin 11.39->14.06 t=2.9s
[DONE] evaluation__2865__deblur__boundary_probe__nes__l1 calls=1021 margin 11.39->2.19 t=2.9s
[DONE] evaluation__2865__deblur__counterfactual__nes__l1 calls=1021 margin 11.39->1.83 t=2.6s
[DONE] evaluation__6645__denoise__attack__nes__l0.5 calls=1021 margin 6.65->-1.17 t=3.0s
[DONE] evaluation__6645__denoise__restore__nes__l0.5 calls=1021 margin 6.65->6.36 t=3.2s
[DONE] evaluation__6645__denoise__random_walk__random_walk__l0.5 calls=1024 margin 6.65->7.24 t=4.4s
[DONE] evaluation__6645__denoise__confidence_boost__nes__l0.5 calls=1021 margin 6.65->12.03 t=3.2s
[DONE] evaluation__6645__denoise__boundary_probe__nes__l0.5 calls=1021 margin 6.65->0.03 t=3.0s
[DONE] evaluation__6645__denoise__counterfactual__nes__l0.5 calls=1021 margin 6.65->-0.80 t=3.0s
[DONE] evaluation__6645__deblur__attack__nes__l1 calls=1021 margin 2.04->-8.93 t=3.2s
[DONE] evaluation__6645__deblur__restore__nes__l1 calls=1021 margin 2.04->2.50 t=3.1s
[DONE] evaluation__6645__deblur__random_walk__random_walk__l1 calls=1024 margin 2.04->-1.64 t=4.4s
[DONE] evaluation__6645__deblur__confidence_boost__nes__l1 calls=1021 margin 2.04->10.98 t=3.0s
[DONE] evaluation__6645__deblur__boundary_probe__nes__l1 calls=1021 margin 2.04->0.00 t=3.1s
[DONE] evaluation__6645__deblur__counterfactual__nes__l1 calls=1021 margin 2.04->-7.61 t=2.9s
[DONE] evaluation__1476__denoise__attack__nes__l0.5 calls=1021 margin 4.66->-2.00 t=3.1s
[DONE] evaluation__1476__denoise__restore__nes__l0.5 calls=1021 margin 4.66->4.10 t=3.4s
[DONE] evaluation__1476__denoise__random_walk__random_walk__l0.5 calls=1024 margin 4.66->3.59 t=4.2s
[DONE] evaluation__1476__denoise__confidence_boost__nes__l0.5 calls=1021 margin 4.66->9.45 t=2.7s
[DONE] evaluation__1476__denoise__boundary_probe__nes__l0.5 calls=1021 margin 4.66->0.02 t=2.8s
[DONE] evaluation__1476__denoise__counterfactual__nes__l0.5 calls=1021 margin 4.66->-1.91 t=2.8s
[DONE] evaluation__1476__deblur__attack__nes__l1 calls=1021 margin 10.21->1.20 t=3.0s
[DONE] evaluation__1476__deblur__restore__nes__l1 calls=1021 margin 10.21->10.62 t=3.3s
[DONE] evaluation__1476__deblur__random_walk__random_walk__l1 calls=1024 margin 10.21->8.55 t=4.4s
[DONE] evaluation__1476__deblur__confidence_boost__nes__l1 calls=1021 margin 10.21->14.47 t=3.2s
[DONE] evaluation__1476__deblur__boundary_probe__nes__l1 calls=1021 margin 10.21->0.32 t=3.2s
[DONE] evaluation__1476__deblur__counterfactual__nes__l1 calls=1021 margin 10.21->0.31 t=2.9s
[DONE] evaluation__3876__denoise__attack__nes__l0.5 calls=1021 margin 3.64->-2.44 t=2.8s
[DONE] evaluation__3876__denoise__restore__nes__l0.5 calls=1021 margin 3.64->3.97 t=3.2s
[DONE] evaluation__3876__denoise__random_walk__random_walk__l0.5 calls=1024 margin 3.64->4.19 t=4.3s
[DONE] evaluation__3876__denoise__confidence_boost__nes__l0.5 calls=1021 margin 3.64->9.50 t=3.1s
[DONE] evaluation__3876__denoise__boundary_probe__nes__l0.5 calls=1021 margin 3.64->0.01 t=3.0s
[DONE] evaluation__3876__denoise__counterfactual__nes__l0.5 calls=1021 margin 3.64->-3.00 t=2.9s
[DONE] evaluation__3876__deblur__attack__nes__l1 calls=1021 margin 10.08->4.62 t=3.1s
[DONE] evaluation__3876__deblur__restore__nes__l1 calls=1021 margin 10.08->10.45 t=3.1s
[DONE] evaluation__3876__deblur__random_walk__random_walk__l1 calls=1024 margin 10.08->9.82 t=4.3s
[DONE] evaluation__3876__deblur__confidence_boost__nes__l1 calls=1021 margin 10.08->13.70 t=3.1s
[DONE] evaluation__3876__deblur__boundary_probe__nes__l1 calls=1021 margin 10.08->3.79 t=2.9s
[DONE] evaluation__3876__deblur__counterfactual__nes__l1 calls=1021 margin 10.08->3.90 t=3.2s
[DONE] evaluation__6099__denoise__attack__nes__l0.5 calls=1021 margin 0.96->-5.20 t=3.0s
[DONE] evaluation__6099__denoise__restore__nes__l0.5 calls=1021 margin 0.96->0.93 t=2.7s
[DONE] evaluation__6099__denoise__random_walk__random_walk__l0.5 calls=1024 margin 0.96->1.02 t=4.1s
[DONE] evaluation__6099__denoise__confidence_boost__nes__l0.5 calls=1021 margin 0.96->6.82 t=3.0s
[DONE] evaluation__6099__denoise__boundary_probe__nes__l0.5 calls=1021 margin 0.96->0.02 t=3.0s
[DONE] evaluation__6099__denoise__counterfactual__nes__l0.5 calls=1021 margin 0.96->-5.01 t=3.1s
[DONE] evaluation__6099__deblur__attack__nes__l1 calls=1021 margin 9.85->-0.11 t=3.2s
[DONE] evaluation__6099__deblur__restore__nes__l1 calls=1021 margin 9.85->9.69 t=3.3s
[DONE] evaluation__6099__deblur__random_walk__random_walk__l1 calls=1024 margin 9.85->6.57 t=4.3s
[DONE] evaluation__6099__deblur__confidence_boost__nes__l1 calls=1021 margin 9.85->12.87 t=3.1s
[DONE] evaluation__6099__deblur__boundary_probe__nes__l1 calls=1021 margin 9.85->0.02 t=3.1s
[DONE] evaluation__6099__deblur__counterfactual__nes__l1 calls=1021 margin 9.85->-0.34 t=2.8s
[DONE] evaluation__9478__denoise__attack__nes__l0.5 calls=1021 margin 3.61->-2.28 t=3.0s
[DONE] evaluation__9478__denoise__restore__nes__l0.5 calls=1021 margin 3.61->3.24 t=3.0s
[DONE] evaluation__9478__denoise__random_walk__random_walk__l0.5 calls=1024 margin 3.61->4.46 t=4.4s
[DONE] evaluation__9478__denoise__confidence_boost__nes__l0.5 calls=1021 margin 3.61->8.40 t=3.3s
[DONE] evaluation__9478__denoise__boundary_probe__nes__l0.5 calls=1021 margin 3.61->0.00 t=3.0s
[DONE] evaluation__9478__denoise__counterfactual__nes__l0.5 calls=1021 margin 3.61->-2.16 t=3.1s
[DONE] evaluation__9478__deblur__attack__nes__l1 calls=1021 margin 12.71->7.42 t=3.1s
[DONE] evaluation__9478__deblur__restore__nes__l1 calls=1021 margin 12.71->12.58 t=3.1s
[DONE] evaluation__9478__deblur__random_walk__random_walk__l1 calls=1024 margin 12.71->10.85 t=4.3s
[DONE] evaluation__9478__deblur__confidence_boost__nes__l1 calls=1021 margin 12.71->14.16 t=2.9s
[DONE] evaluation__9478__deblur__boundary_probe__nes__l1 calls=1021 margin 12.71->7.04 t=2.9s
[DONE] evaluation__9478__deblur__counterfactual__nes__l1 calls=1021 margin 12.71->7.07 t=3.0s
[DONE] evaluation__1826__denoise__attack__nes__l0.5 calls=1021 margin 2.72->-3.54 t=2.9s
[DONE] evaluation__1826__denoise__restore__nes__l0.5 calls=1021 margin 2.72->2.64 t=2.9s
[DONE] evaluation__1826__denoise__random_walk__random_walk__l0.5 calls=1024 margin 2.72->2.33 t=4.4s
[DONE] evaluation__1826__denoise__confidence_boost__nes__l0.5 calls=1021 margin 2.72->8.02 t=3.2s
[DONE] evaluation__1826__denoise__boundary_probe__nes__l0.5 calls=1021 margin 2.72->0.01 t=3.2s
[DONE] evaluation__1826__denoise__counterfactual__nes__l0.5 calls=1021 margin 2.72->-3.20 t=3.0s
[DONE] evaluation__1826__deblur__attack__nes__l1 calls=1021 margin 11.96->2.77 t=3.1s
[DONE] evaluation__1826__deblur__restore__nes__l1 calls=1021 margin 11.96->12.75 t=3.1s
[DONE] evaluation__1826__deblur__random_walk__random_walk__l1 calls=1024 margin 11.96->11.82 t=4.7s
[DONE] evaluation__1826__deblur__confidence_boost__nes__l1 calls=1021 margin 11.96->14.26 t=3.1s
[DONE] evaluation__1826__deblur__boundary_probe__nes__l1 calls=1021 margin 11.96->3.53 t=2.9s
[DONE] evaluation__1826__deblur__counterfactual__nes__l1 calls=1021 margin 11.96->4.15 t=3.1s
[DONE] evaluation__5188__denoise__attack__nes__l0.5 calls=1021 margin 4.50->-2.90 t=3.1s
[DONE] evaluation__5188__denoise__restore__nes__l0.5 calls=1021 margin 4.50->4.62 t=3.2s
[DONE] evaluation__5188__denoise__random_walk__random_walk__l0.5 calls=1024 margin 4.50->3.56 t=4.3s
[DONE] evaluation__5188__denoise__confidence_boost__nes__l0.5 calls=1021 margin 4.50->10.01 t=3.2s
[DONE] evaluation__5188__denoise__boundary_probe__nes__l0.5 calls=1021 margin 4.50->0.02 t=3.3s
[DONE] evaluation__5188__denoise__counterfactual__nes__l0.5 calls=1021 margin 4.50->-3.55 t=3.2s
[DONE] evaluation__5188__deblur__attack__nes__l1 calls=1021 margin 8.63->0.07 t=3.0s
[DONE] evaluation__5188__deblur__restore__nes__l1 calls=1021 margin 8.63->9.33 t=3.2s
[DONE] evaluation__5188__deblur__random_walk__random_walk__l1 calls=1024 margin 8.63->5.38 t=4.5s
[DONE] evaluation__5188__deblur__confidence_boost__nes__l1 calls=1021 margin 8.63->13.46 t=3.0s
[DONE] evaluation__5188__deblur__boundary_probe__nes__l1 calls=1021 margin 8.63->0.23 t=3.1s
[DONE] evaluation__5188__deblur__counterfactual__nes__l1 calls=1021 margin 8.63->0.26 t=2.9s
[DONE] evaluation__9018__denoise__attack__nes__l0.5 calls=1021 margin 4.38->-2.25 t=3.0s
[DONE] evaluation__9018__denoise__restore__nes__l0.5 calls=1021 margin 4.38->5.08 t=3.3s
[DONE] evaluation__9018__denoise__random_walk__random_walk__l0.5 calls=1024 margin 4.38->4.30 t=4.5s
[DONE] evaluation__9018__denoise__confidence_boost__nes__l0.5 calls=1021 margin 4.38->8.32 t=3.1s
[DONE] evaluation__9018__denoise__boundary_probe__nes__l0.5 calls=1021 margin 4.38->0.01 t=2.7s
[DONE] evaluation__9018__denoise__counterfactual__nes__l0.5 calls=1021 margin 4.38->-2.83 t=2.8s
[DONE] evaluation__9018__deblur__attack__nes__l1 calls=1021 margin 3.47->-5.50 t=3.1s
[DONE] evaluation__9018__deblur__restore__nes__l1 calls=1021 margin 3.47->5.46 t=3.0s
[DONE] evaluation__9018__deblur__random_walk__random_walk__l1 calls=1024 margin 3.47->4.92 t=4.5s
[DONE] evaluation__9018__deblur__confidence_boost__nes__l1 calls=1021 margin 3.47->10.81 t=3.0s
[DONE] evaluation__9018__deblur__boundary_probe__nes__l1 calls=1021 margin 3.47->0.08 t=3.0s
[DONE] evaluation__9018__deblur__counterfactual__nes__l1 calls=1021 margin 3.47->-6.07 t=3.0s
[DONE] evaluation__1387__denoise__attack__nes__l0.5 calls=1021 margin 9.63->4.39 t=3.2s
[DONE] evaluation__1387__denoise__restore__nes__l0.5 calls=1021 margin 9.63->9.40 t=3.2s
[DONE] evaluation__1387__denoise__random_walk__random_walk__l0.5 calls=1024 margin 9.63->8.78 t=4.3s
[DONE] evaluation__1387__denoise__confidence_boost__nes__l0.5 calls=1021 margin 9.63->12.31 t=3.1s
[DONE] evaluation__1387__denoise__boundary_probe__nes__l0.5 calls=1021 margin 9.63->4.91 t=3.3s
[DONE] evaluation__1387__denoise__counterfactual__nes__l0.5 calls=1021 margin 9.63->4.07 t=3.1s
[DONE] evaluation__1387__deblur__attack__nes__l1 calls=1021 margin 13.32->10.41 t=3.0s
[DONE] evaluation__1387__deblur__restore__nes__l1 calls=1021 margin 13.32->13.48 t=3.0s
[DONE] evaluation__1387__deblur__random_walk__random_walk__l1 calls=1024 margin 13.32->11.85 t=4.4s
[DONE] evaluation__1387__deblur__confidence_boost__nes__l1 calls=1021 margin 13.32->13.69 t=3.0s
[DONE] evaluation__1387__deblur__boundary_probe__nes__l1 calls=1021 margin 13.32->10.80 t=2.9s
[DONE] evaluation__1387__deblur__counterfactual__nes__l1 calls=1021 margin 13.32->10.67 t=3.2s
[DONE] evaluation__3727__denoise__attack__nes__l0.5 calls=1021 margin 3.24->-7.38 t=3.1s
[DONE] evaluation__3727__denoise__restore__nes__l0.5 calls=1021 margin 3.24->2.84 t=3.0s
[DONE] evaluation__3727__denoise__random_walk__random_walk__l0.5 calls=1024 margin 3.24->-0.61 t=4.4s
[DONE] evaluation__3727__denoise__confidence_boost__nes__l0.5 calls=1021 margin 3.24->9.82 t=3.1s
[DONE] evaluation__3727__denoise__boundary_probe__nes__l0.5 calls=1021 margin 3.24->0.00 t=3.2s
[DONE] evaluation__3727__denoise__counterfactual__nes__l0.5 calls=1021 margin 3.24->-7.42 t=3.4s
[DONE] evaluation__3727__deblur__attack__nes__l1 calls=1021 margin 10.20->-0.18 t=3.0s
[DONE] evaluation__3727__deblur__restore__nes__l1 calls=1021 margin 10.20->9.63 t=3.1s
[DONE] evaluation__3727__deblur__random_walk__random_walk__l1 calls=1024 margin 10.20->9.37 t=4.4s
[DONE] evaluation__3727__deblur__confidence_boost__nes__l1 calls=1021 margin 10.20->13.93 t=3.2s
[DONE] evaluation__3727__deblur__boundary_probe__nes__l1 calls=1021 margin 10.20->0.13 t=3.0s
[DONE] evaluation__3727__deblur__counterfactual__nes__l1 calls=1021 margin 10.20->1.73 t=3.0s
[DONE] evaluation__6435__denoise__attack__nes__l0.5 calls=1021 margin 6.13->3.13 t=3.1s
[DONE] evaluation__6435__denoise__restore__nes__l0.5 calls=1021 margin 6.13->6.35 t=3.2s
[DONE] evaluation__6435__denoise__random_walk__random_walk__l0.5 calls=1024 margin 6.13->6.18 t=4.5s
[DONE] evaluation__6435__denoise__confidence_boost__nes__l0.5 calls=1021 margin 6.13->8.62 t=3.3s
[DONE] evaluation__6435__denoise__boundary_probe__nes__l0.5 calls=1021 margin 6.13->3.15 t=3.1s
[DONE] evaluation__6435__denoise__counterfactual__nes__l0.5 calls=1021 margin 6.13->3.00 t=3.0s
[DONE] evaluation__6435__deblur__attack__nes__l1 calls=1021 margin 8.77->3.37 t=3.1s
[DONE] evaluation__6435__deblur__restore__nes__l1 calls=1021 margin 8.77->9.09 t=2.9s
[DONE] evaluation__6435__deblur__random_walk__random_walk__l1 calls=1024 margin 8.77->7.74 t=4.6s
[DONE] evaluation__6435__deblur__confidence_boost__nes__l1 calls=1021 margin 8.77->12.27 t=3.3s
[DONE] evaluation__6435__deblur__boundary_probe__nes__l1 calls=1021 margin 8.77->2.33 t=3.2s
[DONE] evaluation__6435__deblur__counterfactual__nes__l1 calls=1021 margin 8.77->2.02 t=3.0s
[DONE] fit__90__denoise__attack__nes__l0.5 calls=1021 margin 2.60->-5.35 t=2.9s
[DONE] fit__90__denoise__restore__nes__l0.5 calls=1021 margin 2.60->1.41 t=2.8s
[DONE] fit__90__denoise__random_walk__random_walk__l0.5 calls=1024 margin 2.60->1.33 t=4.3s
[DONE] fit__90__denoise__confidence_boost__nes__l0.5 calls=1021 margin 2.60->8.80 t=3.0s
[DONE] fit__90__denoise__boundary_probe__nes__l0.5 calls=1021 margin 2.60->0.00 t=2.6s
[DONE] fit__90__denoise__counterfactual__nes__l0.5 calls=1021 margin 2.60->-5.24 t=3.0s
[DONE] fit__90__deblur__attack__nes__l1 calls=1021 margin 7.48->-0.47 t=3.2s
[DONE] fit__90__deblur__restore__nes__l1 calls=1021 margin 7.48->6.39 t=3.1s
[DONE] fit__90__deblur__random_walk__random_walk__l1 calls=1024 margin 7.48->3.85 t=4.5s
[DONE] fit__90__deblur__confidence_boost__nes__l1 calls=1021 margin 7.48->13.71 t=3.3s
[DONE] fit__90__deblur__boundary_probe__nes__l1 calls=1021 margin 7.48->0.02 t=2.8s
[DONE] fit__90__deblur__counterfactual__nes__l1 calls=1021 margin 7.48->-0.53 t=2.8s
[DONE] fit__7069__denoise__attack__nes__l0.5 calls=1021 margin 4.26->-3.56 t=3.2s
[DONE] fit__7069__denoise__restore__nes__l0.5 calls=1021 margin 4.26->4.26 t=3.2s
[DONE] fit__7069__denoise__random_walk__random_walk__l0.5 calls=1024 margin 4.26->3.27 t=4.3s
[DONE] fit__7069__denoise__confidence_boost__nes__l0.5 calls=1021 margin 4.26->10.73 t=3.1s
[DONE] fit__7069__denoise__boundary_probe__nes__l0.5 calls=1021 margin 4.26->0.03 t=3.0s
[DONE] fit__7069__denoise__counterfactual__nes__l0.5 calls=1021 margin 4.26->-2.45 t=3.2s
[DONE] fit__7069__deblur__attack__nes__l1 calls=1021 margin 11.65->4.44 t=3.5s
[DONE] fit__7069__deblur__restore__nes__l1 calls=1021 margin 11.65->12.83 t=3.2s
[DONE] fit__7069__deblur__random_walk__random_walk__l1 calls=1024 margin 11.65->8.93 t=4.5s
[DONE] fit__7069__deblur__confidence_boost__nes__l1 calls=1021 margin 11.65->15.38 t=3.1s
[DONE] fit__7069__deblur__boundary_probe__nes__l1 calls=1021 margin 11.65->4.62 t=3.1s
[DONE] fit__7069__deblur__counterfactual__nes__l1 calls=1021 margin 11.65->3.67 t=3.6s
[DONE] fit__2620__denoise__attack__nes__l0.5 calls=1021 margin 4.61->-5.05 t=3.1s
[DONE] fit__2620__denoise__restore__nes__l0.5 calls=1021 margin 4.61->4.56 t=2.8s
[DONE] fit__2620__denoise__random_walk__random_walk__l0.5 calls=1024 margin 4.61->4.26 t=4.1s
[DONE] fit__2620__denoise__confidence_boost__nes__l0.5 calls=1021 margin 4.61->10.44 t=3.1s
[DONE] fit__2620__denoise__boundary_probe__nes__l0.5 calls=1021 margin 4.61->0.01 t=2.9s
[DONE] fit__2620__denoise__counterfactual__nes__l0.5 calls=1021 margin 4.61->-4.07 t=3.1s
[DONE] fit__2620__deblur__attack__nes__l1 calls=1021 margin 8.74->3.94 t=3.1s
[DONE] fit__2620__deblur__restore__nes__l1 calls=1021 margin 8.74->8.21 t=2.9s
[DONE] fit__2620__deblur__random_walk__random_walk__l1 calls=1024 margin 8.74->6.90 t=4.2s
[DONE] fit__2620__deblur__confidence_boost__nes__l1 calls=1021 margin 8.74->12.01 t=2.9s
[DONE] fit__2620__deblur__boundary_probe__nes__l1 calls=1021 margin 8.74->2.91 t=2.9s
[DONE] fit__2620__deblur__counterfactual__nes__l1 calls=1021 margin 8.74->2.30 t=3.0s
[DONE] fit__9496__denoise__attack__nes__l0.5 calls=1021 margin 3.65->-3.99 t=3.3s
[DONE] fit__9496__denoise__restore__nes__l0.5 calls=1021 margin 3.65->3.94 t=2.9s
[DONE] fit__9496__denoise__random_walk__random_walk__l0.5 calls=1024 margin 3.65->3.56 t=4.2s
[DONE] fit__9496__denoise__confidence_boost__nes__l0.5 calls=1021 margin 3.65->8.77 t=3.2s
[DONE] fit__9496__denoise__boundary_probe__nes__l0.5 calls=1021 margin 3.65->0.04 t=3.1s
[DONE] fit__9496__denoise__counterfactual__nes__l0.5 calls=1021 margin 3.65->-3.84 t=3.0s
[DONE] fit__9496__deblur__attack__nes__l1 calls=1021 margin 10.27->1.80 t=3.0s
[DONE] fit__9496__deblur__restore__nes__l1 calls=1021 margin 10.27->10.54 t=3.1s
[DONE] fit__9496__deblur__random_walk__random_walk__l1 calls=1024 margin 10.27->8.72 t=4.3s
[DONE] fit__9496__deblur__confidence_boost__nes__l1 calls=1021 margin 10.27->13.65 t=3.0s
[DONE] fit__9496__deblur__boundary_probe__nes__l1 calls=1021 margin 10.27->1.52 t=2.9s
[DONE] fit__9496__deblur__counterfactual__nes__l1 calls=1021 margin 10.27->2.76 t=3.1s
[DONE] fit__3720__denoise__attack__nes__l0.5 calls=1021 margin 12.89->7.76 t=3.1s
[DONE] fit__3720__denoise__restore__nes__l0.5 calls=1021 margin 12.89->12.79 t=3.2s
[DONE] fit__3720__denoise__random_walk__random_walk__l0.5 calls=1024 margin 12.89->13.24 t=4.3s
[DONE] fit__3720__denoise__confidence_boost__nes__l0.5 calls=1021 margin 12.89->14.17 t=3.1s
[DONE] fit__3720__denoise__boundary_probe__nes__l0.5 calls=1021 margin 12.89->7.66 t=3.0s
[DONE] fit__3720__denoise__counterfactual__nes__l0.5 calls=1021 margin 12.89->7.24 t=3.0s
[DONE] fit__3720__deblur__attack__nes__l1 calls=1021 margin 10.58->-0.51 t=3.2s
[DONE] fit__3720__deblur__restore__nes__l1 calls=1021 margin 10.58->10.42 t=3.0s
[DONE] fit__3720__deblur__random_walk__random_walk__l1 calls=1024 margin 10.58->9.84 t=4.4s
[DONE] fit__3720__deblur__confidence_boost__nes__l1 calls=1021 margin 10.58->14.38 t=3.0s
[DONE] fit__3720__deblur__boundary_probe__nes__l1 calls=1021 margin 10.58->1.17 t=3.0s
[DONE] fit__3720__deblur__counterfactual__nes__l1 calls=1021 margin 10.58->1.29 t=3.1s
[DONE] fit__294__denoise__attack__nes__l0.5 calls=1021 margin 7.11->0.73 t=3.1s
[DONE] fit__294__denoise__restore__nes__l0.5 calls=1021 margin 7.11->6.88 t=3.2s
[DONE] fit__294__denoise__random_walk__random_walk__l0.5 calls=1024 margin 7.11->6.48 t=4.2s
[DONE] fit__294__denoise__confidence_boost__nes__l0.5 calls=1021 margin 7.11->9.53 t=2.9s
[DONE] fit__294__denoise__boundary_probe__nes__l0.5 calls=1021 margin 7.11->0.70 t=3.2s
[DONE] fit__294__denoise__counterfactual__nes__l0.5 calls=1021 margin 7.11->3.55 t=3.1s
[DONE] fit__294__deblur__attack__nes__l1 calls=1021 margin 5.14->2.05 t=3.3s
[DONE] fit__294__deblur__restore__nes__l1 calls=1021 margin 5.14->5.59 t=3.2s
[DONE] fit__294__deblur__random_walk__random_walk__l1 calls=1024 margin 5.14->6.07 t=4.4s
[DONE] fit__294__deblur__confidence_boost__nes__l1 calls=1021 margin 5.14->8.76 t=3.0s
[DONE] fit__294__deblur__boundary_probe__nes__l1 calls=1021 margin 5.14->1.83 t=3.1s
[DONE] fit__294__deblur__counterfactual__nes__l1 calls=1021 margin 5.14->1.91 t=3.2s
[DONE] fit__5825__denoise__attack__nes__l0.5 calls=1021 margin 5.62->-2.54 t=3.1s
[DONE] fit__5825__denoise__restore__nes__l0.5 calls=1021 margin 5.62->4.49 t=2.9s
[DONE] fit__5825__denoise__random_walk__random_walk__l0.5 calls=1024 margin 5.62->3.63 t=4.2s
[DONE] fit__5825__denoise__confidence_boost__nes__l0.5 calls=1021 margin 5.62->10.83 t=3.2s
[DONE] fit__5825__denoise__boundary_probe__nes__l0.5 calls=1021 margin 5.62->0.02 t=2.9s
[DONE] fit__5825__denoise__counterfactual__nes__l0.5 calls=1021 margin 5.62->-2.71 t=3.0s
[DONE] fit__5825__deblur__attack__nes__l1 calls=1021 margin 4.34->-2.56 t=2.9s
[DONE] fit__5825__deblur__restore__nes__l1 calls=1021 margin 4.34->4.99 t=3.1s
[DONE] fit__5825__deblur__random_walk__random_walk__l1 calls=1024 margin 4.34->6.24 t=4.3s
[DONE] fit__5825__deblur__confidence_boost__nes__l1 calls=1021 margin 4.34->10.55 t=2.9s
[DONE] fit__5825__deblur__boundary_probe__nes__l1 calls=1021 margin 4.34->0.00 t=3.2s
[DONE] fit__5825__deblur__counterfactual__nes__l1 calls=1021 margin 4.34->-3.07 t=2.9s
[DONE] fit__1336__denoise__attack__nes__l0.5 calls=1021 margin 5.25->-3.00 t=3.0s
[DONE] fit__1336__denoise__restore__nes__l0.5 calls=1021 margin 5.25->5.03 t=3.0s
[DONE] fit__1336__denoise__random_walk__random_walk__l0.5 calls=1024 margin 5.25->5.61 t=4.3s
[DONE] fit__1336__denoise__confidence_boost__nes__l0.5 calls=1021 margin 5.25->11.49 t=3.1s
[DONE] fit__1336__denoise__boundary_probe__nes__l0.5 calls=1021 margin 5.25->0.02 t=2.9s
[DONE] fit__1336__denoise__counterfactual__nes__l0.5 calls=1021 margin 5.25->-2.22 t=3.1s
[DONE] fit__1336__deblur__attack__nes__l1 calls=1021 margin 7.41->-3.55 t=3.3s
[DONE] fit__1336__deblur__restore__nes__l1 calls=1021 margin 7.41->7.69 t=3.3s
[DONE] fit__1336__deblur__random_walk__random_walk__l1 calls=1024 margin 7.41->10.05 t=4.4s
[DONE] fit__1336__deblur__confidence_boost__nes__l1 calls=1021 margin 7.41->14.49 t=3.2s
[DONE] fit__1336__deblur__boundary_probe__nes__l1 calls=1021 margin 7.41->0.01 t=3.2s
[DONE] fit__1336__deblur__counterfactual__nes__l1 calls=1021 margin 7.41->-2.59 t=3.0s
[DONE] fit__7094__denoise__attack__nes__l0.5 calls=1021 margin 3.82->-3.60 t=2.9s
[DONE] fit__7094__denoise__restore__nes__l0.5 calls=1021 margin 3.82->4.10 t=3.1s
[DONE] fit__7094__denoise__random_walk__random_walk__l0.5 calls=1024 margin 3.82->3.73 t=4.2s
[DONE] fit__7094__denoise__confidence_boost__nes__l0.5 calls=1021 margin 3.82->10.88 t=3.2s
[DONE] fit__7094__denoise__boundary_probe__nes__l0.5 calls=1021 margin 3.82->0.01 t=3.2s
[DONE] fit__7094__denoise__counterfactual__nes__l0.5 calls=1021 margin 3.82->-3.30 t=3.0s
[DONE] fit__7094__deblur__attack__nes__l1 calls=1021 margin 7.70->-2.76 t=3.0s
[DONE] fit__7094__deblur__restore__nes__l1 calls=1021 margin 7.70->9.87 t=3.0s
[DONE] fit__7094__deblur__random_walk__random_walk__l1 calls=1024 margin 7.70->9.05 t=4.3s
[DONE] fit__7094__deblur__confidence_boost__nes__l1 calls=1021 margin 7.70->14.46 t=3.0s
[DONE] fit__7094__deblur__boundary_probe__nes__l1 calls=1021 margin 7.70->0.05 t=3.1s
[DONE] fit__7094__deblur__counterfactual__nes__l1 calls=1021 margin 7.70->-3.43 t=3.0s
[DONE] fit__4587__denoise__attack__nes__l0.5 calls=1021 margin 5.71->2.08 t=2.9s
[DONE] fit__4587__denoise__restore__nes__l0.5 calls=1021 margin 5.71->5.69 t=3.1s
[DONE] fit__4587__denoise__random_walk__random_walk__l0.5 calls=1024 margin 5.71->6.07 t=4.2s
[DONE] fit__4587__denoise__confidence_boost__nes__l0.5 calls=1021 margin 5.71->9.01 t=2.8s
[DONE] fit__4587__denoise__boundary_probe__nes__l0.5 calls=1021 margin 5.71->1.66 t=2.8s
[DONE] fit__4587__denoise__counterfactual__nes__l0.5 calls=1021 margin 5.71->1.96 t=2.7s
[DONE] fit__4587__deblur__attack__nes__l1 calls=1021 margin 1.91->-3.56 t=3.1s
[DONE] fit__4587__deblur__restore__nes__l1 calls=1021 margin 1.91->4.88 t=3.0s
[DONE] fit__4587__deblur__random_walk__random_walk__l1 calls=1024 margin 1.91->5.38 t=4.0s
[DONE] fit__4587__deblur__confidence_boost__nes__l1 calls=1021 margin 1.91->9.88 t=3.0s
[DONE] fit__4587__deblur__boundary_probe__nes__l1 calls=1021 margin 1.91->0.04 t=3.1s
[DONE] fit__4587__deblur__counterfactual__nes__l1 calls=1021 margin 1.91->-2.69 t=3.0s
[DONE] fit__347__denoise__attack__nes__l0.5 calls=1021 margin 6.20->1.15 t=3.1s
[DONE] fit__347__denoise__restore__nes__l0.5 calls=1021 margin 6.20->5.82 t=3.1s
[DONE] fit__347__denoise__random_walk__random_walk__l0.5 calls=1024 margin 6.20->6.02 t=4.4s
[DONE] fit__347__denoise__confidence_boost__nes__l0.5 calls=1021 margin 6.20->9.71 t=3.3s
[DONE] fit__347__denoise__boundary_probe__nes__l0.5 calls=1021 margin 6.20->1.07 t=3.2s
[DONE] fit__347__denoise__counterfactual__nes__l0.5 calls=1021 margin 6.20->1.38 t=3.1s
[DONE] fit__347__deblur__attack__nes__l1 calls=1021 margin 6.53->-2.97 t=3.2s
[DONE] fit__347__deblur__restore__nes__l1 calls=1021 margin 6.53->7.01 t=3.2s
[DONE] fit__347__deblur__random_walk__random_walk__l1 calls=1024 margin 6.53->7.26 t=4.3s
[DONE] fit__347__deblur__confidence_boost__nes__l1 calls=1021 margin 6.53->11.25 t=3.4s
[DONE] fit__347__deblur__boundary_probe__nes__l1 calls=1021 margin 6.53->0.00 t=3.3s
[DONE] fit__347__deblur__counterfactual__nes__l1 calls=1021 margin 6.53->-1.14 t=3.1s
[DONE] fit__6578__denoise__attack__nes__l0.5 calls=1021 margin 9.28->1.31 t=3.2s
[DONE] fit__6578__denoise__restore__nes__l0.5 calls=1021 margin 9.28->10.09 t=3.1s
[DONE] fit__6578__denoise__random_walk__random_walk__l0.5 calls=1024 margin 9.28->9.60 t=4.4s
[DONE] fit__6578__denoise__confidence_boost__nes__l0.5 calls=1021 margin 9.28->13.60 t=3.3s
[DONE] fit__6578__denoise__boundary_probe__nes__l0.5 calls=1021 margin 9.28->1.51 t=3.0s
[DONE] fit__6578__denoise__counterfactual__nes__l0.5 calls=1021 margin 9.28->1.21 t=3.2s
[DONE] fit__6578__deblur__attack__nes__l1 calls=1021 margin 6.83->-2.05 t=2.9s
[DONE] fit__6578__deblur__restore__nes__l1 calls=1021 margin 6.83->6.87 t=2.9s
[DONE] fit__6578__deblur__random_walk__random_walk__l1 calls=1024 margin 6.83->9.33 t=4.4s
[DONE] fit__6578__deblur__confidence_boost__nes__l1 calls=1021 margin 6.83->13.90 t=3.1s
[DONE] fit__6578__deblur__boundary_probe__nes__l1 calls=1021 margin 6.83->0.04 t=3.0s
[DONE] fit__6578__deblur__counterfactual__nes__l1 calls=1021 margin 6.83->-3.27 t=3.2s
[DONE] fit__620__denoise__attack__nes__l0.5 calls=1021 margin 4.55->-2.63 t=3.1s
[DONE] fit__620__denoise__restore__nes__l0.5 calls=1021 margin 4.55->4.65 t=2.9s
[DONE] fit__620__denoise__random_walk__random_walk__l0.5 calls=1024 margin 4.55->3.30 t=4.3s
[DONE] fit__620__denoise__confidence_boost__nes__l0.5 calls=1021 margin 4.55->9.05 t=2.8s
[DONE] fit__620__denoise__boundary_probe__nes__l0.5 calls=1021 margin 4.55->0.01 t=3.0s
[DONE] fit__620__denoise__counterfactual__nes__l0.5 calls=1021 margin 4.55->-3.02 t=3.3s
[DONE] fit__620__deblur__attack__nes__l1 calls=1021 margin 13.91->7.55 t=3.0s
[DONE] fit__620__deblur__restore__nes__l1 calls=1021 margin 13.91->13.24 t=2.8s
[DONE] fit__620__deblur__random_walk__random_walk__l1 calls=1024 margin 13.91->10.88 t=4.3s
[DONE] fit__620__deblur__confidence_boost__nes__l1 calls=1021 margin 13.91->14.59 t=3.0s
[DONE] fit__620__deblur__boundary_probe__nes__l1 calls=1021 margin 13.91->7.02 t=3.1s
[DONE] fit__620__deblur__counterfactual__nes__l1 calls=1021 margin 13.91->7.10 t=3.1s
[DONE] fit__6657__denoise__attack__nes__l0.5 calls=1021 margin 0.75->-7.35 t=3.1s
[DONE] fit__6657__denoise__restore__nes__l0.5 calls=1021 margin 0.75->0.33 t=3.0s
[DONE] fit__6657__denoise__random_walk__random_walk__l0.5 calls=1024 margin 0.75->2.58 t=4.4s
[DONE] fit__6657__denoise__confidence_boost__nes__l0.5 calls=1021 margin 0.75->8.48 t=3.3s
[DONE] fit__6657__denoise__boundary_probe__nes__l0.5 calls=1021 margin 0.75->0.01 t=3.2s
[DONE] fit__6657__denoise__counterfactual__nes__l0.5 calls=1021 margin 0.75->-8.12 t=3.2s
[DONE] fit__6657__deblur__attack__nes__l1 calls=1021 margin 13.28->7.20 t=3.2s
[DONE] fit__6657__deblur__restore__nes__l1 calls=1021 margin 13.28->13.75 t=3.1s
[DONE] fit__6657__deblur__random_walk__random_walk__l1 calls=1024 margin 13.28->13.03 t=4.4s
[DONE] fit__6657__deblur__confidence_boost__nes__l1 calls=1021 margin 13.28->14.74 t=3.2s
[DONE] fit__6657__deblur__boundary_probe__nes__l1 calls=1021 margin 13.28->6.68 t=3.1s
[DONE] fit__6657__deblur__counterfactual__nes__l1 calls=1021 margin 13.28->8.59 t=3.2s
[DONE] fit__3630__denoise__attack__nes__l0.5 calls=1021 margin 0.51->-6.79 t=3.0s
[DONE] fit__3630__denoise__restore__nes__l0.5 calls=1021 margin 0.51->0.94 t=3.0s
[DONE] fit__3630__denoise__random_walk__random_walk__l0.5 calls=1024 margin 0.51->-0.64 t=4.6s
[DONE] fit__3630__denoise__confidence_boost__nes__l0.5 calls=1021 margin 0.51->6.13 t=3.3s
[DONE] fit__3630__denoise__boundary_probe__nes__l0.5 calls=1021 margin 0.51->0.02 t=3.2s
[DONE] fit__3630__denoise__counterfactual__nes__l0.5 calls=1021 margin 0.51->-6.73 t=3.2s
[DONE] fit__3630__deblur__attack__nes__l1 calls=1021 margin 11.14->-0.65 t=2.9s
[DONE] fit__3630__deblur__restore__nes__l1 calls=1021 margin 11.14->11.27 t=3.0s
[DONE] fit__3630__deblur__random_walk__random_walk__l1 calls=1024 margin 11.14->3.53 t=4.5s
[DONE] fit__3630__deblur__confidence_boost__nes__l1 calls=1021 margin 11.14->15.05 t=3.1s
[DONE] fit__3630__deblur__boundary_probe__nes__l1 calls=1021 margin 11.14->0.03 t=3.1s
[DONE] fit__3630__deblur__counterfactual__nes__l1 calls=1021 margin 11.14->-1.62 t=3.0s
[DONE] fit__225__denoise__attack__nes__l0.5 calls=1021 margin 3.52->-4.90 t=2.9s
[DONE] fit__225__denoise__restore__nes__l0.5 calls=1021 margin 3.52->3.76 t=3.0s
[DONE] fit__225__denoise__random_walk__random_walk__l0.5 calls=1024 margin 3.52->2.20 t=4.6s
[DONE] fit__225__denoise__confidence_boost__nes__l0.5 calls=1021 margin 3.52->8.20 t=3.2s
[DONE] fit__225__denoise__boundary_probe__nes__l0.5 calls=1021 margin 3.52->0.01 t=3.1s
[DONE] fit__225__denoise__counterfactual__nes__l0.5 calls=1021 margin 3.52->-4.14 t=3.1s
[DONE] fit__225__deblur__attack__nes__l1 calls=1021 margin 3.68->-3.81 t=3.1s
[DONE] fit__225__deblur__restore__nes__l1 calls=1021 margin 3.68->4.54 t=3.2s
[DONE] fit__225__deblur__random_walk__random_walk__l1 calls=1024 margin 3.68->2.98 t=4.2s
[DONE] fit__225__deblur__confidence_boost__nes__l1 calls=1021 margin 3.68->11.60 t=3.0s
[DONE] fit__225__deblur__boundary_probe__nes__l1 calls=1021 margin 3.68->0.01 t=2.8s
[DONE] fit__225__deblur__counterfactual__nes__l1 calls=1021 margin 3.68->-4.89 t=2.9s
[DONE] fit__4656__denoise__attack__nes__l0.5 calls=1021 margin 5.78->-1.18 t=2.6s
[DONE] fit__4656__denoise__restore__nes__l0.5 calls=1021 margin 5.78->6.26 t=3.0s
[DONE] fit__4656__denoise__random_walk__random_walk__l0.5 calls=1024 margin 5.78->5.59 t=4.2s
[DONE] fit__4656__denoise__confidence_boost__nes__l0.5 calls=1021 margin 5.78->11.74 t=2.8s
[DONE] fit__4656__denoise__boundary_probe__nes__l0.5 calls=1021 margin 5.78->0.01 t=2.9s
[DONE] fit__4656__denoise__counterfactual__nes__l0.5 calls=1021 margin 5.78->-0.95 t=2.7s
[DONE] fit__4656__deblur__attack__nes__l1 calls=1021 margin 11.08->-1.01 t=2.5s
[DONE] fit__4656__deblur__restore__nes__l1 calls=1021 margin 11.08->11.13 t=2.6s
[DONE] fit__4656__deblur__random_walk__random_walk__l1 calls=1024 margin 11.08->9.52 t=3.6s
[DONE] fit__4656__deblur__confidence_boost__nes__l1 calls=1021 margin 11.08->13.22 t=2.6s
[DONE] fit__4656__deblur__boundary_probe__nes__l1 calls=1021 margin 11.08->0.02 t=2.6s
[DONE] fit__4656__deblur__counterfactual__nes__l1 calls=1021 margin 11.08->1.44 t=2.7s
