[DONE] calibration__5091__denoise__attack__nes__l0.5 calls=1021 margin 2.07->-4.17 t=3.2s
[DONE] calibration__5091__denoise__restore__nes__l0.5 calls=1021 margin 2.07->1.89 t=3.1s
[DONE] calibration__5091__denoise__random_walk__random_walk__l0.5 calls=1024 margin 2.07->2.00 t=4.6s
[DONE] calibration__5091__denoise__confidence_boost__nes__l0.5 calls=1021 margin 2.07->7.12 t=2.9s
[DONE] calibration__5091__denoise__boundary_probe__nes__l0.5 calls=1021 margin 2.07->0.00 t=3.1s
[DONE] calibration__5091__denoise__counterfactual__nes__l0.5 calls=1021 margin 2.07->-4.08 t=2.9s
[DONE] calibration__5091__deblur__attack__nes__l1 calls=1021 margin 9.20->2.37 t=3.0s
[DONE] calibration__5091__deblur__restore__nes__l1 calls=1021 margin 9.20->9.10 t=3.1s
[DONE] calibration__5091__deblur__random_walk__random_walk__l1 calls=1024 margin 9.20->7.09 t=4.7s
[DONE] calibration__5091__deblur__confidence_boost__nes__l1 calls=1021 margin 9.20->12.02 t=3.1s
[DONE] calibration__5091__deblur__boundary_probe__nes__l1 calls=1021 margin 9.20->1.80 t=3.0s
[DONE] calibration__5091__deblur__counterfactual__nes__l1 calls=1021 margin 9.20->4.29 t=2.8s
[DONE] calibration__2522__denoise__attack__nes__l0.5 calls=1021 margin 1.65->-4.54 t=3.0s
[DONE] calibration__2522__denoise__restore__nes__l0.5 calls=1021 margin 1.65->1.24 t=3.2s
[DONE] calibration__2522__denoise__random_walk__random_walk__l0.5 calls=1024 margin 1.65->0.50 t=4.4s
[DONE] calibration__2522__denoise__confidence_boost__nes__l0.5 calls=1021 margin 1.65->5.51 t=3.1s
[DONE] calibration__2522__denoise__boundary_probe__nes__l0.5 calls=1021 margin 1.65->0.01 t=3.1s
[DONE] calibration__2522__denoise__counterfactual__nes__l0.5 calls=1021 margin 1.65->-5.25 t=2.9s
[DONE] calibration__2522__deblur__attack__nes__l1 calls=1021 margin 6.83->-0.77 t=3.2s
[DONE] calibration__2522__deblur__restore__nes__l1 calls=1021 margin 6.83->6.66 t=3.1s
[DONE] calibration__2522__deblur__random_walk__random_walk__l1 calls=1024 margin 6.83->6.42 t=4.8s
[DONE] calibration__2522__deblur__confidence_boost__nes__l1 calls=1021 margin 6.83->8.71 t=3.0s
[DONE] calibration__2522__deblur__boundary_probe__nes__l1 calls=1021 margin 6.83->2.59 t=3.1s
[DONE] calibration__2522__deblur__counterfactual__nes__l1 calls=1021 margin 6.83->2.89 t=2.9s
[DONE] calibration__8744__denoise__attack__nes__l0.5 calls=1021 margin 0.68->-3.21 t=3.1s
[DONE] calibration__8744__denoise__restore__nes__l0.5 calls=1021 margin 0.68->0.72 t=3.1s
[DONE] calibration__8744__denoise__random_walk__random_walk__l0.5 calls=1024 margin 0.68->-1.10 t=4.6s
[DONE] calibration__8744__denoise__confidence_boost__nes__l0.5 calls=1021 margin 0.68->4.72 t=3.1s
[DONE] calibration__8744__denoise__boundary_probe__nes__l0.5 calls=1021 margin 0.68->0.00 t=3.0s
[DONE] calibration__8744__denoise__counterfactual__nes__l0.5 calls=1021 margin 0.68->-3.24 t=3.1s
[DONE] calibration__8744__deblur__attack__nes__l1 calls=1021 margin 3.59->-2.45 t=3.0s
[DONE] calibration__8744__deblur__restore__nes__l1 calls=1021 margin 3.59->3.39 t=3.2s
[DONE] calibration__8744__deblur__random_walk__random_walk__l1 calls=1024 margin 3.59->3.14 t=4.5s
[DONE] calibration__8744__deblur__confidence_boost__nes__l1 calls=1021 margin 3.59->7.37 t=2.6s
[DONE] calibration__8744__deblur__boundary_probe__nes__l1 calls=1021 margin 3.59->0.02 t=3.0s
[DONE] calibration__8744__deblur__counterfactual__nes__l1 calls=1021 margin 3.59->-2.39 t=2.8s
[DONE] calibration__4427__denoise__attack__nes__l0.5 calls=1021 margin 4.78->-1.70 t=2.9s
[DONE] calibration__4427__denoise__restore__nes__l0.5 calls=1021 margin 4.78->4.88 t=3.2s
[DONE] calibration__4427__denoise__random_walk__random_walk__l0.5 calls=1024 margin 4.78->4.51 t=4.5s
[DONE] calibration__4427__denoise__confidence_boost__nes__l0.5 calls=1021 margin 4.78->9.87 t=3.0s
[DONE] calibration__4427__denoise__boundary_probe__nes__l0.5 calls=1021 margin 4.78->0.01 t=3.0s
[DONE] calibration__4427__denoise__counterfactual__nes__l0.5 calls=1021 margin 4.78->-1.18 t=3.4s
[DONE] calibration__4427__deblur__attack__nes__l1 calls=1021 margin 9.76->-1.86 t=3.0s
[DONE] calibration__4427__deblur__restore__nes__l1 calls=1021 margin 9.76->10.70 t=3.2s
[DONE] calibration__4427__deblur__random_walk__random_walk__l1 calls=1024 margin 9.76->7.62 t=4.7s
[DONE] calibration__4427__deblur__confidence_boost__nes__l1 calls=1021 margin 9.76->14.60 t=3.2s
[DONE] calibration__4427__deblur__boundary_probe__nes__l1 calls=1021 margin 9.76->0.05 t=2.9s
[DONE] calibration__4427__deblur__counterfactual__nes__l1 calls=1021 margin 9.76->1.86 t=3.3s
[DONE] calibration__9681__denoise__attack__nes__l0.5 calls=1021 margin 3.54->-4.22 t=3.1s
[DONE] calibration__9681__denoise__restore__nes__l0.5 calls=1021 margin 3.54->3.72 t=3.1s
[DONE] calibration__9681__denoise__random_walk__random_walk__l0.5 calls=1024 margin 3.54->3.85 t=4.7s
[DONE] calibration__9681__denoise__confidence_boost__nes__l0.5 calls=1021 margin 3.54->10.23 t=3.2s
[DONE] calibration__9681__denoise__boundary_probe__nes__l0.5 calls=1021 margin 3.54->0.02 t=3.1s
[DONE] calibration__9681__denoise__counterfactual__nes__l0.5 calls=1021 margin 3.54->-4.04 t=2.8s
[DONE] calibration__9681__deblur__attack__nes__l1 calls=1021 margin 7.97->-6.83 t=2.9s
[DONE] calibration__9681__deblur__restore__nes__l1 calls=1021 margin 7.97->7.93 t=3.2s
[DONE] calibration__9681__deblur__random_walk__random_walk__l1 calls=1024 margin 7.97->2.91 t=4.6s
[DONE] calibration__9681__deblur__confidence_boost__nes__l1 calls=1021 margin 7.97->13.05 t=2.9s
[DONE] calibration__9681__deblur__boundary_probe__nes__l1 calls=1021 margin 7.97->0.04 t=2.9s
[DONE] calibration__9681__deblur__counterfactual__nes__l1 calls=1021 margin 7.97->-0.81 t=3.2s
[DONE] calibration__5822__denoise__attack__nes__l0.5 calls=1021 margin 4.34->-6.44 t=3.2s
[DONE] calibration__5822__denoise__restore__nes__l0.5 calls=1021 margin 4.34->4.73 t=3.2s
[DONE] calibration__5822__denoise__random_walk__random_walk__l0.5 calls=1024 margin 4.34->5.68 t=4.5s
[DONE] calibration__5822__denoise__confidence_boost__nes__l0.5 calls=1021 margin 4.34->10.02 t=3.0s
[DONE] calibration__5822__denoise__boundary_probe__nes__l0.5 calls=1021 margin 4.34->0.03 t=2.9s
[DONE] calibration__5822__denoise__counterfactual__nes__l0.5 calls=1021 margin 4.34->-6.43 t=2.9s
[DONE] calibration__5822__deblur__attack__nes__l1 calls=1021 margin 10.23->1.39 t=3.1s
[DONE] calibration__5822__deblur__restore__nes__l1 calls=1021 margin 10.23->10.49 t=3.2s
[DONE] calibration__5822__deblur__random_walk__random_walk__l1 calls=1024 margin 10.23->9.58 t=4.4s
[DONE] calibration__5822__deblur__confidence_boost__nes__l1 calls=1021 margin 10.23->13.60 t=2.9s
[DONE] calibration__5822__deblur__boundary_probe__nes__l1 calls=1021 margin 10.23->2.66 t=2.7s
[DONE] calibration__5822__deblur__counterfactual__nes__l1 calls=1021 margin 10.23->3.39 t=2.8s
[DONE] calibration__1133__denoise__attack__nes__l0.5 calls=1021 margin 0.83->-6.14 t=3.1s
[DONE] calibration__1133__denoise__restore__nes__l0.5 calls=1021 margin 0.83->1.03 t=3.0s
[DONE] calibration__1133__denoise__random_walk__random_walk__l0.5 calls=1024 margin 0.83->0.11 t=4.4s
[DONE] calibration__1133__denoise__confidence_boost__nes__l0.5 calls=1021 margin 0.83->7.40 t=2.9s
[DONE] calibration__1133__denoise__boundary_probe__nes__l0.5 calls=1021 margin 0.83->0.00 t=3.1s
[DONE] calibration__1133__denoise__counterfactual__nes__l0.5 calls=1021 margin 0.83->-5.78 t=2.9s
[DONE] calibration__1133__deblur__attack__nes__l1 calls=1021 margin 3.71->-10.63 t=3.2s
[DONE] calibration__1133__deblur__restore__nes__l1 calls=1021 margin 3.71->6.07 t=3.3s
[DONE] calibration__1133__deblur__random_walk__random_walk__l1 calls=1024 margin 3.71->6.19 t=4.5s
[DONE] calibration__1133__deblur__confidence_boost__nes__l1 calls=1021 margin 3.71->14.90 t=3.2s
[DONE] calibration__1133__deblur__boundary_probe__nes__l1 calls=1021 margin 3.71->0.03 t=3.4s
[DONE] calibration__1133__deblur__counterfactual__nes__l1 calls=1021 margin 3.71->-9.36 t=3.0s
[DONE] calibration__8753__denoise__attack__nes__l0.5 calls=1021 margin 0.51->-4.35 t=3.2s
[DONE] calibration__8753__denoise__restore__nes__l0.5 calls=1021 margin 0.51->0.38 t=3.2s
[DONE] calibration__8753__denoise__random_walk__random_walk__l0.5 calls=1024 margin 0.51->-0.39 t=4.5s
[DONE] calibration__8753__denoise__confidence_boost__nes__l0.5 calls=1021 margin 0.51->5.18 t=3.2s
[DONE] calibration__8753__denoise__boundary_probe__nes__l0.5 calls=1021 margin 0.51->0.01 t=3.1s
[DONE] calibration__8753__denoise__counterfactual__nes__l0.5 calls=1021 margin 0.51->-4.44 t=3.0s
[DONE] calibration__8753__deblur__attack__nes__l1 calls=1021 margin 3.58->-3.94 t=3.1s
[DONE] calibration__8753__deblur__restore__nes__l1 calls=1021 margin 3.58->4.28 t=3.1s
[DONE] calibration__8753__deblur__random_walk__random_walk__l1 calls=1024 margin 3.58->5.77 t=4.5s
[DONE] calibration__8753__deblur__confidence_boost__nes__l1 calls=1021 margin 3.58->8.89 t=3.1s
[DONE] calibration__8753__deblur__boundary_probe__nes__l1 calls=1021 margin 3.58->0.00 t=2.9s
[DONE] calibration__8753__deblur__counterfactual__nes__l1 calls=1021 margin 3.58->-4.06 t=3.1s
[DONE] calibration__3404__denoise__attack__nes__l0.5 calls=1021 margin 6.93->1.48 t=3.1s
[DONE] calibration__3404__denoise__restore__nes__l0.5 calls=1021 margin 6.93->6.54 t=3.1s
[DONE] calibration__3404__denoise__random_walk__random_walk__l0.5 calls=1024 margin 6.93->6.31 t=4.4s
[DONE] calibration__3404__denoise__confidence_boost__nes__l0.5 calls=1021 margin 6.93->10.73 t=2.9s
[DONE] calibration__3404__denoise__boundary_probe__nes__l0.5 calls=1021 margin 6.93->1.08 t=2.9s
[DONE] calibration__3404__denoise__counterfactual__nes__l0.5 calls=1021 margin 6.93->1.93 t=2.8s
[DONE] calibration__3404__deblur__attack__nes__l1 calls=1021 margin 9.03->3.09 t=3.1s
[DONE] calibration__3404__deblur__restore__nes__l1 calls=1021 margin 9.03->9.02 t=3.1s
[DONE] calibration__3404__deblur__random_walk__random_walk__l1 calls=1024 margin 9.03->10.61 t=4.5s
[DONE] calibration__3404__deblur__confidence_boost__nes__l1 calls=1021 margin 9.03->13.17 t=3.2s
[DONE] calibration__3404__deblur__boundary_probe__nes__l1 calls=1021 margin 9.03->2.40 t=3.2s
[DONE] calibration__3404__deblur__counterfactual__nes__l1 calls=1021 margin 9.03->3.21 t=3.2s
[DONE] calibration__9649__denoise__attack__nes__l0.5 calls=1021 margin 5.35->-2.27 t=3.1s
[DONE] calibration__9649__denoise__restore__nes__l0.5 calls=1021 margin 5.35->5.03 t=3.3s
[DONE] calibration__9649__denoise__random_walk__random_walk__l0.5 calls=1024 margin 5.35->5.34 t=4.2s
[DONE] calibration__9649__denoise__confidence_boost__nes__l0.5 calls=1021 margin 5.35->8.82 t=3.0s
[DONE] calibration__9649__denoise__boundary_probe__nes__l0.5 calls=1021 margin 5.35->0.02 t=3.1s
[DONE] calibration__9649__denoise__counterfactual__nes__l0.5 calls=1021 margin 5.35->-1.58 t=2.9s
[DONE] calibration__9649__deblur__attack__nes__l1 calls=1021 margin 9.35->4.57 t=3.2s
[DONE] calibration__9649__deblur__restore__nes__l1 calls=1021 margin 9.35->10.61 t=3.2s
[DONE] calibration__9649__deblur__random_walk__random_walk__l1 calls=1024 margin 9.35->8.34 t=4.6s
[DONE] calibration__9649__deblur__confidence_boost__nes__l1 calls=1021 margin 9.35->13.33 t=3.2s
[DONE] calibration__9649__deblur__boundary_probe__nes__l1 calls=1021 margin 9.35->4.14 t=3.2s
[DONE] calibration__9649__deblur__counterfactual__nes__l1 calls=1021 margin 9.35->3.35 t=3.1s
[DONE] calibration__6019__denoise__attack__nes__l0.5 calls=1021 margin 13.17->10.37 t=3.0s
[DONE] calibration__6019__denoise__restore__nes__l0.5 calls=1021 margin 13.17->13.32 t=3.2s
[DONE] calibration__6019__denoise__random_walk__random_walk__l0.5 calls=1024 margin 13.17->13.18 t=4.4s
[DONE] calibration__6019__denoise__confidence_boost__nes__l0.5 calls=1021 margin 13.17->13.93 t=2.9s
[DONE] calibration__6019__denoise__boundary_probe__nes__l0.5 calls=1021 margin 13.17->9.72 t=3.0s
[DONE] calibration__6019__denoise__counterfactual__nes__l0.5 calls=1021 margin 13.17->9.90 t=3.2s
[DONE] calibration__6019__deblur__attack__nes__l1 calls=1021 margin 12.89->6.74 t=3.0s
[DONE] calibration__6019__deblur__restore__nes__l1 calls=1021 margin 12.89->13.80 t=3.1s
[DONE] calibration__6019__deblur__random_walk__random_walk__l1 calls=1024 margin 12.89->13.05 t=4.4s
[DONE] calibration__6019__deblur__confidence_boost__nes__l1 calls=1021 margin 12.89->14.58 t=2.9s
[DONE] calibration__6019__deblur__boundary_probe__nes__l1 calls=1021 margin 12.89->5.82 t=3.1s
[DONE] calibration__6019__deblur__counterfactual__nes__l1 calls=1021 margin 12.89->6.16 t=2.8s
[DONE] calibration__2788__denoise__attack__nes__l0.5 calls=1021 margin 0.86->-3.69 t=2.8s
[DONE] calibration__2788__denoise__restore__nes__l0.5 calls=1021 margin 0.86->0.62 t=3.3s
[DONE] calibration__2788__denoise__random_walk__random_walk__l0.5 calls=1024 margin 0.86->-0.43 t=4.5s
[DONE] calibration__2788__denoise__confidence_boost__nes__l0.5 calls=1021 margin 0.86->5.58 t=3.3s
[DONE] calibration__2788__denoise__boundary_probe__nes__l0.5 calls=1021 margin 0.86->0.00 t=3.0s
[DONE] calibration__2788__denoise__counterfactual__nes__l0.5 calls=1021 margin 0.86->-4.11 t=3.0s
[DONE] calibration__2788__deblur__attack__nes__l1 calls=1021 margin 4.50->-9.21 t=3.2s
[DONE] calibration__2788__deblur__restore__nes__l1 calls=1021 margin 4.50->4.35 t=3.0s
[DONE] calibration__2788__deblur__random_walk__random_walk__l1 calls=1024 margin 4.50->3.35 t=4.5s
[DONE] calibration__2788__deblur__confidence_boost__nes__l1 calls=1021 margin 4.50->12.69 t=3.1s
[DONE] calibration__2788__deblur__boundary_probe__nes__l1 calls=1021 margin 4.50->0.01 t=3.0s
[DONE] calibration__2788__deblur__counterfactual__nes__l1 calls=1021 margin 4.50->-8.13 t=2.8s
[DONE] calibration__8124__denoise__attack__nes__l0.5 calls=1021 margin 2.43->-3.49 t=3.2s
[DONE] calibration__8124__denoise__restore__nes__l0.5 calls=1021 margin 2.43->1.91 t=3.0s
[DONE] calibration__8124__denoise__random_walk__random_walk__l0.5 calls=1024 margin 2.43->0.78 t=4.5s
[DONE] calibration__8124__denoise__confidence_boost__nes__l0.5 calls=1021 margin 2.43->8.13 t=2.9s
[DONE] calibration__8124__denoise__boundary_probe__nes__l0.5 calls=1021 margin 2.43->0.02 t=3.1s
[DONE] calibration__8124__denoise__counterfactual__nes__l0.5 calls=1021 margin 2.43->-3.48 t=3.2s
[DONE] calibration__8124__deblur__attack__nes__l1 calls=1021 margin 11.15->-2.04 t=3.0s
[DONE] calibration__8124__deblur__restore__nes__l1 calls=1021 margin 11.15->11.16 t=3.2s
[DONE] calibration__8124__deblur__random_walk__random_walk__l1 calls=1024 margin 11.15->5.01 t=4.4s
[DONE] calibration__8124__deblur__confidence_boost__nes__l1 calls=1021 margin 11.15->13.95 t=3.0s
[DONE] calibration__8124__deblur__boundary_probe__nes__l1 calls=1021 margin 11.15->0.02 t=3.1s
[DONE] calibration__8124__deblur__counterfactual__nes__l1 calls=1021 margin 11.15->-1.76 t=3.1s
[DONE] calibration__1691__denoise__attack__nes__l0.5 calls=1021 margin 3.78->-2.50 t=3.1s
[DONE] calibration__1691__denoise__restore__nes__l0.5 calls=1021 margin 3.78->3.16 t=3.1s
[DONE] calibration__1691__denoise__random_walk__random_walk__l0.5 calls=1024 margin 3.78->3.47 t=4.3s
[DONE] calibration__1691__denoise__confidence_boost__nes__l0.5 calls=1021 margin 3.78->8.88 t=2.8s
[DONE] calibration__1691__denoise__boundary_probe__nes__l0.5 calls=1021 margin 3.78->0.02 t=2.9s
[DONE] calibration__1691__denoise__counterfactual__nes__l0.5 calls=1021 margin 3.78->-2.62 t=3.1s
[DONE] calibration__1691__deblur__attack__nes__l1 calls=1021 margin 8.84->1.34 t=3.1s
[DONE] calibration__1691__deblur__restore__nes__l1 calls=1021 margin 8.84->8.63 t=3.0s
[DONE] calibration__1691__deblur__random_walk__random_walk__l1 calls=1024 margin 8.84->7.66 t=4.6s
[DONE] calibration__1691__deblur__confidence_boost__nes__l1 calls=1021 margin 8.84->13.60 t=3.0s
[DONE] calibration__1691__deblur__boundary_probe__nes__l1 calls=1021 margin 8.84->0.30 t=2.9s
[DONE] calibration__1691__deblur__counterfactual__nes__l1 calls=1021 margin 8.84->-0.24 t=3.1s
[DONE] calibration__8329__denoise__attack__nes__l0.5 calls=1021 margin 0.35->-4.87 t=3.1s
[DONE] calibration__8329__denoise__restore__nes__l0.5 calls=1021 margin 0.35->0.63 t=3.1s
[DONE] calibration__8329__denoise__random_walk__random_walk__l0.5 calls=1024 margin 0.35->1.68 t=4.2s
[DONE] calibration__8329__denoise__confidence_boost__nes__l0.5 calls=1021 margin 0.35->6.02 t=2.9s
[DONE] calibration__8329__denoise__boundary_probe__nes__l0.5 calls=1021 margin 0.35->0.02 t=3.1s
[DONE] calibration__8329__denoise__counterfactual__nes__l0.5 calls=1021 margin 0.35->-4.63 t=3.1s
[DONE] calibration__8329__deblur__attack__nes__l1 calls=1021 margin 8.29->2.52 t=2.9s
[DONE] calibration__8329__deblur__restore__nes__l1 calls=1021 margin 8.29->8.59 t=2.9s
[DONE] calibration__8329__deblur__random_walk__random_walk__l1 calls=1024 margin 8.29->8.44 t=4.4s
[DONE] calibration__8329__deblur__confidence_boost__nes__l1 calls=1021 margin 8.29->13.56 t=3.0s
[DONE] calibration__8329__deblur__boundary_probe__nes__l1 calls=1021 margin 8.29->1.77 t=3.1s
[DONE] calibration__8329__deblur__counterfactual__nes__l1 calls=1021 margin 8.29->1.14 t=3.1s
[DONE] calibration__4518__denoise__attack__nes__l0.5 calls=1021 margin 12.91->9.89 t=3.1s
[DONE] calibration__4518__denoise__restore__nes__l0.5 calls=1021 margin 12.91->12.92 t=3.2s
[DONE] calibration__4518__denoise__random_walk__random_walk__l0.5 calls=1024 margin 12.91->12.50 t=4.3s
[DONE] calibration__4518__denoise__confidence_boost__nes__l0.5 calls=1021 margin 12.91->14.04 t=3.0s
[DONE] calibration__4518__denoise__boundary_probe__nes__l0.5 calls=1021 margin 12.91->9.51 t=3.0s
[DONE] calibration__4518__denoise__counterfactual__nes__l0.5 calls=1021 margin 12.91->9.57 t=3.4s
[DONE] calibration__4518__deblur__attack__nes__l1 calls=1021 margin 14.73->14.73 t=3.2s
[DONE] calibration__4518__deblur__restore__nes__l1 calls=1021 margin 14.73->14.45 t=3.1s
[DONE] calibration__4518__deblur__random_walk__random_walk__l1 calls=1024 margin 14.73->14.25 t=4.1s
[DONE] calibration__4518__deblur__confidence_boost__nes__l1 calls=1021 margin 14.73->14.73 t=2.9s
[DONE] calibration__4518__deblur__boundary_probe__nes__l1 calls=1021 margin 14.73->11.01 t=3.2s
[DONE] calibration__4518__deblur__counterfactual__nes__l1 calls=1021 margin 14.73->11.21 t=3.0s
[DONE] evaluation__1266__denoise__attack__nes__l0.5 calls=1021 margin 6.98->2.73 t=2.9s
[DONE] evaluation__1266__denoise__restore__nes__l0.5 calls=1021 margin 6.98->7.14 t=3.1s
[DONE] evaluation__1266__denoise__random_walk__random_walk__l0.5 calls=1024 margin 6.98->7.66 t=4.1s
[DONE] evaluation__1266__denoise__confidence_boost__nes__l0.5 calls=1021 margin 6.98->10.78 t=3.1s
[DONE] evaluation__1266__denoise__boundary_probe__nes__l0.5 calls=1021 margin 6.98->2.21 t=2.8s
[DONE] evaluation__1266__denoise__counterfactual__nes__l0.5 calls=1021 margin 6.98->2.41 t=3.0s
[DONE] evaluation__1266__deblur__attack__nes__l1 calls=1021 margin 10.32->1.16 t=3.1s
[DONE] evaluation__1266__deblur__restore__nes__l1 calls=1021 margin 10.32->10.13 t=3.1s
[DONE] evaluation__1266__deblur__random_walk__random_walk__l1 calls=1024 margin 10.32->7.92 t=4.1s
[DONE] evaluation__1266__deblur__confidence_boost__nes__l1 calls=1021 margin 10.32->14.09 t=2.9s
[DONE] evaluation__1266__deblur__boundary_probe__nes__l1 calls=1021 margin 10.32->1.08 t=2.9s
[DONE] evaluation__1266__deblur__counterfactual__nes__l1 calls=1021 margin 10.32->1.19 t=3.0s
[DONE] evaluation__5703__denoise__attack__nes__l0.5 calls=1021 margin 3.25->-3.73 t=3.0s
[DONE] evaluation__5703__denoise__restore__nes__l0.5 calls=1021 margin 3.25->3.50 t=3.0s
[DONE] evaluation__5703__denoise__random_walk__random_walk__l0.5 calls=1024 margin 3.25->3.09 t=4.2s
[DONE] evaluation__5703__denoise__confidence_boost__nes__l0.5 calls=1021 margin 3.25->9.06 t=3.0s
[DONE] evaluation__5703__denoise__boundary_probe__nes__l0.5 calls=1021 margin 3.25->0.00 t=3.1s
[DONE] evaluation__5703__denoise__counterfactual__nes__l0.5 calls=1021 margin 3.25->-4.19 t=3.0s
[DONE] evaluation__5703__deblur__attack__nes__l1 calls=1021 margin 0.38->-10.46 t=3.2s
[DONE] evaluation__5703__deblur__restore__nes__l1 calls=1021 margin 0.38->0.11 t=3.3s
[DONE] evaluation__5703__deblur__random_walk__random_walk__l1 calls=1024 margin 0.38->-2.68 t=4.3s
[DONE] evaluation__5703__deblur__confidence_boost__nes__l1 calls=1021 margin 0.38->8.65 t=3.3s
[DONE] evaluation__5703__deblur__boundary_probe__nes__l1 calls=1021 margin 0.38->0.03 t=3.0s
[DONE] evaluation__5703__deblur__counterfactual__nes__l1 calls=1021 margin 0.38->-8.94 t=3.3s
[DONE] evaluation__8812__denoise__attack__nes__l0.5 calls=1021 margin 2.20->-6.09 t=3.2s
[DONE] evaluation__8812__denoise__restore__nes__l0.5 calls=1021 margin 2.20->1.59 t=3.2s
[DONE] evaluation__8812__denoise__random_walk__random_walk__l0.5 calls=1024 margin 2.20->3.33 t=4.4s
[DONE] evaluation__8812__denoise__confidence_boost__nes__l0.5 calls=1021 margin 2.20->8.08 t=3.0s
[DONE] evaluation__8812__denoise__boundary_probe__nes__l0.5 calls=1021 margin 2.20->0.00 t=2.9s
[DONE] evaluation__8812__denoise__counterfactual__nes__l0.5 calls=1021 margin 2.20->-5.40 t=3.3s
[DONE] evaluation__8812__deblur__attack__nes__l1 calls=1021 margin 8.79->-0.93 t=3.0s
[DONE] evaluation__8812__deblur__restore__nes__l1 calls=1021 margin 8.79->10.23 t=3.2s
[DONE] evaluation__8812__deblur__random_walk__random_walk__l1 calls=1024 margin 8.79->6.70 t=3.9s
[DONE] evaluation__8812__deblur__confidence_boost__nes__l1 calls=1021 margin 8.79->14.19 t=2.9s
[DONE] evaluation__8812__deblur__boundary_probe__nes__l1 calls=1021 margin 8.79->1.84 t=2.9s
[DONE] evaluation__8812__deblur__counterfactual__nes__l1 calls=1021 margin 8.79->1.28 t=3.2s
[DONE] evaluation__9991__denoise__attack__nes__l0.5 calls=1021 margin 3.82->-3.43 t=3.1s
[DONE] evaluation__9991__denoise__restore__nes__l0.5 calls=1021 margin 3.82->3.19 t=3.0s
[DONE] evaluation__9991__denoise__random_walk__random_walk__l0.5 calls=1024 margin 3.82->4.02 t=4.3s
[DONE] evaluation__9991__denoise__confidence_boost__nes__l0.5 calls=1021 margin 3.82->10.06 t=3.2s
[DONE] evaluation__9991__denoise__boundary_probe__nes__l0.5 calls=1021 margin 3.82->0.03 t=3.2s
[DONE] evaluation__9991__denoise__counterfactual__nes__l0.5 calls=1021 margin 3.82->-3.29 t=3.2s
[DONE] evaluation__9991__deblur__attack__nes__l1 calls=1021 margin 10.81->-0.00 t=3.0s
[DONE] evaluation__9991__deblur__restore__nes__l1 calls=1021 margin 10.81->8.83 t=2.9s
[DONE] evaluation__9991__deblur__random_walk__random_walk__l1 calls=1024 margin 10.81->5.89 t=4.4s
[DONE] evaluation__9991__deblur__confidence_boost__nes__l1 calls=1021 margin 10.81->14.38 t=2.9s
[DONE] evaluation__9991__deblur__boundary_probe__nes__l1 calls=1021 margin 10.81->0.14 t=3.0s
[DONE] evaluation__9991__deblur__counterfactual__nes__l1 calls=1021 margin 10.81->-1.61 t=3.1s
[DONE] evaluation__1904__denoise__attack__nes__l0.5 calls=1021 margin 7.80->1.88 t=2.9s
[DONE] evaluation__1904__denoise__restore__nes__l0.5 calls=1021 margin 7.80->8.18 t=3.1s
[DONE] evaluation__1904__denoise__random_walk__random_walk__l0.5 calls=1024 margin 7.80->6.96 t=4.0s
[DONE] evaluation__1904__denoise__confidence_boost__nes__l0.5 calls=1021 margin 7.80->10.99 t=3.3s
[DONE] evaluation__1904__denoise__boundary_probe__nes__l0.5 calls=1021 margin 7.80->1.63 t=3.0s
[DONE] evaluation__1904__denoise__counterfactual__nes__l0.5 calls=1021 margin 7.80->2.06 t=2.7s
[DONE] evaluation__1904__deblur__attack__nes__l1 calls=1021 margin 11.32->7.02 t=2.7s
[DONE] evaluation__1904__deblur__restore__nes__l1 calls=1021 margin 11.32->11.33 t=2.9s
[DONE] evaluation__1904__deblur__random_walk__random_walk__l1 calls=1024 margin 11.32->10.30 t=4.2s
[DONE] evaluation__1904__deblur__confidence_boost__nes__l1 calls=1021 margin 11.32->12.84 t=3.0s
[DONE] evaluation__1904__deblur__boundary_probe__nes__l1 calls=1021 margin 11.32->6.59 t=2.9s
[DONE] evaluation__1904__deblur__counterfactual__nes__l1 calls=1021 margin 11.32->6.81 t=2.9s
[DONE] evaluation__4015__denoise__attack__nes__l0.5 calls=1021 margin 9.05->2.47 t=2.9s
[DONE] evaluation__4015__denoise__restore__nes__l0.5 calls=1021 margin 9.05->9.21 t=3.2s
[DONE] evaluation__4015__denoise__random_walk__random_walk__l0.5 calls=1024 margin 9.05->7.64 t=4.2s
[DONE] evaluation__4015__denoise__confidence_boost__nes__l0.5 calls=1021 margin 9.05->12.72 t=3.0s
[DONE] evaluation__4015__denoise__boundary_probe__nes__l0.5 calls=1021 margin 9.05->2.36 t=3.1s
[DONE] evaluation__4015__denoise__counterfactual__nes__l0.5 calls=1021 margin 9.05->2.00 t=3.3s
[DONE] evaluation__4015__deblur__attack__nes__l1 calls=1021 margin 10.09->4.78 t=2.9s
[DONE] evaluation__4015__deblur__restore__nes__l1 calls=1021 margin 10.09->10.17 t=2.8s
[DONE] evaluation__4015__deblur__random_walk__random_walk__l1 calls=1024 margin 10.09->8.90 t=4.3s
[DONE] evaluation__4015__deblur__confidence_boost__nes__l1 calls=1021 margin 10.09->12.65 t=2.9s
[DONE] evaluation__4015__deblur__boundary_probe__nes__l1 calls=1021 margin 10.09->2.45 t=3.0s
[DONE] evaluation__4015__deblur__counterfactual__nes__l1 calls=1021 margin 10.09->3.43 t=3.2s
[DONE] evaluation__7555__denoise__attack__nes__l0.5 calls=1021 margin 0.31->-7.97 t=3.0s
[DONE] evaluation__7555__denoise__restore__nes__l0.5 calls=1021 margin 0.31->0.34 t=2.9s
[DONE] evaluation__7555__denoise__random_walk__random_walk__l0.5 calls=1024 margin 0.31->0.08 t=4.3s
[DONE] evaluation__7555__denoise__confidence_boost__nes__l0.5 calls=1021 margin 0.31->8.63 t=3.1s
[DONE] evaluation__7555__denoise__boundary_probe__nes__l0.5 calls=1021 margin 0.31->0.00 t=3.1s
[DONE] evaluation__7555__denoise__counterfactual__nes__l0.5 calls=1021 margin 0.31->-7.33 t=3.2s
[DONE] evaluation__7555__deblur__attack__nes__l1 calls=1021 margin 10.52->2.49 t=2.9s
[DONE] evaluation__7555__deblur__restore__nes__l1 calls=1021 margin 10.52->10.56 t=2.9s
[DONE] evaluation__7555__deblur__random_walk__random_walk__l1 calls=1024 margin 10.52->7.38 t=4.2s
[DONE] evaluation__7555__deblur__confidence_boost__nes__l1 calls=1021 margin 10.52->12.76 t=3.1s
[DONE] evaluation__7555__deblur__boundary_probe__nes__l1 calls=1021 margin 10.52->4.00 t=3.1s
[DONE] evaluation__7555__deblur__counterfactual__nes__l1 calls=1021 margin 10.52->4.99 t=3.2s
[DONE] evaluation__837__denoise__attack__nes__l0.5 calls=1021 margin 2.09->-4.30 t=3.0s
[DONE] evaluation__837__denoise__restore__nes__l0.5 calls=1021 margin 2.09->2.74 t=2.9s
[DONE] evaluation__837__denoise__random_walk__random_walk__l0.5 calls=1024 margin 2.09->1.71 t=4.2s
[DONE] evaluation__837__denoise__confidence_boost__nes__l0.5 calls=1021 margin 2.09->8.75 t=3.0s
[DONE] evaluation__837__denoise__boundary_probe__nes__l0.5 calls=1021 margin 2.09->0.00 t=3.2s
[DONE] evaluation__837__denoise__counterfactual__nes__l0.5 calls=1021 margin 2.09->-4.35 t=3.1s
[DONE] evaluation__837__deblur__attack__nes__l1 calls=1021 margin 5.44->-8.30 t=3.3s
[DONE] evaluation__837__deblur__restore__nes__l1 calls=1021 margin 5.44->7.32 t=3.1s
[DONE] evaluation__837__deblur__random_walk__random_walk__l1 calls=1024 margin 5.44->7.56 t=4.5s
[DONE] evaluation__837__deblur__confidence_boost__nes__l1 calls=1021 margin 5.44->14.47 t=2.8s
[DONE] evaluation__837__deblur__boundary_probe__nes__l1 calls=1021 margin 5.44->0.01 t=3.3s
[DONE] evaluation__837__deblur__counterfactual__nes__l1 calls=1021 margin 5.44->-7.71 t=3.2s
[DONE] evaluation__4157__denoise__attack__nes__l0.5 calls=1021 margin 6.88->-0.60 t=3.0s
[DONE] evaluation__4157__denoise__restore__nes__l0.5 calls=1021 margin 6.88->7.44 t=3.2s
[DONE] evaluation__4157__denoise__random_walk__random_walk__l0.5 calls=1024 margin 6.88->7.95 t=4.3s
[DONE] evaluation__4157__denoise__confidence_boost__nes__l0.5 calls=1021 margin 6.88->11.66 t=3.2s
[DONE] evaluation__4157__denoise__boundary_probe__nes__l0.5 calls=1021 margin 6.88->0.10 t=2.8s
[DONE] evaluation__4157__denoise__counterfactual__nes__l0.5 calls=1021 margin 6.88->-0.78 t=3.2s
[DONE] evaluation__4157__deblur__attack__nes__l1 calls=1021 margin 8.11->1.05 t=3.1s
[DONE] evaluation__4157__deblur__restore__nes__l1 calls=1021 margin 8.11->8.69 t=3.2s
[DONE] evaluation__4157__deblur__random_walk__random_walk__l1 calls=1024 margin 8.11->10.48 t=4.5s
[DONE] evaluation__4157__deblur__confidence_boost__nes__l1 calls=1021 margin 8.11->13.61 t=3.2s
[DONE] evaluation__4157__deblur__boundary_probe__nes__l1 calls=1021 margin 8.11->1.17 t=3.2s
[DONE] evaluation__4157__deblur__counterfactual__nes__l1 calls=1021 margin 8.11->1.91 t=3.0s
[DONE] evaluation__7664__denoise__attack__nes__l0.5 calls=1021 margin 7.39->-0.45 t=3.1s
[DONE] evaluation__7664__denoise__restore__nes__l0.5 calls=1021 margin 7.39->7.95 t=2.9s
[DONE] evaluation__7664__denoise__random_walk__random_walk__l0.5 calls=1024 margin 7.39->5.55 t=4.3s
[DONE] evaluation__7664__denoise__confidence_boost__nes__l0.5 calls=1021 margin 7.39->11.93 t=3.0s
[DONE] evaluation__7664__denoise__boundary_probe__nes__l0.5 calls=1021 margin 7.39->0.03 t=3.0s
[DONE] evaluation__7664__denoise__counterfactual__nes__l0.5 calls=1021 margin 7.39->-0.27 t=3.0s
[DONE] evaluation__7664__deblur__attack__nes__l1 calls=1021 margin 9.03->-5.01 t=3.2s
[DONE] evaluation__7664__deblur__restore__nes__l1 calls=1021 margin 9.03->10.78 t=3.2s
[DONE] evaluation__7664__deblur__random_walk__random_walk__l1 calls=1024 margin 9.03->10.93 t=4.5s
[DONE] evaluation__7664__deblur__confidence_boost__nes__l1 calls=1021 margin 9.03->14.70 t=3.1s
[DONE] evaluation__7664__deblur__boundary_probe__nes__l1 calls=1021 margin 9.03->0.02 t=3.2s
[DONE] evaluation__7664__deblur__counterfactual__nes__l1 calls=1021 margin 9.03->-4.81 t=3.0s
[DONE] evaluation__46__denoise__attack__nes__l0.5 calls=1021 margin 0.09->-6.78 t=3.1s
[DONE] evaluation__46__denoise__restore__nes__l0.5 calls=1021 margin 0.09->0.06 t=3.1s
[DONE] evaluation__46__denoise__random_walk__random_walk__l0.5 calls=1024 margin 0.09->0.50 t=4.4s
[DONE] evaluation__46__denoise__confidence_boost__nes__l0.5 calls=1021 margin 0.09->7.11 t=3.0s
[DONE] evaluation__46__denoise__boundary_probe__nes__l0.5 calls=1021 margin 0.09->0.03 t=2.9s
[DONE] evaluation__46__denoise__counterfactual__nes__l0.5 calls=1021 margin 0.09->-8.23 t=3.2s
[DONE] evaluation__46__deblur__attack__nes__l1 calls=1021 margin 3.75->-1.30 t=3.0s
[DONE] evaluation__46__deblur__restore__nes__l1 calls=1021 margin 3.75->4.36 t=3.1s
[DONE] evaluation__46__deblur__random_walk__random_walk__l1 calls=1024 margin 3.75->5.28 t=4.5s
[DONE] evaluation__46__deblur__confidence_boost__nes__l1 calls=1021 margin 3.75->11.58 t=3.2s
[DONE] evaluation__46__deblur__boundary_probe__nes__l1 calls=1021 margin 3.75->0.01 t=3.2s
[DONE] evaluation__46__deblur__counterfactual__nes__l1 calls=1021 margin 3.75->-1.39 t=3.0s
[DONE] evaluation__5655__denoise__attack__nes__l0.5 calls=1021 margin 3.25->-7.13 t=3.1s
[DONE] evaluation__5655__denoise__restore__nes__l0.5 calls=1021 margin 3.25->3.61 t=3.1s
[DONE] evaluation__5655__denoise__random_walk__random_walk__l0.5 calls=1024 margin 3.25->1.83 t=4.1s
[DONE] evaluation__5655__denoise__confidence_boost__nes__l0.5 calls=1021 margin 3.25->8.96 t=3.0s
[DONE] evaluation__5655__denoise__boundary_probe__nes__l0.5 calls=1021 margin 3.25->0.01 t=3.1s
[DONE] evaluation__5655__denoise__counterfactual__nes__l0.5 calls=1021 margin 3.25->-6.52 t=3.3s
[DONE] evaluation__5655__deblur__attack__nes__l1 calls=1021 margin 2.74->-4.09 t=3.0s
[DONE] evaluation__5655__deblur__restore__nes__l1 calls=1021 margin 2.74->3.14 t=3.1s
[DONE] evaluation__5655__deblur__random_walk__random_walk__l1 calls=1024 margin 2.74->3.05 t=4.2s
[DONE] evaluation__5655__deblur__confidence_boost__nes__l1 calls=1021 margin 2.74->9.47 t=3.0s
[DONE] evaluation__5655__deblur__boundary_probe__nes__l1 calls=1021 margin 2.74->0.00 t=3.3s
[DONE] evaluation__5655__deblur__counterfactual__nes__l1 calls=1021 margin 2.74->-4.08 t=3.0s
[DONE] evaluation__7489__denoise__attack__nes__l0.5 calls=1021 margin 1.37->-4.77 t=3.1s
[DONE] evaluation__7489__denoise__restore__nes__l0.5 calls=1021 margin 1.37->1.34 t=3.2s
[DONE] evaluation__7489__denoise__random_walk__random_walk__l0.5 calls=1024 margin 1.37->2.28 t=4.5s
[DONE] evaluation__7489__denoise__confidence_boost__nes__l0.5 calls=1021 margin 1.37->7.52 t=3.0s
[DONE] evaluation__7489__denoise__boundary_probe__nes__l0.5 calls=1021 margin 1.37->0.01 t=3.1s
[DONE] evaluation__7489__denoise__counterfactual__nes__l0.5 calls=1021 margin 1.37->-5.29 t=3.2s
[DONE] evaluation__7489__deblur__attack__nes__l1 calls=1021 margin 3.54->-3.10 t=3.2s
[DONE] evaluation__7489__deblur__restore__nes__l1 calls=1021 margin 3.54->4.30 t=3.3s
[DONE] evaluation__7489__deblur__random_walk__random_walk__l1 calls=1024 margin 3.54->3.28 t=4.2s
[DONE] evaluation__7489__deblur__confidence_boost__nes__l1 calls=1021 margin 3.54->8.29 t=3.1s
[DONE] evaluation__7489__deblur__boundary_probe__nes__l1 calls=1021 margin 3.54->0.01 t=3.1s
[DONE] evaluation__7489__deblur__counterfactual__nes__l1 calls=1021 margin 3.54->-3.93 t=3.3s
[DONE] evaluation__9584__denoise__attack__nes__l0.5 calls=1021 margin 3.27->-5.56 t=3.3s
[DONE] evaluation__9584__denoise__restore__nes__l0.5 calls=1021 margin 3.27->3.34 t=3.4s
[DONE] evaluation__9584__denoise__random_walk__random_walk__l0.5 calls=1024 margin 3.27->2.95 t=4.2s
[DONE] evaluation__9584__denoise__confidence_boost__nes__l0.5 calls=1021 margin 3.27->10.33 t=3.4s
[DONE] evaluation__9584__denoise__boundary_probe__nes__l0.5 calls=1021 margin 3.27->0.04 t=3.4s
[DONE] evaluation__9584__denoise__counterfactual__nes__l0.5 calls=1021 margin 3.27->-5.95 t=3.2s
[DONE] evaluation__9584__deblur__attack__nes__l1 calls=1021 margin 8.78->-2.04 t=3.3s
[DONE] evaluation__9584__deblur__restore__nes__l1 calls=1021 margin 8.78->9.74 t=3.3s
[DONE] evaluation__9584__deblur__random_walk__random_walk__l1 calls=1024 margin 8.78->9.69 t=4.3s
[DONE] evaluation__9584__deblur__confidence_boost__nes__l1 calls=1021 margin 8.78->13.73 t=3.1s
[DONE] evaluation__9584__deblur__boundary_probe__nes__l1 calls=1021 margin 8.78->0.00 t=2.9s
[DONE] evaluation__9584__deblur__counterfactual__nes__l1 calls=1021 margin 8.78->-3.87 t=3.2s
[DONE] evaluation__4099__denoise__attack__nes__l0.5 calls=1021 margin 3.57->-2.67 t=3.1s
[DONE] evaluation__4099__denoise__restore__nes__l0.5 calls=1021 margin 3.57->3.42 t=3.1s
[DONE] evaluation__4099__denoise__random_walk__random_walk__l0.5 calls=1024 margin 3.57->2.17 t=4.4s
[DONE] evaluation__4099__denoise__confidence_boost__nes__l0.5 calls=1021 margin 3.57->9.54 t=3.2s
[DONE] evaluation__4099__denoise__boundary_probe__nes__l0.5 calls=1021 margin 3.57->0.02 t=3.1s
[DONE] evaluation__4099__denoise__counterfactual__nes__l0.5 calls=1021 margin 3.57->-3.03 t=3.3s
[DONE] evaluation__4099__deblur__attack__nes__l1 calls=1021 margin 0.80->-10.12 t=3.3s
[DONE] evaluation__4099__deblur__restore__nes__l1 calls=1021 margin 0.80->0.61 t=3.5s
[DONE] evaluation__4099__deblur__random_walk__random_walk__l1 calls=1024 margin 0.80->2.08 t=4.5s
[DONE] evaluation__4099__deblur__confidence_boost__nes__l1 calls=1021 margin 0.80->11.68 t=3.3s
[DONE] evaluation__4099__deblur__boundary_probe__nes__l1 calls=1021 margin 0.80->0.00 t=3.5s
[DONE] evaluation__4099__deblur__counterfactual__nes__l1 calls=1021 margin 0.80->-9.02 t=3.3s
[DONE] evaluation__6171__denoise__attack__nes__l0.5 calls=1021 margin 3.63->-5.36 t=3.0s
[DONE] evaluation__6171__denoise__restore__nes__l0.5 calls=1021 margin 3.63->3.28 t=3.2s
[DONE] evaluation__6171__denoise__random_walk__random_walk__l0.5 calls=1024 margin 3.63->1.19 t=4.2s
[DONE] evaluation__6171__denoise__confidence_boost__nes__l0.5 calls=1021 margin 3.63->10.49 t=3.0s
[DONE] evaluation__6171__denoise__boundary_probe__nes__l0.5 calls=1021 margin 3.63->0.00 t=3.1s
[DONE] evaluation__6171__denoise__counterfactual__nes__l0.5 calls=1021 margin 3.63->-5.04 t=2.9s
[DONE] evaluation__6171__deblur__attack__nes__l1 calls=1021 margin 11.50->0.37 t=3.0s
[DONE] evaluation__6171__deblur__restore__nes__l1 calls=1021 margin 11.50->10.82 t=3.0s
[DONE] evaluation__6171__deblur__random_walk__random_walk__l1 calls=1024 margin 11.50->10.49 t=4.3s
[DONE] evaluation__6171__deblur__confidence_boost__nes__l1 calls=1021 margin 11.50->14.92 t=2.9s
[DONE] evaluation__6171__deblur__boundary_probe__nes__l1 calls=1021 margin 11.50->1.50 t=2.9s
[DONE] evaluation__6171__deblur__counterfactual__nes__l1 calls=1021 margin 11.50->0.31 t=3.0s
[DONE] evaluation__8375__denoise__attack__nes__l0.5 calls=1021 margin 3.22->-2.05 t=3.0s
[DONE] evaluation__8375__denoise__restore__nes__l0.5 calls=1021 margin 3.22->3.42 t=3.2s
[DONE] evaluation__8375__denoise__random_walk__random_walk__l0.5 calls=1024 margin 3.22->4.81 t=4.3s
[DONE] evaluation__8375__denoise__confidence_boost__nes__l0.5 calls=1021 margin 3.22->8.64 t=3.0s
[DONE] evaluation__8375__denoise__boundary_probe__nes__l0.5 calls=1021 margin 3.22->0.01 t=3.3s
[DONE] evaluation__8375__denoise__counterfactual__nes__l0.5 calls=1021 margin 3.22->-2.16 t=3.3s
[DONE] evaluation__8375__deblur__attack__nes__l1 calls=1021 margin 10.41->0.26 t=3.2s
[DONE] evaluation__8375__deblur__restore__nes__l1 calls=1021 margin 10.41->10.67 t=3.5s
[DONE] evaluation__8375__deblur__random_walk__random_walk__l1 calls=1024 margin 10.41->8.93 t=4.4s
[DONE] evaluation__8375__deblur__confidence_boost__nes__l1 calls=1021 margin 10.41->14.92 t=3.4s
[DONE] evaluation__8375__deblur__boundary_probe__nes__l1 calls=1021 margin 10.41->0.57 t=3.3s
[DONE] evaluation__8375__deblur__counterfactual__nes__l1 calls=1021 margin 10.41->0.17 t=3.4s
[DONE] evaluation__3959__denoise__attack__nes__l0.5 calls=1021 margin 3.47->-3.21 t=3.1s
[DONE] evaluation__3959__denoise__restore__nes__l0.5 calls=1021 margin 3.47->3.65 t=3.0s
[DONE] evaluation__3959__denoise__random_walk__random_walk__l0.5 calls=1024 margin 3.47->2.96 t=4.4s
[DONE] evaluation__3959__denoise__confidence_boost__nes__l0.5 calls=1021 margin 3.47->8.96 t=3.0s
[DONE] evaluation__3959__denoise__boundary_probe__nes__l0.5 calls=1021 margin 3.47->0.03 t=2.9s
[DONE] evaluation__3959__denoise__counterfactual__nes__l0.5 calls=1021 margin 3.47->-3.65 t=3.1s
[DONE] evaluation__3959__deblur__attack__nes__l1 calls=1021 margin 1.98->-6.90 t=3.0s
[DONE] evaluation__3959__deblur__restore__nes__l1 calls=1021 margin 1.98->2.70 t=3.1s
[DONE] evaluation__3959__deblur__random_walk__random_walk__l1 calls=1024 margin 1.98->3.55 t=4.4s
[DONE] evaluation__3959__deblur__confidence_boost__nes__l1 calls=1021 margin 1.98->10.54 t=3.2s
[DONE] evaluation__3959__deblur__boundary_probe__nes__l1 calls=1021 margin 1.98->0.00 t=2.8s
[DONE] evaluation__3959__deblur__counterfactual__nes__l1 calls=1021 margin 1.98->-6.73 t=3.1s
[DONE] evaluation__5178__denoise__attack__nes__l0.5 calls=1021 margin 3.81->-0.24 t=3.0s
[DONE] evaluation__5178__denoise__restore__nes__l0.5 calls=1021 margin 3.81->3.73 t=3.1s
[DONE] evaluation__5178__denoise__random_walk__random_walk__l0.5 calls=1024 margin 3.81->3.40 t=4.7s
[DONE] evaluation__5178__denoise__confidence_boost__nes__l0.5 calls=1021 margin 3.81->6.86 t=3.0s
[DONE] evaluation__5178__denoise__boundary_probe__nes__l0.5 calls=1021 margin 3.81->0.03 t=3.0s
[DONE] evaluation__5178__denoise__counterfactual__nes__l0.5 calls=1021 margin 3.81->-0.63 t=3.2s
[DONE] evaluation__5178__deblur__attack__nes__l1 calls=1021 margin 1.91->-2.49 t=3.2s
[DONE] evaluation__5178__deblur__restore__nes__l1 calls=1021 margin 1.91->3.81 t=3.5s
[DONE] evaluation__5178__deblur__random_walk__random_walk__l1 calls=1024 margin 1.91->4.32 t=4.2s
[DONE] evaluation__5178__deblur__confidence_boost__nes__l1 calls=1021 margin 1.91->8.93 t=3.3s
[DONE] evaluation__5178__deblur__boundary_probe__nes__l1 calls=1021 margin 1.91->0.00 t=3.0s
[DONE] evaluation__5178__deblur__counterfactual__nes__l1 calls=1021 margin 1.91->-2.99 t=3.1s
[DONE] evaluation__8697__denoise__attack__nes__l0.5 calls=1021 margin 4.08->-0.72 t=3.3s
[DONE] evaluation__8697__denoise__restore__nes__l0.5 calls=1021 margin 4.08->4.08 t=3.3s
[DONE] evaluation__8697__denoise__random_walk__random_walk__l0.5 calls=1024 margin 4.08->3.95 t=4.3s
[DONE] evaluation__8697__denoise__confidence_boost__nes__l0.5 calls=1021 margin 4.08->7.61 t=3.0s
[DONE] evaluation__8697__denoise__boundary_probe__nes__l0.5 calls=1021 margin 4.08->0.00 t=2.9s
[DONE] evaluation__8697__denoise__counterfactual__nes__l0.5 calls=1021 margin 4.08->-1.87 t=3.1s
[DONE] evaluation__8697__deblur__attack__nes__l1 calls=1021 margin 10.82->5.83 t=3.2s
[DONE] evaluation__8697__deblur__restore__nes__l1 calls=1021 margin 10.82->11.08 t=3.2s
[DONE] evaluation__8697__deblur__random_walk__random_walk__l1 calls=1024 margin 10.82->9.31 t=4.6s
[DONE] evaluation__8697__deblur__confidence_boost__nes__l1 calls=1021 margin 10.82->13.37 t=3.3s
[DONE] evaluation__8697__deblur__boundary_probe__nes__l1 calls=1021 margin 10.82->5.31 t=2.9s
[DONE] evaluation__8697__deblur__counterfactual__nes__l1 calls=1021 margin 10.82->6.53 t=3.2s
[DONE] evaluation__93__denoise__attack__nes__l0.5 calls=1021 margin 10.82->6.21 t=3.1s
[DONE] evaluation__93__denoise__restore__nes__l0.5 calls=1021 margin 10.82->11.17 t=3.1s
[DONE] evaluation__93__denoise__random_walk__random_walk__l0.5 calls=1024 margin 10.82->10.10 t=4.5s
[DONE] evaluation__93__denoise__confidence_boost__nes__l0.5 calls=1021 margin 10.82->13.35 t=3.2s
[DONE] evaluation__93__denoise__boundary_probe__nes__l0.5 calls=1021 margin 10.82->6.17 t=3.3s
[DONE] evaluation__93__denoise__counterfactual__nes__l0.5 calls=1021 margin 10.82->6.21 t=3.1s
[DONE] evaluation__93__deblur__attack__nes__l1 calls=1021 margin 12.94->6.93 t=3.1s
[DONE] evaluation__93__deblur__restore__nes__l1 calls=1021 margin 12.94->13.30 t=3.0s
[DONE] evaluation__93__deblur__random_walk__random_walk__l1 calls=1024 margin 12.94->12.67 t=4.3s
[DONE] evaluation__93__deblur__confidence_boost__nes__l1 calls=1021 margin 12.94->14.62 t=3.4s
[DONE] evaluation__93__deblur__boundary_probe__nes__l1 calls=1021 margin 12.94->6.68 t=2.8s
[DONE] evaluation__93__deblur__counterfactual__nes__l1 calls=1021 margin 12.94->6.71 t=3.1s
[DONE] evaluation__2666__denoise__attack__nes__l0.5 calls=1021 margin 7.70->0.05 t=2.9s
[DONE] evaluation__2666__denoise__restore__nes__l0.5 calls=1021 margin 7.70->7.52 t=3.0s
[DONE] evaluation__2666__denoise__random_walk__random_walk__l0.5 calls=1024 margin 7.70->8.34 t=4.5s
[DONE] evaluation__2666__denoise__confidence_boost__nes__l0.5 calls=1021 margin 7.70->12.61 t=3.2s
[DONE] evaluation__2666__denoise__boundary_probe__nes__l0.5 calls=1021 margin 7.70->0.27 t=3.2s
[DONE] evaluation__2666__denoise__counterfactual__nes__l0.5 calls=1021 margin 7.70->1.45 t=2.9s
[DONE] evaluation__2666__deblur__attack__nes__l1 calls=1021 margin 1.44->-10.08 t=3.2s
[DONE] evaluation__2666__deblur__restore__nes__l1 calls=1021 margin 1.44->3.06 t=2.9s
[DONE] evaluation__2666__deblur__random_walk__random_walk__l1 calls=1024 margin 1.44->3.75 t=4.0s
[DONE] evaluation__2666__deblur__confidence_boost__nes__l1 calls=1021 margin 1.44->12.69 t=3.1s
[DONE] evaluation__2666__deblur__boundary_probe__nes__l1 calls=1021 margin 1.44->0.00 t=2.8s
[DONE] evaluation__2666__deblur__counterfactual__nes__l1 calls=1021 margin 1.44->-8.95 t=2.9s
[DONE] evaluation__6255__denoise__attack__nes__l0.5 calls=1021 margin 4.52->-3.88 t=3.1s
[DONE] evaluation__6255__denoise__restore__nes__l0.5 calls=1021 margin 4.52->3.68 t=3.0s
[DONE] evaluation__6255__denoise__random_walk__random_walk__l0.5 calls=1024 margin 4.52->3.46 t=4.4s
[DONE] evaluation__6255__denoise__confidence_boost__nes__l0.5 calls=1021 margin 4.52->10.24 t=3.2s
[DONE] evaluation__6255__denoise__boundary_probe__nes__l0.5 calls=1021 margin 4.52->0.01 t=3.2s
[DONE] evaluation__6255__denoise__counterfactual__nes__l0.5 calls=1021 margin 4.52->-4.58 t=3.1s
[DONE] evaluation__6255__deblur__attack__nes__l1 calls=1021 margin 1.81->-9.18 t=3.2s
[DONE] evaluation__6255__deblur__restore__nes__l1 calls=1021 margin 1.81->1.75 t=3.0s
[DONE] evaluation__6255__deblur__random_walk__random_walk__l1 calls=1024 margin 1.81->1.17 t=4.3s
[DONE] evaluation__6255__deblur__confidence_boost__nes__l1 calls=1021 margin 1.81->10.26 t=3.2s
[DONE] evaluation__6255__deblur__boundary_probe__nes__l1 calls=1021 margin 1.81->0.01 t=3.2s
[DONE] evaluation__6255__deblur__counterfactual__nes__l1 calls=1021 margin 1.81->-8.53 t=3.2s
[DONE] evaluation__8948__denoise__attack__nes__l0.5 calls=1021 margin 7.73->2.26 t=3.1s
[DONE] evaluation__8948__denoise__restore__nes__l0.5 calls=1021 margin 7.73->7.38 t=3.2s
[DONE] evaluation__8948__denoise__random_walk__random_walk__l0.5 calls=1024 margin 7.73->8.47 t=4.2s
[DONE] evaluation__8948__denoise__confidence_boost__nes__l0.5 calls=1021 margin 7.73->11.19 t=3.2s
[DONE] evaluation__8948__denoise__boundary_probe__nes__l0.5 calls=1021 margin 7.73->1.79 t=2.9s
[DONE] evaluation__8948__denoise__counterfactual__nes__l0.5 calls=1021 margin 7.73->2.05 t=3.0s
[DONE] evaluation__8948__deblur__attack__nes__l1 calls=1021 margin 3.38->-4.34 t=2.9s
[DONE] evaluation__8948__deblur__restore__nes__l1 calls=1021 margin 3.38->4.54 t=2.9s
[DONE] evaluation__8948__deblur__random_walk__random_walk__l1 calls=1024 margin 3.38->4.95 t=4.1s
[DONE] evaluation__8948__deblur__confidence_boost__nes__l1 calls=1021 margin 3.38->9.97 t=3.3s
[DONE] evaluation__8948__deblur__boundary_probe__nes__l1 calls=1021 margin 3.38->0.00 t=3.2s
[DONE] evaluation__8948__deblur__counterfactual__nes__l1 calls=1021 margin 3.38->-5.09 t=3.1s
[DONE] evaluation__3232__denoise__attack__nes__l0.5 calls=1021 margin 0.95->-5.09 t=3.0s
[DONE] evaluation__3232__denoise__restore__nes__l0.5 calls=1021 margin 0.95->0.90 t=2.9s
[DONE] evaluation__3232__denoise__random_walk__random_walk__l0.5 calls=1024 margin 0.95->1.63 t=4.3s
[DONE] evaluation__3232__denoise__confidence_boost__nes__l0.5 calls=1021 margin 0.95->6.27 t=2.9s
[DONE] evaluation__3232__denoise__boundary_probe__nes__l0.5 calls=1021 margin 0.95->0.00 t=3.1s
[DONE] evaluation__3232__denoise__counterfactual__nes__l0.5 calls=1021 margin 0.95->-5.18 t=3.0s
[DONE] evaluation__3232__deblur__attack__nes__l1 calls=1021 margin 2.75->-6.19 t=3.1s
[DONE] evaluation__3232__deblur__restore__nes__l1 calls=1021 margin 2.75->2.72 t=3.2s
[DONE] evaluation__3232__deblur__random_walk__random_walk__l1 calls=1024 margin 2.75->2.70 t=4.1s
[DONE] evaluation__3232__deblur__confidence_boost__nes__l1 calls=1021 margin 2.75->8.71 t=3.0s
[DONE] evaluation__3232__deblur__boundary_probe__nes__l1 calls=1021 margin 2.75->0.01 t=3.0s
[DONE] evaluation__3232__deblur__counterfactual__nes__l1 calls=1021 margin 2.75->-5.78 t=2.9s
[DONE] evaluation__5929__denoise__attack__nes__l0.5 calls=1021 margin 0.10->-6.24 t=3.1s
[DONE] evaluation__5929__denoise__restore__nes__l0.5 calls=1021 margin 0.10->0.04 t=2.9s
[DONE] evaluation__5929__denoise__random_walk__random_walk__l0.5 calls=1024 margin 0.10->-0.64 t=4.3s
[DONE] evaluation__5929__denoise__confidence_boost__nes__l0.5 calls=1021 margin 0.10->5.31 t=3.2s
[DONE] evaluation__5929__denoise__boundary_probe__nes__l0.5 calls=1021 margin 0.10->0.04 t=3.2s
[DONE] evaluation__5929__denoise__counterfactual__nes__l0.5 calls=1021 margin 0.10->-3.64 t=3.1s
[DONE] evaluation__5929__deblur__attack__nes__l1 calls=1021 margin 2.67->-6.85 t=3.2s
[DONE] evaluation__5929__deblur__restore__nes__l1 calls=1021 margin 2.67->1.26 t=3.0s
[DONE] evaluation__5929__deblur__random_walk__random_walk__l1 calls=1024 margin 2.67->-0.39 t=4.4s
[DONE] evaluation__5929__deblur__confidence_boost__nes__l1 calls=1021 margin 2.67->9.97 t=3.1s
[DONE] evaluation__5929__deblur__boundary_probe__nes__l1 calls=1021 margin 2.67->0.03 t=3.0s
[DONE] evaluation__5929__deblur__counterfactual__nes__l1 calls=1021 margin 2.67->-6.39 t=3.0s
[DONE] evaluation__8793__denoise__attack__nes__l0.5 calls=1021 margin 8.74->2.85 t=3.0s
[DONE] evaluation__8793__denoise__restore__nes__l0.5 calls=1021 margin 8.74->8.61 t=3.2s
[DONE] evaluation__8793__denoise__random_walk__random_walk__l0.5 calls=1024 margin 8.74->8.84 t=4.3s
[DONE] evaluation__8793__denoise__confidence_boost__nes__l0.5 calls=1021 margin 8.74->12.84 t=3.1s
[DONE] evaluation__8793__denoise__boundary_probe__nes__l0.5 calls=1021 margin 8.74->2.67 t=2.8s
[DONE] evaluation__8793__denoise__counterfactual__nes__l0.5 calls=1021 margin 8.74->2.97 t=2.8s
[DONE] evaluation__8793__deblur__attack__nes__l1 calls=1021 margin 7.38->-0.44 t=3.2s
[DONE] evaluation__8793__deblur__restore__nes__l1 calls=1021 margin 7.38->7.48 t=3.1s
[DONE] evaluation__8793__deblur__random_walk__random_walk__l1 calls=1024 margin 7.38->7.35 t=4.6s
[DONE] evaluation__8793__deblur__confidence_boost__nes__l1 calls=1021 margin 7.38->13.95 t=3.4s
[DONE] evaluation__8793__deblur__boundary_probe__nes__l1 calls=1021 margin 7.38->0.03 t=3.1s
[DONE] evaluation__8793__deblur__counterfactual__nes__l1 calls=1021 margin 7.38->-1.51 t=2.9s
[DONE] evaluation__1510__denoise__attack__nes__l0.5 calls=1021 margin 2.28->-4.37 t=2.8s
[DONE] evaluation__1510__denoise__restore__nes__l0.5 calls=1021 margin 2.28->2.47 t=3.2s
[DONE] evaluation__1510__denoise__random_walk__random_walk__l0.5 calls=1024 margin 2.28->1.16 t=4.2s
[DONE] evaluation__1510__denoise__confidence_boost__nes__l0.5 calls=1021 margin 2.28->7.83 t=3.1s
[DONE] evaluation__1510__denoise__boundary_probe__nes__l0.5 calls=1021 margin 2.28->0.01 t=3.1s
[DONE] evaluation__1510__denoise__counterfactual__nes__l0.5 calls=1021 margin 2.28->-3.99 t=3.0s
[DONE] evaluation__1510__deblur__attack__nes__l1 calls=1021 margin 4.48->-2.28 t=3.2s
[DONE] evaluation__1510__deblur__restore__nes__l1 calls=1021 margin 4.48->6.63 t=3.3s
[DONE] evaluation__1510__deblur__random_walk__random_walk__l1 calls=1024 margin 4.48->5.41 t=4.5s
[DONE] evaluation__1510__deblur__confidence_boost__nes__l1 calls=1021 margin 4.48->12.17 t=3.0s
[DONE] evaluation__1510__deblur__boundary_probe__nes__l1 calls=1021 margin 4.48->0.00 t=3.3s
[DONE] evaluation__1510__deblur__counterfactual__nes__l1 calls=1021 margin 4.48->-2.65 t=3.0s
[DONE] evaluation__4769__denoise__attack__nes__l0.5 calls=1021 margin 1.76->-5.25 t=3.1s
[DONE] evaluation__4769__denoise__restore__nes__l0.5 calls=1021 margin 1.76->1.54 t=3.3s
[DONE] evaluation__4769__denoise__random_walk__random_walk__l0.5 calls=1024 margin 1.76->2.46 t=4.3s
[DONE] evaluation__4769__denoise__confidence_boost__nes__l0.5 calls=1021 margin 1.76->8.14 t=3.3s
[DONE] evaluation__4769__denoise__boundary_probe__nes__l0.5 calls=1021 margin 1.76->0.01 t=3.0s
[DONE] evaluation__4769__denoise__counterfactual__nes__l0.5 calls=1021 margin 1.76->-5.28 t=3.1s
[DONE] evaluation__4769__deblur__attack__nes__l1 calls=1021 margin 8.92->-6.36 t=3.2s
[DONE] evaluation__4769__deblur__restore__nes__l1 calls=1021 margin 8.92->9.16 t=2.8s
[DONE] evaluation__4769__deblur__random_walk__random_walk__l1 calls=1024 margin 8.92->5.69 t=4.2s
[DONE] evaluation__4769__deblur__confidence_boost__nes__l1 calls=1021 margin 8.92->14.21 t=3.0s
[DONE] evaluation__4769__deblur__boundary_probe__nes__l1 calls=1021 margin 8.92->0.04 t=3.1s
[DONE] evaluation__4769__deblur__counterfactual__nes__l1 calls=1021 margin 8.92->-1.42 t=3.2s
[DONE] evaluation__8875__denoise__attack__nes__l0.5 calls=1021 margin 10.24->6.81 t=2.9s
[DONE] evaluation__8875__denoise__restore__nes__l0.5 calls=1021 margin 10.24->10.30 t=3.2s
[DONE] evaluation__8875__denoise__random_walk__random_walk__l0.5 calls=1024 margin 10.24->10.19 t=4.2s
[DONE] evaluation__8875__denoise__confidence_boost__nes__l0.5 calls=1021 margin 10.24->11.59 t=3.0s
[DONE] evaluation__8875__denoise__boundary_probe__nes__l0.5 calls=1021 margin 10.24->6.65 t=3.0s
[DONE] evaluation__8875__denoise__counterfactual__nes__l0.5 calls=1021 margin 10.24->7.89 t=3.0s
[DONE] evaluation__8875__deblur__attack__nes__l1 calls=1021 margin 9.15->6.06 t=3.0s
[DONE] evaluation__8875__deblur__restore__nes__l1 calls=1021 margin 9.15->9.20 t=3.1s
[DONE] evaluation__8875__deblur__random_walk__random_walk__l1 calls=1024 margin 9.15->8.83 t=4.4s
[DONE] evaluation__8875__deblur__confidence_boost__nes__l1 calls=1021 margin 9.15->11.48 t=3.2s
[DONE] evaluation__8875__deblur__boundary_probe__nes__l1 calls=1021 margin 9.15->5.71 t=3.0s
[DONE] evaluation__8875__deblur__counterfactual__nes__l1 calls=1021 margin 9.15->5.53 t=2.9s
[DONE] evaluation__1060__denoise__attack__nes__l0.5 calls=1021 margin 8.93->3.87 t=3.1s
[DONE] evaluation__1060__denoise__restore__nes__l0.5 calls=1021 margin 8.93->9.05 t=3.0s
[DONE] evaluation__1060__denoise__random_walk__random_walk__l0.5 calls=1024 margin 8.93->8.60 t=4.2s
[DONE] evaluation__1060__denoise__confidence_boost__nes__l0.5 calls=1021 margin 8.93->11.81 t=3.2s
[DONE] evaluation__1060__denoise__boundary_probe__nes__l0.5 calls=1021 margin 8.93->3.47 t=2.9s
[DONE] evaluation__1060__denoise__counterfactual__nes__l0.5 calls=1021 margin 8.93->5.17 t=3.0s
[DONE] evaluation__1060__deblur__attack__nes__l1 calls=1021 margin 10.47->6.43 t=3.0s
[DONE] evaluation__1060__deblur__restore__nes__l1 calls=1021 margin 10.47->10.76 t=3.2s
[DONE] evaluation__1060__deblur__random_walk__random_walk__l1 calls=1024 margin 10.47->11.05 t=4.2s
[DONE] evaluation__1060__deblur__confidence_boost__nes__l1 calls=1021 margin 10.47->13.93 t=3.0s
[DONE] evaluation__1060__deblur__boundary_probe__nes__l1 calls=1021 margin 10.47->5.63 t=3.1s
[DONE] evaluation__1060__deblur__counterfactual__nes__l1 calls=1021 margin 10.47->5.62 t=3.3s
[DONE] evaluation__3225__denoise__attack__nes__l0.5 calls=1021 margin 8.23->1.48 t=3.3s
[DONE] evaluation__3225__denoise__restore__nes__l0.5 calls=1021 margin 8.23->8.12 t=3.1s
[DONE] evaluation__3225__denoise__random_walk__random_walk__l0.5 calls=1024 margin 8.23->8.11 t=4.3s
[DONE] evaluation__3225__denoise__confidence_boost__nes__l0.5 calls=1021 margin 8.23->11.61 t=3.0s
[DONE] evaluation__3225__denoise__boundary_probe__nes__l0.5 calls=1021 margin 8.23->2.24 t=2.9s
[DONE] evaluation__3225__denoise__counterfactual__nes__l0.5 calls=1021 margin 8.23->2.77 t=2.9s
[DONE] evaluation__3225__deblur__attack__nes__l1 calls=1021 margin 12.40->4.61 t=3.0s
[DONE] evaluation__3225__deblur__restore__nes__l1 calls=1021 margin 12.40->12.46 t=3.1s
[DONE] evaluation__3225__deblur__random_walk__random_walk__l1 calls=1024 margin 12.40->12.31 t=4.4s
[DONE] evaluation__3225__deblur__confidence_boost__nes__l1 calls=1021 margin 12.40->13.94 t=3.1s
[DONE] evaluation__3225__deblur__boundary_probe__nes__l1 calls=1021 margin 12.40->5.38 t=3.1s
[DONE] evaluation__3225__deblur__counterfactual__nes__l1 calls=1021 margin 12.40->4.82 t=2.6s
[DONE] evaluation__5400__denoise__attack__nes__l0.5 calls=1021 margin 6.89->2.76 t=3.1s
[DONE] evaluation__5400__denoise__restore__nes__l0.5 calls=1021 margin 6.89->6.88 t=3.3s
[DONE] evaluation__5400__denoise__random_walk__random_walk__l0.5 calls=1024 margin 6.89->6.24 t=4.2s
[DONE] evaluation__5400__denoise__confidence_boost__nes__l0.5 calls=1021 margin 6.89->9.74 t=3.0s
[DONE] evaluation__5400__denoise__boundary_probe__nes__l0.5 calls=1021 margin 6.89->2.85 t=3.1s
[DONE] evaluation__5400__denoise__counterfactual__nes__l0.5 calls=1021 margin 6.89->3.28 t=3.2s
[DONE] evaluation__5400__deblur__attack__nes__l1 calls=1021 margin 8.33->2.71 t=3.0s
[DONE] evaluation__5400__deblur__restore__nes__l1 calls=1021 margin 8.33->8.65 t=3.1s
[DONE] evaluation__5400__deblur__random_walk__random_walk__l1 calls=1024 margin 8.33->8.32 t=4.4s
[DONE] evaluation__5400__deblur__confidence_boost__nes__l1 calls=1021 margin 8.33->12.23 t=3.0s
[DONE] evaluation__5400__deblur__boundary_probe__nes__l1 calls=1021 margin 8.33->2.38 t=2.8s
[DONE] evaluation__5400__deblur__counterfactual__nes__l1 calls=1021 margin 8.33->2.46 t=2.7s
[DONE] evaluation__9249__denoise__attack__nes__l0.5 calls=1021 margin 3.20->-2.94 t=2.8s
[DONE] evaluation__9249__denoise__restore__nes__l0.5 calls=1021 margin 3.20->2.87 t=3.0s
[DONE] evaluation__9249__denoise__random_walk__random_walk__l0.5 calls=1024 margin 3.20->3.23 t=4.3s
[DONE] evaluation__9249__denoise__confidence_boost__nes__l0.5 calls=1021 margin 3.20->7.79 t=3.4s
[DONE] evaluation__9249__denoise__boundary_probe__nes__l0.5 calls=1021 margin 3.20->0.00 t=3.3s
[DONE] evaluation__9249__denoise__counterfactual__nes__l0.5 calls=1021 margin 3.20->-3.42 t=3.2s
[DONE] evaluation__9249__deblur__attack__nes__l1 calls=1021 margin 7.96->-3.99 t=3.1s
[DONE] evaluation__9249__deblur__restore__nes__l1 calls=1021 margin 7.96->7.38 t=3.0s
[DONE] evaluation__9249__deblur__random_walk__random_walk__l1 calls=1024 margin 7.96->6.17 t=4.5s
[DONE] evaluation__9249__deblur__confidence_boost__nes__l1 calls=1021 margin 7.96->14.14 t=3.3s
[DONE] evaluation__9249__deblur__boundary_probe__nes__l1 calls=1021 margin 7.96->0.01 t=3.2s
[DONE] evaluation__9249__deblur__counterfactual__nes__l1 calls=1021 margin 7.96->-5.15 t=3.0s
[DONE] fit__5253__denoise__attack__nes__l0.5 calls=1021 margin 7.47->-0.10 t=3.2s
[DONE] fit__5253__denoise__restore__nes__l0.5 calls=1021 margin 7.47->7.78 t=3.0s
[DONE] fit__5253__denoise__random_walk__random_walk__l0.5 calls=1024 margin 7.47->7.18 t=4.2s
[DONE] fit__5253__denoise__confidence_boost__nes__l0.5 calls=1021 margin 7.47->12.56 t=3.0s
[DONE] fit__5253__denoise__boundary_probe__nes__l0.5 calls=1021 margin 7.47->0.05 t=3.2s
[DONE] fit__5253__denoise__counterfactual__nes__l0.5 calls=1021 margin 7.47->-1.40 t=3.2s
[DONE] fit__5253__deblur__attack__nes__l1 calls=1021 margin 12.15->5.34 t=2.7s
[DONE] fit__5253__deblur__restore__nes__l1 calls=1021 margin 12.15->12.22 t=3.0s
[DONE] fit__5253__deblur__random_walk__random_walk__l1 calls=1024 margin 12.15->9.40 t=4.2s
[DONE] fit__5253__deblur__confidence_boost__nes__l1 calls=1021 margin 12.15->14.35 t=3.0s
[DONE] fit__5253__deblur__boundary_probe__nes__l1 calls=1021 margin 12.15->3.00 t=3.1s
[DONE] fit__5253__deblur__counterfactual__nes__l1 calls=1021 margin 12.15->3.01 t=3.1s
[DONE] fit__2504__denoise__attack__nes__l0.5 calls=1021 margin 4.82->0.19 t=3.0s
[DONE] fit__2504__denoise__restore__nes__l0.5 calls=1021 margin 4.82->4.52 t=2.9s
[DONE] fit__2504__denoise__random_walk__random_walk__l0.5 calls=1024 margin 4.82->3.79 t=4.3s
[DONE] fit__2504__denoise__confidence_boost__nes__l0.5 calls=1021 margin 4.82->8.62 t=3.0s
[DONE] fit__2504__denoise__boundary_probe__nes__l0.5 calls=1021 margin 4.82->0.33 t=3.2s
[DONE] fit__2504__denoise__counterfactual__nes__l0.5 calls=1021 margin 4.82->0.13 t=3.1s
[DONE] fit__2504__deblur__attack__nes__l1 calls=1021 margin 2.46->-6.88 t=2.9s
[DONE] fit__2504__deblur__restore__nes__l1 calls=1021 margin 2.46->2.66 t=3.3s
[DONE] fit__2504__deblur__random_walk__random_walk__l1 calls=1024 margin 2.46->-0.01 t=4.2s
[DONE] fit__2504__deblur__confidence_boost__nes__l1 calls=1021 margin 2.46->8.04 t=3.0s
[DONE] fit__2504__deblur__boundary_probe__nes__l1 calls=1021 margin 2.46->0.01 t=3.0s
[DONE] fit__2504__deblur__counterfactual__nes__l1 calls=1021 margin 2.46->-5.34 t=3.0s
[DONE] fit__7986__denoise__attack__nes__l0.5 calls=1021 margin 4.11->-4.40 t=2.7s
[DONE] fit__7986__denoise__restore__nes__l0.5 calls=1021 margin 4.11->4.18 t=3.0s
[DONE] fit__7986__denoise__random_walk__random_walk__l0.5 calls=1024 margin 4.11->3.73 t=4.3s
[DONE] fit__7986__denoise__confidence_boost__nes__l0.5 calls=1021 margin 4.11->9.03 t=3.0s
[DONE] fit__7986__denoise__boundary_probe__nes__l0.5 calls=1021 margin 4.11->0.00 t=2.9s
[DONE] fit__7986__denoise__counterfactual__nes__l0.5 calls=1021 margin 4.11->-3.80 t=3.1s
[DONE] fit__7986__deblur__attack__nes__l1 calls=1021 margin 9.47->5.79 t=3.0s
[DONE] fit__7986__deblur__restore__nes__l1 calls=1021 margin 9.47->9.10 t=3.3s
[DONE] fit__7986__deblur__random_walk__random_walk__l1 calls=1024 margin 9.47->9.67 t=4.6s
[DONE] fit__7986__deblur__confidence_boost__nes__l1 calls=1021 margin 9.47->12.14 t=3.3s
[DONE] fit__7986__deblur__boundary_probe__nes__l1 calls=1021 margin 9.47->4.08 t=3.3s
[DONE] fit__7986__deblur__counterfactual__nes__l1 calls=1021 margin 9.47->3.50 t=3.2s
[DONE] fit__3319__denoise__attack__nes__l0.5 calls=1021 margin 2.07->-3.42 t=2.9s
[DONE] fit__3319__denoise__restore__nes__l0.5 calls=1021 margin 2.07->1.72 t=3.0s
[DONE] fit__3319__denoise__random_walk__random_walk__l0.5 calls=1024 margin 2.07->1.08 t=4.3s
[DONE] fit__3319__denoise__confidence_boost__nes__l0.5 calls=1021 margin 2.07->7.16 t=3.1s
[DONE] fit__3319__denoise__boundary_probe__nes__l0.5 calls=1021 margin 2.07->0.00 t=3.1s
[DONE] fit__3319__denoise__counterfactual__nes__l0.5 calls=1021 margin 2.07->-3.10 t=2.9s
[DONE] fit__3319__deblur__attack__nes__l1 calls=1021 margin 4.82->-3.60 t=3.1s
[DONE] fit__3319__deblur__restore__nes__l1 calls=1021 margin 4.82->3.26 t=3.2s
[DONE] fit__3319__deblur__random_walk__random_walk__l1 calls=1024 margin 4.82->1.25 t=4.4s
[DONE] fit__3319__deblur__confidence_boost__nes__l1 calls=1021 margin 4.82->9.05 t=3.1s
[DONE] fit__3319__deblur__boundary_probe__nes__l1 calls=1021 margin 4.82->0.03 t=3.1s
[DONE] fit__3319__deblur__counterfactual__nes__l1 calls=1021 margin 4.82->-3.25 t=2.9s
[DONE] fit__9728__denoise__attack__nes__l0.5 calls=1021 margin 10.96->3.93 t=3.1s
[DONE] fit__9728__denoise__restore__nes__l0.5 calls=1021 margin 10.96->10.98 t=3.0s
[DONE] fit__9728__denoise__random_walk__random_walk__l0.5 calls=1024 margin 10.96->10.01 t=4.2s
[DONE] fit__9728__denoise__confidence_boost__nes__l0.5 calls=1021 margin 10.96->14.55 t=3.0s
[DONE] fit__9728__denoise__boundary_probe__nes__l0.5 calls=1021 margin 10.96->4.23 t=3.2s
[DONE] fit__9728__denoise__counterfactual__nes__l0.5 calls=1021 margin 10.96->4.02 t=3.1s
[DONE] fit__9728__deblur__attack__nes__l1 calls=1021 margin 10.54->-3.31 t=3.2s
[DONE] fit__9728__deblur__restore__nes__l1 calls=1021 margin 10.54->10.08 t=3.0s
[DONE] fit__9728__deblur__random_walk__random_walk__l1 calls=1024 margin 10.54->10.00 t=4.0s
[DONE] fit__9728__deblur__confidence_boost__nes__l1 calls=1021 margin 10.54->14.87 t=3.2s
[DONE] fit__9728__deblur__boundary_probe__nes__l1 calls=1021 margin 10.54->0.00 t=3.3s
[DONE] fit__9728__deblur__counterfactual__nes__l1 calls=1021 margin 10.54->1.33 t=3.2s
[DONE] fit__4467__denoise__attack__nes__l0.5 calls=1021 margin 3.74->-3.58 t=3.1s
[DONE] fit__4467__denoise__restore__nes__l0.5 calls=1021 margin 3.74->4.06 t=3.1s
[DONE] fit__4467__denoise__random_walk__random_walk__l0.5 calls=1024 margin 3.74->3.89 t=4.4s
[DONE] fit__4467__denoise__confidence_boost__nes__l0.5 calls=1021 margin 3.74->8.18 t=3.1s
[DONE] fit__4467__denoise__boundary_probe__nes__l0.5 calls=1021 margin 3.74->0.02 t=3.3s
[DONE] fit__4467__denoise__counterfactual__nes__l0.5 calls=1021 margin 3.74->-1.44 t=2.9s
[DONE] fit__4467__deblur__attack__nes__l1 calls=1021 margin 9.26->0.15 t=3.0s
[DONE] fit__4467__deblur__restore__nes__l1 calls=1021 margin 9.26->9.45 t=3.2s
[DONE] fit__4467__deblur__random_walk__random_walk__l1 calls=1024 margin 9.26->9.23 t=4.2s
[DONE] fit__4467__deblur__confidence_boost__nes__l1 calls=1021 margin 9.26->13.82 t=3.3s
[DONE] fit__4467__deblur__boundary_probe__nes__l1 calls=1021 margin 9.26->0.20 t=3.2s
[DONE] fit__4467__deblur__counterfactual__nes__l1 calls=1021 margin 9.26->-0.26 t=2.9s
[DONE] fit__983__denoise__attack__nes__l0.5 calls=1021 margin 7.33->-0.45 t=3.0s
[DONE] fit__983__denoise__restore__nes__l0.5 calls=1021 margin 7.33->7.24 t=3.0s
[DONE] fit__983__denoise__random_walk__random_walk__l0.5 calls=1024 margin 7.33->6.66 t=4.1s
[DONE] fit__983__denoise__confidence_boost__nes__l0.5 calls=1021 margin 7.33->12.41 t=3.1s
[DONE] fit__983__denoise__boundary_probe__nes__l0.5 calls=1021 margin 7.33->0.04 t=3.3s
[DONE] fit__983__denoise__counterfactual__nes__l0.5 calls=1021 margin 7.33->-0.47 t=3.1s
[DONE] fit__983__deblur__attack__nes__l1 calls=1021 margin 12.54->3.96 t=3.2s
[DONE] fit__983__deblur__restore__nes__l1 calls=1021 margin 12.54->13.50 t=2.9s
[DONE] fit__983__deblur__random_walk__random_walk__l1 calls=1024 margin 12.54->11.28 t=4.1s
[DONE] fit__983__deblur__confidence_boost__nes__l1 calls=1021 margin 12.54->15.06 t=3.2s
[DONE] fit__983__deblur__boundary_probe__nes__l1 calls=1021 margin 12.54->5.48 t=3.2s
[DONE] fit__983__deblur__counterfactual__nes__l1 calls=1021 margin 12.54->5.29 t=3.1s
[DONE] fit__6507__denoise__attack__nes__l0.5 calls=1021 margin 1.89->-4.40 t=3.3s
[DONE] fit__6507__denoise__restore__nes__l0.5 calls=1021 margin 1.89->2.55 t=3.2s
[DONE] fit__6507__denoise__random_walk__random_walk__l0.5 calls=1024 margin 1.89->2.22 t=4.4s
[DONE] fit__6507__denoise__confidence_boost__nes__l0.5 calls=1021 margin 1.89->7.52 t=3.3s
[DONE] fit__6507__denoise__boundary_probe__nes__l0.5 calls=1021 margin 1.89->0.03 t=3.3s
[DONE] fit__6507__denoise__counterfactual__nes__l0.5 calls=1021 margin 1.89->-1.95 t=3.2s
[DONE] fit__6507__deblur__attack__nes__l1 calls=1021 margin 4.41->-7.48 t=3.0s
[DONE] fit__6507__deblur__restore__nes__l1 calls=1021 margin 4.41->5.75 t=3.0s
[DONE] fit__6507__deblur__random_walk__random_walk__l1 calls=1024 margin 4.41->3.46 t=4.3s
[DONE] fit__6507__deblur__confidence_boost__nes__l1 calls=1021 margin 4.41->11.38 t=3.1s
[DONE] fit__6507__deblur__boundary_probe__nes__l1 calls=1021 margin 4.41->0.01 t=3.1s
[DONE] fit__6507__deblur__counterfactual__nes__l1 calls=1021 margin 4.41->-8.60 t=2.9s
[DONE] fit__4072__denoise__attack__nes__l0.5 calls=1021 margin 5.58->2.35 t=3.0s
[DONE] fit__4072__denoise__restore__nes__l0.5 calls=1021 margin 5.58->5.36 t=2.9s
[DONE] fit__4072__denoise__random_walk__random_walk__l0.5 calls=1024 margin 5.58->4.30 t=4.3s
[DONE] fit__4072__denoise__confidence_boost__nes__l0.5 calls=1021 margin 5.58->8.28 t=3.1s
[DONE] fit__4072__denoise__boundary_probe__nes__l0.5 calls=1021 margin 5.58->2.27 t=3.1s
[DONE] fit__4072__denoise__counterfactual__nes__l0.5 calls=1021 margin 5.58->1.81 t=2.9s
[DONE] fit__4072__deblur__attack__nes__l1 calls=1021 margin 4.52->1.13 t=3.1s
[DONE] fit__4072__deblur__restore__nes__l1 calls=1021 margin 4.52->6.22 t=3.1s
[DONE] fit__4072__deblur__random_walk__random_walk__l1 calls=1024 margin 4.52->7.30 t=4.1s
[DONE] fit__4072__deblur__confidence_boost__nes__l1 calls=1021 margin 4.52->10.23 t=3.1s
[DONE] fit__4072__deblur__boundary_probe__nes__l1 calls=1021 margin 4.52->0.62 t=3.2s
[DONE] fit__4072__deblur__counterfactual__nes__l1 calls=1021 margin 4.52->1.11 t=3.2s
[DONE] fit__9887__denoise__attack__nes__l0.5 calls=1021 margin 0.08->-6.19 t=3.3s
[DONE] fit__9887__denoise__restore__nes__l0.5 calls=1021 margin 0.08->0.60 t=3.1s
[DONE] fit__9887__denoise__random_walk__random_walk__l0.5 calls=1024 margin 0.08->0.37 t=4.4s
[DONE] fit__9887__denoise__confidence_boost__nes__l0.5 calls=1021 margin 0.08->5.97 t=3.2s
[DONE] fit__9887__denoise__boundary_probe__nes__l0.5 calls=1021 margin 0.08->0.02 t=3.3s
[DONE] fit__9887__denoise__counterfactual__nes__l0.5 calls=1021 margin 0.08->-5.86 t=2.9s
[DONE] fit__9887__deblur__attack__nes__l1 calls=1021 margin 6.39->1.01 t=3.2s
[DONE] fit__9887__deblur__restore__nes__l1 calls=1021 margin 6.39->7.31 t=3.1s
[DONE] fit__9887__deblur__random_walk__random_walk__l1 calls=1024 margin 6.39->7.87 t=4.2s
[DONE] fit__9887__deblur__confidence_boost__nes__l1 calls=1021 margin 6.39->11.88 t=3.2s
[DONE] fit__9887__deblur__boundary_probe__nes__l1 calls=1021 margin 6.39->0.21 t=3.3s
[DONE] fit__9887__deblur__counterfactual__nes__l1 calls=1021 margin 6.39->0.00 t=3.0s
[DONE] fit__6239__denoise__attack__nes__l0.5 calls=1021 margin 9.05->0.64 t=3.3s
[DONE] fit__6239__denoise__restore__nes__l0.5 calls=1021 margin 9.05->9.40 t=3.3s
[DONE] fit__6239__denoise__random_walk__random_walk__l0.5 calls=1024 margin 9.05->8.66 t=4.1s
[DONE] fit__6239__denoise__confidence_boost__nes__l0.5 calls=1021 margin 9.05->13.13 t=3.3s
[DONE] fit__6239__denoise__boundary_probe__nes__l0.5 calls=1021 margin 9.05->1.24 t=3.5s
[DONE] fit__6239__denoise__counterfactual__nes__l0.5 calls=1021 margin 9.05->2.50 t=3.5s
[DONE] fit__6239__deblur__attack__nes__l1 calls=1021 margin 1.23->-11.79 t=3.4s
[DONE] fit__6239__deblur__restore__nes__l1 calls=1021 margin 1.23->5.55 t=3.1s
[DONE] fit__6239__deblur__random_walk__random_walk__l1 calls=1024 margin 1.23->8.78 t=4.3s
[DONE] fit__6239__deblur__confidence_boost__nes__l1 calls=1021 margin 1.23->13.40 t=3.2s
[DONE] fit__6239__deblur__boundary_probe__nes__l1 calls=1021 margin 1.23->0.02 t=3.3s
[DONE] fit__6239__deblur__counterfactual__nes__l1 calls=1021 margin 1.23->-8.29 t=3.6s
[DONE] fit__216__denoise__attack__nes__l0.5 calls=1021 margin 5.93->0.57 t=3.0s
[DONE] fit__216__denoise__restore__nes__l0.5 calls=1021 margin 5.93->5.15 t=3.2s
[DONE] fit__216__denoise__random_walk__random_walk__l0.5 calls=1024 margin 5.93->4.97 t=4.3s
[DONE] fit__216__denoise__confidence_boost__nes__l0.5 calls=1021 margin 5.93->10.09 t=3.1s
[DONE] fit__216__denoise__boundary_probe__nes__l0.5 calls=1021 margin 5.93->0.84 t=2.8s
[DONE] fit__216__denoise__counterfactual__nes__l0.5 calls=1021 margin 5.93->0.42 t=2.9s
[DONE] fit__216__deblur__attack__nes__l1 calls=1021 margin 8.01->-0.29 t=3.0s
[DONE] fit__216__deblur__restore__nes__l1 calls=1021 margin 8.01->6.85 t=2.9s
[DONE] fit__216__deblur__random_walk__random_walk__l1 calls=1024 margin 8.01->5.06 t=4.2s
[DONE] fit__216__deblur__confidence_boost__nes__l1 calls=1021 margin 8.01->11.59 t=3.2s
[DONE] fit__216__deblur__boundary_probe__nes__l1 calls=1021 margin 8.01->0.04 t=3.2s
[DONE] fit__216__deblur__counterfactual__nes__l1 calls=1021 margin 8.01->-1.35 t=3.2s
[DONE] fit__3330__denoise__attack__nes__l0.5 calls=1021 margin 0.36->-6.51 t=3.0s
[DONE] fit__3330__denoise__restore__nes__l0.5 calls=1021 margin 0.36->0.21 t=2.9s
[DONE] fit__3330__denoise__random_walk__random_walk__l0.5 calls=1024 margin 0.36->0.53 t=4.2s
[DONE] fit__3330__denoise__confidence_boost__nes__l0.5 calls=1021 margin 0.36->6.64 t=3.1s
[DONE] fit__3330__denoise__boundary_probe__nes__l0.5 calls=1021 margin 0.36->0.03 t=3.0s
[DONE] fit__3330__denoise__counterfactual__nes__l0.5 calls=1021 margin 0.36->-6.13 t=3.1s
[DONE] fit__3330__deblur__attack__nes__l1 calls=1021 margin 4.48->-5.34 t=3.2s
[DONE] fit__3330__deblur__restore__nes__l1 calls=1021 margin 4.48->3.71 t=3.0s
[DONE] fit__3330__deblur__random_walk__random_walk__l1 calls=1024 margin 4.48->2.98 t=4.0s
[DONE] fit__3330__deblur__confidence_boost__nes__l1 calls=1021 margin 4.48->9.54 t=3.2s
[DONE] fit__3330__deblur__boundary_probe__nes__l1 calls=1021 margin 4.48->0.02 t=3.1s
[DONE] fit__3330__deblur__counterfactual__nes__l1 calls=1021 margin 4.48->-5.57 t=3.0s
[DONE] fit__2437__denoise__attack__nes__l0.5 calls=1021 margin 6.33->-0.26 t=2.7s
[DONE] fit__2437__denoise__restore__nes__l0.5 calls=1021 margin 6.33->6.47 t=2.9s
[DONE] fit__2437__denoise__random_walk__random_walk__l0.5 calls=1024 margin 6.33->5.81 t=4.3s
[DONE] fit__2437__denoise__confidence_boost__nes__l0.5 calls=1021 margin 6.33->9.19 t=3.1s
[DONE] fit__2437__denoise__boundary_probe__nes__l0.5 calls=1021 margin 6.33->0.00 t=3.1s
[DONE] fit__2437__denoise__counterfactual__nes__l0.5 calls=1021 margin 6.33->0.29 t=3.0s
[DONE] fit__2437__deblur__attack__nes__l1 calls=1021 margin 8.71->-1.53 t=3.2s
[DONE] fit__2437__deblur__restore__nes__l1 calls=1021 margin 8.71->8.74 t=2.7s
[DONE] fit__2437__deblur__random_walk__random_walk__l1 calls=1024 margin 8.71->9.84 t=4.1s
[DONE] fit__2437__deblur__confidence_boost__nes__l1 calls=1021 margin 8.71->14.21 t=3.1s
[DONE] fit__2437__deblur__boundary_probe__nes__l1 calls=1021 margin 8.71->0.02 t=3.3s
[DONE] fit__2437__deblur__counterfactual__nes__l1 calls=1021 margin 8.71->-1.22 t=3.4s
[DONE] fit__7793__denoise__attack__nes__l0.5 calls=1021 margin 0.76->-4.44 t=3.1s
[DONE] fit__7793__denoise__restore__nes__l0.5 calls=1021 margin 0.76->0.98 t=3.1s
[DONE] fit__7793__denoise__random_walk__random_walk__l0.5 calls=1024 margin 0.76->1.79 t=4.0s
[DONE] fit__7793__denoise__confidence_boost__nes__l0.5 calls=1021 margin 0.76->7.11 t=3.2s
[DONE] fit__7793__denoise__boundary_probe__nes__l0.5 calls=1021 margin 0.76->0.00 t=3.1s
[DONE] fit__7793__denoise__counterfactual__nes__l0.5 calls=1021 margin 0.76->-4.07 t=3.1s
[DONE] fit__7793__deblur__attack__nes__l1 calls=1021 margin 7.39->-3.90 t=2.9s
[DONE] fit__7793__deblur__restore__nes__l1 calls=1021 margin 7.39->8.39 t=3.0s
[DONE] fit__7793__deblur__random_walk__random_walk__l1 calls=1024 margin 7.39->6.98 t=4.0s
[DONE] fit__7793__deblur__confidence_boost__nes__l1 calls=1021 margin 7.39->13.99 t=3.0s
[DONE] fit__7793__deblur__boundary_probe__nes__l1 calls=1021 margin 7.39->0.00 t=3.3s
[DONE] fit__7793__deblur__counterfactual__nes__l1 calls=1021 margin 7.39->-3.92 t=3.1s
[DONE] fit__4445__denoise__attack__nes__l0.5 calls=1021 margin 3.03->-2.81 t=3.2s
[DONE] fit__4445__denoise__restore__nes__l0.5 calls=1021 margin 3.03->2.89 t=3.3s
[DONE] fit__4445__denoise__random_walk__random_walk__l0.5 calls=1024 margin 3.03->2.79 t=4.1s
[DONE] fit__4445__denoise__confidence_boost__nes__l0.5 calls=1021 margin 3.03->8.54 t=3.1s
[DONE] fit__4445__denoise__boundary_probe__nes__l0.5 calls=1021 margin 3.03->0.01 t=3.0s
[DONE] fit__4445__denoise__counterfactual__nes__l0.5 calls=1021 margin 3.03->-2.85 t=2.9s
[DONE] fit__4445__deblur__attack__nes__l1 calls=1021 margin 6.66->-0.78 t=2.7s
[DONE] fit__4445__deblur__restore__nes__l1 calls=1021 margin 6.66->6.66 t=2.8s
[DONE] fit__4445__deblur__random_walk__random_walk__l1 calls=1024 margin 6.66->8.82 t=4.0s
[DONE] fit__4445__deblur__confidence_boost__nes__l1 calls=1021 margin 6.66->11.57 t=3.0s
[DONE] fit__4445__deblur__boundary_probe__nes__l1 calls=1021 margin 6.66->0.03 t=2.8s
[DONE] fit__4445__deblur__counterfactual__nes__l1 calls=1021 margin 6.66->-1.56 t=3.0s
