[DONE] calibration__3651__denoise__attack__nes__l0.5 calls=1021 margin 1.83->-4.44 t=3.1s
[DONE] calibration__3651__denoise__restore__nes__l0.5 calls=1021 margin 1.83->2.51 t=3.1s
[DONE] calibration__3651__denoise__random_walk__random_walk__l0.5 calls=1024 margin 1.83->2.42 t=4.6s
[DONE] calibration__3651__denoise__confidence_boost__nes__l0.5 calls=1021 margin 1.83->9.29 t=2.9s
[DONE] calibration__3651__denoise__boundary_probe__nes__l0.5 calls=1021 margin 1.83->0.00 t=3.1s
[DONE] calibration__3651__denoise__counterfactual__nes__l0.5 calls=1021 margin 1.83->-4.55 t=3.0s
[DONE] calibration__3651__deblur__attack__nes__l1 calls=1021 margin 6.23->-2.52 t=2.8s
[DONE] calibration__3651__deblur__restore__nes__l1 calls=1021 margin 6.23->5.74 t=3.1s
[DONE] calibration__3651__deblur__random_walk__random_walk__l1 calls=1024 margin 6.23->4.90 t=4.6s
[DONE] calibration__3651__deblur__confidence_boost__nes__l1 calls=1021 margin 6.23->10.19 t=3.0s
[DONE] calibration__3651__deblur__boundary_probe__nes__l1 calls=1021 margin 6.23->0.04 t=2.9s
[DONE] calibration__3651__deblur__counterfactual__nes__l1 calls=1021 margin 6.23->-2.71 t=2.8s
[DONE] calibration__6623__denoise__attack__nes__l0.5 calls=1021 margin 3.86->-5.73 t=3.0s
[DONE] calibration__6623__denoise__restore__nes__l0.5 calls=1021 margin 3.86->3.60 t=3.0s
[DONE] calibration__6623__denoise__random_walk__random_walk__l0.5 calls=1024 margin 3.86->1.42 t=4.6s
[DONE] calibration__6623__denoise__confidence_boost__nes__l0.5 calls=1021 margin 3.86->10.45 t=3.3s
[DONE] calibration__6623__denoise__boundary_probe__nes__l0.5 calls=1021 margin 3.86->0.03 t=3.2s
[DONE] calibration__6623__denoise__counterfactual__nes__l0.5 calls=1021 margin 3.86->-2.21 t=3.1s
[DONE] calibration__6623__deblur__attack__nes__l1 calls=1021 margin 5.74->-6.90 t=3.0s
[DONE] calibration__6623__deblur__restore__nes__l1 calls=1021 margin 5.74->6.29 t=2.8s
[DONE] calibration__6623__deblur__random_walk__random_walk__l1 calls=1024 margin 5.74->-1.67 t=4.4s
[DONE] calibration__6623__deblur__confidence_boost__nes__l1 calls=1021 margin 5.74->11.28 t=2.8s
[DONE] calibration__6623__deblur__boundary_probe__nes__l1 calls=1021 margin 5.74->0.01 t=3.0s
[DONE] calibration__6623__deblur__counterfactual__nes__l1 calls=1021 margin 5.74->-4.05 t=3.4s
[DONE] calibration__6940__denoise__attack__nes__l0.5 calls=1021 margin 5.61->-1.06 t=3.0s
[DONE] calibration__6940__denoise__restore__nes__l0.5 calls=1021 margin 5.61->5.61 t=3.0s
[DONE] calibration__6940__denoise__random_walk__random_walk__l0.5 calls=1024 margin 5.61->7.02 t=4.5s
[DONE] calibration__6940__denoise__confidence_boost__nes__l0.5 calls=1021 margin 5.61->10.58 t=3.2s
[DONE] calibration__6940__denoise__boundary_probe__nes__l0.5 calls=1021 margin 5.61->0.01 t=3.0s
[DONE] calibration__6940__denoise__counterfactual__nes__l0.5 calls=1021 margin 5.61->-1.26 t=3.1s
[DONE] calibration__6940__deblur__attack__nes__l1 calls=1021 margin 10.08->5.03 t=3.2s
[DONE] calibration__6940__deblur__restore__nes__l1 calls=1021 margin 10.08->10.28 t=3.0s
[DONE] calibration__6940__deblur__random_walk__random_walk__l1 calls=1024 margin 10.08->10.36 t=4.5s
[DONE] calibration__6940__deblur__confidence_boost__nes__l1 calls=1021 margin 10.08->14.48 t=3.2s
[DONE] calibration__6940__deblur__boundary_probe__nes__l1 calls=1021 margin 10.08->6.64 t=3.2s
[DONE] calibration__6940__deblur__counterfactual__nes__l1 calls=1021 margin 10.08->5.62 t=3.2s
[DONE] calibration__374__denoise__attack__nes__l0.5 calls=1021 margin 8.19->3.77 t=3.2s
[DONE] calibration__374__denoise__restore__nes__l0.5 calls=1021 margin 8.19->8.23 t=3.1s
[DONE] calibration__374__denoise__random_walk__random_walk__l0.5 calls=1024 margin 8.19->7.90 t=4.5s
[DONE] calibration__374__denoise__confidence_boost__nes__l0.5 calls=1021 margin 8.19->11.64 t=3.1s
[DONE] calibration__374__denoise__boundary_probe__nes__l0.5 calls=1021 margin 8.19->4.15 t=3.2s
[DONE] calibration__374__denoise__counterfactual__nes__l0.5 calls=1021 margin 8.19->4.01 t=3.0s
[DONE] calibration__374__deblur__attack__nes__l1 calls=1021 margin 7.47->2.20 t=3.5s
[DONE] calibration__374__deblur__restore__nes__l1 calls=1021 margin 7.47->7.26 t=3.4s
[DONE] calibration__374__deblur__random_walk__random_walk__l1 calls=1024 margin 7.47->8.29 t=4.3s
[DONE] calibration__374__deblur__confidence_boost__nes__l1 calls=1021 margin 7.47->13.33 t=3.1s
[DONE] calibration__374__deblur__boundary_probe__nes__l1 calls=1021 margin 7.47->2.17 t=3.2s
[DONE] calibration__374__deblur__counterfactual__nes__l1 calls=1021 margin 7.47->2.25 t=3.5s
[DONE] calibration__9059__denoise__attack__nes__l0.5 calls=1021 margin 4.49->-2.27 t=3.0s
[DONE] calibration__9059__denoise__restore__nes__l0.5 calls=1021 margin 4.49->4.21 t=3.5s
[DONE] calibration__9059__denoise__random_walk__random_walk__l0.5 calls=1024 margin 4.49->4.42 t=4.5s
[DONE] calibration__9059__denoise__confidence_boost__nes__l0.5 calls=1021 margin 4.49->11.00 t=3.4s
[DONE] calibration__9059__denoise__boundary_probe__nes__l0.5 calls=1021 margin 4.49->0.00 t=3.0s
[DONE] calibration__9059__denoise__counterfactual__nes__l0.5 calls=1021 margin 4.49->-3.07 t=3.1s
[DONE] calibration__9059__deblur__attack__nes__l1 calls=1021 margin 6.45->-6.30 t=3.2s
[DONE] calibration__9059__deblur__restore__nes__l1 calls=1021 margin 6.45->7.17 t=3.7s
[DONE] calibration__9059__deblur__random_walk__random_walk__l1 calls=1024 margin 6.45->4.66 t=4.2s
[DONE] calibration__9059__deblur__confidence_boost__nes__l1 calls=1021 margin 6.45->14.64 t=3.0s
[DONE] calibration__9059__deblur__boundary_probe__nes__l1 calls=1021 margin 6.45->0.03 t=3.2s
[DONE] calibration__9059__deblur__counterfactual__nes__l1 calls=1021 margin 6.45->-5.05 t=3.6s
[DONE] calibration__3649__denoise__attack__nes__l0.5 calls=1021 margin 0.75->-5.61 t=3.1s
[DONE] calibration__3649__denoise__restore__nes__l0.5 calls=1021 margin 0.75->1.00 t=3.1s
[DONE] calibration__3649__denoise__random_walk__random_walk__l0.5 calls=1024 margin 0.75->0.47 t=4.3s
[DONE] calibration__3649__denoise__confidence_boost__nes__l0.5 calls=1021 margin 0.75->5.64 t=3.0s
[DONE] calibration__3649__denoise__boundary_probe__nes__l0.5 calls=1021 margin 0.75->0.02 t=3.0s
[DONE] calibration__3649__denoise__counterfactual__nes__l0.5 calls=1021 margin 0.75->-4.41 t=3.3s
[DONE] calibration__3649__deblur__attack__nes__l1 calls=1021 margin 11.53->5.60 t=3.0s
[DONE] calibration__3649__deblur__restore__nes__l1 calls=1021 margin 11.53->12.02 t=3.1s
[DONE] calibration__3649__deblur__random_walk__random_walk__l1 calls=1024 margin 11.53->11.06 t=4.2s
[DONE] calibration__3649__deblur__confidence_boost__nes__l1 calls=1021 margin 11.53->13.77 t=2.9s
[DONE] calibration__3649__deblur__boundary_probe__nes__l1 calls=1021 margin 11.53->8.01 t=2.8s
[DONE] calibration__3649__deblur__counterfactual__nes__l1 calls=1021 margin 11.53->6.97 t=2.8s
[DONE] calibration__8023__denoise__attack__nes__l0.5 calls=1021 margin 2.17->-4.86 t=3.2s
[DONE] calibration__8023__denoise__restore__nes__l0.5 calls=1021 margin 2.17->1.73 t=3.2s
[DONE] calibration__8023__denoise__random_walk__random_walk__l0.5 calls=1024 margin 2.17->2.14 t=4.2s
[DONE] calibration__8023__denoise__confidence_boost__nes__l0.5 calls=1021 margin 2.17->7.96 t=3.1s
[DONE] calibration__8023__denoise__boundary_probe__nes__l0.5 calls=1021 margin 2.17->0.01 t=3.0s
[DONE] calibration__8023__denoise__counterfactual__nes__l0.5 calls=1021 margin 2.17->-4.55 t=3.3s
[DONE] calibration__8023__deblur__attack__nes__l1 calls=1021 margin 1.85->-6.78 t=3.2s
[DONE] calibration__8023__deblur__restore__nes__l1 calls=1021 margin 1.85->1.10 t=3.1s
[DONE] calibration__8023__deblur__random_walk__random_walk__l1 calls=1024 margin 1.85->1.30 t=4.1s
[DONE] calibration__8023__deblur__confidence_boost__nes__l1 calls=1021 margin 1.85->9.98 t=3.1s
[DONE] calibration__8023__deblur__boundary_probe__nes__l1 calls=1021 margin 1.85->0.01 t=3.2s
[DONE] calibration__8023__deblur__counterfactual__nes__l1 calls=1021 margin 1.85->-6.38 t=3.1s
[DONE] calibration__5495__denoise__attack__nes__l0.5 calls=1021 margin 5.07->-0.36 t=3.0s
[DONE] calibration__5495__denoise__restore__nes__l0.5 calls=1021 margin 5.07->5.18 t=3.2s
[DONE] calibration__5495__denoise__random_walk__random_walk__l0.5 calls=1024 margin 5.07->5.71 t=4.2s
[DONE] calibration__5495__denoise__confidence_boost__nes__l0.5 calls=1021 margin 5.07->9.99 t=2.9s
[DONE] calibration__5495__denoise__boundary_probe__nes__l0.5 calls=1021 margin 5.07->0.01 t=3.0s
[DONE] calibration__5495__denoise__counterfactual__nes__l0.5 calls=1021 margin 5.07->-0.63 t=3.0s
[DONE] calibration__5495__deblur__attack__nes__l1 calls=1021 margin 8.97->-1.16 t=3.2s
[DONE] calibration__5495__deblur__restore__nes__l1 calls=1021 margin 8.97->9.31 t=3.1s
[DONE] calibration__5495__deblur__random_walk__random_walk__l1 calls=1024 margin 8.97->9.71 t=4.2s
[DONE] calibration__5495__deblur__confidence_boost__nes__l1 calls=1021 margin 8.97->14.56 t=3.0s
[DONE] calibration__5495__deblur__boundary_probe__nes__l1 calls=1021 margin 8.97->0.02 t=2.9s
[DONE] calibration__5495__deblur__counterfactual__nes__l1 calls=1021 margin 8.97->-1.40 t=2.7s
[DONE] calibration__1055__denoise__attack__nes__l0.5 calls=1021 margin 2.33->-4.90 t=3.0s
[DONE] calibration__1055__denoise__restore__nes__l0.5 calls=1021 margin 2.33->2.46 t=3.0s
[DONE] calibration__1055__denoise__random_walk__random_walk__l0.5 calls=1024 margin 2.33->1.15 t=4.1s
[DONE] calibration__1055__denoise__confidence_boost__nes__l0.5 calls=1021 margin 2.33->7.62 t=2.8s
[DONE] calibration__1055__denoise__boundary_probe__nes__l0.5 calls=1021 margin 2.33->0.01 t=3.0s
[DONE] calibration__1055__denoise__counterfactual__nes__l0.5 calls=1021 margin 2.33->-5.09 t=3.1s
[DONE] calibration__1055__deblur__attack__nes__l1 calls=1021 margin 5.72->2.26 t=3.2s
[DONE] calibration__1055__deblur__restore__nes__l1 calls=1021 margin 5.72->7.51 t=3.1s
[DONE] calibration__1055__deblur__random_walk__random_walk__l1 calls=1024 margin 5.72->6.74 t=4.4s
[DONE] calibration__1055__deblur__confidence_boost__nes__l1 calls=1021 margin 5.72->12.46 t=3.3s
[DONE] calibration__1055__deblur__boundary_probe__nes__l1 calls=1021 margin 5.72->2.61 t=3.4s
[DONE] calibration__1055__deblur__counterfactual__nes__l1 calls=1021 margin 5.72->1.71 t=2.8s
[DONE] calibration__6278__denoise__attack__nes__l0.5 calls=1021 margin 2.49->-3.93 t=3.0s
[DONE] calibration__6278__denoise__restore__nes__l0.5 calls=1021 margin 2.49->2.39 t=3.0s
[DONE] calibration__6278__denoise__random_walk__random_walk__l0.5 calls=1024 margin 2.49->1.84 t=4.1s
[DONE] calibration__6278__denoise__confidence_boost__nes__l0.5 calls=1021 margin 2.49->8.09 t=3.1s
[DONE] calibration__6278__denoise__boundary_probe__nes__l0.5 calls=1021 margin 2.49->0.01 t=3.1s
[DONE] calibration__6278__denoise__counterfactual__nes__l0.5 calls=1021 margin 2.49->-5.28 t=3.0s
[DONE] calibration__6278__deblur__attack__nes__l1 calls=1021 margin 5.93->-3.89 t=3.1s
[DONE] calibration__6278__deblur__restore__nes__l1 calls=1021 margin 5.93->6.24 t=3.1s
[DONE] calibration__6278__deblur__random_walk__random_walk__l1 calls=1024 margin 5.93->5.77 t=4.4s
[DONE] calibration__6278__deblur__confidence_boost__nes__l1 calls=1021 margin 5.93->13.03 t=3.1s
[DONE] calibration__6278__deblur__boundary_probe__nes__l1 calls=1021 margin 5.93->0.04 t=3.1s
[DONE] calibration__6278__deblur__counterfactual__nes__l1 calls=1021 margin 5.93->-4.68 t=3.1s
[DONE] calibration__2561__denoise__attack__nes__l0.5 calls=1021 margin 13.00->9.48 t=3.1s
[DONE] calibration__2561__denoise__restore__nes__l0.5 calls=1021 margin 13.00->12.59 t=3.2s
[DONE] calibration__2561__denoise__random_walk__random_walk__l0.5 calls=1024 margin 13.00->12.99 t=4.2s
[DONE] calibration__2561__denoise__confidence_boost__nes__l0.5 calls=1021 margin 13.00->13.79 t=3.0s
[DONE] calibration__2561__denoise__boundary_probe__nes__l0.5 calls=1021 margin 13.00->9.21 t=3.0s
[DONE] calibration__2561__denoise__counterfactual__nes__l0.5 calls=1021 margin 13.00->9.74 t=3.3s
[DONE] calibration__2561__deblur__attack__nes__l1 calls=1021 margin 13.19->8.93 t=3.3s
[DONE] calibration__2561__deblur__restore__nes__l1 calls=1021 margin 13.19->13.69 t=3.3s
[DONE] calibration__2561__deblur__random_walk__random_walk__l1 calls=1024 margin 13.19->13.00 t=4.2s
[DONE] calibration__2561__deblur__confidence_boost__nes__l1 calls=1021 margin 13.19->14.21 t=3.5s
[DONE] calibration__2561__deblur__boundary_probe__nes__l1 calls=1021 margin 13.19->7.94 t=3.3s
[DONE] calibration__2561__deblur__counterfactual__nes__l1 calls=1021 margin 13.19->8.02 t=3.3s
[DONE] calibration__8791__denoise__attack__nes__l0.5 calls=1021 margin 9.18->3.95 t=3.0s
[DONE] calibration__8791__denoise__restore__nes__l0.5 calls=1021 margin 9.18->8.99 t=3.3s
[DONE] calibration__8791__denoise__random_walk__random_walk__l0.5 calls=1024 margin 9.18->9.05 t=4.5s
[DONE] calibration__8791__denoise__confidence_boost__nes__l0.5 calls=1021 margin 9.18->12.69 t=3.3s
[DONE] calibration__8791__denoise__boundary_probe__nes__l0.5 calls=1021 margin 9.18->3.93 t=2.9s
[DONE] calibration__8791__denoise__counterfactual__nes__l0.5 calls=1021 margin 9.18->3.98 t=3.3s
[DONE] calibration__8791__deblur__attack__nes__l1 calls=1021 margin 0.98->-8.24 t=2.9s
[DONE] calibration__8791__deblur__restore__nes__l1 calls=1021 margin 0.98->2.34 t=2.9s
[DONE] calibration__8791__deblur__random_walk__random_walk__l1 calls=1024 margin 0.98->0.40 t=4.1s
[DONE] calibration__8791__deblur__confidence_boost__nes__l1 calls=1021 margin 0.98->9.82 t=3.0s
[DONE] calibration__8791__deblur__boundary_probe__nes__l1 calls=1021 margin 0.98->0.04 t=3.1s
[DONE] calibration__8791__deblur__counterfactual__nes__l1 calls=1021 margin 0.98->-6.66 t=3.1s
[DONE] calibration__5153__denoise__attack__nes__l0.5 calls=1021 margin 2.96->-4.17 t=3.3s
[DONE] calibration__5153__denoise__restore__nes__l0.5 calls=1021 margin 2.96->2.62 t=3.0s
[DONE] calibration__5153__denoise__random_walk__random_walk__l0.5 calls=1024 margin 2.96->0.06 t=4.2s
[DONE] calibration__5153__denoise__confidence_boost__nes__l0.5 calls=1021 margin 2.96->8.52 t=3.0s
[DONE] calibration__5153__denoise__boundary_probe__nes__l0.5 calls=1021 margin 2.96->0.02 t=3.4s
[DONE] calibration__5153__denoise__counterfactual__nes__l0.5 calls=1021 margin 2.96->-3.89 t=3.1s
[DONE] calibration__5153__deblur__attack__nes__l1 calls=1021 margin 12.04->-0.62 t=3.2s
[DONE] calibration__5153__deblur__restore__nes__l1 calls=1021 margin 12.04->12.59 t=3.1s
[DONE] calibration__5153__deblur__random_walk__random_walk__l1 calls=1024 margin 12.04->5.74 t=4.4s
[DONE] calibration__5153__deblur__confidence_boost__nes__l1 calls=1021 margin 12.04->14.93 t=3.2s
[DONE] calibration__5153__deblur__boundary_probe__nes__l1 calls=1021 margin 12.04->0.04 t=3.4s
[DONE] calibration__5153__deblur__counterfactual__nes__l1 calls=1021 margin 12.04->-1.64 t=3.2s
[DONE] calibration__859__denoise__attack__nes__l0.5 calls=1021 margin 0.01->-7.59 t=2.8s
[DONE] calibration__859__denoise__restore__nes__l0.5 calls=1021 margin 0.01->0.30 t=3.1s
[DONE] calibration__859__denoise__random_walk__random_walk__l0.5 calls=1024 margin 0.01->-1.17 t=4.3s
[DONE] calibration__859__denoise__confidence_boost__nes__l0.5 calls=1021 margin 0.01->6.37 t=2.9s
[DONE] calibration__859__denoise__boundary_probe__nes__l0.5 calls=1021 margin 0.01->0.01 t=3.0s
[DONE] calibration__859__denoise__counterfactual__nes__l0.5 calls=1021 margin 0.01->-7.42 t=3.3s
[DONE] calibration__859__deblur__attack__nes__l1 calls=1021 margin 7.23->-7.69 t=3.0s
[DONE] calibration__859__deblur__restore__nes__l1 calls=1021 margin 7.23->8.93 t=3.2s
[DONE] calibration__859__deblur__random_walk__random_walk__l1 calls=1024 margin 7.23->8.48 t=4.4s
[DONE] calibration__859__deblur__confidence_boost__nes__l1 calls=1021 margin 7.23->14.32 t=3.0s
[DONE] calibration__859__deblur__boundary_probe__nes__l1 calls=1021 margin 7.23->0.04 t=3.1s
[DONE] calibration__859__deblur__counterfactual__nes__l1 calls=1021 margin 7.23->-7.96 t=3.1s
[DONE] calibration__6342__denoise__attack__nes__l0.5 calls=1021 margin 4.58->-3.25 t=2.9s
[DONE] calibration__6342__denoise__restore__nes__l0.5 calls=1021 margin 4.58->3.94 t=3.1s
[DONE] calibration__6342__denoise__random_walk__random_walk__l0.5 calls=1024 margin 4.58->3.30 t=4.2s
[DONE] calibration__6342__denoise__confidence_boost__nes__l0.5 calls=1021 margin 4.58->8.44 t=3.5s
[DONE] calibration__6342__denoise__boundary_probe__nes__l0.5 calls=1021 margin 4.58->0.02 t=3.3s
[DONE] calibration__6342__denoise__counterfactual__nes__l0.5 calls=1021 margin 4.58->-0.67 t=3.4s
[DONE] calibration__6342__deblur__attack__nes__l1 calls=1021 margin 7.79->5.33 t=3.0s
[DONE] calibration__6342__deblur__restore__nes__l1 calls=1021 margin 7.79->10.36 t=3.2s
[DONE] calibration__6342__deblur__random_walk__random_walk__l1 calls=1024 margin 7.79->9.68 t=4.2s
[DONE] calibration__6342__deblur__confidence_boost__nes__l1 calls=1021 margin 7.79->13.13 t=2.7s
[DONE] calibration__6342__deblur__boundary_probe__nes__l1 calls=1021 margin 7.79->6.79 t=3.0s
[DONE] calibration__6342__deblur__counterfactual__nes__l1 calls=1021 margin 7.79->4.50 t=2.8s
[DONE] calibration__3742__denoise__attack__nes__l0.5 calls=1021 margin 4.86->-0.30 t=2.9s
[DONE] calibration__3742__denoise__restore__nes__l0.5 calls=1021 margin 4.86->5.32 t=3.1s
[DONE] calibration__3742__denoise__random_walk__random_walk__l0.5 calls=1024 margin 4.86->4.26 t=4.2s
[DONE] calibration__3742__denoise__confidence_boost__nes__l0.5 calls=1021 margin 4.86->9.57 t=2.8s
[DONE] calibration__3742__denoise__boundary_probe__nes__l0.5 calls=1021 margin 4.86->0.01 t=3.2s
[DONE] calibration__3742__denoise__counterfactual__nes__l0.5 calls=1021 margin 4.86->-0.81 t=3.5s
[DONE] calibration__3742__deblur__attack__nes__l1 calls=1021 margin 9.79->-0.56 t=3.2s
[DONE] calibration__3742__deblur__restore__nes__l1 calls=1021 margin 9.79->9.68 t=3.0s
[DONE] calibration__3742__deblur__random_walk__random_walk__l1 calls=1024 margin 9.79->9.55 t=4.2s
[DONE] calibration__3742__deblur__confidence_boost__nes__l1 calls=1021 margin 9.79->13.42 t=3.0s
[DONE] calibration__3742__deblur__boundary_probe__nes__l1 calls=1021 margin 9.79->0.00 t=3.0s
[DONE] calibration__3742__deblur__counterfactual__nes__l1 calls=1021 margin 9.79->-0.65 t=3.1s
[DONE] calibration__8355__denoise__attack__nes__l0.5 calls=1021 margin 10.89->4.89 t=3.0s
[DONE] calibration__8355__denoise__restore__nes__l0.5 calls=1021 margin 10.89->11.05 t=3.2s
[DONE] calibration__8355__denoise__random_walk__random_walk__l0.5 calls=1024 margin 10.89->9.68 t=4.1s
[DONE] calibration__8355__denoise__confidence_boost__nes__l0.5 calls=1021 margin 10.89->13.88 t=3.0s
[DONE] calibration__8355__denoise__boundary_probe__nes__l0.5 calls=1021 margin 10.89->4.70 t=3.2s
[DONE] calibration__8355__denoise__counterfactual__nes__l0.5 calls=1021 margin 10.89->4.25 t=3.4s
[DONE] calibration__8355__deblur__attack__nes__l1 calls=1021 margin 10.59->5.84 t=3.2s
[DONE] calibration__8355__deblur__restore__nes__l1 calls=1021 margin 10.59->12.20 t=3.2s
[DONE] calibration__8355__deblur__random_walk__random_walk__l1 calls=1024 margin 10.59->11.58 t=4.2s
[DONE] calibration__8355__deblur__confidence_boost__nes__l1 calls=1021 margin 10.59->14.94 t=3.3s
[DONE] calibration__8355__deblur__boundary_probe__nes__l1 calls=1021 margin 10.59->6.13 t=3.3s
[DONE] calibration__8355__deblur__counterfactual__nes__l1 calls=1021 margin 10.59->5.16 t=3.4s
[DONE] evaluation__4817__denoise__attack__nes__l0.5 calls=1021 margin 6.84->0.42 t=3.2s
[DONE] evaluation__4817__denoise__restore__nes__l0.5 calls=1021 margin 6.84->6.75 t=3.2s
[DONE] evaluation__4817__denoise__random_walk__random_walk__l0.5 calls=1024 margin 6.84->6.09 t=4.1s
[DONE] evaluation__4817__denoise__confidence_boost__nes__l0.5 calls=1021 margin 6.84->10.86 t=3.0s
[DONE] evaluation__4817__denoise__boundary_probe__nes__l0.5 calls=1021 margin 6.84->0.11 t=3.4s
[DONE] evaluation__4817__denoise__counterfactual__nes__l0.5 calls=1021 margin 6.84->1.44 t=3.1s
[DONE] evaluation__4817__deblur__attack__nes__l1 calls=1021 margin 13.17->5.65 t=2.9s
[DONE] evaluation__4817__deblur__restore__nes__l1 calls=1021 margin 13.17->12.51 t=3.2s
[DONE] evaluation__4817__deblur__random_walk__random_walk__l1 calls=1024 margin 13.17->9.63 t=4.4s
[DONE] evaluation__4817__deblur__confidence_boost__nes__l1 calls=1021 margin 13.17->15.17 t=3.3s
[DONE] evaluation__4817__deblur__boundary_probe__nes__l1 calls=1021 margin 13.17->4.79 t=3.1s
[DONE] evaluation__4817__deblur__counterfactual__nes__l1 calls=1021 margin 13.17->5.09 t=2.9s
[DONE] evaluation__8185__denoise__attack__nes__l0.5 calls=1021 margin 2.33->-1.69 t=3.2s
[DONE] evaluation__8185__denoise__restore__nes__l0.5 calls=1021 margin 2.33->2.34 t=3.3s
[DONE] evaluation__8185__denoise__random_walk__random_walk__l0.5 calls=1024 margin 2.33->2.17 t=4.0s
[DONE] evaluation__8185__denoise__confidence_boost__nes__l0.5 calls=1021 margin 2.33->6.12 t=3.0s
[DONE] evaluation__8185__denoise__boundary_probe__nes__l0.5 calls=1021 margin 2.33->0.01 t=3.1s
[DONE] evaluation__8185__denoise__counterfactual__nes__l0.5 calls=1021 margin 2.33->-2.06 t=2.9s
[DONE] evaluation__8185__deblur__attack__nes__l1 calls=1021 margin 6.25->-1.31 t=3.0s
[DONE] evaluation__8185__deblur__restore__nes__l1 calls=1021 margin 6.25->4.81 t=3.1s
[DONE] evaluation__8185__deblur__random_walk__random_walk__l1 calls=1024 margin 6.25->2.17 t=4.3s
[DONE] evaluation__8185__deblur__confidence_boost__nes__l1 calls=1021 margin 6.25->8.56 t=3.0s
[DONE] evaluation__8185__deblur__boundary_probe__nes__l1 calls=1021 margin 6.25->0.05 t=3.3s
[DONE] evaluation__8185__deblur__counterfactual__nes__l1 calls=1021 margin 6.25->-2.10 t=3.1s
[DONE] evaluation__9852__denoise__attack__nes__l0.5 calls=1021 margin 0.54->-4.35 t=3.1s
[DONE] evaluation__9852__denoise__restore__nes__l0.5 calls=1021 margin 0.54->1.15 t=3.2s
[DONE] evaluation__9852__denoise__random_walk__random_walk__l0.5 calls=1024 margin 0.54->0.32 t=4.0s
[DONE] evaluation__9852__denoise__confidence_boost__nes__l0.5 calls=1021 margin 0.54->5.80 t=2.8s
[DONE] evaluation__9852__denoise__boundary_probe__nes__l0.5 calls=1021 margin 0.54->0.02 t=2.7s
[DONE] evaluation__9852__denoise__counterfactual__nes__l0.5 calls=1021 margin 0.54->-4.70 t=3.0s
[DONE] evaluation__9852__deblur__attack__nes__l1 calls=1021 margin 6.10->0.12 t=3.3s
[DONE] evaluation__9852__deblur__restore__nes__l1 calls=1021 margin 6.10->4.93 t=3.0s
[DONE] evaluation__9852__deblur__random_walk__random_walk__l1 calls=1024 margin 6.10->2.78 t=4.1s
[DONE] evaluation__9852__deblur__confidence_boost__nes__l1 calls=1021 margin 6.10->9.98 t=3.0s
[DONE] evaluation__9852__deblur__boundary_probe__nes__l1 calls=1021 margin 6.10->0.03 t=3.2s
[DONE] evaluation__9852__deblur__counterfactual__nes__l1 calls=1021 margin 6.10->-2.85 t=3.1s
[DONE] evaluation__1457__denoise__attack__nes__l0.5 calls=1021 margin 2.46->-5.91 t=3.0s
[DONE] evaluation__1457__denoise__restore__nes__l0.5 calls=1021 margin 2.46->3.17 t=3.0s
[DONE] evaluation__1457__denoise__random_walk__random_walk__l0.5 calls=1024 margin 2.46->1.13 t=3.8s
[DONE] evaluation__1457__denoise__confidence_boost__nes__l0.5 calls=1021 margin 2.46->9.21 t=2.8s
[DONE] evaluation__1457__denoise__boundary_probe__nes__l0.5 calls=1021 margin 2.46->0.01 t=3.3s
[DONE] evaluation__1457__denoise__counterfactual__nes__l0.5 calls=1021 margin 2.46->-6.06 t=3.2s
[DONE] evaluation__1457__deblur__attack__nes__l1 calls=1021 margin 10.21->6.12 t=3.1s
[DONE] evaluation__1457__deblur__restore__nes__l1 calls=1021 margin 10.21->9.81 t=3.1s
[DONE] evaluation__1457__deblur__random_walk__random_walk__l1 calls=1024 margin 10.21->8.89 t=4.3s
[DONE] evaluation__1457__deblur__confidence_boost__nes__l1 calls=1021 margin 10.21->12.07 t=3.1s
[DONE] evaluation__1457__deblur__boundary_probe__nes__l1 calls=1021 margin 10.21->5.62 t=3.2s
[DONE] evaluation__1457__deblur__counterfactual__nes__l1 calls=1021 margin 10.21->5.79 t=3.3s
[DONE] evaluation__3891__denoise__attack__nes__l0.5 calls=1021 margin 1.68->-1.26 t=3.1s
[DONE] evaluation__3891__denoise__restore__nes__l0.5 calls=1021 margin 1.68->1.70 t=3.2s
[DONE] evaluation__3891__denoise__random_walk__random_walk__l0.5 calls=1024 margin 1.68->1.52 t=4.0s
[DONE] evaluation__3891__denoise__confidence_boost__nes__l0.5 calls=1021 margin 1.68->3.63 t=3.0s
[DONE] evaluation__3891__denoise__boundary_probe__nes__l0.5 calls=1021 margin 1.68->0.01 t=3.1s
[DONE] evaluation__3891__denoise__counterfactual__nes__l0.5 calls=1021 margin 1.68->-0.19 t=3.2s
[DONE] evaluation__3891__deblur__attack__nes__l1 calls=1021 margin 5.91->1.60 t=3.2s
[DONE] evaluation__3891__deblur__restore__nes__l1 calls=1021 margin 5.91->5.98 t=3.1s
[DONE] evaluation__3891__deblur__random_walk__random_walk__l1 calls=1024 margin 5.91->4.51 t=4.0s
[DONE] evaluation__3891__deblur__confidence_boost__nes__l1 calls=1021 margin 5.91->8.48 t=3.1s
[DONE] evaluation__3891__deblur__boundary_probe__nes__l1 calls=1021 margin 5.91->1.77 t=3.1s
[DONE] evaluation__3891__deblur__counterfactual__nes__l1 calls=1021 margin 5.91->1.44 t=2.8s
[DONE] evaluation__6639__denoise__attack__nes__l0.5 calls=1021 margin 1.45->-3.76 t=3.0s
[DONE] evaluation__6639__denoise__restore__nes__l0.5 calls=1021 margin 1.45->1.46 t=3.0s
[DONE] evaluation__6639__denoise__random_walk__random_walk__l0.5 calls=1024 margin 1.45->2.52 t=4.1s
[DONE] evaluation__6639__denoise__confidence_boost__nes__l0.5 calls=1021 margin 1.45->5.82 t=3.4s
[DONE] evaluation__6639__denoise__boundary_probe__nes__l0.5 calls=1021 margin 1.45->0.00 t=3.3s
[DONE] evaluation__6639__denoise__counterfactual__nes__l0.5 calls=1021 margin 1.45->-4.31 t=3.2s
[DONE] evaluation__6639__deblur__attack__nes__l1 calls=1021 margin 6.36->1.32 t=3.1s
[DONE] evaluation__6639__deblur__restore__nes__l1 calls=1021 margin 6.36->6.22 t=3.2s
[DONE] evaluation__6639__deblur__random_walk__random_walk__l1 calls=1024 margin 6.36->4.53 t=4.1s
[DONE] evaluation__6639__deblur__confidence_boost__nes__l1 calls=1021 margin 6.36->8.64 t=3.2s
[DONE] evaluation__6639__deblur__boundary_probe__nes__l1 calls=1021 margin 6.36->0.73 t=3.1s
[DONE] evaluation__6639__deblur__counterfactual__nes__l1 calls=1021 margin 6.36->0.78 t=3.1s
[DONE] evaluation__674__denoise__attack__nes__l0.5 calls=1021 margin 4.56->-1.56 t=3.3s
[DONE] evaluation__674__denoise__restore__nes__l0.5 calls=1021 margin 4.56->5.12 t=3.1s
[DONE] evaluation__674__denoise__random_walk__random_walk__l0.5 calls=1024 margin 4.56->4.57 t=3.9s
[DONE] evaluation__674__denoise__confidence_boost__nes__l0.5 calls=1021 margin 4.56->11.06 t=3.0s
[DONE] evaluation__674__denoise__boundary_probe__nes__l0.5 calls=1021 margin 4.56->0.04 t=3.1s
[DONE] evaluation__674__denoise__counterfactual__nes__l0.5 calls=1021 margin 4.56->-2.63 t=2.8s
[DONE] evaluation__674__deblur__attack__nes__l1 calls=1021 margin 4.59->-8.00 t=2.8s
[DONE] evaluation__674__deblur__restore__nes__l1 calls=1021 margin 4.59->3.87 t=3.3s
[DONE] evaluation__674__deblur__random_walk__random_walk__l1 calls=1024 margin 4.59->3.99 t=4.0s
[DONE] evaluation__674__deblur__confidence_boost__nes__l1 calls=1021 margin 4.59->14.70 t=3.0s
[DONE] evaluation__674__deblur__boundary_probe__nes__l1 calls=1021 margin 4.59->0.05 t=3.1s
[DONE] evaluation__674__deblur__counterfactual__nes__l1 calls=1021 margin 4.59->-8.94 t=3.2s
[DONE] evaluation__3773__denoise__attack__nes__l0.5 calls=1021 margin 1.14->-5.37 t=3.2s
[DONE] evaluation__3773__denoise__restore__nes__l0.5 calls=1021 margin 1.14->1.66 t=3.1s
[DONE] evaluation__3773__denoise__random_walk__random_walk__l0.5 calls=1024 margin 1.14->-0.58 t=4.4s
[DONE] evaluation__3773__denoise__confidence_boost__nes__l0.5 calls=1021 margin 1.14->7.01 t=3.1s
[DONE] evaluation__3773__denoise__boundary_probe__nes__l0.5 calls=1021 margin 1.14->0.00 t=3.1s
[DONE] evaluation__3773__denoise__counterfactual__nes__l0.5 calls=1021 margin 1.14->-5.84 t=2.8s
[DONE] evaluation__3773__deblur__attack__nes__l1 calls=1021 margin 3.17->-8.56 t=2.7s
[DONE] evaluation__3773__deblur__restore__nes__l1 calls=1021 margin 3.17->1.81 t=3.2s
[DONE] evaluation__3773__deblur__random_walk__random_walk__l1 calls=1024 margin 3.17->-1.72 t=4.1s
[DONE] evaluation__3773__deblur__confidence_boost__nes__l1 calls=1021 margin 3.17->10.58 t=3.0s
[DONE] evaluation__3773__deblur__boundary_probe__nes__l1 calls=1021 margin 3.17->0.01 t=3.1s
[DONE] evaluation__3773__deblur__counterfactual__nes__l1 calls=1021 margin 3.17->-8.30 t=2.9s
[DONE] evaluation__6160__denoise__attack__nes__l0.5 calls=1021 margin 2.34->-4.06 t=3.0s
[DONE] evaluation__6160__denoise__restore__nes__l0.5 calls=1021 margin 2.34->1.75 t=3.2s
[DONE] evaluation__6160__denoise__random_walk__random_walk__l0.5 calls=1024 margin 2.34->1.04 t=4.1s
[DONE] evaluation__6160__denoise__confidence_boost__nes__l0.5 calls=1021 margin 2.34->8.18 t=2.8s
[DONE] evaluation__6160__denoise__boundary_probe__nes__l0.5 calls=1021 margin 2.34->0.02 t=3.2s
[DONE] evaluation__6160__denoise__counterfactual__nes__l0.5 calls=1021 margin 2.34->-3.96 t=3.1s
[DONE] evaluation__6160__deblur__attack__nes__l1 calls=1021 margin 1.65->-5.18 t=3.0s
[DONE] evaluation__6160__deblur__restore__nes__l1 calls=1021 margin 1.65->2.21 t=3.0s
[DONE] evaluation__6160__deblur__random_walk__random_walk__l1 calls=1024 margin 1.65->5.84 t=4.4s
[DONE] evaluation__6160__deblur__confidence_boost__nes__l1 calls=1021 margin 1.65->11.88 t=3.4s
[DONE] evaluation__6160__deblur__boundary_probe__nes__l1 calls=1021 margin 1.65->0.00 t=3.1s
[DONE] evaluation__6160__deblur__counterfactual__nes__l1 calls=1021 margin 1.65->-5.46 t=3.3s
[DONE] evaluation__9893__denoise__attack__nes__l0.5 calls=1021 margin 2.87->-6.12 t=3.1s
[DONE] evaluation__9893__denoise__restore__nes__l0.5 calls=1021 margin 2.87->3.03 t=3.2s
[DONE] evaluation__9893__denoise__random_walk__random_walk__l0.5 calls=1024 margin 2.87->0.86 t=4.0s
[DONE] evaluation__9893__denoise__confidence_boost__nes__l0.5 calls=1021 margin 2.87->10.92 t=2.8s
[DONE] evaluation__9893__denoise__boundary_probe__nes__l0.5 calls=1021 margin 2.87->0.01 t=3.3s
[DONE] evaluation__9893__denoise__counterfactual__nes__l0.5 calls=1021 margin 2.87->-5.97 t=3.0s
[DONE] evaluation__9893__deblur__attack__nes__l1 calls=1021 margin 8.93->-5.37 t=2.9s
[DONE] evaluation__9893__deblur__restore__nes__l1 calls=1021 margin 8.93->9.25 t=3.0s
[DONE] evaluation__9893__deblur__random_walk__random_walk__l1 calls=1024 margin 8.93->9.82 t=4.3s
[DONE] evaluation__9893__deblur__confidence_boost__nes__l1 calls=1021 margin 8.93->15.25 t=3.1s
[DONE] evaluation__9893__deblur__boundary_probe__nes__l1 calls=1021 margin 8.93->0.01 t=3.3s
[DONE] evaluation__9893__deblur__counterfactual__nes__l1 calls=1021 margin 8.93->-2.58 t=2.8s
[DONE] evaluation__4804__denoise__attack__nes__l0.5 calls=1021 margin 6.16->-0.12 t=3.1s
[DONE] evaluation__4804__denoise__restore__nes__l0.5 calls=1021 margin 6.16->6.29 t=3.2s
[DONE] evaluation__4804__denoise__random_walk__random_walk__l0.5 calls=1024 margin 6.16->6.59 t=4.2s
[DONE] evaluation__4804__denoise__confidence_boost__nes__l0.5 calls=1021 margin 6.16->10.82 t=2.9s
[DONE] evaluation__4804__denoise__boundary_probe__nes__l0.5 calls=1021 margin 6.16->0.00 t=3.0s
[DONE] evaluation__4804__denoise__counterfactual__nes__l0.5 calls=1021 margin 6.16->-0.67 t=3.0s
[DONE] evaluation__4804__deblur__attack__nes__l1 calls=1021 margin 5.89->-2.17 t=3.1s
[DONE] evaluation__4804__deblur__restore__nes__l1 calls=1021 margin 5.89->6.48 t=3.1s
[DONE] evaluation__4804__deblur__random_walk__random_walk__l1 calls=1024 margin 5.89->7.70 t=4.3s
[DONE] evaluation__4804__deblur__confidence_boost__nes__l1 calls=1021 margin 5.89->11.65 t=3.2s
[DONE] evaluation__4804__deblur__boundary_probe__nes__l1 calls=1021 margin 5.89->0.02 t=3.2s
[DONE] evaluation__4804__deblur__counterfactual__nes__l1 calls=1021 margin 5.89->-2.08 t=3.1s
[DONE] evaluation__6769__denoise__attack__nes__l0.5 calls=1021 margin 1.07->-5.15 t=3.0s
[DONE] evaluation__6769__denoise__restore__nes__l0.5 calls=1021 margin 1.07->0.73 t=3.0s
[DONE] evaluation__6769__denoise__random_walk__random_walk__l0.5 calls=1024 margin 1.07->1.34 t=3.9s
[DONE] evaluation__6769__denoise__confidence_boost__nes__l0.5 calls=1021 margin 1.07->6.56 t=3.1s
[DONE] evaluation__6769__denoise__boundary_probe__nes__l0.5 calls=1021 margin 1.07->0.04 t=3.2s
[DONE] evaluation__6769__denoise__counterfactual__nes__l0.5 calls=1021 margin 1.07->-5.02 t=3.2s
[DONE] evaluation__6769__deblur__attack__nes__l1 calls=1021 margin 6.93->-2.46 t=3.2s
[DONE] evaluation__6769__deblur__restore__nes__l1 calls=1021 margin 6.93->6.07 t=3.3s
[DONE] evaluation__6769__deblur__random_walk__random_walk__l1 calls=1024 margin 6.93->5.04 t=4.2s
[DONE] evaluation__6769__deblur__confidence_boost__nes__l1 calls=1021 margin 6.93->12.25 t=3.3s
[DONE] evaluation__6769__deblur__boundary_probe__nes__l1 calls=1021 margin 6.93->0.00 t=3.3s
[DONE] evaluation__6769__deblur__counterfactual__nes__l1 calls=1021 margin 6.93->-3.57 t=3.4s
[DONE] evaluation__8594__denoise__attack__nes__l0.5 calls=1021 margin 4.44->-2.92 t=3.1s
[DONE] evaluation__8594__denoise__restore__nes__l0.5 calls=1021 margin 4.44->5.17 t=3.1s
[DONE] evaluation__8594__denoise__random_walk__random_walk__l0.5 calls=1024 margin 4.44->4.26 t=4.2s
[DONE] evaluation__8594__denoise__confidence_boost__nes__l0.5 calls=1021 margin 4.44->10.30 t=3.4s
[DONE] evaluation__8594__denoise__boundary_probe__nes__l0.5 calls=1021 margin 4.44->0.00 t=3.2s
[DONE] evaluation__8594__denoise__counterfactual__nes__l0.5 calls=1021 margin 4.44->-3.28 t=3.0s
[DONE] evaluation__8594__deblur__attack__nes__l1 calls=1021 margin 12.86->7.51 t=3.2s
[DONE] evaluation__8594__deblur__restore__nes__l1 calls=1021 margin 12.86->12.78 t=3.0s
[DONE] evaluation__8594__deblur__random_walk__random_walk__l1 calls=1024 margin 12.86->12.86 t=4.3s
[DONE] evaluation__8594__deblur__confidence_boost__nes__l1 calls=1021 margin 12.86->13.93 t=3.1s
[DONE] evaluation__8594__deblur__boundary_probe__nes__l1 calls=1021 margin 12.86->8.16 t=3.3s
[DONE] evaluation__8594__deblur__counterfactual__nes__l1 calls=1021 margin 12.86->6.83 t=3.0s
[DONE] evaluation__3090__denoise__attack__nes__l0.5 calls=1021 margin 8.05->2.64 t=2.8s
[DONE] evaluation__3090__denoise__restore__nes__l0.5 calls=1021 margin 8.05->8.12 t=3.1s
[DONE] evaluation__3090__denoise__random_walk__random_walk__l0.5 calls=1024 margin 8.05->7.86 t=4.4s
[DONE] evaluation__3090__denoise__confidence_boost__nes__l0.5 calls=1021 margin 8.05->11.40 t=3.2s
[DONE] evaluation__3090__denoise__boundary_probe__nes__l0.5 calls=1021 margin 8.05->2.62 t=3.0s
[DONE] evaluation__3090__denoise__counterfactual__nes__l0.5 calls=1021 margin 8.05->1.95 t=3.3s
[DONE] evaluation__3090__deblur__attack__nes__l1 calls=1021 margin 12.73->2.47 t=3.0s
[DONE] evaluation__3090__deblur__restore__nes__l1 calls=1021 margin 12.73->13.28 t=3.4s
[DONE] evaluation__3090__deblur__random_walk__random_walk__l1 calls=1024 margin 12.73->11.84 t=4.4s
[DONE] evaluation__3090__deblur__confidence_boost__nes__l1 calls=1021 margin 12.73->14.88 t=3.2s
[DONE] evaluation__3090__deblur__boundary_probe__nes__l1 calls=1021 margin 12.73->1.40 t=3.0s
[DONE] evaluation__3090__deblur__counterfactual__nes__l1 calls=1021 margin 12.73->2.34 t=3.2s
[DONE] evaluation__5884__denoise__attack__nes__l0.5 calls=1021 margin 0.07->-10.65 t=2.8s
[DONE] evaluation__5884__denoise__restore__nes__l0.5 calls=1021 margin 0.07->0.10 t=2.7s
[DONE] evaluation__5884__denoise__random_walk__random_walk__l0.5 calls=1024 margin 0.07->-1.27 t=4.4s
[DONE] evaluation__5884__denoise__confidence_boost__nes__l0.5 calls=1021 margin 0.07->9.56 t=3.3s
[DONE] evaluation__5884__denoise__boundary_probe__nes__l0.5 calls=1021 margin 0.07->0.01 t=3.0s
[DONE] evaluation__5884__denoise__counterfactual__nes__l0.5 calls=1021 margin 0.07->-8.17 t=3.0s
[DONE] evaluation__5884__deblur__attack__nes__l1 calls=1021 margin 11.69->-4.05 t=3.1s
[DONE] evaluation__5884__deblur__restore__nes__l1 calls=1021 margin 11.69->13.52 t=3.0s
[DONE] evaluation__5884__deblur__random_walk__random_walk__l1 calls=1024 margin 11.69->7.86 t=4.5s
[DONE] evaluation__5884__deblur__confidence_boost__nes__l1 calls=1021 margin 11.69->15.65 t=3.1s
[DONE] evaluation__5884__deblur__boundary_probe__nes__l1 calls=1021 margin 11.69->0.02 t=3.2s
[DONE] evaluation__5884__deblur__counterfactual__nes__l1 calls=1021 margin 11.69->-4.09 t=3.1s
[DONE] evaluation__7325__denoise__attack__nes__l0.5 calls=1021 margin 7.01->0.73 t=2.8s
[DONE] evaluation__7325__denoise__restore__nes__l0.5 calls=1021 margin 7.01->7.11 t=3.2s
[DONE] evaluation__7325__denoise__random_walk__random_walk__l0.5 calls=1024 margin 7.01->5.86 t=4.3s
[DONE] evaluation__7325__denoise__confidence_boost__nes__l0.5 calls=1021 margin 7.01->11.89 t=2.9s
[DONE] evaluation__7325__denoise__boundary_probe__nes__l0.5 calls=1021 margin 7.01->0.28 t=3.1s
[DONE] evaluation__7325__denoise__counterfactual__nes__l0.5 calls=1021 margin 7.01->0.10 t=3.0s
[DONE] evaluation__7325__deblur__attack__nes__l1 calls=1021 margin 10.45->-0.77 t=2.9s
[DONE] evaluation__7325__deblur__restore__nes__l1 calls=1021 margin 10.45->10.84 t=2.7s
[DONE] evaluation__7325__deblur__random_walk__random_walk__l1 calls=1024 margin 10.45->10.39 t=4.3s
[DONE] evaluation__7325__deblur__confidence_boost__nes__l1 calls=1021 margin 10.45->14.71 t=3.2s
[DONE] evaluation__7325__deblur__boundary_probe__nes__l1 calls=1021 margin 10.45->0.12 t=3.1s
[DONE] evaluation__7325__deblur__counterfactual__nes__l1 calls=1021 margin 10.45->-0.38 t=2.9s
[DONE] evaluation__649__denoise__attack__nes__l0.5 calls=1021 margin 8.12->4.53 t=3.0s
[DONE] evaluation__649__denoise__restore__nes__l0.5 calls=1021 margin 8.12->8.22 t=3.2s
[DONE] evaluation__649__denoise__random_walk__random_walk__l0.5 calls=1024 margin 8.12->7.62 t=4.4s
[DONE] evaluation__649__denoise__confidence_boost__nes__l0.5 calls=1021 margin 8.12->10.12 t=3.3s
[DONE] evaluation__649__denoise__boundary_probe__nes__l0.5 calls=1021 margin 8.12->4.31 t=3.1s
[DONE] evaluation__649__denoise__counterfactual__nes__l0.5 calls=1021 margin 8.12->4.64 t=3.1s
[DONE] evaluation__649__deblur__attack__nes__l1 calls=1021 margin 6.37->3.09 t=3.3s
[DONE] evaluation__649__deblur__restore__nes__l1 calls=1021 margin 6.37->6.63 t=3.2s
[DONE] evaluation__649__deblur__random_walk__random_walk__l1 calls=1024 margin 6.37->9.79 t=4.6s
[DONE] evaluation__649__deblur__confidence_boost__nes__l1 calls=1021 margin 6.37->10.86 t=3.1s
[DONE] evaluation__649__deblur__boundary_probe__nes__l1 calls=1021 margin 6.37->3.27 t=2.9s
[DONE] evaluation__649__deblur__counterfactual__nes__l1 calls=1021 margin 6.37->3.21 t=3.1s
[DONE] evaluation__5064__denoise__attack__nes__l0.5 calls=1021 margin 3.28->-3.85 t=3.3s
[DONE] evaluation__5064__denoise__restore__nes__l0.5 calls=1021 margin 3.28->3.75 t=3.1s
[DONE] evaluation__5064__denoise__random_walk__random_walk__l0.5 calls=1024 margin 3.28->3.65 t=4.0s
[DONE] evaluation__5064__denoise__confidence_boost__nes__l0.5 calls=1021 margin 3.28->8.33 t=3.0s
[DONE] evaluation__5064__denoise__boundary_probe__nes__l0.5 calls=1021 margin 3.28->0.00 t=2.9s
[DONE] evaluation__5064__denoise__counterfactual__nes__l0.5 calls=1021 margin 3.28->-4.36 t=2.8s
[DONE] evaluation__5064__deblur__attack__nes__l1 calls=1021 margin 6.27->0.05 t=2.9s
[DONE] evaluation__5064__deblur__restore__nes__l1 calls=1021 margin 6.27->6.78 t=3.5s
[DONE] evaluation__5064__deblur__random_walk__random_walk__l1 calls=1024 margin 6.27->6.86 t=4.3s
[DONE] evaluation__5064__deblur__confidence_boost__nes__l1 calls=1021 margin 6.27->10.93 t=3.4s
[DONE] evaluation__5064__deblur__boundary_probe__nes__l1 calls=1021 margin 6.27->0.01 t=2.9s
[DONE] evaluation__5064__deblur__counterfactual__nes__l1 calls=1021 margin 6.27->-0.68 t=3.3s
[DONE] evaluation__7346__denoise__attack__nes__l0.5 calls=1021 margin 3.34->-4.61 t=3.1s
[DONE] evaluation__7346__denoise__restore__nes__l0.5 calls=1021 margin 3.34->3.81 t=3.0s
[DONE] evaluation__7346__denoise__random_walk__random_walk__l0.5 calls=1024 margin 3.34->1.14 t=4.1s
[DONE] evaluation__7346__denoise__confidence_boost__nes__l0.5 calls=1021 margin 3.34->8.53 t=3.2s
[DONE] evaluation__7346__denoise__boundary_probe__nes__l0.5 calls=1021 margin 3.34->0.01 t=3.2s
[DONE] evaluation__7346__denoise__counterfactual__nes__l0.5 calls=1021 margin 3.34->-4.45 t=3.0s
[DONE] evaluation__7346__deblur__attack__nes__l1 calls=1021 margin 7.97->2.19 t=2.9s
[DONE] evaluation__7346__deblur__restore__nes__l1 calls=1021 margin 7.97->8.32 t=3.2s
[DONE] evaluation__7346__deblur__random_walk__random_walk__l1 calls=1024 margin 7.97->9.30 t=4.3s
[DONE] evaluation__7346__deblur__confidence_boost__nes__l1 calls=1021 margin 7.97->13.57 t=3.3s
[DONE] evaluation__7346__deblur__boundary_probe__nes__l1 calls=1021 margin 7.97->2.89 t=3.1s
[DONE] evaluation__7346__deblur__counterfactual__nes__l1 calls=1021 margin 7.97->2.24 t=3.5s
[DONE] evaluation__9878__denoise__attack__nes__l0.5 calls=1021 margin 0.41->-7.57 t=3.1s
[DONE] evaluation__9878__denoise__restore__nes__l0.5 calls=1021 margin 0.41->1.14 t=3.2s
[DONE] evaluation__9878__denoise__random_walk__random_walk__l0.5 calls=1024 margin 0.41->-0.56 t=4.2s
[DONE] evaluation__9878__denoise__confidence_boost__nes__l0.5 calls=1021 margin 0.41->5.28 t=2.9s
[DONE] evaluation__9878__denoise__boundary_probe__nes__l0.5 calls=1021 margin 0.41->0.03 t=3.0s
[DONE] evaluation__9878__denoise__counterfactual__nes__l0.5 calls=1021 margin 0.41->-6.76 t=3.1s
[DONE] evaluation__9878__deblur__attack__nes__l1 calls=1021 margin 5.65->-0.28 t=2.8s
[DONE] evaluation__9878__deblur__restore__nes__l1 calls=1021 margin 5.65->5.91 t=2.9s
[DONE] evaluation__9878__deblur__random_walk__random_walk__l1 calls=1024 margin 5.65->6.24 t=4.3s
[DONE] evaluation__9878__deblur__confidence_boost__nes__l1 calls=1021 margin 5.65->10.75 t=3.2s
[DONE] evaluation__9878__deblur__boundary_probe__nes__l1 calls=1021 margin 5.65->0.03 t=3.3s
[DONE] evaluation__9878__deblur__counterfactual__nes__l1 calls=1021 margin 5.65->-0.62 t=3.1s
[DONE] evaluation__1985__denoise__attack__nes__l0.5 calls=1021 margin 3.44->-2.69 t=3.0s
[DONE] evaluation__1985__denoise__restore__nes__l0.5 calls=1021 margin 3.44->3.53 t=3.1s
[DONE] evaluation__1985__denoise__random_walk__random_walk__l0.5 calls=1024 margin 3.44->3.57 t=4.2s
[DONE] evaluation__1985__denoise__confidence_boost__nes__l0.5 calls=1021 margin 3.44->8.76 t=3.3s
[DONE] evaluation__1985__denoise__boundary_probe__nes__l0.5 calls=1021 margin 3.44->0.02 t=3.1s
[DONE] evaluation__1985__denoise__counterfactual__nes__l0.5 calls=1021 margin 3.44->-3.19 t=3.1s
[DONE] evaluation__1985__deblur__attack__nes__l1 calls=1021 margin 2.92->-5.08 t=2.9s
[DONE] evaluation__1985__deblur__restore__nes__l1 calls=1021 margin 2.92->3.44 t=3.2s
[DONE] evaluation__1985__deblur__random_walk__random_walk__l1 calls=1024 margin 2.92->1.07 t=4.2s
[DONE] evaluation__1985__deblur__confidence_boost__nes__l1 calls=1021 margin 2.92->9.43 t=3.0s
[DONE] evaluation__1985__deblur__boundary_probe__nes__l1 calls=1021 margin 2.92->0.01 t=3.3s
[DONE] evaluation__1985__deblur__counterfactual__nes__l1 calls=1021 margin 2.92->-3.98 t=3.1s
[DONE] evaluation__5451__denoise__attack__nes__l0.5 calls=1021 margin 4.72->-3.63 t=3.0s
[DONE] evaluation__5451__denoise__restore__nes__l0.5 calls=1021 margin 4.72->5.21 t=3.0s
[DONE] evaluation__5451__denoise__random_walk__random_walk__l0.5 calls=1024 margin 4.72->3.58 t=4.2s
[DONE] evaluation__5451__denoise__confidence_boost__nes__l0.5 calls=1021 margin 4.72->10.19 t=3.1s
[DONE] evaluation__5451__denoise__boundary_probe__nes__l0.5 calls=1021 margin 4.72->0.08 t=3.0s
[DONE] evaluation__5451__denoise__counterfactual__nes__l0.5 calls=1021 margin 4.72->-3.24 t=3.0s
[DONE] evaluation__5451__deblur__attack__nes__l1 calls=1021 margin 9.79->-0.82 t=3.1s
[DONE] evaluation__5451__deblur__restore__nes__l1 calls=1021 margin 9.79->9.74 t=3.3s
[DONE] evaluation__5451__deblur__random_walk__random_walk__l1 calls=1024 margin 9.79->9.12 t=4.0s
[DONE] evaluation__5451__deblur__confidence_boost__nes__l1 calls=1021 margin 9.79->13.69 t=3.1s
[DONE] evaluation__5451__deblur__boundary_probe__nes__l1 calls=1021 margin 9.79->0.06 t=3.2s
[DONE] evaluation__5451__deblur__counterfactual__nes__l1 calls=1021 margin 9.79->0.11 t=3.2s
[DONE] evaluation__8191__denoise__attack__nes__l0.5 calls=1021 margin 3.69->-5.74 t=3.1s
[DONE] evaluation__8191__denoise__restore__nes__l0.5 calls=1021 margin 3.69->3.89 t=3.1s
[DONE] evaluation__8191__denoise__random_walk__random_walk__l0.5 calls=1024 margin 3.69->5.98 t=4.3s
[DONE] evaluation__8191__denoise__confidence_boost__nes__l0.5 calls=1021 margin 3.69->11.13 t=3.1s
[DONE] evaluation__8191__denoise__boundary_probe__nes__l0.5 calls=1021 margin 3.69->0.05 t=3.1s
[DONE] evaluation__8191__denoise__counterfactual__nes__l0.5 calls=1021 margin 3.69->-5.73 t=3.1s
[DONE] evaluation__8191__deblur__attack__nes__l1 calls=1021 margin 3.44->-6.35 t=2.8s
[DONE] evaluation__8191__deblur__restore__nes__l1 calls=1021 margin 3.44->4.43 t=3.0s
[DONE] evaluation__8191__deblur__random_walk__random_walk__l1 calls=1024 margin 3.44->3.41 t=4.2s
[DONE] evaluation__8191__deblur__confidence_boost__nes__l1 calls=1021 margin 3.44->13.73 t=3.2s
[DONE] evaluation__8191__deblur__boundary_probe__nes__l1 calls=1021 margin 3.44->0.05 t=3.2s
[DONE] evaluation__8191__deblur__counterfactual__nes__l1 calls=1021 margin 3.44->-5.90 t=3.0s
[DONE] evaluation__2505__denoise__attack__nes__l0.5 calls=1021 margin 1.80->-5.08 t=3.1s
[DONE] evaluation__2505__denoise__restore__nes__l0.5 calls=1021 margin 1.80->2.15 t=3.2s
[DONE] evaluation__2505__denoise__random_walk__random_walk__l0.5 calls=1024 margin 1.80->2.44 t=3.9s
[DONE] evaluation__2505__denoise__confidence_boost__nes__l0.5 calls=1021 margin 1.80->6.33 t=3.0s
[DONE] evaluation__2505__denoise__boundary_probe__nes__l0.5 calls=1021 margin 1.80->0.01 t=3.3s
[DONE] evaluation__2505__denoise__counterfactual__nes__l0.5 calls=1021 margin 1.80->-4.82 t=2.9s
[DONE] evaluation__2505__deblur__attack__nes__l1 calls=1021 margin 4.75->-2.21 t=3.0s
[DONE] evaluation__2505__deblur__restore__nes__l1 calls=1021 margin 4.75->4.22 t=3.3s
[DONE] evaluation__2505__deblur__random_walk__random_walk__l1 calls=1024 margin 4.75->4.57 t=4.3s
[DONE] evaluation__2505__deblur__confidence_boost__nes__l1 calls=1021 margin 4.75->10.26 t=3.2s
[DONE] evaluation__2505__deblur__boundary_probe__nes__l1 calls=1021 margin 4.75->0.04 t=3.2s
[DONE] evaluation__2505__deblur__counterfactual__nes__l1 calls=1021 margin 4.75->-2.99 t=3.0s
[DONE] evaluation__5764__denoise__attack__nes__l0.5 calls=1021 margin 7.54->1.52 t=3.0s
[DONE] evaluation__5764__denoise__restore__nes__l0.5 calls=1021 margin 7.54->7.51 t=3.1s
[DONE] evaluation__5764__denoise__random_walk__random_walk__l0.5 calls=1024 margin 7.54->6.24 t=4.1s
[DONE] evaluation__5764__denoise__confidence_boost__nes__l0.5 calls=1021 margin 7.54->11.09 t=3.2s
[DONE] evaluation__5764__denoise__boundary_probe__nes__l0.5 calls=1021 margin 7.54->2.03 t=3.2s
[DONE] evaluation__5764__denoise__counterfactual__nes__l0.5 calls=1021 margin 7.54->1.75 t=3.3s
[DONE] evaluation__5764__deblur__attack__nes__l1 calls=1021 margin 7.81->-1.45 t=3.1s
[DONE] evaluation__5764__deblur__restore__nes__l1 calls=1021 margin 7.81->7.64 t=3.2s
[DONE] evaluation__5764__deblur__random_walk__random_walk__l1 calls=1024 margin 7.81->4.93 t=4.2s
[DONE] evaluation__5764__deblur__confidence_boost__nes__l1 calls=1021 margin 7.81->11.59 t=3.2s
[DONE] evaluation__5764__deblur__boundary_probe__nes__l1 calls=1021 margin 7.81->0.05 t=3.4s
[DONE] evaluation__5764__deblur__counterfactual__nes__l1 calls=1021 margin 7.81->-2.50 t=3.1s
[DONE] evaluation__7505__denoise__attack__nes__l0.5 calls=1021 margin 3.84->-2.06 t=3.3s
[DONE] evaluation__7505__denoise__restore__nes__l0.5 calls=1021 margin 3.84->3.74 t=3.0s
[DONE] evaluation__7505__denoise__random_walk__random_walk__l0.5 calls=1024 margin 3.84->3.81 t=4.1s
[DONE] evaluation__7505__denoise__confidence_boost__nes__l0.5 calls=1021 margin 3.84->7.92 t=2.9s
[DONE] evaluation__7505__denoise__boundary_probe__nes__l0.5 calls=1021 margin 3.84->0.01 t=3.1s
[DONE] evaluation__7505__denoise__counterfactual__nes__l0.5 calls=1021 margin 3.84->-1.45 t=3.1s
[DONE] evaluation__7505__deblur__attack__nes__l1 calls=1021 margin 0.90->-3.68 t=2.9s
[DONE] evaluation__7505__deblur__restore__nes__l1 calls=1021 margin 0.90->0.86 t=2.9s
[DONE] evaluation__7505__deblur__random_walk__random_walk__l1 calls=1024 margin 0.90->0.45 t=4.0s
[DONE] evaluation__7505__deblur__confidence_boost__nes__l1 calls=1021 margin 0.90->5.34 t=3.4s
[DONE] evaluation__7505__deblur__boundary_probe__nes__l1 calls=1021 margin 0.90->0.00 t=3.3s
[DONE] evaluation__7505__deblur__counterfactual__nes__l1 calls=1021 margin 0.90->-3.62 t=3.1s
[DONE] evaluation__516__denoise__attack__nes__l0.5 calls=1021 margin 7.42->1.54 t=3.0s
[DONE] evaluation__516__denoise__restore__nes__l0.5 calls=1021 margin 7.42->7.45 t=3.1s
[DONE] evaluation__516__denoise__random_walk__random_walk__l0.5 calls=1024 margin 7.42->7.39 t=4.3s
[DONE] evaluation__516__denoise__confidence_boost__nes__l0.5 calls=1021 margin 7.42->11.18 t=3.0s
[DONE] evaluation__516__denoise__boundary_probe__nes__l0.5 calls=1021 margin 7.42->1.24 t=3.0s
[DONE] evaluation__516__denoise__counterfactual__nes__l0.5 calls=1021 margin 7.42->1.84 t=3.0s
[DONE] evaluation__516__deblur__attack__nes__l1 calls=1021 margin 9.22->4.51 t=3.0s
[DONE] evaluation__516__deblur__restore__nes__l1 calls=1021 margin 9.22->10.04 t=3.2s
[DONE] evaluation__516__deblur__random_walk__random_walk__l1 calls=1024 margin 9.22->10.83 t=4.2s
[DONE] evaluation__516__deblur__confidence_boost__nes__l1 calls=1021 margin 9.22->13.12 t=3.2s
[DONE] evaluation__516__deblur__boundary_probe__nes__l1 calls=1021 margin 9.22->4.67 t=2.9s
[DONE] evaluation__516__deblur__counterfactual__nes__l1 calls=1021 margin 9.22->4.07 t=2.7s
[DONE] evaluation__4496__denoise__attack__nes__l0.5 calls=1021 margin 9.63->5.52 t=3.0s
[DONE] evaluation__4496__denoise__restore__nes__l0.5 calls=1021 margin 9.63->9.94 t=3.0s
[DONE] evaluation__4496__denoise__random_walk__random_walk__l0.5 calls=1024 margin 9.63->9.39 t=4.0s
[DONE] evaluation__4496__denoise__confidence_boost__nes__l0.5 calls=1021 margin 9.63->12.92 t=3.0s
[DONE] evaluation__4496__denoise__boundary_probe__nes__l0.5 calls=1021 margin 9.63->5.34 t=3.3s
[DONE] evaluation__4496__denoise__counterfactual__nes__l0.5 calls=1021 margin 9.63->5.67 t=3.0s
[DONE] evaluation__4496__deblur__attack__nes__l1 calls=1021 margin 8.54->1.95 t=3.0s
[DONE] evaluation__4496__deblur__restore__nes__l1 calls=1021 margin 8.54->9.69 t=3.3s
[DONE] evaluation__4496__deblur__random_walk__random_walk__l1 calls=1024 margin 8.54->9.93 t=4.1s
[DONE] evaluation__4496__deblur__confidence_boost__nes__l1 calls=1021 margin 8.54->13.11 t=3.1s
[DONE] evaluation__4496__deblur__boundary_probe__nes__l1 calls=1021 margin 8.54->1.93 t=3.2s
[DONE] evaluation__4496__deblur__counterfactual__nes__l1 calls=1021 margin 8.54->1.93 t=3.2s
[DONE] evaluation__6610__denoise__attack__nes__l0.5 calls=1021 margin 6.71->1.58 t=2.9s
[DONE] evaluation__6610__denoise__restore__nes__l0.5 calls=1021 margin 6.71->6.60 t=2.9s
[DONE] evaluation__6610__denoise__random_walk__random_walk__l0.5 calls=1024 margin 6.71->5.66 t=3.9s
[DONE] evaluation__6610__denoise__confidence_boost__nes__l0.5 calls=1021 margin 6.71->10.61 t=3.3s
[DONE] evaluation__6610__denoise__boundary_probe__nes__l0.5 calls=1021 margin 6.71->0.28 t=3.2s
[DONE] evaluation__6610__denoise__counterfactual__nes__l0.5 calls=1021 margin 6.71->1.14 t=2.9s
[DONE] evaluation__6610__deblur__attack__nes__l1 calls=1021 margin 8.80->-0.16 t=3.2s
[DONE] evaluation__6610__deblur__restore__nes__l1 calls=1021 margin 8.80->9.23 t=3.1s
[DONE] evaluation__6610__deblur__random_walk__random_walk__l1 calls=1024 margin 8.80->8.69 t=4.2s
[DONE] evaluation__6610__deblur__confidence_boost__nes__l1 calls=1021 margin 8.80->12.11 t=3.1s
[DONE] evaluation__6610__deblur__boundary_probe__nes__l1 calls=1021 margin 8.80->0.10 t=3.2s
[DONE] evaluation__6610__deblur__counterfactual__nes__l1 calls=1021 margin 8.80->0.06 t=3.0s
[DONE] evaluation__9655__denoise__attack__nes__l0.5 calls=1021 margin 6.00->-0.39 t=2.8s
[DONE] evaluation__9655__denoise__restore__nes__l0.5 calls=1021 margin 6.00->5.73 t=2.9s
[DONE] evaluation__9655__denoise__random_walk__random_walk__l0.5 calls=1024 margin 6.00->3.67 t=3.9s
[DONE] evaluation__9655__denoise__confidence_boost__nes__l0.5 calls=1021 margin 6.00->9.67 t=3.0s
[DONE] evaluation__9655__denoise__boundary_probe__nes__l0.5 calls=1021 margin 6.00->0.09 t=3.3s
[DONE] evaluation__9655__denoise__counterfactual__nes__l0.5 calls=1021 margin 6.00->-0.17 t=2.9s
[DONE] evaluation__9655__deblur__attack__nes__l1 calls=1021 margin 10.34->3.38 t=3.0s
[DONE] evaluation__9655__deblur__restore__nes__l1 calls=1021 margin 10.34->11.36 t=3.0s
[DONE] evaluation__9655__deblur__random_walk__random_walk__l1 calls=1024 margin 10.34->9.02 t=4.0s
[DONE] evaluation__9655__deblur__confidence_boost__nes__l1 calls=1021 margin 10.34->13.93 t=2.9s
[DONE] evaluation__9655__deblur__boundary_probe__nes__l1 calls=1021 margin 10.34->3.18 t=3.0s
[DONE] evaluation__9655__deblur__counterfactual__nes__l1 calls=1021 margin 10.34->2.91 t=3.0s
[DONE] evaluation__2202__denoise__attack__nes__l0.5 calls=1021 margin 9.11->4.60 t=3.1s
[DONE] evaluation__2202__denoise__restore__nes__l0.5 calls=1021 margin 9.11->9.52 t=3.3s
[DONE] evaluation__2202__denoise__random_walk__random_walk__l0.5 calls=1024 margin 9.11->8.41 t=4.3s
[DONE] evaluation__2202__denoise__confidence_boost__nes__l0.5 calls=1021 margin 9.11->12.12 t=3.0s
[DONE] evaluation__2202__denoise__boundary_probe__nes__l0.5 calls=1021 margin 9.11->4.23 t=3.3s
[DONE] evaluation__2202__denoise__counterfactual__nes__l0.5 calls=1021 margin 9.11->4.58 t=3.2s
[DONE] evaluation__2202__deblur__attack__nes__l1 calls=1021 margin 10.18->5.18 t=3.0s
[DONE] evaluation__2202__deblur__restore__nes__l1 calls=1021 margin 10.18->10.43 t=3.1s
[DONE] evaluation__2202__deblur__random_walk__random_walk__l1 calls=1024 margin 10.18->11.02 t=4.2s
[DONE] evaluation__2202__deblur__confidence_boost__nes__l1 calls=1021 margin 10.18->13.59 t=3.1s
[DONE] evaluation__2202__deblur__boundary_probe__nes__l1 calls=1021 margin 10.18->5.15 t=3.2s
[DONE] evaluation__2202__deblur__counterfactual__nes__l1 calls=1021 margin 10.18->4.52 t=3.2s
[DONE] evaluation__5143__denoise__attack__nes__l0.5 calls=1021 margin 9.44->2.84 t=3.0s
[DONE] evaluation__5143__denoise__restore__nes__l0.5 calls=1021 margin 9.44->9.55 t=3.0s
[DONE] evaluation__5143__denoise__random_walk__random_walk__l0.5 calls=1024 margin 9.44->8.56 t=4.3s
[DONE] evaluation__5143__denoise__confidence_boost__nes__l0.5 calls=1021 margin 9.44->12.33 t=3.0s
[DONE] evaluation__5143__denoise__boundary_probe__nes__l0.5 calls=1021 margin 9.44->3.43 t=3.3s
[DONE] evaluation__5143__denoise__counterfactual__nes__l0.5 calls=1021 margin 9.44->4.75 t=3.1s
[DONE] evaluation__5143__deblur__attack__nes__l1 calls=1021 margin 12.65->6.81 t=3.2s
[DONE] evaluation__5143__deblur__restore__nes__l1 calls=1021 margin 12.65->13.28 t=3.1s
[DONE] evaluation__5143__deblur__random_walk__random_walk__l1 calls=1024 margin 12.65->13.33 t=4.0s
[DONE] evaluation__5143__deblur__confidence_boost__nes__l1 calls=1021 margin 12.65->13.82 t=3.0s
[DONE] evaluation__5143__deblur__boundary_probe__nes__l1 calls=1021 margin 12.65->6.10 t=3.2s
[DONE] evaluation__5143__deblur__counterfactual__nes__l1 calls=1021 margin 12.65->6.54 t=3.2s
[DONE] evaluation__8849__denoise__attack__nes__l0.5 calls=1021 margin 4.27->-3.55 t=3.2s
[DONE] evaluation__8849__denoise__restore__nes__l0.5 calls=1021 margin 4.27->4.56 t=3.0s
[DONE] evaluation__8849__denoise__random_walk__random_walk__l0.5 calls=1024 margin 4.27->3.02 t=4.2s
[DONE] evaluation__8849__denoise__confidence_boost__nes__l0.5 calls=1021 margin 4.27->10.62 t=3.2s
[DONE] evaluation__8849__denoise__boundary_probe__nes__l0.5 calls=1021 margin 4.27->0.02 t=3.3s
[DONE] evaluation__8849__denoise__counterfactual__nes__l0.5 calls=1021 margin 4.27->-1.74 t=3.1s
[DONE] evaluation__8849__deblur__attack__nes__l1 calls=1021 margin 10.87->-0.56 t=2.9s
[DONE] evaluation__8849__deblur__restore__nes__l1 calls=1021 margin 10.87->10.70 t=3.2s
[DONE] evaluation__8849__deblur__random_walk__random_walk__l1 calls=1024 margin 10.87->7.80 t=4.3s
[DONE] evaluation__8849__deblur__confidence_boost__nes__l1 calls=1021 margin 10.87->12.89 t=3.1s
[DONE] evaluation__8849__deblur__boundary_probe__nes__l1 calls=1021 margin 10.87->0.01 t=3.1s
[DONE] evaluation__8849__deblur__counterfactual__nes__l1 calls=1021 margin 10.87->0.48 t=3.2s
[DONE] fit__3943__denoise__attack__nes__l0.5 calls=1021 margin 5.81->-1.90 t=3.1s
[DONE] fit__3943__denoise__restore__nes__l0.5 calls=1021 margin 5.81->5.74 t=3.1s
[DONE] fit__3943__denoise__random_walk__random_walk__l0.5 calls=1024 margin 5.81->4.22 t=4.2s
[DONE] fit__3943__denoise__confidence_boost__nes__l0.5 calls=1021 margin 5.81->12.48 t=3.3s
[DONE] fit__3943__denoise__boundary_probe__nes__l0.5 calls=1021 margin 5.81->0.01 t=3.1s
[DONE] fit__3943__denoise__counterfactual__nes__l0.5 calls=1021 margin 5.81->-3.09 t=3.2s
[DONE] fit__3943__deblur__attack__nes__l1 calls=1021 margin 9.15->-6.22 t=3.3s
[DONE] fit__3943__deblur__restore__nes__l1 calls=1021 margin 9.15->9.40 t=3.3s
[DONE] fit__3943__deblur__random_walk__random_walk__l1 calls=1024 margin 9.15->6.43 t=4.1s
[DONE] fit__3943__deblur__confidence_boost__nes__l1 calls=1021 margin 9.15->14.14 t=3.1s
[DONE] fit__3943__deblur__boundary_probe__nes__l1 calls=1021 margin 9.15->0.05 t=3.1s
[DONE] fit__3943__deblur__counterfactual__nes__l1 calls=1021 margin 9.15->-7.76 t=3.2s
[DONE] fit__9954__denoise__attack__nes__l0.5 calls=1021 margin 4.83->-1.98 t=3.0s
[DONE] fit__9954__denoise__restore__nes__l0.5 calls=1021 margin 4.83->4.87 t=2.8s
[DONE] fit__9954__denoise__random_walk__random_walk__l0.5 calls=1024 margin 4.83->4.28 t=4.1s
[DONE] fit__9954__denoise__confidence_boost__nes__l0.5 calls=1021 margin 4.83->9.01 t=3.0s
[DONE] fit__9954__denoise__boundary_probe__nes__l0.5 calls=1021 margin 4.83->0.03 t=3.1s
[DONE] fit__9954__denoise__counterfactual__nes__l0.5 calls=1021 margin 4.83->-1.84 t=3.2s
[DONE] fit__9954__deblur__attack__nes__l1 calls=1021 margin 6.27->2.29 t=3.0s
[DONE] fit__9954__deblur__restore__nes__l1 calls=1021 margin 6.27->6.94 t=2.9s
[DONE] fit__9954__deblur__random_walk__random_walk__l1 calls=1024 margin 6.27->4.54 t=3.7s
[DONE] fit__9954__deblur__confidence_boost__nes__l1 calls=1021 margin 6.27->10.59 t=3.0s
[DONE] fit__9954__deblur__boundary_probe__nes__l1 calls=1021 margin 6.27->2.30 t=3.1s
[DONE] fit__9954__deblur__counterfactual__nes__l1 calls=1021 margin 6.27->2.35 t=3.0s
[DONE] fit__4752__denoise__attack__nes__l0.5 calls=1021 margin 5.10->-0.31 t=3.0s
[DONE] fit__4752__denoise__restore__nes__l0.5 calls=1021 margin 5.10->5.26 t=3.1s
[DONE] fit__4752__denoise__random_walk__random_walk__l0.5 calls=1024 margin 5.10->4.96 t=4.1s
[DONE] fit__4752__denoise__confidence_boost__nes__l0.5 calls=1021 margin 5.10->8.41 t=3.0s
[DONE] fit__4752__denoise__boundary_probe__nes__l0.5 calls=1021 margin 5.10->0.01 t=3.3s
[DONE] fit__4752__denoise__counterfactual__nes__l0.5 calls=1021 margin 5.10->-0.65 t=3.0s
[DONE] fit__4752__deblur__attack__nes__l1 calls=1021 margin 5.85->-5.02 t=2.9s
[DONE] fit__4752__deblur__restore__nes__l1 calls=1021 margin 5.85->5.40 t=2.9s
[DONE] fit__4752__deblur__random_walk__random_walk__l1 calls=1024 margin 5.85->3.47 t=3.9s
[DONE] fit__4752__deblur__confidence_boost__nes__l1 calls=1021 margin 5.85->10.41 t=3.2s
[DONE] fit__4752__deblur__boundary_probe__nes__l1 calls=1021 margin 5.85->0.02 t=3.0s
[DONE] fit__4752__deblur__counterfactual__nes__l1 calls=1021 margin 5.85->-3.27 t=3.1s
[DONE] fit__1678__denoise__attack__nes__l0.5 calls=1021 margin 3.13->-2.97 t=3.0s
[DONE] fit__1678__denoise__restore__nes__l0.5 calls=1021 margin 3.13->2.80 t=3.0s
[DONE] fit__1678__denoise__random_walk__random_walk__l0.5 calls=1024 margin 3.13->3.11 t=4.1s
[DONE] fit__1678__denoise__confidence_boost__nes__l0.5 calls=1021 margin 3.13->9.87 t=3.0s
[DONE] fit__1678__denoise__boundary_probe__nes__l0.5 calls=1021 margin 3.13->0.00 t=3.2s
[DONE] fit__1678__denoise__counterfactual__nes__l0.5 calls=1021 margin 3.13->-3.28 t=2.9s
[DONE] fit__1678__deblur__attack__nes__l1 calls=1021 margin 10.51->-1.53 t=3.0s
[DONE] fit__1678__deblur__restore__nes__l1 calls=1021 margin 10.51->8.19 t=3.0s
[DONE] fit__1678__deblur__random_walk__random_walk__l1 calls=1024 margin 10.51->3.84 t=4.0s
[DONE] fit__1678__deblur__confidence_boost__nes__l1 calls=1021 margin 10.51->13.53 t=3.2s
[DONE] fit__1678__deblur__boundary_probe__nes__l1 calls=1021 margin 10.51->0.01 t=3.0s
[DONE] fit__1678__deblur__counterfactual__nes__l1 calls=1021 margin 10.51->-1.95 t=3.1s
[DONE] fit__8062__denoise__attack__nes__l0.5 calls=1021 margin 2.21->-5.35 t=2.9s
[DONE] fit__8062__denoise__restore__nes__l0.5 calls=1021 margin 2.21->2.47 t=3.1s
[DONE] fit__8062__denoise__random_walk__random_walk__l0.5 calls=1024 margin 2.21->1.73 t=4.1s
[DONE] fit__8062__denoise__confidence_boost__nes__l0.5 calls=1021 margin 2.21->8.31 t=3.0s
[DONE] fit__8062__denoise__boundary_probe__nes__l0.5 calls=1021 margin 2.21->0.04 t=3.1s
[DONE] fit__8062__denoise__counterfactual__nes__l0.5 calls=1021 margin 2.21->-4.90 t=3.3s
[DONE] fit__8062__deblur__attack__nes__l1 calls=1021 margin 11.08->-4.07 t=3.0s
[DONE] fit__8062__deblur__restore__nes__l1 calls=1021 margin 11.08->10.02 t=3.1s
[DONE] fit__8062__deblur__random_walk__random_walk__l1 calls=1024 margin 11.08->5.84 t=4.0s
[DONE] fit__8062__deblur__confidence_boost__nes__l1 calls=1021 margin 11.08->14.38 t=3.1s
[DONE] fit__8062__deblur__boundary_probe__nes__l1 calls=1021 margin 11.08->0.04 t=3.0s
[DONE] fit__8062__deblur__counterfactual__nes__l1 calls=1021 margin 11.08->-2.91 t=3.1s
[DONE] fit__2285__denoise__attack__nes__l0.5 calls=1021 margin 4.64->-1.71 t=3.1s
[DONE] fit__2285__denoise__restore__nes__l0.5 calls=1021 margin 4.64->4.91 t=3.2s
[DONE] fit__2285__denoise__random_walk__random_walk__l0.5 calls=1024 margin 4.64->3.03 t=4.2s
[DONE] fit__2285__denoise__confidence_boost__nes__l0.5 calls=1021 margin 4.64->9.05 t=3.0s
[DONE] fit__2285__denoise__boundary_probe__nes__l0.5 calls=1021 margin 4.64->0.03 t=3.4s
[DONE] fit__2285__denoise__counterfactual__nes__l0.5 calls=1021 margin 4.64->-1.70 t=3.2s
[DONE] fit__2285__deblur__attack__nes__l1 calls=1021 margin 1.06->-5.51 t=2.9s
[DONE] fit__2285__deblur__restore__nes__l1 calls=1021 margin 1.06->1.78 t=3.0s
[DONE] fit__2285__deblur__random_walk__random_walk__l1 calls=1024 margin 1.06->0.88 t=4.0s
[DONE] fit__2285__deblur__confidence_boost__nes__l1 calls=1021 margin 1.06->7.58 t=3.1s
[DONE] fit__2285__deblur__boundary_probe__nes__l1 calls=1021 margin 1.06->0.01 t=3.2s
[DONE] fit__2285__deblur__counterfactual__nes__l1 calls=1021 margin 1.06->-5.61 t=3.2s
[DONE] fit__8677__denoise__attack__nes__l0.5 calls=1021 margin 2.09->-5.62 t=3.2s
[DONE] fit__8677__denoise__restore__nes__l0.5 calls=1021 margin 2.09->2.52 t=2.9s
[DONE] fit__8677__denoise__random_walk__random_walk__l0.5 calls=1024 margin 2.09->1.95 t=4.1s
[DONE] fit__8677__denoise__confidence_boost__nes__l0.5 calls=1021 margin 2.09->7.89 t=2.8s
[DONE] fit__8677__denoise__boundary_probe__nes__l0.5 calls=1021 margin 2.09->0.03 t=3.2s
[DONE] fit__8677__denoise__counterfactual__nes__l0.5 calls=1021 margin 2.09->-2.13 t=3.0s
[DONE] fit__8677__deblur__attack__nes__l1 calls=1021 margin 2.25->-3.86 t=3.3s
[DONE] fit__8677__deblur__restore__nes__l1 calls=1021 margin 2.25->2.16 t=3.2s
[DONE] fit__8677__deblur__random_walk__random_walk__l1 calls=1024 margin 2.25->1.44 t=4.3s
[DONE] fit__8677__deblur__confidence_boost__nes__l1 calls=1021 margin 2.25->7.78 t=3.0s
[DONE] fit__8677__deblur__boundary_probe__nes__l1 calls=1021 margin 2.25->0.01 t=3.1s
[DONE] fit__8677__deblur__counterfactual__nes__l1 calls=1021 margin 2.25->-4.63 t=3.3s
[DONE] fit__3507__denoise__attack__nes__l0.5 calls=1021 margin 5.30->-5.42 t=3.1s
[DONE] fit__3507__denoise__restore__nes__l0.5 calls=1021 margin 5.30->5.70 t=3.0s
[DONE] fit__3507__denoise__random_walk__random_walk__l0.5 calls=1024 margin 5.30->4.43 t=4.0s
[DONE] fit__3507__denoise__confidence_boost__nes__l0.5 calls=1021 margin 5.30->11.57 t=3.0s
[DONE] fit__3507__denoise__boundary_probe__nes__l0.5 calls=1021 margin 5.30->0.02 t=3.2s
[DONE] fit__3507__denoise__counterfactual__nes__l0.5 calls=1021 margin 5.30->-5.39 t=3.1s
[DONE] fit__3507__deblur__attack__nes__l1 calls=1021 margin 8.91->-5.15 t=3.2s
[DONE] fit__3507__deblur__restore__nes__l1 calls=1021 margin 8.91->8.02 t=3.2s
[DONE] fit__3507__deblur__random_walk__random_walk__l1 calls=1024 margin 8.91->5.50 t=3.9s
[DONE] fit__3507__deblur__confidence_boost__nes__l1 calls=1021 margin 8.91->14.11 t=3.1s
[DONE] fit__3507__deblur__boundary_probe__nes__l1 calls=1021 margin 8.91->0.02 t=3.2s
[DONE] fit__3507__deblur__counterfactual__nes__l1 calls=1021 margin 8.91->-6.24 t=3.3s
[DONE] fit__3558__denoise__attack__nes__l0.5 calls=1021 margin 3.92->-1.75 t=3.1s
[DONE] fit__3558__denoise__restore__nes__l0.5 calls=1021 margin 3.92->4.48 t=3.1s
[DONE] fit__3558__denoise__random_walk__random_walk__l0.5 calls=1024 margin 3.92->4.00 t=4.0s
[DONE] fit__3558__denoise__confidence_boost__nes__l0.5 calls=1021 margin 3.92->8.27 t=3.1s
[DONE] fit__3558__denoise__boundary_probe__nes__l0.5 calls=1021 margin 3.92->0.00 t=3.0s
[DONE] fit__3558__denoise__counterfactual__nes__l0.5 calls=1021 margin 3.92->-2.77 t=3.2s
[DONE] fit__3558__deblur__attack__nes__l1 calls=1021 margin 4.89->-0.86 t=3.0s
[DONE] fit__3558__deblur__restore__nes__l1 calls=1021 margin 4.89->5.51 t=3.0s
[DONE] fit__3558__deblur__random_walk__random_walk__l1 calls=1024 margin 4.89->6.41 t=4.2s
[DONE] fit__3558__deblur__confidence_boost__nes__l1 calls=1021 margin 4.89->9.53 t=3.0s
[DONE] fit__3558__deblur__boundary_probe__nes__l1 calls=1021 margin 4.89->0.01 t=3.2s
[DONE] fit__3558__deblur__counterfactual__nes__l1 calls=1021 margin 4.89->-1.00 t=3.3s
[DONE] fit__6920__denoise__attack__nes__l0.5 calls=1021 margin 5.42->0.65 t=3.3s
[DONE] fit__6920__denoise__restore__nes__l0.5 calls=1021 margin 5.42->5.39 t=3.3s
[DONE] fit__6920__denoise__random_walk__random_walk__l0.5 calls=1024 margin 5.42->4.67 t=4.5s
[DONE] fit__6920__denoise__confidence_boost__nes__l0.5 calls=1021 margin 5.42->9.13 t=3.0s
[DONE] fit__6920__denoise__boundary_probe__nes__l0.5 calls=1021 margin 5.42->0.09 t=2.8s
[DONE] fit__6920__denoise__counterfactual__nes__l0.5 calls=1021 margin 5.42->-0.00 t=2.9s
[DONE] fit__6920__deblur__attack__nes__l1 calls=1021 margin 1.86->-11.30 t=2.9s
[DONE] fit__6920__deblur__restore__nes__l1 calls=1021 margin 1.86->3.27 t=3.1s
[DONE] fit__6920__deblur__random_walk__random_walk__l1 calls=1024 margin 1.86->2.44 t=4.2s
[DONE] fit__6920__deblur__confidence_boost__nes__l1 calls=1021 margin 1.86->10.33 t=3.0s
[DONE] fit__6920__deblur__boundary_probe__nes__l1 calls=1021 margin 1.86->0.00 t=3.0s
[DONE] fit__6920__deblur__counterfactual__nes__l1 calls=1021 margin 1.86->-8.91 t=3.0s
[DONE] fit__3124__denoise__attack__nes__l0.5 calls=1021 margin 4.35->-2.41 t=3.2s
[DONE] fit__3124__denoise__restore__nes__l0.5 calls=1021 margin 4.35->4.19 t=3.1s
[DONE] fit__3124__denoise__random_walk__random_walk__l0.5 calls=1024 margin 4.35->4.71 t=4.2s
[DONE] fit__3124__denoise__confidence_boost__nes__l0.5 calls=1021 margin 4.35->9.04 t=3.2s
[DONE] fit__3124__denoise__boundary_probe__nes__l0.5 calls=1021 margin 4.35->0.04 t=2.9s
[DONE] fit__3124__denoise__counterfactual__nes__l0.5 calls=1021 margin 4.35->-2.03 t=3.1s
[DONE] fit__3124__deblur__attack__nes__l1 calls=1021 margin 6.39->-0.84 t=3.2s
[DONE] fit__3124__deblur__restore__nes__l1 calls=1021 margin 6.39->6.10 t=3.5s
[DONE] fit__3124__deblur__random_walk__random_walk__l1 calls=1024 margin 6.39->2.90 t=4.4s
[DONE] fit__3124__deblur__confidence_boost__nes__l1 calls=1021 margin 6.39->10.55 t=3.1s
[DONE] fit__3124__deblur__boundary_probe__nes__l1 calls=1021 margin 6.39->0.01 t=3.3s
[DONE] fit__3124__deblur__counterfactual__nes__l1 calls=1021 margin 6.39->-2.75 t=3.3s
[DONE] fit__9241__denoise__attack__nes__l0.5 calls=1021 margin 4.32->0.23 t=3.1s
[DONE] fit__9241__denoise__restore__nes__l0.5 calls=1021 margin 4.32->4.52 t=3.2s
[DONE] fit__9241__denoise__random_walk__random_walk__l0.5 calls=1024 margin 4.32->4.78 t=4.0s
[DONE] fit__9241__denoise__confidence_boost__nes__l0.5 calls=1021 margin 4.32->7.99 t=3.0s
[DONE] fit__9241__denoise__boundary_probe__nes__l0.5 calls=1021 margin 4.32->0.07 t=3.0s
[DONE] fit__9241__denoise__counterfactual__nes__l0.5 calls=1021 margin 4.32->-0.23 t=3.1s
[DONE] fit__9241__deblur__attack__nes__l1 calls=1021 margin 3.96->-0.94 t=3.3s
[DONE] fit__9241__deblur__restore__nes__l1 calls=1021 margin 3.96->5.01 t=3.1s
[DONE] fit__9241__deblur__random_walk__random_walk__l1 calls=1024 margin 3.96->4.38 t=4.4s
[DONE] fit__9241__deblur__confidence_boost__nes__l1 calls=1021 margin 3.96->9.64 t=2.9s
[DONE] fit__9241__deblur__boundary_probe__nes__l1 calls=1021 margin 3.96->0.00 t=3.0s
[DONE] fit__9241__deblur__counterfactual__nes__l1 calls=1021 margin 3.96->-1.13 t=3.0s
[DONE] fit__2028__denoise__attack__nes__l0.5 calls=1021 margin 4.36->-2.75 t=3.3s
[DONE] fit__2028__denoise__restore__nes__l0.5 calls=1021 margin 4.36->4.64 t=3.2s
[DONE] fit__2028__denoise__random_walk__random_walk__l0.5 calls=1024 margin 4.36->3.86 t=4.5s
[DONE] fit__2028__denoise__confidence_boost__nes__l0.5 calls=1021 margin 4.36->8.58 t=3.0s
[DONE] fit__2028__denoise__boundary_probe__nes__l0.5 calls=1021 margin 4.36->0.00 t=3.1s
[DONE] fit__2028__denoise__counterfactual__nes__l0.5 calls=1021 margin 4.36->-4.02 t=3.1s
[DONE] fit__2028__deblur__attack__nes__l1 calls=1021 margin 10.66->3.76 t=3.1s
[DONE] fit__2028__deblur__restore__nes__l1 calls=1021 margin 10.66->10.13 t=3.1s
[DONE] fit__2028__deblur__random_walk__random_walk__l1 calls=1024 margin 10.66->6.81 t=4.3s
[DONE] fit__2028__deblur__confidence_boost__nes__l1 calls=1021 margin 10.66->13.99 t=3.0s
[DONE] fit__2028__deblur__boundary_probe__nes__l1 calls=1021 margin 10.66->2.46 t=3.1s
[DONE] fit__2028__deblur__counterfactual__nes__l1 calls=1021 margin 10.66->2.92 t=3.2s
[DONE] fit__636__denoise__attack__nes__l0.5 calls=1021 margin 7.62->1.77 t=3.2s
[DONE] fit__636__denoise__restore__nes__l0.5 calls=1021 margin 7.62->7.88 t=3.2s
[DONE] fit__636__denoise__random_walk__random_walk__l0.5 calls=1024 margin 7.62->6.33 t=4.5s
[DONE] fit__636__denoise__confidence_boost__nes__l0.5 calls=1021 margin 7.62->11.34 t=2.8s
[DONE] fit__636__denoise__boundary_probe__nes__l0.5 calls=1021 margin 7.62->0.87 t=3.1s
[DONE] fit__636__denoise__counterfactual__nes__l0.5 calls=1021 margin 7.62->1.83 t=2.9s
[DONE] fit__636__deblur__attack__nes__l1 calls=1021 margin 9.75->2.68 t=3.1s
[DONE] fit__636__deblur__restore__nes__l1 calls=1021 margin 9.75->9.07 t=3.3s
[DONE] fit__636__deblur__random_walk__random_walk__l1 calls=1024 margin 9.75->10.27 t=4.0s
[DONE] fit__636__deblur__confidence_boost__nes__l1 calls=1021 margin 9.75->14.33 t=3.1s
[DONE] fit__636__deblur__boundary_probe__nes__l1 calls=1021 margin 9.75->2.69 t=3.2s
[DONE] fit__636__deblur__counterfactual__nes__l1 calls=1021 margin 9.75->2.45 t=3.0s
[DONE] fit__5383__denoise__attack__nes__l0.5 calls=1021 margin 5.43->0.92 t=3.0s
[DONE] fit__5383__denoise__restore__nes__l0.5 calls=1021 margin 5.43->4.96 t=3.0s
[DONE] fit__5383__denoise__random_walk__random_walk__l0.5 calls=1024 margin 5.43->5.83 t=4.5s
[DONE] fit__5383__denoise__confidence_boost__nes__l0.5 calls=1021 margin 5.43->9.52 t=3.0s
[DONE] fit__5383__denoise__boundary_probe__nes__l0.5 calls=1021 margin 5.43->0.38 t=2.9s
[DONE] fit__5383__denoise__counterfactual__nes__l0.5 calls=1021 margin 5.43->0.66 t=3.1s
[DONE] fit__5383__deblur__attack__nes__l1 calls=1021 margin 7.24->-4.53 t=3.1s
[DONE] fit__5383__deblur__restore__nes__l1 calls=1021 margin 7.24->7.83 t=3.1s
[DONE] fit__5383__deblur__random_walk__random_walk__l1 calls=1024 margin 7.24->8.90 t=4.1s
[DONE] fit__5383__deblur__confidence_boost__nes__l1 calls=1021 margin 7.24->14.31 t=3.0s
[DONE] fit__5383__deblur__boundary_probe__nes__l1 calls=1021 margin 7.24->0.02 t=3.0s
[DONE] fit__5383__deblur__counterfactual__nes__l1 calls=1021 margin 7.24->-4.52 t=3.2s
[DONE] fit__3409__denoise__attack__nes__l0.5 calls=1021 margin 9.23->4.20 t=3.2s
[DONE] fit__3409__denoise__restore__nes__l0.5 calls=1021 margin 9.23->9.39 t=3.3s
[DONE] fit__3409__denoise__random_walk__random_walk__l0.5 calls=1024 margin 9.23->8.51 t=4.2s
[DONE] fit__3409__denoise__confidence_boost__nes__l0.5 calls=1021 margin 9.23->11.91 t=3.3s
[DONE] fit__3409__denoise__boundary_probe__nes__l0.5 calls=1021 margin 9.23->4.34 t=3.2s
[DONE] fit__3409__denoise__counterfactual__nes__l0.5 calls=1021 margin 9.23->3.40 t=3.1s
[DONE] fit__3409__deblur__attack__nes__l1 calls=1021 margin 13.67->8.04 t=3.2s
[DONE] fit__3409__deblur__restore__nes__l1 calls=1021 margin 13.67->13.93 t=3.0s
[DONE] fit__3409__deblur__random_walk__random_walk__l1 calls=1024 margin 13.67->12.66 t=3.7s
[DONE] fit__3409__deblur__confidence_boost__nes__l1 calls=1021 margin 13.67->14.07 t=3.2s
[DONE] fit__3409__deblur__boundary_probe__nes__l1 calls=1021 margin 13.67->7.74 t=3.1s
[DONE] fit__3409__deblur__counterfactual__nes__l1 calls=1021 margin 13.67->7.35 t=3.3s
[DONE] fit__9927__denoise__attack__nes__l0.5 calls=1021 margin 0.44->-7.51 t=2.9s
[DONE] fit__9927__denoise__restore__nes__l0.5 calls=1021 margin 0.44->0.08 t=2.9s
[DONE] fit__9927__denoise__random_walk__random_walk__l0.5 calls=1024 margin 0.44->-0.52 t=3.6s
[DONE] fit__9927__denoise__confidence_boost__nes__l0.5 calls=1021 margin 0.44->5.46 t=2.7s
[DONE] fit__9927__denoise__boundary_probe__nes__l0.5 calls=1021 margin 0.44->0.01 t=2.6s
[DONE] fit__9927__denoise__counterfactual__nes__l0.5 calls=1021 margin 0.44->-6.74 t=2.7s
[DONE] fit__9927__deblur__attack__nes__l1 calls=1021 margin 9.37->-5.66 t=2.7s
[DONE] fit__9927__deblur__restore__nes__l1 calls=1021 margin 9.37->8.25 t=2.6s
[DONE] fit__9927__deblur__random_walk__random_walk__l1 calls=1024 margin 9.37->0.96 t=3.5s
[DONE] fit__9927__deblur__confidence_boost__nes__l1 calls=1021 margin 9.37->13.51 t=2.3s
[DONE] fit__9927__deblur__boundary_probe__nes__l1 calls=1021 margin 9.37->0.02 t=2.2s
[DONE] fit__9927__deblur__counterfactual__nes__l1 calls=1021 margin 9.37->-4.50 t=2.2s
