3 [154, 160, 171, 184, 185] 163
17 [852, 870, 884, 885, 892] 883
30 [1501, 1504, 1509, 1511, 1530] 1502
38 [1910, 1929, 1940, 1942, 1946] 1928
39 [1962, 1964, 1966, 1980, 1988] 1952
58 [2903, 2912, 2922, 2930, 2943] 2945
59 [2951, 2963, 2964, 2981, 2991] 2984
60 [3001, 3006, 3017, 3035, 3043] 3011
63 [3159, 3163, 3173, 3178, 3180] 3160
81 [4076, 4080, 4088, 4089, 4099] 4095
100 [5009, 5017, 5031, 5037, 5049] 5023
106 [5307, 5313, 5332, 5343, 5347] 5344
108 [5401, 5404, 5405, 5416, 5444] 5415
118 [5901, 5905, 5917, 5923, 5946] 5911
119 [5955, 5974, 5979, 5989, 5991] 5998
134 [6721, 6726, 6727, 6730, 6749] 6746
139 [6962, 6964, 6965, 6989, 6997] 6958
141 [7055, 7067, 7069, 7088, 7089] 7080
148 [7401, 7409, 7427, 7432, 7444] 7443
151 [7569, 7574, 7575, 7590, 7593] 7587
157 [7864, 7878, 7887, 7897, 7898] 7859
159 [7963, 7965, 7975, 7978, 7995] 7980
165 [8263, 8268, 8273, 8295, 8298] 8281
168 [8410, 8418, 8421, 8426, 8444] 8431
211 [10564, 10578, 10586, 10590, 10591] 10594
213 [10655, 10659, 10663, 10668, 10681] 10671
221 [11053, 11067, 11082, 11086, 11089] 11071
237 [11863, 11873, 11882, 11884, 11893] 11859
243 [12179, 12186, 12195, 12197, 12199] 12160
248 [12411, 12421, 12430, 12444, 12448] 12437
262 [13100, 13106, 13123, 13133, 13141] 13137
263 [13157, 13162, 13185, 13191, 13198] 13156
266 [13300, 13312, 13319, 13327, 13333] 13309
271 [13552, 13553, 13564, 13595, 13597] 13591
272 [13609, 13633, 13635, 13648, 13649] 13614
273 [13654, 13674, 13680, 13683, 13687] 13661
285 [14252, 14254, 14265, 14275, 14286] 14263
307 [15361, 15363, 15365, 15367, 15368] 15358
312 [15609, 15617, 15638, 15642, 15647] 15626
320 [16008, 16016, 16027, 16042, 16049] 16030
334 [16709, 16720, 16737, 16743, 16748] 16707
369 [18456, 18467, 18475, 18483, 18494] 18488
376 [18802, 18803, 18804, 18828, 18849] 18833
385 [19258, 19261, 19264, 19274, 19280] 19287
400 [20003, 20004, 20019, 20037, 20046] 20030
401 [20053, 20059, 20080, 20085, 20095] 20087
419 [20953, 20966, 20989, 20996, 20997] 20977
423 [21161, 21170, 21176, 21183, 21196] 21197
460 [23015, 23029, 23034, 23039, 23046] 23047
468 [23422, 23426, 23437, 23445, 23449] 23400
472 [23628, 23636, 23640, 23643, 23648] 23637
484 [24217, 24221, 24236, 24245, 24247] 24212
511 [25554, 25558, 25563, 25590, 25598] 25578
513 [25650, 25652, 25665, 25673, 25686] 25651
514 [25709, 25710, 25717, 25740, 25745] 25736
530 [26527, 26535, 26538, 26540, 26549] 26504
534 [26705, 26729, 26731, 26741, 26742] 26743
535 [26756, 26773, 26778, 26779, 26791] 26792
541 [27072, 27074, 27077, 27079, 27088] 27055
543 [27153, 27158, 27184, 27186, 27188] 27157
551 [27557, 27560, 27564, 27568, 27572] 27588
558 [27903, 27908, 27916, 27924, 27931] 27901
564 [28200, 28201, 28204, 28226, 28228] 28221
571 [28556, 28568, 28576, 28590, 28594] 28560
587 [29360, 29374, 29377, 29378, 29386] 29383
598 [29902, 29905, 29917, 29930, 29943] 29924
599 [29950, 29960, 29985, 29989, 29999] 29995
601 [30056, 30059, 30070, 30078, 30085] 30069
613 [30684, 30687, 30689, 30694, 30699] 30658
625 [31265, 31266, 31276, 31288, 31289] 31264
637 [31851, 31852, 31860, 31885, 31890] 31879
652 [32613, 32621, 32633, 32644, 32647] 32639
656 [32810, 32815, 32817, 32834, 32846] 32809
660 [33001, 33014, 33020, 33028, 33040] 33018
688 [34403, 34409, 34424, 34437, 34445] 34416
703 [35163, 35167, 35185, 35188, 35189] 35166
721 [36060, 36066, 36078, 36085, 36099] 36063
730 [36510, 36512, 36515, 36540, 36547] 36508
747 [37357, 37360, 37376, 37394, 37397] 37390
768 [38408, 38409, 38415, 38429, 38431] 38410
772 [38600, 38603, 38628, 38642, 38643] 38629
782 [39105, 39109, 39111, 39123, 39131] 39113
783 [39152, 39175, 39177, 39178, 39193] 39185
787 [39360, 39372, 39383, 39387, 39395] 39356
844 [42208, 42220, 42226, 42230, 42233] 42246
849 [42472, 42484, 42487, 42492, 42496] 42470
851 [42562, 42574, 42587, 42595, 42596] 42567
857 [42857, 42859, 42869, 42875, 42884] 42862
860 [43001, 43003, 43005, 43028, 43041] 43022
862 [43108, 43112, 43114, 43125, 43144] 43100
878 [43920, 43921, 43939, 43942, 43946] 43916
883 [44154, 44162, 44163, 44169, 44178] 44153
885 [44257, 44262, 44275, 44295, 44296] 44277
919 [45958, 45967, 45975, 45994, 45997] 45951
966 [48301, 48304, 48319, 48320, 48349] 48328
971 [48550, 48556, 48561, 48580, 48584] 48586
973 [48654, 48661, 48673, 48687, 48693] 48655
974 [48701, 48713, 48715, 48717, 48734] 48720
981 [49054, 49084, 49089, 49097, 49098] 49069
992 [49601, 49605, 49613, 49628, 49649] 49631
wrote analysis_outputs/operating_profile_imagenet_20260928/manifest.csv: 100 confirmation images
