calibration/KernelSHAP (Captum)     100
calibration/LIME (lime)             100
calibration/Occlusion (Captum)      100
calibration/attack                  200
calibration/confidence raising      200
calibration/unrelated images        100
confirmation/KernelSHAP (Captum)    100
confirmation/LIME (lime)            100
confirmation/Occlusion (Captum)     100
confirmation/attack                 200
confirmation/confidence raising     200
confirmation/unrelated images       100
      detector      profile  alpha                                     status  theta  calibration_R  calibration_max_F  feasible_candidates                  held_out_status violated         R      R_lo      R_hi  timely  successful  attacks  success_rate  timely_of_all
0   blacklight  explanation   0.01  no feasible candidate in the declared set    NaN            NaN                NaN                    0                              NaN      NaN       NaN       NaN       NaN     NaN         NaN      NaN           NaN            NaN
1   blacklight  explanation   0.05  no feasible candidate in the declared set    NaN            NaN                NaN                    0                              NaN      NaN       NaN       NaN       NaN     NaN         NaN      NaN           NaN            NaN
2   blacklight   diagnostic   0.01  no feasible candidate in the declared set    NaN            NaN                NaN                    0                              NaN      NaN       NaN       NaN       NaN     NaN         NaN      NaN           NaN            NaN
3   blacklight   diagnostic   0.05  no feasible candidate in the declared set    NaN            NaN                NaN                    0                              NaN      NaN       NaN       NaN       NaN     NaN         NaN      NaN           NaN            NaN
4    gwad_plus  explanation   0.01                                   feasible   5.00       0.400000               0.01                   29  within budget on held-out split           0.429448  0.352306  0.509202    70.0       163.0    200.0         0.815           0.35
5    gwad_plus  explanation   0.05                                   feasible   5.00       0.400000               0.01                   41  within budget on held-out split           0.429448  0.352306  0.509202    70.0       163.0    200.0         0.815           0.35
6    gwad_plus   diagnostic   0.01                                   feasible  11.75       0.006061               0.01                   20  within budget on held-out split           0.000000  0.000000  0.022377     0.0       163.0    200.0         0.815           0.00
7    gwad_plus   diagnostic   0.05                                   feasible  11.75       0.006061               0.01                   20  within budget on held-out split           0.000000  0.000000  0.022377     0.0       163.0    200.0         0.815           0.00
8         gwad  explanation   0.01                                   feasible  12.00       0.000000               0.00                    1  within budget on held-out split           0.000000  0.000000  0.022377     0.0       163.0    200.0         0.815           0.00
9         gwad  explanation   0.05                                   feasible   5.50       0.381818               0.05                   27  within budget on held-out split           0.404908  0.328845  0.484494    66.0       163.0    200.0         0.815           0.33
10        gwad   diagnostic   0.01                                   feasible  12.00       0.000000               0.00                    1  within budget on held-out split           0.000000  0.000000  0.022377     0.0       163.0    200.0         0.815           0.00
11        gwad   diagnostic   0.05                                   feasible  11.75       0.006061               0.02                   20  within budget on held-out split           0.000000  0.000000  0.022377     0.0       163.0    200.0         0.815           0.00
