[DONE] calibration__1942__denoise__attack__nes__l0.5 calls=1021 margin 3.42->-5.07 t=93.1s
[DONE] calibration__1942__denoise__confidence_boost__nes__l0.5 calls=1021 margin 3.42->8.97 t=91.9s
[DONE] calibration__1942__deblur__attack__nes__l1 calls=1021 margin 6.11->-2.66 t=91.1s
[DONE] calibration__1942__deblur__confidence_boost__nes__l1 calls=1021 margin 6.11->12.00 t=89.5s
[DONE] calibration__5332__denoise__attack__nes__l0.5 calls=1021 margin 0.24->-12.12 t=89.7s
[DONE] calibration__5332__denoise__confidence_boost__nes__l0.5 calls=1021 margin 0.24->5.49 t=90.3s
[DONE] calibration__5332__deblur__attack__nes__l1 calls=1021 margin 1.37->-11.00 t=90.2s
[DONE] calibration__5332__deblur__confidence_boost__nes__l1 calls=1021 margin 1.37->7.02 t=91.6s
[DONE] calibration__7590__denoise__attack__nes__l0.5 calls=1021 margin 3.40->-1.91 t=89.8s
[DONE] calibration__7590__denoise__confidence_boost__nes__l0.5 calls=1021 margin 3.40->8.01 t=90.1s
[DONE] calibration__7590__deblur__attack__nes__l1 calls=1021 margin 4.24->-5.28 t=91.1s
[DONE] calibration__7590__deblur__confidence_boost__nes__l1 calls=1021 margin 4.24->8.90 t=89.0s
[DONE] calibration__11882__denoise__attack__nes__l0.5 calls=1021 margin 4.82->-3.35 t=89.5s
[DONE] calibration__11882__denoise__confidence_boost__nes__l0.5 calls=1021 margin 4.82->9.25 t=89.1s
[DONE] calibration__11882__deblur__attack__nes__l1 calls=1021 margin 3.01->-4.95 t=89.1s
[DONE] calibration__11882__deblur__confidence_boost__nes__l1 calls=1021 margin 3.01->7.82 t=89.3s
[DONE] calibration__13654__denoise__attack__nes__l0.5 calls=1021 margin 3.78->-5.52 t=89.3s
[DONE] calibration__13654__denoise__confidence_boost__nes__l0.5 calls=1021 margin 3.78->9.81 t=94.4s
[DONE] calibration__13654__deblur__attack__nes__l1 calls=1021 margin 3.21->-2.41 t=89.3s
[DONE] calibration__13654__deblur__confidence_boost__nes__l1 calls=1021 margin 3.21->8.84 t=89.9s
[DONE] calibration__19280__denoise__attack__nes__l0.5 calls=1021 margin 0.94->-4.43 t=89.0s
[DONE] calibration__19280__denoise__confidence_boost__nes__l0.5 calls=1021 margin 0.94->4.35 t=89.1s
[DONE] calibration__19280__deblur__attack__nes__l1 calls=1021 margin 2.26->-2.63 t=89.2s
[DONE] calibration__19280__deblur__confidence_boost__nes__l1 calls=1021 margin 2.26->5.04 t=89.4s
[DONE] calibration__24236__denoise__attack__nes__l0.5 calls=1021 margin 2.63->-5.50 t=89.6s
[DONE] calibration__24236__denoise__confidence_boost__nes__l0.5 calls=1021 margin 2.63->5.27 t=88.9s
[DONE] calibration__24236__deblur__attack__nes__l1 calls=1021 margin 3.04->-0.56 t=89.2s
[DONE] calibration__24236__deblur__confidence_boost__nes__l1 calls=1021 margin 3.04->5.40 t=88.3s
[DONE] calibration__27186__denoise__attack__nes__l0.5 calls=1021 margin 0.93->-1.51 t=88.9s
[DONE] calibration__27186__denoise__confidence_boost__nes__l0.5 calls=1021 margin 0.93->4.15 t=89.3s
[DONE] calibration__27186__deblur__attack__nes__l1 calls=1021 margin 0.81->-3.07 t=88.9s
[DONE] calibration__27186__deblur__confidence_boost__nes__l1 calls=1021 margin 0.81->1.21 t=88.2s
[DONE] calibration__30059__denoise__attack__nes__l0.5 calls=1021 margin 5.30->3.22 t=89.3s
[DONE] calibration__30059__denoise__confidence_boost__nes__l0.5 calls=1021 margin 5.30->8.31 t=90.9s
[DONE] calibration__30059__deblur__attack__nes__l1 calls=1021 margin 4.38->0.97 t=88.9s
[DONE] calibration__30059__deblur__confidence_boost__nes__l1 calls=1021 margin 4.38->6.73 t=89.0s
[DONE] calibration__35163__denoise__attack__nes__l0.5 calls=1021 margin 8.29->2.35 t=89.2s
[DONE] calibration__35163__denoise__confidence_boost__nes__l0.5 calls=1021 margin 8.29->14.50 t=88.9s
[DONE] calibration__35163__deblur__attack__nes__l1 calls=1021 margin 6.60->2.95 t=89.2s
[DONE] calibration__35163__deblur__confidence_boost__nes__l1 calls=1021 margin 6.60->14.46 t=89.0s
[DONE] calibration__39383__denoise__attack__nes__l0.5 calls=1021 margin 1.63->-5.62 t=89.6s
[DONE] calibration__39383__denoise__confidence_boost__nes__l0.5 calls=1021 margin 1.63->6.56 t=89.6s
[DONE] calibration__39383__deblur__attack__nes__l1 calls=1021 margin 0.61->-6.83 t=89.4s
[DONE] calibration__39383__deblur__confidence_boost__nes__l1 calls=1021 margin 0.61->6.07 t=89.6s
[DONE] calibration__44162__denoise__attack__nes__l0.5 calls=1021 margin 0.08->-6.20 t=89.2s
[DONE] calibration__44162__denoise__confidence_boost__nes__l0.5 calls=1021 margin 0.08->5.43 t=89.9s
[DONE] calibration__44162__deblur__attack__nes__l1 calls=1021 margin 1.80->-3.84 t=89.3s
[DONE] calibration__44162__deblur__confidence_boost__nes__l1 calls=1021 margin 1.80->6.93 t=89.0s
[DONE] calibration__49601__denoise__attack__nes__l0.5 calls=1021 margin 2.26->0.97 t=89.7s
[DONE] calibration__49601__denoise__confidence_boost__nes__l0.5 calls=1021 margin 2.26->3.57 t=89.4s
[DONE] calibration__49601__deblur__attack__nes__l1 calls=1021 margin 1.52->0.40 t=89.1s
[DONE] calibration__49601__deblur__confidence_boost__nes__l1 calls=1021 margin 1.52->2.65 t=89.0s
[DONE] confirmation__3011__denoise__attack__nes__l0.5 calls=1021 margin 4.86->-3.15 t=89.3s
[DONE] confirmation__3011__denoise__confidence_boost__nes__l0.5 calls=1021 margin 4.86->8.74 t=89.3s
[DONE] confirmation__3011__deblur__attack__nes__l1 calls=1021 margin 5.54->-0.56 t=89.4s
[DONE] confirmation__3011__deblur__confidence_boost__nes__l1 calls=1021 margin 5.54->9.63 t=89.1s
[DONE] confirmation__6746__denoise__attack__nes__l0.5 calls=1021 margin 6.19->-1.42 t=89.8s
[DONE] confirmation__6746__denoise__confidence_boost__nes__l0.5 calls=1021 margin 6.19->11.68 t=89.0s
[DONE] confirmation__6746__deblur__attack__nes__l1 calls=1021 margin 4.70->-2.65 t=88.6s
[DONE] confirmation__6746__deblur__confidence_boost__nes__l1 calls=1021 margin 4.70->6.28 t=87.5s
[DONE] confirmation__8431__denoise__attack__nes__l0.5 calls=1021 margin -0.00->-7.49 t=86.1s
[DONE] confirmation__8431__denoise__confidence_boost__nes__l0.5 calls=1021 margin -0.00->4.72 t=85.9s
[DONE] confirmation__8431__deblur__attack__nes__l1 calls=1021 margin 0.58->-7.73 t=86.0s
[DONE] confirmation__8431__deblur__confidence_boost__nes__l1 calls=1021 margin 0.58->5.15 t=85.7s
[DONE] confirmation__13156__denoise__attack__nes__l0.5 calls=1021 margin 1.86->-1.65 t=87.7s
[DONE] confirmation__13156__denoise__confidence_boost__nes__l0.5 calls=1021 margin 1.86->4.97 t=86.1s
[DONE] confirmation__13156__deblur__attack__nes__l1 calls=1021 margin 1.38->-2.02 t=86.5s
[DONE] confirmation__13156__deblur__confidence_boost__nes__l1 calls=1021 margin 1.38->3.79 t=86.5s
[DONE] confirmation__16030__denoise__attack__nes__l0.5 calls=1021 margin 2.85->-10.36 t=86.6s
[DONE] confirmation__16030__denoise__confidence_boost__nes__l0.5 calls=1021 margin 2.85->6.01 t=86.5s
[DONE] confirmation__16030__deblur__attack__nes__l1 calls=1021 margin 2.76->-0.27 t=85.5s
[DONE] confirmation__16030__deblur__confidence_boost__nes__l1 calls=1021 margin 2.76->7.73 t=85.7s
[DONE] confirmation__21197__denoise__attack__nes__l0.5 calls=1021 margin 1.74->-1.88 t=85.9s
[DONE] confirmation__21197__denoise__confidence_boost__nes__l0.5 calls=1021 margin 1.74->5.56 t=86.0s
[DONE] confirmation__21197__deblur__attack__nes__l1 calls=1021 margin 1.42->1.42 t=85.8s
[DONE] confirmation__21197__deblur__confidence_boost__nes__l1 calls=1021 margin 1.42->6.47 t=86.8s
[DONE] confirmation__26504__denoise__attack__nes__l0.5 calls=1021 margin 4.69->-2.57 t=87.2s
[DONE] confirmation__26504__denoise__confidence_boost__nes__l0.5 calls=1021 margin 4.69->7.18 t=87.1s
[DONE] confirmation__26504__deblur__attack__nes__l1 calls=1021 margin 5.04->-1.84 t=86.4s
[DONE] confirmation__26504__deblur__confidence_boost__nes__l1 calls=1021 margin 5.04->8.09 t=86.8s
[DONE] confirmation__28560__denoise__attack__nes__l0.5 calls=1021 margin 0.20->-10.01 t=86.6s
[DONE] confirmation__28560__denoise__confidence_boost__nes__l0.5 calls=1021 margin 0.20->8.06 t=87.4s
[DONE] confirmation__28560__deblur__attack__nes__l1 calls=1021 margin 2.09->-6.34 t=87.4s
[DONE] confirmation__28560__deblur__confidence_boost__nes__l1 calls=1021 margin 2.09->9.10 t=88.0s
[DONE] confirmation__32639__denoise__attack__nes__l0.5 calls=1021 margin 8.69->2.71 t=87.6s
[DONE] confirmation__32639__denoise__confidence_boost__nes__l0.5 calls=1021 margin 8.69->13.38 t=88.1s
[DONE] confirmation__32639__deblur__attack__nes__l1 calls=1021 margin 6.46->0.82 t=87.3s
[DONE] confirmation__32639__deblur__confidence_boost__nes__l1 calls=1021 margin 6.46->12.40 t=87.5s
[DONE] confirmation__38410__denoise__attack__nes__l0.5 calls=1021 margin 5.40->0.75 t=87.6s
[DONE] confirmation__38410__denoise__confidence_boost__nes__l0.5 calls=1021 margin 5.40->10.50 t=87.9s
[DONE] confirmation__38410__deblur__attack__nes__l1 calls=1021 margin 11.06->1.68 t=87.4s
[DONE] confirmation__38410__deblur__confidence_boost__nes__l1 calls=1021 margin 11.06->14.57 t=87.9s
[DONE] confirmation__42862__denoise__attack__nes__l0.5 calls=1021 margin 6.19->0.18 t=88.4s
[DONE] confirmation__42862__denoise__confidence_boost__nes__l0.5 calls=1021 margin 6.19->14.64 t=88.0s
[DONE] confirmation__42862__deblur__attack__nes__l1 calls=1021 margin 8.56->-1.23 t=87.6s
[DONE] confirmation__42862__deblur__confidence_boost__nes__l1 calls=1021 margin 8.56->14.19 t=87.9s
[DONE] confirmation__48586__denoise__attack__nes__l0.5 calls=1021 margin 4.90->-9.90 t=87.2s
[DONE] confirmation__48586__denoise__confidence_boost__nes__l0.5 calls=1021 margin 4.90->16.80 t=87.2s
[DONE] confirmation__48586__deblur__attack__nes__l1 calls=1021 margin 17.43->-0.76 t=88.5s
[DONE] confirmation__48586__deblur__confidence_boost__nes__l1 calls=1021 margin 17.43->17.43 t=86.9s
