[DONE] calibration__884__denoise__attack__nes__l0.5 calls=1021 margin 4.72->-1.54 t=90.5s
[DONE] calibration__884__denoise__confidence_boost__nes__l0.5 calls=1021 margin 4.72->12.53 t=93.0s
[DONE] calibration__884__deblur__attack__nes__l1 calls=1021 margin 8.59->0.07 t=92.1s
[DONE] calibration__884__deblur__confidence_boost__nes__l1 calls=1021 margin 8.59->14.92 t=90.4s
[DONE] calibration__4080__denoise__attack__nes__l0.5 calls=1021 margin 6.57->-0.33 t=91.8s
[DONE] calibration__4080__denoise__confidence_boost__nes__l0.5 calls=1021 margin 6.57->11.97 t=90.0s
[DONE] calibration__4080__deblur__attack__nes__l1 calls=1021 margin 4.86->0.08 t=90.1s
[DONE] calibration__4080__deblur__confidence_boost__nes__l1 calls=1021 margin 4.86->9.68 t=89.4s
[DONE] calibration__7088__denoise__attack__nes__l0.5 calls=1021 margin 9.96->1.35 t=89.8s
[DONE] calibration__7088__denoise__confidence_boost__nes__l0.5 calls=1021 margin 9.96->13.16 t=90.9s
[DONE] calibration__7088__deblur__attack__nes__l1 calls=1021 margin 9.49->1.25 t=89.6s
[DONE] calibration__7088__deblur__confidence_boost__nes__l1 calls=1021 margin 9.49->12.79 t=89.6s
[DONE] calibration__10659__denoise__attack__nes__l0.5 calls=1021 margin 4.04->-3.58 t=90.0s
[DONE] calibration__10659__denoise__confidence_boost__nes__l0.5 calls=1021 margin 4.04->9.78 t=88.8s
[DONE] calibration__10659__deblur__attack__nes__l1 calls=1021 margin 7.66->4.02 t=91.0s
[DONE] calibration__10659__deblur__confidence_boost__nes__l1 calls=1021 margin 7.66->12.28 t=89.3s
[DONE] calibration__13597__denoise__attack__nes__l0.5 calls=1021 margin 5.99->-2.61 t=90.8s
[DONE] calibration__13597__denoise__confidence_boost__nes__l0.5 calls=1021 margin 5.99->12.78 t=88.7s
[DONE] calibration__13597__deblur__attack__nes__l1 calls=1021 margin 5.07->-1.09 t=88.0s
[DONE] calibration__13597__deblur__confidence_boost__nes__l1 calls=1021 margin 5.07->9.10 t=88.7s
[DONE] calibration__18456__denoise__attack__nes__l0.5 calls=1021 margin 5.87->1.32 t=88.8s
[DONE] calibration__18456__denoise__confidence_boost__nes__l0.5 calls=1021 margin 5.87->10.49 t=88.7s
[DONE] calibration__18456__deblur__attack__nes__l1 calls=1021 margin 5.78->-4.58 t=89.1s
[DONE] calibration__18456__deblur__confidence_boost__nes__l1 calls=1021 margin 5.78->11.79 t=88.5s
[DONE] calibration__23437__denoise__attack__nes__l0.5 calls=1021 margin 1.72->-4.22 t=89.1s
[DONE] calibration__23437__denoise__confidence_boost__nes__l0.5 calls=1021 margin 1.72->4.51 t=88.5s
[DONE] calibration__23437__deblur__attack__nes__l1 calls=1021 margin 0.26->-6.22 t=88.3s
[DONE] calibration__23437__deblur__confidence_boost__nes__l1 calls=1021 margin 0.26->4.86 t=88.7s
[DONE] calibration__26778__denoise__attack__nes__l0.5 calls=1021 margin 3.37->-4.04 t=88.6s
[DONE] calibration__26778__denoise__confidence_boost__nes__l0.5 calls=1021 margin 3.37->10.07 t=88.5s
[DONE] calibration__26778__deblur__attack__nes__l1 calls=1021 margin 8.73->2.42 t=88.2s
[DONE] calibration__26778__deblur__confidence_boost__nes__l1 calls=1021 margin 8.73->15.74 t=87.6s
[DONE] calibration__29930__denoise__attack__nes__l0.5 calls=1021 margin 4.34->-3.37 t=87.7s
[DONE] calibration__29930__denoise__confidence_boost__nes__l0.5 calls=1021 margin 4.34->7.53 t=88.4s
[DONE] calibration__29930__deblur__attack__nes__l1 calls=1021 margin 5.07->-4.65 t=88.7s
[DONE] calibration__29930__deblur__confidence_boost__nes__l1 calls=1021 margin 5.07->6.73 t=88.2s
[DONE] calibration__33020__denoise__attack__nes__l0.5 calls=1021 margin 1.26->-4.32 t=88.5s
[DONE] calibration__33020__denoise__confidence_boost__nes__l0.5 calls=1021 margin 1.26->6.33 t=89.7s
[DONE] calibration__33020__deblur__attack__nes__l1 calls=1021 margin 5.80->-0.20 t=88.6s
[DONE] calibration__33020__deblur__confidence_boost__nes__l1 calls=1021 margin 5.80->10.26 t=88.4s
[DONE] calibration__39123__denoise__attack__nes__l0.5 calls=1021 margin 0.84->-1.08 t=88.5s
[DONE] calibration__39123__denoise__confidence_boost__nes__l0.5 calls=1021 margin 0.84->2.13 t=89.1s
[DONE] calibration__39123__deblur__attack__nes__l1 calls=1021 margin 0.36->-1.28 t=88.9s
[DONE] calibration__39123__deblur__confidence_boost__nes__l1 calls=1021 margin 0.36->1.64 t=89.3s
[DONE] calibration__43114__denoise__attack__nes__l0.5 calls=1021 margin 3.55->-3.47 t=89.7s
[DONE] calibration__43114__denoise__confidence_boost__nes__l0.5 calls=1021 margin 3.55->8.69 t=89.1s
[DONE] calibration__43114__deblur__attack__nes__l1 calls=1021 margin 4.33->-3.09 t=89.2s
[DONE] calibration__43114__deblur__confidence_boost__nes__l1 calls=1021 margin 4.33->7.93 t=88.7s
[DONE] calibration__48734__denoise__attack__nes__l0.5 calls=1021 margin 0.86->-17.13 t=88.7s
[DONE] calibration__48734__denoise__confidence_boost__nes__l0.5 calls=1021 margin 0.86->5.56 t=88.0s
[DONE] calibration__48734__deblur__attack__nes__l1 calls=1021 margin 3.21->-13.49 t=88.2s
[DONE] calibration__48734__deblur__confidence_boost__nes__l1 calls=1021 margin 3.21->7.51 t=87.9s
[DONE] confirmation__2945__denoise__attack__nes__l0.5 calls=1021 margin 4.86->-4.22 t=88.6s
[DONE] confirmation__2945__denoise__confidence_boost__nes__l0.5 calls=1021 margin 4.86->9.60 t=88.5s
[DONE] confirmation__2945__deblur__attack__nes__l1 calls=1021 margin 8.01->-2.13 t=88.8s
[DONE] confirmation__2945__deblur__confidence_boost__nes__l1 calls=1021 margin 8.01->11.15 t=87.9s
[DONE] confirmation__5911__denoise__attack__nes__l0.5 calls=1021 margin 0.73->-5.19 t=88.7s
[DONE] confirmation__5911__denoise__confidence_boost__nes__l0.5 calls=1021 margin 0.73->3.65 t=88.9s
[DONE] confirmation__5911__deblur__attack__nes__l1 calls=1021 margin 1.59->-8.94 t=88.9s
[DONE] confirmation__5911__deblur__confidence_boost__nes__l1 calls=1021 margin 1.59->4.41 t=89.2s
[DONE] confirmation__7980__denoise__attack__nes__l0.5 calls=1021 margin 3.54->-0.15 t=89.0s
[DONE] confirmation__7980__denoise__confidence_boost__nes__l0.5 calls=1021 margin 3.54->6.69 t=88.7s
[DONE] confirmation__7980__deblur__attack__nes__l1 calls=1021 margin 3.36->-2.01 t=88.6s
[DONE] confirmation__7980__deblur__confidence_boost__nes__l1 calls=1021 margin 3.36->6.27 t=88.4s
[DONE] confirmation__12437__denoise__attack__nes__l0.5 calls=1021 margin 1.33->-0.17 t=88.4s
[DONE] confirmation__12437__denoise__confidence_boost__nes__l0.5 calls=1021 margin 1.33->2.82 t=88.5s
[DONE] confirmation__12437__deblur__attack__nes__l1 calls=1021 margin 1.01->-1.70 t=88.1s
[DONE] confirmation__12437__deblur__confidence_boost__nes__l1 calls=1021 margin 1.01->2.74 t=88.2s
[DONE] confirmation__15358__denoise__attack__nes__l0.5 calls=1021 margin 5.90->-0.97 t=89.3s
[DONE] confirmation__15358__denoise__confidence_boost__nes__l0.5 calls=1021 margin 5.90->12.23 t=88.8s
[DONE] confirmation__15358__deblur__attack__nes__l1 calls=1021 margin 7.28->-1.03 t=88.1s
[DONE] confirmation__15358__deblur__confidence_boost__nes__l1 calls=1021 margin 7.28->10.99 t=88.6s
[DONE] confirmation__20087__denoise__attack__nes__l0.5 calls=1021 margin 1.02->-7.22 t=87.7s
[DONE] confirmation__20087__denoise__confidence_boost__nes__l0.5 calls=1021 margin 1.02->11.67 t=88.1s
[DONE] confirmation__20087__deblur__attack__nes__l1 calls=1021 margin 1.26->-7.89 t=87.8s
[DONE] confirmation__20087__deblur__confidence_boost__nes__l1 calls=1021 margin 1.26->11.64 t=88.2s
[DONE] confirmation__25651__denoise__attack__nes__l0.5 calls=1021 margin 2.57->-6.02 t=88.6s
[DONE] confirmation__25651__denoise__confidence_boost__nes__l0.5 calls=1021 margin 2.57->7.21 t=88.5s
[DONE] confirmation__25651__deblur__attack__nes__l1 calls=1021 margin 1.46->-7.80 t=88.4s
[DONE] confirmation__25651__deblur__confidence_boost__nes__l1 calls=1021 margin 1.46->6.43 t=88.7s
[DONE] confirmation__27901__denoise__attack__nes__l0.5 calls=1021 margin 3.72->-3.93 t=88.5s
[DONE] confirmation__27901__denoise__confidence_boost__nes__l0.5 calls=1021 margin 3.72->11.33 t=88.7s
[DONE] confirmation__27901__deblur__attack__nes__l1 calls=1021 margin 7.82->-2.99 t=88.0s
[DONE] confirmation__27901__deblur__confidence_boost__nes__l1 calls=1021 margin 7.82->13.88 t=88.1s
[DONE] confirmation__31264__denoise__attack__nes__l0.5 calls=1021 margin 11.55->7.75 t=88.0s
[DONE] confirmation__31264__denoise__confidence_boost__nes__l0.5 calls=1021 margin 11.55->15.15 t=88.5s
[DONE] confirmation__31264__deblur__attack__nes__l1 calls=1021 margin 12.06->8.47 t=87.7s
[DONE] confirmation__31264__deblur__confidence_boost__nes__l1 calls=1021 margin 12.06->15.59 t=87.9s
[DONE] confirmation__36508__denoise__attack__nes__l0.5 calls=1021 margin 2.83->-9.70 t=88.3s
[DONE] confirmation__36508__denoise__confidence_boost__nes__l0.5 calls=1021 margin 2.83->8.06 t=88.9s
[DONE] confirmation__36508__deblur__attack__nes__l1 calls=1021 margin 2.78->-9.40 t=88.1s
[DONE] confirmation__36508__deblur__confidence_boost__nes__l1 calls=1021 margin 2.78->2.78 t=88.6s
[DONE] confirmation__42470__denoise__attack__nes__l0.5 calls=1021 margin 3.64->1.80 t=88.3s
[DONE] confirmation__42470__denoise__confidence_boost__nes__l0.5 calls=1021 margin 3.64->6.09 t=87.5s
[DONE] confirmation__42470__deblur__attack__nes__l1 calls=1021 margin 3.45->-2.65 t=87.7s
[DONE] confirmation__42470__deblur__confidence_boost__nes__l1 calls=1021 margin 3.45->5.17 t=88.0s
[DONE] confirmation__45951__denoise__attack__nes__l0.5 calls=1021 margin 5.64->-2.64 t=88.0s
[DONE] confirmation__45951__denoise__confidence_boost__nes__l0.5 calls=1021 margin 5.64->9.65 t=88.3s
[DONE] confirmation__45951__deblur__attack__nes__l1 calls=1021 margin 8.71->8.46 t=87.9s
[DONE] confirmation__45951__deblur__confidence_boost__nes__l1 calls=1021 margin 8.71->13.40 t=87.8s
