[DONE] calibration__2964__denoise__attack__nes__l0.5 calls=1021 margin 4.15->2.13 t=93.3s
[DONE] calibration__2964__denoise__confidence_boost__nes__l0.5 calls=1021 margin 4.15->6.67 t=93.3s
[DONE] calibration__2964__deblur__attack__nes__l1 calls=1021 margin 3.82->1.44 t=90.3s
[DONE] calibration__2964__deblur__confidence_boost__nes__l1 calls=1021 margin 3.82->6.12 t=90.2s
[DONE] calibration__5974__denoise__attack__nes__l0.5 calls=1021 margin 2.90->-6.93 t=90.2s
[DONE] calibration__5974__denoise__confidence_boost__nes__l0.5 calls=1021 margin 2.90->7.34 t=91.0s
[DONE] calibration__5974__deblur__attack__nes__l1 calls=1021 margin 3.65->-6.48 t=90.7s
[DONE] calibration__5974__deblur__confidence_boost__nes__l1 calls=1021 margin 3.65->7.38 t=90.6s
[DONE] calibration__8273__denoise__attack__nes__l0.5 calls=1021 margin 0.35->-8.76 t=90.6s
[DONE] calibration__8273__denoise__confidence_boost__nes__l0.5 calls=1021 margin 0.35->6.44 t=90.4s
[DONE] calibration__8273__deblur__attack__nes__l1 calls=1021 margin 1.13->-3.24 t=90.6s
[DONE] calibration__8273__deblur__confidence_boost__nes__l1 calls=1021 margin 1.13->5.88 t=89.1s
[DONE] calibration__13141__denoise__attack__nes__l0.5 calls=1021 margin 4.28->-8.62 t=89.2s
[DONE] calibration__13141__denoise__confidence_boost__nes__l0.5 calls=1021 margin 4.28->10.28 t=89.5s
[DONE] calibration__13141__deblur__attack__nes__l1 calls=1021 margin 5.95->-4.17 t=89.4s
[DONE] calibration__13141__deblur__confidence_boost__nes__l1 calls=1021 margin 5.95->13.13 t=89.4s
[DONE] calibration__15638__denoise__attack__nes__l0.5 calls=1021 margin 2.27->-7.02 t=89.3s
[DONE] calibration__15638__denoise__confidence_boost__nes__l0.5 calls=1021 margin 2.27->6.70 t=89.3s
[DONE] calibration__15638__deblur__attack__nes__l1 calls=1021 margin 3.76->-5.32 t=89.5s
[DONE] calibration__15638__deblur__confidence_boost__nes__l1 calls=1021 margin 3.76->7.37 t=88.9s
[DONE] calibration__20953__denoise__attack__nes__l0.5 calls=1021 margin 12.77->-6.98 t=89.1s
[DONE] calibration__20953__denoise__confidence_boost__nes__l0.5 calls=1021 margin 12.77->17.38 t=89.4s
[DONE] calibration__20953__deblur__attack__nes__l1 calls=1021 margin 11.79->1.35 t=89.6s
[DONE] calibration__20953__deblur__confidence_boost__nes__l1 calls=1021 margin 11.79->16.52 t=89.3s
[DONE] calibration__25709__denoise__attack__nes__l0.5 calls=1021 margin 5.49->-1.93 t=93.0s
[DONE] calibration__25709__denoise__confidence_boost__nes__l0.5 calls=1021 margin 5.49->13.38 t=90.1s
[DONE] calibration__25709__deblur__attack__nes__l1 calls=1021 margin 8.65->1.13 t=89.5s
[DONE] calibration__25709__deblur__confidence_boost__nes__l1 calls=1021 margin 8.65->15.18 t=89.0s
[DONE] calibration__28226__denoise__attack__nes__l0.5 calls=1021 margin 1.97->-5.26 t=89.4s
[DONE] calibration__28226__denoise__confidence_boost__nes__l0.5 calls=1021 margin 1.97->5.74 t=91.2s
[DONE] calibration__28226__deblur__attack__nes__l1 calls=1021 margin 1.28->-9.94 t=88.5s
[DONE] calibration__28226__deblur__confidence_boost__nes__l1 calls=1021 margin 1.28->5.77 t=88.6s
[DONE] calibration__31890__denoise__attack__nes__l0.5 calls=1021 margin 3.94->-1.41 t=89.3s
[DONE] calibration__31890__denoise__confidence_boost__nes__l0.5 calls=1021 margin 3.94->9.70 t=90.9s
[DONE] calibration__31890__deblur__attack__nes__l1 calls=1021 margin 1.62->-5.39 t=88.6s
[DONE] calibration__31890__deblur__confidence_boost__nes__l1 calls=1021 margin 1.62->7.40 t=91.1s
[DONE] calibration__37360__denoise__attack__nes__l0.5 calls=1021 margin 0.46->-16.46 t=89.1s
[DONE] calibration__37360__denoise__confidence_boost__nes__l0.5 calls=1021 margin 0.46->15.54 t=89.7s
[DONE] calibration__37360__deblur__attack__nes__l1 calls=1021 margin 7.80->-5.73 t=89.0s
[DONE] calibration__37360__deblur__confidence_boost__nes__l1 calls=1021 margin 7.80->11.15 t=89.1s
[DONE] calibration__42596__denoise__attack__nes__l0.5 calls=1021 margin 2.74->-1.38 t=89.2s
[DONE] calibration__42596__denoise__confidence_boost__nes__l0.5 calls=1021 margin 2.74->9.57 t=89.4s
[DONE] calibration__42596__deblur__attack__nes__l1 calls=1021 margin 2.89->-4.72 t=89.2s
[DONE] calibration__42596__deblur__confidence_boost__nes__l1 calls=1021 margin 2.89->7.71 t=89.4s
[DONE] calibration__48301__denoise__attack__nes__l0.5 calls=1021 margin 1.61->-9.89 t=87.9s
[DONE] calibration__48301__denoise__confidence_boost__nes__l0.5 calls=1021 margin 1.61->6.54 t=88.6s
[DONE] calibration__48301__deblur__attack__nes__l1 calls=1021 margin 2.27->-3.12 t=87.6s
[DONE] calibration__48301__deblur__confidence_boost__nes__l1 calls=1021 margin 2.27->2.27 t=87.8s
[DONE] confirmation__1502__denoise__attack__nes__l0.5 calls=1021 margin 0.61->-14.25 t=89.0s
[DONE] confirmation__1502__denoise__confidence_boost__nes__l0.5 calls=1021 margin 0.61->4.03 t=89.3s
[DONE] confirmation__1502__deblur__attack__nes__l1 calls=1021 margin 1.80->-2.87 t=88.4s
[DONE] confirmation__1502__deblur__confidence_boost__nes__l1 calls=1021 margin 1.80->7.90 t=89.0s
[DONE] confirmation__5023__denoise__attack__nes__l0.5 calls=1021 margin 6.84->-4.32 t=90.1s
[DONE] confirmation__5023__denoise__confidence_boost__nes__l0.5 calls=1021 margin 6.84->13.68 t=89.6s
[DONE] confirmation__5023__deblur__attack__nes__l1 calls=1021 margin 6.18->-3.76 t=89.7s
[DONE] confirmation__5023__deblur__confidence_boost__nes__l1 calls=1021 margin 6.18->13.41 t=89.2s
[DONE] confirmation__7443__denoise__attack__nes__l0.5 calls=1021 margin 3.69->-1.03 t=88.5s
[DONE] confirmation__7443__denoise__confidence_boost__nes__l0.5 calls=1021 margin 3.69->8.15 t=89.0s
[DONE] confirmation__7443__deblur__attack__nes__l1 calls=1021 margin 2.32->-2.94 t=88.6s
[DONE] confirmation__7443__deblur__confidence_boost__nes__l1 calls=1021 margin 2.32->9.16 t=88.1s
[DONE] confirmation__11071__denoise__attack__nes__l0.5 calls=1021 margin 7.79->0.27 t=89.1s
[DONE] confirmation__11071__denoise__confidence_boost__nes__l0.5 calls=1021 margin 7.79->13.27 t=89.0s
[DONE] confirmation__11071__deblur__attack__nes__l1 calls=1021 margin 5.95->0.01 t=89.5s
[DONE] confirmation__11071__deblur__confidence_boost__nes__l1 calls=1021 margin 5.95->11.18 t=88.9s
[DONE] confirmation__13614__denoise__attack__nes__l0.5 calls=1021 margin 3.12->-2.61 t=89.8s
[DONE] confirmation__13614__denoise__confidence_boost__nes__l0.5 calls=1021 margin 3.12->8.00 t=88.4s
[DONE] confirmation__13614__deblur__attack__nes__l1 calls=1021 margin 0.23->-3.92 t=88.6s
[DONE] confirmation__13614__deblur__confidence_boost__nes__l1 calls=1021 margin 0.23->5.76 t=88.8s
[DONE] confirmation__18833__denoise__attack__nes__l0.5 calls=1021 margin 9.78->-2.89 t=88.9s
[DONE] confirmation__18833__denoise__confidence_boost__nes__l0.5 calls=1021 margin 9.78->15.27 t=89.4s
[DONE] confirmation__18833__deblur__attack__nes__l1 calls=1021 margin 11.20->3.04 t=88.8s
[DONE] confirmation__18833__deblur__confidence_boost__nes__l1 calls=1021 margin 11.20->15.95 t=88.8s
[DONE] confirmation__23637__denoise__attack__nes__l0.5 calls=1021 margin 0.18->-2.71 t=88.8s
[DONE] confirmation__23637__denoise__confidence_boost__nes__l0.5 calls=1021 margin 0.18->2.84 t=88.9s
[DONE] confirmation__23637__deblur__attack__nes__l1 calls=1021 margin 1.13->-1.17 t=89.0s
[DONE] confirmation__23637__deblur__confidence_boost__nes__l1 calls=1021 margin 1.13->4.10 t=88.6s
[DONE] confirmation__27055__denoise__attack__nes__l0.5 calls=1021 margin 4.54->-6.71 t=89.2s
[DONE] confirmation__27055__denoise__confidence_boost__nes__l0.5 calls=1021 margin 4.54->10.01 t=89.4s
[DONE] confirmation__27055__deblur__attack__nes__l1 calls=1021 margin 5.02->-6.44 t=89.7s
[DONE] confirmation__27055__deblur__confidence_boost__nes__l1 calls=1021 margin 5.02->13.05 t=89.2s
[DONE] confirmation__29995__denoise__attack__nes__l0.5 calls=1021 margin 4.72->3.32 t=88.8s
[DONE] confirmation__29995__denoise__confidence_boost__nes__l0.5 calls=1021 margin 4.72->6.25 t=90.1s
[DONE] confirmation__29995__deblur__attack__nes__l1 calls=1021 margin 4.03->2.57 t=88.8s
[DONE] confirmation__29995__deblur__confidence_boost__nes__l1 calls=1021 margin 4.03->5.82 t=88.7s
[DONE] confirmation__34416__denoise__attack__nes__l0.5 calls=1021 margin 15.64->7.04 t=88.4s
[DONE] confirmation__34416__denoise__confidence_boost__nes__l0.5 calls=1021 margin 15.64->15.64 t=88.5s
[DONE] confirmation__34416__deblur__attack__nes__l1 calls=1021 margin 15.71->7.32 t=88.2s
[DONE] confirmation__34416__deblur__confidence_boost__nes__l1 calls=1021 margin 15.71->16.12 t=88.9s
[DONE] confirmation__39185__denoise__attack__nes__l0.5 calls=1021 margin 5.58->-2.61 t=89.1s
[DONE] confirmation__39185__denoise__confidence_boost__nes__l0.5 calls=1021 margin 5.58->9.10 t=88.4s
[DONE] confirmation__39185__deblur__attack__nes__l1 calls=1021 margin 3.76->-0.69 t=88.5s
[DONE] confirmation__39185__deblur__confidence_boost__nes__l1 calls=1021 margin 3.76->7.25 t=88.7s
[DONE] confirmation__43916__denoise__attack__nes__l0.5 calls=1021 margin 1.63->-0.57 t=89.0s
[DONE] confirmation__43916__denoise__confidence_boost__nes__l0.5 calls=1021 margin 1.63->3.37 t=88.9s
[DONE] confirmation__43916__deblur__attack__nes__l1 calls=1021 margin 2.19->0.34 t=89.6s
[DONE] confirmation__43916__deblur__confidence_boost__nes__l1 calls=1021 margin 2.19->3.69 t=88.4s
[DONE] confirmation__49069__denoise__attack__nes__l0.5 calls=1021 margin 3.43->-3.72 t=89.2s
[DONE] confirmation__49069__denoise__confidence_boost__nes__l0.5 calls=1021 margin 3.43->6.01 t=90.4s
[DONE] confirmation__49069__deblur__attack__nes__l1 calls=1021 margin 3.32->-1.09 t=86.1s
[DONE] confirmation__49069__deblur__confidence_boost__nes__l1 calls=1021 margin 3.32->6.49 t=83.5s
