[DONE] calibration__2912__denoise__attack__nes__l0.5 calls=1021 margin 0.47->-5.85 t=92.2s
[DONE] calibration__2912__denoise__confidence_boost__nes__l0.5 calls=1021 margin 0.47->3.62 t=91.8s
[DONE] calibration__2912__deblur__attack__nes__l1 calls=1021 margin 2.46->-3.45 t=90.1s
[DONE] calibration__2912__deblur__confidence_boost__nes__l1 calls=1021 margin 2.46->4.95 t=89.4s
[DONE] calibration__5946__denoise__attack__nes__l0.5 calls=1021 margin 2.82->-5.71 t=89.8s
[DONE] calibration__5946__denoise__confidence_boost__nes__l0.5 calls=1021 margin 2.82->6.87 t=90.2s
[DONE] calibration__5946__deblur__attack__nes__l1 calls=1021 margin 2.55->-2.48 t=89.9s
[DONE] calibration__5946__deblur__confidence_boost__nes__l1 calls=1021 margin 2.55->5.56 t=90.9s
[DONE] calibration__7995__denoise__attack__nes__l0.5 calls=1021 margin 4.49->-0.30 t=90.4s
[DONE] calibration__7995__denoise__confidence_boost__nes__l0.5 calls=1021 margin 4.49->8.21 t=90.9s
[DONE] calibration__7995__deblur__attack__nes__l1 calls=1021 margin 2.88->-2.24 t=89.4s
[DONE] calibration__7995__deblur__confidence_boost__nes__l1 calls=1021 margin 2.88->7.72 t=89.3s
[DONE] calibration__12448__denoise__attack__nes__l0.5 calls=1021 margin 0.92->-8.36 t=89.1s
[DONE] calibration__12448__denoise__confidence_boost__nes__l0.5 calls=1021 margin 0.92->2.68 t=89.3s
[DONE] calibration__12448__deblur__attack__nes__l1 calls=1021 margin 0.77->-6.44 t=89.4s
[DONE] calibration__12448__deblur__confidence_boost__nes__l1 calls=1021 margin 0.77->2.62 t=88.8s
[DONE] calibration__15367__denoise__attack__nes__l0.5 calls=1021 margin 5.02->-3.34 t=89.5s
[DONE] calibration__15367__denoise__confidence_boost__nes__l0.5 calls=1021 margin 5.02->9.34 t=89.3s
[DONE] calibration__15367__deblur__attack__nes__l1 calls=1021 margin 0.87->-4.89 t=89.6s
[DONE] calibration__15367__deblur__confidence_boost__nes__l1 calls=1021 margin 0.87->4.99 t=88.7s
[DONE] calibration__20053__denoise__attack__nes__l0.5 calls=1021 margin 2.70->-11.76 t=89.9s
[DONE] calibration__20053__denoise__confidence_boost__nes__l0.5 calls=1021 margin 2.70->12.34 t=90.6s
[DONE] calibration__20053__deblur__attack__nes__l1 calls=1021 margin 6.88->-4.84 t=89.6s
[DONE] calibration__20053__deblur__confidence_boost__nes__l1 calls=1021 margin 6.88->11.03 t=89.8s
[DONE] calibration__25673__denoise__attack__nes__l0.5 calls=1021 margin 1.62->-2.76 t=89.4s
[DONE] calibration__25673__denoise__confidence_boost__nes__l0.5 calls=1021 margin 1.62->5.98 t=89.3s
[DONE] calibration__25673__deblur__attack__nes__l1 calls=1021 margin 2.13->-2.96 t=89.1s
[DONE] calibration__25673__deblur__confidence_boost__nes__l1 calls=1021 margin 2.13->5.47 t=88.6s
[DONE] calibration__27924__denoise__attack__nes__l0.5 calls=1021 margin 6.06->-3.62 t=89.1s
[DONE] calibration__27924__denoise__confidence_boost__nes__l0.5 calls=1021 margin 6.06->9.27 t=88.9s
[DONE] calibration__27924__deblur__attack__nes__l1 calls=1021 margin 7.61->3.59 t=88.8s
[DONE] calibration__27924__deblur__confidence_boost__nes__l1 calls=1021 margin 7.61->10.57 t=88.8s
[DONE] calibration__31288__denoise__attack__nes__l0.5 calls=1021 margin 3.00->-6.07 t=89.4s
[DONE] calibration__31288__denoise__confidence_boost__nes__l0.5 calls=1021 margin 3.00->10.20 t=89.7s
[DONE] calibration__31288__deblur__attack__nes__l1 calls=1021 margin 7.03->-6.62 t=88.9s
[DONE] calibration__31288__deblur__confidence_boost__nes__l1 calls=1021 margin 7.03->11.35 t=90.0s
[DONE] calibration__36510__denoise__attack__nes__l0.5 calls=1021 margin 1.69->-6.27 t=89.6s
[DONE] calibration__36510__denoise__confidence_boost__nes__l0.5 calls=1021 margin 1.69->6.50 t=89.3s
[DONE] calibration__36510__deblur__attack__nes__l1 calls=1021 margin 1.78->-4.76 t=89.4s
[DONE] calibration__36510__deblur__confidence_boost__nes__l1 calls=1021 margin 1.78->6.73 t=89.5s
[DONE] calibration__42496__denoise__attack__nes__l0.5 calls=1021 margin 5.96->-3.45 t=89.8s
[DONE] calibration__42496__denoise__confidence_boost__nes__l0.5 calls=1021 margin 5.96->10.29 t=89.3s
[DONE] calibration__42496__deblur__attack__nes__l1 calls=1021 margin 6.49->0.41 t=89.1s
[DONE] calibration__42496__deblur__confidence_boost__nes__l1 calls=1021 margin 6.49->10.43 t=88.8s
[DONE] calibration__45997__denoise__attack__nes__l0.5 calls=1021 margin 5.30->-4.47 t=89.9s
[DONE] calibration__45997__denoise__confidence_boost__nes__l0.5 calls=1021 margin 5.30->9.91 t=89.2s
[DONE] calibration__45997__deblur__attack__nes__l1 calls=1021 margin 5.16->1.37 t=88.7s
[DONE] calibration__45997__deblur__confidence_boost__nes__l1 calls=1021 margin 5.16->10.32 t=88.9s
[DONE] confirmation__883__denoise__attack__nes__l0.5 calls=1021 margin 7.75->1.33 t=88.9s
[DONE] confirmation__883__denoise__confidence_boost__nes__l0.5 calls=1021 margin 7.75->11.25 t=88.7s
[DONE] confirmation__883__deblur__attack__nes__l1 calls=1021 margin 5.93->1.73 t=88.1s
[DONE] confirmation__883__deblur__confidence_boost__nes__l1 calls=1021 margin 5.93->9.25 t=88.9s
[DONE] confirmation__4095__denoise__attack__nes__l0.5 calls=1021 margin 4.43->-9.16 t=87.9s
[DONE] confirmation__4095__denoise__confidence_boost__nes__l0.5 calls=1021 margin 4.43->12.31 t=88.9s
[DONE] confirmation__4095__deblur__attack__nes__l1 calls=1021 margin 6.58->-4.96 t=88.4s
[DONE] confirmation__4095__deblur__confidence_boost__nes__l1 calls=1021 margin 6.58->7.90 t=88.1s
[DONE] confirmation__7080__denoise__attack__nes__l0.5 calls=1021 margin 2.27->-7.27 t=89.1s
[DONE] confirmation__7080__denoise__confidence_boost__nes__l0.5 calls=1021 margin 2.27->8.34 t=87.9s
[DONE] confirmation__7080__deblur__attack__nes__l1 calls=1021 margin 3.60->-12.92 t=89.0s
[DONE] confirmation__7080__deblur__confidence_boost__nes__l1 calls=1021 margin 3.60->8.23 t=88.0s
[DONE] confirmation__10671__denoise__attack__nes__l0.5 calls=1021 margin 2.54->-9.36 t=89.0s
[DONE] confirmation__10671__denoise__confidence_boost__nes__l0.5 calls=1021 margin 2.54->11.78 t=88.4s
[DONE] confirmation__10671__deblur__attack__nes__l1 calls=1021 margin 4.99->-10.75 t=88.6s
[DONE] confirmation__10671__deblur__confidence_boost__nes__l1 calls=1021 margin 4.99->12.77 t=88.2s
[DONE] confirmation__13591__denoise__attack__nes__l0.5 calls=1021 margin 0.30->-13.21 t=88.2s
[DONE] confirmation__13591__denoise__confidence_boost__nes__l0.5 calls=1021 margin 0.30->7.53 t=88.7s
[DONE] confirmation__13591__deblur__attack__nes__l1 calls=1021 margin 1.96->-11.53 t=88.0s
[DONE] confirmation__13591__deblur__confidence_boost__nes__l1 calls=1021 margin 1.96->11.01 t=88.0s
[DONE] confirmation__18488__denoise__attack__nes__l0.5 calls=1021 margin 4.85->-8.98 t=88.1s
[DONE] confirmation__18488__denoise__confidence_boost__nes__l0.5 calls=1021 margin 4.85->8.20 t=88.9s
[DONE] confirmation__18488__deblur__attack__nes__l1 calls=1021 margin 3.44->-13.02 t=88.2s
[DONE] confirmation__18488__deblur__confidence_boost__nes__l1 calls=1021 margin 3.44->6.61 t=88.4s
[DONE] confirmation__23400__denoise__attack__nes__l0.5 calls=1021 margin 5.27->-0.38 t=87.4s
[DONE] confirmation__23400__denoise__confidence_boost__nes__l0.5 calls=1021 margin 5.27->9.12 t=88.1s
[DONE] confirmation__23400__deblur__attack__nes__l1 calls=1021 margin 4.39->-3.21 t=87.8s
[DONE] confirmation__23400__deblur__confidence_boost__nes__l1 calls=1021 margin 4.39->6.79 t=88.5s
[DONE] confirmation__26792__denoise__attack__nes__l0.5 calls=1021 margin 1.68->-5.60 t=88.9s
[DONE] confirmation__26792__denoise__confidence_boost__nes__l0.5 calls=1021 margin 1.68->8.88 t=89.1s
[DONE] confirmation__26792__deblur__attack__nes__l1 calls=1021 margin 4.38->-6.00 t=89.0s
[DONE] confirmation__26792__deblur__confidence_boost__nes__l1 calls=1021 margin 4.38->12.47 t=89.4s
[DONE] confirmation__29924__denoise__attack__nes__l0.5 calls=1021 margin 2.12->-3.64 t=89.2s
[DONE] confirmation__29924__denoise__confidence_boost__nes__l0.5 calls=1021 margin 2.12->5.50 t=89.2s
[DONE] confirmation__29924__deblur__attack__nes__l1 calls=1021 margin 1.48->-5.75 t=88.9s
[DONE] confirmation__29924__deblur__confidence_boost__nes__l1 calls=1021 margin 1.48->3.98 t=89.2s
[DONE] confirmation__33018__denoise__attack__nes__l0.5 calls=1021 margin 2.87->-3.76 t=88.9s
[DONE] confirmation__33018__denoise__confidence_boost__nes__l0.5 calls=1021 margin 2.87->7.41 t=89.1s
[DONE] confirmation__33018__deblur__attack__nes__l1 calls=1021 margin 3.34->-6.59 t=89.2s
[DONE] confirmation__33018__deblur__confidence_boost__nes__l1 calls=1021 margin 3.34->7.44 t=89.0s
[DONE] confirmation__39113__denoise__attack__nes__l0.5 calls=1021 margin 1.47->-2.38 t=88.7s
[DONE] confirmation__39113__denoise__confidence_boost__nes__l0.5 calls=1021 margin 1.47->3.27 t=89.2s
[DONE] confirmation__39113__deblur__attack__nes__l1 calls=1021 margin 0.25->-4.20 t=88.1s
[DONE] confirmation__39113__deblur__confidence_boost__nes__l1 calls=1021 margin 0.25->1.77 t=88.5s
[DONE] confirmation__43100__denoise__attack__nes__l0.5 calls=1021 margin 1.27->-9.11 t=89.1s
[DONE] confirmation__43100__denoise__confidence_boost__nes__l0.5 calls=1021 margin 1.27->9.28 t=88.4s
[DONE] confirmation__43100__deblur__attack__nes__l1 calls=1021 margin 3.16->-8.67 t=88.8s
[DONE] confirmation__43100__deblur__confidence_boost__nes__l1 calls=1021 margin 3.16->9.57 t=88.7s
[DONE] confirmation__48720__denoise__attack__nes__l0.5 calls=1021 margin 4.70->-4.80 t=89.1s
[DONE] confirmation__48720__denoise__confidence_boost__nes__l0.5 calls=1021 margin 4.70->9.86 t=88.5s
[DONE] confirmation__48720__deblur__attack__nes__l1 calls=1021 margin 8.65->-4.16 t=88.1s
[DONE] confirmation__48720__deblur__confidence_boost__nes__l1 calls=1021 margin 8.65->13.51 t=84.6s
