[DONE] calibration__3035__denoise__attack__nes__l0.5 calls=1021 margin 2.41->-2.49 t=92.0s
[DONE] calibration__3035__denoise__confidence_boost__nes__l0.5 calls=1021 margin 2.41->5.95 t=91.3s
[DONE] calibration__3035__deblur__attack__nes__l1 calls=1021 margin 3.56->0.34 t=90.1s
[DONE] calibration__3035__deblur__confidence_boost__nes__l1 calls=1021 margin 3.56->6.54 t=88.5s
[DONE] calibration__6727__denoise__attack__nes__l0.5 calls=1021 margin 7.81->0.98 t=89.2s
[DONE] calibration__6727__denoise__confidence_boost__nes__l0.5 calls=1021 margin 7.81->13.27 t=88.9s
[DONE] calibration__6727__deblur__attack__nes__l1 calls=1021 margin 10.64->4.01 t=88.0s
[DONE] calibration__6727__deblur__confidence_boost__nes__l1 calls=1021 margin 10.64->14.74 t=88.3s
[DONE] calibration__8410__denoise__attack__nes__l0.5 calls=1021 margin 3.39->-6.07 t=89.1s
[DONE] calibration__8410__denoise__confidence_boost__nes__l0.5 calls=1021 margin 3.39->8.99 t=89.5s
[DONE] calibration__8410__deblur__attack__nes__l1 calls=1021 margin 1.82->-6.58 t=88.9s
[DONE] calibration__8410__deblur__confidence_boost__nes__l1 calls=1021 margin 1.82->8.34 t=88.9s
[DONE] calibration__13157__denoise__attack__nes__l0.5 calls=1021 margin 0.34->-8.76 t=89.0s
[DONE] calibration__13157__denoise__confidence_boost__nes__l0.5 calls=1021 margin 0.34->4.67 t=90.6s
[DONE] calibration__13157__deblur__attack__nes__l1 calls=1021 margin 2.75->-6.94 t=89.5s
[DONE] calibration__13157__deblur__confidence_boost__nes__l1 calls=1021 margin 2.75->6.29 t=90.3s
[DONE] calibration__16049__denoise__attack__nes__l0.5 calls=1021 margin 0.93->-7.31 t=88.8s
[DONE] calibration__16049__denoise__confidence_boost__nes__l0.5 calls=1021 margin 0.93->4.53 t=89.2s
[DONE] calibration__16049__deblur__attack__nes__l1 calls=1021 margin 0.14->-8.42 t=88.4s
[DONE] calibration__16049__deblur__confidence_boost__nes__l1 calls=1021 margin 0.14->4.63 t=89.3s
[DONE] calibration__21176__denoise__attack__nes__l0.5 calls=1021 margin 3.51->-1.80 t=89.2s
[DONE] calibration__21176__denoise__confidence_boost__nes__l0.5 calls=1021 margin 3.51->6.96 t=89.0s
[DONE] calibration__21176__deblur__attack__nes__l1 calls=1021 margin 1.94->-0.07 t=88.8s
[DONE] calibration__21176__deblur__confidence_boost__nes__l1 calls=1021 margin 1.94->7.47 t=89.9s
[DONE] calibration__26527__denoise__attack__nes__l0.5 calls=1021 margin 5.26->-4.12 t=88.4s
[DONE] calibration__26527__denoise__confidence_boost__nes__l0.5 calls=1021 margin 5.26->10.52 t=88.0s
[DONE] calibration__26527__deblur__attack__nes__l1 calls=1021 margin 7.15->-0.66 t=87.6s
[DONE] calibration__26527__deblur__confidence_boost__nes__l1 calls=1021 margin 7.15->11.38 t=87.5s
[DONE] calibration__28568__denoise__attack__nes__l0.5 calls=1021 margin 5.48->-2.58 t=89.3s
[DONE] calibration__28568__denoise__confidence_boost__nes__l0.5 calls=1021 margin 5.48->15.00 t=88.9s
[DONE] calibration__28568__deblur__attack__nes__l1 calls=1021 margin 4.24->-7.25 t=88.8s
[DONE] calibration__28568__deblur__confidence_boost__nes__l1 calls=1021 margin 4.24->14.47 t=88.9s
[DONE] calibration__32647__denoise__attack__nes__l0.5 calls=1021 margin 3.49->-3.18 t=89.0s
[DONE] calibration__32647__denoise__confidence_boost__nes__l0.5 calls=1021 margin 3.49->8.27 t=88.3s
[DONE] calibration__32647__deblur__attack__nes__l1 calls=1021 margin 1.54->-4.78 t=88.1s
[DONE] calibration__32647__deblur__confidence_boost__nes__l1 calls=1021 margin 1.54->7.18 t=88.3s
[DONE] calibration__38408__denoise__attack__nes__l0.5 calls=1021 margin 4.18->-2.13 t=89.5s
[DONE] calibration__38408__denoise__confidence_boost__nes__l0.5 calls=1021 margin 4.18->9.49 t=88.3s
[DONE] calibration__38408__deblur__attack__nes__l1 calls=1021 margin 4.67->-1.34 t=88.5s
[DONE] calibration__38408__deblur__confidence_boost__nes__l1 calls=1021 margin 4.67->11.80 t=89.3s
[DONE] calibration__42859__denoise__attack__nes__l0.5 calls=1021 margin 3.66->-5.38 t=89.4s
[DONE] calibration__42859__denoise__confidence_boost__nes__l0.5 calls=1021 margin 3.66->11.06 t=88.9s
[DONE] calibration__42859__deblur__attack__nes__l1 calls=1021 margin 2.42->-6.61 t=88.9s
[DONE] calibration__42859__deblur__confidence_boost__nes__l1 calls=1021 margin 2.42->11.37 t=88.7s
[DONE] calibration__48561__denoise__attack__nes__l0.5 calls=1021 margin 1.14->-10.05 t=89.0s
[DONE] calibration__48561__denoise__confidence_boost__nes__l0.5 calls=1021 margin 1.14->10.24 t=89.3s
[DONE] calibration__48561__deblur__attack__nes__l1 calls=1021 margin 11.98->-0.65 t=89.2s
[DONE] calibration__48561__deblur__confidence_boost__nes__l1 calls=1021 margin 11.98->16.52 t=88.5s
[DONE] confirmation__1928__denoise__attack__nes__l0.5 calls=1021 margin 2.69->-7.64 t=88.6s
[DONE] confirmation__1928__denoise__confidence_boost__nes__l0.5 calls=1021 margin 2.69->10.87 t=89.0s
[DONE] confirmation__1928__deblur__attack__nes__l1 calls=1021 margin 5.61->-2.72 t=88.0s
[DONE] confirmation__1928__deblur__confidence_boost__nes__l1 calls=1021 margin 5.61->14.24 t=89.2s
[DONE] confirmation__5344__denoise__attack__nes__l0.5 calls=1021 margin 7.87->-10.26 t=88.4s
[DONE] confirmation__5344__denoise__confidence_boost__nes__l0.5 calls=1021 margin 7.87->14.92 t=89.2s
[DONE] confirmation__5344__deblur__attack__nes__l1 calls=1021 margin 9.83->-0.63 t=88.3s
[DONE] confirmation__5344__deblur__confidence_boost__nes__l1 calls=1021 margin 9.83->15.95 t=89.1s
[DONE] confirmation__7587__denoise__attack__nes__l0.5 calls=1021 margin 7.50->2.65 t=88.6s
[DONE] confirmation__7587__denoise__confidence_boost__nes__l0.5 calls=1021 margin 7.50->10.73 t=88.8s
[DONE] confirmation__7587__deblur__attack__nes__l1 calls=1021 margin 5.66->0.24 t=88.7s
[DONE] confirmation__7587__deblur__confidence_boost__nes__l1 calls=1021 margin 5.66->9.93 t=88.5s
[DONE] confirmation__11859__denoise__attack__nes__l0.5 calls=1021 margin 8.91->0.77 t=88.4s
[DONE] confirmation__11859__denoise__confidence_boost__nes__l0.5 calls=1021 margin 8.91->12.95 t=90.2s
[DONE] confirmation__11859__deblur__attack__nes__l1 calls=1021 margin 4.75->0.24 t=88.8s
[DONE] confirmation__11859__deblur__confidence_boost__nes__l1 calls=1021 margin 4.75->10.42 t=88.6s
[DONE] confirmation__13661__denoise__attack__nes__l0.5 calls=1021 margin 3.85->-5.04 t=88.9s
[DONE] confirmation__13661__denoise__confidence_boost__nes__l0.5 calls=1021 margin 3.85->9.35 t=88.3s
[DONE] confirmation__13661__deblur__attack__nes__l1 calls=1021 margin 6.89->-1.84 t=88.0s
[DONE] confirmation__13661__deblur__confidence_boost__nes__l1 calls=1021 margin 6.89->10.45 t=89.0s
[DONE] confirmation__19287__denoise__attack__nes__l0.5 calls=1021 margin 1.10->-4.76 t=88.7s
[DONE] confirmation__19287__denoise__confidence_boost__nes__l0.5 calls=1021 margin 1.10->3.46 t=89.8s
[DONE] confirmation__19287__deblur__attack__nes__l1 calls=1021 margin 2.12->-4.79 t=88.1s
[DONE] confirmation__19287__deblur__confidence_boost__nes__l1 calls=1021 margin 2.12->5.23 t=89.6s
[DONE] confirmation__24212__denoise__attack__nes__l0.5 calls=1021 margin 1.60->-2.62 t=88.7s
[DONE] confirmation__24212__denoise__confidence_boost__nes__l0.5 calls=1021 margin 1.60->4.05 t=88.5s
[DONE] confirmation__24212__deblur__attack__nes__l1 calls=1021 margin 1.35->-5.23 t=89.0s
[DONE] confirmation__24212__deblur__confidence_boost__nes__l1 calls=1021 margin 1.35->4.62 t=88.8s
[DONE] confirmation__27157__denoise__attack__nes__l0.5 calls=1021 margin 3.16->-1.37 t=89.2s
[DONE] confirmation__27157__denoise__confidence_boost__nes__l0.5 calls=1021 margin 3.16->6.56 t=89.2s
[DONE] confirmation__27157__deblur__attack__nes__l1 calls=1021 margin 0.89->-5.39 t=89.2s
[DONE] confirmation__27157__deblur__confidence_boost__nes__l1 calls=1021 margin 0.89->0.89 t=88.7s
[DONE] confirmation__30069__denoise__attack__nes__l0.5 calls=1021 margin 4.64->-4.11 t=88.8s
[DONE] confirmation__30069__denoise__confidence_boost__nes__l0.5 calls=1021 margin 4.64->9.07 t=88.2s
[DONE] confirmation__30069__deblur__attack__nes__l1 calls=1021 margin 2.52->-8.07 t=88.6s
[DONE] confirmation__30069__deblur__confidence_boost__nes__l1 calls=1021 margin 2.52->8.09 t=87.8s
[DONE] confirmation__35166__denoise__attack__nes__l0.5 calls=1021 margin 2.46->-8.72 t=88.5s
[DONE] confirmation__35166__denoise__confidence_boost__nes__l0.5 calls=1021 margin 2.46->8.80 t=88.9s
[DONE] confirmation__35166__deblur__attack__nes__l1 calls=1021 margin 1.55->-10.67 t=87.7s
[DONE] confirmation__35166__deblur__confidence_boost__nes__l1 calls=1021 margin 1.55->7.05 t=85.2s
[DONE] confirmation__39356__denoise__attack__nes__l0.5 calls=1021 margin 0.61->-3.29 t=83.0s
[DONE] confirmation__39356__denoise__confidence_boost__nes__l0.5 calls=1021 margin 0.61->3.96 t=85.0s
[DONE] confirmation__39356__deblur__attack__nes__l1 calls=1021 margin 2.34->0.12 t=85.1s
[DONE] confirmation__39356__deblur__confidence_boost__nes__l1 calls=1021 margin 2.34->6.39 t=85.3s
[DONE] confirmation__44153__denoise__attack__nes__l0.5 calls=1021 margin 1.73->-5.17 t=85.3s
[DONE] confirmation__44153__denoise__confidence_boost__nes__l0.5 calls=1021 margin 1.73->5.39 t=85.4s
[DONE] confirmation__44153__deblur__attack__nes__l1 calls=1021 margin 2.71->-4.78 t=85.1s
[DONE] confirmation__44153__deblur__confidence_boost__nes__l1 calls=1021 margin 2.71->7.23 t=85.0s
[DONE] confirmation__49631__denoise__attack__nes__l0.5 calls=1021 margin 2.21->-1.31 t=85.6s
[DONE] confirmation__49631__denoise__confidence_boost__nes__l0.5 calls=1021 margin 2.21->5.34 t=85.8s
[DONE] confirmation__49631__deblur__attack__nes__l1 calls=1021 margin 1.15->-1.80 t=86.1s
[DONE] confirmation__49631__deblur__confidence_boost__nes__l1 calls=1021 margin 1.15->3.87 t=86.1s
