[DONE] calibration__1511__denoise__attack__nes__l0.5 calls=1021 margin 5.33->1.28 t=91.6s
[DONE] calibration__1511__denoise__confidence_boost__nes__l0.5 calls=1021 margin 5.33->9.39 t=92.4s
[DONE] calibration__1511__deblur__attack__nes__l1 calls=1021 margin 3.45->-0.52 t=89.0s
[DONE] calibration__1511__deblur__confidence_boost__nes__l1 calls=1021 margin 3.45->6.84 t=89.3s
[DONE] calibration__5017__denoise__attack__nes__l0.5 calls=1021 margin 9.02->-3.02 t=90.2s
[DONE] calibration__5017__denoise__confidence_boost__nes__l0.5 calls=1021 margin 9.02->14.23 t=90.6s
[DONE] calibration__5017__deblur__attack__nes__l1 calls=1021 margin 11.22->-5.09 t=89.2s
[DONE] calibration__5017__deblur__confidence_boost__nes__l1 calls=1021 margin 11.22->11.75 t=89.5s
[DONE] calibration__7409__denoise__attack__nes__l0.5 calls=1021 margin 4.77->-6.94 t=89.0s
[DONE] calibration__7409__denoise__confidence_boost__nes__l0.5 calls=1021 margin 4.77->8.56 t=90.1s
[DONE] calibration__7409__deblur__attack__nes__l1 calls=1021 margin 5.88->-4.60 t=89.3s
[DONE] calibration__7409__deblur__confidence_boost__nes__l1 calls=1021 margin 5.88->9.13 t=88.4s
[DONE] calibration__11086__denoise__attack__nes__l0.5 calls=1021 margin 5.24->-5.35 t=88.5s
[DONE] calibration__11086__denoise__confidence_boost__nes__l0.5 calls=1021 margin 5.24->10.25 t=88.7s
[DONE] calibration__11086__deblur__attack__nes__l1 calls=1021 margin 3.72->-1.00 t=88.4s
[DONE] calibration__11086__deblur__confidence_boost__nes__l1 calls=1021 margin 3.72->9.52 t=88.2s
[DONE] calibration__13609__denoise__attack__nes__l0.5 calls=1021 margin 1.75->-2.56 t=88.6s
[DONE] calibration__13609__denoise__confidence_boost__nes__l0.5 calls=1021 margin 1.75->6.35 t=88.9s
[DONE] calibration__13609__deblur__attack__nes__l1 calls=1021 margin 0.38->-3.36 t=88.5s
[DONE] calibration__13609__deblur__confidence_boost__nes__l1 calls=1021 margin 0.38->3.66 t=89.1s
[DONE] calibration__18803__denoise__attack__nes__l0.5 calls=1021 margin 3.39->-7.00 t=89.0s
[DONE] calibration__18803__denoise__confidence_boost__nes__l0.5 calls=1021 margin 3.39->12.95 t=89.0s
[DONE] calibration__18803__deblur__attack__nes__l1 calls=1021 margin 9.36->-5.47 t=89.2s
[DONE] calibration__18803__deblur__confidence_boost__nes__l1 calls=1021 margin 9.36->14.82 t=88.5s
[DONE] calibration__23648__denoise__attack__nes__l0.5 calls=1021 margin 1.32->-0.94 t=89.3s
[DONE] calibration__23648__denoise__confidence_boost__nes__l0.5 calls=1021 margin 1.32->3.92 t=88.4s
[DONE] calibration__23648__deblur__attack__nes__l1 calls=1021 margin 2.78->0.20 t=88.1s
[DONE] calibration__23648__deblur__confidence_boost__nes__l1 calls=1021 margin 2.78->5.68 t=88.0s
[DONE] calibration__27072__denoise__attack__nes__l0.5 calls=1021 margin 3.32->-12.78 t=90.2s
[DONE] calibration__27072__denoise__confidence_boost__nes__l0.5 calls=1021 margin 3.32->7.21 t=88.6s
[DONE] calibration__27072__deblur__attack__nes__l1 calls=1021 margin 1.93->-1.45 t=88.3s
[DONE] calibration__27072__deblur__confidence_boost__nes__l1 calls=1021 margin 1.93->6.36 t=88.3s
[DONE] calibration__29960__denoise__attack__nes__l0.5 calls=1021 margin 5.57->4.74 t=88.2s
[DONE] calibration__29960__denoise__confidence_boost__nes__l0.5 calls=1021 margin 5.57->7.18 t=88.3s
[DONE] calibration__29960__deblur__attack__nes__l1 calls=1021 margin 5.73->3.33 t=87.5s
[DONE] calibration__29960__deblur__confidence_boost__nes__l1 calls=1021 margin 5.73->7.19 t=88.1s
[DONE] calibration__34403__denoise__attack__nes__l0.5 calls=1021 margin 3.01->-5.34 t=88.2s
[DONE] calibration__34403__denoise__confidence_boost__nes__l0.5 calls=1021 margin 3.01->7.92 t=88.2s
[DONE] calibration__34403__deblur__attack__nes__l1 calls=1021 margin 2.34->-3.50 t=88.1s
[DONE] calibration__34403__deblur__confidence_boost__nes__l1 calls=1021 margin 2.34->8.41 t=88.4s
[DONE] calibration__39175__denoise__attack__nes__l0.5 calls=1021 margin 5.99->2.59 t=88.5s
[DONE] calibration__39175__denoise__confidence_boost__nes__l0.5 calls=1021 margin 5.99->11.33 t=87.9s
[DONE] calibration__39175__deblur__attack__nes__l1 calls=1021 margin 5.60->2.04 t=88.2s
[DONE] calibration__39175__deblur__confidence_boost__nes__l1 calls=1021 margin 5.60->9.72 t=87.8s
[DONE] calibration__43942__denoise__attack__nes__l0.5 calls=1021 margin 0.94->-11.16 t=89.3s
[DONE] calibration__43942__denoise__confidence_boost__nes__l0.5 calls=1021 margin 0.94->3.27 t=88.7s
[DONE] calibration__43942__deblur__attack__nes__l1 calls=1021 margin 1.22->-1.41 t=88.5s
[DONE] calibration__43942__deblur__confidence_boost__nes__l1 calls=1021 margin 1.22->2.73 t=87.8s
[DONE] calibration__49098__denoise__attack__nes__l0.5 calls=1021 margin 2.30->-7.66 t=88.5s
[DONE] calibration__49098__denoise__confidence_boost__nes__l0.5 calls=1021 margin 2.30->6.17 t=88.4s
[DONE] calibration__49098__deblur__attack__nes__l1 calls=1021 margin 2.31->-6.12 t=88.2s
[DONE] calibration__49098__deblur__confidence_boost__nes__l1 calls=1021 margin 2.31->6.16 t=87.9s
[DONE] confirmation__2984__denoise__attack__nes__l0.5 calls=1021 margin 0.95->-15.90 t=88.3s
[DONE] confirmation__2984__denoise__confidence_boost__nes__l0.5 calls=1021 margin 0.95->5.43 t=89.2s
[DONE] confirmation__2984__deblur__attack__nes__l1 calls=1021 margin 1.90->-8.03 t=88.8s
[DONE] confirmation__2984__deblur__confidence_boost__nes__l1 calls=1021 margin 1.90->7.55 t=88.6s
[DONE] confirmation__5998__denoise__attack__nes__l0.5 calls=1021 margin 4.85->1.90 t=87.4s
[DONE] confirmation__5998__denoise__confidence_boost__nes__l0.5 calls=1021 margin 4.85->7.83 t=88.6s
[DONE] confirmation__5998__deblur__attack__nes__l1 calls=1021 margin 5.36->0.98 t=87.6s
[DONE] confirmation__5998__deblur__confidence_boost__nes__l1 calls=1021 margin 5.36->8.83 t=88.4s
[DONE] confirmation__8281__denoise__attack__nes__l0.5 calls=1021 margin 0.41->-7.26 t=88.1s
[DONE] confirmation__8281__denoise__confidence_boost__nes__l0.5 calls=1021 margin 0.41->5.42 t=88.0s
[DONE] confirmation__8281__deblur__attack__nes__l1 calls=1021 margin 1.37->-6.13 t=87.3s
[DONE] confirmation__8281__deblur__confidence_boost__nes__l1 calls=1021 margin 1.37->3.15 t=87.3s
[DONE] confirmation__13137__denoise__attack__nes__l0.5 calls=1021 margin 5.42->-7.94 t=88.3s
[DONE] confirmation__13137__denoise__confidence_boost__nes__l0.5 calls=1021 margin 5.42->11.67 t=88.4s
[DONE] confirmation__13137__deblur__attack__nes__l1 calls=1021 margin 7.64->-1.78 t=87.6s
[DONE] confirmation__13137__deblur__confidence_boost__nes__l1 calls=1021 margin 7.64->15.66 t=89.4s
[DONE] confirmation__15626__denoise__attack__nes__l0.5 calls=1021 margin 0.27->-4.87 t=88.1s
[DONE] confirmation__15626__denoise__confidence_boost__nes__l0.5 calls=1021 margin 0.27->5.51 t=88.4s
[DONE] confirmation__15626__deblur__attack__nes__l1 calls=1021 margin 1.16->-9.05 t=88.0s
[DONE] confirmation__15626__deblur__confidence_boost__nes__l1 calls=1021 margin 1.16->6.41 t=88.2s
[DONE] confirmation__20977__denoise__attack__nes__l0.5 calls=1021 margin 6.21->-6.12 t=87.9s
[DONE] confirmation__20977__denoise__confidence_boost__nes__l0.5 calls=1021 margin 6.21->14.81 t=88.0s
[DONE] confirmation__20977__deblur__attack__nes__l1 calls=1021 margin 11.58->-5.50 t=87.6s
[DONE] confirmation__20977__deblur__confidence_boost__nes__l1 calls=1021 margin 11.58->15.69 t=87.6s
[DONE] confirmation__25736__denoise__attack__nes__l0.5 calls=1021 margin 10.92->2.78 t=88.5s
[DONE] confirmation__25736__denoise__confidence_boost__nes__l0.5 calls=1021 margin 10.92->16.83 t=88.0s
[DONE] confirmation__25736__deblur__attack__nes__l1 calls=1021 margin 11.13->1.27 t=88.3s
[DONE] confirmation__25736__deblur__confidence_boost__nes__l1 calls=1021 margin 11.13->15.88 t=88.2s
[DONE] confirmation__28221__denoise__attack__nes__l0.5 calls=1021 margin 2.75->-8.18 t=88.2s
[DONE] confirmation__28221__denoise__confidence_boost__nes__l0.5 calls=1021 margin 2.75->11.92 t=88.2s
[DONE] confirmation__28221__deblur__attack__nes__l1 calls=1021 margin 11.58->-3.52 t=87.9s
[DONE] confirmation__28221__deblur__confidence_boost__nes__l1 calls=1021 margin 11.58->14.82 t=87.6s
[DONE] confirmation__31879__denoise__attack__nes__l0.5 calls=1021 margin 7.66->1.07 t=88.2s
[DONE] confirmation__31879__denoise__confidence_boost__nes__l0.5 calls=1021 margin 7.66->12.77 t=88.2s
[DONE] confirmation__31879__deblur__attack__nes__l1 calls=1021 margin 7.43->-1.19 t=89.0s
[DONE] confirmation__31879__deblur__confidence_boost__nes__l1 calls=1021 margin 7.43->12.16 t=88.5s
[DONE] confirmation__37390__denoise__attack__nes__l0.5 calls=1021 margin 6.22->-2.56 t=90.5s
[DONE] confirmation__37390__denoise__confidence_boost__nes__l0.5 calls=1021 margin 6.22->15.71 t=88.6s
[DONE] confirmation__37390__deblur__attack__nes__l1 calls=1021 margin 13.61->-4.37 t=88.2s
[DONE] confirmation__37390__deblur__confidence_boost__nes__l1 calls=1021 margin 13.61->15.98 t=89.0s
[DONE] confirmation__42567__denoise__attack__nes__l0.5 calls=1021 margin 0.96->-11.14 t=88.3s
[DONE] confirmation__42567__denoise__confidence_boost__nes__l0.5 calls=1021 margin 0.96->4.54 t=88.5s
[DONE] confirmation__42567__deblur__attack__nes__l1 calls=1021 margin 0.81->-12.19 t=88.0s
[DONE] confirmation__42567__deblur__confidence_boost__nes__l1 calls=1021 margin 0.81->5.70 t=88.4s
[DONE] confirmation__48328__denoise__attack__nes__l0.5 calls=1021 margin 5.93->3.05 t=88.2s
[DONE] confirmation__48328__denoise__confidence_boost__nes__l0.5 calls=1021 margin 5.93->9.66 t=87.8s
[DONE] confirmation__48328__deblur__attack__nes__l1 calls=1021 margin 5.32->0.16 t=88.2s
[DONE] confirmation__48328__deblur__confidence_boost__nes__l1 calls=1021 margin 5.32->8.57 t=87.9s
