[DONE] calibration__1966__denoise__attack__nes__l0.5 calls=1021 margin 6.94->0.40 t=92.3s
[DONE] calibration__1966__denoise__confidence_boost__nes__l0.5 calls=1021 margin 6.94->11.40 t=92.3s
[DONE] calibration__1966__deblur__attack__nes__l1 calls=1021 margin 6.61->-0.48 t=91.5s
[DONE] calibration__1966__deblur__confidence_boost__nes__l1 calls=1021 margin 6.61->11.20 t=89.9s
[DONE] calibration__5444__denoise__attack__nes__l0.5 calls=1021 margin 7.04->-0.35 t=90.2s
[DONE] calibration__5444__denoise__confidence_boost__nes__l0.5 calls=1021 margin 7.04->11.17 t=90.2s
[DONE] calibration__5444__deblur__attack__nes__l1 calls=1021 margin 6.05->-1.32 t=90.4s
[DONE] calibration__5444__deblur__confidence_boost__nes__l1 calls=1021 margin 6.05->11.33 t=89.8s
[DONE] calibration__7878__denoise__attack__nes__l0.5 calls=1021 margin 3.19->-4.94 t=90.5s
[DONE] calibration__7878__denoise__confidence_boost__nes__l0.5 calls=1021 margin 3.19->9.09 t=90.1s
[DONE] calibration__7878__deblur__attack__nes__l1 calls=1021 margin 5.49->0.59 t=89.8s
[DONE] calibration__7878__deblur__confidence_boost__nes__l1 calls=1021 margin 5.49->10.04 t=89.2s
[DONE] calibration__12199__denoise__attack__nes__l0.5 calls=1021 margin 1.73->-5.41 t=89.1s
[DONE] calibration__12199__denoise__confidence_boost__nes__l0.5 calls=1021 margin 1.73->8.89 t=89.4s
[DONE] calibration__12199__deblur__attack__nes__l1 calls=1021 margin 3.89->-3.62 t=90.2s
[DONE] calibration__12199__deblur__confidence_boost__nes__l1 calls=1021 margin 3.89->10.34 t=89.4s
[DONE] calibration__14252__denoise__attack__nes__l0.5 calls=1021 margin 0.52->-2.99 t=88.4s
[DONE] calibration__14252__denoise__confidence_boost__nes__l0.5 calls=1021 margin 0.52->5.34 t=88.4s
[DONE] calibration__14252__deblur__attack__nes__l1 calls=1021 margin 3.01->-2.89 t=88.6s
[DONE] calibration__14252__deblur__confidence_boost__nes__l1 calls=1021 margin 3.01->7.95 t=88.5s
[DONE] calibration__20037__denoise__attack__nes__l0.5 calls=1021 margin 1.42->-8.56 t=89.5s
[DONE] calibration__20037__denoise__confidence_boost__nes__l0.5 calls=1021 margin 1.42->4.33 t=89.3s
[DONE] calibration__20037__deblur__attack__nes__l1 calls=1021 margin 2.87->-2.22 t=89.3s
[DONE] calibration__20037__deblur__confidence_boost__nes__l1 calls=1021 margin 2.87->5.86 t=88.4s
[DONE] calibration__25563__denoise__attack__nes__l0.5 calls=1021 margin 4.71->-2.82 t=87.5s
[DONE] calibration__25563__denoise__confidence_boost__nes__l0.5 calls=1021 margin 4.71->7.29 t=87.5s
[DONE] calibration__25563__deblur__attack__nes__l1 calls=1021 margin 4.28->1.79 t=87.5s
[DONE] calibration__25563__deblur__confidence_boost__nes__l1 calls=1021 margin 4.28->9.18 t=87.5s
[DONE] calibration__27557__denoise__attack__nes__l0.5 calls=1021 margin 2.58->-8.73 t=87.4s
[DONE] calibration__27557__denoise__confidence_boost__nes__l0.5 calls=1021 margin 2.58->5.99 t=87.2s
[DONE] calibration__27557__deblur__attack__nes__l1 calls=1021 margin 3.31->-9.17 t=88.0s
[DONE] calibration__27557__deblur__confidence_boost__nes__l1 calls=1021 margin 3.31->9.65 t=86.9s
[DONE] calibration__30687__denoise__attack__nes__l0.5 calls=1021 margin 1.25->-5.88 t=87.1s
[DONE] calibration__30687__denoise__confidence_boost__nes__l0.5 calls=1021 margin 1.25->7.51 t=87.6s
[DONE] calibration__30687__deblur__attack__nes__l1 calls=1021 margin 2.69->-10.17 t=87.0s
[DONE] calibration__30687__deblur__confidence_boost__nes__l1 calls=1021 margin 2.69->9.64 t=87.2s
[DONE] calibration__36060__denoise__attack__nes__l0.5 calls=1021 margin 1.36->-2.98 t=87.6s
[DONE] calibration__36060__denoise__confidence_boost__nes__l0.5 calls=1021 margin 1.36->4.64 t=88.0s
[DONE] calibration__36060__deblur__attack__nes__l1 calls=1021 margin 2.23->-2.87 t=88.3s
[DONE] calibration__36060__deblur__confidence_boost__nes__l1 calls=1021 margin 2.23->4.74 t=87.8s
[DONE] calibration__42233__denoise__attack__nes__l0.5 calls=1021 margin 5.18->-1.97 t=88.3s
[DONE] calibration__42233__denoise__confidence_boost__nes__l0.5 calls=1021 margin 5.18->12.40 t=87.5s
[DONE] calibration__42233__deblur__attack__nes__l1 calls=1021 margin 2.99->-6.58 t=87.6s
[DONE] calibration__42233__deblur__confidence_boost__nes__l1 calls=1021 margin 2.99->6.64 t=87.5s
[DONE] calibration__44295__denoise__attack__nes__l0.5 calls=1021 margin 1.22->-7.32 t=87.4s
[DONE] calibration__44295__denoise__confidence_boost__nes__l0.5 calls=1021 margin 1.22->5.95 t=87.8s
[DONE] calibration__44295__deblur__attack__nes__l1 calls=1021 margin 3.36->-0.27 t=88.2s
[DONE] calibration__44295__deblur__confidence_boost__nes__l1 calls=1021 margin 3.36->7.02 t=87.5s
[DONE] confirmation__163__denoise__attack__nes__l0.5 calls=1021 margin 1.29->-4.31 t=87.8s
[DONE] confirmation__163__denoise__confidence_boost__nes__l0.5 calls=1021 margin 1.29->5.58 t=87.4s
[DONE] confirmation__163__deblur__attack__nes__l1 calls=1021 margin 3.63->-2.03 t=87.3s
[DONE] confirmation__163__deblur__confidence_boost__nes__l1 calls=1021 margin 3.63->9.13 t=87.5s
[DONE] confirmation__3160__denoise__attack__nes__l0.5 calls=1021 margin 10.10->3.24 t=87.9s
[DONE] confirmation__3160__denoise__confidence_boost__nes__l0.5 calls=1021 margin 10.10->15.40 t=87.5s
[DONE] confirmation__3160__deblur__attack__nes__l1 calls=1021 margin 10.05->2.92 t=87.5s
[DONE] confirmation__3160__deblur__confidence_boost__nes__l1 calls=1021 margin 10.05->15.36 t=87.1s
[DONE] confirmation__6958__denoise__attack__nes__l0.5 calls=1021 margin 3.76->-5.12 t=87.6s
[DONE] confirmation__6958__denoise__confidence_boost__nes__l0.5 calls=1021 margin 3.76->11.20 t=87.6s
[DONE] confirmation__6958__deblur__attack__nes__l1 calls=1021 margin 4.25->-5.37 t=88.1s
[DONE] confirmation__6958__deblur__confidence_boost__nes__l1 calls=1021 margin 4.25->10.92 t=87.1s
[DONE] confirmation__10594__denoise__attack__nes__l0.5 calls=1021 margin 1.56->-11.01 t=89.4s
[DONE] confirmation__10594__denoise__confidence_boost__nes__l0.5 calls=1021 margin 1.56->10.92 t=88.0s
[DONE] confirmation__10594__deblur__attack__nes__l1 calls=1021 margin 6.87->-7.39 t=87.6s
[DONE] confirmation__10594__deblur__confidence_boost__nes__l1 calls=1021 margin 6.87->11.73 t=87.2s
[DONE] confirmation__13309__denoise__attack__nes__l0.5 calls=1021 margin 1.69->-2.58 t=87.7s
[DONE] confirmation__13309__denoise__confidence_boost__nes__l0.5 calls=1021 margin 1.69->3.69 t=88.3s
[DONE] confirmation__13309__deblur__attack__nes__l1 calls=1021 margin 0.93->-5.04 t=87.9s
[DONE] confirmation__13309__deblur__confidence_boost__nes__l1 calls=1021 margin 0.93->3.28 t=87.9s
[DONE] confirmation__16707__denoise__attack__nes__l0.5 calls=1021 margin 0.85->-7.01 t=88.7s
[DONE] confirmation__16707__denoise__confidence_boost__nes__l0.5 calls=1021 margin 0.85->10.56 t=88.6s
[DONE] confirmation__16707__deblur__attack__nes__l1 calls=1021 margin 2.05->-7.03 t=88.7s
[DONE] confirmation__16707__deblur__confidence_boost__nes__l1 calls=1021 margin 2.05->8.37 t=88.6s
[DONE] confirmation__23047__denoise__attack__nes__l0.5 calls=1021 margin 2.88->-12.25 t=87.7s
[DONE] confirmation__23047__denoise__confidence_boost__nes__l0.5 calls=1021 margin 2.88->7.18 t=86.9s
[DONE] confirmation__23047__deblur__attack__nes__l1 calls=1021 margin 0.74->-8.73 t=86.8s
[DONE] confirmation__23047__deblur__confidence_boost__nes__l1 calls=1021 margin 0.74->5.78 t=87.5s
[DONE] confirmation__26743__denoise__attack__nes__l0.5 calls=1021 margin 3.27->-6.60 t=88.0s
[DONE] confirmation__26743__denoise__confidence_boost__nes__l0.5 calls=1021 margin 3.27->7.07 t=87.8s
[DONE] confirmation__26743__deblur__attack__nes__l1 calls=1021 margin 8.60->-8.08 t=88.1s
[DONE] confirmation__26743__deblur__confidence_boost__nes__l1 calls=1021 margin 8.60->10.09 t=87.6s
[DONE] confirmation__29383__denoise__attack__nes__l0.5 calls=1021 margin 1.17->-3.28 t=87.5s
[DONE] confirmation__29383__denoise__confidence_boost__nes__l0.5 calls=1021 margin 1.17->3.34 t=87.8s
[DONE] confirmation__29383__deblur__attack__nes__l1 calls=1021 margin 3.66->-2.87 t=87.8s
[DONE] confirmation__29383__deblur__confidence_boost__nes__l1 calls=1021 margin 3.66->4.92 t=87.2s
[DONE] confirmation__32809__denoise__attack__nes__l0.5 calls=1021 margin 1.73->-5.06 t=87.0s
[DONE] confirmation__32809__denoise__confidence_boost__nes__l0.5 calls=1021 margin 1.73->6.20 t=88.1s
[DONE] confirmation__32809__deblur__attack__nes__l1 calls=1021 margin 1.45->-6.47 t=87.5s
[DONE] confirmation__32809__deblur__confidence_boost__nes__l1 calls=1021 margin 1.45->5.68 t=87.7s
[DONE] confirmation__38629__denoise__attack__nes__l0.5 calls=1021 margin 5.24->-10.43 t=87.5s
[DONE] confirmation__38629__denoise__confidence_boost__nes__l0.5 calls=1021 margin 5.24->15.48 t=87.5s
[DONE] confirmation__38629__deblur__attack__nes__l1 calls=1021 margin 4.47->-6.96 t=87.8s
[DONE] confirmation__38629__deblur__confidence_boost__nes__l1 calls=1021 margin 4.47->15.06 t=88.7s
[DONE] confirmation__43022__denoise__attack__nes__l0.5 calls=1021 margin 0.59->-12.61 t=87.3s
[DONE] confirmation__43022__denoise__confidence_boost__nes__l0.5 calls=1021 margin 0.59->5.49 t=87.9s
[DONE] confirmation__43022__deblur__attack__nes__l1 calls=1021 margin 0.68->-3.87 t=87.1s
[DONE] confirmation__43022__deblur__confidence_boost__nes__l1 calls=1021 margin 0.68->6.59 t=88.6s
[DONE] confirmation__48655__denoise__attack__nes__l0.5 calls=1021 margin 3.69->0.31 t=87.5s
[DONE] confirmation__48655__denoise__confidence_boost__nes__l0.5 calls=1021 margin 3.69->6.37 t=87.4s
[DONE] confirmation__48655__deblur__attack__nes__l1 calls=1021 margin 1.63->-1.62 t=87.9s
[DONE] confirmation__48655__deblur__confidence_boost__nes__l1 calls=1021 margin 1.63->5.60 t=87.4s
