[DONE] calibration__3302__denoise__attack__nes__l0.5 calls=1021 margin 5.81->-0.75 t=3.9s
[DONE] calibration__3302__denoise__restore__nes__l0.5 calls=1021 margin 5.81->5.66 t=3.7s
[DONE] calibration__3302__denoise__random_walk__random_walk__l0.5 calls=1024 margin 5.81->5.85 t=5.2s
[DONE] calibration__3302__denoise__confidence_boost__nes__l0.5 calls=1021 margin 5.81->11.76 t=3.7s
[DONE] calibration__3302__denoise__boundary_probe__nes__l0.5 calls=1021 margin 5.81->0.00 t=3.7s
[DONE] calibration__3302__denoise__counterfactual__nes__l0.5 calls=1021 margin 5.81->-1.51 t=3.7s
[DONE] calibration__3302__deblur__attack__nes__l1 calls=1021 margin 9.02->0.74 t=3.8s
[DONE] calibration__3302__deblur__restore__nes__l1 calls=1021 margin 9.02->9.40 t=3.6s
[DONE] calibration__3302__deblur__random_walk__random_walk__l1 calls=1024 margin 9.02->6.42 t=5.1s
[DONE] calibration__3302__deblur__confidence_boost__nes__l1 calls=1021 margin 9.02->13.61 t=3.7s
[DONE] calibration__3302__deblur__boundary_probe__nes__l1 calls=1021 margin 9.02->0.01 t=3.9s
[DONE] calibration__3302__deblur__counterfactual__nes__l1 calls=1021 margin 9.02->-0.58 t=3.7s
[DONE] calibration__231__denoise__attack__nes__l0.5 calls=1021 margin 9.85->5.93 t=4.0s
[DONE] calibration__231__denoise__restore__nes__l0.5 calls=1021 margin 9.85->9.75 t=3.6s
[DONE] calibration__231__denoise__random_walk__random_walk__l0.5 calls=1024 margin 9.85->9.50 t=5.2s
[DONE] calibration__231__denoise__confidence_boost__nes__l0.5 calls=1021 margin 9.85->13.08 t=3.8s
[DONE] calibration__231__denoise__boundary_probe__nes__l0.5 calls=1021 margin 9.85->5.79 t=3.7s
[DONE] calibration__231__denoise__counterfactual__nes__l0.5 calls=1021 margin 9.85->5.64 t=3.6s
[DONE] calibration__231__deblur__attack__nes__l1 calls=1021 margin 11.15->5.83 t=3.6s
[DONE] calibration__231__deblur__restore__nes__l1 calls=1021 margin 11.15->11.11 t=3.7s
[DONE] calibration__231__deblur__random_walk__random_walk__l1 calls=1024 margin 11.15->8.66 t=5.2s
[DONE] calibration__231__deblur__confidence_boost__nes__l1 calls=1021 margin 11.15->13.83 t=3.7s
[DONE] calibration__231__deblur__boundary_probe__nes__l1 calls=1021 margin 11.15->5.73 t=3.8s
[DONE] calibration__231__deblur__counterfactual__nes__l1 calls=1021 margin 11.15->5.63 t=3.8s
[DONE] calibration__3033__denoise__attack__nes__l0.5 calls=1021 margin 5.05->-1.18 t=3.7s
[DONE] calibration__3033__denoise__restore__nes__l0.5 calls=1021 margin 5.05->5.11 t=3.6s
[DONE] calibration__3033__denoise__random_walk__random_walk__l0.5 calls=1024 margin 5.05->5.15 t=5.2s
[DONE] calibration__3033__denoise__confidence_boost__nes__l0.5 calls=1021 margin 5.05->10.46 t=3.6s
[DONE] calibration__3033__denoise__boundary_probe__nes__l0.5 calls=1021 margin 5.05->0.03 t=3.6s
[DONE] calibration__3033__denoise__counterfactual__nes__l0.5 calls=1021 margin 5.05->-1.67 t=3.8s
[DONE] calibration__3033__deblur__attack__nes__l1 calls=1021 margin 7.52->-0.81 t=3.8s
[DONE] calibration__3033__deblur__restore__nes__l1 calls=1021 margin 7.52->7.47 t=3.8s
[DONE] calibration__3033__deblur__random_walk__random_walk__l1 calls=1024 margin 7.52->6.99 t=5.2s
[DONE] calibration__3033__deblur__confidence_boost__nes__l1 calls=1021 margin 7.52->12.16 t=3.9s
[DONE] calibration__3033__deblur__boundary_probe__nes__l1 calls=1021 margin 7.52->0.64 t=3.7s
[DONE] calibration__3033__deblur__counterfactual__nes__l1 calls=1021 margin 7.52->0.05 t=4.4s
[DONE] calibration__2073__denoise__attack__nes__l0.5 calls=1021 margin 0.78->-8.78 t=4.5s
[DONE] calibration__2073__denoise__restore__nes__l0.5 calls=1021 margin 0.78->0.63 t=4.1s
[DONE] calibration__2073__denoise__random_walk__random_walk__l0.5 calls=1024 margin 0.78->0.20 t=5.2s
[DONE] calibration__2073__denoise__confidence_boost__nes__l0.5 calls=1021 margin 0.78->9.68 t=3.7s
[DONE] calibration__2073__denoise__boundary_probe__nes__l0.5 calls=1021 margin 0.78->0.01 t=3.6s
[DONE] calibration__2073__denoise__counterfactual__nes__l0.5 calls=1021 margin 0.78->-7.96 t=3.7s
[DONE] calibration__2073__deblur__attack__nes__l1 calls=1021 margin 12.99->-1.35 t=3.6s
[DONE] calibration__2073__deblur__restore__nes__l1 calls=1021 margin 12.99->12.94 t=3.8s
[DONE] calibration__2073__deblur__random_walk__random_walk__l1 calls=1024 margin 12.99->12.96 t=5.3s
[DONE] calibration__2073__deblur__confidence_boost__nes__l1 calls=1021 margin 12.99->15.50 t=3.9s
[DONE] calibration__2073__deblur__boundary_probe__nes__l1 calls=1021 margin 12.99->0.04 t=3.9s
[DONE] calibration__2073__deblur__counterfactual__nes__l1 calls=1021 margin 12.99->-0.21 t=3.7s
[DONE] calibration__8730__denoise__attack__nes__l0.5 calls=1021 margin 2.55->-6.12 t=3.7s
[DONE] calibration__8730__denoise__restore__nes__l0.5 calls=1021 margin 2.55->3.00 t=3.7s
[DONE] calibration__8730__denoise__random_walk__random_walk__l0.5 calls=1024 margin 2.55->1.58 t=5.2s
[DONE] calibration__8730__denoise__confidence_boost__nes__l0.5 calls=1021 margin 2.55->10.02 t=3.7s
[DONE] calibration__8730__denoise__boundary_probe__nes__l0.5 calls=1021 margin 2.55->0.01 t=3.6s
[DONE] calibration__8730__denoise__counterfactual__nes__l0.5 calls=1021 margin 2.55->-5.63 t=3.7s
[DONE] calibration__8730__deblur__attack__nes__l1 calls=1021 margin 8.60->-7.32 t=3.9s
[DONE] calibration__8730__deblur__restore__nes__l1 calls=1021 margin 8.60->8.55 t=3.8s
[DONE] calibration__8730__deblur__random_walk__random_walk__l1 calls=1024 margin 8.60->7.29 t=5.2s
[DONE] calibration__8730__deblur__confidence_boost__nes__l1 calls=1021 margin 8.60->14.04 t=3.9s
[DONE] calibration__8730__deblur__boundary_probe__nes__l1 calls=1021 margin 8.60->0.06 t=3.7s
[DONE] calibration__8730__deblur__counterfactual__nes__l1 calls=1021 margin 8.60->-8.25 t=3.8s
[DONE] calibration__6587__denoise__attack__nes__l0.5 calls=1021 margin 0.47->-7.25 t=3.5s
[DONE] calibration__6587__denoise__restore__nes__l0.5 calls=1021 margin 0.47->0.45 t=3.8s
[DONE] calibration__6587__denoise__random_walk__random_walk__l0.5 calls=1024 margin 0.47->-1.03 t=5.1s
[DONE] calibration__6587__denoise__confidence_boost__nes__l0.5 calls=1021 margin 0.47->8.30 t=3.9s
[DONE] calibration__6587__denoise__boundary_probe__nes__l0.5 calls=1021 margin 0.47->0.02 t=3.8s
[DONE] calibration__6587__denoise__counterfactual__nes__l0.5 calls=1021 margin 0.47->-7.22 t=3.8s
[DONE] calibration__6587__deblur__attack__nes__l1 calls=1021 margin 5.64->-5.58 t=3.8s
[DONE] calibration__6587__deblur__restore__nes__l1 calls=1021 margin 5.64->5.51 t=4.0s
[DONE] calibration__6587__deblur__random_walk__random_walk__l1 calls=1024 margin 5.64->3.47 t=5.1s
[DONE] calibration__6587__deblur__confidence_boost__nes__l1 calls=1021 margin 5.64->11.17 t=3.8s
[DONE] calibration__6587__deblur__boundary_probe__nes__l1 calls=1021 margin 5.64->0.03 t=3.6s
[DONE] calibration__6587__deblur__counterfactual__nes__l1 calls=1021 margin 5.64->-5.35 t=3.7s
[DONE] calibration__328__denoise__attack__nes__l0.5 calls=1021 margin 1.78->-4.85 t=3.7s
[DONE] calibration__328__denoise__restore__nes__l0.5 calls=1021 margin 1.78->1.37 t=3.9s
[DONE] calibration__328__denoise__random_walk__random_walk__l0.5 calls=1024 margin 1.78->-0.07 t=5.3s
[DONE] calibration__328__denoise__confidence_boost__nes__l0.5 calls=1021 margin 1.78->8.10 t=3.9s
[DONE] calibration__328__denoise__boundary_probe__nes__l0.5 calls=1021 margin 1.78->0.00 t=3.9s
[DONE] calibration__328__denoise__counterfactual__nes__l0.5 calls=1021 margin 1.78->-5.36 t=3.7s
[DONE] calibration__328__deblur__attack__nes__l1 calls=1021 margin 9.83->-5.44 t=3.9s
[DONE] calibration__328__deblur__restore__nes__l1 calls=1021 margin 9.83->9.03 t=3.9s
[DONE] calibration__328__deblur__random_walk__random_walk__l1 calls=1024 margin 9.83->7.11 t=5.2s
[DONE] calibration__328__deblur__confidence_boost__nes__l1 calls=1021 margin 9.83->14.89 t=3.8s
[DONE] calibration__328__deblur__boundary_probe__nes__l1 calls=1021 margin 9.83->0.08 t=3.7s
[DONE] calibration__328__deblur__counterfactual__nes__l1 calls=1021 margin 9.83->-6.07 t=3.7s
[DONE] calibration__5638__denoise__attack__nes__l0.5 calls=1021 margin 5.10->-2.50 t=3.7s
[DONE] calibration__5638__denoise__restore__nes__l0.5 calls=1021 margin 5.10->5.09 t=3.7s
[DONE] calibration__5638__denoise__random_walk__random_walk__l0.5 calls=1024 margin 5.10->4.02 t=5.2s
[DONE] calibration__5638__denoise__confidence_boost__nes__l0.5 calls=1021 margin 5.10->10.70 t=4.1s
[DONE] calibration__5638__denoise__boundary_probe__nes__l0.5 calls=1021 margin 5.10->0.06 t=3.9s
[DONE] calibration__5638__denoise__counterfactual__nes__l0.5 calls=1021 margin 5.10->-2.56 t=4.0s
[DONE] calibration__5638__deblur__attack__nes__l1 calls=1021 margin 7.45->-7.58 t=3.9s
[DONE] calibration__5638__deblur__restore__nes__l1 calls=1021 margin 7.45->7.17 t=4.0s
[DONE] calibration__5638__deblur__random_walk__random_walk__l1 calls=1024 margin 7.45->7.50 t=5.4s
[DONE] calibration__5638__deblur__confidence_boost__nes__l1 calls=1021 margin 7.45->15.35 t=3.9s
[DONE] calibration__5638__deblur__boundary_probe__nes__l1 calls=1021 margin 7.45->0.01 t=3.9s
[DONE] calibration__5638__deblur__counterfactual__nes__l1 calls=1021 margin 7.45->-8.12 t=3.9s
[DONE] calibration__1561__denoise__attack__nes__l0.5 calls=1021 margin 1.40->-4.28 t=3.8s
[DONE] calibration__1561__denoise__restore__nes__l0.5 calls=1021 margin 1.40->1.91 t=3.9s
[DONE] calibration__1561__denoise__random_walk__random_walk__l0.5 calls=1024 margin 1.40->2.13 t=5.5s
[DONE] calibration__1561__denoise__confidence_boost__nes__l0.5 calls=1021 margin 1.40->6.51 t=3.9s
[DONE] calibration__1561__denoise__boundary_probe__nes__l0.5 calls=1021 margin 1.40->0.01 t=3.9s
[DONE] calibration__1561__denoise__counterfactual__nes__l0.5 calls=1021 margin 1.40->-4.11 t=3.7s
[DONE] calibration__1561__deblur__attack__nes__l1 calls=1021 margin 2.26->-3.97 t=4.0s
[DONE] calibration__1561__deblur__restore__nes__l1 calls=1021 margin 2.26->2.86 t=4.1s
[DONE] calibration__1561__deblur__random_walk__random_walk__l1 calls=1024 margin 2.26->3.36 t=5.4s
[DONE] calibration__1561__deblur__confidence_boost__nes__l1 calls=1021 margin 2.26->9.32 t=3.9s
[DONE] calibration__1561__deblur__boundary_probe__nes__l1 calls=1021 margin 2.26->0.01 t=3.9s
[DONE] calibration__1561__deblur__counterfactual__nes__l1 calls=1021 margin 2.26->-3.76 t=3.8s
[DONE] calibration__9353__denoise__attack__nes__l0.5 calls=1021 margin 1.38->-3.60 t=4.1s
[DONE] calibration__9353__denoise__restore__nes__l0.5 calls=1021 margin 1.38->1.02 t=3.9s
[DONE] calibration__9353__denoise__random_walk__random_walk__l0.5 calls=1024 margin 1.38->1.70 t=5.5s
[DONE] calibration__9353__denoise__confidence_boost__nes__l0.5 calls=1021 margin 1.38->5.93 t=4.0s
[DONE] calibration__9353__denoise__boundary_probe__nes__l0.5 calls=1021 margin 1.38->0.01 t=4.0s
[DONE] calibration__9353__denoise__counterfactual__nes__l0.5 calls=1021 margin 1.38->-3.46 t=3.8s
[DONE] calibration__9353__deblur__attack__nes__l1 calls=1021 margin 0.14->-6.52 t=4.0s
[DONE] calibration__9353__deblur__restore__nes__l1 calls=1021 margin 0.14->0.15 t=3.9s
[DONE] calibration__9353__deblur__random_walk__random_walk__l1 calls=1024 margin 0.14->-1.80 t=5.4s
[DONE] calibration__9353__deblur__confidence_boost__nes__l1 calls=1021 margin 0.14->5.85 t=3.9s
[DONE] calibration__9353__deblur__boundary_probe__nes__l1 calls=1021 margin 0.14->0.02 t=3.9s
[DONE] calibration__9353__deblur__counterfactual__nes__l1 calls=1021 margin 0.14->-6.34 t=3.8s
[DONE] calibration__5423__denoise__attack__nes__l0.5 calls=1021 margin 12.06->9.47 t=3.8s
[DONE] calibration__5423__denoise__restore__nes__l0.5 calls=1021 margin 12.06->12.05 t=4.0s
[DONE] calibration__5423__denoise__random_walk__random_walk__l0.5 calls=1024 margin 12.06->11.69 t=5.5s
[DONE] calibration__5423__denoise__confidence_boost__nes__l0.5 calls=1021 margin 12.06->13.30 t=3.9s
[DONE] calibration__5423__denoise__boundary_probe__nes__l0.5 calls=1021 margin 12.06->9.02 t=3.9s
[DONE] calibration__5423__denoise__counterfactual__nes__l0.5 calls=1021 margin 12.06->9.35 t=3.9s
[DONE] calibration__5423__deblur__attack__nes__l1 calls=1021 margin 14.80->14.80 t=3.9s
[DONE] calibration__5423__deblur__restore__nes__l1 calls=1021 margin 14.80->15.01 t=4.1s
[DONE] calibration__5423__deblur__random_walk__random_walk__l1 calls=1024 margin 14.80->14.91 t=5.4s
[DONE] calibration__5423__deblur__confidence_boost__nes__l1 calls=1021 margin 14.80->14.90 t=3.8s
[DONE] calibration__5423__deblur__boundary_probe__nes__l1 calls=1021 margin 14.80->8.53 t=3.9s
[DONE] calibration__5423__deblur__counterfactual__nes__l1 calls=1021 margin 14.80->8.90 t=3.9s
[DONE] calibration__13__denoise__attack__nes__l0.5 calls=1021 margin 9.26->1.65 t=3.9s
[DONE] calibration__13__denoise__restore__nes__l0.5 calls=1021 margin 9.26->8.89 t=4.0s
[DONE] calibration__13__denoise__random_walk__random_walk__l0.5 calls=1024 margin 9.26->8.55 t=5.4s
[DONE] calibration__13__denoise__confidence_boost__nes__l0.5 calls=1021 margin 9.26->13.40 t=3.9s
[DONE] calibration__13__denoise__boundary_probe__nes__l0.5 calls=1021 margin 9.26->0.27 t=3.9s
[DONE] calibration__13__denoise__counterfactual__nes__l0.5 calls=1021 margin 9.26->1.40 t=4.0s
[DONE] calibration__13__deblur__attack__nes__l1 calls=1021 margin 8.16->-0.28 t=3.9s
[DONE] calibration__13__deblur__restore__nes__l1 calls=1021 margin 8.16->7.82 t=4.1s
[DONE] calibration__13__deblur__random_walk__random_walk__l1 calls=1024 margin 8.16->9.06 t=5.3s
[DONE] calibration__13__deblur__confidence_boost__nes__l1 calls=1021 margin 8.16->13.01 t=3.9s
[DONE] calibration__13__deblur__boundary_probe__nes__l1 calls=1021 margin 8.16->0.46 t=3.8s
[DONE] calibration__13__deblur__counterfactual__nes__l1 calls=1021 margin 8.16->-0.43 t=3.9s
[DONE] calibration__5045__denoise__attack__nes__l0.5 calls=1021 margin 5.83->-3.44 t=3.9s
[DONE] calibration__5045__denoise__restore__nes__l0.5 calls=1021 margin 5.83->5.97 t=4.0s
[DONE] calibration__5045__denoise__random_walk__random_walk__l0.5 calls=1024 margin 5.83->6.07 t=5.4s
[DONE] calibration__5045__denoise__confidence_boost__nes__l0.5 calls=1021 margin 5.83->9.96 t=4.0s
[DONE] calibration__5045__denoise__boundary_probe__nes__l0.5 calls=1021 margin 5.83->0.00 t=4.2s
[DONE] calibration__5045__denoise__counterfactual__nes__l0.5 calls=1021 margin 5.83->-2.90 t=4.1s
[DONE] calibration__5045__deblur__attack__nes__l1 calls=1021 margin 7.95->-7.36 t=3.9s
[DONE] calibration__5045__deblur__restore__nes__l1 calls=1021 margin 7.95->7.38 t=4.1s
[DONE] calibration__5045__deblur__random_walk__random_walk__l1 calls=1024 margin 7.95->4.90 t=5.6s
[DONE] calibration__5045__deblur__confidence_boost__nes__l1 calls=1021 margin 7.95->12.81 t=4.0s
[DONE] calibration__5045__deblur__boundary_probe__nes__l1 calls=1021 margin 7.95->0.06 t=4.2s
[DONE] calibration__5045__deblur__counterfactual__nes__l1 calls=1021 margin 7.95->-1.54 t=3.9s
[DONE] calibration__2503__denoise__attack__nes__l0.5 calls=1021 margin 0.72->-6.44 t=3.8s
[DONE] calibration__2503__denoise__restore__nes__l0.5 calls=1021 margin 0.72->0.53 t=4.1s
[DONE] calibration__2503__denoise__random_walk__random_walk__l0.5 calls=1024 margin 0.72->-1.73 t=5.5s
[DONE] calibration__2503__denoise__confidence_boost__nes__l0.5 calls=1021 margin 0.72->5.24 t=4.0s
[DONE] calibration__2503__denoise__boundary_probe__nes__l0.5 calls=1021 margin 0.72->0.01 t=3.8s
[DONE] calibration__2503__denoise__counterfactual__nes__l0.5 calls=1021 margin 0.72->-6.01 t=4.0s
[DONE] calibration__2503__deblur__attack__nes__l1 calls=1021 margin 8.71->-3.86 t=4.0s
[DONE] calibration__2503__deblur__restore__nes__l1 calls=1021 margin 8.71->8.63 t=4.1s
[DONE] calibration__2503__deblur__random_walk__random_walk__l1 calls=1024 margin 8.71->5.37 t=5.5s
[DONE] calibration__2503__deblur__confidence_boost__nes__l1 calls=1021 margin 8.71->13.88 t=3.9s
[DONE] calibration__2503__deblur__boundary_probe__nes__l1 calls=1021 margin 8.71->0.02 t=4.0s
[DONE] calibration__2503__deblur__counterfactual__nes__l1 calls=1021 margin 8.71->-2.95 t=3.9s
[DONE] calibration__6691__denoise__attack__nes__l0.5 calls=1021 margin 2.56->-5.04 t=3.7s
[DONE] calibration__6691__denoise__restore__nes__l0.5 calls=1021 margin 2.56->2.46 t=4.0s
[DONE] calibration__6691__denoise__random_walk__random_walk__l0.5 calls=1024 margin 2.56->2.81 t=5.6s
[DONE] calibration__6691__denoise__confidence_boost__nes__l0.5 calls=1021 margin 2.56->7.54 t=4.0s
[DONE] calibration__6691__denoise__boundary_probe__nes__l0.5 calls=1021 margin 2.56->0.05 t=4.1s
[DONE] calibration__6691__denoise__counterfactual__nes__l0.5 calls=1021 margin 2.56->-4.58 t=4.0s
[DONE] calibration__6691__deblur__attack__nes__l1 calls=1021 margin 11.42->-1.84 t=4.0s
[DONE] calibration__6691__deblur__restore__nes__l1 calls=1021 margin 11.42->11.35 t=4.1s
[DONE] calibration__6691__deblur__random_walk__random_walk__l1 calls=1024 margin 11.42->9.17 t=5.5s
[DONE] calibration__6691__deblur__confidence_boost__nes__l1 calls=1021 margin 11.42->14.56 t=3.9s
[DONE] calibration__6691__deblur__boundary_probe__nes__l1 calls=1021 margin 11.42->0.01 t=4.0s
[DONE] calibration__6691__deblur__counterfactual__nes__l1 calls=1021 margin 11.42->2.50 t=3.8s
[DONE] calibration__5494__denoise__attack__nes__l0.5 calls=1021 margin 2.88->-5.00 t=4.0s
[DONE] calibration__5494__denoise__restore__nes__l0.5 calls=1021 margin 2.88->3.40 t=3.9s
[DONE] calibration__5494__denoise__random_walk__random_walk__l0.5 calls=1024 margin 2.88->1.10 t=5.5s
[DONE] calibration__5494__denoise__confidence_boost__nes__l0.5 calls=1021 margin 2.88->9.44 t=3.9s
[DONE] calibration__5494__denoise__boundary_probe__nes__l0.5 calls=1021 margin 2.88->0.01 t=3.9s
[DONE] calibration__5494__denoise__counterfactual__nes__l0.5 calls=1021 margin 2.88->-5.05 t=4.1s
[DONE] calibration__5494__deblur__attack__nes__l1 calls=1021 margin 11.17->-1.21 t=3.8s
[DONE] calibration__5494__deblur__restore__nes__l1 calls=1021 margin 11.17->11.28 t=4.0s
[DONE] calibration__5494__deblur__random_walk__random_walk__l1 calls=1024 margin 11.17->8.71 t=5.4s
[DONE] calibration__5494__deblur__confidence_boost__nes__l1 calls=1021 margin 11.17->13.60 t=4.1s
[DONE] calibration__5494__deblur__boundary_probe__nes__l1 calls=1021 margin 11.17->1.23 t=3.8s
[DONE] calibration__5494__deblur__counterfactual__nes__l1 calls=1021 margin 11.17->3.39 t=3.8s
[DONE] evaluation__539__denoise__attack__nes__l0.5 calls=1021 margin 3.43->-1.52 t=3.9s
[DONE] evaluation__539__denoise__restore__nes__l0.5 calls=1021 margin 3.43->3.64 t=4.1s
[DONE] evaluation__539__denoise__random_walk__random_walk__l0.5 calls=1024 margin 3.43->3.51 t=5.5s
[DONE] evaluation__539__denoise__confidence_boost__nes__l0.5 calls=1021 margin 3.43->7.33 t=4.1s
[DONE] evaluation__539__denoise__boundary_probe__nes__l0.5 calls=1021 margin 3.43->0.03 t=3.9s
[DONE] evaluation__539__denoise__counterfactual__nes__l0.5 calls=1021 margin 3.43->-1.95 t=4.1s
[DONE] evaluation__539__deblur__attack__nes__l1 calls=1021 margin 11.17->3.68 t=3.9s
[DONE] evaluation__539__deblur__restore__nes__l1 calls=1021 margin 11.17->11.43 t=4.1s
[DONE] evaluation__539__deblur__random_walk__random_walk__l1 calls=1024 margin 11.17->10.51 t=5.6s
[DONE] evaluation__539__deblur__confidence_boost__nes__l1 calls=1021 margin 11.17->14.49 t=4.0s
[DONE] evaluation__539__deblur__boundary_probe__nes__l1 calls=1021 margin 11.17->2.66 t=4.0s
[DONE] evaluation__539__deblur__counterfactual__nes__l1 calls=1021 margin 11.17->3.20 t=3.8s
[DONE] evaluation__4126__denoise__attack__nes__l0.5 calls=1021 margin 4.25->-2.01 t=4.1s
[DONE] evaluation__4126__denoise__restore__nes__l0.5 calls=1021 margin 4.25->3.87 t=4.0s
[DONE] evaluation__4126__denoise__random_walk__random_walk__l0.5 calls=1024 margin 4.25->3.51 t=5.4s
[DONE] evaluation__4126__denoise__confidence_boost__nes__l0.5 calls=1021 margin 4.25->8.37 t=3.9s
[DONE] evaluation__4126__denoise__boundary_probe__nes__l0.5 calls=1021 margin 4.25->0.03 t=4.1s
[DONE] evaluation__4126__denoise__counterfactual__nes__l0.5 calls=1021 margin 4.25->-2.05 t=4.1s
[DONE] evaluation__4126__deblur__attack__nes__l1 calls=1021 margin 3.11->-1.10 t=4.1s
[DONE] evaluation__4126__deblur__restore__nes__l1 calls=1021 margin 3.11->3.73 t=4.0s
[DONE] evaluation__4126__deblur__random_walk__random_walk__l1 calls=1024 margin 3.11->3.60 t=5.5s
[DONE] evaluation__4126__deblur__confidence_boost__nes__l1 calls=1021 margin 3.11->7.16 t=4.0s
[DONE] evaluation__4126__deblur__boundary_probe__nes__l1 calls=1021 margin 3.11->0.01 t=4.1s
[DONE] evaluation__4126__deblur__counterfactual__nes__l1 calls=1021 margin 3.11->-0.86 t=3.9s
[DONE] evaluation__7748__denoise__attack__nes__l0.5 calls=1021 margin 6.00->1.16 t=3.8s
[DONE] evaluation__7748__denoise__restore__nes__l0.5 calls=1021 margin 6.00->6.17 t=4.1s
[DONE] evaluation__7748__denoise__random_walk__random_walk__l0.5 calls=1024 margin 6.00->5.39 t=5.5s
[DONE] evaluation__7748__denoise__confidence_boost__nes__l0.5 calls=1021 margin 6.00->10.00 t=3.9s
[DONE] evaluation__7748__denoise__boundary_probe__nes__l0.5 calls=1021 margin 6.00->0.90 t=4.0s
[DONE] evaluation__7748__denoise__counterfactual__nes__l0.5 calls=1021 margin 6.00->0.36 t=3.8s
[DONE] evaluation__7748__deblur__attack__nes__l1 calls=1021 margin 7.34->1.09 t=4.0s
[DONE] evaluation__7748__deblur__restore__nes__l1 calls=1021 margin 7.34->9.15 t=4.3s
[DONE] evaluation__7748__deblur__random_walk__random_walk__l1 calls=1024 margin 7.34->9.73 t=5.6s
[DONE] evaluation__7748__deblur__confidence_boost__nes__l1 calls=1021 margin 7.34->13.53 t=3.9s
[DONE] evaluation__7748__deblur__boundary_probe__nes__l1 calls=1021 margin 7.34->4.55 t=4.3s
[DONE] evaluation__7748__deblur__counterfactual__nes__l1 calls=1021 margin 7.34->5.46 t=3.8s
[DONE] evaluation__9973__denoise__attack__nes__l0.5 calls=1021 margin 2.95->-4.39 t=4.0s
[DONE] evaluation__9973__denoise__restore__nes__l0.5 calls=1021 margin 2.95->2.80 t=4.0s
[DONE] evaluation__9973__denoise__random_walk__random_walk__l0.5 calls=1024 margin 2.95->2.83 t=5.7s
[DONE] evaluation__9973__denoise__confidence_boost__nes__l0.5 calls=1021 margin 2.95->7.83 t=3.7s
[DONE] evaluation__9973__denoise__boundary_probe__nes__l0.5 calls=1021 margin 2.95->0.02 t=3.9s
[DONE] evaluation__9973__denoise__counterfactual__nes__l0.5 calls=1021 margin 2.95->-2.37 t=4.0s
[DONE] evaluation__9973__deblur__attack__nes__l1 calls=1021 margin 5.88->-3.13 t=3.9s
[DONE] evaluation__9973__deblur__restore__nes__l1 calls=1021 margin 5.88->6.97 t=4.0s
[DONE] evaluation__9973__deblur__random_walk__random_walk__l1 calls=1024 margin 5.88->3.55 t=5.7s
[DONE] evaluation__9973__deblur__confidence_boost__nes__l1 calls=1021 margin 5.88->12.32 t=4.1s
[DONE] evaluation__9973__deblur__boundary_probe__nes__l1 calls=1021 margin 5.88->0.00 t=3.8s
[DONE] evaluation__9973__deblur__counterfactual__nes__l1 calls=1021 margin 5.88->-3.41 t=3.8s
[DONE] evaluation__1751__denoise__attack__nes__l0.5 calls=1021 margin 8.23->3.57 t=3.8s
[DONE] evaluation__1751__denoise__restore__nes__l0.5 calls=1021 margin 8.23->8.23 t=3.7s
[DONE] evaluation__1751__denoise__random_walk__random_walk__l0.5 calls=1024 margin 8.23->7.98 t=5.3s
[DONE] evaluation__1751__denoise__confidence_boost__nes__l0.5 calls=1021 margin 8.23->10.94 t=3.9s
[DONE] evaluation__1751__denoise__boundary_probe__nes__l0.5 calls=1021 margin 8.23->2.85 t=4.1s
[DONE] evaluation__1751__denoise__counterfactual__nes__l0.5 calls=1021 margin 8.23->3.38 t=4.1s
[DONE] evaluation__1751__deblur__attack__nes__l1 calls=1021 margin 9.11->3.20 t=4.0s
[DONE] evaluation__1751__deblur__restore__nes__l1 calls=1021 margin 9.11->8.62 t=4.0s
[DONE] evaluation__1751__deblur__random_walk__random_walk__l1 calls=1024 margin 9.11->7.03 t=5.4s
[DONE] evaluation__1751__deblur__confidence_boost__nes__l1 calls=1021 margin 9.11->12.66 t=3.9s
[DONE] evaluation__1751__deblur__boundary_probe__nes__l1 calls=1021 margin 9.11->2.60 t=3.8s
[DONE] evaluation__1751__deblur__counterfactual__nes__l1 calls=1021 margin 9.11->2.53 t=3.7s
[DONE] evaluation__5245__denoise__attack__nes__l0.5 calls=1021 margin 9.81->5.60 t=3.9s
[DONE] evaluation__5245__denoise__restore__nes__l0.5 calls=1021 margin 9.81->9.90 t=4.0s
[DONE] evaluation__5245__denoise__random_walk__random_walk__l0.5 calls=1024 margin 9.81->9.50 t=5.4s
[DONE] evaluation__5245__denoise__confidence_boost__nes__l0.5 calls=1021 margin 9.81->12.89 t=3.9s
[DONE] evaluation__5245__denoise__boundary_probe__nes__l0.5 calls=1021 margin 9.81->5.77 t=4.0s
[DONE] evaluation__5245__denoise__counterfactual__nes__l0.5 calls=1021 margin 9.81->5.55 t=3.9s
[DONE] evaluation__5245__deblur__attack__nes__l1 calls=1021 margin 11.62->6.26 t=4.2s
[DONE] evaluation__5245__deblur__restore__nes__l1 calls=1021 margin 11.62->11.44 t=3.9s
[DONE] evaluation__5245__deblur__random_walk__random_walk__l1 calls=1024 margin 11.62->10.87 t=5.5s
[DONE] evaluation__5245__deblur__confidence_boost__nes__l1 calls=1021 margin 11.62->13.73 t=3.8s
[DONE] evaluation__5245__deblur__boundary_probe__nes__l1 calls=1021 margin 11.62->5.00 t=3.9s
[DONE] evaluation__5245__deblur__counterfactual__nes__l1 calls=1021 margin 11.62->6.06 t=4.1s
[DONE] evaluation__8123__denoise__attack__nes__l0.5 calls=1021 margin 4.76->-0.16 t=3.9s
[DONE] evaluation__8123__denoise__restore__nes__l0.5 calls=1021 margin 4.76->4.90 t=3.9s
[DONE] evaluation__8123__denoise__random_walk__random_walk__l0.5 calls=1024 margin 4.76->4.39 t=5.5s
[DONE] evaluation__8123__denoise__confidence_boost__nes__l0.5 calls=1021 margin 4.76->7.92 t=4.1s
[DONE] evaluation__8123__denoise__boundary_probe__nes__l0.5 calls=1021 margin 4.76->0.01 t=4.0s
[DONE] evaluation__8123__denoise__counterfactual__nes__l0.5 calls=1021 margin 4.76->-0.39 t=3.9s
[DONE] evaluation__8123__deblur__attack__nes__l1 calls=1021 margin 1.94->-5.64 t=3.9s
[DONE] evaluation__8123__deblur__restore__nes__l1 calls=1021 margin 1.94->2.96 t=4.1s
[DONE] evaluation__8123__deblur__random_walk__random_walk__l1 calls=1024 margin 1.94->1.10 t=5.6s
[DONE] evaluation__8123__deblur__confidence_boost__nes__l1 calls=1021 margin 1.94->7.66 t=4.0s
[DONE] evaluation__8123__deblur__boundary_probe__nes__l1 calls=1021 margin 1.94->0.02 t=4.2s
[DONE] evaluation__8123__deblur__counterfactual__nes__l1 calls=1021 margin 1.94->-7.09 t=4.0s
[DONE] evaluation__1202__denoise__attack__nes__l0.5 calls=1021 margin 5.42->-2.42 t=3.9s
[DONE] evaluation__1202__denoise__restore__nes__l0.5 calls=1021 margin 5.42->5.35 t=4.0s
[DONE] evaluation__1202__denoise__random_walk__random_walk__l0.5 calls=1024 margin 5.42->5.34 t=5.5s
[DONE] evaluation__1202__denoise__confidence_boost__nes__l0.5 calls=1021 margin 5.42->10.01 t=4.1s
[DONE] evaluation__1202__denoise__boundary_probe__nes__l0.5 calls=1021 margin 5.42->0.01 t=3.8s
[DONE] evaluation__1202__denoise__counterfactual__nes__l0.5 calls=1021 margin 5.42->-1.67 t=4.0s
[DONE] evaluation__1202__deblur__attack__nes__l1 calls=1021 margin 9.91->1.17 t=4.0s
[DONE] evaluation__1202__deblur__restore__nes__l1 calls=1021 margin 9.91->9.52 t=4.0s
[DONE] evaluation__1202__deblur__random_walk__random_walk__l1 calls=1024 margin 9.91->7.56 t=5.5s
[DONE] evaluation__1202__deblur__confidence_boost__nes__l1 calls=1021 margin 9.91->13.77 t=4.1s
[DONE] evaluation__1202__deblur__boundary_probe__nes__l1 calls=1021 margin 9.91->0.01 t=4.2s
[DONE] evaluation__1202__deblur__counterfactual__nes__l1 calls=1021 margin 9.91->1.66 t=4.0s
[DONE] evaluation__3713__denoise__attack__nes__l0.5 calls=1021 margin 7.46->1.50 t=4.0s
[DONE] evaluation__3713__denoise__restore__nes__l0.5 calls=1021 margin 7.46->7.18 t=3.9s
[DONE] evaluation__3713__denoise__random_walk__random_walk__l0.5 calls=1024 margin 7.46->7.92 t=5.7s
[DONE] evaluation__3713__denoise__confidence_boost__nes__l0.5 calls=1021 margin 7.46->11.63 t=4.0s
[DONE] evaluation__3713__denoise__boundary_probe__nes__l0.5 calls=1021 margin 7.46->0.69 t=4.1s
[DONE] evaluation__3713__denoise__counterfactual__nes__l0.5 calls=1021 margin 7.46->1.50 t=3.2s
[DONE] evaluation__3713__deblur__attack__nes__l1 calls=1021 margin 6.61->-0.05 t=3.0s
[DONE] evaluation__3713__deblur__restore__nes__l1 calls=1021 margin 6.61->6.18 t=3.1s
[DONE] evaluation__3713__deblur__random_walk__random_walk__l1 calls=1024 margin 6.61->6.41 t=4.5s
[DONE] evaluation__3713__deblur__confidence_boost__nes__l1 calls=1021 margin 6.61->11.31 t=2.9s
[DONE] evaluation__3713__deblur__boundary_probe__nes__l1 calls=1021 margin 6.61->0.11 t=2.9s
[DONE] evaluation__3713__deblur__counterfactual__nes__l1 calls=1021 margin 6.61->-0.47 t=2.9s
[DONE] evaluation__7340__denoise__attack__nes__l0.5 calls=1021 margin 2.73->-6.12 t=2.8s
[DONE] evaluation__7340__denoise__restore__nes__l0.5 calls=1021 margin 2.73->2.36 t=2.9s
[DONE] evaluation__7340__denoise__random_walk__random_walk__l0.5 calls=1024 margin 2.73->2.82 t=4.2s
[DONE] evaluation__7340__denoise__confidence_boost__nes__l0.5 calls=1021 margin 2.73->9.03 t=2.6s
[DONE] evaluation__7340__denoise__boundary_probe__nes__l0.5 calls=1021 margin 2.73->0.05 t=2.7s
[DONE] evaluation__7340__denoise__counterfactual__nes__l0.5 calls=1021 margin 2.73->-5.63 t=3.0s
[DONE] evaluation__7340__deblur__attack__nes__l1 calls=1021 margin 8.76->-6.11 t=2.9s
[DONE] evaluation__7340__deblur__restore__nes__l1 calls=1021 margin 8.76->8.45 t=2.9s
[DONE] evaluation__7340__deblur__random_walk__random_walk__l1 calls=1024 margin 8.76->6.03 t=4.3s
[DONE] evaluation__7340__deblur__confidence_boost__nes__l1 calls=1021 margin 8.76->13.19 t=2.7s
[DONE] evaluation__7340__deblur__boundary_probe__nes__l1 calls=1021 margin 8.76->0.00 t=2.7s
[DONE] evaluation__7340__deblur__counterfactual__nes__l1 calls=1021 margin 8.76->-6.32 t=2.8s
[DONE] evaluation__294__denoise__attack__nes__l0.5 calls=1021 margin 4.97->0.99 t=2.9s
[DONE] evaluation__294__denoise__restore__nes__l0.5 calls=1021 margin 4.97->4.68 t=3.0s
[DONE] evaluation__294__denoise__random_walk__random_walk__l0.5 calls=1024 margin 4.97->4.92 t=4.5s
[DONE] evaluation__294__denoise__confidence_boost__nes__l0.5 calls=1021 margin 4.97->8.71 t=3.1s
[DONE] evaluation__294__denoise__boundary_probe__nes__l0.5 calls=1021 margin 4.97->0.66 t=2.8s
[DONE] evaluation__294__denoise__counterfactual__nes__l0.5 calls=1021 margin 4.97->0.48 t=2.9s
[DONE] evaluation__294__deblur__attack__nes__l1 calls=1021 margin 6.13->1.88 t=2.9s
[DONE] evaluation__294__deblur__restore__nes__l1 calls=1021 margin 6.13->6.16 t=3.1s
[DONE] evaluation__294__deblur__random_walk__random_walk__l1 calls=1024 margin 6.13->6.30 t=4.1s
[DONE] evaluation__294__deblur__confidence_boost__nes__l1 calls=1021 margin 6.13->9.81 t=2.9s
[DONE] evaluation__294__deblur__boundary_probe__nes__l1 calls=1021 margin 6.13->2.21 t=2.9s
[DONE] evaluation__294__deblur__counterfactual__nes__l1 calls=1021 margin 6.13->2.09 t=3.1s
[DONE] evaluation__4155__denoise__attack__nes__l0.5 calls=1021 margin 5.42->-2.53 t=3.2s
[DONE] evaluation__4155__denoise__restore__nes__l0.5 calls=1021 margin 5.42->5.73 t=2.9s
[DONE] evaluation__4155__denoise__random_walk__random_walk__l0.5 calls=1024 margin 5.42->2.47 t=4.3s
[DONE] evaluation__4155__denoise__confidence_boost__nes__l0.5 calls=1021 margin 5.42->10.96 t=2.9s
[DONE] evaluation__4155__denoise__boundary_probe__nes__l0.5 calls=1021 margin 5.42->0.01 t=2.8s
[DONE] evaluation__4155__denoise__counterfactual__nes__l0.5 calls=1021 margin 5.42->-2.36 t=2.8s
[DONE] evaluation__4155__deblur__attack__nes__l1 calls=1021 margin 7.33->0.73 t=2.9s
[DONE] evaluation__4155__deblur__restore__nes__l1 calls=1021 margin 7.33->8.15 t=2.8s
[DONE] evaluation__4155__deblur__random_walk__random_walk__l1 calls=1024 margin 7.33->9.09 t=4.3s
[DONE] evaluation__4155__deblur__confidence_boost__nes__l1 calls=1021 margin 7.33->13.54 t=2.9s
[DONE] evaluation__4155__deblur__boundary_probe__nes__l1 calls=1021 margin 7.33->1.51 t=3.1s
[DONE] evaluation__4155__deblur__counterfactual__nes__l1 calls=1021 margin 7.33->1.48 t=2.8s
[DONE] evaluation__6237__denoise__attack__nes__l0.5 calls=1021 margin 1.29->-1.75 t=2.7s
[DONE] evaluation__6237__denoise__restore__nes__l0.5 calls=1021 margin 1.29->1.67 t=2.8s
[DONE] evaluation__6237__denoise__random_walk__random_walk__l0.5 calls=1024 margin 1.29->1.48 t=4.4s
[DONE] evaluation__6237__denoise__confidence_boost__nes__l0.5 calls=1021 margin 1.29->5.14 t=2.9s
[DONE] evaluation__6237__denoise__boundary_probe__nes__l0.5 calls=1021 margin 1.29->0.01 t=2.9s
[DONE] evaluation__6237__denoise__counterfactual__nes__l0.5 calls=1021 margin 1.29->-1.88 t=2.9s
[DONE] evaluation__6237__deblur__attack__nes__l1 calls=1021 margin 0.37->-3.79 t=2.9s
[DONE] evaluation__6237__deblur__restore__nes__l1 calls=1021 margin 0.37->0.58 t=3.0s
[DONE] evaluation__6237__deblur__random_walk__random_walk__l1 calls=1024 margin 0.37->0.49 t=4.4s
[DONE] evaluation__6237__deblur__confidence_boost__nes__l1 calls=1021 margin 0.37->5.58 t=2.7s
[DONE] evaluation__6237__deblur__boundary_probe__nes__l1 calls=1021 margin 0.37->0.00 t=2.7s
[DONE] evaluation__6237__deblur__counterfactual__nes__l1 calls=1021 margin 0.37->-3.92 t=2.9s
[DONE] evaluation__8739__denoise__attack__nes__l0.5 calls=1021 margin 3.66->-3.32 t=3.0s
[DONE] evaluation__8739__denoise__restore__nes__l0.5 calls=1021 margin 3.66->4.26 t=2.9s
[DONE] evaluation__8739__denoise__random_walk__random_walk__l0.5 calls=1024 margin 3.66->4.08 t=4.2s
[DONE] evaluation__8739__denoise__confidence_boost__nes__l0.5 calls=1021 margin 3.66->9.24 t=2.9s
[DONE] evaluation__8739__denoise__boundary_probe__nes__l0.5 calls=1021 margin 3.66->0.02 t=2.8s
[DONE] evaluation__8739__denoise__counterfactual__nes__l0.5 calls=1021 margin 3.66->-3.46 t=2.8s
[DONE] evaluation__8739__deblur__attack__nes__l1 calls=1021 margin 5.77->-6.21 t=2.9s
[DONE] evaluation__8739__deblur__restore__nes__l1 calls=1021 margin 5.77->6.57 t=2.8s
[DONE] evaluation__8739__deblur__random_walk__random_walk__l1 calls=1024 margin 5.77->4.22 t=4.4s
[DONE] evaluation__8739__deblur__confidence_boost__nes__l1 calls=1021 margin 5.77->11.35 t=2.8s
[DONE] evaluation__8739__deblur__boundary_probe__nes__l1 calls=1021 margin 5.77->0.02 t=2.6s
[DONE] evaluation__8739__deblur__counterfactual__nes__l1 calls=1021 margin 5.77->-5.14 t=2.7s
[DONE] evaluation__3671__denoise__attack__nes__l0.5 calls=1021 margin 5.82->-2.02 t=2.8s
[DONE] evaluation__3671__denoise__restore__nes__l0.5 calls=1021 margin 5.82->5.90 t=2.9s
[DONE] evaluation__3671__denoise__random_walk__random_walk__l0.5 calls=1024 margin 5.82->5.48 t=4.2s
[DONE] evaluation__3671__denoise__confidence_boost__nes__l0.5 calls=1021 margin 5.82->10.90 t=3.0s
[DONE] evaluation__3671__denoise__boundary_probe__nes__l0.5 calls=1021 margin 5.82->0.01 t=2.5s
[DONE] evaluation__3671__denoise__counterfactual__nes__l0.5 calls=1021 margin 5.82->-2.24 t=2.7s
[DONE] evaluation__3671__deblur__attack__nes__l1 calls=1021 margin 5.36->-7.34 t=2.8s
[DONE] evaluation__3671__deblur__restore__nes__l1 calls=1021 margin 5.36->7.98 t=2.9s
[DONE] evaluation__3671__deblur__random_walk__random_walk__l1 calls=1024 margin 5.36->11.29 t=4.4s
[DONE] evaluation__3671__deblur__confidence_boost__nes__l1 calls=1021 margin 5.36->15.21 t=2.6s
[DONE] evaluation__3671__deblur__boundary_probe__nes__l1 calls=1021 margin 5.36->0.01 t=2.7s
[DONE] evaluation__3671__deblur__counterfactual__nes__l1 calls=1021 margin 5.36->-5.80 t=2.7s
[DONE] evaluation__4173__denoise__attack__nes__l0.5 calls=1021 margin 6.50->1.37 t=2.8s
[DONE] evaluation__4173__denoise__restore__nes__l0.5 calls=1021 margin 6.50->7.08 t=2.7s
[DONE] evaluation__4173__denoise__random_walk__random_walk__l0.5 calls=1024 margin 6.50->5.76 t=4.2s
[DONE] evaluation__4173__denoise__confidence_boost__nes__l0.5 calls=1021 margin 6.50->11.06 t=2.9s
[DONE] evaluation__4173__denoise__boundary_probe__nes__l0.5 calls=1021 margin 6.50->0.90 t=2.8s
[DONE] evaluation__4173__denoise__counterfactual__nes__l0.5 calls=1021 margin 6.50->0.89 t=2.9s
[DONE] evaluation__4173__deblur__attack__nes__l1 calls=1021 margin 7.18->-3.63 t=2.6s
[DONE] evaluation__4173__deblur__restore__nes__l1 calls=1021 margin 7.18->8.10 t=2.7s
[DONE] evaluation__4173__deblur__random_walk__random_walk__l1 calls=1024 margin 7.18->9.70 t=4.2s
[DONE] evaluation__4173__deblur__confidence_boost__nes__l1 calls=1021 margin 7.18->13.60 t=3.0s
[DONE] evaluation__4173__deblur__boundary_probe__nes__l1 calls=1021 margin 7.18->0.02 t=2.9s
[DONE] evaluation__4173__deblur__counterfactual__nes__l1 calls=1021 margin 7.18->-2.29 t=2.6s
[DONE] evaluation__8500__denoise__attack__nes__l0.5 calls=1021 margin 3.75->-4.04 t=3.1s
[DONE] evaluation__8500__denoise__restore__nes__l0.5 calls=1021 margin 3.75->3.66 t=3.0s
[DONE] evaluation__8500__denoise__random_walk__random_walk__l0.5 calls=1024 margin 3.75->3.24 t=4.2s
[DONE] evaluation__8500__denoise__confidence_boost__nes__l0.5 calls=1021 margin 3.75->11.16 t=3.0s
[DONE] evaluation__8500__denoise__boundary_probe__nes__l0.5 calls=1021 margin 3.75->0.04 t=3.1s
[DONE] evaluation__8500__denoise__counterfactual__nes__l0.5 calls=1021 margin 3.75->-3.68 t=2.8s
[DONE] evaluation__8500__deblur__attack__nes__l1 calls=1021 margin 12.84->6.18 t=2.9s
[DONE] evaluation__8500__deblur__restore__nes__l1 calls=1021 margin 12.84->13.11 t=3.0s
[DONE] evaluation__8500__deblur__random_walk__random_walk__l1 calls=1024 margin 12.84->10.91 t=4.3s
[DONE] evaluation__8500__deblur__confidence_boost__nes__l1 calls=1021 margin 12.84->14.97 t=2.9s
[DONE] evaluation__8500__deblur__boundary_probe__nes__l1 calls=1021 margin 12.84->5.99 t=2.9s
[DONE] evaluation__8500__deblur__counterfactual__nes__l1 calls=1021 margin 12.84->4.36 t=2.9s
[DONE] evaluation__1745__denoise__attack__nes__l0.5 calls=1021 margin 3.11->-2.69 t=2.8s
[DONE] evaluation__1745__denoise__restore__nes__l0.5 calls=1021 margin 3.11->2.82 t=3.0s
[DONE] evaluation__1745__denoise__random_walk__random_walk__l0.5 calls=1024 margin 3.11->3.22 t=4.2s
[DONE] evaluation__1745__denoise__confidence_boost__nes__l0.5 calls=1021 margin 3.11->6.98 t=3.1s
[DONE] evaluation__1745__denoise__boundary_probe__nes__l0.5 calls=1021 margin 3.11->0.02 t=2.9s
[DONE] evaluation__1745__denoise__counterfactual__nes__l0.5 calls=1021 margin 3.11->-2.49 t=2.8s
[DONE] evaluation__1745__deblur__attack__nes__l1 calls=1021 margin 5.99->0.88 t=2.9s
[DONE] evaluation__1745__deblur__restore__nes__l1 calls=1021 margin 5.99->6.80 t=2.9s
[DONE] evaluation__1745__deblur__random_walk__random_walk__l1 calls=1024 margin 5.99->6.52 t=4.3s
[DONE] evaluation__1745__deblur__confidence_boost__nes__l1 calls=1021 margin 5.99->11.04 t=2.9s
[DONE] evaluation__1745__deblur__boundary_probe__nes__l1 calls=1021 margin 5.99->1.30 t=2.7s
[DONE] evaluation__1745__deblur__counterfactual__nes__l1 calls=1021 margin 5.99->0.98 t=2.6s
[DONE] evaluation__4860__denoise__attack__nes__l0.5 calls=1021 margin 5.77->-2.01 t=2.9s
[DONE] evaluation__4860__denoise__restore__nes__l0.5 calls=1021 margin 5.77->5.56 t=2.9s
[DONE] evaluation__4860__denoise__random_walk__random_walk__l0.5 calls=1024 margin 5.77->6.02 t=4.2s
[DONE] evaluation__4860__denoise__confidence_boost__nes__l0.5 calls=1021 margin 5.77->9.84 t=2.9s
[DONE] evaluation__4860__denoise__boundary_probe__nes__l0.5 calls=1021 margin 5.77->0.02 t=2.9s
[DONE] evaluation__4860__denoise__counterfactual__nes__l0.5 calls=1021 margin 5.77->-2.79 t=2.8s
[DONE] evaluation__4860__deblur__attack__nes__l1 calls=1021 margin 7.80->1.25 t=2.8s
[DONE] evaluation__4860__deblur__restore__nes__l1 calls=1021 margin 7.80->10.05 t=2.7s
[DONE] evaluation__4860__deblur__random_walk__random_walk__l1 calls=1024 margin 7.80->8.45 t=4.1s
[DONE] evaluation__4860__deblur__confidence_boost__nes__l1 calls=1021 margin 7.80->14.09 t=2.8s
[DONE] evaluation__4860__deblur__boundary_probe__nes__l1 calls=1021 margin 7.80->0.24 t=2.9s
[DONE] evaluation__4860__deblur__counterfactual__nes__l1 calls=1021 margin 7.80->1.38 t=2.9s
[DONE] evaluation__7720__denoise__attack__nes__l0.5 calls=1021 margin 4.63->-5.90 t=2.8s
[DONE] evaluation__7720__denoise__restore__nes__l0.5 calls=1021 margin 4.63->4.95 t=2.9s
[DONE] evaluation__7720__denoise__random_walk__random_walk__l0.5 calls=1024 margin 4.63->1.73 t=4.2s
[DONE] evaluation__7720__denoise__confidence_boost__nes__l0.5 calls=1021 margin 4.63->11.04 t=3.0s
[DONE] evaluation__7720__denoise__boundary_probe__nes__l0.5 calls=1021 margin 4.63->0.03 t=2.8s
[DONE] evaluation__7720__denoise__counterfactual__nes__l0.5 calls=1021 margin 4.63->-5.72 t=2.7s
[DONE] evaluation__7720__deblur__attack__nes__l1 calls=1021 margin 4.33->-3.27 t=2.8s
[DONE] evaluation__7720__deblur__restore__nes__l1 calls=1021 margin 4.33->5.68 t=2.8s
[DONE] evaluation__7720__deblur__random_walk__random_walk__l1 calls=1024 margin 4.33->3.23 t=4.0s
[DONE] evaluation__7720__deblur__confidence_boost__nes__l1 calls=1021 margin 4.33->11.89 t=3.0s
[DONE] evaluation__7720__deblur__boundary_probe__nes__l1 calls=1021 margin 4.33->0.00 t=2.9s
[DONE] evaluation__7720__deblur__counterfactual__nes__l1 calls=1021 margin 4.33->-5.31 t=2.7s
[DONE] evaluation__920__denoise__attack__nes__l0.5 calls=1021 margin 6.52->1.98 t=2.7s
[DONE] evaluation__920__denoise__restore__nes__l0.5 calls=1021 margin 6.52->6.94 t=3.0s
[DONE] evaluation__920__denoise__random_walk__random_walk__l0.5 calls=1024 margin 6.52->6.52 t=3.9s
[DONE] evaluation__920__denoise__confidence_boost__nes__l0.5 calls=1021 margin 6.52->10.17 t=3.0s
[DONE] evaluation__920__denoise__boundary_probe__nes__l0.5 calls=1021 margin 6.52->1.81 t=2.8s
[DONE] evaluation__920__denoise__counterfactual__nes__l0.5 calls=1021 margin 6.52->1.10 t=3.0s
[DONE] evaluation__920__deblur__attack__nes__l1 calls=1021 margin 5.36->-2.03 t=2.8s
[DONE] evaluation__920__deblur__restore__nes__l1 calls=1021 margin 5.36->4.76 t=2.8s
[DONE] evaluation__920__deblur__random_walk__random_walk__l1 calls=1024 margin 5.36->4.65 t=4.0s
[DONE] evaluation__920__deblur__confidence_boost__nes__l1 calls=1021 margin 5.36->10.38 t=3.1s
[DONE] evaluation__920__deblur__boundary_probe__nes__l1 calls=1021 margin 5.36->0.04 t=2.9s
[DONE] evaluation__920__deblur__counterfactual__nes__l1 calls=1021 margin 5.36->-3.06 t=3.0s
[DONE] evaluation__4127__denoise__attack__nes__l0.5 calls=1021 margin 6.54->2.32 t=3.0s
[DONE] evaluation__4127__denoise__restore__nes__l0.5 calls=1021 margin 6.54->6.49 t=2.8s
[DONE] evaluation__4127__denoise__random_walk__random_walk__l0.5 calls=1024 margin 6.54->7.29 t=4.0s
[DONE] evaluation__4127__denoise__confidence_boost__nes__l0.5 calls=1021 margin 6.54->10.01 t=2.9s
[DONE] evaluation__4127__denoise__boundary_probe__nes__l0.5 calls=1021 margin 6.54->2.06 t=2.9s
[DONE] evaluation__4127__denoise__counterfactual__nes__l0.5 calls=1021 margin 6.54->1.61 t=2.9s
[DONE] evaluation__4127__deblur__attack__nes__l1 calls=1021 margin 3.01->-5.93 t=2.9s
[DONE] evaluation__4127__deblur__restore__nes__l1 calls=1021 margin 3.01->3.80 t=3.0s
[DONE] evaluation__4127__deblur__random_walk__random_walk__l1 calls=1024 margin 3.01->3.61 t=4.0s
[DONE] evaluation__4127__deblur__confidence_boost__nes__l1 calls=1021 margin 3.01->9.75 t=3.0s
[DONE] evaluation__4127__deblur__boundary_probe__nes__l1 calls=1021 margin 3.01->0.01 t=2.7s
[DONE] evaluation__4127__deblur__counterfactual__nes__l1 calls=1021 margin 3.01->-6.07 t=2.7s
[DONE] evaluation__6192__denoise__attack__nes__l0.5 calls=1021 margin 10.93->6.61 t=2.9s
[DONE] evaluation__6192__denoise__restore__nes__l0.5 calls=1021 margin 10.93->11.39 t=2.9s
[DONE] evaluation__6192__denoise__random_walk__random_walk__l0.5 calls=1024 margin 10.93->9.87 t=4.0s
[DONE] evaluation__6192__denoise__confidence_boost__nes__l0.5 calls=1021 margin 10.93->13.35 t=2.8s
[DONE] evaluation__6192__denoise__boundary_probe__nes__l0.5 calls=1021 margin 10.93->6.56 t=2.7s
[DONE] evaluation__6192__denoise__counterfactual__nes__l0.5 calls=1021 margin 10.93->6.53 t=2.8s
[DONE] evaluation__6192__deblur__attack__nes__l1 calls=1021 margin 11.11->0.14 t=2.9s
[DONE] evaluation__6192__deblur__restore__nes__l1 calls=1021 margin 11.11->11.87 t=3.2s
[DONE] evaluation__6192__deblur__random_walk__random_walk__l1 calls=1024 margin 11.11->12.13 t=4.6s
[DONE] evaluation__6192__deblur__confidence_boost__nes__l1 calls=1021 margin 11.11->14.95 t=2.9s
[DONE] evaluation__6192__deblur__boundary_probe__nes__l1 calls=1021 margin 11.11->0.09 t=2.9s
[DONE] evaluation__6192__deblur__counterfactual__nes__l1 calls=1021 margin 11.11->-0.20 t=2.9s
[DONE] evaluation__8534__denoise__attack__nes__l0.5 calls=1021 margin 8.90->3.87 t=2.9s
[DONE] evaluation__8534__denoise__restore__nes__l0.5 calls=1021 margin 8.90->8.90 t=2.9s
[DONE] evaluation__8534__denoise__random_walk__random_walk__l0.5 calls=1024 margin 8.90->9.40 t=3.9s
[DONE] evaluation__8534__denoise__confidence_boost__nes__l0.5 calls=1021 margin 8.90->12.06 t=2.8s
[DONE] evaluation__8534__denoise__boundary_probe__nes__l0.5 calls=1021 margin 8.90->3.61 t=3.0s
[DONE] evaluation__8534__denoise__counterfactual__nes__l0.5 calls=1021 margin 8.90->4.77 t=2.7s
[DONE] evaluation__8534__deblur__attack__nes__l1 calls=1021 margin 8.32->-3.82 t=2.9s
[DONE] evaluation__8534__deblur__restore__nes__l1 calls=1021 margin 8.32->8.50 t=2.7s
[DONE] evaluation__8534__deblur__random_walk__random_walk__l1 calls=1024 margin 8.32->8.78 t=4.2s
[DONE] evaluation__8534__deblur__confidence_boost__nes__l1 calls=1021 margin 8.32->14.44 t=2.8s
[DONE] evaluation__8534__deblur__boundary_probe__nes__l1 calls=1021 margin 8.32->0.01 t=2.9s
[DONE] evaluation__8534__deblur__counterfactual__nes__l1 calls=1021 margin 8.32->-4.19 t=2.9s
[DONE] evaluation__3437__denoise__attack__nes__l0.5 calls=1021 margin 0.24->-7.33 t=3.0s
[DONE] evaluation__3437__denoise__restore__nes__l0.5 calls=1021 margin 0.24->1.54 t=2.7s
[DONE] evaluation__3437__denoise__random_walk__random_walk__l0.5 calls=1024 margin 0.24->0.86 t=4.1s
[DONE] evaluation__3437__denoise__confidence_boost__nes__l0.5 calls=1021 margin 0.24->7.24 t=2.9s
[DONE] evaluation__3437__denoise__boundary_probe__nes__l0.5 calls=1021 margin 0.24->0.01 t=2.8s
[DONE] evaluation__3437__denoise__counterfactual__nes__l0.5 calls=1021 margin 0.24->-6.94 t=2.9s
[DONE] evaluation__3437__deblur__attack__nes__l1 calls=1021 margin 11.61->5.61 t=2.8s
[DONE] evaluation__3437__deblur__restore__nes__l1 calls=1021 margin 11.61->11.45 t=2.7s
[DONE] evaluation__3437__deblur__random_walk__random_walk__l1 calls=1024 margin 11.61->8.96 t=4.0s
[DONE] evaluation__3437__deblur__confidence_boost__nes__l1 calls=1021 margin 11.61->13.36 t=2.6s
[DONE] evaluation__3437__deblur__boundary_probe__nes__l1 calls=1021 margin 11.61->5.33 t=2.7s
[DONE] evaluation__3437__deblur__counterfactual__nes__l1 calls=1021 margin 11.61->5.68 t=2.6s
[DONE] evaluation__5246__denoise__attack__nes__l0.5 calls=1021 margin 5.68->-1.16 t=2.8s
[DONE] evaluation__5246__denoise__restore__nes__l0.5 calls=1021 margin 5.68->5.63 t=2.8s
[DONE] evaluation__5246__denoise__random_walk__random_walk__l0.5 calls=1024 margin 5.68->4.76 t=4.2s
[DONE] evaluation__5246__denoise__confidence_boost__nes__l0.5 calls=1021 margin 5.68->11.56 t=3.0s
[DONE] evaluation__5246__denoise__boundary_probe__nes__l0.5 calls=1021 margin 5.68->0.01 t=3.0s
[DONE] evaluation__5246__denoise__counterfactual__nes__l0.5 calls=1021 margin 5.68->-2.64 t=2.9s
[DONE] evaluation__5246__deblur__attack__nes__l1 calls=1021 margin 8.58->-1.28 t=3.0s
[DONE] evaluation__5246__deblur__restore__nes__l1 calls=1021 margin 8.58->8.53 t=3.1s
[DONE] evaluation__5246__deblur__random_walk__random_walk__l1 calls=1024 margin 8.58->7.16 t=4.1s
[DONE] evaluation__5246__deblur__confidence_boost__nes__l1 calls=1021 margin 8.58->13.31 t=2.8s
[DONE] evaluation__5246__deblur__boundary_probe__nes__l1 calls=1021 margin 8.58->0.10 t=3.0s
[DONE] evaluation__5246__deblur__counterfactual__nes__l1 calls=1021 margin 8.58->-0.68 t=3.0s
[DONE] evaluation__7762__denoise__attack__nes__l0.5 calls=1021 margin 5.60->-3.46 t=2.9s
[DONE] evaluation__7762__denoise__restore__nes__l0.5 calls=1021 margin 5.60->5.81 t=2.9s
[DONE] evaluation__7762__denoise__random_walk__random_walk__l0.5 calls=1024 margin 5.60->2.92 t=4.1s
[DONE] evaluation__7762__denoise__confidence_boost__nes__l0.5 calls=1021 margin 5.60->10.32 t=2.8s
[DONE] evaluation__7762__denoise__boundary_probe__nes__l0.5 calls=1021 margin 5.60->0.01 t=3.0s
[DONE] evaluation__7762__denoise__counterfactual__nes__l0.5 calls=1021 margin 5.60->-2.99 t=2.9s
[DONE] evaluation__7762__deblur__attack__nes__l1 calls=1021 margin 9.70->-2.21 t=2.8s
[DONE] evaluation__7762__deblur__restore__nes__l1 calls=1021 margin 9.70->9.48 t=2.9s
[DONE] evaluation__7762__deblur__random_walk__random_walk__l1 calls=1024 margin 9.70->6.59 t=4.0s
[DONE] evaluation__7762__deblur__confidence_boost__nes__l1 calls=1021 margin 9.70->14.17 t=2.7s
[DONE] evaluation__7762__deblur__boundary_probe__nes__l1 calls=1021 margin 9.70->0.03 t=2.7s
[DONE] evaluation__7762__deblur__counterfactual__nes__l1 calls=1021 margin 9.70->0.90 t=2.8s
[DONE] evaluation__1011__denoise__attack__nes__l0.5 calls=1021 margin 0.63->-5.67 t=2.8s
[DONE] evaluation__1011__denoise__restore__nes__l0.5 calls=1021 margin 0.63->0.28 t=2.7s
[DONE] evaluation__1011__denoise__random_walk__random_walk__l0.5 calls=1024 margin 0.63->0.19 t=4.1s
[DONE] evaluation__1011__denoise__confidence_boost__nes__l0.5 calls=1021 margin 0.63->8.32 t=2.7s
[DONE] evaluation__1011__denoise__boundary_probe__nes__l0.5 calls=1021 margin 0.63->0.02 t=3.0s
[DONE] evaluation__1011__denoise__counterfactual__nes__l0.5 calls=1021 margin 0.63->-5.49 t=2.9s
[DONE] evaluation__1011__deblur__attack__nes__l1 calls=1021 margin 12.12->2.65 t=2.9s
[DONE] evaluation__1011__deblur__restore__nes__l1 calls=1021 margin 12.12->13.84 t=2.6s
[DONE] evaluation__1011__deblur__random_walk__random_walk__l1 calls=1024 margin 12.12->10.17 t=4.1s
[DONE] evaluation__1011__deblur__confidence_boost__nes__l1 calls=1021 margin 12.12->14.70 t=2.7s
[DONE] evaluation__1011__deblur__boundary_probe__nes__l1 calls=1021 margin 12.12->0.72 t=2.8s
[DONE] evaluation__1011__deblur__counterfactual__nes__l1 calls=1021 margin 12.12->-0.52 t=2.8s
[DONE] evaluation__3270__denoise__attack__nes__l0.5 calls=1021 margin 6.24->-0.21 t=2.8s
[DONE] evaluation__3270__denoise__restore__nes__l0.5 calls=1021 margin 6.24->6.49 t=2.8s
[DONE] evaluation__3270__denoise__random_walk__random_walk__l0.5 calls=1024 margin 6.24->6.83 t=4.3s
[DONE] evaluation__3270__denoise__confidence_boost__nes__l0.5 calls=1021 margin 6.24->9.37 t=3.0s
[DONE] evaluation__3270__denoise__boundary_probe__nes__l0.5 calls=1021 margin 6.24->0.29 t=3.0s
[DONE] evaluation__3270__denoise__counterfactual__nes__l0.5 calls=1021 margin 6.24->-0.36 t=2.6s
[DONE] evaluation__3270__deblur__attack__nes__l1 calls=1021 margin 10.09->6.49 t=2.8s
[DONE] evaluation__3270__deblur__restore__nes__l1 calls=1021 margin 10.09->10.80 t=2.9s
[DONE] evaluation__3270__deblur__random_walk__random_walk__l1 calls=1024 margin 10.09->11.52 t=4.2s
[DONE] evaluation__3270__deblur__confidence_boost__nes__l1 calls=1021 margin 10.09->13.70 t=2.9s
[DONE] evaluation__3270__deblur__boundary_probe__nes__l1 calls=1021 margin 10.09->3.50 t=2.7s
[DONE] evaluation__3270__deblur__counterfactual__nes__l1 calls=1021 margin 10.09->5.75 t=2.8s
[DONE] evaluation__5383__denoise__attack__nes__l0.5 calls=1021 margin 4.63->-0.14 t=2.8s
[DONE] evaluation__5383__denoise__restore__nes__l0.5 calls=1021 margin 4.63->4.57 t=2.7s
[DONE] evaluation__5383__denoise__random_walk__random_walk__l0.5 calls=1024 margin 4.63->3.96 t=4.1s
[DONE] evaluation__5383__denoise__confidence_boost__nes__l0.5 calls=1021 margin 4.63->8.09 t=2.7s
[DONE] evaluation__5383__denoise__boundary_probe__nes__l0.5 calls=1021 margin 4.63->0.00 t=2.7s
[DONE] evaluation__5383__denoise__counterfactual__nes__l0.5 calls=1021 margin 4.63->-0.26 t=2.6s
[DONE] evaluation__5383__deblur__attack__nes__l1 calls=1021 margin 8.43->-2.08 t=2.7s
[DONE] evaluation__5383__deblur__restore__nes__l1 calls=1021 margin 8.43->8.10 t=2.7s
[DONE] evaluation__5383__deblur__random_walk__random_walk__l1 calls=1024 margin 8.43->8.95 t=4.2s
[DONE] evaluation__5383__deblur__confidence_boost__nes__l1 calls=1021 margin 8.43->14.48 t=2.7s
[DONE] evaluation__5383__deblur__boundary_probe__nes__l1 calls=1021 margin 8.43->0.03 t=2.7s
[DONE] evaluation__5383__deblur__counterfactual__nes__l1 calls=1021 margin 8.43->-2.91 t=3.2s
[DONE] evaluation__425__denoise__attack__nes__l0.5 calls=1021 margin 1.86->-3.12 t=2.8s
[DONE] evaluation__425__denoise__restore__nes__l0.5 calls=1021 margin 1.86->1.66 t=2.9s
[DONE] evaluation__425__denoise__random_walk__random_walk__l0.5 calls=1024 margin 1.86->1.28 t=3.9s
[DONE] evaluation__425__denoise__confidence_boost__nes__l0.5 calls=1021 margin 1.86->6.90 t=2.7s
[DONE] evaluation__425__denoise__boundary_probe__nes__l0.5 calls=1021 margin 1.86->0.01 t=3.0s
[DONE] evaluation__425__denoise__counterfactual__nes__l0.5 calls=1021 margin 1.86->-1.99 t=3.0s
[DONE] evaluation__425__deblur__attack__nes__l1 calls=1021 margin 8.65->1.03 t=3.2s
[DONE] evaluation__425__deblur__restore__nes__l1 calls=1021 margin 8.65->8.33 t=2.9s
[DONE] evaluation__425__deblur__random_walk__random_walk__l1 calls=1024 margin 8.65->8.50 t=4.1s
[DONE] evaluation__425__deblur__confidence_boost__nes__l1 calls=1021 margin 8.65->12.82 t=2.7s
[DONE] evaluation__425__deblur__boundary_probe__nes__l1 calls=1021 margin 8.65->0.45 t=3.0s
[DONE] evaluation__425__deblur__counterfactual__nes__l1 calls=1021 margin 8.65->1.01 t=3.0s
[DONE] evaluation__5315__denoise__attack__nes__l0.5 calls=1021 margin 3.20->-5.14 t=2.8s
[DONE] evaluation__5315__denoise__restore__nes__l0.5 calls=1021 margin 3.20->2.88 t=3.0s
[DONE] evaluation__5315__denoise__random_walk__random_walk__l0.5 calls=1024 margin 3.20->3.19 t=4.1s
[DONE] evaluation__5315__denoise__confidence_boost__nes__l0.5 calls=1021 margin 3.20->9.29 t=2.8s
[DONE] evaluation__5315__denoise__boundary_probe__nes__l0.5 calls=1021 margin 3.20->0.00 t=2.9s
[DONE] evaluation__5315__denoise__counterfactual__nes__l0.5 calls=1021 margin 3.20->-5.31 t=2.9s
[DONE] evaluation__5315__deblur__attack__nes__l1 calls=1021 margin 8.33->1.33 t=3.0s
[DONE] evaluation__5315__deblur__restore__nes__l1 calls=1021 margin 8.33->9.08 t=2.9s
[DONE] evaluation__5315__deblur__random_walk__random_walk__l1 calls=1024 margin 8.33->9.17 t=4.2s
[DONE] evaluation__5315__deblur__confidence_boost__nes__l1 calls=1021 margin 8.33->12.95 t=2.8s
[DONE] evaluation__5315__deblur__boundary_probe__nes__l1 calls=1021 margin 8.33->1.48 t=2.8s
[DONE] evaluation__5315__deblur__counterfactual__nes__l1 calls=1021 margin 8.33->0.44 t=2.9s
[DONE] evaluation__7642__denoise__attack__nes__l0.5 calls=1021 margin 2.54->-5.80 t=2.8s
[DONE] evaluation__7642__denoise__restore__nes__l0.5 calls=1021 margin 2.54->1.82 t=2.7s
[DONE] evaluation__7642__denoise__random_walk__random_walk__l0.5 calls=1024 margin 2.54->1.97 t=4.3s
[DONE] evaluation__7642__denoise__confidence_boost__nes__l0.5 calls=1021 margin 2.54->9.84 t=3.1s
[DONE] evaluation__7642__denoise__boundary_probe__nes__l0.5 calls=1021 margin 2.54->0.03 t=2.8s
[DONE] evaluation__7642__denoise__counterfactual__nes__l0.5 calls=1021 margin 2.54->-5.02 t=2.6s
[DONE] evaluation__7642__deblur__attack__nes__l1 calls=1021 margin 10.02->1.86 t=2.7s
[DONE] evaluation__7642__deblur__restore__nes__l1 calls=1021 margin 10.02->10.62 t=3.0s
[DONE] evaluation__7642__deblur__random_walk__random_walk__l1 calls=1024 margin 10.02->9.77 t=4.0s
[DONE] evaluation__7642__deblur__confidence_boost__nes__l1 calls=1021 margin 10.02->13.73 t=2.7s
[DONE] evaluation__7642__deblur__boundary_probe__nes__l1 calls=1021 margin 10.02->1.68 t=2.8s
[DONE] evaluation__7642__deblur__counterfactual__nes__l1 calls=1021 margin 10.02->1.35 t=2.8s
[DONE] evaluation__9247__denoise__attack__nes__l0.5 calls=1021 margin 6.08->-1.78 t=2.8s
[DONE] evaluation__9247__denoise__restore__nes__l0.5 calls=1021 margin 6.08->6.00 t=2.9s
[DONE] evaluation__9247__denoise__random_walk__random_walk__l0.5 calls=1024 margin 6.08->6.22 t=4.0s
[DONE] evaluation__9247__denoise__confidence_boost__nes__l0.5 calls=1021 margin 6.08->11.36 t=2.9s
[DONE] evaluation__9247__denoise__boundary_probe__nes__l0.5 calls=1021 margin 6.08->0.01 t=2.9s
[DONE] evaluation__9247__denoise__counterfactual__nes__l0.5 calls=1021 margin 6.08->-1.53 t=2.7s
[DONE] evaluation__9247__deblur__attack__nes__l1 calls=1021 margin 11.74->1.00 t=2.8s
[DONE] evaluation__9247__deblur__restore__nes__l1 calls=1021 margin 11.74->12.20 t=3.1s
[DONE] evaluation__9247__deblur__random_walk__random_walk__l1 calls=1024 margin 11.74->7.72 t=4.3s
[DONE] evaluation__9247__deblur__confidence_boost__nes__l1 calls=1021 margin 11.74->14.29 t=2.8s
[DONE] evaluation__9247__deblur__boundary_probe__nes__l1 calls=1021 margin 11.74->1.49 t=3.1s
[DONE] evaluation__9247__deblur__counterfactual__nes__l1 calls=1021 margin 11.74->5.43 t=2.8s
[DONE] fit__4123__denoise__attack__nes__l0.5 calls=1021 margin 3.92->-1.52 t=2.8s
[DONE] fit__4123__denoise__restore__nes__l0.5 calls=1021 margin 3.92->4.36 t=2.7s
[DONE] fit__4123__denoise__random_walk__random_walk__l0.5 calls=1024 margin 3.92->2.39 t=3.8s
[DONE] fit__4123__denoise__confidence_boost__nes__l0.5 calls=1021 margin 3.92->7.32 t=2.9s
[DONE] fit__4123__denoise__boundary_probe__nes__l0.5 calls=1021 margin 3.92->0.02 t=2.8s
[DONE] fit__4123__denoise__counterfactual__nes__l0.5 calls=1021 margin 3.92->-0.11 t=2.6s
[DONE] fit__4123__deblur__attack__nes__l1 calls=1021 margin 6.86->0.22 t=2.8s
[DONE] fit__4123__deblur__restore__nes__l1 calls=1021 margin 6.86->6.62 t=2.9s
[DONE] fit__4123__deblur__random_walk__random_walk__l1 calls=1024 margin 6.86->5.62 t=4.0s
[DONE] fit__4123__deblur__confidence_boost__nes__l1 calls=1021 margin 6.86->10.91 t=2.9s
[DONE] fit__4123__deblur__boundary_probe__nes__l1 calls=1021 margin 6.86->0.88 t=2.9s
[DONE] fit__4123__deblur__counterfactual__nes__l1 calls=1021 margin 6.86->0.20 t=2.8s
[DONE] fit__1187__denoise__attack__nes__l0.5 calls=1021 margin 5.69->-4.61 t=2.8s
[DONE] fit__1187__denoise__restore__nes__l0.5 calls=1021 margin 5.69->4.90 t=2.9s
[DONE] fit__1187__denoise__random_walk__random_walk__l0.5 calls=1024 margin 5.69->5.88 t=4.1s
[DONE] fit__1187__denoise__confidence_boost__nes__l0.5 calls=1021 margin 5.69->11.89 t=2.9s
[DONE] fit__1187__denoise__boundary_probe__nes__l0.5 calls=1021 margin 5.69->0.02 t=2.7s
[DONE] fit__1187__denoise__counterfactual__nes__l0.5 calls=1021 margin 5.69->-4.09 t=2.6s
[DONE] fit__1187__deblur__attack__nes__l1 calls=1021 margin 11.70->6.67 t=2.8s
[DONE] fit__1187__deblur__restore__nes__l1 calls=1021 margin 11.70->11.92 t=2.8s
[DONE] fit__1187__deblur__random_walk__random_walk__l1 calls=1024 margin 11.70->10.88 t=4.4s
[DONE] fit__1187__deblur__confidence_boost__nes__l1 calls=1021 margin 11.70->13.64 t=2.9s
[DONE] fit__1187__deblur__boundary_probe__nes__l1 calls=1021 margin 11.70->5.10 t=3.2s
[DONE] fit__1187__deblur__counterfactual__nes__l1 calls=1021 margin 11.70->5.01 t=2.9s
[DONE] fit__7166__denoise__attack__nes__l0.5 calls=1021 margin 4.36->0.11 t=2.8s
[DONE] fit__7166__denoise__restore__nes__l0.5 calls=1021 margin 4.36->4.66 t=3.1s
[DONE] fit__7166__denoise__random_walk__random_walk__l0.5 calls=1024 margin 4.36->4.31 t=4.1s
[DONE] fit__7166__denoise__confidence_boost__nes__l0.5 calls=1021 margin 4.36->8.84 t=3.0s
[DONE] fit__7166__denoise__boundary_probe__nes__l0.5 calls=1021 margin 4.36->0.00 t=2.8s
[DONE] fit__7166__denoise__counterfactual__nes__l0.5 calls=1021 margin 4.36->-0.21 t=2.9s
[DONE] fit__7166__deblur__attack__nes__l1 calls=1021 margin 8.72->5.19 t=2.7s
[DONE] fit__7166__deblur__restore__nes__l1 calls=1021 margin 8.72->8.67 t=2.9s
[DONE] fit__7166__deblur__random_walk__random_walk__l1 calls=1024 margin 8.72->7.90 t=4.2s
[DONE] fit__7166__deblur__confidence_boost__nes__l1 calls=1021 margin 8.72->11.48 t=2.9s
[DONE] fit__7166__deblur__boundary_probe__nes__l1 calls=1021 margin 8.72->5.14 t=2.8s
[DONE] fit__7166__deblur__counterfactual__nes__l1 calls=1021 margin 8.72->5.14 t=2.7s
[DONE] fit__2695__denoise__attack__nes__l0.5 calls=1021 margin 1.27->-4.85 t=2.7s
[DONE] fit__2695__denoise__restore__nes__l0.5 calls=1021 margin 1.27->1.47 t=2.9s
[DONE] fit__2695__denoise__random_walk__random_walk__l0.5 calls=1024 margin 1.27->-0.09 t=4.4s
[DONE] fit__2695__denoise__confidence_boost__nes__l0.5 calls=1021 margin 1.27->7.25 t=2.9s
[DONE] fit__2695__denoise__boundary_probe__nes__l0.5 calls=1021 margin 1.27->0.04 t=2.7s
[DONE] fit__2695__denoise__counterfactual__nes__l0.5 calls=1021 margin 1.27->-4.95 t=2.8s
[DONE] fit__2695__deblur__attack__nes__l1 calls=1021 margin 4.53->-7.05 t=2.8s
[DONE] fit__2695__deblur__restore__nes__l1 calls=1021 margin 4.53->3.27 t=2.9s
[DONE] fit__2695__deblur__random_walk__random_walk__l1 calls=1024 margin 4.53->5.48 t=4.2s
[DONE] fit__2695__deblur__confidence_boost__nes__l1 calls=1021 margin 4.53->10.28 t=3.1s
[DONE] fit__2695__deblur__boundary_probe__nes__l1 calls=1021 margin 4.53->0.04 t=2.9s
[DONE] fit__2695__deblur__counterfactual__nes__l1 calls=1021 margin 4.53->-7.53 t=2.9s
[DONE] fit__9171__denoise__attack__nes__l0.5 calls=1021 margin 9.24->2.72 t=2.7s
[DONE] fit__9171__denoise__restore__nes__l0.5 calls=1021 margin 9.24->9.69 t=2.9s
[DONE] fit__9171__denoise__random_walk__random_walk__l0.5 calls=1024 margin 9.24->7.91 t=4.3s
[DONE] fit__9171__denoise__confidence_boost__nes__l0.5 calls=1021 margin 9.24->12.77 t=2.9s
[DONE] fit__9171__denoise__boundary_probe__nes__l0.5 calls=1021 margin 9.24->0.45 t=2.9s
[DONE] fit__9171__denoise__counterfactual__nes__l0.5 calls=1021 margin 9.24->0.24 t=3.0s
[DONE] fit__9171__deblur__attack__nes__l1 calls=1021 margin 13.29->0.37 t=2.9s
[DONE] fit__9171__deblur__restore__nes__l1 calls=1021 margin 13.29->12.09 t=3.0s
[DONE] fit__9171__deblur__random_walk__random_walk__l1 calls=1024 margin 13.29->10.48 t=4.2s
[DONE] fit__9171__deblur__confidence_boost__nes__l1 calls=1021 margin 13.29->14.68 t=3.0s
[DONE] fit__9171__deblur__boundary_probe__nes__l1 calls=1021 margin 13.29->0.75 t=2.9s
[DONE] fit__9171__deblur__counterfactual__nes__l1 calls=1021 margin 13.29->-0.55 t=2.9s
[DONE] fit__3628__denoise__attack__nes__l0.5 calls=1021 margin 3.47->-2.57 t=2.6s
[DONE] fit__3628__denoise__restore__nes__l0.5 calls=1021 margin 3.47->3.26 t=2.9s
[DONE] fit__3628__denoise__random_walk__random_walk__l0.5 calls=1024 margin 3.47->3.74 t=4.3s
[DONE] fit__3628__denoise__confidence_boost__nes__l0.5 calls=1021 margin 3.47->8.91 t=3.1s
[DONE] fit__3628__denoise__boundary_probe__nes__l0.5 calls=1021 margin 3.47->0.02 t=2.9s
[DONE] fit__3628__denoise__counterfactual__nes__l0.5 calls=1021 margin 3.47->-2.70 t=3.2s
[DONE] fit__3628__deblur__attack__nes__l1 calls=1021 margin 6.89->-2.24 t=3.0s
[DONE] fit__3628__deblur__restore__nes__l1 calls=1021 margin 6.89->6.94 t=2.9s
[DONE] fit__3628__deblur__random_walk__random_walk__l1 calls=1024 margin 6.89->6.89 t=4.1s
[DONE] fit__3628__deblur__confidence_boost__nes__l1 calls=1021 margin 6.89->11.81 t=3.3s
[DONE] fit__3628__deblur__boundary_probe__nes__l1 calls=1021 margin 6.89->0.02 t=3.0s
[DONE] fit__3628__deblur__counterfactual__nes__l1 calls=1021 margin 6.89->-1.99 t=2.8s
[DONE] fit__1526__denoise__attack__nes__l0.5 calls=1021 margin 7.03->-0.27 t=2.9s
[DONE] fit__1526__denoise__restore__nes__l0.5 calls=1021 margin 7.03->6.88 t=2.8s
[DONE] fit__1526__denoise__random_walk__random_walk__l0.5 calls=1024 margin 7.03->6.98 t=4.5s
[DONE] fit__1526__denoise__confidence_boost__nes__l0.5 calls=1021 margin 7.03->12.43 t=3.2s
[DONE] fit__1526__denoise__boundary_probe__nes__l0.5 calls=1021 margin 7.03->0.04 t=3.0s
[DONE] fit__1526__denoise__counterfactual__nes__l0.5 calls=1021 margin 7.03->-0.58 t=2.7s
[DONE] fit__1526__deblur__attack__nes__l1 calls=1021 margin 10.16->0.44 t=3.0s
[DONE] fit__1526__deblur__restore__nes__l1 calls=1021 margin 10.16->9.67 t=3.0s
[DONE] fit__1526__deblur__random_walk__random_walk__l1 calls=1024 margin 10.16->9.84 t=4.1s
[DONE] fit__1526__deblur__confidence_boost__nes__l1 calls=1021 margin 10.16->14.77 t=2.8s
[DONE] fit__1526__deblur__boundary_probe__nes__l1 calls=1021 margin 10.16->0.24 t=2.7s
[DONE] fit__1526__deblur__counterfactual__nes__l1 calls=1021 margin 10.16->0.46 t=2.7s
[DONE] fit__3507__denoise__attack__nes__l0.5 calls=1021 margin 9.52->-1.28 t=3.1s
[DONE] fit__3507__denoise__restore__nes__l0.5 calls=1021 margin 9.52->10.03 t=3.1s
[DONE] fit__3507__denoise__random_walk__random_walk__l0.5 calls=1024 margin 9.52->8.25 t=4.2s
[DONE] fit__3507__denoise__confidence_boost__nes__l0.5 calls=1021 margin 9.52->13.56 t=2.8s
[DONE] fit__3507__denoise__boundary_probe__nes__l0.5 calls=1021 margin 9.52->0.05 t=2.9s
[DONE] fit__3507__denoise__counterfactual__nes__l0.5 calls=1021 margin 9.52->0.50 t=2.7s
[DONE] fit__3507__deblur__attack__nes__l1 calls=1021 margin 10.64->-7.25 t=2.9s
[DONE] fit__3507__deblur__restore__nes__l1 calls=1021 margin 10.64->9.51 t=2.7s
[DONE] fit__3507__deblur__random_walk__random_walk__l1 calls=1024 margin 10.64->4.79 t=4.1s
[DONE] fit__3507__deblur__confidence_boost__nes__l1 calls=1021 margin 10.64->14.88 t=2.7s
[DONE] fit__3507__deblur__boundary_probe__nes__l1 calls=1021 margin 10.64->0.07 t=3.1s
[DONE] fit__3507__deblur__counterfactual__nes__l1 calls=1021 margin 10.64->-6.39 t=2.9s
[DONE] fit__4259__denoise__attack__nes__l0.5 calls=1021 margin 0.74->-7.64 t=3.1s
[DONE] fit__4259__denoise__restore__nes__l0.5 calls=1021 margin 0.74->1.59 t=3.0s
[DONE] fit__4259__denoise__random_walk__random_walk__l0.5 calls=1024 margin 0.74->-0.21 t=4.2s
[DONE] fit__4259__denoise__confidence_boost__nes__l0.5 calls=1021 margin 0.74->7.46 t=2.9s
[DONE] fit__4259__denoise__boundary_probe__nes__l0.5 calls=1021 margin 0.74->0.02 t=3.0s
[DONE] fit__4259__denoise__counterfactual__nes__l0.5 calls=1021 margin 0.74->-7.53 t=2.7s
[DONE] fit__4259__deblur__attack__nes__l1 calls=1021 margin 6.92->-1.89 t=2.9s
[DONE] fit__4259__deblur__restore__nes__l1 calls=1021 margin 6.92->7.55 t=3.1s
[DONE] fit__4259__deblur__random_walk__random_walk__l1 calls=1024 margin 6.92->4.74 t=4.0s
[DONE] fit__4259__deblur__confidence_boost__nes__l1 calls=1021 margin 6.92->12.17 t=3.0s
[DONE] fit__4259__deblur__boundary_probe__nes__l1 calls=1021 margin 6.92->0.10 t=2.8s
[DONE] fit__4259__deblur__counterfactual__nes__l1 calls=1021 margin 6.92->-3.59 t=2.7s
[DONE] fit__9146__denoise__attack__nes__l0.5 calls=1021 margin 9.14->3.52 t=2.9s
[DONE] fit__9146__denoise__restore__nes__l0.5 calls=1021 margin 9.14->9.35 t=3.0s
[DONE] fit__9146__denoise__random_walk__random_walk__l0.5 calls=1024 margin 9.14->7.25 t=4.1s
[DONE] fit__9146__denoise__confidence_boost__nes__l0.5 calls=1021 margin 9.14->13.06 t=2.9s
[DONE] fit__9146__denoise__boundary_probe__nes__l0.5 calls=1021 margin 9.14->3.38 t=2.8s
[DONE] fit__9146__denoise__counterfactual__nes__l0.5 calls=1021 margin 9.14->3.79 t=2.8s
[DONE] fit__9146__deblur__attack__nes__l1 calls=1021 margin 11.99->6.46 t=2.9s
[DONE] fit__9146__deblur__restore__nes__l1 calls=1021 margin 11.99->12.61 t=2.9s
[DONE] fit__9146__deblur__random_walk__random_walk__l1 calls=1024 margin 11.99->11.86 t=4.2s
[DONE] fit__9146__deblur__confidence_boost__nes__l1 calls=1021 margin 11.99->13.97 t=3.0s
[DONE] fit__9146__deblur__boundary_probe__nes__l1 calls=1021 margin 11.99->6.38 t=3.0s
[DONE] fit__9146__deblur__counterfactual__nes__l1 calls=1021 margin 11.99->7.43 t=2.8s
[DONE] fit__4668__denoise__attack__nes__l0.5 calls=1021 margin 9.52->0.31 t=3.0s
[DONE] fit__4668__denoise__restore__nes__l0.5 calls=1021 margin 9.52->8.54 t=3.0s
[DONE] fit__4668__denoise__random_walk__random_walk__l0.5 calls=1024 margin 9.52->10.16 t=4.1s
[DONE] fit__4668__denoise__confidence_boost__nes__l0.5 calls=1021 margin 9.52->13.93 t=3.0s
[DONE] fit__4668__denoise__boundary_probe__nes__l0.5 calls=1021 margin 9.52->0.01 t=2.9s
[DONE] fit__4668__denoise__counterfactual__nes__l0.5 calls=1021 margin 9.52->0.30 t=2.9s
[DONE] fit__4668__deblur__attack__nes__l1 calls=1021 margin 4.04->-7.24 t=2.8s
[DONE] fit__4668__deblur__restore__nes__l1 calls=1021 margin 4.04->6.29 t=3.1s
[DONE] fit__4668__deblur__random_walk__random_walk__l1 calls=1024 margin 4.04->5.61 t=4.0s
[DONE] fit__4668__deblur__confidence_boost__nes__l1 calls=1021 margin 4.04->13.50 t=2.8s
[DONE] fit__4668__deblur__boundary_probe__nes__l1 calls=1021 margin 4.04->0.00 t=2.8s
[DONE] fit__4668__deblur__counterfactual__nes__l1 calls=1021 margin 4.04->-7.89 t=2.6s
[DONE] fit__743__denoise__attack__nes__l0.5 calls=1021 margin 2.99->-2.58 t=2.6s
[DONE] fit__743__denoise__restore__nes__l0.5 calls=1021 margin 2.99->2.75 t=2.9s
[DONE] fit__743__denoise__random_walk__random_walk__l0.5 calls=1024 margin 2.99->2.44 t=4.1s
[DONE] fit__743__denoise__confidence_boost__nes__l0.5 calls=1021 margin 2.99->7.38 t=2.8s
[DONE] fit__743__denoise__boundary_probe__nes__l0.5 calls=1021 margin 2.99->0.01 t=2.4s
[DONE] fit__743__denoise__counterfactual__nes__l0.5 calls=1021 margin 2.99->-2.48 t=2.8s
[DONE] fit__743__deblur__attack__nes__l1 calls=1021 margin 9.96->-0.00 t=2.8s
[DONE] fit__743__deblur__restore__nes__l1 calls=1021 margin 9.96->9.87 t=2.9s
[DONE] fit__743__deblur__random_walk__random_walk__l1 calls=1024 margin 9.96->5.55 t=4.1s
[DONE] fit__743__deblur__confidence_boost__nes__l1 calls=1021 margin 9.96->13.49 t=2.7s
[DONE] fit__743__deblur__boundary_probe__nes__l1 calls=1021 margin 9.96->1.09 t=3.0s
[DONE] fit__743__deblur__counterfactual__nes__l1 calls=1021 margin 9.96->2.12 t=3.1s
[DONE] fit__5929__denoise__attack__nes__l0.5 calls=1021 margin 3.09->-2.11 t=2.9s
[DONE] fit__5929__denoise__restore__nes__l0.5 calls=1021 margin 3.09->2.87 t=2.8s
[DONE] fit__5929__denoise__random_walk__random_walk__l0.5 calls=1024 margin 3.09->3.23 t=4.1s
[DONE] fit__5929__denoise__confidence_boost__nes__l0.5 calls=1021 margin 3.09->9.48 t=3.2s
[DONE] fit__5929__denoise__boundary_probe__nes__l0.5 calls=1021 margin 3.09->0.01 t=2.8s
[DONE] fit__5929__denoise__counterfactual__nes__l0.5 calls=1021 margin 3.09->-3.13 t=2.7s
[DONE] fit__5929__deblur__attack__nes__l1 calls=1021 margin 4.45->-3.21 t=2.7s
[DONE] fit__5929__deblur__restore__nes__l1 calls=1021 margin 4.45->4.59 t=2.9s
[DONE] fit__5929__deblur__random_walk__random_walk__l1 calls=1024 margin 4.45->3.18 t=4.3s
[DONE] fit__5929__deblur__confidence_boost__nes__l1 calls=1021 margin 4.45->10.65 t=2.8s
[DONE] fit__5929__deblur__boundary_probe__nes__l1 calls=1021 margin 4.45->0.03 t=2.8s
[DONE] fit__5929__deblur__counterfactual__nes__l1 calls=1021 margin 4.45->-3.30 t=2.9s
[DONE] fit__2021__denoise__attack__nes__l0.5 calls=1021 margin 4.26->-1.75 t=2.8s
[DONE] fit__2021__denoise__restore__nes__l0.5 calls=1021 margin 4.26->4.76 t=3.1s
[DONE] fit__2021__denoise__random_walk__random_walk__l0.5 calls=1024 margin 4.26->2.85 t=4.4s
[DONE] fit__2021__denoise__confidence_boost__nes__l0.5 calls=1021 margin 4.26->9.06 t=2.7s
[DONE] fit__2021__denoise__boundary_probe__nes__l0.5 calls=1021 margin 4.26->0.02 t=2.7s
[DONE] fit__2021__denoise__counterfactual__nes__l0.5 calls=1021 margin 4.26->-1.39 t=2.8s
[DONE] fit__2021__deblur__attack__nes__l1 calls=1021 margin 6.43->-0.02 t=3.0s
[DONE] fit__2021__deblur__restore__nes__l1 calls=1021 margin 6.43->7.55 t=3.0s
[DONE] fit__2021__deblur__random_walk__random_walk__l1 calls=1024 margin 6.43->7.54 t=3.9s
[DONE] fit__2021__deblur__confidence_boost__nes__l1 calls=1021 margin 6.43->10.98 t=2.9s
[DONE] fit__2021__deblur__boundary_probe__nes__l1 calls=1021 margin 6.43->0.04 t=2.7s
[DONE] fit__2021__deblur__counterfactual__nes__l1 calls=1021 margin 6.43->-0.71 t=2.5s
[DONE] fit__8256__denoise__attack__nes__l0.5 calls=1021 margin 7.51->0.42 t=2.7s
[DONE] fit__8256__denoise__restore__nes__l0.5 calls=1021 margin 7.51->7.95 t=2.9s
[DONE] fit__8256__denoise__random_walk__random_walk__l0.5 calls=1024 margin 7.51->6.76 t=4.3s
[DONE] fit__8256__denoise__confidence_boost__nes__l0.5 calls=1021 margin 7.51->11.35 t=3.0s
[DONE] fit__8256__denoise__boundary_probe__nes__l0.5 calls=1021 margin 7.51->0.63 t=2.9s
[DONE] fit__8256__denoise__counterfactual__nes__l0.5 calls=1021 margin 7.51->1.63 t=2.8s
[DONE] fit__8256__deblur__attack__nes__l1 calls=1021 margin 11.97->5.12 t=2.7s
[DONE] fit__8256__deblur__restore__nes__l1 calls=1021 margin 11.97->12.08 t=3.0s
[DONE] fit__8256__deblur__random_walk__random_walk__l1 calls=1024 margin 11.97->13.13 t=4.0s
[DONE] fit__8256__deblur__confidence_boost__nes__l1 calls=1021 margin 11.97->14.26 t=2.7s
[DONE] fit__8256__deblur__boundary_probe__nes__l1 calls=1021 margin 11.97->5.40 t=2.7s
[DONE] fit__8256__deblur__counterfactual__nes__l1 calls=1021 margin 11.97->4.59 t=2.7s
[DONE] fit__4336__denoise__attack__nes__l0.5 calls=1021 margin 9.51->5.00 t=2.8s
[DONE] fit__4336__denoise__restore__nes__l0.5 calls=1021 margin 9.51->9.88 t=2.9s
[DONE] fit__4336__denoise__random_walk__random_walk__l0.5 calls=1024 margin 9.51->9.76 t=4.2s
[DONE] fit__4336__denoise__confidence_boost__nes__l0.5 calls=1021 margin 9.51->12.25 t=2.9s
[DONE] fit__4336__denoise__boundary_probe__nes__l0.5 calls=1021 margin 9.51->4.04 t=2.8s
[DONE] fit__4336__denoise__counterfactual__nes__l0.5 calls=1021 margin 9.51->4.69 t=2.9s
[DONE] fit__4336__deblur__attack__nes__l1 calls=1021 margin 9.82->0.93 t=2.9s
[DONE] fit__4336__deblur__restore__nes__l1 calls=1021 margin 9.82->10.85 t=2.8s
[DONE] fit__4336__deblur__random_walk__random_walk__l1 calls=1024 margin 9.82->10.60 t=3.9s
[DONE] fit__4336__deblur__confidence_boost__nes__l1 calls=1021 margin 9.82->13.65 t=2.6s
[DONE] fit__4336__deblur__boundary_probe__nes__l1 calls=1021 margin 9.82->1.63 t=2.8s
[DONE] fit__4336__deblur__counterfactual__nes__l1 calls=1021 margin 9.82->1.00 t=2.6s
