[DONE] calibration__1617__denoise__attack__nes__l0.5 calls=1021 margin 2.29->-4.35 t=4.1s
[DONE] calibration__1617__denoise__restore__nes__l0.5 calls=1021 margin 2.29->1.49 t=3.9s
[DONE] calibration__1617__denoise__random_walk__random_walk__l0.5 calls=1024 margin 2.29->1.63 t=5.2s
[DONE] calibration__1617__denoise__confidence_boost__nes__l0.5 calls=1021 margin 2.29->7.72 t=3.8s
[DONE] calibration__1617__denoise__boundary_probe__nes__l0.5 calls=1021 margin 2.29->0.00 t=3.9s
[DONE] calibration__1617__denoise__counterfactual__nes__l0.5 calls=1021 margin 2.29->-3.78 t=3.8s
[DONE] calibration__1617__deblur__attack__nes__l1 calls=1021 margin 9.96->-3.80 t=4.0s
[DONE] calibration__1617__deblur__restore__nes__l1 calls=1021 margin 9.96->10.12 t=3.9s
[DONE] calibration__1617__deblur__random_walk__random_walk__l1 calls=1024 margin 9.96->7.20 t=5.2s
[DONE] calibration__1617__deblur__confidence_boost__nes__l1 calls=1021 margin 9.96->13.66 t=3.9s
[DONE] calibration__1617__deblur__boundary_probe__nes__l1 calls=1021 margin 9.96->0.06 t=3.9s
[DONE] calibration__1617__deblur__counterfactual__nes__l1 calls=1021 margin 9.96->-3.47 t=3.8s
[DONE] calibration__5968__denoise__attack__nes__l0.5 calls=1021 margin 2.57->-2.29 t=3.8s
[DONE] calibration__5968__denoise__restore__nes__l0.5 calls=1021 margin 2.57->2.25 t=4.2s
[DONE] calibration__5968__denoise__random_walk__random_walk__l0.5 calls=1024 margin 2.57->1.77 t=5.1s
[DONE] calibration__5968__denoise__confidence_boost__nes__l0.5 calls=1021 margin 2.57->7.29 t=3.8s
[DONE] calibration__5968__denoise__boundary_probe__nes__l0.5 calls=1021 margin 2.57->0.00 t=3.7s
[DONE] calibration__5968__denoise__counterfactual__nes__l0.5 calls=1021 margin 2.57->-2.25 t=3.8s
[DONE] calibration__5968__deblur__attack__nes__l1 calls=1021 margin 2.05->-4.30 t=3.7s
[DONE] calibration__5968__deblur__restore__nes__l1 calls=1021 margin 2.05->4.21 t=4.0s
[DONE] calibration__5968__deblur__random_walk__random_walk__l1 calls=1024 margin 2.05->2.89 t=5.3s
[DONE] calibration__5968__deblur__confidence_boost__nes__l1 calls=1021 margin 2.05->8.69 t=3.8s
[DONE] calibration__5968__deblur__boundary_probe__nes__l1 calls=1021 margin 2.05->0.01 t=3.7s
[DONE] calibration__5968__deblur__counterfactual__nes__l1 calls=1021 margin 2.05->-4.73 t=3.6s
[DONE] calibration__2712__denoise__attack__nes__l0.5 calls=1021 margin 0.67->-6.73 t=3.7s
[DONE] calibration__2712__denoise__restore__nes__l0.5 calls=1021 margin 0.67->1.27 t=4.0s
[DONE] calibration__2712__denoise__random_walk__random_walk__l0.5 calls=1024 margin 0.67->0.51 t=5.1s
[DONE] calibration__2712__denoise__confidence_boost__nes__l0.5 calls=1021 margin 0.67->6.32 t=3.7s
[DONE] calibration__2712__denoise__boundary_probe__nes__l0.5 calls=1021 margin 0.67->0.01 t=3.8s
[DONE] calibration__2712__denoise__counterfactual__nes__l0.5 calls=1021 margin 0.67->-6.70 t=3.7s
[DONE] calibration__2712__deblur__attack__nes__l1 calls=1021 margin 3.78->-6.27 t=3.7s
[DONE] calibration__2712__deblur__restore__nes__l1 calls=1021 margin 3.78->3.74 t=4.1s
[DONE] calibration__2712__deblur__random_walk__random_walk__l1 calls=1024 margin 3.78->2.50 t=5.3s
[DONE] calibration__2712__deblur__confidence_boost__nes__l1 calls=1021 margin 3.78->9.52 t=3.6s
[DONE] calibration__2712__deblur__boundary_probe__nes__l1 calls=1021 margin 3.78->0.02 t=4.3s
[DONE] calibration__2712__deblur__counterfactual__nes__l1 calls=1021 margin 3.78->-5.97 t=4.5s
[DONE] calibration__9811__denoise__attack__nes__l0.5 calls=1021 margin 4.95->0.22 t=3.7s
[DONE] calibration__9811__denoise__restore__nes__l0.5 calls=1021 margin 4.95->4.81 t=4.1s
[DONE] calibration__9811__denoise__random_walk__random_walk__l0.5 calls=1024 margin 4.95->3.69 t=5.2s
[DONE] calibration__9811__denoise__confidence_boost__nes__l0.5 calls=1021 margin 4.95->9.08 t=3.8s
[DONE] calibration__9811__denoise__boundary_probe__nes__l0.5 calls=1021 margin 4.95->0.05 t=3.8s
[DONE] calibration__9811__denoise__counterfactual__nes__l0.5 calls=1021 margin 4.95->-0.06 t=3.7s
[DONE] calibration__9811__deblur__attack__nes__l1 calls=1021 margin 5.43->-2.69 t=3.7s
[DONE] calibration__9811__deblur__restore__nes__l1 calls=1021 margin 5.43->5.76 t=3.8s
[DONE] calibration__9811__deblur__random_walk__random_walk__l1 calls=1024 margin 5.43->5.14 t=5.1s
[DONE] calibration__9811__deblur__confidence_boost__nes__l1 calls=1021 margin 5.43->10.60 t=3.8s
[DONE] calibration__9811__deblur__boundary_probe__nes__l1 calls=1021 margin 5.43->0.01 t=3.7s
[DONE] calibration__9811__deblur__counterfactual__nes__l1 calls=1021 margin 5.43->-2.68 t=3.7s
[DONE] calibration__5385__denoise__attack__nes__l0.5 calls=1021 margin 4.68->-1.38 t=3.6s
[DONE] calibration__5385__denoise__restore__nes__l0.5 calls=1021 margin 4.68->5.07 t=4.2s
[DONE] calibration__5385__denoise__random_walk__random_walk__l0.5 calls=1024 margin 4.68->4.52 t=5.1s
[DONE] calibration__5385__denoise__confidence_boost__nes__l0.5 calls=1021 margin 4.68->8.48 t=3.7s
[DONE] calibration__5385__denoise__boundary_probe__nes__l0.5 calls=1021 margin 4.68->0.04 t=3.7s
[DONE] calibration__5385__denoise__counterfactual__nes__l0.5 calls=1021 margin 4.68->-1.21 t=3.7s
[DONE] calibration__5385__deblur__attack__nes__l1 calls=1021 margin 0.35->-7.29 t=3.9s
[DONE] calibration__5385__deblur__restore__nes__l1 calls=1021 margin 0.35->0.94 t=4.0s
[DONE] calibration__5385__deblur__random_walk__random_walk__l1 calls=1024 margin 0.35->0.98 t=5.2s
[DONE] calibration__5385__deblur__confidence_boost__nes__l1 calls=1021 margin 0.35->5.84 t=3.9s
[DONE] calibration__5385__deblur__boundary_probe__nes__l1 calls=1021 margin 0.35->0.01 t=3.7s
[DONE] calibration__5385__deblur__counterfactual__nes__l1 calls=1021 margin 0.35->-6.07 t=3.6s
[DONE] calibration__896__denoise__attack__nes__l0.5 calls=1021 margin 8.15->3.78 t=3.7s
[DONE] calibration__896__denoise__restore__nes__l0.5 calls=1021 margin 8.15->8.30 t=4.1s
[DONE] calibration__896__denoise__random_walk__random_walk__l0.5 calls=1024 margin 8.15->7.17 t=5.1s
[DONE] calibration__896__denoise__confidence_boost__nes__l0.5 calls=1021 margin 8.15->11.09 t=3.7s
[DONE] calibration__896__denoise__boundary_probe__nes__l0.5 calls=1021 margin 8.15->3.53 t=3.7s
[DONE] calibration__896__denoise__counterfactual__nes__l0.5 calls=1021 margin 8.15->3.73 t=3.7s
[DONE] calibration__896__deblur__attack__nes__l1 calls=1021 margin 7.18->-0.46 t=3.9s
[DONE] calibration__896__deblur__restore__nes__l1 calls=1021 margin 7.18->7.28 t=4.1s
[DONE] calibration__896__deblur__random_walk__random_walk__l1 calls=1024 margin 7.18->9.98 t=5.1s
[DONE] calibration__896__deblur__confidence_boost__nes__l1 calls=1021 margin 7.18->13.72 t=3.6s
[DONE] calibration__896__deblur__boundary_probe__nes__l1 calls=1021 margin 7.18->0.01 t=3.8s
[DONE] calibration__896__deblur__counterfactual__nes__l1 calls=1021 margin 7.18->-0.10 t=3.7s
[DONE] calibration__7825__denoise__attack__nes__l0.5 calls=1021 margin 2.41->-6.30 t=3.8s
[DONE] calibration__7825__denoise__restore__nes__l0.5 calls=1021 margin 2.41->2.61 t=3.9s
[DONE] calibration__7825__denoise__random_walk__random_walk__l0.5 calls=1024 margin 2.41->2.01 t=5.3s
[DONE] calibration__7825__denoise__confidence_boost__nes__l0.5 calls=1021 margin 2.41->10.74 t=3.8s
[DONE] calibration__7825__denoise__boundary_probe__nes__l0.5 calls=1021 margin 2.41->0.04 t=3.6s
[DONE] calibration__7825__denoise__counterfactual__nes__l0.5 calls=1021 margin 2.41->-6.34 t=3.7s
[DONE] calibration__7825__deblur__attack__nes__l1 calls=1021 margin 14.83->13.38 t=3.8s
[DONE] calibration__7825__deblur__restore__nes__l1 calls=1021 margin 14.83->14.82 t=3.9s
[DONE] calibration__7825__deblur__random_walk__random_walk__l1 calls=1024 margin 14.83->11.22 t=5.3s
[DONE] calibration__7825__deblur__confidence_boost__nes__l1 calls=1021 margin 14.83->14.94 t=3.6s
[DONE] calibration__7825__deblur__boundary_probe__nes__l1 calls=1021 margin 14.83->7.05 t=3.9s
[DONE] calibration__7825__deblur__counterfactual__nes__l1 calls=1021 margin 14.83->9.51 t=3.6s
[DONE] calibration__1609__denoise__attack__nes__l0.5 calls=1021 margin 5.46->-0.86 t=4.0s
[DONE] calibration__1609__denoise__restore__nes__l0.5 calls=1021 margin 5.46->5.55 t=4.0s
[DONE] calibration__1609__denoise__random_walk__random_walk__l0.5 calls=1024 margin 5.46->3.99 t=5.2s
[DONE] calibration__1609__denoise__confidence_boost__nes__l0.5 calls=1021 margin 5.46->9.77 t=4.0s
[DONE] calibration__1609__denoise__boundary_probe__nes__l0.5 calls=1021 margin 5.46->0.01 t=4.1s
[DONE] calibration__1609__denoise__counterfactual__nes__l0.5 calls=1021 margin 5.46->-1.04 t=4.0s
[DONE] calibration__1609__deblur__attack__nes__l1 calls=1021 margin 5.39->-5.42 t=3.9s
[DONE] calibration__1609__deblur__restore__nes__l1 calls=1021 margin 5.39->6.83 t=4.1s
[DONE] calibration__1609__deblur__random_walk__random_walk__l1 calls=1024 margin 5.39->8.77 t=5.4s
[DONE] calibration__1609__deblur__confidence_boost__nes__l1 calls=1021 margin 5.39->13.08 t=4.1s
[DONE] calibration__1609__deblur__boundary_probe__nes__l1 calls=1021 margin 5.39->0.02 t=4.1s
[DONE] calibration__1609__deblur__counterfactual__nes__l1 calls=1021 margin 5.39->-3.30 t=4.1s
[DONE] calibration__9837__denoise__attack__nes__l0.5 calls=1021 margin 4.76->-4.63 t=4.0s
[DONE] calibration__9837__denoise__restore__nes__l0.5 calls=1021 margin 4.76->4.66 t=4.1s
[DONE] calibration__9837__denoise__random_walk__random_walk__l0.5 calls=1024 margin 4.76->4.20 t=5.6s
[DONE] calibration__9837__denoise__confidence_boost__nes__l0.5 calls=1021 margin 4.76->9.81 t=3.7s
[DONE] calibration__9837__denoise__boundary_probe__nes__l0.5 calls=1021 margin 4.76->0.01 t=4.0s
[DONE] calibration__9837__denoise__counterfactual__nes__l0.5 calls=1021 margin 4.76->-4.77 t=3.9s
[DONE] calibration__9837__deblur__attack__nes__l1 calls=1021 margin 6.74->-5.24 t=4.1s
[DONE] calibration__9837__deblur__restore__nes__l1 calls=1021 margin 6.74->7.64 t=4.0s
[DONE] calibration__9837__deblur__random_walk__random_walk__l1 calls=1024 margin 6.74->2.85 t=5.4s
[DONE] calibration__9837__deblur__confidence_boost__nes__l1 calls=1021 margin 6.74->14.17 t=3.9s
[DONE] calibration__9837__deblur__boundary_probe__nes__l1 calls=1021 margin 6.74->0.17 t=4.1s
[DONE] calibration__9837__deblur__counterfactual__nes__l1 calls=1021 margin 6.74->-3.26 t=3.8s
[DONE] calibration__7279__denoise__attack__nes__l0.5 calls=1021 margin 1.04->-7.06 t=3.9s
[DONE] calibration__7279__denoise__restore__nes__l0.5 calls=1021 margin 1.04->1.04 t=4.0s
[DONE] calibration__7279__denoise__random_walk__random_walk__l0.5 calls=1024 margin 1.04->-1.30 t=5.3s
[DONE] calibration__7279__denoise__confidence_boost__nes__l0.5 calls=1021 margin 1.04->7.10 t=3.9s
[DONE] calibration__7279__denoise__boundary_probe__nes__l0.5 calls=1021 margin 1.04->0.01 t=3.8s
[DONE] calibration__7279__denoise__counterfactual__nes__l0.5 calls=1021 margin 1.04->-6.68 t=3.8s
[DONE] calibration__7279__deblur__attack__nes__l1 calls=1021 margin 8.73->2.54 t=4.1s
[DONE] calibration__7279__deblur__restore__nes__l1 calls=1021 margin 8.73->9.44 t=4.1s
[DONE] calibration__7279__deblur__random_walk__random_walk__l1 calls=1024 margin 8.73->8.07 t=5.6s
[DONE] calibration__7279__deblur__confidence_boost__nes__l1 calls=1021 margin 8.73->13.68 t=3.9s
[DONE] calibration__7279__deblur__boundary_probe__nes__l1 calls=1021 margin 8.73->1.85 t=4.0s
[DONE] calibration__7279__deblur__counterfactual__nes__l1 calls=1021 margin 8.73->3.67 t=3.8s
[DONE] calibration__901__denoise__attack__nes__l0.5 calls=1021 margin 6.20->-4.61 t=3.9s
[DONE] calibration__901__denoise__restore__nes__l0.5 calls=1021 margin 6.20->6.01 t=4.0s
[DONE] calibration__901__denoise__random_walk__random_walk__l0.5 calls=1024 margin 6.20->6.74 t=5.5s
[DONE] calibration__901__denoise__confidence_boost__nes__l0.5 calls=1021 margin 6.20->12.46 t=3.9s
[DONE] calibration__901__denoise__boundary_probe__nes__l0.5 calls=1021 margin 6.20->0.07 t=3.9s
[DONE] calibration__901__denoise__counterfactual__nes__l0.5 calls=1021 margin 6.20->-2.56 t=4.0s
[DONE] calibration__901__deblur__attack__nes__l1 calls=1021 margin 6.09->-5.33 t=3.9s
[DONE] calibration__901__deblur__restore__nes__l1 calls=1021 margin 6.09->7.12 t=4.1s
[DONE] calibration__901__deblur__random_walk__random_walk__l1 calls=1024 margin 6.09->8.90 t=5.4s
[DONE] calibration__901__deblur__confidence_boost__nes__l1 calls=1021 margin 6.09->14.55 t=4.0s
[DONE] calibration__901__deblur__boundary_probe__nes__l1 calls=1021 margin 6.09->0.01 t=3.8s
[DONE] calibration__901__deblur__counterfactual__nes__l1 calls=1021 margin 6.09->-6.98 t=4.0s
[DONE] calibration__7690__denoise__attack__nes__l0.5 calls=1021 margin 11.55->5.89 t=3.8s
[DONE] calibration__7690__denoise__restore__nes__l0.5 calls=1021 margin 11.55->11.27 t=3.9s
[DONE] calibration__7690__denoise__random_walk__random_walk__l0.5 calls=1024 margin 11.55->11.17 t=5.5s
[DONE] calibration__7690__denoise__confidence_boost__nes__l0.5 calls=1021 margin 11.55->13.47 t=3.8s
[DONE] calibration__7690__denoise__boundary_probe__nes__l0.5 calls=1021 margin 11.55->5.99 t=3.9s
[DONE] calibration__7690__denoise__counterfactual__nes__l0.5 calls=1021 margin 11.55->5.92 t=4.0s
[DONE] calibration__7690__deblur__attack__nes__l1 calls=1021 margin 11.16->1.97 t=4.0s
[DONE] calibration__7690__deblur__restore__nes__l1 calls=1021 margin 11.16->12.43 t=4.1s
[DONE] calibration__7690__deblur__random_walk__random_walk__l1 calls=1024 margin 11.16->11.94 t=5.4s
[DONE] calibration__7690__deblur__confidence_boost__nes__l1 calls=1021 margin 11.16->14.54 t=3.7s
[DONE] calibration__7690__deblur__boundary_probe__nes__l1 calls=1021 margin 11.16->1.18 t=3.9s
[DONE] calibration__7690__deblur__counterfactual__nes__l1 calls=1021 margin 11.16->1.55 t=3.9s
[DONE] calibration__803__denoise__attack__nes__l0.5 calls=1021 margin 1.98->-6.19 t=3.9s
[DONE] calibration__803__denoise__restore__nes__l0.5 calls=1021 margin 1.98->1.31 t=4.1s
[DONE] calibration__803__denoise__random_walk__random_walk__l0.5 calls=1024 margin 1.98->-0.33 t=5.5s
[DONE] calibration__803__denoise__confidence_boost__nes__l0.5 calls=1021 margin 1.98->8.54 t=4.0s
[DONE] calibration__803__denoise__boundary_probe__nes__l0.5 calls=1021 margin 1.98->0.03 t=4.1s
[DONE] calibration__803__denoise__counterfactual__nes__l0.5 calls=1021 margin 1.98->-5.31 t=4.0s
[DONE] calibration__803__deblur__attack__nes__l1 calls=1021 margin 8.44->-0.41 t=3.9s
[DONE] calibration__803__deblur__restore__nes__l1 calls=1021 margin 8.44->8.67 t=4.1s
[DONE] calibration__803__deblur__random_walk__random_walk__l1 calls=1024 margin 8.44->9.37 t=5.5s
[DONE] calibration__803__deblur__confidence_boost__nes__l1 calls=1021 margin 8.44->12.63 t=3.9s
[DONE] calibration__803__deblur__boundary_probe__nes__l1 calls=1021 margin 8.44->0.01 t=3.9s
[DONE] calibration__803__deblur__counterfactual__nes__l1 calls=1021 margin 8.44->-0.58 t=4.0s
[DONE] calibration__8627__denoise__attack__nes__l0.5 calls=1021 margin 3.23->-4.58 t=3.9s
[DONE] calibration__8627__denoise__restore__nes__l0.5 calls=1021 margin 3.23->3.64 t=4.1s
[DONE] calibration__8627__denoise__random_walk__random_walk__l0.5 calls=1024 margin 3.23->1.86 t=5.6s
[DONE] calibration__8627__denoise__confidence_boost__nes__l0.5 calls=1021 margin 3.23->7.70 t=4.0s
[DONE] calibration__8627__denoise__boundary_probe__nes__l0.5 calls=1021 margin 3.23->0.00 t=3.9s
[DONE] calibration__8627__denoise__counterfactual__nes__l0.5 calls=1021 margin 3.23->-5.00 t=3.9s
[DONE] calibration__8627__deblur__attack__nes__l1 calls=1021 margin 7.56->-2.30 t=4.0s
[DONE] calibration__8627__deblur__restore__nes__l1 calls=1021 margin 7.56->6.84 t=4.0s
[DONE] calibration__8627__deblur__random_walk__random_walk__l1 calls=1024 margin 7.56->2.13 t=5.5s
[DONE] calibration__8627__deblur__confidence_boost__nes__l1 calls=1021 margin 7.56->10.32 t=3.7s
[DONE] calibration__8627__deblur__boundary_probe__nes__l1 calls=1021 margin 7.56->0.04 t=4.0s
[DONE] calibration__8627__deblur__counterfactual__nes__l1 calls=1021 margin 7.56->-1.46 t=3.9s
[DONE] calibration__4720__denoise__attack__nes__l0.5 calls=1021 margin 3.42->-2.69 t=4.0s
[DONE] calibration__4720__denoise__restore__nes__l0.5 calls=1021 margin 3.42->3.18 t=4.0s
[DONE] calibration__4720__denoise__random_walk__random_walk__l0.5 calls=1024 margin 3.42->3.41 t=5.4s
[DONE] calibration__4720__denoise__confidence_boost__nes__l0.5 calls=1021 margin 3.42->6.92 t=3.8s
[DONE] calibration__4720__denoise__boundary_probe__nes__l0.5 calls=1021 margin 3.42->0.00 t=3.9s
[DONE] calibration__4720__denoise__counterfactual__nes__l0.5 calls=1021 margin 3.42->-1.95 t=3.9s
[DONE] calibration__4720__deblur__attack__nes__l1 calls=1021 margin 2.81->-4.61 t=3.8s
[DONE] calibration__4720__deblur__restore__nes__l1 calls=1021 margin 2.81->3.85 t=4.2s
[DONE] calibration__4720__deblur__random_walk__random_walk__l1 calls=1024 margin 2.81->3.55 t=5.6s
[DONE] calibration__4720__deblur__confidence_boost__nes__l1 calls=1021 margin 2.81->9.58 t=3.9s
[DONE] calibration__4720__deblur__boundary_probe__nes__l1 calls=1021 margin 2.81->0.00 t=4.0s
[DONE] calibration__4720__deblur__counterfactual__nes__l1 calls=1021 margin 2.81->-5.53 t=3.9s
[DONE] calibration__2140__denoise__attack__nes__l0.5 calls=1021 margin 10.67->6.10 t=3.9s
[DONE] calibration__2140__denoise__restore__nes__l0.5 calls=1021 margin 10.67->10.62 t=4.0s
[DONE] calibration__2140__denoise__random_walk__random_walk__l0.5 calls=1024 margin 10.67->10.48 t=5.5s
[DONE] calibration__2140__denoise__confidence_boost__nes__l0.5 calls=1021 margin 10.67->12.48 t=3.8s
[DONE] calibration__2140__denoise__boundary_probe__nes__l0.5 calls=1021 margin 10.67->7.68 t=4.0s
[DONE] calibration__2140__denoise__counterfactual__nes__l0.5 calls=1021 margin 10.67->7.45 t=4.1s
[DONE] calibration__2140__deblur__attack__nes__l1 calls=1021 margin 10.02->0.63 t=4.0s
[DONE] calibration__2140__deblur__restore__nes__l1 calls=1021 margin 10.02->10.33 t=4.1s
[DONE] calibration__2140__deblur__random_walk__random_walk__l1 calls=1024 margin 10.02->9.40 t=5.5s
[DONE] calibration__2140__deblur__confidence_boost__nes__l1 calls=1021 margin 10.02->13.14 t=4.0s
[DONE] calibration__2140__deblur__boundary_probe__nes__l1 calls=1021 margin 10.02->0.92 t=3.9s
[DONE] calibration__2140__deblur__counterfactual__nes__l1 calls=1021 margin 10.02->1.95 t=4.1s
[DONE] calibration__7270__denoise__attack__nes__l0.5 calls=1021 margin 1.21->-4.22 t=3.8s
[DONE] calibration__7270__denoise__restore__nes__l0.5 calls=1021 margin 1.21->1.02 t=4.1s
[DONE] calibration__7270__denoise__random_walk__random_walk__l0.5 calls=1024 margin 1.21->0.99 t=5.3s
[DONE] calibration__7270__denoise__confidence_boost__nes__l0.5 calls=1021 margin 1.21->6.60 t=4.0s
[DONE] calibration__7270__denoise__boundary_probe__nes__l0.5 calls=1021 margin 1.21->0.01 t=4.2s
[DONE] calibration__7270__denoise__counterfactual__nes__l0.5 calls=1021 margin 1.21->-4.10 t=4.0s
[DONE] calibration__7270__deblur__attack__nes__l1 calls=1021 margin 7.63->-3.91 t=4.1s
[DONE] calibration__7270__deblur__restore__nes__l1 calls=1021 margin 7.63->7.49 t=4.1s
[DONE] calibration__7270__deblur__random_walk__random_walk__l1 calls=1024 margin 7.63->5.69 t=5.5s
[DONE] calibration__7270__deblur__confidence_boost__nes__l1 calls=1021 margin 7.63->11.60 t=4.0s
[DONE] calibration__7270__deblur__boundary_probe__nes__l1 calls=1021 margin 7.63->0.03 t=4.0s
[DONE] calibration__7270__deblur__counterfactual__nes__l1 calls=1021 margin 7.63->-0.44 t=3.8s
[DONE] evaluation__3499__denoise__attack__nes__l0.5 calls=1021 margin 6.66->-0.95 t=3.8s
[DONE] evaluation__3499__denoise__restore__nes__l0.5 calls=1021 margin 6.66->6.31 t=4.0s
[DONE] evaluation__3499__denoise__random_walk__random_walk__l0.5 calls=1024 margin 6.66->6.40 t=5.5s
[DONE] evaluation__3499__denoise__confidence_boost__nes__l0.5 calls=1021 margin 6.66->11.14 t=3.8s
[DONE] evaluation__3499__denoise__boundary_probe__nes__l0.5 calls=1021 margin 6.66->0.75 t=4.2s
[DONE] evaluation__3499__denoise__counterfactual__nes__l0.5 calls=1021 margin 6.66->1.12 t=4.0s
[DONE] evaluation__3499__deblur__attack__nes__l1 calls=1021 margin 5.52->-0.36 t=3.9s
[DONE] evaluation__3499__deblur__restore__nes__l1 calls=1021 margin 5.52->6.81 t=4.0s
[DONE] evaluation__3499__deblur__random_walk__random_walk__l1 calls=1024 margin 5.52->6.64 t=5.7s
[DONE] evaluation__3499__deblur__confidence_boost__nes__l1 calls=1021 margin 5.52->13.80 t=3.9s
[DONE] evaluation__3499__deblur__boundary_probe__nes__l1 calls=1021 margin 5.52->0.17 t=3.9s
[DONE] evaluation__3499__deblur__counterfactual__nes__l1 calls=1021 margin 5.52->0.30 t=4.1s
[DONE] evaluation__6241__denoise__attack__nes__l0.5 calls=1021 margin 4.07->-2.78 t=3.8s
[DONE] evaluation__6241__denoise__restore__nes__l0.5 calls=1021 margin 4.07->4.37 t=3.9s
[DONE] evaluation__6241__denoise__random_walk__random_walk__l0.5 calls=1024 margin 4.07->3.42 t=5.3s
[DONE] evaluation__6241__denoise__confidence_boost__nes__l0.5 calls=1021 margin 4.07->9.66 t=3.9s
[DONE] evaluation__6241__denoise__boundary_probe__nes__l0.5 calls=1021 margin 4.07->0.04 t=3.9s
[DONE] evaluation__6241__denoise__counterfactual__nes__l0.5 calls=1021 margin 4.07->-1.74 t=4.2s
[DONE] evaluation__6241__deblur__attack__nes__l1 calls=1021 margin 9.04->-2.95 t=4.3s
[DONE] evaluation__6241__deblur__restore__nes__l1 calls=1021 margin 9.04->6.82 t=4.1s
[DONE] evaluation__6241__deblur__random_walk__random_walk__l1 calls=1024 margin 9.04->5.16 t=5.5s
[DONE] evaluation__6241__deblur__confidence_boost__nes__l1 calls=1021 margin 9.04->12.51 t=3.7s
[DONE] evaluation__6241__deblur__boundary_probe__nes__l1 calls=1021 margin 9.04->0.05 t=4.1s
[DONE] evaluation__6241__deblur__counterfactual__nes__l1 calls=1021 margin 9.04->-2.25 t=4.0s
[DONE] evaluation__8894__denoise__attack__nes__l0.5 calls=1021 margin 1.28->-3.66 t=4.0s
[DONE] evaluation__8894__denoise__restore__nes__l0.5 calls=1021 margin 1.28->1.12 t=4.0s
[DONE] evaluation__8894__denoise__random_walk__random_walk__l0.5 calls=1024 margin 1.28->0.94 t=5.6s
[DONE] evaluation__8894__denoise__confidence_boost__nes__l0.5 calls=1021 margin 1.28->5.99 t=4.0s
[DONE] evaluation__8894__denoise__boundary_probe__nes__l0.5 calls=1021 margin 1.28->0.03 t=3.8s
[DONE] evaluation__8894__denoise__counterfactual__nes__l0.5 calls=1021 margin 1.28->-3.73 t=3.9s
[DONE] evaluation__8894__deblur__attack__nes__l1 calls=1021 margin 8.42->1.94 t=4.0s
[DONE] evaluation__8894__deblur__restore__nes__l1 calls=1021 margin 8.42->7.98 t=4.1s
[DONE] evaluation__8894__deblur__random_walk__random_walk__l1 calls=1024 margin 8.42->3.19 t=5.6s
[DONE] evaluation__8894__deblur__confidence_boost__nes__l1 calls=1021 margin 8.42->12.00 t=3.9s
[DONE] evaluation__8894__deblur__boundary_probe__nes__l1 calls=1021 margin 8.42->1.91 t=3.9s
[DONE] evaluation__8894__deblur__counterfactual__nes__l1 calls=1021 margin 8.42->-0.10 t=4.0s
[DONE] evaluation__81__denoise__attack__nes__l0.5 calls=1021 margin 2.65->-2.52 t=3.8s
[DONE] evaluation__81__denoise__restore__nes__l0.5 calls=1021 margin 2.65->2.78 t=4.0s
[DONE] evaluation__81__denoise__random_walk__random_walk__l0.5 calls=1024 margin 2.65->2.61 t=5.3s
[DONE] evaluation__81__denoise__confidence_boost__nes__l0.5 calls=1021 margin 2.65->6.96 t=4.0s
[DONE] evaluation__81__denoise__boundary_probe__nes__l0.5 calls=1021 margin 2.65->0.00 t=3.7s
[DONE] evaluation__81__denoise__counterfactual__nes__l0.5 calls=1021 margin 2.65->-2.93 t=3.9s
[DONE] evaluation__81__deblur__attack__nes__l1 calls=1021 margin 1.67->-3.77 t=4.1s
[DONE] evaluation__81__deblur__restore__nes__l1 calls=1021 margin 1.67->1.48 t=4.2s
[DONE] evaluation__81__deblur__random_walk__random_walk__l1 calls=1024 margin 1.67->1.18 t=5.4s
[DONE] evaluation__81__deblur__confidence_boost__nes__l1 calls=1021 margin 1.67->6.78 t=3.6s
[DONE] evaluation__81__deblur__boundary_probe__nes__l1 calls=1021 margin 1.67->0.00 t=3.9s
[DONE] evaluation__81__deblur__counterfactual__nes__l1 calls=1021 margin 1.67->-3.72 t=3.9s
[DONE] evaluation__2601__denoise__attack__nes__l0.5 calls=1021 margin 8.50->5.39 t=4.0s
[DONE] evaluation__2601__denoise__restore__nes__l0.5 calls=1021 margin 8.50->8.30 t=4.0s
[DONE] evaluation__2601__denoise__random_walk__random_walk__l0.5 calls=1024 margin 8.50->8.23 t=5.5s
[DONE] evaluation__2601__denoise__confidence_boost__nes__l0.5 calls=1021 margin 8.50->10.88 t=3.8s
[DONE] evaluation__2601__denoise__boundary_probe__nes__l0.5 calls=1021 margin 8.50->5.02 t=4.1s
[DONE] evaluation__2601__denoise__counterfactual__nes__l0.5 calls=1021 margin 8.50->4.88 t=3.9s
[DONE] evaluation__2601__deblur__attack__nes__l1 calls=1021 margin 10.31->5.06 t=3.8s
[DONE] evaluation__2601__deblur__restore__nes__l1 calls=1021 margin 10.31->9.85 t=4.0s
[DONE] evaluation__2601__deblur__random_walk__random_walk__l1 calls=1024 margin 10.31->9.28 t=5.5s
[DONE] evaluation__2601__deblur__confidence_boost__nes__l1 calls=1021 margin 10.31->13.38 t=4.0s
[DONE] evaluation__2601__deblur__boundary_probe__nes__l1 calls=1021 margin 10.31->5.33 t=4.2s
[DONE] evaluation__2601__deblur__counterfactual__nes__l1 calls=1021 margin 10.31->4.69 t=4.0s
[DONE] evaluation__7215__denoise__attack__nes__l0.5 calls=1021 margin 9.57->5.24 t=3.9s
[DONE] evaluation__7215__denoise__restore__nes__l0.5 calls=1021 margin 9.57->9.22 t=4.0s
[DONE] evaluation__7215__denoise__random_walk__random_walk__l0.5 calls=1024 margin 9.57->8.97 t=5.3s
[DONE] evaluation__7215__denoise__confidence_boost__nes__l0.5 calls=1021 margin 9.57->12.91 t=3.7s
[DONE] evaluation__7215__denoise__boundary_probe__nes__l0.5 calls=1021 margin 9.57->5.15 t=4.0s
[DONE] evaluation__7215__denoise__counterfactual__nes__l0.5 calls=1021 margin 9.57->5.21 t=4.0s
[DONE] evaluation__7215__deblur__attack__nes__l1 calls=1021 margin 12.40->7.71 t=4.0s
[DONE] evaluation__7215__deblur__restore__nes__l1 calls=1021 margin 12.40->12.18 t=3.9s
[DONE] evaluation__7215__deblur__random_walk__random_walk__l1 calls=1024 margin 12.40->11.77 t=5.6s
[DONE] evaluation__7215__deblur__confidence_boost__nes__l1 calls=1021 margin 12.40->13.81 t=4.3s
[DONE] evaluation__7215__deblur__boundary_probe__nes__l1 calls=1021 margin 12.40->7.74 t=4.0s
[DONE] evaluation__7215__deblur__counterfactual__nes__l1 calls=1021 margin 12.40->7.83 t=3.8s
[DONE] evaluation__9455__denoise__attack__nes__l0.5 calls=1021 margin 0.92->-6.05 t=4.0s
[DONE] evaluation__9455__denoise__restore__nes__l0.5 calls=1021 margin 0.92->0.75 t=3.9s
[DONE] evaluation__9455__denoise__random_walk__random_walk__l0.5 calls=1024 margin 0.92->0.85 t=5.5s
[DONE] evaluation__9455__denoise__confidence_boost__nes__l0.5 calls=1021 margin 0.92->5.24 t=3.8s
[DONE] evaluation__9455__denoise__boundary_probe__nes__l0.5 calls=1021 margin 0.92->0.00 t=3.9s
[DONE] evaluation__9455__denoise__counterfactual__nes__l0.5 calls=1021 margin 0.92->-3.08 t=3.9s
[DONE] evaluation__9455__deblur__attack__nes__l1 calls=1021 margin 9.25->-2.43 t=3.9s
[DONE] evaluation__9455__deblur__restore__nes__l1 calls=1021 margin 9.25->8.99 t=4.0s
[DONE] evaluation__9455__deblur__random_walk__random_walk__l1 calls=1024 margin 9.25->5.43 t=5.8s
[DONE] evaluation__9455__deblur__confidence_boost__nes__l1 calls=1021 margin 9.25->13.06 t=4.4s
[DONE] evaluation__9455__deblur__boundary_probe__nes__l1 calls=1021 margin 9.25->0.00 t=4.3s
[DONE] evaluation__9455__deblur__counterfactual__nes__l1 calls=1021 margin 9.25->2.19 t=4.3s
[DONE] evaluation__2774__denoise__attack__nes__l0.5 calls=1021 margin 2.73->-2.43 t=3.8s
[DONE] evaluation__2774__denoise__restore__nes__l0.5 calls=1021 margin 2.73->3.83 t=4.4s
[DONE] evaluation__2774__denoise__random_walk__random_walk__l0.5 calls=1024 margin 2.73->3.00 t=5.6s
[DONE] evaluation__2774__denoise__confidence_boost__nes__l0.5 calls=1021 margin 2.73->7.14 t=4.0s
[DONE] evaluation__2774__denoise__boundary_probe__nes__l0.5 calls=1021 margin 2.73->0.02 t=3.2s
[DONE] evaluation__2774__denoise__counterfactual__nes__l0.5 calls=1021 margin 2.73->-3.20 t=3.0s
[DONE] evaluation__2774__deblur__attack__nes__l1 calls=1021 margin 5.75->-2.62 t=3.0s
[DONE] evaluation__2774__deblur__restore__nes__l1 calls=1021 margin 5.75->5.49 t=3.3s
[DONE] evaluation__2774__deblur__random_walk__random_walk__l1 calls=1024 margin 5.75->5.43 t=4.4s
[DONE] evaluation__2774__deblur__confidence_boost__nes__l1 calls=1021 margin 5.75->11.00 t=3.0s
[DONE] evaluation__2774__deblur__boundary_probe__nes__l1 calls=1021 margin 5.75->0.01 t=2.8s
[DONE] evaluation__2774__deblur__counterfactual__nes__l1 calls=1021 margin 5.75->-3.62 t=2.9s
[DONE] evaluation__6515__denoise__attack__nes__l0.5 calls=1021 margin 7.92->-1.23 t=2.7s
[DONE] evaluation__6515__denoise__restore__nes__l0.5 calls=1021 margin 7.92->8.46 t=3.1s
[DONE] evaluation__6515__denoise__random_walk__random_walk__l0.5 calls=1024 margin 7.92->7.65 t=4.2s
[DONE] evaluation__6515__denoise__confidence_boost__nes__l0.5 calls=1021 margin 7.92->11.88 t=2.7s
[DONE] evaluation__6515__denoise__boundary_probe__nes__l0.5 calls=1021 margin 7.92->0.01 t=2.9s
[DONE] evaluation__6515__denoise__counterfactual__nes__l0.5 calls=1021 margin 7.92->-1.25 t=2.9s
[DONE] evaluation__6515__deblur__attack__nes__l1 calls=1021 margin 5.84->-7.86 t=2.6s
[DONE] evaluation__6515__deblur__restore__nes__l1 calls=1021 margin 5.84->5.41 t=2.9s
[DONE] evaluation__6515__deblur__random_walk__random_walk__l1 calls=1024 margin 5.84->6.24 t=4.2s
[DONE] evaluation__6515__deblur__confidence_boost__nes__l1 calls=1021 margin 5.84->12.55 t=2.7s
[DONE] evaluation__6515__deblur__boundary_probe__nes__l1 calls=1021 margin 5.84->0.02 t=2.9s
[DONE] evaluation__6515__deblur__counterfactual__nes__l1 calls=1021 margin 5.84->-6.66 t=2.9s
[DONE] evaluation__8363__denoise__attack__nes__l0.5 calls=1021 margin 7.33->0.28 t=2.8s
[DONE] evaluation__8363__denoise__restore__nes__l0.5 calls=1021 margin 7.33->7.86 t=3.1s
[DONE] evaluation__8363__denoise__random_walk__random_walk__l0.5 calls=1024 margin 7.33->7.54 t=4.4s
[DONE] evaluation__8363__denoise__confidence_boost__nes__l0.5 calls=1021 margin 7.33->11.00 t=2.7s
[DONE] evaluation__8363__denoise__boundary_probe__nes__l0.5 calls=1021 margin 7.33->0.36 t=2.9s
[DONE] evaluation__8363__denoise__counterfactual__nes__l0.5 calls=1021 margin 7.33->0.19 t=2.9s
[DONE] evaluation__8363__deblur__attack__nes__l1 calls=1021 margin 2.74->-6.79 t=2.8s
[DONE] evaluation__8363__deblur__restore__nes__l1 calls=1021 margin 2.74->2.10 t=3.0s
[DONE] evaluation__8363__deblur__random_walk__random_walk__l1 calls=1024 margin 2.74->0.65 t=4.1s
[DONE] evaluation__8363__deblur__confidence_boost__nes__l1 calls=1021 margin 2.74->8.55 t=2.8s
[DONE] evaluation__8363__deblur__boundary_probe__nes__l1 calls=1021 margin 2.74->0.01 t=2.8s
[DONE] evaluation__8363__deblur__counterfactual__nes__l1 calls=1021 margin 2.74->-6.82 t=3.0s
[DONE] evaluation__2991__denoise__attack__nes__l0.5 calls=1021 margin 2.68->-5.32 t=2.7s
[DONE] evaluation__2991__denoise__restore__nes__l0.5 calls=1021 margin 2.68->3.51 t=2.8s
[DONE] evaluation__2991__denoise__random_walk__random_walk__l0.5 calls=1024 margin 2.68->2.91 t=4.2s
[DONE] evaluation__2991__denoise__confidence_boost__nes__l0.5 calls=1021 margin 2.68->8.52 t=2.6s
[DONE] evaluation__2991__denoise__boundary_probe__nes__l0.5 calls=1021 margin 2.68->0.01 t=2.8s
[DONE] evaluation__2991__denoise__counterfactual__nes__l0.5 calls=1021 margin 2.68->-5.51 t=2.8s
[DONE] evaluation__2991__deblur__attack__nes__l1 calls=1021 margin 7.17->-1.72 t=2.8s
[DONE] evaluation__2991__deblur__restore__nes__l1 calls=1021 margin 7.17->7.99 t=2.9s
[DONE] evaluation__2991__deblur__random_walk__random_walk__l1 calls=1024 margin 7.17->5.48 t=4.2s
[DONE] evaluation__2991__deblur__confidence_boost__nes__l1 calls=1021 margin 7.17->12.00 t=2.8s
[DONE] evaluation__2991__deblur__boundary_probe__nes__l1 calls=1021 margin 7.17->0.01 t=3.0s
[DONE] evaluation__2991__deblur__counterfactual__nes__l1 calls=1021 margin 7.17->-1.70 t=2.7s
[DONE] evaluation__5655__denoise__attack__nes__l0.5 calls=1021 margin 2.82->-6.07 t=2.8s
[DONE] evaluation__5655__denoise__restore__nes__l0.5 calls=1021 margin 2.82->2.51 t=2.9s
[DONE] evaluation__5655__denoise__random_walk__random_walk__l0.5 calls=1024 margin 2.82->3.00 t=4.4s
[DONE] evaluation__5655__denoise__confidence_boost__nes__l0.5 calls=1021 margin 2.82->8.41 t=2.7s
[DONE] evaluation__5655__denoise__boundary_probe__nes__l0.5 calls=1021 margin 2.82->0.01 t=3.0s
[DONE] evaluation__5655__denoise__counterfactual__nes__l0.5 calls=1021 margin 2.82->-2.78 t=2.8s
[DONE] evaluation__5655__deblur__attack__nes__l1 calls=1021 margin 5.51->-0.99 t=3.0s
[DONE] evaluation__5655__deblur__restore__nes__l1 calls=1021 margin 5.51->6.35 t=3.0s
[DONE] evaluation__5655__deblur__random_walk__random_walk__l1 calls=1024 margin 5.51->5.30 t=4.3s
[DONE] evaluation__5655__deblur__confidence_boost__nes__l1 calls=1021 margin 5.51->10.98 t=2.7s
[DONE] evaluation__5655__deblur__boundary_probe__nes__l1 calls=1021 margin 5.51->0.01 t=2.8s
[DONE] evaluation__5655__deblur__counterfactual__nes__l1 calls=1021 margin 5.51->-1.36 t=2.7s
[DONE] evaluation__7378__denoise__attack__nes__l0.5 calls=1021 margin 2.00->-2.03 t=2.7s
[DONE] evaluation__7378__denoise__restore__nes__l0.5 calls=1021 margin 2.00->2.28 t=2.8s
[DONE] evaluation__7378__denoise__random_walk__random_walk__l0.5 calls=1024 margin 2.00->2.66 t=4.2s
[DONE] evaluation__7378__denoise__confidence_boost__nes__l0.5 calls=1021 margin 2.00->5.91 t=2.7s
[DONE] evaluation__7378__denoise__boundary_probe__nes__l0.5 calls=1021 margin 2.00->0.00 t=2.8s
[DONE] evaluation__7378__denoise__counterfactual__nes__l0.5 calls=1021 margin 2.00->-2.45 t=2.8s
[DONE] evaluation__7378__deblur__attack__nes__l1 calls=1021 margin 4.60->-1.30 t=2.9s
[DONE] evaluation__7378__deblur__restore__nes__l1 calls=1021 margin 4.60->4.82 t=2.8s
[DONE] evaluation__7378__deblur__random_walk__random_walk__l1 calls=1024 margin 4.60->4.61 t=4.5s
[DONE] evaluation__7378__deblur__confidence_boost__nes__l1 calls=1021 margin 4.60->9.32 t=2.9s
[DONE] evaluation__7378__deblur__boundary_probe__nes__l1 calls=1021 margin 4.60->0.02 t=2.8s
[DONE] evaluation__7378__deblur__counterfactual__nes__l1 calls=1021 margin 4.60->-1.26 t=2.9s
[DONE] evaluation__1303__denoise__attack__nes__l0.5 calls=1021 margin 2.53->-4.94 t=2.8s
[DONE] evaluation__1303__denoise__restore__nes__l0.5 calls=1021 margin 2.53->2.55 t=2.8s
[DONE] evaluation__1303__denoise__random_walk__random_walk__l0.5 calls=1024 margin 2.53->3.69 t=4.2s
[DONE] evaluation__1303__denoise__confidence_boost__nes__l0.5 calls=1021 margin 2.53->8.30 t=2.9s
[DONE] evaluation__1303__denoise__boundary_probe__nes__l0.5 calls=1021 margin 2.53->0.01 t=2.8s
[DONE] evaluation__1303__denoise__counterfactual__nes__l0.5 calls=1021 margin 2.53->-4.62 t=3.0s
[DONE] evaluation__1303__deblur__attack__nes__l1 calls=1021 margin 6.20->-3.72 t=3.1s
[DONE] evaluation__1303__deblur__restore__nes__l1 calls=1021 margin 6.20->5.93 t=2.9s
[DONE] evaluation__1303__deblur__random_walk__random_walk__l1 calls=1024 margin 6.20->6.53 t=4.4s
[DONE] evaluation__1303__deblur__confidence_boost__nes__l1 calls=1021 margin 6.20->11.18 t=2.9s
[DONE] evaluation__1303__deblur__boundary_probe__nes__l1 calls=1021 margin 6.20->0.06 t=2.7s
[DONE] evaluation__1303__deblur__counterfactual__nes__l1 calls=1021 margin 6.20->-4.45 t=2.9s
[DONE] evaluation__3822__denoise__attack__nes__l0.5 calls=1021 margin 5.28->-2.09 t=2.6s
[DONE] evaluation__3822__denoise__restore__nes__l0.5 calls=1021 margin 5.28->4.83 t=2.9s
[DONE] evaluation__3822__denoise__random_walk__random_walk__l0.5 calls=1024 margin 5.28->5.53 t=4.0s
[DONE] evaluation__3822__denoise__confidence_boost__nes__l0.5 calls=1021 margin 5.28->10.92 t=2.9s
[DONE] evaluation__3822__denoise__boundary_probe__nes__l0.5 calls=1021 margin 5.28->0.02 t=2.8s
[DONE] evaluation__3822__denoise__counterfactual__nes__l0.5 calls=1021 margin 5.28->-2.08 t=2.8s
[DONE] evaluation__3822__deblur__attack__nes__l1 calls=1021 margin 7.28->-2.25 t=2.9s
[DONE] evaluation__3822__deblur__restore__nes__l1 calls=1021 margin 7.28->7.95 t=3.0s
[DONE] evaluation__3822__deblur__random_walk__random_walk__l1 calls=1024 margin 7.28->7.90 t=4.0s
[DONE] evaluation__3822__deblur__confidence_boost__nes__l1 calls=1021 margin 7.28->13.17 t=2.9s
[DONE] evaluation__3822__deblur__boundary_probe__nes__l1 calls=1021 margin 7.28->0.01 t=2.7s
[DONE] evaluation__3822__deblur__counterfactual__nes__l1 calls=1021 margin 7.28->0.08 t=2.8s
[DONE] evaluation__6005__denoise__attack__nes__l0.5 calls=1021 margin 8.76->1.70 t=2.6s
[DONE] evaluation__6005__denoise__restore__nes__l0.5 calls=1021 margin 8.76->8.48 t=2.9s
[DONE] evaluation__6005__denoise__random_walk__random_walk__l0.5 calls=1024 margin 8.76->8.80 t=4.3s
[DONE] evaluation__6005__denoise__confidence_boost__nes__l0.5 calls=1021 margin 8.76->12.45 t=2.9s
[DONE] evaluation__6005__denoise__boundary_probe__nes__l0.5 calls=1021 margin 8.76->1.26 t=2.8s
[DONE] evaluation__6005__denoise__counterfactual__nes__l0.5 calls=1021 margin 8.76->1.04 t=2.7s
[DONE] evaluation__6005__deblur__attack__nes__l1 calls=1021 margin 11.28->1.15 t=2.8s
[DONE] evaluation__6005__deblur__restore__nes__l1 calls=1021 margin 11.28->11.19 t=3.0s
[DONE] evaluation__6005__deblur__random_walk__random_walk__l1 calls=1024 margin 11.28->10.30 t=4.4s
[DONE] evaluation__6005__deblur__confidence_boost__nes__l1 calls=1021 margin 11.28->14.80 t=2.9s
[DONE] evaluation__6005__deblur__boundary_probe__nes__l1 calls=1021 margin 11.28->2.02 t=2.8s
[DONE] evaluation__6005__deblur__counterfactual__nes__l1 calls=1021 margin 11.28->1.34 t=2.7s
[DONE] evaluation__9715__denoise__attack__nes__l0.5 calls=1021 margin 2.89->-2.75 t=2.8s
[DONE] evaluation__9715__denoise__restore__nes__l0.5 calls=1021 margin 2.89->3.33 t=2.7s
[DONE] evaluation__9715__denoise__random_walk__random_walk__l0.5 calls=1024 margin 2.89->3.89 t=4.2s
[DONE] evaluation__9715__denoise__confidence_boost__nes__l0.5 calls=1021 margin 2.89->8.73 t=3.0s
[DONE] evaluation__9715__denoise__boundary_probe__nes__l0.5 calls=1021 margin 2.89->0.03 t=2.8s
[DONE] evaluation__9715__denoise__counterfactual__nes__l0.5 calls=1021 margin 2.89->-3.21 t=3.0s
[DONE] evaluation__9715__deblur__attack__nes__l1 calls=1021 margin 5.76->-5.62 t=2.9s
[DONE] evaluation__9715__deblur__restore__nes__l1 calls=1021 margin 5.76->6.02 t=3.0s
[DONE] evaluation__9715__deblur__random_walk__random_walk__l1 calls=1024 margin 5.76->5.96 t=4.3s
[DONE] evaluation__9715__deblur__confidence_boost__nes__l1 calls=1021 margin 5.76->13.26 t=2.9s
[DONE] evaluation__9715__deblur__boundary_probe__nes__l1 calls=1021 margin 5.76->0.01 t=2.7s
[DONE] evaluation__9715__deblur__counterfactual__nes__l1 calls=1021 margin 5.76->-5.17 t=2.8s
[DONE] evaluation__2582__denoise__attack__nes__l0.5 calls=1021 margin 0.13->-7.02 t=2.9s
[DONE] evaluation__2582__denoise__restore__nes__l0.5 calls=1021 margin 0.13->0.65 t=2.7s
[DONE] evaluation__2582__denoise__random_walk__random_walk__l0.5 calls=1024 margin 0.13->-1.62 t=4.2s
[DONE] evaluation__2582__denoise__confidence_boost__nes__l0.5 calls=1021 margin 0.13->6.16 t=3.0s
[DONE] evaluation__2582__denoise__boundary_probe__nes__l0.5 calls=1021 margin 0.13->0.03 t=2.9s
[DONE] evaluation__2582__denoise__counterfactual__nes__l0.5 calls=1021 margin 0.13->-5.53 t=2.8s
[DONE] evaluation__2582__deblur__attack__nes__l1 calls=1021 margin 10.15->5.11 t=2.8s
[DONE] evaluation__2582__deblur__restore__nes__l1 calls=1021 margin 10.15->10.44 t=2.9s
[DONE] evaluation__2582__deblur__random_walk__random_walk__l1 calls=1024 margin 10.15->8.99 t=4.2s
[DONE] evaluation__2582__deblur__confidence_boost__nes__l1 calls=1021 margin 10.15->13.56 t=2.9s
[DONE] evaluation__2582__deblur__boundary_probe__nes__l1 calls=1021 margin 10.15->5.33 t=3.1s
[DONE] evaluation__2582__deblur__counterfactual__nes__l1 calls=1021 margin 10.15->5.38 t=2.7s
[DONE] evaluation__6092__denoise__attack__nes__l0.5 calls=1021 margin 2.73->-3.83 t=2.8s
[DONE] evaluation__6092__denoise__restore__nes__l0.5 calls=1021 margin 2.73->2.72 t=2.8s
[DONE] evaluation__6092__denoise__random_walk__random_walk__l0.5 calls=1024 margin 2.73->2.92 t=4.1s
[DONE] evaluation__6092__denoise__confidence_boost__nes__l0.5 calls=1021 margin 2.73->7.37 t=2.8s
[DONE] evaluation__6092__denoise__boundary_probe__nes__l0.5 calls=1021 margin 2.73->0.04 t=2.6s
[DONE] evaluation__6092__denoise__counterfactual__nes__l0.5 calls=1021 margin 2.73->-3.30 t=2.8s
[DONE] evaluation__6092__deblur__attack__nes__l1 calls=1021 margin 8.47->-0.38 t=2.8s
[DONE] evaluation__6092__deblur__restore__nes__l1 calls=1021 margin 8.47->8.60 t=2.9s
[DONE] evaluation__6092__deblur__random_walk__random_walk__l1 calls=1024 margin 8.47->9.13 t=4.4s
[DONE] evaluation__6092__deblur__confidence_boost__nes__l1 calls=1021 margin 8.47->13.58 t=2.8s
[DONE] evaluation__6092__deblur__boundary_probe__nes__l1 calls=1021 margin 8.47->0.19 t=2.9s
[DONE] evaluation__6092__deblur__counterfactual__nes__l1 calls=1021 margin 8.47->0.45 t=2.9s
[DONE] evaluation__9410__denoise__attack__nes__l0.5 calls=1021 margin 1.41->-5.58 t=3.1s
[DONE] evaluation__9410__denoise__restore__nes__l0.5 calls=1021 margin 1.41->1.35 t=2.9s
[DONE] evaluation__9410__denoise__random_walk__random_walk__l0.5 calls=1024 margin 1.41->-1.40 t=4.1s
[DONE] evaluation__9410__denoise__confidence_boost__nes__l0.5 calls=1021 margin 1.41->6.32 t=2.9s
[DONE] evaluation__9410__denoise__boundary_probe__nes__l0.5 calls=1021 margin 1.41->0.00 t=2.9s
[DONE] evaluation__9410__denoise__counterfactual__nes__l0.5 calls=1021 margin 1.41->-5.42 t=2.9s
[DONE] evaluation__9410__deblur__attack__nes__l1 calls=1021 margin 7.30->-0.30 t=2.8s
[DONE] evaluation__9410__deblur__restore__nes__l1 calls=1021 margin 7.30->8.53 t=2.6s
[DONE] evaluation__9410__deblur__random_walk__random_walk__l1 calls=1024 margin 7.30->8.44 t=4.2s
[DONE] evaluation__9410__deblur__confidence_boost__nes__l1 calls=1021 margin 7.30->12.80 t=2.8s
[DONE] evaluation__9410__deblur__boundary_probe__nes__l1 calls=1021 margin 7.30->0.04 t=2.9s
[DONE] evaluation__9410__deblur__counterfactual__nes__l1 calls=1021 margin 7.30->0.24 t=2.9s
[DONE] evaluation__1978__denoise__attack__nes__l0.5 calls=1021 margin 13.10->7.40 t=2.7s
[DONE] evaluation__1978__denoise__restore__nes__l0.5 calls=1021 margin 13.10->13.35 t=2.8s
[DONE] evaluation__1978__denoise__random_walk__random_walk__l0.5 calls=1024 margin 13.10->12.18 t=4.1s
[DONE] evaluation__1978__denoise__confidence_boost__nes__l0.5 calls=1021 margin 13.10->14.27 t=2.7s
[DONE] evaluation__1978__denoise__boundary_probe__nes__l0.5 calls=1021 margin 13.10->7.94 t=2.8s
[DONE] evaluation__1978__denoise__counterfactual__nes__l0.5 calls=1021 margin 13.10->7.83 t=2.7s
[DONE] evaluation__1978__deblur__attack__nes__l1 calls=1021 margin 9.77->-1.09 t=3.0s
[DONE] evaluation__1978__deblur__restore__nes__l1 calls=1021 margin 9.77->10.32 t=2.8s
[DONE] evaluation__1978__deblur__random_walk__random_walk__l1 calls=1024 margin 9.77->11.84 t=4.3s
[DONE] evaluation__1978__deblur__confidence_boost__nes__l1 calls=1021 margin 9.77->14.92 t=2.8s
[DONE] evaluation__1978__deblur__boundary_probe__nes__l1 calls=1021 margin 9.77->0.02 t=3.0s
[DONE] evaluation__1978__deblur__counterfactual__nes__l1 calls=1021 margin 9.77->-1.55 t=2.9s
[DONE] evaluation__4746__denoise__attack__nes__l0.5 calls=1021 margin 11.29->6.16 t=3.0s
[DONE] evaluation__4746__denoise__restore__nes__l0.5 calls=1021 margin 11.29->11.50 t=2.9s
[DONE] evaluation__4746__denoise__random_walk__random_walk__l0.5 calls=1024 margin 11.29->10.14 t=4.2s
[DONE] evaluation__4746__denoise__confidence_boost__nes__l0.5 calls=1021 margin 11.29->14.36 t=2.7s
[DONE] evaluation__4746__denoise__boundary_probe__nes__l0.5 calls=1021 margin 11.29->5.71 t=2.7s
[DONE] evaluation__4746__denoise__counterfactual__nes__l0.5 calls=1021 margin 11.29->6.25 t=2.8s
[DONE] evaluation__4746__deblur__attack__nes__l1 calls=1021 margin 8.92->-2.49 t=2.7s
[DONE] evaluation__4746__deblur__restore__nes__l1 calls=1021 margin 8.92->10.10 t=2.9s
[DONE] evaluation__4746__deblur__random_walk__random_walk__l1 calls=1024 margin 8.92->9.27 t=4.3s
[DONE] evaluation__4746__deblur__confidence_boost__nes__l1 calls=1021 margin 8.92->14.58 t=2.8s
[DONE] evaluation__4746__deblur__boundary_probe__nes__l1 calls=1021 margin 8.92->0.02 t=2.8s
[DONE] evaluation__4746__deblur__counterfactual__nes__l1 calls=1021 margin 8.92->-3.88 t=2.8s
[DONE] evaluation__7777__denoise__attack__nes__l0.5 calls=1021 margin 13.14->6.11 t=2.7s
[DONE] evaluation__7777__denoise__restore__nes__l0.5 calls=1021 margin 13.14->13.15 t=3.0s
[DONE] evaluation__7777__denoise__random_walk__random_walk__l0.5 calls=1024 margin 13.14->12.78 t=4.4s
[DONE] evaluation__7777__denoise__confidence_boost__nes__l0.5 calls=1021 margin 13.14->14.24 t=2.9s
[DONE] evaluation__7777__denoise__boundary_probe__nes__l0.5 calls=1021 margin 13.14->6.95 t=2.8s
[DONE] evaluation__7777__denoise__counterfactual__nes__l0.5 calls=1021 margin 13.14->6.94 t=2.7s
[DONE] evaluation__7777__deblur__attack__nes__l1 calls=1021 margin 2.94->-6.13 t=2.8s
[DONE] evaluation__7777__deblur__restore__nes__l1 calls=1021 margin 2.94->2.92 t=2.8s
[DONE] evaluation__7777__deblur__random_walk__random_walk__l1 calls=1024 margin 2.94->6.42 t=4.3s
[DONE] evaluation__7777__deblur__confidence_boost__nes__l1 calls=1021 margin 2.94->11.45 t=2.8s
[DONE] evaluation__7777__deblur__boundary_probe__nes__l1 calls=1021 margin 2.94->0.04 t=3.0s
[DONE] evaluation__7777__deblur__counterfactual__nes__l1 calls=1021 margin 2.94->-6.65 t=2.7s
[DONE] evaluation__808__denoise__attack__nes__l0.5 calls=1021 margin 0.02->-5.84 t=3.0s
[DONE] evaluation__808__denoise__restore__nes__l0.5 calls=1021 margin 0.02->0.33 t=2.8s
[DONE] evaluation__808__denoise__random_walk__random_walk__l0.5 calls=1024 margin 0.02->0.80 t=4.2s
[DONE] evaluation__808__denoise__confidence_boost__nes__l0.5 calls=1021 margin 0.02->6.43 t=2.9s
[DONE] evaluation__808__denoise__boundary_probe__nes__l0.5 calls=1021 margin 0.02->0.02 t=2.8s
[DONE] evaluation__808__denoise__counterfactual__nes__l0.5 calls=1021 margin 0.02->-5.61 t=3.0s
[DONE] evaluation__808__deblur__attack__nes__l1 calls=1021 margin 9.61->2.32 t=2.9s
[DONE] evaluation__808__deblur__restore__nes__l1 calls=1021 margin 9.61->9.70 t=2.9s
[DONE] evaluation__808__deblur__random_walk__random_walk__l1 calls=1024 margin 9.61->8.53 t=4.3s
[DONE] evaluation__808__deblur__confidence_boost__nes__l1 calls=1021 margin 9.61->13.36 t=3.1s
[DONE] evaluation__808__deblur__boundary_probe__nes__l1 calls=1021 margin 9.61->4.08 t=2.9s
[DONE] evaluation__808__deblur__counterfactual__nes__l1 calls=1021 margin 9.61->3.72 t=2.7s
[DONE] evaluation__3975__denoise__attack__nes__l0.5 calls=1021 margin 3.19->-3.64 t=2.9s
[DONE] evaluation__3975__denoise__restore__nes__l0.5 calls=1021 margin 3.19->2.72 t=3.1s
[DONE] evaluation__3975__denoise__random_walk__random_walk__l0.5 calls=1024 margin 3.19->1.14 t=4.3s
[DONE] evaluation__3975__denoise__confidence_boost__nes__l0.5 calls=1021 margin 3.19->8.60 t=2.9s
[DONE] evaluation__3975__denoise__boundary_probe__nes__l0.5 calls=1021 margin 3.19->0.04 t=3.0s
[DONE] evaluation__3975__denoise__counterfactual__nes__l0.5 calls=1021 margin 3.19->-3.33 t=2.7s
[DONE] evaluation__3975__deblur__attack__nes__l1 calls=1021 margin 6.98->-2.71 t=2.5s
[DONE] evaluation__3975__deblur__restore__nes__l1 calls=1021 margin 6.98->6.74 t=2.6s
[DONE] evaluation__3975__deblur__random_walk__random_walk__l1 calls=1024 margin 6.98->4.31 t=4.2s
[DONE] evaluation__3975__deblur__confidence_boost__nes__l1 calls=1021 margin 6.98->13.72 t=2.7s
[DONE] evaluation__3975__deblur__boundary_probe__nes__l1 calls=1021 margin 6.98->0.04 t=2.9s
[DONE] evaluation__3975__deblur__counterfactual__nes__l1 calls=1021 margin 6.98->-1.60 t=2.9s
[DONE] evaluation__5675__denoise__attack__nes__l0.5 calls=1021 margin 3.75->-3.82 t=2.7s
[DONE] evaluation__5675__denoise__restore__nes__l0.5 calls=1021 margin 3.75->4.19 t=2.9s
[DONE] evaluation__5675__denoise__random_walk__random_walk__l0.5 calls=1024 margin 3.75->5.56 t=4.1s
[DONE] evaluation__5675__denoise__confidence_boost__nes__l0.5 calls=1021 margin 3.75->10.65 t=2.7s
[DONE] evaluation__5675__denoise__boundary_probe__nes__l0.5 calls=1021 margin 3.75->0.00 t=3.0s
[DONE] evaluation__5675__denoise__counterfactual__nes__l0.5 calls=1021 margin 3.75->-3.78 t=2.7s
[DONE] evaluation__5675__deblur__attack__nes__l1 calls=1021 margin 9.35->1.46 t=2.8s
[DONE] evaluation__5675__deblur__restore__nes__l1 calls=1021 margin 9.35->9.80 t=2.8s
[DONE] evaluation__5675__deblur__random_walk__random_walk__l1 calls=1024 margin 9.35->8.48 t=4.2s
[DONE] evaluation__5675__deblur__confidence_boost__nes__l1 calls=1021 margin 9.35->13.85 t=3.1s
[DONE] evaluation__5675__deblur__boundary_probe__nes__l1 calls=1021 margin 9.35->0.96 t=2.8s
[DONE] evaluation__5675__deblur__counterfactual__nes__l1 calls=1021 margin 9.35->1.39 t=3.0s
[DONE] evaluation__8560__denoise__attack__nes__l0.5 calls=1021 margin 4.47->-1.32 t=2.6s
[DONE] evaluation__8560__denoise__restore__nes__l0.5 calls=1021 margin 4.47->4.26 t=3.2s
[DONE] evaluation__8560__denoise__random_walk__random_walk__l0.5 calls=1024 margin 4.47->5.66 t=4.1s
[DONE] evaluation__8560__denoise__confidence_boost__nes__l0.5 calls=1021 margin 4.47->9.76 t=2.9s
[DONE] evaluation__8560__denoise__boundary_probe__nes__l0.5 calls=1021 margin 4.47->0.02 t=2.6s
[DONE] evaluation__8560__denoise__counterfactual__nes__l0.5 calls=1021 margin 4.47->-1.61 t=2.6s
[DONE] evaluation__8560__deblur__attack__nes__l1 calls=1021 margin 4.32->-6.65 t=2.8s
[DONE] evaluation__8560__deblur__restore__nes__l1 calls=1021 margin 4.32->4.27 t=2.8s
[DONE] evaluation__8560__deblur__random_walk__random_walk__l1 calls=1024 margin 4.32->2.50 t=4.1s
[DONE] evaluation__8560__deblur__confidence_boost__nes__l1 calls=1021 margin 4.32->11.23 t=2.9s
[DONE] evaluation__8560__deblur__boundary_probe__nes__l1 calls=1021 margin 4.32->0.04 t=2.7s
[DONE] evaluation__8560__deblur__counterfactual__nes__l1 calls=1021 margin 4.32->-5.73 t=2.8s
[DONE] evaluation__1897__denoise__attack__nes__l0.5 calls=1021 margin 0.49->-5.01 t=2.9s
[DONE] evaluation__1897__denoise__restore__nes__l0.5 calls=1021 margin 0.49->0.27 t=3.1s
[DONE] evaluation__1897__denoise__random_walk__random_walk__l0.5 calls=1024 margin 0.49->-0.67 t=4.2s
[DONE] evaluation__1897__denoise__confidence_boost__nes__l0.5 calls=1021 margin 0.49->5.41 t=3.1s
[DONE] evaluation__1897__denoise__boundary_probe__nes__l0.5 calls=1021 margin 0.49->0.01 t=3.1s
[DONE] evaluation__1897__denoise__counterfactual__nes__l0.5 calls=1021 margin 0.49->-4.72 t=2.8s
[DONE] evaluation__1897__deblur__attack__nes__l1 calls=1021 margin 5.49->-4.81 t=3.0s
[DONE] evaluation__1897__deblur__restore__nes__l1 calls=1021 margin 5.49->5.17 t=3.0s
[DONE] evaluation__1897__deblur__random_walk__random_walk__l1 calls=1024 margin 5.49->3.63 t=4.3s
[DONE] evaluation__1897__deblur__confidence_boost__nes__l1 calls=1021 margin 5.49->13.40 t=2.9s
[DONE] evaluation__1897__deblur__boundary_probe__nes__l1 calls=1021 margin 5.49->0.00 t=2.8s
[DONE] evaluation__1897__deblur__counterfactual__nes__l1 calls=1021 margin 5.49->-4.94 t=2.9s
[DONE] evaluation__4086__denoise__attack__nes__l0.5 calls=1021 margin 7.71->2.82 t=2.8s
[DONE] evaluation__4086__denoise__restore__nes__l0.5 calls=1021 margin 7.71->7.82 t=2.9s
[DONE] evaluation__4086__denoise__random_walk__random_walk__l0.5 calls=1024 margin 7.71->7.10 t=4.0s
[DONE] evaluation__4086__denoise__confidence_boost__nes__l0.5 calls=1021 margin 7.71->10.10 t=2.9s
[DONE] evaluation__4086__denoise__boundary_probe__nes__l0.5 calls=1021 margin 7.71->3.11 t=2.9s
[DONE] evaluation__4086__denoise__counterfactual__nes__l0.5 calls=1021 margin 7.71->3.29 t=2.9s
[DONE] evaluation__4086__deblur__attack__nes__l1 calls=1021 margin 6.30->-0.21 t=2.9s
[DONE] evaluation__4086__deblur__restore__nes__l1 calls=1021 margin 6.30->7.40 t=3.1s
[DONE] evaluation__4086__deblur__random_walk__random_walk__l1 calls=1024 margin 6.30->8.83 t=4.2s
[DONE] evaluation__4086__deblur__confidence_boost__nes__l1 calls=1021 margin 6.30->11.94 t=3.2s
[DONE] evaluation__4086__deblur__boundary_probe__nes__l1 calls=1021 margin 6.30->0.01 t=2.8s
[DONE] evaluation__4086__deblur__counterfactual__nes__l1 calls=1021 margin 6.30->-0.91 t=2.8s
[DONE] evaluation__7261__denoise__attack__nes__l0.5 calls=1021 margin 4.17->-2.19 t=2.9s
[DONE] evaluation__7261__denoise__restore__nes__l0.5 calls=1021 margin 4.17->4.32 t=3.2s
[DONE] evaluation__7261__denoise__random_walk__random_walk__l0.5 calls=1024 margin 4.17->3.38 t=4.2s
[DONE] evaluation__7261__denoise__confidence_boost__nes__l0.5 calls=1021 margin 4.17->7.61 t=3.0s
[DONE] evaluation__7261__denoise__boundary_probe__nes__l0.5 calls=1021 margin 4.17->0.01 t=2.9s
[DONE] evaluation__7261__denoise__counterfactual__nes__l0.5 calls=1021 margin 4.17->-0.52 t=2.7s
[DONE] evaluation__7261__deblur__attack__nes__l1 calls=1021 margin 1.39->-6.49 t=2.7s
[DONE] evaluation__7261__deblur__restore__nes__l1 calls=1021 margin 1.39->2.08 t=2.9s
[DONE] evaluation__7261__deblur__random_walk__random_walk__l1 calls=1024 margin 1.39->2.96 t=4.1s
[DONE] evaluation__7261__deblur__confidence_boost__nes__l1 calls=1021 margin 1.39->9.15 t=3.0s
[DONE] evaluation__7261__deblur__boundary_probe__nes__l1 calls=1021 margin 1.39->0.00 t=3.0s
[DONE] evaluation__7261__deblur__counterfactual__nes__l1 calls=1021 margin 1.39->-6.50 t=2.9s
[DONE] evaluation__2148__denoise__attack__nes__l0.5 calls=1021 margin 5.24->1.62 t=3.0s
[DONE] evaluation__2148__denoise__restore__nes__l0.5 calls=1021 margin 5.24->5.65 t=2.9s
[DONE] evaluation__2148__denoise__random_walk__random_walk__l0.5 calls=1024 margin 5.24->5.10 t=4.1s
[DONE] evaluation__2148__denoise__confidence_boost__nes__l0.5 calls=1021 margin 5.24->8.26 t=2.7s
[DONE] evaluation__2148__denoise__boundary_probe__nes__l0.5 calls=1021 margin 5.24->1.16 t=3.0s
[DONE] evaluation__2148__denoise__counterfactual__nes__l0.5 calls=1021 margin 5.24->1.13 t=3.1s
[DONE] evaluation__2148__deblur__attack__nes__l1 calls=1021 margin 7.67->0.95 t=2.9s
[DONE] evaluation__2148__deblur__restore__nes__l1 calls=1021 margin 7.67->7.63 t=2.9s
[DONE] evaluation__2148__deblur__random_walk__random_walk__l1 calls=1024 margin 7.67->8.10 t=4.1s
[DONE] evaluation__2148__deblur__confidence_boost__nes__l1 calls=1021 margin 7.67->10.79 t=2.7s
[DONE] evaluation__2148__deblur__boundary_probe__nes__l1 calls=1021 margin 7.67->0.03 t=2.8s
[DONE] evaluation__2148__deblur__counterfactual__nes__l1 calls=1021 margin 7.67->1.16 t=2.9s
[DONE] evaluation__6167__denoise__attack__nes__l0.5 calls=1021 margin 3.39->-4.61 t=3.0s
[DONE] evaluation__6167__denoise__restore__nes__l0.5 calls=1021 margin 3.39->3.49 t=2.8s
[DONE] evaluation__6167__denoise__random_walk__random_walk__l0.5 calls=1024 margin 3.39->2.75 t=3.9s
[DONE] evaluation__6167__denoise__confidence_boost__nes__l0.5 calls=1021 margin 3.39->8.89 t=2.6s
[DONE] evaluation__6167__denoise__boundary_probe__nes__l0.5 calls=1021 margin 3.39->0.00 t=2.9s
[DONE] evaluation__6167__denoise__counterfactual__nes__l0.5 calls=1021 margin 3.39->-3.27 t=2.9s
[DONE] evaluation__6167__deblur__attack__nes__l1 calls=1021 margin 1.47->-8.14 t=2.7s
[DONE] evaluation__6167__deblur__restore__nes__l1 calls=1021 margin 1.47->4.13 t=2.8s
[DONE] evaluation__6167__deblur__random_walk__random_walk__l1 calls=1024 margin 1.47->-2.48 t=4.1s
[DONE] evaluation__6167__deblur__confidence_boost__nes__l1 calls=1021 margin 1.47->10.37 t=2.8s
[DONE] evaluation__6167__deblur__boundary_probe__nes__l1 calls=1021 margin 1.47->0.00 t=3.0s
[DONE] evaluation__6167__deblur__counterfactual__nes__l1 calls=1021 margin 1.47->-8.13 t=3.2s
[DONE] evaluation__8652__denoise__attack__nes__l0.5 calls=1021 margin 0.70->-5.82 t=2.9s
[DONE] evaluation__8652__denoise__restore__nes__l0.5 calls=1021 margin 0.70->0.77 t=2.6s
[DONE] evaluation__8652__denoise__random_walk__random_walk__l0.5 calls=1024 margin 0.70->0.82 t=4.1s
[DONE] evaluation__8652__denoise__confidence_boost__nes__l0.5 calls=1021 margin 0.70->5.56 t=2.8s
[DONE] evaluation__8652__denoise__boundary_probe__nes__l0.5 calls=1021 margin 0.70->0.02 t=2.7s
[DONE] evaluation__8652__denoise__counterfactual__nes__l0.5 calls=1021 margin 0.70->-3.62 t=3.0s
[DONE] evaluation__8652__deblur__attack__nes__l1 calls=1021 margin 9.66->-1.29 t=2.9s
[DONE] evaluation__8652__deblur__restore__nes__l1 calls=1021 margin 9.66->9.49 t=3.1s
[DONE] evaluation__8652__deblur__random_walk__random_walk__l1 calls=1024 margin 9.66->5.84 t=4.1s
[DONE] evaluation__8652__deblur__confidence_boost__nes__l1 calls=1021 margin 9.66->13.23 t=2.7s
[DONE] evaluation__8652__deblur__boundary_probe__nes__l1 calls=1021 margin 9.66->0.00 t=2.7s
[DONE] evaluation__8652__deblur__counterfactual__nes__l1 calls=1021 margin 9.66->-1.39 t=2.8s
[DONE] fit__1851__denoise__attack__nes__l0.5 calls=1021 margin 3.02->-1.37 t=2.8s
[DONE] fit__1851__denoise__restore__nes__l0.5 calls=1021 margin 3.02->3.25 t=2.9s
[DONE] fit__1851__denoise__random_walk__random_walk__l0.5 calls=1024 margin 3.02->2.75 t=3.9s
[DONE] fit__1851__denoise__confidence_boost__nes__l0.5 calls=1021 margin 3.02->7.57 t=2.6s
[DONE] fit__1851__denoise__boundary_probe__nes__l0.5 calls=1021 margin 3.02->0.00 t=2.7s
[DONE] fit__1851__denoise__counterfactual__nes__l0.5 calls=1021 margin 3.02->-1.81 t=2.9s
[DONE] fit__1851__deblur__attack__nes__l1 calls=1021 margin 5.48->-0.13 t=3.0s
[DONE] fit__1851__deblur__restore__nes__l1 calls=1021 margin 5.48->6.43 t=2.9s
[DONE] fit__1851__deblur__random_walk__random_walk__l1 calls=1024 margin 5.48->6.48 t=4.1s
[DONE] fit__1851__deblur__confidence_boost__nes__l1 calls=1021 margin 5.48->10.75 t=2.9s
[DONE] fit__1851__deblur__boundary_probe__nes__l1 calls=1021 margin 5.48->0.32 t=3.0s
[DONE] fit__1851__deblur__counterfactual__nes__l1 calls=1021 margin 5.48->-0.58 t=2.7s
[DONE] fit__7533__denoise__attack__nes__l0.5 calls=1021 margin 3.67->-3.16 t=3.1s
[DONE] fit__7533__denoise__restore__nes__l0.5 calls=1021 margin 3.67->3.68 t=2.9s
[DONE] fit__7533__denoise__random_walk__random_walk__l0.5 calls=1024 margin 3.67->3.93 t=4.2s
[DONE] fit__7533__denoise__confidence_boost__nes__l0.5 calls=1021 margin 3.67->9.33 t=2.8s
[DONE] fit__7533__denoise__boundary_probe__nes__l0.5 calls=1021 margin 3.67->0.01 t=2.9s
[DONE] fit__7533__denoise__counterfactual__nes__l0.5 calls=1021 margin 3.67->-3.36 t=2.9s
[DONE] fit__7533__deblur__attack__nes__l1 calls=1021 margin 8.39->-3.00 t=3.0s
[DONE] fit__7533__deblur__restore__nes__l1 calls=1021 margin 8.39->8.38 t=3.2s
[DONE] fit__7533__deblur__random_walk__random_walk__l1 calls=1024 margin 8.39->2.77 t=4.1s
[DONE] fit__7533__deblur__confidence_boost__nes__l1 calls=1021 margin 8.39->14.11 t=2.8s
[DONE] fit__7533__deblur__boundary_probe__nes__l1 calls=1021 margin 8.39->0.03 t=2.7s
[DONE] fit__7533__deblur__counterfactual__nes__l1 calls=1021 margin 8.39->-3.21 t=2.8s
[DONE] fit__3647__denoise__attack__nes__l0.5 calls=1021 margin 7.44->3.09 t=2.8s
[DONE] fit__3647__denoise__restore__nes__l0.5 calls=1021 margin 7.44->7.39 t=2.8s
[DONE] fit__3647__denoise__random_walk__random_walk__l0.5 calls=1024 margin 7.44->6.78 t=4.1s
[DONE] fit__3647__denoise__confidence_boost__nes__l0.5 calls=1021 margin 7.44->9.95 t=2.7s
[DONE] fit__3647__denoise__boundary_probe__nes__l0.5 calls=1021 margin 7.44->2.72 t=2.6s
[DONE] fit__3647__denoise__counterfactual__nes__l0.5 calls=1021 margin 7.44->2.70 t=2.8s
[DONE] fit__3647__deblur__attack__nes__l1 calls=1021 margin 6.18->-0.56 t=3.0s
[DONE] fit__3647__deblur__restore__nes__l1 calls=1021 margin 6.18->6.49 t=3.0s
[DONE] fit__3647__deblur__random_walk__random_walk__l1 calls=1024 margin 6.18->6.03 t=4.0s
[DONE] fit__3647__deblur__confidence_boost__nes__l1 calls=1021 margin 6.18->10.72 t=2.9s
[DONE] fit__3647__deblur__boundary_probe__nes__l1 calls=1021 margin 6.18->0.02 t=3.0s
[DONE] fit__3647__deblur__counterfactual__nes__l1 calls=1021 margin 6.18->-0.69 t=2.9s
[DONE] fit__7903__denoise__attack__nes__l0.5 calls=1021 margin 2.90->-2.87 t=3.0s
[DONE] fit__7903__denoise__restore__nes__l0.5 calls=1021 margin 2.90->2.81 t=3.1s
[DONE] fit__7903__denoise__random_walk__random_walk__l0.5 calls=1024 margin 2.90->2.37 t=3.9s
[DONE] fit__7903__denoise__confidence_boost__nes__l0.5 calls=1021 margin 2.90->7.98 t=2.6s
[DONE] fit__7903__denoise__boundary_probe__nes__l0.5 calls=1021 margin 2.90->0.00 t=2.8s
[DONE] fit__7903__denoise__counterfactual__nes__l0.5 calls=1021 margin 2.90->-2.98 t=2.8s
[DONE] fit__7903__deblur__attack__nes__l1 calls=1021 margin 1.63->-9.93 t=2.9s
[DONE] fit__7903__deblur__restore__nes__l1 calls=1021 margin 1.63->2.21 t=2.9s
[DONE] fit__7903__deblur__random_walk__random_walk__l1 calls=1024 margin 1.63->-0.91 t=4.1s
[DONE] fit__7903__deblur__confidence_boost__nes__l1 calls=1021 margin 1.63->10.27 t=2.8s
[DONE] fit__7903__deblur__boundary_probe__nes__l1 calls=1021 margin 1.63->0.01 t=3.0s
[DONE] fit__7903__deblur__counterfactual__nes__l1 calls=1021 margin 1.63->-9.21 t=2.7s
[DONE] fit__5133__denoise__attack__nes__l0.5 calls=1021 margin 7.07->-1.07 t=2.8s
[DONE] fit__5133__denoise__restore__nes__l0.5 calls=1021 margin 7.07->6.31 t=2.9s
[DONE] fit__5133__denoise__random_walk__random_walk__l0.5 calls=1024 margin 7.07->7.50 t=4.1s
[DONE] fit__5133__denoise__confidence_boost__nes__l0.5 calls=1021 margin 7.07->11.74 t=2.7s
[DONE] fit__5133__denoise__boundary_probe__nes__l0.5 calls=1021 margin 7.07->0.03 t=2.8s
[DONE] fit__5133__denoise__counterfactual__nes__l0.5 calls=1021 margin 7.07->-1.38 t=2.7s
[DONE] fit__5133__deblur__attack__nes__l1 calls=1021 margin 11.14->-3.47 t=2.8s
[DONE] fit__5133__deblur__restore__nes__l1 calls=1021 margin 11.14->9.96 t=3.0s
[DONE] fit__5133__deblur__random_walk__random_walk__l1 calls=1024 margin 11.14->8.38 t=4.1s
[DONE] fit__5133__deblur__confidence_boost__nes__l1 calls=1021 margin 11.14->15.34 t=2.8s
[DONE] fit__5133__deblur__boundary_probe__nes__l1 calls=1021 margin 11.14->0.00 t=2.7s
[DONE] fit__5133__deblur__counterfactual__nes__l1 calls=1021 margin 11.14->-3.88 t=2.8s
[DONE] fit__2684__denoise__attack__nes__l0.5 calls=1021 margin 0.95->-2.36 t=2.7s
[DONE] fit__2684__denoise__restore__nes__l0.5 calls=1021 margin 0.95->1.19 t=2.8s
[DONE] fit__2684__denoise__random_walk__random_walk__l0.5 calls=1024 margin 0.95->-0.17 t=4.0s
[DONE] fit__2684__denoise__confidence_boost__nes__l0.5 calls=1021 margin 0.95->4.01 t=2.9s
[DONE] fit__2684__denoise__boundary_probe__nes__l0.5 calls=1021 margin 0.95->0.01 t=3.0s
[DONE] fit__2684__denoise__counterfactual__nes__l0.5 calls=1021 margin 0.95->-3.24 t=2.9s
[DONE] fit__2684__deblur__attack__nes__l1 calls=1021 margin 1.06->-5.02 t=2.8s
[DONE] fit__2684__deblur__restore__nes__l1 calls=1021 margin 1.06->0.04 t=2.8s
[DONE] fit__2684__deblur__random_walk__random_walk__l1 calls=1024 margin 1.06->0.89 t=4.4s
[DONE] fit__2684__deblur__confidence_boost__nes__l1 calls=1021 margin 1.06->6.08 t=2.9s
[DONE] fit__2684__deblur__boundary_probe__nes__l1 calls=1021 margin 1.06->0.01 t=2.8s
[DONE] fit__2684__deblur__counterfactual__nes__l1 calls=1021 margin 1.06->-4.74 t=2.7s
[DONE] fit__8204__denoise__attack__nes__l0.5 calls=1021 margin 2.56->-9.20 t=2.9s
[DONE] fit__8204__denoise__restore__nes__l0.5 calls=1021 margin 2.56->1.40 t=2.9s
[DONE] fit__8204__denoise__random_walk__random_walk__l0.5 calls=1024 margin 2.56->2.55 t=4.3s
[DONE] fit__8204__denoise__confidence_boost__nes__l0.5 calls=1021 margin 2.56->9.54 t=2.9s
[DONE] fit__8204__denoise__boundary_probe__nes__l0.5 calls=1021 margin 2.56->0.06 t=2.6s
[DONE] fit__8204__denoise__counterfactual__nes__l0.5 calls=1021 margin 2.56->-7.82 t=2.8s
[DONE] fit__8204__deblur__attack__nes__l1 calls=1021 margin 13.21->4.36 t=2.9s
[DONE] fit__8204__deblur__restore__nes__l1 calls=1021 margin 13.21->13.19 t=2.8s
[DONE] fit__8204__deblur__random_walk__random_walk__l1 calls=1024 margin 13.21->12.04 t=4.4s
[DONE] fit__8204__deblur__confidence_boost__nes__l1 calls=1021 margin 13.21->14.45 t=2.6s
[DONE] fit__8204__deblur__boundary_probe__nes__l1 calls=1021 margin 13.21->5.75 t=2.9s
[DONE] fit__8204__deblur__counterfactual__nes__l1 calls=1021 margin 13.21->4.52 t=2.7s
[DONE] fit__1842__denoise__attack__nes__l0.5 calls=1021 margin 7.32->-2.22 t=2.6s
[DONE] fit__1842__denoise__restore__nes__l0.5 calls=1021 margin 7.32->7.43 t=2.8s
[DONE] fit__1842__denoise__random_walk__random_walk__l0.5 calls=1024 margin 7.32->6.40 t=4.2s
[DONE] fit__1842__denoise__confidence_boost__nes__l0.5 calls=1021 margin 7.32->11.98 t=2.8s
[DONE] fit__1842__denoise__boundary_probe__nes__l0.5 calls=1021 margin 7.32->0.01 t=2.8s
[DONE] fit__1842__denoise__counterfactual__nes__l0.5 calls=1021 margin 7.32->-2.41 t=2.9s
[DONE] fit__1842__deblur__attack__nes__l1 calls=1021 margin 11.03->1.10 t=2.9s
[DONE] fit__1842__deblur__restore__nes__l1 calls=1021 margin 11.03->10.37 t=2.9s
[DONE] fit__1842__deblur__random_walk__random_walk__l1 calls=1024 margin 11.03->9.74 t=4.3s
[DONE] fit__1842__deblur__confidence_boost__nes__l1 calls=1021 margin 11.03->14.65 t=2.6s
[DONE] fit__1842__deblur__boundary_probe__nes__l1 calls=1021 margin 11.03->0.63 t=2.8s
[DONE] fit__1842__deblur__counterfactual__nes__l1 calls=1021 margin 11.03->1.15 t=2.7s
[DONE] fit__7325__denoise__attack__nes__l0.5 calls=1021 margin 6.45->-2.05 t=2.8s
[DONE] fit__7325__denoise__restore__nes__l0.5 calls=1021 margin 6.45->6.75 t=3.1s
[DONE] fit__7325__denoise__random_walk__random_walk__l0.5 calls=1024 margin 6.45->5.24 t=4.3s
[DONE] fit__7325__denoise__confidence_boost__nes__l0.5 calls=1021 margin 6.45->12.21 t=2.8s
[DONE] fit__7325__denoise__boundary_probe__nes__l0.5 calls=1021 margin 6.45->0.01 t=2.8s
[DONE] fit__7325__denoise__counterfactual__nes__l0.5 calls=1021 margin 6.45->-1.29 t=2.8s
[DONE] fit__7325__deblur__attack__nes__l1 calls=1021 margin 9.01->1.66 t=2.8s
[DONE] fit__7325__deblur__restore__nes__l1 calls=1021 margin 9.01->7.91 t=3.0s
[DONE] fit__7325__deblur__random_walk__random_walk__l1 calls=1024 margin 9.01->7.80 t=4.3s
[DONE] fit__7325__deblur__confidence_boost__nes__l1 calls=1021 margin 9.01->14.41 t=2.8s
[DONE] fit__7325__deblur__boundary_probe__nes__l1 calls=1021 margin 9.01->1.03 t=2.8s
[DONE] fit__7325__deblur__counterfactual__nes__l1 calls=1021 margin 9.01->1.50 t=2.7s
[DONE] fit__4641__denoise__attack__nes__l0.5 calls=1021 margin 2.59->-2.47 t=3.0s
[DONE] fit__4641__denoise__restore__nes__l0.5 calls=1021 margin 2.59->2.54 t=2.8s
[DONE] fit__4641__denoise__random_walk__random_walk__l0.5 calls=1024 margin 2.59->2.18 t=4.3s
[DONE] fit__4641__denoise__confidence_boost__nes__l0.5 calls=1021 margin 2.59->6.59 t=2.7s
[DONE] fit__4641__denoise__boundary_probe__nes__l0.5 calls=1021 margin 2.59->0.01 t=2.9s
[DONE] fit__4641__denoise__counterfactual__nes__l0.5 calls=1021 margin 2.59->-2.83 t=2.7s
[DONE] fit__4641__deblur__attack__nes__l1 calls=1021 margin 8.97->1.29 t=2.8s
[DONE] fit__4641__deblur__restore__nes__l1 calls=1021 margin 8.97->9.15 t=2.7s
[DONE] fit__4641__deblur__random_walk__random_walk__l1 calls=1024 margin 8.97->4.83 t=4.1s
[DONE] fit__4641__deblur__confidence_boost__nes__l1 calls=1021 margin 8.97->12.48 t=2.9s
[DONE] fit__4641__deblur__boundary_probe__nes__l1 calls=1021 margin 8.97->0.84 t=2.6s
[DONE] fit__4641__deblur__counterfactual__nes__l1 calls=1021 margin 8.97->0.32 t=2.7s
[DONE] fit__1436__denoise__attack__nes__l0.5 calls=1021 margin 13.07->9.37 t=2.8s
[DONE] fit__1436__denoise__restore__nes__l0.5 calls=1021 margin 13.07->13.30 t=3.0s
[DONE] fit__1436__denoise__random_walk__random_walk__l0.5 calls=1024 margin 13.07->12.96 t=4.3s
[DONE] fit__1436__denoise__confidence_boost__nes__l0.5 calls=1021 margin 13.07->14.01 t=2.8s
[DONE] fit__1436__denoise__boundary_probe__nes__l0.5 calls=1021 margin 13.07->8.89 t=2.9s
[DONE] fit__1436__denoise__counterfactual__nes__l0.5 calls=1021 margin 13.07->8.64 t=2.8s
[DONE] fit__1436__deblur__attack__nes__l1 calls=1021 margin 3.38->-4.50 t=2.9s
[DONE] fit__1436__deblur__restore__nes__l1 calls=1021 margin 3.38->4.53 t=2.8s
[DONE] fit__1436__deblur__random_walk__random_walk__l1 calls=1024 margin 3.38->8.51 t=4.1s
[DONE] fit__1436__deblur__confidence_boost__nes__l1 calls=1021 margin 3.38->10.83 t=2.6s
[DONE] fit__1436__deblur__boundary_probe__nes__l1 calls=1021 margin 3.38->0.01 t=2.8s
[DONE] fit__1436__deblur__counterfactual__nes__l1 calls=1021 margin 3.38->-4.30 t=2.7s
[DONE] fit__8691__denoise__attack__nes__l0.5 calls=1021 margin 9.34->2.75 t=3.1s
[DONE] fit__8691__denoise__restore__nes__l0.5 calls=1021 margin 9.34->9.32 t=3.1s
[DONE] fit__8691__denoise__random_walk__random_walk__l0.5 calls=1024 margin 9.34->8.66 t=4.2s
[DONE] fit__8691__denoise__confidence_boost__nes__l0.5 calls=1021 margin 9.34->13.00 t=2.9s
[DONE] fit__8691__denoise__boundary_probe__nes__l0.5 calls=1021 margin 9.34->1.71 t=2.8s
[DONE] fit__8691__denoise__counterfactual__nes__l0.5 calls=1021 margin 9.34->1.47 t=3.0s
[DONE] fit__8691__deblur__attack__nes__l1 calls=1021 margin 4.18->-5.08 t=2.7s
[DONE] fit__8691__deblur__restore__nes__l1 calls=1021 margin 4.18->4.28 t=2.7s
[DONE] fit__8691__deblur__random_walk__random_walk__l1 calls=1024 margin 4.18->8.49 t=4.2s
[DONE] fit__8691__deblur__confidence_boost__nes__l1 calls=1021 margin 4.18->12.87 t=3.0s
[DONE] fit__8691__deblur__boundary_probe__nes__l1 calls=1021 margin 4.18->0.02 t=2.8s
[DONE] fit__8691__deblur__counterfactual__nes__l1 calls=1021 margin 4.18->-6.02 t=2.9s
[DONE] fit__3116__denoise__attack__nes__l0.5 calls=1021 margin 3.05->-4.68 t=2.7s
[DONE] fit__3116__denoise__restore__nes__l0.5 calls=1021 margin 3.05->3.32 t=2.8s
[DONE] fit__3116__denoise__random_walk__random_walk__l0.5 calls=1024 margin 3.05->1.96 t=4.1s
[DONE] fit__3116__denoise__confidence_boost__nes__l0.5 calls=1021 margin 3.05->8.26 t=2.9s
[DONE] fit__3116__denoise__boundary_probe__nes__l0.5 calls=1021 margin 3.05->0.03 t=2.8s
[DONE] fit__3116__denoise__counterfactual__nes__l0.5 calls=1021 margin 3.05->-4.99 t=2.9s
[DONE] fit__3116__deblur__attack__nes__l1 calls=1021 margin 5.37->-2.84 t=2.9s
[DONE] fit__3116__deblur__restore__nes__l1 calls=1021 margin 5.37->5.89 t=2.8s
[DONE] fit__3116__deblur__random_walk__random_walk__l1 calls=1024 margin 5.37->3.99 t=4.2s
[DONE] fit__3116__deblur__confidence_boost__nes__l1 calls=1021 margin 5.37->10.71 t=2.8s
[DONE] fit__3116__deblur__boundary_probe__nes__l1 calls=1021 margin 5.37->0.01 t=2.9s
[DONE] fit__3116__deblur__counterfactual__nes__l1 calls=1021 margin 5.37->-0.44 t=2.8s
[DONE] fit__9372__denoise__attack__nes__l0.5 calls=1021 margin 4.51->-2.30 t=2.5s
[DONE] fit__9372__denoise__restore__nes__l0.5 calls=1021 margin 4.51->4.83 t=2.8s
[DONE] fit__9372__denoise__random_walk__random_walk__l0.5 calls=1024 margin 4.51->4.80 t=4.4s
[DONE] fit__9372__denoise__confidence_boost__nes__l0.5 calls=1021 margin 4.51->10.02 t=3.0s
[DONE] fit__9372__denoise__boundary_probe__nes__l0.5 calls=1021 margin 4.51->0.01 t=2.7s
[DONE] fit__9372__denoise__counterfactual__nes__l0.5 calls=1021 margin 4.51->-2.53 t=2.7s
[DONE] fit__9372__deblur__attack__nes__l1 calls=1021 margin 6.26->-1.35 t=2.8s
[DONE] fit__9372__deblur__restore__nes__l1 calls=1021 margin 6.26->6.80 t=2.9s
[DONE] fit__9372__deblur__random_walk__random_walk__l1 calls=1024 margin 6.26->3.51 t=4.4s
[DONE] fit__9372__deblur__confidence_boost__nes__l1 calls=1021 margin 6.26->11.88 t=2.7s
[DONE] fit__9372__deblur__boundary_probe__nes__l1 calls=1021 margin 6.26->0.05 t=2.8s
[DONE] fit__9372__deblur__counterfactual__nes__l1 calls=1021 margin 6.26->-0.89 t=2.8s
[DONE] fit__3686__denoise__attack__nes__l0.5 calls=1021 margin 2.56->-2.46 t=2.8s
[DONE] fit__3686__denoise__restore__nes__l0.5 calls=1021 margin 2.56->2.48 t=2.8s
[DONE] fit__3686__denoise__random_walk__random_walk__l0.5 calls=1024 margin 2.56->1.64 t=4.2s
[DONE] fit__3686__denoise__confidence_boost__nes__l0.5 calls=1021 margin 2.56->6.88 t=2.9s
[DONE] fit__3686__denoise__boundary_probe__nes__l0.5 calls=1021 margin 2.56->0.03 t=2.9s
[DONE] fit__3686__denoise__counterfactual__nes__l0.5 calls=1021 margin 2.56->-2.88 t=2.6s
[DONE] fit__3686__deblur__attack__nes__l1 calls=1021 margin 8.67->-2.86 t=2.7s
[DONE] fit__3686__deblur__restore__nes__l1 calls=1021 margin 8.67->8.66 t=2.7s
[DONE] fit__3686__deblur__random_walk__random_walk__l1 calls=1024 margin 8.67->6.64 t=4.2s
[DONE] fit__3686__deblur__confidence_boost__nes__l1 calls=1021 margin 8.67->14.52 t=2.7s
[DONE] fit__3686__deblur__boundary_probe__nes__l1 calls=1021 margin 8.67->0.01 t=3.0s
[DONE] fit__3686__deblur__counterfactual__nes__l1 calls=1021 margin 8.67->-1.73 t=2.9s
[DONE] fit__2143__denoise__attack__nes__l0.5 calls=1021 margin 1.83->-4.99 t=2.9s
[DONE] fit__2143__denoise__restore__nes__l0.5 calls=1021 margin 1.83->1.64 t=2.7s
[DONE] fit__2143__denoise__random_walk__random_walk__l0.5 calls=1024 margin 1.83->0.35 t=4.1s
[DONE] fit__2143__denoise__confidence_boost__nes__l0.5 calls=1021 margin 1.83->6.79 t=2.8s
[DONE] fit__2143__denoise__boundary_probe__nes__l0.5 calls=1021 margin 1.83->0.01 t=3.0s
[DONE] fit__2143__denoise__counterfactual__nes__l0.5 calls=1021 margin 1.83->-4.83 t=2.8s
[DONE] fit__2143__deblur__attack__nes__l1 calls=1021 margin 4.69->-1.37 t=2.8s
[DONE] fit__2143__deblur__restore__nes__l1 calls=1021 margin 4.69->5.17 t=3.0s
[DONE] fit__2143__deblur__random_walk__random_walk__l1 calls=1024 margin 4.69->5.56 t=3.9s
[DONE] fit__2143__deblur__confidence_boost__nes__l1 calls=1021 margin 4.69->10.56 t=2.5s
[DONE] fit__2143__deblur__boundary_probe__nes__l1 calls=1021 margin 4.69->0.03 t=2.6s
[DONE] fit__2143__deblur__counterfactual__nes__l1 calls=1021 margin 4.69->-2.71 t=2.8s
[DONE] fit__7297__denoise__attack__nes__l0.5 calls=1021 margin 4.29->-4.85 t=2.6s
[DONE] fit__7297__denoise__restore__nes__l0.5 calls=1021 margin 4.29->4.20 t=2.6s
[DONE] fit__7297__denoise__random_walk__random_walk__l0.5 calls=1024 margin 4.29->2.02 t=3.5s
[DONE] fit__7297__denoise__confidence_boost__nes__l0.5 calls=1021 margin 4.29->9.30 t=2.4s
[DONE] fit__7297__denoise__boundary_probe__nes__l0.5 calls=1021 margin 4.29->0.00 t=2.3s
[DONE] fit__7297__denoise__counterfactual__nes__l0.5 calls=1021 margin 4.29->-4.79 t=2.2s
[DONE] fit__7297__deblur__attack__nes__l1 calls=1021 margin 7.21->2.10 t=2.2s
[DONE] fit__7297__deblur__restore__nes__l1 calls=1021 margin 7.21->8.02 t=2.3s
[DONE] fit__7297__deblur__random_walk__random_walk__l1 calls=1024 margin 7.21->7.02 t=3.1s
[DONE] fit__7297__deblur__confidence_boost__nes__l1 calls=1021 margin 7.21->11.05 t=2.3s
[DONE] fit__7297__deblur__boundary_probe__nes__l1 calls=1021 margin 7.21->0.96 t=2.3s
[DONE] fit__7297__deblur__counterfactual__nes__l1 calls=1021 margin 7.21->1.58 t=2.3s
