[DONE] calibration__1819__denoise__attack__nes__l0.5 calls=1021 margin 5.33->0.41 t=4.0s
[DONE] calibration__1819__denoise__restore__nes__l0.5 calls=1021 margin 5.33->5.56 t=3.7s
[DONE] calibration__1819__denoise__random_walk__random_walk__l0.5 calls=1024 margin 5.33->4.33 t=5.2s
[DONE] calibration__1819__denoise__confidence_boost__nes__l0.5 calls=1021 margin 5.33->8.80 t=3.6s
[DONE] calibration__1819__denoise__boundary_probe__nes__l0.5 calls=1021 margin 5.33->0.59 t=3.5s
[DONE] calibration__1819__denoise__counterfactual__nes__l0.5 calls=1021 margin 5.33->0.74 t=3.5s
[DONE] calibration__1819__deblur__attack__nes__l1 calls=1021 margin 6.72->2.49 t=3.7s
[DONE] calibration__1819__deblur__restore__nes__l1 calls=1021 margin 6.72->7.63 t=3.6s
[DONE] calibration__1819__deblur__random_walk__random_walk__l1 calls=1024 margin 6.72->7.87 t=5.0s
[DONE] calibration__1819__deblur__confidence_boost__nes__l1 calls=1021 margin 6.72->12.06 t=3.6s
[DONE] calibration__1819__deblur__boundary_probe__nes__l1 calls=1021 margin 6.72->1.84 t=3.6s
[DONE] calibration__1819__deblur__counterfactual__nes__l1 calls=1021 margin 6.72->2.12 t=3.8s
[DONE] calibration__8769__denoise__attack__nes__l0.5 calls=1021 margin 3.93->-1.79 t=3.7s
[DONE] calibration__8769__denoise__restore__nes__l0.5 calls=1021 margin 3.93->3.62 t=3.8s
[DONE] calibration__8769__denoise__random_walk__random_walk__l0.5 calls=1024 margin 3.93->3.23 t=5.2s
[DONE] calibration__8769__denoise__confidence_boost__nes__l0.5 calls=1021 margin 3.93->9.23 t=3.7s
[DONE] calibration__8769__denoise__boundary_probe__nes__l0.5 calls=1021 margin 3.93->0.05 t=3.7s
[DONE] calibration__8769__denoise__counterfactual__nes__l0.5 calls=1021 margin 3.93->-1.89 t=3.7s
[DONE] calibration__8769__deblur__attack__nes__l1 calls=1021 margin 9.08->-7.71 t=3.7s
[DONE] calibration__8769__deblur__restore__nes__l1 calls=1021 margin 9.08->8.58 t=3.6s
[DONE] calibration__8769__deblur__random_walk__random_walk__l1 calls=1024 margin 9.08->6.09 t=5.2s
[DONE] calibration__8769__deblur__confidence_boost__nes__l1 calls=1021 margin 9.08->13.30 t=3.9s
[DONE] calibration__8769__deblur__boundary_probe__nes__l1 calls=1021 margin 9.08->0.05 t=3.7s
[DONE] calibration__8769__deblur__counterfactual__nes__l1 calls=1021 margin 9.08->-7.20 t=3.8s
[DONE] calibration__3029__denoise__attack__nes__l0.5 calls=1021 margin 5.15->-1.37 t=3.7s
[DONE] calibration__3029__denoise__restore__nes__l0.5 calls=1021 margin 5.15->5.43 t=3.8s
[DONE] calibration__3029__denoise__random_walk__random_walk__l0.5 calls=1024 margin 5.15->5.25 t=5.2s
[DONE] calibration__3029__denoise__confidence_boost__nes__l0.5 calls=1021 margin 5.15->9.94 t=3.9s
[DONE] calibration__3029__denoise__boundary_probe__nes__l0.5 calls=1021 margin 5.15->0.00 t=3.7s
[DONE] calibration__3029__denoise__counterfactual__nes__l0.5 calls=1021 margin 5.15->-1.51 t=3.8s
[DONE] calibration__3029__deblur__attack__nes__l1 calls=1021 margin 7.33->-0.43 t=3.8s
[DONE] calibration__3029__deblur__restore__nes__l1 calls=1021 margin 7.33->6.78 t=3.9s
[DONE] calibration__3029__deblur__random_walk__random_walk__l1 calls=1024 margin 7.33->4.97 t=5.5s
[DONE] calibration__3029__deblur__confidence_boost__nes__l1 calls=1021 margin 7.33->11.25 t=3.9s
[DONE] calibration__3029__deblur__boundary_probe__nes__l1 calls=1021 margin 7.33->0.30 t=3.7s
[DONE] calibration__3029__deblur__counterfactual__nes__l1 calls=1021 margin 7.33->0.18 t=4.5s
[DONE] calibration__1451__denoise__attack__nes__l0.5 calls=1021 margin 5.48->-0.74 t=4.3s
[DONE] calibration__1451__denoise__restore__nes__l0.5 calls=1021 margin 5.48->5.30 t=3.8s
[DONE] calibration__1451__denoise__random_walk__random_walk__l0.5 calls=1024 margin 5.48->4.90 t=5.3s
[DONE] calibration__1451__denoise__confidence_boost__nes__l0.5 calls=1021 margin 5.48->8.99 t=3.8s
[DONE] calibration__1451__denoise__boundary_probe__nes__l0.5 calls=1021 margin 5.48->0.02 t=3.8s
[DONE] calibration__1451__denoise__counterfactual__nes__l0.5 calls=1021 margin 5.48->-1.03 t=3.8s
[DONE] calibration__1451__deblur__attack__nes__l1 calls=1021 margin 6.48->-1.74 t=3.8s
[DONE] calibration__1451__deblur__restore__nes__l1 calls=1021 margin 6.48->7.32 t=4.0s
[DONE] calibration__1451__deblur__random_walk__random_walk__l1 calls=1024 margin 6.48->6.63 t=5.3s
[DONE] calibration__1451__deblur__confidence_boost__nes__l1 calls=1021 margin 6.48->10.54 t=3.7s
[DONE] calibration__1451__deblur__boundary_probe__nes__l1 calls=1021 margin 6.48->0.01 t=3.6s
[DONE] calibration__1451__deblur__counterfactual__nes__l1 calls=1021 margin 6.48->-0.39 t=3.8s
[DONE] calibration__6679__denoise__attack__nes__l0.5 calls=1021 margin 5.68->-2.48 t=3.9s
[DONE] calibration__6679__denoise__restore__nes__l0.5 calls=1021 margin 5.68->6.00 t=3.7s
[DONE] calibration__6679__denoise__random_walk__random_walk__l0.5 calls=1024 margin 5.68->4.09 t=5.3s
[DONE] calibration__6679__denoise__confidence_boost__nes__l0.5 calls=1021 margin 5.68->10.62 t=3.8s
[DONE] calibration__6679__denoise__boundary_probe__nes__l0.5 calls=1021 margin 5.68->0.04 t=3.9s
[DONE] calibration__6679__denoise__counterfactual__nes__l0.5 calls=1021 margin 5.68->-3.13 t=3.9s
[DONE] calibration__6679__deblur__attack__nes__l1 calls=1021 margin 6.84->-4.99 t=3.7s
[DONE] calibration__6679__deblur__restore__nes__l1 calls=1021 margin 6.84->7.48 t=3.9s
[DONE] calibration__6679__deblur__random_walk__random_walk__l1 calls=1024 margin 6.84->7.24 t=5.3s
[DONE] calibration__6679__deblur__confidence_boost__nes__l1 calls=1021 margin 6.84->12.95 t=3.9s
[DONE] calibration__6679__deblur__boundary_probe__nes__l1 calls=1021 margin 6.84->0.00 t=3.7s
[DONE] calibration__6679__deblur__counterfactual__nes__l1 calls=1021 margin 6.84->-4.74 t=3.8s
[DONE] calibration__4407__denoise__attack__nes__l0.5 calls=1021 margin 0.83->-5.47 t=3.8s
[DONE] calibration__4407__denoise__restore__nes__l0.5 calls=1021 margin 0.83->1.17 t=3.9s
[DONE] calibration__4407__denoise__random_walk__random_walk__l0.5 calls=1024 margin 0.83->-0.46 t=5.2s
[DONE] calibration__4407__denoise__confidence_boost__nes__l0.5 calls=1021 margin 0.83->6.71 t=3.7s
[DONE] calibration__4407__denoise__boundary_probe__nes__l0.5 calls=1021 margin 0.83->0.00 t=3.8s
[DONE] calibration__4407__denoise__counterfactual__nes__l0.5 calls=1021 margin 0.83->-4.82 t=3.9s
[DONE] calibration__4407__deblur__attack__nes__l1 calls=1021 margin 9.35->0.80 t=3.6s
[DONE] calibration__4407__deblur__restore__nes__l1 calls=1021 margin 9.35->9.83 t=4.0s
[DONE] calibration__4407__deblur__random_walk__random_walk__l1 calls=1024 margin 9.35->10.42 t=5.2s
[DONE] calibration__4407__deblur__confidence_boost__nes__l1 calls=1021 margin 9.35->13.82 t=3.9s
[DONE] calibration__4407__deblur__boundary_probe__nes__l1 calls=1021 margin 9.35->0.48 t=3.6s
[DONE] calibration__4407__deblur__counterfactual__nes__l1 calls=1021 margin 9.35->1.47 t=3.8s
[DONE] calibration__9089__denoise__attack__nes__l0.5 calls=1021 margin 0.04->-6.89 t=3.9s
[DONE] calibration__9089__denoise__restore__nes__l0.5 calls=1021 margin 0.04->1.03 t=3.9s
[DONE] calibration__9089__denoise__random_walk__random_walk__l0.5 calls=1024 margin 0.04->-0.45 t=5.3s
[DONE] calibration__9089__denoise__confidence_boost__nes__l0.5 calls=1021 margin 0.04->6.03 t=3.8s
[DONE] calibration__9089__denoise__boundary_probe__nes__l0.5 calls=1021 margin 0.04->0.00 t=3.9s
[DONE] calibration__9089__denoise__counterfactual__nes__l0.5 calls=1021 margin 0.04->-6.67 t=4.0s
[DONE] calibration__9089__deblur__attack__nes__l1 calls=1021 margin 11.12->5.94 t=3.7s
[DONE] calibration__9089__deblur__restore__nes__l1 calls=1021 margin 11.12->11.92 t=3.8s
[DONE] calibration__9089__deblur__random_walk__random_walk__l1 calls=1024 margin 11.12->9.82 t=5.2s
[DONE] calibration__9089__deblur__confidence_boost__nes__l1 calls=1021 margin 11.12->14.28 t=3.5s
[DONE] calibration__9089__deblur__boundary_probe__nes__l1 calls=1021 margin 11.12->6.69 t=3.8s
[DONE] calibration__9089__deblur__counterfactual__nes__l1 calls=1021 margin 11.12->6.86 t=3.7s
[DONE] calibration__4757__denoise__attack__nes__l0.5 calls=1021 margin 10.19->-0.77 t=3.7s
[DONE] calibration__4757__denoise__restore__nes__l0.5 calls=1021 margin 10.19->10.43 t=3.9s
[DONE] calibration__4757__denoise__random_walk__random_walk__l0.5 calls=1024 margin 10.19->9.28 t=5.3s
[DONE] calibration__4757__denoise__confidence_boost__nes__l0.5 calls=1021 margin 10.19->14.17 t=3.9s
[DONE] calibration__4757__denoise__boundary_probe__nes__l0.5 calls=1021 margin 10.19->0.11 t=3.9s
[DONE] calibration__4757__denoise__counterfactual__nes__l0.5 calls=1021 margin 10.19->-0.89 t=4.0s
[DONE] calibration__4757__deblur__attack__nes__l1 calls=1021 margin 7.19->-1.58 t=3.9s
[DONE] calibration__4757__deblur__restore__nes__l1 calls=1021 margin 7.19->8.45 t=3.9s
[DONE] calibration__4757__deblur__random_walk__random_walk__l1 calls=1024 margin 7.19->9.80 t=5.4s
[DONE] calibration__4757__deblur__confidence_boost__nes__l1 calls=1021 margin 7.19->13.56 t=3.9s
[DONE] calibration__4757__deblur__boundary_probe__nes__l1 calls=1021 margin 7.19->0.03 t=3.9s
[DONE] calibration__4757__deblur__counterfactual__nes__l1 calls=1021 margin 7.19->-1.07 t=3.9s
[DONE] calibration__834__denoise__attack__nes__l0.5 calls=1021 margin 5.33->0.46 t=3.9s
[DONE] calibration__834__denoise__restore__nes__l0.5 calls=1021 margin 5.33->5.48 t=4.0s
[DONE] calibration__834__denoise__random_walk__random_walk__l0.5 calls=1024 margin 5.33->6.08 t=5.4s
[DONE] calibration__834__denoise__confidence_boost__nes__l0.5 calls=1021 margin 5.33->8.58 t=4.0s
[DONE] calibration__834__denoise__boundary_probe__nes__l0.5 calls=1021 margin 5.33->0.07 t=4.0s
[DONE] calibration__834__denoise__counterfactual__nes__l0.5 calls=1021 margin 5.33->0.32 t=3.9s
[DONE] calibration__834__deblur__attack__nes__l1 calls=1021 margin 4.43->-2.95 t=3.9s
[DONE] calibration__834__deblur__restore__nes__l1 calls=1021 margin 4.43->5.61 t=4.1s
[DONE] calibration__834__deblur__random_walk__random_walk__l1 calls=1024 margin 4.43->4.59 t=5.4s
[DONE] calibration__834__deblur__confidence_boost__nes__l1 calls=1021 margin 4.43->9.10 t=4.0s
[DONE] calibration__834__deblur__boundary_probe__nes__l1 calls=1021 margin 4.43->0.01 t=3.9s
[DONE] calibration__834__deblur__counterfactual__nes__l1 calls=1021 margin 4.43->-2.46 t=3.9s
[DONE] calibration__8147__denoise__attack__nes__l0.5 calls=1021 margin 4.34->-0.97 t=4.1s
[DONE] calibration__8147__denoise__restore__nes__l0.5 calls=1021 margin 4.34->4.33 t=4.1s
[DONE] calibration__8147__denoise__random_walk__random_walk__l0.5 calls=1024 margin 4.34->5.30 t=5.5s
[DONE] calibration__8147__denoise__confidence_boost__nes__l0.5 calls=1021 margin 4.34->8.33 t=3.8s
[DONE] calibration__8147__denoise__boundary_probe__nes__l0.5 calls=1021 margin 4.34->0.02 t=3.8s
[DONE] calibration__8147__denoise__counterfactual__nes__l0.5 calls=1021 margin 4.34->-0.80 t=3.7s
[DONE] calibration__8147__deblur__attack__nes__l1 calls=1021 margin 6.25->1.97 t=3.8s
[DONE] calibration__8147__deblur__restore__nes__l1 calls=1021 margin 6.25->6.77 t=3.9s
[DONE] calibration__8147__deblur__random_walk__random_walk__l1 calls=1024 margin 6.25->5.86 t=5.5s
[DONE] calibration__8147__deblur__confidence_boost__nes__l1 calls=1021 margin 6.25->11.29 t=4.0s
[DONE] calibration__8147__deblur__boundary_probe__nes__l1 calls=1021 margin 6.25->1.11 t=3.8s
[DONE] calibration__8147__deblur__counterfactual__nes__l1 calls=1021 margin 6.25->1.25 t=3.8s
[DONE] calibration__3936__denoise__attack__nes__l0.5 calls=1021 margin 12.77->8.30 t=3.8s
[DONE] calibration__3936__denoise__restore__nes__l0.5 calls=1021 margin 12.77->12.38 t=4.1s
[DONE] calibration__3936__denoise__random_walk__random_walk__l0.5 calls=1024 margin 12.77->12.84 t=5.4s
[DONE] calibration__3936__denoise__confidence_boost__nes__l0.5 calls=1021 margin 12.77->14.51 t=3.9s
[DONE] calibration__3936__denoise__boundary_probe__nes__l0.5 calls=1021 margin 12.77->7.93 t=3.9s
[DONE] calibration__3936__denoise__counterfactual__nes__l0.5 calls=1021 margin 12.77->8.17 t=3.9s
[DONE] calibration__3936__deblur__attack__nes__l1 calls=1021 margin 7.42->-4.78 t=4.1s
[DONE] calibration__3936__deblur__restore__nes__l1 calls=1021 margin 7.42->8.58 t=4.0s
[DONE] calibration__3936__deblur__random_walk__random_walk__l1 calls=1024 margin 7.42->8.74 t=5.5s
[DONE] calibration__3936__deblur__confidence_boost__nes__l1 calls=1021 margin 7.42->14.67 t=3.8s
[DONE] calibration__3936__deblur__boundary_probe__nes__l1 calls=1021 margin 7.42->0.07 t=3.9s
[DONE] calibration__3936__deblur__counterfactual__nes__l1 calls=1021 margin 7.42->-3.89 t=3.9s
[DONE] calibration__9556__denoise__attack__nes__l0.5 calls=1021 margin 8.47->4.83 t=3.8s
[DONE] calibration__9556__denoise__restore__nes__l0.5 calls=1021 margin 8.47->8.19 t=4.2s
[DONE] calibration__9556__denoise__random_walk__random_walk__l0.5 calls=1024 margin 8.47->7.50 t=5.5s
[DONE] calibration__9556__denoise__confidence_boost__nes__l0.5 calls=1021 margin 8.47->10.97 t=4.0s
[DONE] calibration__9556__denoise__boundary_probe__nes__l0.5 calls=1021 margin 8.47->3.95 t=4.0s
[DONE] calibration__9556__denoise__counterfactual__nes__l0.5 calls=1021 margin 8.47->4.48 t=3.8s
[DONE] calibration__9556__deblur__attack__nes__l1 calls=1021 margin 6.09->-3.37 t=3.8s
[DONE] calibration__9556__deblur__restore__nes__l1 calls=1021 margin 6.09->6.19 t=4.0s
[DONE] calibration__9556__deblur__random_walk__random_walk__l1 calls=1024 margin 6.09->5.75 t=5.5s
[DONE] calibration__9556__deblur__confidence_boost__nes__l1 calls=1021 margin 6.09->11.89 t=4.1s
[DONE] calibration__9556__deblur__boundary_probe__nes__l1 calls=1021 margin 6.09->0.00 t=3.9s
[DONE] calibration__9556__deblur__counterfactual__nes__l1 calls=1021 margin 6.09->-3.97 t=4.2s
[DONE] calibration__3330__denoise__attack__nes__l0.5 calls=1021 margin 2.30->-4.41 t=3.8s
[DONE] calibration__3330__denoise__restore__nes__l0.5 calls=1021 margin 2.30->2.34 t=4.0s
[DONE] calibration__3330__denoise__random_walk__random_walk__l0.5 calls=1024 margin 2.30->2.32 t=5.4s
[DONE] calibration__3330__denoise__confidence_boost__nes__l0.5 calls=1021 margin 2.30->7.37 t=4.0s
[DONE] calibration__3330__denoise__boundary_probe__nes__l0.5 calls=1021 margin 2.30->0.01 t=4.1s
[DONE] calibration__3330__denoise__counterfactual__nes__l0.5 calls=1021 margin 2.30->-4.65 t=4.0s
[DONE] calibration__3330__deblur__attack__nes__l1 calls=1021 margin 4.86->-4.02 t=4.0s
[DONE] calibration__3330__deblur__restore__nes__l1 calls=1021 margin 4.86->3.79 t=4.0s
[DONE] calibration__3330__deblur__random_walk__random_walk__l1 calls=1024 margin 4.86->3.84 t=5.6s
[DONE] calibration__3330__deblur__confidence_boost__nes__l1 calls=1021 margin 4.86->10.05 t=4.0s
[DONE] calibration__3330__deblur__boundary_probe__nes__l1 calls=1021 margin 4.86->0.00 t=3.9s
[DONE] calibration__3330__deblur__counterfactual__nes__l1 calls=1021 margin 4.86->-3.26 t=4.0s
[DONE] calibration__880__denoise__attack__nes__l0.5 calls=1021 margin 4.90->-2.12 t=3.9s
[DONE] calibration__880__denoise__restore__nes__l0.5 calls=1021 margin 4.90->4.75 t=4.0s
[DONE] calibration__880__denoise__random_walk__random_walk__l0.5 calls=1024 margin 4.90->3.25 t=5.5s
[DONE] calibration__880__denoise__confidence_boost__nes__l0.5 calls=1021 margin 4.90->9.58 t=3.7s
[DONE] calibration__880__denoise__boundary_probe__nes__l0.5 calls=1021 margin 4.90->0.01 t=3.8s
[DONE] calibration__880__denoise__counterfactual__nes__l0.5 calls=1021 margin 4.90->-2.09 t=3.9s
[DONE] calibration__880__deblur__attack__nes__l1 calls=1021 margin 12.84->8.34 t=3.7s
[DONE] calibration__880__deblur__restore__nes__l1 calls=1021 margin 12.84->13.93 t=3.9s
[DONE] calibration__880__deblur__random_walk__random_walk__l1 calls=1024 margin 12.84->12.07 t=5.5s
[DONE] calibration__880__deblur__confidence_boost__nes__l1 calls=1021 margin 12.84->14.82 t=4.0s
[DONE] calibration__880__deblur__boundary_probe__nes__l1 calls=1021 margin 12.84->7.97 t=3.7s
[DONE] calibration__880__deblur__counterfactual__nes__l1 calls=1021 margin 12.84->8.03 t=3.8s
[DONE] calibration__6155__denoise__attack__nes__l0.5 calls=1021 margin 1.30->-5.28 t=3.8s
[DONE] calibration__6155__denoise__restore__nes__l0.5 calls=1021 margin 1.30->2.02 t=3.8s
[DONE] calibration__6155__denoise__random_walk__random_walk__l0.5 calls=1024 margin 1.30->0.78 t=5.5s
[DONE] calibration__6155__denoise__confidence_boost__nes__l0.5 calls=1021 margin 1.30->6.99 t=4.0s
[DONE] calibration__6155__denoise__boundary_probe__nes__l0.5 calls=1021 margin 1.30->0.01 t=3.9s
[DONE] calibration__6155__denoise__counterfactual__nes__l0.5 calls=1021 margin 1.30->-5.53 t=3.9s
[DONE] calibration__6155__deblur__attack__nes__l1 calls=1021 margin 7.58->-3.18 t=3.9s
[DONE] calibration__6155__deblur__restore__nes__l1 calls=1021 margin 7.58->8.67 t=4.1s
[DONE] calibration__6155__deblur__random_walk__random_walk__l1 calls=1024 margin 7.58->9.14 t=5.4s
[DONE] calibration__6155__deblur__confidence_boost__nes__l1 calls=1021 margin 7.58->14.50 t=4.1s
[DONE] calibration__6155__deblur__boundary_probe__nes__l1 calls=1021 margin 7.58->0.02 t=4.0s
[DONE] calibration__6155__deblur__counterfactual__nes__l1 calls=1021 margin 7.58->-3.83 t=3.9s
[DONE] calibration__5400__denoise__attack__nes__l0.5 calls=1021 margin 7.90->3.17 t=3.9s
[DONE] calibration__5400__denoise__restore__nes__l0.5 calls=1021 margin 7.90->8.01 t=3.9s
[DONE] calibration__5400__denoise__random_walk__random_walk__l0.5 calls=1024 margin 7.90->7.84 t=5.4s
[DONE] calibration__5400__denoise__confidence_boost__nes__l0.5 calls=1021 margin 7.90->9.87 t=4.1s
[DONE] calibration__5400__denoise__boundary_probe__nes__l0.5 calls=1021 margin 7.90->3.51 t=4.0s
[DONE] calibration__5400__denoise__counterfactual__nes__l0.5 calls=1021 margin 7.90->3.42 t=3.9s
[DONE] calibration__5400__deblur__attack__nes__l1 calls=1021 margin 8.91->2.17 t=3.9s
[DONE] calibration__5400__deblur__restore__nes__l1 calls=1021 margin 8.91->9.17 t=4.0s
[DONE] calibration__5400__deblur__random_walk__random_walk__l1 calls=1024 margin 8.91->8.47 t=5.4s
[DONE] calibration__5400__deblur__confidence_boost__nes__l1 calls=1021 margin 8.91->12.14 t=4.1s
[DONE] calibration__5400__deblur__boundary_probe__nes__l1 calls=1021 margin 8.91->1.55 t=4.2s
[DONE] calibration__5400__deblur__counterfactual__nes__l1 calls=1021 margin 8.91->2.82 t=3.9s
[DONE] calibration__9312__denoise__attack__nes__l0.5 calls=1021 margin 4.11->-3.35 t=4.1s
[DONE] calibration__9312__denoise__restore__nes__l0.5 calls=1021 margin 4.11->4.27 t=4.2s
[DONE] calibration__9312__denoise__random_walk__random_walk__l0.5 calls=1024 margin 4.11->4.36 t=5.5s
[DONE] calibration__9312__denoise__confidence_boost__nes__l0.5 calls=1021 margin 4.11->8.93 t=4.0s
[DONE] calibration__9312__denoise__boundary_probe__nes__l0.5 calls=1021 margin 4.11->0.02 t=4.1s
[DONE] calibration__9312__denoise__counterfactual__nes__l0.5 calls=1021 margin 4.11->-3.59 t=3.9s
[DONE] calibration__9312__deblur__attack__nes__l1 calls=1021 margin 11.37->3.02 t=4.2s
[DONE] calibration__9312__deblur__restore__nes__l1 calls=1021 margin 11.37->10.96 t=3.9s
[DONE] calibration__9312__deblur__random_walk__random_walk__l1 calls=1024 margin 11.37->8.91 t=5.4s
[DONE] calibration__9312__deblur__confidence_boost__nes__l1 calls=1021 margin 11.37->13.80 t=3.9s
[DONE] calibration__9312__deblur__boundary_probe__nes__l1 calls=1021 margin 11.37->2.94 t=4.0s
[DONE] calibration__9312__deblur__counterfactual__nes__l1 calls=1021 margin 11.37->3.52 t=3.7s
[DONE] evaluation__3782__denoise__attack__nes__l0.5 calls=1021 margin 6.14->-0.71 t=4.0s
[DONE] evaluation__3782__denoise__restore__nes__l0.5 calls=1021 margin 6.14->6.17 t=3.9s
[DONE] evaluation__3782__denoise__random_walk__random_walk__l0.5 calls=1024 margin 6.14->5.44 t=5.5s
[DONE] evaluation__3782__denoise__confidence_boost__nes__l0.5 calls=1021 margin 6.14->10.34 t=4.1s
[DONE] evaluation__3782__denoise__boundary_probe__nes__l0.5 calls=1021 margin 6.14->1.44 t=4.1s
[DONE] evaluation__3782__denoise__counterfactual__nes__l0.5 calls=1021 margin 6.14->1.08 t=4.3s
[DONE] evaluation__3782__deblur__attack__nes__l1 calls=1021 margin 6.93->0.53 t=4.0s
[DONE] evaluation__3782__deblur__restore__nes__l1 calls=1021 margin 6.93->7.32 t=3.9s
[DONE] evaluation__3782__deblur__random_walk__random_walk__l1 calls=1024 margin 6.93->6.78 t=5.5s
[DONE] evaluation__3782__deblur__confidence_boost__nes__l1 calls=1021 margin 6.93->11.13 t=4.1s
[DONE] evaluation__3782__deblur__boundary_probe__nes__l1 calls=1021 margin 6.93->0.04 t=4.0s
[DONE] evaluation__3782__deblur__counterfactual__nes__l1 calls=1021 margin 6.93->0.36 t=4.0s
[DONE] evaluation__7115__denoise__attack__nes__l0.5 calls=1021 margin 2.25->-2.24 t=4.0s
[DONE] evaluation__7115__denoise__restore__nes__l0.5 calls=1021 margin 2.25->2.24 t=3.8s
[DONE] evaluation__7115__denoise__random_walk__random_walk__l0.5 calls=1024 margin 2.25->2.42 t=5.6s
[DONE] evaluation__7115__denoise__confidence_boost__nes__l0.5 calls=1021 margin 2.25->7.04 t=4.0s
[DONE] evaluation__7115__denoise__boundary_probe__nes__l0.5 calls=1021 margin 2.25->0.01 t=3.9s
[DONE] evaluation__7115__denoise__counterfactual__nes__l0.5 calls=1021 margin 2.25->-2.79 t=3.8s
[DONE] evaluation__7115__deblur__attack__nes__l1 calls=1021 margin 5.47->-1.40 t=4.0s
[DONE] evaluation__7115__deblur__restore__nes__l1 calls=1021 margin 5.47->7.00 t=4.3s
[DONE] evaluation__7115__deblur__random_walk__random_walk__l1 calls=1024 margin 5.47->8.11 t=5.7s
[DONE] evaluation__7115__deblur__confidence_boost__nes__l1 calls=1021 margin 5.47->11.18 t=3.9s
[DONE] evaluation__7115__deblur__boundary_probe__nes__l1 calls=1021 margin 5.47->0.01 t=3.9s
[DONE] evaluation__7115__deblur__counterfactual__nes__l1 calls=1021 margin 5.47->-1.42 t=4.0s
[DONE] evaluation__9046__denoise__attack__nes__l0.5 calls=1021 margin 2.30->-5.08 t=4.0s
[DONE] evaluation__9046__denoise__restore__nes__l0.5 calls=1021 margin 2.30->1.83 t=3.9s
[DONE] evaluation__9046__denoise__random_walk__random_walk__l0.5 calls=1024 margin 2.30->1.88 t=5.3s
[DONE] evaluation__9046__denoise__confidence_boost__nes__l0.5 calls=1021 margin 2.30->7.74 t=3.9s
[DONE] evaluation__9046__denoise__boundary_probe__nes__l0.5 calls=1021 margin 2.30->0.00 t=3.8s
[DONE] evaluation__9046__denoise__counterfactual__nes__l0.5 calls=1021 margin 2.30->-4.75 t=3.9s
[DONE] evaluation__9046__deblur__attack__nes__l1 calls=1021 margin 11.21->5.56 t=4.2s
[DONE] evaluation__9046__deblur__restore__nes__l1 calls=1021 margin 11.21->11.50 t=4.0s
[DONE] evaluation__9046__deblur__random_walk__random_walk__l1 calls=1024 margin 11.21->11.02 t=5.3s
[DONE] evaluation__9046__deblur__confidence_boost__nes__l1 calls=1021 margin 11.21->13.69 t=4.0s
[DONE] evaluation__9046__deblur__boundary_probe__nes__l1 calls=1021 margin 11.21->4.79 t=3.8s
[DONE] evaluation__9046__deblur__counterfactual__nes__l1 calls=1021 margin 11.21->4.95 t=3.8s
[DONE] evaluation__604__denoise__attack__nes__l0.5 calls=1021 margin 6.83->0.64 t=3.8s
[DONE] evaluation__604__denoise__restore__nes__l0.5 calls=1021 margin 6.83->6.90 t=4.0s
[DONE] evaluation__604__denoise__random_walk__random_walk__l0.5 calls=1024 margin 6.83->6.53 t=5.4s
[DONE] evaluation__604__denoise__confidence_boost__nes__l0.5 calls=1021 margin 6.83->10.88 t=3.8s
[DONE] evaluation__604__denoise__boundary_probe__nes__l0.5 calls=1021 margin 6.83->0.00 t=3.9s
[DONE] evaluation__604__denoise__counterfactual__nes__l0.5 calls=1021 margin 6.83->0.52 t=4.0s
[DONE] evaluation__604__deblur__attack__nes__l1 calls=1021 margin 11.28->7.11 t=3.7s
[DONE] evaluation__604__deblur__restore__nes__l1 calls=1021 margin 11.28->11.20 t=4.0s
[DONE] evaluation__604__deblur__random_walk__random_walk__l1 calls=1024 margin 11.28->11.77 t=5.5s
[DONE] evaluation__604__deblur__confidence_boost__nes__l1 calls=1021 margin 11.28->13.82 t=4.0s
[DONE] evaluation__604__deblur__boundary_probe__nes__l1 calls=1021 margin 11.28->6.32 t=4.1s
[DONE] evaluation__604__deblur__counterfactual__nes__l1 calls=1021 margin 11.28->6.44 t=3.9s
[DONE] evaluation__5051__denoise__attack__nes__l0.5 calls=1021 margin 2.70->-3.49 t=3.9s
[DONE] evaluation__5051__denoise__restore__nes__l0.5 calls=1021 margin 2.70->2.59 t=3.9s
[DONE] evaluation__5051__denoise__random_walk__random_walk__l0.5 calls=1024 margin 2.70->1.42 t=5.5s
[DONE] evaluation__5051__denoise__confidence_boost__nes__l0.5 calls=1021 margin 2.70->6.72 t=4.1s
[DONE] evaluation__5051__denoise__boundary_probe__nes__l0.5 calls=1021 margin 2.70->0.01 t=3.8s
[DONE] evaluation__5051__denoise__counterfactual__nes__l0.5 calls=1021 margin 2.70->-3.16 t=3.9s
[DONE] evaluation__5051__deblur__attack__nes__l1 calls=1021 margin 8.45->-3.04 t=4.0s
[DONE] evaluation__5051__deblur__restore__nes__l1 calls=1021 margin 8.45->7.58 t=3.9s
[DONE] evaluation__5051__deblur__random_walk__random_walk__l1 calls=1024 margin 8.45->5.05 t=5.5s
[DONE] evaluation__5051__deblur__confidence_boost__nes__l1 calls=1021 margin 8.45->12.29 t=3.9s
[DONE] evaluation__5051__deblur__boundary_probe__nes__l1 calls=1021 margin 8.45->0.03 t=4.0s
[DONE] evaluation__5051__deblur__counterfactual__nes__l1 calls=1021 margin 8.45->-2.20 t=4.1s
[DONE] evaluation__7535__denoise__attack__nes__l0.5 calls=1021 margin 2.48->-3.96 t=3.9s
[DONE] evaluation__7535__denoise__restore__nes__l0.5 calls=1021 margin 2.48->2.49 t=3.8s
[DONE] evaluation__7535__denoise__random_walk__random_walk__l0.5 calls=1024 margin 2.48->1.65 t=5.4s
[DONE] evaluation__7535__denoise__confidence_boost__nes__l0.5 calls=1021 margin 2.48->7.40 t=4.0s
[DONE] evaluation__7535__denoise__boundary_probe__nes__l0.5 calls=1021 margin 2.48->0.01 t=3.9s
[DONE] evaluation__7535__denoise__counterfactual__nes__l0.5 calls=1021 margin 2.48->-3.79 t=4.0s
[DONE] evaluation__7535__deblur__attack__nes__l1 calls=1021 margin 10.22->2.10 t=3.9s
[DONE] evaluation__7535__deblur__restore__nes__l1 calls=1021 margin 10.22->9.77 t=3.9s
[DONE] evaluation__7535__deblur__random_walk__random_walk__l1 calls=1024 margin 10.22->7.07 t=5.6s
[DONE] evaluation__7535__deblur__confidence_boost__nes__l1 calls=1021 margin 10.22->12.98 t=4.0s
[DONE] evaluation__7535__deblur__boundary_probe__nes__l1 calls=1021 margin 10.22->2.48 t=4.3s
[DONE] evaluation__7535__deblur__counterfactual__nes__l1 calls=1021 margin 10.22->1.90 t=4.1s
[DONE] evaluation__1196__denoise__attack__nes__l0.5 calls=1021 margin 4.55->-3.12 t=4.1s
[DONE] evaluation__1196__denoise__restore__nes__l0.5 calls=1021 margin 4.55->5.18 t=3.9s
[DONE] evaluation__1196__denoise__random_walk__random_walk__l0.5 calls=1024 margin 4.55->3.11 t=5.4s
[DONE] evaluation__1196__denoise__confidence_boost__nes__l0.5 calls=1021 margin 4.55->9.98 t=4.0s
[DONE] evaluation__1196__denoise__boundary_probe__nes__l0.5 calls=1021 margin 4.55->0.05 t=4.0s
[DONE] evaluation__1196__denoise__counterfactual__nes__l0.5 calls=1021 margin 4.55->-2.71 t=4.1s
[DONE] evaluation__1196__deblur__attack__nes__l1 calls=1021 margin 12.88->3.42 t=4.0s
[DONE] evaluation__1196__deblur__restore__nes__l1 calls=1021 margin 12.88->11.74 t=4.1s
[DONE] evaluation__1196__deblur__random_walk__random_walk__l1 calls=1024 margin 12.88->10.40 t=5.4s
[DONE] evaluation__1196__deblur__confidence_boost__nes__l1 calls=1021 margin 12.88->14.73 t=4.2s
[DONE] evaluation__1196__deblur__boundary_probe__nes__l1 calls=1021 margin 12.88->3.00 t=4.3s
[DONE] evaluation__1196__deblur__counterfactual__nes__l1 calls=1021 margin 12.88->3.54 t=4.4s
[DONE] evaluation__3573__denoise__attack__nes__l0.5 calls=1021 margin 8.55->2.40 t=4.1s
[DONE] evaluation__3573__denoise__restore__nes__l0.5 calls=1021 margin 8.55->8.48 t=4.0s
[DONE] evaluation__3573__denoise__random_walk__random_walk__l0.5 calls=1024 margin 8.55->7.64 t=5.5s
[DONE] evaluation__3573__denoise__confidence_boost__nes__l0.5 calls=1021 margin 8.55->12.05 t=3.9s
[DONE] evaluation__3573__denoise__boundary_probe__nes__l0.5 calls=1021 margin 8.55->2.77 t=4.0s
[DONE] evaluation__3573__denoise__counterfactual__nes__l0.5 calls=1021 margin 8.55->2.43 t=3.3s
[DONE] evaluation__3573__deblur__attack__nes__l1 calls=1021 margin 9.61->-4.83 t=3.1s
[DONE] evaluation__3573__deblur__restore__nes__l1 calls=1021 margin 9.61->9.58 t=3.0s
[DONE] evaluation__3573__deblur__random_walk__random_walk__l1 calls=1024 margin 9.61->10.31 t=4.5s
[DONE] evaluation__3573__deblur__confidence_boost__nes__l1 calls=1021 margin 9.61->13.96 t=3.0s
[DONE] evaluation__3573__deblur__boundary_probe__nes__l1 calls=1021 margin 9.61->0.00 t=3.0s
[DONE] evaluation__3573__deblur__counterfactual__nes__l1 calls=1021 margin 9.61->-5.39 t=2.8s
[DONE] evaluation__7206__denoise__attack__nes__l0.5 calls=1021 margin 3.37->-4.06 t=2.6s
[DONE] evaluation__7206__denoise__restore__nes__l0.5 calls=1021 margin 3.37->3.00 t=2.8s
[DONE] evaluation__7206__denoise__random_walk__random_walk__l0.5 calls=1024 margin 3.37->3.21 t=4.5s
[DONE] evaluation__7206__denoise__confidence_boost__nes__l0.5 calls=1021 margin 3.37->10.54 t=2.8s
[DONE] evaluation__7206__denoise__boundary_probe__nes__l0.5 calls=1021 margin 3.37->0.01 t=2.7s
[DONE] evaluation__7206__denoise__counterfactual__nes__l0.5 calls=1021 margin 3.37->-4.02 t=2.8s
[DONE] evaluation__7206__deblur__attack__nes__l1 calls=1021 margin 5.60->-9.31 t=2.8s
[DONE] evaluation__7206__deblur__restore__nes__l1 calls=1021 margin 5.60->5.32 t=2.8s
[DONE] evaluation__7206__deblur__random_walk__random_walk__l1 calls=1024 margin 5.60->3.66 t=4.4s
[DONE] evaluation__7206__deblur__confidence_boost__nes__l1 calls=1021 margin 5.60->14.21 t=2.8s
[DONE] evaluation__7206__deblur__boundary_probe__nes__l1 calls=1021 margin 5.60->0.06 t=2.8s
[DONE] evaluation__7206__deblur__counterfactual__nes__l1 calls=1021 margin 5.60->-8.74 t=2.8s
[DONE] evaluation__9805__denoise__attack__nes__l0.5 calls=1021 margin 0.76->-4.57 t=3.0s
[DONE] evaluation__9805__denoise__restore__nes__l0.5 calls=1021 margin 0.76->0.87 t=3.0s
[DONE] evaluation__9805__denoise__random_walk__random_walk__l0.5 calls=1024 margin 0.76->0.56 t=4.5s
[DONE] evaluation__9805__denoise__confidence_boost__nes__l0.5 calls=1021 margin 0.76->5.74 t=3.1s
[DONE] evaluation__9805__denoise__boundary_probe__nes__l0.5 calls=1021 margin 0.76->0.01 t=3.0s
[DONE] evaluation__9805__denoise__counterfactual__nes__l0.5 calls=1021 margin 0.76->-4.90 t=2.8s
[DONE] evaluation__9805__deblur__attack__nes__l1 calls=1021 margin 3.05->-5.82 t=2.6s
[DONE] evaluation__9805__deblur__restore__nes__l1 calls=1021 margin 3.05->2.31 t=2.9s
[DONE] evaluation__9805__deblur__random_walk__random_walk__l1 calls=1024 margin 3.05->4.36 t=4.2s
[DONE] evaluation__9805__deblur__confidence_boost__nes__l1 calls=1021 margin 3.05->6.53 t=2.8s
[DONE] evaluation__9805__deblur__boundary_probe__nes__l1 calls=1021 margin 3.05->0.04 t=2.7s
[DONE] evaluation__9805__deblur__counterfactual__nes__l1 calls=1021 margin 3.05->-5.32 t=3.0s
[DONE] evaluation__3479__denoise__attack__nes__l0.5 calls=1021 margin 1.63->-5.78 t=3.0s
[DONE] evaluation__3479__denoise__restore__nes__l0.5 calls=1021 margin 1.63->1.89 t=3.0s
[DONE] evaluation__3479__denoise__random_walk__random_walk__l0.5 calls=1024 margin 1.63->2.65 t=4.2s
[DONE] evaluation__3479__denoise__confidence_boost__nes__l0.5 calls=1021 margin 1.63->8.45 t=2.9s
[DONE] evaluation__3479__denoise__boundary_probe__nes__l0.5 calls=1021 margin 1.63->0.00 t=3.0s
[DONE] evaluation__3479__denoise__counterfactual__nes__l0.5 calls=1021 margin 1.63->-5.74 t=3.0s
[DONE] evaluation__3479__deblur__attack__nes__l1 calls=1021 margin 1.72->-6.32 t=2.9s
[DONE] evaluation__3479__deblur__restore__nes__l1 calls=1021 margin 1.72->2.13 t=2.8s
[DONE] evaluation__3479__deblur__random_walk__random_walk__l1 calls=1024 margin 1.72->4.39 t=4.7s
[DONE] evaluation__3479__deblur__confidence_boost__nes__l1 calls=1021 margin 1.72->8.63 t=2.9s
[DONE] evaluation__3479__deblur__boundary_probe__nes__l1 calls=1021 margin 1.72->0.01 t=3.0s
[DONE] evaluation__3479__deblur__counterfactual__nes__l1 calls=1021 margin 1.72->-6.68 t=2.6s
[DONE] evaluation__6079__denoise__attack__nes__l0.5 calls=1021 margin 3.97->-2.22 t=2.9s
[DONE] evaluation__6079__denoise__restore__nes__l0.5 calls=1021 margin 3.97->4.11 t=3.1s
[DONE] evaluation__6079__denoise__random_walk__random_walk__l0.5 calls=1024 margin 3.97->3.09 t=4.6s
[DONE] evaluation__6079__denoise__confidence_boost__nes__l0.5 calls=1021 margin 3.97->9.53 t=2.9s
[DONE] evaluation__6079__denoise__boundary_probe__nes__l0.5 calls=1021 margin 3.97->0.04 t=3.0s
[DONE] evaluation__6079__denoise__counterfactual__nes__l0.5 calls=1021 margin 3.97->-2.57 t=3.0s
[DONE] evaluation__6079__deblur__attack__nes__l1 calls=1021 margin 5.83->0.91 t=3.0s
[DONE] evaluation__6079__deblur__restore__nes__l1 calls=1021 margin 5.83->5.91 t=3.0s
[DONE] evaluation__6079__deblur__random_walk__random_walk__l1 calls=1024 margin 5.83->6.73 t=4.2s
[DONE] evaluation__6079__deblur__confidence_boost__nes__l1 calls=1021 margin 5.83->10.41 t=2.9s
[DONE] evaluation__6079__deblur__boundary_probe__nes__l1 calls=1021 margin 5.83->0.54 t=2.8s
[DONE] evaluation__6079__deblur__counterfactual__nes__l1 calls=1021 margin 5.83->0.58 t=3.1s
[DONE] evaluation__8196__denoise__attack__nes__l0.5 calls=1021 margin 3.23->-2.60 t=2.7s
[DONE] evaluation__8196__denoise__restore__nes__l0.5 calls=1021 margin 3.23->3.17 t=2.9s
[DONE] evaluation__8196__denoise__random_walk__random_walk__l0.5 calls=1024 margin 3.23->3.09 t=4.3s
[DONE] evaluation__8196__denoise__confidence_boost__nes__l0.5 calls=1021 margin 3.23->7.83 t=2.7s
[DONE] evaluation__8196__denoise__boundary_probe__nes__l0.5 calls=1021 margin 3.23->0.06 t=2.8s
[DONE] evaluation__8196__denoise__counterfactual__nes__l0.5 calls=1021 margin 3.23->-3.47 t=2.5s
[DONE] evaluation__8196__deblur__attack__nes__l1 calls=1021 margin 7.35->-1.62 t=2.6s
[DONE] evaluation__8196__deblur__restore__nes__l1 calls=1021 margin 7.35->6.56 t=2.7s
[DONE] evaluation__8196__deblur__random_walk__random_walk__l1 calls=1024 margin 7.35->3.46 t=4.2s
[DONE] evaluation__8196__deblur__confidence_boost__nes__l1 calls=1021 margin 7.35->10.60 t=2.9s
[DONE] evaluation__8196__deblur__boundary_probe__nes__l1 calls=1021 margin 7.35->0.05 t=2.8s
[DONE] evaluation__8196__deblur__counterfactual__nes__l1 calls=1021 margin 7.35->0.38 t=2.8s
[DONE] evaluation__3256__denoise__attack__nes__l0.5 calls=1021 margin 7.50->-5.72 t=2.8s
[DONE] evaluation__3256__denoise__restore__nes__l0.5 calls=1021 margin 7.50->6.72 t=2.8s
[DONE] evaluation__3256__denoise__random_walk__random_walk__l0.5 calls=1024 margin 7.50->5.77 t=4.4s
[DONE] evaluation__3256__denoise__confidence_boost__nes__l0.5 calls=1021 margin 7.50->12.56 t=2.9s
[DONE] evaluation__3256__denoise__boundary_probe__nes__l0.5 calls=1021 margin 7.50->0.00 t=3.1s
[DONE] evaluation__3256__denoise__counterfactual__nes__l0.5 calls=1021 margin 7.50->-4.75 t=2.8s
[DONE] evaluation__3256__deblur__attack__nes__l1 calls=1021 margin 11.06->0.08 t=2.8s
[DONE] evaluation__3256__deblur__restore__nes__l1 calls=1021 margin 11.06->10.86 t=2.8s
[DONE] evaluation__3256__deblur__random_walk__random_walk__l1 calls=1024 margin 11.06->9.56 t=4.3s
[DONE] evaluation__3256__deblur__confidence_boost__nes__l1 calls=1021 margin 11.06->14.62 t=2.6s
[DONE] evaluation__3256__deblur__boundary_probe__nes__l1 calls=1021 margin 11.06->0.01 t=3.0s
[DONE] evaluation__3256__deblur__counterfactual__nes__l1 calls=1021 margin 11.06->0.81 t=2.9s
[DONE] evaluation__4047__denoise__attack__nes__l0.5 calls=1021 margin 3.86->-5.85 t=3.0s
[DONE] evaluation__4047__denoise__restore__nes__l0.5 calls=1021 margin 3.86->4.75 t=2.9s
[DONE] evaluation__4047__denoise__random_walk__random_walk__l0.5 calls=1024 margin 3.86->4.72 t=4.5s
[DONE] evaluation__4047__denoise__confidence_boost__nes__l0.5 calls=1021 margin 3.86->10.04 t=2.8s
[DONE] evaluation__4047__denoise__boundary_probe__nes__l0.5 calls=1021 margin 3.86->0.00 t=2.7s
[DONE] evaluation__4047__denoise__counterfactual__nes__l0.5 calls=1021 margin 3.86->-5.41 t=2.9s
[DONE] evaluation__4047__deblur__attack__nes__l1 calls=1021 margin 5.77->-7.99 t=2.9s
[DONE] evaluation__4047__deblur__restore__nes__l1 calls=1021 margin 5.77->6.29 t=3.0s
[DONE] evaluation__4047__deblur__random_walk__random_walk__l1 calls=1024 margin 5.77->6.00 t=4.4s
[DONE] evaluation__4047__deblur__confidence_boost__nes__l1 calls=1021 margin 5.77->14.58 t=2.7s
[DONE] evaluation__4047__deblur__boundary_probe__nes__l1 calls=1021 margin 5.77->0.07 t=2.8s
[DONE] evaluation__4047__deblur__counterfactual__nes__l1 calls=1021 margin 5.77->-6.57 t=3.0s
[DONE] evaluation__8354__denoise__attack__nes__l0.5 calls=1021 margin 1.72->-4.76 t=2.9s
[DONE] evaluation__8354__denoise__restore__nes__l0.5 calls=1021 margin 1.72->2.09 t=2.9s
[DONE] evaluation__8354__denoise__random_walk__random_walk__l0.5 calls=1024 margin 1.72->1.37 t=4.2s
[DONE] evaluation__8354__denoise__confidence_boost__nes__l0.5 calls=1021 margin 1.72->7.97 t=2.7s
[DONE] evaluation__8354__denoise__boundary_probe__nes__l0.5 calls=1021 margin 1.72->0.03 t=2.7s
[DONE] evaluation__8354__denoise__counterfactual__nes__l0.5 calls=1021 margin 1.72->-5.59 t=2.8s
[DONE] evaluation__8354__deblur__attack__nes__l1 calls=1021 margin 4.42->-3.12 t=2.5s
[DONE] evaluation__8354__deblur__restore__nes__l1 calls=1021 margin 4.42->4.51 t=3.0s
[DONE] evaluation__8354__deblur__random_walk__random_walk__l1 calls=1024 margin 4.42->1.97 t=4.8s
[DONE] evaluation__8354__deblur__confidence_boost__nes__l1 calls=1021 margin 4.42->10.22 t=2.8s
[DONE] evaluation__8354__deblur__boundary_probe__nes__l1 calls=1021 margin 4.42->0.01 t=3.0s
[DONE] evaluation__8354__deblur__counterfactual__nes__l1 calls=1021 margin 4.42->-4.94 t=2.7s
[DONE] evaluation__1599__denoise__attack__nes__l0.5 calls=1021 margin 1.71->-5.37 t=2.7s
[DONE] evaluation__1599__denoise__restore__nes__l0.5 calls=1021 margin 1.71->2.28 t=3.1s
[DONE] evaluation__1599__denoise__random_walk__random_walk__l0.5 calls=1024 margin 1.71->1.23 t=4.3s
[DONE] evaluation__1599__denoise__confidence_boost__nes__l0.5 calls=1021 margin 1.71->8.08 t=2.9s
[DONE] evaluation__1599__denoise__boundary_probe__nes__l0.5 calls=1021 margin 1.71->0.02 t=2.8s
[DONE] evaluation__1599__denoise__counterfactual__nes__l0.5 calls=1021 margin 1.71->-4.92 t=2.8s
[DONE] evaluation__1599__deblur__attack__nes__l1 calls=1021 margin 14.85->14.85 t=2.9s
[DONE] evaluation__1599__deblur__restore__nes__l1 calls=1021 margin 14.85->14.23 t=2.9s
[DONE] evaluation__1599__deblur__random_walk__random_walk__l1 calls=1024 margin 14.85->13.61 t=4.5s
[DONE] evaluation__1599__deblur__confidence_boost__nes__l1 calls=1021 margin 14.85->14.97 t=2.8s
[DONE] evaluation__1599__deblur__boundary_probe__nes__l1 calls=1021 margin 14.85->9.76 t=2.8s
[DONE] evaluation__1599__deblur__counterfactual__nes__l1 calls=1021 margin 14.85->9.06 t=2.9s
[DONE] evaluation__4246__denoise__attack__nes__l0.5 calls=1021 margin 3.86->-0.83 t=2.8s
[DONE] evaluation__4246__denoise__restore__nes__l0.5 calls=1021 margin 3.86->4.34 t=2.9s
[DONE] evaluation__4246__denoise__random_walk__random_walk__l0.5 calls=1024 margin 3.86->4.23 t=4.4s
[DONE] evaluation__4246__denoise__confidence_boost__nes__l0.5 calls=1021 margin 3.86->7.37 t=3.0s
[DONE] evaluation__4246__denoise__boundary_probe__nes__l0.5 calls=1021 margin 3.86->0.01 t=2.9s
[DONE] evaluation__4246__denoise__counterfactual__nes__l0.5 calls=1021 margin 3.86->-1.55 t=3.0s
[DONE] evaluation__4246__deblur__attack__nes__l1 calls=1021 margin 9.50->4.12 t=2.8s
[DONE] evaluation__4246__deblur__restore__nes__l1 calls=1021 margin 9.50->9.57 t=2.8s
[DONE] evaluation__4246__deblur__random_walk__random_walk__l1 calls=1024 margin 9.50->8.13 t=4.4s
[DONE] evaluation__4246__deblur__confidence_boost__nes__l1 calls=1021 margin 9.50->13.48 t=3.0s
[DONE] evaluation__4246__deblur__boundary_probe__nes__l1 calls=1021 margin 9.50->4.02 t=3.1s
[DONE] evaluation__4246__deblur__counterfactual__nes__l1 calls=1021 margin 9.50->3.01 t=2.9s
[DONE] evaluation__6835__denoise__attack__nes__l0.5 calls=1021 margin 3.30->-5.73 t=2.7s
[DONE] evaluation__6835__denoise__restore__nes__l0.5 calls=1021 margin 3.30->3.77 t=2.9s
[DONE] evaluation__6835__denoise__random_walk__random_walk__l0.5 calls=1024 margin 3.30->0.98 t=4.1s
[DONE] evaluation__6835__denoise__confidence_boost__nes__l0.5 calls=1021 margin 3.30->8.52 t=2.8s
[DONE] evaluation__6835__denoise__boundary_probe__nes__l0.5 calls=1021 margin 3.30->0.01 t=2.7s
[DONE] evaluation__6835__denoise__counterfactual__nes__l0.5 calls=1021 margin 3.30->-5.43 t=2.9s
[DONE] evaluation__6835__deblur__attack__nes__l1 calls=1021 margin 7.18->-5.61 t=2.6s
[DONE] evaluation__6835__deblur__restore__nes__l1 calls=1021 margin 7.18->7.87 t=2.7s
[DONE] evaluation__6835__deblur__random_walk__random_walk__l1 calls=1024 margin 7.18->7.96 t=4.3s
[DONE] evaluation__6835__deblur__confidence_boost__nes__l1 calls=1021 margin 7.18->14.82 t=2.7s
[DONE] evaluation__6835__deblur__boundary_probe__nes__l1 calls=1021 margin 7.18->0.00 t=2.6s
[DONE] evaluation__6835__deblur__counterfactual__nes__l1 calls=1021 margin 7.18->-5.94 t=2.9s
[DONE] evaluation__9759__denoise__attack__nes__l0.5 calls=1021 margin 3.09->-5.23 t=3.0s
[DONE] evaluation__9759__denoise__restore__nes__l0.5 calls=1021 margin 3.09->3.39 t=2.9s
[DONE] evaluation__9759__denoise__random_walk__random_walk__l0.5 calls=1024 margin 3.09->3.74 t=4.3s
[DONE] evaluation__9759__denoise__confidence_boost__nes__l0.5 calls=1021 margin 3.09->9.13 t=2.7s
[DONE] evaluation__9759__denoise__boundary_probe__nes__l0.5 calls=1021 margin 3.09->0.01 t=2.9s
[DONE] evaluation__9759__denoise__counterfactual__nes__l0.5 calls=1021 margin 3.09->-5.01 t=2.9s
[DONE] evaluation__9759__deblur__attack__nes__l1 calls=1021 margin 4.91->-5.48 t=2.9s
[DONE] evaluation__9759__deblur__restore__nes__l1 calls=1021 margin 4.91->7.61 t=2.9s
[DONE] evaluation__9759__deblur__random_walk__random_walk__l1 calls=1024 margin 4.91->6.14 t=4.2s
[DONE] evaluation__9759__deblur__confidence_boost__nes__l1 calls=1021 margin 4.91->14.35 t=3.1s
[DONE] evaluation__9759__deblur__boundary_probe__nes__l1 calls=1021 margin 4.91->0.01 t=2.8s
[DONE] evaluation__9759__deblur__counterfactual__nes__l1 calls=1021 margin 4.91->-5.95 t=2.9s
[DONE] evaluation__2488__denoise__attack__nes__l0.5 calls=1021 margin 11.93->4.50 t=2.9s
[DONE] evaluation__2488__denoise__restore__nes__l0.5 calls=1021 margin 11.93->11.55 t=3.0s
[DONE] evaluation__2488__denoise__random_walk__random_walk__l0.5 calls=1024 margin 11.93->11.07 t=4.3s
[DONE] evaluation__2488__denoise__confidence_boost__nes__l0.5 calls=1021 margin 11.93->14.04 t=2.7s
[DONE] evaluation__2488__denoise__boundary_probe__nes__l0.5 calls=1021 margin 11.93->3.23 t=2.9s
[DONE] evaluation__2488__denoise__counterfactual__nes__l0.5 calls=1021 margin 11.93->3.89 t=2.7s
[DONE] evaluation__2488__deblur__attack__nes__l1 calls=1021 margin 10.43->-6.27 t=2.9s
[DONE] evaluation__2488__deblur__restore__nes__l1 calls=1021 margin 10.43->10.98 t=3.1s
[DONE] evaluation__2488__deblur__random_walk__random_walk__l1 calls=1024 margin 10.43->13.48 t=4.1s
[DONE] evaluation__2488__deblur__confidence_boost__nes__l1 calls=1021 margin 10.43->14.89 t=2.9s
[DONE] evaluation__2488__deblur__boundary_probe__nes__l1 calls=1021 margin 10.43->0.01 t=2.9s
[DONE] evaluation__2488__deblur__counterfactual__nes__l1 calls=1021 margin 10.43->-2.98 t=2.9s
[DONE] evaluation__4989__denoise__attack__nes__l0.5 calls=1021 margin 11.41->8.32 t=2.7s
[DONE] evaluation__4989__denoise__restore__nes__l0.5 calls=1021 margin 11.41->11.18 t=3.0s
[DONE] evaluation__4989__denoise__random_walk__random_walk__l0.5 calls=1024 margin 11.41->10.77 t=4.1s
[DONE] evaluation__4989__denoise__confidence_boost__nes__l0.5 calls=1021 margin 11.41->13.48 t=2.8s
[DONE] evaluation__4989__denoise__boundary_probe__nes__l0.5 calls=1021 margin 11.41->8.20 t=2.8s
[DONE] evaluation__4989__denoise__counterfactual__nes__l0.5 calls=1021 margin 11.41->8.11 t=2.7s
[DONE] evaluation__4989__deblur__attack__nes__l1 calls=1021 margin 11.36->5.07 t=2.9s
[DONE] evaluation__4989__deblur__restore__nes__l1 calls=1021 margin 11.36->11.92 t=3.4s
[DONE] evaluation__4989__deblur__random_walk__random_walk__l1 calls=1024 margin 11.36->11.14 t=4.1s
[DONE] evaluation__4989__deblur__confidence_boost__nes__l1 calls=1021 margin 11.36->14.39 t=2.8s
[DONE] evaluation__4989__deblur__boundary_probe__nes__l1 calls=1021 margin 11.36->6.19 t=2.9s
[DONE] evaluation__4989__deblur__counterfactual__nes__l1 calls=1021 margin 11.36->5.42 t=2.8s
[DONE] evaluation__8184__denoise__attack__nes__l0.5 calls=1021 margin 7.82->-1.40 t=2.9s
[DONE] evaluation__8184__denoise__restore__nes__l0.5 calls=1021 margin 7.82->6.69 t=3.1s
[DONE] evaluation__8184__denoise__random_walk__random_walk__l0.5 calls=1024 margin 7.82->8.84 t=4.3s
[DONE] evaluation__8184__denoise__confidence_boost__nes__l0.5 calls=1021 margin 7.82->12.32 t=2.9s
[DONE] evaluation__8184__denoise__boundary_probe__nes__l0.5 calls=1021 margin 7.82->0.01 t=2.8s
[DONE] evaluation__8184__denoise__counterfactual__nes__l0.5 calls=1021 margin 7.82->-1.74 t=2.7s
[DONE] evaluation__8184__deblur__attack__nes__l1 calls=1021 margin 1.83->-8.49 t=2.8s
[DONE] evaluation__8184__deblur__restore__nes__l1 calls=1021 margin 1.83->1.07 t=3.1s
[DONE] evaluation__8184__deblur__random_walk__random_walk__l1 calls=1024 margin 1.83->2.43 t=4.1s
[DONE] evaluation__8184__deblur__confidence_boost__nes__l1 calls=1021 margin 1.83->11.55 t=3.0s
[DONE] evaluation__8184__deblur__boundary_probe__nes__l1 calls=1021 margin 1.83->0.03 t=2.9s
[DONE] evaluation__8184__deblur__counterfactual__nes__l1 calls=1021 margin 1.83->-7.49 t=2.9s
[DONE] evaluation__3317__denoise__attack__nes__l0.5 calls=1021 margin 7.78->2.35 t=3.0s
[DONE] evaluation__3317__denoise__restore__nes__l0.5 calls=1021 margin 7.78->7.72 t=3.0s
[DONE] evaluation__3317__denoise__random_walk__random_walk__l0.5 calls=1024 margin 7.78->6.79 t=4.0s
[DONE] evaluation__3317__denoise__confidence_boost__nes__l0.5 calls=1021 margin 7.78->11.58 t=2.8s
[DONE] evaluation__3317__denoise__boundary_probe__nes__l0.5 calls=1021 margin 7.78->2.32 t=2.9s
[DONE] evaluation__3317__denoise__counterfactual__nes__l0.5 calls=1021 margin 7.78->2.23 t=3.1s
[DONE] evaluation__3317__deblur__attack__nes__l1 calls=1021 margin 9.78->1.47 t=3.0s
[DONE] evaluation__3317__deblur__restore__nes__l1 calls=1021 margin 9.78->9.58 t=3.0s
[DONE] evaluation__3317__deblur__random_walk__random_walk__l1 calls=1024 margin 9.78->8.20 t=4.2s
[DONE] evaluation__3317__deblur__confidence_boost__nes__l1 calls=1021 margin 9.78->13.84 t=3.0s
[DONE] evaluation__3317__deblur__boundary_probe__nes__l1 calls=1021 margin 9.78->0.74 t=2.9s
[DONE] evaluation__3317__deblur__counterfactual__nes__l1 calls=1021 margin 9.78->0.97 t=2.9s
[DONE] evaluation__5153__denoise__attack__nes__l0.5 calls=1021 margin 6.20->-1.47 t=3.1s
[DONE] evaluation__5153__denoise__restore__nes__l0.5 calls=1021 margin 6.20->5.54 t=3.1s
[DONE] evaluation__5153__denoise__random_walk__random_walk__l0.5 calls=1024 margin 6.20->5.20 t=4.4s
[DONE] evaluation__5153__denoise__confidence_boost__nes__l0.5 calls=1021 margin 6.20->12.54 t=2.9s
[DONE] evaluation__5153__denoise__boundary_probe__nes__l0.5 calls=1021 margin 6.20->0.03 t=3.0s
[DONE] evaluation__5153__denoise__counterfactual__nes__l0.5 calls=1021 margin 6.20->-0.77 t=2.8s
[DONE] evaluation__5153__deblur__attack__nes__l1 calls=1021 margin 11.45->0.53 t=2.9s
[DONE] evaluation__5153__deblur__restore__nes__l1 calls=1021 margin 11.45->11.80 t=2.8s
[DONE] evaluation__5153__deblur__random_walk__random_walk__l1 calls=1024 margin 11.45->7.19 t=4.0s
[DONE] evaluation__5153__deblur__confidence_boost__nes__l1 calls=1021 margin 11.45->15.02 t=2.8s
[DONE] evaluation__5153__deblur__boundary_probe__nes__l1 calls=1021 margin 11.45->0.05 t=2.7s
[DONE] evaluation__5153__deblur__counterfactual__nes__l1 calls=1021 margin 11.45->0.96 t=3.0s
[DONE] evaluation__6234__denoise__attack__nes__l0.5 calls=1021 margin 1.97->-1.64 t=2.9s
[DONE] evaluation__6234__denoise__restore__nes__l0.5 calls=1021 margin 1.97->2.39 t=2.9s
[DONE] evaluation__6234__denoise__random_walk__random_walk__l0.5 calls=1024 margin 1.97->1.66 t=4.4s
[DONE] evaluation__6234__denoise__confidence_boost__nes__l0.5 calls=1021 margin 1.97->5.57 t=2.7s
[DONE] evaluation__6234__denoise__boundary_probe__nes__l0.5 calls=1021 margin 1.97->0.01 t=2.7s
[DONE] evaluation__6234__denoise__counterfactual__nes__l0.5 calls=1021 margin 1.97->-2.19 t=2.8s
[DONE] evaluation__6234__deblur__attack__nes__l1 calls=1021 margin 5.70->-1.36 t=2.9s
[DONE] evaluation__6234__deblur__restore__nes__l1 calls=1021 margin 5.70->5.16 t=2.9s
[DONE] evaluation__6234__deblur__random_walk__random_walk__l1 calls=1024 margin 5.70->4.81 t=4.3s
[DONE] evaluation__6234__deblur__confidence_boost__nes__l1 calls=1021 margin 5.70->8.84 t=2.8s
[DONE] evaluation__6234__deblur__boundary_probe__nes__l1 calls=1021 margin 5.70->0.02 t=2.9s
[DONE] evaluation__6234__deblur__counterfactual__nes__l1 calls=1021 margin 5.70->-2.45 t=3.1s
[DONE] evaluation__939__denoise__attack__nes__l0.5 calls=1021 margin 2.39->-3.69 t=2.8s
[DONE] evaluation__939__denoise__restore__nes__l0.5 calls=1021 margin 2.39->2.77 t=3.1s
[DONE] evaluation__939__denoise__random_walk__random_walk__l0.5 calls=1024 margin 2.39->2.48 t=4.2s
[DONE] evaluation__939__denoise__confidence_boost__nes__l0.5 calls=1021 margin 2.39->6.77 t=3.0s
[DONE] evaluation__939__denoise__boundary_probe__nes__l0.5 calls=1021 margin 2.39->0.00 t=2.9s
[DONE] evaluation__939__denoise__counterfactual__nes__l0.5 calls=1021 margin 2.39->-3.63 t=2.8s
[DONE] evaluation__939__deblur__attack__nes__l1 calls=1021 margin 8.23->0.19 t=3.1s
[DONE] evaluation__939__deblur__restore__nes__l1 calls=1021 margin 8.23->9.17 t=2.8s
[DONE] evaluation__939__deblur__random_walk__random_walk__l1 calls=1024 margin 8.23->8.34 t=4.2s
[DONE] evaluation__939__deblur__confidence_boost__nes__l1 calls=1021 margin 8.23->11.88 t=3.0s
[DONE] evaluation__939__deblur__boundary_probe__nes__l1 calls=1021 margin 8.23->0.05 t=3.0s
[DONE] evaluation__939__deblur__counterfactual__nes__l1 calls=1021 margin 8.23->0.47 t=3.0s
[DONE] evaluation__3138__denoise__attack__nes__l0.5 calls=1021 margin 0.22->-3.58 t=3.0s
[DONE] evaluation__3138__denoise__restore__nes__l0.5 calls=1021 margin 0.22->0.70 t=3.2s
[DONE] evaluation__3138__denoise__random_walk__random_walk__l0.5 calls=1024 margin 0.22->0.79 t=4.3s
[DONE] evaluation__3138__denoise__confidence_boost__nes__l0.5 calls=1021 margin 0.22->4.34 t=2.9s
[DONE] evaluation__3138__denoise__boundary_probe__nes__l0.5 calls=1021 margin 0.22->0.00 t=2.6s
[DONE] evaluation__3138__denoise__counterfactual__nes__l0.5 calls=1021 margin 0.22->-4.20 t=2.9s
[DONE] evaluation__3138__deblur__attack__nes__l1 calls=1021 margin 7.00->-0.46 t=2.8s
[DONE] evaluation__3138__deblur__restore__nes__l1 calls=1021 margin 7.00->6.96 t=2.9s
[DONE] evaluation__3138__deblur__random_walk__random_walk__l1 calls=1024 margin 7.00->5.12 t=4.2s
[DONE] evaluation__3138__deblur__confidence_boost__nes__l1 calls=1021 margin 7.00->11.77 t=3.0s
[DONE] evaluation__3138__deblur__boundary_probe__nes__l1 calls=1021 margin 7.00->0.02 t=2.7s
[DONE] evaluation__3138__deblur__counterfactual__nes__l1 calls=1021 margin 7.00->-0.14 t=2.9s
[DONE] evaluation__4539__denoise__attack__nes__l0.5 calls=1021 margin 3.94->-0.77 t=2.9s
[DONE] evaluation__4539__denoise__restore__nes__l0.5 calls=1021 margin 3.94->3.83 t=3.1s
[DONE] evaluation__4539__denoise__random_walk__random_walk__l0.5 calls=1024 margin 3.94->3.62 t=4.6s
[DONE] evaluation__4539__denoise__confidence_boost__nes__l0.5 calls=1021 margin 3.94->8.37 t=3.0s
[DONE] evaluation__4539__denoise__boundary_probe__nes__l0.5 calls=1021 margin 3.94->0.00 t=3.0s
[DONE] evaluation__4539__denoise__counterfactual__nes__l0.5 calls=1021 margin 3.94->-0.85 t=3.0s
[DONE] evaluation__4539__deblur__attack__nes__l1 calls=1021 margin 5.35->-4.47 t=3.0s
[DONE] evaluation__4539__deblur__restore__nes__l1 calls=1021 margin 5.35->5.98 t=3.3s
[DONE] evaluation__4539__deblur__random_walk__random_walk__l1 calls=1024 margin 5.35->4.00 t=4.2s
[DONE] evaluation__4539__deblur__confidence_boost__nes__l1 calls=1021 margin 5.35->12.87 t=2.7s
[DONE] evaluation__4539__deblur__boundary_probe__nes__l1 calls=1021 margin 5.35->0.02 t=3.0s
[DONE] evaluation__4539__deblur__counterfactual__nes__l1 calls=1021 margin 5.35->-2.35 t=3.1s
[DONE] evaluation__9955__denoise__attack__nes__l0.5 calls=1021 margin 4.14->-3.55 t=3.1s
[DONE] evaluation__9955__denoise__restore__nes__l0.5 calls=1021 margin 4.14->4.69 t=3.1s
[DONE] evaluation__9955__denoise__random_walk__random_walk__l0.5 calls=1024 margin 4.14->3.85 t=4.4s
[DONE] evaluation__9955__denoise__confidence_boost__nes__l0.5 calls=1021 margin 4.14->9.81 t=3.0s
[DONE] evaluation__9955__denoise__boundary_probe__nes__l0.5 calls=1021 margin 4.14->0.02 t=3.0s
[DONE] evaluation__9955__denoise__counterfactual__nes__l0.5 calls=1021 margin 4.14->-3.60 t=2.7s
[DONE] evaluation__9955__deblur__attack__nes__l1 calls=1021 margin 12.11->5.15 t=3.1s
[DONE] evaluation__9955__deblur__restore__nes__l1 calls=1021 margin 12.11->12.64 t=2.9s
[DONE] evaluation__9955__deblur__random_walk__random_walk__l1 calls=1024 margin 12.11->9.34 t=4.1s
[DONE] evaluation__9955__deblur__confidence_boost__nes__l1 calls=1021 margin 12.11->15.06 t=3.0s
[DONE] evaluation__9955__deblur__boundary_probe__nes__l1 calls=1021 margin 12.11->2.13 t=3.0s
[DONE] evaluation__9955__deblur__counterfactual__nes__l1 calls=1021 margin 12.11->2.94 t=2.9s
[DONE] evaluation__3368__denoise__attack__nes__l0.5 calls=1021 margin 3.09->-2.18 t=2.9s
[DONE] evaluation__3368__denoise__restore__nes__l0.5 calls=1021 margin 3.09->3.33 t=2.7s
[DONE] evaluation__3368__denoise__random_walk__random_walk__l0.5 calls=1024 margin 3.09->2.05 t=4.6s
[DONE] evaluation__3368__denoise__confidence_boost__nes__l0.5 calls=1021 margin 3.09->7.72 t=2.7s
[DONE] evaluation__3368__denoise__boundary_probe__nes__l0.5 calls=1021 margin 3.09->0.00 t=3.1s
[DONE] evaluation__3368__denoise__counterfactual__nes__l0.5 calls=1021 margin 3.09->-2.64 t=2.8s
[DONE] evaluation__3368__deblur__attack__nes__l1 calls=1021 margin 6.11->0.25 t=2.6s
[DONE] evaluation__3368__deblur__restore__nes__l1 calls=1021 margin 6.11->5.68 t=2.9s
[DONE] evaluation__3368__deblur__random_walk__random_walk__l1 calls=1024 margin 6.11->4.59 t=3.9s
[DONE] evaluation__3368__deblur__confidence_boost__nes__l1 calls=1021 margin 6.11->11.07 t=2.7s
[DONE] evaluation__3368__deblur__boundary_probe__nes__l1 calls=1021 margin 6.11->0.02 t=3.2s
[DONE] evaluation__3368__deblur__counterfactual__nes__l1 calls=1021 margin 6.11->-0.11 t=3.0s
[DONE] evaluation__6749__denoise__attack__nes__l0.5 calls=1021 margin 9.63->3.66 t=2.9s
[DONE] evaluation__6749__denoise__restore__nes__l0.5 calls=1021 margin 9.63->9.90 t=3.1s
[DONE] evaluation__6749__denoise__random_walk__random_walk__l0.5 calls=1024 margin 9.63->8.99 t=4.2s
[DONE] evaluation__6749__denoise__confidence_boost__nes__l0.5 calls=1021 margin 9.63->11.70 t=3.0s
[DONE] evaluation__6749__denoise__boundary_probe__nes__l0.5 calls=1021 margin 9.63->3.41 t=3.0s
[DONE] evaluation__6749__denoise__counterfactual__nes__l0.5 calls=1021 margin 9.63->3.11 t=3.1s
[DONE] evaluation__6749__deblur__attack__nes__l1 calls=1021 margin 11.82->6.62 t=2.7s
[DONE] evaluation__6749__deblur__restore__nes__l1 calls=1021 margin 11.82->12.03 t=2.9s
[DONE] evaluation__6749__deblur__random_walk__random_walk__l1 calls=1024 margin 11.82->11.67 t=4.3s
[DONE] evaluation__6749__deblur__confidence_boost__nes__l1 calls=1021 margin 11.82->13.59 t=2.9s
[DONE] evaluation__6749__deblur__boundary_probe__nes__l1 calls=1021 margin 11.82->6.98 t=3.0s
[DONE] evaluation__6749__deblur__counterfactual__nes__l1 calls=1021 margin 11.82->7.15 t=2.9s
[DONE] evaluation__9060__denoise__attack__nes__l0.5 calls=1021 margin 3.55->-4.89 t=2.6s
[DONE] evaluation__9060__denoise__restore__nes__l0.5 calls=1021 margin 3.55->4.07 t=2.7s
[DONE] evaluation__9060__denoise__random_walk__random_walk__l0.5 calls=1024 margin 3.55->3.46 t=4.1s
[DONE] evaluation__9060__denoise__confidence_boost__nes__l0.5 calls=1021 margin 3.55->7.84 t=2.9s
[DONE] evaluation__9060__denoise__boundary_probe__nes__l0.5 calls=1021 margin 3.55->0.02 t=2.9s
[DONE] evaluation__9060__denoise__counterfactual__nes__l0.5 calls=1021 margin 3.55->-5.11 t=2.9s
[DONE] evaluation__9060__deblur__attack__nes__l1 calls=1021 margin 7.55->-4.61 t=3.1s
[DONE] evaluation__9060__deblur__restore__nes__l1 calls=1021 margin 7.55->7.21 t=2.9s
[DONE] evaluation__9060__deblur__random_walk__random_walk__l1 calls=1024 margin 7.55->3.81 t=4.1s
[DONE] evaluation__9060__deblur__confidence_boost__nes__l1 calls=1021 margin 7.55->13.02 t=3.0s
[DONE] evaluation__9060__deblur__boundary_probe__nes__l1 calls=1021 margin 7.55->0.07 t=3.0s
[DONE] evaluation__9060__deblur__counterfactual__nes__l1 calls=1021 margin 7.55->-4.61 t=3.0s
[DONE] fit__4040__denoise__attack__nes__l0.5 calls=1021 margin 1.70->-2.51 t=2.8s
[DONE] fit__4040__denoise__restore__nes__l0.5 calls=1021 margin 1.70->2.24 t=3.0s
[DONE] fit__4040__denoise__random_walk__random_walk__l0.5 calls=1024 margin 1.70->1.19 t=3.9s
[DONE] fit__4040__denoise__confidence_boost__nes__l0.5 calls=1021 margin 1.70->5.93 t=3.1s
[DONE] fit__4040__denoise__boundary_probe__nes__l0.5 calls=1021 margin 1.70->0.00 t=3.0s
[DONE] fit__4040__denoise__counterfactual__nes__l0.5 calls=1021 margin 1.70->-2.07 t=2.8s
[DONE] fit__4040__deblur__attack__nes__l1 calls=1021 margin 9.26->-1.16 t=3.0s
[DONE] fit__4040__deblur__restore__nes__l1 calls=1021 margin 9.26->9.82 t=2.8s
[DONE] fit__4040__deblur__random_walk__random_walk__l1 calls=1024 margin 9.26->5.42 t=4.2s
[DONE] fit__4040__deblur__confidence_boost__nes__l1 calls=1021 margin 9.26->11.96 t=3.1s
[DONE] fit__4040__deblur__boundary_probe__nes__l1 calls=1021 margin 9.26->1.01 t=3.0s
[DONE] fit__4040__deblur__counterfactual__nes__l1 calls=1021 margin 9.26->4.78 t=2.8s
[DONE] fit__9749__denoise__attack__nes__l0.5 calls=1021 margin 7.42->0.86 t=2.8s
[DONE] fit__9749__denoise__restore__nes__l0.5 calls=1021 margin 7.42->7.58 t=3.0s
[DONE] fit__9749__denoise__random_walk__random_walk__l0.5 calls=1024 margin 7.42->6.34 t=4.1s
[DONE] fit__9749__denoise__confidence_boost__nes__l0.5 calls=1021 margin 7.42->11.33 t=3.1s
[DONE] fit__9749__denoise__boundary_probe__nes__l0.5 calls=1021 margin 7.42->1.56 t=2.9s
[DONE] fit__9749__denoise__counterfactual__nes__l0.5 calls=1021 margin 7.42->1.21 t=2.7s
[DONE] fit__9749__deblur__attack__nes__l1 calls=1021 margin 9.88->-0.82 t=2.6s
[DONE] fit__9749__deblur__restore__nes__l1 calls=1021 margin 9.88->10.22 t=2.8s
[DONE] fit__9749__deblur__random_walk__random_walk__l1 calls=1024 margin 9.88->9.72 t=4.3s
[DONE] fit__9749__deblur__confidence_boost__nes__l1 calls=1021 margin 9.88->14.76 t=3.0s
[DONE] fit__9749__deblur__boundary_probe__nes__l1 calls=1021 margin 9.88->0.45 t=3.0s
[DONE] fit__9749__deblur__counterfactual__nes__l1 calls=1021 margin 9.88->-2.64 t=2.7s
[DONE] fit__6117__denoise__attack__nes__l0.5 calls=1021 margin 3.25->-3.40 t=2.9s
[DONE] fit__6117__denoise__restore__nes__l0.5 calls=1021 margin 3.25->3.04 t=2.8s
[DONE] fit__6117__denoise__random_walk__random_walk__l0.5 calls=1024 margin 3.25->4.44 t=4.1s
[DONE] fit__6117__denoise__confidence_boost__nes__l0.5 calls=1021 margin 3.25->8.07 t=3.0s
[DONE] fit__6117__denoise__boundary_probe__nes__l0.5 calls=1021 margin 3.25->0.04 t=3.0s
[DONE] fit__6117__denoise__counterfactual__nes__l0.5 calls=1021 margin 3.25->-2.88 t=2.9s
[DONE] fit__6117__deblur__attack__nes__l1 calls=1021 margin 7.15->-2.35 t=2.7s
[DONE] fit__6117__deblur__restore__nes__l1 calls=1021 margin 7.15->6.59 t=2.9s
[DONE] fit__6117__deblur__random_walk__random_walk__l1 calls=1024 margin 7.15->3.37 t=4.2s
[DONE] fit__6117__deblur__confidence_boost__nes__l1 calls=1021 margin 7.15->11.37 t=2.8s
[DONE] fit__6117__deblur__boundary_probe__nes__l1 calls=1021 margin 7.15->0.02 t=3.1s
[DONE] fit__6117__deblur__counterfactual__nes__l1 calls=1021 margin 7.15->-3.12 t=3.0s
[DONE] fit__1852__denoise__attack__nes__l0.5 calls=1021 margin 6.66->2.06 t=2.9s
[DONE] fit__1852__denoise__restore__nes__l0.5 calls=1021 margin 6.66->6.81 t=2.9s
[DONE] fit__1852__denoise__random_walk__random_walk__l0.5 calls=1024 margin 6.66->6.21 t=4.1s
[DONE] fit__1852__denoise__confidence_boost__nes__l0.5 calls=1021 margin 6.66->9.87 t=2.8s
[DONE] fit__1852__denoise__boundary_probe__nes__l0.5 calls=1021 margin 6.66->2.57 t=2.8s
[DONE] fit__1852__denoise__counterfactual__nes__l0.5 calls=1021 margin 6.66->2.37 t=2.7s
[DONE] fit__1852__deblur__attack__nes__l1 calls=1021 margin 7.76->0.38 t=2.8s
[DONE] fit__1852__deblur__restore__nes__l1 calls=1021 margin 7.76->8.11 t=2.8s
[DONE] fit__1852__deblur__random_walk__random_walk__l1 calls=1024 margin 7.76->8.82 t=4.3s
[DONE] fit__1852__deblur__confidence_boost__nes__l1 calls=1021 margin 7.76->11.88 t=2.9s
[DONE] fit__1852__deblur__boundary_probe__nes__l1 calls=1021 margin 7.76->1.08 t=2.9s
[DONE] fit__1852__deblur__counterfactual__nes__l1 calls=1021 margin 7.76->0.19 t=2.7s
[DONE] fit__8493__denoise__attack__nes__l0.5 calls=1021 margin 4.15->-3.40 t=2.7s
[DONE] fit__8493__denoise__restore__nes__l0.5 calls=1021 margin 4.15->4.92 t=2.8s
[DONE] fit__8493__denoise__random_walk__random_walk__l0.5 calls=1024 margin 4.15->4.72 t=4.0s
[DONE] fit__8493__denoise__confidence_boost__nes__l0.5 calls=1021 margin 4.15->8.77 t=3.1s
[DONE] fit__8493__denoise__boundary_probe__nes__l0.5 calls=1021 margin 4.15->0.03 t=3.0s
[DONE] fit__8493__denoise__counterfactual__nes__l0.5 calls=1021 margin 4.15->-2.94 t=2.9s
[DONE] fit__8493__deblur__attack__nes__l1 calls=1021 margin 1.66->-7.18 t=2.9s
[DONE] fit__8493__deblur__restore__nes__l1 calls=1021 margin 1.66->2.57 t=3.0s
[DONE] fit__8493__deblur__random_walk__random_walk__l1 calls=1024 margin 1.66->1.80 t=4.0s
[DONE] fit__8493__deblur__confidence_boost__nes__l1 calls=1021 margin 1.66->10.86 t=2.6s
[DONE] fit__8493__deblur__boundary_probe__nes__l1 calls=1021 margin 1.66->0.00 t=3.0s
[DONE] fit__8493__deblur__counterfactual__nes__l1 calls=1021 margin 1.66->-6.36 t=3.1s
[DONE] fit__2963__denoise__attack__nes__l0.5 calls=1021 margin 5.35->-0.64 t=3.2s
[DONE] fit__2963__denoise__restore__nes__l0.5 calls=1021 margin 5.35->5.14 t=2.6s
[DONE] fit__2963__denoise__random_walk__random_walk__l0.5 calls=1024 margin 5.35->4.86 t=4.1s
[DONE] fit__2963__denoise__confidence_boost__nes__l0.5 calls=1021 margin 5.35->9.87 t=2.9s
[DONE] fit__2963__denoise__boundary_probe__nes__l0.5 calls=1021 margin 5.35->0.05 t=3.0s
[DONE] fit__2963__denoise__counterfactual__nes__l0.5 calls=1021 margin 5.35->-0.45 t=2.7s
[DONE] fit__2963__deblur__attack__nes__l1 calls=1021 margin 7.93->1.97 t=2.8s
[DONE] fit__2963__deblur__restore__nes__l1 calls=1021 margin 7.93->8.21 t=2.7s
[DONE] fit__2963__deblur__random_walk__random_walk__l1 calls=1024 margin 7.93->8.27 t=4.1s
[DONE] fit__2963__deblur__confidence_boost__nes__l1 calls=1021 margin 7.93->12.13 t=3.0s
[DONE] fit__2963__deblur__boundary_probe__nes__l1 calls=1021 margin 7.93->1.99 t=3.2s
[DONE] fit__2963__deblur__counterfactual__nes__l1 calls=1021 margin 7.93->1.74 t=3.0s
[DONE] fit__9226__denoise__attack__nes__l0.5 calls=1021 margin 3.63->-2.15 t=2.8s
[DONE] fit__9226__denoise__restore__nes__l0.5 calls=1021 margin 3.63->3.63 t=2.9s
[DONE] fit__9226__denoise__random_walk__random_walk__l0.5 calls=1024 margin 3.63->3.26 t=4.0s
[DONE] fit__9226__denoise__confidence_boost__nes__l0.5 calls=1021 margin 3.63->7.51 t=2.9s
[DONE] fit__9226__denoise__boundary_probe__nes__l0.5 calls=1021 margin 3.63->0.01 t=3.1s
[DONE] fit__9226__denoise__counterfactual__nes__l0.5 calls=1021 margin 3.63->-2.52 t=2.9s
[DONE] fit__9226__deblur__attack__nes__l1 calls=1021 margin 2.63->-5.58 t=2.8s
[DONE] fit__9226__deblur__restore__nes__l1 calls=1021 margin 2.63->3.13 t=2.9s
[DONE] fit__9226__deblur__random_walk__random_walk__l1 calls=1024 margin 2.63->5.29 t=4.1s
[DONE] fit__9226__deblur__confidence_boost__nes__l1 calls=1021 margin 2.63->9.82 t=2.9s
[DONE] fit__9226__deblur__boundary_probe__nes__l1 calls=1021 margin 2.63->0.00 t=2.7s
[DONE] fit__9226__deblur__counterfactual__nes__l1 calls=1021 margin 2.63->-5.64 t=2.8s
[DONE] fit__3498__denoise__attack__nes__l0.5 calls=1021 margin 3.68->-2.01 t=2.7s
[DONE] fit__3498__denoise__restore__nes__l0.5 calls=1021 margin 3.68->4.21 t=2.7s
[DONE] fit__3498__denoise__random_walk__random_walk__l0.5 calls=1024 margin 3.68->4.01 t=4.2s
[DONE] fit__3498__denoise__confidence_boost__nes__l0.5 calls=1021 margin 3.68->10.09 t=3.0s
[DONE] fit__3498__denoise__boundary_probe__nes__l0.5 calls=1021 margin 3.68->0.02 t=3.2s
[DONE] fit__3498__denoise__counterfactual__nes__l0.5 calls=1021 margin 3.68->-2.82 t=2.8s
[DONE] fit__3498__deblur__attack__nes__l1 calls=1021 margin 12.90->3.63 t=2.8s
[DONE] fit__3498__deblur__restore__nes__l1 calls=1021 margin 12.90->13.09 t=3.1s
[DONE] fit__3498__deblur__random_walk__random_walk__l1 calls=1024 margin 12.90->12.28 t=4.3s
[DONE] fit__3498__deblur__confidence_boost__nes__l1 calls=1021 margin 12.90->15.07 t=3.0s
[DONE] fit__3498__deblur__boundary_probe__nes__l1 calls=1021 margin 12.90->2.82 t=3.0s
[DONE] fit__3498__deblur__counterfactual__nes__l1 calls=1021 margin 12.90->2.71 t=2.7s
[DONE] fit__2915__denoise__attack__nes__l0.5 calls=1021 margin 7.10->2.51 t=2.9s
[DONE] fit__2915__denoise__restore__nes__l0.5 calls=1021 margin 7.10->7.76 t=2.8s
[DONE] fit__2915__denoise__random_walk__random_walk__l0.5 calls=1024 margin 7.10->5.67 t=4.1s
[DONE] fit__2915__denoise__confidence_boost__nes__l0.5 calls=1021 margin 7.10->10.78 t=3.1s
[DONE] fit__2915__denoise__boundary_probe__nes__l0.5 calls=1021 margin 7.10->2.66 t=2.9s
[DONE] fit__2915__denoise__counterfactual__nes__l0.5 calls=1021 margin 7.10->2.94 t=2.9s
[DONE] fit__2915__deblur__attack__nes__l1 calls=1021 margin 7.82->2.28 t=2.8s
[DONE] fit__2915__deblur__restore__nes__l1 calls=1021 margin 7.82->7.90 t=2.8s
[DONE] fit__2915__deblur__random_walk__random_walk__l1 calls=1024 margin 7.82->4.73 t=4.2s
[DONE] fit__2915__deblur__confidence_boost__nes__l1 calls=1021 margin 7.82->12.08 t=2.8s
[DONE] fit__2915__deblur__boundary_probe__nes__l1 calls=1021 margin 7.82->0.68 t=3.0s
[DONE] fit__2915__deblur__counterfactual__nes__l1 calls=1021 margin 7.82->-0.42 t=3.0s
[DONE] fit__6690__denoise__attack__nes__l0.5 calls=1021 margin 0.59->-9.66 t=2.9s
[DONE] fit__6690__denoise__restore__nes__l0.5 calls=1021 margin 0.59->0.32 t=2.9s
[DONE] fit__6690__denoise__random_walk__random_walk__l0.5 calls=1024 margin 0.59->-1.06 t=4.1s
[DONE] fit__6690__denoise__confidence_boost__nes__l0.5 calls=1021 margin 0.59->9.27 t=3.2s
[DONE] fit__6690__denoise__boundary_probe__nes__l0.5 calls=1021 margin 0.59->0.04 t=3.0s
[DONE] fit__6690__denoise__counterfactual__nes__l0.5 calls=1021 margin 0.59->-8.42 t=2.8s
[DONE] fit__6690__deblur__attack__nes__l1 calls=1021 margin 9.49->1.64 t=2.7s
[DONE] fit__6690__deblur__restore__nes__l1 calls=1021 margin 9.49->10.75 t=3.0s
[DONE] fit__6690__deblur__random_walk__random_walk__l1 calls=1024 margin 9.49->8.59 t=4.5s
[DONE] fit__6690__deblur__confidence_boost__nes__l1 calls=1021 margin 9.49->14.49 t=3.0s
[DONE] fit__6690__deblur__boundary_probe__nes__l1 calls=1021 margin 9.49->1.28 t=3.0s
[DONE] fit__6690__deblur__counterfactual__nes__l1 calls=1021 margin 9.49->1.12 t=2.8s
[DONE] fit__4150__denoise__attack__nes__l0.5 calls=1021 margin 10.09->1.64 t=3.0s
[DONE] fit__4150__denoise__restore__nes__l0.5 calls=1021 margin 10.09->10.13 t=2.9s
[DONE] fit__4150__denoise__random_walk__random_walk__l0.5 calls=1024 margin 10.09->9.62 t=4.3s
[DONE] fit__4150__denoise__confidence_boost__nes__l0.5 calls=1021 margin 10.09->14.14 t=2.9s
[DONE] fit__4150__denoise__boundary_probe__nes__l0.5 calls=1021 margin 10.09->0.90 t=3.0s
[DONE] fit__4150__denoise__counterfactual__nes__l0.5 calls=1021 margin 10.09->1.06 t=2.7s
[DONE] fit__4150__deblur__attack__nes__l1 calls=1021 margin 4.57->-7.61 t=3.1s
[DONE] fit__4150__deblur__restore__nes__l1 calls=1021 margin 4.57->7.65 t=3.2s
[DONE] fit__4150__deblur__random_walk__random_walk__l1 calls=1024 margin 4.57->9.43 t=4.2s
[DONE] fit__4150__deblur__confidence_boost__nes__l1 calls=1021 margin 4.57->14.26 t=2.9s
[DONE] fit__4150__deblur__boundary_probe__nes__l1 calls=1021 margin 4.57->0.00 t=2.9s
[DONE] fit__4150__deblur__counterfactual__nes__l1 calls=1021 margin 4.57->-7.39 t=3.1s
[DONE] fit__9789__denoise__attack__nes__l0.5 calls=1021 margin 9.35->-0.56 t=2.9s
[DONE] fit__9789__denoise__restore__nes__l0.5 calls=1021 margin 9.35->10.19 t=3.1s
[DONE] fit__9789__denoise__random_walk__random_walk__l0.5 calls=1024 margin 9.35->9.63 t=4.2s
[DONE] fit__9789__denoise__confidence_boost__nes__l0.5 calls=1021 margin 9.35->14.18 t=2.7s
[DONE] fit__9789__denoise__boundary_probe__nes__l0.5 calls=1021 margin 9.35->0.22 t=2.6s
[DONE] fit__9789__denoise__counterfactual__nes__l0.5 calls=1021 margin 9.35->0.54 t=2.6s
[DONE] fit__9789__deblur__attack__nes__l1 calls=1021 margin 9.16->-3.93 t=2.6s
[DONE] fit__9789__deblur__restore__nes__l1 calls=1021 margin 9.16->8.54 t=2.6s
[DONE] fit__9789__deblur__random_walk__random_walk__l1 calls=1024 margin 9.16->8.31 t=4.3s
[DONE] fit__9789__deblur__confidence_boost__nes__l1 calls=1021 margin 9.16->14.27 t=3.0s
[DONE] fit__9789__deblur__boundary_probe__nes__l1 calls=1021 margin 9.16->0.04 t=3.1s
[DONE] fit__9789__deblur__counterfactual__nes__l1 calls=1021 margin 9.16->-4.37 t=2.7s
[DONE] fit__5818__denoise__attack__nes__l0.5 calls=1021 margin 3.18->-5.82 t=2.7s
[DONE] fit__5818__denoise__restore__nes__l0.5 calls=1021 margin 3.18->3.48 t=2.9s
[DONE] fit__5818__denoise__random_walk__random_walk__l0.5 calls=1024 margin 3.18->0.88 t=4.4s
[DONE] fit__5818__denoise__confidence_boost__nes__l0.5 calls=1021 margin 3.18->9.08 t=3.0s
[DONE] fit__5818__denoise__boundary_probe__nes__l0.5 calls=1021 margin 3.18->0.02 t=2.8s
[DONE] fit__5818__denoise__counterfactual__nes__l0.5 calls=1021 margin 3.18->-6.53 t=2.7s
[DONE] fit__5818__deblur__attack__nes__l1 calls=1021 margin 5.21->-2.72 t=3.0s
[DONE] fit__5818__deblur__restore__nes__l1 calls=1021 margin 5.21->4.88 t=2.8s
[DONE] fit__5818__deblur__random_walk__random_walk__l1 calls=1024 margin 5.21->3.44 t=4.1s
[DONE] fit__5818__deblur__confidence_boost__nes__l1 calls=1021 margin 5.21->11.40 t=2.6s
[DONE] fit__5818__deblur__boundary_probe__nes__l1 calls=1021 margin 5.21->0.01 t=3.0s
[DONE] fit__5818__deblur__counterfactual__nes__l1 calls=1021 margin 5.21->-3.04 t=2.8s
[DONE] fit__1358__denoise__attack__nes__l0.5 calls=1021 margin 5.70->-4.17 t=2.9s
[DONE] fit__1358__denoise__restore__nes__l0.5 calls=1021 margin 5.70->6.18 t=2.8s
[DONE] fit__1358__denoise__random_walk__random_walk__l0.5 calls=1024 margin 5.70->5.14 t=4.6s
[DONE] fit__1358__denoise__confidence_boost__nes__l0.5 calls=1021 margin 5.70->11.69 t=3.0s
[DONE] fit__1358__denoise__boundary_probe__nes__l0.5 calls=1021 margin 5.70->0.00 t=2.7s
[DONE] fit__1358__denoise__counterfactual__nes__l0.5 calls=1021 margin 5.70->-3.70 t=3.0s
[DONE] fit__1358__deblur__attack__nes__l1 calls=1021 margin 10.56->2.14 t=2.9s
[DONE] fit__1358__deblur__restore__nes__l1 calls=1021 margin 10.56->12.16 t=2.9s
[DONE] fit__1358__deblur__random_walk__random_walk__l1 calls=1024 margin 10.56->12.53 t=4.4s
[DONE] fit__1358__deblur__confidence_boost__nes__l1 calls=1021 margin 10.56->15.70 t=2.7s
[DONE] fit__1358__deblur__boundary_probe__nes__l1 calls=1021 margin 10.56->1.49 t=2.5s
[DONE] fit__1358__deblur__counterfactual__nes__l1 calls=1021 margin 10.56->1.28 t=2.7s
[DONE] fit__6684__denoise__attack__nes__l0.5 calls=1021 margin 3.33->-1.68 t=2.9s
[DONE] fit__6684__denoise__restore__nes__l0.5 calls=1021 margin 3.33->2.92 t=2.8s
[DONE] fit__6684__denoise__random_walk__random_walk__l0.5 calls=1024 margin 3.33->2.98 t=4.2s
[DONE] fit__6684__denoise__confidence_boost__nes__l0.5 calls=1021 margin 3.33->8.10 t=2.9s
[DONE] fit__6684__denoise__boundary_probe__nes__l0.5 calls=1021 margin 3.33->0.02 t=2.8s
[DONE] fit__6684__denoise__counterfactual__nes__l0.5 calls=1021 margin 3.33->-1.22 t=3.0s
[DONE] fit__6684__deblur__attack__nes__l1 calls=1021 margin 12.00->1.97 t=2.6s
[DONE] fit__6684__deblur__restore__nes__l1 calls=1021 margin 12.00->11.53 t=3.0s
[DONE] fit__6684__deblur__random_walk__random_walk__l1 calls=1024 margin 12.00->10.62 t=4.3s
[DONE] fit__6684__deblur__confidence_boost__nes__l1 calls=1021 margin 12.00->14.07 t=2.7s
[DONE] fit__6684__deblur__boundary_probe__nes__l1 calls=1021 margin 12.00->1.78 t=2.7s
[DONE] fit__6684__deblur__counterfactual__nes__l1 calls=1021 margin 12.00->1.74 t=2.6s
[DONE] fit__3732__denoise__attack__nes__l0.5 calls=1021 margin 6.47->0.63 t=2.7s
[DONE] fit__3732__denoise__restore__nes__l0.5 calls=1021 margin 6.47->6.59 t=2.7s
[DONE] fit__3732__denoise__random_walk__random_walk__l0.5 calls=1024 margin 6.47->4.98 t=4.0s
[DONE] fit__3732__denoise__confidence_boost__nes__l0.5 calls=1021 margin 6.47->10.22 t=2.7s
[DONE] fit__3732__denoise__boundary_probe__nes__l0.5 calls=1021 margin 6.47->1.77 t=2.6s
[DONE] fit__3732__denoise__counterfactual__nes__l0.5 calls=1021 margin 6.47->1.44 t=2.7s
[DONE] fit__3732__deblur__attack__nes__l1 calls=1021 margin 6.78->-0.55 t=2.6s
[DONE] fit__3732__deblur__restore__nes__l1 calls=1021 margin 6.78->8.02 t=2.7s
[DONE] fit__3732__deblur__random_walk__random_walk__l1 calls=1024 margin 6.78->8.79 t=3.6s
[DONE] fit__3732__deblur__confidence_boost__nes__l1 calls=1021 margin 6.78->12.80 t=2.4s
[DONE] fit__3732__deblur__boundary_probe__nes__l1 calls=1021 margin 6.78->0.37 t=2.3s
[DONE] fit__3732__deblur__counterfactual__nes__l1 calls=1021 margin 6.78->-0.87 t=2.2s
[DONE] fit__8575__denoise__attack__nes__l0.5 calls=1021 margin 3.82->-2.50 t=2.2s
[DONE] fit__8575__denoise__restore__nes__l0.5 calls=1021 margin 3.82->3.56 t=2.3s
[DONE] fit__8575__denoise__random_walk__random_walk__l0.5 calls=1024 margin 3.82->2.79 t=3.0s
[DONE] fit__8575__denoise__confidence_boost__nes__l0.5 calls=1021 margin 3.82->9.00 t=2.3s
[DONE] fit__8575__denoise__boundary_probe__nes__l0.5 calls=1021 margin 3.82->0.01 t=2.2s
[DONE] fit__8575__denoise__counterfactual__nes__l0.5 calls=1021 margin 3.82->-2.55 t=2.3s
[DONE] fit__8575__deblur__attack__nes__l1 calls=1021 margin 7.11->-2.62 t=2.2s
[DONE] fit__8575__deblur__restore__nes__l1 calls=1021 margin 7.11->7.98 t=2.1s
[DONE] fit__8575__deblur__random_walk__random_walk__l1 calls=1024 margin 7.11->6.84 t=2.9s
[DONE] fit__8575__deblur__confidence_boost__nes__l1 calls=1021 margin 7.11->12.81 t=2.1s
[DONE] fit__8575__deblur__boundary_probe__nes__l1 calls=1021 margin 7.11->0.00 t=2.1s
[DONE] fit__8575__deblur__counterfactual__nes__l1 calls=1021 margin 7.11->1.01 t=2.1s
