[denoise boundary_probe 128] done
[denoise boundary_probe 256] done
[denoise boundary_probe 512] done
[denoise boundary_probe 1024] done
[denoise boundary_probe attack_truncated] done
[denoise boundary_probe pre_either_flip] done
[denoise confidence_boost 128] done
[denoise confidence_boost 256] done
[denoise confidence_boost 512] done
[denoise confidence_boost 1024] done
[denoise confidence_boost attack_truncated] done
[denoise confidence_boost pre_either_flip] done
[denoise counterfactual 128] done
[denoise counterfactual 256] done
[denoise counterfactual 512] done
[denoise counterfactual 1024] done
[denoise counterfactual attack_truncated] done
[denoise counterfactual pre_either_flip] done
[denoise random_walk 128] done
[denoise random_walk 256] done
[denoise random_walk 512] done
[denoise random_walk 1024] done
[denoise random_walk attack_truncated] done
[denoise random_walk pre_either_flip] done
[denoise restore 128] done
[denoise restore 256] done
[denoise restore 512] done
[denoise restore 1024] done
[denoise restore attack_truncated] done
[denoise restore pre_either_flip] done
[deblur boundary_probe 128] done
[deblur boundary_probe 256] done
[deblur boundary_probe 512] done
[deblur boundary_probe 1024] done
[deblur boundary_probe attack_truncated] done
[deblur boundary_probe pre_either_flip] done
[deblur confidence_boost 128] done
[deblur confidence_boost 256] done
[deblur confidence_boost 512] done
[deblur confidence_boost 1024] done
[deblur confidence_boost attack_truncated] done
[deblur confidence_boost pre_either_flip] done
[deblur counterfactual 128] done
[deblur counterfactual 256] done
[deblur counterfactual 512] done
[deblur counterfactual 1024] done
[deblur counterfactual attack_truncated] done
[deblur counterfactual pre_either_flip] done
[deblur random_walk 128] done
[deblur random_walk 256] done
[deblur random_walk 512] done
[deblur random_walk 1024] done
[deblur random_walk attack_truncated] done
[deblur random_walk pre_either_flip] done
[deblur restore 128] done
[deblur restore 256] done
[deblur restore 512] done
[deblur restore 1024] done
[deblur restore attack_truncated] done
[deblur restore pre_either_flip] done
                             n  label_preserved  reached_target  start_p  final_p  final_margin  psnr_gain  blacklight_alarm  gwad_plus_native_alarm
workload objective                                                                                                                                  
deblur   attack            300            0.207           0.413    0.960    0.034        -3.107     -3.318             0.290                     1.0
         boundary_probe    300            1.000           0.000    0.960    0.476         0.020     -2.246             0.423                     1.0
         confidence_boost  300            1.000           0.000    0.960    1.000         8.521     -3.189             0.360                     1.0
         counterfactual    300            0.263           0.733    0.960    0.116        -1.885     -3.279             0.360                     1.0
         random_walk       300            0.967           0.027    0.960    0.952         3.664     -3.538             0.967                     1.0
         restore           300            1.000           0.000    0.960    0.960         3.924      0.000             0.667                     1.0
denoise  attack            300            0.167           0.453    0.922    0.015        -3.747     -0.339             0.377                     1.0
         boundary_probe    300            1.000           0.000    0.922    0.450         0.016     -0.210             0.520                     1.0
         confidence_boost  300            1.000           0.000    0.922    0.999         8.012     -0.326             0.387                     1.0
         counterfactual    300            0.207           0.793    0.922    0.064        -2.551     -0.330             0.400                     1.0
         random_walk       300            0.970           0.020    0.922    0.926         3.082     -0.345             0.953                     1.0
         restore           300            1.000           0.000    0.922    0.922         3.169      0.000             0.740                     1.0
workload                                  deblur                                                    denoise                                                   
prefix                                      1024   128   256   512 attack_truncated pre_either_flip    1024   128   256   512 attack_truncated pre_either_flip
negative         detector                                                                                                                                     
boundary_probe   logreg:blacklight          0.59  0.50  0.48  0.53             0.51            0.52    0.60  0.44  0.52  0.59             0.48            0.47
                 logreg:gwad_plus           0.84   NaN   NaN  0.75              NaN             NaN    0.87   NaN   NaN  0.78              NaN             NaN
                 logreg:output_trajectory   0.96  0.59  0.73  0.89             0.86            0.62    0.96  0.67  0.77  0.91             0.84            0.64
                 logreg:query_only_all      0.84  0.50  0.48  0.76             0.51            0.52    0.87  0.44  0.52  0.78             0.48            0.47
confidence_boost logreg:blacklight          0.54  0.50  0.50  0.46             0.50            0.50    0.54  0.46  0.51  0.51             0.49            0.49
                 logreg:gwad_plus           0.60   NaN   NaN  0.57              NaN             NaN    0.62   NaN   NaN  0.53              NaN             NaN
                 logreg:output_trajectory   1.00  1.00  1.00  1.00             0.99            0.99    1.00  1.00  1.00  1.00             0.99            0.99
                 logreg:query_only_all      0.60  0.50  0.50  0.54             0.50            0.50    0.62  0.46  0.51  0.54             0.49            0.49
counterfactual   logreg:blacklight          0.52  0.52  0.47  0.46             0.48            0.47    0.53  0.46  0.49  0.48             0.48            0.50
                 logreg:gwad_plus           0.52   NaN   NaN  0.52              NaN             NaN    0.59   NaN   NaN  0.54              NaN             NaN
                 logreg:output_trajectory   0.81  0.61  0.68  0.73             0.80            0.67    0.84  0.71  0.74  0.78             0.86            0.70
                 logreg:query_only_all      0.53  0.52  0.47  0.50             0.48            0.47    0.59  0.46  0.49  0.52             0.48            0.50
random_walk      logreg:blacklight          1.00  1.00  1.00  1.00             1.00            1.00    1.00  1.00  1.00  1.00             1.00            1.00
                 logreg:gwad_plus           1.00   NaN   NaN  1.00              NaN             NaN    1.00   NaN   NaN  1.00              NaN             NaN
                 logreg:output_trajectory   1.00  0.95  0.99  1.00             0.98            0.97    1.00  0.98  1.00  1.00             0.98            0.98
                 logreg:query_only_all      1.00  1.00  1.00  1.00             1.00            1.00    1.00  1.00  1.00  1.00             1.00            1.00
restore          logreg:blacklight          0.73  0.63  0.72  0.75             0.63            0.64    0.81  0.67  0.78  0.80             0.65            0.65
                 logreg:gwad_plus           0.99   NaN   NaN  0.98              NaN             NaN    1.00   NaN   NaN  1.00              NaN             NaN
                 logreg:output_trajectory   1.00  1.00  1.00  1.00             0.98            0.98    1.00  1.00  1.00  1.00             1.00            1.00
                 logreg:query_only_all      0.99  0.63  0.72  0.98             0.63            0.64    1.00  0.67  0.78  1.00             0.65            0.65
