Traceback (most recent call last):
  File "/home/sepi/projects/MCG-Blackbox/experiments/gate_trajectory_signatures/run_specificity_workloads.py", line 439, in <module>
    main()
  File "/home/sepi/projects/MCG-Blackbox/experiments/gate_trajectory_signatures/run_specificity_workloads.py", line 404, in main
    start = corruption(clean, workload, int(row.dataset_index), args.seed)
            ^^^^^^^^^^^^^^^^^^^^^^^^^^^^^^^^^^^^^^^^^^^^^^^^^^^^^^^^^^^^^^
  File "/home/sepi/projects/MCG-Blackbox/experiments/gate_trajectory_signatures/run_stateful_specificity_sessions.py", line 73, in corruption
    return (clean + (16.0 / 255.0) * noise).clamp(0, 1)
                    ~~~~~~~~~~~~~~~^~~~~~~
RuntimeError: CUDA error: out of memory
CUDA kernel errors might be asynchronously reported at some other API call, so the stacktrace below might be incorrect.
For debugging consider passing CUDA_LAUNCH_BLOCKING=1
Compile with `TORCH_USE_CUDA_DSA` to enable device-side assertions.

[DONE] evaluation__1501__denoise__attack__nes__l0.5 calls=1021 margin 0.37->-3.65 t=90.8s
[DONE] evaluation__1501__denoise__restore__nes__l0.5 calls=1021 margin 0.37->0.37 t=92.4s
[DONE] evaluation__1501__denoise__random_walk__random_walk__l0.5 calls=1024 margin 0.37->0.41 t=93.6s
[DONE] evaluation__1501__denoise__confidence_boost__nes__l0.5 calls=1021 margin 0.37->5.88 t=89.4s
[DONE] evaluation__1501__denoise__boundary_probe__nes__l0.5 calls=1021 margin 0.37->0.02 t=90.3s
[DONE] evaluation__1501__denoise__counterfactual__nes__l0.5 calls=1021 margin 0.37->-3.28 t=90.0s
[DONE] evaluation__1501__deblur__attack__nes__l1 calls=1021 margin 0.38->-3.02 t=91.9s
[DONE] evaluation__1501__deblur__restore__nes__l1 calls=1021 margin 0.38->0.38 t=90.3s
[DONE] evaluation__1501__deblur__random_walk__random_walk__l1 calls=1024 margin 0.38->0.25 t=94.0s
[DONE] evaluation__1501__deblur__confidence_boost__nes__l1 calls=1021 margin 0.38->4.20 t=89.4s
[DONE] evaluation__1501__deblur__boundary_probe__nes__l1 calls=1021 margin 0.38->0.00 t=89.4s
[DONE] evaluation__1501__deblur__counterfactual__nes__l1 calls=1021 margin 0.38->-3.28 t=90.9s
[DONE] evaluation__3006__denoise__attack__nes__l0.5 calls=1021 margin 1.44->-3.31 t=89.9s
[DONE] evaluation__3006__denoise__restore__nes__l0.5 calls=1021 margin 1.44->1.44 t=89.6s
[DONE] evaluation__3006__denoise__random_walk__random_walk__l0.5 calls=1024 margin 1.44->1.56 t=93.6s
[DONE] evaluation__3006__denoise__confidence_boost__nes__l0.5 calls=1021 margin 1.44->4.39 t=90.0s
[DONE] evaluation__3006__denoise__boundary_probe__nes__l0.5 calls=1021 margin 1.44->0.00 t=89.6s
[DONE] evaluation__3006__denoise__counterfactual__nes__l0.5 calls=1021 margin 1.44->-3.29 t=91.2s
[DONE] evaluation__3006__deblur__attack__nes__l1 calls=1021 margin 2.69->-3.35 t=89.8s
[DONE] evaluation__3006__deblur__restore__nes__l1 calls=1021 margin 2.69->2.69 t=88.9s
[DONE] evaluation__3006__deblur__random_walk__random_walk__l1 calls=1024 margin 2.69->2.85 t=92.6s
[DONE] evaluation__3006__deblur__confidence_boost__nes__l1 calls=1021 margin 2.69->5.02 t=89.5s
[DONE] evaluation__3006__deblur__boundary_probe__nes__l1 calls=1021 margin 2.69->0.01 t=89.4s
[DONE] evaluation__3006__deblur__counterfactual__nes__l1 calls=1021 margin 2.69->-3.15 t=89.2s
[DONE] evaluation__5401__denoise__attack__nes__l0.5 calls=1021 margin 1.39->-4.84 t=89.4s
[DONE] evaluation__5401__denoise__restore__nes__l0.5 calls=1021 margin 1.39->1.39 t=90.8s
[DONE] evaluation__5401__denoise__random_walk__random_walk__l0.5 calls=1024 margin 1.39->1.19 t=92.3s
[DONE] evaluation__5401__denoise__confidence_boost__nes__l0.5 calls=1021 margin 1.39->5.18 t=89.5s
[DONE] evaluation__5401__denoise__boundary_probe__nes__l0.5 calls=1021 margin 1.39->0.01 t=89.6s
[DONE] evaluation__5401__denoise__counterfactual__nes__l0.5 calls=1021 margin 1.39->-2.92 t=90.1s
[DONE] evaluation__5401__deblur__attack__nes__l1 calls=1021 margin 0.50->-3.23 t=89.3s
[DONE] evaluation__5401__deblur__restore__nes__l1 calls=1021 margin 0.50->0.50 t=88.9s
[DONE] evaluation__5401__deblur__random_walk__random_walk__l1 calls=1024 margin 0.50->0.06 t=92.3s
[DONE] evaluation__5401__deblur__confidence_boost__nes__l1 calls=1021 margin 0.50->6.59 t=89.3s
[DONE] evaluation__5401__deblur__boundary_probe__nes__l1 calls=1021 margin 0.50->0.01 t=89.9s
[DONE] evaluation__5401__deblur__counterfactual__nes__l1 calls=1021 margin 0.50->-2.95 t=89.9s
[DONE] evaluation__7055__denoise__attack__nes__l0.5 calls=1021 margin 5.72->-4.49 t=91.2s
[DONE] evaluation__7055__denoise__restore__nes__l0.5 calls=1021 margin 5.72->5.72 t=89.7s
[DONE] evaluation__7055__denoise__random_walk__random_walk__l0.5 calls=1024 margin 5.72->5.98 t=92.5s
[DONE] evaluation__7055__denoise__confidence_boost__nes__l0.5 calls=1021 margin 5.72->14.18 t=89.4s
[DONE] evaluation__7055__denoise__boundary_probe__nes__l0.5 calls=1021 margin 5.72->0.00 t=89.4s
[DONE] evaluation__7055__denoise__counterfactual__nes__l0.5 calls=1021 margin 5.72->-2.53 t=90.0s
[DONE] evaluation__7055__deblur__attack__nes__l1 calls=1021 margin 6.67->-4.60 t=89.5s
[DONE] evaluation__7055__deblur__restore__nes__l1 calls=1021 margin 6.67->6.67 t=89.5s
[DONE] evaluation__7055__deblur__random_walk__random_walk__l1 calls=1024 margin 6.67->6.25 t=92.4s
[DONE] evaluation__7055__deblur__confidence_boost__nes__l1 calls=1021 margin 6.67->14.59 t=88.9s
[DONE] evaluation__7055__deblur__boundary_probe__nes__l1 calls=1021 margin 6.67->0.01 t=88.9s
[DONE] evaluation__7055__deblur__counterfactual__nes__l1 calls=1021 margin 6.67->-1.82 t=88.8s
[DONE] evaluation__8295__denoise__attack__nes__l0.5 calls=1021 margin 3.28->-2.92 t=89.6s
[DONE] evaluation__8295__denoise__restore__nes__l0.5 calls=1021 margin 3.28->3.28 t=89.3s
[DONE] evaluation__8295__denoise__random_walk__random_walk__l0.5 calls=1024 margin 3.28->3.05 t=92.7s
[DONE] evaluation__8295__denoise__confidence_boost__nes__l0.5 calls=1021 margin 3.28->7.38 t=89.2s
[DONE] evaluation__8295__denoise__boundary_probe__nes__l0.5 calls=1021 margin 3.28->0.01 t=89.3s
[DONE] evaluation__8295__denoise__counterfactual__nes__l0.5 calls=1021 margin 3.28->-1.85 t=88.6s
[DONE] evaluation__8295__deblur__attack__nes__l1 calls=1021 margin 3.36->-2.06 t=89.0s
[DONE] evaluation__8295__deblur__restore__nes__l1 calls=1021 margin 3.36->3.36 t=88.8s
[DONE] evaluation__8295__deblur__random_walk__random_walk__l1 calls=1024 margin 3.36->4.10 t=92.5s
[DONE] evaluation__8295__deblur__confidence_boost__nes__l1 calls=1021 margin 3.36->7.69 t=88.2s
[DONE] evaluation__8295__deblur__boundary_probe__nes__l1 calls=1021 margin 3.36->0.01 t=87.9s
[DONE] evaluation__8295__deblur__counterfactual__nes__l1 calls=1021 margin 3.36->-2.05 t=87.6s
[DONE] evaluation__11873__denoise__attack__nes__l0.5 calls=1021 margin 6.20->-0.59 t=88.5s
[DONE] evaluation__11873__denoise__restore__nes__l0.5 calls=1021 margin 6.20->6.20 t=87.7s
[DONE] evaluation__11873__denoise__random_walk__random_walk__l0.5 calls=1024 margin 6.20->6.49 t=91.2s
[DONE] evaluation__11873__denoise__confidence_boost__nes__l0.5 calls=1021 margin 6.20->11.36 t=88.3s
[DONE] evaluation__11873__denoise__boundary_probe__nes__l0.5 calls=1021 margin 6.20->0.00 t=88.5s
[DONE] evaluation__11873__denoise__counterfactual__nes__l0.5 calls=1021 margin 6.20->-0.59 t=88.0s
[DONE] evaluation__11873__deblur__attack__nes__l1 calls=1021 margin 1.92->-3.28 t=87.8s
[DONE] evaluation__11873__deblur__restore__nes__l1 calls=1021 margin 1.92->1.92 t=87.5s
[DONE] evaluation__11873__deblur__random_walk__random_walk__l1 calls=1024 margin 1.92->4.14 t=91.8s
[DONE] evaluation__11873__deblur__confidence_boost__nes__l1 calls=1021 margin 1.92->7.74 t=90.9s
[DONE] evaluation__11873__deblur__boundary_probe__nes__l1 calls=1021 margin 1.92->0.01 t=91.0s
[DONE] evaluation__11873__deblur__counterfactual__nes__l1 calls=1021 margin 1.92->-3.72 t=89.4s
[DONE] evaluation__13327__denoise__attack__nes__l0.5 calls=1021 margin 1.12->-0.82 t=90.2s
[DONE] evaluation__13327__denoise__restore__nes__l0.5 calls=1021 margin 1.12->1.12 t=89.1s
[DONE] evaluation__13327__denoise__random_walk__random_walk__l0.5 calls=1024 margin 1.12->1.20 t=91.5s
[DONE] evaluation__13327__denoise__confidence_boost__nes__l0.5 calls=1021 margin 1.12->3.35 t=88.1s
[DONE] evaluation__13327__denoise__boundary_probe__nes__l0.5 calls=1021 margin 1.12->0.00 t=88.3s
[DONE] evaluation__13327__denoise__counterfactual__nes__l0.5 calls=1021 margin 1.12->-0.70 t=89.0s
[DONE] evaluation__13327__deblur__attack__nes__l1 calls=1021 margin 1.65->-1.84 t=88.7s
[DONE] evaluation__13327__deblur__restore__nes__l1 calls=1021 margin 1.65->1.65 t=88.5s
[DONE] evaluation__13327__deblur__random_walk__random_walk__l1 calls=1024 margin 1.65->1.51 t=92.4s
[DONE] evaluation__13327__deblur__confidence_boost__nes__l1 calls=1021 margin 1.65->3.15 t=88.2s
[DONE] evaluation__13327__deblur__boundary_probe__nes__l1 calls=1021 margin 1.65->0.00 t=88.0s
[DONE] evaluation__13327__deblur__counterfactual__nes__l1 calls=1021 margin 1.65->-2.71 t=88.2s
[DONE] evaluation__15365__denoise__attack__nes__l0.5 calls=1021 margin 6.18->0.05 t=88.5s
[DONE] evaluation__15365__denoise__restore__nes__l0.5 calls=1021 margin 6.18->6.18 t=88.5s
[DONE] evaluation__15365__denoise__random_walk__random_walk__l0.5 calls=1024 margin 6.18->5.52 t=90.9s
[DONE] evaluation__15365__denoise__confidence_boost__nes__l0.5 calls=1021 margin 6.18->11.88 t=88.4s
[DONE] evaluation__15365__denoise__boundary_probe__nes__l0.5 calls=1021 margin 6.18->0.09 t=88.3s
[DONE] evaluation__15365__denoise__counterfactual__nes__l0.5 calls=1021 margin 6.18->-0.81 t=87.7s
[DONE] evaluation__15365__deblur__attack__nes__l1 calls=1021 margin 5.38->0.14 t=87.7s
[DONE] evaluation__15365__deblur__restore__nes__l1 calls=1021 margin 5.38->5.38 t=87.8s
[DONE] evaluation__15365__deblur__random_walk__random_walk__l1 calls=1024 margin 5.38->5.88 t=91.3s
[DONE] evaluation__15365__deblur__confidence_boost__nes__l1 calls=1021 margin 5.38->12.65 t=87.9s
[DONE] evaluation__15365__deblur__boundary_probe__nes__l1 calls=1021 margin 5.38->0.02 t=88.0s
[DONE] evaluation__15365__deblur__counterfactual__nes__l1 calls=1021 margin 5.38->-0.42 t=89.7s
[DONE] evaluation__18802__denoise__attack__nes__l0.5 calls=1021 margin 10.54->2.46 t=87.7s
[DONE] evaluation__18802__denoise__restore__nes__l0.5 calls=1021 margin 10.54->10.54 t=87.8s
[DONE] evaluation__18802__denoise__random_walk__random_walk__l0.5 calls=1024 margin 10.54->10.15 t=93.5s
[DONE] evaluation__18802__denoise__confidence_boost__nes__l0.5 calls=1021 margin 10.54->16.08 t=88.0s
[DONE] evaluation__18802__denoise__boundary_probe__nes__l0.5 calls=1021 margin 10.54->2.73 t=88.2s
[DONE] evaluation__18802__denoise__counterfactual__nes__l0.5 calls=1021 margin 10.54->1.87 t=88.8s
[DONE] evaluation__18802__deblur__attack__nes__l1 calls=1021 margin 9.78->1.40 t=88.1s
[DONE] evaluation__18802__deblur__restore__nes__l1 calls=1021 margin 9.78->9.78 t=87.7s
[DONE] evaluation__18802__deblur__random_walk__random_walk__l1 calls=1024 margin 9.78->11.42 t=92.1s
[DONE] evaluation__18802__deblur__confidence_boost__nes__l1 calls=1021 margin 9.78->15.31 t=88.4s
[DONE] evaluation__18802__deblur__boundary_probe__nes__l1 calls=1021 margin 9.78->0.73 t=88.3s
[DONE] evaluation__18802__deblur__counterfactual__nes__l1 calls=1021 margin 9.78->2.00 t=88.6s
[DONE] evaluation__21161__denoise__attack__nes__l0.5 calls=1021 margin 3.97->1.53 t=89.5s
[DONE] evaluation__21161__denoise__restore__nes__l0.5 calls=1021 margin 3.97->3.97 t=88.8s
[DONE] evaluation__21161__denoise__random_walk__random_walk__l0.5 calls=1024 margin 3.97->4.29 t=91.4s
[DONE] evaluation__21161__denoise__confidence_boost__nes__l0.5 calls=1021 margin 3.97->8.41 t=88.4s
[DONE] evaluation__21161__denoise__boundary_probe__nes__l0.5 calls=1021 margin 3.97->1.30 t=88.5s
[DONE] evaluation__21161__denoise__counterfactual__nes__l0.5 calls=1021 margin 3.97->1.39 t=88.8s
[DONE] evaluation__21161__deblur__attack__nes__l1 calls=1021 margin 4.07->-4.62 t=87.6s
[DONE] evaluation__21161__deblur__restore__nes__l1 calls=1021 margin 4.07->4.07 t=88.1s
[DONE] evaluation__21161__deblur__random_walk__random_walk__l1 calls=1024 margin 4.07->3.31 t=92.3s
[DONE] evaluation__21161__deblur__confidence_boost__nes__l1 calls=1021 margin 4.07->8.97 t=88.4s
[DONE] evaluation__21161__deblur__boundary_probe__nes__l1 calls=1021 margin 4.07->2.10 t=88.9s
[DONE] evaluation__21161__deblur__counterfactual__nes__l1 calls=1021 margin 4.07->1.96 t=89.9s
[DONE] evaluation__25554__denoise__attack__nes__l0.5 calls=1021 margin 3.87->-1.23 t=88.7s
[DONE] evaluation__25554__denoise__restore__nes__l0.5 calls=1021 margin 3.87->3.87 t=88.0s
[DONE] evaluation__25554__denoise__random_walk__random_walk__l0.5 calls=1024 margin 3.87->3.83 t=91.6s
[DONE] evaluation__25554__denoise__confidence_boost__nes__l0.5 calls=1021 margin 3.87->7.93 t=88.4s
[DONE] evaluation__25554__denoise__boundary_probe__nes__l0.5 calls=1021 margin 3.87->0.25 t=88.1s
[DONE] evaluation__25554__denoise__counterfactual__nes__l0.5 calls=1021 margin 3.87->0.61 t=88.2s
[DONE] evaluation__25554__deblur__attack__nes__l1 calls=1021 margin 3.20->0.13 t=88.3s
[DONE] evaluation__25554__deblur__restore__nes__l1 calls=1021 margin 3.20->3.20 t=88.1s
[DONE] evaluation__25554__deblur__random_walk__random_walk__l1 calls=1024 margin 3.20->3.75 t=91.2s
[DONE] evaluation__25554__deblur__confidence_boost__nes__l1 calls=1021 margin 3.20->8.05 t=88.3s
[DONE] evaluation__25554__deblur__boundary_probe__nes__l1 calls=1021 margin 3.20->0.05 t=88.1s
[DONE] evaluation__25554__deblur__counterfactual__nes__l1 calls=1021 margin 3.20->0.07 t=87.9s
[DONE] evaluation__26756__denoise__attack__nes__l0.5 calls=1021 margin 2.88->-4.72 t=88.7s
[DONE] evaluation__26756__denoise__restore__nes__l0.5 calls=1021 margin 2.88->2.88 t=88.7s
[DONE] evaluation__26756__denoise__random_walk__random_walk__l0.5 calls=1024 margin 2.88->2.90 t=92.2s
[DONE] evaluation__26756__denoise__confidence_boost__nes__l0.5 calls=1021 margin 2.88->9.95 t=88.2s
[DONE] evaluation__26756__denoise__boundary_probe__nes__l0.5 calls=1021 margin 2.88->0.01 t=90.2s
[DONE] evaluation__26756__denoise__counterfactual__nes__l0.5 calls=1021 margin 2.88->-4.10 t=89.0s
[DONE] evaluation__26756__deblur__attack__nes__l1 calls=1021 margin 4.98->0.38 t=88.0s
[DONE] evaluation__26756__deblur__restore__nes__l1 calls=1021 margin 4.98->4.98 t=87.9s
[DONE] evaluation__26756__deblur__random_walk__random_walk__l1 calls=1024 margin 4.98->3.94 t=92.8s
[DONE] evaluation__26756__deblur__confidence_boost__nes__l1 calls=1021 margin 4.98->12.08 t=87.7s
[DONE] evaluation__26756__deblur__boundary_probe__nes__l1 calls=1021 margin 4.98->0.35 t=87.4s
[DONE] evaluation__26756__deblur__counterfactual__nes__l1 calls=1021 margin 4.98->0.39 t=87.9s
[DONE] evaluation__28204__denoise__attack__nes__l0.5 calls=1021 margin 1.01->-7.94 t=87.6s
[DONE] evaluation__28204__denoise__restore__nes__l0.5 calls=1021 margin 1.01->1.01 t=87.1s
[DONE] evaluation__28204__denoise__random_walk__random_walk__l0.5 calls=1024 margin 1.01->0.60 t=91.1s
[DONE] evaluation__28204__denoise__confidence_boost__nes__l0.5 calls=1021 margin 1.01->7.98 t=87.8s
[DONE] evaluation__28204__denoise__boundary_probe__nes__l0.5 calls=1021 margin 1.01->0.01 t=87.7s
[DONE] evaluation__28204__denoise__counterfactual__nes__l0.5 calls=1021 margin 1.01->-4.94 t=89.1s
[DONE] evaluation__28204__deblur__attack__nes__l1 calls=1021 margin 8.65->2.27 t=87.5s
[DONE] evaluation__28204__deblur__restore__nes__l1 calls=1021 margin 8.65->8.65 t=87.5s
[DONE] evaluation__28204__deblur__random_walk__random_walk__l1 calls=1024 margin 8.65->6.78 t=91.1s
[DONE] evaluation__28204__deblur__confidence_boost__nes__l1 calls=1021 margin 8.65->14.14 t=86.8s
[DONE] evaluation__28204__deblur__boundary_probe__nes__l1 calls=1021 margin 8.65->2.14 t=87.2s
[DONE] evaluation__28204__deblur__counterfactual__nes__l1 calls=1021 margin 8.65->2.42 t=87.3s
[DONE] evaluation__30070__denoise__attack__nes__l0.5 calls=1021 margin 1.18->-12.91 t=87.9s
[DONE] evaluation__30070__denoise__restore__nes__l0.5 calls=1021 margin 1.18->1.18 t=87.6s
[DONE] evaluation__30070__denoise__random_walk__random_walk__l0.5 calls=1024 margin 1.18->1.41 t=91.4s
[DONE] evaluation__30070__denoise__confidence_boost__nes__l0.5 calls=1021 margin 1.18->5.02 t=89.6s
[DONE] evaluation__30070__denoise__boundary_probe__nes__l0.5 calls=1021 margin 1.18->0.12 t=87.6s
[DONE] evaluation__30070__denoise__counterfactual__nes__l0.5 calls=1021 margin 1.18->-0.89 t=88.0s
[DONE] evaluation__30070__deblur__attack__nes__l1 calls=1021 margin 2.21->-5.80 t=87.0s
[DONE] evaluation__30070__deblur__restore__nes__l1 calls=1021 margin 2.21->2.21 t=87.3s
[DONE] evaluation__30070__deblur__random_walk__random_walk__l1 calls=1024 margin 2.21->0.61 t=90.9s
[DONE] evaluation__30070__deblur__confidence_boost__nes__l1 calls=1021 margin 2.21->5.72 t=87.7s
[DONE] evaluation__30070__deblur__boundary_probe__nes__l1 calls=1021 margin 2.21->0.01 t=87.6s
[DONE] evaluation__30070__deblur__counterfactual__nes__l1 calls=1021 margin 2.21->-2.26 t=87.6s
[DONE] evaluation__32810__denoise__attack__nes__l0.5 calls=1021 margin 0.48->-9.76 t=88.0s
[DONE] evaluation__32810__denoise__restore__nes__l0.5 calls=1021 margin 0.48->0.48 t=87.1s
[DONE] evaluation__32810__denoise__random_walk__random_walk__l0.5 calls=1024 margin 0.48->0.37 t=90.8s
[DONE] evaluation__32810__denoise__confidence_boost__nes__l0.5 calls=1021 margin 0.48->5.81 t=87.7s
[DONE] evaluation__32810__denoise__boundary_probe__nes__l0.5 calls=1021 margin 0.48->0.03 t=87.6s
[DONE] evaluation__32810__denoise__counterfactual__nes__l0.5 calls=1021 margin 0.48->-4.41 t=87.5s
[DONE] evaluation__32810__deblur__attack__nes__l1 calls=1021 margin 0.17->-7.97 t=87.5s
[DONE] evaluation__32810__deblur__restore__nes__l1 calls=1021 margin 0.17->0.17 t=87.1s
[DONE] evaluation__32810__deblur__random_walk__random_walk__l1 calls=1024 margin 0.17->1.16 t=90.8s
[DONE] evaluation__32810__deblur__confidence_boost__nes__l1 calls=1021 margin 0.17->5.34 t=87.5s
[DONE] evaluation__32810__deblur__boundary_probe__nes__l1 calls=1021 margin 0.17->0.01 t=87.3s
[DONE] evaluation__32810__deblur__counterfactual__nes__l1 calls=1021 margin 0.17->-4.38 t=87.4s
[DONE] evaluation__36540__denoise__attack__nes__l0.5 calls=1021 margin 8.07->1.33 t=87.8s
[DONE] evaluation__36540__denoise__restore__nes__l0.5 calls=1021 margin 8.07->8.07 t=87.2s
[DONE] evaluation__36540__denoise__random_walk__random_walk__l0.5 calls=1024 margin 8.07->8.39 t=91.0s
[DONE] evaluation__36540__denoise__confidence_boost__nes__l0.5 calls=1021 margin 8.07->12.43 t=88.8s
[DONE] evaluation__36540__denoise__boundary_probe__nes__l0.5 calls=1021 margin 8.07->1.52 t=88.9s
[DONE] evaluation__36540__denoise__counterfactual__nes__l0.5 calls=1021 margin 8.07->1.42 t=88.6s
[DONE] evaluation__36540__deblur__attack__nes__l1 calls=1021 margin 7.99->0.69 t=88.5s
[DONE] evaluation__36540__deblur__restore__nes__l1 calls=1021 margin 7.99->7.99 t=88.3s
[DONE] evaluation__36540__deblur__random_walk__random_walk__l1 calls=1024 margin 7.99->7.54 t=91.3s
[DONE] evaluation__36540__deblur__confidence_boost__nes__l1 calls=1021 margin 7.99->9.76 t=87.6s
[DONE] evaluation__36540__deblur__boundary_probe__nes__l1 calls=1021 margin 7.99->0.49 t=88.0s
[DONE] evaluation__36540__deblur__counterfactual__nes__l1 calls=1021 margin 7.99->0.25 t=88.0s
[DONE] evaluation__39152__denoise__attack__nes__l0.5 calls=1021 margin 5.19->-5.15 t=88.1s
[DONE] evaluation__39152__denoise__restore__nes__l0.5 calls=1021 margin 5.19->5.19 t=88.2s
[DONE] evaluation__39152__denoise__random_walk__random_walk__l0.5 calls=1024 margin 5.19->5.23 t=91.1s
[DONE] evaluation__39152__denoise__confidence_boost__nes__l0.5 calls=1021 margin 5.19->10.84 t=87.4s
[DONE] evaluation__39152__denoise__boundary_probe__nes__l0.5 calls=1021 margin 5.19->0.03 t=87.7s
[DONE] evaluation__39152__denoise__counterfactual__nes__l0.5 calls=1021 margin 5.19->-4.06 t=87.9s
[DONE] evaluation__39152__deblur__attack__nes__l1 calls=1021 margin 2.72->-6.74 t=89.5s
[DONE] evaluation__39152__deblur__restore__nes__l1 calls=1021 margin 2.72->2.72 t=87.6s
[DONE] evaluation__39152__deblur__random_walk__random_walk__l1 calls=1024 margin 2.72->2.39 t=91.0s
[DONE] evaluation__39152__deblur__confidence_boost__nes__l1 calls=1021 margin 2.72->9.56 t=87.8s
[DONE] evaluation__39152__deblur__boundary_probe__nes__l1 calls=1021 margin 2.72->0.01 t=87.8s
[DONE] evaluation__39152__deblur__counterfactual__nes__l1 calls=1021 margin 2.72->-4.74 t=88.1s
[DONE] evaluation__42857__denoise__attack__nes__l0.5 calls=1021 margin 3.41->-4.86 t=89.3s
[DONE] evaluation__42857__denoise__restore__nes__l0.5 calls=1021 margin 3.41->3.41 t=90.5s
[DONE] evaluation__42857__denoise__random_walk__random_walk__l0.5 calls=1024 margin 3.41->2.84 t=92.2s
[DONE] evaluation__42857__denoise__confidence_boost__nes__l0.5 calls=1021 margin 3.41->8.31 t=87.9s
[DONE] evaluation__42857__denoise__boundary_probe__nes__l0.5 calls=1021 margin 3.41->0.01 t=87.3s
[DONE] evaluation__42857__denoise__counterfactual__nes__l0.5 calls=1021 margin 3.41->-4.56 t=88.0s
[DONE] evaluation__42857__deblur__attack__nes__l1 calls=1021 margin 2.15->-4.36 t=88.7s
[DONE] evaluation__42857__deblur__restore__nes__l1 calls=1021 margin 2.15->2.15 t=87.9s
[DONE] evaluation__42857__deblur__random_walk__random_walk__l1 calls=1024 margin 2.15->1.76 t=93.1s
[DONE] evaluation__42857__deblur__confidence_boost__nes__l1 calls=1021 margin 2.15->7.16 t=87.4s
[DONE] evaluation__42857__deblur__boundary_probe__nes__l1 calls=1021 margin 2.15->0.01 t=86.9s
[DONE] evaluation__42857__deblur__counterfactual__nes__l1 calls=1021 margin 2.15->-3.51 t=88.1s
[DONE] evaluation__44257__denoise__attack__nes__l0.5 calls=1021 margin 0.06->-3.41 t=87.4s
[DONE] evaluation__44257__denoise__restore__nes__l0.5 calls=1021 margin 0.06->0.15 t=86.8s
[DONE] evaluation__44257__denoise__random_walk__random_walk__l0.5 calls=1024 margin 0.06->-0.05 t=90.9s
[DONE] evaluation__44257__denoise__confidence_boost__nes__l0.5 calls=1021 margin 0.06->3.42 t=87.5s
[DONE] evaluation__44257__denoise__boundary_probe__nes__l0.5 calls=1021 margin 0.06->0.00 t=87.8s
[DONE] evaluation__44257__denoise__counterfactual__nes__l0.5 calls=1021 margin 0.06->-3.50 t=87.5s
[DONE] evaluation__44257__deblur__attack__nes__l1 calls=1021 margin 1.66->-2.41 t=87.6s
[DONE] evaluation__44257__deblur__restore__nes__l1 calls=1021 margin 1.66->1.66 t=87.0s
[DONE] evaluation__44257__deblur__random_walk__random_walk__l1 calls=1024 margin 1.66->-0.13 t=90.7s
[DONE] evaluation__44257__deblur__confidence_boost__nes__l1 calls=1021 margin 1.66->4.53 t=88.6s
[DONE] evaluation__44257__deblur__boundary_probe__nes__l1 calls=1021 margin 1.66->0.00 t=87.2s
[DONE] evaluation__44257__deblur__counterfactual__nes__l1 calls=1021 margin 1.66->-1.30 t=89.1s
[DONE] evaluation__48701__denoise__attack__nes__l0.5 calls=1021 margin 2.41->-13.17 t=87.9s
[DONE] evaluation__48701__denoise__restore__nes__l0.5 calls=1021 margin 2.41->2.41 t=88.0s
[DONE] evaluation__48701__denoise__random_walk__random_walk__l0.5 calls=1024 margin 2.41->2.84 t=90.4s
[DONE] evaluation__48701__denoise__confidence_boost__nes__l0.5 calls=1021 margin 2.41->8.74 t=87.4s
[DONE] evaluation__48701__denoise__boundary_probe__nes__l0.5 calls=1021 margin 2.41->0.05 t=87.3s
[DONE] evaluation__48701__denoise__counterfactual__nes__l0.5 calls=1021 margin 2.41->-3.82 t=87.4s
[DONE] evaluation__48701__deblur__attack__nes__l1 calls=1021 margin 6.90->-13.05 t=87.6s
[DONE] evaluation__48701__deblur__restore__nes__l1 calls=1021 margin 6.90->6.90 t=87.4s
[DONE] evaluation__48701__deblur__random_walk__random_walk__l1 calls=1024 margin 6.90->5.27 t=90.5s
[DONE] evaluation__48701__deblur__confidence_boost__nes__l1 calls=1021 margin 6.90->14.40 t=87.5s
[DONE] evaluation__48701__deblur__boundary_probe__nes__l1 calls=1021 margin 6.90->0.00 t=87.3s
[DONE] evaluation__48701__deblur__counterfactual__nes__l1 calls=1021 margin 6.90->-5.12 t=87.5s
[DONE] fit__1964__denoise__attack__nes__l0.5 calls=1021 margin 3.67->-1.23 t=88.8s
[DONE] fit__1964__denoise__restore__nes__l0.5 calls=1021 margin 3.67->3.67 t=87.4s
[DONE] fit__1964__denoise__random_walk__random_walk__l0.5 calls=1024 margin 3.67->3.96 t=90.5s
[DONE] fit__1964__denoise__confidence_boost__nes__l0.5 calls=1021 margin 3.67->8.18 t=87.8s
[DONE] fit__1964__denoise__boundary_probe__nes__l0.5 calls=1021 margin 3.67->0.01 t=87.1s
[DONE] fit__1964__denoise__counterfactual__nes__l0.5 calls=1021 margin 3.67->-1.36 t=86.8s
[DONE] fit__1964__deblur__attack__nes__l1 calls=1021 margin 4.57->-0.19 t=86.9s
[DONE] fit__1964__deblur__restore__nes__l1 calls=1021 margin 4.57->4.57 t=86.9s
[DONE] fit__1964__deblur__random_walk__random_walk__l1 calls=1024 margin 4.57->3.07 t=90.8s
[DONE] fit__1964__deblur__confidence_boost__nes__l1 calls=1021 margin 4.57->8.19 t=86.9s
[DONE] fit__1964__deblur__boundary_probe__nes__l1 calls=1021 margin 4.57->0.30 t=86.5s
[DONE] fit__1964__deblur__counterfactual__nes__l1 calls=1021 margin 4.57->-0.45 t=88.6s
[DONE] fit__5989__denoise__attack__nes__l0.5 calls=1021 margin 1.95->-6.61 t=86.9s
[DONE] fit__5989__denoise__restore__nes__l0.5 calls=1021 margin 1.95->1.95 t=87.6s
[DONE] fit__5989__denoise__random_walk__random_walk__l0.5 calls=1024 margin 1.95->1.84 t=90.3s
[DONE] fit__5989__denoise__confidence_boost__nes__l0.5 calls=1021 margin 1.95->5.48 t=87.2s
[DONE] fit__5989__denoise__boundary_probe__nes__l0.5 calls=1021 margin 1.95->0.02 t=88.1s
[DONE] fit__5989__denoise__counterfactual__nes__l0.5 calls=1021 margin 1.95->-3.89 t=87.8s
[DONE] fit__5989__deblur__attack__nes__l1 calls=1021 margin 0.11->-9.99 t=87.0s
[DONE] fit__5989__deblur__restore__nes__l1 calls=1021 margin 0.11->0.11 t=87.2s
[DONE] fit__5989__deblur__random_walk__random_walk__l1 calls=1024 margin 0.11->1.08 t=90.8s
[DONE] fit__5989__deblur__confidence_boost__nes__l1 calls=1021 margin 0.11->4.54 t=87.3s
[DONE] fit__5989__deblur__boundary_probe__nes__l1 calls=1021 margin 0.11->0.00 t=86.7s
[DONE] fit__5989__deblur__counterfactual__nes__l1 calls=1021 margin 0.11->-7.30 t=87.8s
[DONE] fit__10586__denoise__attack__nes__l0.5 calls=1021 margin 1.86->-11.88 t=87.6s
[DONE] fit__10586__denoise__restore__nes__l0.5 calls=1021 margin 1.86->1.86 t=87.5s
[DONE] fit__10586__denoise__random_walk__random_walk__l0.5 calls=1024 margin 1.86->2.89 t=90.3s
[DONE] fit__10586__denoise__confidence_boost__nes__l0.5 calls=1021 margin 1.86->7.55 t=89.5s
[DONE] fit__10586__denoise__boundary_probe__nes__l0.5 calls=1021 margin 1.86->0.03 t=87.8s
[DONE] fit__10586__denoise__counterfactual__nes__l0.5 calls=1021 margin 1.86->-6.22 t=86.9s
[DONE] fit__10586__deblur__attack__nes__l1 calls=1021 margin 1.76->-9.43 t=86.8s
[DONE] fit__10586__deblur__restore__nes__l1 calls=1021 margin 1.76->1.76 t=89.7s
[DONE] fit__10586__deblur__random_walk__random_walk__l1 calls=1024 margin 1.76->1.34 t=93.1s
[DONE] fit__10586__deblur__confidence_boost__nes__l1 calls=1021 margin 1.76->8.58 t=88.4s
[DONE] fit__10586__deblur__boundary_probe__nes__l1 calls=1021 margin 1.76->0.03 t=88.4s
[DONE] fit__10586__deblur__counterfactual__nes__l1 calls=1021 margin 1.76->-6.17 t=89.1s
[DONE] fit__13635__denoise__attack__nes__l0.5 calls=1021 margin 5.36->-5.22 t=88.8s
[DONE] fit__13635__denoise__restore__nes__l0.5 calls=1021 margin 5.36->5.36 t=89.5s
[DONE] fit__13635__denoise__random_walk__random_walk__l0.5 calls=1024 margin 5.36->4.87 t=97.2s
[DONE] fit__13635__denoise__confidence_boost__nes__l0.5 calls=1021 margin 5.36->9.66 t=88.6s
[DONE] fit__13635__denoise__boundary_probe__nes__l0.5 calls=1021 margin 5.36->0.02 t=87.3s
[DONE] fit__13635__denoise__counterfactual__nes__l0.5 calls=1021 margin 5.36->-5.29 t=87.1s
[DONE] fit__13635__deblur__attack__nes__l1 calls=1021 margin 3.28->-5.83 t=87.1s
[DONE] fit__13635__deblur__restore__nes__l1 calls=1021 margin 3.28->3.28 t=89.3s
[DONE] fit__13635__deblur__random_walk__random_walk__l1 calls=1024 margin 3.28->5.30 t=89.7s
[DONE] fit__13635__deblur__confidence_boost__nes__l1 calls=1021 margin 3.28->10.06 t=89.2s
[DONE] fit__13635__deblur__boundary_probe__nes__l1 calls=1021 margin 3.28->0.01 t=87.0s
[DONE] fit__13635__deblur__counterfactual__nes__l1 calls=1021 margin 3.28->-4.25 t=88.7s
[DONE] fit__20003__denoise__attack__nes__l0.5 calls=1021 margin 3.88->0.73 t=87.3s
[DONE] fit__20003__denoise__restore__nes__l0.5 calls=1021 margin 3.88->3.88 t=87.2s
[DONE] fit__20003__denoise__random_walk__random_walk__l0.5 calls=1024 margin 3.88->4.03 t=90.5s
[DONE] fit__20003__denoise__confidence_boost__nes__l0.5 calls=1021 margin 3.88->7.34 t=86.9s
[DONE] fit__20003__denoise__boundary_probe__nes__l0.5 calls=1021 margin 3.88->0.47 t=87.4s
[DONE] fit__20003__denoise__counterfactual__nes__l0.5 calls=1021 margin 3.88->0.53 t=87.8s
[DONE] fit__20003__deblur__attack__nes__l1 calls=1021 margin 4.10->1.01 t=88.6s
[DONE] fit__20003__deblur__restore__nes__l1 calls=1021 margin 4.10->4.10 t=87.2s
[DONE] fit__20003__deblur__random_walk__random_walk__l1 calls=1024 margin 4.10->3.78 t=91.1s
[DONE] fit__20003__deblur__confidence_boost__nes__l1 calls=1021 margin 4.10->8.11 t=87.4s
[DONE] fit__20003__deblur__boundary_probe__nes__l1 calls=1021 margin 4.10->1.17 t=87.0s
[DONE] fit__20003__deblur__counterfactual__nes__l1 calls=1021 margin 4.10->1.05 t=87.7s
[DONE] fit__25740__denoise__attack__nes__l0.5 calls=1021 margin 6.24->-8.08 t=87.2s
[DONE] fit__25740__denoise__restore__nes__l0.5 calls=1021 margin 6.24->6.24 t=88.1s
[DONE] fit__25740__denoise__random_walk__random_walk__l0.5 calls=1024 margin 6.24->5.90 t=91.0s
[DONE] fit__25740__denoise__confidence_boost__nes__l0.5 calls=1021 margin 6.24->17.04 t=87.2s
[DONE] fit__25740__denoise__boundary_probe__nes__l0.5 calls=1021 margin 6.24->0.04 t=86.6s
[DONE] fit__25740__denoise__counterfactual__nes__l0.5 calls=1021 margin 6.24->-6.57 t=87.5s
[DONE] fit__25740__deblur__attack__nes__l1 calls=1021 margin 8.63->-4.72 t=86.4s
[DONE] fit__25740__deblur__restore__nes__l1 calls=1021 margin 8.63->8.63 t=87.1s
[DONE] fit__25740__deblur__random_walk__random_walk__l1 calls=1024 margin 8.63->9.91 t=90.4s
[DONE] fit__25740__deblur__confidence_boost__nes__l1 calls=1021 margin 8.63->16.45 t=86.8s
[DONE] fit__25740__deblur__boundary_probe__nes__l1 calls=1021 margin 8.63->0.02 t=86.7s
[DONE] fit__25740__deblur__counterfactual__nes__l1 calls=1021 margin 8.63->-5.75 t=86.9s
[DONE] fit__29374__denoise__attack__nes__l0.5 calls=1021 margin 1.64->-6.02 t=87.0s
[DONE] fit__29374__denoise__restore__nes__l0.5 calls=1021 margin 1.64->1.64 t=87.2s
[DONE] fit__29374__denoise__random_walk__random_walk__l0.5 calls=1024 margin 1.64->1.89 t=91.1s
[DONE] fit__29374__denoise__confidence_boost__nes__l0.5 calls=1021 margin 1.64->4.64 t=87.3s
[DONE] fit__29374__denoise__boundary_probe__nes__l0.5 calls=1021 margin 1.64->0.10 t=87.1s
[DONE] fit__29374__denoise__counterfactual__nes__l0.5 calls=1021 margin 1.64->-5.87 t=88.0s
[DONE] fit__29374__deblur__attack__nes__l1 calls=1021 margin 4.04->-5.22 t=87.0s
[DONE] fit__29374__deblur__restore__nes__l1 calls=1021 margin 4.04->4.04 t=87.0s
[DONE] fit__29374__deblur__random_walk__random_walk__l1 calls=1024 margin 4.04->2.55 t=90.3s
[DONE] fit__29374__deblur__confidence_boost__nes__l1 calls=1021 margin 4.04->4.71 t=87.3s
[DONE] fit__29374__deblur__boundary_probe__nes__l1 calls=1021 margin 4.04->0.01 t=87.1s
[DONE] fit__29374__deblur__counterfactual__nes__l1 calls=1021 margin 4.04->-6.05 t=86.9s
[DONE] fit__34424__denoise__attack__nes__l0.5 calls=1021 margin 14.28->8.59 t=87.4s
[DONE] fit__34424__denoise__restore__nes__l0.5 calls=1021 margin 14.28->14.28 t=87.4s
[DONE] fit__34424__denoise__random_walk__random_walk__l0.5 calls=1024 margin 14.28->14.37 t=91.1s
[DONE] fit__34424__denoise__confidence_boost__nes__l0.5 calls=1021 margin 14.28->15.18 t=88.0s
[DONE] fit__34424__denoise__boundary_probe__nes__l0.5 calls=1021 margin 14.28->8.85 t=87.5s
[DONE] fit__34424__denoise__counterfactual__nes__l0.5 calls=1021 margin 14.28->8.81 t=89.3s
[DONE] fit__34424__deblur__attack__nes__l1 calls=1021 margin 9.64->6.79 t=87.1s
[DONE] fit__34424__deblur__restore__nes__l1 calls=1021 margin 9.64->9.64 t=87.2s
[DONE] fit__34424__deblur__random_walk__random_walk__l1 calls=1024 margin 9.64->10.89 t=90.5s
[DONE] fit__34424__deblur__confidence_boost__nes__l1 calls=1021 margin 9.64->15.24 t=87.4s
[DONE] fit__34424__deblur__boundary_probe__nes__l1 calls=1021 margin 9.64->6.63 t=87.4s
[DONE] fit__34424__deblur__counterfactual__nes__l1 calls=1021 margin 9.64->6.56 t=87.1s
[DONE] fit__42230__denoise__attack__nes__l0.5 calls=1021 margin 2.61->-5.71 t=87.2s
[DONE] fit__42230__denoise__restore__nes__l0.5 calls=1021 margin 2.61->2.61 t=87.3s
[DONE] fit__42230__denoise__random_walk__random_walk__l0.5 calls=1024 margin 2.61->2.87 t=90.4s
[DONE] fit__42230__denoise__confidence_boost__nes__l0.5 calls=1021 margin 2.61->11.61 t=87.3s
[DONE] fit__42230__denoise__boundary_probe__nes__l0.5 calls=1021 margin 2.61->0.06 t=86.9s
[DONE] fit__42230__denoise__counterfactual__nes__l0.5 calls=1021 margin 2.61->-5.64 t=86.9s
[DONE] fit__42230__deblur__attack__nes__l1 calls=1021 margin 3.51->-9.30 t=87.6s
[DONE] fit__42230__deblur__restore__nes__l1 calls=1021 margin 3.51->3.51 t=87.5s
[DONE] fit__42230__deblur__random_walk__random_walk__l1 calls=1024 margin 3.51->2.67 t=90.3s
[DONE] fit__42230__deblur__confidence_boost__nes__l1 calls=1021 margin 3.51->10.64 t=87.5s
[DONE] fit__42230__deblur__boundary_probe__nes__l1 calls=1021 margin 3.51->0.07 t=87.0s
[DONE] fit__42230__deblur__counterfactual__nes__l1 calls=1021 margin 3.51->-2.87 t=87.1s
[DONE] fit__48304__denoise__attack__nes__l0.5 calls=1021 margin 0.69->-10.57 t=87.7s
[DONE] fit__48304__denoise__restore__nes__l0.5 calls=1021 margin 0.69->0.69 t=87.4s
[DONE] fit__48304__denoise__random_walk__random_walk__l0.5 calls=1024 margin 0.69->0.90 t=91.6s
[DONE] fit__48304__denoise__confidence_boost__nes__l0.5 calls=1021 margin 0.69->7.32 t=87.6s
[DONE] fit__48304__denoise__boundary_probe__nes__l0.5 calls=1021 margin 0.69->0.01 t=86.8s
[DONE] fit__48304__denoise__counterfactual__nes__l0.5 calls=1021 margin 0.69->-7.98 t=87.3s
[DONE] fit__48304__deblur__attack__nes__l1 calls=1021 margin 3.89->-4.11 t=87.0s
[DONE] fit__48304__deblur__restore__nes__l1 calls=1021 margin 3.89->3.89 t=87.7s
[DONE] fit__48304__deblur__random_walk__random_walk__l1 calls=1024 margin 3.89->4.07 t=89.8s
[DONE] fit__48304__deblur__confidence_boost__nes__l1 calls=1021 margin 3.89->8.03 t=86.5s
[DONE] fit__48304__deblur__boundary_probe__nes__l1 calls=1021 margin 3.89->0.01 t=85.8s
[DONE] fit__48304__deblur__counterfactual__nes__l1 calls=1021 margin 3.89->-2.50 t=85.9s
