[DONE] evaluation__184__denoise__attack__nes__l0.5 calls=1021 margin 1.92->-3.00 t=103.1s
[DONE] evaluation__184__denoise__restore__nes__l0.5 calls=1021 margin 1.92->1.92 t=103.4s
[DONE] evaluation__184__denoise__random_walk__random_walk__l0.5 calls=1024 margin 1.92->2.19 t=92.0s
[DONE] evaluation__184__denoise__confidence_boost__nes__l0.5 calls=1021 margin 1.92->7.63 t=91.4s
[DONE] evaluation__184__denoise__boundary_probe__nes__l0.5 calls=1021 margin 1.92->0.00 t=90.5s
[DONE] evaluation__184__denoise__counterfactual__nes__l0.5 calls=1021 margin 1.92->-2.78 t=91.2s
[DONE] evaluation__184__deblur__attack__nes__l1 calls=1021 margin 2.96->-6.65 t=91.8s
[DONE] evaluation__184__deblur__restore__nes__l1 calls=1021 margin 2.96->2.96 t=93.2s
[DONE] evaluation__184__deblur__random_walk__random_walk__l1 calls=1024 margin 2.96->2.51 t=93.7s
[DONE] evaluation__184__deblur__confidence_boost__nes__l1 calls=1021 margin 2.96->7.95 t=90.8s
[DONE] evaluation__184__deblur__boundary_probe__nes__l1 calls=1021 margin 2.96->2.96 t=90.7s
[DONE] evaluation__184__deblur__counterfactual__nes__l1 calls=1021 margin 2.96->0.38 t=90.3s
[DONE] evaluation__2943__denoise__attack__nes__l0.5 calls=1021 margin 0.10->-9.37 t=91.1s
[DONE] evaluation__2943__denoise__restore__nes__l0.5 calls=1021 margin 0.10->0.10 t=91.4s
[DONE] evaluation__2943__denoise__random_walk__random_walk__l0.5 calls=1024 margin 0.10->-0.23 t=94.8s
[DONE] evaluation__2943__denoise__confidence_boost__nes__l0.5 calls=1021 margin 0.10->5.19 t=90.5s
[DONE] evaluation__2943__denoise__boundary_probe__nes__l0.5 calls=1021 margin 0.10->0.02 t=89.9s
[DONE] evaluation__2943__denoise__counterfactual__nes__l0.5 calls=1021 margin 0.10->-4.59 t=91.1s
[DONE] evaluation__2943__deblur__attack__nes__l1 calls=1021 margin 0.58->-7.80 t=90.5s
[DONE] evaluation__2943__deblur__restore__nes__l1 calls=1021 margin 0.58->0.58 t=90.8s
[DONE] evaluation__2943__deblur__random_walk__random_walk__l1 calls=1024 margin 0.58->0.99 t=94.9s
[DONE] evaluation__2943__deblur__confidence_boost__nes__l1 calls=1021 margin 0.58->6.85 t=90.3s
[DONE] evaluation__2943__deblur__boundary_probe__nes__l1 calls=1021 margin 0.58->0.05 t=89.9s
[DONE] evaluation__2943__deblur__counterfactual__nes__l1 calls=1021 margin 0.58->-4.28 t=90.1s
[DONE] evaluation__5037__denoise__attack__nes__l0.5 calls=1021 margin 9.36->-0.89 t=91.4s
[DONE] evaluation__5037__denoise__restore__nes__l0.5 calls=1021 margin 9.36->9.36 t=91.1s
[DONE] evaluation__5037__denoise__random_walk__random_walk__l0.5 calls=1024 margin 9.36->8.82 t=95.7s
[DONE] evaluation__5037__denoise__confidence_boost__nes__l0.5 calls=1021 margin 9.36->14.13 t=89.5s
[DONE] evaluation__5037__denoise__boundary_probe__nes__l0.5 calls=1021 margin 9.36->0.00 t=89.7s
[DONE] evaluation__5037__denoise__counterfactual__nes__l0.5 calls=1021 margin 9.36->-2.00 t=89.4s
[DONE] evaluation__5037__deblur__attack__nes__l1 calls=1021 margin 10.84->-2.67 t=89.4s
[DONE] evaluation__5037__deblur__restore__nes__l1 calls=1021 margin 10.84->10.84 t=89.2s
[DONE] evaluation__5037__deblur__random_walk__random_walk__l1 calls=1024 margin 10.84->12.55 t=94.5s
[DONE] evaluation__5037__deblur__confidence_boost__nes__l1 calls=1021 margin 10.84->14.64 t=89.3s
[DONE] evaluation__5037__deblur__boundary_probe__nes__l1 calls=1021 margin 10.84->0.02 t=89.6s
[DONE] evaluation__5037__deblur__counterfactual__nes__l1 calls=1021 margin 10.84->-2.38 t=89.0s
[DONE] evaluation__6749__denoise__attack__nes__l0.5 calls=1021 margin 0.69->-4.32 t=89.0s
[DONE] evaluation__6749__denoise__restore__nes__l0.5 calls=1021 margin 0.69->0.69 t=89.2s
[DONE] evaluation__6749__denoise__random_walk__random_walk__l0.5 calls=1024 margin 0.69->0.55 t=92.4s
[DONE] evaluation__6749__denoise__confidence_boost__nes__l0.5 calls=1021 margin 0.69->4.31 t=89.1s
[DONE] evaluation__6749__denoise__boundary_probe__nes__l0.5 calls=1021 margin 0.69->0.04 t=89.4s
[DONE] evaluation__6749__denoise__counterfactual__nes__l0.5 calls=1021 margin 0.69->-4.85 t=89.2s
[DONE] evaluation__6749__deblur__attack__nes__l1 calls=1021 margin 2.47->-4.51 t=89.1s
[DONE] evaluation__6749__deblur__restore__nes__l1 calls=1021 margin 2.47->2.47 t=89.4s
[DONE] evaluation__6749__deblur__random_walk__random_walk__l1 calls=1024 margin 2.47->0.64 t=92.2s
[DONE] evaluation__6749__deblur__confidence_boost__nes__l1 calls=1021 margin 2.47->4.76 t=90.2s
[DONE] evaluation__6749__deblur__boundary_probe__nes__l1 calls=1021 margin 2.47->0.05 t=88.7s
[DONE] evaluation__6749__deblur__counterfactual__nes__l1 calls=1021 margin 2.47->-4.66 t=89.7s
[DONE] evaluation__7887__denoise__attack__nes__l0.5 calls=1021 margin 9.71->0.71 t=89.0s
[DONE] evaluation__7887__denoise__restore__nes__l0.5 calls=1021 margin 9.71->9.71 t=89.0s
[DONE] evaluation__7887__denoise__random_walk__random_walk__l0.5 calls=1024 margin 9.71->9.31 t=93.7s
[DONE] evaluation__7887__denoise__confidence_boost__nes__l0.5 calls=1021 margin 9.71->14.84 t=90.4s
[DONE] evaluation__7887__denoise__boundary_probe__nes__l0.5 calls=1021 margin 9.71->0.62 t=89.3s
[DONE] evaluation__7887__denoise__counterfactual__nes__l0.5 calls=1021 margin 9.71->0.13 t=88.8s
[DONE] evaluation__7887__deblur__attack__nes__l1 calls=1021 margin 5.72->1.33 t=88.9s
[DONE] evaluation__7887__deblur__restore__nes__l1 calls=1021 margin 5.72->5.72 t=89.2s
[DONE] evaluation__7887__deblur__random_walk__random_walk__l1 calls=1024 margin 5.72->8.04 t=92.3s
[DONE] evaluation__7887__deblur__confidence_boost__nes__l1 calls=1021 margin 5.72->12.33 t=91.0s
[DONE] evaluation__7887__deblur__boundary_probe__nes__l1 calls=1021 margin 5.72->2.16 t=89.5s
[DONE] evaluation__7887__deblur__counterfactual__nes__l1 calls=1021 margin 5.72->2.11 t=88.7s
[DONE] evaluation__10668__denoise__attack__nes__l0.5 calls=1021 margin 3.99->-5.35 t=89.6s
[DONE] evaluation__10668__denoise__restore__nes__l0.5 calls=1021 margin 3.99->3.99 t=89.0s
[DONE] evaluation__10668__denoise__random_walk__random_walk__l0.5 calls=1024 margin 3.99->3.43 t=92.9s
[DONE] evaluation__10668__denoise__confidence_boost__nes__l0.5 calls=1021 margin 3.99->9.47 t=89.8s
[DONE] evaluation__10668__denoise__boundary_probe__nes__l0.5 calls=1021 margin 3.99->0.01 t=89.6s
[DONE] evaluation__10668__denoise__counterfactual__nes__l0.5 calls=1021 margin 3.99->-3.60 t=89.2s
[DONE] evaluation__10668__deblur__attack__nes__l1 calls=1021 margin 4.00->-6.61 t=89.0s
[DONE] evaluation__10668__deblur__restore__nes__l1 calls=1021 margin 4.00->4.00 t=89.3s
[DONE] evaluation__10668__deblur__random_walk__random_walk__l1 calls=1024 margin 4.00->5.49 t=92.2s
[DONE] evaluation__10668__deblur__confidence_boost__nes__l1 calls=1021 margin 4.00->8.84 t=89.5s
[DONE] evaluation__10668__deblur__boundary_probe__nes__l1 calls=1021 margin 4.00->0.06 t=89.2s
[DONE] evaluation__10668__deblur__counterfactual__nes__l1 calls=1021 margin 4.00->-3.00 t=89.7s
[DONE] evaluation__13133__denoise__attack__nes__l0.5 calls=1021 margin 5.59->-11.85 t=92.4s
[DONE] evaluation__13133__denoise__restore__nes__l0.5 calls=1021 margin 5.59->5.59 t=91.4s
[DONE] evaluation__13133__denoise__random_walk__random_walk__l0.5 calls=1024 margin 5.59->5.17 t=94.9s
[DONE] evaluation__13133__denoise__confidence_boost__nes__l0.5 calls=1021 margin 5.59->13.24 t=91.9s
[DONE] evaluation__13133__denoise__boundary_probe__nes__l0.5 calls=1021 margin 5.59->0.01 t=89.8s
[DONE] evaluation__13133__denoise__counterfactual__nes__l0.5 calls=1021 margin 5.59->-2.36 t=90.2s
[DONE] evaluation__13133__deblur__attack__nes__l1 calls=1021 margin 6.18->-3.07 t=90.5s
[DONE] evaluation__13133__deblur__restore__nes__l1 calls=1021 margin 6.18->6.18 t=90.1s
[DONE] evaluation__13133__deblur__random_walk__random_walk__l1 calls=1024 margin 6.18->5.95 t=93.6s
[DONE] evaluation__13133__deblur__confidence_boost__nes__l1 calls=1021 margin 6.18->13.11 t=89.2s
[DONE] evaluation__13133__deblur__boundary_probe__nes__l1 calls=1021 margin 6.18->0.01 t=89.9s
[DONE] evaluation__13133__deblur__counterfactual__nes__l1 calls=1021 margin 6.18->-1.80 t=89.2s
[DONE] evaluation__13687__denoise__attack__nes__l0.5 calls=1021 margin 3.35->-2.72 t=89.2s
[DONE] evaluation__13687__denoise__restore__nes__l0.5 calls=1021 margin 3.35->3.35 t=88.6s
[DONE] evaluation__13687__denoise__random_walk__random_walk__l0.5 calls=1024 margin 3.35->3.11 t=92.8s
[DONE] evaluation__13687__denoise__confidence_boost__nes__l0.5 calls=1021 margin 3.35->10.37 t=90.0s
[DONE] evaluation__13687__denoise__boundary_probe__nes__l0.5 calls=1021 margin 3.35->0.03 t=89.1s
[DONE] evaluation__13687__denoise__counterfactual__nes__l0.5 calls=1021 margin 3.35->-2.83 t=90.8s
[DONE] evaluation__13687__deblur__attack__nes__l1 calls=1021 margin 1.66->-4.51 t=89.4s
[DONE] evaluation__13687__deblur__restore__nes__l1 calls=1021 margin 1.66->1.66 t=88.9s
[DONE] evaluation__13687__deblur__random_walk__random_walk__l1 calls=1024 margin 1.66->2.02 t=92.7s
[DONE] evaluation__13687__deblur__confidence_boost__nes__l1 calls=1021 margin 1.66->7.88 t=89.3s
[DONE] evaluation__13687__deblur__boundary_probe__nes__l1 calls=1021 margin 1.66->0.01 t=88.2s
[DONE] evaluation__13687__deblur__counterfactual__nes__l1 calls=1021 margin 1.66->-3.98 t=88.8s
[DONE] evaluation__16748__denoise__attack__nes__l0.5 calls=1021 margin 10.15->1.69 t=89.6s
[DONE] evaluation__16748__denoise__restore__nes__l0.5 calls=1021 margin 10.15->10.15 t=89.0s
[DONE] evaluation__16748__denoise__random_walk__random_walk__l0.5 calls=1024 margin 10.15->10.04 t=92.3s
[DONE] evaluation__16748__denoise__confidence_boost__nes__l0.5 calls=1021 margin 10.15->15.90 t=89.5s
[DONE] evaluation__16748__denoise__boundary_probe__nes__l0.5 calls=1021 margin 10.15->0.79 t=88.8s
[DONE] evaluation__16748__denoise__counterfactual__nes__l0.5 calls=1021 margin 10.15->1.62 t=89.0s
[DONE] evaluation__16748__deblur__attack__nes__l1 calls=1021 margin 7.37->-1.07 t=89.0s
[DONE] evaluation__16748__deblur__restore__nes__l1 calls=1021 margin 7.37->7.37 t=89.0s
[DONE] evaluation__16748__deblur__random_walk__random_walk__l1 calls=1024 margin 7.37->8.18 t=92.0s
[DONE] evaluation__16748__deblur__confidence_boost__nes__l1 calls=1021 margin 7.37->14.75 t=89.3s
[DONE] evaluation__16748__deblur__boundary_probe__nes__l1 calls=1021 margin 7.37->0.01 t=88.9s
[DONE] evaluation__16748__deblur__counterfactual__nes__l1 calls=1021 margin 7.37->-1.41 t=88.7s
[DONE] evaluation__20095__denoise__attack__nes__l0.5 calls=1021 margin 2.63->-4.34 t=88.2s
[DONE] evaluation__20095__denoise__restore__nes__l0.5 calls=1021 margin 2.63->2.48 t=88.3s
[DONE] evaluation__20095__denoise__random_walk__random_walk__l0.5 calls=1024 margin 2.63->2.97 t=92.1s
[DONE] evaluation__20095__denoise__confidence_boost__nes__l0.5 calls=1021 margin 2.63->8.20 t=88.4s
[DONE] evaluation__20095__denoise__boundary_probe__nes__l0.5 calls=1021 margin 2.63->0.06 t=88.2s
[DONE] evaluation__20095__denoise__counterfactual__nes__l0.5 calls=1021 margin 2.63->-3.17 t=88.2s
[DONE] evaluation__20095__deblur__attack__nes__l1 calls=1021 margin 12.13->-3.82 t=88.3s
[DONE] evaluation__20095__deblur__restore__nes__l1 calls=1021 margin 12.13->12.13 t=88.6s
[DONE] evaluation__20095__deblur__random_walk__random_walk__l1 calls=1024 margin 12.13->7.19 t=91.1s
[DONE] evaluation__20095__deblur__confidence_boost__nes__l1 calls=1021 margin 12.13->13.64 t=88.9s
[DONE] evaluation__20095__deblur__boundary_probe__nes__l1 calls=1021 margin 12.13->0.03 t=88.5s
[DONE] evaluation__20095__deblur__counterfactual__nes__l1 calls=1021 margin 12.13->0.20 t=88.1s
[DONE] evaluation__23643__denoise__attack__nes__l0.5 calls=1021 margin 1.84->-2.04 t=88.8s
[DONE] evaluation__23643__denoise__restore__nes__l0.5 calls=1021 margin 1.84->1.84 t=89.1s
[DONE] evaluation__23643__denoise__random_walk__random_walk__l0.5 calls=1024 margin 1.84->2.00 t=92.0s
[DONE] evaluation__23643__denoise__confidence_boost__nes__l0.5 calls=1021 margin 1.84->6.15 t=89.3s
[DONE] evaluation__23643__denoise__boundary_probe__nes__l0.5 calls=1021 margin 1.84->0.01 t=88.9s
[DONE] evaluation__23643__denoise__counterfactual__nes__l0.5 calls=1021 margin 1.84->-1.65 t=88.8s
[DONE] evaluation__23643__deblur__attack__nes__l1 calls=1021 margin 3.36->0.09 t=88.8s
[DONE] evaluation__23643__deblur__restore__nes__l1 calls=1021 margin 3.36->3.36 t=89.2s
[DONE] evaluation__23643__deblur__random_walk__random_walk__l1 calls=1024 margin 3.36->2.55 t=92.9s
[DONE] evaluation__23643__deblur__confidence_boost__nes__l1 calls=1021 margin 3.36->8.00 t=90.4s
[DONE] evaluation__23643__deblur__boundary_probe__nes__l1 calls=1021 margin 3.36->0.15 t=89.3s
[DONE] evaluation__23643__deblur__counterfactual__nes__l1 calls=1021 margin 3.36->0.34 t=89.2s
[DONE] evaluation__26538__denoise__attack__nes__l0.5 calls=1021 margin 0.96->-11.94 t=89.0s
[DONE] evaluation__26538__denoise__restore__nes__l0.5 calls=1021 margin 0.96->1.61 t=88.5s
[DONE] evaluation__26538__denoise__random_walk__random_walk__l0.5 calls=1024 margin 0.96->-0.10 t=92.7s
[DONE] evaluation__26538__denoise__confidence_boost__nes__l0.5 calls=1021 margin 0.96->7.48 t=89.7s
[DONE] evaluation__26538__denoise__boundary_probe__nes__l0.5 calls=1021 margin 0.96->0.00 t=88.8s
[DONE] evaluation__26538__denoise__counterfactual__nes__l0.5 calls=1021 margin 0.96->-2.81 t=89.3s
[DONE] evaluation__26538__deblur__attack__nes__l1 calls=1021 margin 4.28->-1.71 t=88.4s
[DONE] evaluation__26538__deblur__restore__nes__l1 calls=1021 margin 4.28->4.28 t=88.2s
[DONE] evaluation__26538__deblur__random_walk__random_walk__l1 calls=1024 margin 4.28->2.59 t=90.9s
[DONE] evaluation__26538__deblur__confidence_boost__nes__l1 calls=1021 margin 4.28->5.83 t=88.3s
[DONE] evaluation__26538__deblur__boundary_probe__nes__l1 calls=1021 margin 4.28->0.01 t=88.3s
[DONE] evaluation__26538__deblur__counterfactual__nes__l1 calls=1021 margin 4.28->-0.79 t=88.1s
[DONE] evaluation__27572__denoise__attack__nes__l0.5 calls=1021 margin 3.07->-6.30 t=90.0s
[DONE] evaluation__27572__denoise__restore__nes__l0.5 calls=1021 margin 3.07->3.00 t=89.3s
[DONE] evaluation__27572__denoise__random_walk__random_walk__l0.5 calls=1024 margin 3.07->2.60 t=94.9s
[DONE] evaluation__27572__denoise__confidence_boost__nes__l0.5 calls=1021 margin 3.07->7.66 t=88.8s
[DONE] evaluation__27572__denoise__boundary_probe__nes__l0.5 calls=1021 margin 3.07->0.01 t=89.4s
[DONE] evaluation__27572__denoise__counterfactual__nes__l0.5 calls=1021 margin 3.07->-5.97 t=88.5s
[DONE] evaluation__27572__deblur__attack__nes__l1 calls=1021 margin 8.34->-5.60 t=89.0s
[DONE] evaluation__27572__deblur__restore__nes__l1 calls=1021 margin 8.34->8.34 t=88.6s
[DONE] evaluation__27572__deblur__random_walk__random_walk__l1 calls=1024 margin 8.34->6.28 t=93.1s
[DONE] evaluation__27572__deblur__confidence_boost__nes__l1 calls=1021 margin 8.34->8.96 t=89.3s
[DONE] evaluation__27572__deblur__boundary_probe__nes__l1 calls=1021 margin 8.34->0.00 t=88.9s
[DONE] evaluation__27572__deblur__counterfactual__nes__l1 calls=1021 margin 8.34->-5.67 t=88.3s
[DONE] evaluation__29917__denoise__attack__nes__l0.5 calls=1021 margin 1.92->-3.98 t=89.2s
[DONE] evaluation__29917__denoise__restore__nes__l0.5 calls=1021 margin 1.92->1.92 t=88.8s
[DONE] evaluation__29917__denoise__random_walk__random_walk__l0.5 calls=1024 margin 1.92->2.01 t=93.0s
[DONE] evaluation__29917__denoise__confidence_boost__nes__l0.5 calls=1021 margin 1.92->4.73 t=90.3s
[DONE] evaluation__29917__denoise__boundary_probe__nes__l0.5 calls=1021 margin 1.92->0.01 t=89.4s
[DONE] evaluation__29917__denoise__counterfactual__nes__l0.5 calls=1021 margin 1.92->-0.30 t=89.1s
[DONE] evaluation__29917__deblur__attack__nes__l1 calls=1021 margin 2.16->-0.72 t=89.3s
[DONE] evaluation__29917__deblur__restore__nes__l1 calls=1021 margin 2.16->2.16 t=89.2s
[DONE] evaluation__29917__deblur__random_walk__random_walk__l1 calls=1024 margin 2.16->1.88 t=93.5s
[DONE] evaluation__29917__deblur__confidence_boost__nes__l1 calls=1021 margin 2.16->5.68 t=89.9s
[DONE] evaluation__29917__deblur__boundary_probe__nes__l1 calls=1021 margin 2.16->0.01 t=89.8s
[DONE] evaluation__29917__deblur__counterfactual__nes__l1 calls=1021 margin 2.16->-0.47 t=89.5s
[DONE] evaluation__31860__denoise__attack__nes__l0.5 calls=1021 margin 3.64->-4.91 t=89.7s
[DONE] evaluation__31860__denoise__restore__nes__l0.5 calls=1021 margin 3.64->3.64 t=89.7s
[DONE] evaluation__31860__denoise__random_walk__random_walk__l0.5 calls=1024 margin 3.64->3.46 t=92.8s
[DONE] evaluation__31860__denoise__confidence_boost__nes__l0.5 calls=1021 margin 3.64->8.09 t=90.1s
[DONE] evaluation__31860__denoise__boundary_probe__nes__l0.5 calls=1021 margin 3.64->0.02 t=89.7s
[DONE] evaluation__31860__denoise__counterfactual__nes__l0.5 calls=1021 margin 3.64->-5.37 t=89.2s
[DONE] evaluation__31860__deblur__attack__nes__l1 calls=1021 margin 5.17->-1.22 t=89.3s
[DONE] evaluation__31860__deblur__restore__nes__l1 calls=1021 margin 5.17->5.17 t=89.2s
[DONE] evaluation__31860__deblur__random_walk__random_walk__l1 calls=1024 margin 5.17->5.71 t=92.9s
[DONE] evaluation__31860__deblur__confidence_boost__nes__l1 calls=1021 margin 5.17->8.21 t=89.9s
[DONE] evaluation__31860__deblur__boundary_probe__nes__l1 calls=1021 margin 5.17->0.03 t=91.4s
[DONE] evaluation__31860__deblur__counterfactual__nes__l1 calls=1021 margin 5.17->-2.63 t=88.8s
[DONE] evaluation__35188__denoise__attack__nes__l0.5 calls=1021 margin 7.68->-2.85 t=90.2s
[DONE] evaluation__35188__denoise__restore__nes__l0.5 calls=1021 margin 7.68->7.68 t=89.7s
[DONE] evaluation__35188__denoise__random_walk__random_walk__l0.5 calls=1024 margin 7.68->7.38 t=93.5s
[DONE] evaluation__35188__denoise__confidence_boost__nes__l0.5 calls=1021 margin 7.68->14.63 t=89.8s
[DONE] evaluation__35188__denoise__boundary_probe__nes__l0.5 calls=1021 margin 7.68->0.01 t=90.8s
[DONE] evaluation__35188__denoise__counterfactual__nes__l0.5 calls=1021 margin 7.68->-3.85 t=91.0s
[DONE] evaluation__35188__deblur__attack__nes__l1 calls=1021 margin 7.78->-0.74 t=90.3s
[DONE] evaluation__35188__deblur__restore__nes__l1 calls=1021 margin 7.78->7.78 t=90.2s
[DONE] evaluation__35188__deblur__random_walk__random_walk__l1 calls=1024 margin 7.78->8.45 t=94.3s
[DONE] evaluation__35188__deblur__confidence_boost__nes__l1 calls=1021 margin 7.78->13.65 t=89.3s
[DONE] evaluation__35188__deblur__boundary_probe__nes__l1 calls=1021 margin 7.78->0.01 t=89.2s
[DONE] evaluation__35188__deblur__counterfactual__nes__l1 calls=1021 margin 7.78->-2.29 t=88.9s
[DONE] evaluation__38643__denoise__attack__nes__l0.5 calls=1021 margin 5.13->-6.92 t=89.0s
[DONE] evaluation__38643__denoise__restore__nes__l0.5 calls=1021 margin 5.13->4.64 t=89.2s
[DONE] evaluation__38643__denoise__random_walk__random_walk__l0.5 calls=1024 margin 5.13->4.09 t=92.0s
[DONE] evaluation__38643__denoise__confidence_boost__nes__l0.5 calls=1021 margin 5.13->15.81 t=88.4s
[DONE] evaluation__38643__denoise__boundary_probe__nes__l0.5 calls=1021 margin 5.13->0.04 t=88.2s
[DONE] evaluation__38643__denoise__counterfactual__nes__l0.5 calls=1021 margin 5.13->-2.91 t=88.7s
[DONE] evaluation__38643__deblur__attack__nes__l1 calls=1021 margin 9.97->-7.43 t=88.5s
[DONE] evaluation__38643__deblur__restore__nes__l1 calls=1021 margin 9.97->9.97 t=88.6s
[DONE] evaluation__38643__deblur__random_walk__random_walk__l1 calls=1024 margin 9.97->8.60 t=91.3s
[DONE] evaluation__38643__deblur__confidence_boost__nes__l1 calls=1021 margin 9.97->15.56 t=88.1s
[DONE] evaluation__38643__deblur__boundary_probe__nes__l1 calls=1021 margin 9.97->0.02 t=87.7s
[DONE] evaluation__38643__deblur__counterfactual__nes__l1 calls=1021 margin 9.97->-5.11 t=88.3s
[DONE] evaluation__42492__denoise__attack__nes__l0.5 calls=1021 margin 1.08->-5.22 t=88.6s
[DONE] evaluation__42492__denoise__restore__nes__l0.5 calls=1021 margin 1.08->1.08 t=89.1s
[DONE] evaluation__42492__denoise__random_walk__random_walk__l0.5 calls=1024 margin 1.08->1.00 t=91.6s
[DONE] evaluation__42492__denoise__confidence_boost__nes__l0.5 calls=1021 margin 1.08->5.93 t=88.8s
[DONE] evaluation__42492__denoise__boundary_probe__nes__l0.5 calls=1021 margin 1.08->0.03 t=89.2s
[DONE] evaluation__42492__denoise__counterfactual__nes__l0.5 calls=1021 margin 1.08->-2.27 t=88.7s
[DONE] evaluation__42492__deblur__attack__nes__l1 calls=1021 margin 1.63->-7.01 t=89.3s
[DONE] evaluation__42492__deblur__restore__nes__l1 calls=1021 margin 1.63->1.63 t=88.3s
[DONE] evaluation__42492__deblur__random_walk__random_walk__l1 calls=1024 margin 1.63->2.84 t=91.8s
[DONE] evaluation__42492__deblur__confidence_boost__nes__l1 calls=1021 margin 1.63->6.47 t=102.2s
[DONE] evaluation__42492__deblur__boundary_probe__nes__l1 calls=1021 margin 1.63->0.06 t=88.2s
[DONE] evaluation__42492__deblur__counterfactual__nes__l1 calls=1021 margin 1.63->-5.90 t=88.2s
[DONE] evaluation__43946__denoise__attack__nes__l0.5 calls=1021 margin 2.96->0.65 t=90.1s
[DONE] evaluation__43946__denoise__restore__nes__l0.5 calls=1021 margin 2.96->3.02 t=88.9s
[DONE] evaluation__43946__denoise__random_walk__random_walk__l0.5 calls=1024 margin 2.96->2.60 t=91.8s
[DONE] evaluation__43946__denoise__confidence_boost__nes__l0.5 calls=1021 margin 2.96->4.48 t=88.1s
[DONE] evaluation__43946__denoise__boundary_probe__nes__l0.5 calls=1021 margin 2.96->0.65 t=88.5s
[DONE] evaluation__43946__denoise__counterfactual__nes__l0.5 calls=1021 margin 2.96->0.75 t=88.1s
[DONE] evaluation__43946__deblur__attack__nes__l1 calls=1021 margin 0.98->-1.07 t=88.7s
[DONE] evaluation__43946__deblur__restore__nes__l1 calls=1021 margin 0.98->0.98 t=88.3s
[DONE] evaluation__43946__deblur__random_walk__random_walk__l1 calls=1024 margin 0.98->1.58 t=91.4s
[DONE] evaluation__43946__deblur__confidence_boost__nes__l1 calls=1021 margin 0.98->2.87 t=88.3s
[DONE] evaluation__43946__deblur__boundary_probe__nes__l1 calls=1021 margin 0.98->0.00 t=88.0s
[DONE] evaluation__43946__deblur__counterfactual__nes__l1 calls=1021 margin 0.98->-1.23 t=89.0s
[DONE] evaluation__48580__denoise__attack__nes__l0.5 calls=1021 margin 4.14->-5.18 t=88.9s
[DONE] evaluation__48580__denoise__restore__nes__l0.5 calls=1021 margin 4.14->4.14 t=90.7s
[DONE] evaluation__48580__denoise__random_walk__random_walk__l0.5 calls=1024 margin 4.14->2.93 t=91.8s
[DONE] evaluation__48580__denoise__confidence_boost__nes__l0.5 calls=1021 margin 4.14->13.33 t=88.8s
[DONE] evaluation__48580__denoise__boundary_probe__nes__l0.5 calls=1021 margin 4.14->0.01 t=88.6s
[DONE] evaluation__48580__denoise__counterfactual__nes__l0.5 calls=1021 margin 4.14->-5.90 t=88.6s
[DONE] evaluation__48580__deblur__attack__nes__l1 calls=1021 margin 3.12->-7.53 t=88.5s
[DONE] evaluation__48580__deblur__restore__nes__l1 calls=1021 margin 3.12->3.12 t=89.1s
[DONE] evaluation__48580__deblur__random_walk__random_walk__l1 calls=1024 margin 3.12->3.30 t=92.1s
[DONE] evaluation__48580__deblur__confidence_boost__nes__l1 calls=1021 margin 3.12->13.01 t=88.8s
[DONE] evaluation__48580__deblur__boundary_probe__nes__l1 calls=1021 margin 3.12->0.09 t=88.4s
[DONE] evaluation__48580__deblur__counterfactual__nes__l1 calls=1021 margin 3.12->-6.09 t=88.4s
[DONE] fit__852__denoise__attack__nes__l0.5 calls=1021 margin 0.20->-11.07 t=88.6s
[DONE] fit__852__denoise__restore__nes__l0.5 calls=1021 margin 0.20->0.20 t=88.5s
[DONE] fit__852__denoise__random_walk__random_walk__l0.5 calls=1024 margin 0.20->0.56 t=91.7s
[DONE] fit__852__denoise__confidence_boost__nes__l0.5 calls=1021 margin 0.20->10.16 t=88.7s
[DONE] fit__852__denoise__boundary_probe__nes__l0.5 calls=1021 margin 0.20->0.11 t=89.0s
[DONE] fit__852__denoise__counterfactual__nes__l0.5 calls=1021 margin 0.20->-6.49 t=88.2s
[DONE] fit__852__deblur__attack__nes__l1 calls=1021 margin 1.09->-11.02 t=89.3s
[DONE] fit__852__deblur__restore__nes__l1 calls=1021 margin 1.09->1.09 t=88.9s
[DONE] fit__852__deblur__random_walk__random_walk__l1 calls=1024 margin 1.09->2.63 t=91.7s
[DONE] fit__852__deblur__confidence_boost__nes__l1 calls=1021 margin 1.09->10.52 t=88.8s
[DONE] fit__852__deblur__boundary_probe__nes__l1 calls=1021 margin 1.09->0.07 t=88.6s
[DONE] fit__852__deblur__counterfactual__nes__l1 calls=1021 margin 1.09->-6.41 t=88.1s
[DONE] fit__5307__denoise__attack__nes__l0.5 calls=1021 margin 4.27->-10.55 t=88.7s
[DONE] fit__5307__denoise__restore__nes__l0.5 calls=1021 margin 4.27->4.27 t=89.2s
[DONE] fit__5307__denoise__random_walk__random_walk__l0.5 calls=1024 margin 4.27->2.47 t=91.8s
[DONE] fit__5307__denoise__confidence_boost__nes__l0.5 calls=1021 margin 4.27->11.72 t=88.6s
[DONE] fit__5307__denoise__boundary_probe__nes__l0.5 calls=1021 margin 4.27->0.04 t=88.7s
[DONE] fit__5307__denoise__counterfactual__nes__l0.5 calls=1021 margin 4.27->-8.40 t=88.8s
[DONE] fit__5307__deblur__attack__nes__l1 calls=1021 margin 3.62->-11.90 t=88.7s
[DONE] fit__5307__deblur__restore__nes__l1 calls=1021 margin 3.62->3.62 t=89.1s
[DONE] fit__5307__deblur__random_walk__random_walk__l1 calls=1024 margin 3.62->4.17 t=92.0s
[DONE] fit__5307__deblur__confidence_boost__nes__l1 calls=1021 margin 3.62->10.42 t=88.4s
[DONE] fit__5307__deblur__boundary_probe__nes__l1 calls=1021 margin 3.62->0.09 t=88.5s
[DONE] fit__5307__deblur__counterfactual__nes__l1 calls=1021 margin 3.62->-8.40 t=88.3s
[DONE] fit__7975__denoise__attack__nes__l0.5 calls=1021 margin 5.21->-0.15 t=89.3s
[DONE] fit__7975__denoise__restore__nes__l0.5 calls=1021 margin 5.21->5.21 t=88.8s
[DONE] fit__7975__denoise__random_walk__random_walk__l0.5 calls=1024 margin 5.21->5.21 t=91.7s
[DONE] fit__7975__denoise__confidence_boost__nes__l0.5 calls=1021 margin 5.21->8.91 t=89.2s
[DONE] fit__7975__denoise__boundary_probe__nes__l0.5 calls=1021 margin 5.21->0.01 t=89.4s
[DONE] fit__7975__denoise__counterfactual__nes__l0.5 calls=1021 margin 5.21->0.58 t=88.7s
[DONE] fit__7975__deblur__attack__nes__l1 calls=1021 margin 4.51->-3.38 t=89.0s
[DONE] fit__7975__deblur__restore__nes__l1 calls=1021 margin 4.51->4.51 t=89.2s
[DONE] fit__7975__deblur__random_walk__random_walk__l1 calls=1024 margin 4.51->4.57 t=96.3s
[DONE] fit__7975__deblur__confidence_boost__nes__l1 calls=1021 margin 4.51->9.36 t=91.3s
[DONE] fit__7975__deblur__boundary_probe__nes__l1 calls=1021 margin 4.51->0.01 t=90.4s
[DONE] fit__7975__deblur__counterfactual__nes__l1 calls=1021 margin 4.51->-3.23 t=89.7s
[DONE] fit__13198__denoise__attack__nes__l0.5 calls=1021 margin 2.68->-2.46 t=90.9s
[DONE] fit__13198__denoise__restore__nes__l0.5 calls=1021 margin 2.68->2.68 t=91.2s
[DONE] fit__13198__denoise__random_walk__random_walk__l0.5 calls=1024 margin 2.68->2.61 t=97.7s
[DONE] fit__13198__denoise__confidence_boost__nes__l0.5 calls=1021 margin 2.68->6.78 t=91.9s
[DONE] fit__13198__denoise__boundary_probe__nes__l0.5 calls=1021 margin 2.68->0.00 t=88.7s
[DONE] fit__13198__denoise__counterfactual__nes__l0.5 calls=1021 margin 2.68->-2.34 t=91.3s
[DONE] fit__13198__deblur__attack__nes__l1 calls=1021 margin 2.87->-2.17 t=88.5s
[DONE] fit__13198__deblur__restore__nes__l1 calls=1021 margin 2.87->2.87 t=88.9s
[DONE] fit__13198__deblur__random_walk__random_walk__l1 calls=1024 margin 2.87->4.20 t=91.7s
[DONE] fit__13198__deblur__confidence_boost__nes__l1 calls=1021 margin 2.87->6.87 t=88.3s
[DONE] fit__13198__deblur__boundary_probe__nes__l1 calls=1021 margin 2.87->0.00 t=89.7s
[DONE] fit__13198__deblur__counterfactual__nes__l1 calls=1021 margin 2.87->-2.45 t=88.3s
[DONE] fit__18494__denoise__attack__nes__l0.5 calls=1021 margin 1.45->-15.27 t=88.9s
[DONE] fit__18494__denoise__restore__nes__l0.5 calls=1021 margin 1.45->1.45 t=90.0s
[DONE] fit__18494__denoise__random_walk__random_walk__l0.5 calls=1024 margin 1.45->0.90 t=92.1s
[DONE] fit__18494__denoise__confidence_boost__nes__l0.5 calls=1021 margin 1.45->7.64 t=89.0s
[DONE] fit__18494__denoise__boundary_probe__nes__l0.5 calls=1021 margin 1.45->0.13 t=88.7s
[DONE] fit__18494__denoise__counterfactual__nes__l0.5 calls=1021 margin 1.45->-12.62 t=88.9s
[DONE] fit__18494__deblur__attack__nes__l1 calls=1021 margin 4.61->-19.50 t=88.2s
[DONE] fit__18494__deblur__restore__nes__l1 calls=1021 margin 4.61->4.61 t=88.7s
[DONE] fit__18494__deblur__random_walk__random_walk__l1 calls=1024 margin 4.61->-1.71 t=92.3s
[DONE] fit__18494__deblur__confidence_boost__nes__l1 calls=1021 margin 4.61->9.59 t=89.2s
[DONE] fit__18494__deblur__boundary_probe__nes__l1 calls=1021 margin 4.61->0.04 t=88.7s
[DONE] fit__18494__deblur__counterfactual__nes__l1 calls=1021 margin 4.61->-7.51 t=87.9s
[DONE] fit__24247__denoise__attack__nes__l0.5 calls=1021 margin 1.34->-2.61 t=88.7s
[DONE] fit__24247__denoise__restore__nes__l0.5 calls=1021 margin 1.34->1.34 t=90.5s
[DONE] fit__24247__denoise__random_walk__random_walk__l0.5 calls=1024 margin 1.34->1.50 t=92.1s
[DONE] fit__24247__denoise__confidence_boost__nes__l0.5 calls=1021 margin 1.34->5.24 t=92.1s
[DONE] fit__24247__denoise__boundary_probe__nes__l0.5 calls=1021 margin 1.34->0.00 t=88.6s
[DONE] fit__24247__denoise__counterfactual__nes__l0.5 calls=1021 margin 1.34->-2.88 t=88.8s
[DONE] fit__24247__deblur__attack__nes__l1 calls=1021 margin 1.65->-2.97 t=88.6s
[DONE] fit__24247__deblur__restore__nes__l1 calls=1021 margin 1.65->1.65 t=88.7s
[DONE] fit__24247__deblur__random_walk__random_walk__l1 calls=1024 margin 1.65->-0.05 t=91.5s
[DONE] fit__24247__deblur__confidence_boost__nes__l1 calls=1021 margin 1.65->4.94 t=88.9s
[DONE] fit__24247__deblur__boundary_probe__nes__l1 calls=1021 margin 1.65->0.00 t=89.0s
[DONE] fit__24247__deblur__counterfactual__nes__l1 calls=1021 margin 1.65->-2.13 t=90.1s
[DONE] fit__27916__denoise__attack__nes__l0.5 calls=1021 margin 11.13->2.13 t=89.0s
[DONE] fit__27916__denoise__restore__nes__l0.5 calls=1021 margin 11.13->11.14 t=88.4s
[DONE] fit__27916__denoise__random_walk__random_walk__l0.5 calls=1024 margin 11.13->11.33 t=91.6s
[DONE] fit__27916__denoise__confidence_boost__nes__l0.5 calls=1021 margin 11.13->14.59 t=88.4s
[DONE] fit__27916__denoise__boundary_probe__nes__l0.5 calls=1021 margin 11.13->1.24 t=88.9s
[DONE] fit__27916__denoise__counterfactual__nes__l0.5 calls=1021 margin 11.13->1.81 t=88.4s
[DONE] fit__27916__deblur__attack__nes__l1 calls=1021 margin 8.32->-0.54 t=87.8s
[DONE] fit__27916__deblur__restore__nes__l1 calls=1021 margin 8.32->8.32 t=88.5s
[DONE] fit__27916__deblur__random_walk__random_walk__l1 calls=1024 margin 8.32->10.10 t=91.3s
[DONE] fit__27916__deblur__confidence_boost__nes__l1 calls=1021 margin 8.32->13.22 t=88.3s
[DONE] fit__27916__deblur__boundary_probe__nes__l1 calls=1021 margin 8.32->0.04 t=88.6s
[DONE] fit__27916__deblur__counterfactual__nes__l1 calls=1021 margin 8.32->-1.04 t=88.6s
[DONE] fit__32621__denoise__attack__nes__l0.5 calls=1021 margin 4.96->-1.00 t=89.5s
[DONE] fit__32621__denoise__restore__nes__l0.5 calls=1021 margin 4.96->4.96 t=88.8s
[DONE] fit__32621__denoise__random_walk__random_walk__l0.5 calls=1024 margin 4.96->4.77 t=92.2s
[DONE] fit__32621__denoise__confidence_boost__nes__l0.5 calls=1021 margin 4.96->11.74 t=88.4s
[DONE] fit__32621__denoise__boundary_probe__nes__l0.5 calls=1021 margin 4.96->0.01 t=88.7s
[DONE] fit__32621__denoise__counterfactual__nes__l0.5 calls=1021 margin 4.96->-0.66 t=88.6s
[DONE] fit__32621__deblur__attack__nes__l1 calls=1021 margin 4.04->-1.23 t=88.2s
[DONE] fit__32621__deblur__restore__nes__l1 calls=1021 margin 4.04->4.04 t=88.7s
[DONE] fit__32621__deblur__random_walk__random_walk__l1 calls=1024 margin 4.04->3.67 t=91.8s
[DONE] fit__32621__deblur__confidence_boost__nes__l1 calls=1021 margin 4.04->9.59 t=88.9s
[DONE] fit__32621__deblur__boundary_probe__nes__l1 calls=1021 margin 4.04->0.55 t=88.9s
[DONE] fit__32621__deblur__counterfactual__nes__l1 calls=1021 margin 4.04->-0.32 t=88.7s
[DONE] fit__39111__denoise__attack__nes__l0.5 calls=1021 margin 0.73->-1.84 t=88.8s
[DONE] fit__39111__denoise__restore__nes__l0.5 calls=1021 margin 0.73->0.73 t=88.8s
[DONE] fit__39111__denoise__random_walk__random_walk__l0.5 calls=1024 margin 0.73->0.61 t=91.8s
[DONE] fit__39111__denoise__confidence_boost__nes__l0.5 calls=1021 margin 0.73->3.14 t=88.8s
[DONE] fit__39111__denoise__boundary_probe__nes__l0.5 calls=1021 margin 0.73->0.01 t=88.6s
[DONE] fit__39111__denoise__counterfactual__nes__l0.5 calls=1021 margin 0.73->-1.41 t=88.8s
[DONE] fit__39111__deblur__attack__nes__l1 calls=1021 margin 1.11->-6.65 t=88.9s
[DONE] fit__39111__deblur__restore__nes__l1 calls=1021 margin 1.11->1.11 t=88.4s
[DONE] fit__39111__deblur__random_walk__random_walk__l1 calls=1024 margin 1.11->-0.08 t=91.6s
[DONE] fit__39111__deblur__confidence_boost__nes__l1 calls=1021 margin 1.11->2.80 t=88.3s
[DONE] fit__39111__deblur__boundary_probe__nes__l1 calls=1021 margin 1.11->0.00 t=88.7s
[DONE] fit__39111__deblur__counterfactual__nes__l1 calls=1021 margin 1.11->-2.86 t=88.4s
[DONE] fit__44178__denoise__attack__nes__l0.5 calls=1021 margin 2.90->-6.84 t=88.7s
[DONE] fit__44178__denoise__restore__nes__l0.5 calls=1021 margin 2.90->2.90 t=88.2s
[DONE] fit__44178__denoise__random_walk__random_walk__l0.5 calls=1024 margin 2.90->3.15 t=92.0s
[DONE] fit__44178__denoise__confidence_boost__nes__l0.5 calls=1021 margin 2.90->7.03 t=88.8s
[DONE] fit__44178__denoise__boundary_probe__nes__l0.5 calls=1021 margin 2.90->0.12 t=88.8s
[DONE] fit__44178__denoise__counterfactual__nes__l0.5 calls=1021 margin 2.90->-6.32 t=88.6s
[DONE] fit__44178__deblur__attack__nes__l1 calls=1021 margin 4.26->4.17 t=88.1s
[DONE] fit__44178__deblur__restore__nes__l1 calls=1021 margin 4.26->4.26 t=87.3s
[DONE] fit__44178__deblur__random_walk__random_walk__l1 calls=1024 margin 4.26->4.25 t=90.0s
[DONE] fit__44178__deblur__confidence_boost__nes__l1 calls=1021 margin 4.26->9.74 t=87.3s
[DONE] fit__44178__deblur__boundary_probe__nes__l1 calls=1021 margin 4.26->0.22 t=86.2s
[DONE] fit__44178__deblur__counterfactual__nes__l1 calls=1021 margin 4.26->1.57 t=84.2s
