[DONE] evaluation__171__denoise__attack__nes__l0.5 calls=1021 margin 4.95->-0.36 t=104.0s
[DONE] evaluation__171__denoise__restore__nes__l0.5 calls=1021 margin 4.95->4.95 t=103.6s
[DONE] evaluation__171__denoise__random_walk__random_walk__l0.5 calls=1024 margin 4.95->4.92 t=89.4s
[DONE] evaluation__171__denoise__confidence_boost__nes__l0.5 calls=1021 margin 4.95->9.22 t=89.0s
[DONE] evaluation__171__denoise__boundary_probe__nes__l0.5 calls=1021 margin 4.95->0.25 t=88.6s
[DONE] evaluation__171__denoise__counterfactual__nes__l0.5 calls=1021 margin 4.95->-0.23 t=89.4s
[DONE] evaluation__171__deblur__attack__nes__l1 calls=1021 margin 4.39->1.35 t=89.1s
[DONE] evaluation__171__deblur__restore__nes__l1 calls=1021 margin 4.39->4.39 t=90.6s
[DONE] evaluation__171__deblur__random_walk__random_walk__l1 calls=1024 margin 4.39->3.90 t=92.2s
[DONE] evaluation__171__deblur__confidence_boost__nes__l1 calls=1021 margin 4.39->9.71 t=89.1s
[DONE] evaluation__171__deblur__boundary_probe__nes__l1 calls=1021 margin 4.39->1.75 t=88.7s
[DONE] evaluation__171__deblur__counterfactual__nes__l1 calls=1021 margin 4.39->0.93 t=88.8s
[DONE] evaluation__2903__denoise__attack__nes__l0.5 calls=1021 margin 0.72->-15.11 t=89.5s
[DONE] evaluation__2903__denoise__restore__nes__l0.5 calls=1021 margin 0.72->0.72 t=89.5s
[DONE] evaluation__2903__denoise__random_walk__random_walk__l0.5 calls=1024 margin 0.72->1.16 t=93.7s
[DONE] evaluation__2903__denoise__confidence_boost__nes__l0.5 calls=1021 margin 0.72->7.32 t=89.1s
[DONE] evaluation__2903__denoise__boundary_probe__nes__l0.5 calls=1021 margin 0.72->0.02 t=88.8s
[DONE] evaluation__2903__denoise__counterfactual__nes__l0.5 calls=1021 margin 0.72->-6.95 t=89.3s
[DONE] evaluation__2903__deblur__attack__nes__l1 calls=1021 margin 5.45->-9.34 t=89.6s
[DONE] evaluation__2903__deblur__restore__nes__l1 calls=1021 margin 5.45->5.45 t=89.2s
[DONE] evaluation__2903__deblur__random_walk__random_walk__l1 calls=1024 margin 5.45->4.09 t=92.8s
[DONE] evaluation__2903__deblur__confidence_boost__nes__l1 calls=1021 margin 5.45->13.13 t=89.2s
[DONE] evaluation__2903__deblur__boundary_probe__nes__l1 calls=1021 margin 5.45->0.00 t=88.8s
[DONE] evaluation__2903__deblur__counterfactual__nes__l1 calls=1021 margin 5.45->-3.54 t=88.6s
[DONE] evaluation__5031__denoise__attack__nes__l0.5 calls=1021 margin 6.11->-5.23 t=89.0s
[DONE] evaluation__5031__denoise__restore__nes__l0.5 calls=1021 margin 6.11->6.11 t=88.8s
[DONE] evaluation__5031__denoise__random_walk__random_walk__l0.5 calls=1024 margin 6.11->6.26 t=92.2s
[DONE] evaluation__5031__denoise__confidence_boost__nes__l0.5 calls=1021 margin 6.11->10.81 t=89.4s
[DONE] evaluation__5031__denoise__boundary_probe__nes__l0.5 calls=1021 margin 6.11->0.00 t=89.3s
[DONE] evaluation__5031__denoise__counterfactual__nes__l0.5 calls=1021 margin 6.11->-0.49 t=88.8s
[DONE] evaluation__5031__deblur__attack__nes__l1 calls=1021 margin 6.83->-6.03 t=88.4s
[DONE] evaluation__5031__deblur__restore__nes__l1 calls=1021 margin 6.83->6.83 t=88.8s
[DONE] evaluation__5031__deblur__random_walk__random_walk__l1 calls=1024 margin 6.83->5.43 t=92.5s
[DONE] evaluation__5031__deblur__confidence_boost__nes__l1 calls=1021 margin 6.83->13.76 t=89.6s
[DONE] evaluation__5031__deblur__boundary_probe__nes__l1 calls=1021 margin 6.83->0.00 t=88.8s
[DONE] evaluation__5031__deblur__counterfactual__nes__l1 calls=1021 margin 6.83->-0.01 t=88.5s
[DONE] evaluation__6726__denoise__attack__nes__l0.5 calls=1021 margin 0.83->-7.03 t=88.3s
[DONE] evaluation__6726__denoise__restore__nes__l0.5 calls=1021 margin 0.83->0.83 t=88.6s
[DONE] evaluation__6726__denoise__random_walk__random_walk__l0.5 calls=1024 margin 0.83->1.13 t=92.2s
[DONE] evaluation__6726__denoise__confidence_boost__nes__l0.5 calls=1021 margin 0.83->7.16 t=89.1s
[DONE] evaluation__6726__denoise__boundary_probe__nes__l0.5 calls=1021 margin 0.83->0.07 t=88.2s
[DONE] evaluation__6726__denoise__counterfactual__nes__l0.5 calls=1021 margin 0.83->-6.13 t=88.7s
[DONE] evaluation__6726__deblur__attack__nes__l1 calls=1021 margin 1.54->-10.01 t=88.1s
[DONE] evaluation__6726__deblur__restore__nes__l1 calls=1021 margin 1.54->1.54 t=90.6s
[DONE] evaluation__6726__deblur__random_walk__random_walk__l1 calls=1024 margin 1.54->0.29 t=91.8s
[DONE] evaluation__6726__deblur__confidence_boost__nes__l1 calls=1021 margin 1.54->5.59 t=89.1s
[DONE] evaluation__6726__deblur__boundary_probe__nes__l1 calls=1021 margin 1.54->0.06 t=88.7s
[DONE] evaluation__6726__deblur__counterfactual__nes__l1 calls=1021 margin 1.54->-8.79 t=88.0s
[DONE] evaluation__7864__denoise__attack__nes__l0.5 calls=1021 margin 2.78->-4.63 t=88.1s
[DONE] evaluation__7864__denoise__restore__nes__l0.5 calls=1021 margin 2.78->2.78 t=88.8s
[DONE] evaluation__7864__denoise__random_walk__random_walk__l0.5 calls=1024 margin 2.78->2.24 t=92.1s
[DONE] evaluation__7864__denoise__confidence_boost__nes__l0.5 calls=1021 margin 2.78->7.97 t=88.5s
[DONE] evaluation__7864__denoise__boundary_probe__nes__l0.5 calls=1021 margin 2.78->0.02 t=89.3s
[DONE] evaluation__7864__denoise__counterfactual__nes__l0.5 calls=1021 margin 2.78->-4.45 t=88.4s
[DONE] evaluation__7864__deblur__attack__nes__l1 calls=1021 margin 3.96->-7.91 t=88.3s
[DONE] evaluation__7864__deblur__restore__nes__l1 calls=1021 margin 3.96->3.96 t=88.1s
[DONE] evaluation__7864__deblur__random_walk__random_walk__l1 calls=1024 margin 3.96->3.24 t=92.4s
[DONE] evaluation__7864__deblur__confidence_boost__nes__l1 calls=1021 margin 3.96->9.26 t=88.6s
[DONE] evaluation__7864__deblur__boundary_probe__nes__l1 calls=1021 margin 3.96->0.07 t=88.1s
[DONE] evaluation__7864__deblur__counterfactual__nes__l1 calls=1021 margin 3.96->-3.36 t=88.8s
[DONE] evaluation__10655__denoise__attack__nes__l0.5 calls=1021 margin 4.17->-4.82 t=88.3s
[DONE] evaluation__10655__denoise__restore__nes__l0.5 calls=1021 margin 4.17->4.17 t=88.5s
[DONE] evaluation__10655__denoise__random_walk__random_walk__l0.5 calls=1024 margin 4.17->4.49 t=91.6s
[DONE] evaluation__10655__denoise__confidence_boost__nes__l0.5 calls=1021 margin 4.17->8.26 t=88.8s
[DONE] evaluation__10655__denoise__boundary_probe__nes__l0.5 calls=1021 margin 4.17->0.00 t=88.9s
[DONE] evaluation__10655__denoise__counterfactual__nes__l0.5 calls=1021 margin 4.17->-3.28 t=88.3s
[DONE] evaluation__10655__deblur__attack__nes__l1 calls=1021 margin 5.72->-5.33 t=88.5s
[DONE] evaluation__10655__deblur__restore__nes__l1 calls=1021 margin 5.72->5.72 t=90.0s
[DONE] evaluation__10655__deblur__random_walk__random_walk__l1 calls=1024 margin 5.72->6.06 t=92.3s
[DONE] evaluation__10655__deblur__confidence_boost__nes__l1 calls=1021 margin 5.72->10.07 t=89.2s
[DONE] evaluation__10655__deblur__boundary_probe__nes__l1 calls=1021 margin 5.72->0.00 t=88.7s
[DONE] evaluation__10655__deblur__counterfactual__nes__l1 calls=1021 margin 5.72->-5.08 t=89.1s
[DONE] evaluation__13106__denoise__attack__nes__l0.5 calls=1021 margin 3.53->-0.99 t=88.8s
[DONE] evaluation__13106__denoise__restore__nes__l0.5 calls=1021 margin 3.53->3.53 t=90.5s
[DONE] evaluation__13106__denoise__random_walk__random_walk__l0.5 calls=1024 margin 3.53->3.42 t=100.1s
[DONE] evaluation__13106__denoise__confidence_boost__nes__l0.5 calls=1021 margin 3.53->8.60 t=90.0s
[DONE] evaluation__13106__denoise__boundary_probe__nes__l0.5 calls=1021 margin 3.53->0.00 t=90.4s
[DONE] evaluation__13106__denoise__counterfactual__nes__l0.5 calls=1021 margin 3.53->-0.94 t=88.7s
[DONE] evaluation__13106__deblur__attack__nes__l1 calls=1021 margin 1.37->-3.23 t=88.0s
[DONE] evaluation__13106__deblur__restore__nes__l1 calls=1021 margin 1.37->1.37 t=87.9s
[DONE] evaluation__13106__deblur__random_walk__random_walk__l1 calls=1024 margin 1.37->1.43 t=92.4s
[DONE] evaluation__13106__deblur__confidence_boost__nes__l1 calls=1021 margin 1.37->7.51 t=88.6s
[DONE] evaluation__13106__deblur__boundary_probe__nes__l1 calls=1021 margin 1.37->0.00 t=88.0s
[DONE] evaluation__13106__deblur__counterfactual__nes__l1 calls=1021 margin 1.37->-3.07 t=88.3s
[DONE] evaluation__13674__denoise__attack__nes__l0.5 calls=1021 margin 2.89->-12.17 t=89.3s
[DONE] evaluation__13674__denoise__restore__nes__l0.5 calls=1021 margin 2.89->2.89 t=89.3s
[DONE] evaluation__13674__denoise__random_walk__random_walk__l0.5 calls=1024 margin 2.89->2.02 t=94.5s
[DONE] evaluation__13674__denoise__confidence_boost__nes__l0.5 calls=1021 margin 2.89->9.30 t=88.2s
[DONE] evaluation__13674__denoise__boundary_probe__nes__l0.5 calls=1021 margin 2.89->0.01 t=88.3s
[DONE] evaluation__13674__denoise__counterfactual__nes__l0.5 calls=1021 margin 2.89->-6.99 t=88.0s
[DONE] evaluation__13674__deblur__attack__nes__l1 calls=1021 margin 2.07->-12.93 t=87.6s
[DONE] evaluation__13674__deblur__restore__nes__l1 calls=1021 margin 2.07->2.07 t=87.5s
[DONE] evaluation__13674__deblur__random_walk__random_walk__l1 calls=1024 margin 2.07->1.55 t=91.9s
[DONE] evaluation__13674__deblur__confidence_boost__nes__l1 calls=1021 margin 2.07->9.64 t=87.4s
[DONE] evaluation__13674__deblur__boundary_probe__nes__l1 calls=1021 margin 2.07->0.02 t=87.8s
[DONE] evaluation__13674__deblur__counterfactual__nes__l1 calls=1021 margin 2.07->-6.52 t=87.2s
[DONE] evaluation__16720__denoise__attack__nes__l0.5 calls=1021 margin 7.38->-2.12 t=87.3s
[DONE] evaluation__16720__denoise__restore__nes__l0.5 calls=1021 margin 7.38->7.38 t=87.8s
[DONE] evaluation__16720__denoise__random_walk__random_walk__l0.5 calls=1024 margin 7.38->7.39 t=90.6s
[DONE] evaluation__16720__denoise__confidence_boost__nes__l0.5 calls=1021 margin 7.38->15.40 t=87.5s
[DONE] evaluation__16720__denoise__boundary_probe__nes__l0.5 calls=1021 margin 7.38->0.01 t=87.2s
[DONE] evaluation__16720__denoise__counterfactual__nes__l0.5 calls=1021 margin 7.38->-2.56 t=87.2s
[DONE] evaluation__16720__deblur__attack__nes__l1 calls=1021 margin 7.87->-0.78 t=87.8s
[DONE] evaluation__16720__deblur__restore__nes__l1 calls=1021 margin 7.87->7.87 t=87.4s
[DONE] evaluation__16720__deblur__random_walk__random_walk__l1 calls=1024 margin 7.87->6.90 t=90.7s
[DONE] evaluation__16720__deblur__confidence_boost__nes__l1 calls=1021 margin 7.87->15.05 t=87.6s
[DONE] evaluation__16720__deblur__boundary_probe__nes__l1 calls=1021 margin 7.87->0.01 t=87.9s
[DONE] evaluation__16720__deblur__counterfactual__nes__l1 calls=1021 margin 7.87->2.24 t=88.0s
[DONE] evaluation__20085__denoise__attack__nes__l0.5 calls=1021 margin 7.12->-0.64 t=86.8s
[DONE] evaluation__20085__denoise__restore__nes__l0.5 calls=1021 margin 7.12->7.43 t=86.9s
[DONE] evaluation__20085__denoise__random_walk__random_walk__l0.5 calls=1024 margin 7.12->6.85 t=89.5s
[DONE] evaluation__20085__denoise__confidence_boost__nes__l0.5 calls=1021 margin 7.12->16.94 t=86.8s
[DONE] evaluation__20085__denoise__boundary_probe__nes__l0.5 calls=1021 margin 7.12->0.07 t=87.2s
[DONE] evaluation__20085__denoise__counterfactual__nes__l0.5 calls=1021 margin 7.12->0.13 t=86.3s
[DONE] evaluation__20085__deblur__attack__nes__l1 calls=1021 margin 12.48->2.04 t=86.5s
[DONE] evaluation__20085__deblur__restore__nes__l1 calls=1021 margin 12.48->12.48 t=88.5s
[DONE] evaluation__20085__deblur__random_walk__random_walk__l1 calls=1024 margin 12.48->10.49 t=90.2s
[DONE] evaluation__20085__deblur__confidence_boost__nes__l1 calls=1021 margin 12.48->16.91 t=87.4s
[DONE] evaluation__20085__deblur__boundary_probe__nes__l1 calls=1021 margin 12.48->3.44 t=87.0s
[DONE] evaluation__20085__deblur__counterfactual__nes__l1 calls=1021 margin 12.48->3.10 t=87.1s
[DONE] evaluation__23640__denoise__attack__nes__l0.5 calls=1021 margin 2.08->-5.02 t=86.9s
[DONE] evaluation__23640__denoise__restore__nes__l0.5 calls=1021 margin 2.08->2.08 t=87.9s
[DONE] evaluation__23640__denoise__random_walk__random_walk__l0.5 calls=1024 margin 2.08->1.68 t=90.2s
[DONE] evaluation__23640__denoise__confidence_boost__nes__l0.5 calls=1021 margin 2.08->6.53 t=87.7s
[DONE] evaluation__23640__denoise__boundary_probe__nes__l0.5 calls=1021 margin 2.08->0.00 t=87.7s
[DONE] evaluation__23640__denoise__counterfactual__nes__l0.5 calls=1021 margin 2.08->-2.30 t=87.2s
[DONE] evaluation__23640__deblur__attack__nes__l1 calls=1021 margin 2.60->-3.34 t=87.2s
[DONE] evaluation__23640__deblur__restore__nes__l1 calls=1021 margin 2.60->2.60 t=87.4s
[DONE] evaluation__23640__deblur__random_walk__random_walk__l1 calls=1024 margin 2.60->1.63 t=90.9s
[DONE] evaluation__23640__deblur__confidence_boost__nes__l1 calls=1021 margin 2.60->7.03 t=87.7s
[DONE] evaluation__23640__deblur__boundary_probe__nes__l1 calls=1021 margin 2.60->0.01 t=87.4s
[DONE] evaluation__23640__deblur__counterfactual__nes__l1 calls=1021 margin 2.60->-0.90 t=87.4s
[DONE] evaluation__26535__denoise__attack__nes__l0.5 calls=1021 margin 4.71->0.37 t=87.6s
[DONE] evaluation__26535__denoise__restore__nes__l0.5 calls=1021 margin 4.71->4.71 t=87.8s
[DONE] evaluation__26535__denoise__random_walk__random_walk__l0.5 calls=1024 margin 4.71->4.89 t=91.3s
[DONE] evaluation__26535__denoise__confidence_boost__nes__l0.5 calls=1021 margin 4.71->8.31 t=87.5s
[DONE] evaluation__26535__denoise__boundary_probe__nes__l0.5 calls=1021 margin 4.71->0.01 t=87.6s
[DONE] evaluation__26535__denoise__counterfactual__nes__l0.5 calls=1021 margin 4.71->-0.89 t=87.6s
[DONE] evaluation__26535__deblur__attack__nes__l1 calls=1021 margin 5.49->-1.13 t=87.3s
[DONE] evaluation__26535__deblur__restore__nes__l1 calls=1021 margin 5.49->5.49 t=87.2s
[DONE] evaluation__26535__deblur__random_walk__random_walk__l1 calls=1024 margin 5.49->5.26 t=91.4s
[DONE] evaluation__26535__deblur__confidence_boost__nes__l1 calls=1021 margin 5.49->9.67 t=87.6s
[DONE] evaluation__26535__deblur__boundary_probe__nes__l1 calls=1021 margin 5.49->0.02 t=88.2s
[DONE] evaluation__26535__deblur__counterfactual__nes__l1 calls=1021 margin 5.49->-1.86 t=87.4s
[DONE] evaluation__27560__denoise__attack__nes__l0.5 calls=1021 margin 0.15->-9.93 t=88.2s
[DONE] evaluation__27560__denoise__restore__nes__l0.5 calls=1021 margin 0.15->0.15 t=87.3s
[DONE] evaluation__27560__denoise__random_walk__random_walk__l0.5 calls=1024 margin 0.15->-0.06 t=90.4s
[DONE] evaluation__27560__denoise__confidence_boost__nes__l0.5 calls=1021 margin 0.15->3.91 t=88.0s
[DONE] evaluation__27560__denoise__boundary_probe__nes__l0.5 calls=1021 margin 0.15->0.01 t=87.7s
[DONE] evaluation__27560__denoise__counterfactual__nes__l0.5 calls=1021 margin 0.15->-5.95 t=87.6s
[DONE] evaluation__27560__deblur__attack__nes__l1 calls=1021 margin 5.19->-7.32 t=87.1s
[DONE] evaluation__27560__deblur__restore__nes__l1 calls=1021 margin 5.19->5.19 t=87.4s
[DONE] evaluation__27560__deblur__random_walk__random_walk__l1 calls=1024 margin 5.19->3.66 t=90.0s
[DONE] evaluation__27560__deblur__confidence_boost__nes__l1 calls=1021 margin 5.19->5.50 t=87.2s
[DONE] evaluation__27560__deblur__boundary_probe__nes__l1 calls=1021 margin 5.19->0.01 t=87.7s
[DONE] evaluation__27560__deblur__counterfactual__nes__l1 calls=1021 margin 5.19->-5.18 t=87.7s
[DONE] evaluation__29905__denoise__attack__nes__l0.5 calls=1021 margin 3.00->-1.76 t=87.5s
[DONE] evaluation__29905__denoise__restore__nes__l0.5 calls=1021 margin 3.00->3.00 t=88.5s
[DONE] evaluation__29905__denoise__random_walk__random_walk__l0.5 calls=1024 margin 3.00->3.22 t=90.4s
[DONE] evaluation__29905__denoise__confidence_boost__nes__l0.5 calls=1021 margin 3.00->7.01 t=87.1s
[DONE] evaluation__29905__denoise__boundary_probe__nes__l0.5 calls=1021 margin 3.00->0.01 t=86.9s
[DONE] evaluation__29905__denoise__counterfactual__nes__l0.5 calls=1021 margin 3.00->-1.93 t=86.8s
[DONE] evaluation__29905__deblur__attack__nes__l1 calls=1021 margin 0.84->-5.26 t=87.2s
[DONE] evaluation__29905__deblur__restore__nes__l1 calls=1021 margin 0.84->0.84 t=86.9s
[DONE] evaluation__29905__deblur__random_walk__random_walk__l1 calls=1024 margin 0.84->1.87 t=90.0s
[DONE] evaluation__29905__deblur__confidence_boost__nes__l1 calls=1021 margin 0.84->6.54 t=87.7s
[DONE] evaluation__29905__deblur__boundary_probe__nes__l1 calls=1021 margin 0.84->0.00 t=89.8s
[DONE] evaluation__29905__deblur__counterfactual__nes__l1 calls=1021 margin 0.84->-3.94 t=87.2s
[DONE] evaluation__31852__denoise__attack__nes__l0.5 calls=1021 margin 2.94->-4.00 t=87.4s
[DONE] evaluation__31852__denoise__restore__nes__l0.5 calls=1021 margin 2.94->2.94 t=87.2s
[DONE] evaluation__31852__denoise__random_walk__random_walk__l0.5 calls=1024 margin 2.94->2.65 t=90.9s
[DONE] evaluation__31852__denoise__confidence_boost__nes__l0.5 calls=1021 margin 2.94->8.58 t=88.2s
[DONE] evaluation__31852__denoise__boundary_probe__nes__l0.5 calls=1021 margin 2.94->0.00 t=88.4s
[DONE] evaluation__31852__denoise__counterfactual__nes__l0.5 calls=1021 margin 2.94->-3.42 t=87.4s
[DONE] evaluation__31852__deblur__attack__nes__l1 calls=1021 margin 1.69->-6.46 t=87.1s
[DONE] evaluation__31852__deblur__restore__nes__l1 calls=1021 margin 1.69->1.69 t=87.6s
[DONE] evaluation__31852__deblur__random_walk__random_walk__l1 calls=1024 margin 1.69->1.65 t=90.7s
[DONE] evaluation__31852__deblur__confidence_boost__nes__l1 calls=1021 margin 1.69->6.33 t=87.7s
[DONE] evaluation__31852__deblur__boundary_probe__nes__l1 calls=1021 margin 1.69->0.01 t=87.6s
[DONE] evaluation__31852__deblur__counterfactual__nes__l1 calls=1021 margin 1.69->-2.79 t=88.4s
[DONE] evaluation__35185__denoise__attack__nes__l0.5 calls=1021 margin 2.23->-7.52 t=87.9s
[DONE] evaluation__35185__denoise__restore__nes__l0.5 calls=1021 margin 2.23->2.23 t=87.5s
[DONE] evaluation__35185__denoise__random_walk__random_walk__l0.5 calls=1024 margin 2.23->2.25 t=92.0s
[DONE] evaluation__35185__denoise__confidence_boost__nes__l0.5 calls=1021 margin 2.23->7.30 t=87.9s
[DONE] evaluation__35185__denoise__boundary_probe__nes__l0.5 calls=1021 margin 2.23->0.01 t=88.7s
[DONE] evaluation__35185__denoise__counterfactual__nes__l0.5 calls=1021 margin 2.23->-3.69 t=87.9s
[DONE] evaluation__35185__deblur__attack__nes__l1 calls=1021 margin 2.49->-7.96 t=89.1s
[DONE] evaluation__35185__deblur__restore__nes__l1 calls=1021 margin 2.49->2.49 t=90.7s
[DONE] evaluation__35185__deblur__random_walk__random_walk__l1 calls=1024 margin 2.49->3.10 t=94.4s
[DONE] evaluation__35185__deblur__confidence_boost__nes__l1 calls=1021 margin 2.49->6.89 t=89.0s
[DONE] evaluation__35185__deblur__boundary_probe__nes__l1 calls=1021 margin 2.49->0.05 t=89.3s
[DONE] evaluation__35185__deblur__counterfactual__nes__l1 calls=1021 margin 2.49->-6.70 t=87.7s
[DONE] evaluation__38600__denoise__attack__nes__l0.5 calls=1021 margin 4.41->-2.21 t=87.9s
[DONE] evaluation__38600__denoise__restore__nes__l0.5 calls=1021 margin 4.41->4.41 t=87.6s
[DONE] evaluation__38600__denoise__random_walk__random_walk__l0.5 calls=1024 margin 4.41->5.33 t=90.8s
[DONE] evaluation__38600__denoise__confidence_boost__nes__l0.5 calls=1021 margin 4.41->12.57 t=88.3s
[DONE] evaluation__38600__denoise__boundary_probe__nes__l0.5 calls=1021 margin 4.41->0.01 t=87.8s
[DONE] evaluation__38600__denoise__counterfactual__nes__l0.5 calls=1021 margin 4.41->-2.21 t=87.5s
[DONE] evaluation__38600__deblur__attack__nes__l1 calls=1021 margin 4.43->-2.35 t=87.3s
[DONE] evaluation__38600__deblur__restore__nes__l1 calls=1021 margin 4.43->4.43 t=87.0s
[DONE] evaluation__38600__deblur__random_walk__random_walk__l1 calls=1024 margin 4.43->5.13 t=91.0s
[DONE] evaluation__38600__deblur__confidence_boost__nes__l1 calls=1021 margin 4.43->14.38 t=88.2s
[DONE] evaluation__38600__deblur__boundary_probe__nes__l1 calls=1021 margin 4.43->0.01 t=88.1s
[DONE] evaluation__38600__deblur__counterfactual__nes__l1 calls=1021 margin 4.43->-1.13 t=87.4s
[DONE] evaluation__42472__denoise__attack__nes__l0.5 calls=1021 margin 0.05->-3.75 t=88.8s
[DONE] evaluation__42472__denoise__restore__nes__l0.5 calls=1021 margin 0.05->0.05 t=88.8s
[DONE] evaluation__42472__denoise__random_walk__random_walk__l0.5 calls=1024 margin 0.05->-0.15 t=91.4s
[DONE] evaluation__42472__denoise__confidence_boost__nes__l0.5 calls=1021 margin 0.05->3.10 t=89.5s
[DONE] evaluation__42472__denoise__boundary_probe__nes__l0.5 calls=1021 margin 0.05->0.05 t=88.1s
[DONE] evaluation__42472__denoise__counterfactual__nes__l0.5 calls=1021 margin 0.05->-3.70 t=87.2s
[DONE] evaluation__42472__deblur__attack__nes__l1 calls=1021 margin 0.39->-6.82 t=87.7s
[DONE] evaluation__42472__deblur__restore__nes__l1 calls=1021 margin 0.39->0.39 t=87.4s
[DONE] evaluation__42472__deblur__random_walk__random_walk__l1 calls=1024 margin 0.39->0.63 t=92.4s
[DONE] evaluation__42472__deblur__confidence_boost__nes__l1 calls=1021 margin 0.39->0.88 t=87.8s
[DONE] evaluation__42472__deblur__boundary_probe__nes__l1 calls=1021 margin 0.39->0.00 t=87.8s
[DONE] evaluation__42472__deblur__counterfactual__nes__l1 calls=1021 margin 0.39->-4.30 t=87.5s
[DONE] evaluation__43920__denoise__attack__nes__l0.5 calls=1021 margin 3.30->1.65 t=90.1s
[DONE] evaluation__43920__denoise__restore__nes__l0.5 calls=1021 margin 3.30->3.30 t=88.0s
[DONE] evaluation__43920__denoise__random_walk__random_walk__l0.5 calls=1024 margin 3.30->3.22 t=91.8s
[DONE] evaluation__43920__denoise__confidence_boost__nes__l0.5 calls=1021 margin 3.30->4.97 t=88.1s
[DONE] evaluation__43920__denoise__boundary_probe__nes__l0.5 calls=1021 margin 3.30->1.47 t=88.3s
[DONE] evaluation__43920__denoise__counterfactual__nes__l0.5 calls=1021 margin 3.30->1.44 t=87.5s
[DONE] evaluation__43920__deblur__attack__nes__l1 calls=1021 margin 2.04->0.04 t=87.2s
[DONE] evaluation__43920__deblur__restore__nes__l1 calls=1021 margin 2.04->2.04 t=87.6s
[DONE] evaluation__43920__deblur__random_walk__random_walk__l1 calls=1024 margin 2.04->3.13 t=91.2s
[DONE] evaluation__43920__deblur__confidence_boost__nes__l1 calls=1021 margin 2.04->3.15 t=87.5s
[DONE] evaluation__43920__deblur__boundary_probe__nes__l1 calls=1021 margin 2.04->0.00 t=87.6s
[DONE] evaluation__43920__deblur__counterfactual__nes__l1 calls=1021 margin 2.04->-0.15 t=87.6s
[DONE] evaluation__48550__denoise__attack__nes__l0.5 calls=1021 margin 5.46->1.88 t=87.5s
[DONE] evaluation__48550__denoise__restore__nes__l0.5 calls=1021 margin 5.46->5.46 t=87.5s
[DONE] evaluation__48550__denoise__random_walk__random_walk__l0.5 calls=1024 margin 5.46->5.54 t=90.7s
[DONE] evaluation__48550__denoise__confidence_boost__nes__l0.5 calls=1021 margin 5.46->12.16 t=89.6s
[DONE] evaluation__48550__denoise__boundary_probe__nes__l0.5 calls=1021 margin 5.46->1.83 t=87.7s
[DONE] evaluation__48550__denoise__counterfactual__nes__l0.5 calls=1021 margin 5.46->2.12 t=87.8s
[DONE] evaluation__48550__deblur__attack__nes__l1 calls=1021 margin 7.62->0.90 t=87.0s
[DONE] evaluation__48550__deblur__restore__nes__l1 calls=1021 margin 7.62->7.62 t=87.7s
[DONE] evaluation__48550__deblur__random_walk__random_walk__l1 calls=1024 margin 7.62->5.72 t=90.3s
[DONE] evaluation__48550__deblur__confidence_boost__nes__l1 calls=1021 margin 7.62->15.84 t=89.0s
[DONE] evaluation__48550__deblur__boundary_probe__nes__l1 calls=1021 margin 7.62->0.11 t=87.6s
[DONE] evaluation__48550__deblur__counterfactual__nes__l1 calls=1021 margin 7.62->0.30 t=87.2s
[DONE] fit__154__denoise__attack__nes__l0.5 calls=1021 margin 2.91->-1.66 t=87.2s
[DONE] fit__154__denoise__restore__nes__l0.5 calls=1021 margin 2.91->2.91 t=87.3s
[DONE] fit__154__denoise__random_walk__random_walk__l0.5 calls=1024 margin 2.91->2.53 t=90.0s
[DONE] fit__154__denoise__confidence_boost__nes__l0.5 calls=1021 margin 2.91->8.49 t=87.3s
[DONE] fit__154__denoise__boundary_probe__nes__l0.5 calls=1021 margin 2.91->0.01 t=87.1s
[DONE] fit__154__denoise__counterfactual__nes__l0.5 calls=1021 margin 2.91->-1.63 t=87.1s
[DONE] fit__154__deblur__attack__nes__l1 calls=1021 margin 3.65->1.75 t=87.0s
[DONE] fit__154__deblur__restore__nes__l1 calls=1021 margin 3.65->3.65 t=87.6s
[DONE] fit__154__deblur__random_walk__random_walk__l1 calls=1024 margin 3.65->2.20 t=91.8s
[DONE] fit__154__deblur__confidence_boost__nes__l1 calls=1021 margin 3.65->9.46 t=87.2s
[DONE] fit__154__deblur__boundary_probe__nes__l1 calls=1021 margin 3.65->0.40 t=91.1s
[DONE] fit__154__deblur__counterfactual__nes__l1 calls=1021 margin 3.65->0.64 t=87.5s
[DONE] fit__5049__denoise__attack__nes__l0.5 calls=1021 margin 5.94->1.26 t=87.4s
[DONE] fit__5049__denoise__restore__nes__l0.5 calls=1021 margin 5.94->5.94 t=88.0s
[DONE] fit__5049__denoise__random_walk__random_walk__l0.5 calls=1024 margin 5.94->5.59 t=90.7s
[DONE] fit__5049__denoise__confidence_boost__nes__l0.5 calls=1021 margin 5.94->11.43 t=87.3s
[DONE] fit__5049__denoise__boundary_probe__nes__l0.5 calls=1021 margin 5.94->0.60 t=87.9s
[DONE] fit__5049__denoise__counterfactual__nes__l0.5 calls=1021 margin 5.94->0.45 t=87.3s
[DONE] fit__5049__deblur__attack__nes__l1 calls=1021 margin 6.36->-1.85 t=87.5s
[DONE] fit__5049__deblur__restore__nes__l1 calls=1021 margin 6.36->6.36 t=87.7s
[DONE] fit__5049__deblur__random_walk__random_walk__l1 calls=1024 margin 6.36->6.14 t=90.6s
[DONE] fit__5049__deblur__confidence_boost__nes__l1 calls=1021 margin 6.36->11.99 t=87.4s
[DONE] fit__5049__deblur__boundary_probe__nes__l1 calls=1021 margin 6.36->0.03 t=87.1s
[DONE] fit__5049__deblur__counterfactual__nes__l1 calls=1021 margin 6.36->-0.86 t=87.4s
[DONE] fit__7898__denoise__attack__nes__l0.5 calls=1021 margin 6.08->0.36 t=87.8s
[DONE] fit__7898__denoise__restore__nes__l0.5 calls=1021 margin 6.08->6.08 t=87.0s
[DONE] fit__7898__denoise__random_walk__random_walk__l0.5 calls=1024 margin 6.08->6.38 t=90.4s
[DONE] fit__7898__denoise__confidence_boost__nes__l0.5 calls=1021 margin 6.08->11.78 t=87.4s
[DONE] fit__7898__denoise__boundary_probe__nes__l0.5 calls=1021 margin 6.08->0.32 t=87.8s
[DONE] fit__7898__denoise__counterfactual__nes__l0.5 calls=1021 margin 6.08->0.28 t=87.5s
[DONE] fit__7898__deblur__attack__nes__l1 calls=1021 margin 4.72->0.17 t=87.0s
[DONE] fit__7898__deblur__restore__nes__l1 calls=1021 margin 4.72->4.72 t=87.2s
[DONE] fit__7898__deblur__random_walk__random_walk__l1 calls=1024 margin 4.72->5.55 t=91.9s
[DONE] fit__7898__deblur__confidence_boost__nes__l1 calls=1021 margin 4.72->11.01 t=87.4s
[DONE] fit__7898__deblur__boundary_probe__nes__l1 calls=1021 margin 4.72->0.05 t=87.4s
[DONE] fit__7898__deblur__counterfactual__nes__l1 calls=1021 margin 4.72->-0.99 t=87.4s
[DONE] fit__13123__denoise__attack__nes__l0.5 calls=1021 margin 4.15->-4.34 t=88.4s
[DONE] fit__13123__denoise__restore__nes__l0.5 calls=1021 margin 4.15->4.15 t=88.7s
[DONE] fit__13123__denoise__random_walk__random_walk__l0.5 calls=1024 margin 4.15->3.96 t=97.1s
[DONE] fit__13123__denoise__confidence_boost__nes__l0.5 calls=1021 margin 4.15->10.04 t=88.5s
[DONE] fit__13123__denoise__boundary_probe__nes__l0.5 calls=1021 margin 4.15->0.03 t=89.1s
[DONE] fit__13123__denoise__counterfactual__nes__l0.5 calls=1021 margin 4.15->-4.24 t=89.4s
[DONE] fit__13123__deblur__attack__nes__l1 calls=1021 margin 5.37->-4.33 t=88.9s
[DONE] fit__13123__deblur__restore__nes__l1 calls=1021 margin 5.37->5.37 t=88.3s
[DONE] fit__13123__deblur__random_walk__random_walk__l1 calls=1024 margin 5.37->5.04 t=91.0s
[DONE] fit__13123__deblur__confidence_boost__nes__l1 calls=1021 margin 5.37->10.33 t=87.9s
[DONE] fit__13123__deblur__boundary_probe__nes__l1 calls=1021 margin 5.37->0.00 t=87.3s
[DONE] fit__13123__deblur__counterfactual__nes__l1 calls=1021 margin 5.37->-2.62 t=87.5s
[DONE] fit__16737__denoise__attack__nes__l0.5 calls=1021 margin 5.15->-6.06 t=87.3s
[DONE] fit__16737__denoise__restore__nes__l0.5 calls=1021 margin 5.15->5.15 t=87.6s
[DONE] fit__16737__denoise__random_walk__random_walk__l0.5 calls=1024 margin 5.15->5.89 t=90.6s
[DONE] fit__16737__denoise__confidence_boost__nes__l0.5 calls=1021 margin 5.15->12.64 t=87.3s
[DONE] fit__16737__denoise__boundary_probe__nes__l0.5 calls=1021 margin 5.15->0.00 t=87.1s
[DONE] fit__16737__denoise__counterfactual__nes__l0.5 calls=1021 margin 5.15->-7.11 t=87.5s
[DONE] fit__16737__deblur__attack__nes__l1 calls=1021 margin 6.89->-7.93 t=87.1s
[DONE] fit__16737__deblur__restore__nes__l1 calls=1021 margin 6.89->6.89 t=87.4s
[DONE] fit__16737__deblur__random_walk__random_walk__l1 calls=1024 margin 6.89->5.71 t=90.5s
[DONE] fit__16737__deblur__confidence_boost__nes__l1 calls=1021 margin 6.89->12.97 t=87.6s
[DONE] fit__16737__deblur__boundary_probe__nes__l1 calls=1021 margin 6.89->0.01 t=87.7s
[DONE] fit__16737__deblur__counterfactual__nes__l1 calls=1021 margin 6.89->-2.92 t=87.6s
[DONE] fit__23636__denoise__attack__nes__l0.5 calls=1021 margin 1.76->-1.23 t=87.7s
[DONE] fit__23636__denoise__restore__nes__l0.5 calls=1021 margin 1.76->1.76 t=87.1s
[DONE] fit__23636__denoise__random_walk__random_walk__l0.5 calls=1024 margin 1.76->1.92 t=90.9s
[DONE] fit__23636__denoise__confidence_boost__nes__l0.5 calls=1021 margin 1.76->4.91 t=87.7s
[DONE] fit__23636__denoise__boundary_probe__nes__l0.5 calls=1021 margin 1.76->0.00 t=87.0s
[DONE] fit__23636__denoise__counterfactual__nes__l0.5 calls=1021 margin 1.76->-0.97 t=87.7s
[DONE] fit__23636__deblur__attack__nes__l1 calls=1021 margin 4.22->0.77 t=87.5s
[DONE] fit__23636__deblur__restore__nes__l1 calls=1021 margin 4.22->4.22 t=88.7s
[DONE] fit__23636__deblur__random_walk__random_walk__l1 calls=1024 margin 4.22->3.53 t=90.6s
[DONE] fit__23636__deblur__confidence_boost__nes__l1 calls=1021 margin 4.22->7.71 t=87.8s
[DONE] fit__23636__deblur__boundary_probe__nes__l1 calls=1021 margin 4.22->1.02 t=87.5s
[DONE] fit__23636__deblur__counterfactual__nes__l1 calls=1021 margin 4.22->0.77 t=87.2s
[DONE] fit__27564__denoise__attack__nes__l0.5 calls=1021 margin 0.86->-9.08 t=87.4s
[DONE] fit__27564__denoise__restore__nes__l0.5 calls=1021 margin 0.86->0.86 t=87.6s
[DONE] fit__27564__denoise__random_walk__random_walk__l0.5 calls=1024 margin 0.86->0.88 t=91.5s
[DONE] fit__27564__denoise__confidence_boost__nes__l0.5 calls=1021 margin 0.86->3.89 t=88.0s
[DONE] fit__27564__denoise__boundary_probe__nes__l0.5 calls=1021 margin 0.86->0.01 t=88.0s
[DONE] fit__27564__denoise__counterfactual__nes__l0.5 calls=1021 margin 0.86->-1.15 t=87.8s
[DONE] fit__27564__deblur__attack__nes__l1 calls=1021 margin 3.87->-3.95 t=87.9s
[DONE] fit__27564__deblur__restore__nes__l1 calls=1021 margin 3.87->3.87 t=87.5s
[DONE] fit__27564__deblur__random_walk__random_walk__l1 calls=1024 margin 3.87->1.51 t=92.3s
[DONE] fit__27564__deblur__confidence_boost__nes__l1 calls=1021 margin 3.87->8.62 t=88.3s
[DONE] fit__27564__deblur__boundary_probe__nes__l1 calls=1021 margin 3.87->0.07 t=87.4s
[DONE] fit__27564__deblur__counterfactual__nes__l1 calls=1021 margin 3.87->-0.77 t=87.6s
[DONE] fit__31885__denoise__attack__nes__l0.5 calls=1021 margin 0.51->-7.75 t=87.4s
[DONE] fit__31885__denoise__restore__nes__l0.5 calls=1021 margin 0.51->0.51 t=88.0s
[DONE] fit__31885__denoise__random_walk__random_walk__l0.5 calls=1024 margin 0.51->0.48 t=91.1s
[DONE] fit__31885__denoise__confidence_boost__nes__l0.5 calls=1021 margin 0.51->5.59 t=87.9s
[DONE] fit__31885__denoise__boundary_probe__nes__l0.5 calls=1021 margin 0.51->0.04 t=87.2s
[DONE] fit__31885__denoise__counterfactual__nes__l0.5 calls=1021 margin 0.51->-7.66 t=87.5s
[DONE] fit__31885__deblur__attack__nes__l1 calls=1021 margin 2.03->-5.59 t=87.1s
[DONE] fit__31885__deblur__restore__nes__l1 calls=1021 margin 2.03->2.03 t=87.5s
[DONE] fit__31885__deblur__random_walk__random_walk__l1 calls=1024 margin 2.03->0.78 t=90.5s
[DONE] fit__31885__deblur__confidence_boost__nes__l1 calls=1021 margin 2.03->5.24 t=87.6s
[DONE] fit__31885__deblur__boundary_probe__nes__l1 calls=1021 margin 2.03->0.04 t=87.2s
[DONE] fit__31885__deblur__counterfactual__nes__l1 calls=1021 margin 2.03->-5.86 t=89.3s
[DONE] fit__38642__denoise__attack__nes__l0.5 calls=1021 margin 15.57->4.51 t=87.4s
[DONE] fit__38642__denoise__restore__nes__l0.5 calls=1021 margin 15.57->15.57 t=87.8s
[DONE] fit__38642__denoise__random_walk__random_walk__l0.5 calls=1024 margin 15.57->15.31 t=90.9s
[DONE] fit__38642__denoise__confidence_boost__nes__l0.5 calls=1021 margin 15.57->17.42 t=87.7s
[DONE] fit__38642__denoise__boundary_probe__nes__l0.5 calls=1021 margin 15.57->4.26 t=87.3s
[DONE] fit__38642__denoise__counterfactual__nes__l0.5 calls=1021 margin 15.57->2.75 t=89.5s
[DONE] fit__38642__deblur__attack__nes__l1 calls=1021 margin 10.75->2.33 t=88.0s
[DONE] fit__38642__deblur__restore__nes__l1 calls=1021 margin 10.75->10.75 t=87.0s
[DONE] fit__38642__deblur__random_walk__random_walk__l1 calls=1024 margin 10.75->13.05 t=90.5s
[DONE] fit__38642__deblur__confidence_boost__nes__l1 calls=1021 margin 10.75->17.71 t=87.4s
[DONE] fit__38642__deblur__boundary_probe__nes__l1 calls=1021 margin 10.75->0.76 t=87.3s
[DONE] fit__38642__deblur__counterfactual__nes__l1 calls=1021 margin 10.75->0.77 t=87.6s
[DONE] fit__43939__denoise__attack__nes__l0.5 calls=1021 margin 2.24->0.33 t=86.9s
[DONE] fit__43939__denoise__restore__nes__l0.5 calls=1021 margin 2.24->2.25 t=87.7s
[DONE] fit__43939__denoise__random_walk__random_walk__l0.5 calls=1024 margin 2.24->2.25 t=91.0s
[DONE] fit__43939__denoise__confidence_boost__nes__l0.5 calls=1021 margin 2.24->4.56 t=88.6s
[DONE] fit__43939__denoise__boundary_probe__nes__l0.5 calls=1021 margin 2.24->0.18 t=87.8s
[DONE] fit__43939__denoise__counterfactual__nes__l0.5 calls=1021 margin 2.24->0.25 t=87.9s
[DONE] fit__43939__deblur__attack__nes__l1 calls=1021 margin 1.95->-0.40 t=87.5s
[DONE] fit__43939__deblur__restore__nes__l1 calls=1021 margin 1.95->1.95 t=86.5s
[DONE] fit__43939__deblur__random_walk__random_walk__l1 calls=1024 margin 1.95->2.10 t=91.1s
[DONE] fit__43939__deblur__confidence_boost__nes__l1 calls=1021 margin 1.95->3.22 t=87.6s
[DONE] fit__43939__deblur__boundary_probe__nes__l1 calls=1021 margin 1.95->0.00 t=87.5s
[DONE] fit__43939__deblur__counterfactual__nes__l1 calls=1021 margin 1.95->-0.44 t=87.1s
