Traceback (most recent call last):
  File "/home/sepi/projects/MCG-Blackbox/experiments/gate_trajectory_signatures/run_specificity_workloads.py", line 439, in <module>
    main()
  File "/home/sepi/projects/MCG-Blackbox/experiments/gate_trajectory_signatures/run_specificity_workloads.py", line 416, in main
    result, arrays = run_session(model, clean, start, label, workload, objective, lam, seed,
                     ^^^^^^^^^^^^^^^^^^^^^^^^^^^^^^^^^^^^^^^^^^^^^^^^^^^^^^^^^^^^^^^^^^^^^^^
  File "/home/sepi/projects/MCG-Blackbox/experiments/gate_trajectory_signatures/run_specificity_workloads.py", line 208, in run_session
    current_logits = recorder.submit_batch(current)
                     ^^^^^^^^^^^^^^^^^^^^^^^^^^^^^^
  File "/home/sepi/jupyterenv/lib/python3.12/site-packages/torch/utils/_contextlib.py", line 116, in decorate_context
    return func(*args, **kwargs)
           ^^^^^^^^^^^^^^^^^^^^^
  File "/home/sepi/projects/MCG-Blackbox/experiments/gate_trajectory_signatures/run_stateful_specificity_sessions.py", line 265, in submit_batch
    output = self.model(images)
             ^^^^^^^^^^^^^^^^^^
  File "/home/sepi/jupyterenv/lib/python3.12/site-packages/torch/nn/modules/module.py", line 1736, in _wrapped_call_impl
    return self._call_impl(*args, **kwargs)
           ^^^^^^^^^^^^^^^^^^^^^^^^^^^^^^^^
  File "/home/sepi/jupyterenv/lib/python3.12/site-packages/torch/nn/modules/module.py", line 1747, in _call_impl
    return forward_call(*args, **kwargs)
           ^^^^^^^^^^^^^^^^^^^^^^^^^^^^^
  File "/home/sepi/jupyterenv/lib/python3.12/site-packages/torch/nn/modules/container.py", line 250, in forward
    input = module(input)
            ^^^^^^^^^^^^^
  File "/home/sepi/jupyterenv/lib/python3.12/site-packages/torch/nn/modules/module.py", line 1736, in _wrapped_call_impl
    return self._call_impl(*args, **kwargs)
           ^^^^^^^^^^^^^^^^^^^^^^^^^^^^^^^^
  File "/home/sepi/jupyterenv/lib/python3.12/site-packages/torch/nn/modules/module.py", line 1747, in _call_impl
    return forward_call(*args, **kwargs)
           ^^^^^^^^^^^^^^^^^^^^^^^^^^^^^
  File "/home/sepi/jupyterenv/lib/python3.12/site-packages/torchvision/models/resnet.py", line 285, in forward
    return self._forward_impl(x)
           ^^^^^^^^^^^^^^^^^^^^^
  File "/home/sepi/jupyterenv/lib/python3.12/site-packages/torchvision/models/resnet.py", line 268, in _forward_impl
    x = self.conv1(x)
        ^^^^^^^^^^^^^
  File "/home/sepi/jupyterenv/lib/python3.12/site-packages/torch/nn/modules/module.py", line 1736, in _wrapped_call_impl
    return self._call_impl(*args, **kwargs)
           ^^^^^^^^^^^^^^^^^^^^^^^^^^^^^^^^
  File "/home/sepi/jupyterenv/lib/python3.12/site-packages/torch/nn/modules/module.py", line 1747, in _call_impl
    return forward_call(*args, **kwargs)
           ^^^^^^^^^^^^^^^^^^^^^^^^^^^^^
  File "/home/sepi/jupyterenv/lib/python3.12/site-packages/torch/nn/modules/conv.py", line 554, in forward
    return self._conv_forward(input, self.weight, self.bias)
           ^^^^^^^^^^^^^^^^^^^^^^^^^^^^^^^^^^^^^^^^^^^^^^^^^
  File "/home/sepi/jupyterenv/lib/python3.12/site-packages/torch/nn/modules/conv.py", line 549, in _conv_forward
    return F.conv2d(
           ^^^^^^^^^
RuntimeError: cuDNN error: CUDNN_STATUS_INTERNAL_ERROR_DEVICE_ALLOCATION_FAILED
[DONE] evaluation__1962__denoise__attack__nes__l0.5 calls=1021 margin 6.53->-2.09 t=92.5s
[DONE] evaluation__1962__denoise__restore__nes__l0.5 calls=1021 margin 6.53->6.53 t=92.7s
[DONE] evaluation__1962__denoise__random_walk__random_walk__l0.5 calls=1024 margin 6.53->6.20 t=93.4s
[DONE] evaluation__1962__denoise__confidence_boost__nes__l0.5 calls=1021 margin 6.53->14.81 t=88.8s
[DONE] evaluation__1962__denoise__boundary_probe__nes__l0.5 calls=1021 margin 6.53->0.01 t=88.2s
[DONE] evaluation__1962__denoise__counterfactual__nes__l0.5 calls=1021 margin 6.53->-3.55 t=89.1s
[DONE] evaluation__1962__deblur__attack__nes__l1 calls=1021 margin 4.84->1.59 t=89.5s
[DONE] evaluation__1962__deblur__restore__nes__l1 calls=1021 margin 4.84->4.84 t=88.9s
[DONE] evaluation__1962__deblur__random_walk__random_walk__l1 calls=1024 margin 4.84->5.85 t=93.5s
[DONE] evaluation__1962__deblur__confidence_boost__nes__l1 calls=1021 margin 4.84->11.80 t=88.1s
[DONE] evaluation__1962__deblur__boundary_probe__nes__l1 calls=1021 margin 4.84->0.63 t=88.0s
[DONE] evaluation__1962__deblur__counterfactual__nes__l1 calls=1021 margin 4.84->0.72 t=87.6s
[DONE] evaluation__4076__denoise__attack__nes__l0.5 calls=1021 margin 1.24->-4.74 t=89.5s
[DONE] evaluation__4076__denoise__restore__nes__l0.5 calls=1021 margin 1.24->1.24 t=88.2s
[DONE] evaluation__4076__denoise__random_walk__random_walk__l0.5 calls=1024 margin 1.24->1.29 t=92.0s
[DONE] evaluation__4076__denoise__confidence_boost__nes__l0.5 calls=1021 margin 1.24->6.79 t=89.6s
[DONE] evaluation__4076__denoise__boundary_probe__nes__l0.5 calls=1021 margin 1.24->0.00 t=88.8s
[DONE] evaluation__4076__denoise__counterfactual__nes__l0.5 calls=1021 margin 1.24->-3.44 t=89.1s
[DONE] evaluation__4076__deblur__attack__nes__l1 calls=1021 margin 2.02->-5.08 t=88.9s
[DONE] evaluation__4076__deblur__restore__nes__l1 calls=1021 margin 2.02->2.02 t=88.3s
[DONE] evaluation__4076__deblur__random_walk__random_walk__l1 calls=1024 margin 2.02->1.67 t=92.4s
[DONE] evaluation__4076__deblur__confidence_boost__nes__l1 calls=1021 margin 2.02->8.42 t=89.1s
[DONE] evaluation__4076__deblur__boundary_probe__nes__l1 calls=1021 margin 2.02->0.02 t=88.6s
[DONE] evaluation__4076__deblur__counterfactual__nes__l1 calls=1021 margin 2.02->-4.04 t=88.9s
[DONE] evaluation__5955__denoise__attack__nes__l0.5 calls=1021 margin 1.90->-4.07 t=90.4s
[DONE] evaluation__5955__denoise__restore__nes__l0.5 calls=1021 margin 1.90->1.90 t=88.8s
[DONE] evaluation__5955__denoise__random_walk__random_walk__l0.5 calls=1024 margin 1.90->3.05 t=92.2s
[DONE] evaluation__5955__denoise__confidence_boost__nes__l0.5 calls=1021 margin 1.90->6.88 t=89.3s
[DONE] evaluation__5955__denoise__boundary_probe__nes__l0.5 calls=1021 margin 1.90->0.01 t=89.4s
[DONE] evaluation__5955__denoise__counterfactual__nes__l0.5 calls=1021 margin 1.90->-2.98 t=88.9s
[DONE] evaluation__5955__deblur__attack__nes__l1 calls=1021 margin 4.34->-5.04 t=88.9s
[DONE] evaluation__5955__deblur__restore__nes__l1 calls=1021 margin 4.34->4.34 t=88.6s
[DONE] evaluation__5955__deblur__random_walk__random_walk__l1 calls=1024 margin 4.34->2.21 t=92.3s
[DONE] evaluation__5955__deblur__confidence_boost__nes__l1 calls=1021 margin 4.34->7.84 t=89.2s
[DONE] evaluation__5955__deblur__boundary_probe__nes__l1 calls=1021 margin 4.34->0.00 t=88.8s
[DONE] evaluation__5955__deblur__counterfactual__nes__l1 calls=1021 margin 4.34->-3.34 t=89.1s
[DONE] evaluation__7569__denoise__attack__nes__l0.5 calls=1021 margin 0.97->-5.47 t=90.9s
[DONE] evaluation__7569__denoise__restore__nes__l0.5 calls=1021 margin 0.97->0.97 t=88.6s
[DONE] evaluation__7569__denoise__random_walk__random_walk__l0.5 calls=1024 margin 0.97->0.74 t=92.2s
[DONE] evaluation__7569__denoise__confidence_boost__nes__l0.5 calls=1021 margin 0.97->7.40 t=89.1s
[DONE] evaluation__7569__denoise__boundary_probe__nes__l0.5 calls=1021 margin 0.97->0.01 t=89.1s
[DONE] evaluation__7569__denoise__counterfactual__nes__l0.5 calls=1021 margin 0.97->-5.35 t=88.7s
[DONE] evaluation__7569__deblur__attack__nes__l1 calls=1021 margin 2.04->-3.70 t=88.5s
[DONE] evaluation__7569__deblur__restore__nes__l1 calls=1021 margin 2.04->2.04 t=88.1s
[DONE] evaluation__7569__deblur__random_walk__random_walk__l1 calls=1024 margin 2.04->2.37 t=92.6s
[DONE] evaluation__7569__deblur__confidence_boost__nes__l1 calls=1021 margin 2.04->8.46 t=89.4s
[DONE] evaluation__7569__deblur__boundary_probe__nes__l1 calls=1021 margin 2.04->0.00 t=88.3s
[DONE] evaluation__7569__deblur__counterfactual__nes__l1 calls=1021 margin 2.04->-4.74 t=88.6s
[DONE] evaluation__10590__denoise__attack__nes__l0.5 calls=1021 margin 0.80->-9.22 t=89.2s
[DONE] evaluation__10590__denoise__restore__nes__l0.5 calls=1021 margin 0.80->0.80 t=88.6s
[DONE] evaluation__10590__denoise__random_walk__random_walk__l0.5 calls=1024 margin 0.80->0.84 t=91.6s
[DONE] evaluation__10590__denoise__confidence_boost__nes__l0.5 calls=1021 margin 0.80->5.15 t=88.8s
[DONE] evaluation__10590__denoise__boundary_probe__nes__l0.5 calls=1021 margin 0.80->0.05 t=88.4s
[DONE] evaluation__10590__denoise__counterfactual__nes__l0.5 calls=1021 margin 0.80->-9.33 t=88.9s
[DONE] evaluation__10590__deblur__attack__nes__l1 calls=1021 margin 0.52->-5.51 t=88.2s
[DONE] evaluation__10590__deblur__restore__nes__l1 calls=1021 margin 0.52->0.52 t=87.9s
[DONE] evaluation__10590__deblur__random_walk__random_walk__l1 calls=1024 margin 0.52->0.86 t=91.6s
[DONE] evaluation__10590__deblur__confidence_boost__nes__l1 calls=1021 margin 0.52->6.97 t=90.2s
[DONE] evaluation__10590__deblur__boundary_probe__nes__l1 calls=1021 margin 0.52->0.04 t=87.8s
[DONE] evaluation__10590__deblur__counterfactual__nes__l1 calls=1021 margin 0.52->-3.61 t=88.5s
[DONE] evaluation__12421__denoise__attack__nes__l0.5 calls=1021 margin 0.37->-1.37 t=88.8s
[DONE] evaluation__12421__denoise__restore__nes__l0.5 calls=1021 margin 0.37->0.37 t=88.9s
[DONE] evaluation__12421__denoise__random_walk__random_walk__l0.5 calls=1024 margin 0.37->0.26 t=93.8s
[DONE] evaluation__12421__denoise__confidence_boost__nes__l0.5 calls=1021 margin 0.37->1.86 t=88.6s
[DONE] evaluation__12421__denoise__boundary_probe__nes__l0.5 calls=1021 margin 0.37->0.00 t=88.8s
[DONE] evaluation__12421__denoise__counterfactual__nes__l0.5 calls=1021 margin 0.37->-1.44 t=88.3s
[DONE] evaluation__12421__deblur__attack__nes__l1 calls=1021 margin 0.18->-2.45 t=88.4s
[DONE] evaluation__12421__deblur__restore__nes__l1 calls=1021 margin 0.18->0.18 t=88.0s
[DONE] evaluation__12421__deblur__random_walk__random_walk__l1 calls=1024 margin 0.18->-0.11 t=92.0s
[DONE] evaluation__12421__deblur__confidence_boost__nes__l1 calls=1021 margin 0.18->1.40 t=91.0s
[DONE] evaluation__12421__deblur__boundary_probe__nes__l1 calls=1021 margin 0.18->0.04 t=89.7s
[DONE] evaluation__12421__deblur__counterfactual__nes__l1 calls=1021 margin 0.18->-2.62 t=88.9s
[DONE] evaluation__13633__denoise__attack__nes__l0.5 calls=1021 margin 4.11->-3.85 t=90.9s
[DONE] evaluation__13633__denoise__restore__nes__l0.5 calls=1021 margin 4.11->4.11 t=87.2s
[DONE] evaluation__13633__denoise__random_walk__random_walk__l0.5 calls=1024 margin 4.11->3.95 t=90.9s
[DONE] evaluation__13633__denoise__confidence_boost__nes__l0.5 calls=1021 margin 4.11->8.91 t=88.4s
[DONE] evaluation__13633__denoise__boundary_probe__nes__l0.5 calls=1021 margin 4.11->0.02 t=87.8s
[DONE] evaluation__13633__denoise__counterfactual__nes__l0.5 calls=1021 margin 4.11->-1.31 t=87.7s
[DONE] evaluation__13633__deblur__attack__nes__l1 calls=1021 margin 0.54->-2.59 t=86.9s
[DONE] evaluation__13633__deblur__restore__nes__l1 calls=1021 margin 0.54->0.54 t=87.5s
[DONE] evaluation__13633__deblur__random_walk__random_walk__l1 calls=1024 margin 0.54->2.21 t=90.8s
[DONE] evaluation__13633__deblur__confidence_boost__nes__l1 calls=1021 margin 0.54->7.79 t=87.7s
[DONE] evaluation__13633__deblur__boundary_probe__nes__l1 calls=1021 margin 0.54->0.00 t=87.0s
[DONE] evaluation__13633__deblur__counterfactual__nes__l1 calls=1021 margin 0.54->-2.26 t=87.4s
[DONE] evaluation__16027__denoise__attack__nes__l0.5 calls=1021 margin 5.15->2.81 t=87.3s
[DONE] evaluation__16027__denoise__restore__nes__l0.5 calls=1021 margin 5.15->5.15 t=89.3s
[DONE] evaluation__16027__denoise__random_walk__random_walk__l0.5 calls=1024 margin 5.15->5.34 t=90.4s
[DONE] evaluation__16027__denoise__confidence_boost__nes__l0.5 calls=1021 margin 5.15->8.42 t=87.6s
[DONE] evaluation__16027__denoise__boundary_probe__nes__l0.5 calls=1021 margin 5.15->2.70 t=87.6s
[DONE] evaluation__16027__denoise__counterfactual__nes__l0.5 calls=1021 margin 5.15->2.64 t=87.7s
[DONE] evaluation__16027__deblur__attack__nes__l1 calls=1021 margin 3.88->2.20 t=87.3s
[DONE] evaluation__16027__deblur__restore__nes__l1 calls=1021 margin 3.88->3.88 t=87.1s
[DONE] evaluation__16027__deblur__random_walk__random_walk__l1 calls=1024 margin 3.88->4.04 t=90.3s
[DONE] evaluation__16027__deblur__confidence_boost__nes__l1 calls=1021 margin 3.88->7.37 t=87.7s
[DONE] evaluation__16027__deblur__boundary_probe__nes__l1 calls=1021 margin 3.88->2.75 t=87.7s
[DONE] evaluation__16027__deblur__counterfactual__nes__l1 calls=1021 margin 3.88->2.43 t=87.5s
[DONE] evaluation__20019__denoise__attack__nes__l0.5 calls=1021 margin 1.41->-1.08 t=88.5s
[DONE] evaluation__20019__denoise__restore__nes__l0.5 calls=1021 margin 1.41->1.41 t=87.7s
[DONE] evaluation__20019__denoise__random_walk__random_walk__l0.5 calls=1024 margin 1.41->1.35 t=92.2s
[DONE] evaluation__20019__denoise__confidence_boost__nes__l0.5 calls=1021 margin 1.41->3.63 t=88.4s
[DONE] evaluation__20019__denoise__boundary_probe__nes__l0.5 calls=1021 margin 1.41->0.01 t=88.5s
[DONE] evaluation__20019__denoise__counterfactual__nes__l0.5 calls=1021 margin 1.41->-0.86 t=88.5s
[DONE] evaluation__20019__deblur__attack__nes__l1 calls=1021 margin 2.34->-0.04 t=88.2s
[DONE] evaluation__20019__deblur__restore__nes__l1 calls=1021 margin 2.34->2.34 t=88.4s
[DONE] evaluation__20019__deblur__random_walk__random_walk__l1 calls=1024 margin 2.34->1.93 t=92.3s
[DONE] evaluation__20019__deblur__confidence_boost__nes__l1 calls=1021 margin 2.34->4.53 t=89.3s
[DONE] evaluation__20019__deblur__boundary_probe__nes__l1 calls=1021 margin 2.34->0.12 t=87.7s
[DONE] evaluation__20019__deblur__counterfactual__nes__l1 calls=1021 margin 2.34->-0.26 t=87.8s
[DONE] evaluation__23445__denoise__attack__nes__l0.5 calls=1021 margin 7.60->-0.15 t=87.6s
[DONE] evaluation__23445__denoise__restore__nes__l0.5 calls=1021 margin 7.60->7.60 t=87.1s
[DONE] evaluation__23445__denoise__random_walk__random_walk__l0.5 calls=1024 margin 7.60->7.70 t=90.3s
[DONE] evaluation__23445__denoise__confidence_boost__nes__l0.5 calls=1021 margin 7.60->13.54 t=87.3s
[DONE] evaluation__23445__denoise__boundary_probe__nes__l0.5 calls=1021 margin 7.60->0.02 t=87.3s
[DONE] evaluation__23445__denoise__counterfactual__nes__l0.5 calls=1021 margin 7.60->0.19 t=87.4s
[DONE] evaluation__23445__deblur__attack__nes__l1 calls=1021 margin 6.84->-4.00 t=87.1s
[DONE] evaluation__23445__deblur__restore__nes__l1 calls=1021 margin 6.84->6.84 t=87.3s
[DONE] evaluation__23445__deblur__random_walk__random_walk__l1 calls=1024 margin 6.84->7.48 t=91.2s
[DONE] evaluation__23445__deblur__confidence_boost__nes__l1 calls=1021 margin 6.84->10.41 t=88.0s
[DONE] evaluation__23445__deblur__boundary_probe__nes__l1 calls=1021 margin 6.84->0.04 t=87.1s
[DONE] evaluation__23445__deblur__counterfactual__nes__l1 calls=1021 margin 6.84->-0.86 t=87.4s
[DONE] evaluation__25710__denoise__attack__nes__l0.5 calls=1021 margin 10.17->4.27 t=88.0s
[DONE] evaluation__25710__denoise__restore__nes__l0.5 calls=1021 margin 10.17->10.17 t=87.1s
[DONE] evaluation__25710__denoise__random_walk__random_walk__l0.5 calls=1024 margin 10.17->9.46 t=91.2s
[DONE] evaluation__25710__denoise__confidence_boost__nes__l0.5 calls=1021 margin 10.17->15.87 t=87.8s
[DONE] evaluation__25710__denoise__boundary_probe__nes__l0.5 calls=1021 margin 10.17->4.47 t=87.9s
[DONE] evaluation__25710__denoise__counterfactual__nes__l0.5 calls=1021 margin 10.17->5.43 t=87.9s
[DONE] evaluation__25710__deblur__attack__nes__l1 calls=1021 margin 7.50->-1.43 t=87.6s
[DONE] evaluation__25710__deblur__restore__nes__l1 calls=1021 margin 7.50->7.50 t=87.6s
[DONE] evaluation__25710__deblur__random_walk__random_walk__l1 calls=1024 margin 7.50->9.14 t=91.2s
[DONE] evaluation__25710__deblur__confidence_boost__nes__l1 calls=1021 margin 7.50->14.42 t=88.0s
[DONE] evaluation__25710__deblur__boundary_probe__nes__l1 calls=1021 margin 7.50->0.01 t=87.9s
[DONE] evaluation__25710__deblur__counterfactual__nes__l1 calls=1021 margin 7.50->-1.92 t=87.1s
[DONE] evaluation__27153__denoise__attack__nes__l0.5 calls=1021 margin 4.16->1.86 t=88.1s
[DONE] evaluation__27153__denoise__restore__nes__l0.5 calls=1021 margin 4.16->4.16 t=87.5s
[DONE] evaluation__27153__denoise__random_walk__random_walk__l0.5 calls=1024 margin 4.16->4.08 t=91.3s
[DONE] evaluation__27153__denoise__confidence_boost__nes__l0.5 calls=1021 margin 4.16->5.82 t=87.9s
[DONE] evaluation__27153__denoise__boundary_probe__nes__l0.5 calls=1021 margin 4.16->1.85 t=88.1s
[DONE] evaluation__27153__denoise__counterfactual__nes__l0.5 calls=1021 margin 4.16->1.95 t=87.9s
[DONE] evaluation__27153__deblur__attack__nes__l1 calls=1021 margin 3.48->0.33 t=87.4s
[DONE] evaluation__27153__deblur__restore__nes__l1 calls=1021 margin 3.48->3.48 t=87.1s
[DONE] evaluation__27153__deblur__random_walk__random_walk__l1 calls=1024 margin 3.48->3.90 t=91.4s
[DONE] evaluation__27153__deblur__confidence_boost__nes__l1 calls=1021 margin 3.48->5.33 t=87.8s
[DONE] evaluation__27153__deblur__boundary_probe__nes__l1 calls=1021 margin 3.48->0.07 t=87.7s
[DONE] evaluation__27153__deblur__counterfactual__nes__l1 calls=1021 margin 3.48->0.32 t=87.7s
[DONE] evaluation__29360__denoise__attack__nes__l0.5 calls=1021 margin 4.90->0.08 t=87.3s
[DONE] evaluation__29360__denoise__restore__nes__l0.5 calls=1021 margin 4.90->4.91 t=87.3s
[DONE] evaluation__29360__denoise__random_walk__random_walk__l0.5 calls=1024 margin 4.90->5.06 t=90.7s
[DONE] evaluation__29360__denoise__confidence_boost__nes__l0.5 calls=1021 margin 4.90->8.95 t=87.5s
[DONE] evaluation__29360__denoise__boundary_probe__nes__l0.5 calls=1021 margin 4.90->1.10 t=87.3s
[DONE] evaluation__29360__denoise__counterfactual__nes__l0.5 calls=1021 margin 4.90->1.04 t=89.6s
[DONE] evaluation__29360__deblur__attack__nes__l1 calls=1021 margin 4.45->-0.13 t=87.3s
[DONE] evaluation__29360__deblur__restore__nes__l1 calls=1021 margin 4.45->4.45 t=87.0s
[DONE] evaluation__29360__deblur__random_walk__random_walk__l1 calls=1024 margin 4.45->4.65 t=91.3s
[DONE] evaluation__29360__deblur__confidence_boost__nes__l1 calls=1021 margin 4.45->8.33 t=87.7s
[DONE] evaluation__29360__deblur__boundary_probe__nes__l1 calls=1021 margin 4.45->0.00 t=87.3s
[DONE] evaluation__29360__deblur__counterfactual__nes__l1 calls=1021 margin 4.45->-0.57 t=87.3s
[DONE] evaluation__31266__denoise__attack__nes__l0.5 calls=1021 margin 10.56->3.24 t=87.4s
[DONE] evaluation__31266__denoise__restore__nes__l0.5 calls=1021 margin 10.56->10.56 t=87.4s
[DONE] evaluation__31266__denoise__random_walk__random_walk__l0.5 calls=1024 margin 10.56->10.90 t=91.5s
[DONE] evaluation__31266__denoise__confidence_boost__nes__l0.5 calls=1021 margin 10.56->15.03 t=87.7s
[DONE] evaluation__31266__denoise__boundary_probe__nes__l0.5 calls=1021 margin 10.56->2.27 t=87.6s
[DONE] evaluation__31266__denoise__counterfactual__nes__l0.5 calls=1021 margin 10.56->3.13 t=88.4s
[DONE] evaluation__31266__deblur__attack__nes__l1 calls=1021 margin 10.54->4.47 t=87.4s
[DONE] evaluation__31266__deblur__restore__nes__l1 calls=1021 margin 10.54->10.54 t=87.5s
[DONE] evaluation__31266__deblur__random_walk__random_walk__l1 calls=1024 margin 10.54->10.50 t=91.2s
[DONE] evaluation__31266__deblur__confidence_boost__nes__l1 calls=1021 margin 10.54->15.00 t=88.1s
[DONE] evaluation__31266__deblur__boundary_probe__nes__l1 calls=1021 margin 10.54->5.05 t=87.6s
[DONE] evaluation__31266__deblur__counterfactual__nes__l1 calls=1021 margin 10.54->5.25 t=87.8s
[DONE] evaluation__34437__denoise__attack__nes__l0.5 calls=1021 margin 4.86->-9.18 t=88.7s
[DONE] evaluation__34437__denoise__restore__nes__l0.5 calls=1021 margin 4.86->4.86 t=88.1s
[DONE] evaluation__34437__denoise__random_walk__random_walk__l0.5 calls=1024 margin 4.86->4.26 t=92.3s
[DONE] evaluation__34437__denoise__confidence_boost__nes__l0.5 calls=1021 margin 4.86->10.77 t=87.5s
[DONE] evaluation__34437__denoise__boundary_probe__nes__l0.5 calls=1021 margin 4.86->0.06 t=87.3s
[DONE] evaluation__34437__denoise__counterfactual__nes__l0.5 calls=1021 margin 4.86->-5.61 t=87.6s
[DONE] evaluation__34437__deblur__attack__nes__l1 calls=1021 margin 3.60->-6.19 t=87.1s
[DONE] evaluation__34437__deblur__restore__nes__l1 calls=1021 margin 3.60->3.60 t=86.9s
[DONE] evaluation__34437__deblur__random_walk__random_walk__l1 calls=1024 margin 3.60->4.10 t=91.3s
[DONE] evaluation__34437__deblur__confidence_boost__nes__l1 calls=1021 margin 3.60->9.88 t=86.9s
[DONE] evaluation__34437__deblur__boundary_probe__nes__l1 calls=1021 margin 3.60->0.01 t=86.8s
[DONE] evaluation__34437__deblur__counterfactual__nes__l1 calls=1021 margin 3.60->-5.23 t=86.8s
[DONE] evaluation__38409__denoise__attack__nes__l0.5 calls=1021 margin 3.40->-2.13 t=87.3s
[DONE] evaluation__38409__denoise__restore__nes__l0.5 calls=1021 margin 3.40->3.40 t=87.1s
[DONE] evaluation__38409__denoise__random_walk__random_walk__l0.5 calls=1024 margin 3.40->3.77 t=90.9s
[DONE] evaluation__38409__denoise__confidence_boost__nes__l0.5 calls=1021 margin 3.40->7.46 t=88.5s
[DONE] evaluation__38409__denoise__boundary_probe__nes__l0.5 calls=1021 margin 3.40->0.02 t=88.6s
[DONE] evaluation__38409__denoise__counterfactual__nes__l0.5 calls=1021 margin 3.40->0.16 t=88.0s
[DONE] evaluation__38409__deblur__attack__nes__l1 calls=1021 margin 5.93->1.49 t=88.5s
[DONE] evaluation__38409__deblur__restore__nes__l1 calls=1021 margin 5.93->5.93 t=86.9s
[DONE] evaluation__38409__deblur__random_walk__random_walk__l1 calls=1024 margin 5.93->4.04 t=90.3s
[DONE] evaluation__38409__deblur__confidence_boost__nes__l1 calls=1021 margin 5.93->10.92 t=86.5s
[DONE] evaluation__38409__deblur__boundary_probe__nes__l1 calls=1021 margin 5.93->1.19 t=87.2s
[DONE] evaluation__38409__deblur__counterfactual__nes__l1 calls=1021 margin 5.93->1.11 t=87.5s
[DONE] evaluation__42208__denoise__attack__nes__l0.5 calls=1021 margin 1.05->-4.82 t=87.0s
[DONE] evaluation__42208__denoise__restore__nes__l0.5 calls=1021 margin 1.05->1.05 t=87.4s
[DONE] evaluation__42208__denoise__random_walk__random_walk__l0.5 calls=1024 margin 1.05->1.68 t=90.7s
[DONE] evaluation__42208__denoise__confidence_boost__nes__l0.5 calls=1021 margin 1.05->10.21 t=86.8s
[DONE] evaluation__42208__denoise__boundary_probe__nes__l0.5 calls=1021 margin 1.05->0.04 t=86.8s
[DONE] evaluation__42208__denoise__counterfactual__nes__l0.5 calls=1021 margin 1.05->-3.75 t=87.7s
[DONE] evaluation__42208__deblur__attack__nes__l1 calls=1021 margin 1.84->-4.12 t=87.1s
[DONE] evaluation__42208__deblur__restore__nes__l1 calls=1021 margin 1.84->1.84 t=86.9s
[DONE] evaluation__42208__deblur__random_walk__random_walk__l1 calls=1024 margin 1.84->1.68 t=90.8s
[DONE] evaluation__42208__deblur__confidence_boost__nes__l1 calls=1021 margin 1.84->10.35 t=86.5s
[DONE] evaluation__42208__deblur__boundary_probe__nes__l1 calls=1021 margin 1.84->0.01 t=87.2s
[DONE] evaluation__42208__deblur__counterfactual__nes__l1 calls=1021 margin 1.84->-4.08 t=86.8s
[DONE] evaluation__43108__denoise__attack__nes__l0.5 calls=1021 margin 1.27->-6.31 t=87.8s
[DONE] evaluation__43108__denoise__restore__nes__l0.5 calls=1021 margin 1.27->1.27 t=87.7s
[DONE] evaluation__43108__denoise__random_walk__random_walk__l0.5 calls=1024 margin 1.27->1.42 t=90.8s
[DONE] evaluation__43108__denoise__confidence_boost__nes__l0.5 calls=1021 margin 1.27->9.08 t=87.9s
[DONE] evaluation__43108__denoise__boundary_probe__nes__l0.5 calls=1021 margin 1.27->0.03 t=87.5s
[DONE] evaluation__43108__denoise__counterfactual__nes__l0.5 calls=1021 margin 1.27->-6.29 t=87.9s
[DONE] evaluation__43108__deblur__attack__nes__l1 calls=1021 margin 6.84->-1.12 t=87.5s
[DONE] evaluation__43108__deblur__restore__nes__l1 calls=1021 margin 6.84->6.84 t=86.9s
[DONE] evaluation__43108__deblur__random_walk__random_walk__l1 calls=1024 margin 6.84->3.00 t=91.2s
[DONE] evaluation__43108__deblur__confidence_boost__nes__l1 calls=1021 margin 6.84->13.21 t=87.3s
[DONE] evaluation__43108__deblur__boundary_probe__nes__l1 calls=1021 margin 6.84->0.01 t=88.8s
[DONE] evaluation__43108__deblur__counterfactual__nes__l1 calls=1021 margin 6.84->0.67 t=87.9s
[DONE] evaluation__48319__denoise__attack__nes__l0.5 calls=1021 margin 0.88->-3.47 t=87.3s
[DONE] evaluation__48319__denoise__restore__nes__l0.5 calls=1021 margin 0.88->0.92 t=86.6s
[DONE] evaluation__48319__denoise__random_walk__random_walk__l0.5 calls=1024 margin 0.88->0.80 t=89.5s
[DONE] evaluation__48319__denoise__confidence_boost__nes__l0.5 calls=1021 margin 0.88->2.92 t=86.7s
[DONE] evaluation__48319__denoise__boundary_probe__nes__l0.5 calls=1021 margin 0.88->0.00 t=86.4s
[DONE] evaluation__48319__denoise__counterfactual__nes__l0.5 calls=1021 margin 0.88->-2.18 t=86.4s
[DONE] evaluation__48319__deblur__attack__nes__l1 calls=1021 margin 0.82->-5.04 t=86.8s
[DONE] evaluation__48319__deblur__restore__nes__l1 calls=1021 margin 0.82->0.82 t=86.7s
[DONE] evaluation__48319__deblur__random_walk__random_walk__l1 calls=1024 margin 0.82->0.44 t=89.5s
[DONE] evaluation__48319__deblur__confidence_boost__nes__l1 calls=1021 margin 0.82->3.66 t=87.0s
[DONE] evaluation__48319__deblur__boundary_probe__nes__l1 calls=1021 margin 0.82->0.59 t=86.1s
[DONE] evaluation__48319__deblur__counterfactual__nes__l1 calls=1021 margin 0.82->0.70 t=86.7s
[DONE] evaluation__49605__denoise__attack__nes__l0.5 calls=1021 margin 2.44->0.96 t=87.7s
[DONE] evaluation__49605__denoise__restore__nes__l0.5 calls=1021 margin 2.44->2.44 t=87.4s
[DONE] evaluation__49605__denoise__random_walk__random_walk__l0.5 calls=1024 margin 2.44->2.25 t=90.6s
[DONE] evaluation__49605__denoise__confidence_boost__nes__l0.5 calls=1021 margin 2.44->3.67 t=88.9s
[DONE] evaluation__49605__denoise__boundary_probe__nes__l0.5 calls=1021 margin 2.44->1.05 t=87.2s
[DONE] evaluation__49605__denoise__counterfactual__nes__l0.5 calls=1021 margin 2.44->1.08 t=87.3s
[DONE] evaluation__49605__deblur__attack__nes__l1 calls=1021 margin 1.82->0.44 t=87.5s
[DONE] evaluation__49605__deblur__restore__nes__l1 calls=1021 margin 1.82->1.82 t=89.7s
[DONE] evaluation__49605__deblur__random_walk__random_walk__l1 calls=1024 margin 1.82->2.07 t=90.9s
[DONE] evaluation__49605__deblur__confidence_boost__nes__l1 calls=1021 margin 1.82->3.16 t=87.8s
[DONE] evaluation__49605__deblur__boundary_probe__nes__l1 calls=1021 margin 1.82->0.52 t=87.2s
[DONE] evaluation__49605__deblur__counterfactual__nes__l1 calls=1021 margin 1.82->0.72 t=87.4s
[DONE] fit__3178__denoise__attack__nes__l0.5 calls=1021 margin 11.98->5.95 t=86.5s
[DONE] fit__3178__denoise__restore__nes__l0.5 calls=1021 margin 11.98->11.97 t=87.0s
[DONE] fit__3178__denoise__random_walk__random_walk__l0.5 calls=1024 margin 11.98->11.42 t=89.9s
[DONE] fit__3178__denoise__confidence_boost__nes__l0.5 calls=1021 margin 11.98->15.93 t=87.3s
[DONE] fit__3178__denoise__boundary_probe__nes__l0.5 calls=1021 margin 11.98->5.23 t=87.0s
[DONE] fit__3178__denoise__counterfactual__nes__l0.5 calls=1021 margin 11.98->5.24 t=88.7s
[DONE] fit__3178__deblur__attack__nes__l1 calls=1021 margin 10.92->3.04 t=86.9s
[DONE] fit__3178__deblur__restore__nes__l1 calls=1021 margin 10.92->10.92 t=88.3s
[DONE] fit__3178__deblur__random_walk__random_walk__l1 calls=1024 margin 10.92->10.26 t=89.9s
[DONE] fit__3178__deblur__confidence_boost__nes__l1 calls=1021 margin 10.92->13.66 t=86.8s
[DONE] fit__3178__deblur__boundary_probe__nes__l1 calls=1021 margin 10.92->3.97 t=86.7s
[DONE] fit__3178__deblur__counterfactual__nes__l1 calls=1021 margin 10.92->6.60 t=88.4s
[DONE] fit__7432__denoise__attack__nes__l0.5 calls=1021 margin 6.54->-2.01 t=87.3s
[DONE] fit__7432__denoise__restore__nes__l0.5 calls=1021 margin 6.54->6.54 t=87.4s
[DONE] fit__7432__denoise__random_walk__random_walk__l0.5 calls=1024 margin 6.54->5.61 t=91.1s
[DONE] fit__7432__denoise__confidence_boost__nes__l0.5 calls=1021 margin 6.54->14.15 t=87.7s
[DONE] fit__7432__denoise__boundary_probe__nes__l0.5 calls=1021 margin 6.54->0.00 t=87.3s
[DONE] fit__7432__denoise__counterfactual__nes__l0.5 calls=1021 margin 6.54->-1.34 t=87.8s
[DONE] fit__7432__deblur__attack__nes__l1 calls=1021 margin 7.88->-1.69 t=87.7s
[DONE] fit__7432__deblur__restore__nes__l1 calls=1021 margin 7.88->7.88 t=87.5s
[DONE] fit__7432__deblur__random_walk__random_walk__l1 calls=1024 margin 7.88->7.02 t=91.1s
[DONE] fit__7432__deblur__confidence_boost__nes__l1 calls=1021 margin 7.88->16.19 t=87.5s
[DONE] fit__7432__deblur__boundary_probe__nes__l1 calls=1021 margin 7.88->0.03 t=87.4s
[DONE] fit__7432__deblur__counterfactual__nes__l1 calls=1021 margin 7.88->-1.21 t=87.4s
[DONE] fit__12195__denoise__attack__nes__l0.5 calls=1021 margin 5.30->-1.43 t=89.7s
[DONE] fit__12195__denoise__restore__nes__l0.5 calls=1021 margin 5.30->5.30 t=87.5s
[DONE] fit__12195__denoise__random_walk__random_walk__l0.5 calls=1024 margin 5.30->6.16 t=90.2s
[DONE] fit__12195__denoise__confidence_boost__nes__l0.5 calls=1021 margin 5.30->11.87 t=87.6s
[DONE] fit__12195__denoise__boundary_probe__nes__l0.5 calls=1021 margin 5.30->0.02 t=87.7s
[DONE] fit__12195__denoise__counterfactual__nes__l0.5 calls=1021 margin 5.30->-1.83 t=88.0s
[DONE] fit__12195__deblur__attack__nes__l1 calls=1021 margin 6.18->-0.21 t=86.9s
[DONE] fit__12195__deblur__restore__nes__l1 calls=1021 margin 6.18->6.18 t=87.3s
[DONE] fit__12195__deblur__random_walk__random_walk__l1 calls=1024 margin 6.18->6.17 t=91.8s
[DONE] fit__12195__deblur__confidence_boost__nes__l1 calls=1021 margin 6.18->12.61 t=89.0s
[DONE] fit__12195__deblur__boundary_probe__nes__l1 calls=1021 margin 6.18->0.12 t=88.8s
[DONE] fit__12195__deblur__counterfactual__nes__l1 calls=1021 margin 6.18->-0.38 t=91.3s
[DONE] fit__15642__denoise__attack__nes__l0.5 calls=1021 margin 1.78->-8.13 t=89.2s
[DONE] fit__15642__denoise__restore__nes__l0.5 calls=1021 margin 1.78->1.78 t=89.3s
[DONE] fit__15642__denoise__random_walk__random_walk__l0.5 calls=1024 margin 1.78->1.84 t=97.5s
[DONE] fit__15642__denoise__confidence_boost__nes__l0.5 calls=1021 margin 1.78->4.92 t=89.0s
[DONE] fit__15642__denoise__boundary_probe__nes__l0.5 calls=1021 margin 1.78->0.00 t=87.9s
[DONE] fit__15642__denoise__counterfactual__nes__l0.5 calls=1021 margin 1.78->-1.68 t=87.5s
[DONE] fit__15642__deblur__attack__nes__l1 calls=1021 margin 1.78->-6.71 t=87.5s
[DONE] fit__15642__deblur__restore__nes__l1 calls=1021 margin 1.78->1.78 t=87.5s
[DONE] fit__15642__deblur__random_walk__random_walk__l1 calls=1024 margin 1.78->1.56 t=91.0s
[DONE] fit__15642__deblur__confidence_boost__nes__l1 calls=1021 margin 1.78->3.83 t=87.7s
[DONE] fit__15642__deblur__boundary_probe__nes__l1 calls=1021 margin 1.78->0.00 t=87.5s
[DONE] fit__15642__deblur__counterfactual__nes__l1 calls=1021 margin 1.78->-0.69 t=87.0s
[DONE] fit__23046__denoise__attack__nes__l0.5 calls=1021 margin 3.32->-2.45 t=87.5s
[DONE] fit__23046__denoise__restore__nes__l0.5 calls=1021 margin 3.32->3.32 t=86.8s
[DONE] fit__23046__denoise__random_walk__random_walk__l0.5 calls=1024 margin 3.32->3.44 t=90.9s
[DONE] fit__23046__denoise__confidence_boost__nes__l0.5 calls=1021 margin 3.32->7.37 t=87.5s
[DONE] fit__23046__denoise__boundary_probe__nes__l0.5 calls=1021 margin 3.32->0.00 t=87.8s
[DONE] fit__23046__denoise__counterfactual__nes__l0.5 calls=1021 margin 3.32->-3.14 t=87.5s
[DONE] fit__23046__deblur__attack__nes__l1 calls=1021 margin 0.67->-5.03 t=87.9s
[DONE] fit__23046__deblur__restore__nes__l1 calls=1021 margin 0.67->0.67 t=87.8s
[DONE] fit__23046__deblur__random_walk__random_walk__l1 calls=1024 margin 0.67->2.38 t=90.5s
[DONE] fit__23046__deblur__confidence_boost__nes__l1 calls=1021 margin 0.67->4.78 t=87.1s
[DONE] fit__23046__deblur__boundary_probe__nes__l1 calls=1021 margin 0.67->0.01 t=86.9s
[DONE] fit__23046__deblur__counterfactual__nes__l1 calls=1021 margin 0.67->-3.93 t=87.1s
[DONE] fit__27088__denoise__attack__nes__l0.5 calls=1021 margin 1.33->-8.35 t=87.4s
[DONE] fit__27088__denoise__restore__nes__l0.5 calls=1021 margin 1.33->1.33 t=88.8s
[DONE] fit__27088__denoise__random_walk__random_walk__l0.5 calls=1024 margin 1.33->0.56 t=90.7s
[DONE] fit__27088__denoise__confidence_boost__nes__l0.5 calls=1021 margin 1.33->7.22 t=87.6s
[DONE] fit__27088__denoise__boundary_probe__nes__l0.5 calls=1021 margin 1.33->0.01 t=87.1s
[DONE] fit__27088__denoise__counterfactual__nes__l0.5 calls=1021 margin 1.33->-7.04 t=87.3s
[DONE] fit__27088__deblur__attack__nes__l1 calls=1021 margin 6.29->2.22 t=88.0s
[DONE] fit__27088__deblur__restore__nes__l1 calls=1021 margin 6.29->6.29 t=87.3s
[DONE] fit__27088__deblur__random_walk__random_walk__l1 calls=1024 margin 6.29->4.91 t=90.7s
[DONE] fit__27088__deblur__confidence_boost__nes__l1 calls=1021 margin 6.29->8.53 t=87.4s
[DONE] fit__27088__deblur__boundary_probe__nes__l1 calls=1021 margin 6.29->3.14 t=87.3s
[DONE] fit__27088__deblur__counterfactual__nes__l1 calls=1021 margin 6.29->3.43 t=87.2s
[DONE] fit__30684__denoise__attack__nes__l0.5 calls=1021 margin 6.31->-0.46 t=87.5s
[DONE] fit__30684__denoise__restore__nes__l0.5 calls=1021 margin 6.31->6.31 t=87.5s
[DONE] fit__30684__denoise__random_walk__random_walk__l0.5 calls=1024 margin 6.31->6.76 t=90.4s
[DONE] fit__30684__denoise__confidence_boost__nes__l0.5 calls=1021 margin 6.31->12.99 t=87.4s
[DONE] fit__30684__denoise__boundary_probe__nes__l0.5 calls=1021 margin 6.31->0.03 t=87.2s
[DONE] fit__30684__denoise__counterfactual__nes__l0.5 calls=1021 margin 6.31->-0.07 t=87.4s
[DONE] fit__30684__deblur__attack__nes__l1 calls=1021 margin 7.15->-1.25 t=87.5s
[DONE] fit__30684__deblur__restore__nes__l1 calls=1021 margin 7.15->7.15 t=86.8s
[DONE] fit__30684__deblur__random_walk__random_walk__l1 calls=1024 margin 7.15->6.23 t=90.5s
[DONE] fit__30684__deblur__confidence_boost__nes__l1 calls=1021 margin 7.15->10.76 t=87.1s
[DONE] fit__30684__deblur__boundary_probe__nes__l1 calls=1021 margin 7.15->0.01 t=87.3s
[DONE] fit__30684__deblur__counterfactual__nes__l1 calls=1021 margin 7.15->-2.88 t=87.2s
[DONE] fit__37397__denoise__attack__nes__l0.5 calls=1021 margin 2.75->-6.02 t=90.9s
[DONE] fit__37397__denoise__restore__nes__l0.5 calls=1021 margin 2.75->2.75 t=87.1s
[DONE] fit__37397__denoise__random_walk__random_walk__l0.5 calls=1024 margin 2.75->2.73 t=91.1s
[DONE] fit__37397__denoise__confidence_boost__nes__l0.5 calls=1021 margin 2.75->12.15 t=88.2s
[DONE] fit__37397__denoise__boundary_probe__nes__l0.5 calls=1021 margin 2.75->0.09 t=87.4s
[DONE] fit__37397__denoise__counterfactual__nes__l0.5 calls=1021 margin 2.75->-6.68 t=89.0s
[DONE] fit__37397__deblur__attack__nes__l1 calls=1021 margin 6.64->-6.39 t=87.4s
[DONE] fit__37397__deblur__restore__nes__l1 calls=1021 margin 6.64->6.64 t=89.6s
[DONE] fit__37397__deblur__random_walk__random_walk__l1 calls=1024 margin 6.64->3.09 t=90.9s
[DONE] fit__37397__deblur__confidence_boost__nes__l1 calls=1021 margin 6.64->15.50 t=88.1s
[DONE] fit__37397__deblur__boundary_probe__nes__l1 calls=1021 margin 6.64->0.03 t=87.0s
[DONE] fit__37397__deblur__counterfactual__nes__l1 calls=1021 margin 6.64->-2.14 t=87.9s
[DONE] fit__43005__denoise__attack__nes__l0.5 calls=1021 margin 0.45->-8.08 t=87.6s
[DONE] fit__43005__denoise__restore__nes__l0.5 calls=1021 margin 0.45->0.45 t=87.3s
[DONE] fit__43005__denoise__random_walk__random_walk__l0.5 calls=1024 margin 0.45->0.35 t=91.0s
[DONE] fit__43005__denoise__confidence_boost__nes__l0.5 calls=1021 margin 0.45->3.99 t=87.6s
[DONE] fit__43005__denoise__boundary_probe__nes__l0.5 calls=1021 margin 0.45->0.01 t=86.9s
[DONE] fit__43005__denoise__counterfactual__nes__l0.5 calls=1021 margin 0.45->-6.49 t=87.5s
[DONE] fit__43005__deblur__attack__nes__l1 calls=1021 margin 0.97->-2.28 t=87.2s
[DONE] fit__43005__deblur__restore__nes__l1 calls=1021 margin 0.97->0.97 t=89.5s
[DONE] fit__43005__deblur__random_walk__random_walk__l1 calls=1024 margin 0.97->-0.49 t=90.9s
[DONE] fit__43005__deblur__confidence_boost__nes__l1 calls=1021 margin 0.97->4.98 t=87.6s
[DONE] fit__43005__deblur__boundary_probe__nes__l1 calls=1021 margin 0.97->0.00 t=87.2s
[DONE] fit__43005__deblur__counterfactual__nes__l1 calls=1021 margin 0.97->-3.03 t=86.9s
[DONE] fit__49097__denoise__attack__nes__l0.5 calls=1021 margin 3.21->1.01 t=87.9s
[DONE] fit__49097__denoise__restore__nes__l0.5 calls=1021 margin 3.21->3.21 t=87.5s
[DONE] fit__49097__denoise__random_walk__random_walk__l0.5 calls=1024 margin 3.21->3.54 t=90.0s
[DONE] fit__49097__denoise__confidence_boost__nes__l0.5 calls=1021 margin 3.21->5.46 t=87.6s
[DONE] fit__49097__denoise__boundary_probe__nes__l0.5 calls=1021 margin 3.21->0.86 t=87.1s
[DONE] fit__49097__denoise__counterfactual__nes__l0.5 calls=1021 margin 3.21->0.75 t=87.7s
[DONE] fit__49097__deblur__attack__nes__l1 calls=1021 margin 2.09->-0.58 t=87.2s
[DONE] fit__49097__deblur__restore__nes__l1 calls=1021 margin 2.09->2.09 t=87.5s
[DONE] fit__49097__deblur__random_walk__random_walk__l1 calls=1024 margin 2.09->2.71 t=90.1s
[DONE] fit__49097__deblur__confidence_boost__nes__l1 calls=1021 margin 2.09->4.22 t=86.3s
[DONE] fit__49097__deblur__boundary_probe__nes__l1 calls=1021 margin 2.09->0.00 t=85.7s
[DONE] fit__49097__deblur__counterfactual__nes__l1 calls=1021 margin 2.09->-0.21 t=85.9s
