Traceback (most recent call last):
  File "/home/sepi/projects/MCG-Blackbox/experiments/gate_trajectory_signatures/run_specificity_workloads.py", line 439, in <module>
    main()
  File "/home/sepi/projects/MCG-Blackbox/experiments/gate_trajectory_signatures/run_specificity_workloads.py", line 416, in main
    result, arrays = run_session(model, clean, start, label, workload, objective, lam, seed,
                     ^^^^^^^^^^^^^^^^^^^^^^^^^^^^^^^^^^^^^^^^^^^^^^^^^^^^^^^^^^^^^^^^^^^^^^^
  File "/home/sepi/projects/MCG-Blackbox/experiments/gate_trajectory_signatures/run_specificity_workloads.py", line 208, in run_session
    current_logits = recorder.submit_batch(current)
                     ^^^^^^^^^^^^^^^^^^^^^^^^^^^^^^
  File "/home/sepi/jupyterenv/lib/python3.12/site-packages/torch/utils/_contextlib.py", line 116, in decorate_context
    return func(*args, **kwargs)
           ^^^^^^^^^^^^^^^^^^^^^
  File "/home/sepi/projects/MCG-Blackbox/experiments/gate_trajectory_signatures/run_stateful_specificity_sessions.py", line 265, in submit_batch
    output = self.model(images)
             ^^^^^^^^^^^^^^^^^^
  File "/home/sepi/jupyterenv/lib/python3.12/site-packages/torch/nn/modules/module.py", line 1736, in _wrapped_call_impl
    return self._call_impl(*args, **kwargs)
           ^^^^^^^^^^^^^^^^^^^^^^^^^^^^^^^^
  File "/home/sepi/jupyterenv/lib/python3.12/site-packages/torch/nn/modules/module.py", line 1747, in _call_impl
    return forward_call(*args, **kwargs)
           ^^^^^^^^^^^^^^^^^^^^^^^^^^^^^
  File "/home/sepi/jupyterenv/lib/python3.12/site-packages/torch/nn/modules/container.py", line 250, in forward
    input = module(input)
            ^^^^^^^^^^^^^
  File "/home/sepi/jupyterenv/lib/python3.12/site-packages/torch/nn/modules/module.py", line 1736, in _wrapped_call_impl
    return self._call_impl(*args, **kwargs)
           ^^^^^^^^^^^^^^^^^^^^^^^^^^^^^^^^
  File "/home/sepi/jupyterenv/lib/python3.12/site-packages/torch/nn/modules/module.py", line 1747, in _call_impl
    return forward_call(*args, **kwargs)
           ^^^^^^^^^^^^^^^^^^^^^^^^^^^^^
  File "/home/sepi/jupyterenv/lib/python3.12/site-packages/torchvision/models/resnet.py", line 285, in forward
    return self._forward_impl(x)
           ^^^^^^^^^^^^^^^^^^^^^
  File "/home/sepi/jupyterenv/lib/python3.12/site-packages/torchvision/models/resnet.py", line 268, in _forward_impl
    x = self.conv1(x)
        ^^^^^^^^^^^^^
  File "/home/sepi/jupyterenv/lib/python3.12/site-packages/torch/nn/modules/module.py", line 1736, in _wrapped_call_impl
    return self._call_impl(*args, **kwargs)
           ^^^^^^^^^^^^^^^^^^^^^^^^^^^^^^^^
  File "/home/sepi/jupyterenv/lib/python3.12/site-packages/torch/nn/modules/module.py", line 1747, in _call_impl
    return forward_call(*args, **kwargs)
           ^^^^^^^^^^^^^^^^^^^^^^^^^^^^^
  File "/home/sepi/jupyterenv/lib/python3.12/site-packages/torch/nn/modules/conv.py", line 554, in forward
    return self._conv_forward(input, self.weight, self.bias)
           ^^^^^^^^^^^^^^^^^^^^^^^^^^^^^^^^^^^^^^^^^^^^^^^^^
  File "/home/sepi/jupyterenv/lib/python3.12/site-packages/torch/nn/modules/conv.py", line 549, in _conv_forward
    return F.conv2d(
           ^^^^^^^^^
RuntimeError: cuDNN error: CUDNN_STATUS_INTERNAL_ERROR
[DONE] evaluation__870__denoise__attack__nes__l0.5 calls=1021 margin 9.66->3.44 t=89.1s
[DONE] evaluation__870__denoise__restore__nes__l0.5 calls=1021 margin 9.66->9.66 t=92.2s
[DONE] evaluation__870__denoise__random_walk__random_walk__l0.5 calls=1024 margin 9.66->9.64 t=93.7s
[DONE] evaluation__870__denoise__confidence_boost__nes__l0.5 calls=1021 margin 9.66->14.13 t=88.9s
[DONE] evaluation__870__denoise__boundary_probe__nes__l0.5 calls=1021 margin 9.66->3.38 t=90.7s
[DONE] evaluation__870__denoise__counterfactual__nes__l0.5 calls=1021 margin 9.66->4.14 t=89.5s
[DONE] evaluation__870__deblur__attack__nes__l1 calls=1021 margin 7.53->1.61 t=91.1s
[DONE] evaluation__870__deblur__restore__nes__l1 calls=1021 margin 7.53->7.53 t=89.3s
[DONE] evaluation__870__deblur__random_walk__random_walk__l1 calls=1024 margin 7.53->7.85 t=93.7s
[DONE] evaluation__870__deblur__confidence_boost__nes__l1 calls=1021 margin 7.53->13.80 t=88.2s
[DONE] evaluation__870__deblur__boundary_probe__nes__l1 calls=1021 margin 7.53->2.06 t=89.0s
[DONE] evaluation__870__deblur__counterfactual__nes__l1 calls=1021 margin 7.53->2.59 t=88.9s
[DONE] evaluation__2963__denoise__attack__nes__l0.5 calls=1021 margin 1.62->-3.54 t=88.3s
[DONE] evaluation__2963__denoise__restore__nes__l0.5 calls=1021 margin 1.62->1.62 t=88.1s
[DONE] evaluation__2963__denoise__random_walk__random_walk__l0.5 calls=1024 margin 1.62->1.61 t=92.2s
[DONE] evaluation__2963__denoise__confidence_boost__nes__l0.5 calls=1021 margin 1.62->3.89 t=88.9s
[DONE] evaluation__2963__denoise__boundary_probe__nes__l0.5 calls=1021 margin 1.62->0.01 t=88.2s
[DONE] evaluation__2963__denoise__counterfactual__nes__l0.5 calls=1021 margin 1.62->-0.85 t=88.5s
[DONE] evaluation__2963__deblur__attack__nes__l1 calls=1021 margin 3.08->0.41 t=88.3s
[DONE] evaluation__2963__deblur__restore__nes__l1 calls=1021 margin 3.08->3.08 t=87.9s
[DONE] evaluation__2963__deblur__random_walk__random_walk__l1 calls=1024 margin 3.08->1.73 t=92.2s
[DONE] evaluation__2963__deblur__confidence_boost__nes__l1 calls=1021 margin 3.08->6.43 t=89.0s
[DONE] evaluation__2963__deblur__boundary_probe__nes__l1 calls=1021 margin 3.08->0.29 t=88.3s
[DONE] evaluation__2963__deblur__counterfactual__nes__l1 calls=1021 margin 3.08->0.02 t=89.3s
[DONE] evaluation__5313__denoise__attack__nes__l0.5 calls=1021 margin 0.82->-13.19 t=89.0s
[DONE] evaluation__5313__denoise__restore__nes__l0.5 calls=1021 margin 0.82->0.82 t=90.4s
[DONE] evaluation__5313__denoise__random_walk__random_walk__l0.5 calls=1024 margin 0.82->1.70 t=93.1s
[DONE] evaluation__5313__denoise__confidence_boost__nes__l0.5 calls=1021 margin 0.82->12.04 t=88.1s
[DONE] evaluation__5313__denoise__boundary_probe__nes__l0.5 calls=1021 margin 0.82->0.00 t=87.8s
[DONE] evaluation__5313__denoise__counterfactual__nes__l0.5 calls=1021 margin 0.82->-10.87 t=88.2s
[DONE] evaluation__5313__deblur__attack__nes__l1 calls=1021 margin 4.18->-9.84 t=88.1s
[DONE] evaluation__5313__deblur__restore__nes__l1 calls=1021 margin 4.18->4.18 t=88.1s
[DONE] evaluation__5313__deblur__random_walk__random_walk__l1 calls=1024 margin 4.18->5.64 t=92.8s
[DONE] evaluation__5313__deblur__confidence_boost__nes__l1 calls=1021 margin 4.18->11.84 t=87.3s
[DONE] evaluation__5313__deblur__boundary_probe__nes__l1 calls=1021 margin 4.18->0.06 t=88.3s
[DONE] evaluation__5313__deblur__counterfactual__nes__l1 calls=1021 margin 4.18->-6.12 t=87.9s
[DONE] evaluation__6962__denoise__attack__nes__l0.5 calls=1021 margin 5.68->-1.92 t=88.0s
[DONE] evaluation__6962__denoise__restore__nes__l0.5 calls=1021 margin 5.68->5.68 t=88.2s
[DONE] evaluation__6962__denoise__random_walk__random_walk__l0.5 calls=1024 margin 5.68->6.16 t=91.9s
[DONE] evaluation__6962__denoise__confidence_boost__nes__l0.5 calls=1021 margin 5.68->12.28 t=87.7s
[DONE] evaluation__6962__denoise__boundary_probe__nes__l0.5 calls=1021 margin 5.68->0.00 t=87.7s
[DONE] evaluation__6962__denoise__counterfactual__nes__l0.5 calls=1021 margin 5.68->-2.55 t=87.8s
[DONE] evaluation__6962__deblur__attack__nes__l1 calls=1021 margin 6.20->-1.07 t=87.2s
[DONE] evaluation__6962__deblur__restore__nes__l1 calls=1021 margin 6.20->6.20 t=87.8s
[DONE] evaluation__6962__deblur__random_walk__random_walk__l1 calls=1024 margin 6.20->5.43 t=91.6s
[DONE] evaluation__6962__deblur__confidence_boost__nes__l1 calls=1021 margin 6.20->11.37 t=88.0s
[DONE] evaluation__6962__deblur__boundary_probe__nes__l1 calls=1021 margin 6.20->0.05 t=88.1s
[DONE] evaluation__6962__deblur__counterfactual__nes__l1 calls=1021 margin 6.20->1.60 t=87.2s
[DONE] evaluation__7963__denoise__attack__nes__l0.5 calls=1021 margin 0.84->-5.91 t=88.3s
[DONE] evaluation__7963__denoise__restore__nes__l0.5 calls=1021 margin 0.84->0.84 t=87.9s
[DONE] evaluation__7963__denoise__random_walk__random_walk__l0.5 calls=1024 margin 0.84->0.87 t=91.2s
[DONE] evaluation__7963__denoise__confidence_boost__nes__l0.5 calls=1021 margin 0.84->5.29 t=87.6s
[DONE] evaluation__7963__denoise__boundary_probe__nes__l0.5 calls=1021 margin 0.84->0.04 t=87.2s
[DONE] evaluation__7963__denoise__counterfactual__nes__l0.5 calls=1021 margin 0.84->-3.22 t=87.6s
[DONE] evaluation__7963__deblur__attack__nes__l1 calls=1021 margin 0.81->-6.83 t=86.9s
[DONE] evaluation__7963__deblur__restore__nes__l1 calls=1021 margin 0.81->0.81 t=87.4s
[DONE] evaluation__7963__deblur__random_walk__random_walk__l1 calls=1024 margin 0.81->-0.41 t=91.0s
[DONE] evaluation__7963__deblur__confidence_boost__nes__l1 calls=1021 margin 0.81->5.11 t=87.9s
[DONE] evaluation__7963__deblur__boundary_probe__nes__l1 calls=1021 margin 0.81->0.02 t=87.1s
[DONE] evaluation__7963__deblur__counterfactual__nes__l1 calls=1021 margin 0.81->-4.64 t=87.5s
[DONE] evaluation__11067__denoise__attack__nes__l0.5 calls=1021 margin 3.00->-3.89 t=87.8s
[DONE] evaluation__11067__denoise__restore__nes__l0.5 calls=1021 margin 3.00->3.00 t=87.8s
[DONE] evaluation__11067__denoise__random_walk__random_walk__l0.5 calls=1024 margin 3.00->3.23 t=91.5s
[DONE] evaluation__11067__denoise__confidence_boost__nes__l0.5 calls=1021 margin 3.00->8.20 t=87.8s
[DONE] evaluation__11067__denoise__boundary_probe__nes__l0.5 calls=1021 margin 3.00->0.00 t=87.5s
[DONE] evaluation__11067__denoise__counterfactual__nes__l0.5 calls=1021 margin 3.00->-4.14 t=90.9s
[DONE] evaluation__11067__deblur__attack__nes__l1 calls=1021 margin 3.15->-1.37 t=87.7s
[DONE] evaluation__11067__deblur__restore__nes__l1 calls=1021 margin 3.15->3.15 t=87.7s
[DONE] evaluation__11067__deblur__random_walk__random_walk__l1 calls=1024 margin 3.15->3.01 t=91.4s
[DONE] evaluation__11067__deblur__confidence_boost__nes__l1 calls=1021 margin 3.15->7.83 t=87.7s
[DONE] evaluation__11067__deblur__boundary_probe__nes__l1 calls=1021 margin 3.15->0.00 t=87.8s
[DONE] evaluation__11067__deblur__counterfactual__nes__l1 calls=1021 margin 3.15->-1.87 t=89.7s
[DONE] evaluation__13185__denoise__attack__nes__l0.5 calls=1021 margin 1.29->-9.56 t=89.5s
[DONE] evaluation__13185__denoise__restore__nes__l0.5 calls=1021 margin 1.29->1.29 t=89.2s
[DONE] evaluation__13185__denoise__random_walk__random_walk__l0.5 calls=1024 margin 1.29->0.75 t=93.5s
[DONE] evaluation__13185__denoise__confidence_boost__nes__l0.5 calls=1021 margin 1.29->4.23 t=88.3s
[DONE] evaluation__13185__denoise__boundary_probe__nes__l0.5 calls=1021 margin 1.29->0.02 t=87.3s
[DONE] evaluation__13185__denoise__counterfactual__nes__l0.5 calls=1021 margin 1.29->-1.24 t=87.7s
[DONE] evaluation__13185__deblur__attack__nes__l1 calls=1021 margin 0.24->-3.33 t=87.7s
[DONE] evaluation__13185__deblur__restore__nes__l1 calls=1021 margin 0.24->0.24 t=87.1s
[DONE] evaluation__13185__deblur__random_walk__random_walk__l1 calls=1024 margin 0.24->1.47 t=91.5s
[DONE] evaluation__13185__deblur__confidence_boost__nes__l1 calls=1021 margin 0.24->4.22 t=88.5s
[DONE] evaluation__13185__deblur__boundary_probe__nes__l1 calls=1021 margin 0.24->0.01 t=88.0s
[DONE] evaluation__13185__deblur__counterfactual__nes__l1 calls=1021 margin 0.24->-3.30 t=87.9s
[DONE] evaluation__14254__denoise__attack__nes__l0.5 calls=1021 margin 1.40->-3.56 t=88.6s
[DONE] evaluation__14254__denoise__restore__nes__l0.5 calls=1021 margin 1.40->1.40 t=88.8s
[DONE] evaluation__14254__denoise__random_walk__random_walk__l0.5 calls=1024 margin 1.40->1.03 t=91.6s
[DONE] evaluation__14254__denoise__confidence_boost__nes__l0.5 calls=1021 margin 1.40->6.91 t=89.1s
[DONE] evaluation__14254__denoise__boundary_probe__nes__l0.5 calls=1021 margin 1.40->0.01 t=87.8s
[DONE] evaluation__14254__denoise__counterfactual__nes__l0.5 calls=1021 margin 1.40->-3.28 t=88.5s
[DONE] evaluation__14254__deblur__attack__nes__l1 calls=1021 margin 4.56->-1.56 t=91.7s
[DONE] evaluation__14254__deblur__restore__nes__l1 calls=1021 margin 4.56->4.56 t=88.1s
[DONE] evaluation__14254__deblur__random_walk__random_walk__l1 calls=1024 margin 4.56->5.45 t=91.6s
[DONE] evaluation__14254__deblur__confidence_boost__nes__l1 calls=1021 margin 4.56->10.54 t=88.2s
[DONE] evaluation__14254__deblur__boundary_probe__nes__l1 calls=1021 margin 4.56->0.00 t=88.2s
[DONE] evaluation__14254__deblur__counterfactual__nes__l1 calls=1021 margin 4.56->-0.92 t=88.3s
[DONE] evaluation__18467__denoise__attack__nes__l0.5 calls=1021 margin 3.82->-9.86 t=88.5s
[DONE] evaluation__18467__denoise__restore__nes__l0.5 calls=1021 margin 3.82->3.82 t=87.5s
[DONE] evaluation__18467__denoise__random_walk__random_walk__l0.5 calls=1024 margin 3.82->3.99 t=91.6s
[DONE] evaluation__18467__denoise__confidence_boost__nes__l0.5 calls=1021 margin 3.82->7.78 t=87.8s
[DONE] evaluation__18467__denoise__boundary_probe__nes__l0.5 calls=1021 margin 3.82->0.03 t=90.9s
[DONE] evaluation__18467__denoise__counterfactual__nes__l0.5 calls=1021 margin 3.82->-3.98 t=87.4s
[DONE] evaluation__18467__deblur__attack__nes__l1 calls=1021 margin 4.48->-6.96 t=87.5s
[DONE] evaluation__18467__deblur__restore__nes__l1 calls=1021 margin 4.48->4.48 t=87.7s
[DONE] evaluation__18467__deblur__random_walk__random_walk__l1 calls=1024 margin 4.48->4.98 t=91.3s
[DONE] evaluation__18467__deblur__confidence_boost__nes__l1 calls=1021 margin 4.48->9.24 t=88.5s
[DONE] evaluation__18467__deblur__boundary_probe__nes__l1 calls=1021 margin 4.48->0.00 t=86.9s
[DONE] evaluation__18467__deblur__counterfactual__nes__l1 calls=1021 margin 4.48->-1.08 t=87.2s
[DONE] evaluation__20989__denoise__attack__nes__l0.5 calls=1021 margin 8.61->-0.30 t=87.6s
[DONE] evaluation__20989__denoise__restore__nes__l0.5 calls=1021 margin 8.61->8.61 t=87.9s
[DONE] evaluation__20989__denoise__random_walk__random_walk__l0.5 calls=1024 margin 8.61->9.50 t=91.5s
[DONE] evaluation__20989__denoise__confidence_boost__nes__l0.5 calls=1021 margin 8.61->15.52 t=89.1s
[DONE] evaluation__20989__denoise__boundary_probe__nes__l0.5 calls=1021 margin 8.61->0.05 t=87.6s
[DONE] evaluation__20989__denoise__counterfactual__nes__l0.5 calls=1021 margin 8.61->-1.04 t=92.6s
[DONE] evaluation__20989__deblur__attack__nes__l1 calls=1021 margin 6.92->-0.43 t=87.7s
[DONE] evaluation__20989__deblur__restore__nes__l1 calls=1021 margin 6.92->6.92 t=88.8s
[DONE] evaluation__20989__deblur__random_walk__random_walk__l1 calls=1024 margin 6.92->11.05 t=91.0s
[DONE] evaluation__20989__deblur__confidence_boost__nes__l1 calls=1021 margin 6.92->16.02 t=88.0s
[DONE] evaluation__20989__deblur__boundary_probe__nes__l1 calls=1021 margin 6.92->0.02 t=87.9s
[DONE] evaluation__20989__deblur__counterfactual__nes__l1 calls=1021 margin 6.92->0.87 t=87.8s
[DONE] evaluation__24217__denoise__attack__nes__l0.5 calls=1021 margin 2.24->-1.91 t=88.2s
[DONE] evaluation__24217__denoise__restore__nes__l0.5 calls=1021 margin 2.24->2.24 t=88.1s
[DONE] evaluation__24217__denoise__random_walk__random_walk__l0.5 calls=1024 margin 2.24->2.02 t=91.3s
[DONE] evaluation__24217__denoise__confidence_boost__nes__l0.5 calls=1021 margin 2.24->4.07 t=88.2s
[DONE] evaluation__24217__denoise__boundary_probe__nes__l0.5 calls=1021 margin 2.24->0.01 t=87.8s
[DONE] evaluation__24217__denoise__counterfactual__nes__l0.5 calls=1021 margin 2.24->-1.77 t=87.9s
[DONE] evaluation__24217__deblur__attack__nes__l1 calls=1021 margin 2.93->-0.65 t=88.5s
[DONE] evaluation__24217__deblur__restore__nes__l1 calls=1021 margin 2.93->2.93 t=88.2s
[DONE] evaluation__24217__deblur__random_walk__random_walk__l1 calls=1024 margin 2.93->2.61 t=91.2s
[DONE] evaluation__24217__deblur__confidence_boost__nes__l1 calls=1021 margin 2.93->3.95 t=87.7s
[DONE] evaluation__24217__deblur__boundary_probe__nes__l1 calls=1021 margin 2.93->0.00 t=87.7s
[DONE] evaluation__24217__deblur__counterfactual__nes__l1 calls=1021 margin 2.93->-0.93 t=88.3s
[DONE] evaluation__26731__denoise__attack__nes__l0.5 calls=1021 margin 3.52->-9.94 t=89.2s
[DONE] evaluation__26731__denoise__restore__nes__l0.5 calls=1021 margin 3.52->3.52 t=88.2s
[DONE] evaluation__26731__denoise__random_walk__random_walk__l0.5 calls=1024 margin 3.52->3.54 t=91.7s
[DONE] evaluation__26731__denoise__confidence_boost__nes__l0.5 calls=1021 margin 3.52->9.14 t=89.0s
[DONE] evaluation__26731__denoise__boundary_probe__nes__l0.5 calls=1021 margin 3.52->0.02 t=89.3s
[DONE] evaluation__26731__denoise__counterfactual__nes__l0.5 calls=1021 margin 3.52->-8.36 t=88.4s
[DONE] evaluation__26731__deblur__attack__nes__l1 calls=1021 margin 10.25->-6.08 t=89.9s
[DONE] evaluation__26731__deblur__restore__nes__l1 calls=1021 margin 10.25->10.25 t=88.4s
[DONE] evaluation__26731__deblur__random_walk__random_walk__l1 calls=1024 margin 10.25->7.88 t=91.6s
[DONE] evaluation__26731__deblur__confidence_boost__nes__l1 calls=1021 margin 10.25->14.60 t=89.1s
[DONE] evaluation__26731__deblur__boundary_probe__nes__l1 calls=1021 margin 10.25->0.02 t=88.1s
[DONE] evaluation__26731__deblur__counterfactual__nes__l1 calls=1021 margin 10.25->-3.59 t=88.2s
[DONE] evaluation__27903__denoise__attack__nes__l0.5 calls=1021 margin 3.57->-4.59 t=88.2s
[DONE] evaluation__27903__denoise__restore__nes__l0.5 calls=1021 margin 3.57->3.57 t=89.2s
[DONE] evaluation__27903__denoise__random_walk__random_walk__l0.5 calls=1024 margin 3.57->3.18 t=91.5s
[DONE] evaluation__27903__denoise__confidence_boost__nes__l0.5 calls=1021 margin 3.57->7.17 t=89.5s
[DONE] evaluation__27903__denoise__boundary_probe__nes__l0.5 calls=1021 margin 3.57->0.01 t=87.7s
[DONE] evaluation__27903__denoise__counterfactual__nes__l0.5 calls=1021 margin 3.57->-3.00 t=88.7s
[DONE] evaluation__27903__deblur__attack__nes__l1 calls=1021 margin 3.59->-1.16 t=87.9s
[DONE] evaluation__27903__deblur__restore__nes__l1 calls=1021 margin 3.59->3.59 t=88.0s
[DONE] evaluation__27903__deblur__random_walk__random_walk__l1 calls=1024 margin 3.59->3.10 t=91.1s
[DONE] evaluation__27903__deblur__confidence_boost__nes__l1 calls=1021 margin 3.59->7.83 t=88.2s
[DONE] evaluation__27903__deblur__boundary_probe__nes__l1 calls=1021 margin 3.59->0.03 t=87.8s
[DONE] evaluation__27903__deblur__counterfactual__nes__l1 calls=1021 margin 3.59->-0.53 t=88.3s
[DONE] evaluation__29950__denoise__attack__nes__l0.5 calls=1021 margin 3.89->1.12 t=91.3s
[DONE] evaluation__29950__denoise__restore__nes__l0.5 calls=1021 margin 3.89->3.89 t=88.5s
[DONE] evaluation__29950__denoise__random_walk__random_walk__l0.5 calls=1024 margin 3.89->3.72 t=91.4s
[DONE] evaluation__29950__denoise__confidence_boost__nes__l0.5 calls=1021 margin 3.89->6.86 t=88.8s
[DONE] evaluation__29950__denoise__boundary_probe__nes__l0.5 calls=1021 margin 3.89->1.04 t=88.9s
[DONE] evaluation__29950__denoise__counterfactual__nes__l0.5 calls=1021 margin 3.89->1.23 t=88.2s
[DONE] evaluation__29950__deblur__attack__nes__l1 calls=1021 margin 4.88->0.87 t=88.3s
[DONE] evaluation__29950__deblur__restore__nes__l1 calls=1021 margin 4.88->4.88 t=87.9s
[DONE] evaluation__29950__deblur__random_walk__random_walk__l1 calls=1024 margin 4.88->4.30 t=91.9s
[DONE] evaluation__29950__deblur__confidence_boost__nes__l1 calls=1021 margin 4.88->8.30 t=88.1s
[DONE] evaluation__29950__deblur__boundary_probe__nes__l1 calls=1021 margin 4.88->0.86 t=88.2s
[DONE] evaluation__29950__deblur__counterfactual__nes__l1 calls=1021 margin 4.88->0.77 t=88.2s
[DONE] evaluation__32613__denoise__attack__nes__l0.5 calls=1021 margin 1.53->-8.53 t=88.1s
[DONE] evaluation__32613__denoise__restore__nes__l0.5 calls=1021 margin 1.53->1.53 t=88.9s
[DONE] evaluation__32613__denoise__random_walk__random_walk__l0.5 calls=1024 margin 1.53->1.75 t=91.9s
[DONE] evaluation__32613__denoise__confidence_boost__nes__l0.5 calls=1021 margin 1.53->8.38 t=88.6s
[DONE] evaluation__32613__denoise__boundary_probe__nes__l0.5 calls=1021 margin 1.53->0.02 t=88.4s
[DONE] evaluation__32613__denoise__counterfactual__nes__l0.5 calls=1021 margin 1.53->-3.72 t=88.4s
[DONE] evaluation__32613__deblur__attack__nes__l1 calls=1021 margin 4.81->-4.50 t=88.1s
[DONE] evaluation__32613__deblur__restore__nes__l1 calls=1021 margin 4.81->4.81 t=88.7s
[DONE] evaluation__32613__deblur__random_walk__random_walk__l1 calls=1024 margin 4.81->4.26 t=91.6s
[DONE] evaluation__32613__deblur__confidence_boost__nes__l1 calls=1021 margin 4.81->11.29 t=88.5s
[DONE] evaluation__32613__deblur__boundary_probe__nes__l1 calls=1021 margin 4.81->0.03 t=87.6s
[DONE] evaluation__32613__deblur__counterfactual__nes__l1 calls=1021 margin 4.81->0.68 t=88.0s
[DONE] evaluation__36078__denoise__attack__nes__l0.5 calls=1021 margin 3.15->-2.91 t=88.7s
[DONE] evaluation__36078__denoise__restore__nes__l0.5 calls=1021 margin 3.15->3.15 t=88.9s
[DONE] evaluation__36078__denoise__random_walk__random_walk__l0.5 calls=1024 margin 3.15->3.21 t=92.4s
[DONE] evaluation__36078__denoise__confidence_boost__nes__l0.5 calls=1021 margin 3.15->8.14 t=89.1s
[DONE] evaluation__36078__denoise__boundary_probe__nes__l0.5 calls=1021 margin 3.15->0.02 t=89.3s
[DONE] evaluation__36078__denoise__counterfactual__nes__l0.5 calls=1021 margin 3.15->-2.54 t=90.1s
[DONE] evaluation__36078__deblur__attack__nes__l1 calls=1021 margin 2.94->-8.48 t=89.1s
[DONE] evaluation__36078__deblur__restore__nes__l1 calls=1021 margin 2.94->2.94 t=89.0s
[DONE] evaluation__36078__deblur__random_walk__random_walk__l1 calls=1024 margin 2.94->2.98 t=93.1s
[DONE] evaluation__36078__deblur__confidence_boost__nes__l1 calls=1021 margin 2.94->7.22 t=88.8s
[DONE] evaluation__36078__deblur__boundary_probe__nes__l1 calls=1021 margin 2.94->0.00 t=94.5s
[DONE] evaluation__36078__deblur__counterfactual__nes__l1 calls=1021 margin 2.94->-2.82 t=88.0s
[DONE] evaluation__39105__denoise__attack__nes__l0.5 calls=1021 margin 1.51->-5.45 t=88.3s
[DONE] evaluation__39105__denoise__restore__nes__l0.5 calls=1021 margin 1.51->1.51 t=88.9s
[DONE] evaluation__39105__denoise__random_walk__random_walk__l0.5 calls=1024 margin 1.51->1.61 t=91.7s
[DONE] evaluation__39105__denoise__confidence_boost__nes__l0.5 calls=1021 margin 1.51->3.46 t=88.7s
[DONE] evaluation__39105__denoise__boundary_probe__nes__l0.5 calls=1021 margin 1.51->0.01 t=88.4s
[DONE] evaluation__39105__denoise__counterfactual__nes__l0.5 calls=1021 margin 1.51->-1.86 t=89.9s
[DONE] evaluation__39105__deblur__attack__nes__l1 calls=1021 margin 1.08->-8.01 t=88.4s
[DONE] evaluation__39105__deblur__restore__nes__l1 calls=1021 margin 1.08->1.08 t=88.9s
[DONE] evaluation__39105__deblur__random_walk__random_walk__l1 calls=1024 margin 1.08->1.28 t=92.0s
[DONE] evaluation__39105__deblur__confidence_boost__nes__l1 calls=1021 margin 1.08->2.42 t=89.8s
[DONE] evaluation__39105__deblur__boundary_probe__nes__l1 calls=1021 margin 1.08->0.01 t=88.1s
[DONE] evaluation__39105__deblur__counterfactual__nes__l1 calls=1021 margin 1.08->-2.28 t=88.3s
[DONE] evaluation__42574__denoise__attack__nes__l0.5 calls=1021 margin 3.29->-3.09 t=88.5s
[DONE] evaluation__42574__denoise__restore__nes__l0.5 calls=1021 margin 3.29->3.29 t=89.3s
[DONE] evaluation__42574__denoise__random_walk__random_walk__l0.5 calls=1024 margin 3.29->3.13 t=91.8s
[DONE] evaluation__42574__denoise__confidence_boost__nes__l0.5 calls=1021 margin 3.29->5.45 t=88.4s
[DONE] evaluation__42574__denoise__boundary_probe__nes__l0.5 calls=1021 margin 3.29->0.01 t=88.5s
[DONE] evaluation__42574__denoise__counterfactual__nes__l0.5 calls=1021 margin 3.29->0.54 t=88.4s
[DONE] evaluation__42574__deblur__attack__nes__l1 calls=1021 margin 2.31->-8.27 t=88.4s
[DONE] evaluation__42574__deblur__restore__nes__l1 calls=1021 margin 2.31->2.31 t=88.2s
[DONE] evaluation__42574__deblur__random_walk__random_walk__l1 calls=1024 margin 2.31->3.10 t=92.0s
[DONE] evaluation__42574__deblur__confidence_boost__nes__l1 calls=1021 margin 2.31->4.59 t=88.0s
[DONE] evaluation__42574__deblur__boundary_probe__nes__l1 calls=1021 margin 2.31->0.02 t=89.9s
[DONE] evaluation__42574__deblur__counterfactual__nes__l1 calls=1021 margin 2.31->-0.16 t=88.3s
[DONE] evaluation__44154__denoise__attack__nes__l0.5 calls=1021 margin 1.58->-2.11 t=90.9s
[DONE] evaluation__44154__denoise__restore__nes__l0.5 calls=1021 margin 1.58->1.58 t=88.8s
[DONE] evaluation__44154__denoise__random_walk__random_walk__l0.5 calls=1024 margin 1.58->1.76 t=93.2s
[DONE] evaluation__44154__denoise__confidence_boost__nes__l0.5 calls=1021 margin 1.58->4.59 t=88.4s
[DONE] evaluation__44154__denoise__boundary_probe__nes__l0.5 calls=1021 margin 1.58->0.00 t=87.9s
[DONE] evaluation__44154__denoise__counterfactual__nes__l0.5 calls=1021 margin 1.58->-1.90 t=91.3s
[DONE] evaluation__44154__deblur__attack__nes__l1 calls=1021 margin 3.56->-2.48 t=88.4s
[DONE] evaluation__44154__deblur__restore__nes__l1 calls=1021 margin 3.56->3.56 t=88.6s
[DONE] evaluation__44154__deblur__random_walk__random_walk__l1 calls=1024 margin 3.56->2.43 t=91.7s
[DONE] evaluation__44154__deblur__confidence_boost__nes__l1 calls=1021 margin 3.56->6.52 t=88.3s
[DONE] evaluation__44154__deblur__boundary_probe__nes__l1 calls=1021 margin 3.56->0.01 t=88.3s
[DONE] evaluation__44154__deblur__counterfactual__nes__l1 calls=1021 margin 3.56->-2.97 t=87.7s
[DONE] evaluation__48661__denoise__attack__nes__l0.5 calls=1021 margin 2.20->-1.58 t=88.7s
[DONE] evaluation__48661__denoise__restore__nes__l0.5 calls=1021 margin 2.20->2.20 t=87.8s
[DONE] evaluation__48661__denoise__random_walk__random_walk__l0.5 calls=1024 margin 2.20->2.44 t=90.9s
[DONE] evaluation__48661__denoise__confidence_boost__nes__l0.5 calls=1021 margin 2.20->5.50 t=87.8s
[DONE] evaluation__48661__denoise__boundary_probe__nes__l0.5 calls=1021 margin 2.20->0.01 t=87.3s
[DONE] evaluation__48661__denoise__counterfactual__nes__l0.5 calls=1021 margin 2.20->-1.85 t=87.6s
[DONE] evaluation__48661__deblur__attack__nes__l1 calls=1021 margin 2.91->-0.09 t=87.2s
[DONE] evaluation__48661__deblur__restore__nes__l1 calls=1021 margin 2.91->2.91 t=87.7s
[DONE] evaluation__48661__deblur__random_walk__random_walk__l1 calls=1024 margin 2.91->3.19 t=90.5s
[DONE] evaluation__48661__deblur__confidence_boost__nes__l1 calls=1021 margin 2.91->6.16 t=87.6s
[DONE] evaluation__48661__deblur__boundary_probe__nes__l1 calls=1021 margin 2.91->0.01 t=87.0s
[DONE] evaluation__48661__deblur__counterfactual__nes__l1 calls=1021 margin 2.91->-0.23 t=87.2s
[DONE] fit__1530__denoise__attack__nes__l0.5 calls=1021 margin 3.55->-1.02 t=87.8s
[DONE] fit__1530__denoise__restore__nes__l0.5 calls=1021 margin 3.55->3.55 t=87.6s
[DONE] fit__1530__denoise__random_walk__random_walk__l0.5 calls=1024 margin 3.55->3.56 t=90.5s
[DONE] fit__1530__denoise__confidence_boost__nes__l0.5 calls=1021 margin 3.55->7.95 t=87.3s
[DONE] fit__1530__denoise__boundary_probe__nes__l0.5 calls=1021 margin 3.55->0.09 t=87.4s
[DONE] fit__1530__denoise__counterfactual__nes__l0.5 calls=1021 margin 3.55->-0.16 t=87.9s
[DONE] fit__1530__deblur__attack__nes__l1 calls=1021 margin 2.07->-2.35 t=87.8s
[DONE] fit__1530__deblur__restore__nes__l1 calls=1021 margin 2.07->2.07 t=87.8s
[DONE] fit__1530__deblur__random_walk__random_walk__l1 calls=1024 margin 2.07->2.35 t=90.8s
[DONE] fit__1530__deblur__confidence_boost__nes__l1 calls=1021 margin 2.07->5.82 t=88.0s
[DONE] fit__1530__deblur__boundary_probe__nes__l1 calls=1021 margin 2.07->0.00 t=88.2s
[DONE] fit__1530__deblur__counterfactual__nes__l1 calls=1021 margin 2.07->-2.12 t=88.7s
[DONE] fit__5416__denoise__attack__nes__l0.5 calls=1021 margin 2.41->-0.21 t=87.8s
[DONE] fit__5416__denoise__restore__nes__l0.5 calls=1021 margin 2.41->2.41 t=87.7s
[DONE] fit__5416__denoise__random_walk__random_walk__l0.5 calls=1024 margin 2.41->2.31 t=91.9s
[DONE] fit__5416__denoise__confidence_boost__nes__l0.5 calls=1021 margin 2.41->4.75 t=88.5s
[DONE] fit__5416__denoise__boundary_probe__nes__l0.5 calls=1021 margin 2.41->0.00 t=89.0s
[DONE] fit__5416__denoise__counterfactual__nes__l0.5 calls=1021 margin 2.41->-0.25 t=88.2s
[DONE] fit__5416__deblur__attack__nes__l1 calls=1021 margin 1.90->-1.25 t=88.1s
[DONE] fit__5416__deblur__restore__nes__l1 calls=1021 margin 1.90->1.90 t=87.4s
[DONE] fit__5416__deblur__random_walk__random_walk__l1 calls=1024 margin 1.90->1.35 t=91.9s
[DONE] fit__5416__deblur__confidence_boost__nes__l1 calls=1021 margin 1.90->3.85 t=87.8s
[DONE] fit__5416__deblur__boundary_probe__nes__l1 calls=1021 margin 1.90->0.00 t=87.6s
[DONE] fit__5416__deblur__counterfactual__nes__l1 calls=1021 margin 1.90->-0.90 t=87.3s
[DONE] fit__8268__denoise__attack__nes__l0.5 calls=1021 margin 0.66->-9.77 t=89.4s
[DONE] fit__8268__denoise__restore__nes__l0.5 calls=1021 margin 0.66->0.53 t=89.0s
[DONE] fit__8268__denoise__random_walk__random_walk__l0.5 calls=1024 margin 0.66->0.37 t=92.6s
[DONE] fit__8268__denoise__confidence_boost__nes__l0.5 calls=1021 margin 0.66->5.35 t=87.8s
[DONE] fit__8268__denoise__boundary_probe__nes__l0.5 calls=1021 margin 0.66->0.00 t=87.3s
[DONE] fit__8268__denoise__counterfactual__nes__l0.5 calls=1021 margin 0.66->-7.49 t=91.0s
[DONE] fit__8268__deblur__attack__nes__l1 calls=1021 margin 1.30->-9.29 t=86.8s
[DONE] fit__8268__deblur__restore__nes__l1 calls=1021 margin 1.30->1.30 t=86.9s
[DONE] fit__8268__deblur__random_walk__random_walk__l1 calls=1024 margin 1.30->0.02 t=93.2s
[DONE] fit__8268__deblur__confidence_boost__nes__l1 calls=1021 margin 1.30->6.34 t=88.6s
[DONE] fit__8268__deblur__boundary_probe__nes__l1 calls=1021 margin 1.30->0.02 t=88.1s
[DONE] fit__8268__deblur__counterfactual__nes__l1 calls=1021 margin 1.30->-6.71 t=88.6s
[DONE] fit__13300__denoise__attack__nes__l0.5 calls=1021 margin 1.15->-6.26 t=89.6s
[DONE] fit__13300__denoise__restore__nes__l0.5 calls=1021 margin 1.15->1.15 t=88.9s
[DONE] fit__13300__denoise__random_walk__random_walk__l0.5 calls=1024 margin 1.15->1.19 t=98.0s
[DONE] fit__13300__denoise__confidence_boost__nes__l0.5 calls=1021 margin 1.15->2.98 t=88.5s
[DONE] fit__13300__denoise__boundary_probe__nes__l0.5 calls=1021 margin 1.15->0.00 t=87.6s
[DONE] fit__13300__denoise__counterfactual__nes__l0.5 calls=1021 margin 1.15->-1.13 t=87.7s
[DONE] fit__13300__deblur__attack__nes__l1 calls=1021 margin 0.75->-9.60 t=87.2s
[DONE] fit__13300__deblur__restore__nes__l1 calls=1021 margin 0.75->0.75 t=87.5s
[DONE] fit__13300__deblur__random_walk__random_walk__l1 calls=1024 margin 0.75->0.43 t=90.3s
[DONE] fit__13300__deblur__confidence_boost__nes__l1 calls=1021 margin 0.75->3.05 t=87.7s
[DONE] fit__13300__deblur__boundary_probe__nes__l1 calls=1021 margin 0.75->0.01 t=87.3s
[DONE] fit__13300__deblur__counterfactual__nes__l1 calls=1021 margin 0.75->-2.18 t=87.2s
[DONE] fit__18849__denoise__attack__nes__l0.5 calls=1021 margin 3.15->-10.44 t=87.8s
[DONE] fit__18849__denoise__restore__nes__l0.5 calls=1021 margin 3.15->3.15 t=90.6s
[DONE] fit__18849__denoise__random_walk__random_walk__l0.5 calls=1024 margin 3.15->2.76 t=90.9s
[DONE] fit__18849__denoise__confidence_boost__nes__l0.5 calls=1021 margin 3.15->10.11 t=88.0s
[DONE] fit__18849__denoise__boundary_probe__nes__l0.5 calls=1021 margin 3.15->0.04 t=87.6s
[DONE] fit__18849__denoise__counterfactual__nes__l0.5 calls=1021 margin 3.15->-4.99 t=88.3s
[DONE] fit__18849__deblur__attack__nes__l1 calls=1021 margin 6.65->-2.37 t=87.3s
[DONE] fit__18849__deblur__restore__nes__l1 calls=1021 margin 6.65->6.65 t=88.3s
[DONE] fit__18849__deblur__random_walk__random_walk__l1 calls=1024 margin 6.65->4.94 t=91.3s
[DONE] fit__18849__deblur__confidence_boost__nes__l1 calls=1021 margin 6.65->11.97 t=87.3s
[DONE] fit__18849__deblur__boundary_probe__nes__l1 calls=1021 margin 6.65->0.00 t=87.0s
[DONE] fit__18849__deblur__counterfactual__nes__l1 calls=1021 margin 6.65->-3.31 t=87.3s
[DONE] fit__25558__denoise__attack__nes__l0.5 calls=1021 margin 4.98->-4.84 t=88.2s
[DONE] fit__25558__denoise__restore__nes__l0.5 calls=1021 margin 4.98->4.98 t=88.3s
[DONE] fit__25558__denoise__random_walk__random_walk__l0.5 calls=1024 margin 4.98->5.29 t=90.9s
[DONE] fit__25558__denoise__confidence_boost__nes__l0.5 calls=1021 margin 4.98->8.89 t=87.8s
[DONE] fit__25558__denoise__boundary_probe__nes__l0.5 calls=1021 margin 4.98->0.01 t=87.3s
[DONE] fit__25558__denoise__counterfactual__nes__l0.5 calls=1021 margin 4.98->0.28 t=87.9s
[DONE] fit__25558__deblur__attack__nes__l1 calls=1021 margin 1.86->-2.15 t=86.5s
[DONE] fit__25558__deblur__restore__nes__l1 calls=1021 margin 1.86->1.86 t=87.2s
[DONE] fit__25558__deblur__random_walk__random_walk__l1 calls=1024 margin 1.86->4.02 t=90.6s
[DONE] fit__25558__deblur__confidence_boost__nes__l1 calls=1021 margin 1.86->8.62 t=86.8s
[DONE] fit__25558__deblur__boundary_probe__nes__l1 calls=1021 margin 1.86->0.02 t=87.9s
[DONE] fit__25558__deblur__counterfactual__nes__l1 calls=1021 margin 1.86->-2.02 t=87.6s
[DONE] fit__28200__denoise__attack__nes__l0.5 calls=1021 margin 2.05->-14.80 t=88.9s
[DONE] fit__28200__denoise__restore__nes__l0.5 calls=1021 margin 2.05->2.05 t=87.4s
[DONE] fit__28200__denoise__random_walk__random_walk__l0.5 calls=1024 margin 2.05->2.17 t=91.5s
[DONE] fit__28200__denoise__confidence_boost__nes__l0.5 calls=1021 margin 2.05->5.91 t=88.2s
[DONE] fit__28200__denoise__boundary_probe__nes__l0.5 calls=1021 margin 2.05->0.01 t=87.3s
[DONE] fit__28200__denoise__counterfactual__nes__l0.5 calls=1021 margin 2.05->-2.65 t=88.0s
[DONE] fit__28200__deblur__attack__nes__l1 calls=1021 margin 3.72->-3.15 t=88.4s
[DONE] fit__28200__deblur__restore__nes__l1 calls=1021 margin 3.72->3.72 t=90.5s
[DONE] fit__28200__deblur__random_walk__random_walk__l1 calls=1024 margin 3.72->0.67 t=91.4s
[DONE] fit__28200__deblur__confidence_boost__nes__l1 calls=1021 margin 3.72->10.20 t=87.3s
[DONE] fit__28200__deblur__boundary_probe__nes__l1 calls=1021 margin 3.72->0.00 t=87.4s
[DONE] fit__28200__deblur__counterfactual__nes__l1 calls=1021 margin 3.72->-3.05 t=87.5s
[DONE] fit__32846__denoise__attack__nes__l0.5 calls=1021 margin 2.42->-4.34 t=87.0s
[DONE] fit__32846__denoise__restore__nes__l0.5 calls=1021 margin 2.42->2.42 t=89.2s
[DONE] fit__32846__denoise__random_walk__random_walk__l0.5 calls=1024 margin 2.42->1.89 t=90.4s
[DONE] fit__32846__denoise__confidence_boost__nes__l0.5 calls=1021 margin 2.42->7.89 t=87.4s
[DONE] fit__32846__denoise__boundary_probe__nes__l0.5 calls=1021 margin 2.42->0.01 t=87.4s
[DONE] fit__32846__denoise__counterfactual__nes__l0.5 calls=1021 margin 2.42->-4.84 t=87.0s
[DONE] fit__32846__deblur__attack__nes__l1 calls=1021 margin 3.84->-5.24 t=90.7s
[DONE] fit__32846__deblur__restore__nes__l1 calls=1021 margin 3.84->3.84 t=87.0s
[DONE] fit__32846__deblur__random_walk__random_walk__l1 calls=1024 margin 3.84->3.46 t=90.2s
[DONE] fit__32846__deblur__confidence_boost__nes__l1 calls=1021 margin 3.84->7.89 t=87.3s
[DONE] fit__32846__deblur__boundary_probe__nes__l1 calls=1021 margin 3.84->0.03 t=87.1s
[DONE] fit__32846__deblur__counterfactual__nes__l1 calls=1021 margin 3.84->-4.60 t=87.6s
[DONE] fit__39193__denoise__attack__nes__l0.5 calls=1021 margin 2.68->-7.43 t=87.6s
[DONE] fit__39193__denoise__restore__nes__l0.5 calls=1021 margin 2.68->2.68 t=87.5s
[DONE] fit__39193__denoise__random_walk__random_walk__l0.5 calls=1024 margin 2.68->3.01 t=91.3s
[DONE] fit__39193__denoise__confidence_boost__nes__l0.5 calls=1021 margin 2.68->10.92 t=87.9s
[DONE] fit__39193__denoise__boundary_probe__nes__l0.5 calls=1021 margin 2.68->0.02 t=87.4s
[DONE] fit__39193__denoise__counterfactual__nes__l0.5 calls=1021 margin 2.68->-5.81 t=87.9s
[DONE] fit__39193__deblur__attack__nes__l1 calls=1021 margin 11.98->-0.91 t=87.7s
[DONE] fit__39193__deblur__restore__nes__l1 calls=1021 margin 11.98->11.98 t=87.5s
[DONE] fit__39193__deblur__random_walk__random_walk__l1 calls=1024 margin 11.98->9.15 t=90.8s
[DONE] fit__39193__deblur__confidence_boost__nes__l1 calls=1021 margin 11.98->14.74 t=88.0s
[DONE] fit__39193__deblur__boundary_probe__nes__l1 calls=1021 margin 11.98->1.75 t=87.2s
[DONE] fit__39193__deblur__counterfactual__nes__l1 calls=1021 margin 11.98->4.64 t=87.4s
[DONE] fit__44262__denoise__attack__nes__l0.5 calls=1021 margin 1.68->-4.23 t=87.7s
[DONE] fit__44262__denoise__restore__nes__l0.5 calls=1021 margin 1.68->1.68 t=87.7s
[DONE] fit__44262__denoise__random_walk__random_walk__l0.5 calls=1024 margin 1.68->1.48 t=90.7s
[DONE] fit__44262__denoise__confidence_boost__nes__l0.5 calls=1021 margin 1.68->4.64 t=87.3s
[DONE] fit__44262__denoise__boundary_probe__nes__l0.5 calls=1021 margin 1.68->0.00 t=86.8s
[DONE] fit__44262__denoise__counterfactual__nes__l0.5 calls=1021 margin 1.68->-3.15 t=87.5s
[DONE] fit__44262__deblur__attack__nes__l1 calls=1021 margin 1.02->-9.39 t=88.5s
[DONE] fit__44262__deblur__restore__nes__l1 calls=1021 margin 1.02->1.02 t=87.5s
[DONE] fit__44262__deblur__random_walk__random_walk__l1 calls=1024 margin 1.02->3.46 t=89.9s
[DONE] fit__44262__deblur__confidence_boost__nes__l1 calls=1021 margin 1.02->5.40 t=85.9s
[DONE] fit__44262__deblur__boundary_probe__nes__l1 calls=1021 margin 1.02->0.06 t=86.1s
[DONE] fit__44262__deblur__counterfactual__nes__l1 calls=1021 margin 1.02->-8.30 t=86.1s
