Traceback (most recent call last):
  File "/home/sepi/projects/MCG-Blackbox/experiments/gate_trajectory_signatures/run_specificity_workloads.py", line 439, in <module>
    main()
  File "/home/sepi/projects/MCG-Blackbox/experiments/gate_trajectory_signatures/run_specificity_workloads.py", line 354, in main
    model = torch.nn.Sequential(transforms.Normalize((0.485, 0.456, 0.406), (0.229, 0.224, 0.225)), net).to(device).eval()
            ^^^^^^^^^^^^^^^^^^^^^^^^^^^^^^^^^^^^^^^^^^^^^^^^^^^^^^^^^^^^^^^^^^^^^^^^^^^^^^^^^^^^^^^^^^^^^^^^^^^^^^^
  File "/home/sepi/jupyterenv/lib/python3.12/site-packages/torch/nn/modules/module.py", line 1340, in to
    return self._apply(convert)
           ^^^^^^^^^^^^^^^^^^^^
  File "/home/sepi/jupyterenv/lib/python3.12/site-packages/torch/nn/modules/module.py", line 900, in _apply
    module._apply(fn)
  File "/home/sepi/jupyterenv/lib/python3.12/site-packages/torch/nn/modules/module.py", line 900, in _apply
    module._apply(fn)
  File "/home/sepi/jupyterenv/lib/python3.12/site-packages/torch/nn/modules/module.py", line 900, in _apply
    module._apply(fn)
  [Previous line repeated 1 more time]
  File "/home/sepi/jupyterenv/lib/python3.12/site-packages/torch/nn/modules/module.py", line 927, in _apply
    param_applied = fn(param)
                    ^^^^^^^^^
  File "/home/sepi/jupyterenv/lib/python3.12/site-packages/torch/nn/modules/module.py", line 1326, in convert
    return t.to(
           ^^^^^
torch.OutOfMemoryError: CUDA out of memory. Tried to allocate 20.00 MiB. GPU 0 has a total capacity of 7.65 GiB of which 4.25 MiB is free. Process 3270008 has 538.00 MiB memory in use. Process 3270000 has 536.00 MiB memory in use. Process 3270010 has 538.00 MiB memory in use. Process 3270004 has 536.00 MiB memory in use. Process 3270012 has 536.00 MiB memory in use. Process 3270014 has 536.00 MiB memory in use. Process 3270016 has 536.00 MiB memory in use. Process 3270006 has 536.00 MiB memory in use. Process 3270002 has 536.00 MiB memory in use. Process 3278687 has 482.00 MiB memory in use. Process 3278697 has 332.00 MiB memory in use. Process 3278690 has 254.00 MiB memory in use. Process 3278694 has 280.00 MiB memory in use. Process 3278696 has 250.00 MiB memory in use. Including non-PyTorch memory, this process has 230.00 MiB memory in use. Process 3278688 has 250.00 MiB memory in use. Process 3278691 has 250.00 MiB memory in use. Process 3278689 has 250.00 MiB memory in use. Process 3278693 has 230.00 MiB memory in use. Of the allocated memory 85.88 MiB is allocated by PyTorch, and 12.12 MiB is reserved by PyTorch but unallocated. If reserved but unallocated memory is large try setting PYTORCH_CUDA_ALLOC_CONF=expandable_segments:True to avoid fragmentation.  See documentation for Memory Management  (https://pytorch.org/docs/stable/notes/cuda.html#environment-variables)
[DONE] evaluation__1504__denoise__attack__nes__l0.5 calls=1021 margin 4.56->-2.89 t=91.9s
[DONE] evaluation__1504__denoise__restore__nes__l0.5 calls=1021 margin 4.56->4.56 t=94.3s
[DONE] evaluation__1504__denoise__random_walk__random_walk__l0.5 calls=1024 margin 4.56->4.33 t=93.6s
[DONE] evaluation__1504__denoise__confidence_boost__nes__l0.5 calls=1021 margin 4.56->8.97 t=90.2s
[DONE] evaluation__1504__denoise__boundary_probe__nes__l0.5 calls=1021 margin 4.56->0.04 t=90.1s
[DONE] evaluation__1504__denoise__counterfactual__nes__l0.5 calls=1021 margin 4.56->-3.28 t=89.6s
[DONE] evaluation__1504__deblur__attack__nes__l1 calls=1021 margin 2.69->-1.11 t=89.7s
[DONE] evaluation__1504__deblur__restore__nes__l1 calls=1021 margin 2.69->2.69 t=90.5s
[DONE] evaluation__1504__deblur__random_walk__random_walk__l1 calls=1024 margin 2.69->3.17 t=93.6s
[DONE] evaluation__1504__deblur__confidence_boost__nes__l1 calls=1021 margin 2.69->7.59 t=89.0s
[DONE] evaluation__1504__deblur__boundary_probe__nes__l1 calls=1021 margin 2.69->0.01 t=89.7s
[DONE] evaluation__1504__deblur__counterfactual__nes__l1 calls=1021 margin 2.69->-1.19 t=89.2s
[DONE] evaluation__3043__denoise__attack__nes__l0.5 calls=1021 margin 3.50->-3.97 t=89.5s
[DONE] evaluation__3043__denoise__restore__nes__l0.5 calls=1021 margin 3.50->3.50 t=89.0s
[DONE] evaluation__3043__denoise__random_walk__random_walk__l0.5 calls=1024 margin 3.50->3.30 t=92.8s
[DONE] evaluation__3043__denoise__confidence_boost__nes__l0.5 calls=1021 margin 3.50->7.25 t=89.4s
[DONE] evaluation__3043__denoise__boundary_probe__nes__l0.5 calls=1021 margin 3.50->0.01 t=89.5s
[DONE] evaluation__3043__denoise__counterfactual__nes__l0.5 calls=1021 margin 3.50->-1.88 t=89.8s
[DONE] evaluation__3043__deblur__attack__nes__l1 calls=1021 margin 1.38->-4.64 t=89.4s
[DONE] evaluation__3043__deblur__restore__nes__l1 calls=1021 margin 1.38->1.38 t=88.8s
[DONE] evaluation__3043__deblur__random_walk__random_walk__l1 calls=1024 margin 1.38->1.43 t=92.6s
[DONE] evaluation__3043__deblur__confidence_boost__nes__l1 calls=1021 margin 1.38->5.55 t=90.6s
[DONE] evaluation__3043__deblur__boundary_probe__nes__l1 calls=1021 margin 1.38->0.06 t=89.4s
[DONE] evaluation__3043__deblur__counterfactual__nes__l1 calls=1021 margin 1.38->-4.18 t=88.8s
[DONE] evaluation__5404__denoise__attack__nes__l0.5 calls=1021 margin 6.30->-3.40 t=89.8s
[DONE] evaluation__5404__denoise__restore__nes__l0.5 calls=1021 margin 6.30->6.30 t=89.4s
[DONE] evaluation__5404__denoise__random_walk__random_walk__l0.5 calls=1024 margin 6.30->5.87 t=92.9s
[DONE] evaluation__5404__denoise__confidence_boost__nes__l0.5 calls=1021 margin 6.30->10.12 t=90.8s
[DONE] evaluation__5404__denoise__boundary_probe__nes__l0.5 calls=1021 margin 6.30->0.00 t=89.7s
[DONE] evaluation__5404__denoise__counterfactual__nes__l0.5 calls=1021 margin 6.30->-2.94 t=89.3s
[DONE] evaluation__5404__deblur__attack__nes__l1 calls=1021 margin 4.40->1.89 t=89.2s
[DONE] evaluation__5404__deblur__restore__nes__l1 calls=1021 margin 4.40->4.40 t=90.5s
[DONE] evaluation__5404__deblur__random_walk__random_walk__l1 calls=1024 margin 4.40->5.73 t=93.0s
[DONE] evaluation__5404__deblur__confidence_boost__nes__l1 calls=1021 margin 4.40->8.03 t=88.9s
[DONE] evaluation__5404__deblur__boundary_probe__nes__l1 calls=1021 margin 4.40->1.84 t=88.7s
[DONE] evaluation__5404__deblur__counterfactual__nes__l1 calls=1021 margin 4.40->1.97 t=88.6s
[DONE] evaluation__7067__denoise__attack__nes__l0.5 calls=1021 margin 8.37->-3.95 t=89.4s
[DONE] evaluation__7067__denoise__restore__nes__l0.5 calls=1021 margin 8.37->8.37 t=89.1s
[DONE] evaluation__7067__denoise__random_walk__random_walk__l0.5 calls=1024 margin 8.37->6.72 t=91.9s
[DONE] evaluation__7067__denoise__confidence_boost__nes__l0.5 calls=1021 margin 8.37->14.33 t=89.5s
[DONE] evaluation__7067__denoise__boundary_probe__nes__l0.5 calls=1021 margin 8.37->0.00 t=89.3s
[DONE] evaluation__7067__denoise__counterfactual__nes__l0.5 calls=1021 margin 8.37->-1.16 t=89.2s
[DONE] evaluation__7067__deblur__attack__nes__l1 calls=1021 margin 9.05->-1.01 t=89.6s
[DONE] evaluation__7067__deblur__restore__nes__l1 calls=1021 margin 9.05->9.05 t=88.8s
[DONE] evaluation__7067__deblur__random_walk__random_walk__l1 calls=1024 margin 9.05->7.95 t=92.0s
[DONE] evaluation__7067__deblur__confidence_boost__nes__l1 calls=1021 margin 9.05->14.10 t=89.5s
[DONE] evaluation__7067__deblur__boundary_probe__nes__l1 calls=1021 margin 9.05->1.80 t=90.0s
[DONE] evaluation__7067__deblur__counterfactual__nes__l1 calls=1021 margin 9.05->0.89 t=88.5s
[DONE] evaluation__8298__denoise__attack__nes__l0.5 calls=1021 margin 0.38->-7.55 t=90.1s
[DONE] evaluation__8298__denoise__restore__nes__l0.5 calls=1021 margin 0.38->0.38 t=89.0s
[DONE] evaluation__8298__denoise__random_walk__random_walk__l0.5 calls=1024 margin 0.38->0.81 t=92.9s
[DONE] evaluation__8298__denoise__confidence_boost__nes__l0.5 calls=1021 margin 0.38->5.72 t=88.9s
[DONE] evaluation__8298__denoise__boundary_probe__nes__l0.5 calls=1021 margin 0.38->0.02 t=89.4s
[DONE] evaluation__8298__denoise__counterfactual__nes__l0.5 calls=1021 margin 0.38->-5.12 t=89.0s
[DONE] evaluation__8298__deblur__attack__nes__l1 calls=1021 margin 0.12->-4.11 t=90.2s
[DONE] evaluation__8298__deblur__restore__nes__l1 calls=1021 margin 0.12->0.12 t=88.8s
[DONE] evaluation__8298__deblur__random_walk__random_walk__l1 calls=1024 margin 0.12->0.57 t=92.3s
[DONE] evaluation__8298__deblur__confidence_boost__nes__l1 calls=1021 margin 0.12->5.46 t=88.9s
[DONE] evaluation__8298__deblur__boundary_probe__nes__l1 calls=1021 margin 0.12->0.01 t=88.1s
[DONE] evaluation__8298__deblur__counterfactual__nes__l1 calls=1021 margin 0.12->-3.50 t=88.5s
[DONE] evaluation__11893__denoise__attack__nes__l0.5 calls=1021 margin 5.31->0.90 t=88.9s
[DONE] evaluation__11893__denoise__restore__nes__l0.5 calls=1021 margin 5.31->5.31 t=88.8s
[DONE] evaluation__11893__denoise__random_walk__random_walk__l0.5 calls=1024 margin 5.31->5.62 t=91.6s
[DONE] evaluation__11893__denoise__confidence_boost__nes__l0.5 calls=1021 margin 5.31->9.75 t=90.2s
[DONE] evaluation__11893__denoise__boundary_probe__nes__l0.5 calls=1021 margin 5.31->2.49 t=88.8s
[DONE] evaluation__11893__denoise__counterfactual__nes__l0.5 calls=1021 margin 5.31->2.06 t=89.2s
[DONE] evaluation__11893__deblur__attack__nes__l1 calls=1021 margin 2.29->0.93 t=88.3s
[DONE] evaluation__11893__deblur__restore__nes__l1 calls=1021 margin 2.29->2.29 t=88.8s
[DONE] evaluation__11893__deblur__random_walk__random_walk__l1 calls=1024 margin 2.29->3.98 t=92.1s
[DONE] evaluation__11893__deblur__confidence_boost__nes__l1 calls=1021 margin 2.29->8.15 t=89.6s
[DONE] evaluation__11893__deblur__boundary_probe__nes__l1 calls=1021 margin 2.29->1.06 t=90.7s
[DONE] evaluation__11893__deblur__counterfactual__nes__l1 calls=1021 margin 2.29->0.23 t=89.8s
[DONE] evaluation__13333__denoise__attack__nes__l0.5 calls=1021 margin 2.13->-2.85 t=91.8s
[DONE] evaluation__13333__denoise__restore__nes__l0.5 calls=1021 margin 2.13->2.13 t=90.0s
[DONE] evaluation__13333__denoise__random_walk__random_walk__l0.5 calls=1024 margin 2.13->2.11 t=93.1s
[DONE] evaluation__13333__denoise__confidence_boost__nes__l0.5 calls=1021 margin 2.13->4.38 t=89.2s
[DONE] evaluation__13333__denoise__boundary_probe__nes__l0.5 calls=1021 margin 2.13->0.00 t=89.5s
[DONE] evaluation__13333__denoise__counterfactual__nes__l0.5 calls=1021 margin 2.13->-0.36 t=89.7s
[DONE] evaluation__13333__deblur__attack__nes__l1 calls=1021 margin 1.93->-3.25 t=88.6s
[DONE] evaluation__13333__deblur__restore__nes__l1 calls=1021 margin 1.93->1.93 t=89.9s
[DONE] evaluation__13333__deblur__random_walk__random_walk__l1 calls=1024 margin 1.93->1.67 t=92.1s
[DONE] evaluation__13333__deblur__confidence_boost__nes__l1 calls=1021 margin 1.93->3.81 t=89.1s
[DONE] evaluation__13333__deblur__boundary_probe__nes__l1 calls=1021 margin 1.93->0.00 t=91.3s
[DONE] evaluation__13333__deblur__counterfactual__nes__l1 calls=1021 margin 1.93->-2.89 t=88.5s
[DONE] evaluation__15368__denoise__attack__nes__l0.5 calls=1021 margin 3.81->-11.72 t=88.9s
[DONE] evaluation__15368__denoise__restore__nes__l0.5 calls=1021 margin 3.81->3.81 t=90.7s
[DONE] evaluation__15368__denoise__random_walk__random_walk__l0.5 calls=1024 margin 3.81->3.91 t=91.9s
[DONE] evaluation__15368__denoise__confidence_boost__nes__l0.5 calls=1021 margin 3.81->10.85 t=89.4s
[DONE] evaluation__15368__denoise__boundary_probe__nes__l0.5 calls=1021 margin 3.81->0.02 t=88.7s
[DONE] evaluation__15368__denoise__counterfactual__nes__l0.5 calls=1021 margin 3.81->-8.04 t=88.7s
[DONE] evaluation__15368__deblur__attack__nes__l1 calls=1021 margin 6.02->-5.11 t=89.5s
[DONE] evaluation__15368__deblur__restore__nes__l1 calls=1021 margin 6.02->6.02 t=89.6s
[DONE] evaluation__15368__deblur__random_walk__random_walk__l1 calls=1024 margin 6.02->5.24 t=92.4s
[DONE] evaluation__15368__deblur__confidence_boost__nes__l1 calls=1021 margin 6.02->12.12 t=89.9s
[DONE] evaluation__15368__deblur__boundary_probe__nes__l1 calls=1021 margin 6.02->0.05 t=89.9s
[DONE] evaluation__15368__deblur__counterfactual__nes__l1 calls=1021 margin 6.02->-3.83 t=89.4s
[DONE] evaluation__18804__denoise__attack__nes__l0.5 calls=1021 margin 5.50->-2.31 t=88.9s
[DONE] evaluation__18804__denoise__restore__nes__l0.5 calls=1021 margin 5.50->5.50 t=89.5s
[DONE] evaluation__18804__denoise__random_walk__random_walk__l0.5 calls=1024 margin 5.50->5.32 t=92.2s
[DONE] evaluation__18804__denoise__confidence_boost__nes__l0.5 calls=1021 margin 5.50->14.84 t=89.8s
[DONE] evaluation__18804__denoise__boundary_probe__nes__l0.5 calls=1021 margin 5.50->0.03 t=88.6s
[DONE] evaluation__18804__denoise__counterfactual__nes__l0.5 calls=1021 margin 5.50->-2.44 t=89.7s
[DONE] evaluation__18804__deblur__attack__nes__l1 calls=1021 margin 7.17->-5.50 t=88.6s
[DONE] evaluation__18804__deblur__restore__nes__l1 calls=1021 margin 7.17->7.17 t=88.6s
[DONE] evaluation__18804__deblur__random_walk__random_walk__l1 calls=1024 margin 7.17->5.79 t=93.4s
[DONE] evaluation__18804__deblur__confidence_boost__nes__l1 calls=1021 margin 7.17->13.20 t=88.7s
[DONE] evaluation__18804__deblur__boundary_probe__nes__l1 calls=1021 margin 7.17->0.01 t=88.2s
[DONE] evaluation__18804__deblur__counterfactual__nes__l1 calls=1021 margin 7.17->-5.05 t=88.9s
[DONE] evaluation__21183__denoise__attack__nes__l0.5 calls=1021 margin 1.61->-10.99 t=89.8s
[DONE] evaluation__21183__denoise__restore__nes__l0.5 calls=1021 margin 1.61->1.61 t=90.2s
[DONE] evaluation__21183__denoise__random_walk__random_walk__l0.5 calls=1024 margin 1.61->0.71 t=92.7s
[DONE] evaluation__21183__denoise__confidence_boost__nes__l0.5 calls=1021 margin 1.61->6.35 t=87.7s
[DONE] evaluation__21183__denoise__boundary_probe__nes__l0.5 calls=1021 margin 1.61->0.11 t=88.9s
[DONE] evaluation__21183__denoise__counterfactual__nes__l0.5 calls=1021 margin 1.61->-8.07 t=87.9s
[DONE] evaluation__21183__deblur__attack__nes__l1 calls=1021 margin 2.74->-11.62 t=88.5s
[DONE] evaluation__21183__deblur__restore__nes__l1 calls=1021 margin 2.74->2.74 t=88.3s
[DONE] evaluation__21183__deblur__random_walk__random_walk__l1 calls=1024 margin 2.74->2.75 t=93.0s
[DONE] evaluation__21183__deblur__confidence_boost__nes__l1 calls=1021 margin 2.74->6.88 t=87.8s
[DONE] evaluation__21183__deblur__boundary_probe__nes__l1 calls=1021 margin 2.74->0.03 t=87.2s
[DONE] evaluation__21183__deblur__counterfactual__nes__l1 calls=1021 margin 2.74->1.12 t=87.4s
[DONE] evaluation__25590__denoise__attack__nes__l0.5 calls=1021 margin 1.50->-3.65 t=87.1s
[DONE] evaluation__25590__denoise__restore__nes__l0.5 calls=1021 margin 1.50->1.50 t=88.2s
[DONE] evaluation__25590__denoise__random_walk__random_walk__l0.5 calls=1024 margin 1.50->1.50 t=93.0s
[DONE] evaluation__25590__denoise__confidence_boost__nes__l0.5 calls=1021 margin 1.50->5.36 t=87.6s
[DONE] evaluation__25590__denoise__boundary_probe__nes__l0.5 calls=1021 margin 1.50->0.00 t=88.6s
[DONE] evaluation__25590__denoise__counterfactual__nes__l0.5 calls=1021 margin 1.50->-3.94 t=87.9s
[DONE] evaluation__25590__deblur__attack__nes__l1 calls=1021 margin 2.64->-4.43 t=87.6s
[DONE] evaluation__25590__deblur__restore__nes__l1 calls=1021 margin 2.64->2.64 t=87.5s
[DONE] evaluation__25590__deblur__random_walk__random_walk__l1 calls=1024 margin 2.64->1.97 t=90.1s
[DONE] evaluation__25590__deblur__confidence_boost__nes__l1 calls=1021 margin 2.64->5.60 t=87.4s
[DONE] evaluation__25590__deblur__boundary_probe__nes__l1 calls=1021 margin 2.64->0.05 t=88.2s
[DONE] evaluation__25590__deblur__counterfactual__nes__l1 calls=1021 margin 2.64->-2.32 t=88.1s
[DONE] evaluation__26779__denoise__attack__nes__l0.5 calls=1021 margin 0.15->-6.83 t=88.4s
[DONE] evaluation__26779__denoise__restore__nes__l0.5 calls=1021 margin 0.15->0.19 t=87.6s
[DONE] evaluation__26779__denoise__random_walk__random_walk__l0.5 calls=1024 margin 0.15->-0.79 t=91.7s
[DONE] evaluation__26779__denoise__confidence_boost__nes__l0.5 calls=1021 margin 0.15->7.21 t=87.2s
[DONE] evaluation__26779__denoise__boundary_probe__nes__l0.5 calls=1021 margin 0.15->0.15 t=87.2s
[DONE] evaluation__26779__denoise__counterfactual__nes__l0.5 calls=1021 margin 0.15->-7.77 t=87.4s
[DONE] evaluation__26779__deblur__attack__nes__l1 calls=1021 margin 6.05->-8.82 t=86.4s
[DONE] evaluation__26779__deblur__restore__nes__l1 calls=1021 margin 6.05->6.05 t=87.2s
[DONE] evaluation__26779__deblur__random_walk__random_walk__l1 calls=1024 margin 6.05->5.08 t=90.3s
[DONE] evaluation__26779__deblur__confidence_boost__nes__l1 calls=1021 margin 6.05->10.93 t=87.4s
[DONE] evaluation__26779__deblur__boundary_probe__nes__l1 calls=1021 margin 6.05->0.03 t=87.0s
[DONE] evaluation__26779__deblur__counterfactual__nes__l1 calls=1021 margin 6.05->-1.89 t=87.6s
[DONE] evaluation__28228__denoise__attack__nes__l0.5 calls=1021 margin 3.82->-5.79 t=87.4s
[DONE] evaluation__28228__denoise__restore__nes__l0.5 calls=1021 margin 3.82->3.82 t=88.0s
[DONE] evaluation__28228__denoise__random_walk__random_walk__l0.5 calls=1024 margin 3.82->2.98 t=90.3s
[DONE] evaluation__28228__denoise__confidence_boost__nes__l0.5 calls=1021 margin 3.82->10.36 t=87.9s
[DONE] evaluation__28228__denoise__boundary_probe__nes__l0.5 calls=1021 margin 3.82->0.00 t=88.2s
[DONE] evaluation__28228__denoise__counterfactual__nes__l0.5 calls=1021 margin 3.82->-5.54 t=87.6s
[DONE] evaluation__28228__deblur__attack__nes__l1 calls=1021 margin 11.14->-1.43 t=87.3s
[DONE] evaluation__28228__deblur__restore__nes__l1 calls=1021 margin 11.14->11.14 t=87.9s
[DONE] evaluation__28228__deblur__random_walk__random_walk__l1 calls=1024 margin 11.14->8.69 t=90.8s
[DONE] evaluation__28228__deblur__confidence_boost__nes__l1 calls=1021 margin 11.14->13.68 t=87.4s
[DONE] evaluation__28228__deblur__boundary_probe__nes__l1 calls=1021 margin 11.14->1.22 t=87.7s
[DONE] evaluation__28228__deblur__counterfactual__nes__l1 calls=1021 margin 11.14->1.82 t=88.3s
[DONE] evaluation__30085__denoise__attack__nes__l0.5 calls=1021 margin 4.92->1.67 t=87.5s
[DONE] evaluation__30085__denoise__restore__nes__l0.5 calls=1021 margin 4.92->4.92 t=88.3s
[DONE] evaluation__30085__denoise__random_walk__random_walk__l0.5 calls=1024 margin 4.92->4.82 t=91.6s
[DONE] evaluation__30085__denoise__confidence_boost__nes__l0.5 calls=1021 margin 4.92->7.81 t=88.0s
[DONE] evaluation__30085__denoise__boundary_probe__nes__l0.5 calls=1021 margin 4.92->1.86 t=88.1s
[DONE] evaluation__30085__denoise__counterfactual__nes__l0.5 calls=1021 margin 4.92->1.54 t=88.2s
[DONE] evaluation__30085__deblur__attack__nes__l1 calls=1021 margin 1.84->-0.81 t=87.2s
[DONE] evaluation__30085__deblur__restore__nes__l1 calls=1021 margin 1.84->1.84 t=87.9s
[DONE] evaluation__30085__deblur__random_walk__random_walk__l1 calls=1024 margin 1.84->2.79 t=91.9s
[DONE] evaluation__30085__deblur__confidence_boost__nes__l1 calls=1021 margin 1.84->5.47 t=87.9s
[DONE] evaluation__30085__deblur__boundary_probe__nes__l1 calls=1021 margin 1.84->0.00 t=88.6s
[DONE] evaluation__30085__deblur__counterfactual__nes__l1 calls=1021 margin 1.84->-1.24 t=87.2s
[DONE] evaluation__32834__denoise__attack__nes__l0.5 calls=1021 margin 3.33->-1.75 t=87.5s
[DONE] evaluation__32834__denoise__restore__nes__l0.5 calls=1021 margin 3.33->3.33 t=87.4s
[DONE] evaluation__32834__denoise__random_walk__random_walk__l0.5 calls=1024 margin 3.33->3.51 t=90.5s
[DONE] evaluation__32834__denoise__confidence_boost__nes__l0.5 calls=1021 margin 3.33->8.10 t=87.5s
[DONE] evaluation__32834__denoise__boundary_probe__nes__l0.5 calls=1021 margin 3.33->0.01 t=87.4s
[DONE] evaluation__32834__denoise__counterfactual__nes__l0.5 calls=1021 margin 3.33->-1.85 t=87.1s
[DONE] evaluation__32834__deblur__attack__nes__l1 calls=1021 margin 3.71->-1.20 t=87.2s
[DONE] evaluation__32834__deblur__restore__nes__l1 calls=1021 margin 3.71->3.71 t=87.0s
[DONE] evaluation__32834__deblur__random_walk__random_walk__l1 calls=1024 margin 3.71->2.55 t=89.9s
[DONE] evaluation__32834__deblur__confidence_boost__nes__l1 calls=1021 margin 3.71->7.28 t=86.7s
[DONE] evaluation__32834__deblur__boundary_probe__nes__l1 calls=1021 margin 3.71->0.00 t=87.6s
[DONE] evaluation__32834__deblur__counterfactual__nes__l1 calls=1021 margin 3.71->-2.24 t=87.8s
[DONE] evaluation__36547__denoise__attack__nes__l0.5 calls=1021 margin 8.23->-0.57 t=87.9s
[DONE] evaluation__36547__denoise__restore__nes__l0.5 calls=1021 margin 8.23->8.23 t=87.4s
[DONE] evaluation__36547__denoise__random_walk__random_walk__l0.5 calls=1024 margin 8.23->8.07 t=90.7s
[DONE] evaluation__36547__denoise__confidence_boost__nes__l0.5 calls=1021 margin 8.23->14.84 t=90.1s
[DONE] evaluation__36547__denoise__boundary_probe__nes__l0.5 calls=1021 margin 8.23->0.00 t=87.6s
[DONE] evaluation__36547__denoise__counterfactual__nes__l0.5 calls=1021 margin 8.23->-0.84 t=88.2s
[DONE] evaluation__36547__deblur__attack__nes__l1 calls=1021 margin 6.27->-3.84 t=88.2s
[DONE] evaluation__36547__deblur__restore__nes__l1 calls=1021 margin 6.27->6.27 t=87.1s
[DONE] evaluation__36547__deblur__random_walk__random_walk__l1 calls=1024 margin 6.27->5.16 t=91.9s
[DONE] evaluation__36547__deblur__confidence_boost__nes__l1 calls=1021 margin 6.27->11.39 t=87.4s
[DONE] evaluation__36547__deblur__boundary_probe__nes__l1 calls=1021 margin 6.27->0.01 t=87.0s
[DONE] evaluation__36547__deblur__counterfactual__nes__l1 calls=1021 margin 6.27->-3.52 t=87.2s
[DONE] evaluation__39178__denoise__attack__nes__l0.5 calls=1021 margin 0.72->-10.00 t=87.1s
[DONE] evaluation__39178__denoise__restore__nes__l0.5 calls=1021 margin 0.72->0.72 t=88.0s
[DONE] evaluation__39178__denoise__random_walk__random_walk__l0.5 calls=1024 margin 0.72->0.22 t=90.4s
[DONE] evaluation__39178__denoise__confidence_boost__nes__l0.5 calls=1021 margin 0.72->5.19 t=87.1s
[DONE] evaluation__39178__denoise__boundary_probe__nes__l0.5 calls=1021 margin 0.72->0.07 t=87.2s
[DONE] evaluation__39178__denoise__counterfactual__nes__l0.5 calls=1021 margin 0.72->-5.02 t=87.4s
[DONE] evaluation__39178__deblur__attack__nes__l1 calls=1021 margin 8.31->-4.03 t=87.5s
[DONE] evaluation__39178__deblur__restore__nes__l1 calls=1021 margin 8.31->8.31 t=87.0s
[DONE] evaluation__39178__deblur__random_walk__random_walk__l1 calls=1024 margin 8.31->2.92 t=91.9s
[DONE] evaluation__39178__deblur__confidence_boost__nes__l1 calls=1021 margin 8.31->12.20 t=87.9s
[DONE] evaluation__39178__deblur__boundary_probe__nes__l1 calls=1021 margin 8.31->0.01 t=87.0s
[DONE] evaluation__39178__deblur__counterfactual__nes__l1 calls=1021 margin 8.31->-4.25 t=87.1s
[DONE] evaluation__42869__denoise__attack__nes__l0.5 calls=1021 margin 2.27->-5.74 t=87.1s
[DONE] evaluation__42869__denoise__restore__nes__l0.5 calls=1021 margin 2.27->2.18 t=86.9s
[DONE] evaluation__42869__denoise__random_walk__random_walk__l0.5 calls=1024 margin 2.27->2.50 t=90.5s
[DONE] evaluation__42869__denoise__confidence_boost__nes__l0.5 calls=1021 margin 2.27->6.96 t=90.0s
[DONE] evaluation__42869__denoise__boundary_probe__nes__l0.5 calls=1021 margin 2.27->0.01 t=87.1s
[DONE] evaluation__42869__denoise__counterfactual__nes__l0.5 calls=1021 margin 2.27->-4.27 t=87.8s
[DONE] evaluation__42869__deblur__attack__nes__l1 calls=1021 margin 0.14->-9.74 t=89.3s
[DONE] evaluation__42869__deblur__restore__nes__l1 calls=1021 margin 0.14->0.14 t=86.6s
[DONE] evaluation__42869__deblur__random_walk__random_walk__l1 calls=1024 margin 0.14->3.45 t=89.9s
[DONE] evaluation__42869__deblur__confidence_boost__nes__l1 calls=1021 margin 0.14->7.63 t=87.7s
[DONE] evaluation__42869__deblur__boundary_probe__nes__l1 calls=1021 margin 0.14->0.03 t=87.1s
[DONE] evaluation__42869__deblur__counterfactual__nes__l1 calls=1021 margin 0.14->-6.17 t=87.9s
[DONE] evaluation__44275__denoise__attack__nes__l0.5 calls=1021 margin 0.69->-8.23 t=88.4s
[DONE] evaluation__44275__denoise__restore__nes__l0.5 calls=1021 margin 0.69->0.30 t=87.3s
[DONE] evaluation__44275__denoise__random_walk__random_walk__l0.5 calls=1024 margin 0.69->0.55 t=91.0s
[DONE] evaluation__44275__denoise__confidence_boost__nes__l0.5 calls=1021 margin 0.69->6.92 t=87.7s
[DONE] evaluation__44275__denoise__boundary_probe__nes__l0.5 calls=1021 margin 0.69->0.05 t=87.4s
[DONE] evaluation__44275__denoise__counterfactual__nes__l0.5 calls=1021 margin 0.69->-6.42 t=88.1s
[DONE] evaluation__44275__deblur__attack__nes__l1 calls=1021 margin 6.71->-5.27 t=88.9s
[DONE] evaluation__44275__deblur__restore__nes__l1 calls=1021 margin 6.71->6.71 t=87.5s
[DONE] evaluation__44275__deblur__random_walk__random_walk__l1 calls=1024 margin 6.71->2.18 t=91.4s
[DONE] evaluation__44275__deblur__confidence_boost__nes__l1 calls=1021 margin 6.71->10.65 t=88.2s
[DONE] evaluation__44275__deblur__boundary_probe__nes__l1 calls=1021 margin 6.71->0.00 t=87.9s
[DONE] evaluation__44275__deblur__counterfactual__nes__l1 calls=1021 margin 6.71->-5.89 t=87.6s
[DONE] evaluation__48717__denoise__attack__nes__l0.5 calls=1021 margin 3.96->-6.00 t=88.6s
[DONE] evaluation__48717__denoise__restore__nes__l0.5 calls=1021 margin 3.96->3.96 t=88.3s
[DONE] evaluation__48717__denoise__random_walk__random_walk__l0.5 calls=1024 margin 3.96->3.69 t=90.8s
[DONE] evaluation__48717__denoise__confidence_boost__nes__l0.5 calls=1021 margin 3.96->8.74 t=90.3s
[DONE] evaluation__48717__denoise__boundary_probe__nes__l0.5 calls=1021 margin 3.96->0.03 t=87.7s
[DONE] evaluation__48717__denoise__counterfactual__nes__l0.5 calls=1021 margin 3.96->-1.35 t=88.0s
[DONE] evaluation__48717__deblur__attack__nes__l1 calls=1021 margin 7.47->-8.08 t=87.5s
[DONE] evaluation__48717__deblur__restore__nes__l1 calls=1021 margin 7.47->7.47 t=87.6s
[DONE] evaluation__48717__deblur__random_walk__random_walk__l1 calls=1024 margin 7.47->7.59 t=90.7s
[DONE] evaluation__48717__deblur__confidence_boost__nes__l1 calls=1021 margin 7.47->11.09 t=88.0s
[DONE] evaluation__48717__deblur__boundary_probe__nes__l1 calls=1021 margin 7.47->0.01 t=87.4s
[DONE] evaluation__48717__deblur__counterfactual__nes__l1 calls=1021 margin 7.47->-3.52 t=87.7s
[DONE] fit__2922__denoise__attack__nes__l0.5 calls=1021 margin 4.52->-7.94 t=87.6s
[DONE] fit__2922__denoise__restore__nes__l0.5 calls=1021 margin 4.52->4.52 t=87.2s
[DONE] fit__2922__denoise__random_walk__random_walk__l0.5 calls=1024 margin 4.52->5.88 t=90.5s
[DONE] fit__2922__denoise__confidence_boost__nes__l0.5 calls=1021 margin 4.52->10.29 t=87.9s
[DONE] fit__2922__denoise__boundary_probe__nes__l0.5 calls=1021 margin 4.52->0.02 t=87.3s
[DONE] fit__2922__denoise__counterfactual__nes__l0.5 calls=1021 margin 4.52->-6.38 t=87.4s
[DONE] fit__2922__deblur__attack__nes__l1 calls=1021 margin 7.87->-6.32 t=87.6s
[DONE] fit__2922__deblur__restore__nes__l1 calls=1021 margin 7.87->7.87 t=88.4s
[DONE] fit__2922__deblur__random_walk__random_walk__l1 calls=1024 margin 7.87->5.46 t=91.0s
[DONE] fit__2922__deblur__confidence_boost__nes__l1 calls=1021 margin 7.87->11.06 t=87.9s
[DONE] fit__2922__deblur__boundary_probe__nes__l1 calls=1021 margin 7.87->0.01 t=87.3s
[DONE] fit__2922__deblur__counterfactual__nes__l1 calls=1021 margin 7.87->1.12 t=87.7s
[DONE] fit__6721__denoise__attack__nes__l0.5 calls=1021 margin 2.99->-7.13 t=87.8s
[DONE] fit__6721__denoise__restore__nes__l0.5 calls=1021 margin 2.99->2.99 t=87.6s
[DONE] fit__6721__denoise__random_walk__random_walk__l0.5 calls=1024 margin 2.99->2.45 t=90.9s
[DONE] fit__6721__denoise__confidence_boost__nes__l0.5 calls=1021 margin 2.99->6.69 t=87.8s
[DONE] fit__6721__denoise__boundary_probe__nes__l0.5 calls=1021 margin 2.99->0.01 t=87.6s
[DONE] fit__6721__denoise__counterfactual__nes__l0.5 calls=1021 margin 2.99->-3.67 t=87.7s
[DONE] fit__6721__deblur__attack__nes__l1 calls=1021 margin 3.35->-4.18 t=87.6s
[DONE] fit__6721__deblur__restore__nes__l1 calls=1021 margin 3.35->3.35 t=87.1s
[DONE] fit__6721__deblur__random_walk__random_walk__l1 calls=1024 margin 3.35->3.16 t=91.9s
[DONE] fit__6721__deblur__confidence_boost__nes__l1 calls=1021 margin 3.35->6.78 t=87.1s
[DONE] fit__6721__deblur__boundary_probe__nes__l1 calls=1021 margin 3.35->0.04 t=88.5s
[DONE] fit__6721__deblur__counterfactual__nes__l1 calls=1021 margin 3.35->-0.51 t=86.7s
[DONE] fit__10663__denoise__attack__nes__l0.5 calls=1021 margin 3.21->-7.54 t=88.7s
[DONE] fit__10663__denoise__restore__nes__l0.5 calls=1021 margin 3.21->3.21 t=88.4s
[DONE] fit__10663__denoise__random_walk__random_walk__l0.5 calls=1024 margin 3.21->2.62 t=91.5s
[DONE] fit__10663__denoise__confidence_boost__nes__l0.5 calls=1021 margin 3.21->9.16 t=88.6s
[DONE] fit__10663__denoise__boundary_probe__nes__l0.5 calls=1021 margin 3.21->0.11 t=88.6s
[DONE] fit__10663__denoise__counterfactual__nes__l0.5 calls=1021 margin 3.21->-5.87 t=87.9s
[DONE] fit__10663__deblur__attack__nes__l1 calls=1021 margin 7.12->-5.18 t=88.5s
[DONE] fit__10663__deblur__restore__nes__l1 calls=1021 margin 7.12->7.12 t=88.5s
[DONE] fit__10663__deblur__random_walk__random_walk__l1 calls=1024 margin 7.12->7.09 t=96.6s
[DONE] fit__10663__deblur__confidence_boost__nes__l1 calls=1021 margin 7.12->11.30 t=89.8s
[DONE] fit__10663__deblur__boundary_probe__nes__l1 calls=1021 margin 7.12->0.66 t=90.6s
[DONE] fit__10663__deblur__counterfactual__nes__l1 calls=1021 margin 7.12->-0.21 t=88.6s
[DONE] fit__13683__denoise__attack__nes__l0.5 calls=1021 margin 5.07->-2.09 t=89.1s
[DONE] fit__13683__denoise__restore__nes__l0.5 calls=1021 margin 5.07->5.07 t=89.0s
[DONE] fit__13683__denoise__random_walk__random_walk__l0.5 calls=1024 margin 5.07->4.89 t=97.3s
[DONE] fit__13683__denoise__confidence_boost__nes__l0.5 calls=1021 margin 5.07->10.83 t=88.9s
[DONE] fit__13683__denoise__boundary_probe__nes__l0.5 calls=1021 margin 5.07->0.02 t=87.7s
[DONE] fit__13683__denoise__counterfactual__nes__l0.5 calls=1021 margin 5.07->-1.91 t=87.2s
[DONE] fit__13683__deblur__attack__nes__l1 calls=1021 margin 3.39->-2.36 t=87.2s
[DONE] fit__13683__deblur__restore__nes__l1 calls=1021 margin 3.39->3.39 t=87.0s
[DONE] fit__13683__deblur__random_walk__random_walk__l1 calls=1024 margin 3.39->4.28 t=92.0s
[DONE] fit__13683__deblur__confidence_boost__nes__l1 calls=1021 margin 3.39->9.56 t=87.1s
[DONE] fit__13683__deblur__boundary_probe__nes__l1 calls=1021 margin 3.39->0.05 t=87.4s
[DONE] fit__13683__deblur__counterfactual__nes__l1 calls=1021 margin 3.39->-2.26 t=87.0s
[DONE] fit__20080__denoise__attack__nes__l0.5 calls=1021 margin 5.62->-0.02 t=89.8s
[DONE] fit__20080__denoise__restore__nes__l0.5 calls=1021 margin 5.62->5.82 t=87.0s
[DONE] fit__20080__denoise__random_walk__random_walk__l0.5 calls=1024 margin 5.62->5.96 t=92.7s
[DONE] fit__20080__denoise__confidence_boost__nes__l0.5 calls=1021 margin 5.62->10.66 t=86.7s
[DONE] fit__20080__denoise__boundary_probe__nes__l0.5 calls=1021 margin 5.62->0.17 t=86.9s
[DONE] fit__20080__denoise__counterfactual__nes__l0.5 calls=1021 margin 5.62->0.77 t=87.5s
[DONE] fit__20080__deblur__attack__nes__l1 calls=1021 margin 2.76->-2.87 t=87.2s
[DONE] fit__20080__deblur__restore__nes__l1 calls=1021 margin 2.76->2.76 t=87.7s
[DONE] fit__20080__deblur__random_walk__random_walk__l1 calls=1024 margin 2.76->3.82 t=90.1s
[DONE] fit__20080__deblur__confidence_boost__nes__l1 calls=1021 margin 2.76->9.28 t=87.5s
[DONE] fit__20080__deblur__boundary_probe__nes__l1 calls=1021 margin 2.76->0.01 t=86.9s
[DONE] fit__20080__deblur__counterfactual__nes__l1 calls=1021 margin 2.76->-3.54 t=87.3s
[DONE] fit__26549__denoise__attack__nes__l0.5 calls=1021 margin 1.93->-2.10 t=87.8s
[DONE] fit__26549__denoise__restore__nes__l0.5 calls=1021 margin 1.93->1.95 t=87.4s
[DONE] fit__26549__denoise__random_walk__random_walk__l0.5 calls=1024 margin 1.93->2.13 t=90.5s
[DONE] fit__26549__denoise__confidence_boost__nes__l0.5 calls=1021 margin 1.93->4.61 t=87.5s
[DONE] fit__26549__denoise__boundary_probe__nes__l0.5 calls=1021 margin 1.93->0.01 t=87.3s
[DONE] fit__26549__denoise__counterfactual__nes__l0.5 calls=1021 margin 1.93->-2.67 t=87.7s
[DONE] fit__26549__deblur__attack__nes__l1 calls=1021 margin 3.27->-4.60 t=87.1s
[DONE] fit__26549__deblur__restore__nes__l1 calls=1021 margin 3.27->3.27 t=87.3s
[DONE] fit__26549__deblur__random_walk__random_walk__l1 calls=1024 margin 3.27->2.74 t=90.5s
[DONE] fit__26549__deblur__confidence_boost__nes__l1 calls=1021 margin 3.27->3.97 t=86.8s
[DONE] fit__26549__deblur__boundary_probe__nes__l1 calls=1021 margin 3.27->0.01 t=86.5s
[DONE] fit__26549__deblur__counterfactual__nes__l1 calls=1021 margin 3.27->-3.65 t=86.9s
[DONE] fit__29943__denoise__attack__nes__l0.5 calls=1021 margin 1.22->-5.12 t=87.1s
[DONE] fit__29943__denoise__restore__nes__l0.5 calls=1021 margin 1.22->1.22 t=87.6s
[DONE] fit__29943__denoise__random_walk__random_walk__l0.5 calls=1024 margin 1.22->1.38 t=90.5s
[DONE] fit__29943__denoise__confidence_boost__nes__l0.5 calls=1021 margin 1.22->7.06 t=87.6s
[DONE] fit__29943__denoise__boundary_probe__nes__l0.5 calls=1021 margin 1.22->0.03 t=87.7s
[DONE] fit__29943__denoise__counterfactual__nes__l0.5 calls=1021 margin 1.22->-5.30 t=87.8s
[DONE] fit__29943__deblur__attack__nes__l1 calls=1021 margin 1.72->-10.44 t=89.6s
[DONE] fit__29943__deblur__restore__nes__l1 calls=1021 margin 1.72->1.72 t=87.2s
[DONE] fit__29943__deblur__random_walk__random_walk__l1 calls=1024 margin 1.72->1.55 t=90.6s
[DONE] fit__29943__deblur__confidence_boost__nes__l1 calls=1021 margin 1.72->5.56 t=87.1s
[DONE] fit__29943__deblur__boundary_probe__nes__l1 calls=1021 margin 1.72->0.03 t=86.6s
[DONE] fit__29943__deblur__counterfactual__nes__l1 calls=1021 margin 1.72->-4.56 t=86.8s
[DONE] fit__35167__denoise__attack__nes__l0.5 calls=1021 margin 5.26->-9.12 t=87.3s
[DONE] fit__35167__denoise__restore__nes__l0.5 calls=1021 margin 5.26->5.26 t=87.6s
[DONE] fit__35167__denoise__random_walk__random_walk__l0.5 calls=1024 margin 5.26->5.66 t=90.5s
[DONE] fit__35167__denoise__confidence_boost__nes__l0.5 calls=1021 margin 5.26->15.74 t=88.3s
[DONE] fit__35167__denoise__boundary_probe__nes__l0.5 calls=1021 margin 5.26->0.01 t=87.2s
[DONE] fit__35167__denoise__counterfactual__nes__l0.5 calls=1021 margin 5.26->-7.63 t=87.4s
[DONE] fit__35167__deblur__attack__nes__l1 calls=1021 margin 4.23->-6.72 t=87.3s
[DONE] fit__35167__deblur__restore__nes__l1 calls=1021 margin 4.23->4.23 t=88.1s
[DONE] fit__35167__deblur__random_walk__random_walk__l1 calls=1024 margin 4.23->3.66 t=90.6s
[DONE] fit__35167__deblur__confidence_boost__nes__l1 calls=1021 margin 4.23->15.54 t=87.1s
[DONE] fit__35167__deblur__boundary_probe__nes__l1 calls=1021 margin 4.23->0.00 t=87.6s
[DONE] fit__35167__deblur__counterfactual__nes__l1 calls=1021 margin 4.23->-6.08 t=87.4s
[DONE] fit__42487__denoise__attack__nes__l0.5 calls=1021 margin 2.11->-0.17 t=87.6s
[DONE] fit__42487__denoise__restore__nes__l0.5 calls=1021 margin 2.11->2.11 t=87.4s
[DONE] fit__42487__denoise__random_walk__random_walk__l0.5 calls=1024 margin 2.11->2.31 t=90.6s
[DONE] fit__42487__denoise__confidence_boost__nes__l0.5 calls=1021 margin 2.11->4.66 t=87.4s
[DONE] fit__42487__denoise__boundary_probe__nes__l0.5 calls=1021 margin 2.11->0.07 t=87.4s
[DONE] fit__42487__denoise__counterfactual__nes__l0.5 calls=1021 margin 2.11->-0.02 t=87.6s
[DONE] fit__42487__deblur__attack__nes__l1 calls=1021 margin 2.62->-0.04 t=87.2s
[DONE] fit__42487__deblur__restore__nes__l1 calls=1021 margin 2.62->2.62 t=88.3s
[DONE] fit__42487__deblur__random_walk__random_walk__l1 calls=1024 margin 2.62->2.80 t=90.9s
[DONE] fit__42487__deblur__confidence_boost__nes__l1 calls=1021 margin 2.62->4.61 t=87.4s
[DONE] fit__42487__deblur__boundary_probe__nes__l1 calls=1021 margin 2.62->0.00 t=87.3s
[DONE] fit__42487__deblur__counterfactual__nes__l1 calls=1021 margin 2.62->-0.39 t=87.8s
[DONE] fit__48584__denoise__attack__nes__l0.5 calls=1021 margin 2.23->-11.28 t=88.7s
[DONE] fit__48584__denoise__restore__nes__l0.5 calls=1021 margin 2.23->2.23 t=87.2s
[DONE] fit__48584__denoise__random_walk__random_walk__l0.5 calls=1024 margin 2.23->2.27 t=89.9s
[DONE] fit__48584__denoise__confidence_boost__nes__l0.5 calls=1021 margin 2.23->12.00 t=88.2s
[DONE] fit__48584__denoise__boundary_probe__nes__l0.5 calls=1021 margin 2.23->0.11 t=87.5s
[DONE] fit__48584__denoise__counterfactual__nes__l0.5 calls=1021 margin 2.23->-9.97 t=87.2s
[DONE] fit__48584__deblur__attack__nes__l1 calls=1021 margin 8.04->-7.84 t=88.1s
[DONE] fit__48584__deblur__restore__nes__l1 calls=1021 margin 8.04->8.04 t=86.7s
[DONE] fit__48584__deblur__random_walk__random_walk__l1 calls=1024 margin 8.04->9.49 t=88.9s
[DONE] fit__48584__deblur__confidence_boost__nes__l1 calls=1021 margin 8.04->8.04 t=85.5s
[DONE] fit__48584__deblur__boundary_probe__nes__l1 calls=1021 margin 8.04->0.11 t=86.2s
[DONE] fit__48584__deblur__counterfactual__nes__l1 calls=1021 margin 8.04->-4.35 t=85.5s
