[DONE] evaluation__791__denoise__attack__nes__l0.5 calls=1021 margin 3.81->-8.67 t=2.6s
[DONE] evaluation__791__denoise__restore__nes__l0.5 calls=1021 margin 3.81->3.48 t=2.4s
[DONE] evaluation__791__denoise__confidence_boost__nes__l0.5 calls=1021 margin 3.81->11.31 t=2.3s
[DONE] evaluation__791__deblur__attack__nes__l1 calls=1021 margin 9.53->-1.56 t=2.3s
[DONE] evaluation__791__deblur__restore__nes__l1 calls=1021 margin 9.53->9.53 t=2.4s
[DONE] evaluation__791__deblur__confidence_boost__nes__l1 calls=1021 margin 9.53->13.32 t=2.5s
[DONE] evaluation__6241__denoise__attack__nes__l0.5 calls=1021 margin 4.07->-9.86 t=2.6s
[DONE] evaluation__6241__denoise__restore__nes__l0.5 calls=1021 margin 4.07->4.07 t=2.6s
[DONE] evaluation__6241__denoise__confidence_boost__nes__l0.5 calls=1021 margin 4.07->13.04 t=2.6s
[DONE] evaluation__6241__deblur__attack__nes__l1 calls=1021 margin 9.04->-7.32 t=2.7s
[DONE] evaluation__6241__deblur__restore__nes__l1 calls=1021 margin 9.04->9.04 t=2.7s
[DONE] evaluation__6241__deblur__confidence_boost__nes__l1 calls=1021 margin 9.04->9.04 t=3.1s
[DONE] evaluation__9046__denoise__attack__nes__l0.5 calls=1021 margin 2.30->-10.59 t=2.8s
[DONE] evaluation__9046__denoise__restore__nes__l0.5 calls=1021 margin 2.30->2.30 t=3.1s
[DONE] evaluation__9046__denoise__confidence_boost__nes__l0.5 calls=1021 margin 2.30->11.36 t=2.7s
[DONE] evaluation__9046__deblur__attack__nes__l1 calls=1021 margin 11.21->-5.14 t=2.4s
[DONE] evaluation__9046__deblur__restore__nes__l1 calls=1021 margin 11.21->11.21 t=2.8s
[DONE] evaluation__9046__deblur__confidence_boost__nes__l1 calls=1021 margin 11.21->15.23 t=2.8s
[DONE] evaluation__1882__denoise__attack__nes__l0.5 calls=1021 margin 1.29->-11.28 t=2.5s
[DONE] evaluation__1882__denoise__restore__nes__l0.5 calls=1021 margin 1.29->1.29 t=2.5s
[DONE] evaluation__1882__denoise__confidence_boost__nes__l0.5 calls=1021 margin 1.29->10.64 t=3.0s
[DONE] evaluation__1882__deblur__attack__nes__l1 calls=1021 margin 11.01->-7.19 t=3.1s
[DONE] evaluation__1882__deblur__restore__nes__l1 calls=1021 margin 11.01->11.01 t=3.0s
[DONE] evaluation__1882__deblur__confidence_boost__nes__l1 calls=1021 margin 11.01->12.07 t=3.1s
[DONE] evaluation__7215__denoise__attack__nes__l0.5 calls=1021 margin 9.57->0.06 t=3.1s
[DONE] evaluation__7215__denoise__restore__nes__l0.5 calls=1021 margin 9.57->9.57 t=3.1s
[DONE] evaluation__7215__denoise__confidence_boost__nes__l0.5 calls=1021 margin 9.57->14.34 t=3.1s
[DONE] evaluation__7215__deblur__attack__nes__l1 calls=1021 margin 12.40->1.96 t=3.4s
[DONE] evaluation__7215__deblur__restore__nes__l1 calls=1021 margin 12.40->12.40 t=3.3s
[DONE] evaluation__7215__deblur__confidence_boost__nes__l1 calls=1021 margin 12.40->15.85 t=3.2s
[DONE] evaluation__1196__denoise__attack__nes__l0.5 calls=1021 margin 4.55->-8.01 t=3.2s
[DONE] evaluation__1196__denoise__restore__nes__l0.5 calls=1021 margin 4.55->4.98 t=3.6s
[DONE] evaluation__1196__denoise__confidence_boost__nes__l0.5 calls=1021 margin 4.55->11.87 t=3.8s
[DONE] evaluation__1196__deblur__attack__nes__l1 calls=1021 margin 12.88->-6.64 t=3.7s
[DONE] evaluation__1196__deblur__restore__nes__l1 calls=1021 margin 12.88->12.88 t=3.9s
[DONE] evaluation__1196__deblur__confidence_boost__nes__l1 calls=1021 margin 12.88->15.52 t=3.7s
[DONE] evaluation__4035__denoise__attack__nes__l0.5 calls=1021 margin 5.13->-5.20 t=3.6s
[DONE] evaluation__4035__denoise__restore__nes__l0.5 calls=1021 margin 5.13->5.13 t=3.8s
[DONE] evaluation__4035__denoise__confidence_boost__nes__l0.5 calls=1021 margin 5.13->11.65 t=3.6s
[DONE] evaluation__4035__deblur__attack__nes__l1 calls=1021 margin 10.68->-1.85 t=3.5s
[DONE] evaluation__4035__deblur__restore__nes__l1 calls=1021 margin 10.68->10.68 t=3.7s
[DONE] evaluation__4035__deblur__confidence_boost__nes__l1 calls=1021 margin 10.68->13.97 t=4.2s
[DONE] evaluation__8363__denoise__attack__nes__l0.5 calls=1021 margin 7.33->-3.86 t=3.2s
[DONE] evaluation__8363__denoise__restore__nes__l0.5 calls=1021 margin 7.33->7.33 t=3.6s
[DONE] evaluation__8363__denoise__confidence_boost__nes__l0.5 calls=1021 margin 7.33->12.76 t=3.5s
[DONE] evaluation__8363__deblur__attack__nes__l1 calls=1021 margin 2.74->-12.66 t=3.2s
[DONE] evaluation__8363__deblur__restore__nes__l1 calls=1021 margin 2.74->2.74 t=3.3s
[DONE] evaluation__8363__deblur__confidence_boost__nes__l1 calls=1021 margin 2.74->13.02 t=3.2s
[DONE] evaluation__3479__denoise__attack__nes__l0.5 calls=1021 margin 1.63->-11.72 t=3.4s
[DONE] evaluation__3479__denoise__restore__nes__l0.5 calls=1021 margin 1.63->1.63 t=3.2s
[DONE] evaluation__3479__denoise__confidence_boost__nes__l0.5 calls=1021 margin 1.63->11.40 t=3.4s
[DONE] evaluation__3479__deblur__attack__nes__l1 calls=1021 margin 1.72->-9.25 t=3.6s
[DONE] evaluation__3479__deblur__restore__nes__l1 calls=1021 margin 1.72->1.72 t=3.5s
[DONE] evaluation__3479__deblur__confidence_boost__nes__l1 calls=1021 margin 1.72->12.43 t=3.4s
[DONE] evaluation__6340__denoise__attack__nes__l0.5 calls=1021 margin 2.63->-9.10 t=3.3s
[DONE] evaluation__6340__denoise__restore__nes__l0.5 calls=1021 margin 2.63->2.63 t=3.1s
[DONE] evaluation__6340__denoise__confidence_boost__nes__l0.5 calls=1021 margin 2.63->11.33 t=3.1s
[DONE] evaluation__6340__deblur__attack__nes__l1 calls=1021 margin 6.91->-0.10 t=3.2s
[DONE] evaluation__6340__deblur__restore__nes__l1 calls=1021 margin 6.91->6.91 t=3.2s
[DONE] evaluation__6340__deblur__confidence_boost__nes__l1 calls=1021 margin 6.91->13.63 t=3.3s
[DONE] evaluation__1303__denoise__attack__nes__l0.5 calls=1021 margin 2.53->-8.82 t=3.5s
[DONE] evaluation__1303__denoise__restore__nes__l0.5 calls=1021 margin 2.53->2.53 t=3.4s
[DONE] evaluation__1303__denoise__confidence_boost__nes__l0.5 calls=1021 margin 2.53->11.41 t=3.3s
[DONE] evaluation__1303__deblur__attack__nes__l1 calls=1021 margin 6.20->-8.37 t=3.4s
[DONE] evaluation__1303__deblur__restore__nes__l1 calls=1021 margin 6.20->6.20 t=3.8s
[DONE] evaluation__1303__deblur__confidence_boost__nes__l1 calls=1021 margin 6.20->12.95 t=3.4s
[DONE] evaluation__4047__denoise__attack__nes__l0.5 calls=1021 margin 3.86->-11.49 t=3.2s
[DONE] evaluation__4047__denoise__restore__nes__l0.5 calls=1021 margin 3.86->3.86 t=3.5s
[DONE] evaluation__4047__denoise__confidence_boost__nes__l0.5 calls=1021 margin 3.86->12.75 t=3.7s
[DONE] evaluation__4047__deblur__attack__nes__l1 calls=1021 margin 5.77->-13.30 t=3.6s
[DONE] evaluation__4047__deblur__restore__nes__l1 calls=1021 margin 5.77->5.77 t=3.3s
[DONE] evaluation__4047__deblur__confidence_boost__nes__l1 calls=1021 margin 5.77->16.66 t=3.4s
[DONE] evaluation__8540__denoise__attack__nes__l0.5 calls=1021 margin 1.22->-14.75 t=3.6s
[DONE] evaluation__8540__denoise__restore__nes__l0.5 calls=1021 margin 1.22->1.22 t=3.3s
[DONE] evaluation__8540__denoise__confidence_boost__nes__l0.5 calls=1021 margin 1.22->11.16 t=3.5s
[DONE] evaluation__8540__deblur__attack__nes__l1 calls=1021 margin 11.66->-12.24 t=3.3s
[DONE] evaluation__8540__deblur__restore__nes__l1 calls=1021 margin 11.66->11.66 t=3.5s
[DONE] evaluation__8540__deblur__confidence_boost__nes__l1 calls=1021 margin 11.66->16.40 t=3.4s
[DONE] evaluation__2582__denoise__attack__nes__l0.5 calls=1021 margin 0.13->-12.13 t=3.3s
[DONE] evaluation__2582__denoise__restore__nes__l0.5 calls=1021 margin 0.13->0.13 t=3.1s
[DONE] evaluation__2582__denoise__confidence_boost__nes__l0.5 calls=1021 margin 0.13->9.57 t=3.2s
[DONE] evaluation__2582__deblur__attack__nes__l1 calls=1021 margin 10.15->-4.99 t=3.3s
[DONE] evaluation__2582__deblur__restore__nes__l1 calls=1021 margin 10.15->10.15 t=3.1s
[DONE] evaluation__2582__deblur__confidence_boost__nes__l1 calls=1021 margin 10.15->14.92 t=3.2s
[DONE] evaluation__6835__denoise__attack__nes__l0.5 calls=1021 margin 3.30->-11.91 t=3.0s
[DONE] evaluation__6835__denoise__restore__nes__l0.5 calls=1021 margin 3.30->3.30 t=3.3s
[DONE] evaluation__6835__denoise__confidence_boost__nes__l0.5 calls=1021 margin 3.30->11.21 t=2.9s
[DONE] evaluation__6835__deblur__attack__nes__l1 calls=1021 margin 7.18->-11.82 t=3.3s
[DONE] evaluation__6835__deblur__restore__nes__l1 calls=1021 margin 7.18->7.18 t=3.8s
[DONE] evaluation__6835__deblur__confidence_boost__nes__l1 calls=1021 margin 7.18->16.13 t=3.3s
[DONE] evaluation__1147__denoise__attack__nes__l0.5 calls=1021 margin 6.29->-8.84 t=3.1s
[DONE] evaluation__1147__denoise__restore__nes__l0.5 calls=1021 margin 6.29->6.32 t=3.2s
[DONE] evaluation__1147__denoise__confidence_boost__nes__l0.5 calls=1021 margin 6.29->14.34 t=3.3s
[DONE] evaluation__1147__deblur__attack__nes__l1 calls=1021 margin 2.24->-9.28 t=3.2s
[DONE] evaluation__1147__deblur__restore__nes__l1 calls=1021 margin 2.24->2.24 t=3.2s
[DONE] evaluation__1147__deblur__confidence_boost__nes__l1 calls=1021 margin 2.24->14.28 t=3.5s
[DONE] evaluation__4746__denoise__attack__nes__l0.5 calls=1021 margin 11.29->0.09 t=3.0s
[DONE] evaluation__4746__denoise__restore__nes__l0.5 calls=1021 margin 11.29->11.29 t=3.2s
[DONE] evaluation__4746__denoise__confidence_boost__nes__l0.5 calls=1021 margin 11.29->16.46 t=3.0s
[DONE] evaluation__4746__deblur__attack__nes__l1 calls=1021 margin 8.92->-5.51 t=2.7s
[DONE] evaluation__4746__deblur__restore__nes__l1 calls=1021 margin 8.92->8.92 t=3.2s
[DONE] evaluation__4746__deblur__confidence_boost__nes__l1 calls=1021 margin 8.92->16.26 t=3.0s
[DONE] evaluation__8184__denoise__attack__nes__l0.5 calls=1021 margin 7.82->-7.48 t=3.1s
[DONE] evaluation__8184__denoise__restore__nes__l0.5 calls=1021 margin 7.82->7.82 t=3.1s
[DONE] evaluation__8184__denoise__confidence_boost__nes__l0.5 calls=1021 margin 7.82->14.22 t=3.2s
[DONE] evaluation__8184__deblur__attack__nes__l1 calls=1021 margin 1.83->-12.05 t=3.3s
[DONE] evaluation__8184__deblur__restore__nes__l1 calls=1021 margin 1.83->1.83 t=3.2s
[DONE] evaluation__8184__deblur__confidence_boost__nes__l1 calls=1021 margin 1.83->14.24 t=3.2s
[DONE] evaluation__3482__denoise__attack__nes__l0.5 calls=1021 margin 0.54->-8.83 t=3.6s
[DONE] evaluation__3482__denoise__restore__nes__l0.5 calls=1021 margin 0.54->0.70 t=3.2s
[DONE] evaluation__3482__denoise__confidence_boost__nes__l0.5 calls=1021 margin 0.54->10.49 t=3.3s
[DONE] evaluation__3482__deblur__attack__nes__l1 calls=1021 margin 7.64->-9.82 t=3.6s
[DONE] evaluation__3482__deblur__restore__nes__l1 calls=1021 margin 7.64->7.64 t=3.7s
[DONE] evaluation__3482__deblur__confidence_boost__nes__l1 calls=1021 margin 7.64->11.24 t=3.4s
[DONE] evaluation__5675__denoise__attack__nes__l0.5 calls=1021 margin 3.75->-9.40 t=3.0s
[DONE] evaluation__5675__denoise__restore__nes__l0.5 calls=1021 margin 3.75->3.75 t=2.9s
[DONE] evaluation__5675__denoise__confidence_boost__nes__l0.5 calls=1021 margin 3.75->13.79 t=3.1s
[DONE] evaluation__5675__deblur__attack__nes__l1 calls=1021 margin 9.35->-4.55 t=3.1s
[DONE] evaluation__5675__deblur__restore__nes__l1 calls=1021 margin 9.35->9.35 t=3.2s
[DONE] evaluation__5675__deblur__confidence_boost__nes__l1 calls=1021 margin 9.35->14.98 t=3.3s
[DONE] evaluation__939__denoise__attack__nes__l0.5 calls=1021 margin 2.39->-8.55 t=3.6s
[DONE] evaluation__939__denoise__restore__nes__l0.5 calls=1021 margin 2.39->2.35 t=3.6s
[DONE] evaluation__939__denoise__confidence_boost__nes__l0.5 calls=1021 margin 2.39->9.57 t=3.4s
[DONE] evaluation__939__deblur__attack__nes__l1 calls=1021 margin 8.23->-6.49 t=3.2s
[DONE] evaluation__939__deblur__restore__nes__l1 calls=1021 margin 8.23->8.23 t=3.6s
[DONE] evaluation__939__deblur__confidence_boost__nes__l1 calls=1021 margin 8.23->12.89 t=3.5s
[DONE] evaluation__3817__denoise__attack__nes__l0.5 calls=1021 margin 3.74->-6.66 t=3.5s
[DONE] evaluation__3817__denoise__restore__nes__l0.5 calls=1021 margin 3.74->3.74 t=3.2s
[DONE] evaluation__3817__denoise__confidence_boost__nes__l0.5 calls=1021 margin 3.74->9.95 t=3.1s
[DONE] evaluation__3817__deblur__attack__nes__l1 calls=1021 margin 9.52->-4.84 t=3.2s
[DONE] evaluation__3817__deblur__restore__nes__l1 calls=1021 margin 9.52->9.52 t=3.3s
[DONE] evaluation__3817__deblur__confidence_boost__nes__l1 calls=1021 margin 9.52->15.13 t=3.1s
[DONE] evaluation__7261__denoise__attack__nes__l0.5 calls=1021 margin 4.17->-8.01 t=3.4s
[DONE] evaluation__7261__denoise__restore__nes__l0.5 calls=1021 margin 4.17->4.17 t=3.0s
[DONE] evaluation__7261__denoise__confidence_boost__nes__l0.5 calls=1021 margin 4.17->9.56 t=2.8s
[DONE] evaluation__7261__deblur__attack__nes__l1 calls=1021 margin 1.39->-9.02 t=3.1s
[DONE] evaluation__7261__deblur__restore__nes__l1 calls=1021 margin 1.39->1.39 t=3.2s
[DONE] evaluation__7261__deblur__confidence_boost__nes__l1 calls=1021 margin 1.39->13.29 t=3.2s
[DONE] evaluation__3368__denoise__attack__nes__l0.5 calls=1021 margin 3.09->-7.53 t=3.3s
[DONE] evaluation__3368__denoise__restore__nes__l0.5 calls=1021 margin 3.09->3.09 t=3.3s
[DONE] evaluation__3368__denoise__confidence_boost__nes__l0.5 calls=1021 margin 3.09->10.02 t=3.0s
[DONE] evaluation__3368__deblur__attack__nes__l1 calls=1021 margin 6.11->-10.32 t=3.6s
[DONE] evaluation__3368__deblur__restore__nes__l1 calls=1021 margin 6.11->6.11 t=3.3s
[DONE] evaluation__3368__deblur__confidence_boost__nes__l1 calls=1021 margin 6.11->11.32 t=3.6s
[DONE] evaluation__8312__denoise__attack__nes__l0.5 calls=1021 margin 6.02->-7.99 t=3.1s
[DONE] evaluation__8312__denoise__restore__nes__l0.5 calls=1021 margin 6.02->6.02 t=3.0s
[DONE] evaluation__8312__denoise__confidence_boost__nes__l0.5 calls=1021 margin 6.02->11.07 t=2.8s
[DONE] evaluation__8312__deblur__attack__nes__l1 calls=1021 margin 1.32->-7.27 t=3.0s
[DONE] evaluation__8312__deblur__restore__nes__l1 calls=1021 margin 1.32->1.32 t=3.2s
[DONE] evaluation__8312__deblur__confidence_boost__nes__l1 calls=1021 margin 1.32->12.68 t=3.0s
[DONE] fit__1851__denoise__attack__nes__l0.5 calls=1021 margin 3.02->-5.05 t=3.0s
[DONE] fit__1851__denoise__restore__nes__l0.5 calls=1021 margin 3.02->3.18 t=3.0s
[DONE] fit__1851__denoise__confidence_boost__nes__l0.5 calls=1021 margin 3.02->9.57 t=3.1s
[DONE] fit__1851__deblur__attack__nes__l1 calls=1021 margin 5.48->-4.43 t=2.9s
[DONE] fit__1851__deblur__restore__nes__l1 calls=1021 margin 5.48->6.88 t=2.6s
[DONE] fit__1851__deblur__confidence_boost__nes__l1 calls=1021 margin 5.48->11.97 t=3.3s
[DONE] fit__9749__denoise__attack__nes__l0.5 calls=1021 margin 7.42->-4.61 t=3.3s
[DONE] fit__9749__denoise__restore__nes__l0.5 calls=1021 margin 7.42->7.26 t=3.1s
[DONE] fit__9749__denoise__confidence_boost__nes__l0.5 calls=1021 margin 7.42->13.63 t=3.1s
[DONE] fit__9749__deblur__attack__nes__l1 calls=1021 margin 9.88->-6.63 t=3.1s
[DONE] fit__9749__deblur__restore__nes__l1 calls=1021 margin 9.88->9.88 t=3.0s
[DONE] fit__9749__deblur__confidence_boost__nes__l1 calls=1021 margin 9.88->15.54 t=3.0s
[DONE] fit__7329__denoise__attack__nes__l0.5 calls=1021 margin 0.07->-9.88 t=3.3s
[DONE] fit__7329__denoise__restore__nes__l0.5 calls=1021 margin 0.07->0.07 t=3.1s
[DONE] fit__7329__denoise__confidence_boost__nes__l0.5 calls=1021 margin 0.07->9.06 t=3.1s
[DONE] fit__7329__deblur__attack__nes__l1 calls=1021 margin 3.88->-12.00 t=3.3s
[DONE] fit__7329__deblur__restore__nes__l1 calls=1021 margin 3.88->3.88 t=3.2s
[DONE] fit__7329__deblur__confidence_boost__nes__l1 calls=1021 margin 3.88->12.39 t=3.1s
[DONE] fit__5133__denoise__attack__nes__l0.5 calls=1021 margin 7.07->-10.33 t=3.1s
[DONE] fit__5133__denoise__restore__nes__l0.5 calls=1021 margin 7.07->7.07 t=2.9s
[DONE] fit__5133__denoise__confidence_boost__nes__l0.5 calls=1021 margin 7.07->13.16 t=3.3s
[DONE] fit__5133__deblur__attack__nes__l1 calls=1021 margin 11.14->-9.91 t=3.3s
[DONE] fit__5133__deblur__restore__nes__l1 calls=1021 margin 11.14->11.14 t=3.3s
[DONE] fit__5133__deblur__confidence_boost__nes__l1 calls=1021 margin 11.14->16.76 t=3.5s
[DONE] fit__2963__denoise__attack__nes__l0.5 calls=1021 margin 5.35->-5.74 t=3.4s
[DONE] fit__2963__denoise__restore__nes__l0.5 calls=1021 margin 5.35->4.91 t=3.2s
[DONE] fit__2963__denoise__confidence_boost__nes__l0.5 calls=1021 margin 5.35->12.35 t=3.4s
[DONE] fit__2963__deblur__attack__nes__l1 calls=1021 margin 7.93->-4.01 t=3.2s
[DONE] fit__2963__deblur__restore__nes__l1 calls=1021 margin 7.93->7.93 t=3.0s
[DONE] fit__2963__deblur__confidence_boost__nes__l1 calls=1021 margin 7.93->13.98 t=2.7s
[DONE] fit__1544__denoise__attack__nes__l0.5 calls=1021 margin 2.56->-10.96 t=3.0s
[DONE] fit__1544__denoise__restore__nes__l0.5 calls=1021 margin 2.56->2.56 t=3.1s
[DONE] fit__1544__denoise__confidence_boost__nes__l0.5 calls=1021 margin 2.56->11.92 t=3.2s
[DONE] fit__1544__deblur__attack__nes__l1 calls=1021 margin 7.38->-9.49 t=3.2s
[DONE] fit__1544__deblur__restore__nes__l1 calls=1021 margin 7.38->7.38 t=3.2s
[DONE] fit__1544__deblur__confidence_boost__nes__l1 calls=1021 margin 7.38->17.33 t=3.3s
[DONE] fit__7325__denoise__attack__nes__l0.5 calls=1021 margin 6.45->-7.92 t=3.1s
[DONE] fit__7325__denoise__restore__nes__l0.5 calls=1021 margin 6.45->6.45 t=3.1s
[DONE] fit__7325__denoise__confidence_boost__nes__l0.5 calls=1021 margin 6.45->14.62 t=3.2s
[DONE] fit__7325__deblur__attack__nes__l1 calls=1021 margin 9.01->-8.68 t=3.0s
[DONE] fit__7325__deblur__restore__nes__l1 calls=1021 margin 9.01->9.01 t=3.0s
[DONE] fit__7325__deblur__confidence_boost__nes__l1 calls=1021 margin 9.01->15.97 t=3.2s
[DONE] fit__6690__denoise__attack__nes__l0.5 calls=1021 margin 0.59->-13.94 t=3.2s
[DONE] fit__6690__denoise__restore__nes__l0.5 calls=1021 margin 0.59->0.59 t=3.5s
[DONE] fit__6690__denoise__confidence_boost__nes__l0.5 calls=1021 margin 0.59->12.50 t=3.4s
[DONE] fit__6690__deblur__attack__nes__l1 calls=1021 margin 9.49->-6.30 t=4.7s
[DONE] fit__6690__deblur__restore__nes__l1 calls=1021 margin 9.49->9.49 t=4.6s
[DONE] fit__6690__deblur__confidence_boost__nes__l1 calls=1021 margin 9.49->14.97 t=5.1s
[DONE] fit__4702__denoise__attack__nes__l0.5 calls=1021 margin 9.28->-2.57 t=4.0s
[DONE] fit__4702__denoise__restore__nes__l0.5 calls=1021 margin 9.28->8.93 t=3.6s
[DONE] fit__4702__denoise__confidence_boost__nes__l0.5 calls=1021 margin 9.28->14.12 t=3.3s
[DONE] fit__4702__deblur__attack__nes__l1 calls=1021 margin 14.72->7.33 t=3.2s
[DONE] fit__4702__deblur__restore__nes__l1 calls=1021 margin 14.72->14.72 t=3.7s
[DONE] fit__4702__deblur__confidence_boost__nes__l1 calls=1021 margin 14.72->16.11 t=3.7s
[DONE] fit__3116__denoise__attack__nes__l0.5 calls=1021 margin 3.05->-10.05 t=3.4s
[DONE] fit__3116__denoise__restore__nes__l0.5 calls=1021 margin 3.05->3.63 t=3.6s
[DONE] fit__3116__denoise__confidence_boost__nes__l0.5 calls=1021 margin 3.05->11.80 t=3.7s
[DONE] fit__3116__deblur__attack__nes__l1 calls=1021 margin 5.37->-13.03 t=3.5s
[DONE] fit__3116__deblur__restore__nes__l1 calls=1021 margin 5.37->5.37 t=3.7s
[DONE] fit__3116__deblur__confidence_boost__nes__l1 calls=1021 margin 5.37->13.86 t=3.7s
[DONE] fit__1358__denoise__attack__nes__l0.5 calls=1021 margin 5.70->-11.58 t=3.3s
[DONE] fit__1358__denoise__restore__nes__l0.5 calls=1021 margin 5.70->5.70 t=3.2s
[DONE] fit__1358__denoise__confidence_boost__nes__l0.5 calls=1021 margin 5.70->13.40 t=3.3s
[DONE] fit__1358__deblur__attack__nes__l1 calls=1021 margin 10.56->1.35 t=3.2s
[DONE] fit__1358__deblur__restore__nes__l1 calls=1021 margin 10.56->10.56 t=3.0s
[DONE] fit__1358__deblur__confidence_boost__nes__l1 calls=1021 margin 10.56->16.96 t=3.5s
[DONE] fit__9101__denoise__attack__nes__l0.5 calls=1021 margin 0.96->-7.90 t=3.0s
[DONE] fit__9101__denoise__restore__nes__l0.5 calls=1021 margin 0.96->0.96 t=3.0s
[DONE] fit__9101__denoise__confidence_boost__nes__l0.5 calls=1021 margin 0.96->8.11 t=3.1s
[DONE] fit__9101__deblur__attack__nes__l1 calls=1021 margin 11.72->-7.66 t=3.4s
[DONE] fit__9101__deblur__restore__nes__l1 calls=1021 margin 11.72->11.72 t=3.4s
[DONE] fit__9101__deblur__confidence_boost__nes__l1 calls=1021 margin 11.72->14.49 t=3.6s
[DONE] fit__7297__denoise__attack__nes__l0.5 calls=1021 margin 4.29->-12.03 t=3.0s
[DONE] fit__7297__denoise__restore__nes__l0.5 calls=1021 margin 4.29->4.29 t=3.3s
[DONE] fit__7297__denoise__confidence_boost__nes__l0.5 calls=1021 margin 4.29->11.30 t=3.0s
[DONE] fit__7297__deblur__attack__nes__l1 calls=1021 margin 7.21->-10.97 t=3.2s
[DONE] fit__7297__deblur__restore__nes__l1 calls=1021 margin 7.21->7.21 t=3.1s
[DONE] fit__7297__deblur__confidence_boost__nes__l1 calls=1021 margin 7.21->12.85 t=3.2s
