[DONE] evaluation__4126__denoise__attack__nes__l0.5 calls=1021 margin 4.25->-4.92 t=3.2s
[DONE] evaluation__4126__denoise__restore__nes__l0.5 calls=1021 margin 4.25->4.12 t=2.9s
[DONE] evaluation__4126__denoise__confidence_boost__nes__l0.5 calls=1021 margin 4.25->10.83 t=2.9s
[DONE] evaluation__4126__deblur__attack__nes__l1 calls=1021 margin 3.11->-5.66 t=3.1s
[DONE] evaluation__4126__deblur__restore__nes__l1 calls=1021 margin 3.11->3.11 t=3.5s
[DONE] evaluation__4126__deblur__confidence_boost__nes__l1 calls=1021 margin 3.11->10.66 t=3.6s
[DONE] evaluation__8884__denoise__attack__nes__l0.5 calls=1021 margin 5.96->-9.09 t=3.2s
[DONE] evaluation__8884__denoise__restore__nes__l0.5 calls=1021 margin 5.96->5.96 t=3.4s
[DONE] evaluation__8884__denoise__confidence_boost__nes__l0.5 calls=1021 margin 5.96->13.77 t=3.4s
[DONE] evaluation__8884__deblur__attack__nes__l1 calls=1021 margin 8.51->-11.96 t=3.4s
[DONE] evaluation__8884__deblur__restore__nes__l1 calls=1021 margin 8.51->8.51 t=3.4s
[DONE] evaluation__8884__deblur__confidence_boost__nes__l1 calls=1021 margin 8.51->16.15 t=3.4s
[DONE] evaluation__122__denoise__attack__nes__l0.5 calls=1021 margin 3.74->-8.75 t=3.4s
[DONE] evaluation__122__denoise__restore__nes__l0.5 calls=1021 margin 3.74->3.74 t=3.7s
[DONE] evaluation__122__denoise__confidence_boost__nes__l0.5 calls=1021 margin 3.74->11.87 t=3.2s
[DONE] evaluation__122__deblur__attack__nes__l1 calls=1021 margin 6.59->-9.15 t=2.8s
[DONE] evaluation__122__deblur__restore__nes__l1 calls=1021 margin 6.59->6.59 t=3.2s
[DONE] evaluation__122__deblur__confidence_boost__nes__l1 calls=1021 margin 6.59->12.24 t=3.2s
[DONE] evaluation__5245__denoise__attack__nes__l0.5 calls=1021 margin 9.81->2.02 t=3.2s
[DONE] evaluation__5245__denoise__restore__nes__l0.5 calls=1021 margin 9.81->8.41 t=3.3s
[DONE] evaluation__5245__denoise__confidence_boost__nes__l0.5 calls=1021 margin 9.81->13.88 t=3.1s
[DONE] evaluation__5245__deblur__attack__nes__l1 calls=1021 margin 11.62->1.85 t=3.1s
[DONE] evaluation__5245__deblur__restore__nes__l1 calls=1021 margin 11.62->11.59 t=3.0s
[DONE] evaluation__5245__deblur__confidence_boost__nes__l1 calls=1021 margin 11.62->14.43 t=3.1s
[DONE] evaluation__8503__denoise__attack__nes__l0.5 calls=1021 margin 1.23->-8.61 t=3.2s
[DONE] evaluation__8503__denoise__restore__nes__l0.5 calls=1021 margin 1.23->1.23 t=3.2s
[DONE] evaluation__8503__denoise__confidence_boost__nes__l0.5 calls=1021 margin 1.23->7.66 t=3.3s
[DONE] evaluation__8503__deblur__attack__nes__l1 calls=1021 margin 5.89->-6.62 t=2.8s
[DONE] evaluation__8503__deblur__restore__nes__l1 calls=1021 margin 5.89->5.89 t=2.9s
[DONE] evaluation__8503__deblur__confidence_boost__nes__l1 calls=1021 margin 5.89->10.65 t=3.2s
[DONE] evaluation__3313__denoise__attack__nes__l0.5 calls=1021 margin 10.67->-5.97 t=3.2s
[DONE] evaluation__3313__denoise__restore__nes__l0.5 calls=1021 margin 10.67->10.67 t=3.1s
[DONE] evaluation__3313__denoise__confidence_boost__nes__l0.5 calls=1021 margin 10.67->15.54 t=3.1s
[DONE] evaluation__3313__deblur__attack__nes__l1 calls=1021 margin 13.40->-6.72 t=3.1s
[DONE] evaluation__3313__deblur__restore__nes__l1 calls=1021 margin 13.40->13.40 t=2.8s
[DONE] evaluation__3313__deblur__confidence_boost__nes__l1 calls=1021 margin 13.40->17.46 t=3.0s
[DONE] evaluation__7340__denoise__attack__nes__l0.5 calls=1021 margin 2.73->-11.67 t=3.0s
[DONE] evaluation__7340__denoise__restore__nes__l0.5 calls=1021 margin 2.73->2.73 t=3.1s
[DONE] evaluation__7340__denoise__confidence_boost__nes__l0.5 calls=1021 margin 2.73->11.86 t=3.1s
[DONE] evaluation__7340__deblur__attack__nes__l1 calls=1021 margin 8.76->-13.27 t=3.1s
[DONE] evaluation__7340__deblur__restore__nes__l1 calls=1021 margin 8.76->8.76 t=2.9s
[DONE] evaluation__7340__deblur__confidence_boost__nes__l1 calls=1021 margin 8.76->14.47 t=3.1s
[DONE] evaluation__1603__denoise__attack__nes__l0.5 calls=1021 margin 0.13->-10.71 t=2.9s
[DONE] evaluation__1603__denoise__restore__nes__l0.5 calls=1021 margin 0.13->0.13 t=3.2s
[DONE] evaluation__1603__denoise__confidence_boost__nes__l0.5 calls=1021 margin 0.13->9.01 t=3.3s
[DONE] evaluation__1603__deblur__attack__nes__l1 calls=1021 margin 5.62->-8.55 t=3.1s
[DONE] evaluation__1603__deblur__restore__nes__l1 calls=1021 margin 5.62->5.62 t=3.0s
[DONE] evaluation__1603__deblur__confidence_boost__nes__l1 calls=1021 margin 5.62->12.31 t=3.2s
[DONE] evaluation__5732__denoise__attack__nes__l0.5 calls=1021 margin 4.26->-6.31 t=3.1s
[DONE] evaluation__5732__denoise__restore__nes__l0.5 calls=1021 margin 4.26->3.88 t=3.3s
[DONE] evaluation__5732__denoise__confidence_boost__nes__l0.5 calls=1021 margin 4.26->11.76 t=3.2s
[DONE] evaluation__5732__deblur__attack__nes__l1 calls=1021 margin 6.00->-10.77 t=3.3s
[DONE] evaluation__5732__deblur__restore__nes__l1 calls=1021 margin 6.00->6.00 t=3.2s
[DONE] evaluation__5732__deblur__confidence_boost__nes__l1 calls=1021 margin 6.00->14.52 t=3.0s
[DONE] evaluation__8739__denoise__attack__nes__l0.5 calls=1021 margin 3.66->-8.68 t=3.2s
[DONE] evaluation__8739__denoise__restore__nes__l0.5 calls=1021 margin 3.66->3.11 t=3.2s
[DONE] evaluation__8739__denoise__confidence_boost__nes__l0.5 calls=1021 margin 3.66->12.44 t=3.3s
[DONE] evaluation__8739__deblur__attack__nes__l1 calls=1021 margin 5.77->-9.91 t=3.0s
[DONE] evaluation__8739__deblur__restore__nes__l1 calls=1021 margin 5.77->5.77 t=2.9s
[DONE] evaluation__8739__deblur__confidence_boost__nes__l1 calls=1021 margin 5.77->13.28 t=2.9s
[DONE] evaluation__3809__denoise__attack__nes__l0.5 calls=1021 margin 1.50->-9.89 t=3.3s
[DONE] evaluation__3809__denoise__restore__nes__l0.5 calls=1021 margin 1.50->1.50 t=3.3s
[DONE] evaluation__3809__denoise__confidence_boost__nes__l0.5 calls=1021 margin 1.50->10.95 t=3.7s
[DONE] evaluation__3809__deblur__attack__nes__l1 calls=1021 margin 7.89->-11.70 t=3.6s
[DONE] evaluation__3809__deblur__restore__nes__l1 calls=1021 margin 7.89->7.89 t=3.7s
[DONE] evaluation__3809__deblur__confidence_boost__nes__l1 calls=1021 margin 7.89->15.33 t=3.4s
[DONE] evaluation__7916__denoise__attack__nes__l0.5 calls=1021 margin 5.12->-2.11 t=3.2s
[DONE] evaluation__7916__denoise__restore__nes__l0.5 calls=1021 margin 5.12->5.12 t=3.5s
[DONE] evaluation__7916__denoise__confidence_boost__nes__l0.5 calls=1021 margin 5.12->10.56 t=3.2s
[DONE] evaluation__7916__deblur__attack__nes__l1 calls=1021 margin 2.65->-4.55 t=3.3s
[DONE] evaluation__7916__deblur__restore__nes__l1 calls=1021 margin 2.65->2.65 t=3.0s
[DONE] evaluation__7916__deblur__confidence_boost__nes__l1 calls=1021 margin 2.65->13.25 t=3.2s
[DONE] evaluation__1745__denoise__attack__nes__l0.5 calls=1021 margin 3.11->-8.57 t=2.8s
[DONE] evaluation__1745__denoise__restore__nes__l0.5 calls=1021 margin 3.11->3.11 t=3.0s
[DONE] evaluation__1745__denoise__confidence_boost__nes__l0.5 calls=1021 margin 3.11->9.03 t=3.0s
[DONE] evaluation__1745__deblur__attack__nes__l1 calls=1021 margin 5.99->-7.41 t=3.1s
[DONE] evaluation__1745__deblur__restore__nes__l1 calls=1021 margin 5.99->5.99 t=3.2s
[DONE] evaluation__1745__deblur__confidence_boost__nes__l1 calls=1021 margin 5.99->13.45 t=3.1s
[DONE] evaluation__5947__denoise__attack__nes__l0.5 calls=1021 margin 7.93->-6.63 t=3.5s
[DONE] evaluation__5947__denoise__restore__nes__l0.5 calls=1021 margin 7.93->7.93 t=3.1s
[DONE] evaluation__5947__denoise__confidence_boost__nes__l0.5 calls=1021 margin 7.93->13.24 t=3.1s
[DONE] evaluation__5947__deblur__attack__nes__l1 calls=1021 margin 3.56->-8.25 t=3.2s
[DONE] evaluation__5947__deblur__restore__nes__l1 calls=1021 margin 3.56->3.56 t=3.0s
[DONE] evaluation__5947__deblur__confidence_boost__nes__l1 calls=1021 margin 3.56->13.36 t=3.2s
[DONE] evaluation__9540__denoise__attack__nes__l0.5 calls=1021 margin 4.97->-6.61 t=3.1s
[DONE] evaluation__9540__denoise__restore__nes__l0.5 calls=1021 margin 4.97->4.97 t=3.3s
[DONE] evaluation__9540__denoise__confidence_boost__nes__l0.5 calls=1021 margin 4.97->11.83 t=3.1s
[DONE] evaluation__9540__deblur__attack__nes__l1 calls=1021 margin 9.42->-8.46 t=3.3s
[DONE] evaluation__9540__deblur__restore__nes__l1 calls=1021 margin 9.42->9.42 t=3.2s
[DONE] evaluation__9540__deblur__confidence_boost__nes__l1 calls=1021 margin 9.42->15.19 t=3.2s
[DONE] evaluation__4127__denoise__attack__nes__l0.5 calls=1021 margin 6.54->-2.35 t=3.2s
[DONE] evaluation__4127__denoise__restore__nes__l0.5 calls=1021 margin 6.54->6.54 t=3.0s
[DONE] evaluation__4127__denoise__confidence_boost__nes__l0.5 calls=1021 margin 6.54->12.68 t=3.3s
[DONE] evaluation__4127__deblur__attack__nes__l1 calls=1021 margin 3.01->-10.19 t=2.9s
[DONE] evaluation__4127__deblur__restore__nes__l1 calls=1021 margin 3.01->3.01 t=3.1s
[DONE] evaluation__4127__deblur__confidence_boost__nes__l1 calls=1021 margin 3.01->14.07 t=2.9s
[DONE] evaluation__7337__denoise__attack__nes__l0.5 calls=1021 margin 3.22->-6.49 t=3.1s
[DONE] evaluation__7337__denoise__restore__nes__l0.5 calls=1021 margin 3.22->3.22 t=3.2s
[DONE] evaluation__7337__denoise__confidence_boost__nes__l0.5 calls=1021 margin 3.22->13.10 t=2.9s
[DONE] evaluation__7337__deblur__attack__nes__l1 calls=1021 margin 13.81->-7.85 t=3.0s
[DONE] evaluation__7337__deblur__restore__nes__l1 calls=1021 margin 13.81->13.81 t=2.9s
[DONE] evaluation__7337__deblur__confidence_boost__nes__l1 calls=1021 margin 13.81->13.81 t=3.1s
[DONE] evaluation__1966__denoise__attack__nes__l0.5 calls=1021 margin 4.87->-9.67 t=3.2s
[DONE] evaluation__1966__denoise__restore__nes__l0.5 calls=1021 margin 4.87->4.87 t=3.1s
[DONE] evaluation__1966__denoise__confidence_boost__nes__l0.5 calls=1021 margin 4.87->11.71 t=3.3s
[DONE] evaluation__1966__deblur__attack__nes__l1 calls=1021 margin 9.50->-8.81 t=3.0s
[DONE] evaluation__1966__deblur__restore__nes__l1 calls=1021 margin 9.50->9.50 t=3.3s
[DONE] evaluation__1966__deblur__confidence_boost__nes__l1 calls=1021 margin 9.50->13.74 t=3.1s
[DONE] evaluation__5246__denoise__attack__nes__l0.5 calls=1021 margin 5.68->-7.22 t=2.9s
[DONE] evaluation__5246__denoise__restore__nes__l0.5 calls=1021 margin 5.68->6.38 t=2.9s
[DONE] evaluation__5246__denoise__confidence_boost__nes__l0.5 calls=1021 margin 5.68->14.25 t=3.0s
[DONE] evaluation__5246__deblur__attack__nes__l1 calls=1021 margin 8.58->-8.55 t=3.0s
[DONE] evaluation__5246__deblur__restore__nes__l1 calls=1021 margin 8.58->8.58 t=3.1s
[DONE] evaluation__5246__deblur__confidence_boost__nes__l1 calls=1021 margin 8.58->14.79 t=2.9s
[DONE] evaluation__8466__denoise__attack__nes__l0.5 calls=1021 margin 3.74->-5.35 t=3.0s
[DONE] evaluation__8466__denoise__restore__nes__l0.5 calls=1021 margin 3.74->3.89 t=3.1s
[DONE] evaluation__8466__denoise__confidence_boost__nes__l0.5 calls=1021 margin 3.74->10.47 t=3.2s
[DONE] evaluation__8466__deblur__attack__nes__l1 calls=1021 margin 9.87->-7.01 t=3.4s
[DONE] evaluation__8466__deblur__restore__nes__l1 calls=1021 margin 9.87->9.87 t=3.1s
[DONE] evaluation__8466__deblur__confidence_boost__nes__l1 calls=1021 margin 9.87->15.76 t=2.8s
[DONE] evaluation__2196__denoise__attack__nes__l0.5 calls=1021 margin 0.27->-10.31 t=2.9s
[DONE] evaluation__2196__denoise__restore__nes__l0.5 calls=1021 margin 0.27->0.09 t=3.1s
[DONE] evaluation__2196__denoise__confidence_boost__nes__l0.5 calls=1021 margin 0.27->10.31 t=3.0s
[DONE] evaluation__2196__deblur__attack__nes__l1 calls=1021 margin 11.40->-7.48 t=3.0s
[DONE] evaluation__2196__deblur__restore__nes__l1 calls=1021 margin 11.40->11.40 t=3.0s
[DONE] evaluation__2196__deblur__confidence_boost__nes__l1 calls=1021 margin 11.40->15.80 t=3.1s
[DONE] evaluation__5383__denoise__attack__nes__l0.5 calls=1021 margin 4.63->-4.19 t=3.0s
[DONE] evaluation__5383__denoise__restore__nes__l0.5 calls=1021 margin 4.63->5.20 t=3.1s
[DONE] evaluation__5383__denoise__confidence_boost__nes__l0.5 calls=1021 margin 4.63->11.23 t=2.9s
[DONE] evaluation__5383__deblur__attack__nes__l1 calls=1021 margin 8.43->-8.54 t=3.1s
[DONE] evaluation__5383__deblur__restore__nes__l1 calls=1021 margin 8.43->8.43 t=3.2s
[DONE] evaluation__5383__deblur__confidence_boost__nes__l1 calls=1021 margin 8.43->15.05 t=3.1s
[DONE] evaluation__1654__denoise__attack__nes__l0.5 calls=1021 margin 3.39->-5.04 t=3.0s
[DONE] evaluation__1654__denoise__restore__nes__l0.5 calls=1021 margin 3.39->3.44 t=3.2s
[DONE] evaluation__1654__denoise__confidence_boost__nes__l0.5 calls=1021 margin 3.39->9.34 t=3.0s
[DONE] evaluation__1654__deblur__attack__nes__l1 calls=1021 margin 4.10->-11.79 t=3.0s
[DONE] evaluation__1654__deblur__restore__nes__l1 calls=1021 margin 4.10->3.04 t=3.0s
[DONE] evaluation__1654__deblur__confidence_boost__nes__l1 calls=1021 margin 4.10->12.02 t=2.9s
[DONE] evaluation__6724__denoise__attack__nes__l0.5 calls=1021 margin 3.16->-10.32 t=3.0s
[DONE] evaluation__6724__denoise__restore__nes__l0.5 calls=1021 margin 3.16->2.72 t=3.1s
[DONE] evaluation__6724__denoise__confidence_boost__nes__l0.5 calls=1021 margin 3.16->11.07 t=3.2s
[DONE] evaluation__6724__deblur__attack__nes__l1 calls=1021 margin 8.31->-7.32 t=2.9s
[DONE] evaluation__6724__deblur__restore__nes__l1 calls=1021 margin 8.31->8.31 t=2.9s
[DONE] evaluation__6724__deblur__confidence_boost__nes__l1 calls=1021 margin 8.31->13.60 t=3.3s
[DONE] evaluation__9247__denoise__attack__nes__l0.5 calls=1021 margin 6.08->-7.53 t=3.3s
[DONE] evaluation__9247__denoise__restore__nes__l0.5 calls=1021 margin 6.08->5.79 t=3.4s
[DONE] evaluation__9247__denoise__confidence_boost__nes__l0.5 calls=1021 margin 6.08->12.88 t=2.9s
[DONE] evaluation__9247__deblur__attack__nes__l1 calls=1021 margin 11.74->-5.37 t=2.8s
[DONE] evaluation__9247__deblur__restore__nes__l1 calls=1021 margin 11.74->11.74 t=3.1s
[DONE] evaluation__9247__deblur__confidence_boost__nes__l1 calls=1021 margin 11.74->15.17 t=3.2s
[DONE] fit__6772__denoise__attack__nes__l0.5 calls=1021 margin 2.57->-9.46 t=3.2s
[DONE] fit__6772__denoise__restore__nes__l0.5 calls=1021 margin 2.57->2.57 t=3.1s
[DONE] fit__6772__denoise__confidence_boost__nes__l0.5 calls=1021 margin 2.57->12.53 t=2.9s
[DONE] fit__6772__deblur__attack__nes__l1 calls=1021 margin 4.90->-10.60 t=3.7s
[DONE] fit__6772__deblur__restore__nes__l1 calls=1021 margin 4.90->4.90 t=2.8s
[DONE] fit__6772__deblur__confidence_boost__nes__l1 calls=1021 margin 4.90->15.18 t=3.2s
[DONE] fit__4954__denoise__attack__nes__l0.5 calls=1021 margin 0.45->-11.99 t=3.2s
[DONE] fit__4954__denoise__restore__nes__l0.5 calls=1021 margin 0.45->0.45 t=3.1s
[DONE] fit__4954__denoise__confidence_boost__nes__l0.5 calls=1021 margin 0.45->7.46 t=3.1s
[DONE] fit__4954__deblur__attack__nes__l1 calls=1021 margin 4.60->-11.35 t=3.2s
[DONE] fit__4954__deblur__restore__nes__l1 calls=1021 margin 4.60->4.60 t=3.0s
[DONE] fit__4954__deblur__confidence_boost__nes__l1 calls=1021 margin 4.60->9.16 t=3.2s
[DONE] fit__2695__denoise__attack__nes__l0.5 calls=1021 margin 1.27->-9.28 t=3.2s
[DONE] fit__2695__denoise__restore__nes__l0.5 calls=1021 margin 1.27->1.27 t=3.4s
[DONE] fit__2695__denoise__confidence_boost__nes__l0.5 calls=1021 margin 1.27->10.35 t=2.9s
[DONE] fit__2695__deblur__attack__nes__l1 calls=1021 margin 4.53->-12.20 t=3.2s
[DONE] fit__2695__deblur__restore__nes__l1 calls=1021 margin 4.53->4.53 t=3.0s
[DONE] fit__2695__deblur__confidence_boost__nes__l1 calls=1021 margin 4.53->13.21 t=3.0s
[DONE] fit__573__denoise__attack__nes__l0.5 calls=1021 margin 7.80->-11.15 t=3.0s
[DONE] fit__573__denoise__restore__nes__l0.5 calls=1021 margin 7.80->7.80 t=3.5s
[DONE] fit__573__denoise__confidence_boost__nes__l0.5 calls=1021 margin 7.80->13.27 t=3.2s
[DONE] fit__573__deblur__attack__nes__l1 calls=1021 margin 5.28->-12.30 t=3.2s
[DONE] fit__573__deblur__restore__nes__l1 calls=1021 margin 5.28->5.28 t=3.4s
[DONE] fit__573__deblur__confidence_boost__nes__l1 calls=1021 margin 5.28->13.11 t=3.0s
[DONE] fit__9198__denoise__attack__nes__l0.5 calls=1021 margin 1.15->-9.86 t=3.0s
[DONE] fit__9198__denoise__restore__nes__l0.5 calls=1021 margin 1.15->0.99 t=4.4s
[DONE] fit__9198__denoise__confidence_boost__nes__l0.5 calls=1021 margin 1.15->10.05 t=4.2s
[DONE] fit__9198__deblur__attack__nes__l1 calls=1021 margin 4.90->-8.07 t=4.4s
[DONE] fit__9198__deblur__restore__nes__l1 calls=1021 margin 4.90->4.90 t=4.4s
[DONE] fit__9198__deblur__confidence_boost__nes__l1 calls=1021 margin 4.90->15.08 t=3.4s
[DONE] fit__3507__denoise__attack__nes__l0.5 calls=1021 margin 9.52->-10.29 t=3.1s
[DONE] fit__3507__denoise__restore__nes__l0.5 calls=1021 margin 9.52->9.52 t=3.2s
[DONE] fit__3507__denoise__confidence_boost__nes__l0.5 calls=1021 margin 9.52->14.99 t=3.2s
[DONE] fit__3507__deblur__attack__nes__l1 calls=1021 margin 10.64->-12.73 t=3.3s
[DONE] fit__3507__deblur__restore__nes__l1 calls=1021 margin 10.64->10.64 t=3.2s
[DONE] fit__3507__deblur__confidence_boost__nes__l1 calls=1021 margin 10.64->15.86 t=3.1s
[DONE] fit__4420__denoise__attack__nes__l0.5 calls=1021 margin 0.77->-13.84 t=3.1s
[DONE] fit__4420__denoise__restore__nes__l0.5 calls=1021 margin 0.77->0.77 t=2.8s
[DONE] fit__4420__denoise__confidence_boost__nes__l0.5 calls=1021 margin 0.77->9.01 t=2.9s
[DONE] fit__4420__deblur__attack__nes__l1 calls=1021 margin 7.40->-9.58 t=3.0s
[DONE] fit__4420__deblur__restore__nes__l1 calls=1021 margin 7.40->7.40 t=3.1s
[DONE] fit__4420__deblur__confidence_boost__nes__l1 calls=1021 margin 7.40->14.23 t=3.1s
[DONE] fit__1688__denoise__attack__nes__l0.5 calls=1021 margin 13.61->4.86 t=3.0s
[DONE] fit__1688__denoise__restore__nes__l0.5 calls=1021 margin 13.61->13.61 t=2.8s
[DONE] fit__1688__denoise__confidence_boost__nes__l0.5 calls=1021 margin 13.61->16.15 t=3.2s
[DONE] fit__1688__deblur__attack__nes__l1 calls=1021 margin 12.06->-1.71 t=3.0s
[DONE] fit__1688__deblur__restore__nes__l1 calls=1021 margin 12.06->12.06 t=2.9s
[DONE] fit__1688__deblur__confidence_boost__nes__l1 calls=1021 margin 12.06->16.29 t=2.8s
[DONE] fit__743__denoise__attack__nes__l0.5 calls=1021 margin 2.99->-6.35 t=2.9s
[DONE] fit__743__denoise__restore__nes__l0.5 calls=1021 margin 2.99->2.39 t=2.9s
[DONE] fit__743__denoise__confidence_boost__nes__l0.5 calls=1021 margin 2.99->10.50 t=2.8s
[DONE] fit__743__deblur__attack__nes__l1 calls=1021 margin 9.96->-6.08 t=2.8s
[DONE] fit__743__deblur__restore__nes__l1 calls=1021 margin 9.96->9.96 t=2.9s
[DONE] fit__743__deblur__confidence_boost__nes__l1 calls=1021 margin 9.96->14.16 t=2.9s
[DONE] fit__7703__denoise__attack__nes__l0.5 calls=1021 margin 6.23->-7.29 t=3.0s
[DONE] fit__7703__denoise__restore__nes__l0.5 calls=1021 margin 6.23->5.80 t=2.8s
[DONE] fit__7703__denoise__confidence_boost__nes__l0.5 calls=1021 margin 6.23->11.71 t=2.9s
[DONE] fit__7703__deblur__attack__nes__l1 calls=1021 margin 7.26->-6.61 t=2.8s
[DONE] fit__7703__deblur__restore__nes__l1 calls=1021 margin 7.26->7.26 t=2.8s
[DONE] fit__7703__deblur__confidence_boost__nes__l1 calls=1021 margin 7.26->12.46 t=2.8s
[DONE] fit__4865__denoise__attack__nes__l0.5 calls=1021 margin 3.12->-9.35 t=3.0s
[DONE] fit__4865__denoise__restore__nes__l0.5 calls=1021 margin 3.12->2.87 t=3.1s
[DONE] fit__4865__denoise__confidence_boost__nes__l0.5 calls=1021 margin 3.12->9.10 t=2.9s
[DONE] fit__4865__deblur__attack__nes__l1 calls=1021 margin 0.90->-11.60 t=3.0s
[DONE] fit__4865__deblur__restore__nes__l1 calls=1021 margin 0.90->0.81 t=3.1s
[DONE] fit__4865__deblur__confidence_boost__nes__l1 calls=1021 margin 0.90->9.43 t=3.3s
[DONE] fit__4336__denoise__attack__nes__l0.5 calls=1021 margin 9.51->-0.49 t=2.9s
[DONE] fit__4336__denoise__restore__nes__l0.5 calls=1021 margin 9.51->10.19 t=2.7s
[DONE] fit__4336__denoise__confidence_boost__nes__l0.5 calls=1021 margin 9.51->13.40 t=2.7s
[DONE] fit__4336__deblur__attack__nes__l1 calls=1021 margin 9.82->-3.65 t=2.9s
[DONE] fit__4336__deblur__restore__nes__l1 calls=1021 margin 9.82->9.82 t=2.7s
[DONE] fit__4336__deblur__confidence_boost__nes__l1 calls=1021 margin 9.82->14.49 t=2.8s
