[DONE] evaluation__1109__denoise__attack__nes__l0.5 calls=1021 margin 1.95->-13.23 t=2.8s
[DONE] evaluation__1109__denoise__restore__nes__l0.5 calls=1021 margin 1.95->1.95 t=2.5s
[DONE] evaluation__1109__denoise__confidence_boost__nes__l0.5 calls=1021 margin 1.95->8.95 t=2.6s
[DONE] evaluation__1109__deblur__attack__nes__l1 calls=1021 margin 8.19->-10.01 t=2.6s
[DONE] evaluation__1109__deblur__restore__nes__l1 calls=1021 margin 8.19->8.19 t=2.6s
[DONE] evaluation__1109__deblur__confidence_boost__nes__l1 calls=1021 margin 8.19->12.50 t=2.7s
[DONE] evaluation__6494__denoise__attack__nes__l0.5 calls=1021 margin 1.01->-10.68 t=2.8s
[DONE] evaluation__6494__denoise__restore__nes__l0.5 calls=1021 margin 1.01->1.01 t=2.8s
[DONE] evaluation__6494__denoise__confidence_boost__nes__l0.5 calls=1021 margin 1.01->8.95 t=2.7s
[DONE] evaluation__6494__deblur__attack__nes__l1 calls=1021 margin 4.33->-10.97 t=2.6s
[DONE] evaluation__6494__deblur__restore__nes__l1 calls=1021 margin 4.33->4.33 t=2.7s
[DONE] evaluation__6494__deblur__confidence_boost__nes__l1 calls=1021 margin 4.33->12.85 t=2.8s
[DONE] evaluation__9973__denoise__attack__nes__l0.5 calls=1021 margin 2.95->-9.56 t=2.7s
[DONE] evaluation__9973__denoise__restore__nes__l0.5 calls=1021 margin 2.95->2.95 t=2.8s
[DONE] evaluation__9973__denoise__confidence_boost__nes__l0.5 calls=1021 margin 2.95->10.97 t=2.7s
[DONE] evaluation__9973__deblur__attack__nes__l1 calls=1021 margin 5.88->-9.40 t=3.1s
[DONE] evaluation__9973__deblur__restore__nes__l1 calls=1021 margin 5.88->5.88 t=2.9s
[DONE] evaluation__9973__deblur__confidence_boost__nes__l1 calls=1021 margin 5.88->11.51 t=3.0s
[DONE] evaluation__1991__denoise__attack__nes__l0.5 calls=1021 margin 9.56->0.82 t=3.1s
[DONE] evaluation__1991__denoise__restore__nes__l0.5 calls=1021 margin 9.56->9.56 t=3.3s
[DONE] evaluation__1991__denoise__confidence_boost__nes__l0.5 calls=1021 margin 9.56->13.86 t=3.1s
[DONE] evaluation__1991__deblur__attack__nes__l1 calls=1021 margin 11.58->0.11 t=3.3s
[DONE] evaluation__1991__deblur__restore__nes__l1 calls=1021 margin 11.58->11.58 t=3.7s
[DONE] evaluation__1991__deblur__confidence_boost__nes__l1 calls=1021 margin 11.58->14.78 t=3.5s
[DONE] evaluation__7450__denoise__attack__nes__l0.5 calls=1021 margin 2.17->-9.39 t=3.4s
[DONE] evaluation__7450__denoise__restore__nes__l0.5 calls=1021 margin 2.17->2.55 t=3.5s
[DONE] evaluation__7450__denoise__confidence_boost__nes__l0.5 calls=1021 margin 2.17->9.46 t=3.7s
[DONE] evaluation__7450__deblur__attack__nes__l1 calls=1021 margin 8.89->-5.20 t=3.7s
[DONE] evaluation__7450__deblur__restore__nes__l1 calls=1021 margin 8.89->8.89 t=3.5s
[DONE] evaluation__7450__deblur__confidence_boost__nes__l1 calls=1021 margin 8.89->11.24 t=3.3s
[DONE] evaluation__1202__denoise__attack__nes__l0.5 calls=1021 margin 5.42->-7.23 t=3.5s
[DONE] evaluation__1202__denoise__restore__nes__l0.5 calls=1021 margin 5.42->5.42 t=3.3s
[DONE] evaluation__1202__denoise__confidence_boost__nes__l0.5 calls=1021 margin 5.42->12.39 t=3.2s
[DONE] evaluation__1202__deblur__attack__nes__l1 calls=1021 margin 9.91->-6.71 t=3.4s
[DONE] evaluation__1202__deblur__restore__nes__l1 calls=1021 margin 9.91->9.91 t=3.2s
[DONE] evaluation__1202__deblur__confidence_boost__nes__l1 calls=1021 margin 9.91->15.36 t=3.4s
[DONE] evaluation__4622__denoise__attack__nes__l0.5 calls=1021 margin 3.89->-10.87 t=3.4s
[DONE] evaluation__4622__denoise__restore__nes__l0.5 calls=1021 margin 3.89->3.89 t=3.0s
[DONE] evaluation__4622__denoise__confidence_boost__nes__l0.5 calls=1021 margin 3.89->11.97 t=3.7s
[DONE] evaluation__4622__deblur__attack__nes__l1 calls=1021 margin 5.54->-13.75 t=3.5s
[DONE] evaluation__4622__deblur__restore__nes__l1 calls=1021 margin 5.54->5.54 t=3.2s
[DONE] evaluation__4622__deblur__confidence_boost__nes__l1 calls=1021 margin 5.54->13.11 t=3.3s
[DONE] evaluation__9267__denoise__attack__nes__l0.5 calls=1021 margin 2.45->-5.00 t=3.3s
[DONE] evaluation__9267__denoise__restore__nes__l0.5 calls=1021 margin 2.45->2.73 t=3.2s
[DONE] evaluation__9267__denoise__confidence_boost__nes__l0.5 calls=1021 margin 2.45->10.97 t=3.4s
[DONE] evaluation__9267__deblur__attack__nes__l1 calls=1021 margin 5.73->-12.22 t=3.3s
[DONE] evaluation__9267__deblur__restore__nes__l1 calls=1021 margin 5.73->5.73 t=2.9s
[DONE] evaluation__9267__deblur__confidence_boost__nes__l1 calls=1021 margin 5.73->13.70 t=3.7s
[DONE] evaluation__4155__denoise__attack__nes__l0.5 calls=1021 margin 5.42->-9.00 t=3.4s
[DONE] evaluation__4155__denoise__restore__nes__l0.5 calls=1021 margin 5.42->5.60 t=3.1s
[DONE] evaluation__4155__denoise__confidence_boost__nes__l0.5 calls=1021 margin 5.42->13.19 t=3.3s
[DONE] evaluation__4155__deblur__attack__nes__l1 calls=1021 margin 7.33->-1.35 t=3.3s
[DONE] evaluation__4155__deblur__restore__nes__l1 calls=1021 margin 7.33->7.94 t=3.2s
[DONE] evaluation__4155__deblur__confidence_boost__nes__l1 calls=1021 margin 7.33->15.06 t=3.3s
[DONE] evaluation__6786__denoise__attack__nes__l0.5 calls=1021 margin 1.24->-10.03 t=3.3s
[DONE] evaluation__6786__denoise__restore__nes__l0.5 calls=1021 margin 1.24->1.24 t=3.0s
[DONE] evaluation__6786__denoise__confidence_boost__nes__l0.5 calls=1021 margin 1.24->9.11 t=3.0s
[DONE] evaluation__6786__deblur__attack__nes__l1 calls=1021 margin 1.98->-8.33 t=3.1s
[DONE] evaluation__6786__deblur__restore__nes__l1 calls=1021 margin 1.98->1.98 t=2.9s
[DONE] evaluation__6786__deblur__confidence_boost__nes__l1 calls=1021 margin 1.98->13.23 t=3.2s
[DONE] evaluation__1533__denoise__attack__nes__l0.5 calls=1021 margin 3.87->-6.00 t=3.2s
[DONE] evaluation__1533__denoise__restore__nes__l0.5 calls=1021 margin 3.87->3.87 t=3.7s
[DONE] evaluation__1533__denoise__confidence_boost__nes__l0.5 calls=1021 margin 3.87->12.43 t=3.5s
[DONE] evaluation__1533__deblur__attack__nes__l1 calls=1021 margin 6.26->-11.83 t=3.4s
[DONE] evaluation__1533__deblur__restore__nes__l1 calls=1021 margin 6.26->6.26 t=3.1s
[DONE] evaluation__1533__deblur__confidence_boost__nes__l1 calls=1021 margin 6.26->15.26 t=3.3s
[DONE] evaluation__4173__denoise__attack__nes__l0.5 calls=1021 margin 6.50->-4.40 t=3.3s
[DONE] evaluation__4173__denoise__restore__nes__l0.5 calls=1021 margin 6.50->6.50 t=2.9s
[DONE] evaluation__4173__denoise__confidence_boost__nes__l0.5 calls=1021 margin 6.50->13.65 t=3.4s
[DONE] evaluation__4173__deblur__attack__nes__l1 calls=1021 margin 7.18->-8.07 t=3.4s
[DONE] evaluation__4173__deblur__restore__nes__l1 calls=1021 margin 7.18->7.18 t=3.3s
[DONE] evaluation__4173__deblur__confidence_boost__nes__l1 calls=1021 margin 7.18->15.07 t=3.3s
[DONE] evaluation__9393__denoise__attack__nes__l0.5 calls=1021 margin 5.85->-9.85 t=3.2s
[DONE] evaluation__9393__denoise__restore__nes__l0.5 calls=1021 margin 5.85->6.21 t=3.4s
[DONE] evaluation__9393__denoise__confidence_boost__nes__l0.5 calls=1021 margin 5.85->12.53 t=3.4s
[DONE] evaluation__9393__deblur__attack__nes__l1 calls=1021 margin 6.04->-12.35 t=3.7s
[DONE] evaluation__9393__deblur__restore__nes__l1 calls=1021 margin 6.04->6.04 t=3.6s
[DONE] evaluation__9393__deblur__confidence_boost__nes__l1 calls=1021 margin 6.04->13.81 t=3.4s
[DONE] evaluation__3613__denoise__attack__nes__l0.5 calls=1021 margin 2.39->-8.90 t=3.1s
[DONE] evaluation__3613__denoise__restore__nes__l0.5 calls=1021 margin 2.39->2.39 t=3.1s
[DONE] evaluation__3613__denoise__confidence_boost__nes__l0.5 calls=1021 margin 2.39->10.13 t=2.9s
[DONE] evaluation__3613__deblur__attack__nes__l1 calls=1021 margin 7.83->-6.76 t=3.4s
[DONE] evaluation__3613__deblur__restore__nes__l1 calls=1021 margin 7.83->7.83 t=3.7s
[DONE] evaluation__3613__deblur__confidence_boost__nes__l1 calls=1021 margin 7.83->14.88 t=3.3s
[DONE] evaluation__7720__denoise__attack__nes__l0.5 calls=1021 margin 4.63->-10.19 t=3.0s
[DONE] evaluation__7720__denoise__restore__nes__l0.5 calls=1021 margin 4.63->4.63 t=3.1s
[DONE] evaluation__7720__denoise__confidence_boost__nes__l0.5 calls=1021 margin 4.63->13.59 t=3.1s
[DONE] evaluation__7720__deblur__attack__nes__l1 calls=1021 margin 4.33->-10.03 t=3.3s
[DONE] evaluation__7720__deblur__restore__nes__l1 calls=1021 margin 4.33->4.33 t=3.0s
[DONE] evaluation__7720__deblur__confidence_boost__nes__l1 calls=1021 margin 4.33->13.43 t=3.3s
[DONE] evaluation__1641__denoise__attack__nes__l0.5 calls=1021 margin 7.84->-4.52 t=3.2s
[DONE] evaluation__1641__denoise__restore__nes__l0.5 calls=1021 margin 7.84->8.07 t=3.0s
[DONE] evaluation__1641__denoise__confidence_boost__nes__l0.5 calls=1021 margin 7.84->14.84 t=3.0s
[DONE] evaluation__1641__deblur__attack__nes__l1 calls=1021 margin 8.86->-5.87 t=3.2s
[DONE] evaluation__1641__deblur__restore__nes__l1 calls=1021 margin 8.86->8.86 t=2.9s
[DONE] evaluation__1641__deblur__confidence_boost__nes__l1 calls=1021 margin 8.86->15.80 t=2.9s
[DONE] evaluation__4788__denoise__attack__nes__l0.5 calls=1021 margin 8.36->-7.35 t=3.1s
[DONE] evaluation__4788__denoise__restore__nes__l0.5 calls=1021 margin 8.36->8.36 t=3.7s
[DONE] evaluation__4788__denoise__confidence_boost__nes__l0.5 calls=1021 margin 8.36->14.41 t=3.3s
[DONE] evaluation__4788__deblur__attack__nes__l1 calls=1021 margin 3.76->-6.86 t=3.0s
[DONE] evaluation__4788__deblur__restore__nes__l1 calls=1021 margin 3.76->3.76 t=3.6s
[DONE] evaluation__4788__deblur__confidence_boost__nes__l1 calls=1021 margin 3.76->14.84 t=3.5s
[DONE] evaluation__8534__denoise__attack__nes__l0.5 calls=1021 margin 8.90->-0.10 t=3.3s
[DONE] evaluation__8534__denoise__restore__nes__l0.5 calls=1021 margin 8.90->8.90 t=3.8s
[DONE] evaluation__8534__denoise__confidence_boost__nes__l0.5 calls=1021 margin 8.90->14.60 t=3.2s
[DONE] evaluation__8534__deblur__attack__nes__l1 calls=1021 margin 8.32->-8.58 t=3.0s
[DONE] evaluation__8534__deblur__restore__nes__l1 calls=1021 margin 8.32->8.32 t=3.4s
[DONE] evaluation__8534__deblur__confidence_boost__nes__l1 calls=1021 margin 8.32->15.78 t=3.6s
[DONE] evaluation__3788__denoise__attack__nes__l0.5 calls=1021 margin 2.72->-13.15 t=3.2s
[DONE] evaluation__3788__denoise__restore__nes__l0.5 calls=1021 margin 2.72->2.72 t=3.0s
[DONE] evaluation__3788__denoise__confidence_boost__nes__l0.5 calls=1021 margin 2.72->11.58 t=3.5s
[DONE] evaluation__3788__deblur__attack__nes__l1 calls=1021 margin 7.16->-11.86 t=3.2s
[DONE] evaluation__3788__deblur__restore__nes__l1 calls=1021 margin 7.16->7.16 t=3.2s
[DONE] evaluation__3788__deblur__confidence_boost__nes__l1 calls=1021 margin 7.16->14.35 t=3.3s
[DONE] evaluation__5998__denoise__attack__nes__l0.5 calls=1021 margin 1.13->-11.88 t=3.2s
[DONE] evaluation__5998__denoise__restore__nes__l0.5 calls=1021 margin 1.13->1.13 t=3.5s
[DONE] evaluation__5998__denoise__confidence_boost__nes__l0.5 calls=1021 margin 1.13->9.40 t=3.3s
[DONE] evaluation__5998__deblur__attack__nes__l1 calls=1021 margin 4.95->-12.57 t=3.4s
[DONE] evaluation__5998__deblur__restore__nes__l1 calls=1021 margin 4.95->4.95 t=3.3s
[DONE] evaluation__5998__deblur__confidence_boost__nes__l1 calls=1021 margin 4.95->10.69 t=3.7s
[DONE] evaluation__1011__denoise__attack__nes__l0.5 calls=1021 margin 0.63->-13.08 t=3.1s
[DONE] evaluation__1011__denoise__restore__nes__l0.5 calls=1021 margin 0.63->0.63 t=3.5s
[DONE] evaluation__1011__denoise__confidence_boost__nes__l0.5 calls=1021 margin 0.63->12.02 t=3.3s
[DONE] evaluation__1011__deblur__attack__nes__l1 calls=1021 margin 12.12->-5.75 t=3.8s
[DONE] evaluation__1011__deblur__restore__nes__l1 calls=1021 margin 12.12->12.12 t=3.6s
[DONE] evaluation__1011__deblur__confidence_boost__nes__l1 calls=1021 margin 12.12->15.93 t=3.7s
[DONE] evaluation__4083__denoise__attack__nes__l0.5 calls=1021 margin 10.15->-5.99 t=3.3s
[DONE] evaluation__4083__denoise__restore__nes__l0.5 calls=1021 margin 10.15->10.15 t=3.2s
[DONE] evaluation__4083__denoise__confidence_boost__nes__l0.5 calls=1021 margin 10.15->15.07 t=3.4s
[DONE] evaluation__4083__deblur__attack__nes__l1 calls=1021 margin 13.24->1.64 t=3.3s
[DONE] evaluation__4083__deblur__restore__nes__l1 calls=1021 margin 13.24->13.24 t=3.3s
[DONE] evaluation__4083__deblur__confidence_boost__nes__l1 calls=1021 margin 13.24->15.89 t=3.5s
[DONE] evaluation__7580__denoise__attack__nes__l0.5 calls=1021 margin 3.45->-6.47 t=3.6s
[DONE] evaluation__7580__denoise__restore__nes__l0.5 calls=1021 margin 3.45->3.45 t=3.3s
[DONE] evaluation__7580__denoise__confidence_boost__nes__l0.5 calls=1021 margin 3.45->9.42 t=3.3s
[DONE] evaluation__7580__deblur__attack__nes__l1 calls=1021 margin 9.22->-1.84 t=3.3s
[DONE] evaluation__7580__deblur__restore__nes__l1 calls=1021 margin 9.22->9.22 t=3.2s
[DONE] evaluation__7580__deblur__confidence_boost__nes__l1 calls=1021 margin 9.22->15.59 t=3.0s
[DONE] evaluation__5315__denoise__attack__nes__l0.5 calls=1021 margin 3.20->-10.94 t=3.1s
[DONE] evaluation__5315__denoise__restore__nes__l0.5 calls=1021 margin 3.20->5.43 t=3.1s
[DONE] evaluation__5315__denoise__confidence_boost__nes__l0.5 calls=1021 margin 3.20->11.87 t=3.0s
[DONE] evaluation__5315__deblur__attack__nes__l1 calls=1021 margin 8.33->-4.53 t=2.9s
[DONE] evaluation__5315__deblur__restore__nes__l1 calls=1021 margin 8.33->8.33 t=3.0s
[DONE] evaluation__5315__deblur__confidence_boost__nes__l1 calls=1021 margin 8.33->14.64 t=3.2s
[DONE] evaluation__8355__denoise__attack__nes__l0.5 calls=1021 margin 10.40->-3.00 t=3.5s
[DONE] evaluation__8355__denoise__restore__nes__l0.5 calls=1021 margin 10.40->10.40 t=3.2s
[DONE] evaluation__8355__denoise__confidence_boost__nes__l0.5 calls=1021 margin 10.40->13.28 t=3.6s
[DONE] evaluation__8355__deblur__attack__nes__l1 calls=1021 margin 10.72->-8.11 t=3.6s
[DONE] evaluation__8355__deblur__restore__nes__l1 calls=1021 margin 10.72->10.72 t=3.8s
[DONE] evaluation__8355__deblur__confidence_boost__nes__l1 calls=1021 margin 10.72->15.03 t=3.5s
[DONE] fit__2130__denoise__attack__nes__l0.5 calls=1021 margin 1.97->-4.85 t=3.2s
[DONE] fit__2130__denoise__restore__nes__l0.5 calls=1021 margin 1.97->2.81 t=3.3s
[DONE] fit__2130__denoise__confidence_boost__nes__l0.5 calls=1021 margin 1.97->8.40 t=3.2s
[DONE] fit__2130__deblur__attack__nes__l1 calls=1021 margin 6.73->-4.48 t=3.2s
[DONE] fit__2130__deblur__restore__nes__l1 calls=1021 margin 6.73->6.73 t=3.2s
[DONE] fit__2130__deblur__confidence_boost__nes__l1 calls=1021 margin 6.73->11.43 t=3.3s
[DONE] fit__1187__denoise__attack__nes__l0.5 calls=1021 margin 5.69->-10.97 t=3.2s
[DONE] fit__1187__denoise__restore__nes__l0.5 calls=1021 margin 5.69->5.69 t=3.2s
[DONE] fit__1187__denoise__confidence_boost__nes__l0.5 calls=1021 margin 5.69->13.45 t=3.4s
[DONE] fit__1187__deblur__attack__nes__l1 calls=1021 margin 11.70->-4.91 t=3.1s
[DONE] fit__1187__deblur__restore__nes__l1 calls=1021 margin 11.70->11.70 t=3.2s
[DONE] fit__1187__deblur__confidence_boost__nes__l1 calls=1021 margin 11.70->14.52 t=3.1s
[DONE] fit__7864__denoise__attack__nes__l0.5 calls=1021 margin 1.86->-7.94 t=3.3s
[DONE] fit__7864__denoise__restore__nes__l0.5 calls=1021 margin 1.86->2.64 t=3.1s
[DONE] fit__7864__denoise__confidence_boost__nes__l0.5 calls=1021 margin 1.86->9.79 t=3.2s
[DONE] fit__7864__deblur__attack__nes__l1 calls=1021 margin 10.86->-6.63 t=3.5s
[DONE] fit__7864__deblur__restore__nes__l1 calls=1021 margin 10.86->10.86 t=3.2s
[DONE] fit__7864__deblur__confidence_boost__nes__l1 calls=1021 margin 10.86->10.86 t=3.2s
[DONE] fit__7351__denoise__attack__nes__l0.5 calls=1021 margin 1.86->-11.27 t=3.3s
[DONE] fit__7351__denoise__restore__nes__l0.5 calls=1021 margin 1.86->0.77 t=3.4s
[DONE] fit__7351__denoise__confidence_boost__nes__l0.5 calls=1021 margin 1.86->11.62 t=3.3s
[DONE] fit__7351__deblur__attack__nes__l1 calls=1021 margin 1.69->-8.46 t=3.4s
[DONE] fit__7351__deblur__restore__nes__l1 calls=1021 margin 1.69->1.69 t=3.4s
[DONE] fit__7351__deblur__confidence_boost__nes__l1 calls=1021 margin 1.69->14.50 t=3.2s
[DONE] fit__3628__denoise__attack__nes__l0.5 calls=1021 margin 3.47->-8.02 t=3.1s
[DONE] fit__3628__denoise__restore__nes__l0.5 calls=1021 margin 3.47->3.47 t=3.0s
[DONE] fit__3628__denoise__confidence_boost__nes__l0.5 calls=1021 margin 3.47->12.53 t=2.9s
[DONE] fit__3628__deblur__attack__nes__l1 calls=1021 margin 6.89->-7.55 t=3.2s
[DONE] fit__3628__deblur__restore__nes__l1 calls=1021 margin 6.89->6.89 t=3.3s
[DONE] fit__3628__deblur__confidence_boost__nes__l1 calls=1021 margin 6.89->14.34 t=3.6s
[DONE] fit__1658__denoise__attack__nes__l0.5 calls=1021 margin 5.38->-9.24 t=3.1s
[DONE] fit__1658__denoise__restore__nes__l0.5 calls=1021 margin 5.38->5.38 t=3.1s
[DONE] fit__1658__denoise__confidence_boost__nes__l0.5 calls=1021 margin 5.38->13.56 t=3.0s
[DONE] fit__1658__deblur__attack__nes__l1 calls=1021 margin 1.92->1.92 t=2.9s
[DONE] fit__1658__deblur__restore__nes__l1 calls=1021 margin 1.92->1.92 t=3.1s
[DONE] fit__1658__deblur__confidence_boost__nes__l1 calls=1021 margin 1.92->16.37 t=3.2s
[DONE] fit__1940__denoise__attack__nes__l0.5 calls=1021 margin 1.54->-11.18 t=3.2s
[DONE] fit__1940__denoise__restore__nes__l0.5 calls=1021 margin 1.54->1.54 t=3.5s
[DONE] fit__1940__denoise__confidence_boost__nes__l0.5 calls=1021 margin 1.54->11.85 t=4.3s
[DONE] fit__1940__deblur__attack__nes__l1 calls=1021 margin 3.07->-10.42 t=3.9s
[DONE] fit__1940__deblur__restore__nes__l1 calls=1021 margin 3.07->3.07 t=4.1s
[DONE] fit__1940__deblur__confidence_boost__nes__l1 calls=1021 margin 3.07->13.21 t=4.0s
[DONE] fit__9146__denoise__attack__nes__l0.5 calls=1021 margin 9.14->-2.48 t=3.2s
[DONE] fit__9146__denoise__restore__nes__l0.5 calls=1021 margin 9.14->9.14 t=3.4s
[DONE] fit__9146__denoise__confidence_boost__nes__l0.5 calls=1021 margin 9.14->15.53 t=3.3s
[DONE] fit__9146__deblur__attack__nes__l1 calls=1021 margin 11.99->-2.33 t=3.2s
[DONE] fit__9146__deblur__restore__nes__l1 calls=1021 margin 11.99->11.99 t=3.4s
[DONE] fit__9146__deblur__confidence_boost__nes__l1 calls=1021 margin 11.99->16.04 t=3.4s
[DONE] fit__5089__denoise__attack__nes__l0.5 calls=1021 margin 11.69->-1.91 t=3.0s
[DONE] fit__5089__denoise__restore__nes__l0.5 calls=1021 margin 11.69->11.69 t=3.1s
[DONE] fit__5089__denoise__confidence_boost__nes__l0.5 calls=1021 margin 11.69->15.91 t=3.2s
[DONE] fit__5089__deblur__attack__nes__l1 calls=1021 margin 5.02->-10.55 t=3.2s
[DONE] fit__5089__deblur__restore__nes__l1 calls=1021 margin 5.02->5.02 t=3.6s
[DONE] fit__5089__deblur__confidence_boost__nes__l1 calls=1021 margin 5.02->16.20 t=3.2s
[DONE] fit__4339__denoise__attack__nes__l0.5 calls=1021 margin 6.44->-10.07 t=3.3s
[DONE] fit__4339__denoise__restore__nes__l0.5 calls=1021 margin 6.44->6.44 t=3.1s
[DONE] fit__4339__denoise__confidence_boost__nes__l0.5 calls=1021 margin 6.44->13.55 t=3.4s
[DONE] fit__4339__deblur__attack__nes__l1 calls=1021 margin 11.01->-0.87 t=3.3s
[DONE] fit__4339__deblur__restore__nes__l1 calls=1021 margin 11.01->11.01 t=3.1s
[DONE] fit__4339__deblur__confidence_boost__nes__l1 calls=1021 margin 11.01->15.23 t=3.1s
[DONE] fit__2021__denoise__attack__nes__l0.5 calls=1021 margin 4.26->-6.01 t=3.0s
[DONE] fit__2021__denoise__restore__nes__l0.5 calls=1021 margin 4.26->4.26 t=2.8s
[DONE] fit__2021__denoise__confidence_boost__nes__l0.5 calls=1021 margin 4.26->11.60 t=3.1s
[DONE] fit__2021__deblur__attack__nes__l1 calls=1021 margin 6.43->-5.58 t=3.0s
[DONE] fit__2021__deblur__restore__nes__l1 calls=1021 margin 6.43->6.43 t=2.8s
[DONE] fit__2021__deblur__confidence_boost__nes__l1 calls=1021 margin 6.43->13.43 t=3.0s
[DONE] fit__1913__denoise__attack__nes__l0.5 calls=1021 margin 1.20->-9.33 t=3.1s
[DONE] fit__1913__denoise__restore__nes__l0.5 calls=1021 margin 1.20->0.09 t=3.1s
[DONE] fit__1913__denoise__confidence_boost__nes__l0.5 calls=1021 margin 1.20->9.44 t=3.0s
[DONE] fit__1913__deblur__attack__nes__l1 calls=1021 margin 0.47->-13.83 t=2.9s
[DONE] fit__1913__deblur__restore__nes__l1 calls=1021 margin 0.47->0.32 t=2.7s
[DONE] fit__1913__deblur__confidence_boost__nes__l1 calls=1021 margin 0.47->9.07 t=2.9s
[DONE] fit__7920__denoise__attack__nes__l0.5 calls=1021 margin 2.63->-12.34 t=3.0s
[DONE] fit__7920__denoise__restore__nes__l0.5 calls=1021 margin 2.63->2.63 t=2.9s
[DONE] fit__7920__denoise__confidence_boost__nes__l0.5 calls=1021 margin 2.63->10.56 t=2.9s
[DONE] fit__7920__deblur__attack__nes__l1 calls=1021 margin 5.53->-10.30 t=3.0s
[DONE] fit__7920__deblur__restore__nes__l1 calls=1021 margin 5.53->5.53 t=3.1s
[DONE] fit__7920__deblur__confidence_boost__nes__l1 calls=1021 margin 5.53->11.71 t=3.2s
