[DONE] evaluation__539__denoise__attack__nes__l0.5 calls=1021 margin 3.43->-6.69 t=2.4s
[DONE] evaluation__539__denoise__restore__nes__l0.5 calls=1021 margin 3.43->3.98 t=2.3s
[DONE] evaluation__539__denoise__confidence_boost__nes__l0.5 calls=1021 margin 3.43->11.49 t=2.2s
[DONE] evaluation__539__deblur__attack__nes__l1 calls=1021 margin 11.17->-5.58 t=2.2s
[DONE] evaluation__539__deblur__restore__nes__l1 calls=1021 margin 11.17->11.17 t=2.3s
[DONE] evaluation__539__deblur__confidence_boost__nes__l1 calls=1021 margin 11.17->15.65 t=2.3s
[DONE] evaluation__6003__denoise__attack__nes__l0.5 calls=1021 margin 5.78->-4.08 t=2.3s
[DONE] evaluation__6003__denoise__restore__nes__l0.5 calls=1021 margin 5.78->5.71 t=2.4s
[DONE] evaluation__6003__denoise__confidence_boost__nes__l0.5 calls=1021 margin 5.78->11.05 t=2.3s
[DONE] evaluation__6003__deblur__attack__nes__l1 calls=1021 margin 10.21->0.06 t=2.3s
[DONE] evaluation__6003__deblur__restore__nes__l1 calls=1021 margin 10.21->10.21 t=2.3s
[DONE] evaluation__6003__deblur__confidence_boost__nes__l1 calls=1021 margin 10.21->13.63 t=2.3s
[DONE] evaluation__9045__denoise__attack__nes__l0.5 calls=1021 margin 8.08->-0.25 t=2.6s
[DONE] evaluation__9045__denoise__restore__nes__l0.5 calls=1021 margin 8.08->8.18 t=2.6s
[DONE] evaluation__9045__denoise__confidence_boost__nes__l0.5 calls=1021 margin 8.08->13.26 t=2.5s
[DONE] evaluation__9045__deblur__attack__nes__l1 calls=1021 margin 11.83->3.41 t=2.5s
[DONE] evaluation__9045__deblur__restore__nes__l1 calls=1021 margin 11.83->12.15 t=2.5s
[DONE] evaluation__9045__deblur__confidence_boost__nes__l1 calls=1021 margin 11.83->14.79 t=2.5s
[DONE] evaluation__1751__denoise__attack__nes__l0.5 calls=1021 margin 8.23->-2.96 t=2.9s
[DONE] evaluation__1751__denoise__restore__nes__l0.5 calls=1021 margin 8.23->8.32 t=3.2s
[DONE] evaluation__1751__denoise__confidence_boost__nes__l0.5 calls=1021 margin 8.23->12.54 t=2.7s
[DONE] evaluation__1751__deblur__attack__nes__l1 calls=1021 margin 9.11->-2.75 t=2.7s
[DONE] evaluation__1751__deblur__restore__nes__l1 calls=1021 margin 9.11->9.11 t=2.8s
[DONE] evaluation__1751__deblur__confidence_boost__nes__l1 calls=1021 margin 9.11->12.99 t=3.1s
[DONE] evaluation__6984__denoise__attack__nes__l0.5 calls=1021 margin 8.02->-2.97 t=2.7s
[DONE] evaluation__6984__denoise__restore__nes__l0.5 calls=1021 margin 8.02->7.91 t=3.2s
[DONE] evaluation__6984__denoise__confidence_boost__nes__l0.5 calls=1021 margin 8.02->12.86 t=2.9s
[DONE] evaluation__6984__deblur__attack__nes__l1 calls=1021 margin 8.69->-1.92 t=3.3s
[DONE] evaluation__6984__deblur__restore__nes__l1 calls=1021 margin 8.69->8.69 t=2.9s
[DONE] evaluation__6984__deblur__confidence_boost__nes__l1 calls=1021 margin 8.69->13.35 t=3.0s
[DONE] evaluation__988__denoise__attack__nes__l0.5 calls=1021 margin 6.67->-3.69 t=2.8s
[DONE] evaluation__988__denoise__restore__nes__l0.5 calls=1021 margin 6.67->6.67 t=3.0s
[DONE] evaluation__988__denoise__confidence_boost__nes__l0.5 calls=1021 margin 6.67->12.60 t=3.2s
[DONE] evaluation__988__deblur__attack__nes__l1 calls=1021 margin 3.81->-7.94 t=3.0s
[DONE] evaluation__988__deblur__restore__nes__l1 calls=1021 margin 3.81->3.81 t=3.2s
[DONE] evaluation__988__deblur__confidence_boost__nes__l1 calls=1021 margin 3.81->13.96 t=3.3s
[DONE] evaluation__3713__denoise__attack__nes__l0.5 calls=1021 margin 7.46->-4.50 t=3.2s
[DONE] evaluation__3713__denoise__restore__nes__l0.5 calls=1021 margin 7.46->6.88 t=3.1s
[DONE] evaluation__3713__denoise__confidence_boost__nes__l0.5 calls=1021 margin 7.46->13.86 t=3.5s
[DONE] evaluation__3713__deblur__attack__nes__l1 calls=1021 margin 6.61->-5.46 t=3.8s
[DONE] evaluation__3713__deblur__restore__nes__l1 calls=1021 margin 6.61->6.61 t=3.5s
[DONE] evaluation__3713__deblur__confidence_boost__nes__l1 calls=1021 margin 6.61->13.02 t=3.7s
[DONE] evaluation__7902__denoise__attack__nes__l0.5 calls=1021 margin 7.99->-4.63 t=3.4s
[DONE] evaluation__7902__denoise__restore__nes__l0.5 calls=1021 margin 7.99->7.99 t=3.7s
[DONE] evaluation__7902__denoise__confidence_boost__nes__l0.5 calls=1021 margin 7.99->13.27 t=3.8s
[DONE] evaluation__7902__deblur__attack__nes__l1 calls=1021 margin 11.33->-0.56 t=3.4s
[DONE] evaluation__7902__deblur__restore__nes__l1 calls=1021 margin 11.33->11.33 t=3.3s
[DONE] evaluation__7902__deblur__confidence_boost__nes__l1 calls=1021 margin 11.33->14.73 t=3.4s
[DONE] evaluation__3023__denoise__attack__nes__l0.5 calls=1021 margin 0.86->-9.51 t=2.8s
[DONE] evaluation__3023__denoise__restore__nes__l0.5 calls=1021 margin 0.86->0.86 t=3.2s
[DONE] evaluation__3023__denoise__confidence_boost__nes__l0.5 calls=1021 margin 0.86->11.01 t=3.3s
[DONE] evaluation__3023__deblur__attack__nes__l1 calls=1021 margin 10.84->-11.94 t=3.4s
[DONE] evaluation__3023__deblur__restore__nes__l1 calls=1021 margin 10.84->10.84 t=3.2s
[DONE] evaluation__3023__deblur__confidence_boost__nes__l1 calls=1021 margin 10.84->13.85 t=3.1s
[DONE] evaluation__6237__denoise__attack__nes__l0.5 calls=1021 margin 1.29->-4.66 t=3.4s
[DONE] evaluation__6237__denoise__restore__nes__l0.5 calls=1021 margin 1.29->1.75 t=3.8s
[DONE] evaluation__6237__denoise__confidence_boost__nes__l0.5 calls=1021 margin 1.29->7.79 t=3.1s
[DONE] evaluation__6237__deblur__attack__nes__l1 calls=1021 margin 0.37->-5.60 t=3.3s
[DONE] evaluation__6237__deblur__restore__nes__l1 calls=1021 margin 0.37->0.37 t=3.2s
[DONE] evaluation__6237__deblur__confidence_boost__nes__l1 calls=1021 margin 0.37->8.82 t=3.4s
[DONE] evaluation__463__denoise__attack__nes__l0.5 calls=1021 margin 0.50->-12.02 t=3.1s
[DONE] evaluation__463__denoise__restore__nes__l0.5 calls=1021 margin 0.50->0.50 t=3.3s
[DONE] evaluation__463__denoise__confidence_boost__nes__l0.5 calls=1021 margin 0.50->11.36 t=3.2s
[DONE] evaluation__463__deblur__attack__nes__l1 calls=1021 margin 3.07->-6.06 t=3.1s
[DONE] evaluation__463__deblur__restore__nes__l1 calls=1021 margin 3.07->3.07 t=3.1s
[DONE] evaluation__463__deblur__confidence_boost__nes__l1 calls=1021 margin 3.07->13.89 t=3.2s
[DONE] evaluation__4042__denoise__attack__nes__l0.5 calls=1021 margin 0.97->-7.48 t=3.1s
[DONE] evaluation__4042__denoise__restore__nes__l0.5 calls=1021 margin 0.97->0.97 t=3.4s
[DONE] evaluation__4042__denoise__confidence_boost__nes__l0.5 calls=1021 margin 0.97->9.05 t=3.1s
[DONE] evaluation__4042__deblur__attack__nes__l1 calls=1021 margin 4.28->-4.49 t=3.1s
[DONE] evaluation__4042__deblur__restore__nes__l1 calls=1021 margin 4.28->4.28 t=3.0s
[DONE] evaluation__4042__deblur__confidence_boost__nes__l1 calls=1021 margin 4.28->12.03 t=3.0s
[DONE] evaluation__8500__denoise__attack__nes__l0.5 calls=1021 margin 3.75->-9.20 t=3.0s
[DONE] evaluation__8500__denoise__restore__nes__l0.5 calls=1021 margin 3.75->3.75 t=3.0s
[DONE] evaluation__8500__denoise__confidence_boost__nes__l0.5 calls=1021 margin 3.75->14.08 t=3.1s
[DONE] evaluation__8500__deblur__attack__nes__l1 calls=1021 margin 12.84->-11.04 t=3.1s
[DONE] evaluation__8500__deblur__restore__nes__l1 calls=1021 margin 12.84->12.84 t=2.9s
[DONE] evaluation__8500__deblur__confidence_boost__nes__l1 calls=1021 margin 12.84->16.13 t=2.7s
[DONE] evaluation__2487__denoise__attack__nes__l0.5 calls=1021 margin 4.44->-5.54 t=2.9s
[DONE] evaluation__2487__denoise__restore__nes__l0.5 calls=1021 margin 4.44->4.18 t=3.3s
[DONE] evaluation__2487__denoise__confidence_boost__nes__l0.5 calls=1021 margin 4.44->9.90 t=3.2s
[DONE] evaluation__2487__deblur__attack__nes__l1 calls=1021 margin 1.87->-10.68 t=3.2s
[DONE] evaluation__2487__deblur__restore__nes__l1 calls=1021 margin 1.87->1.87 t=3.1s
[DONE] evaluation__2487__deblur__confidence_boost__nes__l1 calls=1021 margin 1.87->9.94 t=3.3s
[DONE] evaluation__6120__denoise__attack__nes__l0.5 calls=1021 margin 3.87->-7.70 t=2.9s
[DONE] evaluation__6120__denoise__restore__nes__l0.5 calls=1021 margin 3.87->3.87 t=3.2s
[DONE] evaluation__6120__denoise__confidence_boost__nes__l0.5 calls=1021 margin 3.87->9.42 t=3.2s
[DONE] evaluation__6120__deblur__attack__nes__l1 calls=1021 margin 6.40->-10.58 t=3.0s
[DONE] evaluation__6120__deblur__restore__nes__l1 calls=1021 margin 6.40->6.40 t=3.3s
[DONE] evaluation__6120__deblur__confidence_boost__nes__l1 calls=1021 margin 6.40->11.19 t=3.2s
[DONE] evaluation__920__denoise__attack__nes__l0.5 calls=1021 margin 6.52->-1.89 t=3.2s
[DONE] evaluation__920__denoise__restore__nes__l0.5 calls=1021 margin 6.52->6.52 t=3.1s
[DONE] evaluation__920__denoise__confidence_boost__nes__l0.5 calls=1021 margin 6.52->12.77 t=3.0s
[DONE] evaluation__920__deblur__attack__nes__l1 calls=1021 margin 5.36->-8.52 t=3.1s
[DONE] evaluation__920__deblur__restore__nes__l1 calls=1021 margin 5.36->5.36 t=3.2s
[DONE] evaluation__920__deblur__confidence_boost__nes__l1 calls=1021 margin 5.36->12.07 t=2.9s
[DONE] evaluation__4465__denoise__attack__nes__l0.5 calls=1021 margin 5.37->-5.56 t=3.1s
[DONE] evaluation__4465__denoise__restore__nes__l0.5 calls=1021 margin 5.37->5.37 t=3.3s
[DONE] evaluation__4465__denoise__confidence_boost__nes__l0.5 calls=1021 margin 5.37->13.73 t=3.1s
[DONE] evaluation__4465__deblur__attack__nes__l1 calls=1021 margin 4.98->-8.37 t=3.3s
[DONE] evaluation__4465__deblur__restore__nes__l1 calls=1021 margin 4.98->4.98 t=3.1s
[DONE] evaluation__4465__deblur__confidence_boost__nes__l1 calls=1021 margin 4.98->15.73 t=3.3s
[DONE] evaluation__8113__denoise__attack__nes__l0.5 calls=1021 margin 9.85->-0.61 t=3.1s
[DONE] evaluation__8113__denoise__restore__nes__l0.5 calls=1021 margin 9.85->9.85 t=3.3s
[DONE] evaluation__8113__denoise__confidence_boost__nes__l0.5 calls=1021 margin 9.85->14.88 t=3.6s
[DONE] evaluation__8113__deblur__attack__nes__l1 calls=1021 margin 8.94->-7.29 t=3.0s
[DONE] evaluation__8113__deblur__restore__nes__l1 calls=1021 margin 8.94->8.94 t=3.2s
[DONE] evaluation__8113__deblur__confidence_boost__nes__l1 calls=1021 margin 8.94->15.59 t=3.0s
[DONE] evaluation__3437__denoise__attack__nes__l0.5 calls=1021 margin 0.24->-12.24 t=3.2s
[DONE] evaluation__3437__denoise__restore__nes__l0.5 calls=1021 margin 0.24->0.24 t=3.3s
[DONE] evaluation__3437__denoise__confidence_boost__nes__l0.5 calls=1021 margin 0.24->11.17 t=3.2s
[DONE] evaluation__3437__deblur__attack__nes__l1 calls=1021 margin 11.61->-9.56 t=3.1s
[DONE] evaluation__3437__deblur__restore__nes__l1 calls=1021 margin 11.61->11.61 t=3.2s
[DONE] evaluation__3437__deblur__confidence_boost__nes__l1 calls=1021 margin 11.61->14.08 t=3.1s
[DONE] evaluation__5668__denoise__attack__nes__l0.5 calls=1021 margin 5.47->-9.75 t=2.9s
[DONE] evaluation__5668__denoise__restore__nes__l0.5 calls=1021 margin 5.47->5.47 t=3.3s
[DONE] evaluation__5668__denoise__confidence_boost__nes__l0.5 calls=1021 margin 5.47->13.01 t=3.0s
[DONE] evaluation__5668__deblur__attack__nes__l1 calls=1021 margin 9.61->-8.91 t=3.0s
[DONE] evaluation__5668__deblur__restore__nes__l1 calls=1021 margin 9.61->9.61 t=2.8s
[DONE] evaluation__5668__deblur__confidence_boost__nes__l1 calls=1021 margin 9.61->14.29 t=2.9s
[DONE] evaluation__582__denoise__attack__nes__l0.5 calls=1021 margin 3.34->-9.33 t=3.0s
[DONE] evaluation__582__denoise__restore__nes__l0.5 calls=1021 margin 3.34->3.34 t=3.1s
[DONE] evaluation__582__denoise__confidence_boost__nes__l0.5 calls=1021 margin 3.34->10.26 t=3.2s
[DONE] evaluation__582__deblur__attack__nes__l1 calls=1021 margin 7.01->-6.91 t=3.3s
[DONE] evaluation__582__deblur__restore__nes__l1 calls=1021 margin 7.01->7.01 t=3.0s
[DONE] evaluation__582__deblur__confidence_boost__nes__l1 calls=1021 margin 7.01->13.29 t=3.0s
[DONE] evaluation__3270__denoise__attack__nes__l0.5 calls=1021 margin 6.24->-6.77 t=3.3s
[DONE] evaluation__3270__denoise__restore__nes__l0.5 calls=1021 margin 6.24->6.24 t=3.0s
[DONE] evaluation__3270__denoise__confidence_boost__nes__l0.5 calls=1021 margin 6.24->10.95 t=3.4s
[DONE] evaluation__3270__deblur__attack__nes__l1 calls=1021 margin 10.09->7.66 t=3.0s
[DONE] evaluation__3270__deblur__restore__nes__l1 calls=1021 margin 10.09->10.09 t=2.9s
[DONE] evaluation__3270__deblur__confidence_boost__nes__l1 calls=1021 margin 10.09->14.86 t=3.1s
[DONE] evaluation__6718__denoise__attack__nes__l0.5 calls=1021 margin 1.68->-10.63 t=3.3s
[DONE] evaluation__6718__denoise__restore__nes__l0.5 calls=1021 margin 1.68->2.16 t=3.1s
[DONE] evaluation__6718__denoise__confidence_boost__nes__l0.5 calls=1021 margin 1.68->11.66 t=3.0s
[DONE] evaluation__6718__deblur__attack__nes__l1 calls=1021 margin 8.16->-8.76 t=3.1s
[DONE] evaluation__6718__deblur__restore__nes__l1 calls=1021 margin 8.16->8.16 t=3.1s
[DONE] evaluation__6718__deblur__confidence_boost__nes__l1 calls=1021 margin 8.16->16.04 t=3.1s
[DONE] evaluation__3170__denoise__attack__nes__l0.5 calls=1021 margin 6.51->-1.83 t=3.5s
[DONE] evaluation__3170__denoise__restore__nes__l0.5 calls=1021 margin 6.51->6.69 t=3.6s
[DONE] evaluation__3170__denoise__confidence_boost__nes__l0.5 calls=1021 margin 6.51->10.00 t=3.1s
[DONE] evaluation__3170__deblur__attack__nes__l1 calls=1021 margin 5.36->-7.55 t=3.1s
[DONE] evaluation__3170__deblur__restore__nes__l1 calls=1021 margin 5.36->6.02 t=3.4s
[DONE] evaluation__3170__deblur__confidence_boost__nes__l1 calls=1021 margin 5.36->11.53 t=3.3s
[DONE] evaluation__7642__denoise__attack__nes__l0.5 calls=1021 margin 2.54->-12.72 t=3.3s
[DONE] evaluation__7642__denoise__restore__nes__l0.5 calls=1021 margin 2.54->2.54 t=3.2s
[DONE] evaluation__7642__denoise__confidence_boost__nes__l0.5 calls=1021 margin 2.54->12.05 t=3.3s
[DONE] evaluation__7642__deblur__attack__nes__l1 calls=1021 margin 10.02->-7.21 t=3.1s
[DONE] evaluation__7642__deblur__restore__nes__l1 calls=1021 margin 10.02->10.02 t=3.8s
[DONE] evaluation__7642__deblur__confidence_boost__nes__l1 calls=1021 margin 10.02->14.47 t=3.5s
[DONE] fit__90__denoise__attack__nes__l0.5 calls=1021 margin 4.88->-9.23 t=3.2s
[DONE] fit__90__denoise__restore__nes__l0.5 calls=1021 margin 4.88->4.88 t=3.3s
[DONE] fit__90__denoise__confidence_boost__nes__l0.5 calls=1021 margin 4.88->12.55 t=3.0s
[DONE] fit__90__deblur__attack__nes__l1 calls=1021 margin 7.09->-7.78 t=3.0s
[DONE] fit__90__deblur__restore__nes__l1 calls=1021 margin 7.09->7.09 t=3.0s
[DONE] fit__90__deblur__confidence_boost__nes__l1 calls=1021 margin 7.09->15.04 t=3.2s
[DONE] fit__8643__denoise__attack__nes__l0.5 calls=1021 margin 2.59->-10.35 t=3.2s
[DONE] fit__8643__denoise__restore__nes__l0.5 calls=1021 margin 2.59->2.59 t=3.0s
[DONE] fit__8643__denoise__confidence_boost__nes__l0.5 calls=1021 margin 2.59->11.40 t=3.1s
[DONE] fit__8643__deblur__attack__nes__l1 calls=1021 margin 10.82->-9.03 t=3.1s
[DONE] fit__8643__deblur__restore__nes__l1 calls=1021 margin 10.82->10.82 t=3.3s
[DONE] fit__8643__deblur__confidence_boost__nes__l1 calls=1021 margin 10.82->13.34 t=3.5s
[DONE] fit__7166__denoise__attack__nes__l0.5 calls=1021 margin 4.36->-5.42 t=3.2s
[DONE] fit__7166__denoise__restore__nes__l0.5 calls=1021 margin 4.36->4.62 t=3.4s
[DONE] fit__7166__denoise__confidence_boost__nes__l0.5 calls=1021 margin 4.36->11.51 t=3.2s
[DONE] fit__7166__deblur__attack__nes__l1 calls=1021 margin 8.72->-3.65 t=2.7s
[DONE] fit__7166__deblur__restore__nes__l1 calls=1021 margin 8.72->8.34 t=3.1s
[DONE] fit__7166__deblur__confidence_boost__nes__l1 calls=1021 margin 8.72->12.68 t=3.2s
[DONE] fit__3844__denoise__attack__nes__l0.5 calls=1021 margin 8.45->-4.49 t=3.0s
[DONE] fit__3844__denoise__restore__nes__l0.5 calls=1021 margin 8.45->8.48 t=3.3s
[DONE] fit__3844__denoise__confidence_boost__nes__l0.5 calls=1021 margin 8.45->14.88 t=3.2s
[DONE] fit__3844__deblur__attack__nes__l1 calls=1021 margin 7.18->-8.01 t=3.0s
[DONE] fit__3844__deblur__restore__nes__l1 calls=1021 margin 7.18->7.18 t=2.7s
[DONE] fit__3844__deblur__confidence_boost__nes__l1 calls=1021 margin 7.18->15.48 t=3.3s
[DONE] fit__2922__denoise__attack__nes__l0.5 calls=1021 margin 4.29->-11.91 t=3.1s
[DONE] fit__2922__denoise__restore__nes__l0.5 calls=1021 margin 4.29->4.29 t=3.3s
[DONE] fit__2922__denoise__confidence_boost__nes__l0.5 calls=1021 margin 4.29->14.47 t=3.2s
[DONE] fit__2922__deblur__attack__nes__l1 calls=1021 margin 10.75->-7.15 t=3.2s
[DONE] fit__2922__deblur__restore__nes__l1 calls=1021 margin 10.75->10.75 t=3.6s
[DONE] fit__2922__deblur__confidence_boost__nes__l1 calls=1021 margin 10.75->16.83 t=3.4s
[DONE] fit__1526__denoise__attack__nes__l0.5 calls=1021 margin 7.03->-8.88 t=3.2s
[DONE] fit__1526__denoise__restore__nes__l0.5 calls=1021 margin 7.03->7.03 t=3.4s
[DONE] fit__1526__denoise__confidence_boost__nes__l0.5 calls=1021 margin 7.03->14.89 t=3.3s
[DONE] fit__1526__deblur__attack__nes__l1 calls=1021 margin 10.16->-7.81 t=3.5s
[DONE] fit__1526__deblur__restore__nes__l1 calls=1021 margin 10.16->10.16 t=3.5s
[DONE] fit__1526__deblur__confidence_boost__nes__l1 calls=1021 margin 10.16->15.43 t=3.5s
[DONE] fit__6664__denoise__attack__nes__l0.5 calls=1021 margin 3.57->-11.43 t=3.5s
[DONE] fit__6664__denoise__restore__nes__l0.5 calls=1021 margin 3.57->3.03 t=3.3s
[DONE] fit__6664__denoise__confidence_boost__nes__l0.5 calls=1021 margin 3.57->11.04 t=3.1s
[DONE] fit__6664__deblur__attack__nes__l1 calls=1021 margin 7.97->-6.24 t=3.6s
[DONE] fit__6664__deblur__restore__nes__l1 calls=1021 margin 7.97->7.97 t=3.6s
[DONE] fit__6664__deblur__confidence_boost__nes__l1 calls=1021 margin 7.97->14.31 t=3.4s
[DONE] fit__6571__denoise__attack__nes__l0.5 calls=1021 margin 3.93->-11.40 t=3.0s
[DONE] fit__6571__denoise__restore__nes__l0.5 calls=1021 margin 3.93->3.93 t=3.1s
[DONE] fit__6571__denoise__confidence_boost__nes__l0.5 calls=1021 margin 3.93->10.28 t=3.0s
[DONE] fit__6571__deblur__attack__nes__l1 calls=1021 margin 8.85->-8.06 t=2.9s
[DONE] fit__6571__deblur__restore__nes__l1 calls=1021 margin 8.85->8.85 t=3.1s
[DONE] fit__6571__deblur__confidence_boost__nes__l1 calls=1021 margin 8.85->13.09 t=3.1s
[DONE] fit__4668__denoise__attack__nes__l0.5 calls=1021 margin 9.52->-7.24 t=3.2s
[DONE] fit__4668__denoise__restore__nes__l0.5 calls=1021 margin 9.52->9.71 t=3.2s
[DONE] fit__4668__denoise__confidence_boost__nes__l0.5 calls=1021 margin 9.52->14.99 t=3.2s
[DONE] fit__4668__deblur__attack__nes__l1 calls=1021 margin 4.04->-9.92 t=2.9s
[DONE] fit__4668__deblur__restore__nes__l1 calls=1021 margin 4.04->4.04 t=3.0s
[DONE] fit__4668__deblur__confidence_boost__nes__l1 calls=1021 margin 4.04->15.87 t=3.2s
[DONE] fit__2518__denoise__attack__nes__l0.5 calls=1021 margin 1.28->-8.81 t=3.5s
[DONE] fit__2518__denoise__restore__nes__l0.5 calls=1021 margin 1.28->1.28 t=4.0s
[DONE] fit__2518__denoise__confidence_boost__nes__l0.5 calls=1021 margin 1.28->8.15 t=4.7s
[DONE] fit__2518__deblur__attack__nes__l1 calls=1021 margin 4.56->-9.23 t=3.9s
[DONE] fit__2518__deblur__restore__nes__l1 calls=1021 margin 4.56->4.56 t=4.1s
[DONE] fit__2518__deblur__confidence_boost__nes__l1 calls=1021 margin 4.56->10.67 t=3.3s
[DONE] fit__1279__denoise__attack__nes__l0.5 calls=1021 margin 7.12->-2.39 t=3.1s
[DONE] fit__1279__denoise__restore__nes__l0.5 calls=1021 margin 7.12->7.27 t=3.2s
[DONE] fit__1279__denoise__confidence_boost__nes__l0.5 calls=1021 margin 7.12->12.79 t=3.3s
[DONE] fit__1279__deblur__attack__nes__l1 calls=1021 margin 5.89->-8.22 t=3.5s
[DONE] fit__1279__deblur__restore__nes__l1 calls=1021 margin 5.89->7.15 t=3.0s
[DONE] fit__1279__deblur__confidence_boost__nes__l1 calls=1021 margin 5.89->16.43 t=3.2s
[DONE] fit__8256__denoise__attack__nes__l0.5 calls=1021 margin 7.51->-4.41 t=3.0s
[DONE] fit__8256__denoise__restore__nes__l0.5 calls=1021 margin 7.51->7.51 t=3.1s
[DONE] fit__8256__denoise__confidence_boost__nes__l0.5 calls=1021 margin 7.51->13.16 t=3.2s
[DONE] fit__8256__deblur__attack__nes__l1 calls=1021 margin 11.97->4.38 t=3.0s
[DONE] fit__8256__deblur__restore__nes__l1 calls=1021 margin 11.97->11.97 t=3.2s
[DONE] fit__8256__deblur__confidence_boost__nes__l1 calls=1021 margin 11.97->15.67 t=3.1s
[DONE] fit__5980__denoise__attack__nes__l0.5 calls=1021 margin 4.84->-8.06 t=3.1s
[DONE] fit__5980__denoise__restore__nes__l0.5 calls=1021 margin 4.84->4.98 t=3.1s
[DONE] fit__5980__denoise__confidence_boost__nes__l0.5 calls=1021 margin 4.84->11.09 t=3.1s
[DONE] fit__5980__deblur__attack__nes__l1 calls=1021 margin 8.97->-7.47 t=3.3s
[DONE] fit__5980__deblur__restore__nes__l1 calls=1021 margin 8.97->8.97 t=2.8s
[DONE] fit__5980__deblur__confidence_boost__nes__l1 calls=1021 margin 8.97->13.03 t=3.1s
