[DONE] evaluation__3782__denoise__attack__nes__l0.5 calls=1021 margin 6.14->-5.81 t=2.9s
[DONE] evaluation__3782__denoise__restore__nes__l0.5 calls=1021 margin 6.14->6.17 t=2.8s
[DONE] evaluation__3782__denoise__confidence_boost__nes__l0.5 calls=1021 margin 6.14->11.94 t=2.8s
[DONE] evaluation__3782__deblur__attack__nes__l1 calls=1021 margin 6.93->-3.30 t=3.1s
[DONE] evaluation__3782__deblur__restore__nes__l1 calls=1021 margin 6.93->7.12 t=3.1s
[DONE] evaluation__3782__deblur__confidence_boost__nes__l1 calls=1021 margin 6.93->13.42 t=3.3s
[DONE] evaluation__8031__denoise__attack__nes__l0.5 calls=1021 margin 1.63->-7.82 t=3.4s
[DONE] evaluation__8031__denoise__restore__nes__l0.5 calls=1021 margin 1.63->1.63 t=3.3s
[DONE] evaluation__8031__denoise__confidence_boost__nes__l0.5 calls=1021 margin 1.63->10.38 t=3.4s
[DONE] evaluation__8031__deblur__attack__nes__l1 calls=1021 margin 8.75->-11.42 t=3.6s
[DONE] evaluation__8031__deblur__restore__nes__l1 calls=1021 margin 8.75->8.75 t=3.8s
[DONE] evaluation__8031__deblur__confidence_boost__nes__l1 calls=1021 margin 8.75->13.32 t=3.4s
[DONE] evaluation__81__denoise__attack__nes__l0.5 calls=1021 margin 2.65->-6.02 t=3.9s
[DONE] evaluation__81__denoise__restore__nes__l0.5 calls=1021 margin 2.65->2.81 t=3.9s
[DONE] evaluation__81__denoise__confidence_boost__nes__l0.5 calls=1021 margin 2.65->8.58 t=3.7s
[DONE] evaluation__81__deblur__attack__nes__l1 calls=1021 margin 1.67->-6.66 t=3.9s
[DONE] evaluation__81__deblur__restore__nes__l1 calls=1021 margin 1.67->1.67 t=3.7s
[DONE] evaluation__81__deblur__confidence_boost__nes__l1 calls=1021 margin 1.67->7.56 t=3.6s
[DONE] evaluation__5051__denoise__attack__nes__l0.5 calls=1021 margin 2.70->-7.88 t=3.9s
[DONE] evaluation__5051__denoise__restore__nes__l0.5 calls=1021 margin 2.70->2.70 t=3.6s
[DONE] evaluation__5051__denoise__confidence_boost__nes__l0.5 calls=1021 margin 2.70->9.37 t=3.5s
[DONE] evaluation__5051__deblur__attack__nes__l1 calls=1021 margin 8.45->-9.35 t=3.6s
[DONE] evaluation__5051__deblur__restore__nes__l1 calls=1021 margin 8.45->8.45 t=3.4s
[DONE] evaluation__5051__deblur__confidence_boost__nes__l1 calls=1021 margin 8.45->13.47 t=3.4s
[DONE] evaluation__8366__denoise__attack__nes__l0.5 calls=1021 margin 0.99->-8.54 t=3.5s
[DONE] evaluation__8366__denoise__restore__nes__l0.5 calls=1021 margin 0.99->0.68 t=3.5s
[DONE] evaluation__8366__denoise__confidence_boost__nes__l0.5 calls=1021 margin 0.99->9.04 t=3.4s
[DONE] evaluation__8366__deblur__attack__nes__l1 calls=1021 margin 5.37->-7.87 t=3.5s
[DONE] evaluation__8366__deblur__restore__nes__l1 calls=1021 margin 5.37->4.89 t=3.3s
[DONE] evaluation__8366__deblur__confidence_boost__nes__l1 calls=1021 margin 5.37->10.69 t=3.6s
[DONE] evaluation__2774__denoise__attack__nes__l0.5 calls=1021 margin 2.73->-7.43 t=3.5s
[DONE] evaluation__2774__denoise__restore__nes__l0.5 calls=1021 margin 2.73->2.73 t=3.5s
[DONE] evaluation__2774__denoise__confidence_boost__nes__l0.5 calls=1021 margin 2.73->10.37 t=3.6s
[DONE] evaluation__2774__deblur__attack__nes__l1 calls=1021 margin 5.75->-8.71 t=3.5s
[DONE] evaluation__2774__deblur__restore__nes__l1 calls=1021 margin 5.75->5.75 t=3.3s
[DONE] evaluation__2774__deblur__confidence_boost__nes__l1 calls=1021 margin 5.75->12.82 t=3.3s
[DONE] evaluation__7206__denoise__attack__nes__l0.5 calls=1021 margin 3.37->-8.61 t=3.7s
[DONE] evaluation__7206__denoise__restore__nes__l0.5 calls=1021 margin 3.37->3.37 t=3.3s
[DONE] evaluation__7206__denoise__confidence_boost__nes__l0.5 calls=1021 margin 3.37->13.22 t=3.4s
[DONE] evaluation__7206__deblur__attack__nes__l1 calls=1021 margin 5.60->-11.90 t=3.2s
[DONE] evaluation__7206__deblur__restore__nes__l1 calls=1021 margin 5.60->5.60 t=3.2s
[DONE] evaluation__7206__deblur__confidence_boost__nes__l1 calls=1021 margin 5.60->16.30 t=3.3s
[DONE] evaluation__1518__denoise__attack__nes__l0.5 calls=1021 margin 0.23->-10.15 t=3.3s
[DONE] evaluation__1518__denoise__restore__nes__l0.5 calls=1021 margin 0.23->0.23 t=3.4s
[DONE] evaluation__1518__denoise__confidence_boost__nes__l0.5 calls=1021 margin 0.23->9.43 t=3.2s
[DONE] evaluation__1518__deblur__attack__nes__l1 calls=1021 margin 5.52->-2.85 t=3.0s
[DONE] evaluation__1518__deblur__restore__nes__l1 calls=1021 margin 5.52->5.52 t=3.2s
[DONE] evaluation__1518__deblur__confidence_boost__nes__l1 calls=1021 margin 5.52->15.05 t=3.4s
[DONE] evaluation__5655__denoise__attack__nes__l0.5 calls=1021 margin 2.82->-11.28 t=3.4s
[DONE] evaluation__5655__denoise__restore__nes__l0.5 calls=1021 margin 2.82->2.82 t=3.3s
[DONE] evaluation__5655__denoise__confidence_boost__nes__l0.5 calls=1021 margin 2.82->11.89 t=3.6s
[DONE] evaluation__5655__deblur__attack__nes__l1 calls=1021 margin 5.51->-7.03 t=3.5s
[DONE] evaluation__5655__deblur__restore__nes__l1 calls=1021 margin 5.51->5.51 t=3.6s
[DONE] evaluation__5655__deblur__confidence_boost__nes__l1 calls=1021 margin 5.51->12.12 t=3.4s
[DONE] evaluation__8196__denoise__attack__nes__l0.5 calls=1021 margin 3.23->-8.33 t=3.2s
[DONE] evaluation__8196__denoise__restore__nes__l0.5 calls=1021 margin 3.23->2.70 t=3.2s
[DONE] evaluation__8196__denoise__confidence_boost__nes__l0.5 calls=1021 margin 3.23->9.74 t=3.1s
[DONE] evaluation__8196__deblur__attack__nes__l1 calls=1021 margin 7.35->-10.38 t=3.5s
[DONE] evaluation__8196__deblur__restore__nes__l1 calls=1021 margin 7.35->7.35 t=3.7s
[DONE] evaluation__8196__deblur__confidence_boost__nes__l1 calls=1021 margin 7.35->11.55 t=3.3s
[DONE] evaluation__3692__denoise__attack__nes__l0.5 calls=1021 margin 4.46->-9.18 t=3.3s
[DONE] evaluation__3692__denoise__restore__nes__l0.5 calls=1021 margin 4.46->4.46 t=3.4s
[DONE] evaluation__3692__denoise__confidence_boost__nes__l0.5 calls=1021 margin 4.46->14.07 t=3.3s
[DONE] evaluation__3692__deblur__attack__nes__l1 calls=1021 margin 9.22->-9.21 t=3.5s
[DONE] evaluation__3692__deblur__restore__nes__l1 calls=1021 margin 9.22->9.22 t=3.3s
[DONE] evaluation__3692__deblur__confidence_boost__nes__l1 calls=1021 margin 9.22->16.24 t=3.1s
[DONE] evaluation__6005__denoise__attack__nes__l0.5 calls=1021 margin 8.76->-4.79 t=3.2s
[DONE] evaluation__6005__denoise__restore__nes__l0.5 calls=1021 margin 8.76->8.76 t=3.3s
[DONE] evaluation__6005__denoise__confidence_boost__nes__l0.5 calls=1021 margin 8.76->14.84 t=3.1s
[DONE] evaluation__6005__deblur__attack__nes__l1 calls=1021 margin 11.28->-5.08 t=3.4s
[DONE] evaluation__6005__deblur__restore__nes__l1 calls=1021 margin 11.28->11.28 t=3.2s
[DONE] evaluation__6005__deblur__confidence_boost__nes__l1 calls=1021 margin 11.28->16.82 t=3.2s
[DONE] evaluation__1599__denoise__attack__nes__l0.5 calls=1021 margin 1.71->-9.97 t=3.3s
[DONE] evaluation__1599__denoise__restore__nes__l0.5 calls=1021 margin 1.71->1.71 t=3.2s
[DONE] evaluation__1599__denoise__confidence_boost__nes__l0.5 calls=1021 margin 1.71->11.66 t=3.2s
[DONE] evaluation__1599__deblur__attack__nes__l1 calls=1021 margin 14.85->-3.58 t=3.3s
[DONE] evaluation__1599__deblur__restore__nes__l1 calls=1021 margin 14.85->14.85 t=3.4s
[DONE] evaluation__1599__deblur__confidence_boost__nes__l1 calls=1021 margin 14.85->15.94 t=3.2s
[DONE] evaluation__5615__denoise__attack__nes__l0.5 calls=1021 margin 0.92->-11.61 t=2.9s
[DONE] evaluation__5615__denoise__restore__nes__l0.5 calls=1021 margin 0.92->0.92 t=3.1s
[DONE] evaluation__5615__denoise__confidence_boost__nes__l0.5 calls=1021 margin 0.92->8.91 t=3.1s
[DONE] evaluation__5615__deblur__attack__nes__l1 calls=1021 margin 3.54->-8.84 t=3.3s
[DONE] evaluation__5615__deblur__restore__nes__l1 calls=1021 margin 3.54->3.54 t=3.2s
[DONE] evaluation__5615__deblur__confidence_boost__nes__l1 calls=1021 margin 3.54->11.91 t=3.0s
[DONE] evaluation__9410__denoise__attack__nes__l0.5 calls=1021 margin 1.41->-11.42 t=3.2s
[DONE] evaluation__9410__denoise__restore__nes__l0.5 calls=1021 margin 1.41->1.41 t=2.8s
[DONE] evaluation__9410__denoise__confidence_boost__nes__l0.5 calls=1021 margin 1.41->8.22 t=3.3s
[DONE] evaluation__9410__deblur__attack__nes__l1 calls=1021 margin 7.30->-6.72 t=3.4s
[DONE] evaluation__9410__deblur__restore__nes__l1 calls=1021 margin 7.30->7.30 t=3.3s
[DONE] evaluation__9410__deblur__confidence_boost__nes__l1 calls=1021 margin 7.30->13.60 t=3.7s
[DONE] evaluation__2488__denoise__attack__nes__l0.5 calls=1021 margin 11.93->-4.79 t=3.3s
[DONE] evaluation__2488__denoise__restore__nes__l0.5 calls=1021 margin 11.93->11.93 t=3.4s
[DONE] evaluation__2488__denoise__confidence_boost__nes__l0.5 calls=1021 margin 11.93->15.17 t=3.6s
[DONE] evaluation__2488__deblur__attack__nes__l1 calls=1021 margin 10.43->-10.35 t=3.2s
[DONE] evaluation__2488__deblur__restore__nes__l1 calls=1021 margin 10.43->10.43 t=3.1s
[DONE] evaluation__2488__deblur__confidence_boost__nes__l1 calls=1021 margin 10.43->16.16 t=3.4s
[DONE] evaluation__6894__denoise__attack__nes__l0.5 calls=1021 margin 5.16->-9.55 t=3.1s
[DONE] evaluation__6894__denoise__restore__nes__l0.5 calls=1021 margin 5.16->5.16 t=3.3s
[DONE] evaluation__6894__denoise__confidence_boost__nes__l0.5 calls=1021 margin 5.16->13.91 t=3.5s
[DONE] evaluation__6894__deblur__attack__nes__l1 calls=1021 margin 10.29->-5.07 t=3.3s
[DONE] evaluation__6894__deblur__restore__nes__l1 calls=1021 margin 10.29->10.29 t=3.1s
[DONE] evaluation__6894__deblur__confidence_boost__nes__l1 calls=1021 margin 10.29->15.66 t=3.0s
[DONE] evaluation__808__denoise__attack__nes__l0.5 calls=1021 margin 0.02->-9.20 t=3.2s
[DONE] evaluation__808__denoise__restore__nes__l0.5 calls=1021 margin 0.02->0.02 t=3.5s
[DONE] evaluation__808__denoise__confidence_boost__nes__l0.5 calls=1021 margin 0.02->10.59 t=3.4s
[DONE] evaluation__808__deblur__attack__nes__l1 calls=1021 margin 9.61->-7.58 t=3.3s
[DONE] evaluation__808__deblur__restore__nes__l1 calls=1021 margin 9.61->9.61 t=3.2s
[DONE] evaluation__808__deblur__confidence_boost__nes__l1 calls=1021 margin 9.61->14.70 t=3.3s
[DONE] evaluation__5153__denoise__attack__nes__l0.5 calls=1021 margin 6.20->-8.34 t=3.1s
[DONE] evaluation__5153__denoise__restore__nes__l0.5 calls=1021 margin 6.20->6.20 t=3.7s
[DONE] evaluation__5153__denoise__confidence_boost__nes__l0.5 calls=1021 margin 6.20->15.32 t=3.5s
[DONE] evaluation__5153__deblur__attack__nes__l1 calls=1021 margin 11.45->-12.11 t=3.7s
[DONE] evaluation__5153__deblur__restore__nes__l1 calls=1021 margin 11.45->11.45 t=3.6s
[DONE] evaluation__5153__deblur__confidence_boost__nes__l1 calls=1021 margin 11.45->16.45 t=3.7s
[DONE] evaluation__8327__denoise__attack__nes__l0.5 calls=1021 margin 0.14->-11.39 t=3.3s
[DONE] evaluation__8327__denoise__restore__nes__l0.5 calls=1021 margin 0.14->0.14 t=3.4s
[DONE] evaluation__8327__denoise__confidence_boost__nes__l0.5 calls=1021 margin 0.14->9.29 t=3.7s
[DONE] evaluation__8327__deblur__attack__nes__l1 calls=1021 margin 8.87->-10.43 t=3.6s
[DONE] evaluation__8327__deblur__restore__nes__l1 calls=1021 margin 8.87->8.87 t=3.5s
[DONE] evaluation__8327__deblur__confidence_boost__nes__l1 calls=1021 margin 8.87->13.13 t=3.4s
[DONE] evaluation__1897__denoise__attack__nes__l0.5 calls=1021 margin 0.49->-9.44 t=3.5s
[DONE] evaluation__1897__denoise__restore__nes__l0.5 calls=1021 margin 0.49->0.53 t=3.2s
[DONE] evaluation__1897__denoise__confidence_boost__nes__l0.5 calls=1021 margin 0.49->9.76 t=3.0s
[DONE] evaluation__1897__deblur__attack__nes__l1 calls=1021 margin 5.49->-10.17 t=3.4s
[DONE] evaluation__1897__deblur__restore__nes__l1 calls=1021 margin 5.49->5.49 t=3.2s
[DONE] evaluation__1897__deblur__confidence_boost__nes__l1 calls=1021 margin 5.49->15.13 t=3.0s
[DONE] evaluation__4539__denoise__attack__nes__l0.5 calls=1021 margin 3.94->-8.12 t=3.2s
[DONE] evaluation__4539__denoise__restore__nes__l0.5 calls=1021 margin 3.94->3.94 t=3.0s
[DONE] evaluation__4539__denoise__confidence_boost__nes__l0.5 calls=1021 margin 3.94->10.29 t=3.2s
[DONE] evaluation__4539__deblur__attack__nes__l1 calls=1021 margin 5.35->-8.42 t=3.3s
[DONE] evaluation__4539__deblur__restore__nes__l1 calls=1021 margin 5.35->5.35 t=3.2s
[DONE] evaluation__4539__deblur__confidence_boost__nes__l1 calls=1021 margin 5.35->13.46 t=3.5s
[DONE] evaluation__609__denoise__attack__nes__l0.5 calls=1021 margin 7.13->-0.79 t=3.1s
[DONE] evaluation__609__denoise__restore__nes__l0.5 calls=1021 margin 7.13->6.89 t=3.3s
[DONE] evaluation__609__denoise__confidence_boost__nes__l0.5 calls=1021 margin 7.13->11.99 t=3.3s
[DONE] evaluation__609__deblur__attack__nes__l1 calls=1021 margin 11.54->4.35 t=3.3s
[DONE] evaluation__609__deblur__restore__nes__l1 calls=1021 margin 11.54->11.54 t=3.0s
[DONE] evaluation__609__deblur__confidence_boost__nes__l1 calls=1021 margin 11.54->13.53 t=3.5s
[DONE] evaluation__6167__denoise__attack__nes__l0.5 calls=1021 margin 3.39->-9.96 t=3.5s
[DONE] evaluation__6167__denoise__restore__nes__l0.5 calls=1021 margin 3.39->3.73 t=3.0s
[DONE] evaluation__6167__denoise__confidence_boost__nes__l0.5 calls=1021 margin 3.39->11.38 t=3.1s
[DONE] evaluation__6167__deblur__attack__nes__l1 calls=1021 margin 1.47->-15.41 t=3.3s
[DONE] evaluation__6167__deblur__restore__nes__l1 calls=1021 margin 1.47->1.47 t=2.9s
[DONE] evaluation__6167__deblur__confidence_boost__nes__l1 calls=1021 margin 1.47->11.53 t=3.1s
[DONE] evaluation__9060__denoise__attack__nes__l0.5 calls=1021 margin 3.55->-10.86 t=3.1s
[DONE] evaluation__9060__denoise__restore__nes__l0.5 calls=1021 margin 3.55->4.65 t=3.5s
[DONE] evaluation__9060__denoise__confidence_boost__nes__l0.5 calls=1021 margin 3.55->10.92 t=3.3s
[DONE] evaluation__9060__deblur__attack__nes__l1 calls=1021 margin 7.55->-12.52 t=3.7s
[DONE] evaluation__9060__deblur__restore__nes__l1 calls=1021 margin 7.55->7.55 t=2.7s
[DONE] evaluation__9060__deblur__confidence_boost__nes__l1 calls=1021 margin 7.55->13.35 t=3.0s
[DONE] fit__5256__denoise__attack__nes__l0.5 calls=1021 margin 1.61->-7.72 t=3.2s
[DONE] fit__5256__denoise__restore__nes__l0.5 calls=1021 margin 1.61->1.61 t=3.6s
[DONE] fit__5256__denoise__confidence_boost__nes__l0.5 calls=1021 margin 1.61->11.10 t=3.3s
[DONE] fit__5256__deblur__attack__nes__l1 calls=1021 margin 9.57->-10.98 t=3.3s
[DONE] fit__5256__deblur__restore__nes__l1 calls=1021 margin 9.57->9.57 t=3.6s
[DONE] fit__5256__deblur__confidence_boost__nes__l1 calls=1021 margin 9.57->10.91 t=3.3s
[DONE] fit__3647__denoise__attack__nes__l0.5 calls=1021 margin 7.44->-2.12 t=3.3s
[DONE] fit__3647__denoise__restore__nes__l0.5 calls=1021 margin 7.44->6.78 t=3.2s
[DONE] fit__3647__denoise__confidence_boost__nes__l0.5 calls=1021 margin 7.44->12.06 t=3.4s
[DONE] fit__3647__deblur__attack__nes__l1 calls=1021 margin 6.18->-6.92 t=3.3s
[DONE] fit__3647__deblur__restore__nes__l1 calls=1021 margin 6.18->6.71 t=3.2s
[DONE] fit__3647__deblur__confidence_boost__nes__l1 calls=1021 margin 6.18->12.70 t=3.1s
[DONE] fit__1852__denoise__attack__nes__l0.5 calls=1021 margin 6.66->-2.31 t=3.2s
[DONE] fit__1852__denoise__restore__nes__l0.5 calls=1021 margin 6.66->6.49 t=3.3s
[DONE] fit__1852__denoise__confidence_boost__nes__l0.5 calls=1021 margin 6.66->11.76 t=3.5s
[DONE] fit__1852__deblur__attack__nes__l1 calls=1021 margin 7.76->-1.01 t=3.2s
[DONE] fit__1852__deblur__restore__nes__l1 calls=1021 margin 7.76->7.76 t=3.3s
[DONE] fit__1852__deblur__confidence_boost__nes__l1 calls=1021 margin 7.76->13.99 t=3.3s
[DONE] fit__9423__denoise__attack__nes__l0.5 calls=1021 margin 4.38->-11.53 t=3.6s
[DONE] fit__9423__denoise__restore__nes__l0.5 calls=1021 margin 4.38->4.38 t=4.0s
[DONE] fit__9423__denoise__confidence_boost__nes__l0.5 calls=1021 margin 4.38->12.99 t=4.2s
[DONE] fit__9423__deblur__attack__nes__l1 calls=1021 margin 2.34->-10.14 t=4.4s
[DONE] fit__9423__deblur__restore__nes__l1 calls=1021 margin 2.34->2.34 t=4.7s
[DONE] fit__9423__deblur__confidence_boost__nes__l1 calls=1021 margin 2.34->13.82 t=3.5s
[DONE] fit__8204__denoise__attack__nes__l0.5 calls=1021 margin 2.56->-14.46 t=3.4s
[DONE] fit__8204__denoise__restore__nes__l0.5 calls=1021 margin 2.56->2.56 t=3.1s
[DONE] fit__8204__denoise__confidence_boost__nes__l0.5 calls=1021 margin 2.56->12.73 t=3.0s
[DONE] fit__8204__deblur__attack__nes__l1 calls=1021 margin 13.21->-11.24 t=2.8s
[DONE] fit__8204__deblur__restore__nes__l1 calls=1021 margin 13.21->13.21 t=2.9s
[DONE] fit__8204__deblur__confidence_boost__nes__l1 calls=1021 margin 13.21->15.73 t=3.3s
[DONE] fit__3498__denoise__attack__nes__l0.5 calls=1021 margin 3.68->-5.68 t=3.2s
[DONE] fit__3498__denoise__restore__nes__l0.5 calls=1021 margin 3.68->3.14 t=3.2s
[DONE] fit__3498__denoise__confidence_boost__nes__l0.5 calls=1021 margin 3.68->14.01 t=3.5s
[DONE] fit__3498__deblur__attack__nes__l1 calls=1021 margin 12.90->-3.88 t=3.1s
[DONE] fit__3498__deblur__restore__nes__l1 calls=1021 margin 12.90->12.90 t=3.1s
[DONE] fit__3498__deblur__confidence_boost__nes__l1 calls=1021 margin 12.90->17.65 t=3.0s
[DONE] fit__4406__denoise__attack__nes__l0.5 calls=1021 margin 0.66->-11.20 t=3.2s
[DONE] fit__4406__denoise__restore__nes__l0.5 calls=1021 margin 0.66->0.66 t=3.2s
[DONE] fit__4406__denoise__confidence_boost__nes__l0.5 calls=1021 margin 0.66->11.46 t=3.4s
[DONE] fit__4406__deblur__attack__nes__l1 calls=1021 margin 10.91->-3.89 t=3.2s
[DONE] fit__4406__deblur__restore__nes__l1 calls=1021 margin 10.91->10.91 t=3.2s
[DONE] fit__4406__deblur__confidence_boost__nes__l1 calls=1021 margin 10.91->15.69 t=3.4s
[DONE] fit__1436__denoise__attack__nes__l0.5 calls=1021 margin 13.07->3.52 t=3.1s
[DONE] fit__1436__denoise__restore__nes__l0.5 calls=1021 margin 13.07->13.29 t=2.9s
[DONE] fit__1436__denoise__confidence_boost__nes__l0.5 calls=1021 margin 13.07->15.72 t=3.0s
[DONE] fit__1436__deblur__attack__nes__l1 calls=1021 margin 3.38->-7.22 t=3.0s
[DONE] fit__1436__deblur__restore__nes__l1 calls=1021 margin 3.38->3.38 t=3.0s
[DONE] fit__1436__deblur__confidence_boost__nes__l1 calls=1021 margin 3.38->14.92 t=3.1s
[DONE] fit__9789__denoise__attack__nes__l0.5 calls=1021 margin 9.35->-5.86 t=3.0s
[DONE] fit__9789__denoise__restore__nes__l0.5 calls=1021 margin 9.35->9.35 t=3.1s
[DONE] fit__9789__denoise__confidence_boost__nes__l0.5 calls=1021 margin 9.35->15.27 t=3.2s
[DONE] fit__9789__deblur__attack__nes__l1 calls=1021 margin 9.16->-6.25 t=2.8s
[DONE] fit__9789__deblur__restore__nes__l1 calls=1021 margin 9.16->9.16 t=2.8s
[DONE] fit__9789__deblur__confidence_boost__nes__l1 calls=1021 margin 9.16->16.40 t=3.1s
[DONE] fit__6955__denoise__attack__nes__l0.5 calls=1021 margin 10.44->-5.44 t=2.9s
[DONE] fit__6955__denoise__restore__nes__l0.5 calls=1021 margin 10.44->10.44 t=2.8s
[DONE] fit__6955__denoise__confidence_boost__nes__l0.5 calls=1021 margin 10.44->16.02 t=2.9s
[DONE] fit__6955__deblur__attack__nes__l1 calls=1021 margin 14.62->-6.75 t=2.8s
[DONE] fit__6955__deblur__restore__nes__l1 calls=1021 margin 14.62->14.62 t=2.5s
[DONE] fit__6955__deblur__confidence_boost__nes__l1 calls=1021 margin 14.62->17.09 t=2.5s
[DONE] fit__3686__denoise__attack__nes__l0.5 calls=1021 margin 2.56->-5.52 t=2.7s
[DONE] fit__3686__denoise__restore__nes__l0.5 calls=1021 margin 2.56->2.56 t=2.9s
[DONE] fit__3686__denoise__confidence_boost__nes__l0.5 calls=1021 margin 2.56->9.51 t=2.8s
[DONE] fit__3686__deblur__attack__nes__l1 calls=1021 margin 8.67->-8.30 t=3.0s
[DONE] fit__3686__deblur__restore__nes__l1 calls=1021 margin 8.67->8.67 t=3.0s
[DONE] fit__3686__deblur__confidence_boost__nes__l1 calls=1021 margin 8.67->15.58 t=3.2s
[DONE] fit__3732__denoise__attack__nes__l0.5 calls=1021 margin 6.47->-6.10 t=2.6s
[DONE] fit__3732__denoise__restore__nes__l0.5 calls=1021 margin 6.47->6.32 t=2.4s
[DONE] fit__3732__denoise__confidence_boost__nes__l0.5 calls=1021 margin 6.47->12.48 t=2.4s
[DONE] fit__3732__deblur__attack__nes__l1 calls=1021 margin 6.78->-7.81 t=2.4s
[DONE] fit__3732__deblur__restore__nes__l1 calls=1021 margin 6.78->6.78 t=2.4s
[DONE] fit__3732__deblur__confidence_boost__nes__l1 calls=1021 margin 6.78->13.27 t=2.3s
