[DONE] evaluation__5857__denoise__attack__nes__l0.5 calls=1021 margin 1.55->-7.95 t=3.7s
[DONE] evaluation__5857__denoise__restore__nes__l0.5 calls=1021 margin 1.55->1.55 t=3.7s
[DONE] evaluation__5857__denoise__confidence_boost__nes__l0.5 calls=1021 margin 1.55->10.13 t=3.7s
[DONE] evaluation__5857__deblur__attack__nes__l1 calls=1021 margin 6.47->-10.42 t=3.3s
[DONE] evaluation__5857__deblur__restore__nes__l1 calls=1021 margin 6.47->6.47 t=3.4s
[DONE] evaluation__5857__deblur__confidence_boost__nes__l1 calls=1021 margin 6.47->10.86 t=3.7s
[DONE] evaluation__8894__denoise__attack__nes__l0.5 calls=1021 margin 1.28->-7.44 t=3.4s
[DONE] evaluation__8894__denoise__restore__nes__l0.5 calls=1021 margin 1.28->1.28 t=3.5s
[DONE] evaluation__8894__denoise__confidence_boost__nes__l0.5 calls=1021 margin 1.28->9.56 t=3.5s
[DONE] evaluation__8894__deblur__attack__nes__l1 calls=1021 margin 8.42->-8.16 t=3.4s
[DONE] evaluation__8894__deblur__restore__nes__l1 calls=1021 margin 8.42->8.42 t=3.1s
[DONE] evaluation__8894__deblur__confidence_boost__nes__l1 calls=1021 margin 8.42->10.35 t=3.3s
[DONE] evaluation__604__denoise__attack__nes__l0.5 calls=1021 margin 6.83->-5.94 t=3.3s
[DONE] evaluation__604__denoise__restore__nes__l0.5 calls=1021 margin 6.83->6.83 t=3.2s
[DONE] evaluation__604__denoise__confidence_boost__nes__l0.5 calls=1021 margin 6.83->13.33 t=3.1s
[DONE] evaluation__604__deblur__attack__nes__l1 calls=1021 margin 11.28->-0.65 t=3.4s
[DONE] evaluation__604__deblur__restore__nes__l1 calls=1021 margin 11.28->11.28 t=3.3s
[DONE] evaluation__604__deblur__confidence_boost__nes__l1 calls=1021 margin 11.28->15.06 t=3.7s
[DONE] evaluation__6789__denoise__attack__nes__l0.5 calls=1021 margin 1.36->-6.95 t=3.6s
[DONE] evaluation__6789__denoise__restore__nes__l0.5 calls=1021 margin 1.36->1.46 t=3.4s
[DONE] evaluation__6789__denoise__confidence_boost__nes__l0.5 calls=1021 margin 1.36->9.39 t=2.8s
[DONE] evaluation__6789__deblur__attack__nes__l1 calls=1021 margin 9.18->-8.42 t=3.3s
[DONE] evaluation__6789__deblur__restore__nes__l1 calls=1021 margin 9.18->9.18 t=3.3s
[DONE] evaluation__6789__deblur__confidence_boost__nes__l1 calls=1021 margin 9.18->9.18 t=3.2s
[DONE] evaluation__9455__denoise__attack__nes__l0.5 calls=1021 margin 0.92->-10.07 t=3.3s
[DONE] evaluation__9455__denoise__restore__nes__l0.5 calls=1021 margin 0.92->0.92 t=3.5s
[DONE] evaluation__9455__denoise__confidence_boost__nes__l0.5 calls=1021 margin 0.92->8.37 t=3.6s
[DONE] evaluation__9455__deblur__attack__nes__l1 calls=1021 margin 9.25->-9.62 t=3.2s
[DONE] evaluation__9455__deblur__restore__nes__l1 calls=1021 margin 9.25->9.25 t=3.0s
[DONE] evaluation__9455__deblur__confidence_boost__nes__l1 calls=1021 margin 9.25->13.00 t=3.2s
[DONE] evaluation__3573__denoise__attack__nes__l0.5 calls=1021 margin 8.55->-4.05 t=3.3s
[DONE] evaluation__3573__denoise__restore__nes__l0.5 calls=1021 margin 8.55->8.55 t=3.2s
[DONE] evaluation__3573__denoise__confidence_boost__nes__l0.5 calls=1021 margin 8.55->13.80 t=3.1s
[DONE] evaluation__3573__deblur__attack__nes__l1 calls=1021 margin 9.61->-9.12 t=3.2s
[DONE] evaluation__3573__deblur__restore__nes__l1 calls=1021 margin 9.61->9.61 t=3.2s
[DONE] evaluation__3573__deblur__confidence_boost__nes__l1 calls=1021 margin 9.61->15.33 t=3.0s
[DONE] evaluation__7855__denoise__attack__nes__l0.5 calls=1021 margin 1.41->-9.07 t=3.1s
[DONE] evaluation__7855__denoise__restore__nes__l0.5 calls=1021 margin 1.41->1.41 t=3.3s
[DONE] evaluation__7855__denoise__confidence_boost__nes__l0.5 calls=1021 margin 1.41->11.83 t=3.4s
[DONE] evaluation__7855__deblur__attack__nes__l1 calls=1021 margin 2.63->-14.89 t=3.2s
[DONE] evaluation__7855__deblur__restore__nes__l1 calls=1021 margin 2.63->2.63 t=3.2s
[DONE] evaluation__7855__deblur__confidence_boost__nes__l1 calls=1021 margin 2.63->14.18 t=3.2s
[DONE] evaluation__2991__denoise__attack__nes__l0.5 calls=1021 margin 2.68->-9.79 t=3.1s
[DONE] evaluation__2991__denoise__restore__nes__l0.5 calls=1021 margin 2.68->2.68 t=2.9s
[DONE] evaluation__2991__denoise__confidence_boost__nes__l0.5 calls=1021 margin 2.68->10.66 t=3.3s
[DONE] evaluation__2991__deblur__attack__nes__l1 calls=1021 margin 7.17->-10.37 t=2.9s
[DONE] evaluation__2991__deblur__restore__nes__l1 calls=1021 margin 7.17->7.17 t=3.2s
[DONE] evaluation__2991__deblur__confidence_boost__nes__l1 calls=1021 margin 7.17->13.24 t=3.2s
[DONE] evaluation__6079__denoise__attack__nes__l0.5 calls=1021 margin 3.97->-6.87 t=3.2s
[DONE] evaluation__6079__denoise__restore__nes__l0.5 calls=1021 margin 3.97->3.97 t=3.3s
[DONE] evaluation__6079__denoise__confidence_boost__nes__l0.5 calls=1021 margin 3.97->11.14 t=3.3s
[DONE] evaluation__6079__deblur__attack__nes__l1 calls=1021 margin 5.83->-3.17 t=3.5s
[DONE] evaluation__6079__deblur__restore__nes__l1 calls=1021 margin 5.83->5.83 t=3.6s
[DONE] evaluation__6079__deblur__confidence_boost__nes__l1 calls=1021 margin 5.83->12.56 t=3.4s
[DONE] evaluation__9839__denoise__attack__nes__l0.5 calls=1021 margin 0.97->-8.14 t=3.0s
[DONE] evaluation__9839__denoise__restore__nes__l0.5 calls=1021 margin 0.97->0.97 t=3.1s
[DONE] evaluation__9839__denoise__confidence_boost__nes__l0.5 calls=1021 margin 0.97->7.98 t=3.3s
[DONE] evaluation__9839__deblur__attack__nes__l1 calls=1021 margin 1.49->-6.57 t=3.4s
[DONE] evaluation__9839__deblur__restore__nes__l1 calls=1021 margin 1.49->1.49 t=3.3s
[DONE] evaluation__9839__deblur__confidence_boost__nes__l1 calls=1021 margin 1.49->12.51 t=3.3s
[DONE] evaluation__3822__denoise__attack__nes__l0.5 calls=1021 margin 5.28->-5.85 t=3.4s
[DONE] evaluation__3822__denoise__restore__nes__l0.5 calls=1021 margin 5.28->5.28 t=3.4s
[DONE] evaluation__3822__denoise__confidence_boost__nes__l0.5 calls=1021 margin 5.28->13.76 t=3.5s
[DONE] evaluation__3822__deblur__attack__nes__l1 calls=1021 margin 7.28->-8.07 t=3.4s
[DONE] evaluation__3822__deblur__restore__nes__l1 calls=1021 margin 7.28->7.28 t=3.5s
[DONE] evaluation__3822__deblur__confidence_boost__nes__l1 calls=1021 margin 7.28->16.31 t=3.4s
[DONE] evaluation__8354__denoise__attack__nes__l0.5 calls=1021 margin 1.72->-11.70 t=3.4s
[DONE] evaluation__8354__denoise__restore__nes__l0.5 calls=1021 margin 1.72->1.72 t=3.1s
[DONE] evaluation__8354__denoise__confidence_boost__nes__l0.5 calls=1021 margin 1.72->11.05 t=3.5s
[DONE] evaluation__8354__deblur__attack__nes__l1 calls=1021 margin 4.42->-12.40 t=3.4s
[DONE] evaluation__8354__deblur__restore__nes__l1 calls=1021 margin 4.42->4.42 t=3.2s
[DONE] evaluation__8354__deblur__confidence_boost__nes__l1 calls=1021 margin 4.42->12.75 t=3.5s
[DONE] evaluation__2281__denoise__attack__nes__l0.5 calls=1021 margin 5.43->-7.57 t=3.2s
[DONE] evaluation__2281__denoise__restore__nes__l0.5 calls=1021 margin 5.43->5.43 t=3.3s
[DONE] evaluation__2281__denoise__confidence_boost__nes__l0.5 calls=1021 margin 5.43->12.90 t=3.2s
[DONE] evaluation__2281__deblur__attack__nes__l1 calls=1021 margin 9.89->-6.56 t=3.0s
[DONE] evaluation__2281__deblur__restore__nes__l1 calls=1021 margin 9.89->9.89 t=3.3s
[DONE] evaluation__2281__deblur__confidence_boost__nes__l1 calls=1021 margin 9.89->14.95 t=3.6s
[DONE] evaluation__6092__denoise__attack__nes__l0.5 calls=1021 margin 2.73->-9.08 t=3.2s
[DONE] evaluation__6092__denoise__restore__nes__l0.5 calls=1021 margin 2.73->2.77 t=3.3s
[DONE] evaluation__6092__denoise__confidence_boost__nes__l0.5 calls=1021 margin 2.73->9.79 t=3.0s
[DONE] evaluation__6092__deblur__attack__nes__l1 calls=1021 margin 8.47->-6.45 t=2.7s
[DONE] evaluation__6092__deblur__restore__nes__l1 calls=1021 margin 8.47->8.47 t=3.0s
[DONE] evaluation__6092__deblur__confidence_boost__nes__l1 calls=1021 margin 8.47->15.32 t=3.2s
[DONE] evaluation__9759__denoise__attack__nes__l0.5 calls=1021 margin 3.09->-11.28 t=3.2s
[DONE] evaluation__9759__denoise__restore__nes__l0.5 calls=1021 margin 3.09->3.09 t=3.6s
[DONE] evaluation__9759__denoise__confidence_boost__nes__l0.5 calls=1021 margin 3.09->12.54 t=3.5s
[DONE] evaluation__9759__deblur__attack__nes__l1 calls=1021 margin 4.91->-11.97 t=3.5s
[DONE] evaluation__9759__deblur__restore__nes__l1 calls=1021 margin 4.91->4.91 t=3.8s
[DONE] evaluation__9759__deblur__confidence_boost__nes__l1 calls=1021 margin 4.91->15.49 t=3.6s
[DONE] evaluation__4291__denoise__attack__nes__l0.5 calls=1021 margin 3.33->-6.44 t=3.4s
[DONE] evaluation__4291__denoise__restore__nes__l0.5 calls=1021 margin 3.33->3.31 t=3.2s
[DONE] evaluation__4291__denoise__confidence_boost__nes__l0.5 calls=1021 margin 3.33->10.59 t=3.2s
[DONE] evaluation__4291__deblur__attack__nes__l1 calls=1021 margin 2.22->-12.68 t=3.1s
[DONE] evaluation__4291__deblur__restore__nes__l1 calls=1021 margin 2.22->2.16 t=3.4s
[DONE] evaluation__4291__deblur__confidence_boost__nes__l1 calls=1021 margin 2.22->10.73 t=3.6s
[DONE] evaluation__7777__denoise__attack__nes__l0.5 calls=1021 margin 13.14->-2.90 t=3.4s
[DONE] evaluation__7777__denoise__restore__nes__l0.5 calls=1021 margin 13.14->13.14 t=3.5s
[DONE] evaluation__7777__denoise__confidence_boost__nes__l0.5 calls=1021 margin 13.14->15.92 t=3.3s
[DONE] evaluation__7777__deblur__attack__nes__l1 calls=1021 margin 2.94->-11.06 t=3.3s
[DONE] evaluation__7777__deblur__restore__nes__l1 calls=1021 margin 2.94->2.94 t=3.5s
[DONE] evaluation__7777__deblur__confidence_boost__nes__l1 calls=1021 margin 2.94->15.97 t=3.6s
[DONE] evaluation__3317__denoise__attack__nes__l0.5 calls=1021 margin 7.78->-5.91 t=3.2s
[DONE] evaluation__3317__denoise__restore__nes__l0.5 calls=1021 margin 7.78->7.78 t=3.3s
[DONE] evaluation__3317__denoise__confidence_boost__nes__l0.5 calls=1021 margin 7.78->13.87 t=3.3s
[DONE] evaluation__3317__deblur__attack__nes__l1 calls=1021 margin 9.78->-5.55 t=3.2s
[DONE] evaluation__3317__deblur__restore__nes__l1 calls=1021 margin 9.78->9.78 t=3.4s
[DONE] evaluation__3317__deblur__confidence_boost__nes__l1 calls=1021 margin 9.78->14.74 t=3.2s
[DONE] evaluation__5606__denoise__attack__nes__l0.5 calls=1021 margin 7.08->-3.91 t=3.5s
[DONE] evaluation__5606__denoise__restore__nes__l0.5 calls=1021 margin 7.08->6.51 t=3.3s
[DONE] evaluation__5606__denoise__confidence_boost__nes__l0.5 calls=1021 margin 7.08->15.23 t=3.4s
[DONE] evaluation__5606__deblur__attack__nes__l1 calls=1021 margin 12.35->1.65 t=3.3s
[DONE] evaluation__5606__deblur__restore__nes__l1 calls=1021 margin 12.35->12.35 t=3.1s
[DONE] evaluation__5606__deblur__confidence_boost__nes__l1 calls=1021 margin 12.35->16.97 t=3.3s
[DONE] evaluation__8560__denoise__attack__nes__l0.5 calls=1021 margin 4.47->-5.16 t=3.6s
[DONE] evaluation__8560__denoise__restore__nes__l0.5 calls=1021 margin 4.47->4.43 t=3.8s
[DONE] evaluation__8560__denoise__confidence_boost__nes__l0.5 calls=1021 margin 4.47->12.55 t=3.6s
[DONE] evaluation__8560__deblur__attack__nes__l1 calls=1021 margin 4.32->-9.33 t=3.6s
[DONE] evaluation__8560__deblur__restore__nes__l1 calls=1021 margin 4.32->4.32 t=3.6s
[DONE] evaluation__8560__deblur__confidence_boost__nes__l1 calls=1021 margin 4.32->12.90 t=3.6s
[DONE] evaluation__3138__denoise__attack__nes__l0.5 calls=1021 margin 0.22->-8.76 t=3.2s
[DONE] evaluation__3138__denoise__restore__nes__l0.5 calls=1021 margin 0.22->0.22 t=3.6s
[DONE] evaluation__3138__denoise__confidence_boost__nes__l0.5 calls=1021 margin 0.22->7.11 t=3.1s
[DONE] evaluation__3138__deblur__attack__nes__l1 calls=1021 margin 7.00->-7.87 t=3.2s
[DONE] evaluation__3138__deblur__restore__nes__l1 calls=1021 margin 7.00->7.00 t=3.2s
[DONE] evaluation__3138__deblur__confidence_boost__nes__l1 calls=1021 margin 7.00->13.12 t=3.1s
[DONE] evaluation__6395__denoise__attack__nes__l0.5 calls=1021 margin 2.43->-9.29 t=3.1s
[DONE] evaluation__6395__denoise__restore__nes__l0.5 calls=1021 margin 2.43->2.46 t=3.1s
[DONE] evaluation__6395__denoise__confidence_boost__nes__l0.5 calls=1021 margin 2.43->10.31 t=3.4s
[DONE] evaluation__6395__deblur__attack__nes__l1 calls=1021 margin 8.11->-8.20 t=3.2s
[DONE] evaluation__6395__deblur__restore__nes__l1 calls=1021 margin 8.11->8.11 t=3.2s
[DONE] evaluation__6395__deblur__confidence_boost__nes__l1 calls=1021 margin 8.11->15.07 t=3.1s
[DONE] evaluation__2148__denoise__attack__nes__l0.5 calls=1021 margin 5.24->-4.08 t=3.1s
[DONE] evaluation__2148__denoise__restore__nes__l0.5 calls=1021 margin 5.24->5.94 t=3.2s
[DONE] evaluation__2148__denoise__confidence_boost__nes__l0.5 calls=1021 margin 5.24->9.95 t=3.5s
[DONE] evaluation__2148__deblur__attack__nes__l1 calls=1021 margin 7.67->-2.78 t=3.5s
[DONE] evaluation__2148__deblur__restore__nes__l1 calls=1021 margin 7.67->8.04 t=3.8s
[DONE] evaluation__2148__deblur__confidence_boost__nes__l1 calls=1021 margin 7.67->12.47 t=3.0s
[DONE] evaluation__6749__denoise__attack__nes__l0.5 calls=1021 margin 9.63->-5.16 t=3.5s
[DONE] evaluation__6749__denoise__restore__nes__l0.5 calls=1021 margin 9.63->9.51 t=3.6s
[DONE] evaluation__6749__denoise__confidence_boost__nes__l0.5 calls=1021 margin 9.63->12.65 t=3.0s
[DONE] evaluation__6749__deblur__attack__nes__l1 calls=1021 margin 11.82->2.60 t=3.1s
[DONE] evaluation__6749__deblur__restore__nes__l1 calls=1021 margin 11.82->11.82 t=3.4s
[DONE] evaluation__6749__deblur__confidence_boost__nes__l1 calls=1021 margin 11.82->14.49 t=3.1s
[DONE] evaluation__9362__denoise__attack__nes__l0.5 calls=1021 margin 3.72->-9.96 t=3.4s
[DONE] evaluation__9362__denoise__restore__nes__l0.5 calls=1021 margin 3.72->3.72 t=3.4s
[DONE] evaluation__9362__denoise__confidence_boost__nes__l0.5 calls=1021 margin 3.72->10.60 t=3.4s
[DONE] evaluation__9362__deblur__attack__nes__l1 calls=1021 margin 0.76->-11.90 t=3.2s
[DONE] evaluation__9362__deblur__restore__nes__l1 calls=1021 margin 0.76->0.76 t=3.6s
[DONE] evaluation__9362__deblur__confidence_boost__nes__l1 calls=1021 margin 0.76->12.01 t=3.3s
[DONE] fit__7533__denoise__attack__nes__l0.5 calls=1021 margin 3.67->-9.48 t=3.0s
[DONE] fit__7533__denoise__restore__nes__l0.5 calls=1021 margin 3.67->3.67 t=3.0s
[DONE] fit__7533__denoise__confidence_boost__nes__l0.5 calls=1021 margin 3.67->13.00 t=3.0s
[DONE] fit__7533__deblur__attack__nes__l1 calls=1021 margin 8.39->-9.74 t=3.1s
[DONE] fit__7533__deblur__restore__nes__l1 calls=1021 margin 8.39->8.39 t=3.3s
[DONE] fit__7533__deblur__confidence_boost__nes__l1 calls=1021 margin 8.39->14.98 t=3.3s
[DONE] fit__6117__denoise__attack__nes__l0.5 calls=1021 margin 3.25->-7.56 t=3.4s
[DONE] fit__6117__denoise__restore__nes__l0.5 calls=1021 margin 3.25->3.25 t=3.3s
[DONE] fit__6117__denoise__confidence_boost__nes__l0.5 calls=1021 margin 3.25->10.31 t=3.2s
[DONE] fit__6117__deblur__attack__nes__l1 calls=1021 margin 7.15->-10.92 t=3.3s
[DONE] fit__6117__deblur__restore__nes__l1 calls=1021 margin 7.15->7.15 t=3.4s
[DONE] fit__6117__deblur__confidence_boost__nes__l1 calls=1021 margin 7.15->12.27 t=4.4s
[DONE] fit__3480__denoise__attack__nes__l0.5 calls=1021 margin 8.33->-7.15 t=4.7s
[DONE] fit__3480__denoise__restore__nes__l0.5 calls=1021 margin 8.33->8.33 t=4.5s
[DONE] fit__3480__denoise__confidence_boost__nes__l0.5 calls=1021 margin 8.33->14.96 t=3.9s
[DONE] fit__3480__deblur__attack__nes__l1 calls=1021 margin 8.20->-9.20 t=3.1s
[DONE] fit__3480__deblur__restore__nes__l1 calls=1021 margin 8.20->8.20 t=3.0s
[DONE] fit__3480__deblur__confidence_boost__nes__l1 calls=1021 margin 8.20->14.97 t=3.2s
[DONE] fit__2684__denoise__attack__nes__l0.5 calls=1021 margin 0.95->-8.28 t=3.5s
[DONE] fit__2684__denoise__restore__nes__l0.5 calls=1021 margin 0.95->0.74 t=3.1s
[DONE] fit__2684__denoise__confidence_boost__nes__l0.5 calls=1021 margin 0.95->6.49 t=3.5s
[DONE] fit__2684__deblur__attack__nes__l1 calls=1021 margin 1.06->-8.32 t=3.2s
[DONE] fit__2684__deblur__restore__nes__l1 calls=1021 margin 1.06->1.06 t=3.3s
[DONE] fit__2684__deblur__confidence_boost__nes__l1 calls=1021 margin 1.06->8.32 t=2.9s
[DONE] fit__9226__denoise__attack__nes__l0.5 calls=1021 margin 3.63->-8.26 t=3.6s
[DONE] fit__9226__denoise__restore__nes__l0.5 calls=1021 margin 3.63->3.63 t=3.7s
[DONE] fit__9226__denoise__confidence_boost__nes__l0.5 calls=1021 margin 3.63->10.16 t=3.2s
[DONE] fit__9226__deblur__attack__nes__l1 calls=1021 margin 2.63->-8.88 t=3.6s
[DONE] fit__9226__deblur__restore__nes__l1 calls=1021 margin 2.63->2.63 t=3.3s
[DONE] fit__9226__deblur__confidence_boost__nes__l1 calls=1021 margin 2.63->13.95 t=3.4s
[DONE] fit__5329__denoise__attack__nes__l0.5 calls=1021 margin 5.61->-6.14 t=3.2s
[DONE] fit__5329__denoise__restore__nes__l0.5 calls=1021 margin 5.61->5.61 t=3.2s
[DONE] fit__5329__denoise__confidence_boost__nes__l0.5 calls=1021 margin 5.61->13.42 t=3.5s
[DONE] fit__5329__deblur__attack__nes__l1 calls=1021 margin 11.43->-1.42 t=3.1s
[DONE] fit__5329__deblur__restore__nes__l1 calls=1021 margin 11.43->11.43 t=3.1s
[DONE] fit__5329__deblur__confidence_boost__nes__l1 calls=1021 margin 11.43->15.88 t=3.1s
[DONE] fit__4641__denoise__attack__nes__l0.5 calls=1021 margin 2.59->-9.57 t=3.0s
[DONE] fit__4641__denoise__restore__nes__l0.5 calls=1021 margin 2.59->2.59 t=3.0s
[DONE] fit__4641__denoise__confidence_boost__nes__l0.5 calls=1021 margin 2.59->8.92 t=3.3s
[DONE] fit__4641__deblur__attack__nes__l1 calls=1021 margin 8.97->-8.57 t=3.3s
[DONE] fit__4641__deblur__restore__nes__l1 calls=1021 margin 8.97->8.97 t=3.4s
[DONE] fit__4641__deblur__confidence_boost__nes__l1 calls=1021 margin 8.97->13.15 t=3.4s
[DONE] fit__4150__denoise__attack__nes__l0.5 calls=1021 margin 10.09->-5.97 t=3.3s
[DONE] fit__4150__denoise__restore__nes__l0.5 calls=1021 margin 10.09->10.09 t=3.1s
[DONE] fit__4150__denoise__confidence_boost__nes__l0.5 calls=1021 margin 10.09->16.01 t=3.3s
[DONE] fit__4150__deblur__attack__nes__l1 calls=1021 margin 4.57->-8.19 t=3.1s
[DONE] fit__4150__deblur__restore__nes__l1 calls=1021 margin 4.57->4.57 t=2.9s
[DONE] fit__4150__deblur__confidence_boost__nes__l1 calls=1021 margin 4.57->15.78 t=2.9s
[DONE] fit__955__denoise__attack__nes__l0.5 calls=1021 margin 1.16->-11.49 t=3.2s
[DONE] fit__955__denoise__restore__nes__l0.5 calls=1021 margin 1.16->1.16 t=2.9s
[DONE] fit__955__denoise__confidence_boost__nes__l0.5 calls=1021 margin 1.16->10.75 t=2.9s
[DONE] fit__955__deblur__attack__nes__l1 calls=1021 margin 9.59->-12.02 t=2.8s
[DONE] fit__955__deblur__restore__nes__l1 calls=1021 margin 9.59->9.59 t=2.8s
[DONE] fit__955__deblur__confidence_boost__nes__l1 calls=1021 margin 9.59->13.54 t=2.9s
[DONE] fit__9372__denoise__attack__nes__l0.5 calls=1021 margin 4.51->-6.85 t=2.9s
[DONE] fit__9372__denoise__restore__nes__l0.5 calls=1021 margin 4.51->4.51 t=2.7s
[DONE] fit__9372__denoise__confidence_boost__nes__l0.5 calls=1021 margin 4.51->12.40 t=2.6s
[DONE] fit__9372__deblur__attack__nes__l1 calls=1021 margin 6.26->-5.75 t=2.3s
[DONE] fit__9372__deblur__restore__nes__l1 calls=1021 margin 6.26->6.26 t=2.4s
[DONE] fit__9372__deblur__confidence_boost__nes__l1 calls=1021 margin 6.26->12.78 t=2.4s
[DONE] fit__6684__denoise__attack__nes__l0.5 calls=1021 margin 3.33->-5.99 t=2.5s
[DONE] fit__6684__denoise__restore__nes__l0.5 calls=1021 margin 3.33->3.26 t=2.4s
[DONE] fit__6684__denoise__confidence_boost__nes__l0.5 calls=1021 margin 3.33->10.76 t=2.2s
[DONE] fit__6684__deblur__attack__nes__l1 calls=1021 margin 12.00->-7.80 t=2.2s
[DONE] fit__6684__deblur__restore__nes__l1 calls=1021 margin 12.00->12.00 t=2.3s
[DONE] fit__6684__deblur__confidence_boost__nes__l1 calls=1021 margin 12.00->15.18 t=2.2s
[DONE] fit__5137__denoise__attack__nes__l0.5 calls=1021 margin 7.18->-2.45 t=2.2s
[DONE] fit__5137__denoise__restore__nes__l0.5 calls=1021 margin 7.18->7.41 t=2.3s
[DONE] fit__5137__denoise__confidence_boost__nes__l0.5 calls=1021 margin 7.18->11.62 t=2.2s
[DONE] fit__5137__deblur__attack__nes__l1 calls=1021 margin 13.01->-2.23 t=2.2s
[DONE] fit__5137__deblur__restore__nes__l1 calls=1021 margin 13.01->13.01 t=2.3s
[DONE] fit__5137__deblur__confidence_boost__nes__l1 calls=1021 margin 13.01->13.79 t=2.2s
