[DONE] evaluation__3499__denoise__attack__nes__l0.5 calls=1021 margin 6.66->-8.69 t=3.0s
[DONE] evaluation__3499__denoise__restore__nes__l0.5 calls=1021 margin 6.66->6.66 t=2.7s
[DONE] evaluation__3499__denoise__confidence_boost__nes__l0.5 calls=1021 margin 6.66->14.18 t=2.7s
[DONE] evaluation__3499__deblur__attack__nes__l1 calls=1021 margin 5.52->-3.38 t=2.8s
[DONE] evaluation__3499__deblur__restore__nes__l1 calls=1021 margin 5.52->5.52 t=2.7s
[DONE] evaluation__3499__deblur__confidence_boost__nes__l1 calls=1021 margin 5.52->14.05 t=2.9s
[DONE] evaluation__7115__denoise__attack__nes__l0.5 calls=1021 margin 2.25->-4.83 t=2.7s
[DONE] evaluation__7115__denoise__restore__nes__l0.5 calls=1021 margin 2.25->1.96 t=2.9s
[DONE] evaluation__7115__denoise__confidence_boost__nes__l0.5 calls=1021 margin 2.25->9.41 t=3.0s
[DONE] evaluation__7115__deblur__attack__nes__l1 calls=1021 margin 5.47->-3.54 t=3.1s
[DONE] evaluation__7115__deblur__restore__nes__l1 calls=1021 margin 5.47->5.47 t=3.0s
[DONE] evaluation__7115__deblur__confidence_boost__nes__l1 calls=1021 margin 5.47->11.64 t=3.1s
[DONE] evaluation__9991__denoise__attack__nes__l0.5 calls=1021 margin 6.17->-6.83 t=2.8s
[DONE] evaluation__9991__denoise__restore__nes__l0.5 calls=1021 margin 6.17->6.47 t=2.9s
[DONE] evaluation__9991__denoise__confidence_boost__nes__l0.5 calls=1021 margin 6.17->12.87 t=3.1s
[DONE] evaluation__9991__deblur__attack__nes__l1 calls=1021 margin 10.05->-6.53 t=3.1s
[DONE] evaluation__9991__deblur__restore__nes__l1 calls=1021 margin 10.05->10.05 t=3.0s
[DONE] evaluation__9991__deblur__confidence_boost__nes__l1 calls=1021 margin 10.05->14.46 t=3.4s
[DONE] evaluation__2601__denoise__attack__nes__l0.5 calls=1021 margin 8.50->0.73 t=3.4s
[DONE] evaluation__2601__denoise__restore__nes__l0.5 calls=1021 margin 8.50->8.50 t=3.7s
[DONE] evaluation__2601__denoise__confidence_boost__nes__l0.5 calls=1021 margin 8.50->12.61 t=3.6s
[DONE] evaluation__2601__deblur__attack__nes__l1 calls=1021 margin 10.31->0.68 t=4.0s
[DONE] evaluation__2601__deblur__restore__nes__l1 calls=1021 margin 10.31->10.31 t=3.9s
[DONE] evaluation__2601__deblur__confidence_boost__nes__l1 calls=1021 margin 10.31->13.63 t=3.9s
[DONE] evaluation__7535__denoise__attack__nes__l0.5 calls=1021 margin 2.48->-9.85 t=3.5s
[DONE] evaluation__7535__denoise__restore__nes__l0.5 calls=1021 margin 2.48->2.48 t=3.4s
[DONE] evaluation__7535__denoise__confidence_boost__nes__l0.5 calls=1021 margin 2.48->10.18 t=3.8s
[DONE] evaluation__7535__deblur__attack__nes__l1 calls=1021 margin 10.22->-7.37 t=3.5s
[DONE] evaluation__7535__deblur__restore__nes__l1 calls=1021 margin 10.22->10.22 t=3.8s
[DONE] evaluation__7535__deblur__confidence_boost__nes__l1 calls=1021 margin 10.22->13.11 t=3.5s
[DONE] evaluation__1709__denoise__attack__nes__l0.5 calls=1021 margin 6.53->-7.58 t=3.3s
[DONE] evaluation__1709__denoise__restore__nes__l0.5 calls=1021 margin 6.53->6.53 t=3.4s
[DONE] evaluation__1709__denoise__confidence_boost__nes__l0.5 calls=1021 margin 6.53->12.98 t=3.3s
[DONE] evaluation__1709__deblur__attack__nes__l1 calls=1021 margin 7.80->-10.76 t=3.2s
[DONE] evaluation__1709__deblur__restore__nes__l1 calls=1021 margin 7.80->7.80 t=3.2s
[DONE] evaluation__1709__deblur__confidence_boost__nes__l1 calls=1021 margin 7.80->13.97 t=3.3s
[DONE] evaluation__6515__denoise__attack__nes__l0.5 calls=1021 margin 7.92->-8.32 t=3.8s
[DONE] evaluation__6515__denoise__restore__nes__l0.5 calls=1021 margin 7.92->7.92 t=3.8s
[DONE] evaluation__6515__denoise__confidence_boost__nes__l0.5 calls=1021 margin 7.92->13.44 t=3.4s
[DONE] evaluation__6515__deblur__attack__nes__l1 calls=1021 margin 5.84->-8.86 t=3.9s
[DONE] evaluation__6515__deblur__restore__nes__l1 calls=1021 margin 5.84->5.84 t=3.7s
[DONE] evaluation__6515__deblur__confidence_boost__nes__l1 calls=1021 margin 5.84->14.20 t=3.8s
[DONE] evaluation__9805__denoise__attack__nes__l0.5 calls=1021 margin 0.76->-10.13 t=3.5s
[DONE] evaluation__9805__denoise__restore__nes__l0.5 calls=1021 margin 0.76->0.76 t=3.5s
[DONE] evaluation__9805__denoise__confidence_boost__nes__l0.5 calls=1021 margin 0.76->9.17 t=3.6s
[DONE] evaluation__9805__deblur__attack__nes__l1 calls=1021 margin 3.05->-6.36 t=3.6s
[DONE] evaluation__9805__deblur__restore__nes__l1 calls=1021 margin 3.05->3.05 t=3.2s
[DONE] evaluation__9805__deblur__confidence_boost__nes__l1 calls=1021 margin 3.05->8.30 t=3.3s
[DONE] evaluation__4785__denoise__attack__nes__l0.5 calls=1021 margin 6.36->-11.04 t=3.1s
[DONE] evaluation__4785__denoise__restore__nes__l0.5 calls=1021 margin 6.36->6.59 t=3.2s
[DONE] evaluation__4785__denoise__confidence_boost__nes__l0.5 calls=1021 margin 6.36->15.26 t=3.4s
[DONE] evaluation__4785__deblur__attack__nes__l1 calls=1021 margin 12.84->-7.21 t=3.3s
[DONE] evaluation__4785__deblur__restore__nes__l1 calls=1021 margin 12.84->12.84 t=3.0s
[DONE] evaluation__4785__deblur__confidence_boost__nes__l1 calls=1021 margin 12.84->16.75 t=3.1s
[DONE] evaluation__7378__denoise__attack__nes__l0.5 calls=1021 margin 2.00->-5.97 t=3.5s
[DONE] evaluation__7378__denoise__restore__nes__l0.5 calls=1021 margin 2.00->2.19 t=3.6s
[DONE] evaluation__7378__denoise__confidence_boost__nes__l0.5 calls=1021 margin 2.00->8.75 t=3.0s
[DONE] evaluation__7378__deblur__attack__nes__l1 calls=1021 margin 4.60->-5.82 t=3.4s
[DONE] evaluation__7378__deblur__restore__nes__l1 calls=1021 margin 4.60->4.60 t=3.4s
[DONE] evaluation__7378__deblur__confidence_boost__nes__l1 calls=1021 margin 4.60->12.26 t=3.4s
[DONE] evaluation__3256__denoise__attack__nes__l0.5 calls=1021 margin 7.50->-11.36 t=3.0s
[DONE] evaluation__3256__denoise__restore__nes__l0.5 calls=1021 margin 7.50->7.50 t=3.4s
[DONE] evaluation__3256__denoise__confidence_boost__nes__l0.5 calls=1021 margin 7.50->14.74 t=3.2s
[DONE] evaluation__3256__deblur__attack__nes__l1 calls=1021 margin 11.06->-10.63 t=3.3s
[DONE] evaluation__3256__deblur__restore__nes__l1 calls=1021 margin 11.06->11.06 t=2.9s
[DONE] evaluation__3256__deblur__confidence_boost__nes__l1 calls=1021 margin 11.06->15.86 t=3.2s
[DONE] evaluation__4362__denoise__attack__nes__l0.5 calls=1021 margin 9.48->-4.16 t=3.2s
[DONE] evaluation__4362__denoise__restore__nes__l0.5 calls=1021 margin 9.48->9.48 t=3.1s
[DONE] evaluation__4362__denoise__confidence_boost__nes__l0.5 calls=1021 margin 9.48->14.61 t=3.3s
[DONE] evaluation__4362__deblur__attack__nes__l1 calls=1021 margin 3.89->-9.46 t=3.1s
[DONE] evaluation__4362__deblur__restore__nes__l1 calls=1021 margin 3.89->3.89 t=3.1s
[DONE] evaluation__4362__deblur__confidence_boost__nes__l1 calls=1021 margin 3.89->15.74 t=3.2s
[DONE] evaluation__9715__denoise__attack__nes__l0.5 calls=1021 margin 2.89->-7.79 t=3.2s
[DONE] evaluation__9715__denoise__restore__nes__l0.5 calls=1021 margin 2.89->2.89 t=3.2s
[DONE] evaluation__9715__denoise__confidence_boost__nes__l0.5 calls=1021 margin 2.89->12.44 t=3.1s
[DONE] evaluation__9715__deblur__attack__nes__l1 calls=1021 margin 5.76->-7.12 t=2.8s
[DONE] evaluation__9715__deblur__restore__nes__l1 calls=1021 margin 5.76->5.76 t=3.2s
[DONE] evaluation__9715__deblur__confidence_boost__nes__l1 calls=1021 margin 5.76->15.44 t=3.1s
[DONE] evaluation__4246__denoise__attack__nes__l0.5 calls=1021 margin 3.86->-5.99 t=3.2s
[DONE] evaluation__4246__denoise__restore__nes__l0.5 calls=1021 margin 3.86->3.86 t=3.2s
[DONE] evaluation__4246__denoise__confidence_boost__nes__l0.5 calls=1021 margin 3.86->9.95 t=3.1s
[DONE] evaluation__4246__deblur__attack__nes__l1 calls=1021 margin 9.50->-4.12 t=3.5s
[DONE] evaluation__4246__deblur__restore__nes__l1 calls=1021 margin 9.50->9.50 t=3.7s
[DONE] evaluation__4246__deblur__confidence_boost__nes__l1 calls=1021 margin 9.50->14.00 t=3.9s
[DONE] evaluation__8789__denoise__attack__nes__l0.5 calls=1021 margin 2.39->-12.98 t=3.4s
[DONE] evaluation__8789__denoise__restore__nes__l0.5 calls=1021 margin 2.39->2.39 t=3.3s
[DONE] evaluation__8789__denoise__confidence_boost__nes__l0.5 calls=1021 margin 2.39->11.69 t=3.5s
[DONE] evaluation__8789__deblur__attack__nes__l1 calls=1021 margin 6.06->-4.37 t=3.7s
[DONE] evaluation__8789__deblur__restore__nes__l1 calls=1021 margin 6.06->6.06 t=3.4s
[DONE] evaluation__8789__deblur__confidence_boost__nes__l1 calls=1021 margin 6.06->15.62 t=3.6s
[DONE] evaluation__1978__denoise__attack__nes__l0.5 calls=1021 margin 13.10->2.37 t=3.2s
[DONE] evaluation__1978__denoise__restore__nes__l0.5 calls=1021 margin 13.10->13.10 t=3.4s
[DONE] evaluation__1978__denoise__confidence_boost__nes__l0.5 calls=1021 margin 13.10->16.47 t=3.1s
[DONE] evaluation__1978__deblur__attack__nes__l1 calls=1021 margin 9.77->-6.80 t=3.1s
[DONE] evaluation__1978__deblur__restore__nes__l1 calls=1021 margin 9.77->9.77 t=3.4s
[DONE] evaluation__1978__deblur__confidence_boost__nes__l1 calls=1021 margin 9.77->15.97 t=3.4s
[DONE] evaluation__4989__denoise__attack__nes__l0.5 calls=1021 margin 11.41->2.49 t=3.4s
[DONE] evaluation__4989__denoise__restore__nes__l0.5 calls=1021 margin 11.41->11.41 t=3.2s
[DONE] evaluation__4989__denoise__confidence_boost__nes__l0.5 calls=1021 margin 11.41->15.29 t=3.5s
[DONE] evaluation__4989__deblur__attack__nes__l1 calls=1021 margin 11.36->-1.57 t=3.8s
[DONE] evaluation__4989__deblur__restore__nes__l1 calls=1021 margin 11.36->11.36 t=3.5s
[DONE] evaluation__4989__deblur__confidence_boost__nes__l1 calls=1021 margin 11.36->15.71 t=3.6s
[DONE] evaluation__9762__denoise__attack__nes__l0.5 calls=1021 margin 8.77->-4.37 t=3.4s
[DONE] evaluation__9762__denoise__restore__nes__l0.5 calls=1021 margin 8.77->8.77 t=3.4s
[DONE] evaluation__9762__denoise__confidence_boost__nes__l0.5 calls=1021 margin 8.77->14.27 t=3.6s
[DONE] evaluation__9762__deblur__attack__nes__l1 calls=1021 margin 7.66->-11.41 t=3.2s
[DONE] evaluation__9762__deblur__restore__nes__l1 calls=1021 margin 7.66->7.66 t=3.2s
[DONE] evaluation__9762__deblur__confidence_boost__nes__l1 calls=1021 margin 7.66->15.23 t=3.0s
[DONE] evaluation__3975__denoise__attack__nes__l0.5 calls=1021 margin 3.19->-10.14 t=3.0s
[DONE] evaluation__3975__denoise__restore__nes__l0.5 calls=1021 margin 3.19->3.27 t=3.1s
[DONE] evaluation__3975__denoise__confidence_boost__nes__l0.5 calls=1021 margin 3.19->12.21 t=3.4s
[DONE] evaluation__3975__deblur__attack__nes__l1 calls=1021 margin 6.98->-11.31 t=3.3s
[DONE] evaluation__3975__deblur__restore__nes__l1 calls=1021 margin 6.98->7.00 t=3.2s
[DONE] evaluation__3975__deblur__confidence_boost__nes__l1 calls=1021 margin 6.98->15.95 t=3.3s
[DONE] evaluation__6234__denoise__attack__nes__l0.5 calls=1021 margin 1.97->-3.55 t=3.2s
[DONE] evaluation__6234__denoise__restore__nes__l0.5 calls=1021 margin 1.97->2.71 t=3.0s
[DONE] evaluation__6234__denoise__confidence_boost__nes__l0.5 calls=1021 margin 1.97->7.75 t=3.3s
[DONE] evaluation__6234__deblur__attack__nes__l1 calls=1021 margin 5.70->-6.07 t=3.2s
[DONE] evaluation__6234__deblur__restore__nes__l1 calls=1021 margin 5.70->4.77 t=3.1s
[DONE] evaluation__6234__deblur__confidence_boost__nes__l1 calls=1021 margin 5.70->8.61 t=3.1s
[DONE] evaluation__1142__denoise__attack__nes__l0.5 calls=1021 margin 3.73->-7.91 t=2.9s
[DONE] evaluation__1142__denoise__restore__nes__l0.5 calls=1021 margin 3.73->3.73 t=3.3s
[DONE] evaluation__1142__denoise__confidence_boost__nes__l0.5 calls=1021 margin 3.73->11.90 t=3.2s
[DONE] evaluation__1142__deblur__attack__nes__l1 calls=1021 margin 9.96->-4.65 t=3.3s
[DONE] evaluation__1142__deblur__restore__nes__l1 calls=1021 margin 9.96->9.96 t=3.3s
[DONE] evaluation__1142__deblur__confidence_boost__nes__l1 calls=1021 margin 9.96->15.61 t=3.4s
[DONE] evaluation__4086__denoise__attack__nes__l0.5 calls=1021 margin 7.71->-2.40 t=3.5s
[DONE] evaluation__4086__denoise__restore__nes__l0.5 calls=1021 margin 7.71->7.71 t=2.7s
[DONE] evaluation__4086__denoise__confidence_boost__nes__l0.5 calls=1021 margin 7.71->11.94 t=3.0s
[DONE] evaluation__4086__deblur__attack__nes__l1 calls=1021 margin 6.30->-3.33 t=3.0s
[DONE] evaluation__4086__deblur__restore__nes__l1 calls=1021 margin 6.30->6.30 t=3.2s
[DONE] evaluation__4086__deblur__confidence_boost__nes__l1 calls=1021 margin 6.30->13.81 t=3.0s
[DONE] evaluation__9955__denoise__attack__nes__l0.5 calls=1021 margin 4.14->-9.41 t=3.1s
[DONE] evaluation__9955__denoise__restore__nes__l0.5 calls=1021 margin 4.14->4.14 t=3.0s
[DONE] evaluation__9955__denoise__confidence_boost__nes__l0.5 calls=1021 margin 4.14->12.47 t=3.4s
[DONE] evaluation__9955__deblur__attack__nes__l1 calls=1021 margin 12.11->-6.64 t=3.1s
[DONE] evaluation__9955__deblur__restore__nes__l1 calls=1021 margin 12.11->12.11 t=3.1s
[DONE] evaluation__9955__deblur__confidence_boost__nes__l1 calls=1021 margin 12.11->15.42 t=3.1s
[DONE] evaluation__5397__denoise__attack__nes__l0.5 calls=1021 margin 0.95->-13.46 t=3.1s
[DONE] evaluation__5397__denoise__restore__nes__l0.5 calls=1021 margin 0.95->0.95 t=3.2s
[DONE] evaluation__5397__denoise__confidence_boost__nes__l0.5 calls=1021 margin 0.95->11.66 t=3.0s
[DONE] evaluation__5397__deblur__attack__nes__l1 calls=1021 margin 7.17->-16.61 t=3.4s
[DONE] evaluation__5397__deblur__restore__nes__l1 calls=1021 margin 7.17->7.17 t=3.5s
[DONE] evaluation__5397__deblur__confidence_boost__nes__l1 calls=1021 margin 7.17->13.32 t=3.3s
[DONE] evaluation__8652__denoise__attack__nes__l0.5 calls=1021 margin 0.70->-10.54 t=3.1s
[DONE] evaluation__8652__denoise__restore__nes__l0.5 calls=1021 margin 0.70->0.70 t=3.1s
[DONE] evaluation__8652__denoise__confidence_boost__nes__l0.5 calls=1021 margin 0.70->8.84 t=3.2s
[DONE] evaluation__8652__deblur__attack__nes__l1 calls=1021 margin 9.66->-11.88 t=3.1s
[DONE] evaluation__8652__deblur__restore__nes__l1 calls=1021 margin 9.66->9.66 t=3.2s
[DONE] evaluation__8652__deblur__confidence_boost__nes__l1 calls=1021 margin 9.66->12.04 t=3.2s
[DONE] fit__4040__denoise__attack__nes__l0.5 calls=1021 margin 1.70->-5.07 t=3.6s
[DONE] fit__4040__denoise__restore__nes__l0.5 calls=1021 margin 1.70->1.78 t=3.3s
[DONE] fit__4040__denoise__confidence_boost__nes__l0.5 calls=1021 margin 1.70->9.40 t=3.1s
[DONE] fit__4040__deblur__attack__nes__l1 calls=1021 margin 9.26->-6.63 t=3.2s
[DONE] fit__4040__deblur__restore__nes__l1 calls=1021 margin 9.26->9.26 t=3.2s
[DONE] fit__4040__deblur__confidence_boost__nes__l1 calls=1021 margin 9.26->10.45 t=3.1s
[DONE] fit__1810__denoise__attack__nes__l0.5 calls=1021 margin 6.04->-11.15 t=3.0s
[DONE] fit__1810__denoise__restore__nes__l0.5 calls=1021 margin 6.04->6.04 t=2.9s
[DONE] fit__1810__denoise__confidence_boost__nes__l0.5 calls=1021 margin 6.04->12.62 t=3.2s
[DONE] fit__1810__deblur__attack__nes__l1 calls=1021 margin 9.78->-11.27 t=3.4s
[DONE] fit__1810__deblur__restore__nes__l1 calls=1021 margin 9.78->9.78 t=3.4s
[DONE] fit__1810__deblur__confidence_boost__nes__l1 calls=1021 margin 9.78->9.78 t=3.1s
[DONE] fit__7903__denoise__attack__nes__l0.5 calls=1021 margin 2.90->-8.37 t=3.2s
[DONE] fit__7903__denoise__restore__nes__l0.5 calls=1021 margin 2.90->2.79 t=3.3s
[DONE] fit__7903__denoise__confidence_boost__nes__l0.5 calls=1021 margin 2.90->11.54 t=3.2s
[DONE] fit__7903__deblur__attack__nes__l1 calls=1021 margin 1.63->-16.40 t=3.2s
[DONE] fit__7903__deblur__restore__nes__l1 calls=1021 margin 1.63->1.63 t=3.2s
[DONE] fit__7903__deblur__confidence_boost__nes__l1 calls=1021 margin 1.63->12.30 t=3.1s
[DONE] fit__8493__denoise__attack__nes__l0.5 calls=1021 margin 4.15->-8.14 t=3.2s
[DONE] fit__8493__denoise__restore__nes__l0.5 calls=1021 margin 4.15->4.15 t=3.1s
[DONE] fit__8493__denoise__confidence_boost__nes__l0.5 calls=1021 margin 4.15->12.25 t=3.2s
[DONE] fit__8493__deblur__attack__nes__l1 calls=1021 margin 1.66->-9.43 t=3.5s
[DONE] fit__8493__deblur__restore__nes__l1 calls=1021 margin 1.66->1.66 t=3.6s
[DONE] fit__8493__deblur__confidence_boost__nes__l1 calls=1021 margin 1.66->12.03 t=3.4s
[DONE] fit__5817__denoise__attack__nes__l0.5 calls=1021 margin 3.78->-9.17 t=3.3s
[DONE] fit__5817__denoise__restore__nes__l0.5 calls=1021 margin 3.78->3.89 t=3.2s
[DONE] fit__5817__denoise__confidence_boost__nes__l0.5 calls=1021 margin 3.78->12.27 t=3.3s
[DONE] fit__5817__deblur__attack__nes__l1 calls=1021 margin 4.67->-9.24 t=3.3s
[DONE] fit__5817__deblur__restore__nes__l1 calls=1021 margin 4.67->4.67 t=3.1s
[DONE] fit__5817__deblur__confidence_boost__nes__l1 calls=1021 margin 4.67->14.59 t=3.4s
[DONE] fit__1842__denoise__attack__nes__l0.5 calls=1021 margin 7.32->-9.17 t=3.2s
[DONE] fit__1842__denoise__restore__nes__l0.5 calls=1021 margin 7.32->7.32 t=3.4s
[DONE] fit__1842__denoise__confidence_boost__nes__l0.5 calls=1021 margin 7.32->14.08 t=4.5s
[DONE] fit__1842__deblur__attack__nes__l1 calls=1021 margin 11.03->-10.15 t=4.3s
[DONE] fit__1842__deblur__restore__nes__l1 calls=1021 margin 11.03->11.03 t=4.2s
[DONE] fit__1842__deblur__confidence_boost__nes__l1 calls=1021 margin 11.03->16.07 t=4.1s
[DONE] fit__2915__denoise__attack__nes__l0.5 calls=1021 margin 7.10->-2.77 t=2.8s
[DONE] fit__2915__denoise__restore__nes__l0.5 calls=1021 margin 7.10->7.10 t=3.4s
[DONE] fit__2915__denoise__confidence_boost__nes__l0.5 calls=1021 margin 7.10->12.35 t=3.3s
[DONE] fit__2915__deblur__attack__nes__l1 calls=1021 margin 7.82->-7.30 t=3.6s
[DONE] fit__2915__deblur__restore__nes__l1 calls=1021 margin 7.82->7.82 t=3.5s
[DONE] fit__2915__deblur__confidence_boost__nes__l1 calls=1021 margin 7.82->13.32 t=3.1s
[DONE] fit__9712__denoise__attack__nes__l0.5 calls=1021 margin 1.88->-9.68 t=3.2s
[DONE] fit__9712__denoise__restore__nes__l0.5 calls=1021 margin 1.88->1.57 t=3.2s
[DONE] fit__9712__denoise__confidence_boost__nes__l0.5 calls=1021 margin 1.88->9.64 t=3.2s
[DONE] fit__9712__deblur__attack__nes__l1 calls=1021 margin 6.44->-7.85 t=3.2s
[DONE] fit__9712__deblur__restore__nes__l1 calls=1021 margin 6.44->6.44 t=2.9s
[DONE] fit__9712__deblur__confidence_boost__nes__l1 calls=1021 margin 6.44->11.46 t=3.4s
[DONE] fit__8691__denoise__attack__nes__l0.5 calls=1021 margin 9.34->-5.08 t=3.1s
[DONE] fit__8691__denoise__restore__nes__l0.5 calls=1021 margin 9.34->9.19 t=3.1s
[DONE] fit__8691__denoise__confidence_boost__nes__l0.5 calls=1021 margin 9.34->14.67 t=3.2s
[DONE] fit__8691__deblur__attack__nes__l1 calls=1021 margin 4.18->-11.35 t=3.2s
[DONE] fit__8691__deblur__restore__nes__l1 calls=1021 margin 4.18->4.18 t=3.4s
[DONE] fit__8691__deblur__confidence_boost__nes__l1 calls=1021 margin 4.18->16.02 t=3.3s
[DONE] fit__5818__denoise__attack__nes__l0.5 calls=1021 margin 3.18->-12.36 t=3.0s
[DONE] fit__5818__denoise__restore__nes__l0.5 calls=1021 margin 3.18->3.18 t=3.2s
[DONE] fit__5818__denoise__confidence_boost__nes__l0.5 calls=1021 margin 3.18->11.88 t=2.9s
[DONE] fit__5818__deblur__attack__nes__l1 calls=1021 margin 5.21->-7.66 t=3.1s
[DONE] fit__5818__deblur__restore__nes__l1 calls=1021 margin 5.21->5.21 t=2.9s
[DONE] fit__5818__deblur__confidence_boost__nes__l1 calls=1021 margin 5.21->13.19 t=2.9s
[DONE] fit__2052__denoise__attack__nes__l0.5 calls=1021 margin 8.11->-4.58 t=3.5s
[DONE] fit__2052__denoise__restore__nes__l0.5 calls=1021 margin 8.11->8.11 t=3.4s
[DONE] fit__2052__denoise__confidence_boost__nes__l0.5 calls=1021 margin 8.11->13.89 t=3.1s
[DONE] fit__2052__deblur__attack__nes__l1 calls=1021 margin 14.52->-3.05 t=3.1s
[DONE] fit__2052__deblur__restore__nes__l1 calls=1021 margin 14.52->14.52 t=3.0s
[DONE] fit__2052__deblur__confidence_boost__nes__l1 calls=1021 margin 14.52->15.20 t=3.0s
[DONE] fit__2143__denoise__attack__nes__l0.5 calls=1021 margin 1.83->-8.11 t=3.0s
[DONE] fit__2143__denoise__restore__nes__l0.5 calls=1021 margin 1.83->1.59 t=2.9s
[DONE] fit__2143__denoise__confidence_boost__nes__l0.5 calls=1021 margin 1.83->8.73 t=3.0s
[DONE] fit__2143__deblur__attack__nes__l1 calls=1021 margin 4.69->-6.14 t=3.3s
[DONE] fit__2143__deblur__restore__nes__l1 calls=1021 margin 4.69->4.69 t=3.3s
[DONE] fit__2143__deblur__confidence_boost__nes__l1 calls=1021 margin 4.69->11.33 t=3.0s
[DONE] fit__8575__denoise__attack__nes__l0.5 calls=1021 margin 3.82->-6.48 t=2.8s
[DONE] fit__8575__denoise__restore__nes__l0.5 calls=1021 margin 3.82->3.21 t=2.8s
[DONE] fit__8575__denoise__confidence_boost__nes__l0.5 calls=1021 margin 3.82->11.54 t=2.8s
[DONE] fit__8575__deblur__attack__nes__l1 calls=1021 margin 7.11->-7.66 t=2.9s
[DONE] fit__8575__deblur__restore__nes__l1 calls=1021 margin 7.11->7.11 t=2.8s
[DONE] fit__8575__deblur__confidence_boost__nes__l1 calls=1021 margin 7.11->15.08 t=2.7s
