[DONE] evaluation__3568__denoise__attack__nes__l0.5 calls=1021 margin 4.96->-6.57 t=2.7s
[DONE] evaluation__3568__denoise__restore__nes__l0.5 calls=1021 margin 4.96->4.96 t=2.8s
[DONE] evaluation__3568__denoise__confidence_boost__nes__l0.5 calls=1021 margin 4.96->11.92 t=2.7s
[DONE] evaluation__3568__deblur__attack__nes__l1 calls=1021 margin 7.51->-11.06 t=2.8s
[DONE] evaluation__3568__deblur__restore__nes__l1 calls=1021 margin 7.51->7.51 t=2.9s
[DONE] evaluation__3568__deblur__confidence_boost__nes__l1 calls=1021 margin 7.51->13.79 t=3.0s
[DONE] evaluation__7748__denoise__attack__nes__l0.5 calls=1021 margin 6.00->-4.31 t=3.0s
[DONE] evaluation__7748__denoise__restore__nes__l0.5 calls=1021 margin 6.00->6.00 t=2.9s
[DONE] evaluation__7748__denoise__confidence_boost__nes__l0.5 calls=1021 margin 6.00->13.08 t=2.7s
[DONE] evaluation__7748__deblur__attack__nes__l1 calls=1021 margin 7.34->-1.67 t=2.8s
[DONE] evaluation__7748__deblur__restore__nes__l1 calls=1021 margin 7.34->7.34 t=3.1s
[DONE] evaluation__7748__deblur__confidence_boost__nes__l1 calls=1021 margin 7.34->15.34 t=3.4s
[DONE] evaluation__6__denoise__attack__nes__l0.5 calls=1021 margin 1.17->-13.21 t=3.3s
[DONE] evaluation__6__denoise__restore__nes__l0.5 calls=1021 margin 1.17->0.85 t=3.5s
[DONE] evaluation__6__denoise__confidence_boost__nes__l0.5 calls=1021 margin 1.17->10.36 t=3.5s
[DONE] evaluation__6__deblur__attack__nes__l1 calls=1021 margin 0.18->-14.87 t=3.8s
[DONE] evaluation__6__deblur__restore__nes__l1 calls=1021 margin 0.18->0.18 t=4.0s
[DONE] evaluation__6__deblur__confidence_boost__nes__l1 calls=1021 margin 0.18->9.62 t=3.5s
[DONE] evaluation__3020__denoise__attack__nes__l0.5 calls=1021 margin 3.40->-10.14 t=3.3s
[DONE] evaluation__3020__denoise__restore__nes__l0.5 calls=1021 margin 3.40->3.40 t=3.5s
[DONE] evaluation__3020__denoise__confidence_boost__nes__l0.5 calls=1021 margin 3.40->10.59 t=3.5s
[DONE] evaluation__3020__deblur__attack__nes__l1 calls=1021 margin 8.54->-9.93 t=3.5s
[DONE] evaluation__3020__deblur__restore__nes__l1 calls=1021 margin 8.54->8.54 t=3.3s
[DONE] evaluation__3020__deblur__confidence_boost__nes__l1 calls=1021 margin 8.54->13.09 t=3.3s
[DONE] evaluation__8123__denoise__attack__nes__l0.5 calls=1021 margin 4.76->-4.44 t=3.3s
[DONE] evaluation__8123__denoise__restore__nes__l0.5 calls=1021 margin 4.76->5.03 t=3.4s
[DONE] evaluation__8123__denoise__confidence_boost__nes__l0.5 calls=1021 margin 4.76->9.89 t=3.2s
[DONE] evaluation__8123__deblur__attack__nes__l1 calls=1021 margin 1.94->-9.79 t=3.3s
[DONE] evaluation__8123__deblur__restore__nes__l1 calls=1021 margin 1.94->1.94 t=3.2s
[DONE] evaluation__8123__deblur__confidence_boost__nes__l1 calls=1021 margin 1.94->9.39 t=3.2s
[DONE] evaluation__2170__denoise__attack__nes__l0.5 calls=1021 margin 1.85->-12.20 t=3.4s
[DONE] evaluation__2170__denoise__restore__nes__l0.5 calls=1021 margin 1.85->1.85 t=3.4s
[DONE] evaluation__2170__denoise__confidence_boost__nes__l0.5 calls=1021 margin 1.85->10.92 t=2.8s
[DONE] evaluation__2170__deblur__attack__nes__l1 calls=1021 margin 11.69->-13.33 t=3.0s
[DONE] evaluation__2170__deblur__restore__nes__l1 calls=1021 margin 11.69->11.69 t=3.4s
[DONE] evaluation__2170__deblur__confidence_boost__nes__l1 calls=1021 margin 11.69->14.36 t=3.6s
[DONE] evaluation__6981__denoise__attack__nes__l0.5 calls=1021 margin 3.19->-9.32 t=3.2s
[DONE] evaluation__6981__denoise__restore__nes__l0.5 calls=1021 margin 3.19->3.19 t=3.3s
[DONE] evaluation__6981__denoise__confidence_boost__nes__l0.5 calls=1021 margin 3.19->10.27 t=3.0s
[DONE] evaluation__6981__deblur__attack__nes__l1 calls=1021 margin 5.92->-9.51 t=3.3s
[DONE] evaluation__6981__deblur__restore__nes__l1 calls=1021 margin 5.92->5.92 t=3.1s
[DONE] evaluation__6981__deblur__confidence_boost__nes__l1 calls=1021 margin 5.92->15.49 t=3.1s
[DONE] evaluation__294__denoise__attack__nes__l0.5 calls=1021 margin 4.97->-2.54 t=3.0s
[DONE] evaluation__294__denoise__restore__nes__l0.5 calls=1021 margin 4.97->4.94 t=3.7s
[DONE] evaluation__294__denoise__confidence_boost__nes__l0.5 calls=1021 margin 4.97->10.66 t=3.2s
[DONE] evaluation__294__deblur__attack__nes__l1 calls=1021 margin 6.13->-3.39 t=3.0s
[DONE] evaluation__294__deblur__restore__nes__l1 calls=1021 margin 6.13->6.13 t=2.9s
[DONE] evaluation__294__deblur__confidence_boost__nes__l1 calls=1021 margin 6.13->12.46 t=3.2s
[DONE] evaluation__5413__denoise__attack__nes__l0.5 calls=1021 margin 5.02->-5.65 t=3.3s
[DONE] evaluation__5413__denoise__restore__nes__l0.5 calls=1021 margin 5.02->5.33 t=3.4s
[DONE] evaluation__5413__denoise__confidence_boost__nes__l0.5 calls=1021 margin 5.02->11.76 t=3.0s
[DONE] evaluation__5413__deblur__attack__nes__l1 calls=1021 margin 6.78->-9.53 t=3.0s
[DONE] evaluation__5413__deblur__restore__nes__l1 calls=1021 margin 6.78->6.78 t=3.4s
[DONE] evaluation__5413__deblur__confidence_boost__nes__l1 calls=1021 margin 6.78->14.67 t=3.4s
[DONE] evaluation__7518__denoise__attack__nes__l0.5 calls=1021 margin 4.91->-9.50 t=3.4s
[DONE] evaluation__7518__denoise__restore__nes__l0.5 calls=1021 margin 4.91->4.91 t=3.3s
[DONE] evaluation__7518__denoise__confidence_boost__nes__l0.5 calls=1021 margin 4.91->11.22 t=3.3s
[DONE] evaluation__7518__deblur__attack__nes__l1 calls=1021 margin 8.29->-11.41 t=3.4s
[DONE] evaluation__7518__deblur__restore__nes__l1 calls=1021 margin 8.29->8.29 t=3.1s
[DONE] evaluation__7518__deblur__confidence_boost__nes__l1 calls=1021 margin 8.29->14.10 t=3.1s
[DONE] evaluation__3671__denoise__attack__nes__l0.5 calls=1021 margin 5.82->-10.93 t=3.0s
[DONE] evaluation__3671__denoise__restore__nes__l0.5 calls=1021 margin 5.82->5.82 t=3.0s
[DONE] evaluation__3671__denoise__confidence_boost__nes__l0.5 calls=1021 margin 5.82->12.80 t=3.1s
[DONE] evaluation__3671__deblur__attack__nes__l1 calls=1021 margin 5.36->-13.81 t=3.1s
[DONE] evaluation__3671__deblur__restore__nes__l1 calls=1021 margin 5.36->5.36 t=3.1s
[DONE] evaluation__3671__deblur__confidence_boost__nes__l1 calls=1021 margin 5.36->15.45 t=3.3s
[DONE] evaluation__4600__denoise__attack__nes__l0.5 calls=1021 margin 2.86->-6.66 t=3.2s
[DONE] evaluation__4600__denoise__restore__nes__l0.5 calls=1021 margin 2.86->2.61 t=3.2s
[DONE] evaluation__4600__denoise__confidence_boost__nes__l0.5 calls=1021 margin 2.86->11.84 t=3.3s
[DONE] evaluation__4600__deblur__attack__nes__l1 calls=1021 margin 10.21->-9.43 t=3.3s
[DONE] evaluation__4600__deblur__restore__nes__l1 calls=1021 margin 10.21->10.21 t=3.5s
[DONE] evaluation__4600__deblur__confidence_boost__nes__l1 calls=1021 margin 10.21->15.42 t=3.6s
[DONE] evaluation__1290__denoise__attack__nes__l0.5 calls=1021 margin 5.44->-9.68 t=3.0s
[DONE] evaluation__1290__denoise__restore__nes__l0.5 calls=1021 margin 5.44->4.93 t=3.3s
[DONE] evaluation__1290__denoise__confidence_boost__nes__l0.5 calls=1021 margin 5.44->11.24 t=3.4s
[DONE] evaluation__1290__deblur__attack__nes__l1 calls=1021 margin 4.37->-7.31 t=3.3s
[DONE] evaluation__1290__deblur__restore__nes__l1 calls=1021 margin 4.37->4.37 t=3.4s
[DONE] evaluation__1290__deblur__confidence_boost__nes__l1 calls=1021 margin 4.37->12.65 t=3.6s
[DONE] evaluation__4860__denoise__attack__nes__l0.5 calls=1021 margin 5.77->-9.25 t=3.1s
[DONE] evaluation__4860__denoise__restore__nes__l0.5 calls=1021 margin 5.77->5.77 t=3.1s
[DONE] evaluation__4860__denoise__confidence_boost__nes__l0.5 calls=1021 margin 5.77->11.70 t=3.4s
[DONE] evaluation__4860__deblur__attack__nes__l1 calls=1021 margin 7.80->7.80 t=3.2s
[DONE] evaluation__4860__deblur__restore__nes__l1 calls=1021 margin 7.80->7.80 t=2.9s
[DONE] evaluation__4860__deblur__confidence_boost__nes__l1 calls=1021 margin 7.80->15.16 t=3.2s
[DONE] evaluation__9261__denoise__attack__nes__l0.5 calls=1021 margin 2.48->-9.80 t=3.2s
[DONE] evaluation__9261__denoise__restore__nes__l0.5 calls=1021 margin 2.48->2.48 t=3.6s
[DONE] evaluation__9261__denoise__confidence_boost__nes__l0.5 calls=1021 margin 2.48->11.50 t=3.2s
[DONE] evaluation__9261__deblur__attack__nes__l1 calls=1021 margin 8.69->-1.31 t=3.6s
[DONE] evaluation__9261__deblur__restore__nes__l1 calls=1021 margin 8.69->8.69 t=3.5s
[DONE] evaluation__9261__deblur__confidence_boost__nes__l1 calls=1021 margin 8.69->15.65 t=3.3s
[DONE] evaluation__2105__denoise__attack__nes__l0.5 calls=1021 margin 10.33->-0.82 t=3.1s
[DONE] evaluation__2105__denoise__restore__nes__l0.5 calls=1021 margin 10.33->10.33 t=3.2s
[DONE] evaluation__2105__denoise__confidence_boost__nes__l0.5 calls=1021 margin 10.33->15.13 t=3.1s
[DONE] evaluation__2105__deblur__attack__nes__l1 calls=1021 margin 6.94->-11.01 t=3.4s
[DONE] evaluation__2105__deblur__restore__nes__l1 calls=1021 margin 6.94->6.94 t=3.1s
[DONE] evaluation__2105__deblur__confidence_boost__nes__l1 calls=1021 margin 6.94->16.13 t=3.4s
[DONE] evaluation__6192__denoise__attack__nes__l0.5 calls=1021 margin 10.93->-0.32 t=2.9s
[DONE] evaluation__6192__denoise__restore__nes__l0.5 calls=1021 margin 10.93->10.93 t=2.7s
[DONE] evaluation__6192__denoise__confidence_boost__nes__l0.5 calls=1021 margin 10.93->14.55 t=2.8s
[DONE] evaluation__6192__deblur__attack__nes__l1 calls=1021 margin 11.11->-5.39 t=3.0s
[DONE] evaluation__6192__deblur__restore__nes__l1 calls=1021 margin 11.11->11.11 t=3.3s
[DONE] evaluation__6192__deblur__confidence_boost__nes__l1 calls=1021 margin 11.11->15.82 t=3.2s
[DONE] evaluation__56__denoise__attack__nes__l0.5 calls=1021 margin 1.73->-8.58 t=3.0s
[DONE] evaluation__56__denoise__restore__nes__l0.5 calls=1021 margin 1.73->1.23 t=3.2s
[DONE] evaluation__56__denoise__confidence_boost__nes__l0.5 calls=1021 margin 1.73->12.26 t=3.2s
[DONE] evaluation__56__deblur__attack__nes__l1 calls=1021 margin 4.61->-14.08 t=3.0s
[DONE] evaluation__56__deblur__restore__nes__l1 calls=1021 margin 4.61->4.61 t=2.8s
[DONE] evaluation__56__deblur__confidence_boost__nes__l1 calls=1021 margin 4.61->13.93 t=2.9s
[DONE] evaluation__4186__denoise__attack__nes__l0.5 calls=1021 margin 6.91->-10.21 t=3.3s
[DONE] evaluation__4186__denoise__restore__nes__l0.5 calls=1021 margin 6.91->7.48 t=3.5s
[DONE] evaluation__4186__denoise__confidence_boost__nes__l0.5 calls=1021 margin 6.91->14.80 t=3.5s
[DONE] evaluation__4186__deblur__attack__nes__l1 calls=1021 margin 11.74->-3.93 t=3.4s
[DONE] evaluation__4186__deblur__restore__nes__l1 calls=1021 margin 11.74->11.74 t=3.8s
[DONE] evaluation__4186__deblur__confidence_boost__nes__l1 calls=1021 margin 11.74->15.84 t=3.6s
[DONE] evaluation__7762__denoise__attack__nes__l0.5 calls=1021 margin 5.60->-10.28 t=3.0s
[DONE] evaluation__7762__denoise__restore__nes__l0.5 calls=1021 margin 5.60->5.60 t=3.1s
[DONE] evaluation__7762__denoise__confidence_boost__nes__l0.5 calls=1021 margin 5.60->12.72 t=2.9s
[DONE] evaluation__7762__deblur__attack__nes__l1 calls=1021 margin 9.70->-13.09 t=3.4s
[DONE] evaluation__7762__deblur__restore__nes__l1 calls=1021 margin 9.70->9.70 t=2.8s
[DONE] evaluation__7762__deblur__confidence_boost__nes__l1 calls=1021 margin 9.70->14.76 t=3.0s
[DONE] evaluation__1866__denoise__attack__nes__l0.5 calls=1021 margin 4.90->-6.06 t=3.3s
[DONE] evaluation__1866__denoise__restore__nes__l0.5 calls=1021 margin 4.90->4.90 t=2.9s
[DONE] evaluation__1866__denoise__confidence_boost__nes__l0.5 calls=1021 margin 4.90->12.15 t=3.0s
[DONE] evaluation__1866__deblur__attack__nes__l1 calls=1021 margin 12.12->0.36 t=3.1s
[DONE] evaluation__1866__deblur__restore__nes__l1 calls=1021 margin 12.12->12.12 t=3.4s
[DONE] evaluation__1866__deblur__confidence_boost__nes__l1 calls=1021 margin 12.12->15.69 t=2.9s
[DONE] evaluation__4254__denoise__attack__nes__l0.5 calls=1021 margin 8.10->-5.20 t=3.4s
[DONE] evaluation__4254__denoise__restore__nes__l0.5 calls=1021 margin 8.10->8.10 t=3.2s
[DONE] evaluation__4254__denoise__confidence_boost__nes__l0.5 calls=1021 margin 8.10->13.64 t=3.1s
[DONE] evaluation__4254__deblur__attack__nes__l1 calls=1021 margin 8.65->-7.31 t=3.2s
[DONE] evaluation__4254__deblur__restore__nes__l1 calls=1021 margin 8.65->8.65 t=3.4s
[DONE] evaluation__4254__deblur__confidence_boost__nes__l1 calls=1021 margin 8.65->15.61 t=3.2s
[DONE] evaluation__425__denoise__attack__nes__l0.5 calls=1021 margin 1.86->-10.61 t=3.2s
[DONE] evaluation__425__denoise__restore__nes__l0.5 calls=1021 margin 1.86->1.82 t=3.3s
[DONE] evaluation__425__denoise__confidence_boost__nes__l0.5 calls=1021 margin 1.86->9.98 t=3.1s
[DONE] evaluation__425__deblur__attack__nes__l1 calls=1021 margin 8.65->-7.91 t=3.2s
[DONE] evaluation__425__deblur__restore__nes__l1 calls=1021 margin 8.65->8.65 t=3.4s
[DONE] evaluation__425__deblur__confidence_boost__nes__l1 calls=1021 margin 8.65->12.95 t=3.2s
[DONE] evaluation__5966__denoise__attack__nes__l0.5 calls=1021 margin 7.89->-5.47 t=3.2s
[DONE] evaluation__5966__denoise__restore__nes__l0.5 calls=1021 margin 7.89->7.89 t=3.1s
[DONE] evaluation__5966__denoise__confidence_boost__nes__l0.5 calls=1021 margin 7.89->13.38 t=3.6s
[DONE] evaluation__5966__deblur__attack__nes__l1 calls=1021 margin 12.61->-4.22 t=3.0s
[DONE] evaluation__5966__deblur__restore__nes__l1 calls=1021 margin 12.61->12.61 t=3.2s
[DONE] evaluation__5966__deblur__confidence_boost__nes__l1 calls=1021 margin 12.61->14.82 t=3.0s
[DONE] evaluation__8995__denoise__attack__nes__l0.5 calls=1021 margin 4.84->-5.25 t=3.0s
[DONE] evaluation__8995__denoise__restore__nes__l0.5 calls=1021 margin 4.84->4.84 t=3.2s
[DONE] evaluation__8995__denoise__confidence_boost__nes__l0.5 calls=1021 margin 4.84->10.74 t=3.0s
[DONE] evaluation__8995__deblur__attack__nes__l1 calls=1021 margin 7.33->-10.11 t=3.2s
[DONE] evaluation__8995__deblur__restore__nes__l1 calls=1021 margin 7.33->7.33 t=3.0s
[DONE] evaluation__8995__deblur__confidence_boost__nes__l1 calls=1021 margin 7.33->13.11 t=3.0s
[DONE] fit__4123__denoise__attack__nes__l0.5 calls=1021 margin 3.92->-5.87 t=3.2s
[DONE] fit__4123__denoise__restore__nes__l0.5 calls=1021 margin 3.92->4.20 t=3.3s
[DONE] fit__4123__denoise__confidence_boost__nes__l0.5 calls=1021 margin 3.92->9.52 t=3.1s
[DONE] fit__4123__deblur__attack__nes__l1 calls=1021 margin 6.86->-4.37 t=3.6s
[DONE] fit__4123__deblur__restore__nes__l1 calls=1021 margin 6.86->6.86 t=3.2s
[DONE] fit__4123__deblur__confidence_boost__nes__l1 calls=1021 margin 6.86->12.93 t=3.2s
[DONE] fit__3407__denoise__attack__nes__l0.5 calls=1021 margin 4.85->-3.31 t=3.0s
[DONE] fit__3407__denoise__restore__nes__l0.5 calls=1021 margin 4.85->4.85 t=3.0s
[DONE] fit__3407__denoise__confidence_boost__nes__l0.5 calls=1021 margin 4.85->9.76 t=2.7s
[DONE] fit__3407__deblur__attack__nes__l1 calls=1021 margin 7.73->-4.02 t=3.8s
[DONE] fit__3407__deblur__restore__nes__l1 calls=1021 margin 7.73->7.73 t=3.2s
[DONE] fit__3407__deblur__confidence_boost__nes__l1 calls=1021 margin 7.73->12.96 t=3.2s
[DONE] fit__623__denoise__attack__nes__l0.5 calls=1021 margin 3.68->-4.66 t=3.2s
[DONE] fit__623__denoise__restore__nes__l0.5 calls=1021 margin 3.68->3.68 t=3.2s
[DONE] fit__623__denoise__confidence_boost__nes__l0.5 calls=1021 margin 3.68->11.13 t=3.6s
[DONE] fit__623__deblur__attack__nes__l1 calls=1021 margin 6.68->-4.20 t=3.4s
[DONE] fit__623__deblur__restore__nes__l1 calls=1021 margin 6.68->6.68 t=3.7s
[DONE] fit__623__deblur__confidence_boost__nes__l1 calls=1021 margin 6.68->14.00 t=3.4s
[DONE] fit__9171__denoise__attack__nes__l0.5 calls=1021 margin 9.24->-8.62 t=3.0s
[DONE] fit__9171__denoise__restore__nes__l0.5 calls=1021 margin 9.24->9.24 t=3.1s
[DONE] fit__9171__denoise__confidence_boost__nes__l0.5 calls=1021 margin 9.24->14.60 t=3.4s
[DONE] fit__9171__deblur__attack__nes__l1 calls=1021 margin 13.29->-8.55 t=3.3s
[DONE] fit__9171__deblur__restore__nes__l1 calls=1021 margin 13.29->13.29 t=3.4s
[DONE] fit__9171__deblur__confidence_boost__nes__l1 calls=1021 margin 13.29->13.29 t=3.1s
[DONE] fit__6196__denoise__attack__nes__l0.5 calls=1021 margin 4.17->-10.98 t=3.2s
[DONE] fit__6196__denoise__restore__nes__l0.5 calls=1021 margin 4.17->4.17 t=3.0s
[DONE] fit__6196__denoise__confidence_boost__nes__l0.5 calls=1021 margin 4.17->13.12 t=3.1s
[DONE] fit__6196__deblur__attack__nes__l1 calls=1021 margin 7.42->-7.29 t=3.1s
[DONE] fit__6196__deblur__restore__nes__l1 calls=1021 margin 7.42->7.42 t=3.1s
[DONE] fit__6196__deblur__confidence_boost__nes__l1 calls=1021 margin 7.42->15.16 t=3.3s
[DONE] fit__1928__denoise__attack__nes__l0.5 calls=1021 margin 8.56->-7.40 t=4.0s
[DONE] fit__1928__denoise__restore__nes__l0.5 calls=1021 margin 8.56->8.56 t=4.2s
[DONE] fit__1928__denoise__confidence_boost__nes__l0.5 calls=1021 margin 8.56->14.22 t=4.1s
[DONE] fit__1928__deblur__attack__nes__l1 calls=1021 margin 5.02->-11.88 t=4.1s
[DONE] fit__1928__deblur__restore__nes__l1 calls=1021 margin 5.02->5.02 t=3.8s
[DONE] fit__1928__deblur__confidence_boost__nes__l1 calls=1021 margin 5.02->15.65 t=3.1s
[DONE] fit__4259__denoise__attack__nes__l0.5 calls=1021 margin 0.74->-12.37 t=3.3s
[DONE] fit__4259__denoise__restore__nes__l0.5 calls=1021 margin 0.74->0.74 t=3.0s
[DONE] fit__4259__denoise__confidence_boost__nes__l0.5 calls=1021 margin 0.74->11.42 t=2.9s
[DONE] fit__4259__deblur__attack__nes__l1 calls=1021 margin 6.92->-11.61 t=3.0s
[DONE] fit__4259__deblur__restore__nes__l1 calls=1021 margin 6.92->6.92 t=3.1s
[DONE] fit__4259__deblur__confidence_boost__nes__l1 calls=1021 margin 6.92->14.10 t=3.3s
[DONE] fit__1211__denoise__attack__nes__l0.5 calls=1021 margin 8.98->-6.09 t=3.3s
[DONE] fit__1211__denoise__restore__nes__l0.5 calls=1021 margin 8.98->8.98 t=3.5s
[DONE] fit__1211__denoise__confidence_boost__nes__l0.5 calls=1021 margin 8.98->14.92 t=3.3s
[DONE] fit__1211__deblur__attack__nes__l1 calls=1021 margin 7.52->-12.96 t=3.1s
[DONE] fit__1211__deblur__restore__nes__l1 calls=1021 margin 7.52->7.52 t=3.2s
[DONE] fit__1211__deblur__confidence_boost__nes__l1 calls=1021 margin 7.52->15.89 t=3.3s
[DONE] fit__9721__denoise__attack__nes__l0.5 calls=1021 margin 8.35->-8.21 t=3.3s
[DONE] fit__9721__denoise__restore__nes__l0.5 calls=1021 margin 8.35->8.35 t=3.3s
[DONE] fit__9721__denoise__confidence_boost__nes__l0.5 calls=1021 margin 8.35->15.49 t=3.3s
[DONE] fit__9721__deblur__attack__nes__l1 calls=1021 margin 5.25->-10.32 t=3.2s
[DONE] fit__9721__deblur__restore__nes__l1 calls=1021 margin 5.25->5.25 t=3.3s
[DONE] fit__9721__deblur__confidence_boost__nes__l1 calls=1021 margin 5.25->16.29 t=2.9s
[DONE] fit__5929__denoise__attack__nes__l0.5 calls=1021 margin 3.09->-8.07 t=2.7s
[DONE] fit__5929__denoise__restore__nes__l0.5 calls=1021 margin 3.09->3.09 t=2.8s
[DONE] fit__5929__denoise__confidence_boost__nes__l0.5 calls=1021 margin 3.09->11.67 t=2.8s
[DONE] fit__5929__deblur__attack__nes__l1 calls=1021 margin 4.45->-6.77 t=3.0s
[DONE] fit__5929__deblur__restore__nes__l1 calls=1021 margin 4.45->4.45 t=2.8s
[DONE] fit__5929__deblur__confidence_boost__nes__l1 calls=1021 margin 4.45->13.08 t=3.1s
[DONE] fit__2962__denoise__attack__nes__l0.5 calls=1021 margin 1.02->-8.91 t=3.0s
[DONE] fit__2962__denoise__restore__nes__l0.5 calls=1021 margin 1.02->1.02 t=3.3s
[DONE] fit__2962__denoise__confidence_boost__nes__l0.5 calls=1021 margin 1.02->8.97 t=3.0s
[DONE] fit__2962__deblur__attack__nes__l1 calls=1021 margin 3.56->-12.48 t=3.0s
[DONE] fit__2962__deblur__restore__nes__l1 calls=1021 margin 3.56->3.56 t=2.8s
[DONE] fit__2962__deblur__confidence_boost__nes__l1 calls=1021 margin 3.56->10.28 t=2.9s
[DONE] fit__2467__denoise__attack__nes__l0.5 calls=1021 margin 2.99->-9.04 t=2.7s
[DONE] fit__2467__denoise__restore__nes__l0.5 calls=1021 margin 2.99->2.99 t=2.8s
[DONE] fit__2467__denoise__confidence_boost__nes__l0.5 calls=1021 margin 2.99->10.37 t=3.0s
[DONE] fit__2467__deblur__attack__nes__l1 calls=1021 margin 10.79->-7.20 t=3.0s
[DONE] fit__2467__deblur__restore__nes__l1 calls=1021 margin 10.79->10.79 t=2.8s
[DONE] fit__2467__deblur__confidence_boost__nes__l1 calls=1021 margin 10.79->13.43 t=2.8s
